=== Workspace Indexing Started ===

[PegaHttpClient] 📡 POST https://zdk8budo.pegaacademy.net/prweb/api/CodeIntelligence/v1/rules/listRules?ObjClass=Rule-HTML-Harness&FilterPropName=pyStreamName&FilterPropValue=RuleForm&PageSize=200&PageIndex=1&RequestClass=Rule-HTML-Harness => HTTP 200 (62054 bytes)
[SchemaGen] Crawled 110 harness summaries in 1 pages.
[PegaHttpClient] 📡 GET https://zdk8budo.pegaacademy.net/prweb/api/CodeIntelligence/v1/rules/RULE-HTML-HARNESS%20RULE-SERVICE-MCP%20RULEFORM%20%2320260422T195657.500%20GMT => HTTP 200 (27164 bytes)
[PegaHttpClient] 📡 POST https://zdk8budo.pegaacademy.net/prweb/api/CodeIntelligence/v1/rules/query?pxObjClass=Rule-HTML-Section&appliesTo=Rule-Service-MCP&pyRuleName=RuleFormMain&RequestClass=Rule-HTML-Section&RequestAppliesTo=Rule-Service-MCP&RequestRuleName=RuleFormMain Payload: "{\"RequestClass\":\"Rule-HTML-Section\",\"RequestAppliesTo\":\"Rule-Service-MCP\",\"RequestRuleName\":\"RuleFormMain\"}" => HTTP 200 (156234 bytes)
[PegaHttpClient] 📡 POST https://zdk8budo.pegaacademy.net/prweb/api/CodeIntelligence/v1/rules/query?pxObjClass=Rule-HTML-Section&appliesTo=Rule-Service-MCP&pyRuleName=pxAlternateRuleForm&RequestClass=Rule-HTML-Section&RequestAppliesTo=Rule-Service-MCP&RequestRuleName=pxAlternateRuleForm Payload: "{\"RequestClass\":\"Rule-HTML-Section\",\"RequestAppliesTo\":\"Rule-Service-MCP\",\"RequestRuleName\":\"pxAlternateRuleForm\"}" => HTTP 200 (66153 bytes)
[PegaHttpClient] 📡 POST https://zdk8budo.pegaacademy.net/prweb/api/CodeIntelligence/v1/rules/query?pxObjClass=Rule-HTML-Section&appliesTo=Rule-Service-MCP&pyRuleName=pzRuleFormScripts&RequestClass=Rule-HTML-Section&RequestAppliesTo=Rule-Service-MCP&RequestRuleName=pzRuleFormScripts Payload: "{\"RequestClass\":\"Rule-HTML-Section\",\"RequestAppliesTo\":\"Rule-Service-MCP\",\"RequestRuleName\":\"pzRuleFormScripts\"}" => HTTP 200 (40822 bytes)
[PegaHttpClient] 📡 POST https://zdk8budo.pegaacademy.net/prweb/api/CodeIntelligence/v1/rules/query?pxObjClass=Rule-HTML-Section&appliesTo=Rule-Service-MCP&pyRuleName=pzRuleFormLayoutDelegated&RequestClass=Rule-HTML-Section&RequestAppliesTo=Rule-Service-MCP&RequestRuleName=pzRuleFormLayoutDelegated Payload: "{\"RequestClass\":\"Rule-HTML-Section\",\"RequestAppliesTo\":\"Rule-Service-MCP\",\"RequestRuleName\":\"pzRuleFormLayoutDelegated\"}" => HTTP 200 (70998 bytes)
[PegaHttpClient] 📡 POST https://zdk8budo.pegaacademy.net/prweb/api/CodeIntelligence/v1/rules/query?pxObjClass=Rule-HTML-Section&appliesTo=Rule-Service-MCP&pyRuleName=RuleFormLayout&RequestClass=Rule-HTML-Section&RequestAppliesTo=Rule-Service-MCP&RequestRuleName=RuleFormLayout Payload: "{\"RequestClass\":\"Rule-HTML-Section\",\"RequestAppliesTo\":\"Rule-Service-MCP\",\"RequestRuleName\":\"RuleFormLayout\"}" => HTTP 200 (176681 bytes)
[PegaHttpClient] 📡 POST https://zdk8budo.pegaacademy.net/prweb/api/CodeIntelligence/v1/rules/query?pxObjClass=Rule-HTML-Section&appliesTo=Rule-Service-MCP&pyRuleName=RuleFormSettings&RequestClass=Rule-HTML-Section&RequestAppliesTo=Rule-Service-MCP&RequestRuleName=RuleFormSettings Payload: "{\"RequestClass\":\"Rule-HTML-Section\",\"RequestAppliesTo\":\"Rule-Service-MCP\",\"RequestRuleName\":\"RuleFormSettings\"}" => HTTP 200 (20540 bytes)
[PegaHttpClient] 📡 POST https://zdk8budo.pegaacademy.net/prweb/api/CodeIntelligence/v1/rules/query?pxObjClass=Rule-HTML-Section&appliesTo=Rule-Service-MCP&pyRuleName=OpenAuthoring&RequestClass=Rule-HTML-Section&RequestAppliesTo=Rule-Service-MCP&RequestRuleName=OpenAuthoring Payload: "{\"RequestClass\":\"Rule-HTML-Section\",\"RequestAppliesTo\":\"Rule-Service-MCP\",\"RequestRuleName\":\"OpenAuthoring\"}" => HTTP 200 (23695 bytes)
[PegaHttpClient] 📡 POST https://zdk8budo.pegaacademy.net/prweb/api/CodeIntelligence/v1/rules/query?pxObjClass=Rule-HTML-Section&appliesTo=Rule-Service-MCP&pyRuleName=pyCustomHelp&RequestClass=Rule-HTML-Section&RequestAppliesTo=Rule-Service-MCP&RequestRuleName=pyCustomHelp Payload: "{\"RequestClass\":\"Rule-HTML-Section\",\"RequestAppliesTo\":\"Rule-Service-MCP\",\"RequestRuleName\":\"pyCustomHelp\"}" => HTTP 200 (17256 bytes)
[PegaHttpClient] 📡 POST https://zdk8budo.pegaacademy.net/prweb/api/CodeIntelligence/v1/rules/query?pxObjClass=Rule-HTML-Section&appliesTo=Rule-Service-MCP&pyRuleName=pzRuleformMainInclude&RequestClass=Rule-HTML-Section&RequestAppliesTo=Rule-Service-MCP&RequestRuleName=pzRuleformMainInclude Payload: "{\"RequestClass\":\"Rule-HTML-Section\",\"RequestAppliesTo\":\"Rule-Service-MCP\",\"RequestRuleName\":\"pzRuleformMainInclude\"}" => HTTP 200 (22375 bytes)
[PegaHttpClient] 📡 POST https://zdk8budo.pegaacademy.net/prweb/api/CodeIntelligence/v1/rules/query?pxObjClass=Rule-HTML-Section&appliesTo=Rule-Service-MCP&pyRuleName=pyAlternativeRuleFormStrategicAppExtension&RequestClass=Rule-HTML-Section&RequestAppliesTo=Rule-Service-MCP&RequestRuleName=pyAlternativeRuleFormStrategicAppExtension Payload: "{\"RequestClass\":\"Rule-HTML-Section\",\"RequestAppliesTo\":\"Rule-Service-MCP\",\"RequestRuleName\":\"pyAlternativeRuleFormStrategicAppExtension\"}" => HTTP 200 (25042 bytes)
[PegaHttpClient] 📡 POST https://zdk8budo.pegaacademy.net/prweb/api/CodeIntelligence/v1/rules/query?pxObjClass=Rule-HTML-Section&appliesTo=Rule-Service-MCP&pyRuleName=pyAlternativeRuleFormExtension&RequestClass=Rule-HTML-Section&RequestAppliesTo=Rule-Service-MCP&RequestRuleName=pyAlternativeRuleFormExtension Payload: "{\"RequestClass\":\"Rule-HTML-Section\",\"RequestAppliesTo\":\"Rule-Service-MCP\",\"RequestRuleName\":\"pyAlternativeRuleFormExtension\"}" => HTTP 200 (24863 bytes)
[PegaHttpClient] 📡 POST https://zdk8budo.pegaacademy.net/prweb/api/CodeIntelligence/v1/rules/query?pxObjClass=Rule-HTML-Section&appliesTo=Rule-Service-MCP&pyRuleName=RuleFormHeader&RequestClass=Rule-HTML-Section&RequestAppliesTo=Rule-Service-MCP&RequestRuleName=RuleFormHeader Payload: "{\"RequestClass\":\"Rule-HTML-Section\",\"RequestAppliesTo\":\"Rule-Service-MCP\",\"RequestRuleName\":\"RuleFormHeader\"}" => HTTP 200 (183800 bytes)
[PegaHttpClient] 📡 POST https://zdk8budo.pegaacademy.net/prweb/api/CodeIntelligence/v1/rules/query?pxObjClass=Rule-HTML-Section&appliesTo=Rule-Service-MCP&pyRuleName=pzDelegationExperience&RequestClass=Rule-HTML-Section&RequestAppliesTo=Rule-Service-MCP&RequestRuleName=pzDelegationExperience Payload: "{\"RequestClass\":\"Rule-HTML-Section\",\"RequestAppliesTo\":\"Rule-Service-MCP\",\"RequestRuleName\":\"pzDelegationExperience\"}" => HTTP 404 (116 bytes)
[PegaHttpClient] 📡 POST https://zdk8budo.pegaacademy.net/prweb/PRRestService/CodeIntelligence/v1/rules/query?pxObjClass=Rule-HTML-Section&appliesTo=Rule-Service-MCP&pyRuleName=pzDelegationExperience&RequestClass=Rule-HTML-Section&RequestAppliesTo=Rule-Service-MCP&RequestRuleName=pzDelegationExperience Payload: "{\"RequestClass\":\"Rule-HTML-Section\",\"RequestAppliesTo\":\"Rule-Service-MCP\",\"RequestRuleName\":\"pzDelegationExperience\"}" => HTTP 404 (116 bytes)
[PegaHttpClient] 📡 POST https://zdk8budo.pegaacademy.net/prweb/api/HRAppsV2Service/V1/rules/query?pxObjClass=Rule-HTML-Section&appliesTo=Rule-Service-MCP&pyRuleName=pzDelegationExperience&RequestClass=Rule-HTML-Section&RequestAppliesTo=Rule-Service-MCP&RequestRuleName=pzDelegationExperience Payload: "{\"RequestClass\":\"Rule-HTML-Section\",\"RequestAppliesTo\":\"Rule-Service-MCP\",\"RequestRuleName\":\"pzDelegationExperience\"}" => HTTP 404 (18 bytes)
[PegaHttpClient] 📡 POST https://zdk8budo.pegaacademy.net/prweb/PRRestService/HRAppsV2Service/V1/rules/query?pxObjClass=Rule-HTML-Section&appliesTo=Rule-Service-MCP&pyRuleName=pzDelegationExperience&RequestClass=Rule-HTML-Section&RequestAppliesTo=Rule-Service-MCP&RequestRuleName=pzDelegationExperience Payload: "{\"RequestClass\":\"Rule-HTML-Section\",\"RequestAppliesTo\":\"Rule-Service-MCP\",\"RequestRuleName\":\"pzDelegationExperience\"}" => HTTP 404 (18 bytes)
[PegaHttpClient] 📡 POST https://zdk8budo.pegaacademy.net/prweb/api/HRAppsV2/V1/rules/query?pxObjClass=Rule-HTML-Section&appliesTo=Rule-Service-MCP&pyRuleName=pzDelegationExperience&RequestClass=Rule-HTML-Section&RequestAppliesTo=Rule-Service-MCP&RequestRuleName=pzDelegationExperience Payload: "{\"RequestClass\":\"Rule-HTML-Section\",\"RequestAppliesTo\":\"Rule-Service-MCP\",\"RequestRuleName\":\"pzDelegationExperience\"}" => HTTP 404 (18 bytes)
[PegaHttpClient] 📡 POST https://zdk8budo.pegaacademy.net/prweb/PRRestService/HRAppsV2/V1/rules/query?pxObjClass=Rule-HTML-Section&appliesTo=Rule-Service-MCP&pyRuleName=pzDelegationExperience&RequestClass=Rule-HTML-Section&RequestAppliesTo=Rule-Service-MCP&RequestRuleName=pzDelegationExperience Payload: "{\"RequestClass\":\"Rule-HTML-Section\",\"RequestAppliesTo\":\"Rule-Service-MCP\",\"RequestRuleName\":\"pzDelegationExperience\"}" => HTTP 404 (18 bytes)
[PegaHttpClient] 📡 POST https://zdk8budo.pegaacademy.net/prweb/api/v1/rules/query?pxObjClass=Rule-HTML-Section&appliesTo=Rule-Service-MCP&pyRuleName=pzDelegationExperience&RequestClass=Rule-HTML-Section&RequestAppliesTo=Rule-Service-MCP&RequestRuleName=pzDelegationExperience Payload: "{\"RequestClass\":\"Rule-HTML-Section\",\"RequestAppliesTo\":\"Rule-Service-MCP\",\"RequestRuleName\":\"pzDelegationExperience\"}" => HTTP 404 (18 bytes)
[PegaHttpClient] 📡 POST https://zdk8budo.pegaacademy.net/prweb/PRRestService/v1/rules/query?pxObjClass=Rule-HTML-Section&appliesTo=Rule-Service-MCP&pyRuleName=pzDelegationExperience&RequestClass=Rule-HTML-Section&RequestAppliesTo=Rule-Service-MCP&RequestRuleName=pzDelegationExperience Payload: "{\"RequestClass\":\"Rule-HTML-Section\",\"RequestAppliesTo\":\"Rule-Service-MCP\",\"RequestRuleName\":\"pzDelegationExperience\"}" => HTTP 404 (18 bytes)
[PegaHttpClient] 📡 POST https://zdk8budo.pegaacademy.net/prweb/api/CodeIntelligence/v1/rules/query?pxObjClass=Rule-HTML-Section&appliesTo=Rule-Service-MCP&pyRuleName=pzDefinition&RequestClass=Rule-HTML-Section&RequestAppliesTo=Rule-Service-MCP&RequestRuleName=pzDefinition Payload: "{\"RequestClass\":\"Rule-HTML-Section\",\"RequestAppliesTo\":\"Rule-Service-MCP\",\"RequestRuleName\":\"pzDefinition\"}" => HTTP 200 (202964 bytes)
[PegaHttpClient] 📡 POST https://zdk8budo.pegaacademy.net/prweb/api/CodeIntelligence/v1/rules/query?pxObjClass=Rule-HTML-Section&appliesTo=Rule-Service-MCP&pyRuleName=pzCaseTypes&RequestClass=Rule-HTML-Section&RequestAppliesTo=Rule-Service-MCP&RequestRuleName=pzCaseTypes Payload: "{\"RequestClass\":\"Rule-HTML-Section\",\"RequestAppliesTo\":\"Rule-Service-MCP\",\"RequestRuleName\":\"pzCaseTypes\"}" => HTTP 200 (70596 bytes)
[PegaHttpClient] 📡 POST https://zdk8budo.pegaacademy.net/prweb/api/CodeIntelligence/v1/rules/query?pxObjClass=Rule-HTML-Section&appliesTo=Rule-Service-MCP&pyRuleName=pzMCPTools&RequestClass=Rule-HTML-Section&RequestAppliesTo=Rule-Service-MCP&RequestRuleName=pzMCPTools Payload: "{\"RequestClass\":\"Rule-HTML-Section\",\"RequestAppliesTo\":\"Rule-Service-MCP\",\"RequestRuleName\":\"pzMCPTools\"}" => HTTP 200 (95344 bytes)
[PegaHttpClient] 📡 POST https://zdk8budo.pegaacademy.net/prweb/api/CodeIntelligence/v1/rules/query?pxObjClass=Rule-HTML-Section&appliesTo=Rule-Service-MCP&pyRuleName=RuleFormHistory&RequestClass=Rule-HTML-Section&RequestAppliesTo=Rule-Service-MCP&RequestRuleName=RuleFormHistory Payload: "{\"RequestClass\":\"Rule-HTML-Section\",\"RequestAppliesTo\":\"Rule-Service-MCP\",\"RequestRuleName\":\"RuleFormHistory\"}" => HTTP 200 (76091 bytes)
[PegaHttpClient] 📡 POST https://zdk8budo.pegaacademy.net/prweb/api/CodeIntelligence/v1/rules/query?pxObjClass=Rule-HTML-Section&appliesTo=Rule-Service-MCP&pyRuleName=pzCustomHelp&RequestClass=Rule-HTML-Section&RequestAppliesTo=Rule-Service-MCP&RequestRuleName=pzCustomHelp Payload: "{\"RequestClass\":\"Rule-HTML-Section\",\"RequestAppliesTo\":\"Rule-Service-MCP\",\"RequestRuleName\":\"pzCustomHelp\"}" => HTTP 200 (31573 bytes)
[PegaHttpClient] 📡 POST https://zdk8budo.pegaacademy.net/prweb/api/CodeIntelligence/v1/rules/query?pxObjClass=Rule-HTML-Section&appliesTo=Rule-Service-MCP&pyRuleName=pzRuleFormKeysAndDescription&RequestClass=Rule-HTML-Section&RequestAppliesTo=Rule-Service-MCP&RequestRuleName=pzRuleFormKeysAndDescription Payload: "{\"RequestClass\":\"Rule-HTML-Section\",\"RequestAppliesTo\":\"Rule-Service-MCP\",\"RequestRuleName\":\"pzRuleFormKeysAndDescription\"}" => HTTP 200 (218057 bytes)
[PegaHttpClient] 📡 POST https://zdk8budo.pegaacademy.net/prweb/api/CodeIntelligence/v1/rules/query?pxObjClass=Rule-HTML-Section&appliesTo=Rule-Service-MCP&pyRuleName=pzRuleFormRuleset&RequestClass=Rule-HTML-Section&RequestAppliesTo=Rule-Service-MCP&RequestRuleName=pzRuleFormRuleset Payload: "{\"RequestClass\":\"Rule-HTML-Section\",\"RequestAppliesTo\":\"Rule-Service-MCP\",\"RequestRuleName\":\"pzRuleFormRuleset\"}" => HTTP 200 (33985 bytes)
[PegaHttpClient] 📡 POST https://zdk8budo.pegaacademy.net/prweb/api/CodeIntelligence/v1/rules/query?pxObjClass=Rule-HTML-Section&appliesTo=Rule-Service-MCP&pyRuleName=undefined&RequestClass=Rule-HTML-Section&RequestAppliesTo=Rule-Service-MCP&RequestRuleName=undefined Payload: "{\"RequestClass\":\"Rule-HTML-Section\",\"RequestAppliesTo\":\"Rule-Service-MCP\",\"RequestRuleName\":\"undefined\"}" => HTTP 404 (103 bytes)
[PegaHttpClient] 📡 POST https://zdk8budo.pegaacademy.net/prweb/PRRestService/CodeIntelligence/v1/rules/query?pxObjClass=Rule-HTML-Section&appliesTo=Rule-Service-MCP&pyRuleName=undefined&RequestClass=Rule-HTML-Section&RequestAppliesTo=Rule-Service-MCP&RequestRuleName=undefined Payload: "{\"RequestClass\":\"Rule-HTML-Section\",\"RequestAppliesTo\":\"Rule-Service-MCP\",\"RequestRuleName\":\"undefined\"}" => HTTP 404 (103 bytes)
[PegaHttpClient] 📡 POST https://zdk8budo.pegaacademy.net/prweb/api/HRAppsV2Service/V1/rules/query?pxObjClass=Rule-HTML-Section&appliesTo=Rule-Service-MCP&pyRuleName=undefined&RequestClass=Rule-HTML-Section&RequestAppliesTo=Rule-Service-MCP&RequestRuleName=undefined Payload: "{\"RequestClass\":\"Rule-HTML-Section\",\"RequestAppliesTo\":\"Rule-Service-MCP\",\"RequestRuleName\":\"undefined\"}" => HTTP 404 (18 bytes)
[PegaHttpClient] 📡 POST https://zdk8budo.pegaacademy.net/prweb/PRRestService/HRAppsV2Service/V1/rules/query?pxObjClass=Rule-HTML-Section&appliesTo=Rule-Service-MCP&pyRuleName=undefined&RequestClass=Rule-HTML-Section&RequestAppliesTo=Rule-Service-MCP&RequestRuleName=undefined Payload: "{\"RequestClass\":\"Rule-HTML-Section\",\"RequestAppliesTo\":\"Rule-Service-MCP\",\"RequestRuleName\":\"undefined\"}" => HTTP 404 (18 bytes)
[PegaHttpClient] 📡 POST https://zdk8budo.pegaacademy.net/prweb/api/HRAppsV2/V1/rules/query?pxObjClass=Rule-HTML-Section&appliesTo=Rule-Service-MCP&pyRuleName=undefined&RequestClass=Rule-HTML-Section&RequestAppliesTo=Rule-Service-MCP&RequestRuleName=undefined Payload: "{\"RequestClass\":\"Rule-HTML-Section\",\"RequestAppliesTo\":\"Rule-Service-MCP\",\"RequestRuleName\":\"undefined\"}" => HTTP 404 (18 bytes)
[PegaHttpClient] 📡 POST https://zdk8budo.pegaacademy.net/prweb/PRRestService/HRAppsV2/V1/rules/query?pxObjClass=Rule-HTML-Section&appliesTo=Rule-Service-MCP&pyRuleName=undefined&RequestClass=Rule-HTML-Section&RequestAppliesTo=Rule-Service-MCP&RequestRuleName=undefined Payload: "{\"RequestClass\":\"Rule-HTML-Section\",\"RequestAppliesTo\":\"Rule-Service-MCP\",\"RequestRuleName\":\"undefined\"}" => HTTP 404 (18 bytes)
[PegaHttpClient] 📡 POST https://zdk8budo.pegaacademy.net/prweb/api/v1/rules/query?pxObjClass=Rule-HTML-Section&appliesTo=Rule-Service-MCP&pyRuleName=undefined&RequestClass=Rule-HTML-Section&RequestAppliesTo=Rule-Service-MCP&RequestRuleName=undefined Payload: "{\"RequestClass\":\"Rule-HTML-Section\",\"RequestAppliesTo\":\"Rule-Service-MCP\",\"RequestRuleName\":\"undefined\"}" => HTTP 404 (18 bytes)
[PegaHttpClient] 📡 POST https://zdk8budo.pegaacademy.net/prweb/PRRestService/v1/rules/query?pxObjClass=Rule-HTML-Section&appliesTo=Rule-Service-MCP&pyRuleName=undefined&RequestClass=Rule-HTML-Section&RequestAppliesTo=Rule-Service-MCP&RequestRuleName=undefined Payload: "{\"RequestClass\":\"Rule-HTML-Section\",\"RequestAppliesTo\":\"Rule-Service-MCP\",\"RequestRuleName\":\"undefined\"}" => HTTP 404 (18 bytes)
[PegaHttpClient] 📡 POST https://zdk8budo.pegaacademy.net/prweb/api/CodeIntelligence/v1/rules/query?pxObjClass=Rule-HTML-Section&appliesTo=Rule-Service-MCP&pyRuleName=pzRuleFormToolbar&RequestClass=Rule-HTML-Section&RequestAppliesTo=Rule-Service-MCP&RequestRuleName=pzRuleFormToolbar Payload: "{\"RequestClass\":\"Rule-HTML-Section\",\"RequestAppliesTo\":\"Rule-Service-MCP\",\"RequestRuleName\":\"pzRuleFormToolbar\"}" => HTTP 200 (242691 bytes)
[PegaHttpClient] 📡 POST https://zdk8budo.pegaacademy.net/prweb/api/CodeIntelligence/v1/rules/query?pxObjClass=Rule-HTML-Section&appliesTo=Rule-Service-MCP&pyRuleName=pzRuleFormToolbarCompare&RequestClass=Rule-HTML-Section&RequestAppliesTo=Rule-Service-MCP&RequestRuleName=pzRuleFormToolbarCompare Payload: "{\"RequestClass\":\"Rule-HTML-Section\",\"RequestAppliesTo\":\"Rule-Service-MCP\",\"RequestRuleName\":\"pzRuleFormToolbarCompare\"}" => HTTP 200 (61925 bytes)
[PegaHttpClient] 📡 POST https://zdk8budo.pegaacademy.net/prweb/api/CodeIntelligence/v1/rules/query?pxObjClass=Rule-HTML-Section&appliesTo=Rule-Service-MCP&pyRuleName=RuleFormHeaderMessages&RequestClass=Rule-HTML-Section&RequestAppliesTo=Rule-Service-MCP&RequestRuleName=RuleFormHeaderMessages Payload: "{\"RequestClass\":\"Rule-HTML-Section\",\"RequestAppliesTo\":\"Rule-Service-MCP\",\"RequestRuleName\":\"RuleFormHeaderMessages\"}" => HTTP 200 (26518 bytes)
[PegaHttpClient] 📡 POST https://zdk8budo.pegaacademy.net/prweb/api/CodeIntelligence/v1/rules/query?pxObjClass=Rule-HTML-Section&appliesTo=Rule-Service-MCP&pyRuleName=pyExpressLPContentTemplate&RequestClass=Rule-HTML-Section&RequestAppliesTo=Rule-Service-MCP&RequestRuleName=pyExpressLPContentTemplate Payload: "{\"RequestClass\":\"Rule-HTML-Section\",\"RequestAppliesTo\":\"Rule-Service-MCP\",\"RequestRuleName\":\"pyExpressLPContentTemplate\"}" => HTTP 404 (120 bytes)
[PegaHttpClient] 📡 POST https://zdk8budo.pegaacademy.net/prweb/PRRestService/CodeIntelligence/v1/rules/query?pxObjClass=Rule-HTML-Section&appliesTo=Rule-Service-MCP&pyRuleName=pyExpressLPContentTemplate&RequestClass=Rule-HTML-Section&RequestAppliesTo=Rule-Service-MCP&RequestRuleName=pyExpressLPContentTemplate Payload: "{\"RequestClass\":\"Rule-HTML-Section\",\"RequestAppliesTo\":\"Rule-Service-MCP\",\"RequestRuleName\":\"pyExpressLPContentTemplate\"}" => HTTP 404 (120 bytes)
[PegaHttpClient] 📡 POST https://zdk8budo.pegaacademy.net/prweb/api/HRAppsV2Service/V1/rules/query?pxObjClass=Rule-HTML-Section&appliesTo=Rule-Service-MCP&pyRuleName=pyExpressLPContentTemplate&RequestClass=Rule-HTML-Section&RequestAppliesTo=Rule-Service-MCP&RequestRuleName=pyExpressLPContentTemplate Payload: "{\"RequestClass\":\"Rule-HTML-Section\",\"RequestAppliesTo\":\"Rule-Service-MCP\",\"RequestRuleName\":\"pyExpressLPContentTemplate\"}" => HTTP 404 (18 bytes)
[PegaHttpClient] 📡 POST https://zdk8budo.pegaacademy.net/prweb/PRRestService/HRAppsV2Service/V1/rules/query?pxObjClass=Rule-HTML-Section&appliesTo=Rule-Service-MCP&pyRuleName=pyExpressLPContentTemplate&RequestClass=Rule-HTML-Section&RequestAppliesTo=Rule-Service-MCP&RequestRuleName=pyExpressLPContentTemplate Payload: "{\"RequestClass\":\"Rule-HTML-Section\",\"RequestAppliesTo\":\"Rule-Service-MCP\",\"RequestRuleName\":\"pyExpressLPContentTemplate\"}" => HTTP 404 (18 bytes)
[PegaHttpClient] 📡 POST https://zdk8budo.pegaacademy.net/prweb/api/HRAppsV2/V1/rules/query?pxObjClass=Rule-HTML-Section&appliesTo=Rule-Service-MCP&pyRuleName=pyExpressLPContentTemplate&RequestClass=Rule-HTML-Section&RequestAppliesTo=Rule-Service-MCP&RequestRuleName=pyExpressLPContentTemplate Payload: "{\"RequestClass\":\"Rule-HTML-Section\",\"RequestAppliesTo\":\"Rule-Service-MCP\",\"RequestRuleName\":\"pyExpressLPContentTemplate\"}" => HTTP 404 (18 bytes)
[PegaHttpClient] 📡 POST https://zdk8budo.pegaacademy.net/prweb/PRRestService/HRAppsV2/V1/rules/query?pxObjClass=Rule-HTML-Section&appliesTo=Rule-Service-MCP&pyRuleName=pyExpressLPContentTemplate&RequestClass=Rule-HTML-Section&RequestAppliesTo=Rule-Service-MCP&RequestRuleName=pyExpressLPContentTemplate Payload: "{\"RequestClass\":\"Rule-HTML-Section\",\"RequestAppliesTo\":\"Rule-Service-MCP\",\"RequestRuleName\":\"pyExpressLPContentTemplate\"}" => HTTP 404 (18 bytes)
[PegaHttpClient] 📡 POST https://zdk8budo.pegaacademy.net/prweb/api/v1/rules/query?pxObjClass=Rule-HTML-Section&appliesTo=Rule-Service-MCP&pyRuleName=pyExpressLPContentTemplate&RequestClass=Rule-HTML-Section&RequestAppliesTo=Rule-Service-MCP&RequestRuleName=pyExpressLPContentTemplate Payload: "{\"RequestClass\":\"Rule-HTML-Section\",\"RequestAppliesTo\":\"Rule-Service-MCP\",\"RequestRuleName\":\"pyExpressLPContentTemplate\"}" => HTTP 404 (18 bytes)
[PegaHttpClient] 📡 POST https://zdk8budo.pegaacademy.net/prweb/PRRestService/v1/rules/query?pxObjClass=Rule-HTML-Section&appliesTo=Rule-Service-MCP&pyRuleName=pyExpressLPContentTemplate&RequestClass=Rule-HTML-Section&RequestAppliesTo=Rule-Service-MCP&RequestRuleName=pyExpressLPContentTemplate Payload: "{\"RequestClass\":\"Rule-HTML-Section\",\"RequestAppliesTo\":\"Rule-Service-MCP\",\"RequestRuleName\":\"pyExpressLPContentTemplate\"}" => HTTP 404 (18 bytes)
[PegaHttpClient] 📡 POST https://zdk8budo.pegaacademy.net/prweb/api/CodeIntelligence/v1/rules/query?pxObjClass=Rule-HTML-Section&appliesTo=Rule-Service-MCP&pyRuleName=pzMCPVersionHelperIcon&RequestClass=Rule-HTML-Section&RequestAppliesTo=Rule-Service-MCP&RequestRuleName=pzMCPVersionHelperIcon Payload: "{\"RequestClass\":\"Rule-HTML-Section\",\"RequestAppliesTo\":\"Rule-Service-MCP\",\"RequestRuleName\":\"pzMCPVersionHelperIcon\"}" => HTTP 200 (22794 bytes)
[PegaHttpClient] 📡 POST https://zdk8budo.pegaacademy.net/prweb/api/CodeIntelligence/v1/rules/query?pxObjClass=Rule-HTML-Section&appliesTo=Rule-Service-MCP&pyRuleName=pzAlternateRuleInfo&RequestClass=Rule-HTML-Section&RequestAppliesTo=Rule-Service-MCP&RequestRuleName=pzAlternateRuleInfo Payload: "{\"RequestClass\":\"Rule-HTML-Section\",\"RequestAppliesTo\":\"Rule-Service-MCP\",\"RequestRuleName\":\"pzAlternateRuleInfo\"}" => HTTP 200 (140407 bytes)
[PegaHttpClient] 📡 POST https://zdk8budo.pegaacademy.net/prweb/api/CodeIntelligence/v1/rules/query?pxObjClass=Rule-HTML-Section&appliesTo=Rule-Service-MCP&pyRuleName=RuleFormHistory_Description&RequestClass=Rule-HTML-Section&RequestAppliesTo=Rule-Service-MCP&RequestRuleName=RuleFormHistory_Description Payload: "{\"RequestClass\":\"Rule-HTML-Section\",\"RequestAppliesTo\":\"Rule-Service-MCP\",\"RequestRuleName\":\"RuleFormHistory_Description\"}" => HTTP 200 (52263 bytes)
[PegaHttpClient] 📡 POST https://zdk8budo.pegaacademy.net/prweb/api/CodeIntelligence/v1/rules/query?pxObjClass=Rule-HTML-Section&appliesTo=Rule-Service-MCP&pyRuleName=RuleFormHistory_CustomFields&RequestClass=Rule-HTML-Section&RequestAppliesTo=Rule-Service-MCP&RequestRuleName=RuleFormHistory_CustomFields Payload: "{\"RequestClass\":\"Rule-HTML-Section\",\"RequestAppliesTo\":\"Rule-Service-MCP\",\"RequestRuleName\":\"RuleFormHistory_CustomFields\"}" => HTTP 200 (75856 bytes)
[PegaHttpClient] 📡 POST https://zdk8budo.pegaacademy.net/prweb/api/CodeIntelligence/v1/rules/query?pxObjClass=Rule-HTML-Section&appliesTo=Rule-Service-MCP&pyRuleName=RuleFormHistory_HistoryDetails&RequestClass=Rule-HTML-Section&RequestAppliesTo=Rule-Service-MCP&RequestRuleName=RuleFormHistory_HistoryDetails Payload: "{\"RequestClass\":\"Rule-HTML-Section\",\"RequestAppliesTo\":\"Rule-Service-MCP\",\"RequestRuleName\":\"RuleFormHistory_HistoryDetails\"}" => HTTP 200 (179535 bytes)
[PegaHttpClient] 📡 POST https://zdk8budo.pegaacademy.net/prweb/api/CodeIntelligence/v1/rules/query?pxObjClass=Rule-HTML-Section&appliesTo=Rule-Service-MCP&pyRuleName=pzRuleFormStatus&RequestClass=Rule-HTML-Section&RequestAppliesTo=Rule-Service-MCP&RequestRuleName=pzRuleFormStatus Payload: "{\"RequestClass\":\"Rule-HTML-Section\",\"RequestAppliesTo\":\"Rule-Service-MCP\",\"RequestRuleName\":\"pzRuleFormStatus\"}" => HTTP 200 (97627 bytes)
[PegaHttpClient] 📡 POST https://zdk8budo.pegaacademy.net/prweb/api/CodeIntelligence/v1/rules/query?pxObjClass=Rule-HTML-Section&appliesTo=Rule-Service-MCP&pyRuleName=pzRuleFormHeaderCompareWithDropDown&RequestClass=Rule-HTML-Section&RequestAppliesTo=Rule-Service-MCP&RequestRuleName=pzRuleFormHeaderCompareWithDropDown Payload: "{\"RequestClass\":\"Rule-HTML-Section\",\"RequestAppliesTo\":\"Rule-Service-MCP\",\"RequestRuleName\":\"pzRuleFormHeaderCompareWithDropDown\"}" => HTTP 200 (25396 bytes)
[PegaHttpClient] 📡 POST https://zdk8budo.pegaacademy.net/prweb/api/CodeIntelligence/v1/rules/query?pxObjClass=Rule-HTML-Section&appliesTo=Rule-Service-MCP&pyRuleName=undefined&RequestClass=Rule-HTML-Section&RequestAppliesTo=Rule-Service-MCP&RequestRuleName=undefined Payload: "{\"RequestClass\":\"Rule-HTML-Section\",\"RequestAppliesTo\":\"Rule-Service-MCP\",\"RequestRuleName\":\"undefined\"}" => HTTP 404 (103 bytes)
[PegaHttpClient] 📡 POST https://zdk8budo.pegaacademy.net/prweb/PRRestService/CodeIntelligence/v1/rules/query?pxObjClass=Rule-HTML-Section&appliesTo=Rule-Service-MCP&pyRuleName=undefined&RequestClass=Rule-HTML-Section&RequestAppliesTo=Rule-Service-MCP&RequestRuleName=undefined Payload: "{\"RequestClass\":\"Rule-HTML-Section\",\"RequestAppliesTo\":\"Rule-Service-MCP\",\"RequestRuleName\":\"undefined\"}" => HTTP 404 (103 bytes)
[PegaHttpClient] 📡 POST https://zdk8budo.pegaacademy.net/prweb/api/HRAppsV2Service/V1/rules/query?pxObjClass=Rule-HTML-Section&appliesTo=Rule-Service-MCP&pyRuleName=undefined&RequestClass=Rule-HTML-Section&RequestAppliesTo=Rule-Service-MCP&RequestRuleName=undefined Payload: "{\"RequestClass\":\"Rule-HTML-Section\",\"RequestAppliesTo\":\"Rule-Service-MCP\",\"RequestRuleName\":\"undefined\"}" => HTTP 404 (18 bytes)
[PegaHttpClient] 📡 POST https://zdk8budo.pegaacademy.net/prweb/PRRestService/HRAppsV2Service/V1/rules/query?pxObjClass=Rule-HTML-Section&appliesTo=Rule-Service-MCP&pyRuleName=undefined&RequestClass=Rule-HTML-Section&RequestAppliesTo=Rule-Service-MCP&RequestRuleName=undefined Payload: "{\"RequestClass\":\"Rule-HTML-Section\",\"RequestAppliesTo\":\"Rule-Service-MCP\",\"RequestRuleName\":\"undefined\"}" => HTTP 404 (18 bytes)
[PegaHttpClient] 📡 POST https://zdk8budo.pegaacademy.net/prweb/api/HRAppsV2/V1/rules/query?pxObjClass=Rule-HTML-Section&appliesTo=Rule-Service-MCP&pyRuleName=undefined&RequestClass=Rule-HTML-Section&RequestAppliesTo=Rule-Service-MCP&RequestRuleName=undefined Payload: "{\"RequestClass\":\"Rule-HTML-Section\",\"RequestAppliesTo\":\"Rule-Service-MCP\",\"RequestRuleName\":\"undefined\"}" => HTTP 404 (18 bytes)
[PegaHttpClient] 📡 POST https://zdk8budo.pegaacademy.net/prweb/PRRestService/HRAppsV2/V1/rules/query?pxObjClass=Rule-HTML-Section&appliesTo=Rule-Service-MCP&pyRuleName=undefined&RequestClass=Rule-HTML-Section&RequestAppliesTo=Rule-Service-MCP&RequestRuleName=undefined Payload: "{\"RequestClass\":\"Rule-HTML-Section\",\"RequestAppliesTo\":\"Rule-Service-MCP\",\"RequestRuleName\":\"undefined\"}" => HTTP 404 (18 bytes)
[PegaHttpClient] 📡 POST https://zdk8budo.pegaacademy.net/prweb/api/v1/rules/query?pxObjClass=Rule-HTML-Section&appliesTo=Rule-Service-MCP&pyRuleName=undefined&RequestClass=Rule-HTML-Section&RequestAppliesTo=Rule-Service-MCP&RequestRuleName=undefined Payload: "{\"RequestClass\":\"Rule-HTML-Section\",\"RequestAppliesTo\":\"Rule-Service-MCP\",\"RequestRuleName\":\"undefined\"}" => HTTP 404 (18 bytes)
[PegaHttpClient] 📡 POST https://zdk8budo.pegaacademy.net/prweb/PRRestService/v1/rules/query?pxObjClass=Rule-HTML-Section&appliesTo=Rule-Service-MCP&pyRuleName=undefined&RequestClass=Rule-HTML-Section&RequestAppliesTo=Rule-Service-MCP&RequestRuleName=undefined Payload: "{\"RequestClass\":\"Rule-HTML-Section\",\"RequestAppliesTo\":\"Rule-Service-MCP\",\"RequestRuleName\":\"undefined\"}" => HTTP 404 (18 bytes)
[PegaHttpClient] 📡 POST https://zdk8budo.pegaacademy.net/prweb/api/CodeIntelligence/v1/rules/query?pxObjClass=Rule-HTML-Section&appliesTo=Rule-Service-MCP&pyRuleName=pzRuleFormToolbarHotKeys&RequestClass=Rule-HTML-Section&RequestAppliesTo=Rule-Service-MCP&RequestRuleName=pzRuleFormToolbarHotKeys Payload: "{\"RequestClass\":\"Rule-HTML-Section\",\"RequestAppliesTo\":\"Rule-Service-MCP\",\"RequestRuleName\":\"pzRuleFormToolbarHotKeys\"}" => HTTP 200 (85058 bytes)
[PegaHttpClient] 📡 POST https://zdk8budo.pegaacademy.net/prweb/api/CodeIntelligence/v1/rules/query?pxObjClass=Rule-HTML-Section&appliesTo=Rule-Service-MCP&pyRuleName=pzRuleFormToolbarLockedIcon&RequestClass=Rule-HTML-Section&RequestAppliesTo=Rule-Service-MCP&RequestRuleName=pzRuleFormToolbarLockedIcon Payload: "{\"RequestClass\":\"Rule-HTML-Section\",\"RequestAppliesTo\":\"Rule-Service-MCP\",\"RequestRuleName\":\"pzRuleFormToolbarLockedIcon\"}" => HTTP 200 (24898 bytes)
[PegaHttpClient] 📡 POST https://zdk8budo.pegaacademy.net/prweb/api/CodeIntelligence/v1/rules/query?pxObjClass=Rule-HTML-Section&appliesTo=Rule-Service-MCP&pyRuleName=pzRuleFormToolbarCollaborators&RequestClass=Rule-HTML-Section&RequestAppliesTo=Rule-Service-MCP&RequestRuleName=pzRuleFormToolbarCollaborators Payload: "{\"RequestClass\":\"Rule-HTML-Section\",\"RequestAppliesTo\":\"Rule-Service-MCP\",\"RequestRuleName\":\"pzRuleFormToolbarCollaborators\"}" => HTTP 200 (15254 bytes)
[PegaHttpClient] 📡 POST https://zdk8budo.pegaacademy.net/prweb/api/CodeIntelligence/v1/rules/query?pxObjClass=Rule-HTML-Section&appliesTo=Rule-Service-MCP&pyRuleName=pzRuleFormToolbarSaveAs&RequestClass=Rule-HTML-Section&RequestAppliesTo=Rule-Service-MCP&RequestRuleName=pzRuleFormToolbarSaveAs Payload: "{\"RequestClass\":\"Rule-HTML-Section\",\"RequestAppliesTo\":\"Rule-Service-MCP\",\"RequestRuleName\":\"pzRuleFormToolbarSaveAs\"}" => HTTP 200 (64084 bytes)
[PegaHttpClient] 📡 POST https://zdk8budo.pegaacademy.net/prweb/api/CodeIntelligence/v1/rules/query?pxObjClass=Rule-HTML-Section&appliesTo=Rule-Service-MCP&pyRuleName=pzRuleFormToolbarCheckin&RequestClass=Rule-HTML-Section&RequestAppliesTo=Rule-Service-MCP&RequestRuleName=pzRuleFormToolbarCheckin Payload: "{\"RequestClass\":\"Rule-HTML-Section\",\"RequestAppliesTo\":\"Rule-Service-MCP\",\"RequestRuleName\":\"pzRuleFormToolbarCheckin\"}" => HTTP 200 (119096 bytes)
[PegaHttpClient] 📡 POST https://zdk8budo.pegaacademy.net/prweb/api/CodeIntelligence/v1/rules/query?pxObjClass=Rule-HTML-Section&appliesTo=Rule-Service-MCP&pyRuleName=pzRuleFormToolbarDelete&RequestClass=Rule-HTML-Section&RequestAppliesTo=Rule-Service-MCP&RequestRuleName=pzRuleFormToolbarDelete Payload: "{\"RequestClass\":\"Rule-HTML-Section\",\"RequestAppliesTo\":\"Rule-Service-MCP\",\"RequestRuleName\":\"pzRuleFormToolbarDelete\"}" => HTTP 200 (30249 bytes)
[PegaHttpClient] 📡 POST https://zdk8budo.pegaacademy.net/prweb/api/CodeIntelligence/v1/rules/query?pxObjClass=Rule-HTML-Section&appliesTo=Rule-Service-MCP&pyRuleName=pzRuleFormToolbarSave&RequestClass=Rule-HTML-Section&RequestAppliesTo=Rule-Service-MCP&RequestRuleName=pzRuleFormToolbarSave Payload: "{\"RequestClass\":\"Rule-HTML-Section\",\"RequestAppliesTo\":\"Rule-Service-MCP\",\"RequestRuleName\":\"pzRuleFormToolbarSave\"}" => HTTP 200 (293885 bytes)
[PegaHttpClient] 📡 POST https://zdk8budo.pegaacademy.net/prweb/api/CodeIntelligence/v1/rules/query?pxObjClass=Rule-HTML-Section&appliesTo=Rule-Service-MCP&pyRuleName=pzRuleFormToolbarCheckout&RequestClass=Rule-HTML-Section&RequestAppliesTo=Rule-Service-MCP&RequestRuleName=pzRuleFormToolbarCheckout Payload: "{\"RequestClass\":\"Rule-HTML-Section\",\"RequestAppliesTo\":\"Rule-Service-MCP\",\"RequestRuleName\":\"pzRuleFormToolbarCheckout\"}" => HTTP 200 (238148 bytes)
[PegaHttpClient] 📡 POST https://zdk8budo.pegaacademy.net/prweb/api/CodeIntelligence/v1/rules/query?pxObjClass=Rule-HTML-Section&appliesTo=Rule-Service-MCP&pyRuleName=pzRemoveErrorsDataPage&RequestClass=Rule-HTML-Section&RequestAppliesTo=Rule-Service-MCP&RequestRuleName=pzRemoveErrorsDataPage Payload: "{\"RequestClass\":\"Rule-HTML-Section\",\"RequestAppliesTo\":\"Rule-Service-MCP\",\"RequestRuleName\":\"pzRemoveErrorsDataPage\"}" => HTTP 200 (16733 bytes)
[PegaHttpClient] 📡 POST https://zdk8budo.pegaacademy.net/prweb/api/CodeIntelligence/v1/rules/query?pxObjClass=Rule-HTML-Section&appliesTo=Rule-Service-MCP&pyRuleName=pzRuleFormHeaderMessagesWrapper&RequestClass=Rule-HTML-Section&RequestAppliesTo=Rule-Service-MCP&RequestRuleName=pzRuleFormHeaderMessagesWrapper Payload: "{\"RequestClass\":\"Rule-HTML-Section\",\"RequestAppliesTo\":\"Rule-Service-MCP\",\"RequestRuleName\":\"pzRuleFormHeaderMessagesWrapper\"}" => HTTP 200 (16981 bytes)
[PegaHttpClient] 📡 POST https://zdk8budo.pegaacademy.net/prweb/api/CodeIntelligence/v1/rules/query?pxObjClass=Rule-HTML-Section&appliesTo=Rule-Service-MCP&pyRuleName=pzScm_RuleHistory&RequestClass=Rule-HTML-Section&RequestAppliesTo=Rule-Service-MCP&RequestRuleName=pzScm_RuleHistory Payload: "{\"RequestClass\":\"Rule-HTML-Section\",\"RequestAppliesTo\":\"Rule-Service-MCP\",\"RequestRuleName\":\"pzScm_RuleHistory\"}" => HTTP 200 (14682 bytes)
[PegaHttpClient] 📡 POST https://zdk8budo.pegaacademy.net/prweb/api/CodeIntelligence/v1/rules/query?pxObjClass=Rule-HTML-Section&appliesTo=Rule-Service-MCP&pyRuleName=pxDisplayCollaborators&RequestClass=Rule-HTML-Section&RequestAppliesTo=Rule-Service-MCP&RequestRuleName=pxDisplayCollaborators Payload: "{\"RequestClass\":\"Rule-HTML-Section\",\"RequestAppliesTo\":\"Rule-Service-MCP\",\"RequestRuleName\":\"pxDisplayCollaborators\"}" => HTTP 200 (94171 bytes)
[PegaHttpClient] 📡 POST https://zdk8budo.pegaacademy.net/prweb/api/CodeIntelligence/v1/rules/query?pxObjClass=Rule-HTML-Section&appliesTo=Rule-Service-MCP&pyRuleName=pzRuleFormToolbarDeleteCheckOut&RequestClass=Rule-HTML-Section&RequestAppliesTo=Rule-Service-MCP&RequestRuleName=pzRuleFormToolbarDeleteCheckOut Payload: "{\"RequestClass\":\"Rule-HTML-Section\",\"RequestAppliesTo\":\"Rule-Service-MCP\",\"RequestRuleName\":\"pzRuleFormToolbarDeleteCheckOut\"}" => HTTP 200 (29433 bytes)
[PegaHttpClient] 📡 POST https://zdk8budo.pegaacademy.net/prweb/api/CodeIntelligence/v1/rules/query?pxObjClass=Rule-HTML-Section&appliesTo=Rule-Service-MCP&pyRuleName=pzRuleFormToolbarDeleteRule&RequestClass=Rule-HTML-Section&RequestAppliesTo=Rule-Service-MCP&RequestRuleName=pzRuleFormToolbarDeleteRule Payload: "{\"RequestClass\":\"Rule-HTML-Section\",\"RequestAppliesTo\":\"Rule-Service-MCP\",\"RequestRuleName\":\"pzRuleFormToolbarDeleteRule\"}" => HTTP 200 (32314 bytes)
[PegaHttpClient] 📡 POST https://zdk8budo.pegaacademy.net/prweb/api/CodeIntelligence/v1/rules/query?pxObjClass=Rule-HTML-Section&appliesTo=Rule-Service-MCP&pyRuleName=pzLoadCollaborationScripts&RequestClass=Rule-HTML-Section&RequestAppliesTo=Rule-Service-MCP&RequestRuleName=pzLoadCollaborationScripts Payload: "{\"RequestClass\":\"Rule-HTML-Section\",\"RequestAppliesTo\":\"Rule-Service-MCP\",\"RequestRuleName\":\"pzLoadCollaborationScripts\"}" => HTTP 200 (23453 bytes)
[PegaHttpClient] 📡 POST https://zdk8budo.pegaacademy.net/prweb/api/CodeIntelligence/v1/rules/query?pxObjClass=Rule-HTML-Section&appliesTo=Rule-Service-MCP&pyRuleName=pzDisplayCollaboratorsList&RequestClass=Rule-HTML-Section&RequestAppliesTo=Rule-Service-MCP&RequestRuleName=pzDisplayCollaboratorsList Payload: "{\"RequestClass\":\"Rule-HTML-Section\",\"RequestAppliesTo\":\"Rule-Service-MCP\",\"RequestRuleName\":\"pzDisplayCollaboratorsList\"}" => HTTP 200 (105418 bytes)
[PegaHttpClient] 📡 POST https://zdk8budo.pegaacademy.net/prweb/api/CodeIntelligence/v1/rules/query?pxObjClass=Rule-HTML-Section&appliesTo=Rule-Service-MCP&pyRuleName=pyCollaborator&RequestClass=Rule-HTML-Section&RequestAppliesTo=Rule-Service-MCP&RequestRuleName=pyCollaborator Payload: "{\"RequestClass\":\"Rule-HTML-Section\",\"RequestAppliesTo\":\"Rule-Service-MCP\",\"RequestRuleName\":\"pyCollaborator\"}" => HTTP 404 (108 bytes)
[PegaHttpClient] 📡 POST https://zdk8budo.pegaacademy.net/prweb/PRRestService/CodeIntelligence/v1/rules/query?pxObjClass=Rule-HTML-Section&appliesTo=Rule-Service-MCP&pyRuleName=pyCollaborator&RequestClass=Rule-HTML-Section&RequestAppliesTo=Rule-Service-MCP&RequestRuleName=pyCollaborator Payload: "{\"RequestClass\":\"Rule-HTML-Section\",\"RequestAppliesTo\":\"Rule-Service-MCP\",\"RequestRuleName\":\"pyCollaborator\"}" => HTTP 404 (108 bytes)
[PegaHttpClient] 📡 POST https://zdk8budo.pegaacademy.net/prweb/api/HRAppsV2Service/V1/rules/query?pxObjClass=Rule-HTML-Section&appliesTo=Rule-Service-MCP&pyRuleName=pyCollaborator&RequestClass=Rule-HTML-Section&RequestAppliesTo=Rule-Service-MCP&RequestRuleName=pyCollaborator Payload: "{\"RequestClass\":\"Rule-HTML-Section\",\"RequestAppliesTo\":\"Rule-Service-MCP\",\"RequestRuleName\":\"pyCollaborator\"}" => HTTP 404 (18 bytes)
[PegaHttpClient] 📡 POST https://zdk8budo.pegaacademy.net/prweb/PRRestService/HRAppsV2Service/V1/rules/query?pxObjClass=Rule-HTML-Section&appliesTo=Rule-Service-MCP&pyRuleName=pyCollaborator&RequestClass=Rule-HTML-Section&RequestAppliesTo=Rule-Service-MCP&RequestRuleName=pyCollaborator Payload: "{\"RequestClass\":\"Rule-HTML-Section\",\"RequestAppliesTo\":\"Rule-Service-MCP\",\"RequestRuleName\":\"pyCollaborator\"}" => HTTP 404 (18 bytes)
[PegaHttpClient] 📡 POST https://zdk8budo.pegaacademy.net/prweb/api/HRAppsV2/V1/rules/query?pxObjClass=Rule-HTML-Section&appliesTo=Rule-Service-MCP&pyRuleName=pyCollaborator&RequestClass=Rule-HTML-Section&RequestAppliesTo=Rule-Service-MCP&RequestRuleName=pyCollaborator Payload: "{\"RequestClass\":\"Rule-HTML-Section\",\"RequestAppliesTo\":\"Rule-Service-MCP\",\"RequestRuleName\":\"pyCollaborator\"}" => HTTP 404 (18 bytes)
[PegaHttpClient] 📡 POST https://zdk8budo.pegaacademy.net/prweb/PRRestService/HRAppsV2/V1/rules/query?pxObjClass=Rule-HTML-Section&appliesTo=Rule-Service-MCP&pyRuleName=pyCollaborator&RequestClass=Rule-HTML-Section&RequestAppliesTo=Rule-Service-MCP&RequestRuleName=pyCollaborator Payload: "{\"RequestClass\":\"Rule-HTML-Section\",\"RequestAppliesTo\":\"Rule-Service-MCP\",\"RequestRuleName\":\"pyCollaborator\"}" => HTTP 404 (18 bytes)
[PegaHttpClient] 📡 POST https://zdk8budo.pegaacademy.net/prweb/api/v1/rules/query?pxObjClass=Rule-HTML-Section&appliesTo=Rule-Service-MCP&pyRuleName=pyCollaborator&RequestClass=Rule-HTML-Section&RequestAppliesTo=Rule-Service-MCP&RequestRuleName=pyCollaborator Payload: "{\"RequestClass\":\"Rule-HTML-Section\",\"RequestAppliesTo\":\"Rule-Service-MCP\",\"RequestRuleName\":\"pyCollaborator\"}" => HTTP 404 (18 bytes)
[PegaHttpClient] 📡 POST https://zdk8budo.pegaacademy.net/prweb/PRRestService/v1/rules/query?pxObjClass=Rule-HTML-Section&appliesTo=Rule-Service-MCP&pyRuleName=pyCollaborator&RequestClass=Rule-HTML-Section&RequestAppliesTo=Rule-Service-MCP&RequestRuleName=pyCollaborator Payload: "{\"RequestClass\":\"Rule-HTML-Section\",\"RequestAppliesTo\":\"Rule-Service-MCP\",\"RequestRuleName\":\"pyCollaborator\"}" => HTTP 404 (18 bytes)
[PegaHttpClient] 📡 POST https://zdk8budo.pegaacademy.net/prweb/api/CodeIntelligence/v1/rules/query?pxObjClass=Rule-HTML-Section&appliesTo=Rule-Service-MCP&pyRuleName=pzDisplayPartialCount&RequestClass=Rule-HTML-Section&RequestAppliesTo=Rule-Service-MCP&RequestRuleName=pzDisplayPartialCount Payload: "{\"RequestClass\":\"Rule-HTML-Section\",\"RequestAppliesTo\":\"Rule-Service-MCP\",\"RequestRuleName\":\"pzDisplayPartialCount\"}" => HTTP 404 (115 bytes)
[PegaHttpClient] 📡 POST https://zdk8budo.pegaacademy.net/prweb/PRRestService/CodeIntelligence/v1/rules/query?pxObjClass=Rule-HTML-Section&appliesTo=Rule-Service-MCP&pyRuleName=pzDisplayPartialCount&RequestClass=Rule-HTML-Section&RequestAppliesTo=Rule-Service-MCP&RequestRuleName=pzDisplayPartialCount Payload: "{\"RequestClass\":\"Rule-HTML-Section\",\"RequestAppliesTo\":\"Rule-Service-MCP\",\"RequestRuleName\":\"pzDisplayPartialCount\"}" => HTTP 404 (115 bytes)
[PegaHttpClient] 📡 POST https://zdk8budo.pegaacademy.net/prweb/api/HRAppsV2Service/V1/rules/query?pxObjClass=Rule-HTML-Section&appliesTo=Rule-Service-MCP&pyRuleName=pzDisplayPartialCount&RequestClass=Rule-HTML-Section&RequestAppliesTo=Rule-Service-MCP&RequestRuleName=pzDisplayPartialCount Payload: "{\"RequestClass\":\"Rule-HTML-Section\",\"RequestAppliesTo\":\"Rule-Service-MCP\",\"RequestRuleName\":\"pzDisplayPartialCount\"}" => HTTP 404 (18 bytes)
[PegaHttpClient] 📡 POST https://zdk8budo.pegaacademy.net/prweb/PRRestService/HRAppsV2Service/V1/rules/query?pxObjClass=Rule-HTML-Section&appliesTo=Rule-Service-MCP&pyRuleName=pzDisplayPartialCount&RequestClass=Rule-HTML-Section&RequestAppliesTo=Rule-Service-MCP&RequestRuleName=pzDisplayPartialCount Payload: "{\"RequestClass\":\"Rule-HTML-Section\",\"RequestAppliesTo\":\"Rule-Service-MCP\",\"RequestRuleName\":\"pzDisplayPartialCount\"}" => HTTP 404 (18 bytes)
[PegaHttpClient] 📡 POST https://zdk8budo.pegaacademy.net/prweb/api/HRAppsV2/V1/rules/query?pxObjClass=Rule-HTML-Section&appliesTo=Rule-Service-MCP&pyRuleName=pzDisplayPartialCount&RequestClass=Rule-HTML-Section&RequestAppliesTo=Rule-Service-MCP&RequestRuleName=pzDisplayPartialCount Payload: "{\"RequestClass\":\"Rule-HTML-Section\",\"RequestAppliesTo\":\"Rule-Service-MCP\",\"RequestRuleName\":\"pzDisplayPartialCount\"}" => HTTP 404 (18 bytes)
[PegaHttpClient] 📡 POST https://zdk8budo.pegaacademy.net/prweb/PRRestService/HRAppsV2/V1/rules/query?pxObjClass=Rule-HTML-Section&appliesTo=Rule-Service-MCP&pyRuleName=pzDisplayPartialCount&RequestClass=Rule-HTML-Section&RequestAppliesTo=Rule-Service-MCP&RequestRuleName=pzDisplayPartialCount Payload: "{\"RequestClass\":\"Rule-HTML-Section\",\"RequestAppliesTo\":\"Rule-Service-MCP\",\"RequestRuleName\":\"pzDisplayPartialCount\"}" => HTTP 404 (18 bytes)
[PegaHttpClient] 📡 POST https://zdk8budo.pegaacademy.net/prweb/api/v1/rules/query?pxObjClass=Rule-HTML-Section&appliesTo=Rule-Service-MCP&pyRuleName=pzDisplayPartialCount&RequestClass=Rule-HTML-Section&RequestAppliesTo=Rule-Service-MCP&RequestRuleName=pzDisplayPartialCount Payload: "{\"RequestClass\":\"Rule-HTML-Section\",\"RequestAppliesTo\":\"Rule-Service-MCP\",\"RequestRuleName\":\"pzDisplayPartialCount\"}" => HTTP 404 (18 bytes)
[PegaHttpClient] 📡 POST https://zdk8budo.pegaacademy.net/prweb/PRRestService/v1/rules/query?pxObjClass=Rule-HTML-Section&appliesTo=Rule-Service-MCP&pyRuleName=pzDisplayPartialCount&RequestClass=Rule-HTML-Section&RequestAppliesTo=Rule-Service-MCP&RequestRuleName=pzDisplayPartialCount Payload: "{\"RequestClass\":\"Rule-HTML-Section\",\"RequestAppliesTo\":\"Rule-Service-MCP\",\"RequestRuleName\":\"pzDisplayPartialCount\"}" => HTTP 404 (18 bytes)
[SchemaGen] ✅ Schema written for Rule-Service-MCP
[PegaHttpClient] 📡 GET https://zdk8budo.pegaacademy.net/prweb/api/CodeIntelligence/v1/rules/RULE-HTML-HARNESS%20RULE-CONNECT-MCP%20RULEFORM%20%2320250625T203511.360%20GMT => HTTP 200 (26812 bytes)
[PegaHttpClient] 📡 POST https://zdk8budo.pegaacademy.net/prweb/api/CodeIntelligence/v1/rules/query?pxObjClass=Rule-HTML-Section&appliesTo=Rule-Connect-MCP&pyRuleName=RuleFormMain&RequestClass=Rule-HTML-Section&RequestAppliesTo=Rule-Connect-MCP&RequestRuleName=RuleFormMain Payload: "{\"RequestClass\":\"Rule-HTML-Section\",\"RequestAppliesTo\":\"Rule-Connect-MCP\",\"RequestRuleName\":\"RuleFormMain\"}" => HTTP 200 (156234 bytes)
[PegaHttpClient] 📡 POST https://zdk8budo.pegaacademy.net/prweb/api/CodeIntelligence/v1/rules/query?pxObjClass=Rule-HTML-Section&appliesTo=Rule-Connect-MCP&pyRuleName=pxAlternateRuleForm&RequestClass=Rule-HTML-Section&RequestAppliesTo=Rule-Connect-MCP&RequestRuleName=pxAlternateRuleForm Payload: "{\"RequestClass\":\"Rule-HTML-Section\",\"RequestAppliesTo\":\"Rule-Connect-MCP\",\"RequestRuleName\":\"pxAlternateRuleForm\"}" => HTTP 200 (66153 bytes)
[PegaHttpClient] 📡 POST https://zdk8budo.pegaacademy.net/prweb/api/CodeIntelligence/v1/rules/query?pxObjClass=Rule-HTML-Section&appliesTo=Rule-Connect-MCP&pyRuleName=pzRuleFormScripts&RequestClass=Rule-HTML-Section&RequestAppliesTo=Rule-Connect-MCP&RequestRuleName=pzRuleFormScripts Payload: "{\"RequestClass\":\"Rule-HTML-Section\",\"RequestAppliesTo\":\"Rule-Connect-MCP\",\"RequestRuleName\":\"pzRuleFormScripts\"}" => HTTP 200 (40822 bytes)
[PegaHttpClient] 📡 POST https://zdk8budo.pegaacademy.net/prweb/api/CodeIntelligence/v1/rules/query?pxObjClass=Rule-HTML-Section&appliesTo=Rule-Connect-MCP&pyRuleName=pzRuleFormLayoutDelegated&RequestClass=Rule-HTML-Section&RequestAppliesTo=Rule-Connect-MCP&RequestRuleName=pzRuleFormLayoutDelegated Payload: "{\"RequestClass\":\"Rule-HTML-Section\",\"RequestAppliesTo\":\"Rule-Connect-MCP\",\"RequestRuleName\":\"pzRuleFormLayoutDelegated\"}" => HTTP 200 (70998 bytes)
[PegaHttpClient] 📡 POST https://zdk8budo.pegaacademy.net/prweb/api/CodeIntelligence/v1/rules/query?pxObjClass=Rule-HTML-Section&appliesTo=Rule-Connect-MCP&pyRuleName=RuleFormLayout&RequestClass=Rule-HTML-Section&RequestAppliesTo=Rule-Connect-MCP&RequestRuleName=RuleFormLayout Payload: "{\"RequestClass\":\"Rule-HTML-Section\",\"RequestAppliesTo\":\"Rule-Connect-MCP\",\"RequestRuleName\":\"RuleFormLayout\"}" => HTTP 200 (105241 bytes)
[PegaHttpClient] 📡 POST https://zdk8budo.pegaacademy.net/prweb/api/CodeIntelligence/v1/rules/query?pxObjClass=Rule-HTML-Section&appliesTo=Rule-Connect-MCP&pyRuleName=RuleFormSettings&RequestClass=Rule-HTML-Section&RequestAppliesTo=Rule-Connect-MCP&RequestRuleName=RuleFormSettings Payload: "{\"RequestClass\":\"Rule-HTML-Section\",\"RequestAppliesTo\":\"Rule-Connect-MCP\",\"RequestRuleName\":\"RuleFormSettings\"}" => HTTP 200 (20540 bytes)
[PegaHttpClient] 📡 POST https://zdk8budo.pegaacademy.net/prweb/api/CodeIntelligence/v1/rules/query?pxObjClass=Rule-HTML-Section&appliesTo=Rule-Connect-MCP&pyRuleName=OpenAuthoring&RequestClass=Rule-HTML-Section&RequestAppliesTo=Rule-Connect-MCP&RequestRuleName=OpenAuthoring Payload: "{\"RequestClass\":\"Rule-HTML-Section\",\"RequestAppliesTo\":\"Rule-Connect-MCP\",\"RequestRuleName\":\"OpenAuthoring\"}" => HTTP 200 (23695 bytes)
[PegaHttpClient] 📡 POST https://zdk8budo.pegaacademy.net/prweb/api/CodeIntelligence/v1/rules/query?pxObjClass=Rule-HTML-Section&appliesTo=Rule-Connect-MCP&pyRuleName=pyCustomHelp&RequestClass=Rule-HTML-Section&RequestAppliesTo=Rule-Connect-MCP&RequestRuleName=pyCustomHelp Payload: "{\"RequestClass\":\"Rule-HTML-Section\",\"RequestAppliesTo\":\"Rule-Connect-MCP\",\"RequestRuleName\":\"pyCustomHelp\"}" => HTTP 200 (17256 bytes)
[PegaHttpClient] 📡 POST https://zdk8budo.pegaacademy.net/prweb/api/CodeIntelligence/v1/rules/query?pxObjClass=Rule-HTML-Section&appliesTo=Rule-Connect-MCP&pyRuleName=pzRuleformMainInclude&RequestClass=Rule-HTML-Section&RequestAppliesTo=Rule-Connect-MCP&RequestRuleName=pzRuleformMainInclude Payload: "{\"RequestClass\":\"Rule-HTML-Section\",\"RequestAppliesTo\":\"Rule-Connect-MCP\",\"RequestRuleName\":\"pzRuleformMainInclude\"}" => HTTP 200 (22375 bytes)
[PegaHttpClient] 📡 POST https://zdk8budo.pegaacademy.net/prweb/api/CodeIntelligence/v1/rules/query?pxObjClass=Rule-HTML-Section&appliesTo=Rule-Connect-MCP&pyRuleName=pyAlternativeRuleFormStrategicAppExtension&RequestClass=Rule-HTML-Section&RequestAppliesTo=Rule-Connect-MCP&RequestRuleName=pyAlternativeRuleFormStrategicAppExtension Payload: "{\"RequestClass\":\"Rule-HTML-Section\",\"RequestAppliesTo\":\"Rule-Connect-MCP\",\"RequestRuleName\":\"pyAlternativeRuleFormStrategicAppExtension\"}" => HTTP 200 (25042 bytes)
[PegaHttpClient] 📡 POST https://zdk8budo.pegaacademy.net/prweb/api/CodeIntelligence/v1/rules/query?pxObjClass=Rule-HTML-Section&appliesTo=Rule-Connect-MCP&pyRuleName=pyAlternativeRuleFormExtension&RequestClass=Rule-HTML-Section&RequestAppliesTo=Rule-Connect-MCP&RequestRuleName=pyAlternativeRuleFormExtension Payload: "{\"RequestClass\":\"Rule-HTML-Section\",\"RequestAppliesTo\":\"Rule-Connect-MCP\",\"RequestRuleName\":\"pyAlternativeRuleFormExtension\"}" => HTTP 200 (24863 bytes)
[PegaHttpClient] 📡 POST https://zdk8budo.pegaacademy.net/prweb/api/CodeIntelligence/v1/rules/query?pxObjClass=Rule-HTML-Section&appliesTo=Rule-Connect-MCP&pyRuleName=RuleFormHeader&RequestClass=Rule-HTML-Section&RequestAppliesTo=Rule-Connect-MCP&RequestRuleName=RuleFormHeader Payload: "{\"RequestClass\":\"Rule-HTML-Section\",\"RequestAppliesTo\":\"Rule-Connect-MCP\",\"RequestRuleName\":\"RuleFormHeader\"}" => HTTP 200 (183800 bytes)
[PegaHttpClient] 📡 POST https://zdk8budo.pegaacademy.net/prweb/api/CodeIntelligence/v1/rules/query?pxObjClass=Rule-HTML-Section&appliesTo=Rule-Connect-MCP&pyRuleName=pzDelegationExperience&RequestClass=Rule-HTML-Section&RequestAppliesTo=Rule-Connect-MCP&RequestRuleName=pzDelegationExperience Payload: "{\"RequestClass\":\"Rule-HTML-Section\",\"RequestAppliesTo\":\"Rule-Connect-MCP\",\"RequestRuleName\":\"pzDelegationExperience\"}" => HTTP 404 (116 bytes)
[PegaHttpClient] 📡 POST https://zdk8budo.pegaacademy.net/prweb/PRRestService/CodeIntelligence/v1/rules/query?pxObjClass=Rule-HTML-Section&appliesTo=Rule-Connect-MCP&pyRuleName=pzDelegationExperience&RequestClass=Rule-HTML-Section&RequestAppliesTo=Rule-Connect-MCP&RequestRuleName=pzDelegationExperience Payload: "{\"RequestClass\":\"Rule-HTML-Section\",\"RequestAppliesTo\":\"Rule-Connect-MCP\",\"RequestRuleName\":\"pzDelegationExperience\"}" => HTTP 404 (116 bytes)
[PegaHttpClient] 📡 POST https://zdk8budo.pegaacademy.net/prweb/api/HRAppsV2Service/V1/rules/query?pxObjClass=Rule-HTML-Section&appliesTo=Rule-Connect-MCP&pyRuleName=pzDelegationExperience&RequestClass=Rule-HTML-Section&RequestAppliesTo=Rule-Connect-MCP&RequestRuleName=pzDelegationExperience Payload: "{\"RequestClass\":\"Rule-HTML-Section\",\"RequestAppliesTo\":\"Rule-Connect-MCP\",\"RequestRuleName\":\"pzDelegationExperience\"}" => HTTP 404 (18 bytes)
[PegaHttpClient] 📡 POST https://zdk8budo.pegaacademy.net/prweb/PRRestService/HRAppsV2Service/V1/rules/query?pxObjClass=Rule-HTML-Section&appliesTo=Rule-Connect-MCP&pyRuleName=pzDelegationExperience&RequestClass=Rule-HTML-Section&RequestAppliesTo=Rule-Connect-MCP&RequestRuleName=pzDelegationExperience Payload: "{\"RequestClass\":\"Rule-HTML-Section\",\"RequestAppliesTo\":\"Rule-Connect-MCP\",\"RequestRuleName\":\"pzDelegationExperience\"}" => HTTP 404 (18 bytes)
[PegaHttpClient] 📡 POST https://zdk8budo.pegaacademy.net/prweb/api/HRAppsV2/V1/rules/query?pxObjClass=Rule-HTML-Section&appliesTo=Rule-Connect-MCP&pyRuleName=pzDelegationExperience&RequestClass=Rule-HTML-Section&RequestAppliesTo=Rule-Connect-MCP&RequestRuleName=pzDelegationExperience Payload: "{\"RequestClass\":\"Rule-HTML-Section\",\"RequestAppliesTo\":\"Rule-Connect-MCP\",\"RequestRuleName\":\"pzDelegationExperience\"}" => HTTP 404 (18 bytes)
[PegaHttpClient] 📡 POST https://zdk8budo.pegaacademy.net/prweb/PRRestService/HRAppsV2/V1/rules/query?pxObjClass=Rule-HTML-Section&appliesTo=Rule-Connect-MCP&pyRuleName=pzDelegationExperience&RequestClass=Rule-HTML-Section&RequestAppliesTo=Rule-Connect-MCP&RequestRuleName=pzDelegationExperience Payload: "{\"RequestClass\":\"Rule-HTML-Section\",\"RequestAppliesTo\":\"Rule-Connect-MCP\",\"RequestRuleName\":\"pzDelegationExperience\"}" => HTTP 404 (18 bytes)
[PegaHttpClient] 📡 POST https://zdk8budo.pegaacademy.net/prweb/api/v1/rules/query?pxObjClass=Rule-HTML-Section&appliesTo=Rule-Connect-MCP&pyRuleName=pzDelegationExperience&RequestClass=Rule-HTML-Section&RequestAppliesTo=Rule-Connect-MCP&RequestRuleName=pzDelegationExperience Payload: "{\"RequestClass\":\"Rule-HTML-Section\",\"RequestAppliesTo\":\"Rule-Connect-MCP\",\"RequestRuleName\":\"pzDelegationExperience\"}" => HTTP 404 (18 bytes)
[PegaHttpClient] 📡 POST https://zdk8budo.pegaacademy.net/prweb/PRRestService/v1/rules/query?pxObjClass=Rule-HTML-Section&appliesTo=Rule-Connect-MCP&pyRuleName=pzDelegationExperience&RequestClass=Rule-HTML-Section&RequestAppliesTo=Rule-Connect-MCP&RequestRuleName=pzDelegationExperience Payload: "{\"RequestClass\":\"Rule-HTML-Section\",\"RequestAppliesTo\":\"Rule-Connect-MCP\",\"RequestRuleName\":\"pzDelegationExperience\"}" => HTTP 404 (18 bytes)
[PegaHttpClient] 📡 POST https://zdk8budo.pegaacademy.net/prweb/api/CodeIntelligence/v1/rules/query?pxObjClass=Rule-HTML-Section&appliesTo=Rule-Connect-MCP&pyRuleName=pyService&RequestClass=Rule-HTML-Section&RequestAppliesTo=Rule-Connect-MCP&RequestRuleName=pyService Payload: "{\"RequestClass\":\"Rule-HTML-Section\",\"RequestAppliesTo\":\"Rule-Connect-MCP\",\"RequestRuleName\":\"pyService\"}" => HTTP 200 (129875 bytes)
[PegaHttpClient] 📡 POST https://zdk8budo.pegaacademy.net/prweb/api/CodeIntelligence/v1/rules/query?pxObjClass=Rule-HTML-Section&appliesTo=Rule-Connect-MCP&pyRuleName=RuleFormHistory&RequestClass=Rule-HTML-Section&RequestAppliesTo=Rule-Connect-MCP&RequestRuleName=RuleFormHistory Payload: "{\"RequestClass\":\"Rule-HTML-Section\",\"RequestAppliesTo\":\"Rule-Connect-MCP\",\"RequestRuleName\":\"RuleFormHistory\"}" => HTTP 200 (76091 bytes)
[PegaHttpClient] 📡 POST https://zdk8budo.pegaacademy.net/prweb/api/CodeIntelligence/v1/rules/query?pxObjClass=Rule-HTML-Section&appliesTo=Rule-Connect-MCP&pyRuleName=pzCustomHelp&RequestClass=Rule-HTML-Section&RequestAppliesTo=Rule-Connect-MCP&RequestRuleName=pzCustomHelp Payload: "{\"RequestClass\":\"Rule-HTML-Section\",\"RequestAppliesTo\":\"Rule-Connect-MCP\",\"RequestRuleName\":\"pzCustomHelp\"}" => HTTP 200 (31573 bytes)
[PegaHttpClient] 📡 POST https://zdk8budo.pegaacademy.net/prweb/api/CodeIntelligence/v1/rules/query?pxObjClass=Rule-HTML-Section&appliesTo=Rule-Connect-MCP&pyRuleName=pzRuleFormKeysAndDescription&RequestClass=Rule-HTML-Section&RequestAppliesTo=Rule-Connect-MCP&RequestRuleName=pzRuleFormKeysAndDescription Payload: "{\"RequestClass\":\"Rule-HTML-Section\",\"RequestAppliesTo\":\"Rule-Connect-MCP\",\"RequestRuleName\":\"pzRuleFormKeysAndDescription\"}" => HTTP 200 (218057 bytes)
[PegaHttpClient] 📡 POST https://zdk8budo.pegaacademy.net/prweb/api/CodeIntelligence/v1/rules/query?pxObjClass=Rule-HTML-Section&appliesTo=Rule-Connect-MCP&pyRuleName=pzRuleFormRuleset&RequestClass=Rule-HTML-Section&RequestAppliesTo=Rule-Connect-MCP&RequestRuleName=pzRuleFormRuleset Payload: "{\"RequestClass\":\"Rule-HTML-Section\",\"RequestAppliesTo\":\"Rule-Connect-MCP\",\"RequestRuleName\":\"pzRuleFormRuleset\"}" => HTTP 200 (33985 bytes)
[PegaHttpClient] 📡 POST https://zdk8budo.pegaacademy.net/prweb/api/CodeIntelligence/v1/rules/query?pxObjClass=Rule-HTML-Section&appliesTo=Rule-Connect-MCP&pyRuleName=undefined&RequestClass=Rule-HTML-Section&RequestAppliesTo=Rule-Connect-MCP&RequestRuleName=undefined Payload: "{\"RequestClass\":\"Rule-HTML-Section\",\"RequestAppliesTo\":\"Rule-Connect-MCP\",\"RequestRuleName\":\"undefined\"}" => HTTP 404 (103 bytes)
[PegaHttpClient] 📡 POST https://zdk8budo.pegaacademy.net/prweb/PRRestService/CodeIntelligence/v1/rules/query?pxObjClass=Rule-HTML-Section&appliesTo=Rule-Connect-MCP&pyRuleName=undefined&RequestClass=Rule-HTML-Section&RequestAppliesTo=Rule-Connect-MCP&RequestRuleName=undefined Payload: "{\"RequestClass\":\"Rule-HTML-Section\",\"RequestAppliesTo\":\"Rule-Connect-MCP\",\"RequestRuleName\":\"undefined\"}" => HTTP 404 (103 bytes)
[PegaHttpClient] 📡 POST https://zdk8budo.pegaacademy.net/prweb/api/HRAppsV2Service/V1/rules/query?pxObjClass=Rule-HTML-Section&appliesTo=Rule-Connect-MCP&pyRuleName=undefined&RequestClass=Rule-HTML-Section&RequestAppliesTo=Rule-Connect-MCP&RequestRuleName=undefined Payload: "{\"RequestClass\":\"Rule-HTML-Section\",\"RequestAppliesTo\":\"Rule-Connect-MCP\",\"RequestRuleName\":\"undefined\"}" => HTTP 404 (18 bytes)
[PegaHttpClient] 📡 POST https://zdk8budo.pegaacademy.net/prweb/PRRestService/HRAppsV2Service/V1/rules/query?pxObjClass=Rule-HTML-Section&appliesTo=Rule-Connect-MCP&pyRuleName=undefined&RequestClass=Rule-HTML-Section&RequestAppliesTo=Rule-Connect-MCP&RequestRuleName=undefined Payload: "{\"RequestClass\":\"Rule-HTML-Section\",\"RequestAppliesTo\":\"Rule-Connect-MCP\",\"RequestRuleName\":\"undefined\"}" => HTTP 404 (18 bytes)
[PegaHttpClient] 📡 POST https://zdk8budo.pegaacademy.net/prweb/api/HRAppsV2/V1/rules/query?pxObjClass=Rule-HTML-Section&appliesTo=Rule-Connect-MCP&pyRuleName=undefined&RequestClass=Rule-HTML-Section&RequestAppliesTo=Rule-Connect-MCP&RequestRuleName=undefined Payload: "{\"RequestClass\":\"Rule-HTML-Section\",\"RequestAppliesTo\":\"Rule-Connect-MCP\",\"RequestRuleName\":\"undefined\"}" => HTTP 404 (18 bytes)
[PegaHttpClient] 📡 POST https://zdk8budo.pegaacademy.net/prweb/PRRestService/HRAppsV2/V1/rules/query?pxObjClass=Rule-HTML-Section&appliesTo=Rule-Connect-MCP&pyRuleName=undefined&RequestClass=Rule-HTML-Section&RequestAppliesTo=Rule-Connect-MCP&RequestRuleName=undefined Payload: "{\"RequestClass\":\"Rule-HTML-Section\",\"RequestAppliesTo\":\"Rule-Connect-MCP\",\"RequestRuleName\":\"undefined\"}" => HTTP 404 (18 bytes)
[PegaHttpClient] 📡 POST https://zdk8budo.pegaacademy.net/prweb/api/v1/rules/query?pxObjClass=Rule-HTML-Section&appliesTo=Rule-Connect-MCP&pyRuleName=undefined&RequestClass=Rule-HTML-Section&RequestAppliesTo=Rule-Connect-MCP&RequestRuleName=undefined Payload: "{\"RequestClass\":\"Rule-HTML-Section\",\"RequestAppliesTo\":\"Rule-Connect-MCP\",\"RequestRuleName\":\"undefined\"}" => HTTP 404 (18 bytes)
[PegaHttpClient] 📡 POST https://zdk8budo.pegaacademy.net/prweb/PRRestService/v1/rules/query?pxObjClass=Rule-HTML-Section&appliesTo=Rule-Connect-MCP&pyRuleName=undefined&RequestClass=Rule-HTML-Section&RequestAppliesTo=Rule-Connect-MCP&RequestRuleName=undefined Payload: "{\"RequestClass\":\"Rule-HTML-Section\",\"RequestAppliesTo\":\"Rule-Connect-MCP\",\"RequestRuleName\":\"undefined\"}" => HTTP 404 (18 bytes)
[PegaHttpClient] 📡 POST https://zdk8budo.pegaacademy.net/prweb/api/CodeIntelligence/v1/rules/query?pxObjClass=Rule-HTML-Section&appliesTo=Rule-Connect-MCP&pyRuleName=pzRuleFormToolbar&RequestClass=Rule-HTML-Section&RequestAppliesTo=Rule-Connect-MCP&RequestRuleName=pzRuleFormToolbar Payload: "{\"RequestClass\":\"Rule-HTML-Section\",\"RequestAppliesTo\":\"Rule-Connect-MCP\",\"RequestRuleName\":\"pzRuleFormToolbar\"}" => HTTP 200 (242691 bytes)
[PegaHttpClient] 📡 POST https://zdk8budo.pegaacademy.net/prweb/api/CodeIntelligence/v1/rules/query?pxObjClass=Rule-HTML-Section&appliesTo=Rule-Connect-MCP&pyRuleName=pzRuleFormToolbarCompare&RequestClass=Rule-HTML-Section&RequestAppliesTo=Rule-Connect-MCP&RequestRuleName=pzRuleFormToolbarCompare Payload: "{\"RequestClass\":\"Rule-HTML-Section\",\"RequestAppliesTo\":\"Rule-Connect-MCP\",\"RequestRuleName\":\"pzRuleFormToolbarCompare\"}" => HTTP 200 (61925 bytes)
[PegaHttpClient] 📡 POST https://zdk8budo.pegaacademy.net/prweb/api/CodeIntelligence/v1/rules/query?pxObjClass=Rule-HTML-Section&appliesTo=Rule-Connect-MCP&pyRuleName=RuleFormHeaderMessages&RequestClass=Rule-HTML-Section&RequestAppliesTo=Rule-Connect-MCP&RequestRuleName=RuleFormHeaderMessages Payload: "{\"RequestClass\":\"Rule-HTML-Section\",\"RequestAppliesTo\":\"Rule-Connect-MCP\",\"RequestRuleName\":\"RuleFormHeaderMessages\"}" => HTTP 200 (26518 bytes)
[PegaHttpClient] 📡 POST https://zdk8budo.pegaacademy.net/prweb/api/CodeIntelligence/v1/rules/query?pxObjClass=Rule-HTML-Section&appliesTo=Rule-Connect-MCP&pyRuleName=pzEmbedSSEURL&RequestClass=Rule-HTML-Section&RequestAppliesTo=Rule-Connect-MCP&RequestRuleName=pzEmbedSSEURL Payload: "{\"RequestClass\":\"Rule-HTML-Section\",\"RequestAppliesTo\":\"Rule-Connect-MCP\",\"RequestRuleName\":\"pzEmbedSSEURL\"}" => HTTP 200 (68760 bytes)
[PegaHttpClient] 📡 POST https://zdk8budo.pegaacademy.net/prweb/api/CodeIntelligence/v1/rules/query?pxObjClass=Rule-HTML-Section&appliesTo=Rule-Connect-MCP&pyRuleName=pzEmbedStreamableHTTPURL&RequestClass=Rule-HTML-Section&RequestAppliesTo=Rule-Connect-MCP&RequestRuleName=pzEmbedStreamableHTTPURL Payload: "{\"RequestClass\":\"Rule-HTML-Section\",\"RequestAppliesTo\":\"Rule-Connect-MCP\",\"RequestRuleName\":\"pzEmbedStreamableHTTPURL\"}" => HTTP 200 (69206 bytes)
[PegaHttpClient] 📡 POST https://zdk8budo.pegaacademy.net/prweb/api/CodeIntelligence/v1/rules/query?pxObjClass=Rule-HTML-Section&appliesTo=Rule-Connect-MCP&pyRuleName=pyCustomHeaders&RequestClass=Rule-HTML-Section&RequestAppliesTo=Rule-Connect-MCP&RequestRuleName=pyCustomHeaders Payload: "{\"RequestClass\":\"Rule-HTML-Section\",\"RequestAppliesTo\":\"Rule-Connect-MCP\",\"RequestRuleName\":\"pyCustomHeaders\"}" => HTTP 200 (96493 bytes)
[PegaHttpClient] 📡 POST https://zdk8budo.pegaacademy.net/prweb/api/CodeIntelligence/v1/rules/query?pxObjClass=Rule-HTML-Section&appliesTo=Rule-Connect-MCP&pyRuleName=AuthConfig&RequestClass=Rule-HTML-Section&RequestAppliesTo=Rule-Connect-MCP&RequestRuleName=AuthConfig Payload: "{\"RequestClass\":\"Rule-HTML-Section\",\"RequestAppliesTo\":\"Rule-Connect-MCP\",\"RequestRuleName\":\"AuthConfig\"}" => HTTP 200 (57602 bytes)
[PegaHttpClient] 📡 POST https://zdk8budo.pegaacademy.net/prweb/api/CodeIntelligence/v1/rules/query?pxObjClass=Rule-HTML-Section&appliesTo=Rule-Connect-MCP&pyRuleName=pzTestConnectivity&RequestClass=Rule-HTML-Section&RequestAppliesTo=Rule-Connect-MCP&RequestRuleName=pzTestConnectivity Payload: "{\"RequestClass\":\"Rule-HTML-Section\",\"RequestAppliesTo\":\"Rule-Connect-MCP\",\"RequestRuleName\":\"pzTestConnectivity\"}" => HTTP 200 (63701 bytes)
[PegaHttpClient] 📡 POST https://zdk8budo.pegaacademy.net/prweb/api/CodeIntelligence/v1/rules/query?pxObjClass=Rule-HTML-Section&appliesTo=Rule-Connect-MCP&pyRuleName=pzAlternateRuleInfo&RequestClass=Rule-HTML-Section&RequestAppliesTo=Rule-Connect-MCP&RequestRuleName=pzAlternateRuleInfo Payload: "{\"RequestClass\":\"Rule-HTML-Section\",\"RequestAppliesTo\":\"Rule-Connect-MCP\",\"RequestRuleName\":\"pzAlternateRuleInfo\"}" => HTTP 200 (140407 bytes)
[PegaHttpClient] 📡 POST https://zdk8budo.pegaacademy.net/prweb/api/CodeIntelligence/v1/rules/query?pxObjClass=Rule-HTML-Section&appliesTo=Rule-Connect-MCP&pyRuleName=RuleFormHistory_Description&RequestClass=Rule-HTML-Section&RequestAppliesTo=Rule-Connect-MCP&RequestRuleName=RuleFormHistory_Description Payload: "{\"RequestClass\":\"Rule-HTML-Section\",\"RequestAppliesTo\":\"Rule-Connect-MCP\",\"RequestRuleName\":\"RuleFormHistory_Description\"}" => HTTP 200 (52209 bytes)
[PegaHttpClient] 📡 POST https://zdk8budo.pegaacademy.net/prweb/api/CodeIntelligence/v1/rules/query?pxObjClass=Rule-HTML-Section&appliesTo=Rule-Connect-MCP&pyRuleName=RuleFormHistory_CustomFields&RequestClass=Rule-HTML-Section&RequestAppliesTo=Rule-Connect-MCP&RequestRuleName=RuleFormHistory_CustomFields Payload: "{\"RequestClass\":\"Rule-HTML-Section\",\"RequestAppliesTo\":\"Rule-Connect-MCP\",\"RequestRuleName\":\"RuleFormHistory_CustomFields\"}" => HTTP 200 (75856 bytes)
[PegaHttpClient] 📡 POST https://zdk8budo.pegaacademy.net/prweb/api/CodeIntelligence/v1/rules/query?pxObjClass=Rule-HTML-Section&appliesTo=Rule-Connect-MCP&pyRuleName=RuleFormHistory_HistoryDetails&RequestClass=Rule-HTML-Section&RequestAppliesTo=Rule-Connect-MCP&RequestRuleName=RuleFormHistory_HistoryDetails Payload: "{\"RequestClass\":\"Rule-HTML-Section\",\"RequestAppliesTo\":\"Rule-Connect-MCP\",\"RequestRuleName\":\"RuleFormHistory_HistoryDetails\"}" => HTTP 200 (179535 bytes)
[PegaHttpClient] 📡 POST https://zdk8budo.pegaacademy.net/prweb/api/CodeIntelligence/v1/rules/query?pxObjClass=Rule-HTML-Section&appliesTo=Rule-Connect-MCP&pyRuleName=pzRuleFormStatus&RequestClass=Rule-HTML-Section&RequestAppliesTo=Rule-Connect-MCP&RequestRuleName=pzRuleFormStatus Payload: "{\"RequestClass\":\"Rule-HTML-Section\",\"RequestAppliesTo\":\"Rule-Connect-MCP\",\"RequestRuleName\":\"pzRuleFormStatus\"}" => HTTP 200 (97627 bytes)
[PegaHttpClient] 📡 POST https://zdk8budo.pegaacademy.net/prweb/api/CodeIntelligence/v1/rules/query?pxObjClass=Rule-HTML-Section&appliesTo=Rule-Connect-MCP&pyRuleName=pzRuleFormHeaderCompareWithDropDown&RequestClass=Rule-HTML-Section&RequestAppliesTo=Rule-Connect-MCP&RequestRuleName=pzRuleFormHeaderCompareWithDropDown Payload: "{\"RequestClass\":\"Rule-HTML-Section\",\"RequestAppliesTo\":\"Rule-Connect-MCP\",\"RequestRuleName\":\"pzRuleFormHeaderCompareWithDropDown\"}" => HTTP 200 (25396 bytes)
[PegaHttpClient] 📡 POST https://zdk8budo.pegaacademy.net/prweb/api/CodeIntelligence/v1/rules/query?pxObjClass=Rule-HTML-Section&appliesTo=Rule-Connect-MCP&pyRuleName=undefined&RequestClass=Rule-HTML-Section&RequestAppliesTo=Rule-Connect-MCP&RequestRuleName=undefined Payload: "{\"RequestClass\":\"Rule-HTML-Section\",\"RequestAppliesTo\":\"Rule-Connect-MCP\",\"RequestRuleName\":\"undefined\"}" => HTTP 404 (103 bytes)
[PegaHttpClient] 📡 POST https://zdk8budo.pegaacademy.net/prweb/PRRestService/CodeIntelligence/v1/rules/query?pxObjClass=Rule-HTML-Section&appliesTo=Rule-Connect-MCP&pyRuleName=undefined&RequestClass=Rule-HTML-Section&RequestAppliesTo=Rule-Connect-MCP&RequestRuleName=undefined Payload: "{\"RequestClass\":\"Rule-HTML-Section\",\"RequestAppliesTo\":\"Rule-Connect-MCP\",\"RequestRuleName\":\"undefined\"}" => HTTP 404 (103 bytes)
[PegaHttpClient] 📡 POST https://zdk8budo.pegaacademy.net/prweb/api/HRAppsV2Service/V1/rules/query?pxObjClass=Rule-HTML-Section&appliesTo=Rule-Connect-MCP&pyRuleName=undefined&RequestClass=Rule-HTML-Section&RequestAppliesTo=Rule-Connect-MCP&RequestRuleName=undefined Payload: "{\"RequestClass\":\"Rule-HTML-Section\",\"RequestAppliesTo\":\"Rule-Connect-MCP\",\"RequestRuleName\":\"undefined\"}" => HTTP 404 (18 bytes)
[PegaHttpClient] 📡 POST https://zdk8budo.pegaacademy.net/prweb/PRRestService/HRAppsV2Service/V1/rules/query?pxObjClass=Rule-HTML-Section&appliesTo=Rule-Connect-MCP&pyRuleName=undefined&RequestClass=Rule-HTML-Section&RequestAppliesTo=Rule-Connect-MCP&RequestRuleName=undefined Payload: "{\"RequestClass\":\"Rule-HTML-Section\",\"RequestAppliesTo\":\"Rule-Connect-MCP\",\"RequestRuleName\":\"undefined\"}" => HTTP 404 (18 bytes)
[PegaHttpClient] 📡 POST https://zdk8budo.pegaacademy.net/prweb/api/HRAppsV2/V1/rules/query?pxObjClass=Rule-HTML-Section&appliesTo=Rule-Connect-MCP&pyRuleName=undefined&RequestClass=Rule-HTML-Section&RequestAppliesTo=Rule-Connect-MCP&RequestRuleName=undefined Payload: "{\"RequestClass\":\"Rule-HTML-Section\",\"RequestAppliesTo\":\"Rule-Connect-MCP\",\"RequestRuleName\":\"undefined\"}" => HTTP 404 (18 bytes)
[PegaHttpClient] 📡 POST https://zdk8budo.pegaacademy.net/prweb/PRRestService/HRAppsV2/V1/rules/query?pxObjClass=Rule-HTML-Section&appliesTo=Rule-Connect-MCP&pyRuleName=undefined&RequestClass=Rule-HTML-Section&RequestAppliesTo=Rule-Connect-MCP&RequestRuleName=undefined Payload: "{\"RequestClass\":\"Rule-HTML-Section\",\"RequestAppliesTo\":\"Rule-Connect-MCP\",\"RequestRuleName\":\"undefined\"}" => HTTP 404 (18 bytes)
[PegaHttpClient] 📡 POST https://zdk8budo.pegaacademy.net/prweb/api/v1/rules/query?pxObjClass=Rule-HTML-Section&appliesTo=Rule-Connect-MCP&pyRuleName=undefined&RequestClass=Rule-HTML-Section&RequestAppliesTo=Rule-Connect-MCP&RequestRuleName=undefined Payload: "{\"RequestClass\":\"Rule-HTML-Section\",\"RequestAppliesTo\":\"Rule-Connect-MCP\",\"RequestRuleName\":\"undefined\"}" => HTTP 404 (18 bytes)
[PegaHttpClient] 📡 POST https://zdk8budo.pegaacademy.net/prweb/PRRestService/v1/rules/query?pxObjClass=Rule-HTML-Section&appliesTo=Rule-Connect-MCP&pyRuleName=undefined&RequestClass=Rule-HTML-Section&RequestAppliesTo=Rule-Connect-MCP&RequestRuleName=undefined Payload: "{\"RequestClass\":\"Rule-HTML-Section\",\"RequestAppliesTo\":\"Rule-Connect-MCP\",\"RequestRuleName\":\"undefined\"}" => HTTP 404 (18 bytes)
[PegaHttpClient] 📡 POST https://zdk8budo.pegaacademy.net/prweb/api/CodeIntelligence/v1/rules/query?pxObjClass=Rule-HTML-Section&appliesTo=Rule-Connect-MCP&pyRuleName=pzRuleFormToolbarHotKeys&RequestClass=Rule-HTML-Section&RequestAppliesTo=Rule-Connect-MCP&RequestRuleName=pzRuleFormToolbarHotKeys Payload: "{\"RequestClass\":\"Rule-HTML-Section\",\"RequestAppliesTo\":\"Rule-Connect-MCP\",\"RequestRuleName\":\"pzRuleFormToolbarHotKeys\"}" => HTTP 200 (85058 bytes)
[PegaHttpClient] 📡 POST https://zdk8budo.pegaacademy.net/prweb/api/CodeIntelligence/v1/rules/query?pxObjClass=Rule-HTML-Section&appliesTo=Rule-Connect-MCP&pyRuleName=pzRuleFormToolbarLockedIcon&RequestClass=Rule-HTML-Section&RequestAppliesTo=Rule-Connect-MCP&RequestRuleName=pzRuleFormToolbarLockedIcon Payload: "{\"RequestClass\":\"Rule-HTML-Section\",\"RequestAppliesTo\":\"Rule-Connect-MCP\",\"RequestRuleName\":\"pzRuleFormToolbarLockedIcon\"}" => HTTP 200 (24898 bytes)
[PegaHttpClient] 📡 POST https://zdk8budo.pegaacademy.net/prweb/api/CodeIntelligence/v1/rules/query?pxObjClass=Rule-HTML-Section&appliesTo=Rule-Connect-MCP&pyRuleName=pzRuleFormToolbarCollaborators&RequestClass=Rule-HTML-Section&RequestAppliesTo=Rule-Connect-MCP&RequestRuleName=pzRuleFormToolbarCollaborators Payload: "{\"RequestClass\":\"Rule-HTML-Section\",\"RequestAppliesTo\":\"Rule-Connect-MCP\",\"RequestRuleName\":\"pzRuleFormToolbarCollaborators\"}" => HTTP 200 (15254 bytes)
[PegaHttpClient] 📡 POST https://zdk8budo.pegaacademy.net/prweb/api/CodeIntelligence/v1/rules/query?pxObjClass=Rule-HTML-Section&appliesTo=Rule-Connect-MCP&pyRuleName=pzRuleFormToolbarSaveAs&RequestClass=Rule-HTML-Section&RequestAppliesTo=Rule-Connect-MCP&RequestRuleName=pzRuleFormToolbarSaveAs Payload: "{\"RequestClass\":\"Rule-HTML-Section\",\"RequestAppliesTo\":\"Rule-Connect-MCP\",\"RequestRuleName\":\"pzRuleFormToolbarSaveAs\"}" => HTTP 200 (64084 bytes)
[PegaHttpClient] 📡 POST https://zdk8budo.pegaacademy.net/prweb/api/CodeIntelligence/v1/rules/query?pxObjClass=Rule-HTML-Section&appliesTo=Rule-Connect-MCP&pyRuleName=pzRuleFormToolbarCheckin&RequestClass=Rule-HTML-Section&RequestAppliesTo=Rule-Connect-MCP&RequestRuleName=pzRuleFormToolbarCheckin Payload: "{\"RequestClass\":\"Rule-HTML-Section\",\"RequestAppliesTo\":\"Rule-Connect-MCP\",\"RequestRuleName\":\"pzRuleFormToolbarCheckin\"}" => HTTP 200 (119096 bytes)
[PegaHttpClient] 📡 POST https://zdk8budo.pegaacademy.net/prweb/api/CodeIntelligence/v1/rules/query?pxObjClass=Rule-HTML-Section&appliesTo=Rule-Connect-MCP&pyRuleName=pzRuleFormToolbarDelete&RequestClass=Rule-HTML-Section&RequestAppliesTo=Rule-Connect-MCP&RequestRuleName=pzRuleFormToolbarDelete Payload: "{\"RequestClass\":\"Rule-HTML-Section\",\"RequestAppliesTo\":\"Rule-Connect-MCP\",\"RequestRuleName\":\"pzRuleFormToolbarDelete\"}" => HTTP 200 (30249 bytes)
[PegaHttpClient] 📡 POST https://zdk8budo.pegaacademy.net/prweb/api/CodeIntelligence/v1/rules/query?pxObjClass=Rule-HTML-Section&appliesTo=Rule-Connect-MCP&pyRuleName=pzRuleFormToolbarSave&RequestClass=Rule-HTML-Section&RequestAppliesTo=Rule-Connect-MCP&RequestRuleName=pzRuleFormToolbarSave Payload: "{\"RequestClass\":\"Rule-HTML-Section\",\"RequestAppliesTo\":\"Rule-Connect-MCP\",\"RequestRuleName\":\"pzRuleFormToolbarSave\"}" => HTTP 200 (293885 bytes)
[PegaHttpClient] 📡 POST https://zdk8budo.pegaacademy.net/prweb/api/CodeIntelligence/v1/rules/query?pxObjClass=Rule-HTML-Section&appliesTo=Rule-Connect-MCP&pyRuleName=pzRuleFormToolbarCheckout&RequestClass=Rule-HTML-Section&RequestAppliesTo=Rule-Connect-MCP&RequestRuleName=pzRuleFormToolbarCheckout Payload: "{\"RequestClass\":\"Rule-HTML-Section\",\"RequestAppliesTo\":\"Rule-Connect-MCP\",\"RequestRuleName\":\"pzRuleFormToolbarCheckout\"}" => HTTP 200 (238148 bytes)
[PegaHttpClient] 📡 POST https://zdk8budo.pegaacademy.net/prweb/api/CodeIntelligence/v1/rules/query?pxObjClass=Rule-HTML-Section&appliesTo=Rule-Connect-MCP&pyRuleName=pzRemoveErrorsDataPage&RequestClass=Rule-HTML-Section&RequestAppliesTo=Rule-Connect-MCP&RequestRuleName=pzRemoveErrorsDataPage Payload: "{\"RequestClass\":\"Rule-HTML-Section\",\"RequestAppliesTo\":\"Rule-Connect-MCP\",\"RequestRuleName\":\"pzRemoveErrorsDataPage\"}" => HTTP 200 (16733 bytes)
[PegaHttpClient] 📡 POST https://zdk8budo.pegaacademy.net/prweb/api/CodeIntelligence/v1/rules/query?pxObjClass=Rule-HTML-Section&appliesTo=Rule-Connect-MCP&pyRuleName=pzRuleFormHeaderMessagesWrapper&RequestClass=Rule-HTML-Section&RequestAppliesTo=Rule-Connect-MCP&RequestRuleName=pzRuleFormHeaderMessagesWrapper Payload: "{\"RequestClass\":\"Rule-HTML-Section\",\"RequestAppliesTo\":\"Rule-Connect-MCP\",\"RequestRuleName\":\"pzRuleFormHeaderMessagesWrapper\"}" => HTTP 200 (16981 bytes)
[PegaHttpClient] 📡 POST https://zdk8budo.pegaacademy.net/prweb/api/CodeIntelligence/v1/rules/query?pxObjClass=Rule-HTML-Section&appliesTo=Rule-Connect-MCP&pyRuleName=pzName&RequestClass=Rule-HTML-Section&RequestAppliesTo=Rule-Connect-MCP&RequestRuleName=pzName Payload: "{\"RequestClass\":\"Rule-HTML-Section\",\"RequestAppliesTo\":\"Rule-Connect-MCP\",\"RequestRuleName\":\"pzName\"}" => HTTP 404 (100 bytes)
[PegaHttpClient] 📡 POST https://zdk8budo.pegaacademy.net/prweb/PRRestService/CodeIntelligence/v1/rules/query?pxObjClass=Rule-HTML-Section&appliesTo=Rule-Connect-MCP&pyRuleName=pzName&RequestClass=Rule-HTML-Section&RequestAppliesTo=Rule-Connect-MCP&RequestRuleName=pzName Payload: "{\"RequestClass\":\"Rule-HTML-Section\",\"RequestAppliesTo\":\"Rule-Connect-MCP\",\"RequestRuleName\":\"pzName\"}" => HTTP 404 (100 bytes)
[PegaHttpClient] 📡 POST https://zdk8budo.pegaacademy.net/prweb/api/HRAppsV2Service/V1/rules/query?pxObjClass=Rule-HTML-Section&appliesTo=Rule-Connect-MCP&pyRuleName=pzName&RequestClass=Rule-HTML-Section&RequestAppliesTo=Rule-Connect-MCP&RequestRuleName=pzName Payload: "{\"RequestClass\":\"Rule-HTML-Section\",\"RequestAppliesTo\":\"Rule-Connect-MCP\",\"RequestRuleName\":\"pzName\"}" => HTTP 404 (18 bytes)
[PegaHttpClient] 📡 POST https://zdk8budo.pegaacademy.net/prweb/PRRestService/HRAppsV2Service/V1/rules/query?pxObjClass=Rule-HTML-Section&appliesTo=Rule-Connect-MCP&pyRuleName=pzName&RequestClass=Rule-HTML-Section&RequestAppliesTo=Rule-Connect-MCP&RequestRuleName=pzName Payload: "{\"RequestClass\":\"Rule-HTML-Section\",\"RequestAppliesTo\":\"Rule-Connect-MCP\",\"RequestRuleName\":\"pzName\"}" => HTTP 404 (18 bytes)
[PegaHttpClient] 📡 POST https://zdk8budo.pegaacademy.net/prweb/api/HRAppsV2/V1/rules/query?pxObjClass=Rule-HTML-Section&appliesTo=Rule-Connect-MCP&pyRuleName=pzName&RequestClass=Rule-HTML-Section&RequestAppliesTo=Rule-Connect-MCP&RequestRuleName=pzName Payload: "{\"RequestClass\":\"Rule-HTML-Section\",\"RequestAppliesTo\":\"Rule-Connect-MCP\",\"RequestRuleName\":\"pzName\"}" => HTTP 404 (18 bytes)
[PegaHttpClient] 📡 POST https://zdk8budo.pegaacademy.net/prweb/PRRestService/HRAppsV2/V1/rules/query?pxObjClass=Rule-HTML-Section&appliesTo=Rule-Connect-MCP&pyRuleName=pzName&RequestClass=Rule-HTML-Section&RequestAppliesTo=Rule-Connect-MCP&RequestRuleName=pzName Payload: "{\"RequestClass\":\"Rule-HTML-Section\",\"RequestAppliesTo\":\"Rule-Connect-MCP\",\"RequestRuleName\":\"pzName\"}" => HTTP 404 (18 bytes)
[PegaHttpClient] 📡 POST https://zdk8budo.pegaacademy.net/prweb/api/v1/rules/query?pxObjClass=Rule-HTML-Section&appliesTo=Rule-Connect-MCP&pyRuleName=pzName&RequestClass=Rule-HTML-Section&RequestAppliesTo=Rule-Connect-MCP&RequestRuleName=pzName Payload: "{\"RequestClass\":\"Rule-HTML-Section\",\"RequestAppliesTo\":\"Rule-Connect-MCP\",\"RequestRuleName\":\"pzName\"}" => HTTP 404 (18 bytes)
[PegaHttpClient] 📡 POST https://zdk8budo.pegaacademy.net/prweb/PRRestService/v1/rules/query?pxObjClass=Rule-HTML-Section&appliesTo=Rule-Connect-MCP&pyRuleName=pzName&RequestClass=Rule-HTML-Section&RequestAppliesTo=Rule-Connect-MCP&RequestRuleName=pzName Payload: "{\"RequestClass\":\"Rule-HTML-Section\",\"RequestAppliesTo\":\"Rule-Connect-MCP\",\"RequestRuleName\":\"pzName\"}" => HTTP 404 (18 bytes)
[PegaHttpClient] 📡 POST https://zdk8budo.pegaacademy.net/prweb/api/CodeIntelligence/v1/rules/query?pxObjClass=Rule-HTML-Section&appliesTo=Rule-Connect-MCP&pyRuleName=pzConnectParamMapFromOptions&RequestClass=Rule-HTML-Section&RequestAppliesTo=Rule-Connect-MCP&RequestRuleName=pzConnectParamMapFromOptions Payload: "{\"RequestClass\":\"Rule-HTML-Section\",\"RequestAppliesTo\":\"Rule-Connect-MCP\",\"RequestRuleName\":\"pzConnectParamMapFromOptions\"}" => HTTP 404 (122 bytes)
[PegaHttpClient] 📡 POST https://zdk8budo.pegaacademy.net/prweb/PRRestService/CodeIntelligence/v1/rules/query?pxObjClass=Rule-HTML-Section&appliesTo=Rule-Connect-MCP&pyRuleName=pzConnectParamMapFromOptions&RequestClass=Rule-HTML-Section&RequestAppliesTo=Rule-Connect-MCP&RequestRuleName=pzConnectParamMapFromOptions Payload: "{\"RequestClass\":\"Rule-HTML-Section\",\"RequestAppliesTo\":\"Rule-Connect-MCP\",\"RequestRuleName\":\"pzConnectParamMapFromOptions\"}" => HTTP 404 (122 bytes)
[PegaHttpClient] 📡 POST https://zdk8budo.pegaacademy.net/prweb/api/HRAppsV2Service/V1/rules/query?pxObjClass=Rule-HTML-Section&appliesTo=Rule-Connect-MCP&pyRuleName=pzConnectParamMapFromOptions&RequestClass=Rule-HTML-Section&RequestAppliesTo=Rule-Connect-MCP&RequestRuleName=pzConnectParamMapFromOptions Payload: "{\"RequestClass\":\"Rule-HTML-Section\",\"RequestAppliesTo\":\"Rule-Connect-MCP\",\"RequestRuleName\":\"pzConnectParamMapFromOptions\"}" => HTTP 404 (18 bytes)
[PegaHttpClient] 📡 POST https://zdk8budo.pegaacademy.net/prweb/PRRestService/HRAppsV2Service/V1/rules/query?pxObjClass=Rule-HTML-Section&appliesTo=Rule-Connect-MCP&pyRuleName=pzConnectParamMapFromOptions&RequestClass=Rule-HTML-Section&RequestAppliesTo=Rule-Connect-MCP&RequestRuleName=pzConnectParamMapFromOptions Payload: "{\"RequestClass\":\"Rule-HTML-Section\",\"RequestAppliesTo\":\"Rule-Connect-MCP\",\"RequestRuleName\":\"pzConnectParamMapFromOptions\"}" => HTTP 404 (18 bytes)
[PegaHttpClient] 📡 POST https://zdk8budo.pegaacademy.net/prweb/api/HRAppsV2/V1/rules/query?pxObjClass=Rule-HTML-Section&appliesTo=Rule-Connect-MCP&pyRuleName=pzConnectParamMapFromOptions&RequestClass=Rule-HTML-Section&RequestAppliesTo=Rule-Connect-MCP&RequestRuleName=pzConnectParamMapFromOptions Payload: "{\"RequestClass\":\"Rule-HTML-Section\",\"RequestAppliesTo\":\"Rule-Connect-MCP\",\"RequestRuleName\":\"pzConnectParamMapFromOptions\"}" => HTTP 404 (18 bytes)
[PegaHttpClient] 📡 POST https://zdk8budo.pegaacademy.net/prweb/PRRestService/HRAppsV2/V1/rules/query?pxObjClass=Rule-HTML-Section&appliesTo=Rule-Connect-MCP&pyRuleName=pzConnectParamMapFromOptions&RequestClass=Rule-HTML-Section&RequestAppliesTo=Rule-Connect-MCP&RequestRuleName=pzConnectParamMapFromOptions Payload: "{\"RequestClass\":\"Rule-HTML-Section\",\"RequestAppliesTo\":\"Rule-Connect-MCP\",\"RequestRuleName\":\"pzConnectParamMapFromOptions\"}" => HTTP 404 (18 bytes)
[PegaHttpClient] 📡 POST https://zdk8budo.pegaacademy.net/prweb/api/v1/rules/query?pxObjClass=Rule-HTML-Section&appliesTo=Rule-Connect-MCP&pyRuleName=pzConnectParamMapFromOptions&RequestClass=Rule-HTML-Section&RequestAppliesTo=Rule-Connect-MCP&RequestRuleName=pzConnectParamMapFromOptions Payload: "{\"RequestClass\":\"Rule-HTML-Section\",\"RequestAppliesTo\":\"Rule-Connect-MCP\",\"RequestRuleName\":\"pzConnectParamMapFromOptions\"}" => HTTP 404 (18 bytes)
[PegaHttpClient] 📡 POST https://zdk8budo.pegaacademy.net/prweb/PRRestService/v1/rules/query?pxObjClass=Rule-HTML-Section&appliesTo=Rule-Connect-MCP&pyRuleName=pzConnectParamMapFromOptions&RequestClass=Rule-HTML-Section&RequestAppliesTo=Rule-Connect-MCP&RequestRuleName=pzConnectParamMapFromOptions Payload: "{\"RequestClass\":\"Rule-HTML-Section\",\"RequestAppliesTo\":\"Rule-Connect-MCP\",\"RequestRuleName\":\"pzConnectParamMapFromOptions\"}" => HTTP 404 (18 bytes)
[PegaHttpClient] 📡 POST https://zdk8budo.pegaacademy.net/prweb/api/CodeIntelligence/v1/rules/query?pxObjClass=Rule-HTML-Section&appliesTo=Rule-Connect-MCP&pyRuleName=pzConnectMapFromKey&RequestClass=Rule-HTML-Section&RequestAppliesTo=Rule-Connect-MCP&RequestRuleName=pzConnectMapFromKey Payload: "{\"RequestClass\":\"Rule-HTML-Section\",\"RequestAppliesTo\":\"Rule-Connect-MCP\",\"RequestRuleName\":\"pzConnectMapFromKey\"}" => HTTP 404 (113 bytes)
[PegaHttpClient] 📡 POST https://zdk8budo.pegaacademy.net/prweb/PRRestService/CodeIntelligence/v1/rules/query?pxObjClass=Rule-HTML-Section&appliesTo=Rule-Connect-MCP&pyRuleName=pzConnectMapFromKey&RequestClass=Rule-HTML-Section&RequestAppliesTo=Rule-Connect-MCP&RequestRuleName=pzConnectMapFromKey Payload: "{\"RequestClass\":\"Rule-HTML-Section\",\"RequestAppliesTo\":\"Rule-Connect-MCP\",\"RequestRuleName\":\"pzConnectMapFromKey\"}" => HTTP 404 (113 bytes)
[PegaHttpClient] 📡 POST https://zdk8budo.pegaacademy.net/prweb/api/HRAppsV2Service/V1/rules/query?pxObjClass=Rule-HTML-Section&appliesTo=Rule-Connect-MCP&pyRuleName=pzConnectMapFromKey&RequestClass=Rule-HTML-Section&RequestAppliesTo=Rule-Connect-MCP&RequestRuleName=pzConnectMapFromKey Payload: "{\"RequestClass\":\"Rule-HTML-Section\",\"RequestAppliesTo\":\"Rule-Connect-MCP\",\"RequestRuleName\":\"pzConnectMapFromKey\"}" => HTTP 404 (18 bytes)
[PegaHttpClient] 📡 POST https://zdk8budo.pegaacademy.net/prweb/PRRestService/HRAppsV2Service/V1/rules/query?pxObjClass=Rule-HTML-Section&appliesTo=Rule-Connect-MCP&pyRuleName=pzConnectMapFromKey&RequestClass=Rule-HTML-Section&RequestAppliesTo=Rule-Connect-MCP&RequestRuleName=pzConnectMapFromKey Payload: "{\"RequestClass\":\"Rule-HTML-Section\",\"RequestAppliesTo\":\"Rule-Connect-MCP\",\"RequestRuleName\":\"pzConnectMapFromKey\"}" => HTTP 404 (18 bytes)
[PegaHttpClient] 📡 POST https://zdk8budo.pegaacademy.net/prweb/api/HRAppsV2/V1/rules/query?pxObjClass=Rule-HTML-Section&appliesTo=Rule-Connect-MCP&pyRuleName=pzConnectMapFromKey&RequestClass=Rule-HTML-Section&RequestAppliesTo=Rule-Connect-MCP&RequestRuleName=pzConnectMapFromKey Payload: "{\"RequestClass\":\"Rule-HTML-Section\",\"RequestAppliesTo\":\"Rule-Connect-MCP\",\"RequestRuleName\":\"pzConnectMapFromKey\"}" => HTTP 404 (18 bytes)
[PegaHttpClient] 📡 POST https://zdk8budo.pegaacademy.net/prweb/PRRestService/HRAppsV2/V1/rules/query?pxObjClass=Rule-HTML-Section&appliesTo=Rule-Connect-MCP&pyRuleName=pzConnectMapFromKey&RequestClass=Rule-HTML-Section&RequestAppliesTo=Rule-Connect-MCP&RequestRuleName=pzConnectMapFromKey Payload: "{\"RequestClass\":\"Rule-HTML-Section\",\"RequestAppliesTo\":\"Rule-Connect-MCP\",\"RequestRuleName\":\"pzConnectMapFromKey\"}" => HTTP 404 (18 bytes)
[PegaHttpClient] 📡 POST https://zdk8budo.pegaacademy.net/prweb/api/v1/rules/query?pxObjClass=Rule-HTML-Section&appliesTo=Rule-Connect-MCP&pyRuleName=pzConnectMapFromKey&RequestClass=Rule-HTML-Section&RequestAppliesTo=Rule-Connect-MCP&RequestRuleName=pzConnectMapFromKey Payload: "{\"RequestClass\":\"Rule-HTML-Section\",\"RequestAppliesTo\":\"Rule-Connect-MCP\",\"RequestRuleName\":\"pzConnectMapFromKey\"}" => HTTP 404 (18 bytes)
[PegaHttpClient] 📡 POST https://zdk8budo.pegaacademy.net/prweb/PRRestService/v1/rules/query?pxObjClass=Rule-HTML-Section&appliesTo=Rule-Connect-MCP&pyRuleName=pzConnectMapFromKey&RequestClass=Rule-HTML-Section&RequestAppliesTo=Rule-Connect-MCP&RequestRuleName=pzConnectMapFromKey Payload: "{\"RequestClass\":\"Rule-HTML-Section\",\"RequestAppliesTo\":\"Rule-Connect-MCP\",\"RequestRuleName\":\"pzConnectMapFromKey\"}" => HTTP 404 (18 bytes)
[PegaHttpClient] 📡 POST https://zdk8budo.pegaacademy.net/prweb/api/CodeIntelligence/v1/rules/query?pxObjClass=Rule-HTML-Section&appliesTo=Rule-Connect-MCP&pyRuleName=pyToolNameSection&RequestClass=Rule-HTML-Section&RequestAppliesTo=Rule-Connect-MCP&RequestRuleName=pyToolNameSection Payload: "{\"RequestClass\":\"Rule-HTML-Section\",\"RequestAppliesTo\":\"Rule-Connect-MCP\",\"RequestRuleName\":\"pyToolNameSection\"}" => HTTP 404 (111 bytes)
[PegaHttpClient] 📡 POST https://zdk8budo.pegaacademy.net/prweb/PRRestService/CodeIntelligence/v1/rules/query?pxObjClass=Rule-HTML-Section&appliesTo=Rule-Connect-MCP&pyRuleName=pyToolNameSection&RequestClass=Rule-HTML-Section&RequestAppliesTo=Rule-Connect-MCP&RequestRuleName=pyToolNameSection Payload: "{\"RequestClass\":\"Rule-HTML-Section\",\"RequestAppliesTo\":\"Rule-Connect-MCP\",\"RequestRuleName\":\"pyToolNameSection\"}" => HTTP 404 (111 bytes)
[PegaHttpClient] 📡 POST https://zdk8budo.pegaacademy.net/prweb/api/HRAppsV2Service/V1/rules/query?pxObjClass=Rule-HTML-Section&appliesTo=Rule-Connect-MCP&pyRuleName=pyToolNameSection&RequestClass=Rule-HTML-Section&RequestAppliesTo=Rule-Connect-MCP&RequestRuleName=pyToolNameSection Payload: "{\"RequestClass\":\"Rule-HTML-Section\",\"RequestAppliesTo\":\"Rule-Connect-MCP\",\"RequestRuleName\":\"pyToolNameSection\"}" => HTTP 404 (18 bytes)
[PegaHttpClient] 📡 POST https://zdk8budo.pegaacademy.net/prweb/PRRestService/HRAppsV2Service/V1/rules/query?pxObjClass=Rule-HTML-Section&appliesTo=Rule-Connect-MCP&pyRuleName=pyToolNameSection&RequestClass=Rule-HTML-Section&RequestAppliesTo=Rule-Connect-MCP&RequestRuleName=pyToolNameSection Payload: "{\"RequestClass\":\"Rule-HTML-Section\",\"RequestAppliesTo\":\"Rule-Connect-MCP\",\"RequestRuleName\":\"pyToolNameSection\"}" => HTTP 404 (18 bytes)
[PegaHttpClient] 📡 POST https://zdk8budo.pegaacademy.net/prweb/api/HRAppsV2/V1/rules/query?pxObjClass=Rule-HTML-Section&appliesTo=Rule-Connect-MCP&pyRuleName=pyToolNameSection&RequestClass=Rule-HTML-Section&RequestAppliesTo=Rule-Connect-MCP&RequestRuleName=pyToolNameSection Payload: "{\"RequestClass\":\"Rule-HTML-Section\",\"RequestAppliesTo\":\"Rule-Connect-MCP\",\"RequestRuleName\":\"pyToolNameSection\"}" => HTTP 404 (18 bytes)
[PegaHttpClient] 📡 POST https://zdk8budo.pegaacademy.net/prweb/PRRestService/HRAppsV2/V1/rules/query?pxObjClass=Rule-HTML-Section&appliesTo=Rule-Connect-MCP&pyRuleName=pyToolNameSection&RequestClass=Rule-HTML-Section&RequestAppliesTo=Rule-Connect-MCP&RequestRuleName=pyToolNameSection Payload: "{\"RequestClass\":\"Rule-HTML-Section\",\"RequestAppliesTo\":\"Rule-Connect-MCP\",\"RequestRuleName\":\"pyToolNameSection\"}" => HTTP 404 (18 bytes)
[PegaHttpClient] 📡 POST https://zdk8budo.pegaacademy.net/prweb/api/v1/rules/query?pxObjClass=Rule-HTML-Section&appliesTo=Rule-Connect-MCP&pyRuleName=pyToolNameSection&RequestClass=Rule-HTML-Section&RequestAppliesTo=Rule-Connect-MCP&RequestRuleName=pyToolNameSection Payload: "{\"RequestClass\":\"Rule-HTML-Section\",\"RequestAppliesTo\":\"Rule-Connect-MCP\",\"RequestRuleName\":\"pyToolNameSection\"}" => HTTP 404 (18 bytes)
[PegaHttpClient] 📡 POST https://zdk8budo.pegaacademy.net/prweb/PRRestService/v1/rules/query?pxObjClass=Rule-HTML-Section&appliesTo=Rule-Connect-MCP&pyRuleName=pyToolNameSection&RequestClass=Rule-HTML-Section&RequestAppliesTo=Rule-Connect-MCP&RequestRuleName=pyToolNameSection Payload: "{\"RequestClass\":\"Rule-HTML-Section\",\"RequestAppliesTo\":\"Rule-Connect-MCP\",\"RequestRuleName\":\"pyToolNameSection\"}" => HTTP 404 (18 bytes)
[PegaHttpClient] 📡 POST https://zdk8budo.pegaacademy.net/prweb/api/CodeIntelligence/v1/rules/query?pxObjClass=Rule-HTML-Section&appliesTo=Rule-Connect-MCP&pyRuleName=pzScm_RuleHistory&RequestClass=Rule-HTML-Section&RequestAppliesTo=Rule-Connect-MCP&RequestRuleName=pzScm_RuleHistory Payload: "{\"RequestClass\":\"Rule-HTML-Section\",\"RequestAppliesTo\":\"Rule-Connect-MCP\",\"RequestRuleName\":\"pzScm_RuleHistory\"}" => HTTP 200 (14682 bytes)
[PegaHttpClient] 📡 POST https://zdk8budo.pegaacademy.net/prweb/api/CodeIntelligence/v1/rules/query?pxObjClass=Rule-HTML-Section&appliesTo=Rule-Connect-MCP&pyRuleName=pxDisplayCollaborators&RequestClass=Rule-HTML-Section&RequestAppliesTo=Rule-Connect-MCP&RequestRuleName=pxDisplayCollaborators Payload: "{\"RequestClass\":\"Rule-HTML-Section\",\"RequestAppliesTo\":\"Rule-Connect-MCP\",\"RequestRuleName\":\"pxDisplayCollaborators\"}" => HTTP 200 (94171 bytes)
[PegaHttpClient] 📡 POST https://zdk8budo.pegaacademy.net/prweb/api/CodeIntelligence/v1/rules/query?pxObjClass=Rule-HTML-Section&appliesTo=Rule-Connect-MCP&pyRuleName=pzRuleFormToolbarDeleteCheckOut&RequestClass=Rule-HTML-Section&RequestAppliesTo=Rule-Connect-MCP&RequestRuleName=pzRuleFormToolbarDeleteCheckOut Payload: "{\"RequestClass\":\"Rule-HTML-Section\",\"RequestAppliesTo\":\"Rule-Connect-MCP\",\"RequestRuleName\":\"pzRuleFormToolbarDeleteCheckOut\"}" => HTTP 200 (29433 bytes)
[PegaHttpClient] 📡 POST https://zdk8budo.pegaacademy.net/prweb/api/CodeIntelligence/v1/rules/query?pxObjClass=Rule-HTML-Section&appliesTo=Rule-Connect-MCP&pyRuleName=pzRuleFormToolbarDeleteRule&RequestClass=Rule-HTML-Section&RequestAppliesTo=Rule-Connect-MCP&RequestRuleName=pzRuleFormToolbarDeleteRule Payload: "{\"RequestClass\":\"Rule-HTML-Section\",\"RequestAppliesTo\":\"Rule-Connect-MCP\",\"RequestRuleName\":\"pzRuleFormToolbarDeleteRule\"}" => HTTP 200 (32314 bytes)
[PegaHttpClient] 📡 POST https://zdk8budo.pegaacademy.net/prweb/api/CodeIntelligence/v1/rules/query?pxObjClass=Rule-HTML-Section&appliesTo=Rule-Connect-MCP&pyRuleName=pzLoadCollaborationScripts&RequestClass=Rule-HTML-Section&RequestAppliesTo=Rule-Connect-MCP&RequestRuleName=pzLoadCollaborationScripts Payload: "{\"RequestClass\":\"Rule-HTML-Section\",\"RequestAppliesTo\":\"Rule-Connect-MCP\",\"RequestRuleName\":\"pzLoadCollaborationScripts\"}" => HTTP 200 (23453 bytes)
[PegaHttpClient] 📡 POST https://zdk8budo.pegaacademy.net/prweb/api/CodeIntelligence/v1/rules/query?pxObjClass=Rule-HTML-Section&appliesTo=Rule-Connect-MCP&pyRuleName=pzDisplayCollaboratorsList&RequestClass=Rule-HTML-Section&RequestAppliesTo=Rule-Connect-MCP&RequestRuleName=pzDisplayCollaboratorsList Payload: "{\"RequestClass\":\"Rule-HTML-Section\",\"RequestAppliesTo\":\"Rule-Connect-MCP\",\"RequestRuleName\":\"pzDisplayCollaboratorsList\"}" => HTTP 200 (105418 bytes)
[PegaHttpClient] 📡 POST https://zdk8budo.pegaacademy.net/prweb/api/CodeIntelligence/v1/rules/query?pxObjClass=Rule-HTML-Section&appliesTo=Rule-Connect-MCP&pyRuleName=pyCollaborator&RequestClass=Rule-HTML-Section&RequestAppliesTo=Rule-Connect-MCP&RequestRuleName=pyCollaborator Payload: "{\"RequestClass\":\"Rule-HTML-Section\",\"RequestAppliesTo\":\"Rule-Connect-MCP\",\"RequestRuleName\":\"pyCollaborator\"}" => HTTP 404 (108 bytes)
[PegaHttpClient] 📡 POST https://zdk8budo.pegaacademy.net/prweb/PRRestService/CodeIntelligence/v1/rules/query?pxObjClass=Rule-HTML-Section&appliesTo=Rule-Connect-MCP&pyRuleName=pyCollaborator&RequestClass=Rule-HTML-Section&RequestAppliesTo=Rule-Connect-MCP&RequestRuleName=pyCollaborator Payload: "{\"RequestClass\":\"Rule-HTML-Section\",\"RequestAppliesTo\":\"Rule-Connect-MCP\",\"RequestRuleName\":\"pyCollaborator\"}" => HTTP 404 (108 bytes)
[PegaHttpClient] 📡 POST https://zdk8budo.pegaacademy.net/prweb/api/HRAppsV2Service/V1/rules/query?pxObjClass=Rule-HTML-Section&appliesTo=Rule-Connect-MCP&pyRuleName=pyCollaborator&RequestClass=Rule-HTML-Section&RequestAppliesTo=Rule-Connect-MCP&RequestRuleName=pyCollaborator Payload: "{\"RequestClass\":\"Rule-HTML-Section\",\"RequestAppliesTo\":\"Rule-Connect-MCP\",\"RequestRuleName\":\"pyCollaborator\"}" => HTTP 404 (18 bytes)
[PegaHttpClient] 📡 POST https://zdk8budo.pegaacademy.net/prweb/PRRestService/HRAppsV2Service/V1/rules/query?pxObjClass=Rule-HTML-Section&appliesTo=Rule-Connect-MCP&pyRuleName=pyCollaborator&RequestClass=Rule-HTML-Section&RequestAppliesTo=Rule-Connect-MCP&RequestRuleName=pyCollaborator Payload: "{\"RequestClass\":\"Rule-HTML-Section\",\"RequestAppliesTo\":\"Rule-Connect-MCP\",\"RequestRuleName\":\"pyCollaborator\"}" => HTTP 404 (18 bytes)
[PegaHttpClient] 📡 POST https://zdk8budo.pegaacademy.net/prweb/api/HRAppsV2/V1/rules/query?pxObjClass=Rule-HTML-Section&appliesTo=Rule-Connect-MCP&pyRuleName=pyCollaborator&RequestClass=Rule-HTML-Section&RequestAppliesTo=Rule-Connect-MCP&RequestRuleName=pyCollaborator Payload: "{\"RequestClass\":\"Rule-HTML-Section\",\"RequestAppliesTo\":\"Rule-Connect-MCP\",\"RequestRuleName\":\"pyCollaborator\"}" => HTTP 404 (18 bytes)
[PegaHttpClient] 📡 POST https://zdk8budo.pegaacademy.net/prweb/PRRestService/HRAppsV2/V1/rules/query?pxObjClass=Rule-HTML-Section&appliesTo=Rule-Connect-MCP&pyRuleName=pyCollaborator&RequestClass=Rule-HTML-Section&RequestAppliesTo=Rule-Connect-MCP&RequestRuleName=pyCollaborator Payload: "{\"RequestClass\":\"Rule-HTML-Section\",\"RequestAppliesTo\":\"Rule-Connect-MCP\",\"RequestRuleName\":\"pyCollaborator\"}" => HTTP 404 (18 bytes)
[PegaHttpClient] 📡 POST https://zdk8budo.pegaacademy.net/prweb/api/v1/rules/query?pxObjClass=Rule-HTML-Section&appliesTo=Rule-Connect-MCP&pyRuleName=pyCollaborator&RequestClass=Rule-HTML-Section&RequestAppliesTo=Rule-Connect-MCP&RequestRuleName=pyCollaborator Payload: "{\"RequestClass\":\"Rule-HTML-Section\",\"RequestAppliesTo\":\"Rule-Connect-MCP\",\"RequestRuleName\":\"pyCollaborator\"}" => HTTP 404 (18 bytes)
[PegaHttpClient] 📡 POST https://zdk8budo.pegaacademy.net/prweb/PRRestService/v1/rules/query?pxObjClass=Rule-HTML-Section&appliesTo=Rule-Connect-MCP&pyRuleName=pyCollaborator&RequestClass=Rule-HTML-Section&RequestAppliesTo=Rule-Connect-MCP&RequestRuleName=pyCollaborator Payload: "{\"RequestClass\":\"Rule-HTML-Section\",\"RequestAppliesTo\":\"Rule-Connect-MCP\",\"RequestRuleName\":\"pyCollaborator\"}" => HTTP 404 (18 bytes)
[PegaHttpClient] 📡 POST https://zdk8budo.pegaacademy.net/prweb/api/CodeIntelligence/v1/rules/query?pxObjClass=Rule-HTML-Section&appliesTo=Rule-Connect-MCP&pyRuleName=pzDisplayPartialCount&RequestClass=Rule-HTML-Section&RequestAppliesTo=Rule-Connect-MCP&RequestRuleName=pzDisplayPartialCount Payload: "{\"RequestClass\":\"Rule-HTML-Section\",\"RequestAppliesTo\":\"Rule-Connect-MCP\",\"RequestRuleName\":\"pzDisplayPartialCount\"}" => HTTP 404 (115 bytes)
[PegaHttpClient] 📡 POST https://zdk8budo.pegaacademy.net/prweb/PRRestService/CodeIntelligence/v1/rules/query?pxObjClass=Rule-HTML-Section&appliesTo=Rule-Connect-MCP&pyRuleName=pzDisplayPartialCount&RequestClass=Rule-HTML-Section&RequestAppliesTo=Rule-Connect-MCP&RequestRuleName=pzDisplayPartialCount Payload: "{\"RequestClass\":\"Rule-HTML-Section\",\"RequestAppliesTo\":\"Rule-Connect-MCP\",\"RequestRuleName\":\"pzDisplayPartialCount\"}" => HTTP 404 (115 bytes)
[PegaHttpClient] 📡 POST https://zdk8budo.pegaacademy.net/prweb/api/HRAppsV2Service/V1/rules/query?pxObjClass=Rule-HTML-Section&appliesTo=Rule-Connect-MCP&pyRuleName=pzDisplayPartialCount&RequestClass=Rule-HTML-Section&RequestAppliesTo=Rule-Connect-MCP&RequestRuleName=pzDisplayPartialCount Payload: "{\"RequestClass\":\"Rule-HTML-Section\",\"RequestAppliesTo\":\"Rule-Connect-MCP\",\"RequestRuleName\":\"pzDisplayPartialCount\"}" => HTTP 404 (18 bytes)
[PegaHttpClient] 📡 POST https://zdk8budo.pegaacademy.net/prweb/PRRestService/HRAppsV2Service/V1/rules/query?pxObjClass=Rule-HTML-Section&appliesTo=Rule-Connect-MCP&pyRuleName=pzDisplayPartialCount&RequestClass=Rule-HTML-Section&RequestAppliesTo=Rule-Connect-MCP&RequestRuleName=pzDisplayPartialCount Payload: "{\"RequestClass\":\"Rule-HTML-Section\",\"RequestAppliesTo\":\"Rule-Connect-MCP\",\"RequestRuleName\":\"pzDisplayPartialCount\"}" => HTTP 404 (18 bytes)
[PegaHttpClient] 📡 POST https://zdk8budo.pegaacademy.net/prweb/api/HRAppsV2/V1/rules/query?pxObjClass=Rule-HTML-Section&appliesTo=Rule-Connect-MCP&pyRuleName=pzDisplayPartialCount&RequestClass=Rule-HTML-Section&RequestAppliesTo=Rule-Connect-MCP&RequestRuleName=pzDisplayPartialCount Payload: "{\"RequestClass\":\"Rule-HTML-Section\",\"RequestAppliesTo\":\"Rule-Connect-MCP\",\"RequestRuleName\":\"pzDisplayPartialCount\"}" => HTTP 404 (18 bytes)
[PegaHttpClient] 📡 POST https://zdk8budo.pegaacademy.net/prweb/PRRestService/HRAppsV2/V1/rules/query?pxObjClass=Rule-HTML-Section&appliesTo=Rule-Connect-MCP&pyRuleName=pzDisplayPartialCount&RequestClass=Rule-HTML-Section&RequestAppliesTo=Rule-Connect-MCP&RequestRuleName=pzDisplayPartialCount Payload: "{\"RequestClass\":\"Rule-HTML-Section\",\"RequestAppliesTo\":\"Rule-Connect-MCP\",\"RequestRuleName\":\"pzDisplayPartialCount\"}" => HTTP 404 (18 bytes)
[PegaHttpClient] 📡 POST https://zdk8budo.pegaacademy.net/prweb/api/v1/rules/query?pxObjClass=Rule-HTML-Section&appliesTo=Rule-Connect-MCP&pyRuleName=pzDisplayPartialCount&RequestClass=Rule-HTML-Section&RequestAppliesTo=Rule-Connect-MCP&RequestRuleName=pzDisplayPartialCount Payload: "{\"RequestClass\":\"Rule-HTML-Section\",\"RequestAppliesTo\":\"Rule-Connect-MCP\",\"RequestRuleName\":\"pzDisplayPartialCount\"}" => HTTP 404 (18 bytes)
[PegaHttpClient] 📡 POST https://zdk8budo.pegaacademy.net/prweb/PRRestService/v1/rules/query?pxObjClass=Rule-HTML-Section&appliesTo=Rule-Connect-MCP&pyRuleName=pzDisplayPartialCount&RequestClass=Rule-HTML-Section&RequestAppliesTo=Rule-Connect-MCP&RequestRuleName=pzDisplayPartialCount Payload: "{\"RequestClass\":\"Rule-HTML-Section\",\"RequestAppliesTo\":\"Rule-Connect-MCP\",\"RequestRuleName\":\"pzDisplayPartialCount\"}" => HTTP 404 (18 bytes)
[SchemaGen] ✅ Schema written for Rule-Connect-MCP
[PegaHttpClient] 📡 GET https://zdk8budo.pegaacademy.net/prweb/api/CodeIntelligence/v1/rules/RULE-HTML-HARNESS%20RULE-CONNECT-AGENT%20RULEFORM%20%2320250624T144756.005%20GMT => HTTP 200 (26939 bytes)
[PegaHttpClient] 📡 POST https://zdk8budo.pegaacademy.net/prweb/api/CodeIntelligence/v1/rules/query?pxObjClass=Rule-HTML-Section&appliesTo=Rule-Connect-Agent&pyRuleName=RuleFormMain&RequestClass=Rule-HTML-Section&RequestAppliesTo=Rule-Connect-Agent&RequestRuleName=RuleFormMain Payload: "{\"RequestClass\":\"Rule-HTML-Section\",\"RequestAppliesTo\":\"Rule-Connect-Agent\",\"RequestRuleName\":\"RuleFormMain\"}" => HTTP 200 (156234 bytes)
[PegaHttpClient] 📡 POST https://zdk8budo.pegaacademy.net/prweb/api/CodeIntelligence/v1/rules/query?pxObjClass=Rule-HTML-Section&appliesTo=Rule-Connect-Agent&pyRuleName=pxAlternateRuleForm&RequestClass=Rule-HTML-Section&RequestAppliesTo=Rule-Connect-Agent&RequestRuleName=pxAlternateRuleForm Payload: "{\"RequestClass\":\"Rule-HTML-Section\",\"RequestAppliesTo\":\"Rule-Connect-Agent\",\"RequestRuleName\":\"pxAlternateRuleForm\"}" => HTTP 200 (66153 bytes)
[PegaHttpClient] 📡 POST https://zdk8budo.pegaacademy.net/prweb/api/CodeIntelligence/v1/rules/query?pxObjClass=Rule-HTML-Section&appliesTo=Rule-Connect-Agent&pyRuleName=pzRuleFormScripts&RequestClass=Rule-HTML-Section&RequestAppliesTo=Rule-Connect-Agent&RequestRuleName=pzRuleFormScripts Payload: "{\"RequestClass\":\"Rule-HTML-Section\",\"RequestAppliesTo\":\"Rule-Connect-Agent\",\"RequestRuleName\":\"pzRuleFormScripts\"}" => HTTP 200 (40822 bytes)
[PegaHttpClient] 📡 POST https://zdk8budo.pegaacademy.net/prweb/api/CodeIntelligence/v1/rules/query?pxObjClass=Rule-HTML-Section&appliesTo=Rule-Connect-Agent&pyRuleName=pzRuleFormLayoutDelegated&RequestClass=Rule-HTML-Section&RequestAppliesTo=Rule-Connect-Agent&RequestRuleName=pzRuleFormLayoutDelegated Payload: "{\"RequestClass\":\"Rule-HTML-Section\",\"RequestAppliesTo\":\"Rule-Connect-Agent\",\"RequestRuleName\":\"pzRuleFormLayoutDelegated\"}" => HTTP 200 (70998 bytes)
[PegaHttpClient] 📡 POST https://zdk8budo.pegaacademy.net/prweb/api/CodeIntelligence/v1/rules/query?pxObjClass=Rule-HTML-Section&appliesTo=Rule-Connect-Agent&pyRuleName=RuleFormLayout&RequestClass=Rule-HTML-Section&RequestAppliesTo=Rule-Connect-Agent&RequestRuleName=RuleFormLayout Payload: "{\"RequestClass\":\"Rule-HTML-Section\",\"RequestAppliesTo\":\"Rule-Connect-Agent\",\"RequestRuleName\":\"RuleFormLayout\"}" => HTTP 200 (169557 bytes)
[PegaHttpClient] 📡 POST https://zdk8budo.pegaacademy.net/prweb/api/CodeIntelligence/v1/rules/query?pxObjClass=Rule-HTML-Section&appliesTo=Rule-Connect-Agent&pyRuleName=RuleFormSettings&RequestClass=Rule-HTML-Section&RequestAppliesTo=Rule-Connect-Agent&RequestRuleName=RuleFormSettings Payload: "{\"RequestClass\":\"Rule-HTML-Section\",\"RequestAppliesTo\":\"Rule-Connect-Agent\",\"RequestRuleName\":\"RuleFormSettings\"}" => HTTP 200 (20540 bytes)
[PegaHttpClient] 📡 POST https://zdk8budo.pegaacademy.net/prweb/api/CodeIntelligence/v1/rules/query?pxObjClass=Rule-HTML-Section&appliesTo=Rule-Connect-Agent&pyRuleName=OpenAuthoring&RequestClass=Rule-HTML-Section&RequestAppliesTo=Rule-Connect-Agent&RequestRuleName=OpenAuthoring Payload: "{\"RequestClass\":\"Rule-HTML-Section\",\"RequestAppliesTo\":\"Rule-Connect-Agent\",\"RequestRuleName\":\"OpenAuthoring\"}" => HTTP 200 (23695 bytes)
[PegaHttpClient] 📡 POST https://zdk8budo.pegaacademy.net/prweb/api/CodeIntelligence/v1/rules/query?pxObjClass=Rule-HTML-Section&appliesTo=Rule-Connect-Agent&pyRuleName=pyCustomHelp&RequestClass=Rule-HTML-Section&RequestAppliesTo=Rule-Connect-Agent&RequestRuleName=pyCustomHelp Payload: "{\"RequestClass\":\"Rule-HTML-Section\",\"RequestAppliesTo\":\"Rule-Connect-Agent\",\"RequestRuleName\":\"pyCustomHelp\"}" => HTTP 200 (17256 bytes)
[PegaHttpClient] 📡 POST https://zdk8budo.pegaacademy.net/prweb/api/CodeIntelligence/v1/rules/query?pxObjClass=Rule-HTML-Section&appliesTo=Rule-Connect-Agent&pyRuleName=pzRuleformMainInclude&RequestClass=Rule-HTML-Section&RequestAppliesTo=Rule-Connect-Agent&RequestRuleName=pzRuleformMainInclude Payload: "{\"RequestClass\":\"Rule-HTML-Section\",\"RequestAppliesTo\":\"Rule-Connect-Agent\",\"RequestRuleName\":\"pzRuleformMainInclude\"}" => HTTP 200 (22375 bytes)
[PegaHttpClient] 📡 POST https://zdk8budo.pegaacademy.net/prweb/api/CodeIntelligence/v1/rules/query?pxObjClass=Rule-HTML-Section&appliesTo=Rule-Connect-Agent&pyRuleName=pyAlternativeRuleFormStrategicAppExtension&RequestClass=Rule-HTML-Section&RequestAppliesTo=Rule-Connect-Agent&RequestRuleName=pyAlternativeRuleFormStrategicAppExtension Payload: "{\"RequestClass\":\"Rule-HTML-Section\",\"RequestAppliesTo\":\"Rule-Connect-Agent\",\"RequestRuleName\":\"pyAlternativeRuleFormStrategicAppExtension\"}" => HTTP 200 (25042 bytes)
[PegaHttpClient] 📡 POST https://zdk8budo.pegaacademy.net/prweb/api/CodeIntelligence/v1/rules/query?pxObjClass=Rule-HTML-Section&appliesTo=Rule-Connect-Agent&pyRuleName=pyAlternativeRuleFormExtension&RequestClass=Rule-HTML-Section&RequestAppliesTo=Rule-Connect-Agent&RequestRuleName=pyAlternativeRuleFormExtension Payload: "{\"RequestClass\":\"Rule-HTML-Section\",\"RequestAppliesTo\":\"Rule-Connect-Agent\",\"RequestRuleName\":\"pyAlternativeRuleFormExtension\"}" => HTTP 200 (24863 bytes)
[PegaHttpClient] 📡 POST https://zdk8budo.pegaacademy.net/prweb/api/CodeIntelligence/v1/rules/query?pxObjClass=Rule-HTML-Section&appliesTo=Rule-Connect-Agent&pyRuleName=RuleFormHeader&RequestClass=Rule-HTML-Section&RequestAppliesTo=Rule-Connect-Agent&RequestRuleName=RuleFormHeader Payload: "{\"RequestClass\":\"Rule-HTML-Section\",\"RequestAppliesTo\":\"Rule-Connect-Agent\",\"RequestRuleName\":\"RuleFormHeader\"}" => HTTP 200 (183800 bytes)
[PegaHttpClient] 📡 POST https://zdk8budo.pegaacademy.net/prweb/api/CodeIntelligence/v1/rules/query?pxObjClass=Rule-HTML-Section&appliesTo=Rule-Connect-Agent&pyRuleName=pzDelegationExperience&RequestClass=Rule-HTML-Section&RequestAppliesTo=Rule-Connect-Agent&RequestRuleName=pzDelegationExperience Payload: "{\"RequestClass\":\"Rule-HTML-Section\",\"RequestAppliesTo\":\"Rule-Connect-Agent\",\"RequestRuleName\":\"pzDelegationExperience\"}" => HTTP 404 (118 bytes)
[PegaHttpClient] 📡 POST https://zdk8budo.pegaacademy.net/prweb/PRRestService/CodeIntelligence/v1/rules/query?pxObjClass=Rule-HTML-Section&appliesTo=Rule-Connect-Agent&pyRuleName=pzDelegationExperience&RequestClass=Rule-HTML-Section&RequestAppliesTo=Rule-Connect-Agent&RequestRuleName=pzDelegationExperience Payload: "{\"RequestClass\":\"Rule-HTML-Section\",\"RequestAppliesTo\":\"Rule-Connect-Agent\",\"RequestRuleName\":\"pzDelegationExperience\"}" => HTTP 404 (118 bytes)
[PegaHttpClient] 📡 POST https://zdk8budo.pegaacademy.net/prweb/api/HRAppsV2Service/V1/rules/query?pxObjClass=Rule-HTML-Section&appliesTo=Rule-Connect-Agent&pyRuleName=pzDelegationExperience&RequestClass=Rule-HTML-Section&RequestAppliesTo=Rule-Connect-Agent&RequestRuleName=pzDelegationExperience Payload: "{\"RequestClass\":\"Rule-HTML-Section\",\"RequestAppliesTo\":\"Rule-Connect-Agent\",\"RequestRuleName\":\"pzDelegationExperience\"}" => HTTP 404 (18 bytes)
[PegaHttpClient] 📡 POST https://zdk8budo.pegaacademy.net/prweb/PRRestService/HRAppsV2Service/V1/rules/query?pxObjClass=Rule-HTML-Section&appliesTo=Rule-Connect-Agent&pyRuleName=pzDelegationExperience&RequestClass=Rule-HTML-Section&RequestAppliesTo=Rule-Connect-Agent&RequestRuleName=pzDelegationExperience Payload: "{\"RequestClass\":\"Rule-HTML-Section\",\"RequestAppliesTo\":\"Rule-Connect-Agent\",\"RequestRuleName\":\"pzDelegationExperience\"}" => HTTP 404 (18 bytes)
[PegaHttpClient] 📡 POST https://zdk8budo.pegaacademy.net/prweb/api/HRAppsV2/V1/rules/query?pxObjClass=Rule-HTML-Section&appliesTo=Rule-Connect-Agent&pyRuleName=pzDelegationExperience&RequestClass=Rule-HTML-Section&RequestAppliesTo=Rule-Connect-Agent&RequestRuleName=pzDelegationExperience Payload: "{\"RequestClass\":\"Rule-HTML-Section\",\"RequestAppliesTo\":\"Rule-Connect-Agent\",\"RequestRuleName\":\"pzDelegationExperience\"}" => HTTP 404 (18 bytes)
[PegaHttpClient] 📡 POST https://zdk8budo.pegaacademy.net/prweb/PRRestService/HRAppsV2/V1/rules/query?pxObjClass=Rule-HTML-Section&appliesTo=Rule-Connect-Agent&pyRuleName=pzDelegationExperience&RequestClass=Rule-HTML-Section&RequestAppliesTo=Rule-Connect-Agent&RequestRuleName=pzDelegationExperience Payload: "{\"RequestClass\":\"Rule-HTML-Section\",\"RequestAppliesTo\":\"Rule-Connect-Agent\",\"RequestRuleName\":\"pzDelegationExperience\"}" => HTTP 404 (18 bytes)
[PegaHttpClient] 📡 POST https://zdk8budo.pegaacademy.net/prweb/api/v1/rules/query?pxObjClass=Rule-HTML-Section&appliesTo=Rule-Connect-Agent&pyRuleName=pzDelegationExperience&RequestClass=Rule-HTML-Section&RequestAppliesTo=Rule-Connect-Agent&RequestRuleName=pzDelegationExperience Payload: "{\"RequestClass\":\"Rule-HTML-Section\",\"RequestAppliesTo\":\"Rule-Connect-Agent\",\"RequestRuleName\":\"pzDelegationExperience\"}" => HTTP 404 (18 bytes)
[PegaHttpClient] 📡 POST https://zdk8budo.pegaacademy.net/prweb/PRRestService/v1/rules/query?pxObjClass=Rule-HTML-Section&appliesTo=Rule-Connect-Agent&pyRuleName=pzDelegationExperience&RequestClass=Rule-HTML-Section&RequestAppliesTo=Rule-Connect-Agent&RequestRuleName=pzDelegationExperience Payload: "{\"RequestClass\":\"Rule-HTML-Section\",\"RequestAppliesTo\":\"Rule-Connect-Agent\",\"RequestRuleName\":\"pzDelegationExperience\"}" => HTTP 404 (18 bytes)
[PegaHttpClient] 📡 POST https://zdk8budo.pegaacademy.net/prweb/api/CodeIntelligence/v1/rules/query?pxObjClass=Rule-HTML-Section&appliesTo=Rule-Connect-Agent&pyRuleName=pyAgentCardURLConfiguration&RequestClass=Rule-HTML-Section&RequestAppliesTo=Rule-Connect-Agent&RequestRuleName=pyAgentCardURLConfiguration Payload: "{\"RequestClass\":\"Rule-HTML-Section\",\"RequestAppliesTo\":\"Rule-Connect-Agent\",\"RequestRuleName\":\"pyAgentCardURLConfiguration\"}" => HTTP 200 (71059 bytes)
[PegaHttpClient] 📡 POST https://zdk8budo.pegaacademy.net/prweb/api/CodeIntelligence/v1/rules/query?pxObjClass=Rule-HTML-Section&appliesTo=Rule-Connect-Agent&pyRuleName=pyAgentAuthenticationConfiguration&RequestClass=Rule-HTML-Section&RequestAppliesTo=Rule-Connect-Agent&RequestRuleName=pyAgentAuthenticationConfiguration Payload: "{\"RequestClass\":\"Rule-HTML-Section\",\"RequestAppliesTo\":\"Rule-Connect-Agent\",\"RequestRuleName\":\"pyAgentAuthenticationConfiguration\"}" => HTTP 200 (88175 bytes)
[PegaHttpClient] 📡 POST https://zdk8budo.pegaacademy.net/prweb/api/CodeIntelligence/v1/rules/query?pxObjClass=Rule-HTML-Section&appliesTo=Rule-Connect-Agent&pyRuleName=RuleFormHistory&RequestClass=Rule-HTML-Section&RequestAppliesTo=Rule-Connect-Agent&RequestRuleName=RuleFormHistory Payload: "{\"RequestClass\":\"Rule-HTML-Section\",\"RequestAppliesTo\":\"Rule-Connect-Agent\",\"RequestRuleName\":\"RuleFormHistory\"}" => HTTP 200 (76091 bytes)
[PegaHttpClient] 📡 POST https://zdk8budo.pegaacademy.net/prweb/api/CodeIntelligence/v1/rules/query?pxObjClass=Rule-HTML-Section&appliesTo=Rule-Connect-Agent&pyRuleName=pzCustomHelp&RequestClass=Rule-HTML-Section&RequestAppliesTo=Rule-Connect-Agent&RequestRuleName=pzCustomHelp Payload: "{\"RequestClass\":\"Rule-HTML-Section\",\"RequestAppliesTo\":\"Rule-Connect-Agent\",\"RequestRuleName\":\"pzCustomHelp\"}" => HTTP 200 (31573 bytes)
[PegaHttpClient] 📡 POST https://zdk8budo.pegaacademy.net/prweb/api/CodeIntelligence/v1/rules/query?pxObjClass=Rule-HTML-Section&appliesTo=Rule-Connect-Agent&pyRuleName=pzRuleFormKeysAndDescription&RequestClass=Rule-HTML-Section&RequestAppliesTo=Rule-Connect-Agent&RequestRuleName=pzRuleFormKeysAndDescription Payload: "{\"RequestClass\":\"Rule-HTML-Section\",\"RequestAppliesTo\":\"Rule-Connect-Agent\",\"RequestRuleName\":\"pzRuleFormKeysAndDescription\"}" => HTTP 200 (218057 bytes)
[PegaHttpClient] 📡 POST https://zdk8budo.pegaacademy.net/prweb/api/CodeIntelligence/v1/rules/query?pxObjClass=Rule-HTML-Section&appliesTo=Rule-Connect-Agent&pyRuleName=pzRuleFormRuleset&RequestClass=Rule-HTML-Section&RequestAppliesTo=Rule-Connect-Agent&RequestRuleName=pzRuleFormRuleset Payload: "{\"RequestClass\":\"Rule-HTML-Section\",\"RequestAppliesTo\":\"Rule-Connect-Agent\",\"RequestRuleName\":\"pzRuleFormRuleset\"}" => HTTP 200 (33985 bytes)
[PegaHttpClient] 📡 POST https://zdk8budo.pegaacademy.net/prweb/api/CodeIntelligence/v1/rules/query?pxObjClass=Rule-HTML-Section&appliesTo=Rule-Connect-Agent&pyRuleName=undefined&RequestClass=Rule-HTML-Section&RequestAppliesTo=Rule-Connect-Agent&RequestRuleName=undefined Payload: "{\"RequestClass\":\"Rule-HTML-Section\",\"RequestAppliesTo\":\"Rule-Connect-Agent\",\"RequestRuleName\":\"undefined\"}" => HTTP 404 (105 bytes)
[PegaHttpClient] 📡 POST https://zdk8budo.pegaacademy.net/prweb/PRRestService/CodeIntelligence/v1/rules/query?pxObjClass=Rule-HTML-Section&appliesTo=Rule-Connect-Agent&pyRuleName=undefined&RequestClass=Rule-HTML-Section&RequestAppliesTo=Rule-Connect-Agent&RequestRuleName=undefined Payload: "{\"RequestClass\":\"Rule-HTML-Section\",\"RequestAppliesTo\":\"Rule-Connect-Agent\",\"RequestRuleName\":\"undefined\"}" => HTTP 404 (105 bytes)
[PegaHttpClient] 📡 POST https://zdk8budo.pegaacademy.net/prweb/api/HRAppsV2Service/V1/rules/query?pxObjClass=Rule-HTML-Section&appliesTo=Rule-Connect-Agent&pyRuleName=undefined&RequestClass=Rule-HTML-Section&RequestAppliesTo=Rule-Connect-Agent&RequestRuleName=undefined Payload: "{\"RequestClass\":\"Rule-HTML-Section\",\"RequestAppliesTo\":\"Rule-Connect-Agent\",\"RequestRuleName\":\"undefined\"}" => HTTP 404 (18 bytes)
[PegaHttpClient] 📡 POST https://zdk8budo.pegaacademy.net/prweb/PRRestService/HRAppsV2Service/V1/rules/query?pxObjClass=Rule-HTML-Section&appliesTo=Rule-Connect-Agent&pyRuleName=undefined&RequestClass=Rule-HTML-Section&RequestAppliesTo=Rule-Connect-Agent&RequestRuleName=undefined Payload: "{\"RequestClass\":\"Rule-HTML-Section\",\"RequestAppliesTo\":\"Rule-Connect-Agent\",\"RequestRuleName\":\"undefined\"}" => HTTP 404 (18 bytes)
[PegaHttpClient] 📡 POST https://zdk8budo.pegaacademy.net/prweb/api/HRAppsV2/V1/rules/query?pxObjClass=Rule-HTML-Section&appliesTo=Rule-Connect-Agent&pyRuleName=undefined&RequestClass=Rule-HTML-Section&RequestAppliesTo=Rule-Connect-Agent&RequestRuleName=undefined Payload: "{\"RequestClass\":\"Rule-HTML-Section\",\"RequestAppliesTo\":\"Rule-Connect-Agent\",\"RequestRuleName\":\"undefined\"}" => HTTP 404 (18 bytes)
[PegaHttpClient] 📡 POST https://zdk8budo.pegaacademy.net/prweb/PRRestService/HRAppsV2/V1/rules/query?pxObjClass=Rule-HTML-Section&appliesTo=Rule-Connect-Agent&pyRuleName=undefined&RequestClass=Rule-HTML-Section&RequestAppliesTo=Rule-Connect-Agent&RequestRuleName=undefined Payload: "{\"RequestClass\":\"Rule-HTML-Section\",\"RequestAppliesTo\":\"Rule-Connect-Agent\",\"RequestRuleName\":\"undefined\"}" => HTTP 404 (18 bytes)
[PegaHttpClient] 📡 POST https://zdk8budo.pegaacademy.net/prweb/api/v1/rules/query?pxObjClass=Rule-HTML-Section&appliesTo=Rule-Connect-Agent&pyRuleName=undefined&RequestClass=Rule-HTML-Section&RequestAppliesTo=Rule-Connect-Agent&RequestRuleName=undefined Payload: "{\"RequestClass\":\"Rule-HTML-Section\",\"RequestAppliesTo\":\"Rule-Connect-Agent\",\"RequestRuleName\":\"undefined\"}" => HTTP 404 (18 bytes)
[PegaHttpClient] 📡 POST https://zdk8budo.pegaacademy.net/prweb/PRRestService/v1/rules/query?pxObjClass=Rule-HTML-Section&appliesTo=Rule-Connect-Agent&pyRuleName=undefined&RequestClass=Rule-HTML-Section&RequestAppliesTo=Rule-Connect-Agent&RequestRuleName=undefined Payload: "{\"RequestClass\":\"Rule-HTML-Section\",\"RequestAppliesTo\":\"Rule-Connect-Agent\",\"RequestRuleName\":\"undefined\"}" => HTTP 404 (18 bytes)
[PegaHttpClient] 📡 POST https://zdk8budo.pegaacademy.net/prweb/api/CodeIntelligence/v1/rules/query?pxObjClass=Rule-HTML-Section&appliesTo=Rule-Connect-Agent&pyRuleName=pzRuleFormToolbar&RequestClass=Rule-HTML-Section&RequestAppliesTo=Rule-Connect-Agent&RequestRuleName=pzRuleFormToolbar Payload: "{\"RequestClass\":\"Rule-HTML-Section\",\"RequestAppliesTo\":\"Rule-Connect-Agent\",\"RequestRuleName\":\"pzRuleFormToolbar\"}" => HTTP 200 (242691 bytes)
[PegaHttpClient] 📡 POST https://zdk8budo.pegaacademy.net/prweb/api/CodeIntelligence/v1/rules/query?pxObjClass=Rule-HTML-Section&appliesTo=Rule-Connect-Agent&pyRuleName=pzRuleFormToolbarCompare&RequestClass=Rule-HTML-Section&RequestAppliesTo=Rule-Connect-Agent&RequestRuleName=pzRuleFormToolbarCompare Payload: "{\"RequestClass\":\"Rule-HTML-Section\",\"RequestAppliesTo\":\"Rule-Connect-Agent\",\"RequestRuleName\":\"pzRuleFormToolbarCompare\"}" => HTTP 200 (61925 bytes)
[PegaHttpClient] 📡 POST https://zdk8budo.pegaacademy.net/prweb/api/CodeIntelligence/v1/rules/query?pxObjClass=Rule-HTML-Section&appliesTo=Rule-Connect-Agent&pyRuleName=RuleFormHeaderMessages&RequestClass=Rule-HTML-Section&RequestAppliesTo=Rule-Connect-Agent&RequestRuleName=RuleFormHeaderMessages Payload: "{\"RequestClass\":\"Rule-HTML-Section\",\"RequestAppliesTo\":\"Rule-Connect-Agent\",\"RequestRuleName\":\"RuleFormHeaderMessages\"}" => HTTP 200 (26518 bytes)
[PegaHttpClient] 📡 POST https://zdk8budo.pegaacademy.net/prweb/api/CodeIntelligence/v1/rules/query?pxObjClass=Rule-HTML-Section&appliesTo=Rule-Connect-Agent&pyRuleName=pyAgentCardAuthConfiguration&RequestClass=Rule-HTML-Section&RequestAppliesTo=Rule-Connect-Agent&RequestRuleName=pyAgentCardAuthConfiguration Payload: "{\"RequestClass\":\"Rule-HTML-Section\",\"RequestAppliesTo\":\"Rule-Connect-Agent\",\"RequestRuleName\":\"pyAgentCardAuthConfiguration\"}" => HTTP 200 (70810 bytes)
[PegaHttpClient] 📡 POST https://zdk8budo.pegaacademy.net/prweb/api/CodeIntelligence/v1/rules/query?pxObjClass=Rule-HTML-Section&appliesTo=Rule-Connect-Agent&pyRuleName=pyAgentCardExecutionAuthConfiguration&RequestClass=Rule-HTML-Section&RequestAppliesTo=Rule-Connect-Agent&RequestRuleName=pyAgentCardExecutionAuthConfiguration Payload: "{\"RequestClass\":\"Rule-HTML-Section\",\"RequestAppliesTo\":\"Rule-Connect-Agent\",\"RequestRuleName\":\"pyAgentCardExecutionAuthConfiguration\"}" => HTTP 200 (71143 bytes)
[PegaHttpClient] 📡 POST https://zdk8budo.pegaacademy.net/prweb/api/CodeIntelligence/v1/rules/query?pxObjClass=Rule-HTML-Section&appliesTo=Rule-Connect-Agent&pyRuleName=pzAlternateRuleInfo&RequestClass=Rule-HTML-Section&RequestAppliesTo=Rule-Connect-Agent&RequestRuleName=pzAlternateRuleInfo Payload: "{\"RequestClass\":\"Rule-HTML-Section\",\"RequestAppliesTo\":\"Rule-Connect-Agent\",\"RequestRuleName\":\"pzAlternateRuleInfo\"}" => HTTP 200 (140407 bytes)
[PegaHttpClient] 📡 POST https://zdk8budo.pegaacademy.net/prweb/api/CodeIntelligence/v1/rules/query?pxObjClass=Rule-HTML-Section&appliesTo=Rule-Connect-Agent&pyRuleName=RuleFormHistory_Description&RequestClass=Rule-HTML-Section&RequestAppliesTo=Rule-Connect-Agent&RequestRuleName=RuleFormHistory_Description Payload: "{\"RequestClass\":\"Rule-HTML-Section\",\"RequestAppliesTo\":\"Rule-Connect-Agent\",\"RequestRuleName\":\"RuleFormHistory_Description\"}" => HTTP 200 (52297 bytes)
[PegaHttpClient] 📡 POST https://zdk8budo.pegaacademy.net/prweb/api/CodeIntelligence/v1/rules/query?pxObjClass=Rule-HTML-Section&appliesTo=Rule-Connect-Agent&pyRuleName=RuleFormHistory_CustomFields&RequestClass=Rule-HTML-Section&RequestAppliesTo=Rule-Connect-Agent&RequestRuleName=RuleFormHistory_CustomFields Payload: "{\"RequestClass\":\"Rule-HTML-Section\",\"RequestAppliesTo\":\"Rule-Connect-Agent\",\"RequestRuleName\":\"RuleFormHistory_CustomFields\"}" => HTTP 200 (75856 bytes)
[PegaHttpClient] 📡 POST https://zdk8budo.pegaacademy.net/prweb/api/CodeIntelligence/v1/rules/query?pxObjClass=Rule-HTML-Section&appliesTo=Rule-Connect-Agent&pyRuleName=RuleFormHistory_HistoryDetails&RequestClass=Rule-HTML-Section&RequestAppliesTo=Rule-Connect-Agent&RequestRuleName=RuleFormHistory_HistoryDetails Payload: "{\"RequestClass\":\"Rule-HTML-Section\",\"RequestAppliesTo\":\"Rule-Connect-Agent\",\"RequestRuleName\":\"RuleFormHistory_HistoryDetails\"}" => HTTP 200 (179535 bytes)
[PegaHttpClient] 📡 POST https://zdk8budo.pegaacademy.net/prweb/api/CodeIntelligence/v1/rules/query?pxObjClass=Rule-HTML-Section&appliesTo=Rule-Connect-Agent&pyRuleName=pzRuleFormStatus&RequestClass=Rule-HTML-Section&RequestAppliesTo=Rule-Connect-Agent&RequestRuleName=pzRuleFormStatus Payload: "{\"RequestClass\":\"Rule-HTML-Section\",\"RequestAppliesTo\":\"Rule-Connect-Agent\",\"RequestRuleName\":\"pzRuleFormStatus\"}" => HTTP 200 (97627 bytes)
[PegaHttpClient] 📡 POST https://zdk8budo.pegaacademy.net/prweb/api/CodeIntelligence/v1/rules/query?pxObjClass=Rule-HTML-Section&appliesTo=Rule-Connect-Agent&pyRuleName=pzRuleFormHeaderCompareWithDropDown&RequestClass=Rule-HTML-Section&RequestAppliesTo=Rule-Connect-Agent&RequestRuleName=pzRuleFormHeaderCompareWithDropDown Payload: "{\"RequestClass\":\"Rule-HTML-Section\",\"RequestAppliesTo\":\"Rule-Connect-Agent\",\"RequestRuleName\":\"pzRuleFormHeaderCompareWithDropDown\"}" => HTTP 200 (25396 bytes)
[PegaHttpClient] 📡 POST https://zdk8budo.pegaacademy.net/prweb/api/CodeIntelligence/v1/rules/query?pxObjClass=Rule-HTML-Section&appliesTo=Rule-Connect-Agent&pyRuleName=undefined&RequestClass=Rule-HTML-Section&RequestAppliesTo=Rule-Connect-Agent&RequestRuleName=undefined Payload: "{\"RequestClass\":\"Rule-HTML-Section\",\"RequestAppliesTo\":\"Rule-Connect-Agent\",\"RequestRuleName\":\"undefined\"}" => HTTP 404 (105 bytes)
[PegaHttpClient] 📡 POST https://zdk8budo.pegaacademy.net/prweb/PRRestService/CodeIntelligence/v1/rules/query?pxObjClass=Rule-HTML-Section&appliesTo=Rule-Connect-Agent&pyRuleName=undefined&RequestClass=Rule-HTML-Section&RequestAppliesTo=Rule-Connect-Agent&RequestRuleName=undefined Payload: "{\"RequestClass\":\"Rule-HTML-Section\",\"RequestAppliesTo\":\"Rule-Connect-Agent\",\"RequestRuleName\":\"undefined\"}" => HTTP 404 (105 bytes)
[PegaHttpClient] 📡 POST https://zdk8budo.pegaacademy.net/prweb/api/HRAppsV2Service/V1/rules/query?pxObjClass=Rule-HTML-Section&appliesTo=Rule-Connect-Agent&pyRuleName=undefined&RequestClass=Rule-HTML-Section&RequestAppliesTo=Rule-Connect-Agent&RequestRuleName=undefined Payload: "{\"RequestClass\":\"Rule-HTML-Section\",\"RequestAppliesTo\":\"Rule-Connect-Agent\",\"RequestRuleName\":\"undefined\"}" => HTTP 404 (18 bytes)
[PegaHttpClient] 📡 POST https://zdk8budo.pegaacademy.net/prweb/PRRestService/HRAppsV2Service/V1/rules/query?pxObjClass=Rule-HTML-Section&appliesTo=Rule-Connect-Agent&pyRuleName=undefined&RequestClass=Rule-HTML-Section&RequestAppliesTo=Rule-Connect-Agent&RequestRuleName=undefined Payload: "{\"RequestClass\":\"Rule-HTML-Section\",\"RequestAppliesTo\":\"Rule-Connect-Agent\",\"RequestRuleName\":\"undefined\"}" => HTTP 404 (18 bytes)
[PegaHttpClient] 📡 POST https://zdk8budo.pegaacademy.net/prweb/api/HRAppsV2/V1/rules/query?pxObjClass=Rule-HTML-Section&appliesTo=Rule-Connect-Agent&pyRuleName=undefined&RequestClass=Rule-HTML-Section&RequestAppliesTo=Rule-Connect-Agent&RequestRuleName=undefined Payload: "{\"RequestClass\":\"Rule-HTML-Section\",\"RequestAppliesTo\":\"Rule-Connect-Agent\",\"RequestRuleName\":\"undefined\"}" => HTTP 404 (18 bytes)
[PegaHttpClient] 📡 POST https://zdk8budo.pegaacademy.net/prweb/PRRestService/HRAppsV2/V1/rules/query?pxObjClass=Rule-HTML-Section&appliesTo=Rule-Connect-Agent&pyRuleName=undefined&RequestClass=Rule-HTML-Section&RequestAppliesTo=Rule-Connect-Agent&RequestRuleName=undefined Payload: "{\"RequestClass\":\"Rule-HTML-Section\",\"RequestAppliesTo\":\"Rule-Connect-Agent\",\"RequestRuleName\":\"undefined\"}" => HTTP 404 (18 bytes)
[PegaHttpClient] 📡 POST https://zdk8budo.pegaacademy.net/prweb/api/v1/rules/query?pxObjClass=Rule-HTML-Section&appliesTo=Rule-Connect-Agent&pyRuleName=undefined&RequestClass=Rule-HTML-Section&RequestAppliesTo=Rule-Connect-Agent&RequestRuleName=undefined Payload: "{\"RequestClass\":\"Rule-HTML-Section\",\"RequestAppliesTo\":\"Rule-Connect-Agent\",\"RequestRuleName\":\"undefined\"}" => HTTP 404 (18 bytes)
[PegaHttpClient] 📡 POST https://zdk8budo.pegaacademy.net/prweb/PRRestService/v1/rules/query?pxObjClass=Rule-HTML-Section&appliesTo=Rule-Connect-Agent&pyRuleName=undefined&RequestClass=Rule-HTML-Section&RequestAppliesTo=Rule-Connect-Agent&RequestRuleName=undefined Payload: "{\"RequestClass\":\"Rule-HTML-Section\",\"RequestAppliesTo\":\"Rule-Connect-Agent\",\"RequestRuleName\":\"undefined\"}" => HTTP 404 (18 bytes)
[PegaHttpClient] 📡 POST https://zdk8budo.pegaacademy.net/prweb/api/CodeIntelligence/v1/rules/query?pxObjClass=Rule-HTML-Section&appliesTo=Rule-Connect-Agent&pyRuleName=pzRuleFormToolbarHotKeys&RequestClass=Rule-HTML-Section&RequestAppliesTo=Rule-Connect-Agent&RequestRuleName=pzRuleFormToolbarHotKeys Payload: "{\"RequestClass\":\"Rule-HTML-Section\",\"RequestAppliesTo\":\"Rule-Connect-Agent\",\"RequestRuleName\":\"pzRuleFormToolbarHotKeys\"}" => HTTP 200 (85058 bytes)
[PegaHttpClient] 📡 POST https://zdk8budo.pegaacademy.net/prweb/api/CodeIntelligence/v1/rules/query?pxObjClass=Rule-HTML-Section&appliesTo=Rule-Connect-Agent&pyRuleName=pzRuleFormToolbarLockedIcon&RequestClass=Rule-HTML-Section&RequestAppliesTo=Rule-Connect-Agent&RequestRuleName=pzRuleFormToolbarLockedIcon Payload: "{\"RequestClass\":\"Rule-HTML-Section\",\"RequestAppliesTo\":\"Rule-Connect-Agent\",\"RequestRuleName\":\"pzRuleFormToolbarLockedIcon\"}" => HTTP 200 (24898 bytes)
[PegaHttpClient] 📡 POST https://zdk8budo.pegaacademy.net/prweb/api/CodeIntelligence/v1/rules/query?pxObjClass=Rule-HTML-Section&appliesTo=Rule-Connect-Agent&pyRuleName=pzRuleFormToolbarCollaborators&RequestClass=Rule-HTML-Section&RequestAppliesTo=Rule-Connect-Agent&RequestRuleName=pzRuleFormToolbarCollaborators Payload: "{\"RequestClass\":\"Rule-HTML-Section\",\"RequestAppliesTo\":\"Rule-Connect-Agent\",\"RequestRuleName\":\"pzRuleFormToolbarCollaborators\"}" => HTTP 200 (15254 bytes)
[PegaHttpClient] 📡 POST https://zdk8budo.pegaacademy.net/prweb/api/CodeIntelligence/v1/rules/query?pxObjClass=Rule-HTML-Section&appliesTo=Rule-Connect-Agent&pyRuleName=pzRuleFormToolbarSaveAs&RequestClass=Rule-HTML-Section&RequestAppliesTo=Rule-Connect-Agent&RequestRuleName=pzRuleFormToolbarSaveAs Payload: "{\"RequestClass\":\"Rule-HTML-Section\",\"RequestAppliesTo\":\"Rule-Connect-Agent\",\"RequestRuleName\":\"pzRuleFormToolbarSaveAs\"}" => HTTP 200 (64084 bytes)
[PegaHttpClient] 📡 POST https://zdk8budo.pegaacademy.net/prweb/api/CodeIntelligence/v1/rules/query?pxObjClass=Rule-HTML-Section&appliesTo=Rule-Connect-Agent&pyRuleName=pzRuleFormToolbarCheckin&RequestClass=Rule-HTML-Section&RequestAppliesTo=Rule-Connect-Agent&RequestRuleName=pzRuleFormToolbarCheckin Payload: "{\"RequestClass\":\"Rule-HTML-Section\",\"RequestAppliesTo\":\"Rule-Connect-Agent\",\"RequestRuleName\":\"pzRuleFormToolbarCheckin\"}" => HTTP 200 (119096 bytes)
[PegaHttpClient] 📡 POST https://zdk8budo.pegaacademy.net/prweb/api/CodeIntelligence/v1/rules/query?pxObjClass=Rule-HTML-Section&appliesTo=Rule-Connect-Agent&pyRuleName=pzRuleFormToolbarDelete&RequestClass=Rule-HTML-Section&RequestAppliesTo=Rule-Connect-Agent&RequestRuleName=pzRuleFormToolbarDelete Payload: "{\"RequestClass\":\"Rule-HTML-Section\",\"RequestAppliesTo\":\"Rule-Connect-Agent\",\"RequestRuleName\":\"pzRuleFormToolbarDelete\"}" => HTTP 200 (30249 bytes)
[PegaHttpClient] 📡 POST https://zdk8budo.pegaacademy.net/prweb/api/CodeIntelligence/v1/rules/query?pxObjClass=Rule-HTML-Section&appliesTo=Rule-Connect-Agent&pyRuleName=pzRuleFormToolbarSave&RequestClass=Rule-HTML-Section&RequestAppliesTo=Rule-Connect-Agent&RequestRuleName=pzRuleFormToolbarSave Payload: "{\"RequestClass\":\"Rule-HTML-Section\",\"RequestAppliesTo\":\"Rule-Connect-Agent\",\"RequestRuleName\":\"pzRuleFormToolbarSave\"}" => HTTP 200 (293885 bytes)
[PegaHttpClient] 📡 POST https://zdk8budo.pegaacademy.net/prweb/api/CodeIntelligence/v1/rules/query?pxObjClass=Rule-HTML-Section&appliesTo=Rule-Connect-Agent&pyRuleName=pzRuleFormToolbarCheckout&RequestClass=Rule-HTML-Section&RequestAppliesTo=Rule-Connect-Agent&RequestRuleName=pzRuleFormToolbarCheckout Payload: "{\"RequestClass\":\"Rule-HTML-Section\",\"RequestAppliesTo\":\"Rule-Connect-Agent\",\"RequestRuleName\":\"pzRuleFormToolbarCheckout\"}" => HTTP 200 (238148 bytes)
[PegaHttpClient] 📡 POST https://zdk8budo.pegaacademy.net/prweb/api/CodeIntelligence/v1/rules/query?pxObjClass=Rule-HTML-Section&appliesTo=Rule-Connect-Agent&pyRuleName=pzRemoveErrorsDataPage&RequestClass=Rule-HTML-Section&RequestAppliesTo=Rule-Connect-Agent&RequestRuleName=pzRemoveErrorsDataPage Payload: "{\"RequestClass\":\"Rule-HTML-Section\",\"RequestAppliesTo\":\"Rule-Connect-Agent\",\"RequestRuleName\":\"pzRemoveErrorsDataPage\"}" => HTTP 200 (16733 bytes)
[PegaHttpClient] 📡 POST https://zdk8budo.pegaacademy.net/prweb/api/CodeIntelligence/v1/rules/query?pxObjClass=Rule-HTML-Section&appliesTo=Rule-Connect-Agent&pyRuleName=pzRuleFormHeaderMessagesWrapper&RequestClass=Rule-HTML-Section&RequestAppliesTo=Rule-Connect-Agent&RequestRuleName=pzRuleFormHeaderMessagesWrapper Payload: "{\"RequestClass\":\"Rule-HTML-Section\",\"RequestAppliesTo\":\"Rule-Connect-Agent\",\"RequestRuleName\":\"pzRuleFormHeaderMessagesWrapper\"}" => HTTP 200 (16981 bytes)
[PegaHttpClient] 📡 POST https://zdk8budo.pegaacademy.net/prweb/api/CodeIntelligence/v1/rules/query?pxObjClass=Rule-HTML-Section&appliesTo=Rule-Connect-Agent&pyRuleName=pzScm_RuleHistory&RequestClass=Rule-HTML-Section&RequestAppliesTo=Rule-Connect-Agent&RequestRuleName=pzScm_RuleHistory Payload: "{\"RequestClass\":\"Rule-HTML-Section\",\"RequestAppliesTo\":\"Rule-Connect-Agent\",\"RequestRuleName\":\"pzScm_RuleHistory\"}" => HTTP 200 (14682 bytes)
[PegaHttpClient] 📡 POST https://zdk8budo.pegaacademy.net/prweb/api/CodeIntelligence/v1/rules/query?pxObjClass=Rule-HTML-Section&appliesTo=Rule-Connect-Agent&pyRuleName=pxDisplayCollaborators&RequestClass=Rule-HTML-Section&RequestAppliesTo=Rule-Connect-Agent&RequestRuleName=pxDisplayCollaborators Payload: "{\"RequestClass\":\"Rule-HTML-Section\",\"RequestAppliesTo\":\"Rule-Connect-Agent\",\"RequestRuleName\":\"pxDisplayCollaborators\"}" => HTTP 200 (94171 bytes)
[PegaHttpClient] 📡 POST https://zdk8budo.pegaacademy.net/prweb/api/CodeIntelligence/v1/rules/query?pxObjClass=Rule-HTML-Section&appliesTo=Rule-Connect-Agent&pyRuleName=pzRuleFormToolbarDeleteCheckOut&RequestClass=Rule-HTML-Section&RequestAppliesTo=Rule-Connect-Agent&RequestRuleName=pzRuleFormToolbarDeleteCheckOut Payload: "{\"RequestClass\":\"Rule-HTML-Section\",\"RequestAppliesTo\":\"Rule-Connect-Agent\",\"RequestRuleName\":\"pzRuleFormToolbarDeleteCheckOut\"}" => HTTP 200 (29433 bytes)
[PegaHttpClient] 📡 POST https://zdk8budo.pegaacademy.net/prweb/api/CodeIntelligence/v1/rules/query?pxObjClass=Rule-HTML-Section&appliesTo=Rule-Connect-Agent&pyRuleName=pzRuleFormToolbarDeleteRule&RequestClass=Rule-HTML-Section&RequestAppliesTo=Rule-Connect-Agent&RequestRuleName=pzRuleFormToolbarDeleteRule Payload: "{\"RequestClass\":\"Rule-HTML-Section\",\"RequestAppliesTo\":\"Rule-Connect-Agent\",\"RequestRuleName\":\"pzRuleFormToolbarDeleteRule\"}" => HTTP 200 (32314 bytes)
[PegaHttpClient] 📡 POST https://zdk8budo.pegaacademy.net/prweb/api/CodeIntelligence/v1/rules/query?pxObjClass=Rule-HTML-Section&appliesTo=Rule-Connect-Agent&pyRuleName=pzLoadCollaborationScripts&RequestClass=Rule-HTML-Section&RequestAppliesTo=Rule-Connect-Agent&RequestRuleName=pzLoadCollaborationScripts Payload: "{\"RequestClass\":\"Rule-HTML-Section\",\"RequestAppliesTo\":\"Rule-Connect-Agent\",\"RequestRuleName\":\"pzLoadCollaborationScripts\"}" => HTTP 200 (23453 bytes)
[PegaHttpClient] 📡 POST https://zdk8budo.pegaacademy.net/prweb/api/CodeIntelligence/v1/rules/query?pxObjClass=Rule-HTML-Section&appliesTo=Rule-Connect-Agent&pyRuleName=pzDisplayCollaboratorsList&RequestClass=Rule-HTML-Section&RequestAppliesTo=Rule-Connect-Agent&RequestRuleName=pzDisplayCollaboratorsList Payload: "{\"RequestClass\":\"Rule-HTML-Section\",\"RequestAppliesTo\":\"Rule-Connect-Agent\",\"RequestRuleName\":\"pzDisplayCollaboratorsList\"}" => HTTP 200 (105418 bytes)
[PegaHttpClient] 📡 POST https://zdk8budo.pegaacademy.net/prweb/api/CodeIntelligence/v1/rules/query?pxObjClass=Rule-HTML-Section&appliesTo=Rule-Connect-Agent&pyRuleName=pyCollaborator&RequestClass=Rule-HTML-Section&RequestAppliesTo=Rule-Connect-Agent&RequestRuleName=pyCollaborator Payload: "{\"RequestClass\":\"Rule-HTML-Section\",\"RequestAppliesTo\":\"Rule-Connect-Agent\",\"RequestRuleName\":\"pyCollaborator\"}" => HTTP 404 (110 bytes)
[PegaHttpClient] 📡 POST https://zdk8budo.pegaacademy.net/prweb/PRRestService/CodeIntelligence/v1/rules/query?pxObjClass=Rule-HTML-Section&appliesTo=Rule-Connect-Agent&pyRuleName=pyCollaborator&RequestClass=Rule-HTML-Section&RequestAppliesTo=Rule-Connect-Agent&RequestRuleName=pyCollaborator Payload: "{\"RequestClass\":\"Rule-HTML-Section\",\"RequestAppliesTo\":\"Rule-Connect-Agent\",\"RequestRuleName\":\"pyCollaborator\"}" => HTTP 404 (110 bytes)
[PegaHttpClient] 📡 POST https://zdk8budo.pegaacademy.net/prweb/api/HRAppsV2Service/V1/rules/query?pxObjClass=Rule-HTML-Section&appliesTo=Rule-Connect-Agent&pyRuleName=pyCollaborator&RequestClass=Rule-HTML-Section&RequestAppliesTo=Rule-Connect-Agent&RequestRuleName=pyCollaborator Payload: "{\"RequestClass\":\"Rule-HTML-Section\",\"RequestAppliesTo\":\"Rule-Connect-Agent\",\"RequestRuleName\":\"pyCollaborator\"}" => HTTP 404 (18 bytes)
[PegaHttpClient] 📡 POST https://zdk8budo.pegaacademy.net/prweb/PRRestService/HRAppsV2Service/V1/rules/query?pxObjClass=Rule-HTML-Section&appliesTo=Rule-Connect-Agent&pyRuleName=pyCollaborator&RequestClass=Rule-HTML-Section&RequestAppliesTo=Rule-Connect-Agent&RequestRuleName=pyCollaborator Payload: "{\"RequestClass\":\"Rule-HTML-Section\",\"RequestAppliesTo\":\"Rule-Connect-Agent\",\"RequestRuleName\":\"pyCollaborator\"}" => HTTP 404 (18 bytes)
[PegaHttpClient] 📡 POST https://zdk8budo.pegaacademy.net/prweb/api/HRAppsV2/V1/rules/query?pxObjClass=Rule-HTML-Section&appliesTo=Rule-Connect-Agent&pyRuleName=pyCollaborator&RequestClass=Rule-HTML-Section&RequestAppliesTo=Rule-Connect-Agent&RequestRuleName=pyCollaborator Payload: "{\"RequestClass\":\"Rule-HTML-Section\",\"RequestAppliesTo\":\"Rule-Connect-Agent\",\"RequestRuleName\":\"pyCollaborator\"}" => HTTP 404 (18 bytes)
[PegaHttpClient] 📡 POST https://zdk8budo.pegaacademy.net/prweb/PRRestService/HRAppsV2/V1/rules/query?pxObjClass=Rule-HTML-Section&appliesTo=Rule-Connect-Agent&pyRuleName=pyCollaborator&RequestClass=Rule-HTML-Section&RequestAppliesTo=Rule-Connect-Agent&RequestRuleName=pyCollaborator Payload: "{\"RequestClass\":\"Rule-HTML-Section\",\"RequestAppliesTo\":\"Rule-Connect-Agent\",\"RequestRuleName\":\"pyCollaborator\"}" => HTTP 404 (18 bytes)
[PegaHttpClient] 📡 POST https://zdk8budo.pegaacademy.net/prweb/api/v1/rules/query?pxObjClass=Rule-HTML-Section&appliesTo=Rule-Connect-Agent&pyRuleName=pyCollaborator&RequestClass=Rule-HTML-Section&RequestAppliesTo=Rule-Connect-Agent&RequestRuleName=pyCollaborator Payload: "{\"RequestClass\":\"Rule-HTML-Section\",\"RequestAppliesTo\":\"Rule-Connect-Agent\",\"RequestRuleName\":\"pyCollaborator\"}" => HTTP 404 (18 bytes)
[PegaHttpClient] 📡 POST https://zdk8budo.pegaacademy.net/prweb/PRRestService/v1/rules/query?pxObjClass=Rule-HTML-Section&appliesTo=Rule-Connect-Agent&pyRuleName=pyCollaborator&RequestClass=Rule-HTML-Section&RequestAppliesTo=Rule-Connect-Agent&RequestRuleName=pyCollaborator Payload: "{\"RequestClass\":\"Rule-HTML-Section\",\"RequestAppliesTo\":\"Rule-Connect-Agent\",\"RequestRuleName\":\"pyCollaborator\"}" => HTTP 404 (18 bytes)
[PegaHttpClient] 📡 POST https://zdk8budo.pegaacademy.net/prweb/api/CodeIntelligence/v1/rules/query?pxObjClass=Rule-HTML-Section&appliesTo=Rule-Connect-Agent&pyRuleName=pzDisplayPartialCount&RequestClass=Rule-HTML-Section&RequestAppliesTo=Rule-Connect-Agent&RequestRuleName=pzDisplayPartialCount Payload: "{\"RequestClass\":\"Rule-HTML-Section\",\"RequestAppliesTo\":\"Rule-Connect-Agent\",\"RequestRuleName\":\"pzDisplayPartialCount\"}" => HTTP 404 (117 bytes)
[PegaHttpClient] 📡 POST https://zdk8budo.pegaacademy.net/prweb/PRRestService/CodeIntelligence/v1/rules/query?pxObjClass=Rule-HTML-Section&appliesTo=Rule-Connect-Agent&pyRuleName=pzDisplayPartialCount&RequestClass=Rule-HTML-Section&RequestAppliesTo=Rule-Connect-Agent&RequestRuleName=pzDisplayPartialCount Payload: "{\"RequestClass\":\"Rule-HTML-Section\",\"RequestAppliesTo\":\"Rule-Connect-Agent\",\"RequestRuleName\":\"pzDisplayPartialCount\"}" => HTTP 404 (117 bytes)
[PegaHttpClient] 📡 POST https://zdk8budo.pegaacademy.net/prweb/api/HRAppsV2Service/V1/rules/query?pxObjClass=Rule-HTML-Section&appliesTo=Rule-Connect-Agent&pyRuleName=pzDisplayPartialCount&RequestClass=Rule-HTML-Section&RequestAppliesTo=Rule-Connect-Agent&RequestRuleName=pzDisplayPartialCount Payload: "{\"RequestClass\":\"Rule-HTML-Section\",\"RequestAppliesTo\":\"Rule-Connect-Agent\",\"RequestRuleName\":\"pzDisplayPartialCount\"}" => HTTP 404 (18 bytes)
[PegaHttpClient] 📡 POST https://zdk8budo.pegaacademy.net/prweb/PRRestService/HRAppsV2Service/V1/rules/query?pxObjClass=Rule-HTML-Section&appliesTo=Rule-Connect-Agent&pyRuleName=pzDisplayPartialCount&RequestClass=Rule-HTML-Section&RequestAppliesTo=Rule-Connect-Agent&RequestRuleName=pzDisplayPartialCount Payload: "{\"RequestClass\":\"Rule-HTML-Section\",\"RequestAppliesTo\":\"Rule-Connect-Agent\",\"RequestRuleName\":\"pzDisplayPartialCount\"}" => HTTP 404 (18 bytes)
[PegaHttpClient] 📡 POST https://zdk8budo.pegaacademy.net/prweb/api/HRAppsV2/V1/rules/query?pxObjClass=Rule-HTML-Section&appliesTo=Rule-Connect-Agent&pyRuleName=pzDisplayPartialCount&RequestClass=Rule-HTML-Section&RequestAppliesTo=Rule-Connect-Agent&RequestRuleName=pzDisplayPartialCount Payload: "{\"RequestClass\":\"Rule-HTML-Section\",\"RequestAppliesTo\":\"Rule-Connect-Agent\",\"RequestRuleName\":\"pzDisplayPartialCount\"}" => HTTP 404 (18 bytes)
[PegaHttpClient] 📡 POST https://zdk8budo.pegaacademy.net/prweb/PRRestService/HRAppsV2/V1/rules/query?pxObjClass=Rule-HTML-Section&appliesTo=Rule-Connect-Agent&pyRuleName=pzDisplayPartialCount&RequestClass=Rule-HTML-Section&RequestAppliesTo=Rule-Connect-Agent&RequestRuleName=pzDisplayPartialCount Payload: "{\"RequestClass\":\"Rule-HTML-Section\",\"RequestAppliesTo\":\"Rule-Connect-Agent\",\"RequestRuleName\":\"pzDisplayPartialCount\"}" => HTTP 404 (18 bytes)
[PegaHttpClient] 📡 POST https://zdk8budo.pegaacademy.net/prweb/api/v1/rules/query?pxObjClass=Rule-HTML-Section&appliesTo=Rule-Connect-Agent&pyRuleName=pzDisplayPartialCount&RequestClass=Rule-HTML-Section&RequestAppliesTo=Rule-Connect-Agent&RequestRuleName=pzDisplayPartialCount Payload: "{\"RequestClass\":\"Rule-HTML-Section\",\"RequestAppliesTo\":\"Rule-Connect-Agent\",\"RequestRuleName\":\"pzDisplayPartialCount\"}" => HTTP 404 (18 bytes)
[PegaHttpClient] 📡 POST https://zdk8budo.pegaacademy.net/prweb/PRRestService/v1/rules/query?pxObjClass=Rule-HTML-Section&appliesTo=Rule-Connect-Agent&pyRuleName=pzDisplayPartialCount&RequestClass=Rule-HTML-Section&RequestAppliesTo=Rule-Connect-Agent&RequestRuleName=pzDisplayPartialCount Payload: "{\"RequestClass\":\"Rule-HTML-Section\",\"RequestAppliesTo\":\"Rule-Connect-Agent\",\"RequestRuleName\":\"pzDisplayPartialCount\"}" => HTTP 404 (18 bytes)
[SchemaGen] ✅ Schema written for Rule-Connect-Agent
[PegaHttpClient] 📡 GET https://zdk8budo.pegaacademy.net/prweb/api/CodeIntelligence/v1/rules/RULE-HTML-HARNESS%20RULE-APPLICATION%20RULEFORM%20%2320250430T112438.182%20GMT => HTTP 200 (39551 bytes)
[PegaHttpClient] 📡 POST https://zdk8budo.pegaacademy.net/prweb/api/CodeIntelligence/v1/rules/query?pxObjClass=Rule-HTML-Section&appliesTo=Rule-Application&pyRuleName=RuleFormMain&RequestClass=Rule-HTML-Section&RequestAppliesTo=Rule-Application&RequestRuleName=RuleFormMain Payload: "{\"RequestClass\":\"Rule-HTML-Section\",\"RequestAppliesTo\":\"Rule-Application\",\"RequestRuleName\":\"RuleFormMain\"}" => HTTP 200 (156234 bytes)
[PegaHttpClient] 📡 POST https://zdk8budo.pegaacademy.net/prweb/api/CodeIntelligence/v1/rules/query?pxObjClass=Rule-HTML-Section&appliesTo=Rule-Application&pyRuleName=pxAlternateRuleForm&RequestClass=Rule-HTML-Section&RequestAppliesTo=Rule-Application&RequestRuleName=pxAlternateRuleForm Payload: "{\"RequestClass\":\"Rule-HTML-Section\",\"RequestAppliesTo\":\"Rule-Application\",\"RequestRuleName\":\"pxAlternateRuleForm\"}" => HTTP 200 (66153 bytes)
[PegaHttpClient] 📡 POST https://zdk8budo.pegaacademy.net/prweb/api/CodeIntelligence/v1/rules/query?pxObjClass=Rule-HTML-Section&appliesTo=Rule-Application&pyRuleName=pzRuleFormScripts&RequestClass=Rule-HTML-Section&RequestAppliesTo=Rule-Application&RequestRuleName=pzRuleFormScripts Payload: "{\"RequestClass\":\"Rule-HTML-Section\",\"RequestAppliesTo\":\"Rule-Application\",\"RequestRuleName\":\"pzRuleFormScripts\"}" => HTTP 200 (40822 bytes)
[PegaHttpClient] 📡 POST https://zdk8budo.pegaacademy.net/prweb/api/CodeIntelligence/v1/rules/query?pxObjClass=Rule-HTML-Section&appliesTo=Rule-Application&pyRuleName=pzRuleFormLayoutDelegated&RequestClass=Rule-HTML-Section&RequestAppliesTo=Rule-Application&RequestRuleName=pzRuleFormLayoutDelegated Payload: "{\"RequestClass\":\"Rule-HTML-Section\",\"RequestAppliesTo\":\"Rule-Application\",\"RequestRuleName\":\"pzRuleFormLayoutDelegated\"}" => HTTP 200 (70998 bytes)
[PegaHttpClient] 📡 POST https://zdk8budo.pegaacademy.net/prweb/api/CodeIntelligence/v1/rules/query?pxObjClass=Rule-HTML-Section&appliesTo=Rule-Application&pyRuleName=RuleFormLayout&RequestClass=Rule-HTML-Section&RequestAppliesTo=Rule-Application&RequestRuleName=RuleFormLayout Payload: "{\"RequestClass\":\"Rule-HTML-Section\",\"RequestAppliesTo\":\"Rule-Application\",\"RequestRuleName\":\"RuleFormLayout\"}" => HTTP 200 (256405 bytes)
[PegaHttpClient] 📡 POST https://zdk8budo.pegaacademy.net/prweb/api/CodeIntelligence/v1/rules/query?pxObjClass=Rule-HTML-Section&appliesTo=Rule-Application&pyRuleName=RuleFormSettings&RequestClass=Rule-HTML-Section&RequestAppliesTo=Rule-Application&RequestRuleName=RuleFormSettings Payload: "{\"RequestClass\":\"Rule-HTML-Section\",\"RequestAppliesTo\":\"Rule-Application\",\"RequestRuleName\":\"RuleFormSettings\"}" => HTTP 200 (14308 bytes)
[PegaHttpClient] 📡 POST https://zdk8budo.pegaacademy.net/prweb/api/CodeIntelligence/v1/rules/query?pxObjClass=Rule-HTML-Section&appliesTo=Rule-Application&pyRuleName=OpenAuthoring&RequestClass=Rule-HTML-Section&RequestAppliesTo=Rule-Application&RequestRuleName=OpenAuthoring Payload: "{\"RequestClass\":\"Rule-HTML-Section\",\"RequestAppliesTo\":\"Rule-Application\",\"RequestRuleName\":\"OpenAuthoring\"}" => HTTP 200 (23695 bytes)
[PegaHttpClient] 📡 POST https://zdk8budo.pegaacademy.net/prweb/api/CodeIntelligence/v1/rules/query?pxObjClass=Rule-HTML-Section&appliesTo=Rule-Application&pyRuleName=pyCustomHelp&RequestClass=Rule-HTML-Section&RequestAppliesTo=Rule-Application&RequestRuleName=pyCustomHelp Payload: "{\"RequestClass\":\"Rule-HTML-Section\",\"RequestAppliesTo\":\"Rule-Application\",\"RequestRuleName\":\"pyCustomHelp\"}" => HTTP 200 (17256 bytes)
[PegaHttpClient] 📡 POST https://zdk8budo.pegaacademy.net/prweb/api/CodeIntelligence/v1/rules/query?pxObjClass=Rule-HTML-Section&appliesTo=Rule-Application&pyRuleName=pzRuleformMainInclude&RequestClass=Rule-HTML-Section&RequestAppliesTo=Rule-Application&RequestRuleName=pzRuleformMainInclude Payload: "{\"RequestClass\":\"Rule-HTML-Section\",\"RequestAppliesTo\":\"Rule-Application\",\"RequestRuleName\":\"pzRuleformMainInclude\"}" => HTTP 200 (22375 bytes)
[PegaHttpClient] 📡 POST https://zdk8budo.pegaacademy.net/prweb/api/CodeIntelligence/v1/rules/query?pxObjClass=Rule-HTML-Section&appliesTo=Rule-Application&pyRuleName=pyAlternativeRuleFormStrategicAppExtension&RequestClass=Rule-HTML-Section&RequestAppliesTo=Rule-Application&RequestRuleName=pyAlternativeRuleFormStrategicAppExtension Payload: "{\"RequestClass\":\"Rule-HTML-Section\",\"RequestAppliesTo\":\"Rule-Application\",\"RequestRuleName\":\"pyAlternativeRuleFormStrategicAppExtension\"}" => HTTP 200 (25042 bytes)
[PegaHttpClient] 📡 POST https://zdk8budo.pegaacademy.net/prweb/api/CodeIntelligence/v1/rules/query?pxObjClass=Rule-HTML-Section&appliesTo=Rule-Application&pyRuleName=pyAlternativeRuleFormExtension&RequestClass=Rule-HTML-Section&RequestAppliesTo=Rule-Application&RequestRuleName=pyAlternativeRuleFormExtension Payload: "{\"RequestClass\":\"Rule-HTML-Section\",\"RequestAppliesTo\":\"Rule-Application\",\"RequestRuleName\":\"pyAlternativeRuleFormExtension\"}" => HTTP 200 (24863 bytes)
[PegaHttpClient] 📡 POST https://zdk8budo.pegaacademy.net/prweb/api/CodeIntelligence/v1/rules/query?pxObjClass=Rule-HTML-Section&appliesTo=Rule-Application&pyRuleName=RuleFormHeader&RequestClass=Rule-HTML-Section&RequestAppliesTo=Rule-Application&RequestRuleName=RuleFormHeader Payload: "{\"RequestClass\":\"Rule-HTML-Section\",\"RequestAppliesTo\":\"Rule-Application\",\"RequestRuleName\":\"RuleFormHeader\"}" => HTTP 200 (183800 bytes)
[PegaHttpClient] 📡 POST https://zdk8budo.pegaacademy.net/prweb/api/CodeIntelligence/v1/rules/query?pxObjClass=Rule-HTML-Section&appliesTo=Rule-Application&pyRuleName=pzDelegationExperience&RequestClass=Rule-HTML-Section&RequestAppliesTo=Rule-Application&RequestRuleName=pzDelegationExperience Payload: "{\"RequestClass\":\"Rule-HTML-Section\",\"RequestAppliesTo\":\"Rule-Application\",\"RequestRuleName\":\"pzDelegationExperience\"}" => HTTP 404 (116 bytes)
[PegaHttpClient] 📡 POST https://zdk8budo.pegaacademy.net/prweb/PRRestService/CodeIntelligence/v1/rules/query?pxObjClass=Rule-HTML-Section&appliesTo=Rule-Application&pyRuleName=pzDelegationExperience&RequestClass=Rule-HTML-Section&RequestAppliesTo=Rule-Application&RequestRuleName=pzDelegationExperience Payload: "{\"RequestClass\":\"Rule-HTML-Section\",\"RequestAppliesTo\":\"Rule-Application\",\"RequestRuleName\":\"pzDelegationExperience\"}" => HTTP 404 (116 bytes)
[PegaHttpClient] 📡 POST https://zdk8budo.pegaacademy.net/prweb/api/HRAppsV2Service/V1/rules/query?pxObjClass=Rule-HTML-Section&appliesTo=Rule-Application&pyRuleName=pzDelegationExperience&RequestClass=Rule-HTML-Section&RequestAppliesTo=Rule-Application&RequestRuleName=pzDelegationExperience Payload: "{\"RequestClass\":\"Rule-HTML-Section\",\"RequestAppliesTo\":\"Rule-Application\",\"RequestRuleName\":\"pzDelegationExperience\"}" => HTTP 404 (18 bytes)
[PegaHttpClient] 📡 POST https://zdk8budo.pegaacademy.net/prweb/PRRestService/HRAppsV2Service/V1/rules/query?pxObjClass=Rule-HTML-Section&appliesTo=Rule-Application&pyRuleName=pzDelegationExperience&RequestClass=Rule-HTML-Section&RequestAppliesTo=Rule-Application&RequestRuleName=pzDelegationExperience Payload: "{\"RequestClass\":\"Rule-HTML-Section\",\"RequestAppliesTo\":\"Rule-Application\",\"RequestRuleName\":\"pzDelegationExperience\"}" => HTTP 404 (18 bytes)
[PegaHttpClient] 📡 POST https://zdk8budo.pegaacademy.net/prweb/api/HRAppsV2/V1/rules/query?pxObjClass=Rule-HTML-Section&appliesTo=Rule-Application&pyRuleName=pzDelegationExperience&RequestClass=Rule-HTML-Section&RequestAppliesTo=Rule-Application&RequestRuleName=pzDelegationExperience Payload: "{\"RequestClass\":\"Rule-HTML-Section\",\"RequestAppliesTo\":\"Rule-Application\",\"RequestRuleName\":\"pzDelegationExperience\"}" => HTTP 404 (18 bytes)
[PegaHttpClient] 📡 POST https://zdk8budo.pegaacademy.net/prweb/PRRestService/HRAppsV2/V1/rules/query?pxObjClass=Rule-HTML-Section&appliesTo=Rule-Application&pyRuleName=pzDelegationExperience&RequestClass=Rule-HTML-Section&RequestAppliesTo=Rule-Application&RequestRuleName=pzDelegationExperience Payload: "{\"RequestClass\":\"Rule-HTML-Section\",\"RequestAppliesTo\":\"Rule-Application\",\"RequestRuleName\":\"pzDelegationExperience\"}" => HTTP 404 (18 bytes)
[PegaHttpClient] 📡 POST https://zdk8budo.pegaacademy.net/prweb/api/v1/rules/query?pxObjClass=Rule-HTML-Section&appliesTo=Rule-Application&pyRuleName=pzDelegationExperience&RequestClass=Rule-HTML-Section&RequestAppliesTo=Rule-Application&RequestRuleName=pzDelegationExperience Payload: "{\"RequestClass\":\"Rule-HTML-Section\",\"RequestAppliesTo\":\"Rule-Application\",\"RequestRuleName\":\"pzDelegationExperience\"}" => HTTP 404 (18 bytes)
[PegaHttpClient] 📡 POST https://zdk8budo.pegaacademy.net/prweb/PRRestService/v1/rules/query?pxObjClass=Rule-HTML-Section&appliesTo=Rule-Application&pyRuleName=pzDelegationExperience&RequestClass=Rule-HTML-Section&RequestAppliesTo=Rule-Application&RequestRuleName=pzDelegationExperience Payload: "{\"RequestClass\":\"Rule-HTML-Section\",\"RequestAppliesTo\":\"Rule-Application\",\"RequestRuleName\":\"pzDelegationExperience\"}" => HTTP 404 (18 bytes)
[PegaHttpClient] 📡 POST https://zdk8budo.pegaacademy.net/prweb/api/CodeIntelligence/v1/rules/query?pxObjClass=Rule-HTML-Section&appliesTo=Rule-Application&pyRuleName=pxCopiedApplicationURL&RequestClass=Rule-HTML-Section&RequestAppliesTo=Rule-Application&RequestRuleName=pxCopiedApplicationURL Payload: "{\"RequestClass\":\"Rule-HTML-Section\",\"RequestAppliesTo\":\"Rule-Application\",\"RequestRuleName\":\"pxCopiedApplicationURL\"}" => HTTP 200 (55998 bytes)
[PegaHttpClient] 📡 POST https://zdk8budo.pegaacademy.net/prweb/api/CodeIntelligence/v1/rules/query?pxObjClass=Rule-HTML-Section&appliesTo=Rule-Application&pyRuleName=pzOneClickMigrateBanner&RequestClass=Rule-HTML-Section&RequestAppliesTo=Rule-Application&RequestRuleName=pzOneClickMigrateBanner Payload: "{\"RequestClass\":\"Rule-HTML-Section\",\"RequestAppliesTo\":\"Rule-Application\",\"RequestRuleName\":\"pzOneClickMigrateBanner\"}" => HTTP 200 (62294 bytes)
[PegaHttpClient] 📡 POST https://zdk8budo.pegaacademy.net/prweb/api/CodeIntelligence/v1/rules/query?pxObjClass=Rule-HTML-Section&appliesTo=Rule-Application&pyRuleName=pzDefinition&RequestClass=Rule-HTML-Section&RequestAppliesTo=Rule-Application&RequestRuleName=pzDefinition Payload: "{\"RequestClass\":\"Rule-HTML-Section\",\"RequestAppliesTo\":\"Rule-Application\",\"RequestRuleName\":\"pzDefinition\"}" => HTTP 200 (304083 bytes)
[PegaHttpClient] 📡 POST https://zdk8budo.pegaacademy.net/prweb/api/CodeIntelligence/v1/rules/query?pxObjClass=Rule-HTML-Section&appliesTo=Rule-Application&pyRuleName=pzCasesAndData&RequestClass=Rule-HTML-Section&RequestAppliesTo=Rule-Application&RequestRuleName=pzCasesAndData Payload: "{\"RequestClass\":\"Rule-HTML-Section\",\"RequestAppliesTo\":\"Rule-Application\",\"RequestRuleName\":\"pzCasesAndData\"}" => HTTP 200 (120403 bytes)
[PegaHttpClient] 📡 POST https://zdk8budo.pegaacademy.net/prweb/api/CodeIntelligence/v1/rules/query?pxObjClass=Rule-HTML-Section&appliesTo=Rule-Application&pyRuleName=pzApplicationWizard&RequestClass=Rule-HTML-Section&RequestAppliesTo=Rule-Application&RequestRuleName=pzApplicationWizard Payload: "{\"RequestClass\":\"Rule-HTML-Section\",\"RequestAppliesTo\":\"Rule-Application\",\"RequestRuleName\":\"pzApplicationWizard\"}" => HTTP 200 (142852 bytes)
[PegaHttpClient] 📡 POST https://zdk8budo.pegaacademy.net/prweb/api/CodeIntelligence/v1/rules/query?pxObjClass=Rule-HTML-Section&appliesTo=Rule-Application&pyRuleName=pzDocumentation&RequestClass=Rule-HTML-Section&RequestAppliesTo=Rule-Application&RequestRuleName=pzDocumentation Payload: "{\"RequestClass\":\"Rule-HTML-Section\",\"RequestAppliesTo\":\"Rule-Application\",\"RequestRuleName\":\"pzDocumentation\"}" => HTTP 200 (330208 bytes)
[PegaHttpClient] 📡 POST https://zdk8budo.pegaacademy.net/prweb/api/CodeIntelligence/v1/rules/query?pxObjClass=Rule-HTML-Section&appliesTo=Rule-Application&pyRuleName=pzIntegration&RequestClass=Rule-HTML-Section&RequestAppliesTo=Rule-Application&RequestRuleName=pzIntegration Payload: "{\"RequestClass\":\"Rule-HTML-Section\",\"RequestAppliesTo\":\"Rule-Application\",\"RequestRuleName\":\"pzIntegration\"}" => HTTP 200 (112835 bytes)
[PegaHttpClient] 📡 POST https://zdk8budo.pegaacademy.net/prweb/api/CodeIntelligence/v1/rules/query?pxObjClass=Rule-HTML-Section&appliesTo=Rule-Application&pyRuleName=pzSecurity&RequestClass=Rule-HTML-Section&RequestAppliesTo=Rule-Application&RequestRuleName=pzSecurity Payload: "{\"RequestClass\":\"Rule-HTML-Section\",\"RequestAppliesTo\":\"Rule-Application\",\"RequestRuleName\":\"pzSecurity\"}" => HTTP 200 (289993 bytes)
[PegaHttpClient] 📡 POST https://zdk8budo.pegaacademy.net/prweb/api/CodeIntelligence/v1/rules/query?pxObjClass=Rule-HTML-Section&appliesTo=Rule-Application&pyRuleName=pzComponentDefinition&RequestClass=Rule-HTML-Section&RequestAppliesTo=Rule-Application&RequestRuleName=pzComponentDefinition Payload: "{\"RequestClass\":\"Rule-HTML-Section\",\"RequestAppliesTo\":\"Rule-Application\",\"RequestRuleName\":\"pzComponentDefinition\"}" => HTTP 200 (322452 bytes)
[PegaHttpClient] 📡 POST https://zdk8budo.pegaacademy.net/prweb/api/CodeIntelligence/v1/rules/query?pxObjClass=Rule-HTML-Section&appliesTo=Rule-Application&pyRuleName=pzComponentDocumentation&RequestClass=Rule-HTML-Section&RequestAppliesTo=Rule-Application&RequestRuleName=pzComponentDocumentation Payload: "{\"RequestClass\":\"Rule-HTML-Section\",\"RequestAppliesTo\":\"Rule-Application\",\"RequestRuleName\":\"pzComponentDocumentation\"}" => HTTP 200 (149471 bytes)
[PegaHttpClient] 📡 POST https://zdk8budo.pegaacademy.net/prweb/api/CodeIntelligence/v1/rules/query?pxObjClass=Rule-HTML-Section&appliesTo=Rule-Application&pyRuleName=RuleFormHistory&RequestClass=Rule-HTML-Section&RequestAppliesTo=Rule-Application&RequestRuleName=RuleFormHistory Payload: "{\"RequestClass\":\"Rule-HTML-Section\",\"RequestAppliesTo\":\"Rule-Application\",\"RequestRuleName\":\"RuleFormHistory\"}" => HTTP 200 (76091 bytes)
[PegaHttpClient] 📡 POST https://zdk8budo.pegaacademy.net/prweb/api/CodeIntelligence/v1/rules/query?pxObjClass=Rule-HTML-Section&appliesTo=Rule-Application&pyRuleName=pzCustomHelp&RequestClass=Rule-HTML-Section&RequestAppliesTo=Rule-Application&RequestRuleName=pzCustomHelp Payload: "{\"RequestClass\":\"Rule-HTML-Section\",\"RequestAppliesTo\":\"Rule-Application\",\"RequestRuleName\":\"pzCustomHelp\"}" => HTTP 200 (31573 bytes)
[PegaHttpClient] 📡 POST https://zdk8budo.pegaacademy.net/prweb/api/CodeIntelligence/v1/rules/query?pxObjClass=Rule-HTML-Section&appliesTo=Rule-Application&pyRuleName=pzRuleFormKeysAndDescription&RequestClass=Rule-HTML-Section&RequestAppliesTo=Rule-Application&RequestRuleName=pzRuleFormKeysAndDescription Payload: "{\"RequestClass\":\"Rule-HTML-Section\",\"RequestAppliesTo\":\"Rule-Application\",\"RequestRuleName\":\"pzRuleFormKeysAndDescription\"}" => HTTP 200 (218057 bytes)
[PegaHttpClient] 📡 POST https://zdk8budo.pegaacademy.net/prweb/api/CodeIntelligence/v1/rules/query?pxObjClass=Rule-HTML-Section&appliesTo=Rule-Application&pyRuleName=pzRuleFormRuleset&RequestClass=Rule-HTML-Section&RequestAppliesTo=Rule-Application&RequestRuleName=pzRuleFormRuleset Payload: "{\"RequestClass\":\"Rule-HTML-Section\",\"RequestAppliesTo\":\"Rule-Application\",\"RequestRuleName\":\"pzRuleFormRuleset\"}" => HTTP 200 (29762 bytes)
[PegaHttpClient] 📡 POST https://zdk8budo.pegaacademy.net/prweb/api/CodeIntelligence/v1/rules/query?pxObjClass=Rule-HTML-Section&appliesTo=Rule-Application&pyRuleName=undefined&RequestClass=Rule-HTML-Section&RequestAppliesTo=Rule-Application&RequestRuleName=undefined Payload: "{\"RequestClass\":\"Rule-HTML-Section\",\"RequestAppliesTo\":\"Rule-Application\",\"RequestRuleName\":\"undefined\"}" => HTTP 404 (103 bytes)
[PegaHttpClient] 📡 POST https://zdk8budo.pegaacademy.net/prweb/PRRestService/CodeIntelligence/v1/rules/query?pxObjClass=Rule-HTML-Section&appliesTo=Rule-Application&pyRuleName=undefined&RequestClass=Rule-HTML-Section&RequestAppliesTo=Rule-Application&RequestRuleName=undefined Payload: "{\"RequestClass\":\"Rule-HTML-Section\",\"RequestAppliesTo\":\"Rule-Application\",\"RequestRuleName\":\"undefined\"}" => HTTP 404 (103 bytes)
[PegaHttpClient] 📡 POST https://zdk8budo.pegaacademy.net/prweb/api/HRAppsV2Service/V1/rules/query?pxObjClass=Rule-HTML-Section&appliesTo=Rule-Application&pyRuleName=undefined&RequestClass=Rule-HTML-Section&RequestAppliesTo=Rule-Application&RequestRuleName=undefined Payload: "{\"RequestClass\":\"Rule-HTML-Section\",\"RequestAppliesTo\":\"Rule-Application\",\"RequestRuleName\":\"undefined\"}" => HTTP 404 (18 bytes)
[PegaHttpClient] 📡 POST https://zdk8budo.pegaacademy.net/prweb/PRRestService/HRAppsV2Service/V1/rules/query?pxObjClass=Rule-HTML-Section&appliesTo=Rule-Application&pyRuleName=undefined&RequestClass=Rule-HTML-Section&RequestAppliesTo=Rule-Application&RequestRuleName=undefined Payload: "{\"RequestClass\":\"Rule-HTML-Section\",\"RequestAppliesTo\":\"Rule-Application\",\"RequestRuleName\":\"undefined\"}" => HTTP 404 (18 bytes)
[PegaHttpClient] 📡 POST https://zdk8budo.pegaacademy.net/prweb/api/HRAppsV2/V1/rules/query?pxObjClass=Rule-HTML-Section&appliesTo=Rule-Application&pyRuleName=undefined&RequestClass=Rule-HTML-Section&RequestAppliesTo=Rule-Application&RequestRuleName=undefined Payload: "{\"RequestClass\":\"Rule-HTML-Section\",\"RequestAppliesTo\":\"Rule-Application\",\"RequestRuleName\":\"undefined\"}" => HTTP 404 (18 bytes)
[PegaHttpClient] 📡 POST https://zdk8budo.pegaacademy.net/prweb/PRRestService/HRAppsV2/V1/rules/query?pxObjClass=Rule-HTML-Section&appliesTo=Rule-Application&pyRuleName=undefined&RequestClass=Rule-HTML-Section&RequestAppliesTo=Rule-Application&RequestRuleName=undefined Payload: "{\"RequestClass\":\"Rule-HTML-Section\",\"RequestAppliesTo\":\"Rule-Application\",\"RequestRuleName\":\"undefined\"}" => HTTP 404 (18 bytes)
[PegaHttpClient] 📡 POST https://zdk8budo.pegaacademy.net/prweb/api/v1/rules/query?pxObjClass=Rule-HTML-Section&appliesTo=Rule-Application&pyRuleName=undefined&RequestClass=Rule-HTML-Section&RequestAppliesTo=Rule-Application&RequestRuleName=undefined Payload: "{\"RequestClass\":\"Rule-HTML-Section\",\"RequestAppliesTo\":\"Rule-Application\",\"RequestRuleName\":\"undefined\"}" => HTTP 404 (18 bytes)
[PegaHttpClient] 📡 POST https://zdk8budo.pegaacademy.net/prweb/PRRestService/v1/rules/query?pxObjClass=Rule-HTML-Section&appliesTo=Rule-Application&pyRuleName=undefined&RequestClass=Rule-HTML-Section&RequestAppliesTo=Rule-Application&RequestRuleName=undefined Payload: "{\"RequestClass\":\"Rule-HTML-Section\",\"RequestAppliesTo\":\"Rule-Application\",\"RequestRuleName\":\"undefined\"}" => HTTP 404 (18 bytes)
[PegaHttpClient] 📡 POST https://zdk8budo.pegaacademy.net/prweb/api/CodeIntelligence/v1/rules/query?pxObjClass=Rule-HTML-Section&appliesTo=Rule-Application&pyRuleName=pzRuleFormToolbar&RequestClass=Rule-HTML-Section&RequestAppliesTo=Rule-Application&RequestRuleName=pzRuleFormToolbar Payload: "{\"RequestClass\":\"Rule-HTML-Section\",\"RequestAppliesTo\":\"Rule-Application\",\"RequestRuleName\":\"pzRuleFormToolbar\"}" => HTTP 200 (242691 bytes)
[PegaHttpClient] 📡 POST https://zdk8budo.pegaacademy.net/prweb/api/CodeIntelligence/v1/rules/query?pxObjClass=Rule-HTML-Section&appliesTo=Rule-Application&pyRuleName=pzRuleFormToolbarCompare&RequestClass=Rule-HTML-Section&RequestAppliesTo=Rule-Application&RequestRuleName=pzRuleFormToolbarCompare Payload: "{\"RequestClass\":\"Rule-HTML-Section\",\"RequestAppliesTo\":\"Rule-Application\",\"RequestRuleName\":\"pzRuleFormToolbarCompare\"}" => HTTP 200 (61925 bytes)
[PegaHttpClient] 📡 POST https://zdk8budo.pegaacademy.net/prweb/api/CodeIntelligence/v1/rules/query?pxObjClass=Rule-HTML-Section&appliesTo=Rule-Application&pyRuleName=RuleFormHeaderMessages&RequestClass=Rule-HTML-Section&RequestAppliesTo=Rule-Application&RequestRuleName=RuleFormHeaderMessages Payload: "{\"RequestClass\":\"Rule-HTML-Section\",\"RequestAppliesTo\":\"Rule-Application\",\"RequestRuleName\":\"RuleFormHeaderMessages\"}" => HTTP 200 (26518 bytes)
[PegaHttpClient] 📡 POST https://zdk8budo.pegaacademy.net/prweb/api/CodeIntelligence/v1/rules/query?pxObjClass=Rule-HTML-Section&appliesTo=Rule-Application&pyRuleName=pzOneClickMigrateBannerMessage&RequestClass=Rule-HTML-Section&RequestAppliesTo=Rule-Application&RequestRuleName=pzOneClickMigrateBannerMessage Payload: "{\"RequestClass\":\"Rule-HTML-Section\",\"RequestAppliesTo\":\"Rule-Application\",\"RequestRuleName\":\"pzOneClickMigrateBannerMessage\"}" => HTTP 200 (57695 bytes)
[PegaHttpClient] 📡 POST https://zdk8budo.pegaacademy.net/prweb/api/CodeIntelligence/v1/rules/query?pxObjClass=Rule-HTML-Section&appliesTo=Rule-Application&pyRuleName=undefined&RequestClass=Rule-HTML-Section&RequestAppliesTo=Rule-Application&RequestRuleName=undefined Payload: "{\"RequestClass\":\"Rule-HTML-Section\",\"RequestAppliesTo\":\"Rule-Application\",\"RequestRuleName\":\"undefined\"}" => HTTP 404 (103 bytes)
[PegaHttpClient] 📡 POST https://zdk8budo.pegaacademy.net/prweb/PRRestService/CodeIntelligence/v1/rules/query?pxObjClass=Rule-HTML-Section&appliesTo=Rule-Application&pyRuleName=undefined&RequestClass=Rule-HTML-Section&RequestAppliesTo=Rule-Application&RequestRuleName=undefined Payload: "{\"RequestClass\":\"Rule-HTML-Section\",\"RequestAppliesTo\":\"Rule-Application\",\"RequestRuleName\":\"undefined\"}" => HTTP 404 (103 bytes)
[PegaHttpClient] 📡 POST https://zdk8budo.pegaacademy.net/prweb/api/HRAppsV2Service/V1/rules/query?pxObjClass=Rule-HTML-Section&appliesTo=Rule-Application&pyRuleName=undefined&RequestClass=Rule-HTML-Section&RequestAppliesTo=Rule-Application&RequestRuleName=undefined Payload: "{\"RequestClass\":\"Rule-HTML-Section\",\"RequestAppliesTo\":\"Rule-Application\",\"RequestRuleName\":\"undefined\"}" => HTTP 404 (18 bytes)
[PegaHttpClient] 📡 POST https://zdk8budo.pegaacademy.net/prweb/PRRestService/HRAppsV2Service/V1/rules/query?pxObjClass=Rule-HTML-Section&appliesTo=Rule-Application&pyRuleName=undefined&RequestClass=Rule-HTML-Section&RequestAppliesTo=Rule-Application&RequestRuleName=undefined Payload: "{\"RequestClass\":\"Rule-HTML-Section\",\"RequestAppliesTo\":\"Rule-Application\",\"RequestRuleName\":\"undefined\"}" => HTTP 404 (18 bytes)
[PegaHttpClient] 📡 POST https://zdk8budo.pegaacademy.net/prweb/api/HRAppsV2/V1/rules/query?pxObjClass=Rule-HTML-Section&appliesTo=Rule-Application&pyRuleName=undefined&RequestClass=Rule-HTML-Section&RequestAppliesTo=Rule-Application&RequestRuleName=undefined Payload: "{\"RequestClass\":\"Rule-HTML-Section\",\"RequestAppliesTo\":\"Rule-Application\",\"RequestRuleName\":\"undefined\"}" => HTTP 404 (18 bytes)
[PegaHttpClient] 📡 POST https://zdk8budo.pegaacademy.net/prweb/PRRestService/HRAppsV2/V1/rules/query?pxObjClass=Rule-HTML-Section&appliesTo=Rule-Application&pyRuleName=undefined&RequestClass=Rule-HTML-Section&RequestAppliesTo=Rule-Application&RequestRuleName=undefined Payload: "{\"RequestClass\":\"Rule-HTML-Section\",\"RequestAppliesTo\":\"Rule-Application\",\"RequestRuleName\":\"undefined\"}" => HTTP 404 (18 bytes)
[PegaHttpClient] 📡 POST https://zdk8budo.pegaacademy.net/prweb/api/v1/rules/query?pxObjClass=Rule-HTML-Section&appliesTo=Rule-Application&pyRuleName=undefined&RequestClass=Rule-HTML-Section&RequestAppliesTo=Rule-Application&RequestRuleName=undefined Payload: "{\"RequestClass\":\"Rule-HTML-Section\",\"RequestAppliesTo\":\"Rule-Application\",\"RequestRuleName\":\"undefined\"}" => HTTP 404 (18 bytes)
[PegaHttpClient] 📡 POST https://zdk8budo.pegaacademy.net/prweb/PRRestService/v1/rules/query?pxObjClass=Rule-HTML-Section&appliesTo=Rule-Application&pyRuleName=undefined&RequestClass=Rule-HTML-Section&RequestAppliesTo=Rule-Application&RequestRuleName=undefined Payload: "{\"RequestClass\":\"Rule-HTML-Section\",\"RequestAppliesTo\":\"Rule-Application\",\"RequestRuleName\":\"undefined\"}" => HTTP 404 (18 bytes)
[PegaHttpClient] 📡 POST https://zdk8budo.pegaacademy.net/prweb/api/CodeIntelligence/v1/rules/query?pxObjClass=Rule-HTML-Section&appliesTo=Rule-Application&pyRuleName=pzApplicationSecurity&RequestClass=Rule-HTML-Section&RequestAppliesTo=Rule-Application&RequestRuleName=pzApplicationSecurity Payload: "{\"RequestClass\":\"Rule-HTML-Section\",\"RequestAppliesTo\":\"Rule-Application\",\"RequestRuleName\":\"pzApplicationSecurity\"}" => HTTP 200 (29812 bytes)
[PegaHttpClient] 📡 POST https://zdk8budo.pegaacademy.net/prweb/api/CodeIntelligence/v1/rules/query?pxObjClass=Rule-HTML-Section&appliesTo=Rule-Application&pyRuleName=pzBuiltOnApplications&RequestClass=Rule-HTML-Section&RequestAppliesTo=Rule-Application&RequestRuleName=pzBuiltOnApplications Payload: "{\"RequestClass\":\"Rule-HTML-Section\",\"RequestAppliesTo\":\"Rule-Application\",\"RequestRuleName\":\"pzBuiltOnApplications\"}" => HTTP 200 (76413 bytes)
[PegaHttpClient] 📡 POST https://zdk8budo.pegaacademy.net/prweb/api/CodeIntelligence/v1/rules/query?pxObjClass=Rule-HTML-Section&appliesTo=Rule-Application&pyRuleName=pzComponentList&RequestClass=Rule-HTML-Section&RequestAppliesTo=Rule-Application&RequestRuleName=pzComponentList Payload: "{\"RequestClass\":\"Rule-HTML-Section\",\"RequestAppliesTo\":\"Rule-Application\",\"RequestRuleName\":\"pzComponentList\"}" => HTTP 200 (94425 bytes)
[PegaHttpClient] 📡 POST https://zdk8budo.pegaacademy.net/prweb/api/CodeIntelligence/v1/rules/query?pxObjClass=Rule-HTML-Section&appliesTo=Rule-Application&pyRuleName=pzUserInterface&RequestClass=Rule-HTML-Section&RequestAppliesTo=Rule-Application&RequestRuleName=pzUserInterface Payload: "{\"RequestClass\":\"Rule-HTML-Section\",\"RequestAppliesTo\":\"Rule-Application\",\"RequestRuleName\":\"pzUserInterface\"}" => HTTP 200 (25871 bytes)
[PegaHttpClient] 📡 POST https://zdk8budo.pegaacademy.net/prweb/api/CodeIntelligence/v1/rules/query?pxObjClass=Rule-HTML-Section&appliesTo=Rule-Application&pyRuleName=pzApplicationUrlPath&RequestClass=Rule-HTML-Section&RequestAppliesTo=Rule-Application&RequestRuleName=pzApplicationUrlPath Payload: "{\"RequestClass\":\"Rule-HTML-Section\",\"RequestAppliesTo\":\"Rule-Application\",\"RequestRuleName\":\"pzApplicationUrlPath\"}" => HTTP 200 (60727 bytes)
[PegaHttpClient] 📡 POST https://zdk8budo.pegaacademy.net/prweb/api/CodeIntelligence/v1/rules/query?pxObjClass=Rule-HTML-Section&appliesTo=Rule-Application&pyRuleName=pzDevelopmentAdvanced&RequestClass=Rule-HTML-Section&RequestAppliesTo=Rule-Application&RequestRuleName=pzDevelopmentAdvanced Payload: "{\"RequestClass\":\"Rule-HTML-Section\",\"RequestAppliesTo\":\"Rule-Application\",\"RequestRuleName\":\"pzDevelopmentAdvanced\"}" => HTTP 200 (221694 bytes)
[PegaHttpClient] 📡 POST https://zdk8budo.pegaacademy.net/prweb/api/CodeIntelligence/v1/rules/query?pxObjClass=Rule-HTML-Section&appliesTo=Rule-Application&pyRuleName=pzLocalizationConfigurations&RequestClass=Rule-HTML-Section&RequestAppliesTo=Rule-Application&RequestRuleName=pzLocalizationConfigurations Payload: "{\"RequestClass\":\"Rule-HTML-Section\",\"RequestAppliesTo\":\"Rule-Application\",\"RequestRuleName\":\"pzLocalizationConfigurations\"}" => HTTP 200 (102726 bytes)
[PegaHttpClient] 📡 POST https://zdk8budo.pegaacademy.net/prweb/api/CodeIntelligence/v1/rules/query?pxObjClass=Rule-HTML-Section&appliesTo=Rule-Application&pyRuleName=pzBranches&RequestClass=Rule-HTML-Section&RequestAppliesTo=Rule-Application&RequestRuleName=pzBranches Payload: "{\"RequestClass\":\"Rule-HTML-Section\",\"RequestAppliesTo\":\"Rule-Application\",\"RequestRuleName\":\"pzBranches\"}" => HTTP 200 (59324 bytes)
[PegaHttpClient] 📡 POST https://zdk8budo.pegaacademy.net/prweb/api/CodeIntelligence/v1/rules/query?pxObjClass=Rule-HTML-Section&appliesTo=Rule-Application&pyRuleName=ApplicationRuleSetSection&RequestClass=Rule-HTML-Section&RequestAppliesTo=Rule-Application&RequestRuleName=ApplicationRuleSetSection Payload: "{\"RequestClass\":\"Rule-HTML-Section\",\"RequestAppliesTo\":\"Rule-Application\",\"RequestRuleName\":\"ApplicationRuleSetSection\"}" => HTTP 200 (48148 bytes)
[PegaHttpClient] 📡 POST https://zdk8budo.pegaacademy.net/prweb/api/CodeIntelligence/v1/rules/query?pxObjClass=Rule-HTML-Section&appliesTo=Rule-Application&pyRuleName=pzDataTypesOfApp&RequestClass=Rule-HTML-Section&RequestAppliesTo=Rule-Application&RequestRuleName=pzDataTypesOfApp Payload: "{\"RequestClass\":\"Rule-HTML-Section\",\"RequestAppliesTo\":\"Rule-Application\",\"RequestRuleName\":\"pzDataTypesOfApp\"}" => HTTP 200 (89701 bytes)
[PegaHttpClient] 📡 POST https://zdk8budo.pegaacademy.net/prweb/api/CodeIntelligence/v1/rules/query?pxObjClass=Rule-HTML-Section&appliesTo=Rule-Application&pyRuleName=pzAppTemplateBadge&RequestClass=Rule-HTML-Section&RequestAppliesTo=Rule-Application&RequestRuleName=pzAppTemplateBadge Payload: "{\"RequestClass\":\"Rule-HTML-Section\",\"RequestAppliesTo\":\"Rule-Application\",\"RequestRuleName\":\"pzAppTemplateBadge\"}" => HTTP 200 (61500 bytes)
[PegaHttpClient] 📡 POST https://zdk8budo.pegaacademy.net/prweb/api/CodeIntelligence/v1/rules/query?pxObjClass=Rule-HTML-Section&appliesTo=Rule-Application&pyRuleName=pzAppTemplateLabel&RequestClass=Rule-HTML-Section&RequestAppliesTo=Rule-Application&RequestRuleName=pzAppTemplateLabel Payload: "{\"RequestClass\":\"Rule-HTML-Section\",\"RequestAppliesTo\":\"Rule-Application\",\"RequestRuleName\":\"pzAppTemplateLabel\"}" => HTTP 200 (59427 bytes)
[PegaHttpClient] 📡 POST https://zdk8budo.pegaacademy.net/prweb/api/CodeIntelligence/v1/rules/query?pxObjClass=Rule-HTML-Section&appliesTo=Rule-Application&pyRuleName=pzAppTemplateDescription&RequestClass=Rule-HTML-Section&RequestAppliesTo=Rule-Application&RequestRuleName=pzAppTemplateDescription Payload: "{\"RequestClass\":\"Rule-HTML-Section\",\"RequestAppliesTo\":\"Rule-Application\",\"RequestRuleName\":\"pzAppTemplateDescription\"}" => HTTP 200 (58928 bytes)
[PegaHttpClient] 📡 POST https://zdk8budo.pegaacademy.net/prweb/api/CodeIntelligence/v1/rules/query?pxObjClass=Rule-HTML-Section&appliesTo=Rule-Application&pyRuleName=pzGuides&RequestClass=Rule-HTML-Section&RequestAppliesTo=Rule-Application&RequestRuleName=pzGuides Payload: "{\"RequestClass\":\"Rule-HTML-Section\",\"RequestAppliesTo\":\"Rule-Application\",\"RequestRuleName\":\"pzGuides\"}" => HTTP 200 (78011 bytes)
[PegaHttpClient] 📡 POST https://zdk8budo.pegaacademy.net/prweb/api/CodeIntelligence/v1/rules/query?pxObjClass=Rule-HTML-Section&appliesTo=Rule-Application&pyRuleName=pzSpecifications&RequestClass=Rule-HTML-Section&RequestAppliesTo=Rule-Application&RequestRuleName=pzSpecifications Payload: "{\"RequestClass\":\"Rule-HTML-Section\",\"RequestAppliesTo\":\"Rule-Application\",\"RequestRuleName\":\"pzSpecifications\"}" => HTTP 200 (56383 bytes)
[PegaHttpClient] 📡 POST https://zdk8budo.pegaacademy.net/prweb/api/CodeIntelligence/v1/rules/query?pxObjClass=Rule-HTML-Section&appliesTo=Rule-Application&pyRuleName=pzActorList&RequestClass=Rule-HTML-Section&RequestAppliesTo=Rule-Application&RequestRuleName=pzActorList Payload: "{\"RequestClass\":\"Rule-HTML-Section\",\"RequestAppliesTo\":\"Rule-Application\",\"RequestRuleName\":\"pzActorList\"}" => HTTP 200 (127519 bytes)
[PegaHttpClient] 📡 POST https://zdk8budo.pegaacademy.net/prweb/api/CodeIntelligence/v1/rules/query?pxObjClass=Rule-HTML-Section&appliesTo=Rule-Application&pyRuleName=ApplicationCustomFields&RequestClass=Rule-HTML-Section&RequestAppliesTo=Rule-Application&RequestRuleName=ApplicationCustomFields Payload: "{\"RequestClass\":\"Rule-HTML-Section\",\"RequestAppliesTo\":\"Rule-Application\",\"RequestRuleName\":\"ApplicationCustomFields\"}" => HTTP 200 (11083 bytes)
[PegaHttpClient] 📡 POST https://zdk8budo.pegaacademy.net/prweb/api/CodeIntelligence/v1/rules/query?pxObjClass=Rule-HTML-Section&appliesTo=Rule-Application&pyRuleName=pzOrgDivUnit&RequestClass=Rule-HTML-Section&RequestAppliesTo=Rule-Application&RequestRuleName=pzOrgDivUnit Payload: "{\"RequestClass\":\"Rule-HTML-Section\",\"RequestAppliesTo\":\"Rule-Application\",\"RequestRuleName\":\"pzOrgDivUnit\"}" => HTTP 200 (78746 bytes)
[PegaHttpClient] 📡 POST https://zdk8budo.pegaacademy.net/prweb/api/CodeIntelligence/v1/rules/query?pxObjClass=Rule-HTML-Section&appliesTo=Rule-Application&pyRuleName=pzContentManagement&RequestClass=Rule-HTML-Section&RequestAppliesTo=Rule-Application&RequestRuleName=pzContentManagement Payload: "{\"RequestClass\":\"Rule-HTML-Section\",\"RequestAppliesTo\":\"Rule-Application\",\"RequestRuleName\":\"pzContentManagement\"}" => HTTP 200 (101389 bytes)
[PegaHttpClient] 📡 POST https://zdk8budo.pegaacademy.net/prweb/api/CodeIntelligence/v1/rules/query?pxObjClass=Rule-HTML-Section&appliesTo=Rule-Application&pyRuleName=pyRemoteWorkTypes&RequestClass=Rule-HTML-Section&RequestAppliesTo=Rule-Application&RequestRuleName=pyRemoteWorkTypes Payload: "{\"RequestClass\":\"Rule-HTML-Section\",\"RequestAppliesTo\":\"Rule-Application\",\"RequestRuleName\":\"pyRemoteWorkTypes\"}" => HTTP 200 (50477 bytes)
[PegaHttpClient] 📡 POST https://zdk8budo.pegaacademy.net/prweb/api/CodeIntelligence/v1/rules/query?pxObjClass=Rule-HTML-Section&appliesTo=Rule-Application&pyRuleName=pzAgileWorkbenchIntegration&RequestClass=Rule-HTML-Section&RequestAppliesTo=Rule-Application&RequestRuleName=pzAgileWorkbenchIntegration Payload: "{\"RequestClass\":\"Rule-HTML-Section\",\"RequestAppliesTo\":\"Rule-Application\",\"RequestRuleName\":\"pzAgileWorkbenchIntegration\"}" => HTTP 200 (60952 bytes)
[PegaHttpClient] 📡 POST https://zdk8budo.pegaacademy.net/prweb/api/CodeIntelligence/v1/rules/query?pxObjClass=Rule-HTML-Section&appliesTo=Rule-Application&pyRuleName=pzServicePkgsOfAppwithTL&RequestClass=Rule-HTML-Section&RequestAppliesTo=Rule-Application&RequestRuleName=pzServicePkgsOfAppwithTL Payload: "{\"RequestClass\":\"Rule-HTML-Section\",\"RequestAppliesTo\":\"Rule-Application\",\"RequestRuleName\":\"pzServicePkgsOfAppwithTL\"}" => HTTP 200 (111170 bytes)
[PegaHttpClient] 📡 POST https://zdk8budo.pegaacademy.net/prweb/api/CodeIntelligence/v1/rules/query?pxObjClass=Rule-HTML-Section&appliesTo=Rule-Application&pyRuleName=pzAuthServicesMappingDisplayToPegaPlatformApps&RequestClass=Rule-HTML-Section&RequestAppliesTo=Rule-Application&RequestRuleName=pzAuthServicesMappingDisplayToPegaPlatformApps Payload: "{\"RequestClass\":\"Rule-HTML-Section\",\"RequestAppliesTo\":\"Rule-Application\",\"RequestRuleName\":\"pzAuthServicesMappingDisplayToPegaPlatformApps\"}" => HTTP 200 (25447 bytes)
[PegaHttpClient] 📡 POST https://zdk8budo.pegaacademy.net/prweb/api/CodeIntelligence/v1/rules/query?pxObjClass=Rule-HTML-Section&appliesTo=Rule-Application&pyRuleName=pzAuthenticationServicesMapDetails&RequestClass=Rule-HTML-Section&RequestAppliesTo=Rule-Application&RequestRuleName=pzAuthenticationServicesMapDetails Payload: "{\"RequestClass\":\"Rule-HTML-Section\",\"RequestAppliesTo\":\"Rule-Application\",\"RequestRuleName\":\"pzAuthenticationServicesMapDetails\"}" => HTTP 200 (230201 bytes)
[PegaHttpClient] 📡 POST https://zdk8budo.pegaacademy.net/prweb/api/CodeIntelligence/v1/rules/query?pxObjClass=Rule-HTML-Section&appliesTo=Rule-Application&pyRuleName=pzshowConstellationCSPInfo&RequestClass=Rule-HTML-Section&RequestAppliesTo=Rule-Application&RequestRuleName=pzshowConstellationCSPInfo Payload: "{\"RequestClass\":\"Rule-HTML-Section\",\"RequestAppliesTo\":\"Rule-Application\",\"RequestRuleName\":\"pzshowConstellationCSPInfo\"}" => HTTP 200 (18264 bytes)
[PegaHttpClient] 📡 POST https://zdk8budo.pegaacademy.net/prweb/api/CodeIntelligence/v1/rules/query?pxObjClass=Rule-HTML-Section&appliesTo=Rule-Application&pyRuleName=pzshowTraditionalUICSPInfo&RequestClass=Rule-HTML-Section&RequestAppliesTo=Rule-Application&RequestRuleName=pzshowTraditionalUICSPInfo Payload: "{\"RequestClass\":\"Rule-HTML-Section\",\"RequestAppliesTo\":\"Rule-Application\",\"RequestRuleName\":\"pzshowTraditionalUICSPInfo\"}" => HTTP 200 (18785 bytes)
[PegaHttpClient] 📡 POST https://zdk8budo.pegaacademy.net/prweb/api/CodeIntelligence/v1/rules/query?pxObjClass=Rule-HTML-Section&appliesTo=Rule-Application&pyRuleName=pzMashupHostsDomains&RequestClass=Rule-HTML-Section&RequestAppliesTo=Rule-Application&RequestRuleName=pzMashupHostsDomains Payload: "{\"RequestClass\":\"Rule-HTML-Section\",\"RequestAppliesTo\":\"Rule-Application\",\"RequestRuleName\":\"pzMashupHostsDomains\"}" => HTTP 200 (66527 bytes)
[PegaHttpClient] 📡 POST https://zdk8budo.pegaacademy.net/prweb/api/CodeIntelligence/v1/rules/query?pxObjClass=Rule-HTML-Section&appliesTo=Rule-Application&pyRuleName=pzToggleComponentLock&RequestClass=Rule-HTML-Section&RequestAppliesTo=Rule-Application&RequestRuleName=pzToggleComponentLock Payload: "{\"RequestClass\":\"Rule-HTML-Section\",\"RequestAppliesTo\":\"Rule-Application\",\"RequestRuleName\":\"pzToggleComponentLock\"}" => HTTP 200 (97470 bytes)
[PegaHttpClient] 📡 POST https://zdk8budo.pegaacademy.net/prweb/api/CodeIntelligence/v1/rules/query?pxObjClass=Rule-HTML-Section&appliesTo=Rule-Application&pyRuleName=pzComponentPackage&RequestClass=Rule-HTML-Section&RequestAppliesTo=Rule-Application&RequestRuleName=pzComponentPackage Payload: "{\"RequestClass\":\"Rule-HTML-Section\",\"RequestAppliesTo\":\"Rule-Application\",\"RequestRuleName\":\"pzComponentPackage\"}" => HTTP 200 (173841 bytes)
[PegaHttpClient] 📡 POST https://zdk8budo.pegaacademy.net/prweb/api/CodeIntelligence/v1/rules/query?pxObjClass=Rule-HTML-Section&appliesTo=Rule-Application&pyRuleName=pzApplicationList&RequestClass=Rule-HTML-Section&RequestAppliesTo=Rule-Application&RequestRuleName=pzApplicationList Payload: "{\"RequestClass\":\"Rule-HTML-Section\",\"RequestAppliesTo\":\"Rule-Application\",\"RequestRuleName\":\"pzApplicationList\"}" => HTTP 200 (64688 bytes)
[PegaHttpClient] 📡 POST https://zdk8budo.pegaacademy.net/prweb/api/CodeIntelligence/v1/rules/query?pxObjClass=Rule-HTML-Section&appliesTo=Rule-Application&pyRuleName=pzComponentIcon&RequestClass=Rule-HTML-Section&RequestAppliesTo=Rule-Application&RequestRuleName=pzComponentIcon Payload: "{\"RequestClass\":\"Rule-HTML-Section\",\"RequestAppliesTo\":\"Rule-Application\",\"RequestRuleName\":\"pzComponentIcon\"}" => HTTP 200 (77662 bytes)
[PegaHttpClient] 📡 POST https://zdk8budo.pegaacademy.net/prweb/api/CodeIntelligence/v1/rules/query?pxObjClass=Rule-HTML-Section&appliesTo=Rule-Application&pyRuleName=pzUploadInstallationGuide&RequestClass=Rule-HTML-Section&RequestAppliesTo=Rule-Application&RequestRuleName=pzUploadInstallationGuide Payload: "{\"RequestClass\":\"Rule-HTML-Section\",\"RequestAppliesTo\":\"Rule-Application\",\"RequestRuleName\":\"pzUploadInstallationGuide\"}" => HTTP 200 (97117 bytes)
[PegaHttpClient] 📡 POST https://zdk8budo.pegaacademy.net/prweb/api/CodeIntelligence/v1/rules/query?pxObjClass=Rule-HTML-Section&appliesTo=Rule-Application&pyRuleName=pzAlternateRuleInfo&RequestClass=Rule-HTML-Section&RequestAppliesTo=Rule-Application&RequestRuleName=pzAlternateRuleInfo Payload: "{\"RequestClass\":\"Rule-HTML-Section\",\"RequestAppliesTo\":\"Rule-Application\",\"RequestRuleName\":\"pzAlternateRuleInfo\"}" => HTTP 200 (140407 bytes)
[PegaHttpClient] 📡 POST https://zdk8budo.pegaacademy.net/prweb/api/CodeIntelligence/v1/rules/query?pxObjClass=Rule-HTML-Section&appliesTo=Rule-Application&pyRuleName=RuleFormHistory_Description&RequestClass=Rule-HTML-Section&RequestAppliesTo=Rule-Application&RequestRuleName=RuleFormHistory_Description Payload: "{\"RequestClass\":\"Rule-HTML-Section\",\"RequestAppliesTo\":\"Rule-Application\",\"RequestRuleName\":\"RuleFormHistory_Description\"}" => HTTP 200 (46242 bytes)
[PegaHttpClient] 📡 POST https://zdk8budo.pegaacademy.net/prweb/api/CodeIntelligence/v1/rules/query?pxObjClass=Rule-HTML-Section&appliesTo=Rule-Application&pyRuleName=RuleFormHistory_CustomFields&RequestClass=Rule-HTML-Section&RequestAppliesTo=Rule-Application&RequestRuleName=RuleFormHistory_CustomFields Payload: "{\"RequestClass\":\"Rule-HTML-Section\",\"RequestAppliesTo\":\"Rule-Application\",\"RequestRuleName\":\"RuleFormHistory_CustomFields\"}" => HTTP 200 (75856 bytes)
[PegaHttpClient] 📡 POST https://zdk8budo.pegaacademy.net/prweb/api/CodeIntelligence/v1/rules/query?pxObjClass=Rule-HTML-Section&appliesTo=Rule-Application&pyRuleName=RuleFormHistory_HistoryDetails&RequestClass=Rule-HTML-Section&RequestAppliesTo=Rule-Application&RequestRuleName=RuleFormHistory_HistoryDetails Payload: "{\"RequestClass\":\"Rule-HTML-Section\",\"RequestAppliesTo\":\"Rule-Application\",\"RequestRuleName\":\"RuleFormHistory_HistoryDetails\"}" => HTTP 200 (179535 bytes)
[PegaHttpClient] 📡 POST https://zdk8budo.pegaacademy.net/prweb/api/CodeIntelligence/v1/rules/query?pxObjClass=Rule-HTML-Section&appliesTo=Rule-Application&pyRuleName=pzRuleFormStatus&RequestClass=Rule-HTML-Section&RequestAppliesTo=Rule-Application&RequestRuleName=pzRuleFormStatus Payload: "{\"RequestClass\":\"Rule-HTML-Section\",\"RequestAppliesTo\":\"Rule-Application\",\"RequestRuleName\":\"pzRuleFormStatus\"}" => HTTP 200 (97627 bytes)
[PegaHttpClient] 📡 POST https://zdk8budo.pegaacademy.net/prweb/api/CodeIntelligence/v1/rules/query?pxObjClass=Rule-HTML-Section&appliesTo=Rule-Application&pyRuleName=pzRuleFormHeaderCompareWithDropDown&RequestClass=Rule-HTML-Section&RequestAppliesTo=Rule-Application&RequestRuleName=pzRuleFormHeaderCompareWithDropDown Payload: "{\"RequestClass\":\"Rule-HTML-Section\",\"RequestAppliesTo\":\"Rule-Application\",\"RequestRuleName\":\"pzRuleFormHeaderCompareWithDropDown\"}" => HTTP 200 (25396 bytes)
[PegaHttpClient] 📡 POST https://zdk8budo.pegaacademy.net/prweb/api/CodeIntelligence/v1/rules/query?pxObjClass=Rule-HTML-Section&appliesTo=Rule-Application&pyRuleName=undefined&RequestClass=Rule-HTML-Section&RequestAppliesTo=Rule-Application&RequestRuleName=undefined Payload: "{\"RequestClass\":\"Rule-HTML-Section\",\"RequestAppliesTo\":\"Rule-Application\",\"RequestRuleName\":\"undefined\"}" => HTTP 404 (103 bytes)
[PegaHttpClient] 📡 POST https://zdk8budo.pegaacademy.net/prweb/PRRestService/CodeIntelligence/v1/rules/query?pxObjClass=Rule-HTML-Section&appliesTo=Rule-Application&pyRuleName=undefined&RequestClass=Rule-HTML-Section&RequestAppliesTo=Rule-Application&RequestRuleName=undefined Payload: "{\"RequestClass\":\"Rule-HTML-Section\",\"RequestAppliesTo\":\"Rule-Application\",\"RequestRuleName\":\"undefined\"}" => HTTP 404 (103 bytes)
[PegaHttpClient] 📡 POST https://zdk8budo.pegaacademy.net/prweb/api/HRAppsV2Service/V1/rules/query?pxObjClass=Rule-HTML-Section&appliesTo=Rule-Application&pyRuleName=undefined&RequestClass=Rule-HTML-Section&RequestAppliesTo=Rule-Application&RequestRuleName=undefined Payload: "{\"RequestClass\":\"Rule-HTML-Section\",\"RequestAppliesTo\":\"Rule-Application\",\"RequestRuleName\":\"undefined\"}" => HTTP 404 (18 bytes)
[PegaHttpClient] 📡 POST https://zdk8budo.pegaacademy.net/prweb/PRRestService/HRAppsV2Service/V1/rules/query?pxObjClass=Rule-HTML-Section&appliesTo=Rule-Application&pyRuleName=undefined&RequestClass=Rule-HTML-Section&RequestAppliesTo=Rule-Application&RequestRuleName=undefined Payload: "{\"RequestClass\":\"Rule-HTML-Section\",\"RequestAppliesTo\":\"Rule-Application\",\"RequestRuleName\":\"undefined\"}" => HTTP 404 (18 bytes)
[PegaHttpClient] 📡 POST https://zdk8budo.pegaacademy.net/prweb/api/HRAppsV2/V1/rules/query?pxObjClass=Rule-HTML-Section&appliesTo=Rule-Application&pyRuleName=undefined&RequestClass=Rule-HTML-Section&RequestAppliesTo=Rule-Application&RequestRuleName=undefined Payload: "{\"RequestClass\":\"Rule-HTML-Section\",\"RequestAppliesTo\":\"Rule-Application\",\"RequestRuleName\":\"undefined\"}" => HTTP 404 (18 bytes)
[PegaHttpClient] 📡 POST https://zdk8budo.pegaacademy.net/prweb/PRRestService/HRAppsV2/V1/rules/query?pxObjClass=Rule-HTML-Section&appliesTo=Rule-Application&pyRuleName=undefined&RequestClass=Rule-HTML-Section&RequestAppliesTo=Rule-Application&RequestRuleName=undefined Payload: "{\"RequestClass\":\"Rule-HTML-Section\",\"RequestAppliesTo\":\"Rule-Application\",\"RequestRuleName\":\"undefined\"}" => HTTP 404 (18 bytes)
[PegaHttpClient] 📡 POST https://zdk8budo.pegaacademy.net/prweb/api/v1/rules/query?pxObjClass=Rule-HTML-Section&appliesTo=Rule-Application&pyRuleName=undefined&RequestClass=Rule-HTML-Section&RequestAppliesTo=Rule-Application&RequestRuleName=undefined Payload: "{\"RequestClass\":\"Rule-HTML-Section\",\"RequestAppliesTo\":\"Rule-Application\",\"RequestRuleName\":\"undefined\"}" => HTTP 404 (18 bytes)
[PegaHttpClient] 📡 POST https://zdk8budo.pegaacademy.net/prweb/PRRestService/v1/rules/query?pxObjClass=Rule-HTML-Section&appliesTo=Rule-Application&pyRuleName=undefined&RequestClass=Rule-HTML-Section&RequestAppliesTo=Rule-Application&RequestRuleName=undefined Payload: "{\"RequestClass\":\"Rule-HTML-Section\",\"RequestAppliesTo\":\"Rule-Application\",\"RequestRuleName\":\"undefined\"}" => HTTP 404 (18 bytes)
[PegaHttpClient] 📡 POST https://zdk8budo.pegaacademy.net/prweb/api/CodeIntelligence/v1/rules/query?pxObjClass=Rule-HTML-Section&appliesTo=Rule-Application&pyRuleName=pzRuleFormToolbarHotKeys&RequestClass=Rule-HTML-Section&RequestAppliesTo=Rule-Application&RequestRuleName=pzRuleFormToolbarHotKeys Payload: "{\"RequestClass\":\"Rule-HTML-Section\",\"RequestAppliesTo\":\"Rule-Application\",\"RequestRuleName\":\"pzRuleFormToolbarHotKeys\"}" => HTTP 200 (85058 bytes)
[PegaHttpClient] 📡 POST https://zdk8budo.pegaacademy.net/prweb/api/CodeIntelligence/v1/rules/query?pxObjClass=Rule-HTML-Section&appliesTo=Rule-Application&pyRuleName=pzRuleFormToolbarLockedIcon&RequestClass=Rule-HTML-Section&RequestAppliesTo=Rule-Application&RequestRuleName=pzRuleFormToolbarLockedIcon Payload: "{\"RequestClass\":\"Rule-HTML-Section\",\"RequestAppliesTo\":\"Rule-Application\",\"RequestRuleName\":\"pzRuleFormToolbarLockedIcon\"}" => HTTP 200 (24898 bytes)
[PegaHttpClient] 📡 POST https://zdk8budo.pegaacademy.net/prweb/api/CodeIntelligence/v1/rules/query?pxObjClass=Rule-HTML-Section&appliesTo=Rule-Application&pyRuleName=pzRuleFormToolbarCollaborators&RequestClass=Rule-HTML-Section&RequestAppliesTo=Rule-Application&RequestRuleName=pzRuleFormToolbarCollaborators Payload: "{\"RequestClass\":\"Rule-HTML-Section\",\"RequestAppliesTo\":\"Rule-Application\",\"RequestRuleName\":\"pzRuleFormToolbarCollaborators\"}" => HTTP 200 (15254 bytes)
[PegaHttpClient] 📡 POST https://zdk8budo.pegaacademy.net/prweb/api/CodeIntelligence/v1/rules/query?pxObjClass=Rule-HTML-Section&appliesTo=Rule-Application&pyRuleName=pzRuleFormToolbarSaveAs&RequestClass=Rule-HTML-Section&RequestAppliesTo=Rule-Application&RequestRuleName=pzRuleFormToolbarSaveAs Payload: "{\"RequestClass\":\"Rule-HTML-Section\",\"RequestAppliesTo\":\"Rule-Application\",\"RequestRuleName\":\"pzRuleFormToolbarSaveAs\"}" => HTTP 200 (64084 bytes)
[PegaHttpClient] 📡 POST https://zdk8budo.pegaacademy.net/prweb/api/CodeIntelligence/v1/rules/query?pxObjClass=Rule-HTML-Section&appliesTo=Rule-Application&pyRuleName=pzRuleFormToolbarCheckin&RequestClass=Rule-HTML-Section&RequestAppliesTo=Rule-Application&RequestRuleName=pzRuleFormToolbarCheckin Payload: "{\"RequestClass\":\"Rule-HTML-Section\",\"RequestAppliesTo\":\"Rule-Application\",\"RequestRuleName\":\"pzRuleFormToolbarCheckin\"}" => HTTP 200 (119096 bytes)
[PegaHttpClient] 📡 POST https://zdk8budo.pegaacademy.net/prweb/api/CodeIntelligence/v1/rules/query?pxObjClass=Rule-HTML-Section&appliesTo=Rule-Application&pyRuleName=pzRuleFormToolbarDelete&RequestClass=Rule-HTML-Section&RequestAppliesTo=Rule-Application&RequestRuleName=pzRuleFormToolbarDelete Payload: "{\"RequestClass\":\"Rule-HTML-Section\",\"RequestAppliesTo\":\"Rule-Application\",\"RequestRuleName\":\"pzRuleFormToolbarDelete\"}" => HTTP 200 (30249 bytes)
[PegaHttpClient] 📡 POST https://zdk8budo.pegaacademy.net/prweb/api/CodeIntelligence/v1/rules/query?pxObjClass=Rule-HTML-Section&appliesTo=Rule-Application&pyRuleName=pzRuleFormToolbarSave&RequestClass=Rule-HTML-Section&RequestAppliesTo=Rule-Application&RequestRuleName=pzRuleFormToolbarSave Payload: "{\"RequestClass\":\"Rule-HTML-Section\",\"RequestAppliesTo\":\"Rule-Application\",\"RequestRuleName\":\"pzRuleFormToolbarSave\"}" => HTTP 200 (293885 bytes)
[PegaHttpClient] 📡 POST https://zdk8budo.pegaacademy.net/prweb/api/CodeIntelligence/v1/rules/query?pxObjClass=Rule-HTML-Section&appliesTo=Rule-Application&pyRuleName=pzRuleFormToolbarCheckout&RequestClass=Rule-HTML-Section&RequestAppliesTo=Rule-Application&RequestRuleName=pzRuleFormToolbarCheckout Payload: "{\"RequestClass\":\"Rule-HTML-Section\",\"RequestAppliesTo\":\"Rule-Application\",\"RequestRuleName\":\"pzRuleFormToolbarCheckout\"}" => HTTP 200 (238148 bytes)
[PegaHttpClient] 📡 POST https://zdk8budo.pegaacademy.net/prweb/api/CodeIntelligence/v1/rules/query?pxObjClass=Rule-HTML-Section&appliesTo=Rule-Application&pyRuleName=pzRemoveErrorsDataPage&RequestClass=Rule-HTML-Section&RequestAppliesTo=Rule-Application&RequestRuleName=pzRemoveErrorsDataPage Payload: "{\"RequestClass\":\"Rule-HTML-Section\",\"RequestAppliesTo\":\"Rule-Application\",\"RequestRuleName\":\"pzRemoveErrorsDataPage\"}" => HTTP 200 (16733 bytes)
[PegaHttpClient] 📡 POST https://zdk8budo.pegaacademy.net/prweb/api/CodeIntelligence/v1/rules/query?pxObjClass=Rule-HTML-Section&appliesTo=Rule-Application&pyRuleName=pzRuleFormHeaderMessagesWrapper&RequestClass=Rule-HTML-Section&RequestAppliesTo=Rule-Application&RequestRuleName=pzRuleFormHeaderMessagesWrapper Payload: "{\"RequestClass\":\"Rule-HTML-Section\",\"RequestAppliesTo\":\"Rule-Application\",\"RequestRuleName\":\"pzRuleFormHeaderMessagesWrapper\"}" => HTTP 200 (16981 bytes)
[PegaHttpClient] 📡 POST https://zdk8budo.pegaacademy.net/prweb/api/CodeIntelligence/v1/rules/query?pxObjClass=Rule-HTML-Section&appliesTo=Rule-Application&pyRuleName=ComponentAndSharedRuleSetsSection&RequestClass=Rule-HTML-Section&RequestAppliesTo=Rule-Application&RequestRuleName=ComponentAndSharedRuleSetsSection Payload: "{\"RequestClass\":\"Rule-HTML-Section\",\"RequestAppliesTo\":\"Rule-Application\",\"RequestRuleName\":\"ComponentAndSharedRuleSetsSection\"}" => HTTP 200 (43778 bytes)
[PegaHttpClient] 📡 POST https://zdk8budo.pegaacademy.net/prweb/api/CodeIntelligence/v1/rules/query?pxObjClass=Rule-HTML-Section&appliesTo=Rule-Application&pyRuleName=ProductionRuleSetsSection&RequestClass=Rule-HTML-Section&RequestAppliesTo=Rule-Application&RequestRuleName=ProductionRuleSetsSection Payload: "{\"RequestClass\":\"Rule-HTML-Section\",\"RequestAppliesTo\":\"Rule-Application\",\"RequestRuleName\":\"ProductionRuleSetsSection\"}" => HTTP 200 (40767 bytes)
[PegaHttpClient] 📡 POST https://zdk8budo.pegaacademy.net/prweb/api/CodeIntelligence/v1/rules/query?pxObjClass=Rule-HTML-Section&appliesTo=Rule-Application&pyRuleName=pzCreateAppSettingsForRendering&RequestClass=Rule-HTML-Section&RequestAppliesTo=Rule-Application&RequestRuleName=pzCreateAppSettingsForRendering Payload: "{\"RequestClass\":\"Rule-HTML-Section\",\"RequestAppliesTo\":\"Rule-Application\",\"RequestRuleName\":\"pzCreateAppSettingsForRendering\"}" => HTTP 200 (185069 bytes)
[PegaHttpClient] 📡 POST https://zdk8budo.pegaacademy.net/prweb/api/CodeIntelligence/v1/rules/query?pxObjClass=Rule-HTML-Section&appliesTo=Rule-Application&pyRuleName=pzAppCCLibSection&RequestClass=Rule-HTML-Section&RequestAppliesTo=Rule-Application&RequestRuleName=pzAppCCLibSection Payload: "{\"RequestClass\":\"Rule-HTML-Section\",\"RequestAppliesTo\":\"Rule-Application\",\"RequestRuleName\":\"pzAppCCLibSection\"}" => HTTP 200 (77680 bytes)
[PegaHttpClient] 📡 POST https://zdk8budo.pegaacademy.net/prweb/api/CodeIntelligence/v1/rules/query?pxObjClass=Rule-HTML-Section&appliesTo=Rule-Application&pyRuleName=pzBranchesLabel&RequestClass=Rule-HTML-Section&RequestAppliesTo=Rule-Application&RequestRuleName=pzBranchesLabel Payload: "{\"RequestClass\":\"Rule-HTML-Section\",\"RequestAppliesTo\":\"Rule-Application\",\"RequestRuleName\":\"pzBranchesLabel\"}" => HTTP 404 (109 bytes)
[PegaHttpClient] 📡 POST https://zdk8budo.pegaacademy.net/prweb/PRRestService/CodeIntelligence/v1/rules/query?pxObjClass=Rule-HTML-Section&appliesTo=Rule-Application&pyRuleName=pzBranchesLabel&RequestClass=Rule-HTML-Section&RequestAppliesTo=Rule-Application&RequestRuleName=pzBranchesLabel Payload: "{\"RequestClass\":\"Rule-HTML-Section\",\"RequestAppliesTo\":\"Rule-Application\",\"RequestRuleName\":\"pzBranchesLabel\"}" => HTTP 404 (109 bytes)
[PegaHttpClient] 📡 POST https://zdk8budo.pegaacademy.net/prweb/api/HRAppsV2Service/V1/rules/query?pxObjClass=Rule-HTML-Section&appliesTo=Rule-Application&pyRuleName=pzBranchesLabel&RequestClass=Rule-HTML-Section&RequestAppliesTo=Rule-Application&RequestRuleName=pzBranchesLabel Payload: "{\"RequestClass\":\"Rule-HTML-Section\",\"RequestAppliesTo\":\"Rule-Application\",\"RequestRuleName\":\"pzBranchesLabel\"}" => HTTP 404 (18 bytes)
[PegaHttpClient] 📡 POST https://zdk8budo.pegaacademy.net/prweb/PRRestService/HRAppsV2Service/V1/rules/query?pxObjClass=Rule-HTML-Section&appliesTo=Rule-Application&pyRuleName=pzBranchesLabel&RequestClass=Rule-HTML-Section&RequestAppliesTo=Rule-Application&RequestRuleName=pzBranchesLabel Payload: "{\"RequestClass\":\"Rule-HTML-Section\",\"RequestAppliesTo\":\"Rule-Application\",\"RequestRuleName\":\"pzBranchesLabel\"}" => HTTP 404 (18 bytes)
[PegaHttpClient] 📡 POST https://zdk8budo.pegaacademy.net/prweb/api/HRAppsV2/V1/rules/query?pxObjClass=Rule-HTML-Section&appliesTo=Rule-Application&pyRuleName=pzBranchesLabel&RequestClass=Rule-HTML-Section&RequestAppliesTo=Rule-Application&RequestRuleName=pzBranchesLabel Payload: "{\"RequestClass\":\"Rule-HTML-Section\",\"RequestAppliesTo\":\"Rule-Application\",\"RequestRuleName\":\"pzBranchesLabel\"}" => HTTP 404 (18 bytes)
[PegaHttpClient] 📡 POST https://zdk8budo.pegaacademy.net/prweb/PRRestService/HRAppsV2/V1/rules/query?pxObjClass=Rule-HTML-Section&appliesTo=Rule-Application&pyRuleName=pzBranchesLabel&RequestClass=Rule-HTML-Section&RequestAppliesTo=Rule-Application&RequestRuleName=pzBranchesLabel Payload: "{\"RequestClass\":\"Rule-HTML-Section\",\"RequestAppliesTo\":\"Rule-Application\",\"RequestRuleName\":\"pzBranchesLabel\"}" => HTTP 404 (18 bytes)
[PegaHttpClient] 📡 POST https://zdk8budo.pegaacademy.net/prweb/api/v1/rules/query?pxObjClass=Rule-HTML-Section&appliesTo=Rule-Application&pyRuleName=pzBranchesLabel&RequestClass=Rule-HTML-Section&RequestAppliesTo=Rule-Application&RequestRuleName=pzBranchesLabel Payload: "{\"RequestClass\":\"Rule-HTML-Section\",\"RequestAppliesTo\":\"Rule-Application\",\"RequestRuleName\":\"pzBranchesLabel\"}" => HTTP 404 (18 bytes)
[PegaHttpClient] 📡 POST https://zdk8budo.pegaacademy.net/prweb/PRRestService/v1/rules/query?pxObjClass=Rule-HTML-Section&appliesTo=Rule-Application&pyRuleName=pzBranchesLabel&RequestClass=Rule-HTML-Section&RequestAppliesTo=Rule-Application&RequestRuleName=pzBranchesLabel Payload: "{\"RequestClass\":\"Rule-HTML-Section\",\"RequestAppliesTo\":\"Rule-Application\",\"RequestRuleName\":\"pzBranchesLabel\"}" => HTTP 404 (18 bytes)
[PegaHttpClient] 📡 POST https://zdk8budo.pegaacademy.net/prweb/api/CodeIntelligence/v1/rules/query?pxObjClass=Rule-HTML-Section&appliesTo=Rule-Application&pyRuleName=pzTileBadgeImageSection&RequestClass=Rule-HTML-Section&RequestAppliesTo=Rule-Application&RequestRuleName=pzTileBadgeImageSection Payload: "{\"RequestClass\":\"Rule-HTML-Section\",\"RequestAppliesTo\":\"Rule-Application\",\"RequestRuleName\":\"pzTileBadgeImageSection\"}" => HTTP 200 (38638 bytes)
[PegaHttpClient] 📡 POST https://zdk8budo.pegaacademy.net/prweb/api/CodeIntelligence/v1/rules/query?pxObjClass=Rule-HTML-Section&appliesTo=Rule-Application&pyRuleName=pzTileLabelImageSection&RequestClass=Rule-HTML-Section&RequestAppliesTo=Rule-Application&RequestRuleName=pzTileLabelImageSection Payload: "{\"RequestClass\":\"Rule-HTML-Section\",\"RequestAppliesTo\":\"Rule-Application\",\"RequestRuleName\":\"pzTileLabelImageSection\"}" => HTTP 200 (36898 bytes)
[PegaHttpClient] 📡 POST https://zdk8budo.pegaacademy.net/prweb/api/CodeIntelligence/v1/rules/query?pxObjClass=Rule-HTML-Section&appliesTo=Rule-Application&pyRuleName=pzTileDescriptionImageSection&RequestClass=Rule-HTML-Section&RequestAppliesTo=Rule-Application&RequestRuleName=pzTileDescriptionImageSection Payload: "{\"RequestClass\":\"Rule-HTML-Section\",\"RequestAppliesTo\":\"Rule-Application\",\"RequestRuleName\":\"pzTileDescriptionImageSection\"}" => HTTP 200 (37011 bytes)
[PegaHttpClient] 📡 POST https://zdk8budo.pegaacademy.net/prweb/api/CodeIntelligence/v1/rules/query?pxObjClass=Rule-HTML-Section&appliesTo=Rule-Application&pyRuleName=CustomFields&RequestClass=Rule-HTML-Section&RequestAppliesTo=Rule-Application&RequestRuleName=CustomFields Payload: "{\"RequestClass\":\"Rule-HTML-Section\",\"RequestAppliesTo\":\"Rule-Application\",\"RequestRuleName\":\"CustomFields\"}" => HTTP 200 (40555 bytes)
[PegaHttpClient] 📡 POST https://zdk8budo.pegaacademy.net/prweb/api/CodeIntelligence/v1/rules/query?pxObjClass=Rule-HTML-Section&appliesTo=Rule-Application&pyRuleName=pzContentManagementStorage&RequestClass=Rule-HTML-Section&RequestAppliesTo=Rule-Application&RequestRuleName=pzContentManagementStorage Payload: "{\"RequestClass\":\"Rule-HTML-Section\",\"RequestAppliesTo\":\"Rule-Application\",\"RequestRuleName\":\"pzContentManagementStorage\"}" => HTTP 200 (112200 bytes)
[PegaHttpClient] 📡 POST https://zdk8budo.pegaacademy.net/prweb/api/CodeIntelligence/v1/rules/query?pxObjClass=Rule-HTML-Section&appliesTo=Rule-Application&pyRuleName=pzContentManagementSourcing&RequestClass=Rule-HTML-Section&RequestAppliesTo=Rule-Application&RequestRuleName=pzContentManagementSourcing Payload: "{\"RequestClass\":\"Rule-HTML-Section\",\"RequestAppliesTo\":\"Rule-Application\",\"RequestRuleName\":\"pzContentManagementSourcing\"}" => HTTP 200 (246539 bytes)
[PegaHttpClient] 📡 POST https://zdk8budo.pegaacademy.net/prweb/api/CodeIntelligence/v1/rules/query?pxObjClass=Rule-HTML-Section&appliesTo=Rule-Application&pyRuleName=pzAuthStage&RequestClass=Rule-HTML-Section&RequestAppliesTo=Rule-Application&RequestRuleName=pzAuthStage Payload: "{\"RequestClass\":\"Rule-HTML-Section\",\"RequestAppliesTo\":\"Rule-Application\",\"RequestRuleName\":\"pzAuthStage\"}" => HTTP 404 (105 bytes)
[PegaHttpClient] 📡 POST https://zdk8budo.pegaacademy.net/prweb/PRRestService/CodeIntelligence/v1/rules/query?pxObjClass=Rule-HTML-Section&appliesTo=Rule-Application&pyRuleName=pzAuthStage&RequestClass=Rule-HTML-Section&RequestAppliesTo=Rule-Application&RequestRuleName=pzAuthStage Payload: "{\"RequestClass\":\"Rule-HTML-Section\",\"RequestAppliesTo\":\"Rule-Application\",\"RequestRuleName\":\"pzAuthStage\"}" => HTTP 404 (105 bytes)
[PegaHttpClient] 📡 POST https://zdk8budo.pegaacademy.net/prweb/api/HRAppsV2Service/V1/rules/query?pxObjClass=Rule-HTML-Section&appliesTo=Rule-Application&pyRuleName=pzAuthStage&RequestClass=Rule-HTML-Section&RequestAppliesTo=Rule-Application&RequestRuleName=pzAuthStage Payload: "{\"RequestClass\":\"Rule-HTML-Section\",\"RequestAppliesTo\":\"Rule-Application\",\"RequestRuleName\":\"pzAuthStage\"}" => HTTP 404 (18 bytes)
[PegaHttpClient] 📡 POST https://zdk8budo.pegaacademy.net/prweb/PRRestService/HRAppsV2Service/V1/rules/query?pxObjClass=Rule-HTML-Section&appliesTo=Rule-Application&pyRuleName=pzAuthStage&RequestClass=Rule-HTML-Section&RequestAppliesTo=Rule-Application&RequestRuleName=pzAuthStage Payload: "{\"RequestClass\":\"Rule-HTML-Section\",\"RequestAppliesTo\":\"Rule-Application\",\"RequestRuleName\":\"pzAuthStage\"}" => HTTP 404 (18 bytes)
[PegaHttpClient] 📡 POST https://zdk8budo.pegaacademy.net/prweb/api/HRAppsV2/V1/rules/query?pxObjClass=Rule-HTML-Section&appliesTo=Rule-Application&pyRuleName=pzAuthStage&RequestClass=Rule-HTML-Section&RequestAppliesTo=Rule-Application&RequestRuleName=pzAuthStage Payload: "{\"RequestClass\":\"Rule-HTML-Section\",\"RequestAppliesTo\":\"Rule-Application\",\"RequestRuleName\":\"pzAuthStage\"}" => HTTP 404 (18 bytes)
[PegaHttpClient] 📡 POST https://zdk8budo.pegaacademy.net/prweb/PRRestService/HRAppsV2/V1/rules/query?pxObjClass=Rule-HTML-Section&appliesTo=Rule-Application&pyRuleName=pzAuthStage&RequestClass=Rule-HTML-Section&RequestAppliesTo=Rule-Application&RequestRuleName=pzAuthStage Payload: "{\"RequestClass\":\"Rule-HTML-Section\",\"RequestAppliesTo\":\"Rule-Application\",\"RequestRuleName\":\"pzAuthStage\"}" => HTTP 404 (18 bytes)
[PegaHttpClient] 📡 POST https://zdk8budo.pegaacademy.net/prweb/api/v1/rules/query?pxObjClass=Rule-HTML-Section&appliesTo=Rule-Application&pyRuleName=pzAuthStage&RequestClass=Rule-HTML-Section&RequestAppliesTo=Rule-Application&RequestRuleName=pzAuthStage Payload: "{\"RequestClass\":\"Rule-HTML-Section\",\"RequestAppliesTo\":\"Rule-Application\",\"RequestRuleName\":\"pzAuthStage\"}" => HTTP 404 (18 bytes)
[PegaHttpClient] 📡 POST https://zdk8budo.pegaacademy.net/prweb/PRRestService/v1/rules/query?pxObjClass=Rule-HTML-Section&appliesTo=Rule-Application&pyRuleName=pzAuthStage&RequestClass=Rule-HTML-Section&RequestAppliesTo=Rule-Application&RequestRuleName=pzAuthStage Payload: "{\"RequestClass\":\"Rule-HTML-Section\",\"RequestAppliesTo\":\"Rule-Application\",\"RequestRuleName\":\"pzAuthStage\"}" => HTTP 404 (18 bytes)
[PegaHttpClient] 📡 POST https://zdk8budo.pegaacademy.net/prweb/api/CodeIntelligence/v1/rules/query?pxObjClass=Rule-HTML-Section&appliesTo=Rule-Application&pyRuleName=pzAuthState&RequestClass=Rule-HTML-Section&RequestAppliesTo=Rule-Application&RequestRuleName=pzAuthState Payload: "{\"RequestClass\":\"Rule-HTML-Section\",\"RequestAppliesTo\":\"Rule-Application\",\"RequestRuleName\":\"pzAuthState\"}" => HTTP 200 (16424 bytes)
[PegaHttpClient] 📡 POST https://zdk8budo.pegaacademy.net/prweb/api/CodeIntelligence/v1/rules/query?pxObjClass=Rule-HTML-Section&appliesTo=Rule-Application&pyRuleName=pzServicePackages&RequestClass=Rule-HTML-Section&RequestAppliesTo=Rule-Application&RequestRuleName=pzServicePackages Payload: "{\"RequestClass\":\"Rule-HTML-Section\",\"RequestAppliesTo\":\"Rule-Application\",\"RequestRuleName\":\"pzServicePackages\"}" => HTTP 404 (111 bytes)
[PegaHttpClient] 📡 POST https://zdk8budo.pegaacademy.net/prweb/PRRestService/CodeIntelligence/v1/rules/query?pxObjClass=Rule-HTML-Section&appliesTo=Rule-Application&pyRuleName=pzServicePackages&RequestClass=Rule-HTML-Section&RequestAppliesTo=Rule-Application&RequestRuleName=pzServicePackages Payload: "{\"RequestClass\":\"Rule-HTML-Section\",\"RequestAppliesTo\":\"Rule-Application\",\"RequestRuleName\":\"pzServicePackages\"}" => HTTP 404 (111 bytes)
[PegaHttpClient] 📡 POST https://zdk8budo.pegaacademy.net/prweb/api/HRAppsV2Service/V1/rules/query?pxObjClass=Rule-HTML-Section&appliesTo=Rule-Application&pyRuleName=pzServicePackages&RequestClass=Rule-HTML-Section&RequestAppliesTo=Rule-Application&RequestRuleName=pzServicePackages Payload: "{\"RequestClass\":\"Rule-HTML-Section\",\"RequestAppliesTo\":\"Rule-Application\",\"RequestRuleName\":\"pzServicePackages\"}" => HTTP 404 (18 bytes)
[PegaHttpClient] 📡 POST https://zdk8budo.pegaacademy.net/prweb/PRRestService/HRAppsV2Service/V1/rules/query?pxObjClass=Rule-HTML-Section&appliesTo=Rule-Application&pyRuleName=pzServicePackages&RequestClass=Rule-HTML-Section&RequestAppliesTo=Rule-Application&RequestRuleName=pzServicePackages Payload: "{\"RequestClass\":\"Rule-HTML-Section\",\"RequestAppliesTo\":\"Rule-Application\",\"RequestRuleName\":\"pzServicePackages\"}" => HTTP 404 (18 bytes)
[PegaHttpClient] 📡 POST https://zdk8budo.pegaacademy.net/prweb/api/HRAppsV2/V1/rules/query?pxObjClass=Rule-HTML-Section&appliesTo=Rule-Application&pyRuleName=pzServicePackages&RequestClass=Rule-HTML-Section&RequestAppliesTo=Rule-Application&RequestRuleName=pzServicePackages Payload: "{\"RequestClass\":\"Rule-HTML-Section\",\"RequestAppliesTo\":\"Rule-Application\",\"RequestRuleName\":\"pzServicePackages\"}" => HTTP 404 (18 bytes)
[PegaHttpClient] 📡 POST https://zdk8budo.pegaacademy.net/prweb/PRRestService/HRAppsV2/V1/rules/query?pxObjClass=Rule-HTML-Section&appliesTo=Rule-Application&pyRuleName=pzServicePackages&RequestClass=Rule-HTML-Section&RequestAppliesTo=Rule-Application&RequestRuleName=pzServicePackages Payload: "{\"RequestClass\":\"Rule-HTML-Section\",\"RequestAppliesTo\":\"Rule-Application\",\"RequestRuleName\":\"pzServicePackages\"}" => HTTP 404 (18 bytes)
[PegaHttpClient] 📡 POST https://zdk8budo.pegaacademy.net/prweb/api/v1/rules/query?pxObjClass=Rule-HTML-Section&appliesTo=Rule-Application&pyRuleName=pzServicePackages&RequestClass=Rule-HTML-Section&RequestAppliesTo=Rule-Application&RequestRuleName=pzServicePackages Payload: "{\"RequestClass\":\"Rule-HTML-Section\",\"RequestAppliesTo\":\"Rule-Application\",\"RequestRuleName\":\"pzServicePackages\"}" => HTTP 404 (18 bytes)
[PegaHttpClient] 📡 POST https://zdk8budo.pegaacademy.net/prweb/PRRestService/v1/rules/query?pxObjClass=Rule-HTML-Section&appliesTo=Rule-Application&pyRuleName=pzServicePackages&RequestClass=Rule-HTML-Section&RequestAppliesTo=Rule-Application&RequestRuleName=pzServicePackages Payload: "{\"RequestClass\":\"Rule-HTML-Section\",\"RequestAppliesTo\":\"Rule-Application\",\"RequestRuleName\":\"pzServicePackages\"}" => HTTP 404 (18 bytes)
[PegaHttpClient] 📡 POST https://zdk8budo.pegaacademy.net/prweb/api/CodeIntelligence/v1/rules/query?pxObjClass=Rule-HTML-Section&appliesTo=Rule-Application&pyRuleName=pzAuthenticationServiceMapMessage&RequestClass=Rule-HTML-Section&RequestAppliesTo=Rule-Application&RequestRuleName=pzAuthenticationServiceMapMessage Payload: "{\"RequestClass\":\"Rule-HTML-Section\",\"RequestAppliesTo\":\"Rule-Application\",\"RequestRuleName\":\"pzAuthenticationServiceMapMessage\"}" => HTTP 200 (18794 bytes)
[PegaHttpClient] 📡 POST https://zdk8budo.pegaacademy.net/prweb/api/CodeIntelligence/v1/rules/query?pxObjClass=Rule-HTML-Section&appliesTo=Rule-Application&pyRuleName=pzDisplayAuthServiceName&RequestClass=Rule-HTML-Section&RequestAppliesTo=Rule-Application&RequestRuleName=pzDisplayAuthServiceName Payload: "{\"RequestClass\":\"Rule-HTML-Section\",\"RequestAppliesTo\":\"Rule-Application\",\"RequestRuleName\":\"pzDisplayAuthServiceName\"}" => HTTP 404 (118 bytes)
[PegaHttpClient] 📡 POST https://zdk8budo.pegaacademy.net/prweb/PRRestService/CodeIntelligence/v1/rules/query?pxObjClass=Rule-HTML-Section&appliesTo=Rule-Application&pyRuleName=pzDisplayAuthServiceName&RequestClass=Rule-HTML-Section&RequestAppliesTo=Rule-Application&RequestRuleName=pzDisplayAuthServiceName Payload: "{\"RequestClass\":\"Rule-HTML-Section\",\"RequestAppliesTo\":\"Rule-Application\",\"RequestRuleName\":\"pzDisplayAuthServiceName\"}" => HTTP 404 (118 bytes)
[PegaHttpClient] 📡 POST https://zdk8budo.pegaacademy.net/prweb/api/HRAppsV2Service/V1/rules/query?pxObjClass=Rule-HTML-Section&appliesTo=Rule-Application&pyRuleName=pzDisplayAuthServiceName&RequestClass=Rule-HTML-Section&RequestAppliesTo=Rule-Application&RequestRuleName=pzDisplayAuthServiceName Payload: "{\"RequestClass\":\"Rule-HTML-Section\",\"RequestAppliesTo\":\"Rule-Application\",\"RequestRuleName\":\"pzDisplayAuthServiceName\"}" => HTTP 404 (18 bytes)
[PegaHttpClient] 📡 POST https://zdk8budo.pegaacademy.net/prweb/PRRestService/HRAppsV2Service/V1/rules/query?pxObjClass=Rule-HTML-Section&appliesTo=Rule-Application&pyRuleName=pzDisplayAuthServiceName&RequestClass=Rule-HTML-Section&RequestAppliesTo=Rule-Application&RequestRuleName=pzDisplayAuthServiceName Payload: "{\"RequestClass\":\"Rule-HTML-Section\",\"RequestAppliesTo\":\"Rule-Application\",\"RequestRuleName\":\"pzDisplayAuthServiceName\"}" => HTTP 404 (18 bytes)
[PegaHttpClient] 📡 POST https://zdk8budo.pegaacademy.net/prweb/api/HRAppsV2/V1/rules/query?pxObjClass=Rule-HTML-Section&appliesTo=Rule-Application&pyRuleName=pzDisplayAuthServiceName&RequestClass=Rule-HTML-Section&RequestAppliesTo=Rule-Application&RequestRuleName=pzDisplayAuthServiceName Payload: "{\"RequestClass\":\"Rule-HTML-Section\",\"RequestAppliesTo\":\"Rule-Application\",\"RequestRuleName\":\"pzDisplayAuthServiceName\"}" => HTTP 404 (18 bytes)
[PegaHttpClient] 📡 POST https://zdk8budo.pegaacademy.net/prweb/PRRestService/HRAppsV2/V1/rules/query?pxObjClass=Rule-HTML-Section&appliesTo=Rule-Application&pyRuleName=pzDisplayAuthServiceName&RequestClass=Rule-HTML-Section&RequestAppliesTo=Rule-Application&RequestRuleName=pzDisplayAuthServiceName Payload: "{\"RequestClass\":\"Rule-HTML-Section\",\"RequestAppliesTo\":\"Rule-Application\",\"RequestRuleName\":\"pzDisplayAuthServiceName\"}" => HTTP 404 (18 bytes)
[PegaHttpClient] 📡 POST https://zdk8budo.pegaacademy.net/prweb/api/v1/rules/query?pxObjClass=Rule-HTML-Section&appliesTo=Rule-Application&pyRuleName=pzDisplayAuthServiceName&RequestClass=Rule-HTML-Section&RequestAppliesTo=Rule-Application&RequestRuleName=pzDisplayAuthServiceName Payload: "{\"RequestClass\":\"Rule-HTML-Section\",\"RequestAppliesTo\":\"Rule-Application\",\"RequestRuleName\":\"pzDisplayAuthServiceName\"}" => HTTP 404 (18 bytes)
[PegaHttpClient] 📡 POST https://zdk8budo.pegaacademy.net/prweb/PRRestService/v1/rules/query?pxObjClass=Rule-HTML-Section&appliesTo=Rule-Application&pyRuleName=pzDisplayAuthServiceName&RequestClass=Rule-HTML-Section&RequestAppliesTo=Rule-Application&RequestRuleName=pzDisplayAuthServiceName Payload: "{\"RequestClass\":\"Rule-HTML-Section\",\"RequestAppliesTo\":\"Rule-Application\",\"RequestRuleName\":\"pzDisplayAuthServiceName\"}" => HTTP 404 (18 bytes)
[PegaHttpClient] 📡 POST https://zdk8budo.pegaacademy.net/prweb/api/CodeIntelligence/v1/rules/query?pxObjClass=Rule-HTML-Section&appliesTo=Rule-Application&pyRuleName=pzDisplayAuthServiceStatusInText&RequestClass=Rule-HTML-Section&RequestAppliesTo=Rule-Application&RequestRuleName=pzDisplayAuthServiceStatusInText Payload: "{\"RequestClass\":\"Rule-HTML-Section\",\"RequestAppliesTo\":\"Rule-Application\",\"RequestRuleName\":\"pzDisplayAuthServiceStatusInText\"}" => HTTP 404 (126 bytes)
[PegaHttpClient] 📡 POST https://zdk8budo.pegaacademy.net/prweb/PRRestService/CodeIntelligence/v1/rules/query?pxObjClass=Rule-HTML-Section&appliesTo=Rule-Application&pyRuleName=pzDisplayAuthServiceStatusInText&RequestClass=Rule-HTML-Section&RequestAppliesTo=Rule-Application&RequestRuleName=pzDisplayAuthServiceStatusInText Payload: "{\"RequestClass\":\"Rule-HTML-Section\",\"RequestAppliesTo\":\"Rule-Application\",\"RequestRuleName\":\"pzDisplayAuthServiceStatusInText\"}" => HTTP 404 (126 bytes)
[PegaHttpClient] 📡 POST https://zdk8budo.pegaacademy.net/prweb/api/HRAppsV2Service/V1/rules/query?pxObjClass=Rule-HTML-Section&appliesTo=Rule-Application&pyRuleName=pzDisplayAuthServiceStatusInText&RequestClass=Rule-HTML-Section&RequestAppliesTo=Rule-Application&RequestRuleName=pzDisplayAuthServiceStatusInText Payload: "{\"RequestClass\":\"Rule-HTML-Section\",\"RequestAppliesTo\":\"Rule-Application\",\"RequestRuleName\":\"pzDisplayAuthServiceStatusInText\"}" => HTTP 404 (18 bytes)
[PegaHttpClient] 📡 POST https://zdk8budo.pegaacademy.net/prweb/PRRestService/HRAppsV2Service/V1/rules/query?pxObjClass=Rule-HTML-Section&appliesTo=Rule-Application&pyRuleName=pzDisplayAuthServiceStatusInText&RequestClass=Rule-HTML-Section&RequestAppliesTo=Rule-Application&RequestRuleName=pzDisplayAuthServiceStatusInText Payload: "{\"RequestClass\":\"Rule-HTML-Section\",\"RequestAppliesTo\":\"Rule-Application\",\"RequestRuleName\":\"pzDisplayAuthServiceStatusInText\"}" => HTTP 404 (18 bytes)
[PegaHttpClient] 📡 POST https://zdk8budo.pegaacademy.net/prweb/api/HRAppsV2/V1/rules/query?pxObjClass=Rule-HTML-Section&appliesTo=Rule-Application&pyRuleName=pzDisplayAuthServiceStatusInText&RequestClass=Rule-HTML-Section&RequestAppliesTo=Rule-Application&RequestRuleName=pzDisplayAuthServiceStatusInText Payload: "{\"RequestClass\":\"Rule-HTML-Section\",\"RequestAppliesTo\":\"Rule-Application\",\"RequestRuleName\":\"pzDisplayAuthServiceStatusInText\"}" => HTTP 404 (18 bytes)
[PegaHttpClient] 📡 POST https://zdk8budo.pegaacademy.net/prweb/PRRestService/HRAppsV2/V1/rules/query?pxObjClass=Rule-HTML-Section&appliesTo=Rule-Application&pyRuleName=pzDisplayAuthServiceStatusInText&RequestClass=Rule-HTML-Section&RequestAppliesTo=Rule-Application&RequestRuleName=pzDisplayAuthServiceStatusInText Payload: "{\"RequestClass\":\"Rule-HTML-Section\",\"RequestAppliesTo\":\"Rule-Application\",\"RequestRuleName\":\"pzDisplayAuthServiceStatusInText\"}" => HTTP 404 (18 bytes)
[PegaHttpClient] 📡 POST https://zdk8budo.pegaacademy.net/prweb/api/v1/rules/query?pxObjClass=Rule-HTML-Section&appliesTo=Rule-Application&pyRuleName=pzDisplayAuthServiceStatusInText&RequestClass=Rule-HTML-Section&RequestAppliesTo=Rule-Application&RequestRuleName=pzDisplayAuthServiceStatusInText Payload: "{\"RequestClass\":\"Rule-HTML-Section\",\"RequestAppliesTo\":\"Rule-Application\",\"RequestRuleName\":\"pzDisplayAuthServiceStatusInText\"}" => HTTP 404 (18 bytes)
[PegaHttpClient] 📡 POST https://zdk8budo.pegaacademy.net/prweb/PRRestService/v1/rules/query?pxObjClass=Rule-HTML-Section&appliesTo=Rule-Application&pyRuleName=pzDisplayAuthServiceStatusInText&RequestClass=Rule-HTML-Section&RequestAppliesTo=Rule-Application&RequestRuleName=pzDisplayAuthServiceStatusInText Payload: "{\"RequestClass\":\"Rule-HTML-Section\",\"RequestAppliesTo\":\"Rule-Application\",\"RequestRuleName\":\"pzDisplayAuthServiceStatusInText\"}" => HTTP 404 (18 bytes)
[PegaHttpClient] 📡 POST https://zdk8budo.pegaacademy.net/prweb/api/CodeIntelligence/v1/rules/query?pxObjClass=Rule-HTML-Section&appliesTo=Rule-Application&pyRuleName=pzDisplayLoginHelp&RequestClass=Rule-HTML-Section&RequestAppliesTo=Rule-Application&RequestRuleName=pzDisplayLoginHelp Payload: "{\"RequestClass\":\"Rule-HTML-Section\",\"RequestAppliesTo\":\"Rule-Application\",\"RequestRuleName\":\"pzDisplayLoginHelp\"}" => HTTP 200 (18232 bytes)
[PegaHttpClient] 📡 POST https://zdk8budo.pegaacademy.net/prweb/api/CodeIntelligence/v1/rules/query?pxObjClass=Rule-HTML-Section&appliesTo=Rule-Application&pyRuleName=pzDisplayCustomLoginConfiguration&RequestClass=Rule-HTML-Section&RequestAppliesTo=Rule-Application&RequestRuleName=pzDisplayCustomLoginConfiguration Payload: "{\"RequestClass\":\"Rule-HTML-Section\",\"RequestAppliesTo\":\"Rule-Application\",\"RequestRuleName\":\"pzDisplayCustomLoginConfiguration\"}" => HTTP 200 (17977 bytes)
[PegaHttpClient] 📡 POST https://zdk8budo.pegaacademy.net/prweb/api/CodeIntelligence/v1/rules/query?pxObjClass=Rule-HTML-Section&appliesTo=Rule-Application&pyRuleName=pzShowComponentTimeLeft&RequestClass=Rule-HTML-Section&RequestAppliesTo=Rule-Application&RequestRuleName=pzShowComponentTimeLeft Payload: "{\"RequestClass\":\"Rule-HTML-Section\",\"RequestAppliesTo\":\"Rule-Application\",\"RequestRuleName\":\"pzShowComponentTimeLeft\"}" => HTTP 200 (25490 bytes)
[PegaHttpClient] 📡 POST https://zdk8budo.pegaacademy.net/prweb/api/CodeIntelligence/v1/rules/query?pxObjClass=Rule-HTML-Section&appliesTo=Rule-Application&pyRuleName=pzScm_RuleHistory&RequestClass=Rule-HTML-Section&RequestAppliesTo=Rule-Application&RequestRuleName=pzScm_RuleHistory Payload: "{\"RequestClass\":\"Rule-HTML-Section\",\"RequestAppliesTo\":\"Rule-Application\",\"RequestRuleName\":\"pzScm_RuleHistory\"}" => HTTP 200 (14682 bytes)
[PegaHttpClient] 📡 POST https://zdk8budo.pegaacademy.net/prweb/api/CodeIntelligence/v1/rules/query?pxObjClass=Rule-HTML-Section&appliesTo=Rule-Application&pyRuleName=pxDisplayCollaborators&RequestClass=Rule-HTML-Section&RequestAppliesTo=Rule-Application&RequestRuleName=pxDisplayCollaborators Payload: "{\"RequestClass\":\"Rule-HTML-Section\",\"RequestAppliesTo\":\"Rule-Application\",\"RequestRuleName\":\"pxDisplayCollaborators\"}" => HTTP 200 (94171 bytes)
[PegaHttpClient] 📡 POST https://zdk8budo.pegaacademy.net/prweb/api/CodeIntelligence/v1/rules/query?pxObjClass=Rule-HTML-Section&appliesTo=Rule-Application&pyRuleName=pzRuleFormToolbarDeleteCheckOut&RequestClass=Rule-HTML-Section&RequestAppliesTo=Rule-Application&RequestRuleName=pzRuleFormToolbarDeleteCheckOut Payload: "{\"RequestClass\":\"Rule-HTML-Section\",\"RequestAppliesTo\":\"Rule-Application\",\"RequestRuleName\":\"pzRuleFormToolbarDeleteCheckOut\"}" => HTTP 200 (29433 bytes)
[PegaHttpClient] 📡 POST https://zdk8budo.pegaacademy.net/prweb/api/CodeIntelligence/v1/rules/query?pxObjClass=Rule-HTML-Section&appliesTo=Rule-Application&pyRuleName=pzRuleFormToolbarDeleteRule&RequestClass=Rule-HTML-Section&RequestAppliesTo=Rule-Application&RequestRuleName=pzRuleFormToolbarDeleteRule Payload: "{\"RequestClass\":\"Rule-HTML-Section\",\"RequestAppliesTo\":\"Rule-Application\",\"RequestRuleName\":\"pzRuleFormToolbarDeleteRule\"}" => HTTP 200 (32314 bytes)
[PegaHttpClient] 📡 POST https://zdk8budo.pegaacademy.net/prweb/api/CodeIntelligence/v1/rules/query?pxObjClass=Rule-HTML-Section&appliesTo=Rule-Application&pyRuleName=pzAppCCLibVerSection&RequestClass=Rule-HTML-Section&RequestAppliesTo=Rule-Application&RequestRuleName=pzAppCCLibVerSection Payload: "{\"RequestClass\":\"Rule-HTML-Section\",\"RequestAppliesTo\":\"Rule-Application\",\"RequestRuleName\":\"pzAppCCLibVerSection\"}" => HTTP 200 (29628 bytes)
[PegaHttpClient] 📡 POST https://zdk8budo.pegaacademy.net/prweb/api/CodeIntelligence/v1/rules/query?pxObjClass=Rule-HTML-Section&appliesTo=Rule-Application&pyRuleName=pzDisplayExistingAttachments&RequestClass=Rule-HTML-Section&RequestAppliesTo=Rule-Application&RequestRuleName=pzDisplayExistingAttachments Payload: "{\"RequestClass\":\"Rule-HTML-Section\",\"RequestAppliesTo\":\"Rule-Application\",\"RequestRuleName\":\"pzDisplayExistingAttachments\"}" => HTTP 200 (107800 bytes)
[PegaHttpClient] 📡 POST https://zdk8budo.pegaacademy.net/prweb/api/CodeIntelligence/v1/rules/query?pxObjClass=Rule-HTML-Section&appliesTo=Rule-Application&pyRuleName=pzEditCMISStorageDetails&RequestClass=Rule-HTML-Section&RequestAppliesTo=Rule-Application&RequestRuleName=pzEditCMISStorageDetails Payload: "{\"RequestClass\":\"Rule-HTML-Section\",\"RequestAppliesTo\":\"Rule-Application\",\"RequestRuleName\":\"pzEditCMISStorageDetails\"}" => HTTP 404 (118 bytes)
[PegaHttpClient] 📡 POST https://zdk8budo.pegaacademy.net/prweb/PRRestService/CodeIntelligence/v1/rules/query?pxObjClass=Rule-HTML-Section&appliesTo=Rule-Application&pyRuleName=pzEditCMISStorageDetails&RequestClass=Rule-HTML-Section&RequestAppliesTo=Rule-Application&RequestRuleName=pzEditCMISStorageDetails Payload: "{\"RequestClass\":\"Rule-HTML-Section\",\"RequestAppliesTo\":\"Rule-Application\",\"RequestRuleName\":\"pzEditCMISStorageDetails\"}" => HTTP 404 (118 bytes)
[PegaHttpClient] 📡 POST https://zdk8budo.pegaacademy.net/prweb/api/HRAppsV2Service/V1/rules/query?pxObjClass=Rule-HTML-Section&appliesTo=Rule-Application&pyRuleName=pzEditCMISStorageDetails&RequestClass=Rule-HTML-Section&RequestAppliesTo=Rule-Application&RequestRuleName=pzEditCMISStorageDetails Payload: "{\"RequestClass\":\"Rule-HTML-Section\",\"RequestAppliesTo\":\"Rule-Application\",\"RequestRuleName\":\"pzEditCMISStorageDetails\"}" => HTTP 404 (18 bytes)
[PegaHttpClient] 📡 POST https://zdk8budo.pegaacademy.net/prweb/PRRestService/HRAppsV2Service/V1/rules/query?pxObjClass=Rule-HTML-Section&appliesTo=Rule-Application&pyRuleName=pzEditCMISStorageDetails&RequestClass=Rule-HTML-Section&RequestAppliesTo=Rule-Application&RequestRuleName=pzEditCMISStorageDetails Payload: "{\"RequestClass\":\"Rule-HTML-Section\",\"RequestAppliesTo\":\"Rule-Application\",\"RequestRuleName\":\"pzEditCMISStorageDetails\"}" => HTTP 404 (18 bytes)
[PegaHttpClient] 📡 POST https://zdk8budo.pegaacademy.net/prweb/api/HRAppsV2/V1/rules/query?pxObjClass=Rule-HTML-Section&appliesTo=Rule-Application&pyRuleName=pzEditCMISStorageDetails&RequestClass=Rule-HTML-Section&RequestAppliesTo=Rule-Application&RequestRuleName=pzEditCMISStorageDetails Payload: "{\"RequestClass\":\"Rule-HTML-Section\",\"RequestAppliesTo\":\"Rule-Application\",\"RequestRuleName\":\"pzEditCMISStorageDetails\"}" => HTTP 404 (18 bytes)
[PegaHttpClient] 📡 POST https://zdk8budo.pegaacademy.net/prweb/PRRestService/HRAppsV2/V1/rules/query?pxObjClass=Rule-HTML-Section&appliesTo=Rule-Application&pyRuleName=pzEditCMISStorageDetails&RequestClass=Rule-HTML-Section&RequestAppliesTo=Rule-Application&RequestRuleName=pzEditCMISStorageDetails Payload: "{\"RequestClass\":\"Rule-HTML-Section\",\"RequestAppliesTo\":\"Rule-Application\",\"RequestRuleName\":\"pzEditCMISStorageDetails\"}" => HTTP 404 (18 bytes)
[PegaHttpClient] 📡 POST https://zdk8budo.pegaacademy.net/prweb/api/v1/rules/query?pxObjClass=Rule-HTML-Section&appliesTo=Rule-Application&pyRuleName=pzEditCMISStorageDetails&RequestClass=Rule-HTML-Section&RequestAppliesTo=Rule-Application&RequestRuleName=pzEditCMISStorageDetails Payload: "{\"RequestClass\":\"Rule-HTML-Section\",\"RequestAppliesTo\":\"Rule-Application\",\"RequestRuleName\":\"pzEditCMISStorageDetails\"}" => HTTP 404 (18 bytes)
[PegaHttpClient] 📡 POST https://zdk8budo.pegaacademy.net/prweb/PRRestService/v1/rules/query?pxObjClass=Rule-HTML-Section&appliesTo=Rule-Application&pyRuleName=pzEditCMISStorageDetails&RequestClass=Rule-HTML-Section&RequestAppliesTo=Rule-Application&RequestRuleName=pzEditCMISStorageDetails Payload: "{\"RequestClass\":\"Rule-HTML-Section\",\"RequestAppliesTo\":\"Rule-Application\",\"RequestRuleName\":\"pzEditCMISStorageDetails\"}" => HTTP 404 (18 bytes)
[PegaHttpClient] 📡 POST https://zdk8budo.pegaacademy.net/prweb/api/CodeIntelligence/v1/rules/query?pxObjClass=Rule-HTML-Section&appliesTo=Rule-Application&pyRuleName=pzWebOrRepoStorage&RequestClass=Rule-HTML-Section&RequestAppliesTo=Rule-Application&RequestRuleName=pzWebOrRepoStorage Payload: "{\"RequestClass\":\"Rule-HTML-Section\",\"RequestAppliesTo\":\"Rule-Application\",\"RequestRuleName\":\"pzWebOrRepoStorage\"}" => HTTP 200 (27888 bytes)
[PegaHttpClient] 📡 POST https://zdk8budo.pegaacademy.net/prweb/api/CodeIntelligence/v1/rules/query?pxObjClass=Rule-HTML-Section&appliesTo=Rule-Application&pyRuleName=pyEditCMISSourceDetails&RequestClass=Rule-HTML-Section&RequestAppliesTo=Rule-Application&RequestRuleName=pyEditCMISSourceDetails Payload: "{\"RequestClass\":\"Rule-HTML-Section\",\"RequestAppliesTo\":\"Rule-Application\",\"RequestRuleName\":\"pyEditCMISSourceDetails\"}" => HTTP 404 (117 bytes)
[PegaHttpClient] 📡 POST https://zdk8budo.pegaacademy.net/prweb/PRRestService/CodeIntelligence/v1/rules/query?pxObjClass=Rule-HTML-Section&appliesTo=Rule-Application&pyRuleName=pyEditCMISSourceDetails&RequestClass=Rule-HTML-Section&RequestAppliesTo=Rule-Application&RequestRuleName=pyEditCMISSourceDetails Payload: "{\"RequestClass\":\"Rule-HTML-Section\",\"RequestAppliesTo\":\"Rule-Application\",\"RequestRuleName\":\"pyEditCMISSourceDetails\"}" => HTTP 404 (117 bytes)
[PegaHttpClient] 📡 POST https://zdk8budo.pegaacademy.net/prweb/api/HRAppsV2Service/V1/rules/query?pxObjClass=Rule-HTML-Section&appliesTo=Rule-Application&pyRuleName=pyEditCMISSourceDetails&RequestClass=Rule-HTML-Section&RequestAppliesTo=Rule-Application&RequestRuleName=pyEditCMISSourceDetails Payload: "{\"RequestClass\":\"Rule-HTML-Section\",\"RequestAppliesTo\":\"Rule-Application\",\"RequestRuleName\":\"pyEditCMISSourceDetails\"}" => HTTP 404 (18 bytes)
[PegaHttpClient] 📡 POST https://zdk8budo.pegaacademy.net/prweb/PRRestService/HRAppsV2Service/V1/rules/query?pxObjClass=Rule-HTML-Section&appliesTo=Rule-Application&pyRuleName=pyEditCMISSourceDetails&RequestClass=Rule-HTML-Section&RequestAppliesTo=Rule-Application&RequestRuleName=pyEditCMISSourceDetails Payload: "{\"RequestClass\":\"Rule-HTML-Section\",\"RequestAppliesTo\":\"Rule-Application\",\"RequestRuleName\":\"pyEditCMISSourceDetails\"}" => HTTP 404 (18 bytes)
[PegaHttpClient] 📡 POST https://zdk8budo.pegaacademy.net/prweb/api/HRAppsV2/V1/rules/query?pxObjClass=Rule-HTML-Section&appliesTo=Rule-Application&pyRuleName=pyEditCMISSourceDetails&RequestClass=Rule-HTML-Section&RequestAppliesTo=Rule-Application&RequestRuleName=pyEditCMISSourceDetails Payload: "{\"RequestClass\":\"Rule-HTML-Section\",\"RequestAppliesTo\":\"Rule-Application\",\"RequestRuleName\":\"pyEditCMISSourceDetails\"}" => HTTP 404 (18 bytes)
[PegaHttpClient] 📡 POST https://zdk8budo.pegaacademy.net/prweb/PRRestService/HRAppsV2/V1/rules/query?pxObjClass=Rule-HTML-Section&appliesTo=Rule-Application&pyRuleName=pyEditCMISSourceDetails&RequestClass=Rule-HTML-Section&RequestAppliesTo=Rule-Application&RequestRuleName=pyEditCMISSourceDetails Payload: "{\"RequestClass\":\"Rule-HTML-Section\",\"RequestAppliesTo\":\"Rule-Application\",\"RequestRuleName\":\"pyEditCMISSourceDetails\"}" => HTTP 404 (18 bytes)
[PegaHttpClient] 📡 POST https://zdk8budo.pegaacademy.net/prweb/api/v1/rules/query?pxObjClass=Rule-HTML-Section&appliesTo=Rule-Application&pyRuleName=pyEditCMISSourceDetails&RequestClass=Rule-HTML-Section&RequestAppliesTo=Rule-Application&RequestRuleName=pyEditCMISSourceDetails Payload: "{\"RequestClass\":\"Rule-HTML-Section\",\"RequestAppliesTo\":\"Rule-Application\",\"RequestRuleName\":\"pyEditCMISSourceDetails\"}" => HTTP 404 (18 bytes)
[PegaHttpClient] 📡 POST https://zdk8budo.pegaacademy.net/prweb/PRRestService/v1/rules/query?pxObjClass=Rule-HTML-Section&appliesTo=Rule-Application&pyRuleName=pyEditCMISSourceDetails&RequestClass=Rule-HTML-Section&RequestAppliesTo=Rule-Application&RequestRuleName=pyEditCMISSourceDetails Payload: "{\"RequestClass\":\"Rule-HTML-Section\",\"RequestAppliesTo\":\"Rule-Application\",\"RequestRuleName\":\"pyEditCMISSourceDetails\"}" => HTTP 404 (18 bytes)
[PegaHttpClient] 📡 POST https://zdk8budo.pegaacademy.net/prweb/api/CodeIntelligence/v1/rules/query?pxObjClass=Rule-HTML-Section&appliesTo=Rule-Application&pyRuleName=pzWebContentSourceGridIcons&RequestClass=Rule-HTML-Section&RequestAppliesTo=Rule-Application&RequestRuleName=pzWebContentSourceGridIcons Payload: "{\"RequestClass\":\"Rule-HTML-Section\",\"RequestAppliesTo\":\"Rule-Application\",\"RequestRuleName\":\"pzWebContentSourceGridIcons\"}" => HTTP 200 (36473 bytes)
[PegaHttpClient] 📡 POST https://zdk8budo.pegaacademy.net/prweb/api/CodeIntelligence/v1/rules/query?pxObjClass=Rule-HTML-Section&appliesTo=Rule-Application&pyRuleName=pzWebStorageState&RequestClass=Rule-HTML-Section&RequestAppliesTo=Rule-Application&RequestRuleName=pzWebStorageState Payload: "{\"RequestClass\":\"Rule-HTML-Section\",\"RequestAppliesTo\":\"Rule-Application\",\"RequestRuleName\":\"pzWebStorageState\"}" => HTTP 200 (16367 bytes)
[PegaHttpClient] 📡 POST https://zdk8budo.pegaacademy.net/prweb/api/CodeIntelligence/v1/rules/query?pxObjClass=Rule-HTML-Section&appliesTo=Rule-Application&pyRuleName=pzLoadCollaborationScripts&RequestClass=Rule-HTML-Section&RequestAppliesTo=Rule-Application&RequestRuleName=pzLoadCollaborationScripts Payload: "{\"RequestClass\":\"Rule-HTML-Section\",\"RequestAppliesTo\":\"Rule-Application\",\"RequestRuleName\":\"pzLoadCollaborationScripts\"}" => HTTP 200 (23453 bytes)
[PegaHttpClient] 📡 POST https://zdk8budo.pegaacademy.net/prweb/api/CodeIntelligence/v1/rules/query?pxObjClass=Rule-HTML-Section&appliesTo=Rule-Application&pyRuleName=pzDisplayCollaboratorsList&RequestClass=Rule-HTML-Section&RequestAppliesTo=Rule-Application&RequestRuleName=pzDisplayCollaboratorsList Payload: "{\"RequestClass\":\"Rule-HTML-Section\",\"RequestAppliesTo\":\"Rule-Application\",\"RequestRuleName\":\"pzDisplayCollaboratorsList\"}" => HTTP 200 (105418 bytes)
[PegaHttpClient] 📡 POST https://zdk8budo.pegaacademy.net/prweb/api/CodeIntelligence/v1/rules/query?pxObjClass=Rule-HTML-Section&appliesTo=Rule-Application&pyRuleName=pzDisplayAttachmentName&RequestClass=Rule-HTML-Section&RequestAppliesTo=Rule-Application&RequestRuleName=pzDisplayAttachmentName Payload: "{\"RequestClass\":\"Rule-HTML-Section\",\"RequestAppliesTo\":\"Rule-Application\",\"RequestRuleName\":\"pzDisplayAttachmentName\"}" => HTTP 404 (117 bytes)
[PegaHttpClient] 📡 POST https://zdk8budo.pegaacademy.net/prweb/PRRestService/CodeIntelligence/v1/rules/query?pxObjClass=Rule-HTML-Section&appliesTo=Rule-Application&pyRuleName=pzDisplayAttachmentName&RequestClass=Rule-HTML-Section&RequestAppliesTo=Rule-Application&RequestRuleName=pzDisplayAttachmentName Payload: "{\"RequestClass\":\"Rule-HTML-Section\",\"RequestAppliesTo\":\"Rule-Application\",\"RequestRuleName\":\"pzDisplayAttachmentName\"}" => HTTP 404 (117 bytes)
[PegaHttpClient] 📡 POST https://zdk8budo.pegaacademy.net/prweb/api/HRAppsV2Service/V1/rules/query?pxObjClass=Rule-HTML-Section&appliesTo=Rule-Application&pyRuleName=pzDisplayAttachmentName&RequestClass=Rule-HTML-Section&RequestAppliesTo=Rule-Application&RequestRuleName=pzDisplayAttachmentName Payload: "{\"RequestClass\":\"Rule-HTML-Section\",\"RequestAppliesTo\":\"Rule-Application\",\"RequestRuleName\":\"pzDisplayAttachmentName\"}" => HTTP 404 (18 bytes)
[PegaHttpClient] 📡 POST https://zdk8budo.pegaacademy.net/prweb/PRRestService/HRAppsV2Service/V1/rules/query?pxObjClass=Rule-HTML-Section&appliesTo=Rule-Application&pyRuleName=pzDisplayAttachmentName&RequestClass=Rule-HTML-Section&RequestAppliesTo=Rule-Application&RequestRuleName=pzDisplayAttachmentName Payload: "{\"RequestClass\":\"Rule-HTML-Section\",\"RequestAppliesTo\":\"Rule-Application\",\"RequestRuleName\":\"pzDisplayAttachmentName\"}" => HTTP 404 (18 bytes)
[PegaHttpClient] 📡 POST https://zdk8budo.pegaacademy.net/prweb/api/HRAppsV2/V1/rules/query?pxObjClass=Rule-HTML-Section&appliesTo=Rule-Application&pyRuleName=pzDisplayAttachmentName&RequestClass=Rule-HTML-Section&RequestAppliesTo=Rule-Application&RequestRuleName=pzDisplayAttachmentName Payload: "{\"RequestClass\":\"Rule-HTML-Section\",\"RequestAppliesTo\":\"Rule-Application\",\"RequestRuleName\":\"pzDisplayAttachmentName\"}" => HTTP 404 (18 bytes)
[PegaHttpClient] 📡 POST https://zdk8budo.pegaacademy.net/prweb/PRRestService/HRAppsV2/V1/rules/query?pxObjClass=Rule-HTML-Section&appliesTo=Rule-Application&pyRuleName=pzDisplayAttachmentName&RequestClass=Rule-HTML-Section&RequestAppliesTo=Rule-Application&RequestRuleName=pzDisplayAttachmentName Payload: "{\"RequestClass\":\"Rule-HTML-Section\",\"RequestAppliesTo\":\"Rule-Application\",\"RequestRuleName\":\"pzDisplayAttachmentName\"}" => HTTP 404 (18 bytes)
[PegaHttpClient] 📡 POST https://zdk8budo.pegaacademy.net/prweb/api/v1/rules/query?pxObjClass=Rule-HTML-Section&appliesTo=Rule-Application&pyRuleName=pzDisplayAttachmentName&RequestClass=Rule-HTML-Section&RequestAppliesTo=Rule-Application&RequestRuleName=pzDisplayAttachmentName Payload: "{\"RequestClass\":\"Rule-HTML-Section\",\"RequestAppliesTo\":\"Rule-Application\",\"RequestRuleName\":\"pzDisplayAttachmentName\"}" => HTTP 404 (18 bytes)
[PegaHttpClient] 📡 POST https://zdk8budo.pegaacademy.net/prweb/PRRestService/v1/rules/query?pxObjClass=Rule-HTML-Section&appliesTo=Rule-Application&pyRuleName=pzDisplayAttachmentName&RequestClass=Rule-HTML-Section&RequestAppliesTo=Rule-Application&RequestRuleName=pzDisplayAttachmentName Payload: "{\"RequestClass\":\"Rule-HTML-Section\",\"RequestAppliesTo\":\"Rule-Application\",\"RequestRuleName\":\"pzDisplayAttachmentName\"}" => HTTP 404 (18 bytes)
[PegaHttpClient] 📡 POST https://zdk8budo.pegaacademy.net/prweb/api/CodeIntelligence/v1/rules/query?pxObjClass=Rule-HTML-Section&appliesTo=Rule-Application&pyRuleName=pzEdit&RequestClass=Rule-HTML-Section&RequestAppliesTo=Rule-Application&RequestRuleName=pzEdit Payload: "{\"RequestClass\":\"Rule-HTML-Section\",\"RequestAppliesTo\":\"Rule-Application\",\"RequestRuleName\":\"pzEdit\"}" => HTTP 404 (100 bytes)
[PegaHttpClient] 📡 POST https://zdk8budo.pegaacademy.net/prweb/PRRestService/CodeIntelligence/v1/rules/query?pxObjClass=Rule-HTML-Section&appliesTo=Rule-Application&pyRuleName=pzEdit&RequestClass=Rule-HTML-Section&RequestAppliesTo=Rule-Application&RequestRuleName=pzEdit Payload: "{\"RequestClass\":\"Rule-HTML-Section\",\"RequestAppliesTo\":\"Rule-Application\",\"RequestRuleName\":\"pzEdit\"}" => HTTP 404 (100 bytes)
[PegaHttpClient] 📡 POST https://zdk8budo.pegaacademy.net/prweb/api/HRAppsV2Service/V1/rules/query?pxObjClass=Rule-HTML-Section&appliesTo=Rule-Application&pyRuleName=pzEdit&RequestClass=Rule-HTML-Section&RequestAppliesTo=Rule-Application&RequestRuleName=pzEdit Payload: "{\"RequestClass\":\"Rule-HTML-Section\",\"RequestAppliesTo\":\"Rule-Application\",\"RequestRuleName\":\"pzEdit\"}" => HTTP 404 (18 bytes)
[PegaHttpClient] 📡 POST https://zdk8budo.pegaacademy.net/prweb/PRRestService/HRAppsV2Service/V1/rules/query?pxObjClass=Rule-HTML-Section&appliesTo=Rule-Application&pyRuleName=pzEdit&RequestClass=Rule-HTML-Section&RequestAppliesTo=Rule-Application&RequestRuleName=pzEdit Payload: "{\"RequestClass\":\"Rule-HTML-Section\",\"RequestAppliesTo\":\"Rule-Application\",\"RequestRuleName\":\"pzEdit\"}" => HTTP 404 (18 bytes)
[PegaHttpClient] 📡 POST https://zdk8budo.pegaacademy.net/prweb/api/HRAppsV2/V1/rules/query?pxObjClass=Rule-HTML-Section&appliesTo=Rule-Application&pyRuleName=pzEdit&RequestClass=Rule-HTML-Section&RequestAppliesTo=Rule-Application&RequestRuleName=pzEdit Payload: "{\"RequestClass\":\"Rule-HTML-Section\",\"RequestAppliesTo\":\"Rule-Application\",\"RequestRuleName\":\"pzEdit\"}" => HTTP 404 (18 bytes)
[PegaHttpClient] 📡 POST https://zdk8budo.pegaacademy.net/prweb/PRRestService/HRAppsV2/V1/rules/query?pxObjClass=Rule-HTML-Section&appliesTo=Rule-Application&pyRuleName=pzEdit&RequestClass=Rule-HTML-Section&RequestAppliesTo=Rule-Application&RequestRuleName=pzEdit Payload: "{\"RequestClass\":\"Rule-HTML-Section\",\"RequestAppliesTo\":\"Rule-Application\",\"RequestRuleName\":\"pzEdit\"}" => HTTP 404 (18 bytes)
[PegaHttpClient] 📡 POST https://zdk8budo.pegaacademy.net/prweb/api/v1/rules/query?pxObjClass=Rule-HTML-Section&appliesTo=Rule-Application&pyRuleName=pzEdit&RequestClass=Rule-HTML-Section&RequestAppliesTo=Rule-Application&RequestRuleName=pzEdit Payload: "{\"RequestClass\":\"Rule-HTML-Section\",\"RequestAppliesTo\":\"Rule-Application\",\"RequestRuleName\":\"pzEdit\"}" => HTTP 404 (18 bytes)
[PegaHttpClient] 📡 POST https://zdk8budo.pegaacademy.net/prweb/PRRestService/v1/rules/query?pxObjClass=Rule-HTML-Section&appliesTo=Rule-Application&pyRuleName=pzEdit&RequestClass=Rule-HTML-Section&RequestAppliesTo=Rule-Application&RequestRuleName=pzEdit Payload: "{\"RequestClass\":\"Rule-HTML-Section\",\"RequestAppliesTo\":\"Rule-Application\",\"RequestRuleName\":\"pzEdit\"}" => HTTP 404 (18 bytes)
[PegaHttpClient] 📡 POST https://zdk8budo.pegaacademy.net/prweb/api/CodeIntelligence/v1/rules/query?pxObjClass=Rule-HTML-Section&appliesTo=Rule-Application&pyRuleName=pyCollaborator&RequestClass=Rule-HTML-Section&RequestAppliesTo=Rule-Application&RequestRuleName=pyCollaborator Payload: "{\"RequestClass\":\"Rule-HTML-Section\",\"RequestAppliesTo\":\"Rule-Application\",\"RequestRuleName\":\"pyCollaborator\"}" => HTTP 404 (108 bytes)
[PegaHttpClient] 📡 POST https://zdk8budo.pegaacademy.net/prweb/PRRestService/CodeIntelligence/v1/rules/query?pxObjClass=Rule-HTML-Section&appliesTo=Rule-Application&pyRuleName=pyCollaborator&RequestClass=Rule-HTML-Section&RequestAppliesTo=Rule-Application&RequestRuleName=pyCollaborator Payload: "{\"RequestClass\":\"Rule-HTML-Section\",\"RequestAppliesTo\":\"Rule-Application\",\"RequestRuleName\":\"pyCollaborator\"}" => HTTP 404 (108 bytes)
[PegaHttpClient] 📡 POST https://zdk8budo.pegaacademy.net/prweb/api/HRAppsV2Service/V1/rules/query?pxObjClass=Rule-HTML-Section&appliesTo=Rule-Application&pyRuleName=pyCollaborator&RequestClass=Rule-HTML-Section&RequestAppliesTo=Rule-Application&RequestRuleName=pyCollaborator Payload: "{\"RequestClass\":\"Rule-HTML-Section\",\"RequestAppliesTo\":\"Rule-Application\",\"RequestRuleName\":\"pyCollaborator\"}" => HTTP 404 (18 bytes)
[PegaHttpClient] 📡 POST https://zdk8budo.pegaacademy.net/prweb/PRRestService/HRAppsV2Service/V1/rules/query?pxObjClass=Rule-HTML-Section&appliesTo=Rule-Application&pyRuleName=pyCollaborator&RequestClass=Rule-HTML-Section&RequestAppliesTo=Rule-Application&RequestRuleName=pyCollaborator Payload: "{\"RequestClass\":\"Rule-HTML-Section\",\"RequestAppliesTo\":\"Rule-Application\",\"RequestRuleName\":\"pyCollaborator\"}" => HTTP 404 (18 bytes)
[PegaHttpClient] 📡 POST https://zdk8budo.pegaacademy.net/prweb/api/HRAppsV2/V1/rules/query?pxObjClass=Rule-HTML-Section&appliesTo=Rule-Application&pyRuleName=pyCollaborator&RequestClass=Rule-HTML-Section&RequestAppliesTo=Rule-Application&RequestRuleName=pyCollaborator Payload: "{\"RequestClass\":\"Rule-HTML-Section\",\"RequestAppliesTo\":\"Rule-Application\",\"RequestRuleName\":\"pyCollaborator\"}" => HTTP 404 (18 bytes)
[PegaHttpClient] 📡 POST https://zdk8budo.pegaacademy.net/prweb/PRRestService/HRAppsV2/V1/rules/query?pxObjClass=Rule-HTML-Section&appliesTo=Rule-Application&pyRuleName=pyCollaborator&RequestClass=Rule-HTML-Section&RequestAppliesTo=Rule-Application&RequestRuleName=pyCollaborator Payload: "{\"RequestClass\":\"Rule-HTML-Section\",\"RequestAppliesTo\":\"Rule-Application\",\"RequestRuleName\":\"pyCollaborator\"}" => HTTP 404 (18 bytes)
[PegaHttpClient] 📡 POST https://zdk8budo.pegaacademy.net/prweb/api/v1/rules/query?pxObjClass=Rule-HTML-Section&appliesTo=Rule-Application&pyRuleName=pyCollaborator&RequestClass=Rule-HTML-Section&RequestAppliesTo=Rule-Application&RequestRuleName=pyCollaborator Payload: "{\"RequestClass\":\"Rule-HTML-Section\",\"RequestAppliesTo\":\"Rule-Application\",\"RequestRuleName\":\"pyCollaborator\"}" => HTTP 404 (18 bytes)
[PegaHttpClient] 📡 POST https://zdk8budo.pegaacademy.net/prweb/PRRestService/v1/rules/query?pxObjClass=Rule-HTML-Section&appliesTo=Rule-Application&pyRuleName=pyCollaborator&RequestClass=Rule-HTML-Section&RequestAppliesTo=Rule-Application&RequestRuleName=pyCollaborator Payload: "{\"RequestClass\":\"Rule-HTML-Section\",\"RequestAppliesTo\":\"Rule-Application\",\"RequestRuleName\":\"pyCollaborator\"}" => HTTP 404 (18 bytes)
[PegaHttpClient] 📡 POST https://zdk8budo.pegaacademy.net/prweb/api/CodeIntelligence/v1/rules/query?pxObjClass=Rule-HTML-Section&appliesTo=Rule-Application&pyRuleName=pzDisplayPartialCount&RequestClass=Rule-HTML-Section&RequestAppliesTo=Rule-Application&RequestRuleName=pzDisplayPartialCount Payload: "{\"RequestClass\":\"Rule-HTML-Section\",\"RequestAppliesTo\":\"Rule-Application\",\"RequestRuleName\":\"pzDisplayPartialCount\"}" => HTTP 404 (115 bytes)
[PegaHttpClient] 📡 POST https://zdk8budo.pegaacademy.net/prweb/PRRestService/CodeIntelligence/v1/rules/query?pxObjClass=Rule-HTML-Section&appliesTo=Rule-Application&pyRuleName=pzDisplayPartialCount&RequestClass=Rule-HTML-Section&RequestAppliesTo=Rule-Application&RequestRuleName=pzDisplayPartialCount Payload: "{\"RequestClass\":\"Rule-HTML-Section\",\"RequestAppliesTo\":\"Rule-Application\",\"RequestRuleName\":\"pzDisplayPartialCount\"}" => HTTP 404 (115 bytes)
[PegaHttpClient] 📡 POST https://zdk8budo.pegaacademy.net/prweb/api/HRAppsV2Service/V1/rules/query?pxObjClass=Rule-HTML-Section&appliesTo=Rule-Application&pyRuleName=pzDisplayPartialCount&RequestClass=Rule-HTML-Section&RequestAppliesTo=Rule-Application&RequestRuleName=pzDisplayPartialCount Payload: "{\"RequestClass\":\"Rule-HTML-Section\",\"RequestAppliesTo\":\"Rule-Application\",\"RequestRuleName\":\"pzDisplayPartialCount\"}" => HTTP 404 (18 bytes)
[PegaHttpClient] 📡 POST https://zdk8budo.pegaacademy.net/prweb/PRRestService/HRAppsV2Service/V1/rules/query?pxObjClass=Rule-HTML-Section&appliesTo=Rule-Application&pyRuleName=pzDisplayPartialCount&RequestClass=Rule-HTML-Section&RequestAppliesTo=Rule-Application&RequestRuleName=pzDisplayPartialCount Payload: "{\"RequestClass\":\"Rule-HTML-Section\",\"RequestAppliesTo\":\"Rule-Application\",\"RequestRuleName\":\"pzDisplayPartialCount\"}" => HTTP 404 (18 bytes)
[PegaHttpClient] 📡 POST https://zdk8budo.pegaacademy.net/prweb/api/HRAppsV2/V1/rules/query?pxObjClass=Rule-HTML-Section&appliesTo=Rule-Application&pyRuleName=pzDisplayPartialCount&RequestClass=Rule-HTML-Section&RequestAppliesTo=Rule-Application&RequestRuleName=pzDisplayPartialCount Payload: "{\"RequestClass\":\"Rule-HTML-Section\",\"RequestAppliesTo\":\"Rule-Application\",\"RequestRuleName\":\"pzDisplayPartialCount\"}" => HTTP 404 (18 bytes)
[PegaHttpClient] 📡 POST https://zdk8budo.pegaacademy.net/prweb/PRRestService/HRAppsV2/V1/rules/query?pxObjClass=Rule-HTML-Section&appliesTo=Rule-Application&pyRuleName=pzDisplayPartialCount&RequestClass=Rule-HTML-Section&RequestAppliesTo=Rule-Application&RequestRuleName=pzDisplayPartialCount Payload: "{\"RequestClass\":\"Rule-HTML-Section\",\"RequestAppliesTo\":\"Rule-Application\",\"RequestRuleName\":\"pzDisplayPartialCount\"}" => HTTP 404 (18 bytes)
[PegaHttpClient] 📡 POST https://zdk8budo.pegaacademy.net/prweb/api/v1/rules/query?pxObjClass=Rule-HTML-Section&appliesTo=Rule-Application&pyRuleName=pzDisplayPartialCount&RequestClass=Rule-HTML-Section&RequestAppliesTo=Rule-Application&RequestRuleName=pzDisplayPartialCount Payload: "{\"RequestClass\":\"Rule-HTML-Section\",\"RequestAppliesTo\":\"Rule-Application\",\"RequestRuleName\":\"pzDisplayPartialCount\"}" => HTTP 404 (18 bytes)
[PegaHttpClient] 📡 POST https://zdk8budo.pegaacademy.net/prweb/PRRestService/v1/rules/query?pxObjClass=Rule-HTML-Section&appliesTo=Rule-Application&pyRuleName=pzDisplayPartialCount&RequestClass=Rule-HTML-Section&RequestAppliesTo=Rule-Application&RequestRuleName=pzDisplayPartialCount Payload: "{\"RequestClass\":\"Rule-HTML-Section\",\"RequestAppliesTo\":\"Rule-Application\",\"RequestRuleName\":\"pzDisplayPartialCount\"}" => HTTP 404 (18 bytes)
[SchemaGen] ✅ Schema written for Rule-Application
[PegaHttpClient] 📡 GET https://zdk8budo.pegaacademy.net/prweb/api/CodeIntelligence/v1/rules/RULE-HTML-HARNESS%20RULE-FILE-TEXT%20RULEFORM%20%2320250214T134803.509%20GMT => HTTP 200 (34297 bytes)
[PegaHttpClient] 📡 POST https://zdk8budo.pegaacademy.net/prweb/api/CodeIntelligence/v1/rules/query?pxObjClass=Rule-HTML-Section&appliesTo=Rule-File-Text&pyRuleName=RuleFormMain&RequestClass=Rule-HTML-Section&RequestAppliesTo=Rule-File-Text&RequestRuleName=RuleFormMain Payload: "{\"RequestClass\":\"Rule-HTML-Section\",\"RequestAppliesTo\":\"Rule-File-Text\",\"RequestRuleName\":\"RuleFormMain\"}" => HTTP 200 (156234 bytes)
[PegaHttpClient] 📡 POST https://zdk8budo.pegaacademy.net/prweb/api/CodeIntelligence/v1/rules/query?pxObjClass=Rule-HTML-Section&appliesTo=Rule-File-Text&pyRuleName=pxAlternateRuleForm&RequestClass=Rule-HTML-Section&RequestAppliesTo=Rule-File-Text&RequestRuleName=pxAlternateRuleForm Payload: "{\"RequestClass\":\"Rule-HTML-Section\",\"RequestAppliesTo\":\"Rule-File-Text\",\"RequestRuleName\":\"pxAlternateRuleForm\"}" => HTTP 200 (66153 bytes)
[PegaHttpClient] 📡 POST https://zdk8budo.pegaacademy.net/prweb/api/CodeIntelligence/v1/rules/query?pxObjClass=Rule-HTML-Section&appliesTo=Rule-File-Text&pyRuleName=pzRuleFormScripts&RequestClass=Rule-HTML-Section&RequestAppliesTo=Rule-File-Text&RequestRuleName=pzRuleFormScripts Payload: "{\"RequestClass\":\"Rule-HTML-Section\",\"RequestAppliesTo\":\"Rule-File-Text\",\"RequestRuleName\":\"pzRuleFormScripts\"}" => HTTP 200 (40822 bytes)
[PegaHttpClient] 📡 POST https://zdk8budo.pegaacademy.net/prweb/api/CodeIntelligence/v1/rules/query?pxObjClass=Rule-HTML-Section&appliesTo=Rule-File-Text&pyRuleName=pzRuleFormLayoutDelegated&RequestClass=Rule-HTML-Section&RequestAppliesTo=Rule-File-Text&RequestRuleName=pzRuleFormLayoutDelegated Payload: "{\"RequestClass\":\"Rule-HTML-Section\",\"RequestAppliesTo\":\"Rule-File-Text\",\"RequestRuleName\":\"pzRuleFormLayoutDelegated\"}" => HTTP 200 (70998 bytes)
[PegaHttpClient] 📡 POST https://zdk8budo.pegaacademy.net/prweb/api/CodeIntelligence/v1/rules/query?pxObjClass=Rule-HTML-Section&appliesTo=Rule-File-Text&pyRuleName=RuleFormLayout&RequestClass=Rule-HTML-Section&RequestAppliesTo=Rule-File-Text&RequestRuleName=RuleFormLayout Payload: "{\"RequestClass\":\"Rule-HTML-Section\",\"RequestAppliesTo\":\"Rule-File-Text\",\"RequestRuleName\":\"RuleFormLayout\"}" => HTTP 200 (116135 bytes)
[PegaHttpClient] 📡 POST https://zdk8budo.pegaacademy.net/prweb/api/CodeIntelligence/v1/rules/query?pxObjClass=Rule-HTML-Section&appliesTo=Rule-File-Text&pyRuleName=RuleFormSettings&RequestClass=Rule-HTML-Section&RequestAppliesTo=Rule-File-Text&RequestRuleName=RuleFormSettings Payload: "{\"RequestClass\":\"Rule-HTML-Section\",\"RequestAppliesTo\":\"Rule-File-Text\",\"RequestRuleName\":\"RuleFormSettings\"}" => HTTP 200 (20540 bytes)
[PegaHttpClient] 📡 POST https://zdk8budo.pegaacademy.net/prweb/api/CodeIntelligence/v1/rules/query?pxObjClass=Rule-HTML-Section&appliesTo=Rule-File-Text&pyRuleName=OpenAuthoring&RequestClass=Rule-HTML-Section&RequestAppliesTo=Rule-File-Text&RequestRuleName=OpenAuthoring Payload: "{\"RequestClass\":\"Rule-HTML-Section\",\"RequestAppliesTo\":\"Rule-File-Text\",\"RequestRuleName\":\"OpenAuthoring\"}" => HTTP 200 (23695 bytes)
[PegaHttpClient] 📡 POST https://zdk8budo.pegaacademy.net/prweb/api/CodeIntelligence/v1/rules/query?pxObjClass=Rule-HTML-Section&appliesTo=Rule-File-Text&pyRuleName=pyCustomHelp&RequestClass=Rule-HTML-Section&RequestAppliesTo=Rule-File-Text&RequestRuleName=pyCustomHelp Payload: "{\"RequestClass\":\"Rule-HTML-Section\",\"RequestAppliesTo\":\"Rule-File-Text\",\"RequestRuleName\":\"pyCustomHelp\"}" => HTTP 200 (17256 bytes)
[PegaHttpClient] 📡 POST https://zdk8budo.pegaacademy.net/prweb/api/CodeIntelligence/v1/rules/query?pxObjClass=Rule-HTML-Section&appliesTo=Rule-File-Text&pyRuleName=pzRuleformMainInclude&RequestClass=Rule-HTML-Section&RequestAppliesTo=Rule-File-Text&RequestRuleName=pzRuleformMainInclude Payload: "{\"RequestClass\":\"Rule-HTML-Section\",\"RequestAppliesTo\":\"Rule-File-Text\",\"RequestRuleName\":\"pzRuleformMainInclude\"}" => HTTP 200 (22375 bytes)
[PegaHttpClient] 📡 POST https://zdk8budo.pegaacademy.net/prweb/api/CodeIntelligence/v1/rules/query?pxObjClass=Rule-HTML-Section&appliesTo=Rule-File-Text&pyRuleName=pyAlternativeRuleFormStrategicAppExtension&RequestClass=Rule-HTML-Section&RequestAppliesTo=Rule-File-Text&RequestRuleName=pyAlternativeRuleFormStrategicAppExtension Payload: "{\"RequestClass\":\"Rule-HTML-Section\",\"RequestAppliesTo\":\"Rule-File-Text\",\"RequestRuleName\":\"pyAlternativeRuleFormStrategicAppExtension\"}" => HTTP 200 (25042 bytes)
[PegaHttpClient] 📡 POST https://zdk8budo.pegaacademy.net/prweb/api/CodeIntelligence/v1/rules/query?pxObjClass=Rule-HTML-Section&appliesTo=Rule-File-Text&pyRuleName=pyAlternativeRuleFormExtension&RequestClass=Rule-HTML-Section&RequestAppliesTo=Rule-File-Text&RequestRuleName=pyAlternativeRuleFormExtension Payload: "{\"RequestClass\":\"Rule-HTML-Section\",\"RequestAppliesTo\":\"Rule-File-Text\",\"RequestRuleName\":\"pyAlternativeRuleFormExtension\"}" => HTTP 200 (24863 bytes)
[PegaHttpClient] 📡 POST https://zdk8budo.pegaacademy.net/prweb/api/CodeIntelligence/v1/rules/query?pxObjClass=Rule-HTML-Section&appliesTo=Rule-File-Text&pyRuleName=RuleFormHeader&RequestClass=Rule-HTML-Section&RequestAppliesTo=Rule-File-Text&RequestRuleName=RuleFormHeader Payload: "{\"RequestClass\":\"Rule-HTML-Section\",\"RequestAppliesTo\":\"Rule-File-Text\",\"RequestRuleName\":\"RuleFormHeader\"}" => HTTP 200 (183800 bytes)
[PegaHttpClient] 📡 POST https://zdk8budo.pegaacademy.net/prweb/api/CodeIntelligence/v1/rules/query?pxObjClass=Rule-HTML-Section&appliesTo=Rule-File-Text&pyRuleName=pzDelegationExperience&RequestClass=Rule-HTML-Section&RequestAppliesTo=Rule-File-Text&RequestRuleName=pzDelegationExperience Payload: "{\"RequestClass\":\"Rule-HTML-Section\",\"RequestAppliesTo\":\"Rule-File-Text\",\"RequestRuleName\":\"pzDelegationExperience\"}" => HTTP 404 (114 bytes)
[PegaHttpClient] 📡 POST https://zdk8budo.pegaacademy.net/prweb/PRRestService/CodeIntelligence/v1/rules/query?pxObjClass=Rule-HTML-Section&appliesTo=Rule-File-Text&pyRuleName=pzDelegationExperience&RequestClass=Rule-HTML-Section&RequestAppliesTo=Rule-File-Text&RequestRuleName=pzDelegationExperience Payload: "{\"RequestClass\":\"Rule-HTML-Section\",\"RequestAppliesTo\":\"Rule-File-Text\",\"RequestRuleName\":\"pzDelegationExperience\"}" => HTTP 404 (114 bytes)
[PegaHttpClient] 📡 POST https://zdk8budo.pegaacademy.net/prweb/api/HRAppsV2Service/V1/rules/query?pxObjClass=Rule-HTML-Section&appliesTo=Rule-File-Text&pyRuleName=pzDelegationExperience&RequestClass=Rule-HTML-Section&RequestAppliesTo=Rule-File-Text&RequestRuleName=pzDelegationExperience Payload: "{\"RequestClass\":\"Rule-HTML-Section\",\"RequestAppliesTo\":\"Rule-File-Text\",\"RequestRuleName\":\"pzDelegationExperience\"}" => HTTP 404 (18 bytes)
[PegaHttpClient] 📡 POST https://zdk8budo.pegaacademy.net/prweb/PRRestService/HRAppsV2Service/V1/rules/query?pxObjClass=Rule-HTML-Section&appliesTo=Rule-File-Text&pyRuleName=pzDelegationExperience&RequestClass=Rule-HTML-Section&RequestAppliesTo=Rule-File-Text&RequestRuleName=pzDelegationExperience Payload: "{\"RequestClass\":\"Rule-HTML-Section\",\"RequestAppliesTo\":\"Rule-File-Text\",\"RequestRuleName\":\"pzDelegationExperience\"}" => HTTP 404 (18 bytes)
[PegaHttpClient] 📡 POST https://zdk8budo.pegaacademy.net/prweb/api/HRAppsV2/V1/rules/query?pxObjClass=Rule-HTML-Section&appliesTo=Rule-File-Text&pyRuleName=pzDelegationExperience&RequestClass=Rule-HTML-Section&RequestAppliesTo=Rule-File-Text&RequestRuleName=pzDelegationExperience Payload: "{\"RequestClass\":\"Rule-HTML-Section\",\"RequestAppliesTo\":\"Rule-File-Text\",\"RequestRuleName\":\"pzDelegationExperience\"}" => HTTP 404 (18 bytes)
[PegaHttpClient] 📡 POST https://zdk8budo.pegaacademy.net/prweb/PRRestService/HRAppsV2/V1/rules/query?pxObjClass=Rule-HTML-Section&appliesTo=Rule-File-Text&pyRuleName=pzDelegationExperience&RequestClass=Rule-HTML-Section&RequestAppliesTo=Rule-File-Text&RequestRuleName=pzDelegationExperience Payload: "{\"RequestClass\":\"Rule-HTML-Section\",\"RequestAppliesTo\":\"Rule-File-Text\",\"RequestRuleName\":\"pzDelegationExperience\"}" => HTTP 404 (18 bytes)
[PegaHttpClient] 📡 POST https://zdk8budo.pegaacademy.net/prweb/api/v1/rules/query?pxObjClass=Rule-HTML-Section&appliesTo=Rule-File-Text&pyRuleName=pzDelegationExperience&RequestClass=Rule-HTML-Section&RequestAppliesTo=Rule-File-Text&RequestRuleName=pzDelegationExperience Payload: "{\"RequestClass\":\"Rule-HTML-Section\",\"RequestAppliesTo\":\"Rule-File-Text\",\"RequestRuleName\":\"pzDelegationExperience\"}" => HTTP 404 (18 bytes)
[PegaHttpClient] 📡 POST https://zdk8budo.pegaacademy.net/prweb/PRRestService/v1/rules/query?pxObjClass=Rule-HTML-Section&appliesTo=Rule-File-Text&pyRuleName=pzDelegationExperience&RequestClass=Rule-HTML-Section&RequestAppliesTo=Rule-File-Text&RequestRuleName=pzDelegationExperience Payload: "{\"RequestClass\":\"Rule-HTML-Section\",\"RequestAppliesTo\":\"Rule-File-Text\",\"RequestRuleName\":\"pzDelegationExperience\"}" => HTTP 404 (18 bytes)
[PegaHttpClient] 📡 POST https://zdk8budo.pegaacademy.net/prweb/api/CodeIntelligence/v1/rules/query?pxObjClass=Rule-HTML-Section&appliesTo=Rule-File-Text&pyRuleName=Main&RequestClass=Rule-HTML-Section&RequestAppliesTo=Rule-File-Text&RequestRuleName=Main Payload: "{\"RequestClass\":\"Rule-HTML-Section\",\"RequestAppliesTo\":\"Rule-File-Text\",\"RequestRuleName\":\"Main\"}" => HTTP 200 (196537 bytes)
[PegaHttpClient] 📡 POST https://zdk8budo.pegaacademy.net/prweb/api/CodeIntelligence/v1/rules/query?pxObjClass=Rule-HTML-Section&appliesTo=Rule-File-Text&pyRuleName=pzRFTJSUT&RequestClass=Rule-HTML-Section&RequestAppliesTo=Rule-File-Text&RequestRuleName=pzRFTJSUT Payload: "{\"RequestClass\":\"Rule-HTML-Section\",\"RequestAppliesTo\":\"Rule-File-Text\",\"RequestRuleName\":\"pzRFTJSUT\"}" => HTTP 200 (45211 bytes)
[PegaHttpClient] 📡 POST https://zdk8budo.pegaacademy.net/prweb/api/CodeIntelligence/v1/rules/query?pxObjClass=Rule-HTML-Section&appliesTo=Rule-File-Text&pyRuleName=pzJSTransformations&RequestClass=Rule-HTML-Section&RequestAppliesTo=Rule-File-Text&RequestRuleName=pzJSTransformations Payload: "{\"RequestClass\":\"Rule-HTML-Section\",\"RequestAppliesTo\":\"Rule-File-Text\",\"RequestRuleName\":\"pzJSTransformations\"}" => HTTP 200 (171720 bytes)
[PegaHttpClient] 📡 POST https://zdk8budo.pegaacademy.net/prweb/api/CodeIntelligence/v1/rules/query?pxObjClass=Rule-HTML-Section&appliesTo=Rule-File-Text&pyRuleName=pzSpecifications&RequestClass=Rule-HTML-Section&RequestAppliesTo=Rule-File-Text&RequestRuleName=pzSpecifications Payload: "{\"RequestClass\":\"Rule-HTML-Section\",\"RequestAppliesTo\":\"Rule-File-Text\",\"RequestRuleName\":\"pzSpecifications\"}" => HTTP 200 (16577 bytes)
[PegaHttpClient] 📡 POST https://zdk8budo.pegaacademy.net/prweb/api/CodeIntelligence/v1/rules/query?pxObjClass=Rule-HTML-Section&appliesTo=Rule-File-Text&pyRuleName=pyDependencies&RequestClass=Rule-HTML-Section&RequestAppliesTo=Rule-File-Text&RequestRuleName=pyDependencies Payload: "{\"RequestClass\":\"Rule-HTML-Section\",\"RequestAppliesTo\":\"Rule-File-Text\",\"RequestRuleName\":\"pyDependencies\"}" => HTTP 200 (122356 bytes)
[PegaHttpClient] 📡 POST https://zdk8budo.pegaacademy.net/prweb/api/CodeIntelligence/v1/rules/query?pxObjClass=Rule-HTML-Section&appliesTo=Rule-File-Text&pyRuleName=RuleFormHistory&RequestClass=Rule-HTML-Section&RequestAppliesTo=Rule-File-Text&RequestRuleName=RuleFormHistory Payload: "{\"RequestClass\":\"Rule-HTML-Section\",\"RequestAppliesTo\":\"Rule-File-Text\",\"RequestRuleName\":\"RuleFormHistory\"}" => HTTP 200 (76091 bytes)
[PegaHttpClient] 📡 POST https://zdk8budo.pegaacademy.net/prweb/api/CodeIntelligence/v1/rules/query?pxObjClass=Rule-HTML-Section&appliesTo=Rule-File-Text&pyRuleName=pzCustomHelp&RequestClass=Rule-HTML-Section&RequestAppliesTo=Rule-File-Text&RequestRuleName=pzCustomHelp Payload: "{\"RequestClass\":\"Rule-HTML-Section\",\"RequestAppliesTo\":\"Rule-File-Text\",\"RequestRuleName\":\"pzCustomHelp\"}" => HTTP 200 (31573 bytes)
[PegaHttpClient] 📡 POST https://zdk8budo.pegaacademy.net/prweb/api/CodeIntelligence/v1/rules/query?pxObjClass=Rule-HTML-Section&appliesTo=Rule-File-Text&pyRuleName=pzRuleFormKeysAndDescription&RequestClass=Rule-HTML-Section&RequestAppliesTo=Rule-File-Text&RequestRuleName=pzRuleFormKeysAndDescription Payload: "{\"RequestClass\":\"Rule-HTML-Section\",\"RequestAppliesTo\":\"Rule-File-Text\",\"RequestRuleName\":\"pzRuleFormKeysAndDescription\"}" => HTTP 200 (218057 bytes)
[PegaHttpClient] 📡 POST https://zdk8budo.pegaacademy.net/prweb/api/CodeIntelligence/v1/rules/query?pxObjClass=Rule-HTML-Section&appliesTo=Rule-File-Text&pyRuleName=pzRuleFormRuleset&RequestClass=Rule-HTML-Section&RequestAppliesTo=Rule-File-Text&RequestRuleName=pzRuleFormRuleset Payload: "{\"RequestClass\":\"Rule-HTML-Section\",\"RequestAppliesTo\":\"Rule-File-Text\",\"RequestRuleName\":\"pzRuleFormRuleset\"}" => HTTP 200 (33985 bytes)
[PegaHttpClient] 📡 POST https://zdk8budo.pegaacademy.net/prweb/api/CodeIntelligence/v1/rules/query?pxObjClass=Rule-HTML-Section&appliesTo=Rule-File-Text&pyRuleName=undefined&RequestClass=Rule-HTML-Section&RequestAppliesTo=Rule-File-Text&RequestRuleName=undefined Payload: "{\"RequestClass\":\"Rule-HTML-Section\",\"RequestAppliesTo\":\"Rule-File-Text\",\"RequestRuleName\":\"undefined\"}" => HTTP 404 (101 bytes)
[PegaHttpClient] 📡 POST https://zdk8budo.pegaacademy.net/prweb/PRRestService/CodeIntelligence/v1/rules/query?pxObjClass=Rule-HTML-Section&appliesTo=Rule-File-Text&pyRuleName=undefined&RequestClass=Rule-HTML-Section&RequestAppliesTo=Rule-File-Text&RequestRuleName=undefined Payload: "{\"RequestClass\":\"Rule-HTML-Section\",\"RequestAppliesTo\":\"Rule-File-Text\",\"RequestRuleName\":\"undefined\"}" => HTTP 404 (101 bytes)
[PegaHttpClient] 📡 POST https://zdk8budo.pegaacademy.net/prweb/api/HRAppsV2Service/V1/rules/query?pxObjClass=Rule-HTML-Section&appliesTo=Rule-File-Text&pyRuleName=undefined&RequestClass=Rule-HTML-Section&RequestAppliesTo=Rule-File-Text&RequestRuleName=undefined Payload: "{\"RequestClass\":\"Rule-HTML-Section\",\"RequestAppliesTo\":\"Rule-File-Text\",\"RequestRuleName\":\"undefined\"}" => HTTP 404 (18 bytes)
[PegaHttpClient] 📡 POST https://zdk8budo.pegaacademy.net/prweb/PRRestService/HRAppsV2Service/V1/rules/query?pxObjClass=Rule-HTML-Section&appliesTo=Rule-File-Text&pyRuleName=undefined&RequestClass=Rule-HTML-Section&RequestAppliesTo=Rule-File-Text&RequestRuleName=undefined Payload: "{\"RequestClass\":\"Rule-HTML-Section\",\"RequestAppliesTo\":\"Rule-File-Text\",\"RequestRuleName\":\"undefined\"}" => HTTP 404 (18 bytes)
[PegaHttpClient] 📡 POST https://zdk8budo.pegaacademy.net/prweb/api/HRAppsV2/V1/rules/query?pxObjClass=Rule-HTML-Section&appliesTo=Rule-File-Text&pyRuleName=undefined&RequestClass=Rule-HTML-Section&RequestAppliesTo=Rule-File-Text&RequestRuleName=undefined Payload: "{\"RequestClass\":\"Rule-HTML-Section\",\"RequestAppliesTo\":\"Rule-File-Text\",\"RequestRuleName\":\"undefined\"}" => HTTP 404 (18 bytes)
[PegaHttpClient] 📡 POST https://zdk8budo.pegaacademy.net/prweb/PRRestService/HRAppsV2/V1/rules/query?pxObjClass=Rule-HTML-Section&appliesTo=Rule-File-Text&pyRuleName=undefined&RequestClass=Rule-HTML-Section&RequestAppliesTo=Rule-File-Text&RequestRuleName=undefined Payload: "{\"RequestClass\":\"Rule-HTML-Section\",\"RequestAppliesTo\":\"Rule-File-Text\",\"RequestRuleName\":\"undefined\"}" => HTTP 404 (18 bytes)
[PegaHttpClient] 📡 POST https://zdk8budo.pegaacademy.net/prweb/api/v1/rules/query?pxObjClass=Rule-HTML-Section&appliesTo=Rule-File-Text&pyRuleName=undefined&RequestClass=Rule-HTML-Section&RequestAppliesTo=Rule-File-Text&RequestRuleName=undefined Payload: "{\"RequestClass\":\"Rule-HTML-Section\",\"RequestAppliesTo\":\"Rule-File-Text\",\"RequestRuleName\":\"undefined\"}" => HTTP 404 (18 bytes)
[PegaHttpClient] 📡 POST https://zdk8budo.pegaacademy.net/prweb/PRRestService/v1/rules/query?pxObjClass=Rule-HTML-Section&appliesTo=Rule-File-Text&pyRuleName=undefined&RequestClass=Rule-HTML-Section&RequestAppliesTo=Rule-File-Text&RequestRuleName=undefined Payload: "{\"RequestClass\":\"Rule-HTML-Section\",\"RequestAppliesTo\":\"Rule-File-Text\",\"RequestRuleName\":\"undefined\"}" => HTTP 404 (18 bytes)
[PegaHttpClient] 📡 POST https://zdk8budo.pegaacademy.net/prweb/api/CodeIntelligence/v1/rules/query?pxObjClass=Rule-HTML-Section&appliesTo=Rule-File-Text&pyRuleName=pzRuleFormToolbar&RequestClass=Rule-HTML-Section&RequestAppliesTo=Rule-File-Text&RequestRuleName=pzRuleFormToolbar Payload: "{\"RequestClass\":\"Rule-HTML-Section\",\"RequestAppliesTo\":\"Rule-File-Text\",\"RequestRuleName\":\"pzRuleFormToolbar\"}" => HTTP 200 (242691 bytes)
[PegaHttpClient] 📡 POST https://zdk8budo.pegaacademy.net/prweb/api/CodeIntelligence/v1/rules/query?pxObjClass=Rule-HTML-Section&appliesTo=Rule-File-Text&pyRuleName=pzRuleFormToolbarCompare&RequestClass=Rule-HTML-Section&RequestAppliesTo=Rule-File-Text&RequestRuleName=pzRuleFormToolbarCompare Payload: "{\"RequestClass\":\"Rule-HTML-Section\",\"RequestAppliesTo\":\"Rule-File-Text\",\"RequestRuleName\":\"pzRuleFormToolbarCompare\"}" => HTTP 200 (61925 bytes)
[PegaHttpClient] 📡 POST https://zdk8budo.pegaacademy.net/prweb/api/CodeIntelligence/v1/rules/query?pxObjClass=Rule-HTML-Section&appliesTo=Rule-File-Text&pyRuleName=RuleFormHeaderMessages&RequestClass=Rule-HTML-Section&RequestAppliesTo=Rule-File-Text&RequestRuleName=RuleFormHeaderMessages Payload: "{\"RequestClass\":\"Rule-HTML-Section\",\"RequestAppliesTo\":\"Rule-File-Text\",\"RequestRuleName\":\"RuleFormHeaderMessages\"}" => HTTP 200 (26518 bytes)
[PegaHttpClient] 📡 POST https://zdk8budo.pegaacademy.net/prweb/api/CodeIntelligence/v1/rules/query?pxObjClass=Rule-HTML-Section&appliesTo=Rule-File-Text&pyRuleName=pzFileSource&RequestClass=Rule-HTML-Section&RequestAppliesTo=Rule-File-Text&RequestRuleName=pzFileSource Payload: "{\"RequestClass\":\"Rule-HTML-Section\",\"RequestAppliesTo\":\"Rule-File-Text\",\"RequestRuleName\":\"pzFileSource\"}" => HTTP 200 (171189 bytes)
[PegaHttpClient] 📡 POST https://zdk8budo.pegaacademy.net/prweb/api/CodeIntelligence/v1/rules/query?pxObjClass=Rule-HTML-Section&appliesTo=Rule-File-Text&pyRuleName=pzRFTJSUTGrid&RequestClass=Rule-HTML-Section&RequestAppliesTo=Rule-File-Text&RequestRuleName=pzRFTJSUTGrid Payload: "{\"RequestClass\":\"Rule-HTML-Section\",\"RequestAppliesTo\":\"Rule-File-Text\",\"RequestRuleName\":\"pzRFTJSUTGrid\"}" => HTTP 200 (92547 bytes)
[PegaHttpClient] 📡 POST https://zdk8budo.pegaacademy.net/prweb/api/CodeIntelligence/v1/rules/query?pxObjClass=Rule-HTML-Section&appliesTo=Rule-File-Text&pyRuleName=pzBabelJSInclude&RequestClass=Rule-HTML-Section&RequestAppliesTo=Rule-File-Text&RequestRuleName=pzBabelJSInclude Payload: "{\"RequestClass\":\"Rule-HTML-Section\",\"RequestAppliesTo\":\"Rule-File-Text\",\"RequestRuleName\":\"pzBabelJSInclude\"}" => HTTP 200 (16376 bytes)
[PegaHttpClient] 📡 POST https://zdk8budo.pegaacademy.net/prweb/api/CodeIntelligence/v1/rules/query?pxObjClass=Rule-HTML-Section&appliesTo=Rule-File-Text&pyRuleName=pzGeneralSection&RequestClass=Rule-HTML-Section&RequestAppliesTo=Rule-File-Text&RequestRuleName=pzGeneralSection Payload: "{\"RequestClass\":\"Rule-HTML-Section\",\"RequestAppliesTo\":\"Rule-File-Text\",\"RequestRuleName\":\"pzGeneralSection\"}" => HTTP 200 (15414 bytes)
[PegaHttpClient] 📡 POST https://zdk8budo.pegaacademy.net/prweb/api/CodeIntelligence/v1/rules/query?pxObjClass=Rule-HTML-Section&appliesTo=Rule-File-Text&pyRuleName=pzWhiteListSection&RequestClass=Rule-HTML-Section&RequestAppliesTo=Rule-File-Text&RequestRuleName=pzWhiteListSection Payload: "{\"RequestClass\":\"Rule-HTML-Section\",\"RequestAppliesTo\":\"Rule-File-Text\",\"RequestRuleName\":\"pzWhiteListSection\"}" => HTTP 200 (15398 bytes)
[PegaHttpClient] 📡 POST https://zdk8budo.pegaacademy.net/prweb/api/CodeIntelligence/v1/rules/query?pxObjClass=Rule-HTML-Section&appliesTo=Rule-File-Text&pyRuleName=pzBlackListSection&RequestClass=Rule-HTML-Section&RequestAppliesTo=Rule-File-Text&RequestRuleName=pzBlackListSection Payload: "{\"RequestClass\":\"Rule-HTML-Section\",\"RequestAppliesTo\":\"Rule-File-Text\",\"RequestRuleName\":\"pzBlackListSection\"}" => HTTP 200 (15662 bytes)
[PegaHttpClient] 📡 POST https://zdk8budo.pegaacademy.net/prweb/api/CodeIntelligence/v1/rules/query?pxObjClass=Rule-HTML-Section&appliesTo=Rule-File-Text&pyRuleName=pzSpecificationsInner&RequestClass=Rule-HTML-Section&RequestAppliesTo=Rule-File-Text&RequestRuleName=pzSpecificationsInner Payload: "{\"RequestClass\":\"Rule-HTML-Section\",\"RequestAppliesTo\":\"Rule-File-Text\",\"RequestRuleName\":\"pzSpecificationsInner\"}" => HTTP 200 (142370 bytes)
[PegaHttpClient] 📡 POST https://zdk8budo.pegaacademy.net/prweb/api/CodeIntelligence/v1/rules/query?pxObjClass=Rule-HTML-Section&appliesTo=Rule-File-Text&pyRuleName=pzAlternateRuleInfo&RequestClass=Rule-HTML-Section&RequestAppliesTo=Rule-File-Text&RequestRuleName=pzAlternateRuleInfo Payload: "{\"RequestClass\":\"Rule-HTML-Section\",\"RequestAppliesTo\":\"Rule-File-Text\",\"RequestRuleName\":\"pzAlternateRuleInfo\"}" => HTTP 200 (140407 bytes)
[PegaHttpClient] 📡 POST https://zdk8budo.pegaacademy.net/prweb/api/CodeIntelligence/v1/rules/query?pxObjClass=Rule-HTML-Section&appliesTo=Rule-File-Text&pyRuleName=RuleFormHistory_Description&RequestClass=Rule-HTML-Section&RequestAppliesTo=Rule-File-Text&RequestRuleName=RuleFormHistory_Description Payload: "{\"RequestClass\":\"Rule-HTML-Section\",\"RequestAppliesTo\":\"Rule-File-Text\",\"RequestRuleName\":\"RuleFormHistory_Description\"}" => HTTP 200 (46242 bytes)
[PegaHttpClient] 📡 POST https://zdk8budo.pegaacademy.net/prweb/api/CodeIntelligence/v1/rules/query?pxObjClass=Rule-HTML-Section&appliesTo=Rule-File-Text&pyRuleName=RuleFormHistory_CustomFields&RequestClass=Rule-HTML-Section&RequestAppliesTo=Rule-File-Text&RequestRuleName=RuleFormHistory_CustomFields Payload: "{\"RequestClass\":\"Rule-HTML-Section\",\"RequestAppliesTo\":\"Rule-File-Text\",\"RequestRuleName\":\"RuleFormHistory_CustomFields\"}" => HTTP 200 (75856 bytes)
[PegaHttpClient] 📡 POST https://zdk8budo.pegaacademy.net/prweb/api/CodeIntelligence/v1/rules/query?pxObjClass=Rule-HTML-Section&appliesTo=Rule-File-Text&pyRuleName=RuleFormHistory_HistoryDetails&RequestClass=Rule-HTML-Section&RequestAppliesTo=Rule-File-Text&RequestRuleName=RuleFormHistory_HistoryDetails Payload: "{\"RequestClass\":\"Rule-HTML-Section\",\"RequestAppliesTo\":\"Rule-File-Text\",\"RequestRuleName\":\"RuleFormHistory_HistoryDetails\"}" => HTTP 200 (179535 bytes)
[PegaHttpClient] 📡 POST https://zdk8budo.pegaacademy.net/prweb/api/CodeIntelligence/v1/rules/query?pxObjClass=Rule-HTML-Section&appliesTo=Rule-File-Text&pyRuleName=pzRuleFormStatus&RequestClass=Rule-HTML-Section&RequestAppliesTo=Rule-File-Text&RequestRuleName=pzRuleFormStatus Payload: "{\"RequestClass\":\"Rule-HTML-Section\",\"RequestAppliesTo\":\"Rule-File-Text\",\"RequestRuleName\":\"pzRuleFormStatus\"}" => HTTP 200 (97627 bytes)
[PegaHttpClient] 📡 POST https://zdk8budo.pegaacademy.net/prweb/api/CodeIntelligence/v1/rules/query?pxObjClass=Rule-HTML-Section&appliesTo=Rule-File-Text&pyRuleName=pzRuleFormHeaderCompareWithDropDown&RequestClass=Rule-HTML-Section&RequestAppliesTo=Rule-File-Text&RequestRuleName=pzRuleFormHeaderCompareWithDropDown Payload: "{\"RequestClass\":\"Rule-HTML-Section\",\"RequestAppliesTo\":\"Rule-File-Text\",\"RequestRuleName\":\"pzRuleFormHeaderCompareWithDropDown\"}" => HTTP 200 (25396 bytes)
[PegaHttpClient] 📡 POST https://zdk8budo.pegaacademy.net/prweb/api/CodeIntelligence/v1/rules/query?pxObjClass=Rule-HTML-Section&appliesTo=Rule-File-Text&pyRuleName=undefined&RequestClass=Rule-HTML-Section&RequestAppliesTo=Rule-File-Text&RequestRuleName=undefined Payload: "{\"RequestClass\":\"Rule-HTML-Section\",\"RequestAppliesTo\":\"Rule-File-Text\",\"RequestRuleName\":\"undefined\"}" => HTTP 404 (101 bytes)
[PegaHttpClient] 📡 POST https://zdk8budo.pegaacademy.net/prweb/PRRestService/CodeIntelligence/v1/rules/query?pxObjClass=Rule-HTML-Section&appliesTo=Rule-File-Text&pyRuleName=undefined&RequestClass=Rule-HTML-Section&RequestAppliesTo=Rule-File-Text&RequestRuleName=undefined Payload: "{\"RequestClass\":\"Rule-HTML-Section\",\"RequestAppliesTo\":\"Rule-File-Text\",\"RequestRuleName\":\"undefined\"}" => HTTP 404 (101 bytes)
[PegaHttpClient] 📡 POST https://zdk8budo.pegaacademy.net/prweb/api/HRAppsV2Service/V1/rules/query?pxObjClass=Rule-HTML-Section&appliesTo=Rule-File-Text&pyRuleName=undefined&RequestClass=Rule-HTML-Section&RequestAppliesTo=Rule-File-Text&RequestRuleName=undefined Payload: "{\"RequestClass\":\"Rule-HTML-Section\",\"RequestAppliesTo\":\"Rule-File-Text\",\"RequestRuleName\":\"undefined\"}" => HTTP 404 (18 bytes)
[PegaHttpClient] 📡 POST https://zdk8budo.pegaacademy.net/prweb/PRRestService/HRAppsV2Service/V1/rules/query?pxObjClass=Rule-HTML-Section&appliesTo=Rule-File-Text&pyRuleName=undefined&RequestClass=Rule-HTML-Section&RequestAppliesTo=Rule-File-Text&RequestRuleName=undefined Payload: "{\"RequestClass\":\"Rule-HTML-Section\",\"RequestAppliesTo\":\"Rule-File-Text\",\"RequestRuleName\":\"undefined\"}" => HTTP 404 (18 bytes)
[PegaHttpClient] 📡 POST https://zdk8budo.pegaacademy.net/prweb/api/HRAppsV2/V1/rules/query?pxObjClass=Rule-HTML-Section&appliesTo=Rule-File-Text&pyRuleName=undefined&RequestClass=Rule-HTML-Section&RequestAppliesTo=Rule-File-Text&RequestRuleName=undefined Payload: "{\"RequestClass\":\"Rule-HTML-Section\",\"RequestAppliesTo\":\"Rule-File-Text\",\"RequestRuleName\":\"undefined\"}" => HTTP 404 (18 bytes)
[PegaHttpClient] 📡 POST https://zdk8budo.pegaacademy.net/prweb/PRRestService/HRAppsV2/V1/rules/query?pxObjClass=Rule-HTML-Section&appliesTo=Rule-File-Text&pyRuleName=undefined&RequestClass=Rule-HTML-Section&RequestAppliesTo=Rule-File-Text&RequestRuleName=undefined Payload: "{\"RequestClass\":\"Rule-HTML-Section\",\"RequestAppliesTo\":\"Rule-File-Text\",\"RequestRuleName\":\"undefined\"}" => HTTP 404 (18 bytes)
[PegaHttpClient] 📡 POST https://zdk8budo.pegaacademy.net/prweb/api/v1/rules/query?pxObjClass=Rule-HTML-Section&appliesTo=Rule-File-Text&pyRuleName=undefined&RequestClass=Rule-HTML-Section&RequestAppliesTo=Rule-File-Text&RequestRuleName=undefined Payload: "{\"RequestClass\":\"Rule-HTML-Section\",\"RequestAppliesTo\":\"Rule-File-Text\",\"RequestRuleName\":\"undefined\"}" => HTTP 404 (18 bytes)
[PegaHttpClient] 📡 POST https://zdk8budo.pegaacademy.net/prweb/PRRestService/v1/rules/query?pxObjClass=Rule-HTML-Section&appliesTo=Rule-File-Text&pyRuleName=undefined&RequestClass=Rule-HTML-Section&RequestAppliesTo=Rule-File-Text&RequestRuleName=undefined Payload: "{\"RequestClass\":\"Rule-HTML-Section\",\"RequestAppliesTo\":\"Rule-File-Text\",\"RequestRuleName\":\"undefined\"}" => HTTP 404 (18 bytes)
[PegaHttpClient] 📡 POST https://zdk8budo.pegaacademy.net/prweb/api/CodeIntelligence/v1/rules/query?pxObjClass=Rule-HTML-Section&appliesTo=Rule-File-Text&pyRuleName=pzRuleFormToolbarHotKeys&RequestClass=Rule-HTML-Section&RequestAppliesTo=Rule-File-Text&RequestRuleName=pzRuleFormToolbarHotKeys Payload: "{\"RequestClass\":\"Rule-HTML-Section\",\"RequestAppliesTo\":\"Rule-File-Text\",\"RequestRuleName\":\"pzRuleFormToolbarHotKeys\"}" => HTTP 200 (85058 bytes)
[PegaHttpClient] 📡 POST https://zdk8budo.pegaacademy.net/prweb/api/CodeIntelligence/v1/rules/query?pxObjClass=Rule-HTML-Section&appliesTo=Rule-File-Text&pyRuleName=pzRuleFormToolbarLockedIcon&RequestClass=Rule-HTML-Section&RequestAppliesTo=Rule-File-Text&RequestRuleName=pzRuleFormToolbarLockedIcon Payload: "{\"RequestClass\":\"Rule-HTML-Section\",\"RequestAppliesTo\":\"Rule-File-Text\",\"RequestRuleName\":\"pzRuleFormToolbarLockedIcon\"}" => HTTP 200 (24898 bytes)
[PegaHttpClient] 📡 POST https://zdk8budo.pegaacademy.net/prweb/api/CodeIntelligence/v1/rules/query?pxObjClass=Rule-HTML-Section&appliesTo=Rule-File-Text&pyRuleName=pzRuleFormToolbarCollaborators&RequestClass=Rule-HTML-Section&RequestAppliesTo=Rule-File-Text&RequestRuleName=pzRuleFormToolbarCollaborators Payload: "{\"RequestClass\":\"Rule-HTML-Section\",\"RequestAppliesTo\":\"Rule-File-Text\",\"RequestRuleName\":\"pzRuleFormToolbarCollaborators\"}" => HTTP 200 (15254 bytes)
[PegaHttpClient] 📡 POST https://zdk8budo.pegaacademy.net/prweb/api/CodeIntelligence/v1/rules/query?pxObjClass=Rule-HTML-Section&appliesTo=Rule-File-Text&pyRuleName=pzRuleFormToolbarSaveAs&RequestClass=Rule-HTML-Section&RequestAppliesTo=Rule-File-Text&RequestRuleName=pzRuleFormToolbarSaveAs Payload: "{\"RequestClass\":\"Rule-HTML-Section\",\"RequestAppliesTo\":\"Rule-File-Text\",\"RequestRuleName\":\"pzRuleFormToolbarSaveAs\"}" => HTTP 200 (64084 bytes)
[PegaHttpClient] 📡 POST https://zdk8budo.pegaacademy.net/prweb/api/CodeIntelligence/v1/rules/query?pxObjClass=Rule-HTML-Section&appliesTo=Rule-File-Text&pyRuleName=pzRuleFormToolbarCheckin&RequestClass=Rule-HTML-Section&RequestAppliesTo=Rule-File-Text&RequestRuleName=pzRuleFormToolbarCheckin Payload: "{\"RequestClass\":\"Rule-HTML-Section\",\"RequestAppliesTo\":\"Rule-File-Text\",\"RequestRuleName\":\"pzRuleFormToolbarCheckin\"}" => HTTP 200 (119096 bytes)
[PegaHttpClient] 📡 POST https://zdk8budo.pegaacademy.net/prweb/api/CodeIntelligence/v1/rules/query?pxObjClass=Rule-HTML-Section&appliesTo=Rule-File-Text&pyRuleName=pzRuleFormToolbarDelete&RequestClass=Rule-HTML-Section&RequestAppliesTo=Rule-File-Text&RequestRuleName=pzRuleFormToolbarDelete Payload: "{\"RequestClass\":\"Rule-HTML-Section\",\"RequestAppliesTo\":\"Rule-File-Text\",\"RequestRuleName\":\"pzRuleFormToolbarDelete\"}" => HTTP 200 (30249 bytes)
[PegaHttpClient] 📡 POST https://zdk8budo.pegaacademy.net/prweb/api/CodeIntelligence/v1/rules/query?pxObjClass=Rule-HTML-Section&appliesTo=Rule-File-Text&pyRuleName=pzRuleFormToolbarSave&RequestClass=Rule-HTML-Section&RequestAppliesTo=Rule-File-Text&RequestRuleName=pzRuleFormToolbarSave Payload: "{\"RequestClass\":\"Rule-HTML-Section\",\"RequestAppliesTo\":\"Rule-File-Text\",\"RequestRuleName\":\"pzRuleFormToolbarSave\"}" => HTTP 200 (293885 bytes)
[PegaHttpClient] 📡 POST https://zdk8budo.pegaacademy.net/prweb/api/CodeIntelligence/v1/rules/query?pxObjClass=Rule-HTML-Section&appliesTo=Rule-File-Text&pyRuleName=pzRuleFormToolbarCheckout&RequestClass=Rule-HTML-Section&RequestAppliesTo=Rule-File-Text&RequestRuleName=pzRuleFormToolbarCheckout Payload: "{\"RequestClass\":\"Rule-HTML-Section\",\"RequestAppliesTo\":\"Rule-File-Text\",\"RequestRuleName\":\"pzRuleFormToolbarCheckout\"}" => HTTP 200 (238148 bytes)
[PegaHttpClient] 📡 POST https://zdk8budo.pegaacademy.net/prweb/api/CodeIntelligence/v1/rules/query?pxObjClass=Rule-HTML-Section&appliesTo=Rule-File-Text&pyRuleName=pzRemoveErrorsDataPage&RequestClass=Rule-HTML-Section&RequestAppliesTo=Rule-File-Text&RequestRuleName=pzRemoveErrorsDataPage Payload: "{\"RequestClass\":\"Rule-HTML-Section\",\"RequestAppliesTo\":\"Rule-File-Text\",\"RequestRuleName\":\"pzRemoveErrorsDataPage\"}" => HTTP 200 (16733 bytes)
[PegaHttpClient] 📡 POST https://zdk8budo.pegaacademy.net/prweb/api/CodeIntelligence/v1/rules/query?pxObjClass=Rule-HTML-Section&appliesTo=Rule-File-Text&pyRuleName=pzRuleFormHeaderMessagesWrapper&RequestClass=Rule-HTML-Section&RequestAppliesTo=Rule-File-Text&RequestRuleName=pzRuleFormHeaderMessagesWrapper Payload: "{\"RequestClass\":\"Rule-HTML-Section\",\"RequestAppliesTo\":\"Rule-File-Text\",\"RequestRuleName\":\"pzRuleFormHeaderMessagesWrapper\"}" => HTTP 200 (16981 bytes)
[PegaHttpClient] 📡 POST https://zdk8budo.pegaacademy.net/prweb/api/CodeIntelligence/v1/rules/query?pxObjClass=Rule-HTML-Section&appliesTo=Rule-File-Text&pyRuleName=pzSpecificationName&RequestClass=Rule-HTML-Section&RequestAppliesTo=Rule-File-Text&RequestRuleName=pzSpecificationName Payload: "{\"RequestClass\":\"Rule-HTML-Section\",\"RequestAppliesTo\":\"Rule-File-Text\",\"RequestRuleName\":\"pzSpecificationName\"}" => HTTP 404 (111 bytes)
[PegaHttpClient] 📡 POST https://zdk8budo.pegaacademy.net/prweb/PRRestService/CodeIntelligence/v1/rules/query?pxObjClass=Rule-HTML-Section&appliesTo=Rule-File-Text&pyRuleName=pzSpecificationName&RequestClass=Rule-HTML-Section&RequestAppliesTo=Rule-File-Text&RequestRuleName=pzSpecificationName Payload: "{\"RequestClass\":\"Rule-HTML-Section\",\"RequestAppliesTo\":\"Rule-File-Text\",\"RequestRuleName\":\"pzSpecificationName\"}" => HTTP 404 (111 bytes)
[PegaHttpClient] 📡 POST https://zdk8budo.pegaacademy.net/prweb/api/HRAppsV2Service/V1/rules/query?pxObjClass=Rule-HTML-Section&appliesTo=Rule-File-Text&pyRuleName=pzSpecificationName&RequestClass=Rule-HTML-Section&RequestAppliesTo=Rule-File-Text&RequestRuleName=pzSpecificationName Payload: "{\"RequestClass\":\"Rule-HTML-Section\",\"RequestAppliesTo\":\"Rule-File-Text\",\"RequestRuleName\":\"pzSpecificationName\"}" => HTTP 404 (18 bytes)
[PegaHttpClient] 📡 POST https://zdk8budo.pegaacademy.net/prweb/PRRestService/HRAppsV2Service/V1/rules/query?pxObjClass=Rule-HTML-Section&appliesTo=Rule-File-Text&pyRuleName=pzSpecificationName&RequestClass=Rule-HTML-Section&RequestAppliesTo=Rule-File-Text&RequestRuleName=pzSpecificationName Payload: "{\"RequestClass\":\"Rule-HTML-Section\",\"RequestAppliesTo\":\"Rule-File-Text\",\"RequestRuleName\":\"pzSpecificationName\"}" => HTTP 404 (18 bytes)
[PegaHttpClient] 📡 POST https://zdk8budo.pegaacademy.net/prweb/api/HRAppsV2/V1/rules/query?pxObjClass=Rule-HTML-Section&appliesTo=Rule-File-Text&pyRuleName=pzSpecificationName&RequestClass=Rule-HTML-Section&RequestAppliesTo=Rule-File-Text&RequestRuleName=pzSpecificationName Payload: "{\"RequestClass\":\"Rule-HTML-Section\",\"RequestAppliesTo\":\"Rule-File-Text\",\"RequestRuleName\":\"pzSpecificationName\"}" => HTTP 404 (18 bytes)
[PegaHttpClient] 📡 POST https://zdk8budo.pegaacademy.net/prweb/PRRestService/HRAppsV2/V1/rules/query?pxObjClass=Rule-HTML-Section&appliesTo=Rule-File-Text&pyRuleName=pzSpecificationName&RequestClass=Rule-HTML-Section&RequestAppliesTo=Rule-File-Text&RequestRuleName=pzSpecificationName Payload: "{\"RequestClass\":\"Rule-HTML-Section\",\"RequestAppliesTo\":\"Rule-File-Text\",\"RequestRuleName\":\"pzSpecificationName\"}" => HTTP 404 (18 bytes)
[PegaHttpClient] 📡 POST https://zdk8budo.pegaacademy.net/prweb/api/v1/rules/query?pxObjClass=Rule-HTML-Section&appliesTo=Rule-File-Text&pyRuleName=pzSpecificationName&RequestClass=Rule-HTML-Section&RequestAppliesTo=Rule-File-Text&RequestRuleName=pzSpecificationName Payload: "{\"RequestClass\":\"Rule-HTML-Section\",\"RequestAppliesTo\":\"Rule-File-Text\",\"RequestRuleName\":\"pzSpecificationName\"}" => HTTP 404 (18 bytes)
[PegaHttpClient] 📡 POST https://zdk8budo.pegaacademy.net/prweb/PRRestService/v1/rules/query?pxObjClass=Rule-HTML-Section&appliesTo=Rule-File-Text&pyRuleName=pzSpecificationName&RequestClass=Rule-HTML-Section&RequestAppliesTo=Rule-File-Text&RequestRuleName=pzSpecificationName Payload: "{\"RequestClass\":\"Rule-HTML-Section\",\"RequestAppliesTo\":\"Rule-File-Text\",\"RequestRuleName\":\"pzSpecificationName\"}" => HTTP 404 (18 bytes)
[PegaHttpClient] 📡 POST https://zdk8budo.pegaacademy.net/prweb/api/CodeIntelligence/v1/rules/query?pxObjClass=Rule-HTML-Section&appliesTo=Rule-File-Text&pyRuleName=pzScm_RuleHistory&RequestClass=Rule-HTML-Section&RequestAppliesTo=Rule-File-Text&RequestRuleName=pzScm_RuleHistory Payload: "{\"RequestClass\":\"Rule-HTML-Section\",\"RequestAppliesTo\":\"Rule-File-Text\",\"RequestRuleName\":\"pzScm_RuleHistory\"}" => HTTP 200 (14682 bytes)
[PegaHttpClient] 📡 POST https://zdk8budo.pegaacademy.net/prweb/api/CodeIntelligence/v1/rules/query?pxObjClass=Rule-HTML-Section&appliesTo=Rule-File-Text&pyRuleName=pxDisplayCollaborators&RequestClass=Rule-HTML-Section&RequestAppliesTo=Rule-File-Text&RequestRuleName=pxDisplayCollaborators Payload: "{\"RequestClass\":\"Rule-HTML-Section\",\"RequestAppliesTo\":\"Rule-File-Text\",\"RequestRuleName\":\"pxDisplayCollaborators\"}" => HTTP 200 (94171 bytes)
[PegaHttpClient] 📡 POST https://zdk8budo.pegaacademy.net/prweb/api/CodeIntelligence/v1/rules/query?pxObjClass=Rule-HTML-Section&appliesTo=Rule-File-Text&pyRuleName=pzRuleFormToolbarDeleteCheckOut&RequestClass=Rule-HTML-Section&RequestAppliesTo=Rule-File-Text&RequestRuleName=pzRuleFormToolbarDeleteCheckOut Payload: "{\"RequestClass\":\"Rule-HTML-Section\",\"RequestAppliesTo\":\"Rule-File-Text\",\"RequestRuleName\":\"pzRuleFormToolbarDeleteCheckOut\"}" => HTTP 200 (29433 bytes)
[PegaHttpClient] 📡 POST https://zdk8budo.pegaacademy.net/prweb/api/CodeIntelligence/v1/rules/query?pxObjClass=Rule-HTML-Section&appliesTo=Rule-File-Text&pyRuleName=pzRuleFormToolbarDeleteRule&RequestClass=Rule-HTML-Section&RequestAppliesTo=Rule-File-Text&RequestRuleName=pzRuleFormToolbarDeleteRule Payload: "{\"RequestClass\":\"Rule-HTML-Section\",\"RequestAppliesTo\":\"Rule-File-Text\",\"RequestRuleName\":\"pzRuleFormToolbarDeleteRule\"}" => HTTP 200 (32314 bytes)
[PegaHttpClient] 📡 POST https://zdk8budo.pegaacademy.net/prweb/api/CodeIntelligence/v1/rules/query?pxObjClass=Rule-HTML-Section&appliesTo=Rule-File-Text&pyRuleName=pzLoadCollaborationScripts&RequestClass=Rule-HTML-Section&RequestAppliesTo=Rule-File-Text&RequestRuleName=pzLoadCollaborationScripts Payload: "{\"RequestClass\":\"Rule-HTML-Section\",\"RequestAppliesTo\":\"Rule-File-Text\",\"RequestRuleName\":\"pzLoadCollaborationScripts\"}" => HTTP 200 (23453 bytes)
[PegaHttpClient] 📡 POST https://zdk8budo.pegaacademy.net/prweb/api/CodeIntelligence/v1/rules/query?pxObjClass=Rule-HTML-Section&appliesTo=Rule-File-Text&pyRuleName=pzDisplayCollaboratorsList&RequestClass=Rule-HTML-Section&RequestAppliesTo=Rule-File-Text&RequestRuleName=pzDisplayCollaboratorsList Payload: "{\"RequestClass\":\"Rule-HTML-Section\",\"RequestAppliesTo\":\"Rule-File-Text\",\"RequestRuleName\":\"pzDisplayCollaboratorsList\"}" => HTTP 200 (105418 bytes)
[PegaHttpClient] 📡 POST https://zdk8budo.pegaacademy.net/prweb/api/CodeIntelligence/v1/rules/query?pxObjClass=Rule-HTML-Section&appliesTo=Rule-File-Text&pyRuleName=pyCollaborator&RequestClass=Rule-HTML-Section&RequestAppliesTo=Rule-File-Text&RequestRuleName=pyCollaborator Payload: "{\"RequestClass\":\"Rule-HTML-Section\",\"RequestAppliesTo\":\"Rule-File-Text\",\"RequestRuleName\":\"pyCollaborator\"}" => HTTP 404 (106 bytes)
[PegaHttpClient] 📡 POST https://zdk8budo.pegaacademy.net/prweb/PRRestService/CodeIntelligence/v1/rules/query?pxObjClass=Rule-HTML-Section&appliesTo=Rule-File-Text&pyRuleName=pyCollaborator&RequestClass=Rule-HTML-Section&RequestAppliesTo=Rule-File-Text&RequestRuleName=pyCollaborator Payload: "{\"RequestClass\":\"Rule-HTML-Section\",\"RequestAppliesTo\":\"Rule-File-Text\",\"RequestRuleName\":\"pyCollaborator\"}" => HTTP 404 (106 bytes)
[PegaHttpClient] 📡 POST https://zdk8budo.pegaacademy.net/prweb/api/HRAppsV2Service/V1/rules/query?pxObjClass=Rule-HTML-Section&appliesTo=Rule-File-Text&pyRuleName=pyCollaborator&RequestClass=Rule-HTML-Section&RequestAppliesTo=Rule-File-Text&RequestRuleName=pyCollaborator Payload: "{\"RequestClass\":\"Rule-HTML-Section\",\"RequestAppliesTo\":\"Rule-File-Text\",\"RequestRuleName\":\"pyCollaborator\"}" => HTTP 404 (18 bytes)
[PegaHttpClient] 📡 POST https://zdk8budo.pegaacademy.net/prweb/PRRestService/HRAppsV2Service/V1/rules/query?pxObjClass=Rule-HTML-Section&appliesTo=Rule-File-Text&pyRuleName=pyCollaborator&RequestClass=Rule-HTML-Section&RequestAppliesTo=Rule-File-Text&RequestRuleName=pyCollaborator Payload: "{\"RequestClass\":\"Rule-HTML-Section\",\"RequestAppliesTo\":\"Rule-File-Text\",\"RequestRuleName\":\"pyCollaborator\"}" => HTTP 404 (18 bytes)
[PegaHttpClient] 📡 POST https://zdk8budo.pegaacademy.net/prweb/api/HRAppsV2/V1/rules/query?pxObjClass=Rule-HTML-Section&appliesTo=Rule-File-Text&pyRuleName=pyCollaborator&RequestClass=Rule-HTML-Section&RequestAppliesTo=Rule-File-Text&RequestRuleName=pyCollaborator Payload: "{\"RequestClass\":\"Rule-HTML-Section\",\"RequestAppliesTo\":\"Rule-File-Text\",\"RequestRuleName\":\"pyCollaborator\"}" => HTTP 404 (18 bytes)
[PegaHttpClient] 📡 POST https://zdk8budo.pegaacademy.net/prweb/PRRestService/HRAppsV2/V1/rules/query?pxObjClass=Rule-HTML-Section&appliesTo=Rule-File-Text&pyRuleName=pyCollaborator&RequestClass=Rule-HTML-Section&RequestAppliesTo=Rule-File-Text&RequestRuleName=pyCollaborator Payload: "{\"RequestClass\":\"Rule-HTML-Section\",\"RequestAppliesTo\":\"Rule-File-Text\",\"RequestRuleName\":\"pyCollaborator\"}" => HTTP 404 (18 bytes)
[PegaHttpClient] 📡 POST https://zdk8budo.pegaacademy.net/prweb/api/v1/rules/query?pxObjClass=Rule-HTML-Section&appliesTo=Rule-File-Text&pyRuleName=pyCollaborator&RequestClass=Rule-HTML-Section&RequestAppliesTo=Rule-File-Text&RequestRuleName=pyCollaborator Payload: "{\"RequestClass\":\"Rule-HTML-Section\",\"RequestAppliesTo\":\"Rule-File-Text\",\"RequestRuleName\":\"pyCollaborator\"}" => HTTP 404 (18 bytes)
[PegaHttpClient] 📡 POST https://zdk8budo.pegaacademy.net/prweb/PRRestService/v1/rules/query?pxObjClass=Rule-HTML-Section&appliesTo=Rule-File-Text&pyRuleName=pyCollaborator&RequestClass=Rule-HTML-Section&RequestAppliesTo=Rule-File-Text&RequestRuleName=pyCollaborator Payload: "{\"RequestClass\":\"Rule-HTML-Section\",\"RequestAppliesTo\":\"Rule-File-Text\",\"RequestRuleName\":\"pyCollaborator\"}" => HTTP 404 (18 bytes)
[PegaHttpClient] 📡 POST https://zdk8budo.pegaacademy.net/prweb/api/CodeIntelligence/v1/rules/query?pxObjClass=Rule-HTML-Section&appliesTo=Rule-File-Text&pyRuleName=pzDisplayPartialCount&RequestClass=Rule-HTML-Section&RequestAppliesTo=Rule-File-Text&RequestRuleName=pzDisplayPartialCount Payload: "{\"RequestClass\":\"Rule-HTML-Section\",\"RequestAppliesTo\":\"Rule-File-Text\",\"RequestRuleName\":\"pzDisplayPartialCount\"}" => HTTP 404 (113 bytes)
[PegaHttpClient] 📡 POST https://zdk8budo.pegaacademy.net/prweb/PRRestService/CodeIntelligence/v1/rules/query?pxObjClass=Rule-HTML-Section&appliesTo=Rule-File-Text&pyRuleName=pzDisplayPartialCount&RequestClass=Rule-HTML-Section&RequestAppliesTo=Rule-File-Text&RequestRuleName=pzDisplayPartialCount Payload: "{\"RequestClass\":\"Rule-HTML-Section\",\"RequestAppliesTo\":\"Rule-File-Text\",\"RequestRuleName\":\"pzDisplayPartialCount\"}" => HTTP 404 (113 bytes)
[PegaHttpClient] 📡 POST https://zdk8budo.pegaacademy.net/prweb/api/HRAppsV2Service/V1/rules/query?pxObjClass=Rule-HTML-Section&appliesTo=Rule-File-Text&pyRuleName=pzDisplayPartialCount&RequestClass=Rule-HTML-Section&RequestAppliesTo=Rule-File-Text&RequestRuleName=pzDisplayPartialCount Payload: "{\"RequestClass\":\"Rule-HTML-Section\",\"RequestAppliesTo\":\"Rule-File-Text\",\"RequestRuleName\":\"pzDisplayPartialCount\"}" => HTTP 404 (18 bytes)
[PegaHttpClient] 📡 POST https://zdk8budo.pegaacademy.net/prweb/PRRestService/HRAppsV2Service/V1/rules/query?pxObjClass=Rule-HTML-Section&appliesTo=Rule-File-Text&pyRuleName=pzDisplayPartialCount&RequestClass=Rule-HTML-Section&RequestAppliesTo=Rule-File-Text&RequestRuleName=pzDisplayPartialCount Payload: "{\"RequestClass\":\"Rule-HTML-Section\",\"RequestAppliesTo\":\"Rule-File-Text\",\"RequestRuleName\":\"pzDisplayPartialCount\"}" => HTTP 404 (18 bytes)
[PegaHttpClient] 📡 POST https://zdk8budo.pegaacademy.net/prweb/api/HRAppsV2/V1/rules/query?pxObjClass=Rule-HTML-Section&appliesTo=Rule-File-Text&pyRuleName=pzDisplayPartialCount&RequestClass=Rule-HTML-Section&RequestAppliesTo=Rule-File-Text&RequestRuleName=pzDisplayPartialCount Payload: "{\"RequestClass\":\"Rule-HTML-Section\",\"RequestAppliesTo\":\"Rule-File-Text\",\"RequestRuleName\":\"pzDisplayPartialCount\"}" => HTTP 404 (18 bytes)
[PegaHttpClient] 📡 POST https://zdk8budo.pegaacademy.net/prweb/PRRestService/HRAppsV2/V1/rules/query?pxObjClass=Rule-HTML-Section&appliesTo=Rule-File-Text&pyRuleName=pzDisplayPartialCount&RequestClass=Rule-HTML-Section&RequestAppliesTo=Rule-File-Text&RequestRuleName=pzDisplayPartialCount Payload: "{\"RequestClass\":\"Rule-HTML-Section\",\"RequestAppliesTo\":\"Rule-File-Text\",\"RequestRuleName\":\"pzDisplayPartialCount\"}" => HTTP 404 (18 bytes)
[PegaHttpClient] 📡 POST https://zdk8budo.pegaacademy.net/prweb/api/v1/rules/query?pxObjClass=Rule-HTML-Section&appliesTo=Rule-File-Text&pyRuleName=pzDisplayPartialCount&RequestClass=Rule-HTML-Section&RequestAppliesTo=Rule-File-Text&RequestRuleName=pzDisplayPartialCount Payload: "{\"RequestClass\":\"Rule-HTML-Section\",\"RequestAppliesTo\":\"Rule-File-Text\",\"RequestRuleName\":\"pzDisplayPartialCount\"}" => HTTP 404 (18 bytes)
[PegaHttpClient] 📡 POST https://zdk8budo.pegaacademy.net/prweb/PRRestService/v1/rules/query?pxObjClass=Rule-HTML-Section&appliesTo=Rule-File-Text&pyRuleName=pzDisplayPartialCount&RequestClass=Rule-HTML-Section&RequestAppliesTo=Rule-File-Text&RequestRuleName=pzDisplayPartialCount Payload: "{\"RequestClass\":\"Rule-HTML-Section\",\"RequestAppliesTo\":\"Rule-File-Text\",\"RequestRuleName\":\"pzDisplayPartialCount\"}" => HTTP 404 (18 bytes)
[SchemaGen] ✅ Schema written for Rule-File-Text
[PegaHttpClient] 📡 GET https://zdk8budo.pegaacademy.net/prweb/api/CodeIntelligence/v1/rules/RULE-HTML-HARNESS%20RULE-FILE-SOMARIA%20RULEFORM%20%2320250214T134803.021%20GMT => HTTP 200 (36241 bytes)
[PegaHttpClient] 📡 POST https://zdk8budo.pegaacademy.net/prweb/api/CodeIntelligence/v1/rules/query?pxObjClass=Rule-HTML-Section&appliesTo=Rule-File-Somaria&pyRuleName=RuleFormMain&RequestClass=Rule-HTML-Section&RequestAppliesTo=Rule-File-Somaria&RequestRuleName=RuleFormMain Payload: "{\"RequestClass\":\"Rule-HTML-Section\",\"RequestAppliesTo\":\"Rule-File-Somaria\",\"RequestRuleName\":\"RuleFormMain\"}" => HTTP 200 (156234 bytes)
[PegaHttpClient] 📡 POST https://zdk8budo.pegaacademy.net/prweb/api/CodeIntelligence/v1/rules/query?pxObjClass=Rule-HTML-Section&appliesTo=Rule-File-Somaria&pyRuleName=pxAlternateRuleForm&RequestClass=Rule-HTML-Section&RequestAppliesTo=Rule-File-Somaria&RequestRuleName=pxAlternateRuleForm Payload: "{\"RequestClass\":\"Rule-HTML-Section\",\"RequestAppliesTo\":\"Rule-File-Somaria\",\"RequestRuleName\":\"pxAlternateRuleForm\"}" => HTTP 200 (66153 bytes)
[PegaHttpClient] 📡 POST https://zdk8budo.pegaacademy.net/prweb/api/CodeIntelligence/v1/rules/query?pxObjClass=Rule-HTML-Section&appliesTo=Rule-File-Somaria&pyRuleName=pzRuleFormScripts&RequestClass=Rule-HTML-Section&RequestAppliesTo=Rule-File-Somaria&RequestRuleName=pzRuleFormScripts Payload: "{\"RequestClass\":\"Rule-HTML-Section\",\"RequestAppliesTo\":\"Rule-File-Somaria\",\"RequestRuleName\":\"pzRuleFormScripts\"}" => HTTP 200 (40822 bytes)
[PegaHttpClient] 📡 POST https://zdk8budo.pegaacademy.net/prweb/api/CodeIntelligence/v1/rules/query?pxObjClass=Rule-HTML-Section&appliesTo=Rule-File-Somaria&pyRuleName=pzRuleFormLayoutDelegated&RequestClass=Rule-HTML-Section&RequestAppliesTo=Rule-File-Somaria&RequestRuleName=pzRuleFormLayoutDelegated Payload: "{\"RequestClass\":\"Rule-HTML-Section\",\"RequestAppliesTo\":\"Rule-File-Somaria\",\"RequestRuleName\":\"pzRuleFormLayoutDelegated\"}" => HTTP 200 (70998 bytes)
[PegaHttpClient] 📡 POST https://zdk8budo.pegaacademy.net/prweb/api/CodeIntelligence/v1/rules/query?pxObjClass=Rule-HTML-Section&appliesTo=Rule-File-Somaria&pyRuleName=RuleFormLayout&RequestClass=Rule-HTML-Section&RequestAppliesTo=Rule-File-Somaria&RequestRuleName=RuleFormLayout Payload: "{\"RequestClass\":\"Rule-HTML-Section\",\"RequestAppliesTo\":\"Rule-File-Somaria\",\"RequestRuleName\":\"RuleFormLayout\"}" => HTTP 200 (53765 bytes)
[PegaHttpClient] 📡 POST https://zdk8budo.pegaacademy.net/prweb/api/CodeIntelligence/v1/rules/query?pxObjClass=Rule-HTML-Section&appliesTo=Rule-File-Somaria&pyRuleName=RuleFormSettings&RequestClass=Rule-HTML-Section&RequestAppliesTo=Rule-File-Somaria&RequestRuleName=RuleFormSettings Payload: "{\"RequestClass\":\"Rule-HTML-Section\",\"RequestAppliesTo\":\"Rule-File-Somaria\",\"RequestRuleName\":\"RuleFormSettings\"}" => HTTP 200 (20540 bytes)
[PegaHttpClient] 📡 POST https://zdk8budo.pegaacademy.net/prweb/api/CodeIntelligence/v1/rules/query?pxObjClass=Rule-HTML-Section&appliesTo=Rule-File-Somaria&pyRuleName=OpenAuthoring&RequestClass=Rule-HTML-Section&RequestAppliesTo=Rule-File-Somaria&RequestRuleName=OpenAuthoring Payload: "{\"RequestClass\":\"Rule-HTML-Section\",\"RequestAppliesTo\":\"Rule-File-Somaria\",\"RequestRuleName\":\"OpenAuthoring\"}" => HTTP 200 (23695 bytes)
[PegaHttpClient] 📡 POST https://zdk8budo.pegaacademy.net/prweb/api/CodeIntelligence/v1/rules/query?pxObjClass=Rule-HTML-Section&appliesTo=Rule-File-Somaria&pyRuleName=pyCustomHelp&RequestClass=Rule-HTML-Section&RequestAppliesTo=Rule-File-Somaria&RequestRuleName=pyCustomHelp Payload: "{\"RequestClass\":\"Rule-HTML-Section\",\"RequestAppliesTo\":\"Rule-File-Somaria\",\"RequestRuleName\":\"pyCustomHelp\"}" => HTTP 200 (17256 bytes)
[PegaHttpClient] 📡 POST https://zdk8budo.pegaacademy.net/prweb/api/CodeIntelligence/v1/rules/query?pxObjClass=Rule-HTML-Section&appliesTo=Rule-File-Somaria&pyRuleName=pzRuleformMainInclude&RequestClass=Rule-HTML-Section&RequestAppliesTo=Rule-File-Somaria&RequestRuleName=pzRuleformMainInclude Payload: "{\"RequestClass\":\"Rule-HTML-Section\",\"RequestAppliesTo\":\"Rule-File-Somaria\",\"RequestRuleName\":\"pzRuleformMainInclude\"}" => HTTP 200 (22375 bytes)
[PegaHttpClient] 📡 POST https://zdk8budo.pegaacademy.net/prweb/api/CodeIntelligence/v1/rules/query?pxObjClass=Rule-HTML-Section&appliesTo=Rule-File-Somaria&pyRuleName=pyAlternativeRuleFormStrategicAppExtension&RequestClass=Rule-HTML-Section&RequestAppliesTo=Rule-File-Somaria&RequestRuleName=pyAlternativeRuleFormStrategicAppExtension Payload: "{\"RequestClass\":\"Rule-HTML-Section\",\"RequestAppliesTo\":\"Rule-File-Somaria\",\"RequestRuleName\":\"pyAlternativeRuleFormStrategicAppExtension\"}" => HTTP 200 (25042 bytes)
[PegaHttpClient] 📡 POST https://zdk8budo.pegaacademy.net/prweb/api/CodeIntelligence/v1/rules/query?pxObjClass=Rule-HTML-Section&appliesTo=Rule-File-Somaria&pyRuleName=pyAlternativeRuleFormExtension&RequestClass=Rule-HTML-Section&RequestAppliesTo=Rule-File-Somaria&RequestRuleName=pyAlternativeRuleFormExtension Payload: "{\"RequestClass\":\"Rule-HTML-Section\",\"RequestAppliesTo\":\"Rule-File-Somaria\",\"RequestRuleName\":\"pyAlternativeRuleFormExtension\"}" => HTTP 200 (24863 bytes)
[PegaHttpClient] 📡 POST https://zdk8budo.pegaacademy.net/prweb/api/CodeIntelligence/v1/rules/query?pxObjClass=Rule-HTML-Section&appliesTo=Rule-File-Somaria&pyRuleName=RuleFormHeader&RequestClass=Rule-HTML-Section&RequestAppliesTo=Rule-File-Somaria&RequestRuleName=RuleFormHeader Payload: "{\"RequestClass\":\"Rule-HTML-Section\",\"RequestAppliesTo\":\"Rule-File-Somaria\",\"RequestRuleName\":\"RuleFormHeader\"}" => HTTP 200 (183800 bytes)
[PegaHttpClient] 📡 POST https://zdk8budo.pegaacademy.net/prweb/api/CodeIntelligence/v1/rules/query?pxObjClass=Rule-HTML-Section&appliesTo=Rule-File-Somaria&pyRuleName=pzDelegationExperience&RequestClass=Rule-HTML-Section&RequestAppliesTo=Rule-File-Somaria&RequestRuleName=pzDelegationExperience Payload: "{\"RequestClass\":\"Rule-HTML-Section\",\"RequestAppliesTo\":\"Rule-File-Somaria\",\"RequestRuleName\":\"pzDelegationExperience\"}" => HTTP 404 (117 bytes)
[PegaHttpClient] 📡 POST https://zdk8budo.pegaacademy.net/prweb/PRRestService/CodeIntelligence/v1/rules/query?pxObjClass=Rule-HTML-Section&appliesTo=Rule-File-Somaria&pyRuleName=pzDelegationExperience&RequestClass=Rule-HTML-Section&RequestAppliesTo=Rule-File-Somaria&RequestRuleName=pzDelegationExperience Payload: "{\"RequestClass\":\"Rule-HTML-Section\",\"RequestAppliesTo\":\"Rule-File-Somaria\",\"RequestRuleName\":\"pzDelegationExperience\"}" => HTTP 404 (117 bytes)
[PegaHttpClient] 📡 POST https://zdk8budo.pegaacademy.net/prweb/api/HRAppsV2Service/V1/rules/query?pxObjClass=Rule-HTML-Section&appliesTo=Rule-File-Somaria&pyRuleName=pzDelegationExperience&RequestClass=Rule-HTML-Section&RequestAppliesTo=Rule-File-Somaria&RequestRuleName=pzDelegationExperience Payload: "{\"RequestClass\":\"Rule-HTML-Section\",\"RequestAppliesTo\":\"Rule-File-Somaria\",\"RequestRuleName\":\"pzDelegationExperience\"}" => HTTP 404 (18 bytes)
[PegaHttpClient] 📡 POST https://zdk8budo.pegaacademy.net/prweb/PRRestService/HRAppsV2Service/V1/rules/query?pxObjClass=Rule-HTML-Section&appliesTo=Rule-File-Somaria&pyRuleName=pzDelegationExperience&RequestClass=Rule-HTML-Section&RequestAppliesTo=Rule-File-Somaria&RequestRuleName=pzDelegationExperience Payload: "{\"RequestClass\":\"Rule-HTML-Section\",\"RequestAppliesTo\":\"Rule-File-Somaria\",\"RequestRuleName\":\"pzDelegationExperience\"}" => HTTP 404 (18 bytes)
[PegaHttpClient] 📡 POST https://zdk8budo.pegaacademy.net/prweb/api/HRAppsV2/V1/rules/query?pxObjClass=Rule-HTML-Section&appliesTo=Rule-File-Somaria&pyRuleName=pzDelegationExperience&RequestClass=Rule-HTML-Section&RequestAppliesTo=Rule-File-Somaria&RequestRuleName=pzDelegationExperience Payload: "{\"RequestClass\":\"Rule-HTML-Section\",\"RequestAppliesTo\":\"Rule-File-Somaria\",\"RequestRuleName\":\"pzDelegationExperience\"}" => HTTP 404 (18 bytes)
[PegaHttpClient] 📡 POST https://zdk8budo.pegaacademy.net/prweb/PRRestService/HRAppsV2/V1/rules/query?pxObjClass=Rule-HTML-Section&appliesTo=Rule-File-Somaria&pyRuleName=pzDelegationExperience&RequestClass=Rule-HTML-Section&RequestAppliesTo=Rule-File-Somaria&RequestRuleName=pzDelegationExperience Payload: "{\"RequestClass\":\"Rule-HTML-Section\",\"RequestAppliesTo\":\"Rule-File-Somaria\",\"RequestRuleName\":\"pzDelegationExperience\"}" => HTTP 404 (18 bytes)
[PegaHttpClient] 📡 POST https://zdk8budo.pegaacademy.net/prweb/api/v1/rules/query?pxObjClass=Rule-HTML-Section&appliesTo=Rule-File-Somaria&pyRuleName=pzDelegationExperience&RequestClass=Rule-HTML-Section&RequestAppliesTo=Rule-File-Somaria&RequestRuleName=pzDelegationExperience Payload: "{\"RequestClass\":\"Rule-HTML-Section\",\"RequestAppliesTo\":\"Rule-File-Somaria\",\"RequestRuleName\":\"pzDelegationExperience\"}" => HTTP 404 (18 bytes)
[PegaHttpClient] 📡 POST https://zdk8budo.pegaacademy.net/prweb/PRRestService/v1/rules/query?pxObjClass=Rule-HTML-Section&appliesTo=Rule-File-Somaria&pyRuleName=pzDelegationExperience&RequestClass=Rule-HTML-Section&RequestAppliesTo=Rule-File-Somaria&RequestRuleName=pzDelegationExperience Payload: "{\"RequestClass\":\"Rule-HTML-Section\",\"RequestAppliesTo\":\"Rule-File-Somaria\",\"RequestRuleName\":\"pzDelegationExperience\"}" => HTTP 404 (18 bytes)
[PegaHttpClient] 📡 POST https://zdk8budo.pegaacademy.net/prweb/api/CodeIntelligence/v1/rules/query?pxObjClass=Rule-HTML-Section&appliesTo=Rule-File-Somaria&pyRuleName=pzMain&RequestClass=Rule-HTML-Section&RequestAppliesTo=Rule-File-Somaria&RequestRuleName=pzMain Payload: "{\"RequestClass\":\"Rule-HTML-Section\",\"RequestAppliesTo\":\"Rule-File-Somaria\",\"RequestRuleName\":\"pzMain\"}" => HTTP 200 (200641 bytes)
[PegaHttpClient] 📡 POST https://zdk8budo.pegaacademy.net/prweb/api/CodeIntelligence/v1/rules/query?pxObjClass=Rule-HTML-Section&appliesTo=Rule-File-Somaria&pyRuleName=RuleFormHistory&RequestClass=Rule-HTML-Section&RequestAppliesTo=Rule-File-Somaria&RequestRuleName=RuleFormHistory Payload: "{\"RequestClass\":\"Rule-HTML-Section\",\"RequestAppliesTo\":\"Rule-File-Somaria\",\"RequestRuleName\":\"RuleFormHistory\"}" => HTTP 200 (76091 bytes)
[PegaHttpClient] 📡 POST https://zdk8budo.pegaacademy.net/prweb/api/CodeIntelligence/v1/rules/query?pxObjClass=Rule-HTML-Section&appliesTo=Rule-File-Somaria&pyRuleName=pzCustomHelp&RequestClass=Rule-HTML-Section&RequestAppliesTo=Rule-File-Somaria&RequestRuleName=pzCustomHelp Payload: "{\"RequestClass\":\"Rule-HTML-Section\",\"RequestAppliesTo\":\"Rule-File-Somaria\",\"RequestRuleName\":\"pzCustomHelp\"}" => HTTP 200 (31573 bytes)
[PegaHttpClient] 📡 POST https://zdk8budo.pegaacademy.net/prweb/api/CodeIntelligence/v1/rules/query?pxObjClass=Rule-HTML-Section&appliesTo=Rule-File-Somaria&pyRuleName=pzRuleFormKeysAndDescription&RequestClass=Rule-HTML-Section&RequestAppliesTo=Rule-File-Somaria&RequestRuleName=pzRuleFormKeysAndDescription Payload: "{\"RequestClass\":\"Rule-HTML-Section\",\"RequestAppliesTo\":\"Rule-File-Somaria\",\"RequestRuleName\":\"pzRuleFormKeysAndDescription\"}" => HTTP 200 (218057 bytes)
[PegaHttpClient] 📡 POST https://zdk8budo.pegaacademy.net/prweb/api/CodeIntelligence/v1/rules/query?pxObjClass=Rule-HTML-Section&appliesTo=Rule-File-Somaria&pyRuleName=pzRuleFormRuleset&RequestClass=Rule-HTML-Section&RequestAppliesTo=Rule-File-Somaria&RequestRuleName=pzRuleFormRuleset Payload: "{\"RequestClass\":\"Rule-HTML-Section\",\"RequestAppliesTo\":\"Rule-File-Somaria\",\"RequestRuleName\":\"pzRuleFormRuleset\"}" => HTTP 200 (33985 bytes)
[PegaHttpClient] 📡 POST https://zdk8budo.pegaacademy.net/prweb/api/CodeIntelligence/v1/rules/query?pxObjClass=Rule-HTML-Section&appliesTo=Rule-File-Somaria&pyRuleName=undefined&RequestClass=Rule-HTML-Section&RequestAppliesTo=Rule-File-Somaria&RequestRuleName=undefined Payload: "{\"RequestClass\":\"Rule-HTML-Section\",\"RequestAppliesTo\":\"Rule-File-Somaria\",\"RequestRuleName\":\"undefined\"}" => HTTP 404 (104 bytes)
[PegaHttpClient] 📡 POST https://zdk8budo.pegaacademy.net/prweb/PRRestService/CodeIntelligence/v1/rules/query?pxObjClass=Rule-HTML-Section&appliesTo=Rule-File-Somaria&pyRuleName=undefined&RequestClass=Rule-HTML-Section&RequestAppliesTo=Rule-File-Somaria&RequestRuleName=undefined Payload: "{\"RequestClass\":\"Rule-HTML-Section\",\"RequestAppliesTo\":\"Rule-File-Somaria\",\"RequestRuleName\":\"undefined\"}" => HTTP 404 (104 bytes)
[PegaHttpClient] 📡 POST https://zdk8budo.pegaacademy.net/prweb/api/HRAppsV2Service/V1/rules/query?pxObjClass=Rule-HTML-Section&appliesTo=Rule-File-Somaria&pyRuleName=undefined&RequestClass=Rule-HTML-Section&RequestAppliesTo=Rule-File-Somaria&RequestRuleName=undefined Payload: "{\"RequestClass\":\"Rule-HTML-Section\",\"RequestAppliesTo\":\"Rule-File-Somaria\",\"RequestRuleName\":\"undefined\"}" => HTTP 404 (18 bytes)
[PegaHttpClient] 📡 POST https://zdk8budo.pegaacademy.net/prweb/PRRestService/HRAppsV2Service/V1/rules/query?pxObjClass=Rule-HTML-Section&appliesTo=Rule-File-Somaria&pyRuleName=undefined&RequestClass=Rule-HTML-Section&RequestAppliesTo=Rule-File-Somaria&RequestRuleName=undefined Payload: "{\"RequestClass\":\"Rule-HTML-Section\",\"RequestAppliesTo\":\"Rule-File-Somaria\",\"RequestRuleName\":\"undefined\"}" => HTTP 404 (18 bytes)
[PegaHttpClient] 📡 POST https://zdk8budo.pegaacademy.net/prweb/api/HRAppsV2/V1/rules/query?pxObjClass=Rule-HTML-Section&appliesTo=Rule-File-Somaria&pyRuleName=undefined&RequestClass=Rule-HTML-Section&RequestAppliesTo=Rule-File-Somaria&RequestRuleName=undefined Payload: "{\"RequestClass\":\"Rule-HTML-Section\",\"RequestAppliesTo\":\"Rule-File-Somaria\",\"RequestRuleName\":\"undefined\"}" => HTTP 404 (18 bytes)
[PegaHttpClient] 📡 POST https://zdk8budo.pegaacademy.net/prweb/PRRestService/HRAppsV2/V1/rules/query?pxObjClass=Rule-HTML-Section&appliesTo=Rule-File-Somaria&pyRuleName=undefined&RequestClass=Rule-HTML-Section&RequestAppliesTo=Rule-File-Somaria&RequestRuleName=undefined Payload: "{\"RequestClass\":\"Rule-HTML-Section\",\"RequestAppliesTo\":\"Rule-File-Somaria\",\"RequestRuleName\":\"undefined\"}" => HTTP 404 (18 bytes)
[PegaHttpClient] 📡 POST https://zdk8budo.pegaacademy.net/prweb/api/v1/rules/query?pxObjClass=Rule-HTML-Section&appliesTo=Rule-File-Somaria&pyRuleName=undefined&RequestClass=Rule-HTML-Section&RequestAppliesTo=Rule-File-Somaria&RequestRuleName=undefined Payload: "{\"RequestClass\":\"Rule-HTML-Section\",\"RequestAppliesTo\":\"Rule-File-Somaria\",\"RequestRuleName\":\"undefined\"}" => HTTP 404 (18 bytes)
[PegaHttpClient] 📡 POST https://zdk8budo.pegaacademy.net/prweb/PRRestService/v1/rules/query?pxObjClass=Rule-HTML-Section&appliesTo=Rule-File-Somaria&pyRuleName=undefined&RequestClass=Rule-HTML-Section&RequestAppliesTo=Rule-File-Somaria&RequestRuleName=undefined Payload: "{\"RequestClass\":\"Rule-HTML-Section\",\"RequestAppliesTo\":\"Rule-File-Somaria\",\"RequestRuleName\":\"undefined\"}" => HTTP 404 (18 bytes)
[PegaHttpClient] 📡 POST https://zdk8budo.pegaacademy.net/prweb/api/CodeIntelligence/v1/rules/query?pxObjClass=Rule-HTML-Section&appliesTo=Rule-File-Somaria&pyRuleName=pzRuleFormToolbar&RequestClass=Rule-HTML-Section&RequestAppliesTo=Rule-File-Somaria&RequestRuleName=pzRuleFormToolbar Payload: "{\"RequestClass\":\"Rule-HTML-Section\",\"RequestAppliesTo\":\"Rule-File-Somaria\",\"RequestRuleName\":\"pzRuleFormToolbar\"}" => HTTP 200 (242691 bytes)
[PegaHttpClient] 📡 POST https://zdk8budo.pegaacademy.net/prweb/api/CodeIntelligence/v1/rules/query?pxObjClass=Rule-HTML-Section&appliesTo=Rule-File-Somaria&pyRuleName=pzRuleFormToolbarCompare&RequestClass=Rule-HTML-Section&RequestAppliesTo=Rule-File-Somaria&RequestRuleName=pzRuleFormToolbarCompare Payload: "{\"RequestClass\":\"Rule-HTML-Section\",\"RequestAppliesTo\":\"Rule-File-Somaria\",\"RequestRuleName\":\"pzRuleFormToolbarCompare\"}" => HTTP 200 (61925 bytes)
[PegaHttpClient] 📡 POST https://zdk8budo.pegaacademy.net/prweb/api/CodeIntelligence/v1/rules/query?pxObjClass=Rule-HTML-Section&appliesTo=Rule-File-Somaria&pyRuleName=RuleFormHeaderMessages&RequestClass=Rule-HTML-Section&RequestAppliesTo=Rule-File-Somaria&RequestRuleName=RuleFormHeaderMessages Payload: "{\"RequestClass\":\"Rule-HTML-Section\",\"RequestAppliesTo\":\"Rule-File-Somaria\",\"RequestRuleName\":\"RuleFormHeaderMessages\"}" => HTTP 200 (26518 bytes)
[PegaHttpClient] 📡 POST https://zdk8budo.pegaacademy.net/prweb/api/CodeIntelligence/v1/rules/query?pxObjClass=Rule-HTML-Section&appliesTo=Rule-File-Somaria&pyRuleName=pzSomaria_Ruleform_FontFamiliesConfiguration&RequestClass=Rule-HTML-Section&RequestAppliesTo=Rule-File-Somaria&RequestRuleName=pzSomaria_Ruleform_FontFamiliesConfiguration Payload: "{\"RequestClass\":\"Rule-HTML-Section\",\"RequestAppliesTo\":\"Rule-File-Somaria\",\"RequestRuleName\":\"pzSomaria_Ruleform_FontFamiliesConfiguration\"}" => HTTP 200 (67202 bytes)
[PegaHttpClient] 📡 POST https://zdk8budo.pegaacademy.net/prweb/api/CodeIntelligence/v1/rules/query?pxObjClass=Rule-HTML-Section&appliesTo=Rule-File-Somaria&pyRuleName=pzAlternateRuleInfo&RequestClass=Rule-HTML-Section&RequestAppliesTo=Rule-File-Somaria&RequestRuleName=pzAlternateRuleInfo Payload: "{\"RequestClass\":\"Rule-HTML-Section\",\"RequestAppliesTo\":\"Rule-File-Somaria\",\"RequestRuleName\":\"pzAlternateRuleInfo\"}" => HTTP 200 (140407 bytes)
[PegaHttpClient] 📡 POST https://zdk8budo.pegaacademy.net/prweb/api/CodeIntelligence/v1/rules/query?pxObjClass=Rule-HTML-Section&appliesTo=Rule-File-Somaria&pyRuleName=RuleFormHistory_Description&RequestClass=Rule-HTML-Section&RequestAppliesTo=Rule-File-Somaria&RequestRuleName=RuleFormHistory_Description Payload: "{\"RequestClass\":\"Rule-HTML-Section\",\"RequestAppliesTo\":\"Rule-File-Somaria\",\"RequestRuleName\":\"RuleFormHistory_Description\"}" => HTTP 200 (46242 bytes)
[PegaHttpClient] 📡 POST https://zdk8budo.pegaacademy.net/prweb/api/CodeIntelligence/v1/rules/query?pxObjClass=Rule-HTML-Section&appliesTo=Rule-File-Somaria&pyRuleName=RuleFormHistory_CustomFields&RequestClass=Rule-HTML-Section&RequestAppliesTo=Rule-File-Somaria&RequestRuleName=RuleFormHistory_CustomFields Payload: "{\"RequestClass\":\"Rule-HTML-Section\",\"RequestAppliesTo\":\"Rule-File-Somaria\",\"RequestRuleName\":\"RuleFormHistory_CustomFields\"}" => HTTP 200 (75856 bytes)
[PegaHttpClient] 📡 POST https://zdk8budo.pegaacademy.net/prweb/api/CodeIntelligence/v1/rules/query?pxObjClass=Rule-HTML-Section&appliesTo=Rule-File-Somaria&pyRuleName=RuleFormHistory_HistoryDetails&RequestClass=Rule-HTML-Section&RequestAppliesTo=Rule-File-Somaria&RequestRuleName=RuleFormHistory_HistoryDetails Payload: "{\"RequestClass\":\"Rule-HTML-Section\",\"RequestAppliesTo\":\"Rule-File-Somaria\",\"RequestRuleName\":\"RuleFormHistory_HistoryDetails\"}" => HTTP 200 (179535 bytes)
[PegaHttpClient] 📡 POST https://zdk8budo.pegaacademy.net/prweb/api/CodeIntelligence/v1/rules/query?pxObjClass=Rule-HTML-Section&appliesTo=Rule-File-Somaria&pyRuleName=pzRuleFormStatus&RequestClass=Rule-HTML-Section&RequestAppliesTo=Rule-File-Somaria&RequestRuleName=pzRuleFormStatus Payload: "{\"RequestClass\":\"Rule-HTML-Section\",\"RequestAppliesTo\":\"Rule-File-Somaria\",\"RequestRuleName\":\"pzRuleFormStatus\"}" => HTTP 200 (97627 bytes)
[PegaHttpClient] 📡 POST https://zdk8budo.pegaacademy.net/prweb/api/CodeIntelligence/v1/rules/query?pxObjClass=Rule-HTML-Section&appliesTo=Rule-File-Somaria&pyRuleName=pzRuleFormHeaderCompareWithDropDown&RequestClass=Rule-HTML-Section&RequestAppliesTo=Rule-File-Somaria&RequestRuleName=pzRuleFormHeaderCompareWithDropDown Payload: "{\"RequestClass\":\"Rule-HTML-Section\",\"RequestAppliesTo\":\"Rule-File-Somaria\",\"RequestRuleName\":\"pzRuleFormHeaderCompareWithDropDown\"}" => HTTP 200 (25396 bytes)
[PegaHttpClient] 📡 POST https://zdk8budo.pegaacademy.net/prweb/api/CodeIntelligence/v1/rules/query?pxObjClass=Rule-HTML-Section&appliesTo=Rule-File-Somaria&pyRuleName=undefined&RequestClass=Rule-HTML-Section&RequestAppliesTo=Rule-File-Somaria&RequestRuleName=undefined Payload: "{\"RequestClass\":\"Rule-HTML-Section\",\"RequestAppliesTo\":\"Rule-File-Somaria\",\"RequestRuleName\":\"undefined\"}" => HTTP 404 (104 bytes)
[PegaHttpClient] 📡 POST https://zdk8budo.pegaacademy.net/prweb/PRRestService/CodeIntelligence/v1/rules/query?pxObjClass=Rule-HTML-Section&appliesTo=Rule-File-Somaria&pyRuleName=undefined&RequestClass=Rule-HTML-Section&RequestAppliesTo=Rule-File-Somaria&RequestRuleName=undefined Payload: "{\"RequestClass\":\"Rule-HTML-Section\",\"RequestAppliesTo\":\"Rule-File-Somaria\",\"RequestRuleName\":\"undefined\"}" => HTTP 404 (104 bytes)
[PegaHttpClient] 📡 POST https://zdk8budo.pegaacademy.net/prweb/api/HRAppsV2Service/V1/rules/query?pxObjClass=Rule-HTML-Section&appliesTo=Rule-File-Somaria&pyRuleName=undefined&RequestClass=Rule-HTML-Section&RequestAppliesTo=Rule-File-Somaria&RequestRuleName=undefined Payload: "{\"RequestClass\":\"Rule-HTML-Section\",\"RequestAppliesTo\":\"Rule-File-Somaria\",\"RequestRuleName\":\"undefined\"}" => HTTP 404 (18 bytes)
[PegaHttpClient] 📡 POST https://zdk8budo.pegaacademy.net/prweb/PRRestService/HRAppsV2Service/V1/rules/query?pxObjClass=Rule-HTML-Section&appliesTo=Rule-File-Somaria&pyRuleName=undefined&RequestClass=Rule-HTML-Section&RequestAppliesTo=Rule-File-Somaria&RequestRuleName=undefined Payload: "{\"RequestClass\":\"Rule-HTML-Section\",\"RequestAppliesTo\":\"Rule-File-Somaria\",\"RequestRuleName\":\"undefined\"}" => HTTP 404 (18 bytes)
[PegaHttpClient] 📡 POST https://zdk8budo.pegaacademy.net/prweb/api/HRAppsV2/V1/rules/query?pxObjClass=Rule-HTML-Section&appliesTo=Rule-File-Somaria&pyRuleName=undefined&RequestClass=Rule-HTML-Section&RequestAppliesTo=Rule-File-Somaria&RequestRuleName=undefined Payload: "{\"RequestClass\":\"Rule-HTML-Section\",\"RequestAppliesTo\":\"Rule-File-Somaria\",\"RequestRuleName\":\"undefined\"}" => HTTP 404 (18 bytes)
[PegaHttpClient] 📡 POST https://zdk8budo.pegaacademy.net/prweb/PRRestService/HRAppsV2/V1/rules/query?pxObjClass=Rule-HTML-Section&appliesTo=Rule-File-Somaria&pyRuleName=undefined&RequestClass=Rule-HTML-Section&RequestAppliesTo=Rule-File-Somaria&RequestRuleName=undefined Payload: "{\"RequestClass\":\"Rule-HTML-Section\",\"RequestAppliesTo\":\"Rule-File-Somaria\",\"RequestRuleName\":\"undefined\"}" => HTTP 404 (18 bytes)
[PegaHttpClient] 📡 POST https://zdk8budo.pegaacademy.net/prweb/api/v1/rules/query?pxObjClass=Rule-HTML-Section&appliesTo=Rule-File-Somaria&pyRuleName=undefined&RequestClass=Rule-HTML-Section&RequestAppliesTo=Rule-File-Somaria&RequestRuleName=undefined Payload: "{\"RequestClass\":\"Rule-HTML-Section\",\"RequestAppliesTo\":\"Rule-File-Somaria\",\"RequestRuleName\":\"undefined\"}" => HTTP 404 (18 bytes)
[PegaHttpClient] 📡 POST https://zdk8budo.pegaacademy.net/prweb/PRRestService/v1/rules/query?pxObjClass=Rule-HTML-Section&appliesTo=Rule-File-Somaria&pyRuleName=undefined&RequestClass=Rule-HTML-Section&RequestAppliesTo=Rule-File-Somaria&RequestRuleName=undefined Payload: "{\"RequestClass\":\"Rule-HTML-Section\",\"RequestAppliesTo\":\"Rule-File-Somaria\",\"RequestRuleName\":\"undefined\"}" => HTTP 404 (18 bytes)
[PegaHttpClient] 📡 POST https://zdk8budo.pegaacademy.net/prweb/api/CodeIntelligence/v1/rules/query?pxObjClass=Rule-HTML-Section&appliesTo=Rule-File-Somaria&pyRuleName=pzRuleFormToolbarHotKeys&RequestClass=Rule-HTML-Section&RequestAppliesTo=Rule-File-Somaria&RequestRuleName=pzRuleFormToolbarHotKeys Payload: "{\"RequestClass\":\"Rule-HTML-Section\",\"RequestAppliesTo\":\"Rule-File-Somaria\",\"RequestRuleName\":\"pzRuleFormToolbarHotKeys\"}" => HTTP 200 (85058 bytes)
[PegaHttpClient] 📡 POST https://zdk8budo.pegaacademy.net/prweb/api/CodeIntelligence/v1/rules/query?pxObjClass=Rule-HTML-Section&appliesTo=Rule-File-Somaria&pyRuleName=pzRuleFormToolbarLockedIcon&RequestClass=Rule-HTML-Section&RequestAppliesTo=Rule-File-Somaria&RequestRuleName=pzRuleFormToolbarLockedIcon Payload: "{\"RequestClass\":\"Rule-HTML-Section\",\"RequestAppliesTo\":\"Rule-File-Somaria\",\"RequestRuleName\":\"pzRuleFormToolbarLockedIcon\"}" => HTTP 200 (24898 bytes)
[PegaHttpClient] 📡 POST https://zdk8budo.pegaacademy.net/prweb/api/CodeIntelligence/v1/rules/query?pxObjClass=Rule-HTML-Section&appliesTo=Rule-File-Somaria&pyRuleName=pzRuleFormToolbarCollaborators&RequestClass=Rule-HTML-Section&RequestAppliesTo=Rule-File-Somaria&RequestRuleName=pzRuleFormToolbarCollaborators Payload: "{\"RequestClass\":\"Rule-HTML-Section\",\"RequestAppliesTo\":\"Rule-File-Somaria\",\"RequestRuleName\":\"pzRuleFormToolbarCollaborators\"}" => HTTP 200 (15254 bytes)
[PegaHttpClient] 📡 POST https://zdk8budo.pegaacademy.net/prweb/api/CodeIntelligence/v1/rules/query?pxObjClass=Rule-HTML-Section&appliesTo=Rule-File-Somaria&pyRuleName=pzRuleFormToolbarSaveAs&RequestClass=Rule-HTML-Section&RequestAppliesTo=Rule-File-Somaria&RequestRuleName=pzRuleFormToolbarSaveAs Payload: "{\"RequestClass\":\"Rule-HTML-Section\",\"RequestAppliesTo\":\"Rule-File-Somaria\",\"RequestRuleName\":\"pzRuleFormToolbarSaveAs\"}" => HTTP 200 (64084 bytes)
[PegaHttpClient] 📡 POST https://zdk8budo.pegaacademy.net/prweb/api/CodeIntelligence/v1/rules/query?pxObjClass=Rule-HTML-Section&appliesTo=Rule-File-Somaria&pyRuleName=pzRuleFormToolbarCheckin&RequestClass=Rule-HTML-Section&RequestAppliesTo=Rule-File-Somaria&RequestRuleName=pzRuleFormToolbarCheckin Payload: "{\"RequestClass\":\"Rule-HTML-Section\",\"RequestAppliesTo\":\"Rule-File-Somaria\",\"RequestRuleName\":\"pzRuleFormToolbarCheckin\"}" => HTTP 200 (119096 bytes)
[PegaHttpClient] 📡 POST https://zdk8budo.pegaacademy.net/prweb/api/CodeIntelligence/v1/rules/query?pxObjClass=Rule-HTML-Section&appliesTo=Rule-File-Somaria&pyRuleName=pzRuleFormToolbarDelete&RequestClass=Rule-HTML-Section&RequestAppliesTo=Rule-File-Somaria&RequestRuleName=pzRuleFormToolbarDelete Payload: "{\"RequestClass\":\"Rule-HTML-Section\",\"RequestAppliesTo\":\"Rule-File-Somaria\",\"RequestRuleName\":\"pzRuleFormToolbarDelete\"}" => HTTP 200 (30249 bytes)
[PegaHttpClient] 📡 POST https://zdk8budo.pegaacademy.net/prweb/api/CodeIntelligence/v1/rules/query?pxObjClass=Rule-HTML-Section&appliesTo=Rule-File-Somaria&pyRuleName=pzRuleFormToolbarSave&RequestClass=Rule-HTML-Section&RequestAppliesTo=Rule-File-Somaria&RequestRuleName=pzRuleFormToolbarSave Payload: "{\"RequestClass\":\"Rule-HTML-Section\",\"RequestAppliesTo\":\"Rule-File-Somaria\",\"RequestRuleName\":\"pzRuleFormToolbarSave\"}" => HTTP 200 (293885 bytes)
[PegaHttpClient] 📡 POST https://zdk8budo.pegaacademy.net/prweb/api/CodeIntelligence/v1/rules/query?pxObjClass=Rule-HTML-Section&appliesTo=Rule-File-Somaria&pyRuleName=pzRuleFormToolbarCheckout&RequestClass=Rule-HTML-Section&RequestAppliesTo=Rule-File-Somaria&RequestRuleName=pzRuleFormToolbarCheckout Payload: "{\"RequestClass\":\"Rule-HTML-Section\",\"RequestAppliesTo\":\"Rule-File-Somaria\",\"RequestRuleName\":\"pzRuleFormToolbarCheckout\"}" => HTTP 200 (238148 bytes)
[PegaHttpClient] 📡 POST https://zdk8budo.pegaacademy.net/prweb/api/CodeIntelligence/v1/rules/query?pxObjClass=Rule-HTML-Section&appliesTo=Rule-File-Somaria&pyRuleName=pzRemoveErrorsDataPage&RequestClass=Rule-HTML-Section&RequestAppliesTo=Rule-File-Somaria&RequestRuleName=pzRemoveErrorsDataPage Payload: "{\"RequestClass\":\"Rule-HTML-Section\",\"RequestAppliesTo\":\"Rule-File-Somaria\",\"RequestRuleName\":\"pzRemoveErrorsDataPage\"}" => HTTP 200 (16733 bytes)
[PegaHttpClient] 📡 POST https://zdk8budo.pegaacademy.net/prweb/api/CodeIntelligence/v1/rules/query?pxObjClass=Rule-HTML-Section&appliesTo=Rule-File-Somaria&pyRuleName=pzRuleFormHeaderMessagesWrapper&RequestClass=Rule-HTML-Section&RequestAppliesTo=Rule-File-Somaria&RequestRuleName=pzRuleFormHeaderMessagesWrapper Payload: "{\"RequestClass\":\"Rule-HTML-Section\",\"RequestAppliesTo\":\"Rule-File-Somaria\",\"RequestRuleName\":\"pzRuleFormHeaderMessagesWrapper\"}" => HTTP 200 (16981 bytes)
[PegaHttpClient] 📡 POST https://zdk8budo.pegaacademy.net/prweb/api/CodeIntelligence/v1/rules/query?pxObjClass=Rule-HTML-Section&appliesTo=Rule-File-Somaria&pyRuleName=pzSomaria_RuleForm_EditFontFamily&RequestClass=Rule-HTML-Section&RequestAppliesTo=Rule-File-Somaria&RequestRuleName=pzSomaria_RuleForm_EditFontFamily Payload: "{\"RequestClass\":\"Rule-HTML-Section\",\"RequestAppliesTo\":\"Rule-File-Somaria\",\"RequestRuleName\":\"pzSomaria_RuleForm_EditFontFamily\"}" => HTTP 404 (128 bytes)
[PegaHttpClient] 📡 POST https://zdk8budo.pegaacademy.net/prweb/PRRestService/CodeIntelligence/v1/rules/query?pxObjClass=Rule-HTML-Section&appliesTo=Rule-File-Somaria&pyRuleName=pzSomaria_RuleForm_EditFontFamily&RequestClass=Rule-HTML-Section&RequestAppliesTo=Rule-File-Somaria&RequestRuleName=pzSomaria_RuleForm_EditFontFamily Payload: "{\"RequestClass\":\"Rule-HTML-Section\",\"RequestAppliesTo\":\"Rule-File-Somaria\",\"RequestRuleName\":\"pzSomaria_RuleForm_EditFontFamily\"}" => HTTP 404 (128 bytes)
[PegaHttpClient] 📡 POST https://zdk8budo.pegaacademy.net/prweb/api/HRAppsV2Service/V1/rules/query?pxObjClass=Rule-HTML-Section&appliesTo=Rule-File-Somaria&pyRuleName=pzSomaria_RuleForm_EditFontFamily&RequestClass=Rule-HTML-Section&RequestAppliesTo=Rule-File-Somaria&RequestRuleName=pzSomaria_RuleForm_EditFontFamily Payload: "{\"RequestClass\":\"Rule-HTML-Section\",\"RequestAppliesTo\":\"Rule-File-Somaria\",\"RequestRuleName\":\"pzSomaria_RuleForm_EditFontFamily\"}" => HTTP 404 (18 bytes)
[PegaHttpClient] 📡 POST https://zdk8budo.pegaacademy.net/prweb/PRRestService/HRAppsV2Service/V1/rules/query?pxObjClass=Rule-HTML-Section&appliesTo=Rule-File-Somaria&pyRuleName=pzSomaria_RuleForm_EditFontFamily&RequestClass=Rule-HTML-Section&RequestAppliesTo=Rule-File-Somaria&RequestRuleName=pzSomaria_RuleForm_EditFontFamily Payload: "{\"RequestClass\":\"Rule-HTML-Section\",\"RequestAppliesTo\":\"Rule-File-Somaria\",\"RequestRuleName\":\"pzSomaria_RuleForm_EditFontFamily\"}" => HTTP 404 (18 bytes)
[PegaHttpClient] 📡 POST https://zdk8budo.pegaacademy.net/prweb/api/HRAppsV2/V1/rules/query?pxObjClass=Rule-HTML-Section&appliesTo=Rule-File-Somaria&pyRuleName=pzSomaria_RuleForm_EditFontFamily&RequestClass=Rule-HTML-Section&RequestAppliesTo=Rule-File-Somaria&RequestRuleName=pzSomaria_RuleForm_EditFontFamily Payload: "{\"RequestClass\":\"Rule-HTML-Section\",\"RequestAppliesTo\":\"Rule-File-Somaria\",\"RequestRuleName\":\"pzSomaria_RuleForm_EditFontFamily\"}" => HTTP 404 (18 bytes)
[PegaHttpClient] 📡 POST https://zdk8budo.pegaacademy.net/prweb/PRRestService/HRAppsV2/V1/rules/query?pxObjClass=Rule-HTML-Section&appliesTo=Rule-File-Somaria&pyRuleName=pzSomaria_RuleForm_EditFontFamily&RequestClass=Rule-HTML-Section&RequestAppliesTo=Rule-File-Somaria&RequestRuleName=pzSomaria_RuleForm_EditFontFamily Payload: "{\"RequestClass\":\"Rule-HTML-Section\",\"RequestAppliesTo\":\"Rule-File-Somaria\",\"RequestRuleName\":\"pzSomaria_RuleForm_EditFontFamily\"}" => HTTP 404 (18 bytes)
[PegaHttpClient] 📡 POST https://zdk8budo.pegaacademy.net/prweb/api/v1/rules/query?pxObjClass=Rule-HTML-Section&appliesTo=Rule-File-Somaria&pyRuleName=pzSomaria_RuleForm_EditFontFamily&RequestClass=Rule-HTML-Section&RequestAppliesTo=Rule-File-Somaria&RequestRuleName=pzSomaria_RuleForm_EditFontFamily Payload: "{\"RequestClass\":\"Rule-HTML-Section\",\"RequestAppliesTo\":\"Rule-File-Somaria\",\"RequestRuleName\":\"pzSomaria_RuleForm_EditFontFamily\"}" => HTTP 404 (18 bytes)
[PegaHttpClient] 📡 POST https://zdk8budo.pegaacademy.net/prweb/PRRestService/v1/rules/query?pxObjClass=Rule-HTML-Section&appliesTo=Rule-File-Somaria&pyRuleName=pzSomaria_RuleForm_EditFontFamily&RequestClass=Rule-HTML-Section&RequestAppliesTo=Rule-File-Somaria&RequestRuleName=pzSomaria_RuleForm_EditFontFamily Payload: "{\"RequestClass\":\"Rule-HTML-Section\",\"RequestAppliesTo\":\"Rule-File-Somaria\",\"RequestRuleName\":\"pzSomaria_RuleForm_EditFontFamily\"}" => HTTP 404 (18 bytes)
[PegaHttpClient] 📡 POST https://zdk8budo.pegaacademy.net/prweb/api/CodeIntelligence/v1/rules/query?pxObjClass=Rule-HTML-Section&appliesTo=Rule-File-Somaria&pyRuleName=pzScm_RuleHistory&RequestClass=Rule-HTML-Section&RequestAppliesTo=Rule-File-Somaria&RequestRuleName=pzScm_RuleHistory Payload: "{\"RequestClass\":\"Rule-HTML-Section\",\"RequestAppliesTo\":\"Rule-File-Somaria\",\"RequestRuleName\":\"pzScm_RuleHistory\"}" => HTTP 200 (14682 bytes)
[PegaHttpClient] 📡 POST https://zdk8budo.pegaacademy.net/prweb/api/CodeIntelligence/v1/rules/query?pxObjClass=Rule-HTML-Section&appliesTo=Rule-File-Somaria&pyRuleName=pxDisplayCollaborators&RequestClass=Rule-HTML-Section&RequestAppliesTo=Rule-File-Somaria&RequestRuleName=pxDisplayCollaborators Payload: "{\"RequestClass\":\"Rule-HTML-Section\",\"RequestAppliesTo\":\"Rule-File-Somaria\",\"RequestRuleName\":\"pxDisplayCollaborators\"}" => HTTP 200 (94171 bytes)
[PegaHttpClient] 📡 POST https://zdk8budo.pegaacademy.net/prweb/api/CodeIntelligence/v1/rules/query?pxObjClass=Rule-HTML-Section&appliesTo=Rule-File-Somaria&pyRuleName=pzRuleFormToolbarDeleteCheckOut&RequestClass=Rule-HTML-Section&RequestAppliesTo=Rule-File-Somaria&RequestRuleName=pzRuleFormToolbarDeleteCheckOut Payload: "{\"RequestClass\":\"Rule-HTML-Section\",\"RequestAppliesTo\":\"Rule-File-Somaria\",\"RequestRuleName\":\"pzRuleFormToolbarDeleteCheckOut\"}" => HTTP 200 (29433 bytes)
[PegaHttpClient] 📡 POST https://zdk8budo.pegaacademy.net/prweb/api/CodeIntelligence/v1/rules/query?pxObjClass=Rule-HTML-Section&appliesTo=Rule-File-Somaria&pyRuleName=pzRuleFormToolbarDeleteRule&RequestClass=Rule-HTML-Section&RequestAppliesTo=Rule-File-Somaria&RequestRuleName=pzRuleFormToolbarDeleteRule Payload: "{\"RequestClass\":\"Rule-HTML-Section\",\"RequestAppliesTo\":\"Rule-File-Somaria\",\"RequestRuleName\":\"pzRuleFormToolbarDeleteRule\"}" => HTTP 200 (32314 bytes)
[PegaHttpClient] 📡 POST https://zdk8budo.pegaacademy.net/prweb/api/CodeIntelligence/v1/rules/query?pxObjClass=Rule-HTML-Section&appliesTo=Rule-File-Somaria&pyRuleName=pzLoadCollaborationScripts&RequestClass=Rule-HTML-Section&RequestAppliesTo=Rule-File-Somaria&RequestRuleName=pzLoadCollaborationScripts Payload: "{\"RequestClass\":\"Rule-HTML-Section\",\"RequestAppliesTo\":\"Rule-File-Somaria\",\"RequestRuleName\":\"pzLoadCollaborationScripts\"}" => HTTP 200 (23453 bytes)
[PegaHttpClient] 📡 POST https://zdk8budo.pegaacademy.net/prweb/api/CodeIntelligence/v1/rules/query?pxObjClass=Rule-HTML-Section&appliesTo=Rule-File-Somaria&pyRuleName=pzDisplayCollaboratorsList&RequestClass=Rule-HTML-Section&RequestAppliesTo=Rule-File-Somaria&RequestRuleName=pzDisplayCollaboratorsList Payload: "{\"RequestClass\":\"Rule-HTML-Section\",\"RequestAppliesTo\":\"Rule-File-Somaria\",\"RequestRuleName\":\"pzDisplayCollaboratorsList\"}" => HTTP 200 (105418 bytes)
[PegaHttpClient] 📡 POST https://zdk8budo.pegaacademy.net/prweb/api/CodeIntelligence/v1/rules/query?pxObjClass=Rule-HTML-Section&appliesTo=Rule-File-Somaria&pyRuleName=pyCollaborator&RequestClass=Rule-HTML-Section&RequestAppliesTo=Rule-File-Somaria&RequestRuleName=pyCollaborator Payload: "{\"RequestClass\":\"Rule-HTML-Section\",\"RequestAppliesTo\":\"Rule-File-Somaria\",\"RequestRuleName\":\"pyCollaborator\"}" => HTTP 404 (109 bytes)
[PegaHttpClient] 📡 POST https://zdk8budo.pegaacademy.net/prweb/PRRestService/CodeIntelligence/v1/rules/query?pxObjClass=Rule-HTML-Section&appliesTo=Rule-File-Somaria&pyRuleName=pyCollaborator&RequestClass=Rule-HTML-Section&RequestAppliesTo=Rule-File-Somaria&RequestRuleName=pyCollaborator Payload: "{\"RequestClass\":\"Rule-HTML-Section\",\"RequestAppliesTo\":\"Rule-File-Somaria\",\"RequestRuleName\":\"pyCollaborator\"}" => HTTP 404 (109 bytes)
[PegaHttpClient] 📡 POST https://zdk8budo.pegaacademy.net/prweb/api/HRAppsV2Service/V1/rules/query?pxObjClass=Rule-HTML-Section&appliesTo=Rule-File-Somaria&pyRuleName=pyCollaborator&RequestClass=Rule-HTML-Section&RequestAppliesTo=Rule-File-Somaria&RequestRuleName=pyCollaborator Payload: "{\"RequestClass\":\"Rule-HTML-Section\",\"RequestAppliesTo\":\"Rule-File-Somaria\",\"RequestRuleName\":\"pyCollaborator\"}" => HTTP 404 (18 bytes)
[PegaHttpClient] 📡 POST https://zdk8budo.pegaacademy.net/prweb/PRRestService/HRAppsV2Service/V1/rules/query?pxObjClass=Rule-HTML-Section&appliesTo=Rule-File-Somaria&pyRuleName=pyCollaborator&RequestClass=Rule-HTML-Section&RequestAppliesTo=Rule-File-Somaria&RequestRuleName=pyCollaborator Payload: "{\"RequestClass\":\"Rule-HTML-Section\",\"RequestAppliesTo\":\"Rule-File-Somaria\",\"RequestRuleName\":\"pyCollaborator\"}" => HTTP 404 (18 bytes)
[PegaHttpClient] 📡 POST https://zdk8budo.pegaacademy.net/prweb/api/HRAppsV2/V1/rules/query?pxObjClass=Rule-HTML-Section&appliesTo=Rule-File-Somaria&pyRuleName=pyCollaborator&RequestClass=Rule-HTML-Section&RequestAppliesTo=Rule-File-Somaria&RequestRuleName=pyCollaborator Payload: "{\"RequestClass\":\"Rule-HTML-Section\",\"RequestAppliesTo\":\"Rule-File-Somaria\",\"RequestRuleName\":\"pyCollaborator\"}" => HTTP 404 (18 bytes)
[PegaHttpClient] 📡 POST https://zdk8budo.pegaacademy.net/prweb/PRRestService/HRAppsV2/V1/rules/query?pxObjClass=Rule-HTML-Section&appliesTo=Rule-File-Somaria&pyRuleName=pyCollaborator&RequestClass=Rule-HTML-Section&RequestAppliesTo=Rule-File-Somaria&RequestRuleName=pyCollaborator Payload: "{\"RequestClass\":\"Rule-HTML-Section\",\"RequestAppliesTo\":\"Rule-File-Somaria\",\"RequestRuleName\":\"pyCollaborator\"}" => HTTP 404 (18 bytes)
[PegaHttpClient] 📡 POST https://zdk8budo.pegaacademy.net/prweb/api/v1/rules/query?pxObjClass=Rule-HTML-Section&appliesTo=Rule-File-Somaria&pyRuleName=pyCollaborator&RequestClass=Rule-HTML-Section&RequestAppliesTo=Rule-File-Somaria&RequestRuleName=pyCollaborator Payload: "{\"RequestClass\":\"Rule-HTML-Section\",\"RequestAppliesTo\":\"Rule-File-Somaria\",\"RequestRuleName\":\"pyCollaborator\"}" => HTTP 404 (18 bytes)
[PegaHttpClient] 📡 POST https://zdk8budo.pegaacademy.net/prweb/PRRestService/v1/rules/query?pxObjClass=Rule-HTML-Section&appliesTo=Rule-File-Somaria&pyRuleName=pyCollaborator&RequestClass=Rule-HTML-Section&RequestAppliesTo=Rule-File-Somaria&RequestRuleName=pyCollaborator Payload: "{\"RequestClass\":\"Rule-HTML-Section\",\"RequestAppliesTo\":\"Rule-File-Somaria\",\"RequestRuleName\":\"pyCollaborator\"}" => HTTP 404 (18 bytes)
[PegaHttpClient] 📡 POST https://zdk8budo.pegaacademy.net/prweb/api/CodeIntelligence/v1/rules/query?pxObjClass=Rule-HTML-Section&appliesTo=Rule-File-Somaria&pyRuleName=pzDisplayPartialCount&RequestClass=Rule-HTML-Section&RequestAppliesTo=Rule-File-Somaria&RequestRuleName=pzDisplayPartialCount Payload: "{\"RequestClass\":\"Rule-HTML-Section\",\"RequestAppliesTo\":\"Rule-File-Somaria\",\"RequestRuleName\":\"pzDisplayPartialCount\"}" => HTTP 404 (116 bytes)
[PegaHttpClient] 📡 POST https://zdk8budo.pegaacademy.net/prweb/PRRestService/CodeIntelligence/v1/rules/query?pxObjClass=Rule-HTML-Section&appliesTo=Rule-File-Somaria&pyRuleName=pzDisplayPartialCount&RequestClass=Rule-HTML-Section&RequestAppliesTo=Rule-File-Somaria&RequestRuleName=pzDisplayPartialCount Payload: "{\"RequestClass\":\"Rule-HTML-Section\",\"RequestAppliesTo\":\"Rule-File-Somaria\",\"RequestRuleName\":\"pzDisplayPartialCount\"}" => HTTP 404 (116 bytes)
[PegaHttpClient] 📡 POST https://zdk8budo.pegaacademy.net/prweb/api/HRAppsV2Service/V1/rules/query?pxObjClass=Rule-HTML-Section&appliesTo=Rule-File-Somaria&pyRuleName=pzDisplayPartialCount&RequestClass=Rule-HTML-Section&RequestAppliesTo=Rule-File-Somaria&RequestRuleName=pzDisplayPartialCount Payload: "{\"RequestClass\":\"Rule-HTML-Section\",\"RequestAppliesTo\":\"Rule-File-Somaria\",\"RequestRuleName\":\"pzDisplayPartialCount\"}" => HTTP 404 (18 bytes)
[PegaHttpClient] 📡 POST https://zdk8budo.pegaacademy.net/prweb/PRRestService/HRAppsV2Service/V1/rules/query?pxObjClass=Rule-HTML-Section&appliesTo=Rule-File-Somaria&pyRuleName=pzDisplayPartialCount&RequestClass=Rule-HTML-Section&RequestAppliesTo=Rule-File-Somaria&RequestRuleName=pzDisplayPartialCount Payload: "{\"RequestClass\":\"Rule-HTML-Section\",\"RequestAppliesTo\":\"Rule-File-Somaria\",\"RequestRuleName\":\"pzDisplayPartialCount\"}" => HTTP 404 (18 bytes)
[PegaHttpClient] 📡 POST https://zdk8budo.pegaacademy.net/prweb/api/HRAppsV2/V1/rules/query?pxObjClass=Rule-HTML-Section&appliesTo=Rule-File-Somaria&pyRuleName=pzDisplayPartialCount&RequestClass=Rule-HTML-Section&RequestAppliesTo=Rule-File-Somaria&RequestRuleName=pzDisplayPartialCount Payload: "{\"RequestClass\":\"Rule-HTML-Section\",\"RequestAppliesTo\":\"Rule-File-Somaria\",\"RequestRuleName\":\"pzDisplayPartialCount\"}" => HTTP 404 (18 bytes)
[PegaHttpClient] 📡 POST https://zdk8budo.pegaacademy.net/prweb/PRRestService/HRAppsV2/V1/rules/query?pxObjClass=Rule-HTML-Section&appliesTo=Rule-File-Somaria&pyRuleName=pzDisplayPartialCount&RequestClass=Rule-HTML-Section&RequestAppliesTo=Rule-File-Somaria&RequestRuleName=pzDisplayPartialCount Payload: "{\"RequestClass\":\"Rule-HTML-Section\",\"RequestAppliesTo\":\"Rule-File-Somaria\",\"RequestRuleName\":\"pzDisplayPartialCount\"}" => HTTP 404 (18 bytes)
[PegaHttpClient] 📡 POST https://zdk8budo.pegaacademy.net/prweb/api/v1/rules/query?pxObjClass=Rule-HTML-Section&appliesTo=Rule-File-Somaria&pyRuleName=pzDisplayPartialCount&RequestClass=Rule-HTML-Section&RequestAppliesTo=Rule-File-Somaria&RequestRuleName=pzDisplayPartialCount Payload: "{\"RequestClass\":\"Rule-HTML-Section\",\"RequestAppliesTo\":\"Rule-File-Somaria\",\"RequestRuleName\":\"pzDisplayPartialCount\"}" => HTTP 404 (18 bytes)
[PegaHttpClient] 📡 POST https://zdk8budo.pegaacademy.net/prweb/PRRestService/v1/rules/query?pxObjClass=Rule-HTML-Section&appliesTo=Rule-File-Somaria&pyRuleName=pzDisplayPartialCount&RequestClass=Rule-HTML-Section&RequestAppliesTo=Rule-File-Somaria&RequestRuleName=pzDisplayPartialCount Payload: "{\"RequestClass\":\"Rule-HTML-Section\",\"RequestAppliesTo\":\"Rule-File-Somaria\",\"RequestRuleName\":\"pzDisplayPartialCount\"}" => HTTP 404 (18 bytes)
[SchemaGen] ✅ Schema written for Rule-File-Somaria
[PegaHttpClient] 📡 GET https://zdk8budo.pegaacademy.net/prweb/api/CodeIntelligence/v1/rules/RULE-HTML-HARNESS%20PEGABLUEPRINT-DATA-BLUEPRINT%20RULEFORM%20%2320240425T151428.605%20GMT => HTTP 200 (27003 bytes)
[PegaHttpClient] 📡 POST https://zdk8budo.pegaacademy.net/prweb/api/CodeIntelligence/v1/rules/query?pxObjClass=Rule-HTML-Section&appliesTo=PegaBlueprint-Data-Blueprint&pyRuleName=RuleFormMain&RequestClass=Rule-HTML-Section&RequestAppliesTo=PegaBlueprint-Data-Blueprint&RequestRuleName=RuleFormMain Payload: "{\"RequestClass\":\"Rule-HTML-Section\",\"RequestAppliesTo\":\"PegaBlueprint-Data-Blueprint\",\"RequestRuleName\":\"RuleFormMain\"}" => HTTP 200 (156234 bytes)
[PegaHttpClient] 📡 POST https://zdk8budo.pegaacademy.net/prweb/api/CodeIntelligence/v1/rules/query?pxObjClass=Rule-HTML-Section&appliesTo=PegaBlueprint-Data-Blueprint&pyRuleName=pxAlternateRuleForm&RequestClass=Rule-HTML-Section&RequestAppliesTo=PegaBlueprint-Data-Blueprint&RequestRuleName=pxAlternateRuleForm Payload: "{\"RequestClass\":\"Rule-HTML-Section\",\"RequestAppliesTo\":\"PegaBlueprint-Data-Blueprint\",\"RequestRuleName\":\"pxAlternateRuleForm\"}" => HTTP 200 (66153 bytes)
[PegaHttpClient] 📡 POST https://zdk8budo.pegaacademy.net/prweb/api/CodeIntelligence/v1/rules/query?pxObjClass=Rule-HTML-Section&appliesTo=PegaBlueprint-Data-Blueprint&pyRuleName=pzRuleFormScripts&RequestClass=Rule-HTML-Section&RequestAppliesTo=PegaBlueprint-Data-Blueprint&RequestRuleName=pzRuleFormScripts Payload: "{\"RequestClass\":\"Rule-HTML-Section\",\"RequestAppliesTo\":\"PegaBlueprint-Data-Blueprint\",\"RequestRuleName\":\"pzRuleFormScripts\"}" => HTTP 200 (40822 bytes)
[PegaHttpClient] 📡 POST https://zdk8budo.pegaacademy.net/prweb/api/CodeIntelligence/v1/rules/query?pxObjClass=Rule-HTML-Section&appliesTo=PegaBlueprint-Data-Blueprint&pyRuleName=pzRuleFormLayoutDelegated&RequestClass=Rule-HTML-Section&RequestAppliesTo=PegaBlueprint-Data-Blueprint&RequestRuleName=pzRuleFormLayoutDelegated Payload: "{\"RequestClass\":\"Rule-HTML-Section\",\"RequestAppliesTo\":\"PegaBlueprint-Data-Blueprint\",\"RequestRuleName\":\"pzRuleFormLayoutDelegated\"}" => HTTP 200 (70998 bytes)
[PegaHttpClient] 📡 POST https://zdk8budo.pegaacademy.net/prweb/api/CodeIntelligence/v1/rules/query?pxObjClass=Rule-HTML-Section&appliesTo=PegaBlueprint-Data-Blueprint&pyRuleName=RuleFormLayout&RequestClass=Rule-HTML-Section&RequestAppliesTo=PegaBlueprint-Data-Blueprint&RequestRuleName=RuleFormLayout Payload: "{\"RequestClass\":\"Rule-HTML-Section\",\"RequestAppliesTo\":\"PegaBlueprint-Data-Blueprint\",\"RequestRuleName\":\"RuleFormLayout\"}" => HTTP 200 (142366 bytes)
[PegaHttpClient] 📡 POST https://zdk8budo.pegaacademy.net/prweb/api/CodeIntelligence/v1/rules/query?pxObjClass=Rule-HTML-Section&appliesTo=PegaBlueprint-Data-Blueprint&pyRuleName=RuleFormSettings&RequestClass=Rule-HTML-Section&RequestAppliesTo=PegaBlueprint-Data-Blueprint&RequestRuleName=RuleFormSettings Payload: "{\"RequestClass\":\"Rule-HTML-Section\",\"RequestAppliesTo\":\"PegaBlueprint-Data-Blueprint\",\"RequestRuleName\":\"RuleFormSettings\"}" => HTTP 200 (21582 bytes)
[PegaHttpClient] 📡 POST https://zdk8budo.pegaacademy.net/prweb/api/CodeIntelligence/v1/rules/query?pxObjClass=Rule-HTML-Section&appliesTo=PegaBlueprint-Data-Blueprint&pyRuleName=OpenAuthoring&RequestClass=Rule-HTML-Section&RequestAppliesTo=PegaBlueprint-Data-Blueprint&RequestRuleName=OpenAuthoring Payload: "{\"RequestClass\":\"Rule-HTML-Section\",\"RequestAppliesTo\":\"PegaBlueprint-Data-Blueprint\",\"RequestRuleName\":\"OpenAuthoring\"}" => HTTP 200 (20315 bytes)
[PegaHttpClient] 📡 POST https://zdk8budo.pegaacademy.net/prweb/api/CodeIntelligence/v1/rules/query?pxObjClass=Rule-HTML-Section&appliesTo=PegaBlueprint-Data-Blueprint&pyRuleName=pyCustomHelp&RequestClass=Rule-HTML-Section&RequestAppliesTo=PegaBlueprint-Data-Blueprint&RequestRuleName=pyCustomHelp Payload: "{\"RequestClass\":\"Rule-HTML-Section\",\"RequestAppliesTo\":\"PegaBlueprint-Data-Blueprint\",\"RequestRuleName\":\"pyCustomHelp\"}" => HTTP 200 (17256 bytes)
[PegaHttpClient] 📡 POST https://zdk8budo.pegaacademy.net/prweb/api/CodeIntelligence/v1/rules/query?pxObjClass=Rule-HTML-Section&appliesTo=PegaBlueprint-Data-Blueprint&pyRuleName=pzRuleformMainInclude&RequestClass=Rule-HTML-Section&RequestAppliesTo=PegaBlueprint-Data-Blueprint&RequestRuleName=pzRuleformMainInclude Payload: "{\"RequestClass\":\"Rule-HTML-Section\",\"RequestAppliesTo\":\"PegaBlueprint-Data-Blueprint\",\"RequestRuleName\":\"pzRuleformMainInclude\"}" => HTTP 200 (22375 bytes)
[PegaHttpClient] 📡 POST https://zdk8budo.pegaacademy.net/prweb/api/CodeIntelligence/v1/rules/query?pxObjClass=Rule-HTML-Section&appliesTo=PegaBlueprint-Data-Blueprint&pyRuleName=pyAlternativeRuleFormStrategicAppExtension&RequestClass=Rule-HTML-Section&RequestAppliesTo=PegaBlueprint-Data-Blueprint&RequestRuleName=pyAlternativeRuleFormStrategicAppExtension Payload: "{\"RequestClass\":\"Rule-HTML-Section\",\"RequestAppliesTo\":\"PegaBlueprint-Data-Blueprint\",\"RequestRuleName\":\"pyAlternativeRuleFormStrategicAppExtension\"}" => HTTP 200 (25042 bytes)
[PegaHttpClient] 📡 POST https://zdk8budo.pegaacademy.net/prweb/api/CodeIntelligence/v1/rules/query?pxObjClass=Rule-HTML-Section&appliesTo=PegaBlueprint-Data-Blueprint&pyRuleName=pyAlternativeRuleFormExtension&RequestClass=Rule-HTML-Section&RequestAppliesTo=PegaBlueprint-Data-Blueprint&RequestRuleName=pyAlternativeRuleFormExtension Payload: "{\"RequestClass\":\"Rule-HTML-Section\",\"RequestAppliesTo\":\"PegaBlueprint-Data-Blueprint\",\"RequestRuleName\":\"pyAlternativeRuleFormExtension\"}" => HTTP 200 (24863 bytes)
[PegaHttpClient] 📡 POST https://zdk8budo.pegaacademy.net/prweb/api/CodeIntelligence/v1/rules/query?pxObjClass=Rule-HTML-Section&appliesTo=PegaBlueprint-Data-Blueprint&pyRuleName=RuleFormHeader&RequestClass=Rule-HTML-Section&RequestAppliesTo=PegaBlueprint-Data-Blueprint&RequestRuleName=RuleFormHeader Payload: "{\"RequestClass\":\"Rule-HTML-Section\",\"RequestAppliesTo\":\"PegaBlueprint-Data-Blueprint\",\"RequestRuleName\":\"RuleFormHeader\"}" => HTTP 200 (183800 bytes)
[PegaHttpClient] 📡 POST https://zdk8budo.pegaacademy.net/prweb/api/CodeIntelligence/v1/rules/query?pxObjClass=Rule-HTML-Section&appliesTo=PegaBlueprint-Data-Blueprint&pyRuleName=pzDelegationExperience&RequestClass=Rule-HTML-Section&RequestAppliesTo=PegaBlueprint-Data-Blueprint&RequestRuleName=pzDelegationExperience Payload: "{\"RequestClass\":\"Rule-HTML-Section\",\"RequestAppliesTo\":\"PegaBlueprint-Data-Blueprint\",\"RequestRuleName\":\"pzDelegationExperience\"}" => HTTP 404 (128 bytes)
[PegaHttpClient] 📡 POST https://zdk8budo.pegaacademy.net/prweb/PRRestService/CodeIntelligence/v1/rules/query?pxObjClass=Rule-HTML-Section&appliesTo=PegaBlueprint-Data-Blueprint&pyRuleName=pzDelegationExperience&RequestClass=Rule-HTML-Section&RequestAppliesTo=PegaBlueprint-Data-Blueprint&RequestRuleName=pzDelegationExperience Payload: "{\"RequestClass\":\"Rule-HTML-Section\",\"RequestAppliesTo\":\"PegaBlueprint-Data-Blueprint\",\"RequestRuleName\":\"pzDelegationExperience\"}" => HTTP 404 (128 bytes)
[PegaHttpClient] 📡 POST https://zdk8budo.pegaacademy.net/prweb/api/HRAppsV2Service/V1/rules/query?pxObjClass=Rule-HTML-Section&appliesTo=PegaBlueprint-Data-Blueprint&pyRuleName=pzDelegationExperience&RequestClass=Rule-HTML-Section&RequestAppliesTo=PegaBlueprint-Data-Blueprint&RequestRuleName=pzDelegationExperience Payload: "{\"RequestClass\":\"Rule-HTML-Section\",\"RequestAppliesTo\":\"PegaBlueprint-Data-Blueprint\",\"RequestRuleName\":\"pzDelegationExperience\"}" => HTTP 404 (18 bytes)
[PegaHttpClient] 📡 POST https://zdk8budo.pegaacademy.net/prweb/PRRestService/HRAppsV2Service/V1/rules/query?pxObjClass=Rule-HTML-Section&appliesTo=PegaBlueprint-Data-Blueprint&pyRuleName=pzDelegationExperience&RequestClass=Rule-HTML-Section&RequestAppliesTo=PegaBlueprint-Data-Blueprint&RequestRuleName=pzDelegationExperience Payload: "{\"RequestClass\":\"Rule-HTML-Section\",\"RequestAppliesTo\":\"PegaBlueprint-Data-Blueprint\",\"RequestRuleName\":\"pzDelegationExperience\"}" => HTTP 404 (18 bytes)
[PegaHttpClient] 📡 POST https://zdk8budo.pegaacademy.net/prweb/api/HRAppsV2/V1/rules/query?pxObjClass=Rule-HTML-Section&appliesTo=PegaBlueprint-Data-Blueprint&pyRuleName=pzDelegationExperience&RequestClass=Rule-HTML-Section&RequestAppliesTo=PegaBlueprint-Data-Blueprint&RequestRuleName=pzDelegationExperience Payload: "{\"RequestClass\":\"Rule-HTML-Section\",\"RequestAppliesTo\":\"PegaBlueprint-Data-Blueprint\",\"RequestRuleName\":\"pzDelegationExperience\"}" => HTTP 404 (18 bytes)
[PegaHttpClient] 📡 POST https://zdk8budo.pegaacademy.net/prweb/PRRestService/HRAppsV2/V1/rules/query?pxObjClass=Rule-HTML-Section&appliesTo=PegaBlueprint-Data-Blueprint&pyRuleName=pzDelegationExperience&RequestClass=Rule-HTML-Section&RequestAppliesTo=PegaBlueprint-Data-Blueprint&RequestRuleName=pzDelegationExperience Payload: "{\"RequestClass\":\"Rule-HTML-Section\",\"RequestAppliesTo\":\"PegaBlueprint-Data-Blueprint\",\"RequestRuleName\":\"pzDelegationExperience\"}" => HTTP 404 (18 bytes)
[PegaHttpClient] 📡 POST https://zdk8budo.pegaacademy.net/prweb/api/v1/rules/query?pxObjClass=Rule-HTML-Section&appliesTo=PegaBlueprint-Data-Blueprint&pyRuleName=pzDelegationExperience&RequestClass=Rule-HTML-Section&RequestAppliesTo=PegaBlueprint-Data-Blueprint&RequestRuleName=pzDelegationExperience Payload: "{\"RequestClass\":\"Rule-HTML-Section\",\"RequestAppliesTo\":\"PegaBlueprint-Data-Blueprint\",\"RequestRuleName\":\"pzDelegationExperience\"}" => HTTP 404 (18 bytes)
[PegaHttpClient] 📡 POST https://zdk8budo.pegaacademy.net/prweb/PRRestService/v1/rules/query?pxObjClass=Rule-HTML-Section&appliesTo=PegaBlueprint-Data-Blueprint&pyRuleName=pzDelegationExperience&RequestClass=Rule-HTML-Section&RequestAppliesTo=PegaBlueprint-Data-Blueprint&RequestRuleName=pzDelegationExperience Payload: "{\"RequestClass\":\"Rule-HTML-Section\",\"RequestAppliesTo\":\"PegaBlueprint-Data-Blueprint\",\"RequestRuleName\":\"pzDelegationExperience\"}" => HTTP 404 (18 bytes)
[PegaHttpClient] 📡 POST https://zdk8budo.pegaacademy.net/prweb/api/CodeIntelligence/v1/rules/query?pxObjClass=Rule-HTML-Section&appliesTo=PegaBlueprint-Data-Blueprint&pyRuleName=pzBlueprintDetails&RequestClass=Rule-HTML-Section&RequestAppliesTo=PegaBlueprint-Data-Blueprint&RequestRuleName=pzBlueprintDetails Payload: "{\"RequestClass\":\"Rule-HTML-Section\",\"RequestAppliesTo\":\"PegaBlueprint-Data-Blueprint\",\"RequestRuleName\":\"pzBlueprintDetails\"}" => HTTP 200 (435837 bytes)
[PegaHttpClient] 📡 POST https://zdk8budo.pegaacademy.net/prweb/api/CodeIntelligence/v1/rules/query?pxObjClass=Rule-HTML-Section&appliesTo=PegaBlueprint-Data-Blueprint&pyRuleName=RuleFormHistory&RequestClass=Rule-HTML-Section&RequestAppliesTo=PegaBlueprint-Data-Blueprint&RequestRuleName=RuleFormHistory Payload: "{\"RequestClass\":\"Rule-HTML-Section\",\"RequestAppliesTo\":\"PegaBlueprint-Data-Blueprint\",\"RequestRuleName\":\"RuleFormHistory\"}" => HTTP 200 (18043 bytes)
[PegaHttpClient] 📡 POST https://zdk8budo.pegaacademy.net/prweb/api/CodeIntelligence/v1/rules/query?pxObjClass=Rule-HTML-Section&appliesTo=PegaBlueprint-Data-Blueprint&pyRuleName=pzCustomHelp&RequestClass=Rule-HTML-Section&RequestAppliesTo=PegaBlueprint-Data-Blueprint&RequestRuleName=pzCustomHelp Payload: "{\"RequestClass\":\"Rule-HTML-Section\",\"RequestAppliesTo\":\"PegaBlueprint-Data-Blueprint\",\"RequestRuleName\":\"pzCustomHelp\"}" => HTTP 200 (31573 bytes)
[PegaHttpClient] 📡 POST https://zdk8budo.pegaacademy.net/prweb/api/CodeIntelligence/v1/rules/query?pxObjClass=Rule-HTML-Section&appliesTo=PegaBlueprint-Data-Blueprint&pyRuleName=pzRuleFormKeysAndDescription&RequestClass=Rule-HTML-Section&RequestAppliesTo=PegaBlueprint-Data-Blueprint&RequestRuleName=pzRuleFormKeysAndDescription Payload: "{\"RequestClass\":\"Rule-HTML-Section\",\"RequestAppliesTo\":\"PegaBlueprint-Data-Blueprint\",\"RequestRuleName\":\"pzRuleFormKeysAndDescription\"}" => HTTP 200 (218057 bytes)
[PegaHttpClient] 📡 POST https://zdk8budo.pegaacademy.net/prweb/api/CodeIntelligence/v1/rules/query?pxObjClass=Rule-HTML-Section&appliesTo=PegaBlueprint-Data-Blueprint&pyRuleName=pzRuleFormRuleset&RequestClass=Rule-HTML-Section&RequestAppliesTo=PegaBlueprint-Data-Blueprint&RequestRuleName=pzRuleFormRuleset Payload: "{\"RequestClass\":\"Rule-HTML-Section\",\"RequestAppliesTo\":\"PegaBlueprint-Data-Blueprint\",\"RequestRuleName\":\"pzRuleFormRuleset\"}" => HTTP 200 (29020 bytes)
[PegaHttpClient] 📡 POST https://zdk8budo.pegaacademy.net/prweb/api/CodeIntelligence/v1/rules/query?pxObjClass=Rule-HTML-Section&appliesTo=PegaBlueprint-Data-Blueprint&pyRuleName=undefined&RequestClass=Rule-HTML-Section&RequestAppliesTo=PegaBlueprint-Data-Blueprint&RequestRuleName=undefined Payload: "{\"RequestClass\":\"Rule-HTML-Section\",\"RequestAppliesTo\":\"PegaBlueprint-Data-Blueprint\",\"RequestRuleName\":\"undefined\"}" => HTTP 404 (115 bytes)
[PegaHttpClient] 📡 POST https://zdk8budo.pegaacademy.net/prweb/PRRestService/CodeIntelligence/v1/rules/query?pxObjClass=Rule-HTML-Section&appliesTo=PegaBlueprint-Data-Blueprint&pyRuleName=undefined&RequestClass=Rule-HTML-Section&RequestAppliesTo=PegaBlueprint-Data-Blueprint&RequestRuleName=undefined Payload: "{\"RequestClass\":\"Rule-HTML-Section\",\"RequestAppliesTo\":\"PegaBlueprint-Data-Blueprint\",\"RequestRuleName\":\"undefined\"}" => HTTP 404 (115 bytes)
[PegaHttpClient] 📡 POST https://zdk8budo.pegaacademy.net/prweb/api/HRAppsV2Service/V1/rules/query?pxObjClass=Rule-HTML-Section&appliesTo=PegaBlueprint-Data-Blueprint&pyRuleName=undefined&RequestClass=Rule-HTML-Section&RequestAppliesTo=PegaBlueprint-Data-Blueprint&RequestRuleName=undefined Payload: "{\"RequestClass\":\"Rule-HTML-Section\",\"RequestAppliesTo\":\"PegaBlueprint-Data-Blueprint\",\"RequestRuleName\":\"undefined\"}" => HTTP 404 (18 bytes)
[PegaHttpClient] 📡 POST https://zdk8budo.pegaacademy.net/prweb/PRRestService/HRAppsV2Service/V1/rules/query?pxObjClass=Rule-HTML-Section&appliesTo=PegaBlueprint-Data-Blueprint&pyRuleName=undefined&RequestClass=Rule-HTML-Section&RequestAppliesTo=PegaBlueprint-Data-Blueprint&RequestRuleName=undefined Payload: "{\"RequestClass\":\"Rule-HTML-Section\",\"RequestAppliesTo\":\"PegaBlueprint-Data-Blueprint\",\"RequestRuleName\":\"undefined\"}" => HTTP 404 (18 bytes)
[PegaHttpClient] 📡 POST https://zdk8budo.pegaacademy.net/prweb/api/HRAppsV2/V1/rules/query?pxObjClass=Rule-HTML-Section&appliesTo=PegaBlueprint-Data-Blueprint&pyRuleName=undefined&RequestClass=Rule-HTML-Section&RequestAppliesTo=PegaBlueprint-Data-Blueprint&RequestRuleName=undefined Payload: "{\"RequestClass\":\"Rule-HTML-Section\",\"RequestAppliesTo\":\"PegaBlueprint-Data-Blueprint\",\"RequestRuleName\":\"undefined\"}" => HTTP 404 (18 bytes)
[PegaHttpClient] 📡 POST https://zdk8budo.pegaacademy.net/prweb/PRRestService/HRAppsV2/V1/rules/query?pxObjClass=Rule-HTML-Section&appliesTo=PegaBlueprint-Data-Blueprint&pyRuleName=undefined&RequestClass=Rule-HTML-Section&RequestAppliesTo=PegaBlueprint-Data-Blueprint&RequestRuleName=undefined Payload: "{\"RequestClass\":\"Rule-HTML-Section\",\"RequestAppliesTo\":\"PegaBlueprint-Data-Blueprint\",\"RequestRuleName\":\"undefined\"}" => HTTP 404 (18 bytes)
[PegaHttpClient] 📡 POST https://zdk8budo.pegaacademy.net/prweb/api/v1/rules/query?pxObjClass=Rule-HTML-Section&appliesTo=PegaBlueprint-Data-Blueprint&pyRuleName=undefined&RequestClass=Rule-HTML-Section&RequestAppliesTo=PegaBlueprint-Data-Blueprint&RequestRuleName=undefined Payload: "{\"RequestClass\":\"Rule-HTML-Section\",\"RequestAppliesTo\":\"PegaBlueprint-Data-Blueprint\",\"RequestRuleName\":\"undefined\"}" => HTTP 404 (18 bytes)
[PegaHttpClient] 📡 POST https://zdk8budo.pegaacademy.net/prweb/PRRestService/v1/rules/query?pxObjClass=Rule-HTML-Section&appliesTo=PegaBlueprint-Data-Blueprint&pyRuleName=undefined&RequestClass=Rule-HTML-Section&RequestAppliesTo=PegaBlueprint-Data-Blueprint&RequestRuleName=undefined Payload: "{\"RequestClass\":\"Rule-HTML-Section\",\"RequestAppliesTo\":\"PegaBlueprint-Data-Blueprint\",\"RequestRuleName\":\"undefined\"}" => HTTP 404 (18 bytes)
[PegaHttpClient] 📡 POST https://zdk8budo.pegaacademy.net/prweb/api/CodeIntelligence/v1/rules/query?pxObjClass=Rule-HTML-Section&appliesTo=PegaBlueprint-Data-Blueprint&pyRuleName=pzRuleFormToolbar&RequestClass=Rule-HTML-Section&RequestAppliesTo=PegaBlueprint-Data-Blueprint&RequestRuleName=pzRuleFormToolbar Payload: "{\"RequestClass\":\"Rule-HTML-Section\",\"RequestAppliesTo\":\"PegaBlueprint-Data-Blueprint\",\"RequestRuleName\":\"pzRuleFormToolbar\"}" => HTTP 200 (242691 bytes)
[PegaHttpClient] 📡 POST https://zdk8budo.pegaacademy.net/prweb/api/CodeIntelligence/v1/rules/query?pxObjClass=Rule-HTML-Section&appliesTo=PegaBlueprint-Data-Blueprint&pyRuleName=pzRuleFormToolbarCompare&RequestClass=Rule-HTML-Section&RequestAppliesTo=PegaBlueprint-Data-Blueprint&RequestRuleName=pzRuleFormToolbarCompare Payload: "{\"RequestClass\":\"Rule-HTML-Section\",\"RequestAppliesTo\":\"PegaBlueprint-Data-Blueprint\",\"RequestRuleName\":\"pzRuleFormToolbarCompare\"}" => HTTP 200 (61925 bytes)
[PegaHttpClient] 📡 POST https://zdk8budo.pegaacademy.net/prweb/api/CodeIntelligence/v1/rules/query?pxObjClass=Rule-HTML-Section&appliesTo=PegaBlueprint-Data-Blueprint&pyRuleName=RuleFormHeaderMessages&RequestClass=Rule-HTML-Section&RequestAppliesTo=PegaBlueprint-Data-Blueprint&RequestRuleName=RuleFormHeaderMessages Payload: "{\"RequestClass\":\"Rule-HTML-Section\",\"RequestAppliesTo\":\"PegaBlueprint-Data-Blueprint\",\"RequestRuleName\":\"RuleFormHeaderMessages\"}" => HTTP 200 (26518 bytes)
[PegaHttpClient] 📡 POST https://zdk8budo.pegaacademy.net/prweb/api/CodeIntelligence/v1/rules/query?pxObjClass=Rule-HTML-Section&appliesTo=PegaBlueprint-Data-Blueprint&pyRuleName=pzCaseDetails&RequestClass=Rule-HTML-Section&RequestAppliesTo=PegaBlueprint-Data-Blueprint&RequestRuleName=pzCaseDetails Payload: "{\"RequestClass\":\"Rule-HTML-Section\",\"RequestAppliesTo\":\"PegaBlueprint-Data-Blueprint\",\"RequestRuleName\":\"pzCaseDetails\"}" => HTTP 404 (119 bytes)
[PegaHttpClient] 📡 POST https://zdk8budo.pegaacademy.net/prweb/PRRestService/CodeIntelligence/v1/rules/query?pxObjClass=Rule-HTML-Section&appliesTo=PegaBlueprint-Data-Blueprint&pyRuleName=pzCaseDetails&RequestClass=Rule-HTML-Section&RequestAppliesTo=PegaBlueprint-Data-Blueprint&RequestRuleName=pzCaseDetails Payload: "{\"RequestClass\":\"Rule-HTML-Section\",\"RequestAppliesTo\":\"PegaBlueprint-Data-Blueprint\",\"RequestRuleName\":\"pzCaseDetails\"}" => HTTP 404 (119 bytes)
[PegaHttpClient] 📡 POST https://zdk8budo.pegaacademy.net/prweb/api/HRAppsV2Service/V1/rules/query?pxObjClass=Rule-HTML-Section&appliesTo=PegaBlueprint-Data-Blueprint&pyRuleName=pzCaseDetails&RequestClass=Rule-HTML-Section&RequestAppliesTo=PegaBlueprint-Data-Blueprint&RequestRuleName=pzCaseDetails Payload: "{\"RequestClass\":\"Rule-HTML-Section\",\"RequestAppliesTo\":\"PegaBlueprint-Data-Blueprint\",\"RequestRuleName\":\"pzCaseDetails\"}" => HTTP 404 (18 bytes)
[PegaHttpClient] 📡 POST https://zdk8budo.pegaacademy.net/prweb/PRRestService/HRAppsV2Service/V1/rules/query?pxObjClass=Rule-HTML-Section&appliesTo=PegaBlueprint-Data-Blueprint&pyRuleName=pzCaseDetails&RequestClass=Rule-HTML-Section&RequestAppliesTo=PegaBlueprint-Data-Blueprint&RequestRuleName=pzCaseDetails Payload: "{\"RequestClass\":\"Rule-HTML-Section\",\"RequestAppliesTo\":\"PegaBlueprint-Data-Blueprint\",\"RequestRuleName\":\"pzCaseDetails\"}" => HTTP 404 (18 bytes)
[PegaHttpClient] 📡 POST https://zdk8budo.pegaacademy.net/prweb/api/HRAppsV2/V1/rules/query?pxObjClass=Rule-HTML-Section&appliesTo=PegaBlueprint-Data-Blueprint&pyRuleName=pzCaseDetails&RequestClass=Rule-HTML-Section&RequestAppliesTo=PegaBlueprint-Data-Blueprint&RequestRuleName=pzCaseDetails Payload: "{\"RequestClass\":\"Rule-HTML-Section\",\"RequestAppliesTo\":\"PegaBlueprint-Data-Blueprint\",\"RequestRuleName\":\"pzCaseDetails\"}" => HTTP 404 (18 bytes)
[PegaHttpClient] 📡 POST https://zdk8budo.pegaacademy.net/prweb/PRRestService/HRAppsV2/V1/rules/query?pxObjClass=Rule-HTML-Section&appliesTo=PegaBlueprint-Data-Blueprint&pyRuleName=pzCaseDetails&RequestClass=Rule-HTML-Section&RequestAppliesTo=PegaBlueprint-Data-Blueprint&RequestRuleName=pzCaseDetails Payload: "{\"RequestClass\":\"Rule-HTML-Section\",\"RequestAppliesTo\":\"PegaBlueprint-Data-Blueprint\",\"RequestRuleName\":\"pzCaseDetails\"}" => HTTP 404 (18 bytes)
[PegaHttpClient] 📡 POST https://zdk8budo.pegaacademy.net/prweb/api/v1/rules/query?pxObjClass=Rule-HTML-Section&appliesTo=PegaBlueprint-Data-Blueprint&pyRuleName=pzCaseDetails&RequestClass=Rule-HTML-Section&RequestAppliesTo=PegaBlueprint-Data-Blueprint&RequestRuleName=pzCaseDetails Payload: "{\"RequestClass\":\"Rule-HTML-Section\",\"RequestAppliesTo\":\"PegaBlueprint-Data-Blueprint\",\"RequestRuleName\":\"pzCaseDetails\"}" => HTTP 404 (18 bytes)
[PegaHttpClient] 📡 POST https://zdk8budo.pegaacademy.net/prweb/PRRestService/v1/rules/query?pxObjClass=Rule-HTML-Section&appliesTo=PegaBlueprint-Data-Blueprint&pyRuleName=pzCaseDetails&RequestClass=Rule-HTML-Section&RequestAppliesTo=PegaBlueprint-Data-Blueprint&RequestRuleName=pzCaseDetails Payload: "{\"RequestClass\":\"Rule-HTML-Section\",\"RequestAppliesTo\":\"PegaBlueprint-Data-Blueprint\",\"RequestRuleName\":\"pzCaseDetails\"}" => HTTP 404 (18 bytes)
[PegaHttpClient] 📡 POST https://zdk8budo.pegaacademy.net/prweb/api/CodeIntelligence/v1/rules/query?pxObjClass=Rule-HTML-Section&appliesTo=PegaBlueprint-Data-Blueprint&pyRuleName=pzDataObjectDetails&RequestClass=Rule-HTML-Section&RequestAppliesTo=PegaBlueprint-Data-Blueprint&RequestRuleName=pzDataObjectDetails Payload: "{\"RequestClass\":\"Rule-HTML-Section\",\"RequestAppliesTo\":\"PegaBlueprint-Data-Blueprint\",\"RequestRuleName\":\"pzDataObjectDetails\"}" => HTTP 404 (125 bytes)
[PegaHttpClient] 📡 POST https://zdk8budo.pegaacademy.net/prweb/PRRestService/CodeIntelligence/v1/rules/query?pxObjClass=Rule-HTML-Section&appliesTo=PegaBlueprint-Data-Blueprint&pyRuleName=pzDataObjectDetails&RequestClass=Rule-HTML-Section&RequestAppliesTo=PegaBlueprint-Data-Blueprint&RequestRuleName=pzDataObjectDetails Payload: "{\"RequestClass\":\"Rule-HTML-Section\",\"RequestAppliesTo\":\"PegaBlueprint-Data-Blueprint\",\"RequestRuleName\":\"pzDataObjectDetails\"}" => HTTP 404 (125 bytes)
[PegaHttpClient] 📡 POST https://zdk8budo.pegaacademy.net/prweb/api/HRAppsV2Service/V1/rules/query?pxObjClass=Rule-HTML-Section&appliesTo=PegaBlueprint-Data-Blueprint&pyRuleName=pzDataObjectDetails&RequestClass=Rule-HTML-Section&RequestAppliesTo=PegaBlueprint-Data-Blueprint&RequestRuleName=pzDataObjectDetails Payload: "{\"RequestClass\":\"Rule-HTML-Section\",\"RequestAppliesTo\":\"PegaBlueprint-Data-Blueprint\",\"RequestRuleName\":\"pzDataObjectDetails\"}" => HTTP 404 (18 bytes)
[PegaHttpClient] 📡 POST https://zdk8budo.pegaacademy.net/prweb/PRRestService/HRAppsV2Service/V1/rules/query?pxObjClass=Rule-HTML-Section&appliesTo=PegaBlueprint-Data-Blueprint&pyRuleName=pzDataObjectDetails&RequestClass=Rule-HTML-Section&RequestAppliesTo=PegaBlueprint-Data-Blueprint&RequestRuleName=pzDataObjectDetails Payload: "{\"RequestClass\":\"Rule-HTML-Section\",\"RequestAppliesTo\":\"PegaBlueprint-Data-Blueprint\",\"RequestRuleName\":\"pzDataObjectDetails\"}" => HTTP 404 (18 bytes)
[PegaHttpClient] 📡 POST https://zdk8budo.pegaacademy.net/prweb/api/HRAppsV2/V1/rules/query?pxObjClass=Rule-HTML-Section&appliesTo=PegaBlueprint-Data-Blueprint&pyRuleName=pzDataObjectDetails&RequestClass=Rule-HTML-Section&RequestAppliesTo=PegaBlueprint-Data-Blueprint&RequestRuleName=pzDataObjectDetails Payload: "{\"RequestClass\":\"Rule-HTML-Section\",\"RequestAppliesTo\":\"PegaBlueprint-Data-Blueprint\",\"RequestRuleName\":\"pzDataObjectDetails\"}" => HTTP 404 (18 bytes)
[PegaHttpClient] 📡 POST https://zdk8budo.pegaacademy.net/prweb/PRRestService/HRAppsV2/V1/rules/query?pxObjClass=Rule-HTML-Section&appliesTo=PegaBlueprint-Data-Blueprint&pyRuleName=pzDataObjectDetails&RequestClass=Rule-HTML-Section&RequestAppliesTo=PegaBlueprint-Data-Blueprint&RequestRuleName=pzDataObjectDetails Payload: "{\"RequestClass\":\"Rule-HTML-Section\",\"RequestAppliesTo\":\"PegaBlueprint-Data-Blueprint\",\"RequestRuleName\":\"pzDataObjectDetails\"}" => HTTP 404 (18 bytes)
[PegaHttpClient] 📡 POST https://zdk8budo.pegaacademy.net/prweb/api/v1/rules/query?pxObjClass=Rule-HTML-Section&appliesTo=PegaBlueprint-Data-Blueprint&pyRuleName=pzDataObjectDetails&RequestClass=Rule-HTML-Section&RequestAppliesTo=PegaBlueprint-Data-Blueprint&RequestRuleName=pzDataObjectDetails Payload: "{\"RequestClass\":\"Rule-HTML-Section\",\"RequestAppliesTo\":\"PegaBlueprint-Data-Blueprint\",\"RequestRuleName\":\"pzDataObjectDetails\"}" => HTTP 404 (18 bytes)
[PegaHttpClient] 📡 POST https://zdk8budo.pegaacademy.net/prweb/PRRestService/v1/rules/query?pxObjClass=Rule-HTML-Section&appliesTo=PegaBlueprint-Data-Blueprint&pyRuleName=pzDataObjectDetails&RequestClass=Rule-HTML-Section&RequestAppliesTo=PegaBlueprint-Data-Blueprint&RequestRuleName=pzDataObjectDetails Payload: "{\"RequestClass\":\"Rule-HTML-Section\",\"RequestAppliesTo\":\"PegaBlueprint-Data-Blueprint\",\"RequestRuleName\":\"pzDataObjectDetails\"}" => HTTP 404 (18 bytes)
[PegaHttpClient] 📡 POST https://zdk8budo.pegaacademy.net/prweb/api/CodeIntelligence/v1/rules/query?pxObjClass=Rule-HTML-Section&appliesTo=PegaBlueprint-Data-Blueprint&pyRuleName=pzEmbedObjectDetails&RequestClass=Rule-HTML-Section&RequestAppliesTo=PegaBlueprint-Data-Blueprint&RequestRuleName=pzEmbedObjectDetails Payload: "{\"RequestClass\":\"Rule-HTML-Section\",\"RequestAppliesTo\":\"PegaBlueprint-Data-Blueprint\",\"RequestRuleName\":\"pzEmbedObjectDetails\"}" => HTTP 404 (126 bytes)
[PegaHttpClient] 📡 POST https://zdk8budo.pegaacademy.net/prweb/PRRestService/CodeIntelligence/v1/rules/query?pxObjClass=Rule-HTML-Section&appliesTo=PegaBlueprint-Data-Blueprint&pyRuleName=pzEmbedObjectDetails&RequestClass=Rule-HTML-Section&RequestAppliesTo=PegaBlueprint-Data-Blueprint&RequestRuleName=pzEmbedObjectDetails Payload: "{\"RequestClass\":\"Rule-HTML-Section\",\"RequestAppliesTo\":\"PegaBlueprint-Data-Blueprint\",\"RequestRuleName\":\"pzEmbedObjectDetails\"}" => HTTP 404 (126 bytes)
[PegaHttpClient] 📡 POST https://zdk8budo.pegaacademy.net/prweb/api/HRAppsV2Service/V1/rules/query?pxObjClass=Rule-HTML-Section&appliesTo=PegaBlueprint-Data-Blueprint&pyRuleName=pzEmbedObjectDetails&RequestClass=Rule-HTML-Section&RequestAppliesTo=PegaBlueprint-Data-Blueprint&RequestRuleName=pzEmbedObjectDetails Payload: "{\"RequestClass\":\"Rule-HTML-Section\",\"RequestAppliesTo\":\"PegaBlueprint-Data-Blueprint\",\"RequestRuleName\":\"pzEmbedObjectDetails\"}" => HTTP 404 (18 bytes)
[PegaHttpClient] 📡 POST https://zdk8budo.pegaacademy.net/prweb/PRRestService/HRAppsV2Service/V1/rules/query?pxObjClass=Rule-HTML-Section&appliesTo=PegaBlueprint-Data-Blueprint&pyRuleName=pzEmbedObjectDetails&RequestClass=Rule-HTML-Section&RequestAppliesTo=PegaBlueprint-Data-Blueprint&RequestRuleName=pzEmbedObjectDetails Payload: "{\"RequestClass\":\"Rule-HTML-Section\",\"RequestAppliesTo\":\"PegaBlueprint-Data-Blueprint\",\"RequestRuleName\":\"pzEmbedObjectDetails\"}" => HTTP 404 (18 bytes)
[PegaHttpClient] 📡 POST https://zdk8budo.pegaacademy.net/prweb/api/HRAppsV2/V1/rules/query?pxObjClass=Rule-HTML-Section&appliesTo=PegaBlueprint-Data-Blueprint&pyRuleName=pzEmbedObjectDetails&RequestClass=Rule-HTML-Section&RequestAppliesTo=PegaBlueprint-Data-Blueprint&RequestRuleName=pzEmbedObjectDetails Payload: "{\"RequestClass\":\"Rule-HTML-Section\",\"RequestAppliesTo\":\"PegaBlueprint-Data-Blueprint\",\"RequestRuleName\":\"pzEmbedObjectDetails\"}" => HTTP 404 (18 bytes)
[PegaHttpClient] 📡 POST https://zdk8budo.pegaacademy.net/prweb/PRRestService/HRAppsV2/V1/rules/query?pxObjClass=Rule-HTML-Section&appliesTo=PegaBlueprint-Data-Blueprint&pyRuleName=pzEmbedObjectDetails&RequestClass=Rule-HTML-Section&RequestAppliesTo=PegaBlueprint-Data-Blueprint&RequestRuleName=pzEmbedObjectDetails Payload: "{\"RequestClass\":\"Rule-HTML-Section\",\"RequestAppliesTo\":\"PegaBlueprint-Data-Blueprint\",\"RequestRuleName\":\"pzEmbedObjectDetails\"}" => HTTP 404 (18 bytes)
[PegaHttpClient] 📡 POST https://zdk8budo.pegaacademy.net/prweb/api/v1/rules/query?pxObjClass=Rule-HTML-Section&appliesTo=PegaBlueprint-Data-Blueprint&pyRuleName=pzEmbedObjectDetails&RequestClass=Rule-HTML-Section&RequestAppliesTo=PegaBlueprint-Data-Blueprint&RequestRuleName=pzEmbedObjectDetails Payload: "{\"RequestClass\":\"Rule-HTML-Section\",\"RequestAppliesTo\":\"PegaBlueprint-Data-Blueprint\",\"RequestRuleName\":\"pzEmbedObjectDetails\"}" => HTTP 404 (18 bytes)
[PegaHttpClient] 📡 POST https://zdk8budo.pegaacademy.net/prweb/PRRestService/v1/rules/query?pxObjClass=Rule-HTML-Section&appliesTo=PegaBlueprint-Data-Blueprint&pyRuleName=pzEmbedObjectDetails&RequestClass=Rule-HTML-Section&RequestAppliesTo=PegaBlueprint-Data-Blueprint&RequestRuleName=pzEmbedObjectDetails Payload: "{\"RequestClass\":\"Rule-HTML-Section\",\"RequestAppliesTo\":\"PegaBlueprint-Data-Blueprint\",\"RequestRuleName\":\"pzEmbedObjectDetails\"}" => HTTP 404 (18 bytes)
[PegaHttpClient] 📡 POST https://zdk8budo.pegaacademy.net/prweb/api/CodeIntelligence/v1/rules/query?pxObjClass=Rule-HTML-Section&appliesTo=PegaBlueprint-Data-Blueprint&pyRuleName=pzPersonaDetails&RequestClass=Rule-HTML-Section&RequestAppliesTo=PegaBlueprint-Data-Blueprint&RequestRuleName=pzPersonaDetails Payload: "{\"RequestClass\":\"Rule-HTML-Section\",\"RequestAppliesTo\":\"PegaBlueprint-Data-Blueprint\",\"RequestRuleName\":\"pzPersonaDetails\"}" => HTTP 404 (122 bytes)
[PegaHttpClient] 📡 POST https://zdk8budo.pegaacademy.net/prweb/PRRestService/CodeIntelligence/v1/rules/query?pxObjClass=Rule-HTML-Section&appliesTo=PegaBlueprint-Data-Blueprint&pyRuleName=pzPersonaDetails&RequestClass=Rule-HTML-Section&RequestAppliesTo=PegaBlueprint-Data-Blueprint&RequestRuleName=pzPersonaDetails Payload: "{\"RequestClass\":\"Rule-HTML-Section\",\"RequestAppliesTo\":\"PegaBlueprint-Data-Blueprint\",\"RequestRuleName\":\"pzPersonaDetails\"}" => HTTP 404 (122 bytes)
[PegaHttpClient] 📡 POST https://zdk8budo.pegaacademy.net/prweb/api/HRAppsV2Service/V1/rules/query?pxObjClass=Rule-HTML-Section&appliesTo=PegaBlueprint-Data-Blueprint&pyRuleName=pzPersonaDetails&RequestClass=Rule-HTML-Section&RequestAppliesTo=PegaBlueprint-Data-Blueprint&RequestRuleName=pzPersonaDetails Payload: "{\"RequestClass\":\"Rule-HTML-Section\",\"RequestAppliesTo\":\"PegaBlueprint-Data-Blueprint\",\"RequestRuleName\":\"pzPersonaDetails\"}" => HTTP 404 (18 bytes)
[PegaHttpClient] 📡 POST https://zdk8budo.pegaacademy.net/prweb/PRRestService/HRAppsV2Service/V1/rules/query?pxObjClass=Rule-HTML-Section&appliesTo=PegaBlueprint-Data-Blueprint&pyRuleName=pzPersonaDetails&RequestClass=Rule-HTML-Section&RequestAppliesTo=PegaBlueprint-Data-Blueprint&RequestRuleName=pzPersonaDetails Payload: "{\"RequestClass\":\"Rule-HTML-Section\",\"RequestAppliesTo\":\"PegaBlueprint-Data-Blueprint\",\"RequestRuleName\":\"pzPersonaDetails\"}" => HTTP 404 (18 bytes)
[PegaHttpClient] 📡 POST https://zdk8budo.pegaacademy.net/prweb/api/HRAppsV2/V1/rules/query?pxObjClass=Rule-HTML-Section&appliesTo=PegaBlueprint-Data-Blueprint&pyRuleName=pzPersonaDetails&RequestClass=Rule-HTML-Section&RequestAppliesTo=PegaBlueprint-Data-Blueprint&RequestRuleName=pzPersonaDetails Payload: "{\"RequestClass\":\"Rule-HTML-Section\",\"RequestAppliesTo\":\"PegaBlueprint-Data-Blueprint\",\"RequestRuleName\":\"pzPersonaDetails\"}" => HTTP 404 (18 bytes)
[PegaHttpClient] 📡 POST https://zdk8budo.pegaacademy.net/prweb/PRRestService/HRAppsV2/V1/rules/query?pxObjClass=Rule-HTML-Section&appliesTo=PegaBlueprint-Data-Blueprint&pyRuleName=pzPersonaDetails&RequestClass=Rule-HTML-Section&RequestAppliesTo=PegaBlueprint-Data-Blueprint&RequestRuleName=pzPersonaDetails Payload: "{\"RequestClass\":\"Rule-HTML-Section\",\"RequestAppliesTo\":\"PegaBlueprint-Data-Blueprint\",\"RequestRuleName\":\"pzPersonaDetails\"}" => HTTP 404 (18 bytes)
[PegaHttpClient] 📡 POST https://zdk8budo.pegaacademy.net/prweb/api/v1/rules/query?pxObjClass=Rule-HTML-Section&appliesTo=PegaBlueprint-Data-Blueprint&pyRuleName=pzPersonaDetails&RequestClass=Rule-HTML-Section&RequestAppliesTo=PegaBlueprint-Data-Blueprint&RequestRuleName=pzPersonaDetails Payload: "{\"RequestClass\":\"Rule-HTML-Section\",\"RequestAppliesTo\":\"PegaBlueprint-Data-Blueprint\",\"RequestRuleName\":\"pzPersonaDetails\"}" => HTTP 404 (18 bytes)
[PegaHttpClient] 📡 POST https://zdk8budo.pegaacademy.net/prweb/PRRestService/v1/rules/query?pxObjClass=Rule-HTML-Section&appliesTo=PegaBlueprint-Data-Blueprint&pyRuleName=pzPersonaDetails&RequestClass=Rule-HTML-Section&RequestAppliesTo=PegaBlueprint-Data-Blueprint&RequestRuleName=pzPersonaDetails Payload: "{\"RequestClass\":\"Rule-HTML-Section\",\"RequestAppliesTo\":\"PegaBlueprint-Data-Blueprint\",\"RequestRuleName\":\"pzPersonaDetails\"}" => HTTP 404 (18 bytes)
[PegaHttpClient] 📡 POST https://zdk8budo.pegaacademy.net/prweb/api/CodeIntelligence/v1/rules/query?pxObjClass=Rule-HTML-Section&appliesTo=PegaBlueprint-Data-Blueprint&pyRuleName=pzFeatureDetails&RequestClass=Rule-HTML-Section&RequestAppliesTo=PegaBlueprint-Data-Blueprint&RequestRuleName=pzFeatureDetails Payload: "{\"RequestClass\":\"Rule-HTML-Section\",\"RequestAppliesTo\":\"PegaBlueprint-Data-Blueprint\",\"RequestRuleName\":\"pzFeatureDetails\"}" => HTTP 404 (122 bytes)
[PegaHttpClient] 📡 POST https://zdk8budo.pegaacademy.net/prweb/PRRestService/CodeIntelligence/v1/rules/query?pxObjClass=Rule-HTML-Section&appliesTo=PegaBlueprint-Data-Blueprint&pyRuleName=pzFeatureDetails&RequestClass=Rule-HTML-Section&RequestAppliesTo=PegaBlueprint-Data-Blueprint&RequestRuleName=pzFeatureDetails Payload: "{\"RequestClass\":\"Rule-HTML-Section\",\"RequestAppliesTo\":\"PegaBlueprint-Data-Blueprint\",\"RequestRuleName\":\"pzFeatureDetails\"}" => HTTP 404 (122 bytes)
[PegaHttpClient] 📡 POST https://zdk8budo.pegaacademy.net/prweb/api/HRAppsV2Service/V1/rules/query?pxObjClass=Rule-HTML-Section&appliesTo=PegaBlueprint-Data-Blueprint&pyRuleName=pzFeatureDetails&RequestClass=Rule-HTML-Section&RequestAppliesTo=PegaBlueprint-Data-Blueprint&RequestRuleName=pzFeatureDetails Payload: "{\"RequestClass\":\"Rule-HTML-Section\",\"RequestAppliesTo\":\"PegaBlueprint-Data-Blueprint\",\"RequestRuleName\":\"pzFeatureDetails\"}" => HTTP 404 (18 bytes)
[PegaHttpClient] 📡 POST https://zdk8budo.pegaacademy.net/prweb/PRRestService/HRAppsV2Service/V1/rules/query?pxObjClass=Rule-HTML-Section&appliesTo=PegaBlueprint-Data-Blueprint&pyRuleName=pzFeatureDetails&RequestClass=Rule-HTML-Section&RequestAppliesTo=PegaBlueprint-Data-Blueprint&RequestRuleName=pzFeatureDetails Payload: "{\"RequestClass\":\"Rule-HTML-Section\",\"RequestAppliesTo\":\"PegaBlueprint-Data-Blueprint\",\"RequestRuleName\":\"pzFeatureDetails\"}" => HTTP 404 (18 bytes)
[PegaHttpClient] 📡 POST https://zdk8budo.pegaacademy.net/prweb/api/HRAppsV2/V1/rules/query?pxObjClass=Rule-HTML-Section&appliesTo=PegaBlueprint-Data-Blueprint&pyRuleName=pzFeatureDetails&RequestClass=Rule-HTML-Section&RequestAppliesTo=PegaBlueprint-Data-Blueprint&RequestRuleName=pzFeatureDetails Payload: "{\"RequestClass\":\"Rule-HTML-Section\",\"RequestAppliesTo\":\"PegaBlueprint-Data-Blueprint\",\"RequestRuleName\":\"pzFeatureDetails\"}" => HTTP 404 (18 bytes)
[PegaHttpClient] 📡 POST https://zdk8budo.pegaacademy.net/prweb/PRRestService/HRAppsV2/V1/rules/query?pxObjClass=Rule-HTML-Section&appliesTo=PegaBlueprint-Data-Blueprint&pyRuleName=pzFeatureDetails&RequestClass=Rule-HTML-Section&RequestAppliesTo=PegaBlueprint-Data-Blueprint&RequestRuleName=pzFeatureDetails Payload: "{\"RequestClass\":\"Rule-HTML-Section\",\"RequestAppliesTo\":\"PegaBlueprint-Data-Blueprint\",\"RequestRuleName\":\"pzFeatureDetails\"}" => HTTP 404 (18 bytes)
[PegaHttpClient] 📡 POST https://zdk8budo.pegaacademy.net/prweb/api/v1/rules/query?pxObjClass=Rule-HTML-Section&appliesTo=PegaBlueprint-Data-Blueprint&pyRuleName=pzFeatureDetails&RequestClass=Rule-HTML-Section&RequestAppliesTo=PegaBlueprint-Data-Blueprint&RequestRuleName=pzFeatureDetails Payload: "{\"RequestClass\":\"Rule-HTML-Section\",\"RequestAppliesTo\":\"PegaBlueprint-Data-Blueprint\",\"RequestRuleName\":\"pzFeatureDetails\"}" => HTTP 404 (18 bytes)
[PegaHttpClient] 📡 POST https://zdk8budo.pegaacademy.net/prweb/PRRestService/v1/rules/query?pxObjClass=Rule-HTML-Section&appliesTo=PegaBlueprint-Data-Blueprint&pyRuleName=pzFeatureDetails&RequestClass=Rule-HTML-Section&RequestAppliesTo=PegaBlueprint-Data-Blueprint&RequestRuleName=pzFeatureDetails Payload: "{\"RequestClass\":\"Rule-HTML-Section\",\"RequestAppliesTo\":\"PegaBlueprint-Data-Blueprint\",\"RequestRuleName\":\"pzFeatureDetails\"}" => HTTP 404 (18 bytes)
[PegaHttpClient] 📡 POST https://zdk8budo.pegaacademy.net/prweb/api/CodeIntelligence/v1/rules/query?pxObjClass=Rule-HTML-Section&appliesTo=PegaBlueprint-Data-Blueprint&pyRuleName=pzObjectSampleData&RequestClass=Rule-HTML-Section&RequestAppliesTo=PegaBlueprint-Data-Blueprint&RequestRuleName=pzObjectSampleData Payload: "{\"RequestClass\":\"Rule-HTML-Section\",\"RequestAppliesTo\":\"PegaBlueprint-Data-Blueprint\",\"RequestRuleName\":\"pzObjectSampleData\"}" => HTTP 404 (124 bytes)
[PegaHttpClient] 📡 POST https://zdk8budo.pegaacademy.net/prweb/PRRestService/CodeIntelligence/v1/rules/query?pxObjClass=Rule-HTML-Section&appliesTo=PegaBlueprint-Data-Blueprint&pyRuleName=pzObjectSampleData&RequestClass=Rule-HTML-Section&RequestAppliesTo=PegaBlueprint-Data-Blueprint&RequestRuleName=pzObjectSampleData Payload: "{\"RequestClass\":\"Rule-HTML-Section\",\"RequestAppliesTo\":\"PegaBlueprint-Data-Blueprint\",\"RequestRuleName\":\"pzObjectSampleData\"}" => HTTP 404 (124 bytes)
[PegaHttpClient] 📡 POST https://zdk8budo.pegaacademy.net/prweb/api/HRAppsV2Service/V1/rules/query?pxObjClass=Rule-HTML-Section&appliesTo=PegaBlueprint-Data-Blueprint&pyRuleName=pzObjectSampleData&RequestClass=Rule-HTML-Section&RequestAppliesTo=PegaBlueprint-Data-Blueprint&RequestRuleName=pzObjectSampleData Payload: "{\"RequestClass\":\"Rule-HTML-Section\",\"RequestAppliesTo\":\"PegaBlueprint-Data-Blueprint\",\"RequestRuleName\":\"pzObjectSampleData\"}" => HTTP 404 (18 bytes)
[PegaHttpClient] 📡 POST https://zdk8budo.pegaacademy.net/prweb/PRRestService/HRAppsV2Service/V1/rules/query?pxObjClass=Rule-HTML-Section&appliesTo=PegaBlueprint-Data-Blueprint&pyRuleName=pzObjectSampleData&RequestClass=Rule-HTML-Section&RequestAppliesTo=PegaBlueprint-Data-Blueprint&RequestRuleName=pzObjectSampleData Payload: "{\"RequestClass\":\"Rule-HTML-Section\",\"RequestAppliesTo\":\"PegaBlueprint-Data-Blueprint\",\"RequestRuleName\":\"pzObjectSampleData\"}" => HTTP 404 (18 bytes)
[PegaHttpClient] 📡 POST https://zdk8budo.pegaacademy.net/prweb/api/HRAppsV2/V1/rules/query?pxObjClass=Rule-HTML-Section&appliesTo=PegaBlueprint-Data-Blueprint&pyRuleName=pzObjectSampleData&RequestClass=Rule-HTML-Section&RequestAppliesTo=PegaBlueprint-Data-Blueprint&RequestRuleName=pzObjectSampleData Payload: "{\"RequestClass\":\"Rule-HTML-Section\",\"RequestAppliesTo\":\"PegaBlueprint-Data-Blueprint\",\"RequestRuleName\":\"pzObjectSampleData\"}" => HTTP 404 (18 bytes)
[PegaHttpClient] 📡 POST https://zdk8budo.pegaacademy.net/prweb/PRRestService/HRAppsV2/V1/rules/query?pxObjClass=Rule-HTML-Section&appliesTo=PegaBlueprint-Data-Blueprint&pyRuleName=pzObjectSampleData&RequestClass=Rule-HTML-Section&RequestAppliesTo=PegaBlueprint-Data-Blueprint&RequestRuleName=pzObjectSampleData Payload: "{\"RequestClass\":\"Rule-HTML-Section\",\"RequestAppliesTo\":\"PegaBlueprint-Data-Blueprint\",\"RequestRuleName\":\"pzObjectSampleData\"}" => HTTP 404 (18 bytes)
[PegaHttpClient] 📡 POST https://zdk8budo.pegaacademy.net/prweb/api/v1/rules/query?pxObjClass=Rule-HTML-Section&appliesTo=PegaBlueprint-Data-Blueprint&pyRuleName=pzObjectSampleData&RequestClass=Rule-HTML-Section&RequestAppliesTo=PegaBlueprint-Data-Blueprint&RequestRuleName=pzObjectSampleData Payload: "{\"RequestClass\":\"Rule-HTML-Section\",\"RequestAppliesTo\":\"PegaBlueprint-Data-Blueprint\",\"RequestRuleName\":\"pzObjectSampleData\"}" => HTTP 404 (18 bytes)
[PegaHttpClient] 📡 POST https://zdk8budo.pegaacademy.net/prweb/PRRestService/v1/rules/query?pxObjClass=Rule-HTML-Section&appliesTo=PegaBlueprint-Data-Blueprint&pyRuleName=pzObjectSampleData&RequestClass=Rule-HTML-Section&RequestAppliesTo=PegaBlueprint-Data-Blueprint&RequestRuleName=pzObjectSampleData Payload: "{\"RequestClass\":\"Rule-HTML-Section\",\"RequestAppliesTo\":\"PegaBlueprint-Data-Blueprint\",\"RequestRuleName\":\"pzObjectSampleData\"}" => HTTP 404 (18 bytes)
[PegaHttpClient] 📡 POST https://zdk8budo.pegaacademy.net/prweb/api/CodeIntelligence/v1/rules/query?pxObjClass=Rule-HTML-Section&appliesTo=PegaBlueprint-Data-Blueprint&pyRuleName=pzRuleFormStatus&RequestClass=Rule-HTML-Section&RequestAppliesTo=PegaBlueprint-Data-Blueprint&RequestRuleName=pzRuleFormStatus Payload: "{\"RequestClass\":\"Rule-HTML-Section\",\"RequestAppliesTo\":\"PegaBlueprint-Data-Blueprint\",\"RequestRuleName\":\"pzRuleFormStatus\"}" => HTTP 200 (29579 bytes)
[PegaHttpClient] 📡 POST https://zdk8budo.pegaacademy.net/prweb/api/CodeIntelligence/v1/rules/query?pxObjClass=Rule-HTML-Section&appliesTo=PegaBlueprint-Data-Blueprint&pyRuleName=pzRuleFormHeaderCompareWithDropDown&RequestClass=Rule-HTML-Section&RequestAppliesTo=PegaBlueprint-Data-Blueprint&RequestRuleName=pzRuleFormHeaderCompareWithDropDown Payload: "{\"RequestClass\":\"Rule-HTML-Section\",\"RequestAppliesTo\":\"PegaBlueprint-Data-Blueprint\",\"RequestRuleName\":\"pzRuleFormHeaderCompareWithDropDown\"}" => HTTP 200 (25396 bytes)
[PegaHttpClient] 📡 POST https://zdk8budo.pegaacademy.net/prweb/api/CodeIntelligence/v1/rules/query?pxObjClass=Rule-HTML-Section&appliesTo=PegaBlueprint-Data-Blueprint&pyRuleName=undefined&RequestClass=Rule-HTML-Section&RequestAppliesTo=PegaBlueprint-Data-Blueprint&RequestRuleName=undefined Payload: "{\"RequestClass\":\"Rule-HTML-Section\",\"RequestAppliesTo\":\"PegaBlueprint-Data-Blueprint\",\"RequestRuleName\":\"undefined\"}" => HTTP 404 (115 bytes)
[PegaHttpClient] 📡 POST https://zdk8budo.pegaacademy.net/prweb/PRRestService/CodeIntelligence/v1/rules/query?pxObjClass=Rule-HTML-Section&appliesTo=PegaBlueprint-Data-Blueprint&pyRuleName=undefined&RequestClass=Rule-HTML-Section&RequestAppliesTo=PegaBlueprint-Data-Blueprint&RequestRuleName=undefined Payload: "{\"RequestClass\":\"Rule-HTML-Section\",\"RequestAppliesTo\":\"PegaBlueprint-Data-Blueprint\",\"RequestRuleName\":\"undefined\"}" => HTTP 404 (115 bytes)
[PegaHttpClient] 📡 POST https://zdk8budo.pegaacademy.net/prweb/api/HRAppsV2Service/V1/rules/query?pxObjClass=Rule-HTML-Section&appliesTo=PegaBlueprint-Data-Blueprint&pyRuleName=undefined&RequestClass=Rule-HTML-Section&RequestAppliesTo=PegaBlueprint-Data-Blueprint&RequestRuleName=undefined Payload: "{\"RequestClass\":\"Rule-HTML-Section\",\"RequestAppliesTo\":\"PegaBlueprint-Data-Blueprint\",\"RequestRuleName\":\"undefined\"}" => HTTP 404 (18 bytes)
[PegaHttpClient] 📡 POST https://zdk8budo.pegaacademy.net/prweb/PRRestService/HRAppsV2Service/V1/rules/query?pxObjClass=Rule-HTML-Section&appliesTo=PegaBlueprint-Data-Blueprint&pyRuleName=undefined&RequestClass=Rule-HTML-Section&RequestAppliesTo=PegaBlueprint-Data-Blueprint&RequestRuleName=undefined Payload: "{\"RequestClass\":\"Rule-HTML-Section\",\"RequestAppliesTo\":\"PegaBlueprint-Data-Blueprint\",\"RequestRuleName\":\"undefined\"}" => HTTP 404 (18 bytes)
[PegaHttpClient] 📡 POST https://zdk8budo.pegaacademy.net/prweb/api/HRAppsV2/V1/rules/query?pxObjClass=Rule-HTML-Section&appliesTo=PegaBlueprint-Data-Blueprint&pyRuleName=undefined&RequestClass=Rule-HTML-Section&RequestAppliesTo=PegaBlueprint-Data-Blueprint&RequestRuleName=undefined Payload: "{\"RequestClass\":\"Rule-HTML-Section\",\"RequestAppliesTo\":\"PegaBlueprint-Data-Blueprint\",\"RequestRuleName\":\"undefined\"}" => HTTP 404 (18 bytes)
[PegaHttpClient] 📡 POST https://zdk8budo.pegaacademy.net/prweb/PRRestService/HRAppsV2/V1/rules/query?pxObjClass=Rule-HTML-Section&appliesTo=PegaBlueprint-Data-Blueprint&pyRuleName=undefined&RequestClass=Rule-HTML-Section&RequestAppliesTo=PegaBlueprint-Data-Blueprint&RequestRuleName=undefined Payload: "{\"RequestClass\":\"Rule-HTML-Section\",\"RequestAppliesTo\":\"PegaBlueprint-Data-Blueprint\",\"RequestRuleName\":\"undefined\"}" => HTTP 404 (18 bytes)
[PegaHttpClient] 📡 POST https://zdk8budo.pegaacademy.net/prweb/api/v1/rules/query?pxObjClass=Rule-HTML-Section&appliesTo=PegaBlueprint-Data-Blueprint&pyRuleName=undefined&RequestClass=Rule-HTML-Section&RequestAppliesTo=PegaBlueprint-Data-Blueprint&RequestRuleName=undefined Payload: "{\"RequestClass\":\"Rule-HTML-Section\",\"RequestAppliesTo\":\"PegaBlueprint-Data-Blueprint\",\"RequestRuleName\":\"undefined\"}" => HTTP 404 (18 bytes)
[PegaHttpClient] 📡 POST https://zdk8budo.pegaacademy.net/prweb/PRRestService/v1/rules/query?pxObjClass=Rule-HTML-Section&appliesTo=PegaBlueprint-Data-Blueprint&pyRuleName=undefined&RequestClass=Rule-HTML-Section&RequestAppliesTo=PegaBlueprint-Data-Blueprint&RequestRuleName=undefined Payload: "{\"RequestClass\":\"Rule-HTML-Section\",\"RequestAppliesTo\":\"PegaBlueprint-Data-Blueprint\",\"RequestRuleName\":\"undefined\"}" => HTTP 404 (18 bytes)
[PegaHttpClient] 📡 POST https://zdk8budo.pegaacademy.net/prweb/api/CodeIntelligence/v1/rules/query?pxObjClass=Rule-HTML-Section&appliesTo=PegaBlueprint-Data-Blueprint&pyRuleName=pzRuleFormToolbarHotKeys&RequestClass=Rule-HTML-Section&RequestAppliesTo=PegaBlueprint-Data-Blueprint&RequestRuleName=pzRuleFormToolbarHotKeys Payload: "{\"RequestClass\":\"Rule-HTML-Section\",\"RequestAppliesTo\":\"PegaBlueprint-Data-Blueprint\",\"RequestRuleName\":\"pzRuleFormToolbarHotKeys\"}" => HTTP 200 (85058 bytes)
[PegaHttpClient] 📡 POST https://zdk8budo.pegaacademy.net/prweb/api/CodeIntelligence/v1/rules/query?pxObjClass=Rule-HTML-Section&appliesTo=PegaBlueprint-Data-Blueprint&pyRuleName=pzRuleFormToolbarLockedIcon&RequestClass=Rule-HTML-Section&RequestAppliesTo=PegaBlueprint-Data-Blueprint&RequestRuleName=pzRuleFormToolbarLockedIcon Payload: "{\"RequestClass\":\"Rule-HTML-Section\",\"RequestAppliesTo\":\"PegaBlueprint-Data-Blueprint\",\"RequestRuleName\":\"pzRuleFormToolbarLockedIcon\"}" => HTTP 200 (19111 bytes)
[PegaHttpClient] 📡 POST https://zdk8budo.pegaacademy.net/prweb/api/CodeIntelligence/v1/rules/query?pxObjClass=Rule-HTML-Section&appliesTo=PegaBlueprint-Data-Blueprint&pyRuleName=pzRuleFormToolbarCollaborators&RequestClass=Rule-HTML-Section&RequestAppliesTo=PegaBlueprint-Data-Blueprint&RequestRuleName=pzRuleFormToolbarCollaborators Payload: "{\"RequestClass\":\"Rule-HTML-Section\",\"RequestAppliesTo\":\"PegaBlueprint-Data-Blueprint\",\"RequestRuleName\":\"pzRuleFormToolbarCollaborators\"}" => HTTP 200 (15254 bytes)
[PegaHttpClient] 📡 POST https://zdk8budo.pegaacademy.net/prweb/api/CodeIntelligence/v1/rules/query?pxObjClass=Rule-HTML-Section&appliesTo=PegaBlueprint-Data-Blueprint&pyRuleName=pzRuleFormToolbarSaveAs&RequestClass=Rule-HTML-Section&RequestAppliesTo=PegaBlueprint-Data-Blueprint&RequestRuleName=pzRuleFormToolbarSaveAs Payload: "{\"RequestClass\":\"Rule-HTML-Section\",\"RequestAppliesTo\":\"PegaBlueprint-Data-Blueprint\",\"RequestRuleName\":\"pzRuleFormToolbarSaveAs\"}" => HTTP 200 (64084 bytes)
[PegaHttpClient] 📡 POST https://zdk8budo.pegaacademy.net/prweb/api/CodeIntelligence/v1/rules/query?pxObjClass=Rule-HTML-Section&appliesTo=PegaBlueprint-Data-Blueprint&pyRuleName=pzRuleFormToolbarCheckin&RequestClass=Rule-HTML-Section&RequestAppliesTo=PegaBlueprint-Data-Blueprint&RequestRuleName=pzRuleFormToolbarCheckin Payload: "{\"RequestClass\":\"Rule-HTML-Section\",\"RequestAppliesTo\":\"PegaBlueprint-Data-Blueprint\",\"RequestRuleName\":\"pzRuleFormToolbarCheckin\"}" => HTTP 200 (15601 bytes)
[PegaHttpClient] 📡 POST https://zdk8budo.pegaacademy.net/prweb/api/CodeIntelligence/v1/rules/query?pxObjClass=Rule-HTML-Section&appliesTo=PegaBlueprint-Data-Blueprint&pyRuleName=pzRuleFormToolbarDelete&RequestClass=Rule-HTML-Section&RequestAppliesTo=PegaBlueprint-Data-Blueprint&RequestRuleName=pzRuleFormToolbarDelete Payload: "{\"RequestClass\":\"Rule-HTML-Section\",\"RequestAppliesTo\":\"PegaBlueprint-Data-Blueprint\",\"RequestRuleName\":\"pzRuleFormToolbarDelete\"}" => HTTP 200 (30249 bytes)
[PegaHttpClient] 📡 POST https://zdk8budo.pegaacademy.net/prweb/api/CodeIntelligence/v1/rules/query?pxObjClass=Rule-HTML-Section&appliesTo=PegaBlueprint-Data-Blueprint&pyRuleName=pzRuleFormToolbarSave&RequestClass=Rule-HTML-Section&RequestAppliesTo=PegaBlueprint-Data-Blueprint&RequestRuleName=pzRuleFormToolbarSave Payload: "{\"RequestClass\":\"Rule-HTML-Section\",\"RequestAppliesTo\":\"PegaBlueprint-Data-Blueprint\",\"RequestRuleName\":\"pzRuleFormToolbarSave\"}" => HTTP 200 (293885 bytes)
[PegaHttpClient] 📡 POST https://zdk8budo.pegaacademy.net/prweb/api/CodeIntelligence/v1/rules/query?pxObjClass=Rule-HTML-Section&appliesTo=PegaBlueprint-Data-Blueprint&pyRuleName=pzRuleFormToolbarCheckout&RequestClass=Rule-HTML-Section&RequestAppliesTo=PegaBlueprint-Data-Blueprint&RequestRuleName=pzRuleFormToolbarCheckout Payload: "{\"RequestClass\":\"Rule-HTML-Section\",\"RequestAppliesTo\":\"PegaBlueprint-Data-Blueprint\",\"RequestRuleName\":\"pzRuleFormToolbarCheckout\"}" => HTTP 200 (14854 bytes)
[PegaHttpClient] 📡 POST https://zdk8budo.pegaacademy.net/prweb/api/CodeIntelligence/v1/rules/query?pxObjClass=Rule-HTML-Section&appliesTo=PegaBlueprint-Data-Blueprint&pyRuleName=pzRemoveErrorsDataPage&RequestClass=Rule-HTML-Section&RequestAppliesTo=PegaBlueprint-Data-Blueprint&RequestRuleName=pzRemoveErrorsDataPage Payload: "{\"RequestClass\":\"Rule-HTML-Section\",\"RequestAppliesTo\":\"PegaBlueprint-Data-Blueprint\",\"RequestRuleName\":\"pzRemoveErrorsDataPage\"}" => HTTP 200 (16733 bytes)
[PegaHttpClient] 📡 POST https://zdk8budo.pegaacademy.net/prweb/api/CodeIntelligence/v1/rules/query?pxObjClass=Rule-HTML-Section&appliesTo=PegaBlueprint-Data-Blueprint&pyRuleName=pzRuleFormHeaderMessagesWrapper&RequestClass=Rule-HTML-Section&RequestAppliesTo=PegaBlueprint-Data-Blueprint&RequestRuleName=pzRuleFormHeaderMessagesWrapper Payload: "{\"RequestClass\":\"Rule-HTML-Section\",\"RequestAppliesTo\":\"PegaBlueprint-Data-Blueprint\",\"RequestRuleName\":\"pzRuleFormHeaderMessagesWrapper\"}" => HTTP 200 (16981 bytes)
[PegaHttpClient] 📡 POST https://zdk8budo.pegaacademy.net/prweb/api/CodeIntelligence/v1/rules/query?pxObjClass=Rule-HTML-Section&appliesTo=PegaBlueprint-Data-Blueprint&pyRuleName=pxDisplayCollaborators&RequestClass=Rule-HTML-Section&RequestAppliesTo=PegaBlueprint-Data-Blueprint&RequestRuleName=pxDisplayCollaborators Payload: "{\"RequestClass\":\"Rule-HTML-Section\",\"RequestAppliesTo\":\"PegaBlueprint-Data-Blueprint\",\"RequestRuleName\":\"pxDisplayCollaborators\"}" => HTTP 200 (94171 bytes)
[PegaHttpClient] 📡 POST https://zdk8budo.pegaacademy.net/prweb/api/CodeIntelligence/v1/rules/query?pxObjClass=Rule-HTML-Section&appliesTo=PegaBlueprint-Data-Blueprint&pyRuleName=pzRuleFormToolbarDeleteCheckOut&RequestClass=Rule-HTML-Section&RequestAppliesTo=PegaBlueprint-Data-Blueprint&RequestRuleName=pzRuleFormToolbarDeleteCheckOut Payload: "{\"RequestClass\":\"Rule-HTML-Section\",\"RequestAppliesTo\":\"PegaBlueprint-Data-Blueprint\",\"RequestRuleName\":\"pzRuleFormToolbarDeleteCheckOut\"}" => HTTP 404 (137 bytes)
[PegaHttpClient] 📡 POST https://zdk8budo.pegaacademy.net/prweb/PRRestService/CodeIntelligence/v1/rules/query?pxObjClass=Rule-HTML-Section&appliesTo=PegaBlueprint-Data-Blueprint&pyRuleName=pzRuleFormToolbarDeleteCheckOut&RequestClass=Rule-HTML-Section&RequestAppliesTo=PegaBlueprint-Data-Blueprint&RequestRuleName=pzRuleFormToolbarDeleteCheckOut Payload: "{\"RequestClass\":\"Rule-HTML-Section\",\"RequestAppliesTo\":\"PegaBlueprint-Data-Blueprint\",\"RequestRuleName\":\"pzRuleFormToolbarDeleteCheckOut\"}" => HTTP 404 (137 bytes)
[PegaHttpClient] 📡 POST https://zdk8budo.pegaacademy.net/prweb/api/HRAppsV2Service/V1/rules/query?pxObjClass=Rule-HTML-Section&appliesTo=PegaBlueprint-Data-Blueprint&pyRuleName=pzRuleFormToolbarDeleteCheckOut&RequestClass=Rule-HTML-Section&RequestAppliesTo=PegaBlueprint-Data-Blueprint&RequestRuleName=pzRuleFormToolbarDeleteCheckOut Payload: "{\"RequestClass\":\"Rule-HTML-Section\",\"RequestAppliesTo\":\"PegaBlueprint-Data-Blueprint\",\"RequestRuleName\":\"pzRuleFormToolbarDeleteCheckOut\"}" => HTTP 404 (18 bytes)
[PegaHttpClient] 📡 POST https://zdk8budo.pegaacademy.net/prweb/PRRestService/HRAppsV2Service/V1/rules/query?pxObjClass=Rule-HTML-Section&appliesTo=PegaBlueprint-Data-Blueprint&pyRuleName=pzRuleFormToolbarDeleteCheckOut&RequestClass=Rule-HTML-Section&RequestAppliesTo=PegaBlueprint-Data-Blueprint&RequestRuleName=pzRuleFormToolbarDeleteCheckOut Payload: "{\"RequestClass\":\"Rule-HTML-Section\",\"RequestAppliesTo\":\"PegaBlueprint-Data-Blueprint\",\"RequestRuleName\":\"pzRuleFormToolbarDeleteCheckOut\"}" => HTTP 404 (18 bytes)
[PegaHttpClient] 📡 POST https://zdk8budo.pegaacademy.net/prweb/api/HRAppsV2/V1/rules/query?pxObjClass=Rule-HTML-Section&appliesTo=PegaBlueprint-Data-Blueprint&pyRuleName=pzRuleFormToolbarDeleteCheckOut&RequestClass=Rule-HTML-Section&RequestAppliesTo=PegaBlueprint-Data-Blueprint&RequestRuleName=pzRuleFormToolbarDeleteCheckOut Payload: "{\"RequestClass\":\"Rule-HTML-Section\",\"RequestAppliesTo\":\"PegaBlueprint-Data-Blueprint\",\"RequestRuleName\":\"pzRuleFormToolbarDeleteCheckOut\"}" => HTTP 404 (18 bytes)
[PegaHttpClient] 📡 POST https://zdk8budo.pegaacademy.net/prweb/PRRestService/HRAppsV2/V1/rules/query?pxObjClass=Rule-HTML-Section&appliesTo=PegaBlueprint-Data-Blueprint&pyRuleName=pzRuleFormToolbarDeleteCheckOut&RequestClass=Rule-HTML-Section&RequestAppliesTo=PegaBlueprint-Data-Blueprint&RequestRuleName=pzRuleFormToolbarDeleteCheckOut Payload: "{\"RequestClass\":\"Rule-HTML-Section\",\"RequestAppliesTo\":\"PegaBlueprint-Data-Blueprint\",\"RequestRuleName\":\"pzRuleFormToolbarDeleteCheckOut\"}" => HTTP 404 (18 bytes)
[PegaHttpClient] 📡 POST https://zdk8budo.pegaacademy.net/prweb/api/v1/rules/query?pxObjClass=Rule-HTML-Section&appliesTo=PegaBlueprint-Data-Blueprint&pyRuleName=pzRuleFormToolbarDeleteCheckOut&RequestClass=Rule-HTML-Section&RequestAppliesTo=PegaBlueprint-Data-Blueprint&RequestRuleName=pzRuleFormToolbarDeleteCheckOut Payload: "{\"RequestClass\":\"Rule-HTML-Section\",\"RequestAppliesTo\":\"PegaBlueprint-Data-Blueprint\",\"RequestRuleName\":\"pzRuleFormToolbarDeleteCheckOut\"}" => HTTP 404 (18 bytes)
[PegaHttpClient] 📡 POST https://zdk8budo.pegaacademy.net/prweb/PRRestService/v1/rules/query?pxObjClass=Rule-HTML-Section&appliesTo=PegaBlueprint-Data-Blueprint&pyRuleName=pzRuleFormToolbarDeleteCheckOut&RequestClass=Rule-HTML-Section&RequestAppliesTo=PegaBlueprint-Data-Blueprint&RequestRuleName=pzRuleFormToolbarDeleteCheckOut Payload: "{\"RequestClass\":\"Rule-HTML-Section\",\"RequestAppliesTo\":\"PegaBlueprint-Data-Blueprint\",\"RequestRuleName\":\"pzRuleFormToolbarDeleteCheckOut\"}" => HTTP 404 (18 bytes)
[PegaHttpClient] 📡 POST https://zdk8budo.pegaacademy.net/prweb/api/CodeIntelligence/v1/rules/query?pxObjClass=Rule-HTML-Section&appliesTo=PegaBlueprint-Data-Blueprint&pyRuleName=pzRuleFormToolbarDeleteRule&RequestClass=Rule-HTML-Section&RequestAppliesTo=PegaBlueprint-Data-Blueprint&RequestRuleName=pzRuleFormToolbarDeleteRule Payload: "{\"RequestClass\":\"Rule-HTML-Section\",\"RequestAppliesTo\":\"PegaBlueprint-Data-Blueprint\",\"RequestRuleName\":\"pzRuleFormToolbarDeleteRule\"}" => HTTP 200 (32314 bytes)
[PegaHttpClient] 📡 POST https://zdk8budo.pegaacademy.net/prweb/api/CodeIntelligence/v1/rules/query?pxObjClass=Rule-HTML-Section&appliesTo=PegaBlueprint-Data-Blueprint&pyRuleName=pzLoadCollaborationScripts&RequestClass=Rule-HTML-Section&RequestAppliesTo=PegaBlueprint-Data-Blueprint&RequestRuleName=pzLoadCollaborationScripts Payload: "{\"RequestClass\":\"Rule-HTML-Section\",\"RequestAppliesTo\":\"PegaBlueprint-Data-Blueprint\",\"RequestRuleName\":\"pzLoadCollaborationScripts\"}" => HTTP 200 (23453 bytes)
[PegaHttpClient] 📡 POST https://zdk8budo.pegaacademy.net/prweb/api/CodeIntelligence/v1/rules/query?pxObjClass=Rule-HTML-Section&appliesTo=PegaBlueprint-Data-Blueprint&pyRuleName=pzDisplayCollaboratorsList&RequestClass=Rule-HTML-Section&RequestAppliesTo=PegaBlueprint-Data-Blueprint&RequestRuleName=pzDisplayCollaboratorsList Payload: "{\"RequestClass\":\"Rule-HTML-Section\",\"RequestAppliesTo\":\"PegaBlueprint-Data-Blueprint\",\"RequestRuleName\":\"pzDisplayCollaboratorsList\"}" => HTTP 200 (105418 bytes)
[PegaHttpClient] 📡 POST https://zdk8budo.pegaacademy.net/prweb/api/CodeIntelligence/v1/rules/query?pxObjClass=Rule-HTML-Section&appliesTo=PegaBlueprint-Data-Blueprint&pyRuleName=pyCollaborator&RequestClass=Rule-HTML-Section&RequestAppliesTo=PegaBlueprint-Data-Blueprint&RequestRuleName=pyCollaborator Payload: "{\"RequestClass\":\"Rule-HTML-Section\",\"RequestAppliesTo\":\"PegaBlueprint-Data-Blueprint\",\"RequestRuleName\":\"pyCollaborator\"}" => HTTP 404 (120 bytes)
[PegaHttpClient] 📡 POST https://zdk8budo.pegaacademy.net/prweb/PRRestService/CodeIntelligence/v1/rules/query?pxObjClass=Rule-HTML-Section&appliesTo=PegaBlueprint-Data-Blueprint&pyRuleName=pyCollaborator&RequestClass=Rule-HTML-Section&RequestAppliesTo=PegaBlueprint-Data-Blueprint&RequestRuleName=pyCollaborator Payload: "{\"RequestClass\":\"Rule-HTML-Section\",\"RequestAppliesTo\":\"PegaBlueprint-Data-Blueprint\",\"RequestRuleName\":\"pyCollaborator\"}" => HTTP 404 (120 bytes)
[PegaHttpClient] 📡 POST https://zdk8budo.pegaacademy.net/prweb/api/HRAppsV2Service/V1/rules/query?pxObjClass=Rule-HTML-Section&appliesTo=PegaBlueprint-Data-Blueprint&pyRuleName=pyCollaborator&RequestClass=Rule-HTML-Section&RequestAppliesTo=PegaBlueprint-Data-Blueprint&RequestRuleName=pyCollaborator Payload: "{\"RequestClass\":\"Rule-HTML-Section\",\"RequestAppliesTo\":\"PegaBlueprint-Data-Blueprint\",\"RequestRuleName\":\"pyCollaborator\"}" => HTTP 404 (18 bytes)
[PegaHttpClient] 📡 POST https://zdk8budo.pegaacademy.net/prweb/PRRestService/HRAppsV2Service/V1/rules/query?pxObjClass=Rule-HTML-Section&appliesTo=PegaBlueprint-Data-Blueprint&pyRuleName=pyCollaborator&RequestClass=Rule-HTML-Section&RequestAppliesTo=PegaBlueprint-Data-Blueprint&RequestRuleName=pyCollaborator Payload: "{\"RequestClass\":\"Rule-HTML-Section\",\"RequestAppliesTo\":\"PegaBlueprint-Data-Blueprint\",\"RequestRuleName\":\"pyCollaborator\"}" => HTTP 404 (18 bytes)
[PegaHttpClient] 📡 POST https://zdk8budo.pegaacademy.net/prweb/api/HRAppsV2/V1/rules/query?pxObjClass=Rule-HTML-Section&appliesTo=PegaBlueprint-Data-Blueprint&pyRuleName=pyCollaborator&RequestClass=Rule-HTML-Section&RequestAppliesTo=PegaBlueprint-Data-Blueprint&RequestRuleName=pyCollaborator Payload: "{\"RequestClass\":\"Rule-HTML-Section\",\"RequestAppliesTo\":\"PegaBlueprint-Data-Blueprint\",\"RequestRuleName\":\"pyCollaborator\"}" => HTTP 404 (18 bytes)
[PegaHttpClient] 📡 POST https://zdk8budo.pegaacademy.net/prweb/PRRestService/HRAppsV2/V1/rules/query?pxObjClass=Rule-HTML-Section&appliesTo=PegaBlueprint-Data-Blueprint&pyRuleName=pyCollaborator&RequestClass=Rule-HTML-Section&RequestAppliesTo=PegaBlueprint-Data-Blueprint&RequestRuleName=pyCollaborator Payload: "{\"RequestClass\":\"Rule-HTML-Section\",\"RequestAppliesTo\":\"PegaBlueprint-Data-Blueprint\",\"RequestRuleName\":\"pyCollaborator\"}" => HTTP 404 (18 bytes)
[PegaHttpClient] 📡 POST https://zdk8budo.pegaacademy.net/prweb/api/v1/rules/query?pxObjClass=Rule-HTML-Section&appliesTo=PegaBlueprint-Data-Blueprint&pyRuleName=pyCollaborator&RequestClass=Rule-HTML-Section&RequestAppliesTo=PegaBlueprint-Data-Blueprint&RequestRuleName=pyCollaborator Payload: "{\"RequestClass\":\"Rule-HTML-Section\",\"RequestAppliesTo\":\"PegaBlueprint-Data-Blueprint\",\"RequestRuleName\":\"pyCollaborator\"}" => HTTP 404 (18 bytes)
[PegaHttpClient] 📡 POST https://zdk8budo.pegaacademy.net/prweb/PRRestService/v1/rules/query?pxObjClass=Rule-HTML-Section&appliesTo=PegaBlueprint-Data-Blueprint&pyRuleName=pyCollaborator&RequestClass=Rule-HTML-Section&RequestAppliesTo=PegaBlueprint-Data-Blueprint&RequestRuleName=pyCollaborator Payload: "{\"RequestClass\":\"Rule-HTML-Section\",\"RequestAppliesTo\":\"PegaBlueprint-Data-Blueprint\",\"RequestRuleName\":\"pyCollaborator\"}" => HTTP 404 (18 bytes)
[PegaHttpClient] 📡 POST https://zdk8budo.pegaacademy.net/prweb/api/CodeIntelligence/v1/rules/query?pxObjClass=Rule-HTML-Section&appliesTo=PegaBlueprint-Data-Blueprint&pyRuleName=pzDisplayPartialCount&RequestClass=Rule-HTML-Section&RequestAppliesTo=PegaBlueprint-Data-Blueprint&RequestRuleName=pzDisplayPartialCount Payload: "{\"RequestClass\":\"Rule-HTML-Section\",\"RequestAppliesTo\":\"PegaBlueprint-Data-Blueprint\",\"RequestRuleName\":\"pzDisplayPartialCount\"}" => HTTP 404 (127 bytes)
[PegaHttpClient] 📡 POST https://zdk8budo.pegaacademy.net/prweb/PRRestService/CodeIntelligence/v1/rules/query?pxObjClass=Rule-HTML-Section&appliesTo=PegaBlueprint-Data-Blueprint&pyRuleName=pzDisplayPartialCount&RequestClass=Rule-HTML-Section&RequestAppliesTo=PegaBlueprint-Data-Blueprint&RequestRuleName=pzDisplayPartialCount Payload: "{\"RequestClass\":\"Rule-HTML-Section\",\"RequestAppliesTo\":\"PegaBlueprint-Data-Blueprint\",\"RequestRuleName\":\"pzDisplayPartialCount\"}" => HTTP 404 (127 bytes)
[PegaHttpClient] 📡 POST https://zdk8budo.pegaacademy.net/prweb/api/HRAppsV2Service/V1/rules/query?pxObjClass=Rule-HTML-Section&appliesTo=PegaBlueprint-Data-Blueprint&pyRuleName=pzDisplayPartialCount&RequestClass=Rule-HTML-Section&RequestAppliesTo=PegaBlueprint-Data-Blueprint&RequestRuleName=pzDisplayPartialCount Payload: "{\"RequestClass\":\"Rule-HTML-Section\",\"RequestAppliesTo\":\"PegaBlueprint-Data-Blueprint\",\"RequestRuleName\":\"pzDisplayPartialCount\"}" => HTTP 404 (18 bytes)
[PegaHttpClient] 📡 POST https://zdk8budo.pegaacademy.net/prweb/PRRestService/HRAppsV2Service/V1/rules/query?pxObjClass=Rule-HTML-Section&appliesTo=PegaBlueprint-Data-Blueprint&pyRuleName=pzDisplayPartialCount&RequestClass=Rule-HTML-Section&RequestAppliesTo=PegaBlueprint-Data-Blueprint&RequestRuleName=pzDisplayPartialCount Payload: "{\"RequestClass\":\"Rule-HTML-Section\",\"RequestAppliesTo\":\"PegaBlueprint-Data-Blueprint\",\"RequestRuleName\":\"pzDisplayPartialCount\"}" => HTTP 404 (18 bytes)
[PegaHttpClient] 📡 POST https://zdk8budo.pegaacademy.net/prweb/api/HRAppsV2/V1/rules/query?pxObjClass=Rule-HTML-Section&appliesTo=PegaBlueprint-Data-Blueprint&pyRuleName=pzDisplayPartialCount&RequestClass=Rule-HTML-Section&RequestAppliesTo=PegaBlueprint-Data-Blueprint&RequestRuleName=pzDisplayPartialCount Payload: "{\"RequestClass\":\"Rule-HTML-Section\",\"RequestAppliesTo\":\"PegaBlueprint-Data-Blueprint\",\"RequestRuleName\":\"pzDisplayPartialCount\"}" => HTTP 404 (18 bytes)
[PegaHttpClient] 📡 POST https://zdk8budo.pegaacademy.net/prweb/PRRestService/HRAppsV2/V1/rules/query?pxObjClass=Rule-HTML-Section&appliesTo=PegaBlueprint-Data-Blueprint&pyRuleName=pzDisplayPartialCount&RequestClass=Rule-HTML-Section&RequestAppliesTo=PegaBlueprint-Data-Blueprint&RequestRuleName=pzDisplayPartialCount Payload: "{\"RequestClass\":\"Rule-HTML-Section\",\"RequestAppliesTo\":\"PegaBlueprint-Data-Blueprint\",\"RequestRuleName\":\"pzDisplayPartialCount\"}" => HTTP 404 (18 bytes)
[PegaHttpClient] 📡 POST https://zdk8budo.pegaacademy.net/prweb/api/v1/rules/query?pxObjClass=Rule-HTML-Section&appliesTo=PegaBlueprint-Data-Blueprint&pyRuleName=pzDisplayPartialCount&RequestClass=Rule-HTML-Section&RequestAppliesTo=PegaBlueprint-Data-Blueprint&RequestRuleName=pzDisplayPartialCount Payload: "{\"RequestClass\":\"Rule-HTML-Section\",\"RequestAppliesTo\":\"PegaBlueprint-Data-Blueprint\",\"RequestRuleName\":\"pzDisplayPartialCount\"}" => HTTP 404 (18 bytes)
[PegaHttpClient] 📡 POST https://zdk8budo.pegaacademy.net/prweb/PRRestService/v1/rules/query?pxObjClass=Rule-HTML-Section&appliesTo=PegaBlueprint-Data-Blueprint&pyRuleName=pzDisplayPartialCount&RequestClass=Rule-HTML-Section&RequestAppliesTo=PegaBlueprint-Data-Blueprint&RequestRuleName=pzDisplayPartialCount Payload: "{\"RequestClass\":\"Rule-HTML-Section\",\"RequestAppliesTo\":\"PegaBlueprint-Data-Blueprint\",\"RequestRuleName\":\"pzDisplayPartialCount\"}" => HTTP 404 (18 bytes)
[SchemaGen] ✅ Schema written for PegaBlueprint-Data-Blueprint
[PegaHttpClient] 📡 GET https://zdk8budo.pegaacademy.net/prweb/api/CodeIntelligence/v1/rules/RULE-HTML-HARNESS%20DATA-ADMIN-SERVICEPACKAGE%20RULEFORM%20%2320230808T112829.360%20GMT => HTTP 200 (27468 bytes)
[PegaHttpClient] 📡 POST https://zdk8budo.pegaacademy.net/prweb/api/CodeIntelligence/v1/rules/query?pxObjClass=Rule-HTML-Section&appliesTo=Data-Admin-ServicePackage&pyRuleName=RuleFormMain&RequestClass=Rule-HTML-Section&RequestAppliesTo=Data-Admin-ServicePackage&RequestRuleName=RuleFormMain Payload: "{\"RequestClass\":\"Rule-HTML-Section\",\"RequestAppliesTo\":\"Data-Admin-ServicePackage\",\"RequestRuleName\":\"RuleFormMain\"}" => HTTP 200 (156234 bytes)
[PegaHttpClient] 📡 POST https://zdk8budo.pegaacademy.net/prweb/api/CodeIntelligence/v1/rules/query?pxObjClass=Rule-HTML-Section&appliesTo=Data-Admin-ServicePackage&pyRuleName=pxAlternateRuleForm&RequestClass=Rule-HTML-Section&RequestAppliesTo=Data-Admin-ServicePackage&RequestRuleName=pxAlternateRuleForm Payload: "{\"RequestClass\":\"Rule-HTML-Section\",\"RequestAppliesTo\":\"Data-Admin-ServicePackage\",\"RequestRuleName\":\"pxAlternateRuleForm\"}" => HTTP 200 (66153 bytes)
[PegaHttpClient] 📡 POST https://zdk8budo.pegaacademy.net/prweb/api/CodeIntelligence/v1/rules/query?pxObjClass=Rule-HTML-Section&appliesTo=Data-Admin-ServicePackage&pyRuleName=pzRuleFormScripts&RequestClass=Rule-HTML-Section&RequestAppliesTo=Data-Admin-ServicePackage&RequestRuleName=pzRuleFormScripts Payload: "{\"RequestClass\":\"Rule-HTML-Section\",\"RequestAppliesTo\":\"Data-Admin-ServicePackage\",\"RequestRuleName\":\"pzRuleFormScripts\"}" => HTTP 200 (40822 bytes)
[PegaHttpClient] 📡 POST https://zdk8budo.pegaacademy.net/prweb/api/CodeIntelligence/v1/rules/query?pxObjClass=Rule-HTML-Section&appliesTo=Data-Admin-ServicePackage&pyRuleName=pzRuleFormLayoutDelegated&RequestClass=Rule-HTML-Section&RequestAppliesTo=Data-Admin-ServicePackage&RequestRuleName=pzRuleFormLayoutDelegated Payload: "{\"RequestClass\":\"Rule-HTML-Section\",\"RequestAppliesTo\":\"Data-Admin-ServicePackage\",\"RequestRuleName\":\"pzRuleFormLayoutDelegated\"}" => HTTP 200 (70998 bytes)
[PegaHttpClient] 📡 POST https://zdk8budo.pegaacademy.net/prweb/api/CodeIntelligence/v1/rules/query?pxObjClass=Rule-HTML-Section&appliesTo=Data-Admin-ServicePackage&pyRuleName=RuleFormLayout&RequestClass=Rule-HTML-Section&RequestAppliesTo=Data-Admin-ServicePackage&RequestRuleName=RuleFormLayout Payload: "{\"RequestClass\":\"Rule-HTML-Section\",\"RequestAppliesTo\":\"Data-Admin-ServicePackage\",\"RequestRuleName\":\"RuleFormLayout\"}" => HTTP 200 (148587 bytes)
[PegaHttpClient] 📡 POST https://zdk8budo.pegaacademy.net/prweb/api/CodeIntelligence/v1/rules/query?pxObjClass=Rule-HTML-Section&appliesTo=Data-Admin-ServicePackage&pyRuleName=RuleFormSettings&RequestClass=Rule-HTML-Section&RequestAppliesTo=Data-Admin-ServicePackage&RequestRuleName=RuleFormSettings Payload: "{\"RequestClass\":\"Rule-HTML-Section\",\"RequestAppliesTo\":\"Data-Admin-ServicePackage\",\"RequestRuleName\":\"RuleFormSettings\"}" => HTTP 200 (21582 bytes)
[PegaHttpClient] 📡 POST https://zdk8budo.pegaacademy.net/prweb/api/CodeIntelligence/v1/rules/query?pxObjClass=Rule-HTML-Section&appliesTo=Data-Admin-ServicePackage&pyRuleName=OpenAuthoring&RequestClass=Rule-HTML-Section&RequestAppliesTo=Data-Admin-ServicePackage&RequestRuleName=OpenAuthoring Payload: "{\"RequestClass\":\"Rule-HTML-Section\",\"RequestAppliesTo\":\"Data-Admin-ServicePackage\",\"RequestRuleName\":\"OpenAuthoring\"}" => HTTP 200 (20315 bytes)
[PegaHttpClient] 📡 POST https://zdk8budo.pegaacademy.net/prweb/api/CodeIntelligence/v1/rules/query?pxObjClass=Rule-HTML-Section&appliesTo=Data-Admin-ServicePackage&pyRuleName=pyCustomHelp&RequestClass=Rule-HTML-Section&RequestAppliesTo=Data-Admin-ServicePackage&RequestRuleName=pyCustomHelp Payload: "{\"RequestClass\":\"Rule-HTML-Section\",\"RequestAppliesTo\":\"Data-Admin-ServicePackage\",\"RequestRuleName\":\"pyCustomHelp\"}" => HTTP 200 (17256 bytes)
[PegaHttpClient] 📡 POST https://zdk8budo.pegaacademy.net/prweb/api/CodeIntelligence/v1/rules/query?pxObjClass=Rule-HTML-Section&appliesTo=Data-Admin-ServicePackage&pyRuleName=pzRuleformMainInclude&RequestClass=Rule-HTML-Section&RequestAppliesTo=Data-Admin-ServicePackage&RequestRuleName=pzRuleformMainInclude Payload: "{\"RequestClass\":\"Rule-HTML-Section\",\"RequestAppliesTo\":\"Data-Admin-ServicePackage\",\"RequestRuleName\":\"pzRuleformMainInclude\"}" => HTTP 200 (22375 bytes)
[PegaHttpClient] 📡 POST https://zdk8budo.pegaacademy.net/prweb/api/CodeIntelligence/v1/rules/query?pxObjClass=Rule-HTML-Section&appliesTo=Data-Admin-ServicePackage&pyRuleName=pyAlternativeRuleFormStrategicAppExtension&RequestClass=Rule-HTML-Section&RequestAppliesTo=Data-Admin-ServicePackage&RequestRuleName=pyAlternativeRuleFormStrategicAppExtension Payload: "{\"RequestClass\":\"Rule-HTML-Section\",\"RequestAppliesTo\":\"Data-Admin-ServicePackage\",\"RequestRuleName\":\"pyAlternativeRuleFormStrategicAppExtension\"}" => HTTP 200 (25042 bytes)
[PegaHttpClient] 📡 POST https://zdk8budo.pegaacademy.net/prweb/api/CodeIntelligence/v1/rules/query?pxObjClass=Rule-HTML-Section&appliesTo=Data-Admin-ServicePackage&pyRuleName=pyAlternativeRuleFormExtension&RequestClass=Rule-HTML-Section&RequestAppliesTo=Data-Admin-ServicePackage&RequestRuleName=pyAlternativeRuleFormExtension Payload: "{\"RequestClass\":\"Rule-HTML-Section\",\"RequestAppliesTo\":\"Data-Admin-ServicePackage\",\"RequestRuleName\":\"pyAlternativeRuleFormExtension\"}" => HTTP 200 (24863 bytes)
[PegaHttpClient] 📡 POST https://zdk8budo.pegaacademy.net/prweb/api/CodeIntelligence/v1/rules/query?pxObjClass=Rule-HTML-Section&appliesTo=Data-Admin-ServicePackage&pyRuleName=RuleFormHeader&RequestClass=Rule-HTML-Section&RequestAppliesTo=Data-Admin-ServicePackage&RequestRuleName=RuleFormHeader Payload: "{\"RequestClass\":\"Rule-HTML-Section\",\"RequestAppliesTo\":\"Data-Admin-ServicePackage\",\"RequestRuleName\":\"RuleFormHeader\"}" => HTTP 200 (183800 bytes)
[PegaHttpClient] 📡 POST https://zdk8budo.pegaacademy.net/prweb/api/CodeIntelligence/v1/rules/query?pxObjClass=Rule-HTML-Section&appliesTo=Data-Admin-ServicePackage&pyRuleName=pzDelegationExperience&RequestClass=Rule-HTML-Section&RequestAppliesTo=Data-Admin-ServicePackage&RequestRuleName=pzDelegationExperience Payload: "{\"RequestClass\":\"Rule-HTML-Section\",\"RequestAppliesTo\":\"Data-Admin-ServicePackage\",\"RequestRuleName\":\"pzDelegationExperience\"}" => HTTP 404 (125 bytes)
[PegaHttpClient] 📡 POST https://zdk8budo.pegaacademy.net/prweb/PRRestService/CodeIntelligence/v1/rules/query?pxObjClass=Rule-HTML-Section&appliesTo=Data-Admin-ServicePackage&pyRuleName=pzDelegationExperience&RequestClass=Rule-HTML-Section&RequestAppliesTo=Data-Admin-ServicePackage&RequestRuleName=pzDelegationExperience Payload: "{\"RequestClass\":\"Rule-HTML-Section\",\"RequestAppliesTo\":\"Data-Admin-ServicePackage\",\"RequestRuleName\":\"pzDelegationExperience\"}" => HTTP 404 (125 bytes)
[PegaHttpClient] 📡 POST https://zdk8budo.pegaacademy.net/prweb/api/HRAppsV2Service/V1/rules/query?pxObjClass=Rule-HTML-Section&appliesTo=Data-Admin-ServicePackage&pyRuleName=pzDelegationExperience&RequestClass=Rule-HTML-Section&RequestAppliesTo=Data-Admin-ServicePackage&RequestRuleName=pzDelegationExperience Payload: "{\"RequestClass\":\"Rule-HTML-Section\",\"RequestAppliesTo\":\"Data-Admin-ServicePackage\",\"RequestRuleName\":\"pzDelegationExperience\"}" => HTTP 404 (18 bytes)
[PegaHttpClient] 📡 POST https://zdk8budo.pegaacademy.net/prweb/PRRestService/HRAppsV2Service/V1/rules/query?pxObjClass=Rule-HTML-Section&appliesTo=Data-Admin-ServicePackage&pyRuleName=pzDelegationExperience&RequestClass=Rule-HTML-Section&RequestAppliesTo=Data-Admin-ServicePackage&RequestRuleName=pzDelegationExperience Payload: "{\"RequestClass\":\"Rule-HTML-Section\",\"RequestAppliesTo\":\"Data-Admin-ServicePackage\",\"RequestRuleName\":\"pzDelegationExperience\"}" => HTTP 404 (18 bytes)
[PegaHttpClient] 📡 POST https://zdk8budo.pegaacademy.net/prweb/api/HRAppsV2/V1/rules/query?pxObjClass=Rule-HTML-Section&appliesTo=Data-Admin-ServicePackage&pyRuleName=pzDelegationExperience&RequestClass=Rule-HTML-Section&RequestAppliesTo=Data-Admin-ServicePackage&RequestRuleName=pzDelegationExperience Payload: "{\"RequestClass\":\"Rule-HTML-Section\",\"RequestAppliesTo\":\"Data-Admin-ServicePackage\",\"RequestRuleName\":\"pzDelegationExperience\"}" => HTTP 404 (18 bytes)
[PegaHttpClient] 📡 POST https://zdk8budo.pegaacademy.net/prweb/PRRestService/HRAppsV2/V1/rules/query?pxObjClass=Rule-HTML-Section&appliesTo=Data-Admin-ServicePackage&pyRuleName=pzDelegationExperience&RequestClass=Rule-HTML-Section&RequestAppliesTo=Data-Admin-ServicePackage&RequestRuleName=pzDelegationExperience Payload: "{\"RequestClass\":\"Rule-HTML-Section\",\"RequestAppliesTo\":\"Data-Admin-ServicePackage\",\"RequestRuleName\":\"pzDelegationExperience\"}" => HTTP 404 (18 bytes)
[PegaHttpClient] 📡 POST https://zdk8budo.pegaacademy.net/prweb/api/v1/rules/query?pxObjClass=Rule-HTML-Section&appliesTo=Data-Admin-ServicePackage&pyRuleName=pzDelegationExperience&RequestClass=Rule-HTML-Section&RequestAppliesTo=Data-Admin-ServicePackage&RequestRuleName=pzDelegationExperience Payload: "{\"RequestClass\":\"Rule-HTML-Section\",\"RequestAppliesTo\":\"Data-Admin-ServicePackage\",\"RequestRuleName\":\"pzDelegationExperience\"}" => HTTP 404 (18 bytes)
[PegaHttpClient] 📡 POST https://zdk8budo.pegaacademy.net/prweb/PRRestService/v1/rules/query?pxObjClass=Rule-HTML-Section&appliesTo=Data-Admin-ServicePackage&pyRuleName=pzDelegationExperience&RequestClass=Rule-HTML-Section&RequestAppliesTo=Data-Admin-ServicePackage&RequestRuleName=pzDelegationExperience Payload: "{\"RequestClass\":\"Rule-HTML-Section\",\"RequestAppliesTo\":\"Data-Admin-ServicePackage\",\"RequestRuleName\":\"pzDelegationExperience\"}" => HTTP 404 (18 bytes)
[PegaHttpClient] 📡 POST https://zdk8budo.pegaacademy.net/prweb/api/CodeIntelligence/v1/rules/query?pxObjClass=Rule-HTML-Section&appliesTo=Data-Admin-ServicePackage&pyRuleName=pzContext&RequestClass=Rule-HTML-Section&RequestAppliesTo=Data-Admin-ServicePackage&RequestRuleName=pzContext Payload: "{\"RequestClass\":\"Rule-HTML-Section\",\"RequestAppliesTo\":\"Data-Admin-ServicePackage\",\"RequestRuleName\":\"pzContext\"}" => HTTP 200 (107782 bytes)
[PegaHttpClient] 📡 POST https://zdk8budo.pegaacademy.net/prweb/api/CodeIntelligence/v1/rules/query?pxObjClass=Rule-HTML-Section&appliesTo=Data-Admin-ServicePackage&pyRuleName=pxPooling&RequestClass=Rule-HTML-Section&RequestAppliesTo=Data-Admin-ServicePackage&RequestRuleName=pxPooling Payload: "{\"RequestClass\":\"Rule-HTML-Section\",\"RequestAppliesTo\":\"Data-Admin-ServicePackage\",\"RequestRuleName\":\"pxPooling\"}" => HTTP 200 (52132 bytes)
[PegaHttpClient] 📡 POST https://zdk8budo.pegaacademy.net/prweb/api/CodeIntelligence/v1/rules/query?pxObjClass=Rule-HTML-Section&appliesTo=Data-Admin-ServicePackage&pyRuleName=pzOpenAPI&RequestClass=Rule-HTML-Section&RequestAppliesTo=Data-Admin-ServicePackage&RequestRuleName=pzOpenAPI Payload: "{\"RequestClass\":\"Rule-HTML-Section\",\"RequestAppliesTo\":\"Data-Admin-ServicePackage\",\"RequestRuleName\":\"pzOpenAPI\"}" => HTTP 200 (65139 bytes)
[PegaHttpClient] 📡 POST https://zdk8budo.pegaacademy.net/prweb/api/CodeIntelligence/v1/rules/query?pxObjClass=Rule-HTML-Section&appliesTo=Data-Admin-ServicePackage&pyRuleName=RuleFormHistory&RequestClass=Rule-HTML-Section&RequestAppliesTo=Data-Admin-ServicePackage&RequestRuleName=RuleFormHistory Payload: "{\"RequestClass\":\"Rule-HTML-Section\",\"RequestAppliesTo\":\"Data-Admin-ServicePackage\",\"RequestRuleName\":\"RuleFormHistory\"}" => HTTP 200 (18043 bytes)
[PegaHttpClient] 📡 POST https://zdk8budo.pegaacademy.net/prweb/api/CodeIntelligence/v1/rules/query?pxObjClass=Rule-HTML-Section&appliesTo=Data-Admin-ServicePackage&pyRuleName=pzCustomHelp&RequestClass=Rule-HTML-Section&RequestAppliesTo=Data-Admin-ServicePackage&RequestRuleName=pzCustomHelp Payload: "{\"RequestClass\":\"Rule-HTML-Section\",\"RequestAppliesTo\":\"Data-Admin-ServicePackage\",\"RequestRuleName\":\"pzCustomHelp\"}" => HTTP 200 (31573 bytes)
[PegaHttpClient] 📡 POST https://zdk8budo.pegaacademy.net/prweb/api/CodeIntelligence/v1/rules/query?pxObjClass=Rule-HTML-Section&appliesTo=Data-Admin-ServicePackage&pyRuleName=pzRuleFormKeysAndDescription&RequestClass=Rule-HTML-Section&RequestAppliesTo=Data-Admin-ServicePackage&RequestRuleName=pzRuleFormKeysAndDescription Payload: "{\"RequestClass\":\"Rule-HTML-Section\",\"RequestAppliesTo\":\"Data-Admin-ServicePackage\",\"RequestRuleName\":\"pzRuleFormKeysAndDescription\"}" => HTTP 200 (218057 bytes)
[PegaHttpClient] 📡 POST https://zdk8budo.pegaacademy.net/prweb/api/CodeIntelligence/v1/rules/query?pxObjClass=Rule-HTML-Section&appliesTo=Data-Admin-ServicePackage&pyRuleName=pzRuleFormRuleset&RequestClass=Rule-HTML-Section&RequestAppliesTo=Data-Admin-ServicePackage&RequestRuleName=pzRuleFormRuleset Payload: "{\"RequestClass\":\"Rule-HTML-Section\",\"RequestAppliesTo\":\"Data-Admin-ServicePackage\",\"RequestRuleName\":\"pzRuleFormRuleset\"}" => HTTP 200 (29020 bytes)
[PegaHttpClient] 📡 POST https://zdk8budo.pegaacademy.net/prweb/api/CodeIntelligence/v1/rules/query?pxObjClass=Rule-HTML-Section&appliesTo=Data-Admin-ServicePackage&pyRuleName=undefined&RequestClass=Rule-HTML-Section&RequestAppliesTo=Data-Admin-ServicePackage&RequestRuleName=undefined Payload: "{\"RequestClass\":\"Rule-HTML-Section\",\"RequestAppliesTo\":\"Data-Admin-ServicePackage\",\"RequestRuleName\":\"undefined\"}" => HTTP 404 (112 bytes)
[PegaHttpClient] 📡 POST https://zdk8budo.pegaacademy.net/prweb/PRRestService/CodeIntelligence/v1/rules/query?pxObjClass=Rule-HTML-Section&appliesTo=Data-Admin-ServicePackage&pyRuleName=undefined&RequestClass=Rule-HTML-Section&RequestAppliesTo=Data-Admin-ServicePackage&RequestRuleName=undefined Payload: "{\"RequestClass\":\"Rule-HTML-Section\",\"RequestAppliesTo\":\"Data-Admin-ServicePackage\",\"RequestRuleName\":\"undefined\"}" => HTTP 404 (112 bytes)
[PegaHttpClient] 📡 POST https://zdk8budo.pegaacademy.net/prweb/api/HRAppsV2Service/V1/rules/query?pxObjClass=Rule-HTML-Section&appliesTo=Data-Admin-ServicePackage&pyRuleName=undefined&RequestClass=Rule-HTML-Section&RequestAppliesTo=Data-Admin-ServicePackage&RequestRuleName=undefined Payload: "{\"RequestClass\":\"Rule-HTML-Section\",\"RequestAppliesTo\":\"Data-Admin-ServicePackage\",\"RequestRuleName\":\"undefined\"}" => HTTP 404 (18 bytes)
[PegaHttpClient] 📡 POST https://zdk8budo.pegaacademy.net/prweb/PRRestService/HRAppsV2Service/V1/rules/query?pxObjClass=Rule-HTML-Section&appliesTo=Data-Admin-ServicePackage&pyRuleName=undefined&RequestClass=Rule-HTML-Section&RequestAppliesTo=Data-Admin-ServicePackage&RequestRuleName=undefined Payload: "{\"RequestClass\":\"Rule-HTML-Section\",\"RequestAppliesTo\":\"Data-Admin-ServicePackage\",\"RequestRuleName\":\"undefined\"}" => HTTP 404 (18 bytes)
[PegaHttpClient] 📡 POST https://zdk8budo.pegaacademy.net/prweb/api/HRAppsV2/V1/rules/query?pxObjClass=Rule-HTML-Section&appliesTo=Data-Admin-ServicePackage&pyRuleName=undefined&RequestClass=Rule-HTML-Section&RequestAppliesTo=Data-Admin-ServicePackage&RequestRuleName=undefined Payload: "{\"RequestClass\":\"Rule-HTML-Section\",\"RequestAppliesTo\":\"Data-Admin-ServicePackage\",\"RequestRuleName\":\"undefined\"}" => HTTP 404 (18 bytes)
[PegaHttpClient] 📡 POST https://zdk8budo.pegaacademy.net/prweb/PRRestService/HRAppsV2/V1/rules/query?pxObjClass=Rule-HTML-Section&appliesTo=Data-Admin-ServicePackage&pyRuleName=undefined&RequestClass=Rule-HTML-Section&RequestAppliesTo=Data-Admin-ServicePackage&RequestRuleName=undefined Payload: "{\"RequestClass\":\"Rule-HTML-Section\",\"RequestAppliesTo\":\"Data-Admin-ServicePackage\",\"RequestRuleName\":\"undefined\"}" => HTTP 404 (18 bytes)
[PegaHttpClient] 📡 POST https://zdk8budo.pegaacademy.net/prweb/api/v1/rules/query?pxObjClass=Rule-HTML-Section&appliesTo=Data-Admin-ServicePackage&pyRuleName=undefined&RequestClass=Rule-HTML-Section&RequestAppliesTo=Data-Admin-ServicePackage&RequestRuleName=undefined Payload: "{\"RequestClass\":\"Rule-HTML-Section\",\"RequestAppliesTo\":\"Data-Admin-ServicePackage\",\"RequestRuleName\":\"undefined\"}" => HTTP 404 (18 bytes)
[PegaHttpClient] 📡 POST https://zdk8budo.pegaacademy.net/prweb/PRRestService/v1/rules/query?pxObjClass=Rule-HTML-Section&appliesTo=Data-Admin-ServicePackage&pyRuleName=undefined&RequestClass=Rule-HTML-Section&RequestAppliesTo=Data-Admin-ServicePackage&RequestRuleName=undefined Payload: "{\"RequestClass\":\"Rule-HTML-Section\",\"RequestAppliesTo\":\"Data-Admin-ServicePackage\",\"RequestRuleName\":\"undefined\"}" => HTTP 404 (18 bytes)
[PegaHttpClient] 📡 POST https://zdk8budo.pegaacademy.net/prweb/api/CodeIntelligence/v1/rules/query?pxObjClass=Rule-HTML-Section&appliesTo=Data-Admin-ServicePackage&pyRuleName=pzRuleFormToolbar&RequestClass=Rule-HTML-Section&RequestAppliesTo=Data-Admin-ServicePackage&RequestRuleName=pzRuleFormToolbar Payload: "{\"RequestClass\":\"Rule-HTML-Section\",\"RequestAppliesTo\":\"Data-Admin-ServicePackage\",\"RequestRuleName\":\"pzRuleFormToolbar\"}" => HTTP 200 (242691 bytes)
[PegaHttpClient] 📡 POST https://zdk8budo.pegaacademy.net/prweb/api/CodeIntelligence/v1/rules/query?pxObjClass=Rule-HTML-Section&appliesTo=Data-Admin-ServicePackage&pyRuleName=pzRuleFormToolbarCompare&RequestClass=Rule-HTML-Section&RequestAppliesTo=Data-Admin-ServicePackage&RequestRuleName=pzRuleFormToolbarCompare Payload: "{\"RequestClass\":\"Rule-HTML-Section\",\"RequestAppliesTo\":\"Data-Admin-ServicePackage\",\"RequestRuleName\":\"pzRuleFormToolbarCompare\"}" => HTTP 200 (61925 bytes)
[PegaHttpClient] 📡 POST https://zdk8budo.pegaacademy.net/prweb/api/CodeIntelligence/v1/rules/query?pxObjClass=Rule-HTML-Section&appliesTo=Data-Admin-ServicePackage&pyRuleName=RuleFormHeaderMessages&RequestClass=Rule-HTML-Section&RequestAppliesTo=Data-Admin-ServicePackage&RequestRuleName=RuleFormHeaderMessages Payload: "{\"RequestClass\":\"Rule-HTML-Section\",\"RequestAppliesTo\":\"Data-Admin-ServicePackage\",\"RequestRuleName\":\"RuleFormHeaderMessages\"}" => HTTP 200 (26518 bytes)
[PegaHttpClient] 📡 POST https://zdk8budo.pegaacademy.net/prweb/api/CodeIntelligence/v1/rules/query?pxObjClass=Rule-HTML-Section&appliesTo=Data-Admin-ServicePackage&pyRuleName=pxContextInner&RequestClass=Rule-HTML-Section&RequestAppliesTo=Data-Admin-ServicePackage&RequestRuleName=pxContextInner Payload: "{\"RequestClass\":\"Rule-HTML-Section\",\"RequestAppliesTo\":\"Data-Admin-ServicePackage\",\"RequestRuleName\":\"pxContextInner\"}" => HTTP 200 (53234 bytes)
[PegaHttpClient] 📡 POST https://zdk8budo.pegaacademy.net/prweb/api/CodeIntelligence/v1/rules/query?pxObjClass=Rule-HTML-Section&appliesTo=Data-Admin-ServicePackage&pyRuleName=pxSecuritySettings&RequestClass=Rule-HTML-Section&RequestAppliesTo=Data-Admin-ServicePackage&RequestRuleName=pxSecuritySettings Payload: "{\"RequestClass\":\"Rule-HTML-Section\",\"RequestAppliesTo\":\"Data-Admin-ServicePackage\",\"RequestRuleName\":\"pxSecuritySettings\"}" => HTTP 200 (257817 bytes)
[PegaHttpClient] 📡 POST https://zdk8budo.pegaacademy.net/prweb/api/CodeIntelligence/v1/rules/query?pxObjClass=Rule-HTML-Section&appliesTo=Data-Admin-ServicePackage&pyRuleName=pxTreatRequestWithNoContentTypeAsBinary&RequestClass=Rule-HTML-Section&RequestAppliesTo=Data-Admin-ServicePackage&RequestRuleName=pxTreatRequestWithNoContentTypeAsBinary Payload: "{\"RequestClass\":\"Rule-HTML-Section\",\"RequestAppliesTo\":\"Data-Admin-ServicePackage\",\"RequestRuleName\":\"pxTreatRequestWithNoContentTypeAsBinary\"}" => HTTP 200 (225697 bytes)
[PegaHttpClient] 📡 POST https://zdk8budo.pegaacademy.net/prweb/api/CodeIntelligence/v1/rules/query?pxObjClass=Rule-HTML-Section&appliesTo=Data-Admin-ServicePackage&pyRuleName=pxEnableDeclarativeProcessing&RequestClass=Rule-HTML-Section&RequestAppliesTo=Data-Admin-ServicePackage&RequestRuleName=pxEnableDeclarativeProcessing Payload: "{\"RequestClass\":\"Rule-HTML-Section\",\"RequestAppliesTo\":\"Data-Admin-ServicePackage\",\"RequestRuleName\":\"pxEnableDeclarativeProcessing\"}" => HTTP 200 (21670 bytes)
[PegaHttpClient] 📡 POST https://zdk8budo.pegaacademy.net/prweb/api/CodeIntelligence/v1/rules/query?pxObjClass=Rule-HTML-Section&appliesTo=Data-Admin-ServicePackage&pyRuleName=pzDeployment&RequestClass=Rule-HTML-Section&RequestAppliesTo=Data-Admin-ServicePackage&RequestRuleName=pzDeployment Payload: "{\"RequestClass\":\"Rule-HTML-Section\",\"RequestAppliesTo\":\"Data-Admin-ServicePackage\",\"RequestRuleName\":\"pzDeployment\"}" => HTTP 200 (300221 bytes)
[PegaHttpClient] 📡 POST https://zdk8budo.pegaacademy.net/prweb/api/CodeIntelligence/v1/rules/query?pxObjClass=Rule-HTML-Section&appliesTo=Data-Admin-ServicePackage&pyRuleName=pzSwaggerJSControlforAppAPI&RequestClass=Rule-HTML-Section&RequestAppliesTo=Data-Admin-ServicePackage&RequestRuleName=pzSwaggerJSControlforAppAPI Payload: "{\"RequestClass\":\"Rule-HTML-Section\",\"RequestAppliesTo\":\"Data-Admin-ServicePackage\",\"RequestRuleName\":\"pzSwaggerJSControlforAppAPI\"}" => HTTP 200 (21357 bytes)
[PegaHttpClient] 📡 POST https://zdk8budo.pegaacademy.net/prweb/api/CodeIntelligence/v1/rules/query?pxObjClass=Rule-HTML-Section&appliesTo=Data-Admin-ServicePackage&pyRuleName=pzRuleFormStatus&RequestClass=Rule-HTML-Section&RequestAppliesTo=Data-Admin-ServicePackage&RequestRuleName=pzRuleFormStatus Payload: "{\"RequestClass\":\"Rule-HTML-Section\",\"RequestAppliesTo\":\"Data-Admin-ServicePackage\",\"RequestRuleName\":\"pzRuleFormStatus\"}" => HTTP 200 (29579 bytes)
[PegaHttpClient] 📡 POST https://zdk8budo.pegaacademy.net/prweb/api/CodeIntelligence/v1/rules/query?pxObjClass=Rule-HTML-Section&appliesTo=Data-Admin-ServicePackage&pyRuleName=pzRuleFormHeaderCompareWithDropDown&RequestClass=Rule-HTML-Section&RequestAppliesTo=Data-Admin-ServicePackage&RequestRuleName=pzRuleFormHeaderCompareWithDropDown Payload: "{\"RequestClass\":\"Rule-HTML-Section\",\"RequestAppliesTo\":\"Data-Admin-ServicePackage\",\"RequestRuleName\":\"pzRuleFormHeaderCompareWithDropDown\"}" => HTTP 200 (25396 bytes)
[PegaHttpClient] 📡 POST https://zdk8budo.pegaacademy.net/prweb/api/CodeIntelligence/v1/rules/query?pxObjClass=Rule-HTML-Section&appliesTo=Data-Admin-ServicePackage&pyRuleName=undefined&RequestClass=Rule-HTML-Section&RequestAppliesTo=Data-Admin-ServicePackage&RequestRuleName=undefined Payload: "{\"RequestClass\":\"Rule-HTML-Section\",\"RequestAppliesTo\":\"Data-Admin-ServicePackage\",\"RequestRuleName\":\"undefined\"}" => HTTP 404 (112 bytes)
[PegaHttpClient] 📡 POST https://zdk8budo.pegaacademy.net/prweb/PRRestService/CodeIntelligence/v1/rules/query?pxObjClass=Rule-HTML-Section&appliesTo=Data-Admin-ServicePackage&pyRuleName=undefined&RequestClass=Rule-HTML-Section&RequestAppliesTo=Data-Admin-ServicePackage&RequestRuleName=undefined Payload: "{\"RequestClass\":\"Rule-HTML-Section\",\"RequestAppliesTo\":\"Data-Admin-ServicePackage\",\"RequestRuleName\":\"undefined\"}" => HTTP 404 (112 bytes)
[PegaHttpClient] 📡 POST https://zdk8budo.pegaacademy.net/prweb/api/HRAppsV2Service/V1/rules/query?pxObjClass=Rule-HTML-Section&appliesTo=Data-Admin-ServicePackage&pyRuleName=undefined&RequestClass=Rule-HTML-Section&RequestAppliesTo=Data-Admin-ServicePackage&RequestRuleName=undefined Payload: "{\"RequestClass\":\"Rule-HTML-Section\",\"RequestAppliesTo\":\"Data-Admin-ServicePackage\",\"RequestRuleName\":\"undefined\"}" => HTTP 404 (18 bytes)
[PegaHttpClient] 📡 POST https://zdk8budo.pegaacademy.net/prweb/PRRestService/HRAppsV2Service/V1/rules/query?pxObjClass=Rule-HTML-Section&appliesTo=Data-Admin-ServicePackage&pyRuleName=undefined&RequestClass=Rule-HTML-Section&RequestAppliesTo=Data-Admin-ServicePackage&RequestRuleName=undefined Payload: "{\"RequestClass\":\"Rule-HTML-Section\",\"RequestAppliesTo\":\"Data-Admin-ServicePackage\",\"RequestRuleName\":\"undefined\"}" => HTTP 404 (18 bytes)
[PegaHttpClient] 📡 POST https://zdk8budo.pegaacademy.net/prweb/api/HRAppsV2/V1/rules/query?pxObjClass=Rule-HTML-Section&appliesTo=Data-Admin-ServicePackage&pyRuleName=undefined&RequestClass=Rule-HTML-Section&RequestAppliesTo=Data-Admin-ServicePackage&RequestRuleName=undefined Payload: "{\"RequestClass\":\"Rule-HTML-Section\",\"RequestAppliesTo\":\"Data-Admin-ServicePackage\",\"RequestRuleName\":\"undefined\"}" => HTTP 404 (18 bytes)
[PegaHttpClient] 📡 POST https://zdk8budo.pegaacademy.net/prweb/PRRestService/HRAppsV2/V1/rules/query?pxObjClass=Rule-HTML-Section&appliesTo=Data-Admin-ServicePackage&pyRuleName=undefined&RequestClass=Rule-HTML-Section&RequestAppliesTo=Data-Admin-ServicePackage&RequestRuleName=undefined Payload: "{\"RequestClass\":\"Rule-HTML-Section\",\"RequestAppliesTo\":\"Data-Admin-ServicePackage\",\"RequestRuleName\":\"undefined\"}" => HTTP 404 (18 bytes)
[PegaHttpClient] 📡 POST https://zdk8budo.pegaacademy.net/prweb/api/v1/rules/query?pxObjClass=Rule-HTML-Section&appliesTo=Data-Admin-ServicePackage&pyRuleName=undefined&RequestClass=Rule-HTML-Section&RequestAppliesTo=Data-Admin-ServicePackage&RequestRuleName=undefined Payload: "{\"RequestClass\":\"Rule-HTML-Section\",\"RequestAppliesTo\":\"Data-Admin-ServicePackage\",\"RequestRuleName\":\"undefined\"}" => HTTP 404 (18 bytes)
[PegaHttpClient] 📡 POST https://zdk8budo.pegaacademy.net/prweb/PRRestService/v1/rules/query?pxObjClass=Rule-HTML-Section&appliesTo=Data-Admin-ServicePackage&pyRuleName=undefined&RequestClass=Rule-HTML-Section&RequestAppliesTo=Data-Admin-ServicePackage&RequestRuleName=undefined Payload: "{\"RequestClass\":\"Rule-HTML-Section\",\"RequestAppliesTo\":\"Data-Admin-ServicePackage\",\"RequestRuleName\":\"undefined\"}" => HTTP 404 (18 bytes)
[PegaHttpClient] 📡 POST https://zdk8budo.pegaacademy.net/prweb/api/CodeIntelligence/v1/rules/query?pxObjClass=Rule-HTML-Section&appliesTo=Data-Admin-ServicePackage&pyRuleName=pzRuleFormToolbarHotKeys&RequestClass=Rule-HTML-Section&RequestAppliesTo=Data-Admin-ServicePackage&RequestRuleName=pzRuleFormToolbarHotKeys Payload: "{\"RequestClass\":\"Rule-HTML-Section\",\"RequestAppliesTo\":\"Data-Admin-ServicePackage\",\"RequestRuleName\":\"pzRuleFormToolbarHotKeys\"}" => HTTP 200 (85058 bytes)
[PegaHttpClient] 📡 POST https://zdk8budo.pegaacademy.net/prweb/api/CodeIntelligence/v1/rules/query?pxObjClass=Rule-HTML-Section&appliesTo=Data-Admin-ServicePackage&pyRuleName=pzRuleFormToolbarLockedIcon&RequestClass=Rule-HTML-Section&RequestAppliesTo=Data-Admin-ServicePackage&RequestRuleName=pzRuleFormToolbarLockedIcon Payload: "{\"RequestClass\":\"Rule-HTML-Section\",\"RequestAppliesTo\":\"Data-Admin-ServicePackage\",\"RequestRuleName\":\"pzRuleFormToolbarLockedIcon\"}" => HTTP 200 (19111 bytes)
[PegaHttpClient] 📡 POST https://zdk8budo.pegaacademy.net/prweb/api/CodeIntelligence/v1/rules/query?pxObjClass=Rule-HTML-Section&appliesTo=Data-Admin-ServicePackage&pyRuleName=pzRuleFormToolbarCollaborators&RequestClass=Rule-HTML-Section&RequestAppliesTo=Data-Admin-ServicePackage&RequestRuleName=pzRuleFormToolbarCollaborators Payload: "{\"RequestClass\":\"Rule-HTML-Section\",\"RequestAppliesTo\":\"Data-Admin-ServicePackage\",\"RequestRuleName\":\"pzRuleFormToolbarCollaborators\"}" => HTTP 200 (15254 bytes)
[PegaHttpClient] 📡 POST https://zdk8budo.pegaacademy.net/prweb/api/CodeIntelligence/v1/rules/query?pxObjClass=Rule-HTML-Section&appliesTo=Data-Admin-ServicePackage&pyRuleName=pzRuleFormToolbarSaveAs&RequestClass=Rule-HTML-Section&RequestAppliesTo=Data-Admin-ServicePackage&RequestRuleName=pzRuleFormToolbarSaveAs Payload: "{\"RequestClass\":\"Rule-HTML-Section\",\"RequestAppliesTo\":\"Data-Admin-ServicePackage\",\"RequestRuleName\":\"pzRuleFormToolbarSaveAs\"}" => HTTP 200 (64084 bytes)
[PegaHttpClient] 📡 POST https://zdk8budo.pegaacademy.net/prweb/api/CodeIntelligence/v1/rules/query?pxObjClass=Rule-HTML-Section&appliesTo=Data-Admin-ServicePackage&pyRuleName=pzRuleFormToolbarCheckin&RequestClass=Rule-HTML-Section&RequestAppliesTo=Data-Admin-ServicePackage&RequestRuleName=pzRuleFormToolbarCheckin Payload: "{\"RequestClass\":\"Rule-HTML-Section\",\"RequestAppliesTo\":\"Data-Admin-ServicePackage\",\"RequestRuleName\":\"pzRuleFormToolbarCheckin\"}" => HTTP 200 (15601 bytes)
[PegaHttpClient] 📡 POST https://zdk8budo.pegaacademy.net/prweb/api/CodeIntelligence/v1/rules/query?pxObjClass=Rule-HTML-Section&appliesTo=Data-Admin-ServicePackage&pyRuleName=pzRuleFormToolbarDelete&RequestClass=Rule-HTML-Section&RequestAppliesTo=Data-Admin-ServicePackage&RequestRuleName=pzRuleFormToolbarDelete Payload: "{\"RequestClass\":\"Rule-HTML-Section\",\"RequestAppliesTo\":\"Data-Admin-ServicePackage\",\"RequestRuleName\":\"pzRuleFormToolbarDelete\"}" => HTTP 200 (30249 bytes)
[PegaHttpClient] 📡 POST https://zdk8budo.pegaacademy.net/prweb/api/CodeIntelligence/v1/rules/query?pxObjClass=Rule-HTML-Section&appliesTo=Data-Admin-ServicePackage&pyRuleName=pzRuleFormToolbarSave&RequestClass=Rule-HTML-Section&RequestAppliesTo=Data-Admin-ServicePackage&RequestRuleName=pzRuleFormToolbarSave Payload: "{\"RequestClass\":\"Rule-HTML-Section\",\"RequestAppliesTo\":\"Data-Admin-ServicePackage\",\"RequestRuleName\":\"pzRuleFormToolbarSave\"}" => HTTP 200 (293885 bytes)
[PegaHttpClient] 📡 POST https://zdk8budo.pegaacademy.net/prweb/api/CodeIntelligence/v1/rules/query?pxObjClass=Rule-HTML-Section&appliesTo=Data-Admin-ServicePackage&pyRuleName=pzRuleFormToolbarCheckout&RequestClass=Rule-HTML-Section&RequestAppliesTo=Data-Admin-ServicePackage&RequestRuleName=pzRuleFormToolbarCheckout Payload: "{\"RequestClass\":\"Rule-HTML-Section\",\"RequestAppliesTo\":\"Data-Admin-ServicePackage\",\"RequestRuleName\":\"pzRuleFormToolbarCheckout\"}" => HTTP 200 (14854 bytes)
[PegaHttpClient] 📡 POST https://zdk8budo.pegaacademy.net/prweb/api/CodeIntelligence/v1/rules/query?pxObjClass=Rule-HTML-Section&appliesTo=Data-Admin-ServicePackage&pyRuleName=pzRemoveErrorsDataPage&RequestClass=Rule-HTML-Section&RequestAppliesTo=Data-Admin-ServicePackage&RequestRuleName=pzRemoveErrorsDataPage Payload: "{\"RequestClass\":\"Rule-HTML-Section\",\"RequestAppliesTo\":\"Data-Admin-ServicePackage\",\"RequestRuleName\":\"pzRemoveErrorsDataPage\"}" => HTTP 200 (16733 bytes)
[PegaHttpClient] 📡 POST https://zdk8budo.pegaacademy.net/prweb/api/CodeIntelligence/v1/rules/query?pxObjClass=Rule-HTML-Section&appliesTo=Data-Admin-ServicePackage&pyRuleName=pzRuleFormHeaderMessagesWrapper&RequestClass=Rule-HTML-Section&RequestAppliesTo=Data-Admin-ServicePackage&RequestRuleName=pzRuleFormHeaderMessagesWrapper Payload: "{\"RequestClass\":\"Rule-HTML-Section\",\"RequestAppliesTo\":\"Data-Admin-ServicePackage\",\"RequestRuleName\":\"pzRuleFormHeaderMessagesWrapper\"}" => HTTP 200 (16981 bytes)
[PegaHttpClient] 📡 POST https://zdk8budo.pegaacademy.net/prweb/api/CodeIntelligence/v1/rules/query?pxObjClass=Rule-HTML-Section&appliesTo=Data-Admin-ServicePackage&pyRuleName=pxSecuritySettingsInner&RequestClass=Rule-HTML-Section&RequestAppliesTo=Data-Admin-ServicePackage&RequestRuleName=pxSecuritySettingsInner Payload: "{\"RequestClass\":\"Rule-HTML-Section\",\"RequestAppliesTo\":\"Data-Admin-ServicePackage\",\"RequestRuleName\":\"pxSecuritySettingsInner\"}" => HTTP 200 (132962 bytes)
[PegaHttpClient] 📡 POST https://zdk8budo.pegaacademy.net/prweb/api/CodeIntelligence/v1/rules/query?pxObjClass=Rule-HTML-Section&appliesTo=Data-Admin-ServicePackage&pyRuleName=pzDeploymentOptions&RequestClass=Rule-HTML-Section&RequestAppliesTo=Data-Admin-ServicePackage&RequestRuleName=pzDeploymentOptions Payload: "{\"RequestClass\":\"Rule-HTML-Section\",\"RequestAppliesTo\":\"Data-Admin-ServicePackage\",\"RequestRuleName\":\"pzDeploymentOptions\"}" => HTTP 200 (132463 bytes)
[PegaHttpClient] 📡 POST https://zdk8budo.pegaacademy.net/prweb/api/CodeIntelligence/v1/rules/query?pxObjClass=Rule-HTML-Section&appliesTo=Data-Admin-ServicePackage&pyRuleName=pxDisplayCollaborators&RequestClass=Rule-HTML-Section&RequestAppliesTo=Data-Admin-ServicePackage&RequestRuleName=pxDisplayCollaborators Payload: "{\"RequestClass\":\"Rule-HTML-Section\",\"RequestAppliesTo\":\"Data-Admin-ServicePackage\",\"RequestRuleName\":\"pxDisplayCollaborators\"}" => HTTP 200 (94171 bytes)
[PegaHttpClient] 📡 POST https://zdk8budo.pegaacademy.net/prweb/api/CodeIntelligence/v1/rules/query?pxObjClass=Rule-HTML-Section&appliesTo=Data-Admin-ServicePackage&pyRuleName=pzRuleFormToolbarDeleteCheckOut&RequestClass=Rule-HTML-Section&RequestAppliesTo=Data-Admin-ServicePackage&RequestRuleName=pzRuleFormToolbarDeleteCheckOut Payload: "{\"RequestClass\":\"Rule-HTML-Section\",\"RequestAppliesTo\":\"Data-Admin-ServicePackage\",\"RequestRuleName\":\"pzRuleFormToolbarDeleteCheckOut\"}" => HTTP 404 (134 bytes)
[PegaHttpClient] 📡 POST https://zdk8budo.pegaacademy.net/prweb/PRRestService/CodeIntelligence/v1/rules/query?pxObjClass=Rule-HTML-Section&appliesTo=Data-Admin-ServicePackage&pyRuleName=pzRuleFormToolbarDeleteCheckOut&RequestClass=Rule-HTML-Section&RequestAppliesTo=Data-Admin-ServicePackage&RequestRuleName=pzRuleFormToolbarDeleteCheckOut Payload: "{\"RequestClass\":\"Rule-HTML-Section\",\"RequestAppliesTo\":\"Data-Admin-ServicePackage\",\"RequestRuleName\":\"pzRuleFormToolbarDeleteCheckOut\"}" => HTTP 404 (134 bytes)
[PegaHttpClient] 📡 POST https://zdk8budo.pegaacademy.net/prweb/api/HRAppsV2Service/V1/rules/query?pxObjClass=Rule-HTML-Section&appliesTo=Data-Admin-ServicePackage&pyRuleName=pzRuleFormToolbarDeleteCheckOut&RequestClass=Rule-HTML-Section&RequestAppliesTo=Data-Admin-ServicePackage&RequestRuleName=pzRuleFormToolbarDeleteCheckOut Payload: "{\"RequestClass\":\"Rule-HTML-Section\",\"RequestAppliesTo\":\"Data-Admin-ServicePackage\",\"RequestRuleName\":\"pzRuleFormToolbarDeleteCheckOut\"}" => HTTP 404 (18 bytes)
[PegaHttpClient] 📡 POST https://zdk8budo.pegaacademy.net/prweb/PRRestService/HRAppsV2Service/V1/rules/query?pxObjClass=Rule-HTML-Section&appliesTo=Data-Admin-ServicePackage&pyRuleName=pzRuleFormToolbarDeleteCheckOut&RequestClass=Rule-HTML-Section&RequestAppliesTo=Data-Admin-ServicePackage&RequestRuleName=pzRuleFormToolbarDeleteCheckOut Payload: "{\"RequestClass\":\"Rule-HTML-Section\",\"RequestAppliesTo\":\"Data-Admin-ServicePackage\",\"RequestRuleName\":\"pzRuleFormToolbarDeleteCheckOut\"}" => HTTP 404 (18 bytes)
[PegaHttpClient] 📡 POST https://zdk8budo.pegaacademy.net/prweb/api/HRAppsV2/V1/rules/query?pxObjClass=Rule-HTML-Section&appliesTo=Data-Admin-ServicePackage&pyRuleName=pzRuleFormToolbarDeleteCheckOut&RequestClass=Rule-HTML-Section&RequestAppliesTo=Data-Admin-ServicePackage&RequestRuleName=pzRuleFormToolbarDeleteCheckOut Payload: "{\"RequestClass\":\"Rule-HTML-Section\",\"RequestAppliesTo\":\"Data-Admin-ServicePackage\",\"RequestRuleName\":\"pzRuleFormToolbarDeleteCheckOut\"}" => HTTP 404 (18 bytes)
[PegaHttpClient] 📡 POST https://zdk8budo.pegaacademy.net/prweb/PRRestService/HRAppsV2/V1/rules/query?pxObjClass=Rule-HTML-Section&appliesTo=Data-Admin-ServicePackage&pyRuleName=pzRuleFormToolbarDeleteCheckOut&RequestClass=Rule-HTML-Section&RequestAppliesTo=Data-Admin-ServicePackage&RequestRuleName=pzRuleFormToolbarDeleteCheckOut Payload: "{\"RequestClass\":\"Rule-HTML-Section\",\"RequestAppliesTo\":\"Data-Admin-ServicePackage\",\"RequestRuleName\":\"pzRuleFormToolbarDeleteCheckOut\"}" => HTTP 404 (18 bytes)
[PegaHttpClient] 📡 POST https://zdk8budo.pegaacademy.net/prweb/api/v1/rules/query?pxObjClass=Rule-HTML-Section&appliesTo=Data-Admin-ServicePackage&pyRuleName=pzRuleFormToolbarDeleteCheckOut&RequestClass=Rule-HTML-Section&RequestAppliesTo=Data-Admin-ServicePackage&RequestRuleName=pzRuleFormToolbarDeleteCheckOut Payload: "{\"RequestClass\":\"Rule-HTML-Section\",\"RequestAppliesTo\":\"Data-Admin-ServicePackage\",\"RequestRuleName\":\"pzRuleFormToolbarDeleteCheckOut\"}" => HTTP 404 (18 bytes)
[PegaHttpClient] 📡 POST https://zdk8budo.pegaacademy.net/prweb/PRRestService/v1/rules/query?pxObjClass=Rule-HTML-Section&appliesTo=Data-Admin-ServicePackage&pyRuleName=pzRuleFormToolbarDeleteCheckOut&RequestClass=Rule-HTML-Section&RequestAppliesTo=Data-Admin-ServicePackage&RequestRuleName=pzRuleFormToolbarDeleteCheckOut Payload: "{\"RequestClass\":\"Rule-HTML-Section\",\"RequestAppliesTo\":\"Data-Admin-ServicePackage\",\"RequestRuleName\":\"pzRuleFormToolbarDeleteCheckOut\"}" => HTTP 404 (18 bytes)
[PegaHttpClient] 📡 POST https://zdk8budo.pegaacademy.net/prweb/api/CodeIntelligence/v1/rules/query?pxObjClass=Rule-HTML-Section&appliesTo=Data-Admin-ServicePackage&pyRuleName=pzRuleFormToolbarDeleteRule&RequestClass=Rule-HTML-Section&RequestAppliesTo=Data-Admin-ServicePackage&RequestRuleName=pzRuleFormToolbarDeleteRule Payload: "{\"RequestClass\":\"Rule-HTML-Section\",\"RequestAppliesTo\":\"Data-Admin-ServicePackage\",\"RequestRuleName\":\"pzRuleFormToolbarDeleteRule\"}" => HTTP 200 (32314 bytes)
[PegaHttpClient] 📡 POST https://zdk8budo.pegaacademy.net/prweb/api/CodeIntelligence/v1/rules/query?pxObjClass=Rule-HTML-Section&appliesTo=Data-Admin-ServicePackage&pyRuleName=pzDeploymentFiles&RequestClass=Rule-HTML-Section&RequestAppliesTo=Data-Admin-ServicePackage&RequestRuleName=pzDeploymentFiles Payload: "{\"RequestClass\":\"Rule-HTML-Section\",\"RequestAppliesTo\":\"Data-Admin-ServicePackage\",\"RequestRuleName\":\"pzDeploymentFiles\"}" => HTTP 200 (23677 bytes)
[PegaHttpClient] 📡 POST https://zdk8budo.pegaacademy.net/prweb/api/CodeIntelligence/v1/rules/query?pxObjClass=Rule-HTML-Section&appliesTo=Data-Admin-ServicePackage&pyRuleName=pzLoadCollaborationScripts&RequestClass=Rule-HTML-Section&RequestAppliesTo=Data-Admin-ServicePackage&RequestRuleName=pzLoadCollaborationScripts Payload: "{\"RequestClass\":\"Rule-HTML-Section\",\"RequestAppliesTo\":\"Data-Admin-ServicePackage\",\"RequestRuleName\":\"pzLoadCollaborationScripts\"}" => HTTP 200 (23453 bytes)
[PegaHttpClient] 📡 POST https://zdk8budo.pegaacademy.net/prweb/api/CodeIntelligence/v1/rules/query?pxObjClass=Rule-HTML-Section&appliesTo=Data-Admin-ServicePackage&pyRuleName=pzDisplayCollaboratorsList&RequestClass=Rule-HTML-Section&RequestAppliesTo=Data-Admin-ServicePackage&RequestRuleName=pzDisplayCollaboratorsList Payload: "{\"RequestClass\":\"Rule-HTML-Section\",\"RequestAppliesTo\":\"Data-Admin-ServicePackage\",\"RequestRuleName\":\"pzDisplayCollaboratorsList\"}" => HTTP 200 (105418 bytes)
[PegaHttpClient] 📡 POST https://zdk8budo.pegaacademy.net/prweb/api/CodeIntelligence/v1/rules/query?pxObjClass=Rule-HTML-Section&appliesTo=Data-Admin-ServicePackage&pyRuleName=pyCollaborator&RequestClass=Rule-HTML-Section&RequestAppliesTo=Data-Admin-ServicePackage&RequestRuleName=pyCollaborator Payload: "{\"RequestClass\":\"Rule-HTML-Section\",\"RequestAppliesTo\":\"Data-Admin-ServicePackage\",\"RequestRuleName\":\"pyCollaborator\"}" => HTTP 404 (117 bytes)
[PegaHttpClient] 📡 POST https://zdk8budo.pegaacademy.net/prweb/PRRestService/CodeIntelligence/v1/rules/query?pxObjClass=Rule-HTML-Section&appliesTo=Data-Admin-ServicePackage&pyRuleName=pyCollaborator&RequestClass=Rule-HTML-Section&RequestAppliesTo=Data-Admin-ServicePackage&RequestRuleName=pyCollaborator Payload: "{\"RequestClass\":\"Rule-HTML-Section\",\"RequestAppliesTo\":\"Data-Admin-ServicePackage\",\"RequestRuleName\":\"pyCollaborator\"}" => HTTP 404 (117 bytes)
[PegaHttpClient] 📡 POST https://zdk8budo.pegaacademy.net/prweb/api/HRAppsV2Service/V1/rules/query?pxObjClass=Rule-HTML-Section&appliesTo=Data-Admin-ServicePackage&pyRuleName=pyCollaborator&RequestClass=Rule-HTML-Section&RequestAppliesTo=Data-Admin-ServicePackage&RequestRuleName=pyCollaborator Payload: "{\"RequestClass\":\"Rule-HTML-Section\",\"RequestAppliesTo\":\"Data-Admin-ServicePackage\",\"RequestRuleName\":\"pyCollaborator\"}" => HTTP 404 (18 bytes)
[PegaHttpClient] 📡 POST https://zdk8budo.pegaacademy.net/prweb/PRRestService/HRAppsV2Service/V1/rules/query?pxObjClass=Rule-HTML-Section&appliesTo=Data-Admin-ServicePackage&pyRuleName=pyCollaborator&RequestClass=Rule-HTML-Section&RequestAppliesTo=Data-Admin-ServicePackage&RequestRuleName=pyCollaborator Payload: "{\"RequestClass\":\"Rule-HTML-Section\",\"RequestAppliesTo\":\"Data-Admin-ServicePackage\",\"RequestRuleName\":\"pyCollaborator\"}" => HTTP 404 (18 bytes)
[PegaHttpClient] 📡 POST https://zdk8budo.pegaacademy.net/prweb/api/HRAppsV2/V1/rules/query?pxObjClass=Rule-HTML-Section&appliesTo=Data-Admin-ServicePackage&pyRuleName=pyCollaborator&RequestClass=Rule-HTML-Section&RequestAppliesTo=Data-Admin-ServicePackage&RequestRuleName=pyCollaborator Payload: "{\"RequestClass\":\"Rule-HTML-Section\",\"RequestAppliesTo\":\"Data-Admin-ServicePackage\",\"RequestRuleName\":\"pyCollaborator\"}" => HTTP 404 (18 bytes)
[PegaHttpClient] 📡 POST https://zdk8budo.pegaacademy.net/prweb/PRRestService/HRAppsV2/V1/rules/query?pxObjClass=Rule-HTML-Section&appliesTo=Data-Admin-ServicePackage&pyRuleName=pyCollaborator&RequestClass=Rule-HTML-Section&RequestAppliesTo=Data-Admin-ServicePackage&RequestRuleName=pyCollaborator Payload: "{\"RequestClass\":\"Rule-HTML-Section\",\"RequestAppliesTo\":\"Data-Admin-ServicePackage\",\"RequestRuleName\":\"pyCollaborator\"}" => HTTP 404 (18 bytes)
[PegaHttpClient] 📡 POST https://zdk8budo.pegaacademy.net/prweb/api/v1/rules/query?pxObjClass=Rule-HTML-Section&appliesTo=Data-Admin-ServicePackage&pyRuleName=pyCollaborator&RequestClass=Rule-HTML-Section&RequestAppliesTo=Data-Admin-ServicePackage&RequestRuleName=pyCollaborator Payload: "{\"RequestClass\":\"Rule-HTML-Section\",\"RequestAppliesTo\":\"Data-Admin-ServicePackage\",\"RequestRuleName\":\"pyCollaborator\"}" => HTTP 404 (18 bytes)
[PegaHttpClient] 📡 POST https://zdk8budo.pegaacademy.net/prweb/PRRestService/v1/rules/query?pxObjClass=Rule-HTML-Section&appliesTo=Data-Admin-ServicePackage&pyRuleName=pyCollaborator&RequestClass=Rule-HTML-Section&RequestAppliesTo=Data-Admin-ServicePackage&RequestRuleName=pyCollaborator Payload: "{\"RequestClass\":\"Rule-HTML-Section\",\"RequestAppliesTo\":\"Data-Admin-ServicePackage\",\"RequestRuleName\":\"pyCollaborator\"}" => HTTP 404 (18 bytes)
[PegaHttpClient] 📡 POST https://zdk8budo.pegaacademy.net/prweb/api/CodeIntelligence/v1/rules/query?pxObjClass=Rule-HTML-Section&appliesTo=Data-Admin-ServicePackage&pyRuleName=pzDisplayPartialCount&RequestClass=Rule-HTML-Section&RequestAppliesTo=Data-Admin-ServicePackage&RequestRuleName=pzDisplayPartialCount Payload: "{\"RequestClass\":\"Rule-HTML-Section\",\"RequestAppliesTo\":\"Data-Admin-ServicePackage\",\"RequestRuleName\":\"pzDisplayPartialCount\"}" => HTTP 404 (124 bytes)
[PegaHttpClient] 📡 POST https://zdk8budo.pegaacademy.net/prweb/PRRestService/CodeIntelligence/v1/rules/query?pxObjClass=Rule-HTML-Section&appliesTo=Data-Admin-ServicePackage&pyRuleName=pzDisplayPartialCount&RequestClass=Rule-HTML-Section&RequestAppliesTo=Data-Admin-ServicePackage&RequestRuleName=pzDisplayPartialCount Payload: "{\"RequestClass\":\"Rule-HTML-Section\",\"RequestAppliesTo\":\"Data-Admin-ServicePackage\",\"RequestRuleName\":\"pzDisplayPartialCount\"}" => HTTP 404 (124 bytes)
[PegaHttpClient] 📡 POST https://zdk8budo.pegaacademy.net/prweb/api/HRAppsV2Service/V1/rules/query?pxObjClass=Rule-HTML-Section&appliesTo=Data-Admin-ServicePackage&pyRuleName=pzDisplayPartialCount&RequestClass=Rule-HTML-Section&RequestAppliesTo=Data-Admin-ServicePackage&RequestRuleName=pzDisplayPartialCount Payload: "{\"RequestClass\":\"Rule-HTML-Section\",\"RequestAppliesTo\":\"Data-Admin-ServicePackage\",\"RequestRuleName\":\"pzDisplayPartialCount\"}" => HTTP 404 (18 bytes)
[PegaHttpClient] 📡 POST https://zdk8budo.pegaacademy.net/prweb/PRRestService/HRAppsV2Service/V1/rules/query?pxObjClass=Rule-HTML-Section&appliesTo=Data-Admin-ServicePackage&pyRuleName=pzDisplayPartialCount&RequestClass=Rule-HTML-Section&RequestAppliesTo=Data-Admin-ServicePackage&RequestRuleName=pzDisplayPartialCount Payload: "{\"RequestClass\":\"Rule-HTML-Section\",\"RequestAppliesTo\":\"Data-Admin-ServicePackage\",\"RequestRuleName\":\"pzDisplayPartialCount\"}" => HTTP 404 (18 bytes)
[PegaHttpClient] 📡 POST https://zdk8budo.pegaacademy.net/prweb/api/HRAppsV2/V1/rules/query?pxObjClass=Rule-HTML-Section&appliesTo=Data-Admin-ServicePackage&pyRuleName=pzDisplayPartialCount&RequestClass=Rule-HTML-Section&RequestAppliesTo=Data-Admin-ServicePackage&RequestRuleName=pzDisplayPartialCount Payload: "{\"RequestClass\":\"Rule-HTML-Section\",\"RequestAppliesTo\":\"Data-Admin-ServicePackage\",\"RequestRuleName\":\"pzDisplayPartialCount\"}" => HTTP 404 (18 bytes)
[PegaHttpClient] 📡 POST https://zdk8budo.pegaacademy.net/prweb/PRRestService/HRAppsV2/V1/rules/query?pxObjClass=Rule-HTML-Section&appliesTo=Data-Admin-ServicePackage&pyRuleName=pzDisplayPartialCount&RequestClass=Rule-HTML-Section&RequestAppliesTo=Data-Admin-ServicePackage&RequestRuleName=pzDisplayPartialCount Payload: "{\"RequestClass\":\"Rule-HTML-Section\",\"RequestAppliesTo\":\"Data-Admin-ServicePackage\",\"RequestRuleName\":\"pzDisplayPartialCount\"}" => HTTP 404 (18 bytes)
[PegaHttpClient] 📡 POST https://zdk8budo.pegaacademy.net/prweb/api/v1/rules/query?pxObjClass=Rule-HTML-Section&appliesTo=Data-Admin-ServicePackage&pyRuleName=pzDisplayPartialCount&RequestClass=Rule-HTML-Section&RequestAppliesTo=Data-Admin-ServicePackage&RequestRuleName=pzDisplayPartialCount Payload: "{\"RequestClass\":\"Rule-HTML-Section\",\"RequestAppliesTo\":\"Data-Admin-ServicePackage\",\"RequestRuleName\":\"pzDisplayPartialCount\"}" => HTTP 404 (18 bytes)
[PegaHttpClient] 📡 POST https://zdk8budo.pegaacademy.net/prweb/PRRestService/v1/rules/query?pxObjClass=Rule-HTML-Section&appliesTo=Data-Admin-ServicePackage&pyRuleName=pzDisplayPartialCount&RequestClass=Rule-HTML-Section&RequestAppliesTo=Data-Admin-ServicePackage&RequestRuleName=pzDisplayPartialCount Payload: "{\"RequestClass\":\"Rule-HTML-Section\",\"RequestAppliesTo\":\"Data-Admin-ServicePackage\",\"RequestRuleName\":\"pzDisplayPartialCount\"}" => HTTP 404 (18 bytes)
[SchemaGen] ✅ Schema written for Data-Admin-ServicePackage
[PegaHttpClient] 📡 GET https://zdk8budo.pegaacademy.net/prweb/api/CodeIntelligence/v1/rules/RULE-HTML-HARNESS%20DATA-ADMIN-OPERATOR-ID%20RULEFORM%20%2320230618T001711.078%20GMT => HTTP 200 (33013 bytes)
[PegaHttpClient] 📡 POST https://zdk8budo.pegaacademy.net/prweb/api/CodeIntelligence/v1/rules/query?pxObjClass=Rule-HTML-Section&appliesTo=Data-Admin-Operator-ID&pyRuleName=RuleFormMain&RequestClass=Rule-HTML-Section&RequestAppliesTo=Data-Admin-Operator-ID&RequestRuleName=RuleFormMain Payload: "{\"RequestClass\":\"Rule-HTML-Section\",\"RequestAppliesTo\":\"Data-Admin-Operator-ID\",\"RequestRuleName\":\"RuleFormMain\"}" => HTTP 200 (156234 bytes)
[PegaHttpClient] 📡 POST https://zdk8budo.pegaacademy.net/prweb/api/CodeIntelligence/v1/rules/query?pxObjClass=Rule-HTML-Section&appliesTo=Data-Admin-Operator-ID&pyRuleName=pxAlternateRuleForm&RequestClass=Rule-HTML-Section&RequestAppliesTo=Data-Admin-Operator-ID&RequestRuleName=pxAlternateRuleForm Payload: "{\"RequestClass\":\"Rule-HTML-Section\",\"RequestAppliesTo\":\"Data-Admin-Operator-ID\",\"RequestRuleName\":\"pxAlternateRuleForm\"}" => HTTP 200 (66153 bytes)
[PegaHttpClient] 📡 POST https://zdk8budo.pegaacademy.net/prweb/api/CodeIntelligence/v1/rules/query?pxObjClass=Rule-HTML-Section&appliesTo=Data-Admin-Operator-ID&pyRuleName=pzRuleFormScripts&RequestClass=Rule-HTML-Section&RequestAppliesTo=Data-Admin-Operator-ID&RequestRuleName=pzRuleFormScripts Payload: "{\"RequestClass\":\"Rule-HTML-Section\",\"RequestAppliesTo\":\"Data-Admin-Operator-ID\",\"RequestRuleName\":\"pzRuleFormScripts\"}" => HTTP 200 (40822 bytes)
[PegaHttpClient] 📡 POST https://zdk8budo.pegaacademy.net/prweb/api/CodeIntelligence/v1/rules/query?pxObjClass=Rule-HTML-Section&appliesTo=Data-Admin-Operator-ID&pyRuleName=pzRuleFormLayoutDelegated&RequestClass=Rule-HTML-Section&RequestAppliesTo=Data-Admin-Operator-ID&RequestRuleName=pzRuleFormLayoutDelegated Payload: "{\"RequestClass\":\"Rule-HTML-Section\",\"RequestAppliesTo\":\"Data-Admin-Operator-ID\",\"RequestRuleName\":\"pzRuleFormLayoutDelegated\"}" => HTTP 200 (70998 bytes)
[PegaHttpClient] 📡 POST https://zdk8budo.pegaacademy.net/prweb/api/CodeIntelligence/v1/rules/query?pxObjClass=Rule-HTML-Section&appliesTo=Data-Admin-Operator-ID&pyRuleName=RuleFormLayout&RequestClass=Rule-HTML-Section&RequestAppliesTo=Data-Admin-Operator-ID&RequestRuleName=RuleFormLayout Payload: "{\"RequestClass\":\"Rule-HTML-Section\",\"RequestAppliesTo\":\"Data-Admin-Operator-ID\",\"RequestRuleName\":\"RuleFormLayout\"}" => HTTP 200 (104577 bytes)
[PegaHttpClient] 📡 POST https://zdk8budo.pegaacademy.net/prweb/api/CodeIntelligence/v1/rules/query?pxObjClass=Rule-HTML-Section&appliesTo=Data-Admin-Operator-ID&pyRuleName=RuleFormSettings&RequestClass=Rule-HTML-Section&RequestAppliesTo=Data-Admin-Operator-ID&RequestRuleName=RuleFormSettings Payload: "{\"RequestClass\":\"Rule-HTML-Section\",\"RequestAppliesTo\":\"Data-Admin-Operator-ID\",\"RequestRuleName\":\"RuleFormSettings\"}" => HTTP 200 (21582 bytes)
[PegaHttpClient] 📡 POST https://zdk8budo.pegaacademy.net/prweb/api/CodeIntelligence/v1/rules/query?pxObjClass=Rule-HTML-Section&appliesTo=Data-Admin-Operator-ID&pyRuleName=OpenAuthoring&RequestClass=Rule-HTML-Section&RequestAppliesTo=Data-Admin-Operator-ID&RequestRuleName=OpenAuthoring Payload: "{\"RequestClass\":\"Rule-HTML-Section\",\"RequestAppliesTo\":\"Data-Admin-Operator-ID\",\"RequestRuleName\":\"OpenAuthoring\"}" => HTTP 200 (20315 bytes)
[PegaHttpClient] 📡 POST https://zdk8budo.pegaacademy.net/prweb/api/CodeIntelligence/v1/rules/query?pxObjClass=Rule-HTML-Section&appliesTo=Data-Admin-Operator-ID&pyRuleName=pyCustomHelp&RequestClass=Rule-HTML-Section&RequestAppliesTo=Data-Admin-Operator-ID&RequestRuleName=pyCustomHelp Payload: "{\"RequestClass\":\"Rule-HTML-Section\",\"RequestAppliesTo\":\"Data-Admin-Operator-ID\",\"RequestRuleName\":\"pyCustomHelp\"}" => HTTP 200 (17256 bytes)
[PegaHttpClient] 📡 POST https://zdk8budo.pegaacademy.net/prweb/api/CodeIntelligence/v1/rules/query?pxObjClass=Rule-HTML-Section&appliesTo=Data-Admin-Operator-ID&pyRuleName=pzRuleformMainInclude&RequestClass=Rule-HTML-Section&RequestAppliesTo=Data-Admin-Operator-ID&RequestRuleName=pzRuleformMainInclude Payload: "{\"RequestClass\":\"Rule-HTML-Section\",\"RequestAppliesTo\":\"Data-Admin-Operator-ID\",\"RequestRuleName\":\"pzRuleformMainInclude\"}" => HTTP 200 (22375 bytes)
[PegaHttpClient] 📡 POST https://zdk8budo.pegaacademy.net/prweb/api/CodeIntelligence/v1/rules/query?pxObjClass=Rule-HTML-Section&appliesTo=Data-Admin-Operator-ID&pyRuleName=pyAlternativeRuleFormStrategicAppExtension&RequestClass=Rule-HTML-Section&RequestAppliesTo=Data-Admin-Operator-ID&RequestRuleName=pyAlternativeRuleFormStrategicAppExtension Payload: "{\"RequestClass\":\"Rule-HTML-Section\",\"RequestAppliesTo\":\"Data-Admin-Operator-ID\",\"RequestRuleName\":\"pyAlternativeRuleFormStrategicAppExtension\"}" => HTTP 200 (25042 bytes)
[PegaHttpClient] 📡 POST https://zdk8budo.pegaacademy.net/prweb/api/CodeIntelligence/v1/rules/query?pxObjClass=Rule-HTML-Section&appliesTo=Data-Admin-Operator-ID&pyRuleName=pyAlternativeRuleFormExtension&RequestClass=Rule-HTML-Section&RequestAppliesTo=Data-Admin-Operator-ID&RequestRuleName=pyAlternativeRuleFormExtension Payload: "{\"RequestClass\":\"Rule-HTML-Section\",\"RequestAppliesTo\":\"Data-Admin-Operator-ID\",\"RequestRuleName\":\"pyAlternativeRuleFormExtension\"}" => HTTP 200 (24863 bytes)
[PegaHttpClient] 📡 POST https://zdk8budo.pegaacademy.net/prweb/api/CodeIntelligence/v1/rules/query?pxObjClass=Rule-HTML-Section&appliesTo=Data-Admin-Operator-ID&pyRuleName=RuleFormHeader&RequestClass=Rule-HTML-Section&RequestAppliesTo=Data-Admin-Operator-ID&RequestRuleName=RuleFormHeader Payload: "{\"RequestClass\":\"Rule-HTML-Section\",\"RequestAppliesTo\":\"Data-Admin-Operator-ID\",\"RequestRuleName\":\"RuleFormHeader\"}" => HTTP 200 (183800 bytes)
[PegaHttpClient] 📡 POST https://zdk8budo.pegaacademy.net/prweb/api/CodeIntelligence/v1/rules/query?pxObjClass=Rule-HTML-Section&appliesTo=Data-Admin-Operator-ID&pyRuleName=pzDelegationExperience&RequestClass=Rule-HTML-Section&RequestAppliesTo=Data-Admin-Operator-ID&RequestRuleName=pzDelegationExperience Payload: "{\"RequestClass\":\"Rule-HTML-Section\",\"RequestAppliesTo\":\"Data-Admin-Operator-ID\",\"RequestRuleName\":\"pzDelegationExperience\"}" => HTTP 404 (122 bytes)
[PegaHttpClient] 📡 POST https://zdk8budo.pegaacademy.net/prweb/PRRestService/CodeIntelligence/v1/rules/query?pxObjClass=Rule-HTML-Section&appliesTo=Data-Admin-Operator-ID&pyRuleName=pzDelegationExperience&RequestClass=Rule-HTML-Section&RequestAppliesTo=Data-Admin-Operator-ID&RequestRuleName=pzDelegationExperience Payload: "{\"RequestClass\":\"Rule-HTML-Section\",\"RequestAppliesTo\":\"Data-Admin-Operator-ID\",\"RequestRuleName\":\"pzDelegationExperience\"}" => HTTP 404 (122 bytes)
[PegaHttpClient] 📡 POST https://zdk8budo.pegaacademy.net/prweb/api/HRAppsV2Service/V1/rules/query?pxObjClass=Rule-HTML-Section&appliesTo=Data-Admin-Operator-ID&pyRuleName=pzDelegationExperience&RequestClass=Rule-HTML-Section&RequestAppliesTo=Data-Admin-Operator-ID&RequestRuleName=pzDelegationExperience Payload: "{\"RequestClass\":\"Rule-HTML-Section\",\"RequestAppliesTo\":\"Data-Admin-Operator-ID\",\"RequestRuleName\":\"pzDelegationExperience\"}" => HTTP 404 (18 bytes)
[PegaHttpClient] 📡 POST https://zdk8budo.pegaacademy.net/prweb/PRRestService/HRAppsV2Service/V1/rules/query?pxObjClass=Rule-HTML-Section&appliesTo=Data-Admin-Operator-ID&pyRuleName=pzDelegationExperience&RequestClass=Rule-HTML-Section&RequestAppliesTo=Data-Admin-Operator-ID&RequestRuleName=pzDelegationExperience Payload: "{\"RequestClass\":\"Rule-HTML-Section\",\"RequestAppliesTo\":\"Data-Admin-Operator-ID\",\"RequestRuleName\":\"pzDelegationExperience\"}" => HTTP 404 (18 bytes)
[PegaHttpClient] 📡 POST https://zdk8budo.pegaacademy.net/prweb/api/HRAppsV2/V1/rules/query?pxObjClass=Rule-HTML-Section&appliesTo=Data-Admin-Operator-ID&pyRuleName=pzDelegationExperience&RequestClass=Rule-HTML-Section&RequestAppliesTo=Data-Admin-Operator-ID&RequestRuleName=pzDelegationExperience Payload: "{\"RequestClass\":\"Rule-HTML-Section\",\"RequestAppliesTo\":\"Data-Admin-Operator-ID\",\"RequestRuleName\":\"pzDelegationExperience\"}" => HTTP 404 (18 bytes)
[PegaHttpClient] 📡 POST https://zdk8budo.pegaacademy.net/prweb/PRRestService/HRAppsV2/V1/rules/query?pxObjClass=Rule-HTML-Section&appliesTo=Data-Admin-Operator-ID&pyRuleName=pzDelegationExperience&RequestClass=Rule-HTML-Section&RequestAppliesTo=Data-Admin-Operator-ID&RequestRuleName=pzDelegationExperience Payload: "{\"RequestClass\":\"Rule-HTML-Section\",\"RequestAppliesTo\":\"Data-Admin-Operator-ID\",\"RequestRuleName\":\"pzDelegationExperience\"}" => HTTP 404 (18 bytes)
[PegaHttpClient] 📡 POST https://zdk8budo.pegaacademy.net/prweb/api/v1/rules/query?pxObjClass=Rule-HTML-Section&appliesTo=Data-Admin-Operator-ID&pyRuleName=pzDelegationExperience&RequestClass=Rule-HTML-Section&RequestAppliesTo=Data-Admin-Operator-ID&RequestRuleName=pzDelegationExperience Payload: "{\"RequestClass\":\"Rule-HTML-Section\",\"RequestAppliesTo\":\"Data-Admin-Operator-ID\",\"RequestRuleName\":\"pzDelegationExperience\"}" => HTTP 404 (18 bytes)
[PegaHttpClient] 📡 POST https://zdk8budo.pegaacademy.net/prweb/PRRestService/v1/rules/query?pxObjClass=Rule-HTML-Section&appliesTo=Data-Admin-Operator-ID&pyRuleName=pzDelegationExperience&RequestClass=Rule-HTML-Section&RequestAppliesTo=Data-Admin-Operator-ID&RequestRuleName=pzDelegationExperience Payload: "{\"RequestClass\":\"Rule-HTML-Section\",\"RequestAppliesTo\":\"Data-Admin-Operator-ID\",\"RequestRuleName\":\"pzDelegationExperience\"}" => HTTP 404 (18 bytes)
[PegaHttpClient] 📡 POST https://zdk8budo.pegaacademy.net/prweb/api/CodeIntelligence/v1/rules/query?pxObjClass=Rule-HTML-Section&appliesTo=Data-Admin-Operator-ID&pyRuleName=General&RequestClass=Rule-HTML-Section&RequestAppliesTo=Data-Admin-Operator-ID&RequestRuleName=General Payload: "{\"RequestClass\":\"Rule-HTML-Section\",\"RequestAppliesTo\":\"Data-Admin-Operator-ID\",\"RequestRuleName\":\"General\"}" => HTTP 200 (111385 bytes)
[PegaHttpClient] 📡 POST https://zdk8budo.pegaacademy.net/prweb/api/CodeIntelligence/v1/rules/query?pxObjClass=Rule-HTML-Section&appliesTo=Data-Admin-Operator-ID&pyRuleName=pzWorkSettings&RequestClass=Rule-HTML-Section&RequestAppliesTo=Data-Admin-Operator-ID&RequestRuleName=pzWorkSettings Payload: "{\"RequestClass\":\"Rule-HTML-Section\",\"RequestAppliesTo\":\"Data-Admin-Operator-ID\",\"RequestRuleName\":\"pzWorkSettings\"}" => HTTP 200 (77181 bytes)
[PegaHttpClient] 📡 POST https://zdk8budo.pegaacademy.net/prweb/api/CodeIntelligence/v1/rules/query?pxObjClass=Rule-HTML-Section&appliesTo=Data-Admin-Operator-ID&pyRuleName=pzSecuritySettings&RequestClass=Rule-HTML-Section&RequestAppliesTo=Data-Admin-Operator-ID&RequestRuleName=pzSecuritySettings Payload: "{\"RequestClass\":\"Rule-HTML-Section\",\"RequestAppliesTo\":\"Data-Admin-Operator-ID\",\"RequestRuleName\":\"pzSecuritySettings\"}" => HTTP 200 (14679 bytes)
[PegaHttpClient] 📡 POST https://zdk8budo.pegaacademy.net/prweb/api/CodeIntelligence/v1/rules/query?pxObjClass=Rule-HTML-Section&appliesTo=Data-Admin-Operator-ID&pyRuleName=RuleFormHistory&RequestClass=Rule-HTML-Section&RequestAppliesTo=Data-Admin-Operator-ID&RequestRuleName=RuleFormHistory Payload: "{\"RequestClass\":\"Rule-HTML-Section\",\"RequestAppliesTo\":\"Data-Admin-Operator-ID\",\"RequestRuleName\":\"RuleFormHistory\"}" => HTTP 200 (18043 bytes)
[PegaHttpClient] 📡 POST https://zdk8budo.pegaacademy.net/prweb/api/CodeIntelligence/v1/rules/query?pxObjClass=Rule-HTML-Section&appliesTo=Data-Admin-Operator-ID&pyRuleName=pzCustomHelp&RequestClass=Rule-HTML-Section&RequestAppliesTo=Data-Admin-Operator-ID&RequestRuleName=pzCustomHelp Payload: "{\"RequestClass\":\"Rule-HTML-Section\",\"RequestAppliesTo\":\"Data-Admin-Operator-ID\",\"RequestRuleName\":\"pzCustomHelp\"}" => HTTP 200 (31573 bytes)
[PegaHttpClient] 📡 POST https://zdk8budo.pegaacademy.net/prweb/api/CodeIntelligence/v1/rules/query?pxObjClass=Rule-HTML-Section&appliesTo=Data-Admin-Operator-ID&pyRuleName=pzRuleFormKeysAndDescription&RequestClass=Rule-HTML-Section&RequestAppliesTo=Data-Admin-Operator-ID&RequestRuleName=pzRuleFormKeysAndDescription Payload: "{\"RequestClass\":\"Rule-HTML-Section\",\"RequestAppliesTo\":\"Data-Admin-Operator-ID\",\"RequestRuleName\":\"pzRuleFormKeysAndDescription\"}" => HTTP 200 (218057 bytes)
[PegaHttpClient] 📡 POST https://zdk8budo.pegaacademy.net/prweb/api/CodeIntelligence/v1/rules/query?pxObjClass=Rule-HTML-Section&appliesTo=Data-Admin-Operator-ID&pyRuleName=pzRuleFormRuleset&RequestClass=Rule-HTML-Section&RequestAppliesTo=Data-Admin-Operator-ID&RequestRuleName=pzRuleFormRuleset Payload: "{\"RequestClass\":\"Rule-HTML-Section\",\"RequestAppliesTo\":\"Data-Admin-Operator-ID\",\"RequestRuleName\":\"pzRuleFormRuleset\"}" => HTTP 200 (29020 bytes)
[PegaHttpClient] 📡 POST https://zdk8budo.pegaacademy.net/prweb/api/CodeIntelligence/v1/rules/query?pxObjClass=Rule-HTML-Section&appliesTo=Data-Admin-Operator-ID&pyRuleName=undefined&RequestClass=Rule-HTML-Section&RequestAppliesTo=Data-Admin-Operator-ID&RequestRuleName=undefined Payload: "{\"RequestClass\":\"Rule-HTML-Section\",\"RequestAppliesTo\":\"Data-Admin-Operator-ID\",\"RequestRuleName\":\"undefined\"}" => HTTP 404 (109 bytes)
[PegaHttpClient] 📡 POST https://zdk8budo.pegaacademy.net/prweb/PRRestService/CodeIntelligence/v1/rules/query?pxObjClass=Rule-HTML-Section&appliesTo=Data-Admin-Operator-ID&pyRuleName=undefined&RequestClass=Rule-HTML-Section&RequestAppliesTo=Data-Admin-Operator-ID&RequestRuleName=undefined Payload: "{\"RequestClass\":\"Rule-HTML-Section\",\"RequestAppliesTo\":\"Data-Admin-Operator-ID\",\"RequestRuleName\":\"undefined\"}" => HTTP 404 (109 bytes)
[PegaHttpClient] 📡 POST https://zdk8budo.pegaacademy.net/prweb/api/HRAppsV2Service/V1/rules/query?pxObjClass=Rule-HTML-Section&appliesTo=Data-Admin-Operator-ID&pyRuleName=undefined&RequestClass=Rule-HTML-Section&RequestAppliesTo=Data-Admin-Operator-ID&RequestRuleName=undefined Payload: "{\"RequestClass\":\"Rule-HTML-Section\",\"RequestAppliesTo\":\"Data-Admin-Operator-ID\",\"RequestRuleName\":\"undefined\"}" => HTTP 404 (18 bytes)
[PegaHttpClient] 📡 POST https://zdk8budo.pegaacademy.net/prweb/PRRestService/HRAppsV2Service/V1/rules/query?pxObjClass=Rule-HTML-Section&appliesTo=Data-Admin-Operator-ID&pyRuleName=undefined&RequestClass=Rule-HTML-Section&RequestAppliesTo=Data-Admin-Operator-ID&RequestRuleName=undefined Payload: "{\"RequestClass\":\"Rule-HTML-Section\",\"RequestAppliesTo\":\"Data-Admin-Operator-ID\",\"RequestRuleName\":\"undefined\"}" => HTTP 404 (18 bytes)
[PegaHttpClient] 📡 POST https://zdk8budo.pegaacademy.net/prweb/api/HRAppsV2/V1/rules/query?pxObjClass=Rule-HTML-Section&appliesTo=Data-Admin-Operator-ID&pyRuleName=undefined&RequestClass=Rule-HTML-Section&RequestAppliesTo=Data-Admin-Operator-ID&RequestRuleName=undefined Payload: "{\"RequestClass\":\"Rule-HTML-Section\",\"RequestAppliesTo\":\"Data-Admin-Operator-ID\",\"RequestRuleName\":\"undefined\"}" => HTTP 404 (18 bytes)
[PegaHttpClient] 📡 POST https://zdk8budo.pegaacademy.net/prweb/PRRestService/HRAppsV2/V1/rules/query?pxObjClass=Rule-HTML-Section&appliesTo=Data-Admin-Operator-ID&pyRuleName=undefined&RequestClass=Rule-HTML-Section&RequestAppliesTo=Data-Admin-Operator-ID&RequestRuleName=undefined Payload: "{\"RequestClass\":\"Rule-HTML-Section\",\"RequestAppliesTo\":\"Data-Admin-Operator-ID\",\"RequestRuleName\":\"undefined\"}" => HTTP 404 (18 bytes)
[PegaHttpClient] 📡 POST https://zdk8budo.pegaacademy.net/prweb/api/v1/rules/query?pxObjClass=Rule-HTML-Section&appliesTo=Data-Admin-Operator-ID&pyRuleName=undefined&RequestClass=Rule-HTML-Section&RequestAppliesTo=Data-Admin-Operator-ID&RequestRuleName=undefined Payload: "{\"RequestClass\":\"Rule-HTML-Section\",\"RequestAppliesTo\":\"Data-Admin-Operator-ID\",\"RequestRuleName\":\"undefined\"}" => HTTP 404 (18 bytes)
[PegaHttpClient] 📡 POST https://zdk8budo.pegaacademy.net/prweb/PRRestService/v1/rules/query?pxObjClass=Rule-HTML-Section&appliesTo=Data-Admin-Operator-ID&pyRuleName=undefined&RequestClass=Rule-HTML-Section&RequestAppliesTo=Data-Admin-Operator-ID&RequestRuleName=undefined Payload: "{\"RequestClass\":\"Rule-HTML-Section\",\"RequestAppliesTo\":\"Data-Admin-Operator-ID\",\"RequestRuleName\":\"undefined\"}" => HTTP 404 (18 bytes)
[PegaHttpClient] 📡 POST https://zdk8budo.pegaacademy.net/prweb/api/CodeIntelligence/v1/rules/query?pxObjClass=Rule-HTML-Section&appliesTo=Data-Admin-Operator-ID&pyRuleName=pzRuleFormToolbar&RequestClass=Rule-HTML-Section&RequestAppliesTo=Data-Admin-Operator-ID&RequestRuleName=pzRuleFormToolbar Payload: "{\"RequestClass\":\"Rule-HTML-Section\",\"RequestAppliesTo\":\"Data-Admin-Operator-ID\",\"RequestRuleName\":\"pzRuleFormToolbar\"}" => HTTP 200 (242691 bytes)
[PegaHttpClient] 📡 POST https://zdk8budo.pegaacademy.net/prweb/api/CodeIntelligence/v1/rules/query?pxObjClass=Rule-HTML-Section&appliesTo=Data-Admin-Operator-ID&pyRuleName=pzRuleFormToolbarCompare&RequestClass=Rule-HTML-Section&RequestAppliesTo=Data-Admin-Operator-ID&RequestRuleName=pzRuleFormToolbarCompare Payload: "{\"RequestClass\":\"Rule-HTML-Section\",\"RequestAppliesTo\":\"Data-Admin-Operator-ID\",\"RequestRuleName\":\"pzRuleFormToolbarCompare\"}" => HTTP 200 (61925 bytes)
[PegaHttpClient] 📡 POST https://zdk8budo.pegaacademy.net/prweb/api/CodeIntelligence/v1/rules/query?pxObjClass=Rule-HTML-Section&appliesTo=Data-Admin-Operator-ID&pyRuleName=RuleFormHeaderMessages&RequestClass=Rule-HTML-Section&RequestAppliesTo=Data-Admin-Operator-ID&RequestRuleName=RuleFormHeaderMessages Payload: "{\"RequestClass\":\"Rule-HTML-Section\",\"RequestAppliesTo\":\"Data-Admin-Operator-ID\",\"RequestRuleName\":\"RuleFormHeaderMessages\"}" => HTTP 200 (26518 bytes)
[PegaHttpClient] 📡 POST https://zdk8budo.pegaacademy.net/prweb/api/CodeIntelligence/v1/rules/query?pxObjClass=Rule-HTML-Section&appliesTo=Data-Admin-Operator-ID&pyRuleName=pzGeneralFields&RequestClass=Rule-HTML-Section&RequestAppliesTo=Data-Admin-Operator-ID&RequestRuleName=pzGeneralFields Payload: "{\"RequestClass\":\"Rule-HTML-Section\",\"RequestAppliesTo\":\"Data-Admin-Operator-ID\",\"RequestRuleName\":\"pzGeneralFields\"}" => HTTP 200 (66796 bytes)
[PegaHttpClient] 📡 POST https://zdk8budo.pegaacademy.net/prweb/api/CodeIntelligence/v1/rules/query?pxObjClass=Rule-HTML-Section&appliesTo=Data-Admin-Operator-ID&pyRuleName=pzAccessGroups&RequestClass=Rule-HTML-Section&RequestAppliesTo=Data-Admin-Operator-ID&RequestRuleName=pzAccessGroups Payload: "{\"RequestClass\":\"Rule-HTML-Section\",\"RequestAppliesTo\":\"Data-Admin-Operator-ID\",\"RequestRuleName\":\"pzAccessGroups\"}" => HTTP 200 (81059 bytes)
[PegaHttpClient] 📡 POST https://zdk8budo.pegaacademy.net/prweb/api/CodeIntelligence/v1/rules/query?pxObjClass=Rule-HTML-Section&appliesTo=Data-Admin-Operator-ID&pyRuleName=pzRoutingSettings&RequestClass=Rule-HTML-Section&RequestAppliesTo=Data-Admin-Operator-ID&RequestRuleName=pzRoutingSettings Payload: "{\"RequestClass\":\"Rule-HTML-Section\",\"RequestAppliesTo\":\"Data-Admin-Operator-ID\",\"RequestRuleName\":\"pzRoutingSettings\"}" => HTTP 200 (225999 bytes)
[PegaHttpClient] 📡 POST https://zdk8budo.pegaacademy.net/prweb/api/CodeIntelligence/v1/rules/query?pxObjClass=Rule-HTML-Section&appliesTo=Data-Admin-Operator-ID&pyRuleName=pzScheduling&RequestClass=Rule-HTML-Section&RequestAppliesTo=Data-Admin-Operator-ID&RequestRuleName=pzScheduling Payload: "{\"RequestClass\":\"Rule-HTML-Section\",\"RequestAppliesTo\":\"Data-Admin-Operator-ID\",\"RequestRuleName\":\"pzScheduling\"}" => HTTP 200 (42768 bytes)
[PegaHttpClient] 📡 POST https://zdk8budo.pegaacademy.net/prweb/api/CodeIntelligence/v1/rules/query?pxObjClass=Rule-HTML-Section&appliesTo=Data-Admin-Operator-ID&pyRuleName=pzAccessSettings&RequestClass=Rule-HTML-Section&RequestAppliesTo=Data-Admin-Operator-ID&RequestRuleName=pzAccessSettings Payload: "{\"RequestClass\":\"Rule-HTML-Section\",\"RequestAppliesTo\":\"Data-Admin-Operator-ID\",\"RequestRuleName\":\"pzAccessSettings\"}" => HTTP 200 (120217 bytes)
[PegaHttpClient] 📡 POST https://zdk8budo.pegaacademy.net/prweb/api/CodeIntelligence/v1/rules/query?pxObjClass=Rule-HTML-Section&appliesTo=Data-Admin-Operator-ID&pyRuleName=pzRuleFormStatus&RequestClass=Rule-HTML-Section&RequestAppliesTo=Data-Admin-Operator-ID&RequestRuleName=pzRuleFormStatus Payload: "{\"RequestClass\":\"Rule-HTML-Section\",\"RequestAppliesTo\":\"Data-Admin-Operator-ID\",\"RequestRuleName\":\"pzRuleFormStatus\"}" => HTTP 200 (29579 bytes)
[PegaHttpClient] 📡 POST https://zdk8budo.pegaacademy.net/prweb/api/CodeIntelligence/v1/rules/query?pxObjClass=Rule-HTML-Section&appliesTo=Data-Admin-Operator-ID&pyRuleName=pzRuleFormHeaderCompareWithDropDown&RequestClass=Rule-HTML-Section&RequestAppliesTo=Data-Admin-Operator-ID&RequestRuleName=pzRuleFormHeaderCompareWithDropDown Payload: "{\"RequestClass\":\"Rule-HTML-Section\",\"RequestAppliesTo\":\"Data-Admin-Operator-ID\",\"RequestRuleName\":\"pzRuleFormHeaderCompareWithDropDown\"}" => HTTP 200 (25396 bytes)
[PegaHttpClient] 📡 POST https://zdk8budo.pegaacademy.net/prweb/api/CodeIntelligence/v1/rules/query?pxObjClass=Rule-HTML-Section&appliesTo=Data-Admin-Operator-ID&pyRuleName=undefined&RequestClass=Rule-HTML-Section&RequestAppliesTo=Data-Admin-Operator-ID&RequestRuleName=undefined Payload: "{\"RequestClass\":\"Rule-HTML-Section\",\"RequestAppliesTo\":\"Data-Admin-Operator-ID\",\"RequestRuleName\":\"undefined\"}" => HTTP 404 (109 bytes)
[PegaHttpClient] 📡 POST https://zdk8budo.pegaacademy.net/prweb/PRRestService/CodeIntelligence/v1/rules/query?pxObjClass=Rule-HTML-Section&appliesTo=Data-Admin-Operator-ID&pyRuleName=undefined&RequestClass=Rule-HTML-Section&RequestAppliesTo=Data-Admin-Operator-ID&RequestRuleName=undefined Payload: "{\"RequestClass\":\"Rule-HTML-Section\",\"RequestAppliesTo\":\"Data-Admin-Operator-ID\",\"RequestRuleName\":\"undefined\"}" => HTTP 404 (109 bytes)
[PegaHttpClient] 📡 POST https://zdk8budo.pegaacademy.net/prweb/api/HRAppsV2Service/V1/rules/query?pxObjClass=Rule-HTML-Section&appliesTo=Data-Admin-Operator-ID&pyRuleName=undefined&RequestClass=Rule-HTML-Section&RequestAppliesTo=Data-Admin-Operator-ID&RequestRuleName=undefined Payload: "{\"RequestClass\":\"Rule-HTML-Section\",\"RequestAppliesTo\":\"Data-Admin-Operator-ID\",\"RequestRuleName\":\"undefined\"}" => HTTP 404 (18 bytes)
[PegaHttpClient] 📡 POST https://zdk8budo.pegaacademy.net/prweb/PRRestService/HRAppsV2Service/V1/rules/query?pxObjClass=Rule-HTML-Section&appliesTo=Data-Admin-Operator-ID&pyRuleName=undefined&RequestClass=Rule-HTML-Section&RequestAppliesTo=Data-Admin-Operator-ID&RequestRuleName=undefined Payload: "{\"RequestClass\":\"Rule-HTML-Section\",\"RequestAppliesTo\":\"Data-Admin-Operator-ID\",\"RequestRuleName\":\"undefined\"}" => HTTP 404 (18 bytes)
[PegaHttpClient] 📡 POST https://zdk8budo.pegaacademy.net/prweb/api/HRAppsV2/V1/rules/query?pxObjClass=Rule-HTML-Section&appliesTo=Data-Admin-Operator-ID&pyRuleName=undefined&RequestClass=Rule-HTML-Section&RequestAppliesTo=Data-Admin-Operator-ID&RequestRuleName=undefined Payload: "{\"RequestClass\":\"Rule-HTML-Section\",\"RequestAppliesTo\":\"Data-Admin-Operator-ID\",\"RequestRuleName\":\"undefined\"}" => HTTP 404 (18 bytes)
[PegaHttpClient] 📡 POST https://zdk8budo.pegaacademy.net/prweb/PRRestService/HRAppsV2/V1/rules/query?pxObjClass=Rule-HTML-Section&appliesTo=Data-Admin-Operator-ID&pyRuleName=undefined&RequestClass=Rule-HTML-Section&RequestAppliesTo=Data-Admin-Operator-ID&RequestRuleName=undefined Payload: "{\"RequestClass\":\"Rule-HTML-Section\",\"RequestAppliesTo\":\"Data-Admin-Operator-ID\",\"RequestRuleName\":\"undefined\"}" => HTTP 404 (18 bytes)
[PegaHttpClient] 📡 POST https://zdk8budo.pegaacademy.net/prweb/api/v1/rules/query?pxObjClass=Rule-HTML-Section&appliesTo=Data-Admin-Operator-ID&pyRuleName=undefined&RequestClass=Rule-HTML-Section&RequestAppliesTo=Data-Admin-Operator-ID&RequestRuleName=undefined Payload: "{\"RequestClass\":\"Rule-HTML-Section\",\"RequestAppliesTo\":\"Data-Admin-Operator-ID\",\"RequestRuleName\":\"undefined\"}" => HTTP 404 (18 bytes)
[PegaHttpClient] 📡 POST https://zdk8budo.pegaacademy.net/prweb/PRRestService/v1/rules/query?pxObjClass=Rule-HTML-Section&appliesTo=Data-Admin-Operator-ID&pyRuleName=undefined&RequestClass=Rule-HTML-Section&RequestAppliesTo=Data-Admin-Operator-ID&RequestRuleName=undefined Payload: "{\"RequestClass\":\"Rule-HTML-Section\",\"RequestAppliesTo\":\"Data-Admin-Operator-ID\",\"RequestRuleName\":\"undefined\"}" => HTTP 404 (18 bytes)
[PegaHttpClient] 📡 POST https://zdk8budo.pegaacademy.net/prweb/api/CodeIntelligence/v1/rules/query?pxObjClass=Rule-HTML-Section&appliesTo=Data-Admin-Operator-ID&pyRuleName=pzRuleFormToolbarHotKeys&RequestClass=Rule-HTML-Section&RequestAppliesTo=Data-Admin-Operator-ID&RequestRuleName=pzRuleFormToolbarHotKeys Payload: "{\"RequestClass\":\"Rule-HTML-Section\",\"RequestAppliesTo\":\"Data-Admin-Operator-ID\",\"RequestRuleName\":\"pzRuleFormToolbarHotKeys\"}" => HTTP 200 (85058 bytes)
[PegaHttpClient] 📡 POST https://zdk8budo.pegaacademy.net/prweb/api/CodeIntelligence/v1/rules/query?pxObjClass=Rule-HTML-Section&appliesTo=Data-Admin-Operator-ID&pyRuleName=pzRuleFormToolbarLockedIcon&RequestClass=Rule-HTML-Section&RequestAppliesTo=Data-Admin-Operator-ID&RequestRuleName=pzRuleFormToolbarLockedIcon Payload: "{\"RequestClass\":\"Rule-HTML-Section\",\"RequestAppliesTo\":\"Data-Admin-Operator-ID\",\"RequestRuleName\":\"pzRuleFormToolbarLockedIcon\"}" => HTTP 200 (19111 bytes)
[PegaHttpClient] 📡 POST https://zdk8budo.pegaacademy.net/prweb/api/CodeIntelligence/v1/rules/query?pxObjClass=Rule-HTML-Section&appliesTo=Data-Admin-Operator-ID&pyRuleName=pzRuleFormToolbarCollaborators&RequestClass=Rule-HTML-Section&RequestAppliesTo=Data-Admin-Operator-ID&RequestRuleName=pzRuleFormToolbarCollaborators Payload: "{\"RequestClass\":\"Rule-HTML-Section\",\"RequestAppliesTo\":\"Data-Admin-Operator-ID\",\"RequestRuleName\":\"pzRuleFormToolbarCollaborators\"}" => HTTP 200 (15254 bytes)
[PegaHttpClient] 📡 POST https://zdk8budo.pegaacademy.net/prweb/api/CodeIntelligence/v1/rules/query?pxObjClass=Rule-HTML-Section&appliesTo=Data-Admin-Operator-ID&pyRuleName=pzRuleFormToolbarSaveAs&RequestClass=Rule-HTML-Section&RequestAppliesTo=Data-Admin-Operator-ID&RequestRuleName=pzRuleFormToolbarSaveAs Payload: "{\"RequestClass\":\"Rule-HTML-Section\",\"RequestAppliesTo\":\"Data-Admin-Operator-ID\",\"RequestRuleName\":\"pzRuleFormToolbarSaveAs\"}" => HTTP 200 (64084 bytes)
[PegaHttpClient] 📡 POST https://zdk8budo.pegaacademy.net/prweb/api/CodeIntelligence/v1/rules/query?pxObjClass=Rule-HTML-Section&appliesTo=Data-Admin-Operator-ID&pyRuleName=pzRuleFormToolbarCheckin&RequestClass=Rule-HTML-Section&RequestAppliesTo=Data-Admin-Operator-ID&RequestRuleName=pzRuleFormToolbarCheckin Payload: "{\"RequestClass\":\"Rule-HTML-Section\",\"RequestAppliesTo\":\"Data-Admin-Operator-ID\",\"RequestRuleName\":\"pzRuleFormToolbarCheckin\"}" => HTTP 200 (15601 bytes)
[PegaHttpClient] 📡 POST https://zdk8budo.pegaacademy.net/prweb/api/CodeIntelligence/v1/rules/query?pxObjClass=Rule-HTML-Section&appliesTo=Data-Admin-Operator-ID&pyRuleName=pzRuleFormToolbarDelete&RequestClass=Rule-HTML-Section&RequestAppliesTo=Data-Admin-Operator-ID&RequestRuleName=pzRuleFormToolbarDelete Payload: "{\"RequestClass\":\"Rule-HTML-Section\",\"RequestAppliesTo\":\"Data-Admin-Operator-ID\",\"RequestRuleName\":\"pzRuleFormToolbarDelete\"}" => HTTP 200 (30249 bytes)
[PegaHttpClient] 📡 POST https://zdk8budo.pegaacademy.net/prweb/api/CodeIntelligence/v1/rules/query?pxObjClass=Rule-HTML-Section&appliesTo=Data-Admin-Operator-ID&pyRuleName=pzRuleFormToolbarSave&RequestClass=Rule-HTML-Section&RequestAppliesTo=Data-Admin-Operator-ID&RequestRuleName=pzRuleFormToolbarSave Payload: "{\"RequestClass\":\"Rule-HTML-Section\",\"RequestAppliesTo\":\"Data-Admin-Operator-ID\",\"RequestRuleName\":\"pzRuleFormToolbarSave\"}" => HTTP 200 (293885 bytes)
[PegaHttpClient] 📡 POST https://zdk8budo.pegaacademy.net/prweb/api/CodeIntelligence/v1/rules/query?pxObjClass=Rule-HTML-Section&appliesTo=Data-Admin-Operator-ID&pyRuleName=pzRuleFormToolbarCheckout&RequestClass=Rule-HTML-Section&RequestAppliesTo=Data-Admin-Operator-ID&RequestRuleName=pzRuleFormToolbarCheckout Payload: "{\"RequestClass\":\"Rule-HTML-Section\",\"RequestAppliesTo\":\"Data-Admin-Operator-ID\",\"RequestRuleName\":\"pzRuleFormToolbarCheckout\"}" => HTTP 200 (14854 bytes)
[PegaHttpClient] 📡 POST https://zdk8budo.pegaacademy.net/prweb/api/CodeIntelligence/v1/rules/query?pxObjClass=Rule-HTML-Section&appliesTo=Data-Admin-Operator-ID&pyRuleName=pzRemoveErrorsDataPage&RequestClass=Rule-HTML-Section&RequestAppliesTo=Data-Admin-Operator-ID&RequestRuleName=pzRemoveErrorsDataPage Payload: "{\"RequestClass\":\"Rule-HTML-Section\",\"RequestAppliesTo\":\"Data-Admin-Operator-ID\",\"RequestRuleName\":\"pzRemoveErrorsDataPage\"}" => HTTP 200 (16733 bytes)
[PegaHttpClient] 📡 POST https://zdk8budo.pegaacademy.net/prweb/api/CodeIntelligence/v1/rules/query?pxObjClass=Rule-HTML-Section&appliesTo=Data-Admin-Operator-ID&pyRuleName=pzRuleFormHeaderMessagesWrapper&RequestClass=Rule-HTML-Section&RequestAppliesTo=Data-Admin-Operator-ID&RequestRuleName=pzRuleFormHeaderMessagesWrapper Payload: "{\"RequestClass\":\"Rule-HTML-Section\",\"RequestAppliesTo\":\"Data-Admin-Operator-ID\",\"RequestRuleName\":\"pzRuleFormHeaderMessagesWrapper\"}" => HTTP 200 (16981 bytes)
[PegaHttpClient] 📡 POST https://zdk8budo.pegaacademy.net/prweb/api/CodeIntelligence/v1/rules/query?pxObjClass=Rule-HTML-Section&appliesTo=Data-Admin-Operator-ID&pyRuleName=ImageSection&RequestClass=Rule-HTML-Section&RequestAppliesTo=Data-Admin-Operator-ID&RequestRuleName=ImageSection Payload: "{\"RequestClass\":\"Rule-HTML-Section\",\"RequestAppliesTo\":\"Data-Admin-Operator-ID\",\"RequestRuleName\":\"ImageSection\"}" => HTTP 200 (49572 bytes)
[PegaHttpClient] 📡 POST https://zdk8budo.pegaacademy.net/prweb/api/CodeIntelligence/v1/rules/query?pxObjClass=Rule-HTML-Section&appliesTo=Data-Admin-Operator-ID&pyRuleName=pzImageSectionWrapper&RequestClass=Rule-HTML-Section&RequestAppliesTo=Data-Admin-Operator-ID&RequestRuleName=pzImageSectionWrapper Payload: "{\"RequestClass\":\"Rule-HTML-Section\",\"RequestAppliesTo\":\"Data-Admin-Operator-ID\",\"RequestRuleName\":\"pzImageSectionWrapper\"}" => HTTP 200 (14295 bytes)
[PegaHttpClient] 📡 POST https://zdk8budo.pegaacademy.net/prweb/api/CodeIntelligence/v1/rules/query?pxObjClass=Rule-HTML-Section&appliesTo=Data-Admin-Operator-ID&pyRuleName=pzOrgDivUnit&RequestClass=Rule-HTML-Section&RequestAppliesTo=Data-Admin-Operator-ID&RequestRuleName=pzOrgDivUnit Payload: "{\"RequestClass\":\"Rule-HTML-Section\",\"RequestAppliesTo\":\"Data-Admin-Operator-ID\",\"RequestRuleName\":\"pzOrgDivUnit\"}" => HTTP 200 (93458 bytes)
[PegaHttpClient] 📡 POST https://zdk8budo.pegaacademy.net/prweb/api/CodeIntelligence/v1/rules/query?pxObjClass=Rule-HTML-Section&appliesTo=Data-Admin-Operator-ID&pyRuleName=pzSkills&RequestClass=Rule-HTML-Section&RequestAppliesTo=Data-Admin-Operator-ID&RequestRuleName=pzSkills Payload: "{\"RequestClass\":\"Rule-HTML-Section\",\"RequestAppliesTo\":\"Data-Admin-Operator-ID\",\"RequestRuleName\":\"pzSkills\"}" => HTTP 200 (61675 bytes)
[PegaHttpClient] 📡 POST https://zdk8budo.pegaacademy.net/prweb/api/CodeIntelligence/v1/rules/query?pxObjClass=Rule-HTML-Section&appliesTo=Data-Admin-Operator-ID&pyRuleName=pzWorkBaskets&RequestClass=Rule-HTML-Section&RequestAppliesTo=Data-Admin-Operator-ID&RequestRuleName=pzWorkBaskets Payload: "{\"RequestClass\":\"Rule-HTML-Section\",\"RequestAppliesTo\":\"Data-Admin-Operator-ID\",\"RequestRuleName\":\"pzWorkBaskets\"}" => HTTP 200 (104187 bytes)
[PegaHttpClient] 📡 POST https://zdk8budo.pegaacademy.net/prweb/api/CodeIntelligence/v1/rules/query?pxObjClass=Rule-HTML-Section&appliesTo=Data-Admin-Operator-ID&pyRuleName=pzCalendarSettings&RequestClass=Rule-HTML-Section&RequestAppliesTo=Data-Admin-Operator-ID&RequestRuleName=pzCalendarSettings Payload: "{\"RequestClass\":\"Rule-HTML-Section\",\"RequestAppliesTo\":\"Data-Admin-Operator-ID\",\"RequestRuleName\":\"pzCalendarSettings\"}" => HTTP 200 (91278 bytes)
[PegaHttpClient] 📡 POST https://zdk8budo.pegaacademy.net/prweb/api/CodeIntelligence/v1/rules/query?pxObjClass=Rule-HTML-Section&appliesTo=Data-Admin-Operator-ID&pyRuleName=pzSubstituteDetails&RequestClass=Rule-HTML-Section&RequestAppliesTo=Data-Admin-Operator-ID&RequestRuleName=pzSubstituteDetails Payload: "{\"RequestClass\":\"Rule-HTML-Section\",\"RequestAppliesTo\":\"Data-Admin-Operator-ID\",\"RequestRuleName\":\"pzSubstituteDetails\"}" => HTTP 200 (55123 bytes)
[PegaHttpClient] 📡 POST https://zdk8budo.pegaacademy.net/prweb/api/CodeIntelligence/v1/rules/query?pxObjClass=Rule-HTML-Section&appliesTo=Data-Admin-Operator-ID&pyRuleName=pxDisplayCollaborators&RequestClass=Rule-HTML-Section&RequestAppliesTo=Data-Admin-Operator-ID&RequestRuleName=pxDisplayCollaborators Payload: "{\"RequestClass\":\"Rule-HTML-Section\",\"RequestAppliesTo\":\"Data-Admin-Operator-ID\",\"RequestRuleName\":\"pxDisplayCollaborators\"}" => HTTP 200 (94171 bytes)
[PegaHttpClient] 📡 POST https://zdk8budo.pegaacademy.net/prweb/api/CodeIntelligence/v1/rules/query?pxObjClass=Rule-HTML-Section&appliesTo=Data-Admin-Operator-ID&pyRuleName=pzRuleFormToolbarDeleteCheckOut&RequestClass=Rule-HTML-Section&RequestAppliesTo=Data-Admin-Operator-ID&RequestRuleName=pzRuleFormToolbarDeleteCheckOut Payload: "{\"RequestClass\":\"Rule-HTML-Section\",\"RequestAppliesTo\":\"Data-Admin-Operator-ID\",\"RequestRuleName\":\"pzRuleFormToolbarDeleteCheckOut\"}" => HTTP 404 (131 bytes)
[PegaHttpClient] 📡 POST https://zdk8budo.pegaacademy.net/prweb/PRRestService/CodeIntelligence/v1/rules/query?pxObjClass=Rule-HTML-Section&appliesTo=Data-Admin-Operator-ID&pyRuleName=pzRuleFormToolbarDeleteCheckOut&RequestClass=Rule-HTML-Section&RequestAppliesTo=Data-Admin-Operator-ID&RequestRuleName=pzRuleFormToolbarDeleteCheckOut Payload: "{\"RequestClass\":\"Rule-HTML-Section\",\"RequestAppliesTo\":\"Data-Admin-Operator-ID\",\"RequestRuleName\":\"pzRuleFormToolbarDeleteCheckOut\"}" => HTTP 404 (131 bytes)
[PegaHttpClient] 📡 POST https://zdk8budo.pegaacademy.net/prweb/api/HRAppsV2Service/V1/rules/query?pxObjClass=Rule-HTML-Section&appliesTo=Data-Admin-Operator-ID&pyRuleName=pzRuleFormToolbarDeleteCheckOut&RequestClass=Rule-HTML-Section&RequestAppliesTo=Data-Admin-Operator-ID&RequestRuleName=pzRuleFormToolbarDeleteCheckOut Payload: "{\"RequestClass\":\"Rule-HTML-Section\",\"RequestAppliesTo\":\"Data-Admin-Operator-ID\",\"RequestRuleName\":\"pzRuleFormToolbarDeleteCheckOut\"}" => HTTP 404 (18 bytes)
[PegaHttpClient] 📡 POST https://zdk8budo.pegaacademy.net/prweb/PRRestService/HRAppsV2Service/V1/rules/query?pxObjClass=Rule-HTML-Section&appliesTo=Data-Admin-Operator-ID&pyRuleName=pzRuleFormToolbarDeleteCheckOut&RequestClass=Rule-HTML-Section&RequestAppliesTo=Data-Admin-Operator-ID&RequestRuleName=pzRuleFormToolbarDeleteCheckOut Payload: "{\"RequestClass\":\"Rule-HTML-Section\",\"RequestAppliesTo\":\"Data-Admin-Operator-ID\",\"RequestRuleName\":\"pzRuleFormToolbarDeleteCheckOut\"}" => HTTP 404 (18 bytes)
[PegaHttpClient] 📡 POST https://zdk8budo.pegaacademy.net/prweb/api/HRAppsV2/V1/rules/query?pxObjClass=Rule-HTML-Section&appliesTo=Data-Admin-Operator-ID&pyRuleName=pzRuleFormToolbarDeleteCheckOut&RequestClass=Rule-HTML-Section&RequestAppliesTo=Data-Admin-Operator-ID&RequestRuleName=pzRuleFormToolbarDeleteCheckOut Payload: "{\"RequestClass\":\"Rule-HTML-Section\",\"RequestAppliesTo\":\"Data-Admin-Operator-ID\",\"RequestRuleName\":\"pzRuleFormToolbarDeleteCheckOut\"}" => HTTP 404 (18 bytes)
[PegaHttpClient] 📡 POST https://zdk8budo.pegaacademy.net/prweb/PRRestService/HRAppsV2/V1/rules/query?pxObjClass=Rule-HTML-Section&appliesTo=Data-Admin-Operator-ID&pyRuleName=pzRuleFormToolbarDeleteCheckOut&RequestClass=Rule-HTML-Section&RequestAppliesTo=Data-Admin-Operator-ID&RequestRuleName=pzRuleFormToolbarDeleteCheckOut Payload: "{\"RequestClass\":\"Rule-HTML-Section\",\"RequestAppliesTo\":\"Data-Admin-Operator-ID\",\"RequestRuleName\":\"pzRuleFormToolbarDeleteCheckOut\"}" => HTTP 404 (18 bytes)
[PegaHttpClient] 📡 POST https://zdk8budo.pegaacademy.net/prweb/api/v1/rules/query?pxObjClass=Rule-HTML-Section&appliesTo=Data-Admin-Operator-ID&pyRuleName=pzRuleFormToolbarDeleteCheckOut&RequestClass=Rule-HTML-Section&RequestAppliesTo=Data-Admin-Operator-ID&RequestRuleName=pzRuleFormToolbarDeleteCheckOut Payload: "{\"RequestClass\":\"Rule-HTML-Section\",\"RequestAppliesTo\":\"Data-Admin-Operator-ID\",\"RequestRuleName\":\"pzRuleFormToolbarDeleteCheckOut\"}" => HTTP 404 (18 bytes)
[PegaHttpClient] 📡 POST https://zdk8budo.pegaacademy.net/prweb/PRRestService/v1/rules/query?pxObjClass=Rule-HTML-Section&appliesTo=Data-Admin-Operator-ID&pyRuleName=pzRuleFormToolbarDeleteCheckOut&RequestClass=Rule-HTML-Section&RequestAppliesTo=Data-Admin-Operator-ID&RequestRuleName=pzRuleFormToolbarDeleteCheckOut Payload: "{\"RequestClass\":\"Rule-HTML-Section\",\"RequestAppliesTo\":\"Data-Admin-Operator-ID\",\"RequestRuleName\":\"pzRuleFormToolbarDeleteCheckOut\"}" => HTTP 404 (18 bytes)
[PegaHttpClient] 📡 POST https://zdk8budo.pegaacademy.net/prweb/api/CodeIntelligence/v1/rules/query?pxObjClass=Rule-HTML-Section&appliesTo=Data-Admin-Operator-ID&pyRuleName=pzRuleFormToolbarDeleteRule&RequestClass=Rule-HTML-Section&RequestAppliesTo=Data-Admin-Operator-ID&RequestRuleName=pzRuleFormToolbarDeleteRule Payload: "{\"RequestClass\":\"Rule-HTML-Section\",\"RequestAppliesTo\":\"Data-Admin-Operator-ID\",\"RequestRuleName\":\"pzRuleFormToolbarDeleteRule\"}" => HTTP 200 (32314 bytes)
[PegaHttpClient] 📡 POST https://zdk8budo.pegaacademy.net/prweb/api/CodeIntelligence/v1/rules/query?pxObjClass=Rule-HTML-Section&appliesTo=Data-Admin-Operator-ID&pyRuleName=ScheduledAbsenceSection&RequestClass=Rule-HTML-Section&RequestAppliesTo=Data-Admin-Operator-ID&RequestRuleName=ScheduledAbsenceSection Payload: "{\"RequestClass\":\"Rule-HTML-Section\",\"RequestAppliesTo\":\"Data-Admin-Operator-ID\",\"RequestRuleName\":\"ScheduledAbsenceSection\"}" => HTTP 200 (54625 bytes)
[PegaHttpClient] 📡 POST https://zdk8budo.pegaacademy.net/prweb/api/CodeIntelligence/v1/rules/query?pxObjClass=Rule-HTML-Section&appliesTo=Data-Admin-Operator-ID&pyRuleName=pzLoadCollaborationScripts&RequestClass=Rule-HTML-Section&RequestAppliesTo=Data-Admin-Operator-ID&RequestRuleName=pzLoadCollaborationScripts Payload: "{\"RequestClass\":\"Rule-HTML-Section\",\"RequestAppliesTo\":\"Data-Admin-Operator-ID\",\"RequestRuleName\":\"pzLoadCollaborationScripts\"}" => HTTP 200 (23453 bytes)
[PegaHttpClient] 📡 POST https://zdk8budo.pegaacademy.net/prweb/api/CodeIntelligence/v1/rules/query?pxObjClass=Rule-HTML-Section&appliesTo=Data-Admin-Operator-ID&pyRuleName=pzDisplayCollaboratorsList&RequestClass=Rule-HTML-Section&RequestAppliesTo=Data-Admin-Operator-ID&RequestRuleName=pzDisplayCollaboratorsList Payload: "{\"RequestClass\":\"Rule-HTML-Section\",\"RequestAppliesTo\":\"Data-Admin-Operator-ID\",\"RequestRuleName\":\"pzDisplayCollaboratorsList\"}" => HTTP 200 (105418 bytes)
[PegaHttpClient] 📡 POST https://zdk8budo.pegaacademy.net/prweb/api/CodeIntelligence/v1/rules/query?pxObjClass=Rule-HTML-Section&appliesTo=Data-Admin-Operator-ID&pyRuleName=pyCollaborator&RequestClass=Rule-HTML-Section&RequestAppliesTo=Data-Admin-Operator-ID&RequestRuleName=pyCollaborator Payload: "{\"RequestClass\":\"Rule-HTML-Section\",\"RequestAppliesTo\":\"Data-Admin-Operator-ID\",\"RequestRuleName\":\"pyCollaborator\"}" => HTTP 404 (114 bytes)
[PegaHttpClient] 📡 POST https://zdk8budo.pegaacademy.net/prweb/PRRestService/CodeIntelligence/v1/rules/query?pxObjClass=Rule-HTML-Section&appliesTo=Data-Admin-Operator-ID&pyRuleName=pyCollaborator&RequestClass=Rule-HTML-Section&RequestAppliesTo=Data-Admin-Operator-ID&RequestRuleName=pyCollaborator Payload: "{\"RequestClass\":\"Rule-HTML-Section\",\"RequestAppliesTo\":\"Data-Admin-Operator-ID\",\"RequestRuleName\":\"pyCollaborator\"}" => HTTP 404 (114 bytes)
[PegaHttpClient] 📡 POST https://zdk8budo.pegaacademy.net/prweb/api/HRAppsV2Service/V1/rules/query?pxObjClass=Rule-HTML-Section&appliesTo=Data-Admin-Operator-ID&pyRuleName=pyCollaborator&RequestClass=Rule-HTML-Section&RequestAppliesTo=Data-Admin-Operator-ID&RequestRuleName=pyCollaborator Payload: "{\"RequestClass\":\"Rule-HTML-Section\",\"RequestAppliesTo\":\"Data-Admin-Operator-ID\",\"RequestRuleName\":\"pyCollaborator\"}" => HTTP 404 (18 bytes)
[PegaHttpClient] 📡 POST https://zdk8budo.pegaacademy.net/prweb/PRRestService/HRAppsV2Service/V1/rules/query?pxObjClass=Rule-HTML-Section&appliesTo=Data-Admin-Operator-ID&pyRuleName=pyCollaborator&RequestClass=Rule-HTML-Section&RequestAppliesTo=Data-Admin-Operator-ID&RequestRuleName=pyCollaborator Payload: "{\"RequestClass\":\"Rule-HTML-Section\",\"RequestAppliesTo\":\"Data-Admin-Operator-ID\",\"RequestRuleName\":\"pyCollaborator\"}" => HTTP 404 (18 bytes)
[PegaHttpClient] 📡 POST https://zdk8budo.pegaacademy.net/prweb/api/HRAppsV2/V1/rules/query?pxObjClass=Rule-HTML-Section&appliesTo=Data-Admin-Operator-ID&pyRuleName=pyCollaborator&RequestClass=Rule-HTML-Section&RequestAppliesTo=Data-Admin-Operator-ID&RequestRuleName=pyCollaborator Payload: "{\"RequestClass\":\"Rule-HTML-Section\",\"RequestAppliesTo\":\"Data-Admin-Operator-ID\",\"RequestRuleName\":\"pyCollaborator\"}" => HTTP 404 (18 bytes)
[PegaHttpClient] 📡 POST https://zdk8budo.pegaacademy.net/prweb/PRRestService/HRAppsV2/V1/rules/query?pxObjClass=Rule-HTML-Section&appliesTo=Data-Admin-Operator-ID&pyRuleName=pyCollaborator&RequestClass=Rule-HTML-Section&RequestAppliesTo=Data-Admin-Operator-ID&RequestRuleName=pyCollaborator Payload: "{\"RequestClass\":\"Rule-HTML-Section\",\"RequestAppliesTo\":\"Data-Admin-Operator-ID\",\"RequestRuleName\":\"pyCollaborator\"}" => HTTP 404 (18 bytes)
[PegaHttpClient] 📡 POST https://zdk8budo.pegaacademy.net/prweb/api/v1/rules/query?pxObjClass=Rule-HTML-Section&appliesTo=Data-Admin-Operator-ID&pyRuleName=pyCollaborator&RequestClass=Rule-HTML-Section&RequestAppliesTo=Data-Admin-Operator-ID&RequestRuleName=pyCollaborator Payload: "{\"RequestClass\":\"Rule-HTML-Section\",\"RequestAppliesTo\":\"Data-Admin-Operator-ID\",\"RequestRuleName\":\"pyCollaborator\"}" => HTTP 404 (18 bytes)
[PegaHttpClient] 📡 POST https://zdk8budo.pegaacademy.net/prweb/PRRestService/v1/rules/query?pxObjClass=Rule-HTML-Section&appliesTo=Data-Admin-Operator-ID&pyRuleName=pyCollaborator&RequestClass=Rule-HTML-Section&RequestAppliesTo=Data-Admin-Operator-ID&RequestRuleName=pyCollaborator Payload: "{\"RequestClass\":\"Rule-HTML-Section\",\"RequestAppliesTo\":\"Data-Admin-Operator-ID\",\"RequestRuleName\":\"pyCollaborator\"}" => HTTP 404 (18 bytes)
[PegaHttpClient] 📡 POST https://zdk8budo.pegaacademy.net/prweb/api/CodeIntelligence/v1/rules/query?pxObjClass=Rule-HTML-Section&appliesTo=Data-Admin-Operator-ID&pyRuleName=pzDisplayPartialCount&RequestClass=Rule-HTML-Section&RequestAppliesTo=Data-Admin-Operator-ID&RequestRuleName=pzDisplayPartialCount Payload: "{\"RequestClass\":\"Rule-HTML-Section\",\"RequestAppliesTo\":\"Data-Admin-Operator-ID\",\"RequestRuleName\":\"pzDisplayPartialCount\"}" => HTTP 404 (121 bytes)
[PegaHttpClient] 📡 POST https://zdk8budo.pegaacademy.net/prweb/PRRestService/CodeIntelligence/v1/rules/query?pxObjClass=Rule-HTML-Section&appliesTo=Data-Admin-Operator-ID&pyRuleName=pzDisplayPartialCount&RequestClass=Rule-HTML-Section&RequestAppliesTo=Data-Admin-Operator-ID&RequestRuleName=pzDisplayPartialCount Payload: "{\"RequestClass\":\"Rule-HTML-Section\",\"RequestAppliesTo\":\"Data-Admin-Operator-ID\",\"RequestRuleName\":\"pzDisplayPartialCount\"}" => HTTP 404 (121 bytes)
[PegaHttpClient] 📡 POST https://zdk8budo.pegaacademy.net/prweb/api/HRAppsV2Service/V1/rules/query?pxObjClass=Rule-HTML-Section&appliesTo=Data-Admin-Operator-ID&pyRuleName=pzDisplayPartialCount&RequestClass=Rule-HTML-Section&RequestAppliesTo=Data-Admin-Operator-ID&RequestRuleName=pzDisplayPartialCount Payload: "{\"RequestClass\":\"Rule-HTML-Section\",\"RequestAppliesTo\":\"Data-Admin-Operator-ID\",\"RequestRuleName\":\"pzDisplayPartialCount\"}" => HTTP 404 (18 bytes)
[PegaHttpClient] 📡 POST https://zdk8budo.pegaacademy.net/prweb/PRRestService/HRAppsV2Service/V1/rules/query?pxObjClass=Rule-HTML-Section&appliesTo=Data-Admin-Operator-ID&pyRuleName=pzDisplayPartialCount&RequestClass=Rule-HTML-Section&RequestAppliesTo=Data-Admin-Operator-ID&RequestRuleName=pzDisplayPartialCount Payload: "{\"RequestClass\":\"Rule-HTML-Section\",\"RequestAppliesTo\":\"Data-Admin-Operator-ID\",\"RequestRuleName\":\"pzDisplayPartialCount\"}" => HTTP 404 (18 bytes)
[PegaHttpClient] 📡 POST https://zdk8budo.pegaacademy.net/prweb/api/HRAppsV2/V1/rules/query?pxObjClass=Rule-HTML-Section&appliesTo=Data-Admin-Operator-ID&pyRuleName=pzDisplayPartialCount&RequestClass=Rule-HTML-Section&RequestAppliesTo=Data-Admin-Operator-ID&RequestRuleName=pzDisplayPartialCount Payload: "{\"RequestClass\":\"Rule-HTML-Section\",\"RequestAppliesTo\":\"Data-Admin-Operator-ID\",\"RequestRuleName\":\"pzDisplayPartialCount\"}" => HTTP 404 (18 bytes)
[PegaHttpClient] 📡 POST https://zdk8budo.pegaacademy.net/prweb/PRRestService/HRAppsV2/V1/rules/query?pxObjClass=Rule-HTML-Section&appliesTo=Data-Admin-Operator-ID&pyRuleName=pzDisplayPartialCount&RequestClass=Rule-HTML-Section&RequestAppliesTo=Data-Admin-Operator-ID&RequestRuleName=pzDisplayPartialCount Payload: "{\"RequestClass\":\"Rule-HTML-Section\",\"RequestAppliesTo\":\"Data-Admin-Operator-ID\",\"RequestRuleName\":\"pzDisplayPartialCount\"}" => HTTP 404 (18 bytes)
[PegaHttpClient] 📡 POST https://zdk8budo.pegaacademy.net/prweb/api/v1/rules/query?pxObjClass=Rule-HTML-Section&appliesTo=Data-Admin-Operator-ID&pyRuleName=pzDisplayPartialCount&RequestClass=Rule-HTML-Section&RequestAppliesTo=Data-Admin-Operator-ID&RequestRuleName=pzDisplayPartialCount Payload: "{\"RequestClass\":\"Rule-HTML-Section\",\"RequestAppliesTo\":\"Data-Admin-Operator-ID\",\"RequestRuleName\":\"pzDisplayPartialCount\"}" => HTTP 404 (18 bytes)
[PegaHttpClient] 📡 POST https://zdk8budo.pegaacademy.net/prweb/PRRestService/v1/rules/query?pxObjClass=Rule-HTML-Section&appliesTo=Data-Admin-Operator-ID&pyRuleName=pzDisplayPartialCount&RequestClass=Rule-HTML-Section&RequestAppliesTo=Data-Admin-Operator-ID&RequestRuleName=pzDisplayPartialCount Payload: "{\"RequestClass\":\"Rule-HTML-Section\",\"RequestAppliesTo\":\"Data-Admin-Operator-ID\",\"RequestRuleName\":\"pzDisplayPartialCount\"}" => HTTP 404 (18 bytes)
[SchemaGen] ✅ Schema written for Data-Admin-Operator-ID
[PegaHttpClient] 📡 GET https://zdk8budo.pegaacademy.net/prweb/api/CodeIntelligence/v1/rules/RULE-HTML-HARNESS%20%40BASECLASS%20RULEFORM%20%2320210930T075303.582%20GMT => HTTP 200 (26515 bytes)
[PegaHttpClient] 📡 POST https://zdk8budo.pegaacademy.net/prweb/api/CodeIntelligence/v1/rules/query?pxObjClass=Rule-HTML-Section&appliesTo=%40baseclass&pyRuleName=RuleFormMain&RequestClass=Rule-HTML-Section&RequestAppliesTo=%40baseclass&RequestRuleName=RuleFormMain Payload: "{\"RequestClass\":\"Rule-HTML-Section\",\"RequestAppliesTo\":\"@baseclass\",\"RequestRuleName\":\"RuleFormMain\"}" => HTTP 500 (209 bytes)
[SchemaGen] No controls found for @baseclass, skipping.
[PegaHttpClient] 📡 GET https://zdk8budo.pegaacademy.net/prweb/api/CodeIntelligence/v1/rules/RULE-HTML-HARNESS%20DATA-RULECOVERAGE-RESULTS%20RULEFORM%20%2320201202T110025.086%20GMT => HTTP 200 (30379 bytes)
[PegaHttpClient] 📡 POST https://zdk8budo.pegaacademy.net/prweb/api/CodeIntelligence/v1/rules/query?pxObjClass=Rule-HTML-Section&appliesTo=Data-RuleCoverage-Results&pyRuleName=pzDisableDirtyCheck&RequestClass=Rule-HTML-Section&RequestAppliesTo=Data-RuleCoverage-Results&RequestRuleName=pzDisableDirtyCheck Payload: "{\"RequestClass\":\"Rule-HTML-Section\",\"RequestAppliesTo\":\"Data-RuleCoverage-Results\",\"RequestRuleName\":\"pzDisableDirtyCheck\"}" => HTTP 200 (37245 bytes)
[PegaHttpClient] 📡 POST https://zdk8budo.pegaacademy.net/prweb/api/CodeIntelligence/v1/rules/query?pxObjClass=Rule-HTML-Section&appliesTo=Data-RuleCoverage-Results&pyRuleName=RuleFormMain&RequestClass=Rule-HTML-Section&RequestAppliesTo=Data-RuleCoverage-Results&RequestRuleName=RuleFormMain Payload: "{\"RequestClass\":\"Rule-HTML-Section\",\"RequestAppliesTo\":\"Data-RuleCoverage-Results\",\"RequestRuleName\":\"RuleFormMain\"}" => HTTP 200 (156234 bytes)
[PegaHttpClient] 📡 POST https://zdk8budo.pegaacademy.net/prweb/api/CodeIntelligence/v1/rules/query?pxObjClass=Rule-HTML-Section&appliesTo=Data-RuleCoverage-Results&pyRuleName=pxAlternateRuleForm&RequestClass=Rule-HTML-Section&RequestAppliesTo=Data-RuleCoverage-Results&RequestRuleName=pxAlternateRuleForm Payload: "{\"RequestClass\":\"Rule-HTML-Section\",\"RequestAppliesTo\":\"Data-RuleCoverage-Results\",\"RequestRuleName\":\"pxAlternateRuleForm\"}" => HTTP 200 (66153 bytes)
[PegaHttpClient] 📡 POST https://zdk8budo.pegaacademy.net/prweb/api/CodeIntelligence/v1/rules/query?pxObjClass=Rule-HTML-Section&appliesTo=Data-RuleCoverage-Results&pyRuleName=pzRuleFormScripts&RequestClass=Rule-HTML-Section&RequestAppliesTo=Data-RuleCoverage-Results&RequestRuleName=pzRuleFormScripts Payload: "{\"RequestClass\":\"Rule-HTML-Section\",\"RequestAppliesTo\":\"Data-RuleCoverage-Results\",\"RequestRuleName\":\"pzRuleFormScripts\"}" => HTTP 200 (40822 bytes)
[PegaHttpClient] 📡 POST https://zdk8budo.pegaacademy.net/prweb/api/CodeIntelligence/v1/rules/query?pxObjClass=Rule-HTML-Section&appliesTo=Data-RuleCoverage-Results&pyRuleName=pzRuleFormLayoutDelegated&RequestClass=Rule-HTML-Section&RequestAppliesTo=Data-RuleCoverage-Results&RequestRuleName=pzRuleFormLayoutDelegated Payload: "{\"RequestClass\":\"Rule-HTML-Section\",\"RequestAppliesTo\":\"Data-RuleCoverage-Results\",\"RequestRuleName\":\"pzRuleFormLayoutDelegated\"}" => HTTP 200 (70998 bytes)
[PegaHttpClient] 📡 POST https://zdk8budo.pegaacademy.net/prweb/api/CodeIntelligence/v1/rules/query?pxObjClass=Rule-HTML-Section&appliesTo=Data-RuleCoverage-Results&pyRuleName=RuleFormLayout&RequestClass=Rule-HTML-Section&RequestAppliesTo=Data-RuleCoverage-Results&RequestRuleName=RuleFormLayout Payload: "{\"RequestClass\":\"Rule-HTML-Section\",\"RequestAppliesTo\":\"Data-RuleCoverage-Results\",\"RequestRuleName\":\"RuleFormLayout\"}" => HTTP 200 (168803 bytes)
[PegaHttpClient] 📡 POST https://zdk8budo.pegaacademy.net/prweb/api/CodeIntelligence/v1/rules/query?pxObjClass=Rule-HTML-Section&appliesTo=Data-RuleCoverage-Results&pyRuleName=RuleFormSettings&RequestClass=Rule-HTML-Section&RequestAppliesTo=Data-RuleCoverage-Results&RequestRuleName=RuleFormSettings Payload: "{\"RequestClass\":\"Rule-HTML-Section\",\"RequestAppliesTo\":\"Data-RuleCoverage-Results\",\"RequestRuleName\":\"RuleFormSettings\"}" => HTTP 200 (21582 bytes)
[PegaHttpClient] 📡 POST https://zdk8budo.pegaacademy.net/prweb/api/CodeIntelligence/v1/rules/query?pxObjClass=Rule-HTML-Section&appliesTo=Data-RuleCoverage-Results&pyRuleName=OpenAuthoring&RequestClass=Rule-HTML-Section&RequestAppliesTo=Data-RuleCoverage-Results&RequestRuleName=OpenAuthoring Payload: "{\"RequestClass\":\"Rule-HTML-Section\",\"RequestAppliesTo\":\"Data-RuleCoverage-Results\",\"RequestRuleName\":\"OpenAuthoring\"}" => HTTP 200 (20315 bytes)
[PegaHttpClient] 📡 POST https://zdk8budo.pegaacademy.net/prweb/api/CodeIntelligence/v1/rules/query?pxObjClass=Rule-HTML-Section&appliesTo=Data-RuleCoverage-Results&pyRuleName=pyCustomHelp&RequestClass=Rule-HTML-Section&RequestAppliesTo=Data-RuleCoverage-Results&RequestRuleName=pyCustomHelp Payload: "{\"RequestClass\":\"Rule-HTML-Section\",\"RequestAppliesTo\":\"Data-RuleCoverage-Results\",\"RequestRuleName\":\"pyCustomHelp\"}" => HTTP 200 (17256 bytes)
[PegaHttpClient] 📡 POST https://zdk8budo.pegaacademy.net/prweb/api/CodeIntelligence/v1/rules/query?pxObjClass=Rule-HTML-Section&appliesTo=Data-RuleCoverage-Results&pyRuleName=pzRuleformMainInclude&RequestClass=Rule-HTML-Section&RequestAppliesTo=Data-RuleCoverage-Results&RequestRuleName=pzRuleformMainInclude Payload: "{\"RequestClass\":\"Rule-HTML-Section\",\"RequestAppliesTo\":\"Data-RuleCoverage-Results\",\"RequestRuleName\":\"pzRuleformMainInclude\"}" => HTTP 200 (22375 bytes)
[PegaHttpClient] 📡 POST https://zdk8budo.pegaacademy.net/prweb/api/CodeIntelligence/v1/rules/query?pxObjClass=Rule-HTML-Section&appliesTo=Data-RuleCoverage-Results&pyRuleName=pyAlternativeRuleFormStrategicAppExtension&RequestClass=Rule-HTML-Section&RequestAppliesTo=Data-RuleCoverage-Results&RequestRuleName=pyAlternativeRuleFormStrategicAppExtension Payload: "{\"RequestClass\":\"Rule-HTML-Section\",\"RequestAppliesTo\":\"Data-RuleCoverage-Results\",\"RequestRuleName\":\"pyAlternativeRuleFormStrategicAppExtension\"}" => HTTP 200 (25042 bytes)
[PegaHttpClient] 📡 POST https://zdk8budo.pegaacademy.net/prweb/api/CodeIntelligence/v1/rules/query?pxObjClass=Rule-HTML-Section&appliesTo=Data-RuleCoverage-Results&pyRuleName=pyAlternativeRuleFormExtension&RequestClass=Rule-HTML-Section&RequestAppliesTo=Data-RuleCoverage-Results&RequestRuleName=pyAlternativeRuleFormExtension Payload: "{\"RequestClass\":\"Rule-HTML-Section\",\"RequestAppliesTo\":\"Data-RuleCoverage-Results\",\"RequestRuleName\":\"pyAlternativeRuleFormExtension\"}" => HTTP 200 (24863 bytes)
[PegaHttpClient] 📡 POST https://zdk8budo.pegaacademy.net/prweb/api/CodeIntelligence/v1/rules/query?pxObjClass=Rule-HTML-Section&appliesTo=Data-RuleCoverage-Results&pyRuleName=RuleFormHeader&RequestClass=Rule-HTML-Section&RequestAppliesTo=Data-RuleCoverage-Results&RequestRuleName=RuleFormHeader Payload: "{\"RequestClass\":\"Rule-HTML-Section\",\"RequestAppliesTo\":\"Data-RuleCoverage-Results\",\"RequestRuleName\":\"RuleFormHeader\"}" => HTTP 200 (183800 bytes)
[PegaHttpClient] 📡 POST https://zdk8budo.pegaacademy.net/prweb/api/CodeIntelligence/v1/rules/query?pxObjClass=Rule-HTML-Section&appliesTo=Data-RuleCoverage-Results&pyRuleName=pzDelegationExperience&RequestClass=Rule-HTML-Section&RequestAppliesTo=Data-RuleCoverage-Results&RequestRuleName=pzDelegationExperience Payload: "{\"RequestClass\":\"Rule-HTML-Section\",\"RequestAppliesTo\":\"Data-RuleCoverage-Results\",\"RequestRuleName\":\"pzDelegationExperience\"}" => HTTP 404 (125 bytes)
[PegaHttpClient] 📡 POST https://zdk8budo.pegaacademy.net/prweb/PRRestService/CodeIntelligence/v1/rules/query?pxObjClass=Rule-HTML-Section&appliesTo=Data-RuleCoverage-Results&pyRuleName=pzDelegationExperience&RequestClass=Rule-HTML-Section&RequestAppliesTo=Data-RuleCoverage-Results&RequestRuleName=pzDelegationExperience Payload: "{\"RequestClass\":\"Rule-HTML-Section\",\"RequestAppliesTo\":\"Data-RuleCoverage-Results\",\"RequestRuleName\":\"pzDelegationExperience\"}" => HTTP 404 (125 bytes)
[PegaHttpClient] 📡 POST https://zdk8budo.pegaacademy.net/prweb/api/HRAppsV2Service/V1/rules/query?pxObjClass=Rule-HTML-Section&appliesTo=Data-RuleCoverage-Results&pyRuleName=pzDelegationExperience&RequestClass=Rule-HTML-Section&RequestAppliesTo=Data-RuleCoverage-Results&RequestRuleName=pzDelegationExperience Payload: "{\"RequestClass\":\"Rule-HTML-Section\",\"RequestAppliesTo\":\"Data-RuleCoverage-Results\",\"RequestRuleName\":\"pzDelegationExperience\"}" => HTTP 404 (18 bytes)
[PegaHttpClient] 📡 POST https://zdk8budo.pegaacademy.net/prweb/PRRestService/HRAppsV2Service/V1/rules/query?pxObjClass=Rule-HTML-Section&appliesTo=Data-RuleCoverage-Results&pyRuleName=pzDelegationExperience&RequestClass=Rule-HTML-Section&RequestAppliesTo=Data-RuleCoverage-Results&RequestRuleName=pzDelegationExperience Payload: "{\"RequestClass\":\"Rule-HTML-Section\",\"RequestAppliesTo\":\"Data-RuleCoverage-Results\",\"RequestRuleName\":\"pzDelegationExperience\"}" => HTTP 404 (18 bytes)
[PegaHttpClient] 📡 POST https://zdk8budo.pegaacademy.net/prweb/api/HRAppsV2/V1/rules/query?pxObjClass=Rule-HTML-Section&appliesTo=Data-RuleCoverage-Results&pyRuleName=pzDelegationExperience&RequestClass=Rule-HTML-Section&RequestAppliesTo=Data-RuleCoverage-Results&RequestRuleName=pzDelegationExperience Payload: "{\"RequestClass\":\"Rule-HTML-Section\",\"RequestAppliesTo\":\"Data-RuleCoverage-Results\",\"RequestRuleName\":\"pzDelegationExperience\"}" => HTTP 404 (18 bytes)
[PegaHttpClient] 📡 POST https://zdk8budo.pegaacademy.net/prweb/PRRestService/HRAppsV2/V1/rules/query?pxObjClass=Rule-HTML-Section&appliesTo=Data-RuleCoverage-Results&pyRuleName=pzDelegationExperience&RequestClass=Rule-HTML-Section&RequestAppliesTo=Data-RuleCoverage-Results&RequestRuleName=pzDelegationExperience Payload: "{\"RequestClass\":\"Rule-HTML-Section\",\"RequestAppliesTo\":\"Data-RuleCoverage-Results\",\"RequestRuleName\":\"pzDelegationExperience\"}" => HTTP 404 (18 bytes)
[PegaHttpClient] 📡 POST https://zdk8budo.pegaacademy.net/prweb/api/v1/rules/query?pxObjClass=Rule-HTML-Section&appliesTo=Data-RuleCoverage-Results&pyRuleName=pzDelegationExperience&RequestClass=Rule-HTML-Section&RequestAppliesTo=Data-RuleCoverage-Results&RequestRuleName=pzDelegationExperience Payload: "{\"RequestClass\":\"Rule-HTML-Section\",\"RequestAppliesTo\":\"Data-RuleCoverage-Results\",\"RequestRuleName\":\"pzDelegationExperience\"}" => HTTP 404 (18 bytes)
[PegaHttpClient] 📡 POST https://zdk8budo.pegaacademy.net/prweb/PRRestService/v1/rules/query?pxObjClass=Rule-HTML-Section&appliesTo=Data-RuleCoverage-Results&pyRuleName=pzDelegationExperience&RequestClass=Rule-HTML-Section&RequestAppliesTo=Data-RuleCoverage-Results&RequestRuleName=pzDelegationExperience Payload: "{\"RequestClass\":\"Rule-HTML-Section\",\"RequestAppliesTo\":\"Data-RuleCoverage-Results\",\"RequestRuleName\":\"pzDelegationExperience\"}" => HTTP 404 (18 bytes)
[PegaHttpClient] 📡 POST https://zdk8budo.pegaacademy.net/prweb/api/CodeIntelligence/v1/rules/query?pxObjClass=Rule-HTML-Section&appliesTo=Data-RuleCoverage-Results&pyRuleName=pzRulesUpdatedAferDate&RequestClass=Rule-HTML-Section&RequestAppliesTo=Data-RuleCoverage-Results&RequestRuleName=pzRulesUpdatedAferDate Payload: "{\"RequestClass\":\"Rule-HTML-Section\",\"RequestAppliesTo\":\"Data-RuleCoverage-Results\",\"RequestRuleName\":\"pzRulesUpdatedAferDate\"}" => HTTP 200 (76490 bytes)
[PegaHttpClient] 📡 POST https://zdk8budo.pegaacademy.net/prweb/api/CodeIntelligence/v1/rules/query?pxObjClass=Rule-HTML-Section&appliesTo=Data-RuleCoverage-Results&pyRuleName=pzCoveredUncoveredRuleCounts&RequestClass=Rule-HTML-Section&RequestAppliesTo=Data-RuleCoverage-Results&RequestRuleName=pzCoveredUncoveredRuleCounts Payload: "{\"RequestClass\":\"Rule-HTML-Section\",\"RequestAppliesTo\":\"Data-RuleCoverage-Results\",\"RequestRuleName\":\"pzCoveredUncoveredRuleCounts\"}" => HTTP 200 (301912 bytes)
[PegaHttpClient] 📡 POST https://zdk8budo.pegaacademy.net/prweb/api/CodeIntelligence/v1/rules/query?pxObjClass=Rule-HTML-Section&appliesTo=Data-RuleCoverage-Results&pyRuleName=pzTestCoverageRulesReport&RequestClass=Rule-HTML-Section&RequestAppliesTo=Data-RuleCoverage-Results&RequestRuleName=pzTestCoverageRulesReport Payload: "{\"RequestClass\":\"Rule-HTML-Section\",\"RequestAppliesTo\":\"Data-RuleCoverage-Results\",\"RequestRuleName\":\"pzTestCoverageRulesReport\"}" => HTTP 200 (16521 bytes)
[PegaHttpClient] 📡 POST https://zdk8budo.pegaacademy.net/prweb/api/CodeIntelligence/v1/rules/query?pxObjClass=Rule-HTML-Section&appliesTo=Data-RuleCoverage-Results&pyRuleName=pzCustomHelp&RequestClass=Rule-HTML-Section&RequestAppliesTo=Data-RuleCoverage-Results&RequestRuleName=pzCustomHelp Payload: "{\"RequestClass\":\"Rule-HTML-Section\",\"RequestAppliesTo\":\"Data-RuleCoverage-Results\",\"RequestRuleName\":\"pzCustomHelp\"}" => HTTP 200 (31573 bytes)
[PegaHttpClient] 📡 POST https://zdk8budo.pegaacademy.net/prweb/api/CodeIntelligence/v1/rules/query?pxObjClass=Rule-HTML-Section&appliesTo=Data-RuleCoverage-Results&pyRuleName=pzRuleFormKeysAndDescription&RequestClass=Rule-HTML-Section&RequestAppliesTo=Data-RuleCoverage-Results&RequestRuleName=pzRuleFormKeysAndDescription Payload: "{\"RequestClass\":\"Rule-HTML-Section\",\"RequestAppliesTo\":\"Data-RuleCoverage-Results\",\"RequestRuleName\":\"pzRuleFormKeysAndDescription\"}" => HTTP 200 (218057 bytes)
[PegaHttpClient] 📡 POST https://zdk8budo.pegaacademy.net/prweb/api/CodeIntelligence/v1/rules/query?pxObjClass=Rule-HTML-Section&appliesTo=Data-RuleCoverage-Results&pyRuleName=pzRuleFormRuleset&RequestClass=Rule-HTML-Section&RequestAppliesTo=Data-RuleCoverage-Results&RequestRuleName=pzRuleFormRuleset Payload: "{\"RequestClass\":\"Rule-HTML-Section\",\"RequestAppliesTo\":\"Data-RuleCoverage-Results\",\"RequestRuleName\":\"pzRuleFormRuleset\"}" => HTTP 200 (29020 bytes)
[PegaHttpClient] 📡 POST https://zdk8budo.pegaacademy.net/prweb/api/CodeIntelligence/v1/rules/query?pxObjClass=Rule-HTML-Section&appliesTo=Data-RuleCoverage-Results&pyRuleName=undefined&RequestClass=Rule-HTML-Section&RequestAppliesTo=Data-RuleCoverage-Results&RequestRuleName=undefined Payload: "{\"RequestClass\":\"Rule-HTML-Section\",\"RequestAppliesTo\":\"Data-RuleCoverage-Results\",\"RequestRuleName\":\"undefined\"}" => HTTP 404 (112 bytes)
[PegaHttpClient] 📡 POST https://zdk8budo.pegaacademy.net/prweb/PRRestService/CodeIntelligence/v1/rules/query?pxObjClass=Rule-HTML-Section&appliesTo=Data-RuleCoverage-Results&pyRuleName=undefined&RequestClass=Rule-HTML-Section&RequestAppliesTo=Data-RuleCoverage-Results&RequestRuleName=undefined Payload: "{\"RequestClass\":\"Rule-HTML-Section\",\"RequestAppliesTo\":\"Data-RuleCoverage-Results\",\"RequestRuleName\":\"undefined\"}" => HTTP 404 (112 bytes)
[PegaHttpClient] 📡 POST https://zdk8budo.pegaacademy.net/prweb/api/HRAppsV2Service/V1/rules/query?pxObjClass=Rule-HTML-Section&appliesTo=Data-RuleCoverage-Results&pyRuleName=undefined&RequestClass=Rule-HTML-Section&RequestAppliesTo=Data-RuleCoverage-Results&RequestRuleName=undefined Payload: "{\"RequestClass\":\"Rule-HTML-Section\",\"RequestAppliesTo\":\"Data-RuleCoverage-Results\",\"RequestRuleName\":\"undefined\"}" => HTTP 404 (18 bytes)
[PegaHttpClient] 📡 POST https://zdk8budo.pegaacademy.net/prweb/PRRestService/HRAppsV2Service/V1/rules/query?pxObjClass=Rule-HTML-Section&appliesTo=Data-RuleCoverage-Results&pyRuleName=undefined&RequestClass=Rule-HTML-Section&RequestAppliesTo=Data-RuleCoverage-Results&RequestRuleName=undefined Payload: "{\"RequestClass\":\"Rule-HTML-Section\",\"RequestAppliesTo\":\"Data-RuleCoverage-Results\",\"RequestRuleName\":\"undefined\"}" => HTTP 404 (18 bytes)
[PegaHttpClient] 📡 POST https://zdk8budo.pegaacademy.net/prweb/api/HRAppsV2/V1/rules/query?pxObjClass=Rule-HTML-Section&appliesTo=Data-RuleCoverage-Results&pyRuleName=undefined&RequestClass=Rule-HTML-Section&RequestAppliesTo=Data-RuleCoverage-Results&RequestRuleName=undefined Payload: "{\"RequestClass\":\"Rule-HTML-Section\",\"RequestAppliesTo\":\"Data-RuleCoverage-Results\",\"RequestRuleName\":\"undefined\"}" => HTTP 404 (18 bytes)
[PegaHttpClient] 📡 POST https://zdk8budo.pegaacademy.net/prweb/PRRestService/HRAppsV2/V1/rules/query?pxObjClass=Rule-HTML-Section&appliesTo=Data-RuleCoverage-Results&pyRuleName=undefined&RequestClass=Rule-HTML-Section&RequestAppliesTo=Data-RuleCoverage-Results&RequestRuleName=undefined Payload: "{\"RequestClass\":\"Rule-HTML-Section\",\"RequestAppliesTo\":\"Data-RuleCoverage-Results\",\"RequestRuleName\":\"undefined\"}" => HTTP 404 (18 bytes)
[PegaHttpClient] 📡 POST https://zdk8budo.pegaacademy.net/prweb/api/v1/rules/query?pxObjClass=Rule-HTML-Section&appliesTo=Data-RuleCoverage-Results&pyRuleName=undefined&RequestClass=Rule-HTML-Section&RequestAppliesTo=Data-RuleCoverage-Results&RequestRuleName=undefined Payload: "{\"RequestClass\":\"Rule-HTML-Section\",\"RequestAppliesTo\":\"Data-RuleCoverage-Results\",\"RequestRuleName\":\"undefined\"}" => HTTP 404 (18 bytes)
[PegaHttpClient] 📡 POST https://zdk8budo.pegaacademy.net/prweb/PRRestService/v1/rules/query?pxObjClass=Rule-HTML-Section&appliesTo=Data-RuleCoverage-Results&pyRuleName=undefined&RequestClass=Rule-HTML-Section&RequestAppliesTo=Data-RuleCoverage-Results&RequestRuleName=undefined Payload: "{\"RequestClass\":\"Rule-HTML-Section\",\"RequestAppliesTo\":\"Data-RuleCoverage-Results\",\"RequestRuleName\":\"undefined\"}" => HTTP 404 (18 bytes)
[PegaHttpClient] 📡 POST https://zdk8budo.pegaacademy.net/prweb/api/CodeIntelligence/v1/rules/query?pxObjClass=Rule-HTML-Section&appliesTo=Data-RuleCoverage-Results&pyRuleName=pzRuleFormToolbar&RequestClass=Rule-HTML-Section&RequestAppliesTo=Data-RuleCoverage-Results&RequestRuleName=pzRuleFormToolbar Payload: "{\"RequestClass\":\"Rule-HTML-Section\",\"RequestAppliesTo\":\"Data-RuleCoverage-Results\",\"RequestRuleName\":\"pzRuleFormToolbar\"}" => HTTP 200 (242691 bytes)
[PegaHttpClient] 📡 POST https://zdk8budo.pegaacademy.net/prweb/api/CodeIntelligence/v1/rules/query?pxObjClass=Rule-HTML-Section&appliesTo=Data-RuleCoverage-Results&pyRuleName=pzRuleFormToolbarCompare&RequestClass=Rule-HTML-Section&RequestAppliesTo=Data-RuleCoverage-Results&RequestRuleName=pzRuleFormToolbarCompare Payload: "{\"RequestClass\":\"Rule-HTML-Section\",\"RequestAppliesTo\":\"Data-RuleCoverage-Results\",\"RequestRuleName\":\"pzRuleFormToolbarCompare\"}" => HTTP 200 (61925 bytes)
[PegaHttpClient] 📡 POST https://zdk8budo.pegaacademy.net/prweb/api/CodeIntelligence/v1/rules/query?pxObjClass=Rule-HTML-Section&appliesTo=Data-RuleCoverage-Results&pyRuleName=RuleFormHeaderMessages&RequestClass=Rule-HTML-Section&RequestAppliesTo=Data-RuleCoverage-Results&RequestRuleName=RuleFormHeaderMessages Payload: "{\"RequestClass\":\"Rule-HTML-Section\",\"RequestAppliesTo\":\"Data-RuleCoverage-Results\",\"RequestRuleName\":\"RuleFormHeaderMessages\"}" => HTTP 200 (26518 bytes)
[PegaHttpClient] 📡 POST https://zdk8budo.pegaacademy.net/prweb/api/CodeIntelligence/v1/rules/query?pxObjClass=Rule-HTML-Section&appliesTo=Data-RuleCoverage-Results&pyRuleName=pzCoveredUncoveredRules&RequestClass=Rule-HTML-Section&RequestAppliesTo=Data-RuleCoverage-Results&RequestRuleName=pzCoveredUncoveredRules Payload: "{\"RequestClass\":\"Rule-HTML-Section\",\"RequestAppliesTo\":\"Data-RuleCoverage-Results\",\"RequestRuleName\":\"pzCoveredUncoveredRules\"}" => HTTP 200 (451533 bytes)
[PegaHttpClient] 📡 POST https://zdk8budo.pegaacademy.net/prweb/api/CodeIntelligence/v1/rules/query?pxObjClass=Rule-HTML-Section&appliesTo=Data-RuleCoverage-Results&pyRuleName=pzUpdatedCoverageRules&RequestClass=Rule-HTML-Section&RequestAppliesTo=Data-RuleCoverage-Results&RequestRuleName=pzUpdatedCoverageRules Payload: "{\"RequestClass\":\"Rule-HTML-Section\",\"RequestAppliesTo\":\"Data-RuleCoverage-Results\",\"RequestRuleName\":\"pzUpdatedCoverageRules\"}" => HTTP 200 (202328 bytes)
[PegaHttpClient] 📡 POST https://zdk8budo.pegaacademy.net/prweb/api/CodeIntelligence/v1/rules/query?pxObjClass=Rule-HTML-Section&appliesTo=Data-RuleCoverage-Results&pyRuleName=pzRuleFormStatus&RequestClass=Rule-HTML-Section&RequestAppliesTo=Data-RuleCoverage-Results&RequestRuleName=pzRuleFormStatus Payload: "{\"RequestClass\":\"Rule-HTML-Section\",\"RequestAppliesTo\":\"Data-RuleCoverage-Results\",\"RequestRuleName\":\"pzRuleFormStatus\"}" => HTTP 200 (29579 bytes)
[PegaHttpClient] 📡 POST https://zdk8budo.pegaacademy.net/prweb/api/CodeIntelligence/v1/rules/query?pxObjClass=Rule-HTML-Section&appliesTo=Data-RuleCoverage-Results&pyRuleName=pzRuleFormHeaderCompareWithDropDown&RequestClass=Rule-HTML-Section&RequestAppliesTo=Data-RuleCoverage-Results&RequestRuleName=pzRuleFormHeaderCompareWithDropDown Payload: "{\"RequestClass\":\"Rule-HTML-Section\",\"RequestAppliesTo\":\"Data-RuleCoverage-Results\",\"RequestRuleName\":\"pzRuleFormHeaderCompareWithDropDown\"}" => HTTP 200 (25396 bytes)
[PegaHttpClient] 📡 POST https://zdk8budo.pegaacademy.net/prweb/api/CodeIntelligence/v1/rules/query?pxObjClass=Rule-HTML-Section&appliesTo=Data-RuleCoverage-Results&pyRuleName=undefined&RequestClass=Rule-HTML-Section&RequestAppliesTo=Data-RuleCoverage-Results&RequestRuleName=undefined Payload: "{\"RequestClass\":\"Rule-HTML-Section\",\"RequestAppliesTo\":\"Data-RuleCoverage-Results\",\"RequestRuleName\":\"undefined\"}" => HTTP 404 (112 bytes)
[PegaHttpClient] 📡 POST https://zdk8budo.pegaacademy.net/prweb/PRRestService/CodeIntelligence/v1/rules/query?pxObjClass=Rule-HTML-Section&appliesTo=Data-RuleCoverage-Results&pyRuleName=undefined&RequestClass=Rule-HTML-Section&RequestAppliesTo=Data-RuleCoverage-Results&RequestRuleName=undefined Payload: "{\"RequestClass\":\"Rule-HTML-Section\",\"RequestAppliesTo\":\"Data-RuleCoverage-Results\",\"RequestRuleName\":\"undefined\"}" => HTTP 404 (112 bytes)
[PegaHttpClient] 📡 POST https://zdk8budo.pegaacademy.net/prweb/api/HRAppsV2Service/V1/rules/query?pxObjClass=Rule-HTML-Section&appliesTo=Data-RuleCoverage-Results&pyRuleName=undefined&RequestClass=Rule-HTML-Section&RequestAppliesTo=Data-RuleCoverage-Results&RequestRuleName=undefined Payload: "{\"RequestClass\":\"Rule-HTML-Section\",\"RequestAppliesTo\":\"Data-RuleCoverage-Results\",\"RequestRuleName\":\"undefined\"}" => HTTP 404 (18 bytes)
[PegaHttpClient] 📡 POST https://zdk8budo.pegaacademy.net/prweb/PRRestService/HRAppsV2Service/V1/rules/query?pxObjClass=Rule-HTML-Section&appliesTo=Data-RuleCoverage-Results&pyRuleName=undefined&RequestClass=Rule-HTML-Section&RequestAppliesTo=Data-RuleCoverage-Results&RequestRuleName=undefined Payload: "{\"RequestClass\":\"Rule-HTML-Section\",\"RequestAppliesTo\":\"Data-RuleCoverage-Results\",\"RequestRuleName\":\"undefined\"}" => HTTP 404 (18 bytes)
[PegaHttpClient] 📡 POST https://zdk8budo.pegaacademy.net/prweb/api/HRAppsV2/V1/rules/query?pxObjClass=Rule-HTML-Section&appliesTo=Data-RuleCoverage-Results&pyRuleName=undefined&RequestClass=Rule-HTML-Section&RequestAppliesTo=Data-RuleCoverage-Results&RequestRuleName=undefined Payload: "{\"RequestClass\":\"Rule-HTML-Section\",\"RequestAppliesTo\":\"Data-RuleCoverage-Results\",\"RequestRuleName\":\"undefined\"}" => HTTP 404 (18 bytes)
[PegaHttpClient] 📡 POST https://zdk8budo.pegaacademy.net/prweb/PRRestService/HRAppsV2/V1/rules/query?pxObjClass=Rule-HTML-Section&appliesTo=Data-RuleCoverage-Results&pyRuleName=undefined&RequestClass=Rule-HTML-Section&RequestAppliesTo=Data-RuleCoverage-Results&RequestRuleName=undefined Payload: "{\"RequestClass\":\"Rule-HTML-Section\",\"RequestAppliesTo\":\"Data-RuleCoverage-Results\",\"RequestRuleName\":\"undefined\"}" => HTTP 404 (18 bytes)
[PegaHttpClient] 📡 POST https://zdk8budo.pegaacademy.net/prweb/api/v1/rules/query?pxObjClass=Rule-HTML-Section&appliesTo=Data-RuleCoverage-Results&pyRuleName=undefined&RequestClass=Rule-HTML-Section&RequestAppliesTo=Data-RuleCoverage-Results&RequestRuleName=undefined Payload: "{\"RequestClass\":\"Rule-HTML-Section\",\"RequestAppliesTo\":\"Data-RuleCoverage-Results\",\"RequestRuleName\":\"undefined\"}" => HTTP 404 (18 bytes)
[PegaHttpClient] 📡 POST https://zdk8budo.pegaacademy.net/prweb/PRRestService/v1/rules/query?pxObjClass=Rule-HTML-Section&appliesTo=Data-RuleCoverage-Results&pyRuleName=undefined&RequestClass=Rule-HTML-Section&RequestAppliesTo=Data-RuleCoverage-Results&RequestRuleName=undefined Payload: "{\"RequestClass\":\"Rule-HTML-Section\",\"RequestAppliesTo\":\"Data-RuleCoverage-Results\",\"RequestRuleName\":\"undefined\"}" => HTTP 404 (18 bytes)
[PegaHttpClient] 📡 POST https://zdk8budo.pegaacademy.net/prweb/api/CodeIntelligence/v1/rules/query?pxObjClass=Rule-HTML-Section&appliesTo=Data-RuleCoverage-Results&pyRuleName=pzRuleFormToolbarHotKeys&RequestClass=Rule-HTML-Section&RequestAppliesTo=Data-RuleCoverage-Results&RequestRuleName=pzRuleFormToolbarHotKeys Payload: "{\"RequestClass\":\"Rule-HTML-Section\",\"RequestAppliesTo\":\"Data-RuleCoverage-Results\",\"RequestRuleName\":\"pzRuleFormToolbarHotKeys\"}" => HTTP 200 (85058 bytes)
[PegaHttpClient] 📡 POST https://zdk8budo.pegaacademy.net/prweb/api/CodeIntelligence/v1/rules/query?pxObjClass=Rule-HTML-Section&appliesTo=Data-RuleCoverage-Results&pyRuleName=pzRuleFormToolbarLockedIcon&RequestClass=Rule-HTML-Section&RequestAppliesTo=Data-RuleCoverage-Results&RequestRuleName=pzRuleFormToolbarLockedIcon Payload: "{\"RequestClass\":\"Rule-HTML-Section\",\"RequestAppliesTo\":\"Data-RuleCoverage-Results\",\"RequestRuleName\":\"pzRuleFormToolbarLockedIcon\"}" => HTTP 200 (19111 bytes)
[PegaHttpClient] 📡 POST https://zdk8budo.pegaacademy.net/prweb/api/CodeIntelligence/v1/rules/query?pxObjClass=Rule-HTML-Section&appliesTo=Data-RuleCoverage-Results&pyRuleName=pzRuleFormToolbarCollaborators&RequestClass=Rule-HTML-Section&RequestAppliesTo=Data-RuleCoverage-Results&RequestRuleName=pzRuleFormToolbarCollaborators Payload: "{\"RequestClass\":\"Rule-HTML-Section\",\"RequestAppliesTo\":\"Data-RuleCoverage-Results\",\"RequestRuleName\":\"pzRuleFormToolbarCollaborators\"}" => HTTP 200 (15254 bytes)
[PegaHttpClient] 📡 POST https://zdk8budo.pegaacademy.net/prweb/api/CodeIntelligence/v1/rules/query?pxObjClass=Rule-HTML-Section&appliesTo=Data-RuleCoverage-Results&pyRuleName=pzRuleFormToolbarSaveAs&RequestClass=Rule-HTML-Section&RequestAppliesTo=Data-RuleCoverage-Results&RequestRuleName=pzRuleFormToolbarSaveAs Payload: "{\"RequestClass\":\"Rule-HTML-Section\",\"RequestAppliesTo\":\"Data-RuleCoverage-Results\",\"RequestRuleName\":\"pzRuleFormToolbarSaveAs\"}" => HTTP 200 (64084 bytes)
[PegaHttpClient] 📡 POST https://zdk8budo.pegaacademy.net/prweb/api/CodeIntelligence/v1/rules/query?pxObjClass=Rule-HTML-Section&appliesTo=Data-RuleCoverage-Results&pyRuleName=pzRuleFormToolbarCheckin&RequestClass=Rule-HTML-Section&RequestAppliesTo=Data-RuleCoverage-Results&RequestRuleName=pzRuleFormToolbarCheckin Payload: "{\"RequestClass\":\"Rule-HTML-Section\",\"RequestAppliesTo\":\"Data-RuleCoverage-Results\",\"RequestRuleName\":\"pzRuleFormToolbarCheckin\"}" => HTTP 200 (15601 bytes)
[PegaHttpClient] 📡 POST https://zdk8budo.pegaacademy.net/prweb/api/CodeIntelligence/v1/rules/query?pxObjClass=Rule-HTML-Section&appliesTo=Data-RuleCoverage-Results&pyRuleName=pzRuleFormToolbarDelete&RequestClass=Rule-HTML-Section&RequestAppliesTo=Data-RuleCoverage-Results&RequestRuleName=pzRuleFormToolbarDelete Payload: "{\"RequestClass\":\"Rule-HTML-Section\",\"RequestAppliesTo\":\"Data-RuleCoverage-Results\",\"RequestRuleName\":\"pzRuleFormToolbarDelete\"}" => HTTP 200 (30249 bytes)
[PegaHttpClient] 📡 POST https://zdk8budo.pegaacademy.net/prweb/api/CodeIntelligence/v1/rules/query?pxObjClass=Rule-HTML-Section&appliesTo=Data-RuleCoverage-Results&pyRuleName=pzRuleFormToolbarSave&RequestClass=Rule-HTML-Section&RequestAppliesTo=Data-RuleCoverage-Results&RequestRuleName=pzRuleFormToolbarSave Payload: "{\"RequestClass\":\"Rule-HTML-Section\",\"RequestAppliesTo\":\"Data-RuleCoverage-Results\",\"RequestRuleName\":\"pzRuleFormToolbarSave\"}" => HTTP 200 (293885 bytes)
[PegaHttpClient] 📡 POST https://zdk8budo.pegaacademy.net/prweb/api/CodeIntelligence/v1/rules/query?pxObjClass=Rule-HTML-Section&appliesTo=Data-RuleCoverage-Results&pyRuleName=pzRuleFormToolbarCheckout&RequestClass=Rule-HTML-Section&RequestAppliesTo=Data-RuleCoverage-Results&RequestRuleName=pzRuleFormToolbarCheckout Payload: "{\"RequestClass\":\"Rule-HTML-Section\",\"RequestAppliesTo\":\"Data-RuleCoverage-Results\",\"RequestRuleName\":\"pzRuleFormToolbarCheckout\"}" => HTTP 200 (14854 bytes)
[PegaHttpClient] 📡 POST https://zdk8budo.pegaacademy.net/prweb/api/CodeIntelligence/v1/rules/query?pxObjClass=Rule-HTML-Section&appliesTo=Data-RuleCoverage-Results&pyRuleName=pzRemoveErrorsDataPage&RequestClass=Rule-HTML-Section&RequestAppliesTo=Data-RuleCoverage-Results&RequestRuleName=pzRemoveErrorsDataPage Payload: "{\"RequestClass\":\"Rule-HTML-Section\",\"RequestAppliesTo\":\"Data-RuleCoverage-Results\",\"RequestRuleName\":\"pzRemoveErrorsDataPage\"}" => HTTP 200 (16733 bytes)
[PegaHttpClient] 📡 POST https://zdk8budo.pegaacademy.net/prweb/api/CodeIntelligence/v1/rules/query?pxObjClass=Rule-HTML-Section&appliesTo=Data-RuleCoverage-Results&pyRuleName=pzRuleFormHeaderMessagesWrapper&RequestClass=Rule-HTML-Section&RequestAppliesTo=Data-RuleCoverage-Results&RequestRuleName=pzRuleFormHeaderMessagesWrapper Payload: "{\"RequestClass\":\"Rule-HTML-Section\",\"RequestAppliesTo\":\"Data-RuleCoverage-Results\",\"RequestRuleName\":\"pzRuleFormHeaderMessagesWrapper\"}" => HTTP 200 (16981 bytes)
[PegaHttpClient] 📡 POST https://zdk8budo.pegaacademy.net/prweb/api/CodeIntelligence/v1/rules/query?pxObjClass=Rule-HTML-Section&appliesTo=Data-RuleCoverage-Results&pyRuleName=pzMeredReportRecords&RequestClass=Rule-HTML-Section&RequestAppliesTo=Data-RuleCoverage-Results&RequestRuleName=pzMeredReportRecords Payload: "{\"RequestClass\":\"Rule-HTML-Section\",\"RequestAppliesTo\":\"Data-RuleCoverage-Results\",\"RequestRuleName\":\"pzMeredReportRecords\"}" => HTTP 200 (39605 bytes)
[PegaHttpClient] 📡 POST https://zdk8budo.pegaacademy.net/prweb/api/CodeIntelligence/v1/rules/query?pxObjClass=Rule-HTML-Section&appliesTo=Data-RuleCoverage-Results&pyRuleName=pzSlaveCoverageRecords&RequestClass=Rule-HTML-Section&RequestAppliesTo=Data-RuleCoverage-Results&RequestRuleName=pzSlaveCoverageRecords Payload: "{\"RequestClass\":\"Rule-HTML-Section\",\"RequestAppliesTo\":\"Data-RuleCoverage-Results\",\"RequestRuleName\":\"pzSlaveCoverageRecords\"}" => HTTP 200 (39765 bytes)
[PegaHttpClient] 📡 POST https://zdk8budo.pegaacademy.net/prweb/api/CodeIntelligence/v1/rules/query?pxObjClass=Rule-HTML-Section&appliesTo=Data-RuleCoverage-Results&pyRuleName=pxDisplayCollaborators&RequestClass=Rule-HTML-Section&RequestAppliesTo=Data-RuleCoverage-Results&RequestRuleName=pxDisplayCollaborators Payload: "{\"RequestClass\":\"Rule-HTML-Section\",\"RequestAppliesTo\":\"Data-RuleCoverage-Results\",\"RequestRuleName\":\"pxDisplayCollaborators\"}" => HTTP 200 (94171 bytes)
[PegaHttpClient] 📡 POST https://zdk8budo.pegaacademy.net/prweb/api/CodeIntelligence/v1/rules/query?pxObjClass=Rule-HTML-Section&appliesTo=Data-RuleCoverage-Results&pyRuleName=pzRuleFormToolbarDeleteCheckOut&RequestClass=Rule-HTML-Section&RequestAppliesTo=Data-RuleCoverage-Results&RequestRuleName=pzRuleFormToolbarDeleteCheckOut Payload: "{\"RequestClass\":\"Rule-HTML-Section\",\"RequestAppliesTo\":\"Data-RuleCoverage-Results\",\"RequestRuleName\":\"pzRuleFormToolbarDeleteCheckOut\"}" => HTTP 404 (134 bytes)
[PegaHttpClient] 📡 POST https://zdk8budo.pegaacademy.net/prweb/PRRestService/CodeIntelligence/v1/rules/query?pxObjClass=Rule-HTML-Section&appliesTo=Data-RuleCoverage-Results&pyRuleName=pzRuleFormToolbarDeleteCheckOut&RequestClass=Rule-HTML-Section&RequestAppliesTo=Data-RuleCoverage-Results&RequestRuleName=pzRuleFormToolbarDeleteCheckOut Payload: "{\"RequestClass\":\"Rule-HTML-Section\",\"RequestAppliesTo\":\"Data-RuleCoverage-Results\",\"RequestRuleName\":\"pzRuleFormToolbarDeleteCheckOut\"}" => HTTP 404 (134 bytes)
[PegaHttpClient] 📡 POST https://zdk8budo.pegaacademy.net/prweb/api/HRAppsV2Service/V1/rules/query?pxObjClass=Rule-HTML-Section&appliesTo=Data-RuleCoverage-Results&pyRuleName=pzRuleFormToolbarDeleteCheckOut&RequestClass=Rule-HTML-Section&RequestAppliesTo=Data-RuleCoverage-Results&RequestRuleName=pzRuleFormToolbarDeleteCheckOut Payload: "{\"RequestClass\":\"Rule-HTML-Section\",\"RequestAppliesTo\":\"Data-RuleCoverage-Results\",\"RequestRuleName\":\"pzRuleFormToolbarDeleteCheckOut\"}" => HTTP 404 (18 bytes)
[PegaHttpClient] 📡 POST https://zdk8budo.pegaacademy.net/prweb/PRRestService/HRAppsV2Service/V1/rules/query?pxObjClass=Rule-HTML-Section&appliesTo=Data-RuleCoverage-Results&pyRuleName=pzRuleFormToolbarDeleteCheckOut&RequestClass=Rule-HTML-Section&RequestAppliesTo=Data-RuleCoverage-Results&RequestRuleName=pzRuleFormToolbarDeleteCheckOut Payload: "{\"RequestClass\":\"Rule-HTML-Section\",\"RequestAppliesTo\":\"Data-RuleCoverage-Results\",\"RequestRuleName\":\"pzRuleFormToolbarDeleteCheckOut\"}" => HTTP 404 (18 bytes)
[PegaHttpClient] 📡 POST https://zdk8budo.pegaacademy.net/prweb/api/HRAppsV2/V1/rules/query?pxObjClass=Rule-HTML-Section&appliesTo=Data-RuleCoverage-Results&pyRuleName=pzRuleFormToolbarDeleteCheckOut&RequestClass=Rule-HTML-Section&RequestAppliesTo=Data-RuleCoverage-Results&RequestRuleName=pzRuleFormToolbarDeleteCheckOut Payload: "{\"RequestClass\":\"Rule-HTML-Section\",\"RequestAppliesTo\":\"Data-RuleCoverage-Results\",\"RequestRuleName\":\"pzRuleFormToolbarDeleteCheckOut\"}" => HTTP 404 (18 bytes)
[PegaHttpClient] 📡 POST https://zdk8budo.pegaacademy.net/prweb/PRRestService/HRAppsV2/V1/rules/query?pxObjClass=Rule-HTML-Section&appliesTo=Data-RuleCoverage-Results&pyRuleName=pzRuleFormToolbarDeleteCheckOut&RequestClass=Rule-HTML-Section&RequestAppliesTo=Data-RuleCoverage-Results&RequestRuleName=pzRuleFormToolbarDeleteCheckOut Payload: "{\"RequestClass\":\"Rule-HTML-Section\",\"RequestAppliesTo\":\"Data-RuleCoverage-Results\",\"RequestRuleName\":\"pzRuleFormToolbarDeleteCheckOut\"}" => HTTP 404 (18 bytes)
[PegaHttpClient] 📡 POST https://zdk8budo.pegaacademy.net/prweb/api/v1/rules/query?pxObjClass=Rule-HTML-Section&appliesTo=Data-RuleCoverage-Results&pyRuleName=pzRuleFormToolbarDeleteCheckOut&RequestClass=Rule-HTML-Section&RequestAppliesTo=Data-RuleCoverage-Results&RequestRuleName=pzRuleFormToolbarDeleteCheckOut Payload: "{\"RequestClass\":\"Rule-HTML-Section\",\"RequestAppliesTo\":\"Data-RuleCoverage-Results\",\"RequestRuleName\":\"pzRuleFormToolbarDeleteCheckOut\"}" => HTTP 404 (18 bytes)
[PegaHttpClient] 📡 POST https://zdk8budo.pegaacademy.net/prweb/PRRestService/v1/rules/query?pxObjClass=Rule-HTML-Section&appliesTo=Data-RuleCoverage-Results&pyRuleName=pzRuleFormToolbarDeleteCheckOut&RequestClass=Rule-HTML-Section&RequestAppliesTo=Data-RuleCoverage-Results&RequestRuleName=pzRuleFormToolbarDeleteCheckOut Payload: "{\"RequestClass\":\"Rule-HTML-Section\",\"RequestAppliesTo\":\"Data-RuleCoverage-Results\",\"RequestRuleName\":\"pzRuleFormToolbarDeleteCheckOut\"}" => HTTP 404 (18 bytes)
[PegaHttpClient] 📡 POST https://zdk8budo.pegaacademy.net/prweb/api/CodeIntelligence/v1/rules/query?pxObjClass=Rule-HTML-Section&appliesTo=Data-RuleCoverage-Results&pyRuleName=pzRuleFormToolbarDeleteRule&RequestClass=Rule-HTML-Section&RequestAppliesTo=Data-RuleCoverage-Results&RequestRuleName=pzRuleFormToolbarDeleteRule Payload: "{\"RequestClass\":\"Rule-HTML-Section\",\"RequestAppliesTo\":\"Data-RuleCoverage-Results\",\"RequestRuleName\":\"pzRuleFormToolbarDeleteRule\"}" => HTTP 200 (32314 bytes)
[PegaHttpClient] 📡 POST https://zdk8budo.pegaacademy.net/prweb/api/CodeIntelligence/v1/rules/query?pxObjClass=Rule-HTML-Section&appliesTo=Data-RuleCoverage-Results&pyRuleName=pzMergedReportsDetails&RequestClass=Rule-HTML-Section&RequestAppliesTo=Data-RuleCoverage-Results&RequestRuleName=pzMergedReportsDetails Payload: "{\"RequestClass\":\"Rule-HTML-Section\",\"RequestAppliesTo\":\"Data-RuleCoverage-Results\",\"RequestRuleName\":\"pzMergedReportsDetails\"}" => HTTP 200 (53503 bytes)
[PegaHttpClient] 📡 POST https://zdk8budo.pegaacademy.net/prweb/api/CodeIntelligence/v1/rules/query?pxObjClass=Rule-HTML-Section&appliesTo=Data-RuleCoverage-Results&pyRuleName=pzSlaveCoverageRecordInner&RequestClass=Rule-HTML-Section&RequestAppliesTo=Data-RuleCoverage-Results&RequestRuleName=pzSlaveCoverageRecordInner Payload: "{\"RequestClass\":\"Rule-HTML-Section\",\"RequestAppliesTo\":\"Data-RuleCoverage-Results\",\"RequestRuleName\":\"pzSlaveCoverageRecordInner\"}" => HTTP 200 (76195 bytes)
[PegaHttpClient] 📡 POST https://zdk8budo.pegaacademy.net/prweb/api/CodeIntelligence/v1/rules/query?pxObjClass=Rule-HTML-Section&appliesTo=Data-RuleCoverage-Results&pyRuleName=pzLoadCollaborationScripts&RequestClass=Rule-HTML-Section&RequestAppliesTo=Data-RuleCoverage-Results&RequestRuleName=pzLoadCollaborationScripts Payload: "{\"RequestClass\":\"Rule-HTML-Section\",\"RequestAppliesTo\":\"Data-RuleCoverage-Results\",\"RequestRuleName\":\"pzLoadCollaborationScripts\"}" => HTTP 200 (23453 bytes)
[PegaHttpClient] 📡 POST https://zdk8budo.pegaacademy.net/prweb/api/CodeIntelligence/v1/rules/query?pxObjClass=Rule-HTML-Section&appliesTo=Data-RuleCoverage-Results&pyRuleName=pzDisplayCollaboratorsList&RequestClass=Rule-HTML-Section&RequestAppliesTo=Data-RuleCoverage-Results&RequestRuleName=pzDisplayCollaboratorsList Payload: "{\"RequestClass\":\"Rule-HTML-Section\",\"RequestAppliesTo\":\"Data-RuleCoverage-Results\",\"RequestRuleName\":\"pzDisplayCollaboratorsList\"}" => HTTP 200 (105418 bytes)
[PegaHttpClient] 📡 POST https://zdk8budo.pegaacademy.net/prweb/api/CodeIntelligence/v1/rules/query?pxObjClass=Rule-HTML-Section&appliesTo=Data-RuleCoverage-Results&pyRuleName=pyCollaborator&RequestClass=Rule-HTML-Section&RequestAppliesTo=Data-RuleCoverage-Results&RequestRuleName=pyCollaborator Payload: "{\"RequestClass\":\"Rule-HTML-Section\",\"RequestAppliesTo\":\"Data-RuleCoverage-Results\",\"RequestRuleName\":\"pyCollaborator\"}" => HTTP 404 (117 bytes)
[PegaHttpClient] 📡 POST https://zdk8budo.pegaacademy.net/prweb/PRRestService/CodeIntelligence/v1/rules/query?pxObjClass=Rule-HTML-Section&appliesTo=Data-RuleCoverage-Results&pyRuleName=pyCollaborator&RequestClass=Rule-HTML-Section&RequestAppliesTo=Data-RuleCoverage-Results&RequestRuleName=pyCollaborator Payload: "{\"RequestClass\":\"Rule-HTML-Section\",\"RequestAppliesTo\":\"Data-RuleCoverage-Results\",\"RequestRuleName\":\"pyCollaborator\"}" => HTTP 404 (117 bytes)
[PegaHttpClient] 📡 POST https://zdk8budo.pegaacademy.net/prweb/api/HRAppsV2Service/V1/rules/query?pxObjClass=Rule-HTML-Section&appliesTo=Data-RuleCoverage-Results&pyRuleName=pyCollaborator&RequestClass=Rule-HTML-Section&RequestAppliesTo=Data-RuleCoverage-Results&RequestRuleName=pyCollaborator Payload: "{\"RequestClass\":\"Rule-HTML-Section\",\"RequestAppliesTo\":\"Data-RuleCoverage-Results\",\"RequestRuleName\":\"pyCollaborator\"}" => HTTP 404 (18 bytes)
[PegaHttpClient] 📡 POST https://zdk8budo.pegaacademy.net/prweb/PRRestService/HRAppsV2Service/V1/rules/query?pxObjClass=Rule-HTML-Section&appliesTo=Data-RuleCoverage-Results&pyRuleName=pyCollaborator&RequestClass=Rule-HTML-Section&RequestAppliesTo=Data-RuleCoverage-Results&RequestRuleName=pyCollaborator Payload: "{\"RequestClass\":\"Rule-HTML-Section\",\"RequestAppliesTo\":\"Data-RuleCoverage-Results\",\"RequestRuleName\":\"pyCollaborator\"}" => HTTP 404 (18 bytes)
[PegaHttpClient] 📡 POST https://zdk8budo.pegaacademy.net/prweb/api/HRAppsV2/V1/rules/query?pxObjClass=Rule-HTML-Section&appliesTo=Data-RuleCoverage-Results&pyRuleName=pyCollaborator&RequestClass=Rule-HTML-Section&RequestAppliesTo=Data-RuleCoverage-Results&RequestRuleName=pyCollaborator Payload: "{\"RequestClass\":\"Rule-HTML-Section\",\"RequestAppliesTo\":\"Data-RuleCoverage-Results\",\"RequestRuleName\":\"pyCollaborator\"}" => HTTP 404 (18 bytes)
[PegaHttpClient] 📡 POST https://zdk8budo.pegaacademy.net/prweb/PRRestService/HRAppsV2/V1/rules/query?pxObjClass=Rule-HTML-Section&appliesTo=Data-RuleCoverage-Results&pyRuleName=pyCollaborator&RequestClass=Rule-HTML-Section&RequestAppliesTo=Data-RuleCoverage-Results&RequestRuleName=pyCollaborator Payload: "{\"RequestClass\":\"Rule-HTML-Section\",\"RequestAppliesTo\":\"Data-RuleCoverage-Results\",\"RequestRuleName\":\"pyCollaborator\"}" => HTTP 404 (18 bytes)
[PegaHttpClient] 📡 POST https://zdk8budo.pegaacademy.net/prweb/api/v1/rules/query?pxObjClass=Rule-HTML-Section&appliesTo=Data-RuleCoverage-Results&pyRuleName=pyCollaborator&RequestClass=Rule-HTML-Section&RequestAppliesTo=Data-RuleCoverage-Results&RequestRuleName=pyCollaborator Payload: "{\"RequestClass\":\"Rule-HTML-Section\",\"RequestAppliesTo\":\"Data-RuleCoverage-Results\",\"RequestRuleName\":\"pyCollaborator\"}" => HTTP 404 (18 bytes)
[PegaHttpClient] 📡 POST https://zdk8budo.pegaacademy.net/prweb/PRRestService/v1/rules/query?pxObjClass=Rule-HTML-Section&appliesTo=Data-RuleCoverage-Results&pyRuleName=pyCollaborator&RequestClass=Rule-HTML-Section&RequestAppliesTo=Data-RuleCoverage-Results&RequestRuleName=pyCollaborator Payload: "{\"RequestClass\":\"Rule-HTML-Section\",\"RequestAppliesTo\":\"Data-RuleCoverage-Results\",\"RequestRuleName\":\"pyCollaborator\"}" => HTTP 404 (18 bytes)
[PegaHttpClient] 📡 POST https://zdk8budo.pegaacademy.net/prweb/api/CodeIntelligence/v1/rules/query?pxObjClass=Rule-HTML-Section&appliesTo=Data-RuleCoverage-Results&pyRuleName=pzDisplayPartialCount&RequestClass=Rule-HTML-Section&RequestAppliesTo=Data-RuleCoverage-Results&RequestRuleName=pzDisplayPartialCount Payload: "{\"RequestClass\":\"Rule-HTML-Section\",\"RequestAppliesTo\":\"Data-RuleCoverage-Results\",\"RequestRuleName\":\"pzDisplayPartialCount\"}" => HTTP 404 (124 bytes)
[PegaHttpClient] 📡 POST https://zdk8budo.pegaacademy.net/prweb/PRRestService/CodeIntelligence/v1/rules/query?pxObjClass=Rule-HTML-Section&appliesTo=Data-RuleCoverage-Results&pyRuleName=pzDisplayPartialCount&RequestClass=Rule-HTML-Section&RequestAppliesTo=Data-RuleCoverage-Results&RequestRuleName=pzDisplayPartialCount Payload: "{\"RequestClass\":\"Rule-HTML-Section\",\"RequestAppliesTo\":\"Data-RuleCoverage-Results\",\"RequestRuleName\":\"pzDisplayPartialCount\"}" => HTTP 404 (124 bytes)
[PegaHttpClient] 📡 POST https://zdk8budo.pegaacademy.net/prweb/api/HRAppsV2Service/V1/rules/query?pxObjClass=Rule-HTML-Section&appliesTo=Data-RuleCoverage-Results&pyRuleName=pzDisplayPartialCount&RequestClass=Rule-HTML-Section&RequestAppliesTo=Data-RuleCoverage-Results&RequestRuleName=pzDisplayPartialCount Payload: "{\"RequestClass\":\"Rule-HTML-Section\",\"RequestAppliesTo\":\"Data-RuleCoverage-Results\",\"RequestRuleName\":\"pzDisplayPartialCount\"}" => HTTP 404 (18 bytes)
[PegaHttpClient] 📡 POST https://zdk8budo.pegaacademy.net/prweb/PRRestService/HRAppsV2Service/V1/rules/query?pxObjClass=Rule-HTML-Section&appliesTo=Data-RuleCoverage-Results&pyRuleName=pzDisplayPartialCount&RequestClass=Rule-HTML-Section&RequestAppliesTo=Data-RuleCoverage-Results&RequestRuleName=pzDisplayPartialCount Payload: "{\"RequestClass\":\"Rule-HTML-Section\",\"RequestAppliesTo\":\"Data-RuleCoverage-Results\",\"RequestRuleName\":\"pzDisplayPartialCount\"}" => HTTP 404 (18 bytes)
[PegaHttpClient] 📡 POST https://zdk8budo.pegaacademy.net/prweb/api/HRAppsV2/V1/rules/query?pxObjClass=Rule-HTML-Section&appliesTo=Data-RuleCoverage-Results&pyRuleName=pzDisplayPartialCount&RequestClass=Rule-HTML-Section&RequestAppliesTo=Data-RuleCoverage-Results&RequestRuleName=pzDisplayPartialCount Payload: "{\"RequestClass\":\"Rule-HTML-Section\",\"RequestAppliesTo\":\"Data-RuleCoverage-Results\",\"RequestRuleName\":\"pzDisplayPartialCount\"}" => HTTP 404 (18 bytes)
[PegaHttpClient] 📡 POST https://zdk8budo.pegaacademy.net/prweb/PRRestService/HRAppsV2/V1/rules/query?pxObjClass=Rule-HTML-Section&appliesTo=Data-RuleCoverage-Results&pyRuleName=pzDisplayPartialCount&RequestClass=Rule-HTML-Section&RequestAppliesTo=Data-RuleCoverage-Results&RequestRuleName=pzDisplayPartialCount Payload: "{\"RequestClass\":\"Rule-HTML-Section\",\"RequestAppliesTo\":\"Data-RuleCoverage-Results\",\"RequestRuleName\":\"pzDisplayPartialCount\"}" => HTTP 404 (18 bytes)
[PegaHttpClient] 📡 POST https://zdk8budo.pegaacademy.net/prweb/api/v1/rules/query?pxObjClass=Rule-HTML-Section&appliesTo=Data-RuleCoverage-Results&pyRuleName=pzDisplayPartialCount&RequestClass=Rule-HTML-Section&RequestAppliesTo=Data-RuleCoverage-Results&RequestRuleName=pzDisplayPartialCount Payload: "{\"RequestClass\":\"Rule-HTML-Section\",\"RequestAppliesTo\":\"Data-RuleCoverage-Results\",\"RequestRuleName\":\"pzDisplayPartialCount\"}" => HTTP 404 (18 bytes)
[PegaHttpClient] 📡 POST https://zdk8budo.pegaacademy.net/prweb/PRRestService/v1/rules/query?pxObjClass=Rule-HTML-Section&appliesTo=Data-RuleCoverage-Results&pyRuleName=pzDisplayPartialCount&RequestClass=Rule-HTML-Section&RequestAppliesTo=Data-RuleCoverage-Results&RequestRuleName=pzDisplayPartialCount Payload: "{\"RequestClass\":\"Rule-HTML-Section\",\"RequestAppliesTo\":\"Data-RuleCoverage-Results\",\"RequestRuleName\":\"pzDisplayPartialCount\"}" => HTTP 404 (18 bytes)
[SchemaGen] ✅ Schema written for Data-RuleCoverage-Results
[PegaHttpClient] 📡 GET https://zdk8budo.pegaacademy.net/prweb/api/CodeIntelligence/v1/rules/RULE-HTML-HARNESS%20DATA-ADMIN-SECURITY-OAUTH2-REGISTEREDAPPLICATION%20RULEFORM%20%2320201016T144029.009%20GMT => HTTP 200 (37211 bytes)
[PegaHttpClient] 📡 POST https://zdk8budo.pegaacademy.net/prweb/api/CodeIntelligence/v1/rules/query?pxObjClass=Rule-HTML-Section&appliesTo=Data-Admin-Security-OAuth2-RegisteredApplication&pyRuleName=RuleFormMain&RequestClass=Rule-HTML-Section&RequestAppliesTo=Data-Admin-Security-OAuth2-RegisteredApplication&RequestRuleName=RuleFormMain Payload: "{\"RequestClass\":\"Rule-HTML-Section\",\"RequestAppliesTo\":\"Data-Admin-Security-OAuth2-RegisteredApplication\",\"RequestRuleName\":\"RuleFormMain\"}" => HTTP 200 (156234 bytes)
[PegaHttpClient] 📡 POST https://zdk8budo.pegaacademy.net/prweb/api/CodeIntelligence/v1/rules/query?pxObjClass=Rule-HTML-Section&appliesTo=Data-Admin-Security-OAuth2-RegisteredApplication&pyRuleName=pxAlternateRuleForm&RequestClass=Rule-HTML-Section&RequestAppliesTo=Data-Admin-Security-OAuth2-RegisteredApplication&RequestRuleName=pxAlternateRuleForm Payload: "{\"RequestClass\":\"Rule-HTML-Section\",\"RequestAppliesTo\":\"Data-Admin-Security-OAuth2-RegisteredApplication\",\"RequestRuleName\":\"pxAlternateRuleForm\"}" => HTTP 200 (66153 bytes)
[PegaHttpClient] 📡 POST https://zdk8budo.pegaacademy.net/prweb/api/CodeIntelligence/v1/rules/query?pxObjClass=Rule-HTML-Section&appliesTo=Data-Admin-Security-OAuth2-RegisteredApplication&pyRuleName=pzRuleFormScripts&RequestClass=Rule-HTML-Section&RequestAppliesTo=Data-Admin-Security-OAuth2-RegisteredApplication&RequestRuleName=pzRuleFormScripts Payload: "{\"RequestClass\":\"Rule-HTML-Section\",\"RequestAppliesTo\":\"Data-Admin-Security-OAuth2-RegisteredApplication\",\"RequestRuleName\":\"pzRuleFormScripts\"}" => HTTP 200 (40822 bytes)
[PegaHttpClient] 📡 POST https://zdk8budo.pegaacademy.net/prweb/api/CodeIntelligence/v1/rules/query?pxObjClass=Rule-HTML-Section&appliesTo=Data-Admin-Security-OAuth2-RegisteredApplication&pyRuleName=pzRuleFormLayoutDelegated&RequestClass=Rule-HTML-Section&RequestAppliesTo=Data-Admin-Security-OAuth2-RegisteredApplication&RequestRuleName=pzRuleFormLayoutDelegated Payload: "{\"RequestClass\":\"Rule-HTML-Section\",\"RequestAppliesTo\":\"Data-Admin-Security-OAuth2-RegisteredApplication\",\"RequestRuleName\":\"pzRuleFormLayoutDelegated\"}" => HTTP 200 (70998 bytes)
[PegaHttpClient] 📡 POST https://zdk8budo.pegaacademy.net/prweb/api/CodeIntelligence/v1/rules/query?pxObjClass=Rule-HTML-Section&appliesTo=Data-Admin-Security-OAuth2-RegisteredApplication&pyRuleName=RuleFormLayout&RequestClass=Rule-HTML-Section&RequestAppliesTo=Data-Admin-Security-OAuth2-RegisteredApplication&RequestRuleName=RuleFormLayout Payload: "{\"RequestClass\":\"Rule-HTML-Section\",\"RequestAppliesTo\":\"Data-Admin-Security-OAuth2-RegisteredApplication\",\"RequestRuleName\":\"RuleFormLayout\"}" => HTTP 200 (72298 bytes)
[PegaHttpClient] 📡 POST https://zdk8budo.pegaacademy.net/prweb/api/CodeIntelligence/v1/rules/query?pxObjClass=Rule-HTML-Section&appliesTo=Data-Admin-Security-OAuth2-RegisteredApplication&pyRuleName=RuleFormSettings&RequestClass=Rule-HTML-Section&RequestAppliesTo=Data-Admin-Security-OAuth2-RegisteredApplication&RequestRuleName=RuleFormSettings Payload: "{\"RequestClass\":\"Rule-HTML-Section\",\"RequestAppliesTo\":\"Data-Admin-Security-OAuth2-RegisteredApplication\",\"RequestRuleName\":\"RuleFormSettings\"}" => HTTP 200 (21582 bytes)
[PegaHttpClient] 📡 POST https://zdk8budo.pegaacademy.net/prweb/api/CodeIntelligence/v1/rules/query?pxObjClass=Rule-HTML-Section&appliesTo=Data-Admin-Security-OAuth2-RegisteredApplication&pyRuleName=OpenAuthoring&RequestClass=Rule-HTML-Section&RequestAppliesTo=Data-Admin-Security-OAuth2-RegisteredApplication&RequestRuleName=OpenAuthoring Payload: "{\"RequestClass\":\"Rule-HTML-Section\",\"RequestAppliesTo\":\"Data-Admin-Security-OAuth2-RegisteredApplication\",\"RequestRuleName\":\"OpenAuthoring\"}" => HTTP 200 (20315 bytes)
[PegaHttpClient] 📡 POST https://zdk8budo.pegaacademy.net/prweb/api/CodeIntelligence/v1/rules/query?pxObjClass=Rule-HTML-Section&appliesTo=Data-Admin-Security-OAuth2-RegisteredApplication&pyRuleName=pyCustomHelp&RequestClass=Rule-HTML-Section&RequestAppliesTo=Data-Admin-Security-OAuth2-RegisteredApplication&RequestRuleName=pyCustomHelp Payload: "{\"RequestClass\":\"Rule-HTML-Section\",\"RequestAppliesTo\":\"Data-Admin-Security-OAuth2-RegisteredApplication\",\"RequestRuleName\":\"pyCustomHelp\"}" => HTTP 200 (17256 bytes)
[PegaHttpClient] 📡 POST https://zdk8budo.pegaacademy.net/prweb/api/CodeIntelligence/v1/rules/query?pxObjClass=Rule-HTML-Section&appliesTo=Data-Admin-Security-OAuth2-RegisteredApplication&pyRuleName=pzRuleformMainInclude&RequestClass=Rule-HTML-Section&RequestAppliesTo=Data-Admin-Security-OAuth2-RegisteredApplication&RequestRuleName=pzRuleformMainInclude Payload: "{\"RequestClass\":\"Rule-HTML-Section\",\"RequestAppliesTo\":\"Data-Admin-Security-OAuth2-RegisteredApplication\",\"RequestRuleName\":\"pzRuleformMainInclude\"}" => HTTP 200 (22375 bytes)
[PegaHttpClient] 📡 POST https://zdk8budo.pegaacademy.net/prweb/api/CodeIntelligence/v1/rules/query?pxObjClass=Rule-HTML-Section&appliesTo=Data-Admin-Security-OAuth2-RegisteredApplication&pyRuleName=pyAlternativeRuleFormStrategicAppExtension&RequestClass=Rule-HTML-Section&RequestAppliesTo=Data-Admin-Security-OAuth2-RegisteredApplication&RequestRuleName=pyAlternativeRuleFormStrategicAppExtension Payload: "{\"RequestClass\":\"Rule-HTML-Section\",\"RequestAppliesTo\":\"Data-Admin-Security-OAuth2-RegisteredApplication\",\"RequestRuleName\":\"pyAlternativeRuleFormStrategicAppExtension\"}" => HTTP 200 (25042 bytes)
[PegaHttpClient] 📡 POST https://zdk8budo.pegaacademy.net/prweb/api/CodeIntelligence/v1/rules/query?pxObjClass=Rule-HTML-Section&appliesTo=Data-Admin-Security-OAuth2-RegisteredApplication&pyRuleName=pyAlternativeRuleFormExtension&RequestClass=Rule-HTML-Section&RequestAppliesTo=Data-Admin-Security-OAuth2-RegisteredApplication&RequestRuleName=pyAlternativeRuleFormExtension Payload: "{\"RequestClass\":\"Rule-HTML-Section\",\"RequestAppliesTo\":\"Data-Admin-Security-OAuth2-RegisteredApplication\",\"RequestRuleName\":\"pyAlternativeRuleFormExtension\"}" => HTTP 200 (24863 bytes)
[PegaHttpClient] 📡 POST https://zdk8budo.pegaacademy.net/prweb/api/CodeIntelligence/v1/rules/query?pxObjClass=Rule-HTML-Section&appliesTo=Data-Admin-Security-OAuth2-RegisteredApplication&pyRuleName=RuleFormHeader&RequestClass=Rule-HTML-Section&RequestAppliesTo=Data-Admin-Security-OAuth2-RegisteredApplication&RequestRuleName=RuleFormHeader Payload: "{\"RequestClass\":\"Rule-HTML-Section\",\"RequestAppliesTo\":\"Data-Admin-Security-OAuth2-RegisteredApplication\",\"RequestRuleName\":\"RuleFormHeader\"}" => HTTP 200 (183800 bytes)
[PegaHttpClient] 📡 POST https://zdk8budo.pegaacademy.net/prweb/api/CodeIntelligence/v1/rules/query?pxObjClass=Rule-HTML-Section&appliesTo=Data-Admin-Security-OAuth2-RegisteredApplication&pyRuleName=pzDelegationExperience&RequestClass=Rule-HTML-Section&RequestAppliesTo=Data-Admin-Security-OAuth2-RegisteredApplication&RequestRuleName=pzDelegationExperience Payload: "{\"RequestClass\":\"Rule-HTML-Section\",\"RequestAppliesTo\":\"Data-Admin-Security-OAuth2-RegisteredApplication\",\"RequestRuleName\":\"pzDelegationExperience\"}" => HTTP 404 (148 bytes)
[PegaHttpClient] 📡 POST https://zdk8budo.pegaacademy.net/prweb/PRRestService/CodeIntelligence/v1/rules/query?pxObjClass=Rule-HTML-Section&appliesTo=Data-Admin-Security-OAuth2-RegisteredApplication&pyRuleName=pzDelegationExperience&RequestClass=Rule-HTML-Section&RequestAppliesTo=Data-Admin-Security-OAuth2-RegisteredApplication&RequestRuleName=pzDelegationExperience Payload: "{\"RequestClass\":\"Rule-HTML-Section\",\"RequestAppliesTo\":\"Data-Admin-Security-OAuth2-RegisteredApplication\",\"RequestRuleName\":\"pzDelegationExperience\"}" => HTTP 404 (148 bytes)
[PegaHttpClient] 📡 POST https://zdk8budo.pegaacademy.net/prweb/api/HRAppsV2Service/V1/rules/query?pxObjClass=Rule-HTML-Section&appliesTo=Data-Admin-Security-OAuth2-RegisteredApplication&pyRuleName=pzDelegationExperience&RequestClass=Rule-HTML-Section&RequestAppliesTo=Data-Admin-Security-OAuth2-RegisteredApplication&RequestRuleName=pzDelegationExperience Payload: "{\"RequestClass\":\"Rule-HTML-Section\",\"RequestAppliesTo\":\"Data-Admin-Security-OAuth2-RegisteredApplication\",\"RequestRuleName\":\"pzDelegationExperience\"}" => HTTP 404 (18 bytes)
[PegaHttpClient] 📡 POST https://zdk8budo.pegaacademy.net/prweb/PRRestService/HRAppsV2Service/V1/rules/query?pxObjClass=Rule-HTML-Section&appliesTo=Data-Admin-Security-OAuth2-RegisteredApplication&pyRuleName=pzDelegationExperience&RequestClass=Rule-HTML-Section&RequestAppliesTo=Data-Admin-Security-OAuth2-RegisteredApplication&RequestRuleName=pzDelegationExperience Payload: "{\"RequestClass\":\"Rule-HTML-Section\",\"RequestAppliesTo\":\"Data-Admin-Security-OAuth2-RegisteredApplication\",\"RequestRuleName\":\"pzDelegationExperience\"}" => HTTP 404 (18 bytes)
[PegaHttpClient] 📡 POST https://zdk8budo.pegaacademy.net/prweb/api/HRAppsV2/V1/rules/query?pxObjClass=Rule-HTML-Section&appliesTo=Data-Admin-Security-OAuth2-RegisteredApplication&pyRuleName=pzDelegationExperience&RequestClass=Rule-HTML-Section&RequestAppliesTo=Data-Admin-Security-OAuth2-RegisteredApplication&RequestRuleName=pzDelegationExperience Payload: "{\"RequestClass\":\"Rule-HTML-Section\",\"RequestAppliesTo\":\"Data-Admin-Security-OAuth2-RegisteredApplication\",\"RequestRuleName\":\"pzDelegationExperience\"}" => HTTP 404 (18 bytes)
[PegaHttpClient] 📡 POST https://zdk8budo.pegaacademy.net/prweb/PRRestService/HRAppsV2/V1/rules/query?pxObjClass=Rule-HTML-Section&appliesTo=Data-Admin-Security-OAuth2-RegisteredApplication&pyRuleName=pzDelegationExperience&RequestClass=Rule-HTML-Section&RequestAppliesTo=Data-Admin-Security-OAuth2-RegisteredApplication&RequestRuleName=pzDelegationExperience Payload: "{\"RequestClass\":\"Rule-HTML-Section\",\"RequestAppliesTo\":\"Data-Admin-Security-OAuth2-RegisteredApplication\",\"RequestRuleName\":\"pzDelegationExperience\"}" => HTTP 404 (18 bytes)
[PegaHttpClient] 📡 POST https://zdk8budo.pegaacademy.net/prweb/api/v1/rules/query?pxObjClass=Rule-HTML-Section&appliesTo=Data-Admin-Security-OAuth2-RegisteredApplication&pyRuleName=pzDelegationExperience&RequestClass=Rule-HTML-Section&RequestAppliesTo=Data-Admin-Security-OAuth2-RegisteredApplication&RequestRuleName=pzDelegationExperience Payload: "{\"RequestClass\":\"Rule-HTML-Section\",\"RequestAppliesTo\":\"Data-Admin-Security-OAuth2-RegisteredApplication\",\"RequestRuleName\":\"pzDelegationExperience\"}" => HTTP 404 (18 bytes)
[PegaHttpClient] 📡 POST https://zdk8budo.pegaacademy.net/prweb/PRRestService/v1/rules/query?pxObjClass=Rule-HTML-Section&appliesTo=Data-Admin-Security-OAuth2-RegisteredApplication&pyRuleName=pzDelegationExperience&RequestClass=Rule-HTML-Section&RequestAppliesTo=Data-Admin-Security-OAuth2-RegisteredApplication&RequestRuleName=pzDelegationExperience Payload: "{\"RequestClass\":\"Rule-HTML-Section\",\"RequestAppliesTo\":\"Data-Admin-Security-OAuth2-RegisteredApplication\",\"RequestRuleName\":\"pzDelegationExperience\"}" => HTTP 404 (18 bytes)
[PegaHttpClient] 📡 POST https://zdk8budo.pegaacademy.net/prweb/api/CodeIntelligence/v1/rules/query?pxObjClass=Rule-HTML-Section&appliesTo=Data-Admin-Security-OAuth2-RegisteredApplication&pyRuleName=pzClientInformation&RequestClass=Rule-HTML-Section&RequestAppliesTo=Data-Admin-Security-OAuth2-RegisteredApplication&RequestRuleName=pzClientInformation Payload: "{\"RequestClass\":\"Rule-HTML-Section\",\"RequestAppliesTo\":\"Data-Admin-Security-OAuth2-RegisteredApplication\",\"RequestRuleName\":\"pzClientInformation\"}" => HTTP 200 (262721 bytes)
[PegaHttpClient] 📡 POST https://zdk8budo.pegaacademy.net/prweb/api/CodeIntelligence/v1/rules/query?pxObjClass=Rule-HTML-Section&appliesTo=Data-Admin-Security-OAuth2-RegisteredApplication&pyRuleName=RuleFormHistory&RequestClass=Rule-HTML-Section&RequestAppliesTo=Data-Admin-Security-OAuth2-RegisteredApplication&RequestRuleName=RuleFormHistory Payload: "{\"RequestClass\":\"Rule-HTML-Section\",\"RequestAppliesTo\":\"Data-Admin-Security-OAuth2-RegisteredApplication\",\"RequestRuleName\":\"RuleFormHistory\"}" => HTTP 200 (18043 bytes)
[PegaHttpClient] 📡 POST https://zdk8budo.pegaacademy.net/prweb/api/CodeIntelligence/v1/rules/query?pxObjClass=Rule-HTML-Section&appliesTo=Data-Admin-Security-OAuth2-RegisteredApplication&pyRuleName=pzCustomHelp&RequestClass=Rule-HTML-Section&RequestAppliesTo=Data-Admin-Security-OAuth2-RegisteredApplication&RequestRuleName=pzCustomHelp Payload: "{\"RequestClass\":\"Rule-HTML-Section\",\"RequestAppliesTo\":\"Data-Admin-Security-OAuth2-RegisteredApplication\",\"RequestRuleName\":\"pzCustomHelp\"}" => HTTP 200 (31573 bytes)
[PegaHttpClient] 📡 POST https://zdk8budo.pegaacademy.net/prweb/api/CodeIntelligence/v1/rules/query?pxObjClass=Rule-HTML-Section&appliesTo=Data-Admin-Security-OAuth2-RegisteredApplication&pyRuleName=pzRuleFormKeysAndDescription&RequestClass=Rule-HTML-Section&RequestAppliesTo=Data-Admin-Security-OAuth2-RegisteredApplication&RequestRuleName=pzRuleFormKeysAndDescription Payload: "{\"RequestClass\":\"Rule-HTML-Section\",\"RequestAppliesTo\":\"Data-Admin-Security-OAuth2-RegisteredApplication\",\"RequestRuleName\":\"pzRuleFormKeysAndDescription\"}" => HTTP 200 (218057 bytes)
[PegaHttpClient] 📡 POST https://zdk8budo.pegaacademy.net/prweb/api/CodeIntelligence/v1/rules/query?pxObjClass=Rule-HTML-Section&appliesTo=Data-Admin-Security-OAuth2-RegisteredApplication&pyRuleName=pzRuleFormRuleset&RequestClass=Rule-HTML-Section&RequestAppliesTo=Data-Admin-Security-OAuth2-RegisteredApplication&RequestRuleName=pzRuleFormRuleset Payload: "{\"RequestClass\":\"Rule-HTML-Section\",\"RequestAppliesTo\":\"Data-Admin-Security-OAuth2-RegisteredApplication\",\"RequestRuleName\":\"pzRuleFormRuleset\"}" => HTTP 200 (29020 bytes)
[PegaHttpClient] 📡 POST https://zdk8budo.pegaacademy.net/prweb/api/CodeIntelligence/v1/rules/query?pxObjClass=Rule-HTML-Section&appliesTo=Data-Admin-Security-OAuth2-RegisteredApplication&pyRuleName=undefined&RequestClass=Rule-HTML-Section&RequestAppliesTo=Data-Admin-Security-OAuth2-RegisteredApplication&RequestRuleName=undefined Payload: "{\"RequestClass\":\"Rule-HTML-Section\",\"RequestAppliesTo\":\"Data-Admin-Security-OAuth2-RegisteredApplication\",\"RequestRuleName\":\"undefined\"}" => HTTP 404 (135 bytes)
[PegaHttpClient] 📡 POST https://zdk8budo.pegaacademy.net/prweb/PRRestService/CodeIntelligence/v1/rules/query?pxObjClass=Rule-HTML-Section&appliesTo=Data-Admin-Security-OAuth2-RegisteredApplication&pyRuleName=undefined&RequestClass=Rule-HTML-Section&RequestAppliesTo=Data-Admin-Security-OAuth2-RegisteredApplication&RequestRuleName=undefined Payload: "{\"RequestClass\":\"Rule-HTML-Section\",\"RequestAppliesTo\":\"Data-Admin-Security-OAuth2-RegisteredApplication\",\"RequestRuleName\":\"undefined\"}" => HTTP 404 (135 bytes)
[PegaHttpClient] 📡 POST https://zdk8budo.pegaacademy.net/prweb/api/HRAppsV2Service/V1/rules/query?pxObjClass=Rule-HTML-Section&appliesTo=Data-Admin-Security-OAuth2-RegisteredApplication&pyRuleName=undefined&RequestClass=Rule-HTML-Section&RequestAppliesTo=Data-Admin-Security-OAuth2-RegisteredApplication&RequestRuleName=undefined Payload: "{\"RequestClass\":\"Rule-HTML-Section\",\"RequestAppliesTo\":\"Data-Admin-Security-OAuth2-RegisteredApplication\",\"RequestRuleName\":\"undefined\"}" => HTTP 404 (18 bytes)
[PegaHttpClient] 📡 POST https://zdk8budo.pegaacademy.net/prweb/PRRestService/HRAppsV2Service/V1/rules/query?pxObjClass=Rule-HTML-Section&appliesTo=Data-Admin-Security-OAuth2-RegisteredApplication&pyRuleName=undefined&RequestClass=Rule-HTML-Section&RequestAppliesTo=Data-Admin-Security-OAuth2-RegisteredApplication&RequestRuleName=undefined Payload: "{\"RequestClass\":\"Rule-HTML-Section\",\"RequestAppliesTo\":\"Data-Admin-Security-OAuth2-RegisteredApplication\",\"RequestRuleName\":\"undefined\"}" => HTTP 404 (18 bytes)
[PegaHttpClient] 📡 POST https://zdk8budo.pegaacademy.net/prweb/api/HRAppsV2/V1/rules/query?pxObjClass=Rule-HTML-Section&appliesTo=Data-Admin-Security-OAuth2-RegisteredApplication&pyRuleName=undefined&RequestClass=Rule-HTML-Section&RequestAppliesTo=Data-Admin-Security-OAuth2-RegisteredApplication&RequestRuleName=undefined Payload: "{\"RequestClass\":\"Rule-HTML-Section\",\"RequestAppliesTo\":\"Data-Admin-Security-OAuth2-RegisteredApplication\",\"RequestRuleName\":\"undefined\"}" => HTTP 404 (18 bytes)
[PegaHttpClient] 📡 POST https://zdk8budo.pegaacademy.net/prweb/PRRestService/HRAppsV2/V1/rules/query?pxObjClass=Rule-HTML-Section&appliesTo=Data-Admin-Security-OAuth2-RegisteredApplication&pyRuleName=undefined&RequestClass=Rule-HTML-Section&RequestAppliesTo=Data-Admin-Security-OAuth2-RegisteredApplication&RequestRuleName=undefined Payload: "{\"RequestClass\":\"Rule-HTML-Section\",\"RequestAppliesTo\":\"Data-Admin-Security-OAuth2-RegisteredApplication\",\"RequestRuleName\":\"undefined\"}" => HTTP 404 (18 bytes)
[PegaHttpClient] 📡 POST https://zdk8budo.pegaacademy.net/prweb/api/v1/rules/query?pxObjClass=Rule-HTML-Section&appliesTo=Data-Admin-Security-OAuth2-RegisteredApplication&pyRuleName=undefined&RequestClass=Rule-HTML-Section&RequestAppliesTo=Data-Admin-Security-OAuth2-RegisteredApplication&RequestRuleName=undefined Payload: "{\"RequestClass\":\"Rule-HTML-Section\",\"RequestAppliesTo\":\"Data-Admin-Security-OAuth2-RegisteredApplication\",\"RequestRuleName\":\"undefined\"}" => HTTP 404 (18 bytes)
[PegaHttpClient] 📡 POST https://zdk8budo.pegaacademy.net/prweb/PRRestService/v1/rules/query?pxObjClass=Rule-HTML-Section&appliesTo=Data-Admin-Security-OAuth2-RegisteredApplication&pyRuleName=undefined&RequestClass=Rule-HTML-Section&RequestAppliesTo=Data-Admin-Security-OAuth2-RegisteredApplication&RequestRuleName=undefined Payload: "{\"RequestClass\":\"Rule-HTML-Section\",\"RequestAppliesTo\":\"Data-Admin-Security-OAuth2-RegisteredApplication\",\"RequestRuleName\":\"undefined\"}" => HTTP 404 (18 bytes)
[PegaHttpClient] 📡 POST https://zdk8budo.pegaacademy.net/prweb/api/CodeIntelligence/v1/rules/query?pxObjClass=Rule-HTML-Section&appliesTo=Data-Admin-Security-OAuth2-RegisteredApplication&pyRuleName=pzRuleFormToolbar&RequestClass=Rule-HTML-Section&RequestAppliesTo=Data-Admin-Security-OAuth2-RegisteredApplication&RequestRuleName=pzRuleFormToolbar Payload: "{\"RequestClass\":\"Rule-HTML-Section\",\"RequestAppliesTo\":\"Data-Admin-Security-OAuth2-RegisteredApplication\",\"RequestRuleName\":\"pzRuleFormToolbar\"}" => HTTP 200 (242691 bytes)
[PegaHttpClient] 📡 POST https://zdk8budo.pegaacademy.net/prweb/api/CodeIntelligence/v1/rules/query?pxObjClass=Rule-HTML-Section&appliesTo=Data-Admin-Security-OAuth2-RegisteredApplication&pyRuleName=pzRuleFormToolbarCompare&RequestClass=Rule-HTML-Section&RequestAppliesTo=Data-Admin-Security-OAuth2-RegisteredApplication&RequestRuleName=pzRuleFormToolbarCompare Payload: "{\"RequestClass\":\"Rule-HTML-Section\",\"RequestAppliesTo\":\"Data-Admin-Security-OAuth2-RegisteredApplication\",\"RequestRuleName\":\"pzRuleFormToolbarCompare\"}" => HTTP 200 (61925 bytes)
[PegaHttpClient] 📡 POST https://zdk8budo.pegaacademy.net/prweb/api/CodeIntelligence/v1/rules/query?pxObjClass=Rule-HTML-Section&appliesTo=Data-Admin-Security-OAuth2-RegisteredApplication&pyRuleName=RuleFormHeaderMessages&RequestClass=Rule-HTML-Section&RequestAppliesTo=Data-Admin-Security-OAuth2-RegisteredApplication&RequestRuleName=RuleFormHeaderMessages Payload: "{\"RequestClass\":\"Rule-HTML-Section\",\"RequestAppliesTo\":\"Data-Admin-Security-OAuth2-RegisteredApplication\",\"RequestRuleName\":\"RuleFormHeaderMessages\"}" => HTTP 200 (26518 bytes)
[PegaHttpClient] 📡 POST https://zdk8budo.pegaacademy.net/prweb/api/CodeIntelligence/v1/rules/query?pxObjClass=Rule-HTML-Section&appliesTo=Data-Admin-Security-OAuth2-RegisteredApplication&pyRuleName=pzClientCredentials&RequestClass=Rule-HTML-Section&RequestAppliesTo=Data-Admin-Security-OAuth2-RegisteredApplication&RequestRuleName=pzClientCredentials Payload: "{\"RequestClass\":\"Rule-HTML-Section\",\"RequestAppliesTo\":\"Data-Admin-Security-OAuth2-RegisteredApplication\",\"RequestRuleName\":\"pzClientCredentials\"}" => HTTP 200 (333233 bytes)
[PegaHttpClient] 📡 POST https://zdk8budo.pegaacademy.net/prweb/api/CodeIntelligence/v1/rules/query?pxObjClass=Rule-HTML-Section&appliesTo=Data-Admin-Security-OAuth2-RegisteredApplication&pyRuleName=pzSupportedGrantTypes&RequestClass=Rule-HTML-Section&RequestAppliesTo=Data-Admin-Security-OAuth2-RegisteredApplication&RequestRuleName=pzSupportedGrantTypes Payload: "{\"RequestClass\":\"Rule-HTML-Section\",\"RequestAppliesTo\":\"Data-Admin-Security-OAuth2-RegisteredApplication\",\"RequestRuleName\":\"pzSupportedGrantTypes\"}" => HTTP 200 (346579 bytes)
[PegaHttpClient] 📡 POST https://zdk8budo.pegaacademy.net/prweb/api/CodeIntelligence/v1/rules/query?pxObjClass=Rule-HTML-Section&appliesTo=Data-Admin-Security-OAuth2-RegisteredApplication&pyRuleName=pzTokenProfileMapping&RequestClass=Rule-HTML-Section&RequestAppliesTo=Data-Admin-Security-OAuth2-RegisteredApplication&RequestRuleName=pzTokenProfileMapping Payload: "{\"RequestClass\":\"Rule-HTML-Section\",\"RequestAppliesTo\":\"Data-Admin-Security-OAuth2-RegisteredApplication\",\"RequestRuleName\":\"pzTokenProfileMapping\"}" => HTTP 200 (18060 bytes)
[PegaHttpClient] 📡 POST https://zdk8budo.pegaacademy.net/prweb/api/CodeIntelligence/v1/rules/query?pxObjClass=Rule-HTML-Section&appliesTo=Data-Admin-Security-OAuth2-RegisteredApplication&pyRuleName=pzRuleFormStatus&RequestClass=Rule-HTML-Section&RequestAppliesTo=Data-Admin-Security-OAuth2-RegisteredApplication&RequestRuleName=pzRuleFormStatus Payload: "{\"RequestClass\":\"Rule-HTML-Section\",\"RequestAppliesTo\":\"Data-Admin-Security-OAuth2-RegisteredApplication\",\"RequestRuleName\":\"pzRuleFormStatus\"}" => HTTP 200 (29579 bytes)
[PegaHttpClient] 📡 POST https://zdk8budo.pegaacademy.net/prweb/api/CodeIntelligence/v1/rules/query?pxObjClass=Rule-HTML-Section&appliesTo=Data-Admin-Security-OAuth2-RegisteredApplication&pyRuleName=pzRuleFormHeaderCompareWithDropDown&RequestClass=Rule-HTML-Section&RequestAppliesTo=Data-Admin-Security-OAuth2-RegisteredApplication&RequestRuleName=pzRuleFormHeaderCompareWithDropDown Payload: "{\"RequestClass\":\"Rule-HTML-Section\",\"RequestAppliesTo\":\"Data-Admin-Security-OAuth2-RegisteredApplication\",\"RequestRuleName\":\"pzRuleFormHeaderCompareWithDropDown\"}" => HTTP 200 (25396 bytes)
[PegaHttpClient] 📡 POST https://zdk8budo.pegaacademy.net/prweb/api/CodeIntelligence/v1/rules/query?pxObjClass=Rule-HTML-Section&appliesTo=Data-Admin-Security-OAuth2-RegisteredApplication&pyRuleName=undefined&RequestClass=Rule-HTML-Section&RequestAppliesTo=Data-Admin-Security-OAuth2-RegisteredApplication&RequestRuleName=undefined Payload: "{\"RequestClass\":\"Rule-HTML-Section\",\"RequestAppliesTo\":\"Data-Admin-Security-OAuth2-RegisteredApplication\",\"RequestRuleName\":\"undefined\"}" => HTTP 404 (135 bytes)
[PegaHttpClient] 📡 POST https://zdk8budo.pegaacademy.net/prweb/PRRestService/CodeIntelligence/v1/rules/query?pxObjClass=Rule-HTML-Section&appliesTo=Data-Admin-Security-OAuth2-RegisteredApplication&pyRuleName=undefined&RequestClass=Rule-HTML-Section&RequestAppliesTo=Data-Admin-Security-OAuth2-RegisteredApplication&RequestRuleName=undefined Payload: "{\"RequestClass\":\"Rule-HTML-Section\",\"RequestAppliesTo\":\"Data-Admin-Security-OAuth2-RegisteredApplication\",\"RequestRuleName\":\"undefined\"}" => HTTP 404 (135 bytes)
[PegaHttpClient] 📡 POST https://zdk8budo.pegaacademy.net/prweb/api/HRAppsV2Service/V1/rules/query?pxObjClass=Rule-HTML-Section&appliesTo=Data-Admin-Security-OAuth2-RegisteredApplication&pyRuleName=undefined&RequestClass=Rule-HTML-Section&RequestAppliesTo=Data-Admin-Security-OAuth2-RegisteredApplication&RequestRuleName=undefined Payload: "{\"RequestClass\":\"Rule-HTML-Section\",\"RequestAppliesTo\":\"Data-Admin-Security-OAuth2-RegisteredApplication\",\"RequestRuleName\":\"undefined\"}" => HTTP 404 (18 bytes)
[PegaHttpClient] 📡 POST https://zdk8budo.pegaacademy.net/prweb/PRRestService/HRAppsV2Service/V1/rules/query?pxObjClass=Rule-HTML-Section&appliesTo=Data-Admin-Security-OAuth2-RegisteredApplication&pyRuleName=undefined&RequestClass=Rule-HTML-Section&RequestAppliesTo=Data-Admin-Security-OAuth2-RegisteredApplication&RequestRuleName=undefined Payload: "{\"RequestClass\":\"Rule-HTML-Section\",\"RequestAppliesTo\":\"Data-Admin-Security-OAuth2-RegisteredApplication\",\"RequestRuleName\":\"undefined\"}" => HTTP 404 (18 bytes)
[PegaHttpClient] 📡 POST https://zdk8budo.pegaacademy.net/prweb/api/HRAppsV2/V1/rules/query?pxObjClass=Rule-HTML-Section&appliesTo=Data-Admin-Security-OAuth2-RegisteredApplication&pyRuleName=undefined&RequestClass=Rule-HTML-Section&RequestAppliesTo=Data-Admin-Security-OAuth2-RegisteredApplication&RequestRuleName=undefined Payload: "{\"RequestClass\":\"Rule-HTML-Section\",\"RequestAppliesTo\":\"Data-Admin-Security-OAuth2-RegisteredApplication\",\"RequestRuleName\":\"undefined\"}" => HTTP 404 (18 bytes)
[PegaHttpClient] 📡 POST https://zdk8budo.pegaacademy.net/prweb/PRRestService/HRAppsV2/V1/rules/query?pxObjClass=Rule-HTML-Section&appliesTo=Data-Admin-Security-OAuth2-RegisteredApplication&pyRuleName=undefined&RequestClass=Rule-HTML-Section&RequestAppliesTo=Data-Admin-Security-OAuth2-RegisteredApplication&RequestRuleName=undefined Payload: "{\"RequestClass\":\"Rule-HTML-Section\",\"RequestAppliesTo\":\"Data-Admin-Security-OAuth2-RegisteredApplication\",\"RequestRuleName\":\"undefined\"}" => HTTP 404 (18 bytes)
[PegaHttpClient] 📡 POST https://zdk8budo.pegaacademy.net/prweb/api/v1/rules/query?pxObjClass=Rule-HTML-Section&appliesTo=Data-Admin-Security-OAuth2-RegisteredApplication&pyRuleName=undefined&RequestClass=Rule-HTML-Section&RequestAppliesTo=Data-Admin-Security-OAuth2-RegisteredApplication&RequestRuleName=undefined Payload: "{\"RequestClass\":\"Rule-HTML-Section\",\"RequestAppliesTo\":\"Data-Admin-Security-OAuth2-RegisteredApplication\",\"RequestRuleName\":\"undefined\"}" => HTTP 404 (18 bytes)
[PegaHttpClient] 📡 POST https://zdk8budo.pegaacademy.net/prweb/PRRestService/v1/rules/query?pxObjClass=Rule-HTML-Section&appliesTo=Data-Admin-Security-OAuth2-RegisteredApplication&pyRuleName=undefined&RequestClass=Rule-HTML-Section&RequestAppliesTo=Data-Admin-Security-OAuth2-RegisteredApplication&RequestRuleName=undefined Payload: "{\"RequestClass\":\"Rule-HTML-Section\",\"RequestAppliesTo\":\"Data-Admin-Security-OAuth2-RegisteredApplication\",\"RequestRuleName\":\"undefined\"}" => HTTP 404 (18 bytes)
[PegaHttpClient] 📡 POST https://zdk8budo.pegaacademy.net/prweb/api/CodeIntelligence/v1/rules/query?pxObjClass=Rule-HTML-Section&appliesTo=Data-Admin-Security-OAuth2-RegisteredApplication&pyRuleName=pzRuleFormToolbarHotKeys&RequestClass=Rule-HTML-Section&RequestAppliesTo=Data-Admin-Security-OAuth2-RegisteredApplication&RequestRuleName=pzRuleFormToolbarHotKeys Payload: "{\"RequestClass\":\"Rule-HTML-Section\",\"RequestAppliesTo\":\"Data-Admin-Security-OAuth2-RegisteredApplication\",\"RequestRuleName\":\"pzRuleFormToolbarHotKeys\"}" => HTTP 200 (85058 bytes)
[PegaHttpClient] 📡 POST https://zdk8budo.pegaacademy.net/prweb/api/CodeIntelligence/v1/rules/query?pxObjClass=Rule-HTML-Section&appliesTo=Data-Admin-Security-OAuth2-RegisteredApplication&pyRuleName=pzRuleFormToolbarLockedIcon&RequestClass=Rule-HTML-Section&RequestAppliesTo=Data-Admin-Security-OAuth2-RegisteredApplication&RequestRuleName=pzRuleFormToolbarLockedIcon Payload: "{\"RequestClass\":\"Rule-HTML-Section\",\"RequestAppliesTo\":\"Data-Admin-Security-OAuth2-RegisteredApplication\",\"RequestRuleName\":\"pzRuleFormToolbarLockedIcon\"}" => HTTP 200 (19111 bytes)
[PegaHttpClient] 📡 POST https://zdk8budo.pegaacademy.net/prweb/api/CodeIntelligence/v1/rules/query?pxObjClass=Rule-HTML-Section&appliesTo=Data-Admin-Security-OAuth2-RegisteredApplication&pyRuleName=pzRuleFormToolbarCollaborators&RequestClass=Rule-HTML-Section&RequestAppliesTo=Data-Admin-Security-OAuth2-RegisteredApplication&RequestRuleName=pzRuleFormToolbarCollaborators Payload: "{\"RequestClass\":\"Rule-HTML-Section\",\"RequestAppliesTo\":\"Data-Admin-Security-OAuth2-RegisteredApplication\",\"RequestRuleName\":\"pzRuleFormToolbarCollaborators\"}" => HTTP 200 (15254 bytes)
[PegaHttpClient] 📡 POST https://zdk8budo.pegaacademy.net/prweb/api/CodeIntelligence/v1/rules/query?pxObjClass=Rule-HTML-Section&appliesTo=Data-Admin-Security-OAuth2-RegisteredApplication&pyRuleName=pzRuleFormToolbarSaveAs&RequestClass=Rule-HTML-Section&RequestAppliesTo=Data-Admin-Security-OAuth2-RegisteredApplication&RequestRuleName=pzRuleFormToolbarSaveAs Payload: "{\"RequestClass\":\"Rule-HTML-Section\",\"RequestAppliesTo\":\"Data-Admin-Security-OAuth2-RegisteredApplication\",\"RequestRuleName\":\"pzRuleFormToolbarSaveAs\"}" => HTTP 200 (64084 bytes)
[PegaHttpClient] 📡 POST https://zdk8budo.pegaacademy.net/prweb/api/CodeIntelligence/v1/rules/query?pxObjClass=Rule-HTML-Section&appliesTo=Data-Admin-Security-OAuth2-RegisteredApplication&pyRuleName=pzRuleFormToolbarCheckin&RequestClass=Rule-HTML-Section&RequestAppliesTo=Data-Admin-Security-OAuth2-RegisteredApplication&RequestRuleName=pzRuleFormToolbarCheckin Payload: "{\"RequestClass\":\"Rule-HTML-Section\",\"RequestAppliesTo\":\"Data-Admin-Security-OAuth2-RegisteredApplication\",\"RequestRuleName\":\"pzRuleFormToolbarCheckin\"}" => HTTP 200 (15601 bytes)
[PegaHttpClient] 📡 POST https://zdk8budo.pegaacademy.net/prweb/api/CodeIntelligence/v1/rules/query?pxObjClass=Rule-HTML-Section&appliesTo=Data-Admin-Security-OAuth2-RegisteredApplication&pyRuleName=pzRuleFormToolbarDelete&RequestClass=Rule-HTML-Section&RequestAppliesTo=Data-Admin-Security-OAuth2-RegisteredApplication&RequestRuleName=pzRuleFormToolbarDelete Payload: "{\"RequestClass\":\"Rule-HTML-Section\",\"RequestAppliesTo\":\"Data-Admin-Security-OAuth2-RegisteredApplication\",\"RequestRuleName\":\"pzRuleFormToolbarDelete\"}" => HTTP 200 (30249 bytes)
[PegaHttpClient] 📡 POST https://zdk8budo.pegaacademy.net/prweb/api/CodeIntelligence/v1/rules/query?pxObjClass=Rule-HTML-Section&appliesTo=Data-Admin-Security-OAuth2-RegisteredApplication&pyRuleName=pzRuleFormToolbarSave&RequestClass=Rule-HTML-Section&RequestAppliesTo=Data-Admin-Security-OAuth2-RegisteredApplication&RequestRuleName=pzRuleFormToolbarSave Payload: "{\"RequestClass\":\"Rule-HTML-Section\",\"RequestAppliesTo\":\"Data-Admin-Security-OAuth2-RegisteredApplication\",\"RequestRuleName\":\"pzRuleFormToolbarSave\"}" => HTTP 200 (293885 bytes)
[PegaHttpClient] 📡 POST https://zdk8budo.pegaacademy.net/prweb/api/CodeIntelligence/v1/rules/query?pxObjClass=Rule-HTML-Section&appliesTo=Data-Admin-Security-OAuth2-RegisteredApplication&pyRuleName=pzRuleFormToolbarCheckout&RequestClass=Rule-HTML-Section&RequestAppliesTo=Data-Admin-Security-OAuth2-RegisteredApplication&RequestRuleName=pzRuleFormToolbarCheckout Payload: "{\"RequestClass\":\"Rule-HTML-Section\",\"RequestAppliesTo\":\"Data-Admin-Security-OAuth2-RegisteredApplication\",\"RequestRuleName\":\"pzRuleFormToolbarCheckout\"}" => HTTP 200 (14854 bytes)
[PegaHttpClient] 📡 POST https://zdk8budo.pegaacademy.net/prweb/api/CodeIntelligence/v1/rules/query?pxObjClass=Rule-HTML-Section&appliesTo=Data-Admin-Security-OAuth2-RegisteredApplication&pyRuleName=pzRemoveErrorsDataPage&RequestClass=Rule-HTML-Section&RequestAppliesTo=Data-Admin-Security-OAuth2-RegisteredApplication&RequestRuleName=pzRemoveErrorsDataPage Payload: "{\"RequestClass\":\"Rule-HTML-Section\",\"RequestAppliesTo\":\"Data-Admin-Security-OAuth2-RegisteredApplication\",\"RequestRuleName\":\"pzRemoveErrorsDataPage\"}" => HTTP 200 (16733 bytes)
[PegaHttpClient] 📡 POST https://zdk8budo.pegaacademy.net/prweb/api/CodeIntelligence/v1/rules/query?pxObjClass=Rule-HTML-Section&appliesTo=Data-Admin-Security-OAuth2-RegisteredApplication&pyRuleName=pzRuleFormHeaderMessagesWrapper&RequestClass=Rule-HTML-Section&RequestAppliesTo=Data-Admin-Security-OAuth2-RegisteredApplication&RequestRuleName=pzRuleFormHeaderMessagesWrapper Payload: "{\"RequestClass\":\"Rule-HTML-Section\",\"RequestAppliesTo\":\"Data-Admin-Security-OAuth2-RegisteredApplication\",\"RequestRuleName\":\"pzRuleFormHeaderMessagesWrapper\"}" => HTTP 200 (16981 bytes)
[PegaHttpClient] 📡 POST https://zdk8budo.pegaacademy.net/prweb/api/CodeIntelligence/v1/rules/query?pxObjClass=Rule-HTML-Section&appliesTo=Data-Admin-Security-OAuth2-RegisteredApplication&pyRuleName=pzOperatorNames&RequestClass=Rule-HTML-Section&RequestAppliesTo=Data-Admin-Security-OAuth2-RegisteredApplication&RequestRuleName=pzOperatorNames Payload: "{\"RequestClass\":\"Rule-HTML-Section\",\"RequestAppliesTo\":\"Data-Admin-Security-OAuth2-RegisteredApplication\",\"RequestRuleName\":\"pzOperatorNames\"}" => HTTP 200 (40238 bytes)
[PegaHttpClient] 📡 POST https://zdk8budo.pegaacademy.net/prweb/api/CodeIntelligence/v1/rules/query?pxObjClass=Rule-HTML-Section&appliesTo=Data-Admin-Security-OAuth2-RegisteredApplication&pyRuleName=pzAccessGroups&RequestClass=Rule-HTML-Section&RequestAppliesTo=Data-Admin-Security-OAuth2-RegisteredApplication&RequestRuleName=pzAccessGroups Payload: "{\"RequestClass\":\"Rule-HTML-Section\",\"RequestAppliesTo\":\"Data-Admin-Security-OAuth2-RegisteredApplication\",\"RequestRuleName\":\"pzAccessGroups\"}" => HTTP 200 (40351 bytes)
[PegaHttpClient] 📡 POST https://zdk8budo.pegaacademy.net/prweb/api/CodeIntelligence/v1/rules/query?pxObjClass=Rule-HTML-Section&appliesTo=Data-Admin-Security-OAuth2-RegisteredApplication&pyRuleName=pxDisplayCollaborators&RequestClass=Rule-HTML-Section&RequestAppliesTo=Data-Admin-Security-OAuth2-RegisteredApplication&RequestRuleName=pxDisplayCollaborators Payload: "{\"RequestClass\":\"Rule-HTML-Section\",\"RequestAppliesTo\":\"Data-Admin-Security-OAuth2-RegisteredApplication\",\"RequestRuleName\":\"pxDisplayCollaborators\"}" => HTTP 200 (94171 bytes)
[PegaHttpClient] 📡 POST https://zdk8budo.pegaacademy.net/prweb/api/CodeIntelligence/v1/rules/query?pxObjClass=Rule-HTML-Section&appliesTo=Data-Admin-Security-OAuth2-RegisteredApplication&pyRuleName=pzRuleFormToolbarDeleteCheckOut&RequestClass=Rule-HTML-Section&RequestAppliesTo=Data-Admin-Security-OAuth2-RegisteredApplication&RequestRuleName=pzRuleFormToolbarDeleteCheckOut Payload: "{\"RequestClass\":\"Rule-HTML-Section\",\"RequestAppliesTo\":\"Data-Admin-Security-OAuth2-RegisteredApplication\",\"RequestRuleName\":\"pzRuleFormToolbarDeleteCheckOut\"}" => HTTP 404 (157 bytes)
[PegaHttpClient] 📡 POST https://zdk8budo.pegaacademy.net/prweb/PRRestService/CodeIntelligence/v1/rules/query?pxObjClass=Rule-HTML-Section&appliesTo=Data-Admin-Security-OAuth2-RegisteredApplication&pyRuleName=pzRuleFormToolbarDeleteCheckOut&RequestClass=Rule-HTML-Section&RequestAppliesTo=Data-Admin-Security-OAuth2-RegisteredApplication&RequestRuleName=pzRuleFormToolbarDeleteCheckOut Payload: "{\"RequestClass\":\"Rule-HTML-Section\",\"RequestAppliesTo\":\"Data-Admin-Security-OAuth2-RegisteredApplication\",\"RequestRuleName\":\"pzRuleFormToolbarDeleteCheckOut\"}" => HTTP 404 (157 bytes)
[PegaHttpClient] 📡 POST https://zdk8budo.pegaacademy.net/prweb/api/HRAppsV2Service/V1/rules/query?pxObjClass=Rule-HTML-Section&appliesTo=Data-Admin-Security-OAuth2-RegisteredApplication&pyRuleName=pzRuleFormToolbarDeleteCheckOut&RequestClass=Rule-HTML-Section&RequestAppliesTo=Data-Admin-Security-OAuth2-RegisteredApplication&RequestRuleName=pzRuleFormToolbarDeleteCheckOut Payload: "{\"RequestClass\":\"Rule-HTML-Section\",\"RequestAppliesTo\":\"Data-Admin-Security-OAuth2-RegisteredApplication\",\"RequestRuleName\":\"pzRuleFormToolbarDeleteCheckOut\"}" => HTTP 404 (18 bytes)
[PegaHttpClient] 📡 POST https://zdk8budo.pegaacademy.net/prweb/PRRestService/HRAppsV2Service/V1/rules/query?pxObjClass=Rule-HTML-Section&appliesTo=Data-Admin-Security-OAuth2-RegisteredApplication&pyRuleName=pzRuleFormToolbarDeleteCheckOut&RequestClass=Rule-HTML-Section&RequestAppliesTo=Data-Admin-Security-OAuth2-RegisteredApplication&RequestRuleName=pzRuleFormToolbarDeleteCheckOut Payload: "{\"RequestClass\":\"Rule-HTML-Section\",\"RequestAppliesTo\":\"Data-Admin-Security-OAuth2-RegisteredApplication\",\"RequestRuleName\":\"pzRuleFormToolbarDeleteCheckOut\"}" => HTTP 404 (18 bytes)
[PegaHttpClient] 📡 POST https://zdk8budo.pegaacademy.net/prweb/api/HRAppsV2/V1/rules/query?pxObjClass=Rule-HTML-Section&appliesTo=Data-Admin-Security-OAuth2-RegisteredApplication&pyRuleName=pzRuleFormToolbarDeleteCheckOut&RequestClass=Rule-HTML-Section&RequestAppliesTo=Data-Admin-Security-OAuth2-RegisteredApplication&RequestRuleName=pzRuleFormToolbarDeleteCheckOut Payload: "{\"RequestClass\":\"Rule-HTML-Section\",\"RequestAppliesTo\":\"Data-Admin-Security-OAuth2-RegisteredApplication\",\"RequestRuleName\":\"pzRuleFormToolbarDeleteCheckOut\"}" => HTTP 404 (18 bytes)
[PegaHttpClient] 📡 POST https://zdk8budo.pegaacademy.net/prweb/PRRestService/HRAppsV2/V1/rules/query?pxObjClass=Rule-HTML-Section&appliesTo=Data-Admin-Security-OAuth2-RegisteredApplication&pyRuleName=pzRuleFormToolbarDeleteCheckOut&RequestClass=Rule-HTML-Section&RequestAppliesTo=Data-Admin-Security-OAuth2-RegisteredApplication&RequestRuleName=pzRuleFormToolbarDeleteCheckOut Payload: "{\"RequestClass\":\"Rule-HTML-Section\",\"RequestAppliesTo\":\"Data-Admin-Security-OAuth2-RegisteredApplication\",\"RequestRuleName\":\"pzRuleFormToolbarDeleteCheckOut\"}" => HTTP 404 (18 bytes)
[PegaHttpClient] 📡 POST https://zdk8budo.pegaacademy.net/prweb/api/v1/rules/query?pxObjClass=Rule-HTML-Section&appliesTo=Data-Admin-Security-OAuth2-RegisteredApplication&pyRuleName=pzRuleFormToolbarDeleteCheckOut&RequestClass=Rule-HTML-Section&RequestAppliesTo=Data-Admin-Security-OAuth2-RegisteredApplication&RequestRuleName=pzRuleFormToolbarDeleteCheckOut Payload: "{\"RequestClass\":\"Rule-HTML-Section\",\"RequestAppliesTo\":\"Data-Admin-Security-OAuth2-RegisteredApplication\",\"RequestRuleName\":\"pzRuleFormToolbarDeleteCheckOut\"}" => HTTP 404 (18 bytes)
[PegaHttpClient] 📡 POST https://zdk8budo.pegaacademy.net/prweb/PRRestService/v1/rules/query?pxObjClass=Rule-HTML-Section&appliesTo=Data-Admin-Security-OAuth2-RegisteredApplication&pyRuleName=pzRuleFormToolbarDeleteCheckOut&RequestClass=Rule-HTML-Section&RequestAppliesTo=Data-Admin-Security-OAuth2-RegisteredApplication&RequestRuleName=pzRuleFormToolbarDeleteCheckOut Payload: "{\"RequestClass\":\"Rule-HTML-Section\",\"RequestAppliesTo\":\"Data-Admin-Security-OAuth2-RegisteredApplication\",\"RequestRuleName\":\"pzRuleFormToolbarDeleteCheckOut\"}" => HTTP 404 (18 bytes)
[PegaHttpClient] 📡 POST https://zdk8budo.pegaacademy.net/prweb/api/CodeIntelligence/v1/rules/query?pxObjClass=Rule-HTML-Section&appliesTo=Data-Admin-Security-OAuth2-RegisteredApplication&pyRuleName=pzRuleFormToolbarDeleteRule&RequestClass=Rule-HTML-Section&RequestAppliesTo=Data-Admin-Security-OAuth2-RegisteredApplication&RequestRuleName=pzRuleFormToolbarDeleteRule Payload: "{\"RequestClass\":\"Rule-HTML-Section\",\"RequestAppliesTo\":\"Data-Admin-Security-OAuth2-RegisteredApplication\",\"RequestRuleName\":\"pzRuleFormToolbarDeleteRule\"}" => HTTP 200 (32314 bytes)
[PegaHttpClient] 📡 POST https://zdk8budo.pegaacademy.net/prweb/api/CodeIntelligence/v1/rules/query?pxObjClass=Rule-HTML-Section&appliesTo=Data-Admin-Security-OAuth2-RegisteredApplication&pyRuleName=pzAuthenticationServicesMappingSection&RequestClass=Rule-HTML-Section&RequestAppliesTo=Data-Admin-Security-OAuth2-RegisteredApplication&RequestRuleName=pzAuthenticationServicesMappingSection Payload: "{\"RequestClass\":\"Rule-HTML-Section\",\"RequestAppliesTo\":\"Data-Admin-Security-OAuth2-RegisteredApplication\",\"RequestRuleName\":\"pzAuthenticationServicesMappingSection\"}" => HTTP 404 (164 bytes)
[PegaHttpClient] 📡 POST https://zdk8budo.pegaacademy.net/prweb/PRRestService/CodeIntelligence/v1/rules/query?pxObjClass=Rule-HTML-Section&appliesTo=Data-Admin-Security-OAuth2-RegisteredApplication&pyRuleName=pzAuthenticationServicesMappingSection&RequestClass=Rule-HTML-Section&RequestAppliesTo=Data-Admin-Security-OAuth2-RegisteredApplication&RequestRuleName=pzAuthenticationServicesMappingSection Payload: "{\"RequestClass\":\"Rule-HTML-Section\",\"RequestAppliesTo\":\"Data-Admin-Security-OAuth2-RegisteredApplication\",\"RequestRuleName\":\"pzAuthenticationServicesMappingSection\"}" => HTTP 404 (164 bytes)
[PegaHttpClient] 📡 POST https://zdk8budo.pegaacademy.net/prweb/api/HRAppsV2Service/V1/rules/query?pxObjClass=Rule-HTML-Section&appliesTo=Data-Admin-Security-OAuth2-RegisteredApplication&pyRuleName=pzAuthenticationServicesMappingSection&RequestClass=Rule-HTML-Section&RequestAppliesTo=Data-Admin-Security-OAuth2-RegisteredApplication&RequestRuleName=pzAuthenticationServicesMappingSection Payload: "{\"RequestClass\":\"Rule-HTML-Section\",\"RequestAppliesTo\":\"Data-Admin-Security-OAuth2-RegisteredApplication\",\"RequestRuleName\":\"pzAuthenticationServicesMappingSection\"}" => HTTP 404 (18 bytes)
[PegaHttpClient] 📡 POST https://zdk8budo.pegaacademy.net/prweb/PRRestService/HRAppsV2Service/V1/rules/query?pxObjClass=Rule-HTML-Section&appliesTo=Data-Admin-Security-OAuth2-RegisteredApplication&pyRuleName=pzAuthenticationServicesMappingSection&RequestClass=Rule-HTML-Section&RequestAppliesTo=Data-Admin-Security-OAuth2-RegisteredApplication&RequestRuleName=pzAuthenticationServicesMappingSection Payload: "{\"RequestClass\":\"Rule-HTML-Section\",\"RequestAppliesTo\":\"Data-Admin-Security-OAuth2-RegisteredApplication\",\"RequestRuleName\":\"pzAuthenticationServicesMappingSection\"}" => HTTP 404 (18 bytes)
[PegaHttpClient] 📡 POST https://zdk8budo.pegaacademy.net/prweb/api/HRAppsV2/V1/rules/query?pxObjClass=Rule-HTML-Section&appliesTo=Data-Admin-Security-OAuth2-RegisteredApplication&pyRuleName=pzAuthenticationServicesMappingSection&RequestClass=Rule-HTML-Section&RequestAppliesTo=Data-Admin-Security-OAuth2-RegisteredApplication&RequestRuleName=pzAuthenticationServicesMappingSection Payload: "{\"RequestClass\":\"Rule-HTML-Section\",\"RequestAppliesTo\":\"Data-Admin-Security-OAuth2-RegisteredApplication\",\"RequestRuleName\":\"pzAuthenticationServicesMappingSection\"}" => HTTP 404 (18 bytes)
[PegaHttpClient] 📡 POST https://zdk8budo.pegaacademy.net/prweb/PRRestService/HRAppsV2/V1/rules/query?pxObjClass=Rule-HTML-Section&appliesTo=Data-Admin-Security-OAuth2-RegisteredApplication&pyRuleName=pzAuthenticationServicesMappingSection&RequestClass=Rule-HTML-Section&RequestAppliesTo=Data-Admin-Security-OAuth2-RegisteredApplication&RequestRuleName=pzAuthenticationServicesMappingSection Payload: "{\"RequestClass\":\"Rule-HTML-Section\",\"RequestAppliesTo\":\"Data-Admin-Security-OAuth2-RegisteredApplication\",\"RequestRuleName\":\"pzAuthenticationServicesMappingSection\"}" => HTTP 404 (18 bytes)
[PegaHttpClient] 📡 POST https://zdk8budo.pegaacademy.net/prweb/api/v1/rules/query?pxObjClass=Rule-HTML-Section&appliesTo=Data-Admin-Security-OAuth2-RegisteredApplication&pyRuleName=pzAuthenticationServicesMappingSection&RequestClass=Rule-HTML-Section&RequestAppliesTo=Data-Admin-Security-OAuth2-RegisteredApplication&RequestRuleName=pzAuthenticationServicesMappingSection Payload: "{\"RequestClass\":\"Rule-HTML-Section\",\"RequestAppliesTo\":\"Data-Admin-Security-OAuth2-RegisteredApplication\",\"RequestRuleName\":\"pzAuthenticationServicesMappingSection\"}" => HTTP 404 (18 bytes)
[PegaHttpClient] 📡 POST https://zdk8budo.pegaacademy.net/prweb/PRRestService/v1/rules/query?pxObjClass=Rule-HTML-Section&appliesTo=Data-Admin-Security-OAuth2-RegisteredApplication&pyRuleName=pzAuthenticationServicesMappingSection&RequestClass=Rule-HTML-Section&RequestAppliesTo=Data-Admin-Security-OAuth2-RegisteredApplication&RequestRuleName=pzAuthenticationServicesMappingSection Payload: "{\"RequestClass\":\"Rule-HTML-Section\",\"RequestAppliesTo\":\"Data-Admin-Security-OAuth2-RegisteredApplication\",\"RequestRuleName\":\"pzAuthenticationServicesMappingSection\"}" => HTTP 404 (18 bytes)
[PegaHttpClient] 📡 POST https://zdk8budo.pegaacademy.net/prweb/api/CodeIntelligence/v1/rules/query?pxObjClass=Rule-HTML-Section&appliesTo=Data-Admin-Security-OAuth2-RegisteredApplication&pyRuleName=pzAuthenticationServicesMappingSection&RequestClass=Rule-HTML-Section&RequestAppliesTo=Data-Admin-Security-OAuth2-RegisteredApplication&RequestRuleName=pzAuthenticationServicesMappingSection Payload: "{\"RequestClass\":\"Rule-HTML-Section\",\"RequestAppliesTo\":\"Data-Admin-Security-OAuth2-RegisteredApplication\",\"RequestRuleName\":\"pzAuthenticationServicesMappingSection\"}" => HTTP 404 (164 bytes)
[PegaHttpClient] 📡 POST https://zdk8budo.pegaacademy.net/prweb/PRRestService/CodeIntelligence/v1/rules/query?pxObjClass=Rule-HTML-Section&appliesTo=Data-Admin-Security-OAuth2-RegisteredApplication&pyRuleName=pzAuthenticationServicesMappingSection&RequestClass=Rule-HTML-Section&RequestAppliesTo=Data-Admin-Security-OAuth2-RegisteredApplication&RequestRuleName=pzAuthenticationServicesMappingSection Payload: "{\"RequestClass\":\"Rule-HTML-Section\",\"RequestAppliesTo\":\"Data-Admin-Security-OAuth2-RegisteredApplication\",\"RequestRuleName\":\"pzAuthenticationServicesMappingSection\"}" => HTTP 404 (164 bytes)
[PegaHttpClient] 📡 POST https://zdk8budo.pegaacademy.net/prweb/api/HRAppsV2Service/V1/rules/query?pxObjClass=Rule-HTML-Section&appliesTo=Data-Admin-Security-OAuth2-RegisteredApplication&pyRuleName=pzAuthenticationServicesMappingSection&RequestClass=Rule-HTML-Section&RequestAppliesTo=Data-Admin-Security-OAuth2-RegisteredApplication&RequestRuleName=pzAuthenticationServicesMappingSection Payload: "{\"RequestClass\":\"Rule-HTML-Section\",\"RequestAppliesTo\":\"Data-Admin-Security-OAuth2-RegisteredApplication\",\"RequestRuleName\":\"pzAuthenticationServicesMappingSection\"}" => HTTP 404 (18 bytes)
[PegaHttpClient] 📡 POST https://zdk8budo.pegaacademy.net/prweb/PRRestService/HRAppsV2Service/V1/rules/query?pxObjClass=Rule-HTML-Section&appliesTo=Data-Admin-Security-OAuth2-RegisteredApplication&pyRuleName=pzAuthenticationServicesMappingSection&RequestClass=Rule-HTML-Section&RequestAppliesTo=Data-Admin-Security-OAuth2-RegisteredApplication&RequestRuleName=pzAuthenticationServicesMappingSection Payload: "{\"RequestClass\":\"Rule-HTML-Section\",\"RequestAppliesTo\":\"Data-Admin-Security-OAuth2-RegisteredApplication\",\"RequestRuleName\":\"pzAuthenticationServicesMappingSection\"}" => HTTP 404 (18 bytes)
[PegaHttpClient] 📡 POST https://zdk8budo.pegaacademy.net/prweb/api/HRAppsV2/V1/rules/query?pxObjClass=Rule-HTML-Section&appliesTo=Data-Admin-Security-OAuth2-RegisteredApplication&pyRuleName=pzAuthenticationServicesMappingSection&RequestClass=Rule-HTML-Section&RequestAppliesTo=Data-Admin-Security-OAuth2-RegisteredApplication&RequestRuleName=pzAuthenticationServicesMappingSection Payload: "{\"RequestClass\":\"Rule-HTML-Section\",\"RequestAppliesTo\":\"Data-Admin-Security-OAuth2-RegisteredApplication\",\"RequestRuleName\":\"pzAuthenticationServicesMappingSection\"}" => HTTP 404 (18 bytes)
[PegaHttpClient] 📡 POST https://zdk8budo.pegaacademy.net/prweb/PRRestService/HRAppsV2/V1/rules/query?pxObjClass=Rule-HTML-Section&appliesTo=Data-Admin-Security-OAuth2-RegisteredApplication&pyRuleName=pzAuthenticationServicesMappingSection&RequestClass=Rule-HTML-Section&RequestAppliesTo=Data-Admin-Security-OAuth2-RegisteredApplication&RequestRuleName=pzAuthenticationServicesMappingSection Payload: "{\"RequestClass\":\"Rule-HTML-Section\",\"RequestAppliesTo\":\"Data-Admin-Security-OAuth2-RegisteredApplication\",\"RequestRuleName\":\"pzAuthenticationServicesMappingSection\"}" => HTTP 404 (18 bytes)
[PegaHttpClient] 📡 POST https://zdk8budo.pegaacademy.net/prweb/api/v1/rules/query?pxObjClass=Rule-HTML-Section&appliesTo=Data-Admin-Security-OAuth2-RegisteredApplication&pyRuleName=pzAuthenticationServicesMappingSection&RequestClass=Rule-HTML-Section&RequestAppliesTo=Data-Admin-Security-OAuth2-RegisteredApplication&RequestRuleName=pzAuthenticationServicesMappingSection Payload: "{\"RequestClass\":\"Rule-HTML-Section\",\"RequestAppliesTo\":\"Data-Admin-Security-OAuth2-RegisteredApplication\",\"RequestRuleName\":\"pzAuthenticationServicesMappingSection\"}" => HTTP 404 (18 bytes)
[PegaHttpClient] 📡 POST https://zdk8budo.pegaacademy.net/prweb/PRRestService/v1/rules/query?pxObjClass=Rule-HTML-Section&appliesTo=Data-Admin-Security-OAuth2-RegisteredApplication&pyRuleName=pzAuthenticationServicesMappingSection&RequestClass=Rule-HTML-Section&RequestAppliesTo=Data-Admin-Security-OAuth2-RegisteredApplication&RequestRuleName=pzAuthenticationServicesMappingSection Payload: "{\"RequestClass\":\"Rule-HTML-Section\",\"RequestAppliesTo\":\"Data-Admin-Security-OAuth2-RegisteredApplication\",\"RequestRuleName\":\"pzAuthenticationServicesMappingSection\"}" => HTTP 404 (18 bytes)
[PegaHttpClient] 📡 POST https://zdk8budo.pegaacademy.net/prweb/api/CodeIntelligence/v1/rules/query?pxObjClass=Rule-HTML-Section&appliesTo=Data-Admin-Security-OAuth2-RegisteredApplication&pyRuleName=pzLoadCollaborationScripts&RequestClass=Rule-HTML-Section&RequestAppliesTo=Data-Admin-Security-OAuth2-RegisteredApplication&RequestRuleName=pzLoadCollaborationScripts Payload: "{\"RequestClass\":\"Rule-HTML-Section\",\"RequestAppliesTo\":\"Data-Admin-Security-OAuth2-RegisteredApplication\",\"RequestRuleName\":\"pzLoadCollaborationScripts\"}" => HTTP 200 (23453 bytes)
[PegaHttpClient] 📡 POST https://zdk8budo.pegaacademy.net/prweb/api/CodeIntelligence/v1/rules/query?pxObjClass=Rule-HTML-Section&appliesTo=Data-Admin-Security-OAuth2-RegisteredApplication&pyRuleName=pzDisplayCollaboratorsList&RequestClass=Rule-HTML-Section&RequestAppliesTo=Data-Admin-Security-OAuth2-RegisteredApplication&RequestRuleName=pzDisplayCollaboratorsList Payload: "{\"RequestClass\":\"Rule-HTML-Section\",\"RequestAppliesTo\":\"Data-Admin-Security-OAuth2-RegisteredApplication\",\"RequestRuleName\":\"pzDisplayCollaboratorsList\"}" => HTTP 200 (105418 bytes)
[PegaHttpClient] 📡 POST https://zdk8budo.pegaacademy.net/prweb/api/CodeIntelligence/v1/rules/query?pxObjClass=Rule-HTML-Section&appliesTo=Data-Admin-Security-OAuth2-RegisteredApplication&pyRuleName=pyCollaborator&RequestClass=Rule-HTML-Section&RequestAppliesTo=Data-Admin-Security-OAuth2-RegisteredApplication&RequestRuleName=pyCollaborator Payload: "{\"RequestClass\":\"Rule-HTML-Section\",\"RequestAppliesTo\":\"Data-Admin-Security-OAuth2-RegisteredApplication\",\"RequestRuleName\":\"pyCollaborator\"}" => HTTP 404 (140 bytes)
[PegaHttpClient] 📡 POST https://zdk8budo.pegaacademy.net/prweb/PRRestService/CodeIntelligence/v1/rules/query?pxObjClass=Rule-HTML-Section&appliesTo=Data-Admin-Security-OAuth2-RegisteredApplication&pyRuleName=pyCollaborator&RequestClass=Rule-HTML-Section&RequestAppliesTo=Data-Admin-Security-OAuth2-RegisteredApplication&RequestRuleName=pyCollaborator Payload: "{\"RequestClass\":\"Rule-HTML-Section\",\"RequestAppliesTo\":\"Data-Admin-Security-OAuth2-RegisteredApplication\",\"RequestRuleName\":\"pyCollaborator\"}" => HTTP 404 (140 bytes)
[PegaHttpClient] 📡 POST https://zdk8budo.pegaacademy.net/prweb/api/HRAppsV2Service/V1/rules/query?pxObjClass=Rule-HTML-Section&appliesTo=Data-Admin-Security-OAuth2-RegisteredApplication&pyRuleName=pyCollaborator&RequestClass=Rule-HTML-Section&RequestAppliesTo=Data-Admin-Security-OAuth2-RegisteredApplication&RequestRuleName=pyCollaborator Payload: "{\"RequestClass\":\"Rule-HTML-Section\",\"RequestAppliesTo\":\"Data-Admin-Security-OAuth2-RegisteredApplication\",\"RequestRuleName\":\"pyCollaborator\"}" => HTTP 404 (18 bytes)
[PegaHttpClient] 📡 POST https://zdk8budo.pegaacademy.net/prweb/PRRestService/HRAppsV2Service/V1/rules/query?pxObjClass=Rule-HTML-Section&appliesTo=Data-Admin-Security-OAuth2-RegisteredApplication&pyRuleName=pyCollaborator&RequestClass=Rule-HTML-Section&RequestAppliesTo=Data-Admin-Security-OAuth2-RegisteredApplication&RequestRuleName=pyCollaborator Payload: "{\"RequestClass\":\"Rule-HTML-Section\",\"RequestAppliesTo\":\"Data-Admin-Security-OAuth2-RegisteredApplication\",\"RequestRuleName\":\"pyCollaborator\"}" => HTTP 404 (18 bytes)
[PegaHttpClient] 📡 POST https://zdk8budo.pegaacademy.net/prweb/api/HRAppsV2/V1/rules/query?pxObjClass=Rule-HTML-Section&appliesTo=Data-Admin-Security-OAuth2-RegisteredApplication&pyRuleName=pyCollaborator&RequestClass=Rule-HTML-Section&RequestAppliesTo=Data-Admin-Security-OAuth2-RegisteredApplication&RequestRuleName=pyCollaborator Payload: "{\"RequestClass\":\"Rule-HTML-Section\",\"RequestAppliesTo\":\"Data-Admin-Security-OAuth2-RegisteredApplication\",\"RequestRuleName\":\"pyCollaborator\"}" => HTTP 404 (18 bytes)
[PegaHttpClient] 📡 POST https://zdk8budo.pegaacademy.net/prweb/PRRestService/HRAppsV2/V1/rules/query?pxObjClass=Rule-HTML-Section&appliesTo=Data-Admin-Security-OAuth2-RegisteredApplication&pyRuleName=pyCollaborator&RequestClass=Rule-HTML-Section&RequestAppliesTo=Data-Admin-Security-OAuth2-RegisteredApplication&RequestRuleName=pyCollaborator Payload: "{\"RequestClass\":\"Rule-HTML-Section\",\"RequestAppliesTo\":\"Data-Admin-Security-OAuth2-RegisteredApplication\",\"RequestRuleName\":\"pyCollaborator\"}" => HTTP 404 (18 bytes)
[PegaHttpClient] 📡 POST https://zdk8budo.pegaacademy.net/prweb/api/v1/rules/query?pxObjClass=Rule-HTML-Section&appliesTo=Data-Admin-Security-OAuth2-RegisteredApplication&pyRuleName=pyCollaborator&RequestClass=Rule-HTML-Section&RequestAppliesTo=Data-Admin-Security-OAuth2-RegisteredApplication&RequestRuleName=pyCollaborator Payload: "{\"RequestClass\":\"Rule-HTML-Section\",\"RequestAppliesTo\":\"Data-Admin-Security-OAuth2-RegisteredApplication\",\"RequestRuleName\":\"pyCollaborator\"}" => HTTP 404 (18 bytes)
[PegaHttpClient] 📡 POST https://zdk8budo.pegaacademy.net/prweb/PRRestService/v1/rules/query?pxObjClass=Rule-HTML-Section&appliesTo=Data-Admin-Security-OAuth2-RegisteredApplication&pyRuleName=pyCollaborator&RequestClass=Rule-HTML-Section&RequestAppliesTo=Data-Admin-Security-OAuth2-RegisteredApplication&RequestRuleName=pyCollaborator Payload: "{\"RequestClass\":\"Rule-HTML-Section\",\"RequestAppliesTo\":\"Data-Admin-Security-OAuth2-RegisteredApplication\",\"RequestRuleName\":\"pyCollaborator\"}" => HTTP 404 (18 bytes)
[PegaHttpClient] 📡 POST https://zdk8budo.pegaacademy.net/prweb/api/CodeIntelligence/v1/rules/query?pxObjClass=Rule-HTML-Section&appliesTo=Data-Admin-Security-OAuth2-RegisteredApplication&pyRuleName=pzDisplayPartialCount&RequestClass=Rule-HTML-Section&RequestAppliesTo=Data-Admin-Security-OAuth2-RegisteredApplication&RequestRuleName=pzDisplayPartialCount Payload: "{\"RequestClass\":\"Rule-HTML-Section\",\"RequestAppliesTo\":\"Data-Admin-Security-OAuth2-RegisteredApplication\",\"RequestRuleName\":\"pzDisplayPartialCount\"}" => HTTP 404 (147 bytes)
[PegaHttpClient] 📡 POST https://zdk8budo.pegaacademy.net/prweb/PRRestService/CodeIntelligence/v1/rules/query?pxObjClass=Rule-HTML-Section&appliesTo=Data-Admin-Security-OAuth2-RegisteredApplication&pyRuleName=pzDisplayPartialCount&RequestClass=Rule-HTML-Section&RequestAppliesTo=Data-Admin-Security-OAuth2-RegisteredApplication&RequestRuleName=pzDisplayPartialCount Payload: "{\"RequestClass\":\"Rule-HTML-Section\",\"RequestAppliesTo\":\"Data-Admin-Security-OAuth2-RegisteredApplication\",\"RequestRuleName\":\"pzDisplayPartialCount\"}" => HTTP 404 (147 bytes)
[PegaHttpClient] 📡 POST https://zdk8budo.pegaacademy.net/prweb/api/HRAppsV2Service/V1/rules/query?pxObjClass=Rule-HTML-Section&appliesTo=Data-Admin-Security-OAuth2-RegisteredApplication&pyRuleName=pzDisplayPartialCount&RequestClass=Rule-HTML-Section&RequestAppliesTo=Data-Admin-Security-OAuth2-RegisteredApplication&RequestRuleName=pzDisplayPartialCount Payload: "{\"RequestClass\":\"Rule-HTML-Section\",\"RequestAppliesTo\":\"Data-Admin-Security-OAuth2-RegisteredApplication\",\"RequestRuleName\":\"pzDisplayPartialCount\"}" => HTTP 404 (18 bytes)
[PegaHttpClient] 📡 POST https://zdk8budo.pegaacademy.net/prweb/PRRestService/HRAppsV2Service/V1/rules/query?pxObjClass=Rule-HTML-Section&appliesTo=Data-Admin-Security-OAuth2-RegisteredApplication&pyRuleName=pzDisplayPartialCount&RequestClass=Rule-HTML-Section&RequestAppliesTo=Data-Admin-Security-OAuth2-RegisteredApplication&RequestRuleName=pzDisplayPartialCount Payload: "{\"RequestClass\":\"Rule-HTML-Section\",\"RequestAppliesTo\":\"Data-Admin-Security-OAuth2-RegisteredApplication\",\"RequestRuleName\":\"pzDisplayPartialCount\"}" => HTTP 404 (18 bytes)
[PegaHttpClient] 📡 POST https://zdk8budo.pegaacademy.net/prweb/api/HRAppsV2/V1/rules/query?pxObjClass=Rule-HTML-Section&appliesTo=Data-Admin-Security-OAuth2-RegisteredApplication&pyRuleName=pzDisplayPartialCount&RequestClass=Rule-HTML-Section&RequestAppliesTo=Data-Admin-Security-OAuth2-RegisteredApplication&RequestRuleName=pzDisplayPartialCount Payload: "{\"RequestClass\":\"Rule-HTML-Section\",\"RequestAppliesTo\":\"Data-Admin-Security-OAuth2-RegisteredApplication\",\"RequestRuleName\":\"pzDisplayPartialCount\"}" => HTTP 404 (18 bytes)
[PegaHttpClient] 📡 POST https://zdk8budo.pegaacademy.net/prweb/PRRestService/HRAppsV2/V1/rules/query?pxObjClass=Rule-HTML-Section&appliesTo=Data-Admin-Security-OAuth2-RegisteredApplication&pyRuleName=pzDisplayPartialCount&RequestClass=Rule-HTML-Section&RequestAppliesTo=Data-Admin-Security-OAuth2-RegisteredApplication&RequestRuleName=pzDisplayPartialCount Payload: "{\"RequestClass\":\"Rule-HTML-Section\",\"RequestAppliesTo\":\"Data-Admin-Security-OAuth2-RegisteredApplication\",\"RequestRuleName\":\"pzDisplayPartialCount\"}" => HTTP 404 (18 bytes)
[PegaHttpClient] 📡 POST https://zdk8budo.pegaacademy.net/prweb/api/v1/rules/query?pxObjClass=Rule-HTML-Section&appliesTo=Data-Admin-Security-OAuth2-RegisteredApplication&pyRuleName=pzDisplayPartialCount&RequestClass=Rule-HTML-Section&RequestAppliesTo=Data-Admin-Security-OAuth2-RegisteredApplication&RequestRuleName=pzDisplayPartialCount Payload: "{\"RequestClass\":\"Rule-HTML-Section\",\"RequestAppliesTo\":\"Data-Admin-Security-OAuth2-RegisteredApplication\",\"RequestRuleName\":\"pzDisplayPartialCount\"}" => HTTP 404 (18 bytes)
[PegaHttpClient] 📡 POST https://zdk8budo.pegaacademy.net/prweb/PRRestService/v1/rules/query?pxObjClass=Rule-HTML-Section&appliesTo=Data-Admin-Security-OAuth2-RegisteredApplication&pyRuleName=pzDisplayPartialCount&RequestClass=Rule-HTML-Section&RequestAppliesTo=Data-Admin-Security-OAuth2-RegisteredApplication&RequestRuleName=pzDisplayPartialCount Payload: "{\"RequestClass\":\"Rule-HTML-Section\",\"RequestAppliesTo\":\"Data-Admin-Security-OAuth2-RegisteredApplication\",\"RequestRuleName\":\"pzDisplayPartialCount\"}" => HTTP 404 (18 bytes)
[SchemaGen] ✅ Schema written for Data-Admin-Security-OAuth2-RegisteredApplication
[PegaHttpClient] 📡 GET https://zdk8budo.pegaacademy.net/prweb/api/CodeIntelligence/v1/rules/RULE-HTML-HARNESS%20%40BASECLASS%20RULEFORM%20%2320200922T182206.450%20GMT => HTTP 200 (25018 bytes)
[PegaHttpClient] 📡 POST https://zdk8budo.pegaacademy.net/prweb/api/CodeIntelligence/v1/rules/query?pxObjClass=Rule-HTML-Section&appliesTo=%40baseclass&pyRuleName=RuleFormMain&RequestClass=Rule-HTML-Section&RequestAppliesTo=%40baseclass&RequestRuleName=RuleFormMain Payload: "{\"RequestClass\":\"Rule-HTML-Section\",\"RequestAppliesTo\":\"@baseclass\",\"RequestRuleName\":\"RuleFormMain\"}" => HTTP 500 (209 bytes)
[SchemaGen] No controls found for @baseclass, skipping.
[PegaHttpClient] 📡 GET https://zdk8budo.pegaacademy.net/prweb/api/CodeIntelligence/v1/rules/RULE-HTML-HARNESS%20RULE-OBJ-MODEL%20RULEFORM%20%2320200302T191837.757%20GMT => HTTP 200 (24868 bytes)
[PegaHttpClient] 📡 POST https://zdk8budo.pegaacademy.net/prweb/api/CodeIntelligence/v1/rules/query?pxObjClass=Rule-HTML-Section&appliesTo=Rule-Obj-Model&pyRuleName=RuleFormMain&RequestClass=Rule-HTML-Section&RequestAppliesTo=Rule-Obj-Model&RequestRuleName=RuleFormMain Payload: "{\"RequestClass\":\"Rule-HTML-Section\",\"RequestAppliesTo\":\"Rule-Obj-Model\",\"RequestRuleName\":\"RuleFormMain\"}" => HTTP 200 (156234 bytes)
[PegaHttpClient] 📡 POST https://zdk8budo.pegaacademy.net/prweb/api/CodeIntelligence/v1/rules/query?pxObjClass=Rule-HTML-Section&appliesTo=Rule-Obj-Model&pyRuleName=pxAlternateRuleForm&RequestClass=Rule-HTML-Section&RequestAppliesTo=Rule-Obj-Model&RequestRuleName=pxAlternateRuleForm Payload: "{\"RequestClass\":\"Rule-HTML-Section\",\"RequestAppliesTo\":\"Rule-Obj-Model\",\"RequestRuleName\":\"pxAlternateRuleForm\"}" => HTTP 200 (66153 bytes)
[PegaHttpClient] 📡 POST https://zdk8budo.pegaacademy.net/prweb/api/CodeIntelligence/v1/rules/query?pxObjClass=Rule-HTML-Section&appliesTo=Rule-Obj-Model&pyRuleName=pzRuleFormScripts&RequestClass=Rule-HTML-Section&RequestAppliesTo=Rule-Obj-Model&RequestRuleName=pzRuleFormScripts Payload: "{\"RequestClass\":\"Rule-HTML-Section\",\"RequestAppliesTo\":\"Rule-Obj-Model\",\"RequestRuleName\":\"pzRuleFormScripts\"}" => HTTP 200 (40822 bytes)
[PegaHttpClient] 📡 POST https://zdk8budo.pegaacademy.net/prweb/api/CodeIntelligence/v1/rules/query?pxObjClass=Rule-HTML-Section&appliesTo=Rule-Obj-Model&pyRuleName=pzRuleFormLayoutDelegated&RequestClass=Rule-HTML-Section&RequestAppliesTo=Rule-Obj-Model&RequestRuleName=pzRuleFormLayoutDelegated Payload: "{\"RequestClass\":\"Rule-HTML-Section\",\"RequestAppliesTo\":\"Rule-Obj-Model\",\"RequestRuleName\":\"pzRuleFormLayoutDelegated\"}" => HTTP 200 (70998 bytes)
[PegaHttpClient] 📡 POST https://zdk8budo.pegaacademy.net/prweb/api/CodeIntelligence/v1/rules/query?pxObjClass=Rule-HTML-Section&appliesTo=Rule-Obj-Model&pyRuleName=RuleFormLayout&RequestClass=Rule-HTML-Section&RequestAppliesTo=Rule-Obj-Model&RequestRuleName=RuleFormLayout Payload: "{\"RequestClass\":\"Rule-HTML-Section\",\"RequestAppliesTo\":\"Rule-Obj-Model\",\"RequestRuleName\":\"RuleFormLayout\"}" => HTTP 200 (180140 bytes)
[PegaHttpClient] 📡 POST https://zdk8budo.pegaacademy.net/prweb/api/CodeIntelligence/v1/rules/query?pxObjClass=Rule-HTML-Section&appliesTo=Rule-Obj-Model&pyRuleName=RuleFormSettings&RequestClass=Rule-HTML-Section&RequestAppliesTo=Rule-Obj-Model&RequestRuleName=RuleFormSettings Payload: "{\"RequestClass\":\"Rule-HTML-Section\",\"RequestAppliesTo\":\"Rule-Obj-Model\",\"RequestRuleName\":\"RuleFormSettings\"}" => HTTP 200 (20540 bytes)
[PegaHttpClient] 📡 POST https://zdk8budo.pegaacademy.net/prweb/api/CodeIntelligence/v1/rules/query?pxObjClass=Rule-HTML-Section&appliesTo=Rule-Obj-Model&pyRuleName=OpenAuthoring&RequestClass=Rule-HTML-Section&RequestAppliesTo=Rule-Obj-Model&RequestRuleName=OpenAuthoring Payload: "{\"RequestClass\":\"Rule-HTML-Section\",\"RequestAppliesTo\":\"Rule-Obj-Model\",\"RequestRuleName\":\"OpenAuthoring\"}" => HTTP 200 (23695 bytes)
[PegaHttpClient] 📡 POST https://zdk8budo.pegaacademy.net/prweb/api/CodeIntelligence/v1/rules/query?pxObjClass=Rule-HTML-Section&appliesTo=Rule-Obj-Model&pyRuleName=pyCustomHelp&RequestClass=Rule-HTML-Section&RequestAppliesTo=Rule-Obj-Model&RequestRuleName=pyCustomHelp Payload: "{\"RequestClass\":\"Rule-HTML-Section\",\"RequestAppliesTo\":\"Rule-Obj-Model\",\"RequestRuleName\":\"pyCustomHelp\"}" => HTTP 200 (17256 bytes)
[PegaHttpClient] 📡 POST https://zdk8budo.pegaacademy.net/prweb/api/CodeIntelligence/v1/rules/query?pxObjClass=Rule-HTML-Section&appliesTo=Rule-Obj-Model&pyRuleName=pzRuleformMainInclude&RequestClass=Rule-HTML-Section&RequestAppliesTo=Rule-Obj-Model&RequestRuleName=pzRuleformMainInclude Payload: "{\"RequestClass\":\"Rule-HTML-Section\",\"RequestAppliesTo\":\"Rule-Obj-Model\",\"RequestRuleName\":\"pzRuleformMainInclude\"}" => HTTP 200 (22375 bytes)
[PegaHttpClient] 📡 POST https://zdk8budo.pegaacademy.net/prweb/api/CodeIntelligence/v1/rules/query?pxObjClass=Rule-HTML-Section&appliesTo=Rule-Obj-Model&pyRuleName=pyAlternativeRuleFormStrategicAppExtension&RequestClass=Rule-HTML-Section&RequestAppliesTo=Rule-Obj-Model&RequestRuleName=pyAlternativeRuleFormStrategicAppExtension Payload: "{\"RequestClass\":\"Rule-HTML-Section\",\"RequestAppliesTo\":\"Rule-Obj-Model\",\"RequestRuleName\":\"pyAlternativeRuleFormStrategicAppExtension\"}" => HTTP 200 (25042 bytes)
[PegaHttpClient] 📡 POST https://zdk8budo.pegaacademy.net/prweb/api/CodeIntelligence/v1/rules/query?pxObjClass=Rule-HTML-Section&appliesTo=Rule-Obj-Model&pyRuleName=pyAlternativeRuleFormExtension&RequestClass=Rule-HTML-Section&RequestAppliesTo=Rule-Obj-Model&RequestRuleName=pyAlternativeRuleFormExtension Payload: "{\"RequestClass\":\"Rule-HTML-Section\",\"RequestAppliesTo\":\"Rule-Obj-Model\",\"RequestRuleName\":\"pyAlternativeRuleFormExtension\"}" => HTTP 200 (24863 bytes)
[PegaHttpClient] 📡 POST https://zdk8budo.pegaacademy.net/prweb/api/CodeIntelligence/v1/rules/query?pxObjClass=Rule-HTML-Section&appliesTo=Rule-Obj-Model&pyRuleName=RuleFormHeader&RequestClass=Rule-HTML-Section&RequestAppliesTo=Rule-Obj-Model&RequestRuleName=RuleFormHeader Payload: "{\"RequestClass\":\"Rule-HTML-Section\",\"RequestAppliesTo\":\"Rule-Obj-Model\",\"RequestRuleName\":\"RuleFormHeader\"}" => HTTP 200 (183800 bytes)
[PegaHttpClient] 📡 POST https://zdk8budo.pegaacademy.net/prweb/api/CodeIntelligence/v1/rules/query?pxObjClass=Rule-HTML-Section&appliesTo=Rule-Obj-Model&pyRuleName=pzDelegationExperience&RequestClass=Rule-HTML-Section&RequestAppliesTo=Rule-Obj-Model&RequestRuleName=pzDelegationExperience Payload: "{\"RequestClass\":\"Rule-HTML-Section\",\"RequestAppliesTo\":\"Rule-Obj-Model\",\"RequestRuleName\":\"pzDelegationExperience\"}" => HTTP 404 (114 bytes)
[PegaHttpClient] 📡 POST https://zdk8budo.pegaacademy.net/prweb/PRRestService/CodeIntelligence/v1/rules/query?pxObjClass=Rule-HTML-Section&appliesTo=Rule-Obj-Model&pyRuleName=pzDelegationExperience&RequestClass=Rule-HTML-Section&RequestAppliesTo=Rule-Obj-Model&RequestRuleName=pzDelegationExperience Payload: "{\"RequestClass\":\"Rule-HTML-Section\",\"RequestAppliesTo\":\"Rule-Obj-Model\",\"RequestRuleName\":\"pzDelegationExperience\"}" => HTTP 404 (114 bytes)
[PegaHttpClient] 📡 POST https://zdk8budo.pegaacademy.net/prweb/api/HRAppsV2Service/V1/rules/query?pxObjClass=Rule-HTML-Section&appliesTo=Rule-Obj-Model&pyRuleName=pzDelegationExperience&RequestClass=Rule-HTML-Section&RequestAppliesTo=Rule-Obj-Model&RequestRuleName=pzDelegationExperience Payload: "{\"RequestClass\":\"Rule-HTML-Section\",\"RequestAppliesTo\":\"Rule-Obj-Model\",\"RequestRuleName\":\"pzDelegationExperience\"}" => HTTP 404 (18 bytes)
[PegaHttpClient] 📡 POST https://zdk8budo.pegaacademy.net/prweb/PRRestService/HRAppsV2Service/V1/rules/query?pxObjClass=Rule-HTML-Section&appliesTo=Rule-Obj-Model&pyRuleName=pzDelegationExperience&RequestClass=Rule-HTML-Section&RequestAppliesTo=Rule-Obj-Model&RequestRuleName=pzDelegationExperience Payload: "{\"RequestClass\":\"Rule-HTML-Section\",\"RequestAppliesTo\":\"Rule-Obj-Model\",\"RequestRuleName\":\"pzDelegationExperience\"}" => HTTP 404 (18 bytes)
[PegaHttpClient] 📡 POST https://zdk8budo.pegaacademy.net/prweb/api/HRAppsV2/V1/rules/query?pxObjClass=Rule-HTML-Section&appliesTo=Rule-Obj-Model&pyRuleName=pzDelegationExperience&RequestClass=Rule-HTML-Section&RequestAppliesTo=Rule-Obj-Model&RequestRuleName=pzDelegationExperience Payload: "{\"RequestClass\":\"Rule-HTML-Section\",\"RequestAppliesTo\":\"Rule-Obj-Model\",\"RequestRuleName\":\"pzDelegationExperience\"}" => HTTP 404 (18 bytes)
[PegaHttpClient] 📡 POST https://zdk8budo.pegaacademy.net/prweb/PRRestService/HRAppsV2/V1/rules/query?pxObjClass=Rule-HTML-Section&appliesTo=Rule-Obj-Model&pyRuleName=pzDelegationExperience&RequestClass=Rule-HTML-Section&RequestAppliesTo=Rule-Obj-Model&RequestRuleName=pzDelegationExperience Payload: "{\"RequestClass\":\"Rule-HTML-Section\",\"RequestAppliesTo\":\"Rule-Obj-Model\",\"RequestRuleName\":\"pzDelegationExperience\"}" => HTTP 404 (18 bytes)
[PegaHttpClient] 📡 POST https://zdk8budo.pegaacademy.net/prweb/api/v1/rules/query?pxObjClass=Rule-HTML-Section&appliesTo=Rule-Obj-Model&pyRuleName=pzDelegationExperience&RequestClass=Rule-HTML-Section&RequestAppliesTo=Rule-Obj-Model&RequestRuleName=pzDelegationExperience Payload: "{\"RequestClass\":\"Rule-HTML-Section\",\"RequestAppliesTo\":\"Rule-Obj-Model\",\"RequestRuleName\":\"pzDelegationExperience\"}" => HTTP 404 (18 bytes)
[PegaHttpClient] 📡 POST https://zdk8budo.pegaacademy.net/prweb/PRRestService/v1/rules/query?pxObjClass=Rule-HTML-Section&appliesTo=Rule-Obj-Model&pyRuleName=pzDelegationExperience&RequestClass=Rule-HTML-Section&RequestAppliesTo=Rule-Obj-Model&RequestRuleName=pzDelegationExperience Payload: "{\"RequestClass\":\"Rule-HTML-Section\",\"RequestAppliesTo\":\"Rule-Obj-Model\",\"RequestRuleName\":\"pzDelegationExperience\"}" => HTTP 404 (18 bytes)
[PegaHttpClient] 📡 POST https://zdk8budo.pegaacademy.net/prweb/api/CodeIntelligence/v1/rules/query?pxObjClass=Rule-HTML-Section&appliesTo=Rule-Obj-Model&pyRuleName=pzDefinition&RequestClass=Rule-HTML-Section&RequestAppliesTo=Rule-Obj-Model&RequestRuleName=pzDefinition Payload: "{\"RequestClass\":\"Rule-HTML-Section\",\"RequestAppliesTo\":\"Rule-Obj-Model\",\"RequestRuleName\":\"pzDefinition\"}" => HTTP 200 (178731 bytes)
[PegaHttpClient] 📡 POST https://zdk8budo.pegaacademy.net/prweb/api/CodeIntelligence/v1/rules/query?pxObjClass=Rule-HTML-Section&appliesTo=Rule-Obj-Model&pyRuleName=pzRuleFormParameters&RequestClass=Rule-HTML-Section&RequestAppliesTo=Rule-Obj-Model&RequestRuleName=pzRuleFormParameters Payload: "{\"RequestClass\":\"Rule-HTML-Section\",\"RequestAppliesTo\":\"Rule-Obj-Model\",\"RequestRuleName\":\"pzRuleFormParameters\"}" => HTTP 200 (26902 bytes)
[PegaHttpClient] 📡 POST https://zdk8budo.pegaacademy.net/prweb/api/CodeIntelligence/v1/rules/query?pxObjClass=Rule-HTML-Section&appliesTo=Rule-Obj-Model&pyRuleName=pzSectionSettingsTab&RequestClass=Rule-HTML-Section&RequestAppliesTo=Rule-Obj-Model&RequestRuleName=pzSectionSettingsTab Payload: "{\"RequestClass\":\"Rule-HTML-Section\",\"RequestAppliesTo\":\"Rule-Obj-Model\",\"RequestRuleName\":\"pzSectionSettingsTab\"}" => HTTP 200 (13215 bytes)
[PegaHttpClient] 📡 POST https://zdk8budo.pegaacademy.net/prweb/api/CodeIntelligence/v1/rules/query?pxObjClass=Rule-HTML-Section&appliesTo=Rule-Obj-Model&pyRuleName=RuleFormPagesAndClasses&RequestClass=Rule-HTML-Section&RequestAppliesTo=Rule-Obj-Model&RequestRuleName=RuleFormPagesAndClasses Payload: "{\"RequestClass\":\"Rule-HTML-Section\",\"RequestAppliesTo\":\"Rule-Obj-Model\",\"RequestRuleName\":\"RuleFormPagesAndClasses\"}" => HTTP 200 (34748 bytes)
[PegaHttpClient] 📡 POST https://zdk8budo.pegaacademy.net/prweb/api/CodeIntelligence/v1/rules/query?pxObjClass=Rule-HTML-Section&appliesTo=Rule-Obj-Model&pyRuleName=pzUnitTestCases&RequestClass=Rule-HTML-Section&RequestAppliesTo=Rule-Obj-Model&RequestRuleName=pzUnitTestCases Payload: "{\"RequestClass\":\"Rule-HTML-Section\",\"RequestAppliesTo\":\"Rule-Obj-Model\",\"RequestRuleName\":\"pzUnitTestCases\"}" => HTTP 200 (285239 bytes)
[PegaHttpClient] 📡 POST https://zdk8budo.pegaacademy.net/prweb/api/CodeIntelligence/v1/rules/query?pxObjClass=Rule-HTML-Section&appliesTo=Rule-Obj-Model&pyRuleName=pzSpecifications&RequestClass=Rule-HTML-Section&RequestAppliesTo=Rule-Obj-Model&RequestRuleName=pzSpecifications Payload: "{\"RequestClass\":\"Rule-HTML-Section\",\"RequestAppliesTo\":\"Rule-Obj-Model\",\"RequestRuleName\":\"pzSpecifications\"}" => HTTP 200 (16577 bytes)
[PegaHttpClient] 📡 POST https://zdk8budo.pegaacademy.net/prweb/api/CodeIntelligence/v1/rules/query?pxObjClass=Rule-HTML-Section&appliesTo=Rule-Obj-Model&pyRuleName=RuleFormHistory&RequestClass=Rule-HTML-Section&RequestAppliesTo=Rule-Obj-Model&RequestRuleName=RuleFormHistory Payload: "{\"RequestClass\":\"Rule-HTML-Section\",\"RequestAppliesTo\":\"Rule-Obj-Model\",\"RequestRuleName\":\"RuleFormHistory\"}" => HTTP 200 (76091 bytes)
[PegaHttpClient] 📡 POST https://zdk8budo.pegaacademy.net/prweb/api/CodeIntelligence/v1/rules/query?pxObjClass=Rule-HTML-Section&appliesTo=Rule-Obj-Model&pyRuleName=pzCustomHelp&RequestClass=Rule-HTML-Section&RequestAppliesTo=Rule-Obj-Model&RequestRuleName=pzCustomHelp Payload: "{\"RequestClass\":\"Rule-HTML-Section\",\"RequestAppliesTo\":\"Rule-Obj-Model\",\"RequestRuleName\":\"pzCustomHelp\"}" => HTTP 200 (31573 bytes)
[PegaHttpClient] 📡 POST https://zdk8budo.pegaacademy.net/prweb/api/CodeIntelligence/v1/rules/query?pxObjClass=Rule-HTML-Section&appliesTo=Rule-Obj-Model&pyRuleName=pzRuleFormKeysAndDescription&RequestClass=Rule-HTML-Section&RequestAppliesTo=Rule-Obj-Model&RequestRuleName=pzRuleFormKeysAndDescription Payload: "{\"RequestClass\":\"Rule-HTML-Section\",\"RequestAppliesTo\":\"Rule-Obj-Model\",\"RequestRuleName\":\"pzRuleFormKeysAndDescription\"}" => HTTP 200 (218057 bytes)
[PegaHttpClient] 📡 POST https://zdk8budo.pegaacademy.net/prweb/api/CodeIntelligence/v1/rules/query?pxObjClass=Rule-HTML-Section&appliesTo=Rule-Obj-Model&pyRuleName=pzRuleFormRuleset&RequestClass=Rule-HTML-Section&RequestAppliesTo=Rule-Obj-Model&RequestRuleName=pzRuleFormRuleset Payload: "{\"RequestClass\":\"Rule-HTML-Section\",\"RequestAppliesTo\":\"Rule-Obj-Model\",\"RequestRuleName\":\"pzRuleFormRuleset\"}" => HTTP 200 (33985 bytes)
[PegaHttpClient] 📡 POST https://zdk8budo.pegaacademy.net/prweb/api/CodeIntelligence/v1/rules/query?pxObjClass=Rule-HTML-Section&appliesTo=Rule-Obj-Model&pyRuleName=undefined&RequestClass=Rule-HTML-Section&RequestAppliesTo=Rule-Obj-Model&RequestRuleName=undefined Payload: "{\"RequestClass\":\"Rule-HTML-Section\",\"RequestAppliesTo\":\"Rule-Obj-Model\",\"RequestRuleName\":\"undefined\"}" => HTTP 404 (101 bytes)
[PegaHttpClient] 📡 POST https://zdk8budo.pegaacademy.net/prweb/PRRestService/CodeIntelligence/v1/rules/query?pxObjClass=Rule-HTML-Section&appliesTo=Rule-Obj-Model&pyRuleName=undefined&RequestClass=Rule-HTML-Section&RequestAppliesTo=Rule-Obj-Model&RequestRuleName=undefined Payload: "{\"RequestClass\":\"Rule-HTML-Section\",\"RequestAppliesTo\":\"Rule-Obj-Model\",\"RequestRuleName\":\"undefined\"}" => HTTP 404 (101 bytes)
[PegaHttpClient] 📡 POST https://zdk8budo.pegaacademy.net/prweb/api/HRAppsV2Service/V1/rules/query?pxObjClass=Rule-HTML-Section&appliesTo=Rule-Obj-Model&pyRuleName=undefined&RequestClass=Rule-HTML-Section&RequestAppliesTo=Rule-Obj-Model&RequestRuleName=undefined Payload: "{\"RequestClass\":\"Rule-HTML-Section\",\"RequestAppliesTo\":\"Rule-Obj-Model\",\"RequestRuleName\":\"undefined\"}" => HTTP 404 (18 bytes)
[PegaHttpClient] 📡 POST https://zdk8budo.pegaacademy.net/prweb/PRRestService/HRAppsV2Service/V1/rules/query?pxObjClass=Rule-HTML-Section&appliesTo=Rule-Obj-Model&pyRuleName=undefined&RequestClass=Rule-HTML-Section&RequestAppliesTo=Rule-Obj-Model&RequestRuleName=undefined Payload: "{\"RequestClass\":\"Rule-HTML-Section\",\"RequestAppliesTo\":\"Rule-Obj-Model\",\"RequestRuleName\":\"undefined\"}" => HTTP 404 (18 bytes)
[PegaHttpClient] 📡 POST https://zdk8budo.pegaacademy.net/prweb/api/HRAppsV2/V1/rules/query?pxObjClass=Rule-HTML-Section&appliesTo=Rule-Obj-Model&pyRuleName=undefined&RequestClass=Rule-HTML-Section&RequestAppliesTo=Rule-Obj-Model&RequestRuleName=undefined Payload: "{\"RequestClass\":\"Rule-HTML-Section\",\"RequestAppliesTo\":\"Rule-Obj-Model\",\"RequestRuleName\":\"undefined\"}" => HTTP 404 (18 bytes)
[PegaHttpClient] 📡 POST https://zdk8budo.pegaacademy.net/prweb/PRRestService/HRAppsV2/V1/rules/query?pxObjClass=Rule-HTML-Section&appliesTo=Rule-Obj-Model&pyRuleName=undefined&RequestClass=Rule-HTML-Section&RequestAppliesTo=Rule-Obj-Model&RequestRuleName=undefined Payload: "{\"RequestClass\":\"Rule-HTML-Section\",\"RequestAppliesTo\":\"Rule-Obj-Model\",\"RequestRuleName\":\"undefined\"}" => HTTP 404 (18 bytes)
[PegaHttpClient] 📡 POST https://zdk8budo.pegaacademy.net/prweb/api/v1/rules/query?pxObjClass=Rule-HTML-Section&appliesTo=Rule-Obj-Model&pyRuleName=undefined&RequestClass=Rule-HTML-Section&RequestAppliesTo=Rule-Obj-Model&RequestRuleName=undefined Payload: "{\"RequestClass\":\"Rule-HTML-Section\",\"RequestAppliesTo\":\"Rule-Obj-Model\",\"RequestRuleName\":\"undefined\"}" => HTTP 404 (18 bytes)
[PegaHttpClient] 📡 POST https://zdk8budo.pegaacademy.net/prweb/PRRestService/v1/rules/query?pxObjClass=Rule-HTML-Section&appliesTo=Rule-Obj-Model&pyRuleName=undefined&RequestClass=Rule-HTML-Section&RequestAppliesTo=Rule-Obj-Model&RequestRuleName=undefined Payload: "{\"RequestClass\":\"Rule-HTML-Section\",\"RequestAppliesTo\":\"Rule-Obj-Model\",\"RequestRuleName\":\"undefined\"}" => HTTP 404 (18 bytes)
[PegaHttpClient] 📡 POST https://zdk8budo.pegaacademy.net/prweb/api/CodeIntelligence/v1/rules/query?pxObjClass=Rule-HTML-Section&appliesTo=Rule-Obj-Model&pyRuleName=pzRuleFormToolbar&RequestClass=Rule-HTML-Section&RequestAppliesTo=Rule-Obj-Model&RequestRuleName=pzRuleFormToolbar Payload: "{\"RequestClass\":\"Rule-HTML-Section\",\"RequestAppliesTo\":\"Rule-Obj-Model\",\"RequestRuleName\":\"pzRuleFormToolbar\"}" => HTTP 200 (242691 bytes)
[PegaHttpClient] 📡 POST https://zdk8budo.pegaacademy.net/prweb/api/CodeIntelligence/v1/rules/query?pxObjClass=Rule-HTML-Section&appliesTo=Rule-Obj-Model&pyRuleName=pzRuleFormToolbarCompare&RequestClass=Rule-HTML-Section&RequestAppliesTo=Rule-Obj-Model&RequestRuleName=pzRuleFormToolbarCompare Payload: "{\"RequestClass\":\"Rule-HTML-Section\",\"RequestAppliesTo\":\"Rule-Obj-Model\",\"RequestRuleName\":\"pzRuleFormToolbarCompare\"}" => HTTP 200 (61925 bytes)
[PegaHttpClient] 📡 POST https://zdk8budo.pegaacademy.net/prweb/api/CodeIntelligence/v1/rules/query?pxObjClass=Rule-HTML-Section&appliesTo=Rule-Obj-Model&pyRuleName=RuleFormHeaderMessages&RequestClass=Rule-HTML-Section&RequestAppliesTo=Rule-Obj-Model&RequestRuleName=RuleFormHeaderMessages Payload: "{\"RequestClass\":\"Rule-HTML-Section\",\"RequestAppliesTo\":\"Rule-Obj-Model\",\"RequestRuleName\":\"RuleFormHeaderMessages\"}" => HTTP 200 (26518 bytes)
[PegaHttpClient] 📡 POST https://zdk8budo.pegaacademy.net/prweb/api/CodeIntelligence/v1/rules/query?pxObjClass=Rule-HTML-Section&appliesTo=Rule-Obj-Model&pyRuleName=pzRuleFormParametersScript&RequestClass=Rule-HTML-Section&RequestAppliesTo=Rule-Obj-Model&RequestRuleName=pzRuleFormParametersScript Payload: "{\"RequestClass\":\"Rule-HTML-Section\",\"RequestAppliesTo\":\"Rule-Obj-Model\",\"RequestRuleName\":\"pzRuleFormParametersScript\"}" => HTTP 200 (32712 bytes)
[PegaHttpClient] 📡 POST https://zdk8budo.pegaacademy.net/prweb/api/CodeIntelligence/v1/rules/query?pxObjClass=Rule-HTML-Section&appliesTo=Rule-Obj-Model&pyRuleName=pxRuleFormParameters&RequestClass=Rule-HTML-Section&RequestAppliesTo=Rule-Obj-Model&RequestRuleName=pxRuleFormParameters Payload: "{\"RequestClass\":\"Rule-HTML-Section\",\"RequestAppliesTo\":\"Rule-Obj-Model\",\"RequestRuleName\":\"pxRuleFormParameters\"}" => HTTP 200 (24542 bytes)
[PegaHttpClient] 📡 POST https://zdk8budo.pegaacademy.net/prweb/api/CodeIntelligence/v1/rules/query?pxObjClass=Rule-HTML-Section&appliesTo=Rule-Obj-Model&pyRuleName=pzRuleFormPagesAndClassesScript&RequestClass=Rule-HTML-Section&RequestAppliesTo=Rule-Obj-Model&RequestRuleName=pzRuleFormPagesAndClassesScript Payload: "{\"RequestClass\":\"Rule-HTML-Section\",\"RequestAppliesTo\":\"Rule-Obj-Model\",\"RequestRuleName\":\"pzRuleFormPagesAndClassesScript\"}" => HTTP 200 (15730 bytes)
[PegaHttpClient] 📡 POST https://zdk8budo.pegaacademy.net/prweb/api/CodeIntelligence/v1/rules/query?pxObjClass=Rule-HTML-Section&appliesTo=Rule-Obj-Model&pyRuleName=pzPagesAndClassesNoMode&RequestClass=Rule-HTML-Section&RequestAppliesTo=Rule-Obj-Model&RequestRuleName=pzPagesAndClassesNoMode Payload: "{\"RequestClass\":\"Rule-HTML-Section\",\"RequestAppliesTo\":\"Rule-Obj-Model\",\"RequestRuleName\":\"pzPagesAndClassesNoMode\"}" => HTTP 200 (90057 bytes)
[PegaHttpClient] 📡 POST https://zdk8budo.pegaacademy.net/prweb/api/CodeIntelligence/v1/rules/query?pxObjClass=Rule-HTML-Section&appliesTo=Rule-Obj-Model&pyRuleName=pzPagesAndClassesWithMode&RequestClass=Rule-HTML-Section&RequestAppliesTo=Rule-Obj-Model&RequestRuleName=pzPagesAndClassesWithMode Payload: "{\"RequestClass\":\"Rule-HTML-Section\",\"RequestAppliesTo\":\"Rule-Obj-Model\",\"RequestRuleName\":\"pzPagesAndClassesWithMode\"}" => HTTP 200 (97424 bytes)
[PegaHttpClient] 📡 POST https://zdk8budo.pegaacademy.net/prweb/api/CodeIntelligence/v1/rules/query?pxObjClass=Rule-HTML-Section&appliesTo=Rule-Obj-Model&pyRuleName=pzRFSelectAllTestCases&RequestClass=Rule-HTML-Section&RequestAppliesTo=Rule-Obj-Model&RequestRuleName=pzRFSelectAllTestCases Payload: "{\"RequestClass\":\"Rule-HTML-Section\",\"RequestAppliesTo\":\"Rule-Obj-Model\",\"RequestRuleName\":\"pzRFSelectAllTestCases\"}" => HTTP 200 (83585 bytes)
[PegaHttpClient] 📡 POST https://zdk8budo.pegaacademy.net/prweb/api/CodeIntelligence/v1/rules/query?pxObjClass=Rule-HTML-Section&appliesTo=Rule-Obj-Model&pyRuleName=pzRFProgressbarWrapper&RequestClass=Rule-HTML-Section&RequestAppliesTo=Rule-Obj-Model&RequestRuleName=pzRFProgressbarWrapper Payload: "{\"RequestClass\":\"Rule-HTML-Section\",\"RequestAppliesTo\":\"Rule-Obj-Model\",\"RequestRuleName\":\"pzRFProgressbarWrapper\"}" => HTTP 200 (17204 bytes)
[PegaHttpClient] 📡 POST https://zdk8budo.pegaacademy.net/prweb/api/CodeIntelligence/v1/rules/query?pxObjClass=Rule-HTML-Section&appliesTo=Rule-Obj-Model&pyRuleName=pzRFRunSelected&RequestClass=Rule-HTML-Section&RequestAppliesTo=Rule-Obj-Model&RequestRuleName=pzRFRunSelected Payload: "{\"RequestClass\":\"Rule-HTML-Section\",\"RequestAppliesTo\":\"Rule-Obj-Model\",\"RequestRuleName\":\"pzRFRunSelected\"}" => HTTP 200 (19863 bytes)
[PegaHttpClient] 📡 POST https://zdk8budo.pegaacademy.net/prweb/api/CodeIntelligence/v1/rules/query?pxObjClass=Rule-HTML-Section&appliesTo=Rule-Obj-Model&pyRuleName=pzRuleSpecificButtons&RequestClass=Rule-HTML-Section&RequestAppliesTo=Rule-Obj-Model&RequestRuleName=pzRuleSpecificButtons Payload: "{\"RequestClass\":\"Rule-HTML-Section\",\"RequestAppliesTo\":\"Rule-Obj-Model\",\"RequestRuleName\":\"pzRuleSpecificButtons\"}" => HTTP 200 (15181 bytes)
[PegaHttpClient] 📡 POST https://zdk8budo.pegaacademy.net/prweb/api/CodeIntelligence/v1/rules/query?pxObjClass=Rule-HTML-Section&appliesTo=Rule-Obj-Model&pyRuleName=pzRFSelectATest&RequestClass=Rule-HTML-Section&RequestAppliesTo=Rule-Obj-Model&RequestRuleName=pzRFSelectATest Payload: "{\"RequestClass\":\"Rule-HTML-Section\",\"RequestAppliesTo\":\"Rule-Obj-Model\",\"RequestRuleName\":\"pzRFSelectATest\"}" => HTTP 200 (23363 bytes)
[PegaHttpClient] 📡 POST https://zdk8budo.pegaacademy.net/prweb/api/CodeIntelligence/v1/rules/query?pxObjClass=Rule-HTML-Section&appliesTo=Rule-Obj-Model&pyRuleName=pzTestCaseRunTimeWrapperLP&RequestClass=Rule-HTML-Section&RequestAppliesTo=Rule-Obj-Model&RequestRuleName=pzTestCaseRunTimeWrapperLP Payload: "{\"RequestClass\":\"Rule-HTML-Section\",\"RequestAppliesTo\":\"Rule-Obj-Model\",\"RequestRuleName\":\"pzTestCaseRunTimeWrapperLP\"}" => HTTP 200 (19734 bytes)
[PegaHttpClient] 📡 POST https://zdk8budo.pegaacademy.net/prweb/api/CodeIntelligence/v1/rules/query?pxObjClass=Rule-HTML-Section&appliesTo=Rule-Obj-Model&pyRuleName=pzShowRunAndExpectedTimeWrapper&RequestClass=Rule-HTML-Section&RequestAppliesTo=Rule-Obj-Model&RequestRuleName=pzShowRunAndExpectedTimeWrapper Payload: "{\"RequestClass\":\"Rule-HTML-Section\",\"RequestAppliesTo\":\"Rule-Obj-Model\",\"RequestRuleName\":\"pzShowRunAndExpectedTimeWrapper\"}" => HTTP 200 (30204 bytes)
[PegaHttpClient] 📡 POST https://zdk8budo.pegaacademy.net/prweb/api/CodeIntelligence/v1/rules/query?pxObjClass=Rule-HTML-Section&appliesTo=Rule-Obj-Model&pyRuleName=pzTestCaseRunStatusWrapperLP&RequestClass=Rule-HTML-Section&RequestAppliesTo=Rule-Obj-Model&RequestRuleName=pzTestCaseRunStatusWrapperLP Payload: "{\"RequestClass\":\"Rule-HTML-Section\",\"RequestAppliesTo\":\"Rule-Obj-Model\",\"RequestRuleName\":\"pzTestCaseRunStatusWrapperLP\"}" => HTTP 200 (56140 bytes)
[PegaHttpClient] 📡 POST https://zdk8budo.pegaacademy.net/prweb/api/CodeIntelligence/v1/rules/query?pxObjClass=Rule-HTML-Section&appliesTo=Rule-Obj-Model&pyRuleName=pzSpecificationsInner&RequestClass=Rule-HTML-Section&RequestAppliesTo=Rule-Obj-Model&RequestRuleName=pzSpecificationsInner Payload: "{\"RequestClass\":\"Rule-HTML-Section\",\"RequestAppliesTo\":\"Rule-Obj-Model\",\"RequestRuleName\":\"pzSpecificationsInner\"}" => HTTP 200 (142370 bytes)
[PegaHttpClient] 📡 POST https://zdk8budo.pegaacademy.net/prweb/api/CodeIntelligence/v1/rules/query?pxObjClass=Rule-HTML-Section&appliesTo=Rule-Obj-Model&pyRuleName=pzAlternateRuleInfo&RequestClass=Rule-HTML-Section&RequestAppliesTo=Rule-Obj-Model&RequestRuleName=pzAlternateRuleInfo Payload: "{\"RequestClass\":\"Rule-HTML-Section\",\"RequestAppliesTo\":\"Rule-Obj-Model\",\"RequestRuleName\":\"pzAlternateRuleInfo\"}" => HTTP 200 (140407 bytes)
[PegaHttpClient] 📡 POST https://zdk8budo.pegaacademy.net/prweb/api/CodeIntelligence/v1/rules/query?pxObjClass=Rule-HTML-Section&appliesTo=Rule-Obj-Model&pyRuleName=RuleFormHistory_Description&RequestClass=Rule-HTML-Section&RequestAppliesTo=Rule-Obj-Model&RequestRuleName=RuleFormHistory_Description Payload: "{\"RequestClass\":\"Rule-HTML-Section\",\"RequestAppliesTo\":\"Rule-Obj-Model\",\"RequestRuleName\":\"RuleFormHistory_Description\"}" => HTTP 200 (46242 bytes)
[PegaHttpClient] 📡 POST https://zdk8budo.pegaacademy.net/prweb/api/CodeIntelligence/v1/rules/query?pxObjClass=Rule-HTML-Section&appliesTo=Rule-Obj-Model&pyRuleName=RuleFormHistory_CustomFields&RequestClass=Rule-HTML-Section&RequestAppliesTo=Rule-Obj-Model&RequestRuleName=RuleFormHistory_CustomFields Payload: "{\"RequestClass\":\"Rule-HTML-Section\",\"RequestAppliesTo\":\"Rule-Obj-Model\",\"RequestRuleName\":\"RuleFormHistory_CustomFields\"}" => HTTP 200 (75856 bytes)
[PegaHttpClient] 📡 POST https://zdk8budo.pegaacademy.net/prweb/api/CodeIntelligence/v1/rules/query?pxObjClass=Rule-HTML-Section&appliesTo=Rule-Obj-Model&pyRuleName=RuleFormHistory_HistoryDetails&RequestClass=Rule-HTML-Section&RequestAppliesTo=Rule-Obj-Model&RequestRuleName=RuleFormHistory_HistoryDetails Payload: "{\"RequestClass\":\"Rule-HTML-Section\",\"RequestAppliesTo\":\"Rule-Obj-Model\",\"RequestRuleName\":\"RuleFormHistory_HistoryDetails\"}" => HTTP 200 (179535 bytes)
[PegaHttpClient] 📡 POST https://zdk8budo.pegaacademy.net/prweb/api/CodeIntelligence/v1/rules/query?pxObjClass=Rule-HTML-Section&appliesTo=Rule-Obj-Model&pyRuleName=pzRuleFormStatus&RequestClass=Rule-HTML-Section&RequestAppliesTo=Rule-Obj-Model&RequestRuleName=pzRuleFormStatus Payload: "{\"RequestClass\":\"Rule-HTML-Section\",\"RequestAppliesTo\":\"Rule-Obj-Model\",\"RequestRuleName\":\"pzRuleFormStatus\"}" => HTTP 200 (97627 bytes)
[PegaHttpClient] 📡 POST https://zdk8budo.pegaacademy.net/prweb/api/CodeIntelligence/v1/rules/query?pxObjClass=Rule-HTML-Section&appliesTo=Rule-Obj-Model&pyRuleName=pzRuleFormHeaderCompareWithDropDown&RequestClass=Rule-HTML-Section&RequestAppliesTo=Rule-Obj-Model&RequestRuleName=pzRuleFormHeaderCompareWithDropDown Payload: "{\"RequestClass\":\"Rule-HTML-Section\",\"RequestAppliesTo\":\"Rule-Obj-Model\",\"RequestRuleName\":\"pzRuleFormHeaderCompareWithDropDown\"}" => HTTP 200 (25396 bytes)
[PegaHttpClient] 📡 POST https://zdk8budo.pegaacademy.net/prweb/api/CodeIntelligence/v1/rules/query?pxObjClass=Rule-HTML-Section&appliesTo=Rule-Obj-Model&pyRuleName=undefined&RequestClass=Rule-HTML-Section&RequestAppliesTo=Rule-Obj-Model&RequestRuleName=undefined Payload: "{\"RequestClass\":\"Rule-HTML-Section\",\"RequestAppliesTo\":\"Rule-Obj-Model\",\"RequestRuleName\":\"undefined\"}" => HTTP 404 (101 bytes)
[PegaHttpClient] 📡 POST https://zdk8budo.pegaacademy.net/prweb/PRRestService/CodeIntelligence/v1/rules/query?pxObjClass=Rule-HTML-Section&appliesTo=Rule-Obj-Model&pyRuleName=undefined&RequestClass=Rule-HTML-Section&RequestAppliesTo=Rule-Obj-Model&RequestRuleName=undefined Payload: "{\"RequestClass\":\"Rule-HTML-Section\",\"RequestAppliesTo\":\"Rule-Obj-Model\",\"RequestRuleName\":\"undefined\"}" => HTTP 404 (101 bytes)
[PegaHttpClient] 📡 POST https://zdk8budo.pegaacademy.net/prweb/api/HRAppsV2Service/V1/rules/query?pxObjClass=Rule-HTML-Section&appliesTo=Rule-Obj-Model&pyRuleName=undefined&RequestClass=Rule-HTML-Section&RequestAppliesTo=Rule-Obj-Model&RequestRuleName=undefined Payload: "{\"RequestClass\":\"Rule-HTML-Section\",\"RequestAppliesTo\":\"Rule-Obj-Model\",\"RequestRuleName\":\"undefined\"}" => HTTP 404 (18 bytes)
[PegaHttpClient] 📡 POST https://zdk8budo.pegaacademy.net/prweb/PRRestService/HRAppsV2Service/V1/rules/query?pxObjClass=Rule-HTML-Section&appliesTo=Rule-Obj-Model&pyRuleName=undefined&RequestClass=Rule-HTML-Section&RequestAppliesTo=Rule-Obj-Model&RequestRuleName=undefined Payload: "{\"RequestClass\":\"Rule-HTML-Section\",\"RequestAppliesTo\":\"Rule-Obj-Model\",\"RequestRuleName\":\"undefined\"}" => HTTP 404 (18 bytes)
[PegaHttpClient] 📡 POST https://zdk8budo.pegaacademy.net/prweb/api/HRAppsV2/V1/rules/query?pxObjClass=Rule-HTML-Section&appliesTo=Rule-Obj-Model&pyRuleName=undefined&RequestClass=Rule-HTML-Section&RequestAppliesTo=Rule-Obj-Model&RequestRuleName=undefined Payload: "{\"RequestClass\":\"Rule-HTML-Section\",\"RequestAppliesTo\":\"Rule-Obj-Model\",\"RequestRuleName\":\"undefined\"}" => HTTP 404 (18 bytes)
[PegaHttpClient] 📡 POST https://zdk8budo.pegaacademy.net/prweb/PRRestService/HRAppsV2/V1/rules/query?pxObjClass=Rule-HTML-Section&appliesTo=Rule-Obj-Model&pyRuleName=undefined&RequestClass=Rule-HTML-Section&RequestAppliesTo=Rule-Obj-Model&RequestRuleName=undefined Payload: "{\"RequestClass\":\"Rule-HTML-Section\",\"RequestAppliesTo\":\"Rule-Obj-Model\",\"RequestRuleName\":\"undefined\"}" => HTTP 404 (18 bytes)
[PegaHttpClient] 📡 POST https://zdk8budo.pegaacademy.net/prweb/api/v1/rules/query?pxObjClass=Rule-HTML-Section&appliesTo=Rule-Obj-Model&pyRuleName=undefined&RequestClass=Rule-HTML-Section&RequestAppliesTo=Rule-Obj-Model&RequestRuleName=undefined Payload: "{\"RequestClass\":\"Rule-HTML-Section\",\"RequestAppliesTo\":\"Rule-Obj-Model\",\"RequestRuleName\":\"undefined\"}" => HTTP 404 (18 bytes)
[PegaHttpClient] 📡 POST https://zdk8budo.pegaacademy.net/prweb/PRRestService/v1/rules/query?pxObjClass=Rule-HTML-Section&appliesTo=Rule-Obj-Model&pyRuleName=undefined&RequestClass=Rule-HTML-Section&RequestAppliesTo=Rule-Obj-Model&RequestRuleName=undefined Payload: "{\"RequestClass\":\"Rule-HTML-Section\",\"RequestAppliesTo\":\"Rule-Obj-Model\",\"RequestRuleName\":\"undefined\"}" => HTTP 404 (18 bytes)
[PegaHttpClient] 📡 POST https://zdk8budo.pegaacademy.net/prweb/api/CodeIntelligence/v1/rules/query?pxObjClass=Rule-HTML-Section&appliesTo=Rule-Obj-Model&pyRuleName=pzRuleFormToolbarHotKeys&RequestClass=Rule-HTML-Section&RequestAppliesTo=Rule-Obj-Model&RequestRuleName=pzRuleFormToolbarHotKeys Payload: "{\"RequestClass\":\"Rule-HTML-Section\",\"RequestAppliesTo\":\"Rule-Obj-Model\",\"RequestRuleName\":\"pzRuleFormToolbarHotKeys\"}" => HTTP 200 (85058 bytes)
[PegaHttpClient] 📡 POST https://zdk8budo.pegaacademy.net/prweb/api/CodeIntelligence/v1/rules/query?pxObjClass=Rule-HTML-Section&appliesTo=Rule-Obj-Model&pyRuleName=pzRuleFormToolbarLockedIcon&RequestClass=Rule-HTML-Section&RequestAppliesTo=Rule-Obj-Model&RequestRuleName=pzRuleFormToolbarLockedIcon Payload: "{\"RequestClass\":\"Rule-HTML-Section\",\"RequestAppliesTo\":\"Rule-Obj-Model\",\"RequestRuleName\":\"pzRuleFormToolbarLockedIcon\"}" => HTTP 200 (24898 bytes)
[PegaHttpClient] 📡 POST https://zdk8budo.pegaacademy.net/prweb/api/CodeIntelligence/v1/rules/query?pxObjClass=Rule-HTML-Section&appliesTo=Rule-Obj-Model&pyRuleName=pzRuleFormToolbarCollaborators&RequestClass=Rule-HTML-Section&RequestAppliesTo=Rule-Obj-Model&RequestRuleName=pzRuleFormToolbarCollaborators Payload: "{\"RequestClass\":\"Rule-HTML-Section\",\"RequestAppliesTo\":\"Rule-Obj-Model\",\"RequestRuleName\":\"pzRuleFormToolbarCollaborators\"}" => HTTP 200 (15254 bytes)
[PegaHttpClient] 📡 POST https://zdk8budo.pegaacademy.net/prweb/api/CodeIntelligence/v1/rules/query?pxObjClass=Rule-HTML-Section&appliesTo=Rule-Obj-Model&pyRuleName=pzRuleFormToolbarSaveAs&RequestClass=Rule-HTML-Section&RequestAppliesTo=Rule-Obj-Model&RequestRuleName=pzRuleFormToolbarSaveAs Payload: "{\"RequestClass\":\"Rule-HTML-Section\",\"RequestAppliesTo\":\"Rule-Obj-Model\",\"RequestRuleName\":\"pzRuleFormToolbarSaveAs\"}" => HTTP 200 (64084 bytes)
[PegaHttpClient] 📡 POST https://zdk8budo.pegaacademy.net/prweb/api/CodeIntelligence/v1/rules/query?pxObjClass=Rule-HTML-Section&appliesTo=Rule-Obj-Model&pyRuleName=pzRuleFormToolbarCheckin&RequestClass=Rule-HTML-Section&RequestAppliesTo=Rule-Obj-Model&RequestRuleName=pzRuleFormToolbarCheckin Payload: "{\"RequestClass\":\"Rule-HTML-Section\",\"RequestAppliesTo\":\"Rule-Obj-Model\",\"RequestRuleName\":\"pzRuleFormToolbarCheckin\"}" => HTTP 200 (119096 bytes)
[PegaHttpClient] 📡 POST https://zdk8budo.pegaacademy.net/prweb/api/CodeIntelligence/v1/rules/query?pxObjClass=Rule-HTML-Section&appliesTo=Rule-Obj-Model&pyRuleName=pzRuleFormToolbarDelete&RequestClass=Rule-HTML-Section&RequestAppliesTo=Rule-Obj-Model&RequestRuleName=pzRuleFormToolbarDelete Payload: "{\"RequestClass\":\"Rule-HTML-Section\",\"RequestAppliesTo\":\"Rule-Obj-Model\",\"RequestRuleName\":\"pzRuleFormToolbarDelete\"}" => HTTP 200 (30249 bytes)
[PegaHttpClient] 📡 POST https://zdk8budo.pegaacademy.net/prweb/api/CodeIntelligence/v1/rules/query?pxObjClass=Rule-HTML-Section&appliesTo=Rule-Obj-Model&pyRuleName=pzRuleFormToolbarSave&RequestClass=Rule-HTML-Section&RequestAppliesTo=Rule-Obj-Model&RequestRuleName=pzRuleFormToolbarSave Payload: "{\"RequestClass\":\"Rule-HTML-Section\",\"RequestAppliesTo\":\"Rule-Obj-Model\",\"RequestRuleName\":\"pzRuleFormToolbarSave\"}" => HTTP 200 (293885 bytes)
[PegaHttpClient] 📡 POST https://zdk8budo.pegaacademy.net/prweb/api/CodeIntelligence/v1/rules/query?pxObjClass=Rule-HTML-Section&appliesTo=Rule-Obj-Model&pyRuleName=pzRuleFormToolbarCheckout&RequestClass=Rule-HTML-Section&RequestAppliesTo=Rule-Obj-Model&RequestRuleName=pzRuleFormToolbarCheckout Payload: "{\"RequestClass\":\"Rule-HTML-Section\",\"RequestAppliesTo\":\"Rule-Obj-Model\",\"RequestRuleName\":\"pzRuleFormToolbarCheckout\"}" => HTTP 200 (238148 bytes)
[PegaHttpClient] 📡 POST https://zdk8budo.pegaacademy.net/prweb/api/CodeIntelligence/v1/rules/query?pxObjClass=Rule-HTML-Section&appliesTo=Rule-Obj-Model&pyRuleName=pzRemoveErrorsDataPage&RequestClass=Rule-HTML-Section&RequestAppliesTo=Rule-Obj-Model&RequestRuleName=pzRemoveErrorsDataPage Payload: "{\"RequestClass\":\"Rule-HTML-Section\",\"RequestAppliesTo\":\"Rule-Obj-Model\",\"RequestRuleName\":\"pzRemoveErrorsDataPage\"}" => HTTP 200 (16733 bytes)
[PegaHttpClient] 📡 POST https://zdk8budo.pegaacademy.net/prweb/api/CodeIntelligence/v1/rules/query?pxObjClass=Rule-HTML-Section&appliesTo=Rule-Obj-Model&pyRuleName=pzRuleFormHeaderMessagesWrapper&RequestClass=Rule-HTML-Section&RequestAppliesTo=Rule-Obj-Model&RequestRuleName=pzRuleFormHeaderMessagesWrapper Payload: "{\"RequestClass\":\"Rule-HTML-Section\",\"RequestAppliesTo\":\"Rule-Obj-Model\",\"RequestRuleName\":\"pzRuleFormHeaderMessagesWrapper\"}" => HTTP 200 (16981 bytes)
[PegaHttpClient] 📡 POST https://zdk8budo.pegaacademy.net/prweb/api/CodeIntelligence/v1/rules/query?pxObjClass=Rule-HTML-Section&appliesTo=Rule-Obj-Model&pyRuleName=pzParametersAdvConf&RequestClass=Rule-HTML-Section&RequestAppliesTo=Rule-Obj-Model&RequestRuleName=pzParametersAdvConf Payload: "{\"RequestClass\":\"Rule-HTML-Section\",\"RequestAppliesTo\":\"Rule-Obj-Model\",\"RequestRuleName\":\"pzParametersAdvConf\"}" => HTTP 200 (202213 bytes)
[PegaHttpClient] 📡 POST https://zdk8budo.pegaacademy.net/prweb/api/CodeIntelligence/v1/rules/query?pxObjClass=Rule-HTML-Section&appliesTo=Rule-Obj-Model&pyRuleName=pzParametersBasicConf&RequestClass=Rule-HTML-Section&RequestAppliesTo=Rule-Obj-Model&RequestRuleName=pzParametersBasicConf Payload: "{\"RequestClass\":\"Rule-HTML-Section\",\"RequestAppliesTo\":\"Rule-Obj-Model\",\"RequestRuleName\":\"pzParametersBasicConf\"}" => HTTP 200 (88892 bytes)
[PegaHttpClient] 📡 POST https://zdk8budo.pegaacademy.net/prweb/api/CodeIntelligence/v1/rules/query?pxObjClass=Rule-HTML-Section&appliesTo=Rule-Obj-Model&pyRuleName=pzPagesAndClassesScriptNoMode&RequestClass=Rule-HTML-Section&RequestAppliesTo=Rule-Obj-Model&RequestRuleName=pzPagesAndClassesScriptNoMode Payload: "{\"RequestClass\":\"Rule-HTML-Section\",\"RequestAppliesTo\":\"Rule-Obj-Model\",\"RequestRuleName\":\"pzPagesAndClassesScriptNoMode\"}" => HTTP 200 (25452 bytes)
[PegaHttpClient] 📡 POST https://zdk8budo.pegaacademy.net/prweb/api/CodeIntelligence/v1/rules/query?pxObjClass=Rule-HTML-Section&appliesTo=Rule-Obj-Model&pyRuleName=pzPagesAndClassesScript&RequestClass=Rule-HTML-Section&RequestAppliesTo=Rule-Obj-Model&RequestRuleName=pzPagesAndClassesScript Payload: "{\"RequestClass\":\"Rule-HTML-Section\",\"RequestAppliesTo\":\"Rule-Obj-Model\",\"RequestRuleName\":\"pzPagesAndClassesScript\"}" => HTTP 200 (24224 bytes)
[PegaHttpClient] 📡 POST https://zdk8budo.pegaacademy.net/prweb/api/CodeIntelligence/v1/rules/query?pxObjClass=Rule-HTML-Section&appliesTo=Rule-Obj-Model&pyRuleName=pzViewTestCases&RequestClass=Rule-HTML-Section&RequestAppliesTo=Rule-Obj-Model&RequestRuleName=pzViewTestCases Payload: "{\"RequestClass\":\"Rule-HTML-Section\",\"RequestAppliesTo\":\"Rule-Obj-Model\",\"RequestRuleName\":\"pzViewTestCases\"}" => HTTP 404 (107 bytes)
[PegaHttpClient] 📡 POST https://zdk8budo.pegaacademy.net/prweb/PRRestService/CodeIntelligence/v1/rules/query?pxObjClass=Rule-HTML-Section&appliesTo=Rule-Obj-Model&pyRuleName=pzViewTestCases&RequestClass=Rule-HTML-Section&RequestAppliesTo=Rule-Obj-Model&RequestRuleName=pzViewTestCases Payload: "{\"RequestClass\":\"Rule-HTML-Section\",\"RequestAppliesTo\":\"Rule-Obj-Model\",\"RequestRuleName\":\"pzViewTestCases\"}" => HTTP 404 (107 bytes)
[PegaHttpClient] 📡 POST https://zdk8budo.pegaacademy.net/prweb/api/HRAppsV2Service/V1/rules/query?pxObjClass=Rule-HTML-Section&appliesTo=Rule-Obj-Model&pyRuleName=pzViewTestCases&RequestClass=Rule-HTML-Section&RequestAppliesTo=Rule-Obj-Model&RequestRuleName=pzViewTestCases Payload: "{\"RequestClass\":\"Rule-HTML-Section\",\"RequestAppliesTo\":\"Rule-Obj-Model\",\"RequestRuleName\":\"pzViewTestCases\"}" => HTTP 404 (18 bytes)
[PegaHttpClient] 📡 POST https://zdk8budo.pegaacademy.net/prweb/PRRestService/HRAppsV2Service/V1/rules/query?pxObjClass=Rule-HTML-Section&appliesTo=Rule-Obj-Model&pyRuleName=pzViewTestCases&RequestClass=Rule-HTML-Section&RequestAppliesTo=Rule-Obj-Model&RequestRuleName=pzViewTestCases Payload: "{\"RequestClass\":\"Rule-HTML-Section\",\"RequestAppliesTo\":\"Rule-Obj-Model\",\"RequestRuleName\":\"pzViewTestCases\"}" => HTTP 404 (18 bytes)
[PegaHttpClient] 📡 POST https://zdk8budo.pegaacademy.net/prweb/api/HRAppsV2/V1/rules/query?pxObjClass=Rule-HTML-Section&appliesTo=Rule-Obj-Model&pyRuleName=pzViewTestCases&RequestClass=Rule-HTML-Section&RequestAppliesTo=Rule-Obj-Model&RequestRuleName=pzViewTestCases Payload: "{\"RequestClass\":\"Rule-HTML-Section\",\"RequestAppliesTo\":\"Rule-Obj-Model\",\"RequestRuleName\":\"pzViewTestCases\"}" => HTTP 404 (18 bytes)
[PegaHttpClient] 📡 POST https://zdk8budo.pegaacademy.net/prweb/PRRestService/HRAppsV2/V1/rules/query?pxObjClass=Rule-HTML-Section&appliesTo=Rule-Obj-Model&pyRuleName=pzViewTestCases&RequestClass=Rule-HTML-Section&RequestAppliesTo=Rule-Obj-Model&RequestRuleName=pzViewTestCases Payload: "{\"RequestClass\":\"Rule-HTML-Section\",\"RequestAppliesTo\":\"Rule-Obj-Model\",\"RequestRuleName\":\"pzViewTestCases\"}" => HTTP 404 (18 bytes)
[PegaHttpClient] 📡 POST https://zdk8budo.pegaacademy.net/prweb/api/v1/rules/query?pxObjClass=Rule-HTML-Section&appliesTo=Rule-Obj-Model&pyRuleName=pzViewTestCases&RequestClass=Rule-HTML-Section&RequestAppliesTo=Rule-Obj-Model&RequestRuleName=pzViewTestCases Payload: "{\"RequestClass\":\"Rule-HTML-Section\",\"RequestAppliesTo\":\"Rule-Obj-Model\",\"RequestRuleName\":\"pzViewTestCases\"}" => HTTP 404 (18 bytes)
[PegaHttpClient] 📡 POST https://zdk8budo.pegaacademy.net/prweb/PRRestService/v1/rules/query?pxObjClass=Rule-HTML-Section&appliesTo=Rule-Obj-Model&pyRuleName=pzViewTestCases&RequestClass=Rule-HTML-Section&RequestAppliesTo=Rule-Obj-Model&RequestRuleName=pzViewTestCases Payload: "{\"RequestClass\":\"Rule-HTML-Section\",\"RequestAppliesTo\":\"Rule-Obj-Model\",\"RequestRuleName\":\"pzViewTestCases\"}" => HTTP 404 (18 bytes)
[PegaHttpClient] 📡 POST https://zdk8budo.pegaacademy.net/prweb/api/CodeIntelligence/v1/rules/query?pxObjClass=Rule-HTML-Section&appliesTo=Rule-Obj-Model&pyRuleName=pzRunSelected&RequestClass=Rule-HTML-Section&RequestAppliesTo=Rule-Obj-Model&RequestRuleName=pzRunSelected Payload: "{\"RequestClass\":\"Rule-HTML-Section\",\"RequestAppliesTo\":\"Rule-Obj-Model\",\"RequestRuleName\":\"pzRunSelected\"}" => HTTP 404 (105 bytes)
[PegaHttpClient] 📡 POST https://zdk8budo.pegaacademy.net/prweb/PRRestService/CodeIntelligence/v1/rules/query?pxObjClass=Rule-HTML-Section&appliesTo=Rule-Obj-Model&pyRuleName=pzRunSelected&RequestClass=Rule-HTML-Section&RequestAppliesTo=Rule-Obj-Model&RequestRuleName=pzRunSelected Payload: "{\"RequestClass\":\"Rule-HTML-Section\",\"RequestAppliesTo\":\"Rule-Obj-Model\",\"RequestRuleName\":\"pzRunSelected\"}" => HTTP 404 (105 bytes)
[PegaHttpClient] 📡 POST https://zdk8budo.pegaacademy.net/prweb/api/HRAppsV2Service/V1/rules/query?pxObjClass=Rule-HTML-Section&appliesTo=Rule-Obj-Model&pyRuleName=pzRunSelected&RequestClass=Rule-HTML-Section&RequestAppliesTo=Rule-Obj-Model&RequestRuleName=pzRunSelected Payload: "{\"RequestClass\":\"Rule-HTML-Section\",\"RequestAppliesTo\":\"Rule-Obj-Model\",\"RequestRuleName\":\"pzRunSelected\"}" => HTTP 404 (18 bytes)
[PegaHttpClient] 📡 POST https://zdk8budo.pegaacademy.net/prweb/PRRestService/HRAppsV2Service/V1/rules/query?pxObjClass=Rule-HTML-Section&appliesTo=Rule-Obj-Model&pyRuleName=pzRunSelected&RequestClass=Rule-HTML-Section&RequestAppliesTo=Rule-Obj-Model&RequestRuleName=pzRunSelected Payload: "{\"RequestClass\":\"Rule-HTML-Section\",\"RequestAppliesTo\":\"Rule-Obj-Model\",\"RequestRuleName\":\"pzRunSelected\"}" => HTTP 404 (18 bytes)
[PegaHttpClient] 📡 POST https://zdk8budo.pegaacademy.net/prweb/api/HRAppsV2/V1/rules/query?pxObjClass=Rule-HTML-Section&appliesTo=Rule-Obj-Model&pyRuleName=pzRunSelected&RequestClass=Rule-HTML-Section&RequestAppliesTo=Rule-Obj-Model&RequestRuleName=pzRunSelected Payload: "{\"RequestClass\":\"Rule-HTML-Section\",\"RequestAppliesTo\":\"Rule-Obj-Model\",\"RequestRuleName\":\"pzRunSelected\"}" => HTTP 404 (18 bytes)
[PegaHttpClient] 📡 POST https://zdk8budo.pegaacademy.net/prweb/PRRestService/HRAppsV2/V1/rules/query?pxObjClass=Rule-HTML-Section&appliesTo=Rule-Obj-Model&pyRuleName=pzRunSelected&RequestClass=Rule-HTML-Section&RequestAppliesTo=Rule-Obj-Model&RequestRuleName=pzRunSelected Payload: "{\"RequestClass\":\"Rule-HTML-Section\",\"RequestAppliesTo\":\"Rule-Obj-Model\",\"RequestRuleName\":\"pzRunSelected\"}" => HTTP 404 (18 bytes)
[PegaHttpClient] 📡 POST https://zdk8budo.pegaacademy.net/prweb/api/v1/rules/query?pxObjClass=Rule-HTML-Section&appliesTo=Rule-Obj-Model&pyRuleName=pzRunSelected&RequestClass=Rule-HTML-Section&RequestAppliesTo=Rule-Obj-Model&RequestRuleName=pzRunSelected Payload: "{\"RequestClass\":\"Rule-HTML-Section\",\"RequestAppliesTo\":\"Rule-Obj-Model\",\"RequestRuleName\":\"pzRunSelected\"}" => HTTP 404 (18 bytes)
[PegaHttpClient] 📡 POST https://zdk8budo.pegaacademy.net/prweb/PRRestService/v1/rules/query?pxObjClass=Rule-HTML-Section&appliesTo=Rule-Obj-Model&pyRuleName=pzRunSelected&RequestClass=Rule-HTML-Section&RequestAppliesTo=Rule-Obj-Model&RequestRuleName=pzRunSelected Payload: "{\"RequestClass\":\"Rule-HTML-Section\",\"RequestAppliesTo\":\"Rule-Obj-Model\",\"RequestRuleName\":\"pzRunSelected\"}" => HTTP 404 (18 bytes)
[PegaHttpClient] 📡 POST https://zdk8budo.pegaacademy.net/prweb/api/CodeIntelligence/v1/rules/query?pxObjClass=Rule-HTML-Section&appliesTo=Rule-Obj-Model&pyRuleName=pzShowRunAndExpectedTime&RequestClass=Rule-HTML-Section&RequestAppliesTo=Rule-Obj-Model&RequestRuleName=pzShowRunAndExpectedTime Payload: "{\"RequestClass\":\"Rule-HTML-Section\",\"RequestAppliesTo\":\"Rule-Obj-Model\",\"RequestRuleName\":\"pzShowRunAndExpectedTime\"}" => HTTP 200 (98943 bytes)
[PegaHttpClient] 📡 POST https://zdk8budo.pegaacademy.net/prweb/api/CodeIntelligence/v1/rules/query?pxObjClass=Rule-HTML-Section&appliesTo=Rule-Obj-Model&pyRuleName=pzSpecificationName&RequestClass=Rule-HTML-Section&RequestAppliesTo=Rule-Obj-Model&RequestRuleName=pzSpecificationName Payload: "{\"RequestClass\":\"Rule-HTML-Section\",\"RequestAppliesTo\":\"Rule-Obj-Model\",\"RequestRuleName\":\"pzSpecificationName\"}" => HTTP 404 (111 bytes)
[PegaHttpClient] 📡 POST https://zdk8budo.pegaacademy.net/prweb/PRRestService/CodeIntelligence/v1/rules/query?pxObjClass=Rule-HTML-Section&appliesTo=Rule-Obj-Model&pyRuleName=pzSpecificationName&RequestClass=Rule-HTML-Section&RequestAppliesTo=Rule-Obj-Model&RequestRuleName=pzSpecificationName Payload: "{\"RequestClass\":\"Rule-HTML-Section\",\"RequestAppliesTo\":\"Rule-Obj-Model\",\"RequestRuleName\":\"pzSpecificationName\"}" => HTTP 404 (111 bytes)
[PegaHttpClient] 📡 POST https://zdk8budo.pegaacademy.net/prweb/api/HRAppsV2Service/V1/rules/query?pxObjClass=Rule-HTML-Section&appliesTo=Rule-Obj-Model&pyRuleName=pzSpecificationName&RequestClass=Rule-HTML-Section&RequestAppliesTo=Rule-Obj-Model&RequestRuleName=pzSpecificationName Payload: "{\"RequestClass\":\"Rule-HTML-Section\",\"RequestAppliesTo\":\"Rule-Obj-Model\",\"RequestRuleName\":\"pzSpecificationName\"}" => HTTP 404 (18 bytes)
[PegaHttpClient] 📡 POST https://zdk8budo.pegaacademy.net/prweb/PRRestService/HRAppsV2Service/V1/rules/query?pxObjClass=Rule-HTML-Section&appliesTo=Rule-Obj-Model&pyRuleName=pzSpecificationName&RequestClass=Rule-HTML-Section&RequestAppliesTo=Rule-Obj-Model&RequestRuleName=pzSpecificationName Payload: "{\"RequestClass\":\"Rule-HTML-Section\",\"RequestAppliesTo\":\"Rule-Obj-Model\",\"RequestRuleName\":\"pzSpecificationName\"}" => HTTP 404 (18 bytes)
[PegaHttpClient] 📡 POST https://zdk8budo.pegaacademy.net/prweb/api/HRAppsV2/V1/rules/query?pxObjClass=Rule-HTML-Section&appliesTo=Rule-Obj-Model&pyRuleName=pzSpecificationName&RequestClass=Rule-HTML-Section&RequestAppliesTo=Rule-Obj-Model&RequestRuleName=pzSpecificationName Payload: "{\"RequestClass\":\"Rule-HTML-Section\",\"RequestAppliesTo\":\"Rule-Obj-Model\",\"RequestRuleName\":\"pzSpecificationName\"}" => HTTP 404 (18 bytes)
[PegaHttpClient] 📡 POST https://zdk8budo.pegaacademy.net/prweb/PRRestService/HRAppsV2/V1/rules/query?pxObjClass=Rule-HTML-Section&appliesTo=Rule-Obj-Model&pyRuleName=pzSpecificationName&RequestClass=Rule-HTML-Section&RequestAppliesTo=Rule-Obj-Model&RequestRuleName=pzSpecificationName Payload: "{\"RequestClass\":\"Rule-HTML-Section\",\"RequestAppliesTo\":\"Rule-Obj-Model\",\"RequestRuleName\":\"pzSpecificationName\"}" => HTTP 404 (18 bytes)
[PegaHttpClient] 📡 POST https://zdk8budo.pegaacademy.net/prweb/api/v1/rules/query?pxObjClass=Rule-HTML-Section&appliesTo=Rule-Obj-Model&pyRuleName=pzSpecificationName&RequestClass=Rule-HTML-Section&RequestAppliesTo=Rule-Obj-Model&RequestRuleName=pzSpecificationName Payload: "{\"RequestClass\":\"Rule-HTML-Section\",\"RequestAppliesTo\":\"Rule-Obj-Model\",\"RequestRuleName\":\"pzSpecificationName\"}" => HTTP 404 (18 bytes)
[PegaHttpClient] 📡 POST https://zdk8budo.pegaacademy.net/prweb/PRRestService/v1/rules/query?pxObjClass=Rule-HTML-Section&appliesTo=Rule-Obj-Model&pyRuleName=pzSpecificationName&RequestClass=Rule-HTML-Section&RequestAppliesTo=Rule-Obj-Model&RequestRuleName=pzSpecificationName Payload: "{\"RequestClass\":\"Rule-HTML-Section\",\"RequestAppliesTo\":\"Rule-Obj-Model\",\"RequestRuleName\":\"pzSpecificationName\"}" => HTTP 404 (18 bytes)
[PegaHttpClient] 📡 POST https://zdk8budo.pegaacademy.net/prweb/api/CodeIntelligence/v1/rules/query?pxObjClass=Rule-HTML-Section&appliesTo=Rule-Obj-Model&pyRuleName=pzScm_RuleHistory&RequestClass=Rule-HTML-Section&RequestAppliesTo=Rule-Obj-Model&RequestRuleName=pzScm_RuleHistory Payload: "{\"RequestClass\":\"Rule-HTML-Section\",\"RequestAppliesTo\":\"Rule-Obj-Model\",\"RequestRuleName\":\"pzScm_RuleHistory\"}" => HTTP 200 (14682 bytes)
[PegaHttpClient] 📡 POST https://zdk8budo.pegaacademy.net/prweb/api/CodeIntelligence/v1/rules/query?pxObjClass=Rule-HTML-Section&appliesTo=Rule-Obj-Model&pyRuleName=pxDisplayCollaborators&RequestClass=Rule-HTML-Section&RequestAppliesTo=Rule-Obj-Model&RequestRuleName=pxDisplayCollaborators Payload: "{\"RequestClass\":\"Rule-HTML-Section\",\"RequestAppliesTo\":\"Rule-Obj-Model\",\"RequestRuleName\":\"pxDisplayCollaborators\"}" => HTTP 200 (94171 bytes)
[PegaHttpClient] 📡 POST https://zdk8budo.pegaacademy.net/prweb/api/CodeIntelligence/v1/rules/query?pxObjClass=Rule-HTML-Section&appliesTo=Rule-Obj-Model&pyRuleName=pzRuleFormToolbarDeleteCheckOut&RequestClass=Rule-HTML-Section&RequestAppliesTo=Rule-Obj-Model&RequestRuleName=pzRuleFormToolbarDeleteCheckOut Payload: "{\"RequestClass\":\"Rule-HTML-Section\",\"RequestAppliesTo\":\"Rule-Obj-Model\",\"RequestRuleName\":\"pzRuleFormToolbarDeleteCheckOut\"}" => HTTP 200 (29433 bytes)
[PegaHttpClient] 📡 POST https://zdk8budo.pegaacademy.net/prweb/api/CodeIntelligence/v1/rules/query?pxObjClass=Rule-HTML-Section&appliesTo=Rule-Obj-Model&pyRuleName=pzRuleFormToolbarDeleteRule&RequestClass=Rule-HTML-Section&RequestAppliesTo=Rule-Obj-Model&RequestRuleName=pzRuleFormToolbarDeleteRule Payload: "{\"RequestClass\":\"Rule-HTML-Section\",\"RequestAppliesTo\":\"Rule-Obj-Model\",\"RequestRuleName\":\"pzRuleFormToolbarDeleteRule\"}" => HTTP 200 (32314 bytes)
[PegaHttpClient] 📡 POST https://zdk8budo.pegaacademy.net/prweb/api/CodeIntelligence/v1/rules/query?pxObjClass=Rule-HTML-Section&appliesTo=Rule-Obj-Model&pyRuleName=pzParametersParamReqText&RequestClass=Rule-HTML-Section&RequestAppliesTo=Rule-Obj-Model&RequestRuleName=pzParametersParamReqText Payload: "{\"RequestClass\":\"Rule-HTML-Section\",\"RequestAppliesTo\":\"Rule-Obj-Model\",\"RequestRuleName\":\"pzParametersParamReqText\"}" => HTTP 404 (116 bytes)
[PegaHttpClient] 📡 POST https://zdk8budo.pegaacademy.net/prweb/PRRestService/CodeIntelligence/v1/rules/query?pxObjClass=Rule-HTML-Section&appliesTo=Rule-Obj-Model&pyRuleName=pzParametersParamReqText&RequestClass=Rule-HTML-Section&RequestAppliesTo=Rule-Obj-Model&RequestRuleName=pzParametersParamReqText Payload: "{\"RequestClass\":\"Rule-HTML-Section\",\"RequestAppliesTo\":\"Rule-Obj-Model\",\"RequestRuleName\":\"pzParametersParamReqText\"}" => HTTP 404 (116 bytes)
[PegaHttpClient] 📡 POST https://zdk8budo.pegaacademy.net/prweb/api/HRAppsV2Service/V1/rules/query?pxObjClass=Rule-HTML-Section&appliesTo=Rule-Obj-Model&pyRuleName=pzParametersParamReqText&RequestClass=Rule-HTML-Section&RequestAppliesTo=Rule-Obj-Model&RequestRuleName=pzParametersParamReqText Payload: "{\"RequestClass\":\"Rule-HTML-Section\",\"RequestAppliesTo\":\"Rule-Obj-Model\",\"RequestRuleName\":\"pzParametersParamReqText\"}" => HTTP 404 (18 bytes)
[PegaHttpClient] 📡 POST https://zdk8budo.pegaacademy.net/prweb/PRRestService/HRAppsV2Service/V1/rules/query?pxObjClass=Rule-HTML-Section&appliesTo=Rule-Obj-Model&pyRuleName=pzParametersParamReqText&RequestClass=Rule-HTML-Section&RequestAppliesTo=Rule-Obj-Model&RequestRuleName=pzParametersParamReqText Payload: "{\"RequestClass\":\"Rule-HTML-Section\",\"RequestAppliesTo\":\"Rule-Obj-Model\",\"RequestRuleName\":\"pzParametersParamReqText\"}" => HTTP 404 (18 bytes)
[PegaHttpClient] 📡 POST https://zdk8budo.pegaacademy.net/prweb/api/HRAppsV2/V1/rules/query?pxObjClass=Rule-HTML-Section&appliesTo=Rule-Obj-Model&pyRuleName=pzParametersParamReqText&RequestClass=Rule-HTML-Section&RequestAppliesTo=Rule-Obj-Model&RequestRuleName=pzParametersParamReqText Payload: "{\"RequestClass\":\"Rule-HTML-Section\",\"RequestAppliesTo\":\"Rule-Obj-Model\",\"RequestRuleName\":\"pzParametersParamReqText\"}" => HTTP 404 (18 bytes)
[PegaHttpClient] 📡 POST https://zdk8budo.pegaacademy.net/prweb/PRRestService/HRAppsV2/V1/rules/query?pxObjClass=Rule-HTML-Section&appliesTo=Rule-Obj-Model&pyRuleName=pzParametersParamReqText&RequestClass=Rule-HTML-Section&RequestAppliesTo=Rule-Obj-Model&RequestRuleName=pzParametersParamReqText Payload: "{\"RequestClass\":\"Rule-HTML-Section\",\"RequestAppliesTo\":\"Rule-Obj-Model\",\"RequestRuleName\":\"pzParametersParamReqText\"}" => HTTP 404 (18 bytes)
[PegaHttpClient] 📡 POST https://zdk8budo.pegaacademy.net/prweb/api/v1/rules/query?pxObjClass=Rule-HTML-Section&appliesTo=Rule-Obj-Model&pyRuleName=pzParametersParamReqText&RequestClass=Rule-HTML-Section&RequestAppliesTo=Rule-Obj-Model&RequestRuleName=pzParametersParamReqText Payload: "{\"RequestClass\":\"Rule-HTML-Section\",\"RequestAppliesTo\":\"Rule-Obj-Model\",\"RequestRuleName\":\"pzParametersParamReqText\"}" => HTTP 404 (18 bytes)
[PegaHttpClient] 📡 POST https://zdk8budo.pegaacademy.net/prweb/PRRestService/v1/rules/query?pxObjClass=Rule-HTML-Section&appliesTo=Rule-Obj-Model&pyRuleName=pzParametersParamReqText&RequestClass=Rule-HTML-Section&RequestAppliesTo=Rule-Obj-Model&RequestRuleName=pzParametersParamReqText Payload: "{\"RequestClass\":\"Rule-HTML-Section\",\"RequestAppliesTo\":\"Rule-Obj-Model\",\"RequestRuleName\":\"pzParametersParamReqText\"}" => HTTP 404 (18 bytes)
[PegaHttpClient] 📡 POST https://zdk8budo.pegaacademy.net/prweb/api/CodeIntelligence/v1/rules/query?pxObjClass=Rule-HTML-Section&appliesTo=Rule-Obj-Model&pyRuleName=pzLoadCollaborationScripts&RequestClass=Rule-HTML-Section&RequestAppliesTo=Rule-Obj-Model&RequestRuleName=pzLoadCollaborationScripts Payload: "{\"RequestClass\":\"Rule-HTML-Section\",\"RequestAppliesTo\":\"Rule-Obj-Model\",\"RequestRuleName\":\"pzLoadCollaborationScripts\"}" => HTTP 200 (23453 bytes)
[PegaHttpClient] 📡 POST https://zdk8budo.pegaacademy.net/prweb/api/CodeIntelligence/v1/rules/query?pxObjClass=Rule-HTML-Section&appliesTo=Rule-Obj-Model&pyRuleName=pzDisplayCollaboratorsList&RequestClass=Rule-HTML-Section&RequestAppliesTo=Rule-Obj-Model&RequestRuleName=pzDisplayCollaboratorsList Payload: "{\"RequestClass\":\"Rule-HTML-Section\",\"RequestAppliesTo\":\"Rule-Obj-Model\",\"RequestRuleName\":\"pzDisplayCollaboratorsList\"}" => HTTP 200 (105418 bytes)
[PegaHttpClient] 📡 POST https://zdk8budo.pegaacademy.net/prweb/api/CodeIntelligence/v1/rules/query?pxObjClass=Rule-HTML-Section&appliesTo=Rule-Obj-Model&pyRuleName=pyCollaborator&RequestClass=Rule-HTML-Section&RequestAppliesTo=Rule-Obj-Model&RequestRuleName=pyCollaborator Payload: "{\"RequestClass\":\"Rule-HTML-Section\",\"RequestAppliesTo\":\"Rule-Obj-Model\",\"RequestRuleName\":\"pyCollaborator\"}" => HTTP 404 (106 bytes)
[PegaHttpClient] 📡 POST https://zdk8budo.pegaacademy.net/prweb/PRRestService/CodeIntelligence/v1/rules/query?pxObjClass=Rule-HTML-Section&appliesTo=Rule-Obj-Model&pyRuleName=pyCollaborator&RequestClass=Rule-HTML-Section&RequestAppliesTo=Rule-Obj-Model&RequestRuleName=pyCollaborator Payload: "{\"RequestClass\":\"Rule-HTML-Section\",\"RequestAppliesTo\":\"Rule-Obj-Model\",\"RequestRuleName\":\"pyCollaborator\"}" => HTTP 404 (106 bytes)
[PegaHttpClient] 📡 POST https://zdk8budo.pegaacademy.net/prweb/api/HRAppsV2Service/V1/rules/query?pxObjClass=Rule-HTML-Section&appliesTo=Rule-Obj-Model&pyRuleName=pyCollaborator&RequestClass=Rule-HTML-Section&RequestAppliesTo=Rule-Obj-Model&RequestRuleName=pyCollaborator Payload: "{\"RequestClass\":\"Rule-HTML-Section\",\"RequestAppliesTo\":\"Rule-Obj-Model\",\"RequestRuleName\":\"pyCollaborator\"}" => HTTP 404 (18 bytes)
[PegaHttpClient] 📡 POST https://zdk8budo.pegaacademy.net/prweb/PRRestService/HRAppsV2Service/V1/rules/query?pxObjClass=Rule-HTML-Section&appliesTo=Rule-Obj-Model&pyRuleName=pyCollaborator&RequestClass=Rule-HTML-Section&RequestAppliesTo=Rule-Obj-Model&RequestRuleName=pyCollaborator Payload: "{\"RequestClass\":\"Rule-HTML-Section\",\"RequestAppliesTo\":\"Rule-Obj-Model\",\"RequestRuleName\":\"pyCollaborator\"}" => HTTP 404 (18 bytes)
[PegaHttpClient] 📡 POST https://zdk8budo.pegaacademy.net/prweb/api/HRAppsV2/V1/rules/query?pxObjClass=Rule-HTML-Section&appliesTo=Rule-Obj-Model&pyRuleName=pyCollaborator&RequestClass=Rule-HTML-Section&RequestAppliesTo=Rule-Obj-Model&RequestRuleName=pyCollaborator Payload: "{\"RequestClass\":\"Rule-HTML-Section\",\"RequestAppliesTo\":\"Rule-Obj-Model\",\"RequestRuleName\":\"pyCollaborator\"}" => HTTP 404 (18 bytes)
[PegaHttpClient] 📡 POST https://zdk8budo.pegaacademy.net/prweb/PRRestService/HRAppsV2/V1/rules/query?pxObjClass=Rule-HTML-Section&appliesTo=Rule-Obj-Model&pyRuleName=pyCollaborator&RequestClass=Rule-HTML-Section&RequestAppliesTo=Rule-Obj-Model&RequestRuleName=pyCollaborator Payload: "{\"RequestClass\":\"Rule-HTML-Section\",\"RequestAppliesTo\":\"Rule-Obj-Model\",\"RequestRuleName\":\"pyCollaborator\"}" => HTTP 404 (18 bytes)
[PegaHttpClient] 📡 POST https://zdk8budo.pegaacademy.net/prweb/api/v1/rules/query?pxObjClass=Rule-HTML-Section&appliesTo=Rule-Obj-Model&pyRuleName=pyCollaborator&RequestClass=Rule-HTML-Section&RequestAppliesTo=Rule-Obj-Model&RequestRuleName=pyCollaborator Payload: "{\"RequestClass\":\"Rule-HTML-Section\",\"RequestAppliesTo\":\"Rule-Obj-Model\",\"RequestRuleName\":\"pyCollaborator\"}" => HTTP 404 (18 bytes)
[PegaHttpClient] 📡 POST https://zdk8budo.pegaacademy.net/prweb/PRRestService/v1/rules/query?pxObjClass=Rule-HTML-Section&appliesTo=Rule-Obj-Model&pyRuleName=pyCollaborator&RequestClass=Rule-HTML-Section&RequestAppliesTo=Rule-Obj-Model&RequestRuleName=pyCollaborator Payload: "{\"RequestClass\":\"Rule-HTML-Section\",\"RequestAppliesTo\":\"Rule-Obj-Model\",\"RequestRuleName\":\"pyCollaborator\"}" => HTTP 404 (18 bytes)
[PegaHttpClient] 📡 POST https://zdk8budo.pegaacademy.net/prweb/api/CodeIntelligence/v1/rules/query?pxObjClass=Rule-HTML-Section&appliesTo=Rule-Obj-Model&pyRuleName=pzDisplayPartialCount&RequestClass=Rule-HTML-Section&RequestAppliesTo=Rule-Obj-Model&RequestRuleName=pzDisplayPartialCount Payload: "{\"RequestClass\":\"Rule-HTML-Section\",\"RequestAppliesTo\":\"Rule-Obj-Model\",\"RequestRuleName\":\"pzDisplayPartialCount\"}" => HTTP 404 (113 bytes)
[PegaHttpClient] 📡 POST https://zdk8budo.pegaacademy.net/prweb/PRRestService/CodeIntelligence/v1/rules/query?pxObjClass=Rule-HTML-Section&appliesTo=Rule-Obj-Model&pyRuleName=pzDisplayPartialCount&RequestClass=Rule-HTML-Section&RequestAppliesTo=Rule-Obj-Model&RequestRuleName=pzDisplayPartialCount Payload: "{\"RequestClass\":\"Rule-HTML-Section\",\"RequestAppliesTo\":\"Rule-Obj-Model\",\"RequestRuleName\":\"pzDisplayPartialCount\"}" => HTTP 404 (113 bytes)
[PegaHttpClient] 📡 POST https://zdk8budo.pegaacademy.net/prweb/api/HRAppsV2Service/V1/rules/query?pxObjClass=Rule-HTML-Section&appliesTo=Rule-Obj-Model&pyRuleName=pzDisplayPartialCount&RequestClass=Rule-HTML-Section&RequestAppliesTo=Rule-Obj-Model&RequestRuleName=pzDisplayPartialCount Payload: "{\"RequestClass\":\"Rule-HTML-Section\",\"RequestAppliesTo\":\"Rule-Obj-Model\",\"RequestRuleName\":\"pzDisplayPartialCount\"}" => HTTP 404 (18 bytes)
[PegaHttpClient] 📡 POST https://zdk8budo.pegaacademy.net/prweb/PRRestService/HRAppsV2Service/V1/rules/query?pxObjClass=Rule-HTML-Section&appliesTo=Rule-Obj-Model&pyRuleName=pzDisplayPartialCount&RequestClass=Rule-HTML-Section&RequestAppliesTo=Rule-Obj-Model&RequestRuleName=pzDisplayPartialCount Payload: "{\"RequestClass\":\"Rule-HTML-Section\",\"RequestAppliesTo\":\"Rule-Obj-Model\",\"RequestRuleName\":\"pzDisplayPartialCount\"}" => HTTP 404 (18 bytes)
[PegaHttpClient] 📡 POST https://zdk8budo.pegaacademy.net/prweb/api/HRAppsV2/V1/rules/query?pxObjClass=Rule-HTML-Section&appliesTo=Rule-Obj-Model&pyRuleName=pzDisplayPartialCount&RequestClass=Rule-HTML-Section&RequestAppliesTo=Rule-Obj-Model&RequestRuleName=pzDisplayPartialCount Payload: "{\"RequestClass\":\"Rule-HTML-Section\",\"RequestAppliesTo\":\"Rule-Obj-Model\",\"RequestRuleName\":\"pzDisplayPartialCount\"}" => HTTP 404 (18 bytes)
[PegaHttpClient] 📡 POST https://zdk8budo.pegaacademy.net/prweb/PRRestService/HRAppsV2/V1/rules/query?pxObjClass=Rule-HTML-Section&appliesTo=Rule-Obj-Model&pyRuleName=pzDisplayPartialCount&RequestClass=Rule-HTML-Section&RequestAppliesTo=Rule-Obj-Model&RequestRuleName=pzDisplayPartialCount Payload: "{\"RequestClass\":\"Rule-HTML-Section\",\"RequestAppliesTo\":\"Rule-Obj-Model\",\"RequestRuleName\":\"pzDisplayPartialCount\"}" => HTTP 404 (18 bytes)
[PegaHttpClient] 📡 POST https://zdk8budo.pegaacademy.net/prweb/api/v1/rules/query?pxObjClass=Rule-HTML-Section&appliesTo=Rule-Obj-Model&pyRuleName=pzDisplayPartialCount&RequestClass=Rule-HTML-Section&RequestAppliesTo=Rule-Obj-Model&RequestRuleName=pzDisplayPartialCount Payload: "{\"RequestClass\":\"Rule-HTML-Section\",\"RequestAppliesTo\":\"Rule-Obj-Model\",\"RequestRuleName\":\"pzDisplayPartialCount\"}" => HTTP 404 (18 bytes)
[PegaHttpClient] 📡 POST https://zdk8budo.pegaacademy.net/prweb/PRRestService/v1/rules/query?pxObjClass=Rule-HTML-Section&appliesTo=Rule-Obj-Model&pyRuleName=pzDisplayPartialCount&RequestClass=Rule-HTML-Section&RequestAppliesTo=Rule-Obj-Model&RequestRuleName=pzDisplayPartialCount Payload: "{\"RequestClass\":\"Rule-HTML-Section\",\"RequestAppliesTo\":\"Rule-Obj-Model\",\"RequestRuleName\":\"pzDisplayPartialCount\"}" => HTTP 404 (18 bytes)
[SchemaGen] ✅ Schema written for Rule-Obj-Model
[PegaHttpClient] 📡 GET https://zdk8budo.pegaacademy.net/prweb/api/CodeIntelligence/v1/rules/RULE-HTML-HARNESS%20RULE-OBJ-WHEN%20RULEFORM%20%2320190311T121359.277%20GMT => HTTP 200 (25194 bytes)
[PegaHttpClient] 📡 POST https://zdk8budo.pegaacademy.net/prweb/api/CodeIntelligence/v1/rules/query?pxObjClass=Rule-HTML-Section&appliesTo=Rule-Obj-When&pyRuleName=RuleFormMain&RequestClass=Rule-HTML-Section&RequestAppliesTo=Rule-Obj-When&RequestRuleName=RuleFormMain Payload: "{\"RequestClass\":\"Rule-HTML-Section\",\"RequestAppliesTo\":\"Rule-Obj-When\",\"RequestRuleName\":\"RuleFormMain\"}" => HTTP 200 (156234 bytes)
[PegaHttpClient] 📡 POST https://zdk8budo.pegaacademy.net/prweb/api/CodeIntelligence/v1/rules/query?pxObjClass=Rule-HTML-Section&appliesTo=Rule-Obj-When&pyRuleName=pxAlternateRuleForm&RequestClass=Rule-HTML-Section&RequestAppliesTo=Rule-Obj-When&RequestRuleName=pxAlternateRuleForm Payload: "{\"RequestClass\":\"Rule-HTML-Section\",\"RequestAppliesTo\":\"Rule-Obj-When\",\"RequestRuleName\":\"pxAlternateRuleForm\"}" => HTTP 200 (66153 bytes)
[PegaHttpClient] 📡 POST https://zdk8budo.pegaacademy.net/prweb/api/CodeIntelligence/v1/rules/query?pxObjClass=Rule-HTML-Section&appliesTo=Rule-Obj-When&pyRuleName=pzRuleFormScripts&RequestClass=Rule-HTML-Section&RequestAppliesTo=Rule-Obj-When&RequestRuleName=pzRuleFormScripts Payload: "{\"RequestClass\":\"Rule-HTML-Section\",\"RequestAppliesTo\":\"Rule-Obj-When\",\"RequestRuleName\":\"pzRuleFormScripts\"}" => HTTP 200 (40822 bytes)
[PegaHttpClient] 📡 POST https://zdk8budo.pegaacademy.net/prweb/api/CodeIntelligence/v1/rules/query?pxObjClass=Rule-HTML-Section&appliesTo=Rule-Obj-When&pyRuleName=pzRuleFormLayoutDelegated&RequestClass=Rule-HTML-Section&RequestAppliesTo=Rule-Obj-When&RequestRuleName=pzRuleFormLayoutDelegated Payload: "{\"RequestClass\":\"Rule-HTML-Section\",\"RequestAppliesTo\":\"Rule-Obj-When\",\"RequestRuleName\":\"pzRuleFormLayoutDelegated\"}" => HTTP 200 (70998 bytes)
[PegaHttpClient] 📡 POST https://zdk8budo.pegaacademy.net/prweb/api/CodeIntelligence/v1/rules/query?pxObjClass=Rule-HTML-Section&appliesTo=Rule-Obj-When&pyRuleName=RuleFormLayout&RequestClass=Rule-HTML-Section&RequestAppliesTo=Rule-Obj-When&RequestRuleName=RuleFormLayout Payload: "{\"RequestClass\":\"Rule-HTML-Section\",\"RequestAppliesTo\":\"Rule-Obj-When\",\"RequestRuleName\":\"RuleFormLayout\"}" => HTTP 200 (137503 bytes)
[PegaHttpClient] 📡 POST https://zdk8budo.pegaacademy.net/prweb/api/CodeIntelligence/v1/rules/query?pxObjClass=Rule-HTML-Section&appliesTo=Rule-Obj-When&pyRuleName=RuleFormSettings&RequestClass=Rule-HTML-Section&RequestAppliesTo=Rule-Obj-When&RequestRuleName=RuleFormSettings Payload: "{\"RequestClass\":\"Rule-HTML-Section\",\"RequestAppliesTo\":\"Rule-Obj-When\",\"RequestRuleName\":\"RuleFormSettings\"}" => HTTP 200 (20540 bytes)
[PegaHttpClient] 📡 POST https://zdk8budo.pegaacademy.net/prweb/api/CodeIntelligence/v1/rules/query?pxObjClass=Rule-HTML-Section&appliesTo=Rule-Obj-When&pyRuleName=OpenAuthoring&RequestClass=Rule-HTML-Section&RequestAppliesTo=Rule-Obj-When&RequestRuleName=OpenAuthoring Payload: "{\"RequestClass\":\"Rule-HTML-Section\",\"RequestAppliesTo\":\"Rule-Obj-When\",\"RequestRuleName\":\"OpenAuthoring\"}" => HTTP 200 (23695 bytes)
[PegaHttpClient] 📡 POST https://zdk8budo.pegaacademy.net/prweb/api/CodeIntelligence/v1/rules/query?pxObjClass=Rule-HTML-Section&appliesTo=Rule-Obj-When&pyRuleName=pyCustomHelp&RequestClass=Rule-HTML-Section&RequestAppliesTo=Rule-Obj-When&RequestRuleName=pyCustomHelp Payload: "{\"RequestClass\":\"Rule-HTML-Section\",\"RequestAppliesTo\":\"Rule-Obj-When\",\"RequestRuleName\":\"pyCustomHelp\"}" => HTTP 200 (17256 bytes)
[PegaHttpClient] 📡 POST https://zdk8budo.pegaacademy.net/prweb/api/CodeIntelligence/v1/rules/query?pxObjClass=Rule-HTML-Section&appliesTo=Rule-Obj-When&pyRuleName=pzRuleformMainInclude&RequestClass=Rule-HTML-Section&RequestAppliesTo=Rule-Obj-When&RequestRuleName=pzRuleformMainInclude Payload: "{\"RequestClass\":\"Rule-HTML-Section\",\"RequestAppliesTo\":\"Rule-Obj-When\",\"RequestRuleName\":\"pzRuleformMainInclude\"}" => HTTP 200 (22375 bytes)
[PegaHttpClient] 📡 POST https://zdk8budo.pegaacademy.net/prweb/api/CodeIntelligence/v1/rules/query?pxObjClass=Rule-HTML-Section&appliesTo=Rule-Obj-When&pyRuleName=pyAlternativeRuleFormStrategicAppExtension&RequestClass=Rule-HTML-Section&RequestAppliesTo=Rule-Obj-When&RequestRuleName=pyAlternativeRuleFormStrategicAppExtension Payload: "{\"RequestClass\":\"Rule-HTML-Section\",\"RequestAppliesTo\":\"Rule-Obj-When\",\"RequestRuleName\":\"pyAlternativeRuleFormStrategicAppExtension\"}" => HTTP 200 (25042 bytes)
[PegaHttpClient] 📡 POST https://zdk8budo.pegaacademy.net/prweb/api/CodeIntelligence/v1/rules/query?pxObjClass=Rule-HTML-Section&appliesTo=Rule-Obj-When&pyRuleName=pyAlternativeRuleFormExtension&RequestClass=Rule-HTML-Section&RequestAppliesTo=Rule-Obj-When&RequestRuleName=pyAlternativeRuleFormExtension Payload: "{\"RequestClass\":\"Rule-HTML-Section\",\"RequestAppliesTo\":\"Rule-Obj-When\",\"RequestRuleName\":\"pyAlternativeRuleFormExtension\"}" => HTTP 200 (24863 bytes)
[PegaHttpClient] 📡 POST https://zdk8budo.pegaacademy.net/prweb/api/CodeIntelligence/v1/rules/query?pxObjClass=Rule-HTML-Section&appliesTo=Rule-Obj-When&pyRuleName=RuleFormHeader&RequestClass=Rule-HTML-Section&RequestAppliesTo=Rule-Obj-When&RequestRuleName=RuleFormHeader Payload: "{\"RequestClass\":\"Rule-HTML-Section\",\"RequestAppliesTo\":\"Rule-Obj-When\",\"RequestRuleName\":\"RuleFormHeader\"}" => HTTP 200 (183800 bytes)
[PegaHttpClient] 📡 POST https://zdk8budo.pegaacademy.net/prweb/api/CodeIntelligence/v1/rules/query?pxObjClass=Rule-HTML-Section&appliesTo=Rule-Obj-When&pyRuleName=pzDelegationExperience&RequestClass=Rule-HTML-Section&RequestAppliesTo=Rule-Obj-When&RequestRuleName=pzDelegationExperience Payload: "{\"RequestClass\":\"Rule-HTML-Section\",\"RequestAppliesTo\":\"Rule-Obj-When\",\"RequestRuleName\":\"pzDelegationExperience\"}" => HTTP 404 (113 bytes)
[PegaHttpClient] 📡 POST https://zdk8budo.pegaacademy.net/prweb/PRRestService/CodeIntelligence/v1/rules/query?pxObjClass=Rule-HTML-Section&appliesTo=Rule-Obj-When&pyRuleName=pzDelegationExperience&RequestClass=Rule-HTML-Section&RequestAppliesTo=Rule-Obj-When&RequestRuleName=pzDelegationExperience Payload: "{\"RequestClass\":\"Rule-HTML-Section\",\"RequestAppliesTo\":\"Rule-Obj-When\",\"RequestRuleName\":\"pzDelegationExperience\"}" => HTTP 404 (113 bytes)
[PegaHttpClient] 📡 POST https://zdk8budo.pegaacademy.net/prweb/api/HRAppsV2Service/V1/rules/query?pxObjClass=Rule-HTML-Section&appliesTo=Rule-Obj-When&pyRuleName=pzDelegationExperience&RequestClass=Rule-HTML-Section&RequestAppliesTo=Rule-Obj-When&RequestRuleName=pzDelegationExperience Payload: "{\"RequestClass\":\"Rule-HTML-Section\",\"RequestAppliesTo\":\"Rule-Obj-When\",\"RequestRuleName\":\"pzDelegationExperience\"}" => HTTP 404 (18 bytes)
[PegaHttpClient] 📡 POST https://zdk8budo.pegaacademy.net/prweb/PRRestService/HRAppsV2Service/V1/rules/query?pxObjClass=Rule-HTML-Section&appliesTo=Rule-Obj-When&pyRuleName=pzDelegationExperience&RequestClass=Rule-HTML-Section&RequestAppliesTo=Rule-Obj-When&RequestRuleName=pzDelegationExperience Payload: "{\"RequestClass\":\"Rule-HTML-Section\",\"RequestAppliesTo\":\"Rule-Obj-When\",\"RequestRuleName\":\"pzDelegationExperience\"}" => HTTP 404 (18 bytes)
[PegaHttpClient] 📡 POST https://zdk8budo.pegaacademy.net/prweb/api/HRAppsV2/V1/rules/query?pxObjClass=Rule-HTML-Section&appliesTo=Rule-Obj-When&pyRuleName=pzDelegationExperience&RequestClass=Rule-HTML-Section&RequestAppliesTo=Rule-Obj-When&RequestRuleName=pzDelegationExperience Payload: "{\"RequestClass\":\"Rule-HTML-Section\",\"RequestAppliesTo\":\"Rule-Obj-When\",\"RequestRuleName\":\"pzDelegationExperience\"}" => HTTP 404 (18 bytes)
[PegaHttpClient] 📡 POST https://zdk8budo.pegaacademy.net/prweb/PRRestService/HRAppsV2/V1/rules/query?pxObjClass=Rule-HTML-Section&appliesTo=Rule-Obj-When&pyRuleName=pzDelegationExperience&RequestClass=Rule-HTML-Section&RequestAppliesTo=Rule-Obj-When&RequestRuleName=pzDelegationExperience Payload: "{\"RequestClass\":\"Rule-HTML-Section\",\"RequestAppliesTo\":\"Rule-Obj-When\",\"RequestRuleName\":\"pzDelegationExperience\"}" => HTTP 404 (18 bytes)
[PegaHttpClient] 📡 POST https://zdk8budo.pegaacademy.net/prweb/api/v1/rules/query?pxObjClass=Rule-HTML-Section&appliesTo=Rule-Obj-When&pyRuleName=pzDelegationExperience&RequestClass=Rule-HTML-Section&RequestAppliesTo=Rule-Obj-When&RequestRuleName=pzDelegationExperience Payload: "{\"RequestClass\":\"Rule-HTML-Section\",\"RequestAppliesTo\":\"Rule-Obj-When\",\"RequestRuleName\":\"pzDelegationExperience\"}" => HTTP 404 (18 bytes)
[PegaHttpClient] 📡 POST https://zdk8budo.pegaacademy.net/prweb/PRRestService/v1/rules/query?pxObjClass=Rule-HTML-Section&appliesTo=Rule-Obj-When&pyRuleName=pzDelegationExperience&RequestClass=Rule-HTML-Section&RequestAppliesTo=Rule-Obj-When&RequestRuleName=pzDelegationExperience Payload: "{\"RequestClass\":\"Rule-HTML-Section\",\"RequestAppliesTo\":\"Rule-Obj-When\",\"RequestRuleName\":\"pzDelegationExperience\"}" => HTTP 404 (18 bytes)
[PegaHttpClient] 📡 POST https://zdk8budo.pegaacademy.net/prweb/api/CodeIntelligence/v1/rules/query?pxObjClass=Rule-HTML-Section&appliesTo=Rule-Obj-When&pyRuleName=pzRegisterRefreshForWhen&RequestClass=Rule-HTML-Section&RequestAppliesTo=Rule-Obj-When&RequestRuleName=pzRegisterRefreshForWhen Payload: "{\"RequestClass\":\"Rule-HTML-Section\",\"RequestAppliesTo\":\"Rule-Obj-When\",\"RequestRuleName\":\"pzRegisterRefreshForWhen\"}" => HTTP 200 (17462 bytes)
[PegaHttpClient] 📡 POST https://zdk8budo.pegaacademy.net/prweb/api/CodeIntelligence/v1/rules/query?pxObjClass=Rule-HTML-Section&appliesTo=Rule-Obj-When&pyRuleName=pzConditions&RequestClass=Rule-HTML-Section&RequestAppliesTo=Rule-Obj-When&RequestRuleName=pzConditions Payload: "{\"RequestClass\":\"Rule-HTML-Section\",\"RequestAppliesTo\":\"Rule-Obj-When\",\"RequestRuleName\":\"pzConditions\"}" => HTTP 200 (33486 bytes)
[PegaHttpClient] 📡 POST https://zdk8budo.pegaacademy.net/prweb/api/CodeIntelligence/v1/rules/query?pxObjClass=Rule-HTML-Section&appliesTo=Rule-Obj-When&pyRuleName=pzAdvanced&RequestClass=Rule-HTML-Section&RequestAppliesTo=Rule-Obj-When&RequestRuleName=pzAdvanced Payload: "{\"RequestClass\":\"Rule-HTML-Section\",\"RequestAppliesTo\":\"Rule-Obj-When\",\"RequestRuleName\":\"pzAdvanced\"}" => HTTP 200 (86155 bytes)
[PegaHttpClient] 📡 POST https://zdk8budo.pegaacademy.net/prweb/api/CodeIntelligence/v1/rules/query?pxObjClass=Rule-HTML-Section&appliesTo=Rule-Obj-When&pyRuleName=pzRuleFormParameters&RequestClass=Rule-HTML-Section&RequestAppliesTo=Rule-Obj-When&RequestRuleName=pzRuleFormParameters Payload: "{\"RequestClass\":\"Rule-HTML-Section\",\"RequestAppliesTo\":\"Rule-Obj-When\",\"RequestRuleName\":\"pzRuleFormParameters\"}" => HTTP 200 (79108 bytes)
[PegaHttpClient] 📡 POST https://zdk8budo.pegaacademy.net/prweb/api/CodeIntelligence/v1/rules/query?pxObjClass=Rule-HTML-Section&appliesTo=Rule-Obj-When&pyRuleName=pzRuleFormPagesAndClassesWithLocate&RequestClass=Rule-HTML-Section&RequestAppliesTo=Rule-Obj-When&RequestRuleName=pzRuleFormPagesAndClassesWithLocate Payload: "{\"RequestClass\":\"Rule-HTML-Section\",\"RequestAppliesTo\":\"Rule-Obj-When\",\"RequestRuleName\":\"pzRuleFormPagesAndClassesWithLocate\"}" => HTTP 200 (69641 bytes)
[PegaHttpClient] 📡 POST https://zdk8budo.pegaacademy.net/prweb/api/CodeIntelligence/v1/rules/query?pxObjClass=Rule-HTML-Section&appliesTo=Rule-Obj-When&pyRuleName=pzUnitTestCases&RequestClass=Rule-HTML-Section&RequestAppliesTo=Rule-Obj-When&RequestRuleName=pzUnitTestCases Payload: "{\"RequestClass\":\"Rule-HTML-Section\",\"RequestAppliesTo\":\"Rule-Obj-When\",\"RequestRuleName\":\"pzUnitTestCases\"}" => HTTP 200 (285239 bytes)
[PegaHttpClient] 📡 POST https://zdk8budo.pegaacademy.net/prweb/api/CodeIntelligence/v1/rules/query?pxObjClass=Rule-HTML-Section&appliesTo=Rule-Obj-When&pyRuleName=pzSpecifications&RequestClass=Rule-HTML-Section&RequestAppliesTo=Rule-Obj-When&RequestRuleName=pzSpecifications Payload: "{\"RequestClass\":\"Rule-HTML-Section\",\"RequestAppliesTo\":\"Rule-Obj-When\",\"RequestRuleName\":\"pzSpecifications\"}" => HTTP 200 (16577 bytes)
[PegaHttpClient] 📡 POST https://zdk8budo.pegaacademy.net/prweb/api/CodeIntelligence/v1/rules/query?pxObjClass=Rule-HTML-Section&appliesTo=Rule-Obj-When&pyRuleName=RuleFormHistory&RequestClass=Rule-HTML-Section&RequestAppliesTo=Rule-Obj-When&RequestRuleName=RuleFormHistory Payload: "{\"RequestClass\":\"Rule-HTML-Section\",\"RequestAppliesTo\":\"Rule-Obj-When\",\"RequestRuleName\":\"RuleFormHistory\"}" => HTTP 200 (76091 bytes)
[PegaHttpClient] 📡 POST https://zdk8budo.pegaacademy.net/prweb/api/CodeIntelligence/v1/rules/query?pxObjClass=Rule-HTML-Section&appliesTo=Rule-Obj-When&pyRuleName=pzCustomHelp&RequestClass=Rule-HTML-Section&RequestAppliesTo=Rule-Obj-When&RequestRuleName=pzCustomHelp Payload: "{\"RequestClass\":\"Rule-HTML-Section\",\"RequestAppliesTo\":\"Rule-Obj-When\",\"RequestRuleName\":\"pzCustomHelp\"}" => HTTP 200 (31573 bytes)
[PegaHttpClient] 📡 POST https://zdk8budo.pegaacademy.net/prweb/api/CodeIntelligence/v1/rules/query?pxObjClass=Rule-HTML-Section&appliesTo=Rule-Obj-When&pyRuleName=pzRuleFormKeysAndDescription&RequestClass=Rule-HTML-Section&RequestAppliesTo=Rule-Obj-When&RequestRuleName=pzRuleFormKeysAndDescription Payload: "{\"RequestClass\":\"Rule-HTML-Section\",\"RequestAppliesTo\":\"Rule-Obj-When\",\"RequestRuleName\":\"pzRuleFormKeysAndDescription\"}" => HTTP 200 (218057 bytes)
[PegaHttpClient] 📡 POST https://zdk8budo.pegaacademy.net/prweb/api/CodeIntelligence/v1/rules/query?pxObjClass=Rule-HTML-Section&appliesTo=Rule-Obj-When&pyRuleName=pzRuleFormRuleset&RequestClass=Rule-HTML-Section&RequestAppliesTo=Rule-Obj-When&RequestRuleName=pzRuleFormRuleset Payload: "{\"RequestClass\":\"Rule-HTML-Section\",\"RequestAppliesTo\":\"Rule-Obj-When\",\"RequestRuleName\":\"pzRuleFormRuleset\"}" => HTTP 200 (33985 bytes)
[PegaHttpClient] 📡 POST https://zdk8budo.pegaacademy.net/prweb/api/CodeIntelligence/v1/rules/query?pxObjClass=Rule-HTML-Section&appliesTo=Rule-Obj-When&pyRuleName=undefined&RequestClass=Rule-HTML-Section&RequestAppliesTo=Rule-Obj-When&RequestRuleName=undefined Payload: "{\"RequestClass\":\"Rule-HTML-Section\",\"RequestAppliesTo\":\"Rule-Obj-When\",\"RequestRuleName\":\"undefined\"}" => HTTP 404 (100 bytes)
[PegaHttpClient] 📡 POST https://zdk8budo.pegaacademy.net/prweb/PRRestService/CodeIntelligence/v1/rules/query?pxObjClass=Rule-HTML-Section&appliesTo=Rule-Obj-When&pyRuleName=undefined&RequestClass=Rule-HTML-Section&RequestAppliesTo=Rule-Obj-When&RequestRuleName=undefined Payload: "{\"RequestClass\":\"Rule-HTML-Section\",\"RequestAppliesTo\":\"Rule-Obj-When\",\"RequestRuleName\":\"undefined\"}" => HTTP 404 (100 bytes)
[PegaHttpClient] 📡 POST https://zdk8budo.pegaacademy.net/prweb/api/HRAppsV2Service/V1/rules/query?pxObjClass=Rule-HTML-Section&appliesTo=Rule-Obj-When&pyRuleName=undefined&RequestClass=Rule-HTML-Section&RequestAppliesTo=Rule-Obj-When&RequestRuleName=undefined Payload: "{\"RequestClass\":\"Rule-HTML-Section\",\"RequestAppliesTo\":\"Rule-Obj-When\",\"RequestRuleName\":\"undefined\"}" => HTTP 404 (18 bytes)
[PegaHttpClient] 📡 POST https://zdk8budo.pegaacademy.net/prweb/PRRestService/HRAppsV2Service/V1/rules/query?pxObjClass=Rule-HTML-Section&appliesTo=Rule-Obj-When&pyRuleName=undefined&RequestClass=Rule-HTML-Section&RequestAppliesTo=Rule-Obj-When&RequestRuleName=undefined Payload: "{\"RequestClass\":\"Rule-HTML-Section\",\"RequestAppliesTo\":\"Rule-Obj-When\",\"RequestRuleName\":\"undefined\"}" => HTTP 404 (18 bytes)
[PegaHttpClient] 📡 POST https://zdk8budo.pegaacademy.net/prweb/api/HRAppsV2/V1/rules/query?pxObjClass=Rule-HTML-Section&appliesTo=Rule-Obj-When&pyRuleName=undefined&RequestClass=Rule-HTML-Section&RequestAppliesTo=Rule-Obj-When&RequestRuleName=undefined Payload: "{\"RequestClass\":\"Rule-HTML-Section\",\"RequestAppliesTo\":\"Rule-Obj-When\",\"RequestRuleName\":\"undefined\"}" => HTTP 404 (18 bytes)
[PegaHttpClient] 📡 POST https://zdk8budo.pegaacademy.net/prweb/PRRestService/HRAppsV2/V1/rules/query?pxObjClass=Rule-HTML-Section&appliesTo=Rule-Obj-When&pyRuleName=undefined&RequestClass=Rule-HTML-Section&RequestAppliesTo=Rule-Obj-When&RequestRuleName=undefined Payload: "{\"RequestClass\":\"Rule-HTML-Section\",\"RequestAppliesTo\":\"Rule-Obj-When\",\"RequestRuleName\":\"undefined\"}" => HTTP 404 (18 bytes)
[PegaHttpClient] 📡 POST https://zdk8budo.pegaacademy.net/prweb/api/v1/rules/query?pxObjClass=Rule-HTML-Section&appliesTo=Rule-Obj-When&pyRuleName=undefined&RequestClass=Rule-HTML-Section&RequestAppliesTo=Rule-Obj-When&RequestRuleName=undefined Payload: "{\"RequestClass\":\"Rule-HTML-Section\",\"RequestAppliesTo\":\"Rule-Obj-When\",\"RequestRuleName\":\"undefined\"}" => HTTP 404 (18 bytes)
[PegaHttpClient] 📡 POST https://zdk8budo.pegaacademy.net/prweb/PRRestService/v1/rules/query?pxObjClass=Rule-HTML-Section&appliesTo=Rule-Obj-When&pyRuleName=undefined&RequestClass=Rule-HTML-Section&RequestAppliesTo=Rule-Obj-When&RequestRuleName=undefined Payload: "{\"RequestClass\":\"Rule-HTML-Section\",\"RequestAppliesTo\":\"Rule-Obj-When\",\"RequestRuleName\":\"undefined\"}" => HTTP 404 (18 bytes)
[PegaHttpClient] 📡 POST https://zdk8budo.pegaacademy.net/prweb/api/CodeIntelligence/v1/rules/query?pxObjClass=Rule-HTML-Section&appliesTo=Rule-Obj-When&pyRuleName=pzRuleFormToolbar&RequestClass=Rule-HTML-Section&RequestAppliesTo=Rule-Obj-When&RequestRuleName=pzRuleFormToolbar Payload: "{\"RequestClass\":\"Rule-HTML-Section\",\"RequestAppliesTo\":\"Rule-Obj-When\",\"RequestRuleName\":\"pzRuleFormToolbar\"}" => HTTP 200 (242691 bytes)
[PegaHttpClient] 📡 POST https://zdk8budo.pegaacademy.net/prweb/api/CodeIntelligence/v1/rules/query?pxObjClass=Rule-HTML-Section&appliesTo=Rule-Obj-When&pyRuleName=pzRuleFormToolbarCompare&RequestClass=Rule-HTML-Section&RequestAppliesTo=Rule-Obj-When&RequestRuleName=pzRuleFormToolbarCompare Payload: "{\"RequestClass\":\"Rule-HTML-Section\",\"RequestAppliesTo\":\"Rule-Obj-When\",\"RequestRuleName\":\"pzRuleFormToolbarCompare\"}" => HTTP 200 (61925 bytes)
[PegaHttpClient] 📡 POST https://zdk8budo.pegaacademy.net/prweb/api/CodeIntelligence/v1/rules/query?pxObjClass=Rule-HTML-Section&appliesTo=Rule-Obj-When&pyRuleName=RuleFormHeaderMessages&RequestClass=Rule-HTML-Section&RequestAppliesTo=Rule-Obj-When&RequestRuleName=RuleFormHeaderMessages Payload: "{\"RequestClass\":\"Rule-HTML-Section\",\"RequestAppliesTo\":\"Rule-Obj-When\",\"RequestRuleName\":\"RuleFormHeaderMessages\"}" => HTTP 200 (26518 bytes)
[PegaHttpClient] 📡 POST https://zdk8budo.pegaacademy.net/prweb/api/CodeIntelligence/v1/rules/query?pxObjClass=Rule-HTML-Section&appliesTo=Rule-Obj-When&pyRuleName=pzConditionTree&RequestClass=Rule-HTML-Section&RequestAppliesTo=Rule-Obj-When&RequestRuleName=pzConditionTree Payload: "{\"RequestClass\":\"Rule-HTML-Section\",\"RequestAppliesTo\":\"Rule-Obj-When\",\"RequestRuleName\":\"pzConditionTree\"}" => HTTP 200 (70257 bytes)
[PegaHttpClient] 📡 POST https://zdk8budo.pegaacademy.net/prweb/api/CodeIntelligence/v1/rules/query?pxObjClass=Rule-HTML-Section&appliesTo=Rule-Obj-When&pyRuleName=pzAdvancedConditions&RequestClass=Rule-HTML-Section&RequestAppliesTo=Rule-Obj-When&RequestRuleName=pzAdvancedConditions Payload: "{\"RequestClass\":\"Rule-HTML-Section\",\"RequestAppliesTo\":\"Rule-Obj-When\",\"RequestRuleName\":\"pzAdvancedConditions\"}" => HTTP 200 (108947 bytes)
[PegaHttpClient] 📡 POST https://zdk8budo.pegaacademy.net/prweb/api/CodeIntelligence/v1/rules/query?pxObjClass=Rule-HTML-Section&appliesTo=Rule-Obj-When&pyRuleName=pzAdvancedOptions&RequestClass=Rule-HTML-Section&RequestAppliesTo=Rule-Obj-When&RequestRuleName=pzAdvancedOptions Payload: "{\"RequestClass\":\"Rule-HTML-Section\",\"RequestAppliesTo\":\"Rule-Obj-When\",\"RequestRuleName\":\"pzAdvancedOptions\"}" => HTTP 200 (68695 bytes)
[PegaHttpClient] 📡 POST https://zdk8budo.pegaacademy.net/prweb/api/CodeIntelligence/v1/rules/query?pxObjClass=Rule-HTML-Section&appliesTo=Rule-Obj-When&pyRuleName=pzRuleFormParametersScript&RequestClass=Rule-HTML-Section&RequestAppliesTo=Rule-Obj-When&RequestRuleName=pzRuleFormParametersScript Payload: "{\"RequestClass\":\"Rule-HTML-Section\",\"RequestAppliesTo\":\"Rule-Obj-When\",\"RequestRuleName\":\"pzRuleFormParametersScript\"}" => HTTP 200 (32712 bytes)
[PegaHttpClient] 📡 POST https://zdk8budo.pegaacademy.net/prweb/api/CodeIntelligence/v1/rules/query?pxObjClass=Rule-HTML-Section&appliesTo=Rule-Obj-When&pyRuleName=pzPagesAndClassesScriptNoMode&RequestClass=Rule-HTML-Section&RequestAppliesTo=Rule-Obj-When&RequestRuleName=pzPagesAndClassesScriptNoMode Payload: "{\"RequestClass\":\"Rule-HTML-Section\",\"RequestAppliesTo\":\"Rule-Obj-When\",\"RequestRuleName\":\"pzPagesAndClassesScriptNoMode\"}" => HTTP 200 (25452 bytes)
[PegaHttpClient] 📡 POST https://zdk8budo.pegaacademy.net/prweb/api/CodeIntelligence/v1/rules/query?pxObjClass=Rule-HTML-Section&appliesTo=Rule-Obj-When&pyRuleName=RuleFormPagesAndClasses&RequestClass=Rule-HTML-Section&RequestAppliesTo=Rule-Obj-When&RequestRuleName=RuleFormPagesAndClasses Payload: "{\"RequestClass\":\"Rule-HTML-Section\",\"RequestAppliesTo\":\"Rule-Obj-When\",\"RequestRuleName\":\"RuleFormPagesAndClasses\"}" => HTTP 200 (34748 bytes)
[PegaHttpClient] 📡 POST https://zdk8budo.pegaacademy.net/prweb/api/CodeIntelligence/v1/rules/query?pxObjClass=Rule-HTML-Section&appliesTo=Rule-Obj-When&pyRuleName=pzRFSelectAllTestCases&RequestClass=Rule-HTML-Section&RequestAppliesTo=Rule-Obj-When&RequestRuleName=pzRFSelectAllTestCases Payload: "{\"RequestClass\":\"Rule-HTML-Section\",\"RequestAppliesTo\":\"Rule-Obj-When\",\"RequestRuleName\":\"pzRFSelectAllTestCases\"}" => HTTP 200 (83585 bytes)
[PegaHttpClient] 📡 POST https://zdk8budo.pegaacademy.net/prweb/api/CodeIntelligence/v1/rules/query?pxObjClass=Rule-HTML-Section&appliesTo=Rule-Obj-When&pyRuleName=pzRFProgressbarWrapper&RequestClass=Rule-HTML-Section&RequestAppliesTo=Rule-Obj-When&RequestRuleName=pzRFProgressbarWrapper Payload: "{\"RequestClass\":\"Rule-HTML-Section\",\"RequestAppliesTo\":\"Rule-Obj-When\",\"RequestRuleName\":\"pzRFProgressbarWrapper\"}" => HTTP 200 (17204 bytes)
[PegaHttpClient] 📡 POST https://zdk8budo.pegaacademy.net/prweb/api/CodeIntelligence/v1/rules/query?pxObjClass=Rule-HTML-Section&appliesTo=Rule-Obj-When&pyRuleName=pzRFRunSelected&RequestClass=Rule-HTML-Section&RequestAppliesTo=Rule-Obj-When&RequestRuleName=pzRFRunSelected Payload: "{\"RequestClass\":\"Rule-HTML-Section\",\"RequestAppliesTo\":\"Rule-Obj-When\",\"RequestRuleName\":\"pzRFRunSelected\"}" => HTTP 200 (19863 bytes)
[PegaHttpClient] 📡 POST https://zdk8budo.pegaacademy.net/prweb/api/CodeIntelligence/v1/rules/query?pxObjClass=Rule-HTML-Section&appliesTo=Rule-Obj-When&pyRuleName=pzRuleSpecificButtons&RequestClass=Rule-HTML-Section&RequestAppliesTo=Rule-Obj-When&RequestRuleName=pzRuleSpecificButtons Payload: "{\"RequestClass\":\"Rule-HTML-Section\",\"RequestAppliesTo\":\"Rule-Obj-When\",\"RequestRuleName\":\"pzRuleSpecificButtons\"}" => HTTP 200 (15181 bytes)
[PegaHttpClient] 📡 POST https://zdk8budo.pegaacademy.net/prweb/api/CodeIntelligence/v1/rules/query?pxObjClass=Rule-HTML-Section&appliesTo=Rule-Obj-When&pyRuleName=pzRFSelectATest&RequestClass=Rule-HTML-Section&RequestAppliesTo=Rule-Obj-When&RequestRuleName=pzRFSelectATest Payload: "{\"RequestClass\":\"Rule-HTML-Section\",\"RequestAppliesTo\":\"Rule-Obj-When\",\"RequestRuleName\":\"pzRFSelectATest\"}" => HTTP 200 (23363 bytes)
[PegaHttpClient] 📡 POST https://zdk8budo.pegaacademy.net/prweb/api/CodeIntelligence/v1/rules/query?pxObjClass=Rule-HTML-Section&appliesTo=Rule-Obj-When&pyRuleName=pzTestCaseRunTimeWrapperLP&RequestClass=Rule-HTML-Section&RequestAppliesTo=Rule-Obj-When&RequestRuleName=pzTestCaseRunTimeWrapperLP Payload: "{\"RequestClass\":\"Rule-HTML-Section\",\"RequestAppliesTo\":\"Rule-Obj-When\",\"RequestRuleName\":\"pzTestCaseRunTimeWrapperLP\"}" => HTTP 200 (19734 bytes)
[PegaHttpClient] 📡 POST https://zdk8budo.pegaacademy.net/prweb/api/CodeIntelligence/v1/rules/query?pxObjClass=Rule-HTML-Section&appliesTo=Rule-Obj-When&pyRuleName=pzShowRunAndExpectedTimeWrapper&RequestClass=Rule-HTML-Section&RequestAppliesTo=Rule-Obj-When&RequestRuleName=pzShowRunAndExpectedTimeWrapper Payload: "{\"RequestClass\":\"Rule-HTML-Section\",\"RequestAppliesTo\":\"Rule-Obj-When\",\"RequestRuleName\":\"pzShowRunAndExpectedTimeWrapper\"}" => HTTP 200 (30204 bytes)
[PegaHttpClient] 📡 POST https://zdk8budo.pegaacademy.net/prweb/api/CodeIntelligence/v1/rules/query?pxObjClass=Rule-HTML-Section&appliesTo=Rule-Obj-When&pyRuleName=pzTestCaseRunStatusWrapperLP&RequestClass=Rule-HTML-Section&RequestAppliesTo=Rule-Obj-When&RequestRuleName=pzTestCaseRunStatusWrapperLP Payload: "{\"RequestClass\":\"Rule-HTML-Section\",\"RequestAppliesTo\":\"Rule-Obj-When\",\"RequestRuleName\":\"pzTestCaseRunStatusWrapperLP\"}" => HTTP 200 (56140 bytes)
[PegaHttpClient] 📡 POST https://zdk8budo.pegaacademy.net/prweb/api/CodeIntelligence/v1/rules/query?pxObjClass=Rule-HTML-Section&appliesTo=Rule-Obj-When&pyRuleName=pzSpecificationsInner&RequestClass=Rule-HTML-Section&RequestAppliesTo=Rule-Obj-When&RequestRuleName=pzSpecificationsInner Payload: "{\"RequestClass\":\"Rule-HTML-Section\",\"RequestAppliesTo\":\"Rule-Obj-When\",\"RequestRuleName\":\"pzSpecificationsInner\"}" => HTTP 200 (142370 bytes)
[PegaHttpClient] 📡 POST https://zdk8budo.pegaacademy.net/prweb/api/CodeIntelligence/v1/rules/query?pxObjClass=Rule-HTML-Section&appliesTo=Rule-Obj-When&pyRuleName=pzAlternateRuleInfo&RequestClass=Rule-HTML-Section&RequestAppliesTo=Rule-Obj-When&RequestRuleName=pzAlternateRuleInfo Payload: "{\"RequestClass\":\"Rule-HTML-Section\",\"RequestAppliesTo\":\"Rule-Obj-When\",\"RequestRuleName\":\"pzAlternateRuleInfo\"}" => HTTP 200 (140407 bytes)
[PegaHttpClient] 📡 POST https://zdk8budo.pegaacademy.net/prweb/api/CodeIntelligence/v1/rules/query?pxObjClass=Rule-HTML-Section&appliesTo=Rule-Obj-When&pyRuleName=RuleFormHistory_Description&RequestClass=Rule-HTML-Section&RequestAppliesTo=Rule-Obj-When&RequestRuleName=RuleFormHistory_Description Payload: "{\"RequestClass\":\"Rule-HTML-Section\",\"RequestAppliesTo\":\"Rule-Obj-When\",\"RequestRuleName\":\"RuleFormHistory_Description\"}" => HTTP 200 (46242 bytes)
[PegaHttpClient] 📡 POST https://zdk8budo.pegaacademy.net/prweb/api/CodeIntelligence/v1/rules/query?pxObjClass=Rule-HTML-Section&appliesTo=Rule-Obj-When&pyRuleName=RuleFormHistory_CustomFields&RequestClass=Rule-HTML-Section&RequestAppliesTo=Rule-Obj-When&RequestRuleName=RuleFormHistory_CustomFields Payload: "{\"RequestClass\":\"Rule-HTML-Section\",\"RequestAppliesTo\":\"Rule-Obj-When\",\"RequestRuleName\":\"RuleFormHistory_CustomFields\"}" => HTTP 200 (75856 bytes)
[PegaHttpClient] 📡 POST https://zdk8budo.pegaacademy.net/prweb/api/CodeIntelligence/v1/rules/query?pxObjClass=Rule-HTML-Section&appliesTo=Rule-Obj-When&pyRuleName=RuleFormHistory_HistoryDetails&RequestClass=Rule-HTML-Section&RequestAppliesTo=Rule-Obj-When&RequestRuleName=RuleFormHistory_HistoryDetails Payload: "{\"RequestClass\":\"Rule-HTML-Section\",\"RequestAppliesTo\":\"Rule-Obj-When\",\"RequestRuleName\":\"RuleFormHistory_HistoryDetails\"}" => HTTP 200 (179535 bytes)
[PegaHttpClient] 📡 POST https://zdk8budo.pegaacademy.net/prweb/api/CodeIntelligence/v1/rules/query?pxObjClass=Rule-HTML-Section&appliesTo=Rule-Obj-When&pyRuleName=pzRuleFormStatus&RequestClass=Rule-HTML-Section&RequestAppliesTo=Rule-Obj-When&RequestRuleName=pzRuleFormStatus Payload: "{\"RequestClass\":\"Rule-HTML-Section\",\"RequestAppliesTo\":\"Rule-Obj-When\",\"RequestRuleName\":\"pzRuleFormStatus\"}" => HTTP 200 (97627 bytes)
[PegaHttpClient] 📡 POST https://zdk8budo.pegaacademy.net/prweb/api/CodeIntelligence/v1/rules/query?pxObjClass=Rule-HTML-Section&appliesTo=Rule-Obj-When&pyRuleName=pzRuleFormHeaderCompareWithDropDown&RequestClass=Rule-HTML-Section&RequestAppliesTo=Rule-Obj-When&RequestRuleName=pzRuleFormHeaderCompareWithDropDown Payload: "{\"RequestClass\":\"Rule-HTML-Section\",\"RequestAppliesTo\":\"Rule-Obj-When\",\"RequestRuleName\":\"pzRuleFormHeaderCompareWithDropDown\"}" => HTTP 200 (25396 bytes)
[PegaHttpClient] 📡 POST https://zdk8budo.pegaacademy.net/prweb/api/CodeIntelligence/v1/rules/query?pxObjClass=Rule-HTML-Section&appliesTo=Rule-Obj-When&pyRuleName=undefined&RequestClass=Rule-HTML-Section&RequestAppliesTo=Rule-Obj-When&RequestRuleName=undefined Payload: "{\"RequestClass\":\"Rule-HTML-Section\",\"RequestAppliesTo\":\"Rule-Obj-When\",\"RequestRuleName\":\"undefined\"}" => HTTP 404 (100 bytes)
[PegaHttpClient] 📡 POST https://zdk8budo.pegaacademy.net/prweb/PRRestService/CodeIntelligence/v1/rules/query?pxObjClass=Rule-HTML-Section&appliesTo=Rule-Obj-When&pyRuleName=undefined&RequestClass=Rule-HTML-Section&RequestAppliesTo=Rule-Obj-When&RequestRuleName=undefined Payload: "{\"RequestClass\":\"Rule-HTML-Section\",\"RequestAppliesTo\":\"Rule-Obj-When\",\"RequestRuleName\":\"undefined\"}" => HTTP 404 (100 bytes)
[PegaHttpClient] 📡 POST https://zdk8budo.pegaacademy.net/prweb/api/HRAppsV2Service/V1/rules/query?pxObjClass=Rule-HTML-Section&appliesTo=Rule-Obj-When&pyRuleName=undefined&RequestClass=Rule-HTML-Section&RequestAppliesTo=Rule-Obj-When&RequestRuleName=undefined Payload: "{\"RequestClass\":\"Rule-HTML-Section\",\"RequestAppliesTo\":\"Rule-Obj-When\",\"RequestRuleName\":\"undefined\"}" => HTTP 404 (18 bytes)
[PegaHttpClient] 📡 POST https://zdk8budo.pegaacademy.net/prweb/PRRestService/HRAppsV2Service/V1/rules/query?pxObjClass=Rule-HTML-Section&appliesTo=Rule-Obj-When&pyRuleName=undefined&RequestClass=Rule-HTML-Section&RequestAppliesTo=Rule-Obj-When&RequestRuleName=undefined Payload: "{\"RequestClass\":\"Rule-HTML-Section\",\"RequestAppliesTo\":\"Rule-Obj-When\",\"RequestRuleName\":\"undefined\"}" => HTTP 404 (18 bytes)
[PegaHttpClient] 📡 POST https://zdk8budo.pegaacademy.net/prweb/api/HRAppsV2/V1/rules/query?pxObjClass=Rule-HTML-Section&appliesTo=Rule-Obj-When&pyRuleName=undefined&RequestClass=Rule-HTML-Section&RequestAppliesTo=Rule-Obj-When&RequestRuleName=undefined Payload: "{\"RequestClass\":\"Rule-HTML-Section\",\"RequestAppliesTo\":\"Rule-Obj-When\",\"RequestRuleName\":\"undefined\"}" => HTTP 404 (18 bytes)
[PegaHttpClient] 📡 POST https://zdk8budo.pegaacademy.net/prweb/PRRestService/HRAppsV2/V1/rules/query?pxObjClass=Rule-HTML-Section&appliesTo=Rule-Obj-When&pyRuleName=undefined&RequestClass=Rule-HTML-Section&RequestAppliesTo=Rule-Obj-When&RequestRuleName=undefined Payload: "{\"RequestClass\":\"Rule-HTML-Section\",\"RequestAppliesTo\":\"Rule-Obj-When\",\"RequestRuleName\":\"undefined\"}" => HTTP 404 (18 bytes)
[PegaHttpClient] 📡 POST https://zdk8budo.pegaacademy.net/prweb/api/v1/rules/query?pxObjClass=Rule-HTML-Section&appliesTo=Rule-Obj-When&pyRuleName=undefined&RequestClass=Rule-HTML-Section&RequestAppliesTo=Rule-Obj-When&RequestRuleName=undefined Payload: "{\"RequestClass\":\"Rule-HTML-Section\",\"RequestAppliesTo\":\"Rule-Obj-When\",\"RequestRuleName\":\"undefined\"}" => HTTP 404 (18 bytes)
[PegaHttpClient] 📡 POST https://zdk8budo.pegaacademy.net/prweb/PRRestService/v1/rules/query?pxObjClass=Rule-HTML-Section&appliesTo=Rule-Obj-When&pyRuleName=undefined&RequestClass=Rule-HTML-Section&RequestAppliesTo=Rule-Obj-When&RequestRuleName=undefined Payload: "{\"RequestClass\":\"Rule-HTML-Section\",\"RequestAppliesTo\":\"Rule-Obj-When\",\"RequestRuleName\":\"undefined\"}" => HTTP 404 (18 bytes)
[PegaHttpClient] 📡 POST https://zdk8budo.pegaacademy.net/prweb/api/CodeIntelligence/v1/rules/query?pxObjClass=Rule-HTML-Section&appliesTo=Rule-Obj-When&pyRuleName=pzRuleFormToolbarHotKeys&RequestClass=Rule-HTML-Section&RequestAppliesTo=Rule-Obj-When&RequestRuleName=pzRuleFormToolbarHotKeys Payload: "{\"RequestClass\":\"Rule-HTML-Section\",\"RequestAppliesTo\":\"Rule-Obj-When\",\"RequestRuleName\":\"pzRuleFormToolbarHotKeys\"}" => HTTP 200 (85058 bytes)
[PegaHttpClient] 📡 POST https://zdk8budo.pegaacademy.net/prweb/api/CodeIntelligence/v1/rules/query?pxObjClass=Rule-HTML-Section&appliesTo=Rule-Obj-When&pyRuleName=pzRuleFormToolbarLockedIcon&RequestClass=Rule-HTML-Section&RequestAppliesTo=Rule-Obj-When&RequestRuleName=pzRuleFormToolbarLockedIcon Payload: "{\"RequestClass\":\"Rule-HTML-Section\",\"RequestAppliesTo\":\"Rule-Obj-When\",\"RequestRuleName\":\"pzRuleFormToolbarLockedIcon\"}" => HTTP 200 (24898 bytes)
[PegaHttpClient] 📡 POST https://zdk8budo.pegaacademy.net/prweb/api/CodeIntelligence/v1/rules/query?pxObjClass=Rule-HTML-Section&appliesTo=Rule-Obj-When&pyRuleName=pzRuleFormToolbarCollaborators&RequestClass=Rule-HTML-Section&RequestAppliesTo=Rule-Obj-When&RequestRuleName=pzRuleFormToolbarCollaborators Payload: "{\"RequestClass\":\"Rule-HTML-Section\",\"RequestAppliesTo\":\"Rule-Obj-When\",\"RequestRuleName\":\"pzRuleFormToolbarCollaborators\"}" => HTTP 200 (15254 bytes)
[PegaHttpClient] 📡 POST https://zdk8budo.pegaacademy.net/prweb/api/CodeIntelligence/v1/rules/query?pxObjClass=Rule-HTML-Section&appliesTo=Rule-Obj-When&pyRuleName=pzRuleFormToolbarSaveAs&RequestClass=Rule-HTML-Section&RequestAppliesTo=Rule-Obj-When&RequestRuleName=pzRuleFormToolbarSaveAs Payload: "{\"RequestClass\":\"Rule-HTML-Section\",\"RequestAppliesTo\":\"Rule-Obj-When\",\"RequestRuleName\":\"pzRuleFormToolbarSaveAs\"}" => HTTP 200 (64084 bytes)
[PegaHttpClient] 📡 POST https://zdk8budo.pegaacademy.net/prweb/api/CodeIntelligence/v1/rules/query?pxObjClass=Rule-HTML-Section&appliesTo=Rule-Obj-When&pyRuleName=pzRuleFormToolbarCheckin&RequestClass=Rule-HTML-Section&RequestAppliesTo=Rule-Obj-When&RequestRuleName=pzRuleFormToolbarCheckin Payload: "{\"RequestClass\":\"Rule-HTML-Section\",\"RequestAppliesTo\":\"Rule-Obj-When\",\"RequestRuleName\":\"pzRuleFormToolbarCheckin\"}" => HTTP 200 (119096 bytes)
[PegaHttpClient] 📡 POST https://zdk8budo.pegaacademy.net/prweb/api/CodeIntelligence/v1/rules/query?pxObjClass=Rule-HTML-Section&appliesTo=Rule-Obj-When&pyRuleName=pzRuleFormToolbarDelete&RequestClass=Rule-HTML-Section&RequestAppliesTo=Rule-Obj-When&RequestRuleName=pzRuleFormToolbarDelete Payload: "{\"RequestClass\":\"Rule-HTML-Section\",\"RequestAppliesTo\":\"Rule-Obj-When\",\"RequestRuleName\":\"pzRuleFormToolbarDelete\"}" => HTTP 200 (30249 bytes)
[PegaHttpClient] 📡 POST https://zdk8budo.pegaacademy.net/prweb/api/CodeIntelligence/v1/rules/query?pxObjClass=Rule-HTML-Section&appliesTo=Rule-Obj-When&pyRuleName=pzRuleFormToolbarSave&RequestClass=Rule-HTML-Section&RequestAppliesTo=Rule-Obj-When&RequestRuleName=pzRuleFormToolbarSave Payload: "{\"RequestClass\":\"Rule-HTML-Section\",\"RequestAppliesTo\":\"Rule-Obj-When\",\"RequestRuleName\":\"pzRuleFormToolbarSave\"}" => HTTP 200 (293885 bytes)
[PegaHttpClient] 📡 POST https://zdk8budo.pegaacademy.net/prweb/api/CodeIntelligence/v1/rules/query?pxObjClass=Rule-HTML-Section&appliesTo=Rule-Obj-When&pyRuleName=pzRuleFormToolbarCheckout&RequestClass=Rule-HTML-Section&RequestAppliesTo=Rule-Obj-When&RequestRuleName=pzRuleFormToolbarCheckout Payload: "{\"RequestClass\":\"Rule-HTML-Section\",\"RequestAppliesTo\":\"Rule-Obj-When\",\"RequestRuleName\":\"pzRuleFormToolbarCheckout\"}" => HTTP 200 (238148 bytes)
[PegaHttpClient] 📡 POST https://zdk8budo.pegaacademy.net/prweb/api/CodeIntelligence/v1/rules/query?pxObjClass=Rule-HTML-Section&appliesTo=Rule-Obj-When&pyRuleName=pzRemoveErrorsDataPage&RequestClass=Rule-HTML-Section&RequestAppliesTo=Rule-Obj-When&RequestRuleName=pzRemoveErrorsDataPage Payload: "{\"RequestClass\":\"Rule-HTML-Section\",\"RequestAppliesTo\":\"Rule-Obj-When\",\"RequestRuleName\":\"pzRemoveErrorsDataPage\"}" => HTTP 200 (16733 bytes)
[PegaHttpClient] 📡 POST https://zdk8budo.pegaacademy.net/prweb/api/CodeIntelligence/v1/rules/query?pxObjClass=Rule-HTML-Section&appliesTo=Rule-Obj-When&pyRuleName=pzRuleFormHeaderMessagesWrapper&RequestClass=Rule-HTML-Section&RequestAppliesTo=Rule-Obj-When&RequestRuleName=pzRuleFormHeaderMessagesWrapper Payload: "{\"RequestClass\":\"Rule-HTML-Section\",\"RequestAppliesTo\":\"Rule-Obj-When\",\"RequestRuleName\":\"pzRuleFormHeaderMessagesWrapper\"}" => HTTP 200 (16981 bytes)
[PegaHttpClient] 📡 POST https://zdk8budo.pegaacademy.net/prweb/api/CodeIntelligence/v1/rules/query?pxObjClass=Rule-HTML-Section&appliesTo=Rule-Obj-When&pyRuleName=pzConditionBuilderView&RequestClass=Rule-HTML-Section&RequestAppliesTo=Rule-Obj-When&RequestRuleName=pzConditionBuilderView Payload: "{\"RequestClass\":\"Rule-HTML-Section\",\"RequestAppliesTo\":\"Rule-Obj-When\",\"RequestRuleName\":\"pzConditionBuilderView\"}" => HTTP 200 (30638 bytes)
[PegaHttpClient] 📡 POST https://zdk8budo.pegaacademy.net/prweb/api/CodeIntelligence/v1/rules/query?pxObjClass=Rule-HTML-Section&appliesTo=Rule-Obj-When&pyRuleName=pzCopyMessagesToFB&RequestClass=Rule-HTML-Section&RequestAppliesTo=Rule-Obj-When&RequestRuleName=pzCopyMessagesToFB Payload: "{\"RequestClass\":\"Rule-HTML-Section\",\"RequestAppliesTo\":\"Rule-Obj-When\",\"RequestRuleName\":\"pzCopyMessagesToFB\"}" => HTTP 200 (14710 bytes)
[PegaHttpClient] 📡 POST https://zdk8budo.pegaacademy.net/prweb/api/CodeIntelligence/v1/rules/query?pxObjClass=Rule-HTML-Section&appliesTo=Rule-Obj-When&pyRuleName=pzRuleFormPagesAndClassesScript&RequestClass=Rule-HTML-Section&RequestAppliesTo=Rule-Obj-When&RequestRuleName=pzRuleFormPagesAndClassesScript Payload: "{\"RequestClass\":\"Rule-HTML-Section\",\"RequestAppliesTo\":\"Rule-Obj-When\",\"RequestRuleName\":\"pzRuleFormPagesAndClassesScript\"}" => HTTP 200 (15730 bytes)
[PegaHttpClient] 📡 POST https://zdk8budo.pegaacademy.net/prweb/api/CodeIntelligence/v1/rules/query?pxObjClass=Rule-HTML-Section&appliesTo=Rule-Obj-When&pyRuleName=pzPagesAndClassesNoMode&RequestClass=Rule-HTML-Section&RequestAppliesTo=Rule-Obj-When&RequestRuleName=pzPagesAndClassesNoMode Payload: "{\"RequestClass\":\"Rule-HTML-Section\",\"RequestAppliesTo\":\"Rule-Obj-When\",\"RequestRuleName\":\"pzPagesAndClassesNoMode\"}" => HTTP 200 (90057 bytes)
[PegaHttpClient] 📡 POST https://zdk8budo.pegaacademy.net/prweb/api/CodeIntelligence/v1/rules/query?pxObjClass=Rule-HTML-Section&appliesTo=Rule-Obj-When&pyRuleName=pzPagesAndClassesWithMode&RequestClass=Rule-HTML-Section&RequestAppliesTo=Rule-Obj-When&RequestRuleName=pzPagesAndClassesWithMode Payload: "{\"RequestClass\":\"Rule-HTML-Section\",\"RequestAppliesTo\":\"Rule-Obj-When\",\"RequestRuleName\":\"pzPagesAndClassesWithMode\"}" => HTTP 200 (97424 bytes)
[PegaHttpClient] 📡 POST https://zdk8budo.pegaacademy.net/prweb/api/CodeIntelligence/v1/rules/query?pxObjClass=Rule-HTML-Section&appliesTo=Rule-Obj-When&pyRuleName=pzViewTestCases&RequestClass=Rule-HTML-Section&RequestAppliesTo=Rule-Obj-When&RequestRuleName=pzViewTestCases Payload: "{\"RequestClass\":\"Rule-HTML-Section\",\"RequestAppliesTo\":\"Rule-Obj-When\",\"RequestRuleName\":\"pzViewTestCases\"}" => HTTP 404 (106 bytes)
[PegaHttpClient] 📡 POST https://zdk8budo.pegaacademy.net/prweb/PRRestService/CodeIntelligence/v1/rules/query?pxObjClass=Rule-HTML-Section&appliesTo=Rule-Obj-When&pyRuleName=pzViewTestCases&RequestClass=Rule-HTML-Section&RequestAppliesTo=Rule-Obj-When&RequestRuleName=pzViewTestCases Payload: "{\"RequestClass\":\"Rule-HTML-Section\",\"RequestAppliesTo\":\"Rule-Obj-When\",\"RequestRuleName\":\"pzViewTestCases\"}" => HTTP 404 (106 bytes)
[PegaHttpClient] 📡 POST https://zdk8budo.pegaacademy.net/prweb/api/HRAppsV2Service/V1/rules/query?pxObjClass=Rule-HTML-Section&appliesTo=Rule-Obj-When&pyRuleName=pzViewTestCases&RequestClass=Rule-HTML-Section&RequestAppliesTo=Rule-Obj-When&RequestRuleName=pzViewTestCases Payload: "{\"RequestClass\":\"Rule-HTML-Section\",\"RequestAppliesTo\":\"Rule-Obj-When\",\"RequestRuleName\":\"pzViewTestCases\"}" => HTTP 404 (18 bytes)
[PegaHttpClient] 📡 POST https://zdk8budo.pegaacademy.net/prweb/PRRestService/HRAppsV2Service/V1/rules/query?pxObjClass=Rule-HTML-Section&appliesTo=Rule-Obj-When&pyRuleName=pzViewTestCases&RequestClass=Rule-HTML-Section&RequestAppliesTo=Rule-Obj-When&RequestRuleName=pzViewTestCases Payload: "{\"RequestClass\":\"Rule-HTML-Section\",\"RequestAppliesTo\":\"Rule-Obj-When\",\"RequestRuleName\":\"pzViewTestCases\"}" => HTTP 404 (18 bytes)
[PegaHttpClient] 📡 POST https://zdk8budo.pegaacademy.net/prweb/api/HRAppsV2/V1/rules/query?pxObjClass=Rule-HTML-Section&appliesTo=Rule-Obj-When&pyRuleName=pzViewTestCases&RequestClass=Rule-HTML-Section&RequestAppliesTo=Rule-Obj-When&RequestRuleName=pzViewTestCases Payload: "{\"RequestClass\":\"Rule-HTML-Section\",\"RequestAppliesTo\":\"Rule-Obj-When\",\"RequestRuleName\":\"pzViewTestCases\"}" => HTTP 404 (18 bytes)
[PegaHttpClient] 📡 POST https://zdk8budo.pegaacademy.net/prweb/PRRestService/HRAppsV2/V1/rules/query?pxObjClass=Rule-HTML-Section&appliesTo=Rule-Obj-When&pyRuleName=pzViewTestCases&RequestClass=Rule-HTML-Section&RequestAppliesTo=Rule-Obj-When&RequestRuleName=pzViewTestCases Payload: "{\"RequestClass\":\"Rule-HTML-Section\",\"RequestAppliesTo\":\"Rule-Obj-When\",\"RequestRuleName\":\"pzViewTestCases\"}" => HTTP 404 (18 bytes)
[PegaHttpClient] 📡 POST https://zdk8budo.pegaacademy.net/prweb/api/v1/rules/query?pxObjClass=Rule-HTML-Section&appliesTo=Rule-Obj-When&pyRuleName=pzViewTestCases&RequestClass=Rule-HTML-Section&RequestAppliesTo=Rule-Obj-When&RequestRuleName=pzViewTestCases Payload: "{\"RequestClass\":\"Rule-HTML-Section\",\"RequestAppliesTo\":\"Rule-Obj-When\",\"RequestRuleName\":\"pzViewTestCases\"}" => HTTP 404 (18 bytes)
[PegaHttpClient] 📡 POST https://zdk8budo.pegaacademy.net/prweb/PRRestService/v1/rules/query?pxObjClass=Rule-HTML-Section&appliesTo=Rule-Obj-When&pyRuleName=pzViewTestCases&RequestClass=Rule-HTML-Section&RequestAppliesTo=Rule-Obj-When&RequestRuleName=pzViewTestCases Payload: "{\"RequestClass\":\"Rule-HTML-Section\",\"RequestAppliesTo\":\"Rule-Obj-When\",\"RequestRuleName\":\"pzViewTestCases\"}" => HTTP 404 (18 bytes)
[PegaHttpClient] 📡 POST https://zdk8budo.pegaacademy.net/prweb/api/CodeIntelligence/v1/rules/query?pxObjClass=Rule-HTML-Section&appliesTo=Rule-Obj-When&pyRuleName=pzRunSelected&RequestClass=Rule-HTML-Section&RequestAppliesTo=Rule-Obj-When&RequestRuleName=pzRunSelected Payload: "{\"RequestClass\":\"Rule-HTML-Section\",\"RequestAppliesTo\":\"Rule-Obj-When\",\"RequestRuleName\":\"pzRunSelected\"}" => HTTP 404 (104 bytes)
[PegaHttpClient] 📡 POST https://zdk8budo.pegaacademy.net/prweb/PRRestService/CodeIntelligence/v1/rules/query?pxObjClass=Rule-HTML-Section&appliesTo=Rule-Obj-When&pyRuleName=pzRunSelected&RequestClass=Rule-HTML-Section&RequestAppliesTo=Rule-Obj-When&RequestRuleName=pzRunSelected Payload: "{\"RequestClass\":\"Rule-HTML-Section\",\"RequestAppliesTo\":\"Rule-Obj-When\",\"RequestRuleName\":\"pzRunSelected\"}" => HTTP 404 (104 bytes)
[PegaHttpClient] 📡 POST https://zdk8budo.pegaacademy.net/prweb/api/HRAppsV2Service/V1/rules/query?pxObjClass=Rule-HTML-Section&appliesTo=Rule-Obj-When&pyRuleName=pzRunSelected&RequestClass=Rule-HTML-Section&RequestAppliesTo=Rule-Obj-When&RequestRuleName=pzRunSelected Payload: "{\"RequestClass\":\"Rule-HTML-Section\",\"RequestAppliesTo\":\"Rule-Obj-When\",\"RequestRuleName\":\"pzRunSelected\"}" => HTTP 404 (18 bytes)
[PegaHttpClient] 📡 POST https://zdk8budo.pegaacademy.net/prweb/PRRestService/HRAppsV2Service/V1/rules/query?pxObjClass=Rule-HTML-Section&appliesTo=Rule-Obj-When&pyRuleName=pzRunSelected&RequestClass=Rule-HTML-Section&RequestAppliesTo=Rule-Obj-When&RequestRuleName=pzRunSelected Payload: "{\"RequestClass\":\"Rule-HTML-Section\",\"RequestAppliesTo\":\"Rule-Obj-When\",\"RequestRuleName\":\"pzRunSelected\"}" => HTTP 404 (18 bytes)
[PegaHttpClient] 📡 POST https://zdk8budo.pegaacademy.net/prweb/api/HRAppsV2/V1/rules/query?pxObjClass=Rule-HTML-Section&appliesTo=Rule-Obj-When&pyRuleName=pzRunSelected&RequestClass=Rule-HTML-Section&RequestAppliesTo=Rule-Obj-When&RequestRuleName=pzRunSelected Payload: "{\"RequestClass\":\"Rule-HTML-Section\",\"RequestAppliesTo\":\"Rule-Obj-When\",\"RequestRuleName\":\"pzRunSelected\"}" => HTTP 404 (18 bytes)
[PegaHttpClient] 📡 POST https://zdk8budo.pegaacademy.net/prweb/PRRestService/HRAppsV2/V1/rules/query?pxObjClass=Rule-HTML-Section&appliesTo=Rule-Obj-When&pyRuleName=pzRunSelected&RequestClass=Rule-HTML-Section&RequestAppliesTo=Rule-Obj-When&RequestRuleName=pzRunSelected Payload: "{\"RequestClass\":\"Rule-HTML-Section\",\"RequestAppliesTo\":\"Rule-Obj-When\",\"RequestRuleName\":\"pzRunSelected\"}" => HTTP 404 (18 bytes)
[PegaHttpClient] 📡 POST https://zdk8budo.pegaacademy.net/prweb/api/v1/rules/query?pxObjClass=Rule-HTML-Section&appliesTo=Rule-Obj-When&pyRuleName=pzRunSelected&RequestClass=Rule-HTML-Section&RequestAppliesTo=Rule-Obj-When&RequestRuleName=pzRunSelected Payload: "{\"RequestClass\":\"Rule-HTML-Section\",\"RequestAppliesTo\":\"Rule-Obj-When\",\"RequestRuleName\":\"pzRunSelected\"}" => HTTP 404 (18 bytes)
[PegaHttpClient] 📡 POST https://zdk8budo.pegaacademy.net/prweb/PRRestService/v1/rules/query?pxObjClass=Rule-HTML-Section&appliesTo=Rule-Obj-When&pyRuleName=pzRunSelected&RequestClass=Rule-HTML-Section&RequestAppliesTo=Rule-Obj-When&RequestRuleName=pzRunSelected Payload: "{\"RequestClass\":\"Rule-HTML-Section\",\"RequestAppliesTo\":\"Rule-Obj-When\",\"RequestRuleName\":\"pzRunSelected\"}" => HTTP 404 (18 bytes)
[PegaHttpClient] 📡 POST https://zdk8budo.pegaacademy.net/prweb/api/CodeIntelligence/v1/rules/query?pxObjClass=Rule-HTML-Section&appliesTo=Rule-Obj-When&pyRuleName=pzShowRunAndExpectedTime&RequestClass=Rule-HTML-Section&RequestAppliesTo=Rule-Obj-When&RequestRuleName=pzShowRunAndExpectedTime Payload: "{\"RequestClass\":\"Rule-HTML-Section\",\"RequestAppliesTo\":\"Rule-Obj-When\",\"RequestRuleName\":\"pzShowRunAndExpectedTime\"}" => HTTP 200 (98943 bytes)
[PegaHttpClient] 📡 POST https://zdk8budo.pegaacademy.net/prweb/api/CodeIntelligence/v1/rules/query?pxObjClass=Rule-HTML-Section&appliesTo=Rule-Obj-When&pyRuleName=pzSpecificationName&RequestClass=Rule-HTML-Section&RequestAppliesTo=Rule-Obj-When&RequestRuleName=pzSpecificationName Payload: "{\"RequestClass\":\"Rule-HTML-Section\",\"RequestAppliesTo\":\"Rule-Obj-When\",\"RequestRuleName\":\"pzSpecificationName\"}" => HTTP 404 (110 bytes)
[PegaHttpClient] 📡 POST https://zdk8budo.pegaacademy.net/prweb/PRRestService/CodeIntelligence/v1/rules/query?pxObjClass=Rule-HTML-Section&appliesTo=Rule-Obj-When&pyRuleName=pzSpecificationName&RequestClass=Rule-HTML-Section&RequestAppliesTo=Rule-Obj-When&RequestRuleName=pzSpecificationName Payload: "{\"RequestClass\":\"Rule-HTML-Section\",\"RequestAppliesTo\":\"Rule-Obj-When\",\"RequestRuleName\":\"pzSpecificationName\"}" => HTTP 404 (110 bytes)
[PegaHttpClient] 📡 POST https://zdk8budo.pegaacademy.net/prweb/api/HRAppsV2Service/V1/rules/query?pxObjClass=Rule-HTML-Section&appliesTo=Rule-Obj-When&pyRuleName=pzSpecificationName&RequestClass=Rule-HTML-Section&RequestAppliesTo=Rule-Obj-When&RequestRuleName=pzSpecificationName Payload: "{\"RequestClass\":\"Rule-HTML-Section\",\"RequestAppliesTo\":\"Rule-Obj-When\",\"RequestRuleName\":\"pzSpecificationName\"}" => HTTP 404 (18 bytes)
[PegaHttpClient] 📡 POST https://zdk8budo.pegaacademy.net/prweb/PRRestService/HRAppsV2Service/V1/rules/query?pxObjClass=Rule-HTML-Section&appliesTo=Rule-Obj-When&pyRuleName=pzSpecificationName&RequestClass=Rule-HTML-Section&RequestAppliesTo=Rule-Obj-When&RequestRuleName=pzSpecificationName Payload: "{\"RequestClass\":\"Rule-HTML-Section\",\"RequestAppliesTo\":\"Rule-Obj-When\",\"RequestRuleName\":\"pzSpecificationName\"}" => HTTP 404 (18 bytes)
[PegaHttpClient] 📡 POST https://zdk8budo.pegaacademy.net/prweb/api/HRAppsV2/V1/rules/query?pxObjClass=Rule-HTML-Section&appliesTo=Rule-Obj-When&pyRuleName=pzSpecificationName&RequestClass=Rule-HTML-Section&RequestAppliesTo=Rule-Obj-When&RequestRuleName=pzSpecificationName Payload: "{\"RequestClass\":\"Rule-HTML-Section\",\"RequestAppliesTo\":\"Rule-Obj-When\",\"RequestRuleName\":\"pzSpecificationName\"}" => HTTP 404 (18 bytes)
[PegaHttpClient] 📡 POST https://zdk8budo.pegaacademy.net/prweb/PRRestService/HRAppsV2/V1/rules/query?pxObjClass=Rule-HTML-Section&appliesTo=Rule-Obj-When&pyRuleName=pzSpecificationName&RequestClass=Rule-HTML-Section&RequestAppliesTo=Rule-Obj-When&RequestRuleName=pzSpecificationName Payload: "{\"RequestClass\":\"Rule-HTML-Section\",\"RequestAppliesTo\":\"Rule-Obj-When\",\"RequestRuleName\":\"pzSpecificationName\"}" => HTTP 404 (18 bytes)
[PegaHttpClient] 📡 POST https://zdk8budo.pegaacademy.net/prweb/api/v1/rules/query?pxObjClass=Rule-HTML-Section&appliesTo=Rule-Obj-When&pyRuleName=pzSpecificationName&RequestClass=Rule-HTML-Section&RequestAppliesTo=Rule-Obj-When&RequestRuleName=pzSpecificationName Payload: "{\"RequestClass\":\"Rule-HTML-Section\",\"RequestAppliesTo\":\"Rule-Obj-When\",\"RequestRuleName\":\"pzSpecificationName\"}" => HTTP 404 (18 bytes)
[PegaHttpClient] 📡 POST https://zdk8budo.pegaacademy.net/prweb/PRRestService/v1/rules/query?pxObjClass=Rule-HTML-Section&appliesTo=Rule-Obj-When&pyRuleName=pzSpecificationName&RequestClass=Rule-HTML-Section&RequestAppliesTo=Rule-Obj-When&RequestRuleName=pzSpecificationName Payload: "{\"RequestClass\":\"Rule-HTML-Section\",\"RequestAppliesTo\":\"Rule-Obj-When\",\"RequestRuleName\":\"pzSpecificationName\"}" => HTTP 404 (18 bytes)
[PegaHttpClient] 📡 POST https://zdk8budo.pegaacademy.net/prweb/api/CodeIntelligence/v1/rules/query?pxObjClass=Rule-HTML-Section&appliesTo=Rule-Obj-When&pyRuleName=pzScm_RuleHistory&RequestClass=Rule-HTML-Section&RequestAppliesTo=Rule-Obj-When&RequestRuleName=pzScm_RuleHistory Payload: "{\"RequestClass\":\"Rule-HTML-Section\",\"RequestAppliesTo\":\"Rule-Obj-When\",\"RequestRuleName\":\"pzScm_RuleHistory\"}" => HTTP 200 (14682 bytes)
[PegaHttpClient] 📡 POST https://zdk8budo.pegaacademy.net/prweb/api/CodeIntelligence/v1/rules/query?pxObjClass=Rule-HTML-Section&appliesTo=Rule-Obj-When&pyRuleName=pxDisplayCollaborators&RequestClass=Rule-HTML-Section&RequestAppliesTo=Rule-Obj-When&RequestRuleName=pxDisplayCollaborators Payload: "{\"RequestClass\":\"Rule-HTML-Section\",\"RequestAppliesTo\":\"Rule-Obj-When\",\"RequestRuleName\":\"pxDisplayCollaborators\"}" => HTTP 200 (94171 bytes)
[PegaHttpClient] 📡 POST https://zdk8budo.pegaacademy.net/prweb/api/CodeIntelligence/v1/rules/query?pxObjClass=Rule-HTML-Section&appliesTo=Rule-Obj-When&pyRuleName=pzRuleFormToolbarDeleteCheckOut&RequestClass=Rule-HTML-Section&RequestAppliesTo=Rule-Obj-When&RequestRuleName=pzRuleFormToolbarDeleteCheckOut Payload: "{\"RequestClass\":\"Rule-HTML-Section\",\"RequestAppliesTo\":\"Rule-Obj-When\",\"RequestRuleName\":\"pzRuleFormToolbarDeleteCheckOut\"}" => HTTP 200 (29433 bytes)
[PegaHttpClient] 📡 POST https://zdk8budo.pegaacademy.net/prweb/api/CodeIntelligence/v1/rules/query?pxObjClass=Rule-HTML-Section&appliesTo=Rule-Obj-When&pyRuleName=pzRuleFormToolbarDeleteRule&RequestClass=Rule-HTML-Section&RequestAppliesTo=Rule-Obj-When&RequestRuleName=pzRuleFormToolbarDeleteRule Payload: "{\"RequestClass\":\"Rule-HTML-Section\",\"RequestAppliesTo\":\"Rule-Obj-When\",\"RequestRuleName\":\"pzRuleFormToolbarDeleteRule\"}" => HTTP 200 (32314 bytes)
[PegaHttpClient] 📡 POST https://zdk8budo.pegaacademy.net/prweb/api/CodeIntelligence/v1/rules/query?pxObjClass=Rule-HTML-Section&appliesTo=Rule-Obj-When&pyRuleName=pzConfigureConditionsInner&RequestClass=Rule-HTML-Section&RequestAppliesTo=Rule-Obj-When&RequestRuleName=pzConfigureConditionsInner Payload: "{\"RequestClass\":\"Rule-HTML-Section\",\"RequestAppliesTo\":\"Rule-Obj-When\",\"RequestRuleName\":\"pzConfigureConditionsInner\"}" => HTTP 200 (111675 bytes)
[PegaHttpClient] 📡 POST https://zdk8budo.pegaacademy.net/prweb/api/CodeIntelligence/v1/rules/query?pxObjClass=Rule-HTML-Section&appliesTo=Rule-Obj-When&pyRuleName=pzWhenRulePresentation&RequestClass=Rule-HTML-Section&RequestAppliesTo=Rule-Obj-When&RequestRuleName=pzWhenRulePresentation Payload: "{\"RequestClass\":\"Rule-HTML-Section\",\"RequestAppliesTo\":\"Rule-Obj-When\",\"RequestRuleName\":\"pzWhenRulePresentation\"}" => HTTP 200 (179584 bytes)
[PegaHttpClient] 📡 POST https://zdk8budo.pegaacademy.net/prweb/api/CodeIntelligence/v1/rules/query?pxObjClass=Rule-HTML-Section&appliesTo=Rule-Obj-When&pyRuleName=pzPagesAndClassesScript&RequestClass=Rule-HTML-Section&RequestAppliesTo=Rule-Obj-When&RequestRuleName=pzPagesAndClassesScript Payload: "{\"RequestClass\":\"Rule-HTML-Section\",\"RequestAppliesTo\":\"Rule-Obj-When\",\"RequestRuleName\":\"pzPagesAndClassesScript\"}" => HTTP 200 (24224 bytes)
[PegaHttpClient] 📡 POST https://zdk8budo.pegaacademy.net/prweb/api/CodeIntelligence/v1/rules/query?pxObjClass=Rule-HTML-Section&appliesTo=Rule-Obj-When&pyRuleName=pzLoadCollaborationScripts&RequestClass=Rule-HTML-Section&RequestAppliesTo=Rule-Obj-When&RequestRuleName=pzLoadCollaborationScripts Payload: "{\"RequestClass\":\"Rule-HTML-Section\",\"RequestAppliesTo\":\"Rule-Obj-When\",\"RequestRuleName\":\"pzLoadCollaborationScripts\"}" => HTTP 200 (23453 bytes)
[PegaHttpClient] 📡 POST https://zdk8budo.pegaacademy.net/prweb/api/CodeIntelligence/v1/rules/query?pxObjClass=Rule-HTML-Section&appliesTo=Rule-Obj-When&pyRuleName=pzDisplayCollaboratorsList&RequestClass=Rule-HTML-Section&RequestAppliesTo=Rule-Obj-When&RequestRuleName=pzDisplayCollaboratorsList Payload: "{\"RequestClass\":\"Rule-HTML-Section\",\"RequestAppliesTo\":\"Rule-Obj-When\",\"RequestRuleName\":\"pzDisplayCollaboratorsList\"}" => HTTP 200 (105418 bytes)
[PegaHttpClient] 📡 POST https://zdk8budo.pegaacademy.net/prweb/api/CodeIntelligence/v1/rules/query?pxObjClass=Rule-HTML-Section&appliesTo=Rule-Obj-When&pyRuleName=pzConfigureConditionsMenu&RequestClass=Rule-HTML-Section&RequestAppliesTo=Rule-Obj-When&RequestRuleName=pzConfigureConditionsMenu Payload: "{\"RequestClass\":\"Rule-HTML-Section\",\"RequestAppliesTo\":\"Rule-Obj-When\",\"RequestRuleName\":\"pzConfigureConditionsMenu\"}" => HTTP 200 (30579 bytes)
[PegaHttpClient] 📡 POST https://zdk8budo.pegaacademy.net/prweb/api/CodeIntelligence/v1/rules/query?pxObjClass=Rule-HTML-Section&appliesTo=Rule-Obj-When&pyRuleName=pzConditionBuilderStyles&RequestClass=Rule-HTML-Section&RequestAppliesTo=Rule-Obj-When&RequestRuleName=pzConditionBuilderStyles Payload: "{\"RequestClass\":\"Rule-HTML-Section\",\"RequestAppliesTo\":\"Rule-Obj-When\",\"RequestRuleName\":\"pzConditionBuilderStyles\"}" => HTTP 200 (19790 bytes)
[PegaHttpClient] 📡 POST https://zdk8budo.pegaacademy.net/prweb/api/CodeIntelligence/v1/rules/query?pxObjClass=Rule-HTML-Section&appliesTo=Rule-Obj-When&pyRuleName=pyLoadErrorMessagesForGdget&RequestClass=Rule-HTML-Section&RequestAppliesTo=Rule-Obj-When&RequestRuleName=pyLoadErrorMessagesForGdget Payload: "{\"RequestClass\":\"Rule-HTML-Section\",\"RequestAppliesTo\":\"Rule-Obj-When\",\"RequestRuleName\":\"pyLoadErrorMessagesForGdget\"}" => HTTP 200 (23027 bytes)
[PegaHttpClient] 📡 POST https://zdk8budo.pegaacademy.net/prweb/api/CodeIntelligence/v1/rules/query?pxObjClass=Rule-HTML-Section&appliesTo=Rule-Obj-When&pyRuleName=pzDisplayNonAutoGenCondition&RequestClass=Rule-HTML-Section&RequestAppliesTo=Rule-Obj-When&RequestRuleName=pzDisplayNonAutoGenCondition Payload: "{\"RequestClass\":\"Rule-HTML-Section\",\"RequestAppliesTo\":\"Rule-Obj-When\",\"RequestRuleName\":\"pzDisplayNonAutoGenCondition\"}" => HTTP 200 (68658 bytes)
[PegaHttpClient] 📡 POST https://zdk8budo.pegaacademy.net/prweb/api/CodeIntelligence/v1/rules/query?pxObjClass=Rule-HTML-Section&appliesTo=Rule-Obj-When&pyRuleName=pzInnerEmbedConditions&RequestClass=Rule-HTML-Section&RequestAppliesTo=Rule-Obj-When&RequestRuleName=pzInnerEmbedConditions Payload: "{\"RequestClass\":\"Rule-HTML-Section\",\"RequestAppliesTo\":\"Rule-Obj-When\",\"RequestRuleName\":\"pzInnerEmbedConditions\"}" => HTTP 404 (113 bytes)
[PegaHttpClient] 📡 POST https://zdk8budo.pegaacademy.net/prweb/PRRestService/CodeIntelligence/v1/rules/query?pxObjClass=Rule-HTML-Section&appliesTo=Rule-Obj-When&pyRuleName=pzInnerEmbedConditions&RequestClass=Rule-HTML-Section&RequestAppliesTo=Rule-Obj-When&RequestRuleName=pzInnerEmbedConditions Payload: "{\"RequestClass\":\"Rule-HTML-Section\",\"RequestAppliesTo\":\"Rule-Obj-When\",\"RequestRuleName\":\"pzInnerEmbedConditions\"}" => HTTP 404 (113 bytes)
[PegaHttpClient] 📡 POST https://zdk8budo.pegaacademy.net/prweb/api/HRAppsV2Service/V1/rules/query?pxObjClass=Rule-HTML-Section&appliesTo=Rule-Obj-When&pyRuleName=pzInnerEmbedConditions&RequestClass=Rule-HTML-Section&RequestAppliesTo=Rule-Obj-When&RequestRuleName=pzInnerEmbedConditions Payload: "{\"RequestClass\":\"Rule-HTML-Section\",\"RequestAppliesTo\":\"Rule-Obj-When\",\"RequestRuleName\":\"pzInnerEmbedConditions\"}" => HTTP 404 (18 bytes)
[PegaHttpClient] 📡 POST https://zdk8budo.pegaacademy.net/prweb/PRRestService/HRAppsV2Service/V1/rules/query?pxObjClass=Rule-HTML-Section&appliesTo=Rule-Obj-When&pyRuleName=pzInnerEmbedConditions&RequestClass=Rule-HTML-Section&RequestAppliesTo=Rule-Obj-When&RequestRuleName=pzInnerEmbedConditions Payload: "{\"RequestClass\":\"Rule-HTML-Section\",\"RequestAppliesTo\":\"Rule-Obj-When\",\"RequestRuleName\":\"pzInnerEmbedConditions\"}" => HTTP 404 (18 bytes)
[PegaHttpClient] 📡 POST https://zdk8budo.pegaacademy.net/prweb/api/HRAppsV2/V1/rules/query?pxObjClass=Rule-HTML-Section&appliesTo=Rule-Obj-When&pyRuleName=pzInnerEmbedConditions&RequestClass=Rule-HTML-Section&RequestAppliesTo=Rule-Obj-When&RequestRuleName=pzInnerEmbedConditions Payload: "{\"RequestClass\":\"Rule-HTML-Section\",\"RequestAppliesTo\":\"Rule-Obj-When\",\"RequestRuleName\":\"pzInnerEmbedConditions\"}" => HTTP 404 (18 bytes)
[PegaHttpClient] 📡 POST https://zdk8budo.pegaacademy.net/prweb/PRRestService/HRAppsV2/V1/rules/query?pxObjClass=Rule-HTML-Section&appliesTo=Rule-Obj-When&pyRuleName=pzInnerEmbedConditions&RequestClass=Rule-HTML-Section&RequestAppliesTo=Rule-Obj-When&RequestRuleName=pzInnerEmbedConditions Payload: "{\"RequestClass\":\"Rule-HTML-Section\",\"RequestAppliesTo\":\"Rule-Obj-When\",\"RequestRuleName\":\"pzInnerEmbedConditions\"}" => HTTP 404 (18 bytes)
[PegaHttpClient] 📡 POST https://zdk8budo.pegaacademy.net/prweb/api/v1/rules/query?pxObjClass=Rule-HTML-Section&appliesTo=Rule-Obj-When&pyRuleName=pzInnerEmbedConditions&RequestClass=Rule-HTML-Section&RequestAppliesTo=Rule-Obj-When&RequestRuleName=pzInnerEmbedConditions Payload: "{\"RequestClass\":\"Rule-HTML-Section\",\"RequestAppliesTo\":\"Rule-Obj-When\",\"RequestRuleName\":\"pzInnerEmbedConditions\"}" => HTTP 404 (18 bytes)
[PegaHttpClient] 📡 POST https://zdk8budo.pegaacademy.net/prweb/PRRestService/v1/rules/query?pxObjClass=Rule-HTML-Section&appliesTo=Rule-Obj-When&pyRuleName=pzInnerEmbedConditions&RequestClass=Rule-HTML-Section&RequestAppliesTo=Rule-Obj-When&RequestRuleName=pzInnerEmbedConditions Payload: "{\"RequestClass\":\"Rule-HTML-Section\",\"RequestAppliesTo\":\"Rule-Obj-When\",\"RequestRuleName\":\"pzInnerEmbedConditions\"}" => HTTP 404 (18 bytes)
[PegaHttpClient] 📡 POST https://zdk8budo.pegaacademy.net/prweb/api/CodeIntelligence/v1/rules/query?pxObjClass=Rule-HTML-Section&appliesTo=Rule-Obj-When&pyRuleName=pzDisplayAdvancedConditions&RequestClass=Rule-HTML-Section&RequestAppliesTo=Rule-Obj-When&RequestRuleName=pzDisplayAdvancedConditions Payload: "{\"RequestClass\":\"Rule-HTML-Section\",\"RequestAppliesTo\":\"Rule-Obj-When\",\"RequestRuleName\":\"pzDisplayAdvancedConditions\"}" => HTTP 200 (61534 bytes)
[PegaHttpClient] 📡 POST https://zdk8budo.pegaacademy.net/prweb/api/CodeIntelligence/v1/rules/query?pxObjClass=Rule-HTML-Section&appliesTo=Rule-Obj-When&pyRuleName=pyCollaborator&RequestClass=Rule-HTML-Section&RequestAppliesTo=Rule-Obj-When&RequestRuleName=pyCollaborator Payload: "{\"RequestClass\":\"Rule-HTML-Section\",\"RequestAppliesTo\":\"Rule-Obj-When\",\"RequestRuleName\":\"pyCollaborator\"}" => HTTP 404 (105 bytes)
[PegaHttpClient] 📡 POST https://zdk8budo.pegaacademy.net/prweb/PRRestService/CodeIntelligence/v1/rules/query?pxObjClass=Rule-HTML-Section&appliesTo=Rule-Obj-When&pyRuleName=pyCollaborator&RequestClass=Rule-HTML-Section&RequestAppliesTo=Rule-Obj-When&RequestRuleName=pyCollaborator Payload: "{\"RequestClass\":\"Rule-HTML-Section\",\"RequestAppliesTo\":\"Rule-Obj-When\",\"RequestRuleName\":\"pyCollaborator\"}" => HTTP 404 (105 bytes)
[PegaHttpClient] 📡 POST https://zdk8budo.pegaacademy.net/prweb/api/HRAppsV2Service/V1/rules/query?pxObjClass=Rule-HTML-Section&appliesTo=Rule-Obj-When&pyRuleName=pyCollaborator&RequestClass=Rule-HTML-Section&RequestAppliesTo=Rule-Obj-When&RequestRuleName=pyCollaborator Payload: "{\"RequestClass\":\"Rule-HTML-Section\",\"RequestAppliesTo\":\"Rule-Obj-When\",\"RequestRuleName\":\"pyCollaborator\"}" => HTTP 404 (18 bytes)
[PegaHttpClient] 📡 POST https://zdk8budo.pegaacademy.net/prweb/PRRestService/HRAppsV2Service/V1/rules/query?pxObjClass=Rule-HTML-Section&appliesTo=Rule-Obj-When&pyRuleName=pyCollaborator&RequestClass=Rule-HTML-Section&RequestAppliesTo=Rule-Obj-When&RequestRuleName=pyCollaborator Payload: "{\"RequestClass\":\"Rule-HTML-Section\",\"RequestAppliesTo\":\"Rule-Obj-When\",\"RequestRuleName\":\"pyCollaborator\"}" => HTTP 404 (18 bytes)
[PegaHttpClient] 📡 POST https://zdk8budo.pegaacademy.net/prweb/api/HRAppsV2/V1/rules/query?pxObjClass=Rule-HTML-Section&appliesTo=Rule-Obj-When&pyRuleName=pyCollaborator&RequestClass=Rule-HTML-Section&RequestAppliesTo=Rule-Obj-When&RequestRuleName=pyCollaborator Payload: "{\"RequestClass\":\"Rule-HTML-Section\",\"RequestAppliesTo\":\"Rule-Obj-When\",\"RequestRuleName\":\"pyCollaborator\"}" => HTTP 404 (18 bytes)
[PegaHttpClient] 📡 POST https://zdk8budo.pegaacademy.net/prweb/PRRestService/HRAppsV2/V1/rules/query?pxObjClass=Rule-HTML-Section&appliesTo=Rule-Obj-When&pyRuleName=pyCollaborator&RequestClass=Rule-HTML-Section&RequestAppliesTo=Rule-Obj-When&RequestRuleName=pyCollaborator Payload: "{\"RequestClass\":\"Rule-HTML-Section\",\"RequestAppliesTo\":\"Rule-Obj-When\",\"RequestRuleName\":\"pyCollaborator\"}" => HTTP 404 (18 bytes)
[PegaHttpClient] 📡 POST https://zdk8budo.pegaacademy.net/prweb/api/v1/rules/query?pxObjClass=Rule-HTML-Section&appliesTo=Rule-Obj-When&pyRuleName=pyCollaborator&RequestClass=Rule-HTML-Section&RequestAppliesTo=Rule-Obj-When&RequestRuleName=pyCollaborator Payload: "{\"RequestClass\":\"Rule-HTML-Section\",\"RequestAppliesTo\":\"Rule-Obj-When\",\"RequestRuleName\":\"pyCollaborator\"}" => HTTP 404 (18 bytes)
[PegaHttpClient] 📡 POST https://zdk8budo.pegaacademy.net/prweb/PRRestService/v1/rules/query?pxObjClass=Rule-HTML-Section&appliesTo=Rule-Obj-When&pyRuleName=pyCollaborator&RequestClass=Rule-HTML-Section&RequestAppliesTo=Rule-Obj-When&RequestRuleName=pyCollaborator Payload: "{\"RequestClass\":\"Rule-HTML-Section\",\"RequestAppliesTo\":\"Rule-Obj-When\",\"RequestRuleName\":\"pyCollaborator\"}" => HTTP 404 (18 bytes)
[PegaHttpClient] 📡 POST https://zdk8budo.pegaacademy.net/prweb/api/CodeIntelligence/v1/rules/query?pxObjClass=Rule-HTML-Section&appliesTo=Rule-Obj-When&pyRuleName=pzDisplayPartialCount&RequestClass=Rule-HTML-Section&RequestAppliesTo=Rule-Obj-When&RequestRuleName=pzDisplayPartialCount Payload: "{\"RequestClass\":\"Rule-HTML-Section\",\"RequestAppliesTo\":\"Rule-Obj-When\",\"RequestRuleName\":\"pzDisplayPartialCount\"}" => HTTP 404 (112 bytes)
[PegaHttpClient] 📡 POST https://zdk8budo.pegaacademy.net/prweb/PRRestService/CodeIntelligence/v1/rules/query?pxObjClass=Rule-HTML-Section&appliesTo=Rule-Obj-When&pyRuleName=pzDisplayPartialCount&RequestClass=Rule-HTML-Section&RequestAppliesTo=Rule-Obj-When&RequestRuleName=pzDisplayPartialCount Payload: "{\"RequestClass\":\"Rule-HTML-Section\",\"RequestAppliesTo\":\"Rule-Obj-When\",\"RequestRuleName\":\"pzDisplayPartialCount\"}" => HTTP 404 (112 bytes)
[PegaHttpClient] 📡 POST https://zdk8budo.pegaacademy.net/prweb/api/HRAppsV2Service/V1/rules/query?pxObjClass=Rule-HTML-Section&appliesTo=Rule-Obj-When&pyRuleName=pzDisplayPartialCount&RequestClass=Rule-HTML-Section&RequestAppliesTo=Rule-Obj-When&RequestRuleName=pzDisplayPartialCount Payload: "{\"RequestClass\":\"Rule-HTML-Section\",\"RequestAppliesTo\":\"Rule-Obj-When\",\"RequestRuleName\":\"pzDisplayPartialCount\"}" => HTTP 404 (18 bytes)
[PegaHttpClient] 📡 POST https://zdk8budo.pegaacademy.net/prweb/PRRestService/HRAppsV2Service/V1/rules/query?pxObjClass=Rule-HTML-Section&appliesTo=Rule-Obj-When&pyRuleName=pzDisplayPartialCount&RequestClass=Rule-HTML-Section&RequestAppliesTo=Rule-Obj-When&RequestRuleName=pzDisplayPartialCount Payload: "{\"RequestClass\":\"Rule-HTML-Section\",\"RequestAppliesTo\":\"Rule-Obj-When\",\"RequestRuleName\":\"pzDisplayPartialCount\"}" => HTTP 404 (18 bytes)
[PegaHttpClient] 📡 POST https://zdk8budo.pegaacademy.net/prweb/api/HRAppsV2/V1/rules/query?pxObjClass=Rule-HTML-Section&appliesTo=Rule-Obj-When&pyRuleName=pzDisplayPartialCount&RequestClass=Rule-HTML-Section&RequestAppliesTo=Rule-Obj-When&RequestRuleName=pzDisplayPartialCount Payload: "{\"RequestClass\":\"Rule-HTML-Section\",\"RequestAppliesTo\":\"Rule-Obj-When\",\"RequestRuleName\":\"pzDisplayPartialCount\"}" => HTTP 404 (18 bytes)
[PegaHttpClient] 📡 POST https://zdk8budo.pegaacademy.net/prweb/PRRestService/HRAppsV2/V1/rules/query?pxObjClass=Rule-HTML-Section&appliesTo=Rule-Obj-When&pyRuleName=pzDisplayPartialCount&RequestClass=Rule-HTML-Section&RequestAppliesTo=Rule-Obj-When&RequestRuleName=pzDisplayPartialCount Payload: "{\"RequestClass\":\"Rule-HTML-Section\",\"RequestAppliesTo\":\"Rule-Obj-When\",\"RequestRuleName\":\"pzDisplayPartialCount\"}" => HTTP 404 (18 bytes)
[PegaHttpClient] 📡 POST https://zdk8budo.pegaacademy.net/prweb/api/v1/rules/query?pxObjClass=Rule-HTML-Section&appliesTo=Rule-Obj-When&pyRuleName=pzDisplayPartialCount&RequestClass=Rule-HTML-Section&RequestAppliesTo=Rule-Obj-When&RequestRuleName=pzDisplayPartialCount Payload: "{\"RequestClass\":\"Rule-HTML-Section\",\"RequestAppliesTo\":\"Rule-Obj-When\",\"RequestRuleName\":\"pzDisplayPartialCount\"}" => HTTP 404 (18 bytes)
[PegaHttpClient] 📡 POST https://zdk8budo.pegaacademy.net/prweb/PRRestService/v1/rules/query?pxObjClass=Rule-HTML-Section&appliesTo=Rule-Obj-When&pyRuleName=pzDisplayPartialCount&RequestClass=Rule-HTML-Section&RequestAppliesTo=Rule-Obj-When&RequestRuleName=pzDisplayPartialCount Payload: "{\"RequestClass\":\"Rule-HTML-Section\",\"RequestAppliesTo\":\"Rule-Obj-When\",\"RequestRuleName\":\"pzDisplayPartialCount\"}" => HTTP 404 (18 bytes)
[PegaHttpClient] 📡 POST https://zdk8budo.pegaacademy.net/prweb/api/CodeIntelligence/v1/rules/query?pxObjClass=Rule-HTML-Section&appliesTo=Rule-Obj-When&pyRuleName=pzOpenWhenRuleInDS&RequestClass=Rule-HTML-Section&RequestAppliesTo=Rule-Obj-When&RequestRuleName=pzOpenWhenRuleInDS Payload: "{\"RequestClass\":\"Rule-HTML-Section\",\"RequestAppliesTo\":\"Rule-Obj-When\",\"RequestRuleName\":\"pzOpenWhenRuleInDS\"}" => HTTP 200 (35681 bytes)
[PegaHttpClient] 📡 POST https://zdk8budo.pegaacademy.net/prweb/api/CodeIntelligence/v1/rules/query?pxObjClass=Rule-HTML-Section&appliesTo=Rule-Obj-When&pyRuleName=pzInnerEmbedConditions&RequestClass=Rule-HTML-Section&RequestAppliesTo=Rule-Obj-When&RequestRuleName=pzInnerEmbedConditions Payload: "{\"RequestClass\":\"Rule-HTML-Section\",\"RequestAppliesTo\":\"Rule-Obj-When\",\"RequestRuleName\":\"pzInnerEmbedConditions\"}" => HTTP 404 (113 bytes)
[PegaHttpClient] 📡 POST https://zdk8budo.pegaacademy.net/prweb/PRRestService/CodeIntelligence/v1/rules/query?pxObjClass=Rule-HTML-Section&appliesTo=Rule-Obj-When&pyRuleName=pzInnerEmbedConditions&RequestClass=Rule-HTML-Section&RequestAppliesTo=Rule-Obj-When&RequestRuleName=pzInnerEmbedConditions Payload: "{\"RequestClass\":\"Rule-HTML-Section\",\"RequestAppliesTo\":\"Rule-Obj-When\",\"RequestRuleName\":\"pzInnerEmbedConditions\"}" => HTTP 404 (113 bytes)
[PegaHttpClient] 📡 POST https://zdk8budo.pegaacademy.net/prweb/api/HRAppsV2Service/V1/rules/query?pxObjClass=Rule-HTML-Section&appliesTo=Rule-Obj-When&pyRuleName=pzInnerEmbedConditions&RequestClass=Rule-HTML-Section&RequestAppliesTo=Rule-Obj-When&RequestRuleName=pzInnerEmbedConditions Payload: "{\"RequestClass\":\"Rule-HTML-Section\",\"RequestAppliesTo\":\"Rule-Obj-When\",\"RequestRuleName\":\"pzInnerEmbedConditions\"}" => HTTP 404 (18 bytes)
[PegaHttpClient] 📡 POST https://zdk8budo.pegaacademy.net/prweb/PRRestService/HRAppsV2Service/V1/rules/query?pxObjClass=Rule-HTML-Section&appliesTo=Rule-Obj-When&pyRuleName=pzInnerEmbedConditions&RequestClass=Rule-HTML-Section&RequestAppliesTo=Rule-Obj-When&RequestRuleName=pzInnerEmbedConditions Payload: "{\"RequestClass\":\"Rule-HTML-Section\",\"RequestAppliesTo\":\"Rule-Obj-When\",\"RequestRuleName\":\"pzInnerEmbedConditions\"}" => HTTP 404 (18 bytes)
[PegaHttpClient] 📡 POST https://zdk8budo.pegaacademy.net/prweb/api/HRAppsV2/V1/rules/query?pxObjClass=Rule-HTML-Section&appliesTo=Rule-Obj-When&pyRuleName=pzInnerEmbedConditions&RequestClass=Rule-HTML-Section&RequestAppliesTo=Rule-Obj-When&RequestRuleName=pzInnerEmbedConditions Payload: "{\"RequestClass\":\"Rule-HTML-Section\",\"RequestAppliesTo\":\"Rule-Obj-When\",\"RequestRuleName\":\"pzInnerEmbedConditions\"}" => HTTP 404 (18 bytes)
[PegaHttpClient] 📡 POST https://zdk8budo.pegaacademy.net/prweb/PRRestService/HRAppsV2/V1/rules/query?pxObjClass=Rule-HTML-Section&appliesTo=Rule-Obj-When&pyRuleName=pzInnerEmbedConditions&RequestClass=Rule-HTML-Section&RequestAppliesTo=Rule-Obj-When&RequestRuleName=pzInnerEmbedConditions Payload: "{\"RequestClass\":\"Rule-HTML-Section\",\"RequestAppliesTo\":\"Rule-Obj-When\",\"RequestRuleName\":\"pzInnerEmbedConditions\"}" => HTTP 404 (18 bytes)
[PegaHttpClient] 📡 POST https://zdk8budo.pegaacademy.net/prweb/api/v1/rules/query?pxObjClass=Rule-HTML-Section&appliesTo=Rule-Obj-When&pyRuleName=pzInnerEmbedConditions&RequestClass=Rule-HTML-Section&RequestAppliesTo=Rule-Obj-When&RequestRuleName=pzInnerEmbedConditions Payload: "{\"RequestClass\":\"Rule-HTML-Section\",\"RequestAppliesTo\":\"Rule-Obj-When\",\"RequestRuleName\":\"pzInnerEmbedConditions\"}" => HTTP 404 (18 bytes)
[PegaHttpClient] 📡 POST https://zdk8budo.pegaacademy.net/prweb/PRRestService/v1/rules/query?pxObjClass=Rule-HTML-Section&appliesTo=Rule-Obj-When&pyRuleName=pzInnerEmbedConditions&RequestClass=Rule-HTML-Section&RequestAppliesTo=Rule-Obj-When&RequestRuleName=pzInnerEmbedConditions Payload: "{\"RequestClass\":\"Rule-HTML-Section\",\"RequestAppliesTo\":\"Rule-Obj-When\",\"RequestRuleName\":\"pzInnerEmbedConditions\"}" => HTTP 404 (18 bytes)
[PegaHttpClient] 📡 POST https://zdk8budo.pegaacademy.net/prweb/api/CodeIntelligence/v1/rules/query?pxObjClass=Rule-HTML-Section&appliesTo=Rule-Obj-When&pyRuleName=pzDisplayLogicStringInCB&RequestClass=Rule-HTML-Section&RequestAppliesTo=Rule-Obj-When&RequestRuleName=pzDisplayLogicStringInCB Payload: "{\"RequestClass\":\"Rule-HTML-Section\",\"RequestAppliesTo\":\"Rule-Obj-When\",\"RequestRuleName\":\"pzDisplayLogicStringInCB\"}" => HTTP 200 (35234 bytes)
[SchemaGen] ✅ Schema written for Rule-Obj-When
[PegaHttpClient] 📡 GET https://zdk8budo.pegaacademy.net/prweb/api/CodeIntelligence/v1/rules/RULE-HTML-HARNESS%20RULE-OBJ-ASSOCIATION%20RULEFORM%20%2320190404T195434.978%20GMT => HTTP 200 (31469 bytes)
[PegaHttpClient] 📡 POST https://zdk8budo.pegaacademy.net/prweb/api/CodeIntelligence/v1/rules/query?pxObjClass=Rule-HTML-Section&appliesTo=Rule-Obj-Association&pyRuleName=RuleFormMain&RequestClass=Rule-HTML-Section&RequestAppliesTo=Rule-Obj-Association&RequestRuleName=RuleFormMain Payload: "{\"RequestClass\":\"Rule-HTML-Section\",\"RequestAppliesTo\":\"Rule-Obj-Association\",\"RequestRuleName\":\"RuleFormMain\"}" => HTTP 200 (156234 bytes)
[PegaHttpClient] 📡 POST https://zdk8budo.pegaacademy.net/prweb/api/CodeIntelligence/v1/rules/query?pxObjClass=Rule-HTML-Section&appliesTo=Rule-Obj-Association&pyRuleName=pxAlternateRuleForm&RequestClass=Rule-HTML-Section&RequestAppliesTo=Rule-Obj-Association&RequestRuleName=pxAlternateRuleForm Payload: "{\"RequestClass\":\"Rule-HTML-Section\",\"RequestAppliesTo\":\"Rule-Obj-Association\",\"RequestRuleName\":\"pxAlternateRuleForm\"}" => HTTP 200 (66153 bytes)
[PegaHttpClient] 📡 POST https://zdk8budo.pegaacademy.net/prweb/api/CodeIntelligence/v1/rules/query?pxObjClass=Rule-HTML-Section&appliesTo=Rule-Obj-Association&pyRuleName=pzRuleFormScripts&RequestClass=Rule-HTML-Section&RequestAppliesTo=Rule-Obj-Association&RequestRuleName=pzRuleFormScripts Payload: "{\"RequestClass\":\"Rule-HTML-Section\",\"RequestAppliesTo\":\"Rule-Obj-Association\",\"RequestRuleName\":\"pzRuleFormScripts\"}" => HTTP 200 (40822 bytes)
[PegaHttpClient] 📡 POST https://zdk8budo.pegaacademy.net/prweb/api/CodeIntelligence/v1/rules/query?pxObjClass=Rule-HTML-Section&appliesTo=Rule-Obj-Association&pyRuleName=pzRuleFormLayoutDelegated&RequestClass=Rule-HTML-Section&RequestAppliesTo=Rule-Obj-Association&RequestRuleName=pzRuleFormLayoutDelegated Payload: "{\"RequestClass\":\"Rule-HTML-Section\",\"RequestAppliesTo\":\"Rule-Obj-Association\",\"RequestRuleName\":\"pzRuleFormLayoutDelegated\"}" => HTTP 200 (70998 bytes)
[PegaHttpClient] 📡 POST https://zdk8budo.pegaacademy.net/prweb/api/CodeIntelligence/v1/rules/query?pxObjClass=Rule-HTML-Section&appliesTo=Rule-Obj-Association&pyRuleName=RuleFormLayout&RequestClass=Rule-HTML-Section&RequestAppliesTo=Rule-Obj-Association&RequestRuleName=RuleFormLayout Payload: "{\"RequestClass\":\"Rule-HTML-Section\",\"RequestAppliesTo\":\"Rule-Obj-Association\",\"RequestRuleName\":\"RuleFormLayout\"}" => HTTP 200 (150409 bytes)
[PegaHttpClient] 📡 POST https://zdk8budo.pegaacademy.net/prweb/api/CodeIntelligence/v1/rules/query?pxObjClass=Rule-HTML-Section&appliesTo=Rule-Obj-Association&pyRuleName=RuleFormSettings&RequestClass=Rule-HTML-Section&RequestAppliesTo=Rule-Obj-Association&RequestRuleName=RuleFormSettings Payload: "{\"RequestClass\":\"Rule-HTML-Section\",\"RequestAppliesTo\":\"Rule-Obj-Association\",\"RequestRuleName\":\"RuleFormSettings\"}" => HTTP 200 (20540 bytes)
[PegaHttpClient] 📡 POST https://zdk8budo.pegaacademy.net/prweb/api/CodeIntelligence/v1/rules/query?pxObjClass=Rule-HTML-Section&appliesTo=Rule-Obj-Association&pyRuleName=OpenAuthoring&RequestClass=Rule-HTML-Section&RequestAppliesTo=Rule-Obj-Association&RequestRuleName=OpenAuthoring Payload: "{\"RequestClass\":\"Rule-HTML-Section\",\"RequestAppliesTo\":\"Rule-Obj-Association\",\"RequestRuleName\":\"OpenAuthoring\"}" => HTTP 200 (23695 bytes)
[PegaHttpClient] 📡 POST https://zdk8budo.pegaacademy.net/prweb/api/CodeIntelligence/v1/rules/query?pxObjClass=Rule-HTML-Section&appliesTo=Rule-Obj-Association&pyRuleName=pyCustomHelp&RequestClass=Rule-HTML-Section&RequestAppliesTo=Rule-Obj-Association&RequestRuleName=pyCustomHelp Payload: "{\"RequestClass\":\"Rule-HTML-Section\",\"RequestAppliesTo\":\"Rule-Obj-Association\",\"RequestRuleName\":\"pyCustomHelp\"}" => HTTP 200 (17256 bytes)
[PegaHttpClient] 📡 POST https://zdk8budo.pegaacademy.net/prweb/api/CodeIntelligence/v1/rules/query?pxObjClass=Rule-HTML-Section&appliesTo=Rule-Obj-Association&pyRuleName=pzRuleformMainInclude&RequestClass=Rule-HTML-Section&RequestAppliesTo=Rule-Obj-Association&RequestRuleName=pzRuleformMainInclude Payload: "{\"RequestClass\":\"Rule-HTML-Section\",\"RequestAppliesTo\":\"Rule-Obj-Association\",\"RequestRuleName\":\"pzRuleformMainInclude\"}" => HTTP 200 (22375 bytes)
[PegaHttpClient] 📡 POST https://zdk8budo.pegaacademy.net/prweb/api/CodeIntelligence/v1/rules/query?pxObjClass=Rule-HTML-Section&appliesTo=Rule-Obj-Association&pyRuleName=pyAlternativeRuleFormStrategicAppExtension&RequestClass=Rule-HTML-Section&RequestAppliesTo=Rule-Obj-Association&RequestRuleName=pyAlternativeRuleFormStrategicAppExtension Payload: "{\"RequestClass\":\"Rule-HTML-Section\",\"RequestAppliesTo\":\"Rule-Obj-Association\",\"RequestRuleName\":\"pyAlternativeRuleFormStrategicAppExtension\"}" => HTTP 200 (25042 bytes)
[PegaHttpClient] 📡 POST https://zdk8budo.pegaacademy.net/prweb/api/CodeIntelligence/v1/rules/query?pxObjClass=Rule-HTML-Section&appliesTo=Rule-Obj-Association&pyRuleName=pyAlternativeRuleFormExtension&RequestClass=Rule-HTML-Section&RequestAppliesTo=Rule-Obj-Association&RequestRuleName=pyAlternativeRuleFormExtension Payload: "{\"RequestClass\":\"Rule-HTML-Section\",\"RequestAppliesTo\":\"Rule-Obj-Association\",\"RequestRuleName\":\"pyAlternativeRuleFormExtension\"}" => HTTP 200 (24863 bytes)
[PegaHttpClient] 📡 POST https://zdk8budo.pegaacademy.net/prweb/api/CodeIntelligence/v1/rules/query?pxObjClass=Rule-HTML-Section&appliesTo=Rule-Obj-Association&pyRuleName=RuleFormHeader&RequestClass=Rule-HTML-Section&RequestAppliesTo=Rule-Obj-Association&RequestRuleName=RuleFormHeader Payload: "{\"RequestClass\":\"Rule-HTML-Section\",\"RequestAppliesTo\":\"Rule-Obj-Association\",\"RequestRuleName\":\"RuleFormHeader\"}" => HTTP 200 (183800 bytes)
[PegaHttpClient] 📡 POST https://zdk8budo.pegaacademy.net/prweb/api/CodeIntelligence/v1/rules/query?pxObjClass=Rule-HTML-Section&appliesTo=Rule-Obj-Association&pyRuleName=pzDelegationExperience&RequestClass=Rule-HTML-Section&RequestAppliesTo=Rule-Obj-Association&RequestRuleName=pzDelegationExperience Payload: "{\"RequestClass\":\"Rule-HTML-Section\",\"RequestAppliesTo\":\"Rule-Obj-Association\",\"RequestRuleName\":\"pzDelegationExperience\"}" => HTTP 404 (120 bytes)
[PegaHttpClient] 📡 POST https://zdk8budo.pegaacademy.net/prweb/PRRestService/CodeIntelligence/v1/rules/query?pxObjClass=Rule-HTML-Section&appliesTo=Rule-Obj-Association&pyRuleName=pzDelegationExperience&RequestClass=Rule-HTML-Section&RequestAppliesTo=Rule-Obj-Association&RequestRuleName=pzDelegationExperience Payload: "{\"RequestClass\":\"Rule-HTML-Section\",\"RequestAppliesTo\":\"Rule-Obj-Association\",\"RequestRuleName\":\"pzDelegationExperience\"}" => HTTP 404 (120 bytes)
[PegaHttpClient] 📡 POST https://zdk8budo.pegaacademy.net/prweb/api/HRAppsV2Service/V1/rules/query?pxObjClass=Rule-HTML-Section&appliesTo=Rule-Obj-Association&pyRuleName=pzDelegationExperience&RequestClass=Rule-HTML-Section&RequestAppliesTo=Rule-Obj-Association&RequestRuleName=pzDelegationExperience Payload: "{\"RequestClass\":\"Rule-HTML-Section\",\"RequestAppliesTo\":\"Rule-Obj-Association\",\"RequestRuleName\":\"pzDelegationExperience\"}" => HTTP 404 (18 bytes)
[PegaHttpClient] 📡 POST https://zdk8budo.pegaacademy.net/prweb/PRRestService/HRAppsV2Service/V1/rules/query?pxObjClass=Rule-HTML-Section&appliesTo=Rule-Obj-Association&pyRuleName=pzDelegationExperience&RequestClass=Rule-HTML-Section&RequestAppliesTo=Rule-Obj-Association&RequestRuleName=pzDelegationExperience Payload: "{\"RequestClass\":\"Rule-HTML-Section\",\"RequestAppliesTo\":\"Rule-Obj-Association\",\"RequestRuleName\":\"pzDelegationExperience\"}" => HTTP 404 (18 bytes)
[PegaHttpClient] 📡 POST https://zdk8budo.pegaacademy.net/prweb/api/HRAppsV2/V1/rules/query?pxObjClass=Rule-HTML-Section&appliesTo=Rule-Obj-Association&pyRuleName=pzDelegationExperience&RequestClass=Rule-HTML-Section&RequestAppliesTo=Rule-Obj-Association&RequestRuleName=pzDelegationExperience Payload: "{\"RequestClass\":\"Rule-HTML-Section\",\"RequestAppliesTo\":\"Rule-Obj-Association\",\"RequestRuleName\":\"pzDelegationExperience\"}" => HTTP 404 (18 bytes)
[PegaHttpClient] 📡 POST https://zdk8budo.pegaacademy.net/prweb/PRRestService/HRAppsV2/V1/rules/query?pxObjClass=Rule-HTML-Section&appliesTo=Rule-Obj-Association&pyRuleName=pzDelegationExperience&RequestClass=Rule-HTML-Section&RequestAppliesTo=Rule-Obj-Association&RequestRuleName=pzDelegationExperience Payload: "{\"RequestClass\":\"Rule-HTML-Section\",\"RequestAppliesTo\":\"Rule-Obj-Association\",\"RequestRuleName\":\"pzDelegationExperience\"}" => HTTP 404 (18 bytes)
[PegaHttpClient] 📡 POST https://zdk8budo.pegaacademy.net/prweb/api/v1/rules/query?pxObjClass=Rule-HTML-Section&appliesTo=Rule-Obj-Association&pyRuleName=pzDelegationExperience&RequestClass=Rule-HTML-Section&RequestAppliesTo=Rule-Obj-Association&RequestRuleName=pzDelegationExperience Payload: "{\"RequestClass\":\"Rule-HTML-Section\",\"RequestAppliesTo\":\"Rule-Obj-Association\",\"RequestRuleName\":\"pzDelegationExperience\"}" => HTTP 404 (18 bytes)
[PegaHttpClient] 📡 POST https://zdk8budo.pegaacademy.net/prweb/PRRestService/v1/rules/query?pxObjClass=Rule-HTML-Section&appliesTo=Rule-Obj-Association&pyRuleName=pzDelegationExperience&RequestClass=Rule-HTML-Section&RequestAppliesTo=Rule-Obj-Association&RequestRuleName=pzDelegationExperience Payload: "{\"RequestClass\":\"Rule-HTML-Section\",\"RequestAppliesTo\":\"Rule-Obj-Association\",\"RequestRuleName\":\"pzDelegationExperience\"}" => HTTP 404 (18 bytes)
[PegaHttpClient] 📡 POST https://zdk8budo.pegaacademy.net/prweb/api/CodeIntelligence/v1/rules/query?pxObjClass=Rule-HTML-Section&appliesTo=Rule-Obj-Association&pyRuleName=pzReportDataAccess&RequestClass=Rule-HTML-Section&RequestAppliesTo=Rule-Obj-Association&RequestRuleName=pzReportDataAccess Payload: "{\"RequestClass\":\"Rule-HTML-Section\",\"RequestAppliesTo\":\"Rule-Obj-Association\",\"RequestRuleName\":\"pzReportDataAccess\"}" => HTTP 200 (65008 bytes)
[PegaHttpClient] 📡 POST https://zdk8budo.pegaacademy.net/prweb/api/CodeIntelligence/v1/rules/query?pxObjClass=Rule-HTML-Section&appliesTo=Rule-Obj-Association&pyRuleName=RuleFormPagesAndClasses&RequestClass=Rule-HTML-Section&RequestAppliesTo=Rule-Obj-Association&RequestRuleName=RuleFormPagesAndClasses Payload: "{\"RequestClass\":\"Rule-HTML-Section\",\"RequestAppliesTo\":\"Rule-Obj-Association\",\"RequestRuleName\":\"RuleFormPagesAndClasses\"}" => HTTP 200 (15558 bytes)
[PegaHttpClient] 📡 POST https://zdk8budo.pegaacademy.net/prweb/api/CodeIntelligence/v1/rules/query?pxObjClass=Rule-HTML-Section&appliesTo=Rule-Obj-Association&pyRuleName=pzSpecifications&RequestClass=Rule-HTML-Section&RequestAppliesTo=Rule-Obj-Association&RequestRuleName=pzSpecifications Payload: "{\"RequestClass\":\"Rule-HTML-Section\",\"RequestAppliesTo\":\"Rule-Obj-Association\",\"RequestRuleName\":\"pzSpecifications\"}" => HTTP 200 (16577 bytes)
[PegaHttpClient] 📡 POST https://zdk8budo.pegaacademy.net/prweb/api/CodeIntelligence/v1/rules/query?pxObjClass=Rule-HTML-Section&appliesTo=Rule-Obj-Association&pyRuleName=RuleFormHistory&RequestClass=Rule-HTML-Section&RequestAppliesTo=Rule-Obj-Association&RequestRuleName=RuleFormHistory Payload: "{\"RequestClass\":\"Rule-HTML-Section\",\"RequestAppliesTo\":\"Rule-Obj-Association\",\"RequestRuleName\":\"RuleFormHistory\"}" => HTTP 200 (76091 bytes)
[PegaHttpClient] 📡 POST https://zdk8budo.pegaacademy.net/prweb/api/CodeIntelligence/v1/rules/query?pxObjClass=Rule-HTML-Section&appliesTo=Rule-Obj-Association&pyRuleName=pzCustomHelp&RequestClass=Rule-HTML-Section&RequestAppliesTo=Rule-Obj-Association&RequestRuleName=pzCustomHelp Payload: "{\"RequestClass\":\"Rule-HTML-Section\",\"RequestAppliesTo\":\"Rule-Obj-Association\",\"RequestRuleName\":\"pzCustomHelp\"}" => HTTP 200 (31573 bytes)
[PegaHttpClient] 📡 POST https://zdk8budo.pegaacademy.net/prweb/api/CodeIntelligence/v1/rules/query?pxObjClass=Rule-HTML-Section&appliesTo=Rule-Obj-Association&pyRuleName=pzRuleFormKeysAndDescription&RequestClass=Rule-HTML-Section&RequestAppliesTo=Rule-Obj-Association&RequestRuleName=pzRuleFormKeysAndDescription Payload: "{\"RequestClass\":\"Rule-HTML-Section\",\"RequestAppliesTo\":\"Rule-Obj-Association\",\"RequestRuleName\":\"pzRuleFormKeysAndDescription\"}" => HTTP 200 (218057 bytes)
[PegaHttpClient] 📡 POST https://zdk8budo.pegaacademy.net/prweb/api/CodeIntelligence/v1/rules/query?pxObjClass=Rule-HTML-Section&appliesTo=Rule-Obj-Association&pyRuleName=pzRuleFormRuleset&RequestClass=Rule-HTML-Section&RequestAppliesTo=Rule-Obj-Association&RequestRuleName=pzRuleFormRuleset Payload: "{\"RequestClass\":\"Rule-HTML-Section\",\"RequestAppliesTo\":\"Rule-Obj-Association\",\"RequestRuleName\":\"pzRuleFormRuleset\"}" => HTTP 200 (33985 bytes)
[PegaHttpClient] 📡 POST https://zdk8budo.pegaacademy.net/prweb/api/CodeIntelligence/v1/rules/query?pxObjClass=Rule-HTML-Section&appliesTo=Rule-Obj-Association&pyRuleName=undefined&RequestClass=Rule-HTML-Section&RequestAppliesTo=Rule-Obj-Association&RequestRuleName=undefined Payload: "{\"RequestClass\":\"Rule-HTML-Section\",\"RequestAppliesTo\":\"Rule-Obj-Association\",\"RequestRuleName\":\"undefined\"}" => HTTP 404 (107 bytes)
[PegaHttpClient] 📡 POST https://zdk8budo.pegaacademy.net/prweb/PRRestService/CodeIntelligence/v1/rules/query?pxObjClass=Rule-HTML-Section&appliesTo=Rule-Obj-Association&pyRuleName=undefined&RequestClass=Rule-HTML-Section&RequestAppliesTo=Rule-Obj-Association&RequestRuleName=undefined Payload: "{\"RequestClass\":\"Rule-HTML-Section\",\"RequestAppliesTo\":\"Rule-Obj-Association\",\"RequestRuleName\":\"undefined\"}" => HTTP 404 (107 bytes)
[PegaHttpClient] 📡 POST https://zdk8budo.pegaacademy.net/prweb/api/HRAppsV2Service/V1/rules/query?pxObjClass=Rule-HTML-Section&appliesTo=Rule-Obj-Association&pyRuleName=undefined&RequestClass=Rule-HTML-Section&RequestAppliesTo=Rule-Obj-Association&RequestRuleName=undefined Payload: "{\"RequestClass\":\"Rule-HTML-Section\",\"RequestAppliesTo\":\"Rule-Obj-Association\",\"RequestRuleName\":\"undefined\"}" => HTTP 404 (18 bytes)
[PegaHttpClient] 📡 POST https://zdk8budo.pegaacademy.net/prweb/PRRestService/HRAppsV2Service/V1/rules/query?pxObjClass=Rule-HTML-Section&appliesTo=Rule-Obj-Association&pyRuleName=undefined&RequestClass=Rule-HTML-Section&RequestAppliesTo=Rule-Obj-Association&RequestRuleName=undefined Payload: "{\"RequestClass\":\"Rule-HTML-Section\",\"RequestAppliesTo\":\"Rule-Obj-Association\",\"RequestRuleName\":\"undefined\"}" => HTTP 404 (18 bytes)
[PegaHttpClient] 📡 POST https://zdk8budo.pegaacademy.net/prweb/api/HRAppsV2/V1/rules/query?pxObjClass=Rule-HTML-Section&appliesTo=Rule-Obj-Association&pyRuleName=undefined&RequestClass=Rule-HTML-Section&RequestAppliesTo=Rule-Obj-Association&RequestRuleName=undefined Payload: "{\"RequestClass\":\"Rule-HTML-Section\",\"RequestAppliesTo\":\"Rule-Obj-Association\",\"RequestRuleName\":\"undefined\"}" => HTTP 404 (18 bytes)
[PegaHttpClient] 📡 POST https://zdk8budo.pegaacademy.net/prweb/PRRestService/HRAppsV2/V1/rules/query?pxObjClass=Rule-HTML-Section&appliesTo=Rule-Obj-Association&pyRuleName=undefined&RequestClass=Rule-HTML-Section&RequestAppliesTo=Rule-Obj-Association&RequestRuleName=undefined Payload: "{\"RequestClass\":\"Rule-HTML-Section\",\"RequestAppliesTo\":\"Rule-Obj-Association\",\"RequestRuleName\":\"undefined\"}" => HTTP 404 (18 bytes)
[PegaHttpClient] 📡 POST https://zdk8budo.pegaacademy.net/prweb/api/v1/rules/query?pxObjClass=Rule-HTML-Section&appliesTo=Rule-Obj-Association&pyRuleName=undefined&RequestClass=Rule-HTML-Section&RequestAppliesTo=Rule-Obj-Association&RequestRuleName=undefined Payload: "{\"RequestClass\":\"Rule-HTML-Section\",\"RequestAppliesTo\":\"Rule-Obj-Association\",\"RequestRuleName\":\"undefined\"}" => HTTP 404 (18 bytes)
[PegaHttpClient] 📡 POST https://zdk8budo.pegaacademy.net/prweb/PRRestService/v1/rules/query?pxObjClass=Rule-HTML-Section&appliesTo=Rule-Obj-Association&pyRuleName=undefined&RequestClass=Rule-HTML-Section&RequestAppliesTo=Rule-Obj-Association&RequestRuleName=undefined Payload: "{\"RequestClass\":\"Rule-HTML-Section\",\"RequestAppliesTo\":\"Rule-Obj-Association\",\"RequestRuleName\":\"undefined\"}" => HTTP 404 (18 bytes)
[PegaHttpClient] 📡 POST https://zdk8budo.pegaacademy.net/prweb/api/CodeIntelligence/v1/rules/query?pxObjClass=Rule-HTML-Section&appliesTo=Rule-Obj-Association&pyRuleName=pzRuleFormToolbar&RequestClass=Rule-HTML-Section&RequestAppliesTo=Rule-Obj-Association&RequestRuleName=pzRuleFormToolbar Payload: "{\"RequestClass\":\"Rule-HTML-Section\",\"RequestAppliesTo\":\"Rule-Obj-Association\",\"RequestRuleName\":\"pzRuleFormToolbar\"}" => HTTP 200 (242691 bytes)
[PegaHttpClient] 📡 POST https://zdk8budo.pegaacademy.net/prweb/api/CodeIntelligence/v1/rules/query?pxObjClass=Rule-HTML-Section&appliesTo=Rule-Obj-Association&pyRuleName=pzRuleFormToolbarCompare&RequestClass=Rule-HTML-Section&RequestAppliesTo=Rule-Obj-Association&RequestRuleName=pzRuleFormToolbarCompare Payload: "{\"RequestClass\":\"Rule-HTML-Section\",\"RequestAppliesTo\":\"Rule-Obj-Association\",\"RequestRuleName\":\"pzRuleFormToolbarCompare\"}" => HTTP 200 (61925 bytes)
[PegaHttpClient] 📡 POST https://zdk8budo.pegaacademy.net/prweb/api/CodeIntelligence/v1/rules/query?pxObjClass=Rule-HTML-Section&appliesTo=Rule-Obj-Association&pyRuleName=RuleFormHeaderMessages&RequestClass=Rule-HTML-Section&RequestAppliesTo=Rule-Obj-Association&RequestRuleName=RuleFormHeaderMessages Payload: "{\"RequestClass\":\"Rule-HTML-Section\",\"RequestAppliesTo\":\"Rule-Obj-Association\",\"RequestRuleName\":\"RuleFormHeaderMessages\"}" => HTTP 200 (26518 bytes)
[PegaHttpClient] 📡 POST https://zdk8budo.pegaacademy.net/prweb/api/CodeIntelligence/v1/rules/query?pxObjClass=Rule-HTML-Section&appliesTo=Rule-Obj-Association&pyRuleName=pzAssocJoinInfo&RequestClass=Rule-HTML-Section&RequestAppliesTo=Rule-Obj-Association&RequestRuleName=pzAssocJoinInfo Payload: "{\"RequestClass\":\"Rule-HTML-Section\",\"RequestAppliesTo\":\"Rule-Obj-Association\",\"RequestRuleName\":\"pzAssocJoinInfo\"}" => HTTP 200 (25210 bytes)
[PegaHttpClient] 📡 POST https://zdk8budo.pegaacademy.net/prweb/api/CodeIntelligence/v1/rules/query?pxObjClass=Rule-HTML-Section&appliesTo=Rule-Obj-Association&pyRuleName=pzAssocFilters_Content&RequestClass=Rule-HTML-Section&RequestAppliesTo=Rule-Obj-Association&RequestRuleName=pzAssocFilters_Content Payload: "{\"RequestClass\":\"Rule-HTML-Section\",\"RequestAppliesTo\":\"Rule-Obj-Association\",\"RequestRuleName\":\"pzAssocFilters_Content\"}" => HTTP 200 (90670 bytes)
[PegaHttpClient] 📡 POST https://zdk8budo.pegaacademy.net/prweb/api/CodeIntelligence/v1/rules/query?pxObjClass=Rule-HTML-Section&appliesTo=Rule-Obj-Association&pyRuleName=pzConfigureJoinInfo&RequestClass=Rule-HTML-Section&RequestAppliesTo=Rule-Obj-Association&RequestRuleName=pzConfigureJoinInfo Payload: "{\"RequestClass\":\"Rule-HTML-Section\",\"RequestAppliesTo\":\"Rule-Obj-Association\",\"RequestRuleName\":\"pzConfigureJoinInfo\"}" => HTTP 200 (82642 bytes)
[PegaHttpClient] 📡 POST https://zdk8budo.pegaacademy.net/prweb/api/CodeIntelligence/v1/rules/query?pxObjClass=Rule-HTML-Section&appliesTo=Rule-Obj-Association&pyRuleName=pzSimpleJoin&RequestClass=Rule-HTML-Section&RequestAppliesTo=Rule-Obj-Association&RequestRuleName=pzSimpleJoin Payload: "{\"RequestClass\":\"Rule-HTML-Section\",\"RequestAppliesTo\":\"Rule-Obj-Association\",\"RequestRuleName\":\"pzSimpleJoin\"}" => HTTP 404 (110 bytes)
[PegaHttpClient] 📡 POST https://zdk8budo.pegaacademy.net/prweb/PRRestService/CodeIntelligence/v1/rules/query?pxObjClass=Rule-HTML-Section&appliesTo=Rule-Obj-Association&pyRuleName=pzSimpleJoin&RequestClass=Rule-HTML-Section&RequestAppliesTo=Rule-Obj-Association&RequestRuleName=pzSimpleJoin Payload: "{\"RequestClass\":\"Rule-HTML-Section\",\"RequestAppliesTo\":\"Rule-Obj-Association\",\"RequestRuleName\":\"pzSimpleJoin\"}" => HTTP 404 (110 bytes)
[PegaHttpClient] 📡 POST https://zdk8budo.pegaacademy.net/prweb/api/HRAppsV2Service/V1/rules/query?pxObjClass=Rule-HTML-Section&appliesTo=Rule-Obj-Association&pyRuleName=pzSimpleJoin&RequestClass=Rule-HTML-Section&RequestAppliesTo=Rule-Obj-Association&RequestRuleName=pzSimpleJoin Payload: "{\"RequestClass\":\"Rule-HTML-Section\",\"RequestAppliesTo\":\"Rule-Obj-Association\",\"RequestRuleName\":\"pzSimpleJoin\"}" => HTTP 404 (18 bytes)
[PegaHttpClient] 📡 POST https://zdk8budo.pegaacademy.net/prweb/PRRestService/HRAppsV2Service/V1/rules/query?pxObjClass=Rule-HTML-Section&appliesTo=Rule-Obj-Association&pyRuleName=pzSimpleJoin&RequestClass=Rule-HTML-Section&RequestAppliesTo=Rule-Obj-Association&RequestRuleName=pzSimpleJoin Payload: "{\"RequestClass\":\"Rule-HTML-Section\",\"RequestAppliesTo\":\"Rule-Obj-Association\",\"RequestRuleName\":\"pzSimpleJoin\"}" => HTTP 404 (18 bytes)
[PegaHttpClient] 📡 POST https://zdk8budo.pegaacademy.net/prweb/api/HRAppsV2/V1/rules/query?pxObjClass=Rule-HTML-Section&appliesTo=Rule-Obj-Association&pyRuleName=pzSimpleJoin&RequestClass=Rule-HTML-Section&RequestAppliesTo=Rule-Obj-Association&RequestRuleName=pzSimpleJoin Payload: "{\"RequestClass\":\"Rule-HTML-Section\",\"RequestAppliesTo\":\"Rule-Obj-Association\",\"RequestRuleName\":\"pzSimpleJoin\"}" => HTTP 404 (18 bytes)
[PegaHttpClient] 📡 POST https://zdk8budo.pegaacademy.net/prweb/PRRestService/HRAppsV2/V1/rules/query?pxObjClass=Rule-HTML-Section&appliesTo=Rule-Obj-Association&pyRuleName=pzSimpleJoin&RequestClass=Rule-HTML-Section&RequestAppliesTo=Rule-Obj-Association&RequestRuleName=pzSimpleJoin Payload: "{\"RequestClass\":\"Rule-HTML-Section\",\"RequestAppliesTo\":\"Rule-Obj-Association\",\"RequestRuleName\":\"pzSimpleJoin\"}" => HTTP 404 (18 bytes)
[PegaHttpClient] 📡 POST https://zdk8budo.pegaacademy.net/prweb/api/v1/rules/query?pxObjClass=Rule-HTML-Section&appliesTo=Rule-Obj-Association&pyRuleName=pzSimpleJoin&RequestClass=Rule-HTML-Section&RequestAppliesTo=Rule-Obj-Association&RequestRuleName=pzSimpleJoin Payload: "{\"RequestClass\":\"Rule-HTML-Section\",\"RequestAppliesTo\":\"Rule-Obj-Association\",\"RequestRuleName\":\"pzSimpleJoin\"}" => HTTP 404 (18 bytes)
[PegaHttpClient] 📡 POST https://zdk8budo.pegaacademy.net/prweb/PRRestService/v1/rules/query?pxObjClass=Rule-HTML-Section&appliesTo=Rule-Obj-Association&pyRuleName=pzSimpleJoin&RequestClass=Rule-HTML-Section&RequestAppliesTo=Rule-Obj-Association&RequestRuleName=pzSimpleJoin Payload: "{\"RequestClass\":\"Rule-HTML-Section\",\"RequestAppliesTo\":\"Rule-Obj-Association\",\"RequestRuleName\":\"pzSimpleJoin\"}" => HTTP 404 (18 bytes)
[PegaHttpClient] 📡 POST https://zdk8budo.pegaacademy.net/prweb/api/CodeIntelligence/v1/rules/query?pxObjClass=Rule-HTML-Section&appliesTo=Rule-Obj-Association&pyRuleName=pzPagesAndClassesNoMode&RequestClass=Rule-HTML-Section&RequestAppliesTo=Rule-Obj-Association&RequestRuleName=pzPagesAndClassesNoMode Payload: "{\"RequestClass\":\"Rule-HTML-Section\",\"RequestAppliesTo\":\"Rule-Obj-Association\",\"RequestRuleName\":\"pzPagesAndClassesNoMode\"}" => HTTP 200 (90057 bytes)
[PegaHttpClient] 📡 POST https://zdk8budo.pegaacademy.net/prweb/api/CodeIntelligence/v1/rules/query?pxObjClass=Rule-HTML-Section&appliesTo=Rule-Obj-Association&pyRuleName=pzSpecificationsInner&RequestClass=Rule-HTML-Section&RequestAppliesTo=Rule-Obj-Association&RequestRuleName=pzSpecificationsInner Payload: "{\"RequestClass\":\"Rule-HTML-Section\",\"RequestAppliesTo\":\"Rule-Obj-Association\",\"RequestRuleName\":\"pzSpecificationsInner\"}" => HTTP 200 (142370 bytes)
[PegaHttpClient] 📡 POST https://zdk8budo.pegaacademy.net/prweb/api/CodeIntelligence/v1/rules/query?pxObjClass=Rule-HTML-Section&appliesTo=Rule-Obj-Association&pyRuleName=pzAlternateRuleInfo&RequestClass=Rule-HTML-Section&RequestAppliesTo=Rule-Obj-Association&RequestRuleName=pzAlternateRuleInfo Payload: "{\"RequestClass\":\"Rule-HTML-Section\",\"RequestAppliesTo\":\"Rule-Obj-Association\",\"RequestRuleName\":\"pzAlternateRuleInfo\"}" => HTTP 200 (140407 bytes)
[PegaHttpClient] 📡 POST https://zdk8budo.pegaacademy.net/prweb/api/CodeIntelligence/v1/rules/query?pxObjClass=Rule-HTML-Section&appliesTo=Rule-Obj-Association&pyRuleName=RuleFormHistory_Description&RequestClass=Rule-HTML-Section&RequestAppliesTo=Rule-Obj-Association&RequestRuleName=RuleFormHistory_Description Payload: "{\"RequestClass\":\"Rule-HTML-Section\",\"RequestAppliesTo\":\"Rule-Obj-Association\",\"RequestRuleName\":\"RuleFormHistory_Description\"}" => HTTP 200 (46242 bytes)
[PegaHttpClient] 📡 POST https://zdk8budo.pegaacademy.net/prweb/api/CodeIntelligence/v1/rules/query?pxObjClass=Rule-HTML-Section&appliesTo=Rule-Obj-Association&pyRuleName=RuleFormHistory_CustomFields&RequestClass=Rule-HTML-Section&RequestAppliesTo=Rule-Obj-Association&RequestRuleName=RuleFormHistory_CustomFields Payload: "{\"RequestClass\":\"Rule-HTML-Section\",\"RequestAppliesTo\":\"Rule-Obj-Association\",\"RequestRuleName\":\"RuleFormHistory_CustomFields\"}" => HTTP 200 (75856 bytes)
[PegaHttpClient] 📡 POST https://zdk8budo.pegaacademy.net/prweb/api/CodeIntelligence/v1/rules/query?pxObjClass=Rule-HTML-Section&appliesTo=Rule-Obj-Association&pyRuleName=RuleFormHistory_HistoryDetails&RequestClass=Rule-HTML-Section&RequestAppliesTo=Rule-Obj-Association&RequestRuleName=RuleFormHistory_HistoryDetails Payload: "{\"RequestClass\":\"Rule-HTML-Section\",\"RequestAppliesTo\":\"Rule-Obj-Association\",\"RequestRuleName\":\"RuleFormHistory_HistoryDetails\"}" => HTTP 200 (179535 bytes)
[PegaHttpClient] 📡 POST https://zdk8budo.pegaacademy.net/prweb/api/CodeIntelligence/v1/rules/query?pxObjClass=Rule-HTML-Section&appliesTo=Rule-Obj-Association&pyRuleName=pzRuleFormStatus&RequestClass=Rule-HTML-Section&RequestAppliesTo=Rule-Obj-Association&RequestRuleName=pzRuleFormStatus Payload: "{\"RequestClass\":\"Rule-HTML-Section\",\"RequestAppliesTo\":\"Rule-Obj-Association\",\"RequestRuleName\":\"pzRuleFormStatus\"}" => HTTP 200 (97627 bytes)
[PegaHttpClient] 📡 POST https://zdk8budo.pegaacademy.net/prweb/api/CodeIntelligence/v1/rules/query?pxObjClass=Rule-HTML-Section&appliesTo=Rule-Obj-Association&pyRuleName=pzRuleFormHeaderCompareWithDropDown&RequestClass=Rule-HTML-Section&RequestAppliesTo=Rule-Obj-Association&RequestRuleName=pzRuleFormHeaderCompareWithDropDown Payload: "{\"RequestClass\":\"Rule-HTML-Section\",\"RequestAppliesTo\":\"Rule-Obj-Association\",\"RequestRuleName\":\"pzRuleFormHeaderCompareWithDropDown\"}" => HTTP 200 (25396 bytes)
[PegaHttpClient] 📡 POST https://zdk8budo.pegaacademy.net/prweb/api/CodeIntelligence/v1/rules/query?pxObjClass=Rule-HTML-Section&appliesTo=Rule-Obj-Association&pyRuleName=undefined&RequestClass=Rule-HTML-Section&RequestAppliesTo=Rule-Obj-Association&RequestRuleName=undefined Payload: "{\"RequestClass\":\"Rule-HTML-Section\",\"RequestAppliesTo\":\"Rule-Obj-Association\",\"RequestRuleName\":\"undefined\"}" => HTTP 404 (107 bytes)
[PegaHttpClient] 📡 POST https://zdk8budo.pegaacademy.net/prweb/PRRestService/CodeIntelligence/v1/rules/query?pxObjClass=Rule-HTML-Section&appliesTo=Rule-Obj-Association&pyRuleName=undefined&RequestClass=Rule-HTML-Section&RequestAppliesTo=Rule-Obj-Association&RequestRuleName=undefined Payload: "{\"RequestClass\":\"Rule-HTML-Section\",\"RequestAppliesTo\":\"Rule-Obj-Association\",\"RequestRuleName\":\"undefined\"}" => HTTP 404 (107 bytes)
[PegaHttpClient] 📡 POST https://zdk8budo.pegaacademy.net/prweb/api/HRAppsV2Service/V1/rules/query?pxObjClass=Rule-HTML-Section&appliesTo=Rule-Obj-Association&pyRuleName=undefined&RequestClass=Rule-HTML-Section&RequestAppliesTo=Rule-Obj-Association&RequestRuleName=undefined Payload: "{\"RequestClass\":\"Rule-HTML-Section\",\"RequestAppliesTo\":\"Rule-Obj-Association\",\"RequestRuleName\":\"undefined\"}" => HTTP 404 (18 bytes)
[PegaHttpClient] 📡 POST https://zdk8budo.pegaacademy.net/prweb/PRRestService/HRAppsV2Service/V1/rules/query?pxObjClass=Rule-HTML-Section&appliesTo=Rule-Obj-Association&pyRuleName=undefined&RequestClass=Rule-HTML-Section&RequestAppliesTo=Rule-Obj-Association&RequestRuleName=undefined Payload: "{\"RequestClass\":\"Rule-HTML-Section\",\"RequestAppliesTo\":\"Rule-Obj-Association\",\"RequestRuleName\":\"undefined\"}" => HTTP 404 (18 bytes)
[PegaHttpClient] 📡 POST https://zdk8budo.pegaacademy.net/prweb/api/HRAppsV2/V1/rules/query?pxObjClass=Rule-HTML-Section&appliesTo=Rule-Obj-Association&pyRuleName=undefined&RequestClass=Rule-HTML-Section&RequestAppliesTo=Rule-Obj-Association&RequestRuleName=undefined Payload: "{\"RequestClass\":\"Rule-HTML-Section\",\"RequestAppliesTo\":\"Rule-Obj-Association\",\"RequestRuleName\":\"undefined\"}" => HTTP 404 (18 bytes)
[PegaHttpClient] 📡 POST https://zdk8budo.pegaacademy.net/prweb/PRRestService/HRAppsV2/V1/rules/query?pxObjClass=Rule-HTML-Section&appliesTo=Rule-Obj-Association&pyRuleName=undefined&RequestClass=Rule-HTML-Section&RequestAppliesTo=Rule-Obj-Association&RequestRuleName=undefined Payload: "{\"RequestClass\":\"Rule-HTML-Section\",\"RequestAppliesTo\":\"Rule-Obj-Association\",\"RequestRuleName\":\"undefined\"}" => HTTP 404 (18 bytes)
[PegaHttpClient] 📡 POST https://zdk8budo.pegaacademy.net/prweb/api/v1/rules/query?pxObjClass=Rule-HTML-Section&appliesTo=Rule-Obj-Association&pyRuleName=undefined&RequestClass=Rule-HTML-Section&RequestAppliesTo=Rule-Obj-Association&RequestRuleName=undefined Payload: "{\"RequestClass\":\"Rule-HTML-Section\",\"RequestAppliesTo\":\"Rule-Obj-Association\",\"RequestRuleName\":\"undefined\"}" => HTTP 404 (18 bytes)
[PegaHttpClient] 📡 POST https://zdk8budo.pegaacademy.net/prweb/PRRestService/v1/rules/query?pxObjClass=Rule-HTML-Section&appliesTo=Rule-Obj-Association&pyRuleName=undefined&RequestClass=Rule-HTML-Section&RequestAppliesTo=Rule-Obj-Association&RequestRuleName=undefined Payload: "{\"RequestClass\":\"Rule-HTML-Section\",\"RequestAppliesTo\":\"Rule-Obj-Association\",\"RequestRuleName\":\"undefined\"}" => HTTP 404 (18 bytes)
[PegaHttpClient] 📡 POST https://zdk8budo.pegaacademy.net/prweb/api/CodeIntelligence/v1/rules/query?pxObjClass=Rule-HTML-Section&appliesTo=Rule-Obj-Association&pyRuleName=pzRuleFormToolbarHotKeys&RequestClass=Rule-HTML-Section&RequestAppliesTo=Rule-Obj-Association&RequestRuleName=pzRuleFormToolbarHotKeys Payload: "{\"RequestClass\":\"Rule-HTML-Section\",\"RequestAppliesTo\":\"Rule-Obj-Association\",\"RequestRuleName\":\"pzRuleFormToolbarHotKeys\"}" => HTTP 200 (85058 bytes)
[PegaHttpClient] 📡 POST https://zdk8budo.pegaacademy.net/prweb/api/CodeIntelligence/v1/rules/query?pxObjClass=Rule-HTML-Section&appliesTo=Rule-Obj-Association&pyRuleName=pzRuleFormToolbarLockedIcon&RequestClass=Rule-HTML-Section&RequestAppliesTo=Rule-Obj-Association&RequestRuleName=pzRuleFormToolbarLockedIcon Payload: "{\"RequestClass\":\"Rule-HTML-Section\",\"RequestAppliesTo\":\"Rule-Obj-Association\",\"RequestRuleName\":\"pzRuleFormToolbarLockedIcon\"}" => HTTP 200 (24898 bytes)
[PegaHttpClient] 📡 POST https://zdk8budo.pegaacademy.net/prweb/api/CodeIntelligence/v1/rules/query?pxObjClass=Rule-HTML-Section&appliesTo=Rule-Obj-Association&pyRuleName=pzRuleFormToolbarCollaborators&RequestClass=Rule-HTML-Section&RequestAppliesTo=Rule-Obj-Association&RequestRuleName=pzRuleFormToolbarCollaborators Payload: "{\"RequestClass\":\"Rule-HTML-Section\",\"RequestAppliesTo\":\"Rule-Obj-Association\",\"RequestRuleName\":\"pzRuleFormToolbarCollaborators\"}" => HTTP 200 (15254 bytes)
[PegaHttpClient] 📡 POST https://zdk8budo.pegaacademy.net/prweb/api/CodeIntelligence/v1/rules/query?pxObjClass=Rule-HTML-Section&appliesTo=Rule-Obj-Association&pyRuleName=pzRuleFormToolbarSaveAs&RequestClass=Rule-HTML-Section&RequestAppliesTo=Rule-Obj-Association&RequestRuleName=pzRuleFormToolbarSaveAs Payload: "{\"RequestClass\":\"Rule-HTML-Section\",\"RequestAppliesTo\":\"Rule-Obj-Association\",\"RequestRuleName\":\"pzRuleFormToolbarSaveAs\"}" => HTTP 200 (64084 bytes)
[PegaHttpClient] 📡 POST https://zdk8budo.pegaacademy.net/prweb/api/CodeIntelligence/v1/rules/query?pxObjClass=Rule-HTML-Section&appliesTo=Rule-Obj-Association&pyRuleName=pzRuleFormToolbarCheckin&RequestClass=Rule-HTML-Section&RequestAppliesTo=Rule-Obj-Association&RequestRuleName=pzRuleFormToolbarCheckin Payload: "{\"RequestClass\":\"Rule-HTML-Section\",\"RequestAppliesTo\":\"Rule-Obj-Association\",\"RequestRuleName\":\"pzRuleFormToolbarCheckin\"}" => HTTP 200 (119096 bytes)
[PegaHttpClient] 📡 POST https://zdk8budo.pegaacademy.net/prweb/api/CodeIntelligence/v1/rules/query?pxObjClass=Rule-HTML-Section&appliesTo=Rule-Obj-Association&pyRuleName=pzRuleFormToolbarDelete&RequestClass=Rule-HTML-Section&RequestAppliesTo=Rule-Obj-Association&RequestRuleName=pzRuleFormToolbarDelete Payload: "{\"RequestClass\":\"Rule-HTML-Section\",\"RequestAppliesTo\":\"Rule-Obj-Association\",\"RequestRuleName\":\"pzRuleFormToolbarDelete\"}" => HTTP 200 (30249 bytes)
[PegaHttpClient] 📡 POST https://zdk8budo.pegaacademy.net/prweb/api/CodeIntelligence/v1/rules/query?pxObjClass=Rule-HTML-Section&appliesTo=Rule-Obj-Association&pyRuleName=pzRuleFormToolbarSave&RequestClass=Rule-HTML-Section&RequestAppliesTo=Rule-Obj-Association&RequestRuleName=pzRuleFormToolbarSave Payload: "{\"RequestClass\":\"Rule-HTML-Section\",\"RequestAppliesTo\":\"Rule-Obj-Association\",\"RequestRuleName\":\"pzRuleFormToolbarSave\"}" => HTTP 200 (293885 bytes)
[PegaHttpClient] 📡 POST https://zdk8budo.pegaacademy.net/prweb/api/CodeIntelligence/v1/rules/query?pxObjClass=Rule-HTML-Section&appliesTo=Rule-Obj-Association&pyRuleName=pzRuleFormToolbarCheckout&RequestClass=Rule-HTML-Section&RequestAppliesTo=Rule-Obj-Association&RequestRuleName=pzRuleFormToolbarCheckout Payload: "{\"RequestClass\":\"Rule-HTML-Section\",\"RequestAppliesTo\":\"Rule-Obj-Association\",\"RequestRuleName\":\"pzRuleFormToolbarCheckout\"}" => HTTP 200 (238148 bytes)
[PegaHttpClient] 📡 POST https://zdk8budo.pegaacademy.net/prweb/api/CodeIntelligence/v1/rules/query?pxObjClass=Rule-HTML-Section&appliesTo=Rule-Obj-Association&pyRuleName=pzRemoveErrorsDataPage&RequestClass=Rule-HTML-Section&RequestAppliesTo=Rule-Obj-Association&RequestRuleName=pzRemoveErrorsDataPage Payload: "{\"RequestClass\":\"Rule-HTML-Section\",\"RequestAppliesTo\":\"Rule-Obj-Association\",\"RequestRuleName\":\"pzRemoveErrorsDataPage\"}" => HTTP 200 (16733 bytes)
[PegaHttpClient] 📡 POST https://zdk8budo.pegaacademy.net/prweb/api/CodeIntelligence/v1/rules/query?pxObjClass=Rule-HTML-Section&appliesTo=Rule-Obj-Association&pyRuleName=pzRuleFormHeaderMessagesWrapper&RequestClass=Rule-HTML-Section&RequestAppliesTo=Rule-Obj-Association&RequestRuleName=pzRuleFormHeaderMessagesWrapper Payload: "{\"RequestClass\":\"Rule-HTML-Section\",\"RequestAppliesTo\":\"Rule-Obj-Association\",\"RequestRuleName\":\"pzRuleFormHeaderMessagesWrapper\"}" => HTTP 200 (16981 bytes)
[PegaHttpClient] 📡 POST https://zdk8budo.pegaacademy.net/prweb/api/CodeIntelligence/v1/rules/query?pxObjClass=Rule-HTML-Section&appliesTo=Rule-Obj-Association&pyRuleName=pzClassNameAC&RequestClass=Rule-HTML-Section&RequestAppliesTo=Rule-Obj-Association&RequestRuleName=pzClassNameAC Payload: "{\"RequestClass\":\"Rule-HTML-Section\",\"RequestAppliesTo\":\"Rule-Obj-Association\",\"RequestRuleName\":\"pzClassNameAC\"}" => HTTP 404 (111 bytes)
[PegaHttpClient] 📡 POST https://zdk8budo.pegaacademy.net/prweb/PRRestService/CodeIntelligence/v1/rules/query?pxObjClass=Rule-HTML-Section&appliesTo=Rule-Obj-Association&pyRuleName=pzClassNameAC&RequestClass=Rule-HTML-Section&RequestAppliesTo=Rule-Obj-Association&RequestRuleName=pzClassNameAC Payload: "{\"RequestClass\":\"Rule-HTML-Section\",\"RequestAppliesTo\":\"Rule-Obj-Association\",\"RequestRuleName\":\"pzClassNameAC\"}" => HTTP 404 (111 bytes)
[PegaHttpClient] 📡 POST https://zdk8budo.pegaacademy.net/prweb/api/HRAppsV2Service/V1/rules/query?pxObjClass=Rule-HTML-Section&appliesTo=Rule-Obj-Association&pyRuleName=pzClassNameAC&RequestClass=Rule-HTML-Section&RequestAppliesTo=Rule-Obj-Association&RequestRuleName=pzClassNameAC Payload: "{\"RequestClass\":\"Rule-HTML-Section\",\"RequestAppliesTo\":\"Rule-Obj-Association\",\"RequestRuleName\":\"pzClassNameAC\"}" => HTTP 404 (18 bytes)
[PegaHttpClient] 📡 POST https://zdk8budo.pegaacademy.net/prweb/PRRestService/HRAppsV2Service/V1/rules/query?pxObjClass=Rule-HTML-Section&appliesTo=Rule-Obj-Association&pyRuleName=pzClassNameAC&RequestClass=Rule-HTML-Section&RequestAppliesTo=Rule-Obj-Association&RequestRuleName=pzClassNameAC Payload: "{\"RequestClass\":\"Rule-HTML-Section\",\"RequestAppliesTo\":\"Rule-Obj-Association\",\"RequestRuleName\":\"pzClassNameAC\"}" => HTTP 404 (18 bytes)
[PegaHttpClient] 📡 POST https://zdk8budo.pegaacademy.net/prweb/api/HRAppsV2/V1/rules/query?pxObjClass=Rule-HTML-Section&appliesTo=Rule-Obj-Association&pyRuleName=pzClassNameAC&RequestClass=Rule-HTML-Section&RequestAppliesTo=Rule-Obj-Association&RequestRuleName=pzClassNameAC Payload: "{\"RequestClass\":\"Rule-HTML-Section\",\"RequestAppliesTo\":\"Rule-Obj-Association\",\"RequestRuleName\":\"pzClassNameAC\"}" => HTTP 404 (18 bytes)
[PegaHttpClient] 📡 POST https://zdk8budo.pegaacademy.net/prweb/PRRestService/HRAppsV2/V1/rules/query?pxObjClass=Rule-HTML-Section&appliesTo=Rule-Obj-Association&pyRuleName=pzClassNameAC&RequestClass=Rule-HTML-Section&RequestAppliesTo=Rule-Obj-Association&RequestRuleName=pzClassNameAC Payload: "{\"RequestClass\":\"Rule-HTML-Section\",\"RequestAppliesTo\":\"Rule-Obj-Association\",\"RequestRuleName\":\"pzClassNameAC\"}" => HTTP 404 (18 bytes)
[PegaHttpClient] 📡 POST https://zdk8budo.pegaacademy.net/prweb/api/v1/rules/query?pxObjClass=Rule-HTML-Section&appliesTo=Rule-Obj-Association&pyRuleName=pzClassNameAC&RequestClass=Rule-HTML-Section&RequestAppliesTo=Rule-Obj-Association&RequestRuleName=pzClassNameAC Payload: "{\"RequestClass\":\"Rule-HTML-Section\",\"RequestAppliesTo\":\"Rule-Obj-Association\",\"RequestRuleName\":\"pzClassNameAC\"}" => HTTP 404 (18 bytes)
[PegaHttpClient] 📡 POST https://zdk8budo.pegaacademy.net/prweb/PRRestService/v1/rules/query?pxObjClass=Rule-HTML-Section&appliesTo=Rule-Obj-Association&pyRuleName=pzClassNameAC&RequestClass=Rule-HTML-Section&RequestAppliesTo=Rule-Obj-Association&RequestRuleName=pzClassNameAC Payload: "{\"RequestClass\":\"Rule-HTML-Section\",\"RequestAppliesTo\":\"Rule-Obj-Association\",\"RequestRuleName\":\"pzClassNameAC\"}" => HTTP 404 (18 bytes)
[PegaHttpClient] 📡 POST https://zdk8budo.pegaacademy.net/prweb/api/CodeIntelligence/v1/rules/query?pxObjClass=Rule-HTML-Section&appliesTo=Rule-Obj-Association&pyRuleName=pzPagesAndClassesScriptNoMode&RequestClass=Rule-HTML-Section&RequestAppliesTo=Rule-Obj-Association&RequestRuleName=pzPagesAndClassesScriptNoMode Payload: "{\"RequestClass\":\"Rule-HTML-Section\",\"RequestAppliesTo\":\"Rule-Obj-Association\",\"RequestRuleName\":\"pzPagesAndClassesScriptNoMode\"}" => HTTP 200 (25452 bytes)
[PegaHttpClient] 📡 POST https://zdk8budo.pegaacademy.net/prweb/api/CodeIntelligence/v1/rules/query?pxObjClass=Rule-HTML-Section&appliesTo=Rule-Obj-Association&pyRuleName=pzSpecificationName&RequestClass=Rule-HTML-Section&RequestAppliesTo=Rule-Obj-Association&RequestRuleName=pzSpecificationName Payload: "{\"RequestClass\":\"Rule-HTML-Section\",\"RequestAppliesTo\":\"Rule-Obj-Association\",\"RequestRuleName\":\"pzSpecificationName\"}" => HTTP 404 (117 bytes)
[PegaHttpClient] 📡 POST https://zdk8budo.pegaacademy.net/prweb/PRRestService/CodeIntelligence/v1/rules/query?pxObjClass=Rule-HTML-Section&appliesTo=Rule-Obj-Association&pyRuleName=pzSpecificationName&RequestClass=Rule-HTML-Section&RequestAppliesTo=Rule-Obj-Association&RequestRuleName=pzSpecificationName Payload: "{\"RequestClass\":\"Rule-HTML-Section\",\"RequestAppliesTo\":\"Rule-Obj-Association\",\"RequestRuleName\":\"pzSpecificationName\"}" => HTTP 404 (117 bytes)
[PegaHttpClient] 📡 POST https://zdk8budo.pegaacademy.net/prweb/api/HRAppsV2Service/V1/rules/query?pxObjClass=Rule-HTML-Section&appliesTo=Rule-Obj-Association&pyRuleName=pzSpecificationName&RequestClass=Rule-HTML-Section&RequestAppliesTo=Rule-Obj-Association&RequestRuleName=pzSpecificationName Payload: "{\"RequestClass\":\"Rule-HTML-Section\",\"RequestAppliesTo\":\"Rule-Obj-Association\",\"RequestRuleName\":\"pzSpecificationName\"}" => HTTP 404 (18 bytes)
[PegaHttpClient] 📡 POST https://zdk8budo.pegaacademy.net/prweb/PRRestService/HRAppsV2Service/V1/rules/query?pxObjClass=Rule-HTML-Section&appliesTo=Rule-Obj-Association&pyRuleName=pzSpecificationName&RequestClass=Rule-HTML-Section&RequestAppliesTo=Rule-Obj-Association&RequestRuleName=pzSpecificationName Payload: "{\"RequestClass\":\"Rule-HTML-Section\",\"RequestAppliesTo\":\"Rule-Obj-Association\",\"RequestRuleName\":\"pzSpecificationName\"}" => HTTP 404 (18 bytes)
[PegaHttpClient] 📡 POST https://zdk8budo.pegaacademy.net/prweb/api/HRAppsV2/V1/rules/query?pxObjClass=Rule-HTML-Section&appliesTo=Rule-Obj-Association&pyRuleName=pzSpecificationName&RequestClass=Rule-HTML-Section&RequestAppliesTo=Rule-Obj-Association&RequestRuleName=pzSpecificationName Payload: "{\"RequestClass\":\"Rule-HTML-Section\",\"RequestAppliesTo\":\"Rule-Obj-Association\",\"RequestRuleName\":\"pzSpecificationName\"}" => HTTP 404 (18 bytes)
[PegaHttpClient] 📡 POST https://zdk8budo.pegaacademy.net/prweb/PRRestService/HRAppsV2/V1/rules/query?pxObjClass=Rule-HTML-Section&appliesTo=Rule-Obj-Association&pyRuleName=pzSpecificationName&RequestClass=Rule-HTML-Section&RequestAppliesTo=Rule-Obj-Association&RequestRuleName=pzSpecificationName Payload: "{\"RequestClass\":\"Rule-HTML-Section\",\"RequestAppliesTo\":\"Rule-Obj-Association\",\"RequestRuleName\":\"pzSpecificationName\"}" => HTTP 404 (18 bytes)
[PegaHttpClient] 📡 POST https://zdk8budo.pegaacademy.net/prweb/api/v1/rules/query?pxObjClass=Rule-HTML-Section&appliesTo=Rule-Obj-Association&pyRuleName=pzSpecificationName&RequestClass=Rule-HTML-Section&RequestAppliesTo=Rule-Obj-Association&RequestRuleName=pzSpecificationName Payload: "{\"RequestClass\":\"Rule-HTML-Section\",\"RequestAppliesTo\":\"Rule-Obj-Association\",\"RequestRuleName\":\"pzSpecificationName\"}" => HTTP 404 (18 bytes)
[PegaHttpClient] 📡 POST https://zdk8budo.pegaacademy.net/prweb/PRRestService/v1/rules/query?pxObjClass=Rule-HTML-Section&appliesTo=Rule-Obj-Association&pyRuleName=pzSpecificationName&RequestClass=Rule-HTML-Section&RequestAppliesTo=Rule-Obj-Association&RequestRuleName=pzSpecificationName Payload: "{\"RequestClass\":\"Rule-HTML-Section\",\"RequestAppliesTo\":\"Rule-Obj-Association\",\"RequestRuleName\":\"pzSpecificationName\"}" => HTTP 404 (18 bytes)
[PegaHttpClient] 📡 POST https://zdk8budo.pegaacademy.net/prweb/api/CodeIntelligence/v1/rules/query?pxObjClass=Rule-HTML-Section&appliesTo=Rule-Obj-Association&pyRuleName=pzScm_RuleHistory&RequestClass=Rule-HTML-Section&RequestAppliesTo=Rule-Obj-Association&RequestRuleName=pzScm_RuleHistory Payload: "{\"RequestClass\":\"Rule-HTML-Section\",\"RequestAppliesTo\":\"Rule-Obj-Association\",\"RequestRuleName\":\"pzScm_RuleHistory\"}" => HTTP 200 (14682 bytes)
[PegaHttpClient] 📡 POST https://zdk8budo.pegaacademy.net/prweb/api/CodeIntelligence/v1/rules/query?pxObjClass=Rule-HTML-Section&appliesTo=Rule-Obj-Association&pyRuleName=pxDisplayCollaborators&RequestClass=Rule-HTML-Section&RequestAppliesTo=Rule-Obj-Association&RequestRuleName=pxDisplayCollaborators Payload: "{\"RequestClass\":\"Rule-HTML-Section\",\"RequestAppliesTo\":\"Rule-Obj-Association\",\"RequestRuleName\":\"pxDisplayCollaborators\"}" => HTTP 200 (94171 bytes)
[PegaHttpClient] 📡 POST https://zdk8budo.pegaacademy.net/prweb/api/CodeIntelligence/v1/rules/query?pxObjClass=Rule-HTML-Section&appliesTo=Rule-Obj-Association&pyRuleName=pzRuleFormToolbarDeleteCheckOut&RequestClass=Rule-HTML-Section&RequestAppliesTo=Rule-Obj-Association&RequestRuleName=pzRuleFormToolbarDeleteCheckOut Payload: "{\"RequestClass\":\"Rule-HTML-Section\",\"RequestAppliesTo\":\"Rule-Obj-Association\",\"RequestRuleName\":\"pzRuleFormToolbarDeleteCheckOut\"}" => HTTP 200 (29433 bytes)
[PegaHttpClient] 📡 POST https://zdk8budo.pegaacademy.net/prweb/api/CodeIntelligence/v1/rules/query?pxObjClass=Rule-HTML-Section&appliesTo=Rule-Obj-Association&pyRuleName=pzRuleFormToolbarDeleteRule&RequestClass=Rule-HTML-Section&RequestAppliesTo=Rule-Obj-Association&RequestRuleName=pzRuleFormToolbarDeleteRule Payload: "{\"RequestClass\":\"Rule-HTML-Section\",\"RequestAppliesTo\":\"Rule-Obj-Association\",\"RequestRuleName\":\"pzRuleFormToolbarDeleteRule\"}" => HTTP 200 (32314 bytes)
[PegaHttpClient] 📡 POST https://zdk8budo.pegaacademy.net/prweb/api/CodeIntelligence/v1/rules/query?pxObjClass=Rule-HTML-Section&appliesTo=Rule-Obj-Association&pyRuleName=pzLoadCollaborationScripts&RequestClass=Rule-HTML-Section&RequestAppliesTo=Rule-Obj-Association&RequestRuleName=pzLoadCollaborationScripts Payload: "{\"RequestClass\":\"Rule-HTML-Section\",\"RequestAppliesTo\":\"Rule-Obj-Association\",\"RequestRuleName\":\"pzLoadCollaborationScripts\"}" => HTTP 200 (23453 bytes)
[PegaHttpClient] 📡 POST https://zdk8budo.pegaacademy.net/prweb/api/CodeIntelligence/v1/rules/query?pxObjClass=Rule-HTML-Section&appliesTo=Rule-Obj-Association&pyRuleName=pzDisplayCollaboratorsList&RequestClass=Rule-HTML-Section&RequestAppliesTo=Rule-Obj-Association&RequestRuleName=pzDisplayCollaboratorsList Payload: "{\"RequestClass\":\"Rule-HTML-Section\",\"RequestAppliesTo\":\"Rule-Obj-Association\",\"RequestRuleName\":\"pzDisplayCollaboratorsList\"}" => HTTP 200 (105418 bytes)
[PegaHttpClient] 📡 POST https://zdk8budo.pegaacademy.net/prweb/api/CodeIntelligence/v1/rules/query?pxObjClass=Rule-HTML-Section&appliesTo=Rule-Obj-Association&pyRuleName=pyCollaborator&RequestClass=Rule-HTML-Section&RequestAppliesTo=Rule-Obj-Association&RequestRuleName=pyCollaborator Payload: "{\"RequestClass\":\"Rule-HTML-Section\",\"RequestAppliesTo\":\"Rule-Obj-Association\",\"RequestRuleName\":\"pyCollaborator\"}" => HTTP 404 (112 bytes)
[PegaHttpClient] 📡 POST https://zdk8budo.pegaacademy.net/prweb/PRRestService/CodeIntelligence/v1/rules/query?pxObjClass=Rule-HTML-Section&appliesTo=Rule-Obj-Association&pyRuleName=pyCollaborator&RequestClass=Rule-HTML-Section&RequestAppliesTo=Rule-Obj-Association&RequestRuleName=pyCollaborator Payload: "{\"RequestClass\":\"Rule-HTML-Section\",\"RequestAppliesTo\":\"Rule-Obj-Association\",\"RequestRuleName\":\"pyCollaborator\"}" => HTTP 404 (112 bytes)
[PegaHttpClient] 📡 POST https://zdk8budo.pegaacademy.net/prweb/api/HRAppsV2Service/V1/rules/query?pxObjClass=Rule-HTML-Section&appliesTo=Rule-Obj-Association&pyRuleName=pyCollaborator&RequestClass=Rule-HTML-Section&RequestAppliesTo=Rule-Obj-Association&RequestRuleName=pyCollaborator Payload: "{\"RequestClass\":\"Rule-HTML-Section\",\"RequestAppliesTo\":\"Rule-Obj-Association\",\"RequestRuleName\":\"pyCollaborator\"}" => HTTP 404 (18 bytes)
[PegaHttpClient] 📡 POST https://zdk8budo.pegaacademy.net/prweb/PRRestService/HRAppsV2Service/V1/rules/query?pxObjClass=Rule-HTML-Section&appliesTo=Rule-Obj-Association&pyRuleName=pyCollaborator&RequestClass=Rule-HTML-Section&RequestAppliesTo=Rule-Obj-Association&RequestRuleName=pyCollaborator Payload: "{\"RequestClass\":\"Rule-HTML-Section\",\"RequestAppliesTo\":\"Rule-Obj-Association\",\"RequestRuleName\":\"pyCollaborator\"}" => HTTP 404 (18 bytes)
[PegaHttpClient] 📡 POST https://zdk8budo.pegaacademy.net/prweb/api/HRAppsV2/V1/rules/query?pxObjClass=Rule-HTML-Section&appliesTo=Rule-Obj-Association&pyRuleName=pyCollaborator&RequestClass=Rule-HTML-Section&RequestAppliesTo=Rule-Obj-Association&RequestRuleName=pyCollaborator Payload: "{\"RequestClass\":\"Rule-HTML-Section\",\"RequestAppliesTo\":\"Rule-Obj-Association\",\"RequestRuleName\":\"pyCollaborator\"}" => HTTP 404 (18 bytes)
[PegaHttpClient] 📡 POST https://zdk8budo.pegaacademy.net/prweb/PRRestService/HRAppsV2/V1/rules/query?pxObjClass=Rule-HTML-Section&appliesTo=Rule-Obj-Association&pyRuleName=pyCollaborator&RequestClass=Rule-HTML-Section&RequestAppliesTo=Rule-Obj-Association&RequestRuleName=pyCollaborator Payload: "{\"RequestClass\":\"Rule-HTML-Section\",\"RequestAppliesTo\":\"Rule-Obj-Association\",\"RequestRuleName\":\"pyCollaborator\"}" => HTTP 404 (18 bytes)
[PegaHttpClient] 📡 POST https://zdk8budo.pegaacademy.net/prweb/api/v1/rules/query?pxObjClass=Rule-HTML-Section&appliesTo=Rule-Obj-Association&pyRuleName=pyCollaborator&RequestClass=Rule-HTML-Section&RequestAppliesTo=Rule-Obj-Association&RequestRuleName=pyCollaborator Payload: "{\"RequestClass\":\"Rule-HTML-Section\",\"RequestAppliesTo\":\"Rule-Obj-Association\",\"RequestRuleName\":\"pyCollaborator\"}" => HTTP 404 (18 bytes)
[PegaHttpClient] 📡 POST https://zdk8budo.pegaacademy.net/prweb/PRRestService/v1/rules/query?pxObjClass=Rule-HTML-Section&appliesTo=Rule-Obj-Association&pyRuleName=pyCollaborator&RequestClass=Rule-HTML-Section&RequestAppliesTo=Rule-Obj-Association&RequestRuleName=pyCollaborator Payload: "{\"RequestClass\":\"Rule-HTML-Section\",\"RequestAppliesTo\":\"Rule-Obj-Association\",\"RequestRuleName\":\"pyCollaborator\"}" => HTTP 404 (18 bytes)
[PegaHttpClient] 📡 POST https://zdk8budo.pegaacademy.net/prweb/api/CodeIntelligence/v1/rules/query?pxObjClass=Rule-HTML-Section&appliesTo=Rule-Obj-Association&pyRuleName=pzDisplayPartialCount&RequestClass=Rule-HTML-Section&RequestAppliesTo=Rule-Obj-Association&RequestRuleName=pzDisplayPartialCount Payload: "{\"RequestClass\":\"Rule-HTML-Section\",\"RequestAppliesTo\":\"Rule-Obj-Association\",\"RequestRuleName\":\"pzDisplayPartialCount\"}" => HTTP 404 (119 bytes)
[PegaHttpClient] 📡 POST https://zdk8budo.pegaacademy.net/prweb/PRRestService/CodeIntelligence/v1/rules/query?pxObjClass=Rule-HTML-Section&appliesTo=Rule-Obj-Association&pyRuleName=pzDisplayPartialCount&RequestClass=Rule-HTML-Section&RequestAppliesTo=Rule-Obj-Association&RequestRuleName=pzDisplayPartialCount Payload: "{\"RequestClass\":\"Rule-HTML-Section\",\"RequestAppliesTo\":\"Rule-Obj-Association\",\"RequestRuleName\":\"pzDisplayPartialCount\"}" => HTTP 404 (119 bytes)
[PegaHttpClient] 📡 POST https://zdk8budo.pegaacademy.net/prweb/api/HRAppsV2Service/V1/rules/query?pxObjClass=Rule-HTML-Section&appliesTo=Rule-Obj-Association&pyRuleName=pzDisplayPartialCount&RequestClass=Rule-HTML-Section&RequestAppliesTo=Rule-Obj-Association&RequestRuleName=pzDisplayPartialCount Payload: "{\"RequestClass\":\"Rule-HTML-Section\",\"RequestAppliesTo\":\"Rule-Obj-Association\",\"RequestRuleName\":\"pzDisplayPartialCount\"}" => HTTP 404 (18 bytes)
[PegaHttpClient] 📡 POST https://zdk8budo.pegaacademy.net/prweb/PRRestService/HRAppsV2Service/V1/rules/query?pxObjClass=Rule-HTML-Section&appliesTo=Rule-Obj-Association&pyRuleName=pzDisplayPartialCount&RequestClass=Rule-HTML-Section&RequestAppliesTo=Rule-Obj-Association&RequestRuleName=pzDisplayPartialCount Payload: "{\"RequestClass\":\"Rule-HTML-Section\",\"RequestAppliesTo\":\"Rule-Obj-Association\",\"RequestRuleName\":\"pzDisplayPartialCount\"}" => HTTP 404 (18 bytes)
[PegaHttpClient] 📡 POST https://zdk8budo.pegaacademy.net/prweb/api/HRAppsV2/V1/rules/query?pxObjClass=Rule-HTML-Section&appliesTo=Rule-Obj-Association&pyRuleName=pzDisplayPartialCount&RequestClass=Rule-HTML-Section&RequestAppliesTo=Rule-Obj-Association&RequestRuleName=pzDisplayPartialCount Payload: "{\"RequestClass\":\"Rule-HTML-Section\",\"RequestAppliesTo\":\"Rule-Obj-Association\",\"RequestRuleName\":\"pzDisplayPartialCount\"}" => HTTP 404 (18 bytes)
[PegaHttpClient] 📡 POST https://zdk8budo.pegaacademy.net/prweb/PRRestService/HRAppsV2/V1/rules/query?pxObjClass=Rule-HTML-Section&appliesTo=Rule-Obj-Association&pyRuleName=pzDisplayPartialCount&RequestClass=Rule-HTML-Section&RequestAppliesTo=Rule-Obj-Association&RequestRuleName=pzDisplayPartialCount Payload: "{\"RequestClass\":\"Rule-HTML-Section\",\"RequestAppliesTo\":\"Rule-Obj-Association\",\"RequestRuleName\":\"pzDisplayPartialCount\"}" => HTTP 404 (18 bytes)
[PegaHttpClient] 📡 POST https://zdk8budo.pegaacademy.net/prweb/api/v1/rules/query?pxObjClass=Rule-HTML-Section&appliesTo=Rule-Obj-Association&pyRuleName=pzDisplayPartialCount&RequestClass=Rule-HTML-Section&RequestAppliesTo=Rule-Obj-Association&RequestRuleName=pzDisplayPartialCount Payload: "{\"RequestClass\":\"Rule-HTML-Section\",\"RequestAppliesTo\":\"Rule-Obj-Association\",\"RequestRuleName\":\"pzDisplayPartialCount\"}" => HTTP 404 (18 bytes)
[PegaHttpClient] 📡 POST https://zdk8budo.pegaacademy.net/prweb/PRRestService/v1/rules/query?pxObjClass=Rule-HTML-Section&appliesTo=Rule-Obj-Association&pyRuleName=pzDisplayPartialCount&RequestClass=Rule-HTML-Section&RequestAppliesTo=Rule-Obj-Association&RequestRuleName=pzDisplayPartialCount Payload: "{\"RequestClass\":\"Rule-HTML-Section\",\"RequestAppliesTo\":\"Rule-Obj-Association\",\"RequestRuleName\":\"pzDisplayPartialCount\"}" => HTTP 404 (18 bytes)
[SchemaGen] ✅ Schema written for Rule-Obj-Association
[PegaHttpClient] 📡 GET https://zdk8budo.pegaacademy.net/prweb/api/CodeIntelligence/v1/rules/RULE-HTML-HARNESS%20RULE-DECLARE-EXPRESSIONS%20RULEFORM%20%2320190311T100655.716%20GMT => HTTP 200 (32182 bytes)
[PegaHttpClient] 📡 POST https://zdk8budo.pegaacademy.net/prweb/api/CodeIntelligence/v1/rules/query?pxObjClass=Rule-HTML-Section&appliesTo=Rule-Declare-Expressions&pyRuleName=RuleFormMain&RequestClass=Rule-HTML-Section&RequestAppliesTo=Rule-Declare-Expressions&RequestRuleName=RuleFormMain Payload: "{\"RequestClass\":\"Rule-HTML-Section\",\"RequestAppliesTo\":\"Rule-Declare-Expressions\",\"RequestRuleName\":\"RuleFormMain\"}" => HTTP 200 (156234 bytes)
[PegaHttpClient] 📡 POST https://zdk8budo.pegaacademy.net/prweb/api/CodeIntelligence/v1/rules/query?pxObjClass=Rule-HTML-Section&appliesTo=Rule-Declare-Expressions&pyRuleName=pxAlternateRuleForm&RequestClass=Rule-HTML-Section&RequestAppliesTo=Rule-Declare-Expressions&RequestRuleName=pxAlternateRuleForm Payload: "{\"RequestClass\":\"Rule-HTML-Section\",\"RequestAppliesTo\":\"Rule-Declare-Expressions\",\"RequestRuleName\":\"pxAlternateRuleForm\"}" => HTTP 200 (66153 bytes)
[PegaHttpClient] 📡 POST https://zdk8budo.pegaacademy.net/prweb/api/CodeIntelligence/v1/rules/query?pxObjClass=Rule-HTML-Section&appliesTo=Rule-Declare-Expressions&pyRuleName=pzRuleFormScripts&RequestClass=Rule-HTML-Section&RequestAppliesTo=Rule-Declare-Expressions&RequestRuleName=pzRuleFormScripts Payload: "{\"RequestClass\":\"Rule-HTML-Section\",\"RequestAppliesTo\":\"Rule-Declare-Expressions\",\"RequestRuleName\":\"pzRuleFormScripts\"}" => HTTP 200 (40822 bytes)
[PegaHttpClient] 📡 POST https://zdk8budo.pegaacademy.net/prweb/api/CodeIntelligence/v1/rules/query?pxObjClass=Rule-HTML-Section&appliesTo=Rule-Declare-Expressions&pyRuleName=pzRuleFormLayoutDelegated&RequestClass=Rule-HTML-Section&RequestAppliesTo=Rule-Declare-Expressions&RequestRuleName=pzRuleFormLayoutDelegated Payload: "{\"RequestClass\":\"Rule-HTML-Section\",\"RequestAppliesTo\":\"Rule-Declare-Expressions\",\"RequestRuleName\":\"pzRuleFormLayoutDelegated\"}" => HTTP 200 (70998 bytes)
[PegaHttpClient] 📡 POST https://zdk8budo.pegaacademy.net/prweb/api/CodeIntelligence/v1/rules/query?pxObjClass=Rule-HTML-Section&appliesTo=Rule-Declare-Expressions&pyRuleName=RuleFormLayout&RequestClass=Rule-HTML-Section&RequestAppliesTo=Rule-Declare-Expressions&RequestRuleName=RuleFormLayout Payload: "{\"RequestClass\":\"Rule-HTML-Section\",\"RequestAppliesTo\":\"Rule-Declare-Expressions\",\"RequestRuleName\":\"RuleFormLayout\"}" => HTTP 200 (211414 bytes)
[PegaHttpClient] 📡 POST https://zdk8budo.pegaacademy.net/prweb/api/CodeIntelligence/v1/rules/query?pxObjClass=Rule-HTML-Section&appliesTo=Rule-Declare-Expressions&pyRuleName=RuleFormSettings&RequestClass=Rule-HTML-Section&RequestAppliesTo=Rule-Declare-Expressions&RequestRuleName=RuleFormSettings Payload: "{\"RequestClass\":\"Rule-HTML-Section\",\"RequestAppliesTo\":\"Rule-Declare-Expressions\",\"RequestRuleName\":\"RuleFormSettings\"}" => HTTP 200 (20540 bytes)
[PegaHttpClient] 📡 POST https://zdk8budo.pegaacademy.net/prweb/api/CodeIntelligence/v1/rules/query?pxObjClass=Rule-HTML-Section&appliesTo=Rule-Declare-Expressions&pyRuleName=OpenAuthoring&RequestClass=Rule-HTML-Section&RequestAppliesTo=Rule-Declare-Expressions&RequestRuleName=OpenAuthoring Payload: "{\"RequestClass\":\"Rule-HTML-Section\",\"RequestAppliesTo\":\"Rule-Declare-Expressions\",\"RequestRuleName\":\"OpenAuthoring\"}" => HTTP 200 (23695 bytes)
[PegaHttpClient] 📡 POST https://zdk8budo.pegaacademy.net/prweb/api/CodeIntelligence/v1/rules/query?pxObjClass=Rule-HTML-Section&appliesTo=Rule-Declare-Expressions&pyRuleName=pyCustomHelp&RequestClass=Rule-HTML-Section&RequestAppliesTo=Rule-Declare-Expressions&RequestRuleName=pyCustomHelp Payload: "{\"RequestClass\":\"Rule-HTML-Section\",\"RequestAppliesTo\":\"Rule-Declare-Expressions\",\"RequestRuleName\":\"pyCustomHelp\"}" => HTTP 200 (17256 bytes)
[PegaHttpClient] 📡 POST https://zdk8budo.pegaacademy.net/prweb/api/CodeIntelligence/v1/rules/query?pxObjClass=Rule-HTML-Section&appliesTo=Rule-Declare-Expressions&pyRuleName=pzRuleformMainInclude&RequestClass=Rule-HTML-Section&RequestAppliesTo=Rule-Declare-Expressions&RequestRuleName=pzRuleformMainInclude Payload: "{\"RequestClass\":\"Rule-HTML-Section\",\"RequestAppliesTo\":\"Rule-Declare-Expressions\",\"RequestRuleName\":\"pzRuleformMainInclude\"}" => HTTP 200 (22375 bytes)
[PegaHttpClient] 📡 POST https://zdk8budo.pegaacademy.net/prweb/api/CodeIntelligence/v1/rules/query?pxObjClass=Rule-HTML-Section&appliesTo=Rule-Declare-Expressions&pyRuleName=pyAlternativeRuleFormStrategicAppExtension&RequestClass=Rule-HTML-Section&RequestAppliesTo=Rule-Declare-Expressions&RequestRuleName=pyAlternativeRuleFormStrategicAppExtension Payload: "{\"RequestClass\":\"Rule-HTML-Section\",\"RequestAppliesTo\":\"Rule-Declare-Expressions\",\"RequestRuleName\":\"pyAlternativeRuleFormStrategicAppExtension\"}" => HTTP 200 (25042 bytes)
[PegaHttpClient] 📡 POST https://zdk8budo.pegaacademy.net/prweb/api/CodeIntelligence/v1/rules/query?pxObjClass=Rule-HTML-Section&appliesTo=Rule-Declare-Expressions&pyRuleName=pyAlternativeRuleFormExtension&RequestClass=Rule-HTML-Section&RequestAppliesTo=Rule-Declare-Expressions&RequestRuleName=pyAlternativeRuleFormExtension Payload: "{\"RequestClass\":\"Rule-HTML-Section\",\"RequestAppliesTo\":\"Rule-Declare-Expressions\",\"RequestRuleName\":\"pyAlternativeRuleFormExtension\"}" => HTTP 200 (24863 bytes)
[PegaHttpClient] 📡 POST https://zdk8budo.pegaacademy.net/prweb/api/CodeIntelligence/v1/rules/query?pxObjClass=Rule-HTML-Section&appliesTo=Rule-Declare-Expressions&pyRuleName=RuleFormHeader&RequestClass=Rule-HTML-Section&RequestAppliesTo=Rule-Declare-Expressions&RequestRuleName=RuleFormHeader Payload: "{\"RequestClass\":\"Rule-HTML-Section\",\"RequestAppliesTo\":\"Rule-Declare-Expressions\",\"RequestRuleName\":\"RuleFormHeader\"}" => HTTP 200 (183800 bytes)
[PegaHttpClient] 📡 POST https://zdk8budo.pegaacademy.net/prweb/api/CodeIntelligence/v1/rules/query?pxObjClass=Rule-HTML-Section&appliesTo=Rule-Declare-Expressions&pyRuleName=pzDelegationExperience&RequestClass=Rule-HTML-Section&RequestAppliesTo=Rule-Declare-Expressions&RequestRuleName=pzDelegationExperience Payload: "{\"RequestClass\":\"Rule-HTML-Section\",\"RequestAppliesTo\":\"Rule-Declare-Expressions\",\"RequestRuleName\":\"pzDelegationExperience\"}" => HTTP 404 (124 bytes)
[PegaHttpClient] 📡 POST https://zdk8budo.pegaacademy.net/prweb/PRRestService/CodeIntelligence/v1/rules/query?pxObjClass=Rule-HTML-Section&appliesTo=Rule-Declare-Expressions&pyRuleName=pzDelegationExperience&RequestClass=Rule-HTML-Section&RequestAppliesTo=Rule-Declare-Expressions&RequestRuleName=pzDelegationExperience Payload: "{\"RequestClass\":\"Rule-HTML-Section\",\"RequestAppliesTo\":\"Rule-Declare-Expressions\",\"RequestRuleName\":\"pzDelegationExperience\"}" => HTTP 404 (124 bytes)
[PegaHttpClient] 📡 POST https://zdk8budo.pegaacademy.net/prweb/api/HRAppsV2Service/V1/rules/query?pxObjClass=Rule-HTML-Section&appliesTo=Rule-Declare-Expressions&pyRuleName=pzDelegationExperience&RequestClass=Rule-HTML-Section&RequestAppliesTo=Rule-Declare-Expressions&RequestRuleName=pzDelegationExperience Payload: "{\"RequestClass\":\"Rule-HTML-Section\",\"RequestAppliesTo\":\"Rule-Declare-Expressions\",\"RequestRuleName\":\"pzDelegationExperience\"}" => HTTP 404 (18 bytes)
[PegaHttpClient] 📡 POST https://zdk8budo.pegaacademy.net/prweb/PRRestService/HRAppsV2Service/V1/rules/query?pxObjClass=Rule-HTML-Section&appliesTo=Rule-Declare-Expressions&pyRuleName=pzDelegationExperience&RequestClass=Rule-HTML-Section&RequestAppliesTo=Rule-Declare-Expressions&RequestRuleName=pzDelegationExperience Payload: "{\"RequestClass\":\"Rule-HTML-Section\",\"RequestAppliesTo\":\"Rule-Declare-Expressions\",\"RequestRuleName\":\"pzDelegationExperience\"}" => HTTP 404 (18 bytes)
[PegaHttpClient] 📡 POST https://zdk8budo.pegaacademy.net/prweb/api/HRAppsV2/V1/rules/query?pxObjClass=Rule-HTML-Section&appliesTo=Rule-Declare-Expressions&pyRuleName=pzDelegationExperience&RequestClass=Rule-HTML-Section&RequestAppliesTo=Rule-Declare-Expressions&RequestRuleName=pzDelegationExperience Payload: "{\"RequestClass\":\"Rule-HTML-Section\",\"RequestAppliesTo\":\"Rule-Declare-Expressions\",\"RequestRuleName\":\"pzDelegationExperience\"}" => HTTP 404 (18 bytes)
[PegaHttpClient] 📡 POST https://zdk8budo.pegaacademy.net/prweb/PRRestService/HRAppsV2/V1/rules/query?pxObjClass=Rule-HTML-Section&appliesTo=Rule-Declare-Expressions&pyRuleName=pzDelegationExperience&RequestClass=Rule-HTML-Section&RequestAppliesTo=Rule-Declare-Expressions&RequestRuleName=pzDelegationExperience Payload: "{\"RequestClass\":\"Rule-HTML-Section\",\"RequestAppliesTo\":\"Rule-Declare-Expressions\",\"RequestRuleName\":\"pzDelegationExperience\"}" => HTTP 404 (18 bytes)
[PegaHttpClient] 📡 POST https://zdk8budo.pegaacademy.net/prweb/api/v1/rules/query?pxObjClass=Rule-HTML-Section&appliesTo=Rule-Declare-Expressions&pyRuleName=pzDelegationExperience&RequestClass=Rule-HTML-Section&RequestAppliesTo=Rule-Declare-Expressions&RequestRuleName=pzDelegationExperience Payload: "{\"RequestClass\":\"Rule-HTML-Section\",\"RequestAppliesTo\":\"Rule-Declare-Expressions\",\"RequestRuleName\":\"pzDelegationExperience\"}" => HTTP 404 (18 bytes)
[PegaHttpClient] 📡 POST https://zdk8budo.pegaacademy.net/prweb/PRRestService/v1/rules/query?pxObjClass=Rule-HTML-Section&appliesTo=Rule-Declare-Expressions&pyRuleName=pzDelegationExperience&RequestClass=Rule-HTML-Section&RequestAppliesTo=Rule-Declare-Expressions&RequestRuleName=pzDelegationExperience Payload: "{\"RequestClass\":\"Rule-HTML-Section\",\"RequestAppliesTo\":\"Rule-Declare-Expressions\",\"RequestRuleName\":\"pzDelegationExperience\"}" => HTTP 404 (18 bytes)
[PegaHttpClient] 📡 POST https://zdk8budo.pegaacademy.net/prweb/api/CodeIntelligence/v1/rules/query?pxObjClass=Rule-HTML-Section&appliesTo=Rule-Declare-Expressions&pyRuleName=pzExpressions&RequestClass=Rule-HTML-Section&RequestAppliesTo=Rule-Declare-Expressions&RequestRuleName=pzExpressions Payload: "{\"RequestClass\":\"Rule-HTML-Section\",\"RequestAppliesTo\":\"Rule-Declare-Expressions\",\"RequestRuleName\":\"pzExpressions\"}" => HTTP 200 (107061 bytes)
[PegaHttpClient] 📡 POST https://zdk8budo.pegaacademy.net/prweb/api/CodeIntelligence/v1/rules/query?pxObjClass=Rule-HTML-Section&appliesTo=Rule-Declare-Expressions&pyRuleName=Pages___Classes&RequestClass=Rule-HTML-Section&RequestAppliesTo=Rule-Declare-Expressions&RequestRuleName=Pages___Classes Payload: "{\"RequestClass\":\"Rule-HTML-Section\",\"RequestAppliesTo\":\"Rule-Declare-Expressions\",\"RequestRuleName\":\"Pages___Classes\"}" => HTTP 200 (19591 bytes)
[PegaHttpClient] 📡 POST https://zdk8budo.pegaacademy.net/prweb/api/CodeIntelligence/v1/rules/query?pxObjClass=Rule-HTML-Section&appliesTo=Rule-Declare-Expressions&pyRuleName=pzChangeTracking&RequestClass=Rule-HTML-Section&RequestAppliesTo=Rule-Declare-Expressions&RequestRuleName=pzChangeTracking Payload: "{\"RequestClass\":\"Rule-HTML-Section\",\"RequestAppliesTo\":\"Rule-Declare-Expressions\",\"RequestRuleName\":\"pzChangeTracking\"}" => HTTP 200 (112980 bytes)
[PegaHttpClient] 📡 POST https://zdk8budo.pegaacademy.net/prweb/api/CodeIntelligence/v1/rules/query?pxObjClass=Rule-HTML-Section&appliesTo=Rule-Declare-Expressions&pyRuleName=pzUnitTestCases&RequestClass=Rule-HTML-Section&RequestAppliesTo=Rule-Declare-Expressions&RequestRuleName=pzUnitTestCases Payload: "{\"RequestClass\":\"Rule-HTML-Section\",\"RequestAppliesTo\":\"Rule-Declare-Expressions\",\"RequestRuleName\":\"pzUnitTestCases\"}" => HTTP 200 (285239 bytes)
[PegaHttpClient] 📡 POST https://zdk8budo.pegaacademy.net/prweb/api/CodeIntelligence/v1/rules/query?pxObjClass=Rule-HTML-Section&appliesTo=Rule-Declare-Expressions&pyRuleName=pzSpecifications&RequestClass=Rule-HTML-Section&RequestAppliesTo=Rule-Declare-Expressions&RequestRuleName=pzSpecifications Payload: "{\"RequestClass\":\"Rule-HTML-Section\",\"RequestAppliesTo\":\"Rule-Declare-Expressions\",\"RequestRuleName\":\"pzSpecifications\"}" => HTTP 200 (16577 bytes)
[PegaHttpClient] 📡 POST https://zdk8budo.pegaacademy.net/prweb/api/CodeIntelligence/v1/rules/query?pxObjClass=Rule-HTML-Section&appliesTo=Rule-Declare-Expressions&pyRuleName=pzRuleFormHistoryForDeclaratives&RequestClass=Rule-HTML-Section&RequestAppliesTo=Rule-Declare-Expressions&RequestRuleName=pzRuleFormHistoryForDeclaratives Payload: "{\"RequestClass\":\"Rule-HTML-Section\",\"RequestAppliesTo\":\"Rule-Declare-Expressions\",\"RequestRuleName\":\"pzRuleFormHistoryForDeclaratives\"}" => HTTP 200 (42601 bytes)
[PegaHttpClient] 📡 POST https://zdk8budo.pegaacademy.net/prweb/api/CodeIntelligence/v1/rules/query?pxObjClass=Rule-HTML-Section&appliesTo=Rule-Declare-Expressions&pyRuleName=pzCustomHelp&RequestClass=Rule-HTML-Section&RequestAppliesTo=Rule-Declare-Expressions&RequestRuleName=pzCustomHelp Payload: "{\"RequestClass\":\"Rule-HTML-Section\",\"RequestAppliesTo\":\"Rule-Declare-Expressions\",\"RequestRuleName\":\"pzCustomHelp\"}" => HTTP 200 (31573 bytes)
[PegaHttpClient] 📡 POST https://zdk8budo.pegaacademy.net/prweb/api/CodeIntelligence/v1/rules/query?pxObjClass=Rule-HTML-Section&appliesTo=Rule-Declare-Expressions&pyRuleName=pzRuleFormKeysAndDescription&RequestClass=Rule-HTML-Section&RequestAppliesTo=Rule-Declare-Expressions&RequestRuleName=pzRuleFormKeysAndDescription Payload: "{\"RequestClass\":\"Rule-HTML-Section\",\"RequestAppliesTo\":\"Rule-Declare-Expressions\",\"RequestRuleName\":\"pzRuleFormKeysAndDescription\"}" => HTTP 200 (218057 bytes)
[PegaHttpClient] 📡 POST https://zdk8budo.pegaacademy.net/prweb/api/CodeIntelligence/v1/rules/query?pxObjClass=Rule-HTML-Section&appliesTo=Rule-Declare-Expressions&pyRuleName=pzRuleFormRuleset&RequestClass=Rule-HTML-Section&RequestAppliesTo=Rule-Declare-Expressions&RequestRuleName=pzRuleFormRuleset Payload: "{\"RequestClass\":\"Rule-HTML-Section\",\"RequestAppliesTo\":\"Rule-Declare-Expressions\",\"RequestRuleName\":\"pzRuleFormRuleset\"}" => HTTP 200 (33985 bytes)
[PegaHttpClient] 📡 POST https://zdk8budo.pegaacademy.net/prweb/api/CodeIntelligence/v1/rules/query?pxObjClass=Rule-HTML-Section&appliesTo=Rule-Declare-Expressions&pyRuleName=undefined&RequestClass=Rule-HTML-Section&RequestAppliesTo=Rule-Declare-Expressions&RequestRuleName=undefined Payload: "{\"RequestClass\":\"Rule-HTML-Section\",\"RequestAppliesTo\":\"Rule-Declare-Expressions\",\"RequestRuleName\":\"undefined\"}" => HTTP 404 (111 bytes)
[PegaHttpClient] 📡 POST https://zdk8budo.pegaacademy.net/prweb/PRRestService/CodeIntelligence/v1/rules/query?pxObjClass=Rule-HTML-Section&appliesTo=Rule-Declare-Expressions&pyRuleName=undefined&RequestClass=Rule-HTML-Section&RequestAppliesTo=Rule-Declare-Expressions&RequestRuleName=undefined Payload: "{\"RequestClass\":\"Rule-HTML-Section\",\"RequestAppliesTo\":\"Rule-Declare-Expressions\",\"RequestRuleName\":\"undefined\"}" => HTTP 404 (111 bytes)
[PegaHttpClient] 📡 POST https://zdk8budo.pegaacademy.net/prweb/api/HRAppsV2Service/V1/rules/query?pxObjClass=Rule-HTML-Section&appliesTo=Rule-Declare-Expressions&pyRuleName=undefined&RequestClass=Rule-HTML-Section&RequestAppliesTo=Rule-Declare-Expressions&RequestRuleName=undefined Payload: "{\"RequestClass\":\"Rule-HTML-Section\",\"RequestAppliesTo\":\"Rule-Declare-Expressions\",\"RequestRuleName\":\"undefined\"}" => HTTP 404 (18 bytes)
[PegaHttpClient] 📡 POST https://zdk8budo.pegaacademy.net/prweb/PRRestService/HRAppsV2Service/V1/rules/query?pxObjClass=Rule-HTML-Section&appliesTo=Rule-Declare-Expressions&pyRuleName=undefined&RequestClass=Rule-HTML-Section&RequestAppliesTo=Rule-Declare-Expressions&RequestRuleName=undefined Payload: "{\"RequestClass\":\"Rule-HTML-Section\",\"RequestAppliesTo\":\"Rule-Declare-Expressions\",\"RequestRuleName\":\"undefined\"}" => HTTP 404 (18 bytes)
[PegaHttpClient] 📡 POST https://zdk8budo.pegaacademy.net/prweb/api/HRAppsV2/V1/rules/query?pxObjClass=Rule-HTML-Section&appliesTo=Rule-Declare-Expressions&pyRuleName=undefined&RequestClass=Rule-HTML-Section&RequestAppliesTo=Rule-Declare-Expressions&RequestRuleName=undefined Payload: "{\"RequestClass\":\"Rule-HTML-Section\",\"RequestAppliesTo\":\"Rule-Declare-Expressions\",\"RequestRuleName\":\"undefined\"}" => HTTP 404 (18 bytes)
[PegaHttpClient] 📡 POST https://zdk8budo.pegaacademy.net/prweb/PRRestService/HRAppsV2/V1/rules/query?pxObjClass=Rule-HTML-Section&appliesTo=Rule-Declare-Expressions&pyRuleName=undefined&RequestClass=Rule-HTML-Section&RequestAppliesTo=Rule-Declare-Expressions&RequestRuleName=undefined Payload: "{\"RequestClass\":\"Rule-HTML-Section\",\"RequestAppliesTo\":\"Rule-Declare-Expressions\",\"RequestRuleName\":\"undefined\"}" => HTTP 404 (18 bytes)
[PegaHttpClient] 📡 POST https://zdk8budo.pegaacademy.net/prweb/api/v1/rules/query?pxObjClass=Rule-HTML-Section&appliesTo=Rule-Declare-Expressions&pyRuleName=undefined&RequestClass=Rule-HTML-Section&RequestAppliesTo=Rule-Declare-Expressions&RequestRuleName=undefined Payload: "{\"RequestClass\":\"Rule-HTML-Section\",\"RequestAppliesTo\":\"Rule-Declare-Expressions\",\"RequestRuleName\":\"undefined\"}" => HTTP 404 (18 bytes)
[PegaHttpClient] 📡 POST https://zdk8budo.pegaacademy.net/prweb/PRRestService/v1/rules/query?pxObjClass=Rule-HTML-Section&appliesTo=Rule-Declare-Expressions&pyRuleName=undefined&RequestClass=Rule-HTML-Section&RequestAppliesTo=Rule-Declare-Expressions&RequestRuleName=undefined Payload: "{\"RequestClass\":\"Rule-HTML-Section\",\"RequestAppliesTo\":\"Rule-Declare-Expressions\",\"RequestRuleName\":\"undefined\"}" => HTTP 404 (18 bytes)
[PegaHttpClient] 📡 POST https://zdk8budo.pegaacademy.net/prweb/api/CodeIntelligence/v1/rules/query?pxObjClass=Rule-HTML-Section&appliesTo=Rule-Declare-Expressions&pyRuleName=pzRuleFormToolbar&RequestClass=Rule-HTML-Section&RequestAppliesTo=Rule-Declare-Expressions&RequestRuleName=pzRuleFormToolbar Payload: "{\"RequestClass\":\"Rule-HTML-Section\",\"RequestAppliesTo\":\"Rule-Declare-Expressions\",\"RequestRuleName\":\"pzRuleFormToolbar\"}" => HTTP 200 (226932 bytes)
[PegaHttpClient] 📡 POST https://zdk8budo.pegaacademy.net/prweb/api/CodeIntelligence/v1/rules/query?pxObjClass=Rule-HTML-Section&appliesTo=Rule-Declare-Expressions&pyRuleName=pzRuleFormToolbarCompare&RequestClass=Rule-HTML-Section&RequestAppliesTo=Rule-Declare-Expressions&RequestRuleName=pzRuleFormToolbarCompare Payload: "{\"RequestClass\":\"Rule-HTML-Section\",\"RequestAppliesTo\":\"Rule-Declare-Expressions\",\"RequestRuleName\":\"pzRuleFormToolbarCompare\"}" => HTTP 200 (61925 bytes)
[PegaHttpClient] 📡 POST https://zdk8budo.pegaacademy.net/prweb/api/CodeIntelligence/v1/rules/query?pxObjClass=Rule-HTML-Section&appliesTo=Rule-Declare-Expressions&pyRuleName=RuleFormHeaderMessages&RequestClass=Rule-HTML-Section&RequestAppliesTo=Rule-Declare-Expressions&RequestRuleName=RuleFormHeaderMessages Payload: "{\"RequestClass\":\"Rule-HTML-Section\",\"RequestAppliesTo\":\"Rule-Declare-Expressions\",\"RequestRuleName\":\"RuleFormHeaderMessages\"}" => HTTP 200 (26518 bytes)
[PegaHttpClient] 📡 POST https://zdk8budo.pegaacademy.net/prweb/api/CodeIntelligence/v1/rules/query?pxObjClass=Rule-HTML-Section&appliesTo=Rule-Declare-Expressions&pyRuleName=pzDescription&RequestClass=Rule-HTML-Section&RequestAppliesTo=Rule-Declare-Expressions&RequestRuleName=pzDescription Payload: "{\"RequestClass\":\"Rule-HTML-Section\",\"RequestAppliesTo\":\"Rule-Declare-Expressions\",\"RequestRuleName\":\"pzDescription\"}" => HTTP 200 (25363 bytes)
[PegaHttpClient] 📡 POST https://zdk8budo.pegaacademy.net/prweb/api/CodeIntelligence/v1/rules/query?pxObjClass=Rule-HTML-Section&appliesTo=Rule-Declare-Expressions&pyRuleName=pzUsage&RequestClass=Rule-HTML-Section&RequestAppliesTo=Rule-Declare-Expressions&RequestRuleName=pzUsage Payload: "{\"RequestClass\":\"Rule-HTML-Section\",\"RequestAppliesTo\":\"Rule-Declare-Expressions\",\"RequestRuleName\":\"pzUsage\"}" => HTTP 200 (24948 bytes)
[PegaHttpClient] 📡 POST https://zdk8budo.pegaacademy.net/prweb/api/CodeIntelligence/v1/rules/query?pxObjClass=Rule-HTML-Section&appliesTo=Rule-Declare-Expressions&pyRuleName=pzExpressionTree&RequestClass=Rule-HTML-Section&RequestAppliesTo=Rule-Declare-Expressions&RequestRuleName=pzExpressionTree Payload: "{\"RequestClass\":\"Rule-HTML-Section\",\"RequestAppliesTo\":\"Rule-Declare-Expressions\",\"RequestRuleName\":\"pzExpressionTree\"}" => HTTP 200 (44321 bytes)
[PegaHttpClient] 📡 POST https://zdk8budo.pegaacademy.net/prweb/api/CodeIntelligence/v1/rules/query?pxObjClass=Rule-HTML-Section&appliesTo=Rule-Declare-Expressions&pyRuleName=pzRuleFormPagesAndClassesWithLocate&RequestClass=Rule-HTML-Section&RequestAppliesTo=Rule-Declare-Expressions&RequestRuleName=pzRuleFormPagesAndClassesWithLocate Payload: "{\"RequestClass\":\"Rule-HTML-Section\",\"RequestAppliesTo\":\"Rule-Declare-Expressions\",\"RequestRuleName\":\"pzRuleFormPagesAndClassesWithLocate\"}" => HTTP 200 (228063 bytes)
[PegaHttpClient] 📡 POST https://zdk8budo.pegaacademy.net/prweb/api/CodeIntelligence/v1/rules/query?pxObjClass=Rule-HTML-Section&appliesTo=Rule-Declare-Expressions&pyRuleName=pzExpressionChangeTrackingText&RequestClass=Rule-HTML-Section&RequestAppliesTo=Rule-Declare-Expressions&RequestRuleName=pzExpressionChangeTrackingText Payload: "{\"RequestClass\":\"Rule-HTML-Section\",\"RequestAppliesTo\":\"Rule-Declare-Expressions\",\"RequestRuleName\":\"pzExpressionChangeTrackingText\"}" => HTTP 200 (35862 bytes)
[PegaHttpClient] 📡 POST https://zdk8budo.pegaacademy.net/prweb/api/CodeIntelligence/v1/rules/query?pxObjClass=Rule-HTML-Section&appliesTo=Rule-Declare-Expressions&pyRuleName=pzRFSelectAllTestCases&RequestClass=Rule-HTML-Section&RequestAppliesTo=Rule-Declare-Expressions&RequestRuleName=pzRFSelectAllTestCases Payload: "{\"RequestClass\":\"Rule-HTML-Section\",\"RequestAppliesTo\":\"Rule-Declare-Expressions\",\"RequestRuleName\":\"pzRFSelectAllTestCases\"}" => HTTP 200 (83585 bytes)
[PegaHttpClient] 📡 POST https://zdk8budo.pegaacademy.net/prweb/api/CodeIntelligence/v1/rules/query?pxObjClass=Rule-HTML-Section&appliesTo=Rule-Declare-Expressions&pyRuleName=pzRFProgressbarWrapper&RequestClass=Rule-HTML-Section&RequestAppliesTo=Rule-Declare-Expressions&RequestRuleName=pzRFProgressbarWrapper Payload: "{\"RequestClass\":\"Rule-HTML-Section\",\"RequestAppliesTo\":\"Rule-Declare-Expressions\",\"RequestRuleName\":\"pzRFProgressbarWrapper\"}" => HTTP 200 (17204 bytes)
[PegaHttpClient] 📡 POST https://zdk8budo.pegaacademy.net/prweb/api/CodeIntelligence/v1/rules/query?pxObjClass=Rule-HTML-Section&appliesTo=Rule-Declare-Expressions&pyRuleName=pzRFRunSelected&RequestClass=Rule-HTML-Section&RequestAppliesTo=Rule-Declare-Expressions&RequestRuleName=pzRFRunSelected Payload: "{\"RequestClass\":\"Rule-HTML-Section\",\"RequestAppliesTo\":\"Rule-Declare-Expressions\",\"RequestRuleName\":\"pzRFRunSelected\"}" => HTTP 200 (19863 bytes)
[PegaHttpClient] 📡 POST https://zdk8budo.pegaacademy.net/prweb/api/CodeIntelligence/v1/rules/query?pxObjClass=Rule-HTML-Section&appliesTo=Rule-Declare-Expressions&pyRuleName=pzRuleSpecificButtons&RequestClass=Rule-HTML-Section&RequestAppliesTo=Rule-Declare-Expressions&RequestRuleName=pzRuleSpecificButtons Payload: "{\"RequestClass\":\"Rule-HTML-Section\",\"RequestAppliesTo\":\"Rule-Declare-Expressions\",\"RequestRuleName\":\"pzRuleSpecificButtons\"}" => HTTP 200 (15181 bytes)
[PegaHttpClient] 📡 POST https://zdk8budo.pegaacademy.net/prweb/api/CodeIntelligence/v1/rules/query?pxObjClass=Rule-HTML-Section&appliesTo=Rule-Declare-Expressions&pyRuleName=pzRFSelectATest&RequestClass=Rule-HTML-Section&RequestAppliesTo=Rule-Declare-Expressions&RequestRuleName=pzRFSelectATest Payload: "{\"RequestClass\":\"Rule-HTML-Section\",\"RequestAppliesTo\":\"Rule-Declare-Expressions\",\"RequestRuleName\":\"pzRFSelectATest\"}" => HTTP 200 (23363 bytes)
[PegaHttpClient] 📡 POST https://zdk8budo.pegaacademy.net/prweb/api/CodeIntelligence/v1/rules/query?pxObjClass=Rule-HTML-Section&appliesTo=Rule-Declare-Expressions&pyRuleName=pzTestCaseRunTimeWrapperLP&RequestClass=Rule-HTML-Section&RequestAppliesTo=Rule-Declare-Expressions&RequestRuleName=pzTestCaseRunTimeWrapperLP Payload: "{\"RequestClass\":\"Rule-HTML-Section\",\"RequestAppliesTo\":\"Rule-Declare-Expressions\",\"RequestRuleName\":\"pzTestCaseRunTimeWrapperLP\"}" => HTTP 200 (19734 bytes)
[PegaHttpClient] 📡 POST https://zdk8budo.pegaacademy.net/prweb/api/CodeIntelligence/v1/rules/query?pxObjClass=Rule-HTML-Section&appliesTo=Rule-Declare-Expressions&pyRuleName=pzShowRunAndExpectedTimeWrapper&RequestClass=Rule-HTML-Section&RequestAppliesTo=Rule-Declare-Expressions&RequestRuleName=pzShowRunAndExpectedTimeWrapper Payload: "{\"RequestClass\":\"Rule-HTML-Section\",\"RequestAppliesTo\":\"Rule-Declare-Expressions\",\"RequestRuleName\":\"pzShowRunAndExpectedTimeWrapper\"}" => HTTP 200 (30204 bytes)
[PegaHttpClient] 📡 POST https://zdk8budo.pegaacademy.net/prweb/api/CodeIntelligence/v1/rules/query?pxObjClass=Rule-HTML-Section&appliesTo=Rule-Declare-Expressions&pyRuleName=pzTestCaseRunStatusWrapperLP&RequestClass=Rule-HTML-Section&RequestAppliesTo=Rule-Declare-Expressions&RequestRuleName=pzTestCaseRunStatusWrapperLP Payload: "{\"RequestClass\":\"Rule-HTML-Section\",\"RequestAppliesTo\":\"Rule-Declare-Expressions\",\"RequestRuleName\":\"pzTestCaseRunStatusWrapperLP\"}" => HTTP 200 (56140 bytes)
[PegaHttpClient] 📡 POST https://zdk8budo.pegaacademy.net/prweb/api/CodeIntelligence/v1/rules/query?pxObjClass=Rule-HTML-Section&appliesTo=Rule-Declare-Expressions&pyRuleName=pzSpecificationsInner&RequestClass=Rule-HTML-Section&RequestAppliesTo=Rule-Declare-Expressions&RequestRuleName=pzSpecificationsInner Payload: "{\"RequestClass\":\"Rule-HTML-Section\",\"RequestAppliesTo\":\"Rule-Declare-Expressions\",\"RequestRuleName\":\"pzSpecificationsInner\"}" => HTTP 200 (142370 bytes)
[PegaHttpClient] 📡 POST https://zdk8budo.pegaacademy.net/prweb/api/CodeIntelligence/v1/rules/query?pxObjClass=Rule-HTML-Section&appliesTo=Rule-Declare-Expressions&pyRuleName=RuleFormHistory_Description&RequestClass=Rule-HTML-Section&RequestAppliesTo=Rule-Declare-Expressions&RequestRuleName=RuleFormHistory_Description Payload: "{\"RequestClass\":\"Rule-HTML-Section\",\"RequestAppliesTo\":\"Rule-Declare-Expressions\",\"RequestRuleName\":\"RuleFormHistory_Description\"}" => HTTP 200 (46242 bytes)
[PegaHttpClient] 📡 POST https://zdk8budo.pegaacademy.net/prweb/api/CodeIntelligence/v1/rules/query?pxObjClass=Rule-HTML-Section&appliesTo=Rule-Declare-Expressions&pyRuleName=RuleFormHistory_CustomFields&RequestClass=Rule-HTML-Section&RequestAppliesTo=Rule-Declare-Expressions&RequestRuleName=RuleFormHistory_CustomFields Payload: "{\"RequestClass\":\"Rule-HTML-Section\",\"RequestAppliesTo\":\"Rule-Declare-Expressions\",\"RequestRuleName\":\"RuleFormHistory_CustomFields\"}" => HTTP 200 (75856 bytes)
[PegaHttpClient] 📡 POST https://zdk8budo.pegaacademy.net/prweb/api/CodeIntelligence/v1/rules/query?pxObjClass=Rule-HTML-Section&appliesTo=Rule-Declare-Expressions&pyRuleName=RuleFormHistory_HistoryDetails&RequestClass=Rule-HTML-Section&RequestAppliesTo=Rule-Declare-Expressions&RequestRuleName=RuleFormHistory_HistoryDetails Payload: "{\"RequestClass\":\"Rule-HTML-Section\",\"RequestAppliesTo\":\"Rule-Declare-Expressions\",\"RequestRuleName\":\"RuleFormHistory_HistoryDetails\"}" => HTTP 200 (179535 bytes)
[PegaHttpClient] 📡 POST https://zdk8budo.pegaacademy.net/prweb/api/CodeIntelligence/v1/rules/query?pxObjClass=Rule-HTML-Section&appliesTo=Rule-Declare-Expressions&pyRuleName=pzRuleFormStatus&RequestClass=Rule-HTML-Section&RequestAppliesTo=Rule-Declare-Expressions&RequestRuleName=pzRuleFormStatus Payload: "{\"RequestClass\":\"Rule-HTML-Section\",\"RequestAppliesTo\":\"Rule-Declare-Expressions\",\"RequestRuleName\":\"pzRuleFormStatus\"}" => HTTP 200 (97627 bytes)
[PegaHttpClient] 📡 POST https://zdk8budo.pegaacademy.net/prweb/api/CodeIntelligence/v1/rules/query?pxObjClass=Rule-HTML-Section&appliesTo=Rule-Declare-Expressions&pyRuleName=pzRuleFormHeaderCompareWithDropDown&RequestClass=Rule-HTML-Section&RequestAppliesTo=Rule-Declare-Expressions&RequestRuleName=pzRuleFormHeaderCompareWithDropDown Payload: "{\"RequestClass\":\"Rule-HTML-Section\",\"RequestAppliesTo\":\"Rule-Declare-Expressions\",\"RequestRuleName\":\"pzRuleFormHeaderCompareWithDropDown\"}" => HTTP 200 (25396 bytes)
[PegaHttpClient] 📡 POST https://zdk8budo.pegaacademy.net/prweb/api/CodeIntelligence/v1/rules/query?pxObjClass=Rule-HTML-Section&appliesTo=Rule-Declare-Expressions&pyRuleName=undefined&RequestClass=Rule-HTML-Section&RequestAppliesTo=Rule-Declare-Expressions&RequestRuleName=undefined Payload: "{\"RequestClass\":\"Rule-HTML-Section\",\"RequestAppliesTo\":\"Rule-Declare-Expressions\",\"RequestRuleName\":\"undefined\"}" => HTTP 404 (111 bytes)
[PegaHttpClient] 📡 POST https://zdk8budo.pegaacademy.net/prweb/PRRestService/CodeIntelligence/v1/rules/query?pxObjClass=Rule-HTML-Section&appliesTo=Rule-Declare-Expressions&pyRuleName=undefined&RequestClass=Rule-HTML-Section&RequestAppliesTo=Rule-Declare-Expressions&RequestRuleName=undefined Payload: "{\"RequestClass\":\"Rule-HTML-Section\",\"RequestAppliesTo\":\"Rule-Declare-Expressions\",\"RequestRuleName\":\"undefined\"}" => HTTP 404 (111 bytes)
[PegaHttpClient] 📡 POST https://zdk8budo.pegaacademy.net/prweb/api/HRAppsV2Service/V1/rules/query?pxObjClass=Rule-HTML-Section&appliesTo=Rule-Declare-Expressions&pyRuleName=undefined&RequestClass=Rule-HTML-Section&RequestAppliesTo=Rule-Declare-Expressions&RequestRuleName=undefined Payload: "{\"RequestClass\":\"Rule-HTML-Section\",\"RequestAppliesTo\":\"Rule-Declare-Expressions\",\"RequestRuleName\":\"undefined\"}" => HTTP 404 (18 bytes)
[PegaHttpClient] 📡 POST https://zdk8budo.pegaacademy.net/prweb/PRRestService/HRAppsV2Service/V1/rules/query?pxObjClass=Rule-HTML-Section&appliesTo=Rule-Declare-Expressions&pyRuleName=undefined&RequestClass=Rule-HTML-Section&RequestAppliesTo=Rule-Declare-Expressions&RequestRuleName=undefined Payload: "{\"RequestClass\":\"Rule-HTML-Section\",\"RequestAppliesTo\":\"Rule-Declare-Expressions\",\"RequestRuleName\":\"undefined\"}" => HTTP 404 (18 bytes)
[PegaHttpClient] 📡 POST https://zdk8budo.pegaacademy.net/prweb/api/HRAppsV2/V1/rules/query?pxObjClass=Rule-HTML-Section&appliesTo=Rule-Declare-Expressions&pyRuleName=undefined&RequestClass=Rule-HTML-Section&RequestAppliesTo=Rule-Declare-Expressions&RequestRuleName=undefined Payload: "{\"RequestClass\":\"Rule-HTML-Section\",\"RequestAppliesTo\":\"Rule-Declare-Expressions\",\"RequestRuleName\":\"undefined\"}" => HTTP 404 (18 bytes)
[PegaHttpClient] 📡 POST https://zdk8budo.pegaacademy.net/prweb/PRRestService/HRAppsV2/V1/rules/query?pxObjClass=Rule-HTML-Section&appliesTo=Rule-Declare-Expressions&pyRuleName=undefined&RequestClass=Rule-HTML-Section&RequestAppliesTo=Rule-Declare-Expressions&RequestRuleName=undefined Payload: "{\"RequestClass\":\"Rule-HTML-Section\",\"RequestAppliesTo\":\"Rule-Declare-Expressions\",\"RequestRuleName\":\"undefined\"}" => HTTP 404 (18 bytes)
[PegaHttpClient] 📡 POST https://zdk8budo.pegaacademy.net/prweb/api/v1/rules/query?pxObjClass=Rule-HTML-Section&appliesTo=Rule-Declare-Expressions&pyRuleName=undefined&RequestClass=Rule-HTML-Section&RequestAppliesTo=Rule-Declare-Expressions&RequestRuleName=undefined Payload: "{\"RequestClass\":\"Rule-HTML-Section\",\"RequestAppliesTo\":\"Rule-Declare-Expressions\",\"RequestRuleName\":\"undefined\"}" => HTTP 404 (18 bytes)
[PegaHttpClient] 📡 POST https://zdk8budo.pegaacademy.net/prweb/PRRestService/v1/rules/query?pxObjClass=Rule-HTML-Section&appliesTo=Rule-Declare-Expressions&pyRuleName=undefined&RequestClass=Rule-HTML-Section&RequestAppliesTo=Rule-Declare-Expressions&RequestRuleName=undefined Payload: "{\"RequestClass\":\"Rule-HTML-Section\",\"RequestAppliesTo\":\"Rule-Declare-Expressions\",\"RequestRuleName\":\"undefined\"}" => HTTP 404 (18 bytes)
[PegaHttpClient] 📡 POST https://zdk8budo.pegaacademy.net/prweb/api/CodeIntelligence/v1/rules/query?pxObjClass=Rule-HTML-Section&appliesTo=Rule-Declare-Expressions&pyRuleName=pzRuleFormToolbarHotKeys&RequestClass=Rule-HTML-Section&RequestAppliesTo=Rule-Declare-Expressions&RequestRuleName=pzRuleFormToolbarHotKeys Payload: "{\"RequestClass\":\"Rule-HTML-Section\",\"RequestAppliesTo\":\"Rule-Declare-Expressions\",\"RequestRuleName\":\"pzRuleFormToolbarHotKeys\"}" => HTTP 200 (85058 bytes)
[PegaHttpClient] 📡 POST https://zdk8budo.pegaacademy.net/prweb/api/CodeIntelligence/v1/rules/query?pxObjClass=Rule-HTML-Section&appliesTo=Rule-Declare-Expressions&pyRuleName=pzRuleFormToolbarLockedIcon&RequestClass=Rule-HTML-Section&RequestAppliesTo=Rule-Declare-Expressions&RequestRuleName=pzRuleFormToolbarLockedIcon Payload: "{\"RequestClass\":\"Rule-HTML-Section\",\"RequestAppliesTo\":\"Rule-Declare-Expressions\",\"RequestRuleName\":\"pzRuleFormToolbarLockedIcon\"}" => HTTP 200 (24898 bytes)
[PegaHttpClient] 📡 POST https://zdk8budo.pegaacademy.net/prweb/api/CodeIntelligence/v1/rules/query?pxObjClass=Rule-HTML-Section&appliesTo=Rule-Declare-Expressions&pyRuleName=pzRuleFormToolbarCollaborators&RequestClass=Rule-HTML-Section&RequestAppliesTo=Rule-Declare-Expressions&RequestRuleName=pzRuleFormToolbarCollaborators Payload: "{\"RequestClass\":\"Rule-HTML-Section\",\"RequestAppliesTo\":\"Rule-Declare-Expressions\",\"RequestRuleName\":\"pzRuleFormToolbarCollaborators\"}" => HTTP 200 (15254 bytes)
[PegaHttpClient] 📡 POST https://zdk8budo.pegaacademy.net/prweb/api/CodeIntelligence/v1/rules/query?pxObjClass=Rule-HTML-Section&appliesTo=Rule-Declare-Expressions&pyRuleName=pzRuleFormToolbarSaveAs&RequestClass=Rule-HTML-Section&RequestAppliesTo=Rule-Declare-Expressions&RequestRuleName=pzRuleFormToolbarSaveAs Payload: "{\"RequestClass\":\"Rule-HTML-Section\",\"RequestAppliesTo\":\"Rule-Declare-Expressions\",\"RequestRuleName\":\"pzRuleFormToolbarSaveAs\"}" => HTTP 200 (64084 bytes)
[PegaHttpClient] 📡 POST https://zdk8budo.pegaacademy.net/prweb/api/CodeIntelligence/v1/rules/query?pxObjClass=Rule-HTML-Section&appliesTo=Rule-Declare-Expressions&pyRuleName=pzRuleFormToolbarCheckin&RequestClass=Rule-HTML-Section&RequestAppliesTo=Rule-Declare-Expressions&RequestRuleName=pzRuleFormToolbarCheckin Payload: "{\"RequestClass\":\"Rule-HTML-Section\",\"RequestAppliesTo\":\"Rule-Declare-Expressions\",\"RequestRuleName\":\"pzRuleFormToolbarCheckin\"}" => HTTP 200 (119096 bytes)
[PegaHttpClient] 📡 POST https://zdk8budo.pegaacademy.net/prweb/api/CodeIntelligence/v1/rules/query?pxObjClass=Rule-HTML-Section&appliesTo=Rule-Declare-Expressions&pyRuleName=pzRuleFormToolbarDelete&RequestClass=Rule-HTML-Section&RequestAppliesTo=Rule-Declare-Expressions&RequestRuleName=pzRuleFormToolbarDelete Payload: "{\"RequestClass\":\"Rule-HTML-Section\",\"RequestAppliesTo\":\"Rule-Declare-Expressions\",\"RequestRuleName\":\"pzRuleFormToolbarDelete\"}" => HTTP 200 (30249 bytes)
[PegaHttpClient] 📡 POST https://zdk8budo.pegaacademy.net/prweb/api/CodeIntelligence/v1/rules/query?pxObjClass=Rule-HTML-Section&appliesTo=Rule-Declare-Expressions&pyRuleName=pzRuleFormToolbarSave&RequestClass=Rule-HTML-Section&RequestAppliesTo=Rule-Declare-Expressions&RequestRuleName=pzRuleFormToolbarSave Payload: "{\"RequestClass\":\"Rule-HTML-Section\",\"RequestAppliesTo\":\"Rule-Declare-Expressions\",\"RequestRuleName\":\"pzRuleFormToolbarSave\"}" => HTTP 200 (293885 bytes)
[PegaHttpClient] 📡 POST https://zdk8budo.pegaacademy.net/prweb/api/CodeIntelligence/v1/rules/query?pxObjClass=Rule-HTML-Section&appliesTo=Rule-Declare-Expressions&pyRuleName=pzRuleFormToolbarCheckout&RequestClass=Rule-HTML-Section&RequestAppliesTo=Rule-Declare-Expressions&RequestRuleName=pzRuleFormToolbarCheckout Payload: "{\"RequestClass\":\"Rule-HTML-Section\",\"RequestAppliesTo\":\"Rule-Declare-Expressions\",\"RequestRuleName\":\"pzRuleFormToolbarCheckout\"}" => HTTP 200 (238148 bytes)
[PegaHttpClient] 📡 POST https://zdk8budo.pegaacademy.net/prweb/api/CodeIntelligence/v1/rules/query?pxObjClass=Rule-HTML-Section&appliesTo=Rule-Declare-Expressions&pyRuleName=pzRemoveErrorsDataPage&RequestClass=Rule-HTML-Section&RequestAppliesTo=Rule-Declare-Expressions&RequestRuleName=pzRemoveErrorsDataPage Payload: "{\"RequestClass\":\"Rule-HTML-Section\",\"RequestAppliesTo\":\"Rule-Declare-Expressions\",\"RequestRuleName\":\"pzRemoveErrorsDataPage\"}" => HTTP 200 (16733 bytes)
[PegaHttpClient] 📡 POST https://zdk8budo.pegaacademy.net/prweb/api/CodeIntelligence/v1/rules/query?pxObjClass=Rule-HTML-Section&appliesTo=Rule-Declare-Expressions&pyRuleName=pzRuleFormHeaderMessagesWrapper&RequestClass=Rule-HTML-Section&RequestAppliesTo=Rule-Declare-Expressions&RequestRuleName=pzRuleFormHeaderMessagesWrapper Payload: "{\"RequestClass\":\"Rule-HTML-Section\",\"RequestAppliesTo\":\"Rule-Declare-Expressions\",\"RequestRuleName\":\"pzRuleFormHeaderMessagesWrapper\"}" => HTTP 200 (16981 bytes)
[PegaHttpClient] 📡 POST https://zdk8budo.pegaacademy.net/prweb/api/CodeIntelligence/v1/rules/query?pxObjClass=Rule-HTML-Section&appliesTo=Rule-Declare-Expressions&pyRuleName=pzExpressionGridOuter&RequestClass=Rule-HTML-Section&RequestAppliesTo=Rule-Declare-Expressions&RequestRuleName=pzExpressionGridOuter Payload: "{\"RequestClass\":\"Rule-HTML-Section\",\"RequestAppliesTo\":\"Rule-Declare-Expressions\",\"RequestRuleName\":\"pzExpressionGridOuter\"}" => HTTP 200 (94733 bytes)
[PegaHttpClient] 📡 POST https://zdk8budo.pegaacademy.net/prweb/api/CodeIntelligence/v1/rules/query?pxObjClass=Rule-HTML-Section&appliesTo=Rule-Declare-Expressions&pyRuleName=pzPagesAndClassesScriptNoMode&RequestClass=Rule-HTML-Section&RequestAppliesTo=Rule-Declare-Expressions&RequestRuleName=pzPagesAndClassesScriptNoMode Payload: "{\"RequestClass\":\"Rule-HTML-Section\",\"RequestAppliesTo\":\"Rule-Declare-Expressions\",\"RequestRuleName\":\"pzPagesAndClassesScriptNoMode\"}" => HTTP 200 (25452 bytes)
[PegaHttpClient] 📡 POST https://zdk8budo.pegaacademy.net/prweb/api/CodeIntelligence/v1/rules/query?pxObjClass=Rule-HTML-Section&appliesTo=Rule-Declare-Expressions&pyRuleName=pxExpressionBuilder&RequestClass=Rule-HTML-Section&RequestAppliesTo=Rule-Declare-Expressions&RequestRuleName=pxExpressionBuilder Payload: "{\"RequestClass\":\"Rule-HTML-Section\",\"RequestAppliesTo\":\"Rule-Declare-Expressions\",\"RequestRuleName\":\"pxExpressionBuilder\"}" => HTTP 200 (26796 bytes)
[PegaHttpClient] 📡 POST https://zdk8budo.pegaacademy.net/prweb/api/CodeIntelligence/v1/rules/query?pxObjClass=Rule-HTML-Section&appliesTo=Rule-Declare-Expressions&pyRuleName=pzViewTestCases&RequestClass=Rule-HTML-Section&RequestAppliesTo=Rule-Declare-Expressions&RequestRuleName=pzViewTestCases Payload: "{\"RequestClass\":\"Rule-HTML-Section\",\"RequestAppliesTo\":\"Rule-Declare-Expressions\",\"RequestRuleName\":\"pzViewTestCases\"}" => HTTP 404 (117 bytes)
[PegaHttpClient] 📡 POST https://zdk8budo.pegaacademy.net/prweb/PRRestService/CodeIntelligence/v1/rules/query?pxObjClass=Rule-HTML-Section&appliesTo=Rule-Declare-Expressions&pyRuleName=pzViewTestCases&RequestClass=Rule-HTML-Section&RequestAppliesTo=Rule-Declare-Expressions&RequestRuleName=pzViewTestCases Payload: "{\"RequestClass\":\"Rule-HTML-Section\",\"RequestAppliesTo\":\"Rule-Declare-Expressions\",\"RequestRuleName\":\"pzViewTestCases\"}" => HTTP 404 (117 bytes)
[PegaHttpClient] 📡 POST https://zdk8budo.pegaacademy.net/prweb/api/HRAppsV2Service/V1/rules/query?pxObjClass=Rule-HTML-Section&appliesTo=Rule-Declare-Expressions&pyRuleName=pzViewTestCases&RequestClass=Rule-HTML-Section&RequestAppliesTo=Rule-Declare-Expressions&RequestRuleName=pzViewTestCases Payload: "{\"RequestClass\":\"Rule-HTML-Section\",\"RequestAppliesTo\":\"Rule-Declare-Expressions\",\"RequestRuleName\":\"pzViewTestCases\"}" => HTTP 404 (18 bytes)
[PegaHttpClient] 📡 POST https://zdk8budo.pegaacademy.net/prweb/PRRestService/HRAppsV2Service/V1/rules/query?pxObjClass=Rule-HTML-Section&appliesTo=Rule-Declare-Expressions&pyRuleName=pzViewTestCases&RequestClass=Rule-HTML-Section&RequestAppliesTo=Rule-Declare-Expressions&RequestRuleName=pzViewTestCases Payload: "{\"RequestClass\":\"Rule-HTML-Section\",\"RequestAppliesTo\":\"Rule-Declare-Expressions\",\"RequestRuleName\":\"pzViewTestCases\"}" => HTTP 404 (18 bytes)
[PegaHttpClient] 📡 POST https://zdk8budo.pegaacademy.net/prweb/api/HRAppsV2/V1/rules/query?pxObjClass=Rule-HTML-Section&appliesTo=Rule-Declare-Expressions&pyRuleName=pzViewTestCases&RequestClass=Rule-HTML-Section&RequestAppliesTo=Rule-Declare-Expressions&RequestRuleName=pzViewTestCases Payload: "{\"RequestClass\":\"Rule-HTML-Section\",\"RequestAppliesTo\":\"Rule-Declare-Expressions\",\"RequestRuleName\":\"pzViewTestCases\"}" => HTTP 404 (18 bytes)
[PegaHttpClient] 📡 POST https://zdk8budo.pegaacademy.net/prweb/PRRestService/HRAppsV2/V1/rules/query?pxObjClass=Rule-HTML-Section&appliesTo=Rule-Declare-Expressions&pyRuleName=pzViewTestCases&RequestClass=Rule-HTML-Section&RequestAppliesTo=Rule-Declare-Expressions&RequestRuleName=pzViewTestCases Payload: "{\"RequestClass\":\"Rule-HTML-Section\",\"RequestAppliesTo\":\"Rule-Declare-Expressions\",\"RequestRuleName\":\"pzViewTestCases\"}" => HTTP 404 (18 bytes)
[PegaHttpClient] 📡 POST https://zdk8budo.pegaacademy.net/prweb/api/v1/rules/query?pxObjClass=Rule-HTML-Section&appliesTo=Rule-Declare-Expressions&pyRuleName=pzViewTestCases&RequestClass=Rule-HTML-Section&RequestAppliesTo=Rule-Declare-Expressions&RequestRuleName=pzViewTestCases Payload: "{\"RequestClass\":\"Rule-HTML-Section\",\"RequestAppliesTo\":\"Rule-Declare-Expressions\",\"RequestRuleName\":\"pzViewTestCases\"}" => HTTP 404 (18 bytes)
[PegaHttpClient] 📡 POST https://zdk8budo.pegaacademy.net/prweb/PRRestService/v1/rules/query?pxObjClass=Rule-HTML-Section&appliesTo=Rule-Declare-Expressions&pyRuleName=pzViewTestCases&RequestClass=Rule-HTML-Section&RequestAppliesTo=Rule-Declare-Expressions&RequestRuleName=pzViewTestCases Payload: "{\"RequestClass\":\"Rule-HTML-Section\",\"RequestAppliesTo\":\"Rule-Declare-Expressions\",\"RequestRuleName\":\"pzViewTestCases\"}" => HTTP 404 (18 bytes)
[PegaHttpClient] 📡 POST https://zdk8budo.pegaacademy.net/prweb/api/CodeIntelligence/v1/rules/query?pxObjClass=Rule-HTML-Section&appliesTo=Rule-Declare-Expressions&pyRuleName=pzRunSelected&RequestClass=Rule-HTML-Section&RequestAppliesTo=Rule-Declare-Expressions&RequestRuleName=pzRunSelected Payload: "{\"RequestClass\":\"Rule-HTML-Section\",\"RequestAppliesTo\":\"Rule-Declare-Expressions\",\"RequestRuleName\":\"pzRunSelected\"}" => HTTP 404 (115 bytes)
[PegaHttpClient] 📡 POST https://zdk8budo.pegaacademy.net/prweb/PRRestService/CodeIntelligence/v1/rules/query?pxObjClass=Rule-HTML-Section&appliesTo=Rule-Declare-Expressions&pyRuleName=pzRunSelected&RequestClass=Rule-HTML-Section&RequestAppliesTo=Rule-Declare-Expressions&RequestRuleName=pzRunSelected Payload: "{\"RequestClass\":\"Rule-HTML-Section\",\"RequestAppliesTo\":\"Rule-Declare-Expressions\",\"RequestRuleName\":\"pzRunSelected\"}" => HTTP 404 (115 bytes)
[PegaHttpClient] 📡 POST https://zdk8budo.pegaacademy.net/prweb/api/HRAppsV2Service/V1/rules/query?pxObjClass=Rule-HTML-Section&appliesTo=Rule-Declare-Expressions&pyRuleName=pzRunSelected&RequestClass=Rule-HTML-Section&RequestAppliesTo=Rule-Declare-Expressions&RequestRuleName=pzRunSelected Payload: "{\"RequestClass\":\"Rule-HTML-Section\",\"RequestAppliesTo\":\"Rule-Declare-Expressions\",\"RequestRuleName\":\"pzRunSelected\"}" => HTTP 404 (18 bytes)
[PegaHttpClient] 📡 POST https://zdk8budo.pegaacademy.net/prweb/PRRestService/HRAppsV2Service/V1/rules/query?pxObjClass=Rule-HTML-Section&appliesTo=Rule-Declare-Expressions&pyRuleName=pzRunSelected&RequestClass=Rule-HTML-Section&RequestAppliesTo=Rule-Declare-Expressions&RequestRuleName=pzRunSelected Payload: "{\"RequestClass\":\"Rule-HTML-Section\",\"RequestAppliesTo\":\"Rule-Declare-Expressions\",\"RequestRuleName\":\"pzRunSelected\"}" => HTTP 404 (18 bytes)
[PegaHttpClient] 📡 POST https://zdk8budo.pegaacademy.net/prweb/api/HRAppsV2/V1/rules/query?pxObjClass=Rule-HTML-Section&appliesTo=Rule-Declare-Expressions&pyRuleName=pzRunSelected&RequestClass=Rule-HTML-Section&RequestAppliesTo=Rule-Declare-Expressions&RequestRuleName=pzRunSelected Payload: "{\"RequestClass\":\"Rule-HTML-Section\",\"RequestAppliesTo\":\"Rule-Declare-Expressions\",\"RequestRuleName\":\"pzRunSelected\"}" => HTTP 404 (18 bytes)
[PegaHttpClient] 📡 POST https://zdk8budo.pegaacademy.net/prweb/PRRestService/HRAppsV2/V1/rules/query?pxObjClass=Rule-HTML-Section&appliesTo=Rule-Declare-Expressions&pyRuleName=pzRunSelected&RequestClass=Rule-HTML-Section&RequestAppliesTo=Rule-Declare-Expressions&RequestRuleName=pzRunSelected Payload: "{\"RequestClass\":\"Rule-HTML-Section\",\"RequestAppliesTo\":\"Rule-Declare-Expressions\",\"RequestRuleName\":\"pzRunSelected\"}" => HTTP 404 (18 bytes)
[PegaHttpClient] 📡 POST https://zdk8budo.pegaacademy.net/prweb/api/v1/rules/query?pxObjClass=Rule-HTML-Section&appliesTo=Rule-Declare-Expressions&pyRuleName=pzRunSelected&RequestClass=Rule-HTML-Section&RequestAppliesTo=Rule-Declare-Expressions&RequestRuleName=pzRunSelected Payload: "{\"RequestClass\":\"Rule-HTML-Section\",\"RequestAppliesTo\":\"Rule-Declare-Expressions\",\"RequestRuleName\":\"pzRunSelected\"}" => HTTP 404 (18 bytes)
[PegaHttpClient] 📡 POST https://zdk8budo.pegaacademy.net/prweb/PRRestService/v1/rules/query?pxObjClass=Rule-HTML-Section&appliesTo=Rule-Declare-Expressions&pyRuleName=pzRunSelected&RequestClass=Rule-HTML-Section&RequestAppliesTo=Rule-Declare-Expressions&RequestRuleName=pzRunSelected Payload: "{\"RequestClass\":\"Rule-HTML-Section\",\"RequestAppliesTo\":\"Rule-Declare-Expressions\",\"RequestRuleName\":\"pzRunSelected\"}" => HTTP 404 (18 bytes)
[PegaHttpClient] 📡 POST https://zdk8budo.pegaacademy.net/prweb/api/CodeIntelligence/v1/rules/query?pxObjClass=Rule-HTML-Section&appliesTo=Rule-Declare-Expressions&pyRuleName=pzShowRunAndExpectedTime&RequestClass=Rule-HTML-Section&RequestAppliesTo=Rule-Declare-Expressions&RequestRuleName=pzShowRunAndExpectedTime Payload: "{\"RequestClass\":\"Rule-HTML-Section\",\"RequestAppliesTo\":\"Rule-Declare-Expressions\",\"RequestRuleName\":\"pzShowRunAndExpectedTime\"}" => HTTP 200 (98943 bytes)
[PegaHttpClient] 📡 POST https://zdk8budo.pegaacademy.net/prweb/api/CodeIntelligence/v1/rules/query?pxObjClass=Rule-HTML-Section&appliesTo=Rule-Declare-Expressions&pyRuleName=pzSpecificationName&RequestClass=Rule-HTML-Section&RequestAppliesTo=Rule-Declare-Expressions&RequestRuleName=pzSpecificationName Payload: "{\"RequestClass\":\"Rule-HTML-Section\",\"RequestAppliesTo\":\"Rule-Declare-Expressions\",\"RequestRuleName\":\"pzSpecificationName\"}" => HTTP 404 (121 bytes)
[PegaHttpClient] 📡 POST https://zdk8budo.pegaacademy.net/prweb/PRRestService/CodeIntelligence/v1/rules/query?pxObjClass=Rule-HTML-Section&appliesTo=Rule-Declare-Expressions&pyRuleName=pzSpecificationName&RequestClass=Rule-HTML-Section&RequestAppliesTo=Rule-Declare-Expressions&RequestRuleName=pzSpecificationName Payload: "{\"RequestClass\":\"Rule-HTML-Section\",\"RequestAppliesTo\":\"Rule-Declare-Expressions\",\"RequestRuleName\":\"pzSpecificationName\"}" => HTTP 404 (121 bytes)
[PegaHttpClient] 📡 POST https://zdk8budo.pegaacademy.net/prweb/api/HRAppsV2Service/V1/rules/query?pxObjClass=Rule-HTML-Section&appliesTo=Rule-Declare-Expressions&pyRuleName=pzSpecificationName&RequestClass=Rule-HTML-Section&RequestAppliesTo=Rule-Declare-Expressions&RequestRuleName=pzSpecificationName Payload: "{\"RequestClass\":\"Rule-HTML-Section\",\"RequestAppliesTo\":\"Rule-Declare-Expressions\",\"RequestRuleName\":\"pzSpecificationName\"}" => HTTP 404 (18 bytes)
[PegaHttpClient] 📡 POST https://zdk8budo.pegaacademy.net/prweb/PRRestService/HRAppsV2Service/V1/rules/query?pxObjClass=Rule-HTML-Section&appliesTo=Rule-Declare-Expressions&pyRuleName=pzSpecificationName&RequestClass=Rule-HTML-Section&RequestAppliesTo=Rule-Declare-Expressions&RequestRuleName=pzSpecificationName Payload: "{\"RequestClass\":\"Rule-HTML-Section\",\"RequestAppliesTo\":\"Rule-Declare-Expressions\",\"RequestRuleName\":\"pzSpecificationName\"}" => HTTP 404 (18 bytes)
[PegaHttpClient] 📡 POST https://zdk8budo.pegaacademy.net/prweb/api/HRAppsV2/V1/rules/query?pxObjClass=Rule-HTML-Section&appliesTo=Rule-Declare-Expressions&pyRuleName=pzSpecificationName&RequestClass=Rule-HTML-Section&RequestAppliesTo=Rule-Declare-Expressions&RequestRuleName=pzSpecificationName Payload: "{\"RequestClass\":\"Rule-HTML-Section\",\"RequestAppliesTo\":\"Rule-Declare-Expressions\",\"RequestRuleName\":\"pzSpecificationName\"}" => HTTP 404 (18 bytes)
[PegaHttpClient] 📡 POST https://zdk8budo.pegaacademy.net/prweb/PRRestService/HRAppsV2/V1/rules/query?pxObjClass=Rule-HTML-Section&appliesTo=Rule-Declare-Expressions&pyRuleName=pzSpecificationName&RequestClass=Rule-HTML-Section&RequestAppliesTo=Rule-Declare-Expressions&RequestRuleName=pzSpecificationName Payload: "{\"RequestClass\":\"Rule-HTML-Section\",\"RequestAppliesTo\":\"Rule-Declare-Expressions\",\"RequestRuleName\":\"pzSpecificationName\"}" => HTTP 404 (18 bytes)
[PegaHttpClient] 📡 POST https://zdk8budo.pegaacademy.net/prweb/api/v1/rules/query?pxObjClass=Rule-HTML-Section&appliesTo=Rule-Declare-Expressions&pyRuleName=pzSpecificationName&RequestClass=Rule-HTML-Section&RequestAppliesTo=Rule-Declare-Expressions&RequestRuleName=pzSpecificationName Payload: "{\"RequestClass\":\"Rule-HTML-Section\",\"RequestAppliesTo\":\"Rule-Declare-Expressions\",\"RequestRuleName\":\"pzSpecificationName\"}" => HTTP 404 (18 bytes)
[PegaHttpClient] 📡 POST https://zdk8budo.pegaacademy.net/prweb/PRRestService/v1/rules/query?pxObjClass=Rule-HTML-Section&appliesTo=Rule-Declare-Expressions&pyRuleName=pzSpecificationName&RequestClass=Rule-HTML-Section&RequestAppliesTo=Rule-Declare-Expressions&RequestRuleName=pzSpecificationName Payload: "{\"RequestClass\":\"Rule-HTML-Section\",\"RequestAppliesTo\":\"Rule-Declare-Expressions\",\"RequestRuleName\":\"pzSpecificationName\"}" => HTTP 404 (18 bytes)
[PegaHttpClient] 📡 POST https://zdk8budo.pegaacademy.net/prweb/api/CodeIntelligence/v1/rules/query?pxObjClass=Rule-HTML-Section&appliesTo=Rule-Declare-Expressions&pyRuleName=pzScm_RuleHistory&RequestClass=Rule-HTML-Section&RequestAppliesTo=Rule-Declare-Expressions&RequestRuleName=pzScm_RuleHistory Payload: "{\"RequestClass\":\"Rule-HTML-Section\",\"RequestAppliesTo\":\"Rule-Declare-Expressions\",\"RequestRuleName\":\"pzScm_RuleHistory\"}" => HTTP 200 (14682 bytes)
[PegaHttpClient] 📡 POST https://zdk8budo.pegaacademy.net/prweb/api/CodeIntelligence/v1/rules/query?pxObjClass=Rule-HTML-Section&appliesTo=Rule-Declare-Expressions&pyRuleName=pxDisplayCollaborators&RequestClass=Rule-HTML-Section&RequestAppliesTo=Rule-Declare-Expressions&RequestRuleName=pxDisplayCollaborators Payload: "{\"RequestClass\":\"Rule-HTML-Section\",\"RequestAppliesTo\":\"Rule-Declare-Expressions\",\"RequestRuleName\":\"pxDisplayCollaborators\"}" => HTTP 200 (94171 bytes)
[PegaHttpClient] 📡 POST https://zdk8budo.pegaacademy.net/prweb/api/CodeIntelligence/v1/rules/query?pxObjClass=Rule-HTML-Section&appliesTo=Rule-Declare-Expressions&pyRuleName=pzRuleFormToolbarDeleteCheckOut&RequestClass=Rule-HTML-Section&RequestAppliesTo=Rule-Declare-Expressions&RequestRuleName=pzRuleFormToolbarDeleteCheckOut Payload: "{\"RequestClass\":\"Rule-HTML-Section\",\"RequestAppliesTo\":\"Rule-Declare-Expressions\",\"RequestRuleName\":\"pzRuleFormToolbarDeleteCheckOut\"}" => HTTP 200 (29433 bytes)
[PegaHttpClient] 📡 POST https://zdk8budo.pegaacademy.net/prweb/api/CodeIntelligence/v1/rules/query?pxObjClass=Rule-HTML-Section&appliesTo=Rule-Declare-Expressions&pyRuleName=pzRuleFormToolbarDeleteRule&RequestClass=Rule-HTML-Section&RequestAppliesTo=Rule-Declare-Expressions&RequestRuleName=pzRuleFormToolbarDeleteRule Payload: "{\"RequestClass\":\"Rule-HTML-Section\",\"RequestAppliesTo\":\"Rule-Declare-Expressions\",\"RequestRuleName\":\"pzRuleFormToolbarDeleteRule\"}" => HTTP 200 (32314 bytes)
[PegaHttpClient] 📡 POST https://zdk8budo.pegaacademy.net/prweb/api/CodeIntelligence/v1/rules/query?pxObjClass=Rule-HTML-Section&appliesTo=Rule-Declare-Expressions&pyRuleName=pzDefaultExpression&RequestClass=Rule-HTML-Section&RequestAppliesTo=Rule-Declare-Expressions&RequestRuleName=pzDefaultExpression Payload: "{\"RequestClass\":\"Rule-HTML-Section\",\"RequestAppliesTo\":\"Rule-Declare-Expressions\",\"RequestRuleName\":\"pzDefaultExpression\"}" => HTTP 200 (17394 bytes)
[PegaHttpClient] 📡 POST https://zdk8budo.pegaacademy.net/prweb/api/CodeIntelligence/v1/rules/query?pxObjClass=Rule-HTML-Section&appliesTo=Rule-Declare-Expressions&pyRuleName=pzExpressionBuilderGadgetInit&RequestClass=Rule-HTML-Section&RequestAppliesTo=Rule-Declare-Expressions&RequestRuleName=pzExpressionBuilderGadgetInit Payload: "{\"RequestClass\":\"Rule-HTML-Section\",\"RequestAppliesTo\":\"Rule-Declare-Expressions\",\"RequestRuleName\":\"pzExpressionBuilderGadgetInit\"}" => HTTP 200 (20544 bytes)
[PegaHttpClient] 📡 POST https://zdk8budo.pegaacademy.net/prweb/api/CodeIntelligence/v1/rules/query?pxObjClass=Rule-HTML-Section&appliesTo=Rule-Declare-Expressions&pyRuleName=pzEBIconHolder&RequestClass=Rule-HTML-Section&RequestAppliesTo=Rule-Declare-Expressions&RequestRuleName=pzEBIconHolder Payload: "{\"RequestClass\":\"Rule-HTML-Section\",\"RequestAppliesTo\":\"Rule-Declare-Expressions\",\"RequestRuleName\":\"pzEBIconHolder\"}" => HTTP 404 (116 bytes)
[PegaHttpClient] 📡 POST https://zdk8budo.pegaacademy.net/prweb/PRRestService/CodeIntelligence/v1/rules/query?pxObjClass=Rule-HTML-Section&appliesTo=Rule-Declare-Expressions&pyRuleName=pzEBIconHolder&RequestClass=Rule-HTML-Section&RequestAppliesTo=Rule-Declare-Expressions&RequestRuleName=pzEBIconHolder Payload: "{\"RequestClass\":\"Rule-HTML-Section\",\"RequestAppliesTo\":\"Rule-Declare-Expressions\",\"RequestRuleName\":\"pzEBIconHolder\"}" => HTTP 404 (116 bytes)
[PegaHttpClient] 📡 POST https://zdk8budo.pegaacademy.net/prweb/api/HRAppsV2Service/V1/rules/query?pxObjClass=Rule-HTML-Section&appliesTo=Rule-Declare-Expressions&pyRuleName=pzEBIconHolder&RequestClass=Rule-HTML-Section&RequestAppliesTo=Rule-Declare-Expressions&RequestRuleName=pzEBIconHolder Payload: "{\"RequestClass\":\"Rule-HTML-Section\",\"RequestAppliesTo\":\"Rule-Declare-Expressions\",\"RequestRuleName\":\"pzEBIconHolder\"}" => HTTP 404 (18 bytes)
[PegaHttpClient] 📡 POST https://zdk8budo.pegaacademy.net/prweb/PRRestService/HRAppsV2Service/V1/rules/query?pxObjClass=Rule-HTML-Section&appliesTo=Rule-Declare-Expressions&pyRuleName=pzEBIconHolder&RequestClass=Rule-HTML-Section&RequestAppliesTo=Rule-Declare-Expressions&RequestRuleName=pzEBIconHolder Payload: "{\"RequestClass\":\"Rule-HTML-Section\",\"RequestAppliesTo\":\"Rule-Declare-Expressions\",\"RequestRuleName\":\"pzEBIconHolder\"}" => HTTP 404 (18 bytes)
[PegaHttpClient] 📡 POST https://zdk8budo.pegaacademy.net/prweb/api/HRAppsV2/V1/rules/query?pxObjClass=Rule-HTML-Section&appliesTo=Rule-Declare-Expressions&pyRuleName=pzEBIconHolder&RequestClass=Rule-HTML-Section&RequestAppliesTo=Rule-Declare-Expressions&RequestRuleName=pzEBIconHolder Payload: "{\"RequestClass\":\"Rule-HTML-Section\",\"RequestAppliesTo\":\"Rule-Declare-Expressions\",\"RequestRuleName\":\"pzEBIconHolder\"}" => HTTP 404 (18 bytes)
[PegaHttpClient] 📡 POST https://zdk8budo.pegaacademy.net/prweb/PRRestService/HRAppsV2/V1/rules/query?pxObjClass=Rule-HTML-Section&appliesTo=Rule-Declare-Expressions&pyRuleName=pzEBIconHolder&RequestClass=Rule-HTML-Section&RequestAppliesTo=Rule-Declare-Expressions&RequestRuleName=pzEBIconHolder Payload: "{\"RequestClass\":\"Rule-HTML-Section\",\"RequestAppliesTo\":\"Rule-Declare-Expressions\",\"RequestRuleName\":\"pzEBIconHolder\"}" => HTTP 404 (18 bytes)
[PegaHttpClient] 📡 POST https://zdk8budo.pegaacademy.net/prweb/api/v1/rules/query?pxObjClass=Rule-HTML-Section&appliesTo=Rule-Declare-Expressions&pyRuleName=pzEBIconHolder&RequestClass=Rule-HTML-Section&RequestAppliesTo=Rule-Declare-Expressions&RequestRuleName=pzEBIconHolder Payload: "{\"RequestClass\":\"Rule-HTML-Section\",\"RequestAppliesTo\":\"Rule-Declare-Expressions\",\"RequestRuleName\":\"pzEBIconHolder\"}" => HTTP 404 (18 bytes)
[PegaHttpClient] 📡 POST https://zdk8budo.pegaacademy.net/prweb/PRRestService/v1/rules/query?pxObjClass=Rule-HTML-Section&appliesTo=Rule-Declare-Expressions&pyRuleName=pzEBIconHolder&RequestClass=Rule-HTML-Section&RequestAppliesTo=Rule-Declare-Expressions&RequestRuleName=pzEBIconHolder Payload: "{\"RequestClass\":\"Rule-HTML-Section\",\"RequestAppliesTo\":\"Rule-Declare-Expressions\",\"RequestRuleName\":\"pzEBIconHolder\"}" => HTTP 404 (18 bytes)
[PegaHttpClient] 📡 POST https://zdk8budo.pegaacademy.net/prweb/api/CodeIntelligence/v1/rules/query?pxObjClass=Rule-HTML-Section&appliesTo=Rule-Declare-Expressions&pyRuleName=pzLoadCollaborationScripts&RequestClass=Rule-HTML-Section&RequestAppliesTo=Rule-Declare-Expressions&RequestRuleName=pzLoadCollaborationScripts Payload: "{\"RequestClass\":\"Rule-HTML-Section\",\"RequestAppliesTo\":\"Rule-Declare-Expressions\",\"RequestRuleName\":\"pzLoadCollaborationScripts\"}" => HTTP 200 (23453 bytes)
[PegaHttpClient] 📡 POST https://zdk8budo.pegaacademy.net/prweb/api/CodeIntelligence/v1/rules/query?pxObjClass=Rule-HTML-Section&appliesTo=Rule-Declare-Expressions&pyRuleName=pzDisplayCollaboratorsList&RequestClass=Rule-HTML-Section&RequestAppliesTo=Rule-Declare-Expressions&RequestRuleName=pzDisplayCollaboratorsList Payload: "{\"RequestClass\":\"Rule-HTML-Section\",\"RequestAppliesTo\":\"Rule-Declare-Expressions\",\"RequestRuleName\":\"pzDisplayCollaboratorsList\"}" => HTTP 200 (105418 bytes)
[PegaHttpClient] 📡 POST https://zdk8budo.pegaacademy.net/prweb/api/CodeIntelligence/v1/rules/query?pxObjClass=Rule-HTML-Section&appliesTo=Rule-Declare-Expressions&pyRuleName=pyDefaultExpression&RequestClass=Rule-HTML-Section&RequestAppliesTo=Rule-Declare-Expressions&RequestRuleName=pyDefaultExpression Payload: "{\"RequestClass\":\"Rule-HTML-Section\",\"RequestAppliesTo\":\"Rule-Declare-Expressions\",\"RequestRuleName\":\"pyDefaultExpression\"}" => HTTP 404 (121 bytes)
[PegaHttpClient] 📡 POST https://zdk8budo.pegaacademy.net/prweb/PRRestService/CodeIntelligence/v1/rules/query?pxObjClass=Rule-HTML-Section&appliesTo=Rule-Declare-Expressions&pyRuleName=pyDefaultExpression&RequestClass=Rule-HTML-Section&RequestAppliesTo=Rule-Declare-Expressions&RequestRuleName=pyDefaultExpression Payload: "{\"RequestClass\":\"Rule-HTML-Section\",\"RequestAppliesTo\":\"Rule-Declare-Expressions\",\"RequestRuleName\":\"pyDefaultExpression\"}" => HTTP 404 (121 bytes)
[PegaHttpClient] 📡 POST https://zdk8budo.pegaacademy.net/prweb/api/HRAppsV2Service/V1/rules/query?pxObjClass=Rule-HTML-Section&appliesTo=Rule-Declare-Expressions&pyRuleName=pyDefaultExpression&RequestClass=Rule-HTML-Section&RequestAppliesTo=Rule-Declare-Expressions&RequestRuleName=pyDefaultExpression Payload: "{\"RequestClass\":\"Rule-HTML-Section\",\"RequestAppliesTo\":\"Rule-Declare-Expressions\",\"RequestRuleName\":\"pyDefaultExpression\"}" => HTTP 404 (18 bytes)
[PegaHttpClient] 📡 POST https://zdk8budo.pegaacademy.net/prweb/PRRestService/HRAppsV2Service/V1/rules/query?pxObjClass=Rule-HTML-Section&appliesTo=Rule-Declare-Expressions&pyRuleName=pyDefaultExpression&RequestClass=Rule-HTML-Section&RequestAppliesTo=Rule-Declare-Expressions&RequestRuleName=pyDefaultExpression Payload: "{\"RequestClass\":\"Rule-HTML-Section\",\"RequestAppliesTo\":\"Rule-Declare-Expressions\",\"RequestRuleName\":\"pyDefaultExpression\"}" => HTTP 404 (18 bytes)
[PegaHttpClient] 📡 POST https://zdk8budo.pegaacademy.net/prweb/api/HRAppsV2/V1/rules/query?pxObjClass=Rule-HTML-Section&appliesTo=Rule-Declare-Expressions&pyRuleName=pyDefaultExpression&RequestClass=Rule-HTML-Section&RequestAppliesTo=Rule-Declare-Expressions&RequestRuleName=pyDefaultExpression Payload: "{\"RequestClass\":\"Rule-HTML-Section\",\"RequestAppliesTo\":\"Rule-Declare-Expressions\",\"RequestRuleName\":\"pyDefaultExpression\"}" => HTTP 404 (18 bytes)
[PegaHttpClient] 📡 POST https://zdk8budo.pegaacademy.net/prweb/PRRestService/HRAppsV2/V1/rules/query?pxObjClass=Rule-HTML-Section&appliesTo=Rule-Declare-Expressions&pyRuleName=pyDefaultExpression&RequestClass=Rule-HTML-Section&RequestAppliesTo=Rule-Declare-Expressions&RequestRuleName=pyDefaultExpression Payload: "{\"RequestClass\":\"Rule-HTML-Section\",\"RequestAppliesTo\":\"Rule-Declare-Expressions\",\"RequestRuleName\":\"pyDefaultExpression\"}" => HTTP 404 (18 bytes)
[PegaHttpClient] 📡 POST https://zdk8budo.pegaacademy.net/prweb/api/v1/rules/query?pxObjClass=Rule-HTML-Section&appliesTo=Rule-Declare-Expressions&pyRuleName=pyDefaultExpression&RequestClass=Rule-HTML-Section&RequestAppliesTo=Rule-Declare-Expressions&RequestRuleName=pyDefaultExpression Payload: "{\"RequestClass\":\"Rule-HTML-Section\",\"RequestAppliesTo\":\"Rule-Declare-Expressions\",\"RequestRuleName\":\"pyDefaultExpression\"}" => HTTP 404 (18 bytes)
[PegaHttpClient] 📡 POST https://zdk8budo.pegaacademy.net/prweb/PRRestService/v1/rules/query?pxObjClass=Rule-HTML-Section&appliesTo=Rule-Declare-Expressions&pyRuleName=pyDefaultExpression&RequestClass=Rule-HTML-Section&RequestAppliesTo=Rule-Declare-Expressions&RequestRuleName=pyDefaultExpression Payload: "{\"RequestClass\":\"Rule-HTML-Section\",\"RequestAppliesTo\":\"Rule-Declare-Expressions\",\"RequestRuleName\":\"pyDefaultExpression\"}" => HTTP 404 (18 bytes)
[PegaHttpClient] 📡 POST https://zdk8budo.pegaacademy.net/prweb/api/CodeIntelligence/v1/rules/query?pxObjClass=Rule-HTML-Section&appliesTo=Rule-Declare-Expressions&pyRuleName=pyCollaborator&RequestClass=Rule-HTML-Section&RequestAppliesTo=Rule-Declare-Expressions&RequestRuleName=pyCollaborator Payload: "{\"RequestClass\":\"Rule-HTML-Section\",\"RequestAppliesTo\":\"Rule-Declare-Expressions\",\"RequestRuleName\":\"pyCollaborator\"}" => HTTP 404 (116 bytes)
[PegaHttpClient] 📡 POST https://zdk8budo.pegaacademy.net/prweb/PRRestService/CodeIntelligence/v1/rules/query?pxObjClass=Rule-HTML-Section&appliesTo=Rule-Declare-Expressions&pyRuleName=pyCollaborator&RequestClass=Rule-HTML-Section&RequestAppliesTo=Rule-Declare-Expressions&RequestRuleName=pyCollaborator Payload: "{\"RequestClass\":\"Rule-HTML-Section\",\"RequestAppliesTo\":\"Rule-Declare-Expressions\",\"RequestRuleName\":\"pyCollaborator\"}" => HTTP 404 (116 bytes)
[PegaHttpClient] 📡 POST https://zdk8budo.pegaacademy.net/prweb/api/HRAppsV2Service/V1/rules/query?pxObjClass=Rule-HTML-Section&appliesTo=Rule-Declare-Expressions&pyRuleName=pyCollaborator&RequestClass=Rule-HTML-Section&RequestAppliesTo=Rule-Declare-Expressions&RequestRuleName=pyCollaborator Payload: "{\"RequestClass\":\"Rule-HTML-Section\",\"RequestAppliesTo\":\"Rule-Declare-Expressions\",\"RequestRuleName\":\"pyCollaborator\"}" => HTTP 404 (18 bytes)
[PegaHttpClient] 📡 POST https://zdk8budo.pegaacademy.net/prweb/PRRestService/HRAppsV2Service/V1/rules/query?pxObjClass=Rule-HTML-Section&appliesTo=Rule-Declare-Expressions&pyRuleName=pyCollaborator&RequestClass=Rule-HTML-Section&RequestAppliesTo=Rule-Declare-Expressions&RequestRuleName=pyCollaborator Payload: "{\"RequestClass\":\"Rule-HTML-Section\",\"RequestAppliesTo\":\"Rule-Declare-Expressions\",\"RequestRuleName\":\"pyCollaborator\"}" => HTTP 404 (18 bytes)
[PegaHttpClient] 📡 POST https://zdk8budo.pegaacademy.net/prweb/api/HRAppsV2/V1/rules/query?pxObjClass=Rule-HTML-Section&appliesTo=Rule-Declare-Expressions&pyRuleName=pyCollaborator&RequestClass=Rule-HTML-Section&RequestAppliesTo=Rule-Declare-Expressions&RequestRuleName=pyCollaborator Payload: "{\"RequestClass\":\"Rule-HTML-Section\",\"RequestAppliesTo\":\"Rule-Declare-Expressions\",\"RequestRuleName\":\"pyCollaborator\"}" => HTTP 404 (18 bytes)
[PegaHttpClient] 📡 POST https://zdk8budo.pegaacademy.net/prweb/PRRestService/HRAppsV2/V1/rules/query?pxObjClass=Rule-HTML-Section&appliesTo=Rule-Declare-Expressions&pyRuleName=pyCollaborator&RequestClass=Rule-HTML-Section&RequestAppliesTo=Rule-Declare-Expressions&RequestRuleName=pyCollaborator Payload: "{\"RequestClass\":\"Rule-HTML-Section\",\"RequestAppliesTo\":\"Rule-Declare-Expressions\",\"RequestRuleName\":\"pyCollaborator\"}" => HTTP 404 (18 bytes)
[PegaHttpClient] 📡 POST https://zdk8budo.pegaacademy.net/prweb/api/v1/rules/query?pxObjClass=Rule-HTML-Section&appliesTo=Rule-Declare-Expressions&pyRuleName=pyCollaborator&RequestClass=Rule-HTML-Section&RequestAppliesTo=Rule-Declare-Expressions&RequestRuleName=pyCollaborator Payload: "{\"RequestClass\":\"Rule-HTML-Section\",\"RequestAppliesTo\":\"Rule-Declare-Expressions\",\"RequestRuleName\":\"pyCollaborator\"}" => HTTP 404 (18 bytes)
[PegaHttpClient] 📡 POST https://zdk8budo.pegaacademy.net/prweb/PRRestService/v1/rules/query?pxObjClass=Rule-HTML-Section&appliesTo=Rule-Declare-Expressions&pyRuleName=pyCollaborator&RequestClass=Rule-HTML-Section&RequestAppliesTo=Rule-Declare-Expressions&RequestRuleName=pyCollaborator Payload: "{\"RequestClass\":\"Rule-HTML-Section\",\"RequestAppliesTo\":\"Rule-Declare-Expressions\",\"RequestRuleName\":\"pyCollaborator\"}" => HTTP 404 (18 bytes)
[PegaHttpClient] 📡 POST https://zdk8budo.pegaacademy.net/prweb/api/CodeIntelligence/v1/rules/query?pxObjClass=Rule-HTML-Section&appliesTo=Rule-Declare-Expressions&pyRuleName=pzDisplayPartialCount&RequestClass=Rule-HTML-Section&RequestAppliesTo=Rule-Declare-Expressions&RequestRuleName=pzDisplayPartialCount Payload: "{\"RequestClass\":\"Rule-HTML-Section\",\"RequestAppliesTo\":\"Rule-Declare-Expressions\",\"RequestRuleName\":\"pzDisplayPartialCount\"}" => HTTP 404 (123 bytes)
[PegaHttpClient] 📡 POST https://zdk8budo.pegaacademy.net/prweb/PRRestService/CodeIntelligence/v1/rules/query?pxObjClass=Rule-HTML-Section&appliesTo=Rule-Declare-Expressions&pyRuleName=pzDisplayPartialCount&RequestClass=Rule-HTML-Section&RequestAppliesTo=Rule-Declare-Expressions&RequestRuleName=pzDisplayPartialCount Payload: "{\"RequestClass\":\"Rule-HTML-Section\",\"RequestAppliesTo\":\"Rule-Declare-Expressions\",\"RequestRuleName\":\"pzDisplayPartialCount\"}" => HTTP 404 (123 bytes)
[PegaHttpClient] 📡 POST https://zdk8budo.pegaacademy.net/prweb/api/HRAppsV2Service/V1/rules/query?pxObjClass=Rule-HTML-Section&appliesTo=Rule-Declare-Expressions&pyRuleName=pzDisplayPartialCount&RequestClass=Rule-HTML-Section&RequestAppliesTo=Rule-Declare-Expressions&RequestRuleName=pzDisplayPartialCount Payload: "{\"RequestClass\":\"Rule-HTML-Section\",\"RequestAppliesTo\":\"Rule-Declare-Expressions\",\"RequestRuleName\":\"pzDisplayPartialCount\"}" => HTTP 404 (18 bytes)
[PegaHttpClient] 📡 POST https://zdk8budo.pegaacademy.net/prweb/PRRestService/HRAppsV2Service/V1/rules/query?pxObjClass=Rule-HTML-Section&appliesTo=Rule-Declare-Expressions&pyRuleName=pzDisplayPartialCount&RequestClass=Rule-HTML-Section&RequestAppliesTo=Rule-Declare-Expressions&RequestRuleName=pzDisplayPartialCount Payload: "{\"RequestClass\":\"Rule-HTML-Section\",\"RequestAppliesTo\":\"Rule-Declare-Expressions\",\"RequestRuleName\":\"pzDisplayPartialCount\"}" => HTTP 404 (18 bytes)
[PegaHttpClient] 📡 POST https://zdk8budo.pegaacademy.net/prweb/api/HRAppsV2/V1/rules/query?pxObjClass=Rule-HTML-Section&appliesTo=Rule-Declare-Expressions&pyRuleName=pzDisplayPartialCount&RequestClass=Rule-HTML-Section&RequestAppliesTo=Rule-Declare-Expressions&RequestRuleName=pzDisplayPartialCount Payload: "{\"RequestClass\":\"Rule-HTML-Section\",\"RequestAppliesTo\":\"Rule-Declare-Expressions\",\"RequestRuleName\":\"pzDisplayPartialCount\"}" => HTTP 404 (18 bytes)
[PegaHttpClient] 📡 POST https://zdk8budo.pegaacademy.net/prweb/PRRestService/HRAppsV2/V1/rules/query?pxObjClass=Rule-HTML-Section&appliesTo=Rule-Declare-Expressions&pyRuleName=pzDisplayPartialCount&RequestClass=Rule-HTML-Section&RequestAppliesTo=Rule-Declare-Expressions&RequestRuleName=pzDisplayPartialCount Payload: "{\"RequestClass\":\"Rule-HTML-Section\",\"RequestAppliesTo\":\"Rule-Declare-Expressions\",\"RequestRuleName\":\"pzDisplayPartialCount\"}" => HTTP 404 (18 bytes)
[PegaHttpClient] 📡 POST https://zdk8budo.pegaacademy.net/prweb/api/v1/rules/query?pxObjClass=Rule-HTML-Section&appliesTo=Rule-Declare-Expressions&pyRuleName=pzDisplayPartialCount&RequestClass=Rule-HTML-Section&RequestAppliesTo=Rule-Declare-Expressions&RequestRuleName=pzDisplayPartialCount Payload: "{\"RequestClass\":\"Rule-HTML-Section\",\"RequestAppliesTo\":\"Rule-Declare-Expressions\",\"RequestRuleName\":\"pzDisplayPartialCount\"}" => HTTP 404 (18 bytes)
[PegaHttpClient] 📡 POST https://zdk8budo.pegaacademy.net/prweb/PRRestService/v1/rules/query?pxObjClass=Rule-HTML-Section&appliesTo=Rule-Declare-Expressions&pyRuleName=pzDisplayPartialCount&RequestClass=Rule-HTML-Section&RequestAppliesTo=Rule-Declare-Expressions&RequestRuleName=pzDisplayPartialCount Payload: "{\"RequestClass\":\"Rule-HTML-Section\",\"RequestAppliesTo\":\"Rule-Declare-Expressions\",\"RequestRuleName\":\"pzDisplayPartialCount\"}" => HTTP 404 (18 bytes)
[SchemaGen] ✅ Schema written for Rule-Declare-Expressions
[PegaHttpClient] 📡 GET https://zdk8budo.pegaacademy.net/prweb/api/CodeIntelligence/v1/rules/RULE-HTML-HARNESS%20RULE-DECLARE-COLLECTION%20RULEFORM%20%2320190304T103135.780%20GMT => HTTP 200 (34402 bytes)
[PegaHttpClient] 📡 POST https://zdk8budo.pegaacademy.net/prweb/api/CodeIntelligence/v1/rules/query?pxObjClass=Rule-HTML-Section&appliesTo=Rule-Declare-Collection&pyRuleName=RuleFormMain&RequestClass=Rule-HTML-Section&RequestAppliesTo=Rule-Declare-Collection&RequestRuleName=RuleFormMain Payload: "{\"RequestClass\":\"Rule-HTML-Section\",\"RequestAppliesTo\":\"Rule-Declare-Collection\",\"RequestRuleName\":\"RuleFormMain\"}" => HTTP 200 (156234 bytes)
[PegaHttpClient] 📡 POST https://zdk8budo.pegaacademy.net/prweb/api/CodeIntelligence/v1/rules/query?pxObjClass=Rule-HTML-Section&appliesTo=Rule-Declare-Collection&pyRuleName=pxAlternateRuleForm&RequestClass=Rule-HTML-Section&RequestAppliesTo=Rule-Declare-Collection&RequestRuleName=pxAlternateRuleForm Payload: "{\"RequestClass\":\"Rule-HTML-Section\",\"RequestAppliesTo\":\"Rule-Declare-Collection\",\"RequestRuleName\":\"pxAlternateRuleForm\"}" => HTTP 200 (66153 bytes)
[PegaHttpClient] 📡 POST https://zdk8budo.pegaacademy.net/prweb/api/CodeIntelligence/v1/rules/query?pxObjClass=Rule-HTML-Section&appliesTo=Rule-Declare-Collection&pyRuleName=pzRuleFormScripts&RequestClass=Rule-HTML-Section&RequestAppliesTo=Rule-Declare-Collection&RequestRuleName=pzRuleFormScripts Payload: "{\"RequestClass\":\"Rule-HTML-Section\",\"RequestAppliesTo\":\"Rule-Declare-Collection\",\"RequestRuleName\":\"pzRuleFormScripts\"}" => HTTP 200 (40822 bytes)
[PegaHttpClient] 📡 POST https://zdk8budo.pegaacademy.net/prweb/api/CodeIntelligence/v1/rules/query?pxObjClass=Rule-HTML-Section&appliesTo=Rule-Declare-Collection&pyRuleName=pzRuleFormLayoutDelegated&RequestClass=Rule-HTML-Section&RequestAppliesTo=Rule-Declare-Collection&RequestRuleName=pzRuleFormLayoutDelegated Payload: "{\"RequestClass\":\"Rule-HTML-Section\",\"RequestAppliesTo\":\"Rule-Declare-Collection\",\"RequestRuleName\":\"pzRuleFormLayoutDelegated\"}" => HTTP 200 (70998 bytes)
[PegaHttpClient] 📡 POST https://zdk8budo.pegaacademy.net/prweb/api/CodeIntelligence/v1/rules/query?pxObjClass=Rule-HTML-Section&appliesTo=Rule-Declare-Collection&pyRuleName=RuleFormLayout&RequestClass=Rule-HTML-Section&RequestAppliesTo=Rule-Declare-Collection&RequestRuleName=RuleFormLayout Payload: "{\"RequestClass\":\"Rule-HTML-Section\",\"RequestAppliesTo\":\"Rule-Declare-Collection\",\"RequestRuleName\":\"RuleFormLayout\"}" => HTTP 200 (97211 bytes)
[PegaHttpClient] 📡 POST https://zdk8budo.pegaacademy.net/prweb/api/CodeIntelligence/v1/rules/query?pxObjClass=Rule-HTML-Section&appliesTo=Rule-Declare-Collection&pyRuleName=RuleFormSettings&RequestClass=Rule-HTML-Section&RequestAppliesTo=Rule-Declare-Collection&RequestRuleName=RuleFormSettings Payload: "{\"RequestClass\":\"Rule-HTML-Section\",\"RequestAppliesTo\":\"Rule-Declare-Collection\",\"RequestRuleName\":\"RuleFormSettings\"}" => HTTP 200 (20540 bytes)
[PegaHttpClient] 📡 POST https://zdk8budo.pegaacademy.net/prweb/api/CodeIntelligence/v1/rules/query?pxObjClass=Rule-HTML-Section&appliesTo=Rule-Declare-Collection&pyRuleName=OpenAuthoring&RequestClass=Rule-HTML-Section&RequestAppliesTo=Rule-Declare-Collection&RequestRuleName=OpenAuthoring Payload: "{\"RequestClass\":\"Rule-HTML-Section\",\"RequestAppliesTo\":\"Rule-Declare-Collection\",\"RequestRuleName\":\"OpenAuthoring\"}" => HTTP 200 (23695 bytes)
[PegaHttpClient] 📡 POST https://zdk8budo.pegaacademy.net/prweb/api/CodeIntelligence/v1/rules/query?pxObjClass=Rule-HTML-Section&appliesTo=Rule-Declare-Collection&pyRuleName=pyCustomHelp&RequestClass=Rule-HTML-Section&RequestAppliesTo=Rule-Declare-Collection&RequestRuleName=pyCustomHelp Payload: "{\"RequestClass\":\"Rule-HTML-Section\",\"RequestAppliesTo\":\"Rule-Declare-Collection\",\"RequestRuleName\":\"pyCustomHelp\"}" => HTTP 200 (17256 bytes)
[PegaHttpClient] 📡 POST https://zdk8budo.pegaacademy.net/prweb/api/CodeIntelligence/v1/rules/query?pxObjClass=Rule-HTML-Section&appliesTo=Rule-Declare-Collection&pyRuleName=pzRuleformMainInclude&RequestClass=Rule-HTML-Section&RequestAppliesTo=Rule-Declare-Collection&RequestRuleName=pzRuleformMainInclude Payload: "{\"RequestClass\":\"Rule-HTML-Section\",\"RequestAppliesTo\":\"Rule-Declare-Collection\",\"RequestRuleName\":\"pzRuleformMainInclude\"}" => HTTP 200 (22375 bytes)
[PegaHttpClient] 📡 POST https://zdk8budo.pegaacademy.net/prweb/api/CodeIntelligence/v1/rules/query?pxObjClass=Rule-HTML-Section&appliesTo=Rule-Declare-Collection&pyRuleName=pyAlternativeRuleFormStrategicAppExtension&RequestClass=Rule-HTML-Section&RequestAppliesTo=Rule-Declare-Collection&RequestRuleName=pyAlternativeRuleFormStrategicAppExtension Payload: "{\"RequestClass\":\"Rule-HTML-Section\",\"RequestAppliesTo\":\"Rule-Declare-Collection\",\"RequestRuleName\":\"pyAlternativeRuleFormStrategicAppExtension\"}" => HTTP 200 (25042 bytes)
[PegaHttpClient] 📡 POST https://zdk8budo.pegaacademy.net/prweb/api/CodeIntelligence/v1/rules/query?pxObjClass=Rule-HTML-Section&appliesTo=Rule-Declare-Collection&pyRuleName=pyAlternativeRuleFormExtension&RequestClass=Rule-HTML-Section&RequestAppliesTo=Rule-Declare-Collection&RequestRuleName=pyAlternativeRuleFormExtension Payload: "{\"RequestClass\":\"Rule-HTML-Section\",\"RequestAppliesTo\":\"Rule-Declare-Collection\",\"RequestRuleName\":\"pyAlternativeRuleFormExtension\"}" => HTTP 200 (24863 bytes)
[PegaHttpClient] 📡 POST https://zdk8budo.pegaacademy.net/prweb/api/CodeIntelligence/v1/rules/query?pxObjClass=Rule-HTML-Section&appliesTo=Rule-Declare-Collection&pyRuleName=RuleFormHeader&RequestClass=Rule-HTML-Section&RequestAppliesTo=Rule-Declare-Collection&RequestRuleName=RuleFormHeader Payload: "{\"RequestClass\":\"Rule-HTML-Section\",\"RequestAppliesTo\":\"Rule-Declare-Collection\",\"RequestRuleName\":\"RuleFormHeader\"}" => HTTP 200 (183800 bytes)
[PegaHttpClient] 📡 POST https://zdk8budo.pegaacademy.net/prweb/api/CodeIntelligence/v1/rules/query?pxObjClass=Rule-HTML-Section&appliesTo=Rule-Declare-Collection&pyRuleName=pzDelegationExperience&RequestClass=Rule-HTML-Section&RequestAppliesTo=Rule-Declare-Collection&RequestRuleName=pzDelegationExperience Payload: "{\"RequestClass\":\"Rule-HTML-Section\",\"RequestAppliesTo\":\"Rule-Declare-Collection\",\"RequestRuleName\":\"pzDelegationExperience\"}" => HTTP 404 (123 bytes)
[PegaHttpClient] 📡 POST https://zdk8budo.pegaacademy.net/prweb/PRRestService/CodeIntelligence/v1/rules/query?pxObjClass=Rule-HTML-Section&appliesTo=Rule-Declare-Collection&pyRuleName=pzDelegationExperience&RequestClass=Rule-HTML-Section&RequestAppliesTo=Rule-Declare-Collection&RequestRuleName=pzDelegationExperience Payload: "{\"RequestClass\":\"Rule-HTML-Section\",\"RequestAppliesTo\":\"Rule-Declare-Collection\",\"RequestRuleName\":\"pzDelegationExperience\"}" => HTTP 404 (123 bytes)
[PegaHttpClient] 📡 POST https://zdk8budo.pegaacademy.net/prweb/api/HRAppsV2Service/V1/rules/query?pxObjClass=Rule-HTML-Section&appliesTo=Rule-Declare-Collection&pyRuleName=pzDelegationExperience&RequestClass=Rule-HTML-Section&RequestAppliesTo=Rule-Declare-Collection&RequestRuleName=pzDelegationExperience Payload: "{\"RequestClass\":\"Rule-HTML-Section\",\"RequestAppliesTo\":\"Rule-Declare-Collection\",\"RequestRuleName\":\"pzDelegationExperience\"}" => HTTP 404 (18 bytes)
[PegaHttpClient] 📡 POST https://zdk8budo.pegaacademy.net/prweb/PRRestService/HRAppsV2Service/V1/rules/query?pxObjClass=Rule-HTML-Section&appliesTo=Rule-Declare-Collection&pyRuleName=pzDelegationExperience&RequestClass=Rule-HTML-Section&RequestAppliesTo=Rule-Declare-Collection&RequestRuleName=pzDelegationExperience Payload: "{\"RequestClass\":\"Rule-HTML-Section\",\"RequestAppliesTo\":\"Rule-Declare-Collection\",\"RequestRuleName\":\"pzDelegationExperience\"}" => HTTP 404 (18 bytes)
[PegaHttpClient] 📡 POST https://zdk8budo.pegaacademy.net/prweb/api/HRAppsV2/V1/rules/query?pxObjClass=Rule-HTML-Section&appliesTo=Rule-Declare-Collection&pyRuleName=pzDelegationExperience&RequestClass=Rule-HTML-Section&RequestAppliesTo=Rule-Declare-Collection&RequestRuleName=pzDelegationExperience Payload: "{\"RequestClass\":\"Rule-HTML-Section\",\"RequestAppliesTo\":\"Rule-Declare-Collection\",\"RequestRuleName\":\"pzDelegationExperience\"}" => HTTP 404 (18 bytes)
[PegaHttpClient] 📡 POST https://zdk8budo.pegaacademy.net/prweb/PRRestService/HRAppsV2/V1/rules/query?pxObjClass=Rule-HTML-Section&appliesTo=Rule-Declare-Collection&pyRuleName=pzDelegationExperience&RequestClass=Rule-HTML-Section&RequestAppliesTo=Rule-Declare-Collection&RequestRuleName=pzDelegationExperience Payload: "{\"RequestClass\":\"Rule-HTML-Section\",\"RequestAppliesTo\":\"Rule-Declare-Collection\",\"RequestRuleName\":\"pzDelegationExperience\"}" => HTTP 404 (18 bytes)
[PegaHttpClient] 📡 POST https://zdk8budo.pegaacademy.net/prweb/api/v1/rules/query?pxObjClass=Rule-HTML-Section&appliesTo=Rule-Declare-Collection&pyRuleName=pzDelegationExperience&RequestClass=Rule-HTML-Section&RequestAppliesTo=Rule-Declare-Collection&RequestRuleName=pzDelegationExperience Payload: "{\"RequestClass\":\"Rule-HTML-Section\",\"RequestAppliesTo\":\"Rule-Declare-Collection\",\"RequestRuleName\":\"pzDelegationExperience\"}" => HTTP 404 (18 bytes)
[PegaHttpClient] 📡 POST https://zdk8budo.pegaacademy.net/prweb/PRRestService/v1/rules/query?pxObjClass=Rule-HTML-Section&appliesTo=Rule-Declare-Collection&pyRuleName=pzDelegationExperience&RequestClass=Rule-HTML-Section&RequestAppliesTo=Rule-Declare-Collection&RequestRuleName=pzDelegationExperience Payload: "{\"RequestClass\":\"Rule-HTML-Section\",\"RequestAppliesTo\":\"Rule-Declare-Collection\",\"RequestRuleName\":\"pzDelegationExperience\"}" => HTTP 404 (18 bytes)
[PegaHttpClient] 📡 POST https://zdk8budo.pegaacademy.net/prweb/api/CodeIntelligence/v1/rules/query?pxObjClass=Rule-HTML-Section&appliesTo=Rule-Declare-Collection&pyRuleName=RuleFormHistory&RequestClass=Rule-HTML-Section&RequestAppliesTo=Rule-Declare-Collection&RequestRuleName=RuleFormHistory Payload: "{\"RequestClass\":\"Rule-HTML-Section\",\"RequestAppliesTo\":\"Rule-Declare-Collection\",\"RequestRuleName\":\"RuleFormHistory\"}" => HTTP 200 (76091 bytes)
[PegaHttpClient] 📡 POST https://zdk8budo.pegaacademy.net/prweb/api/CodeIntelligence/v1/rules/query?pxObjClass=Rule-HTML-Section&appliesTo=Rule-Declare-Collection&pyRuleName=pzCustomHelp&RequestClass=Rule-HTML-Section&RequestAppliesTo=Rule-Declare-Collection&RequestRuleName=pzCustomHelp Payload: "{\"RequestClass\":\"Rule-HTML-Section\",\"RequestAppliesTo\":\"Rule-Declare-Collection\",\"RequestRuleName\":\"pzCustomHelp\"}" => HTTP 200 (31573 bytes)
[PegaHttpClient] 📡 POST https://zdk8budo.pegaacademy.net/prweb/api/CodeIntelligence/v1/rules/query?pxObjClass=Rule-HTML-Section&appliesTo=Rule-Declare-Collection&pyRuleName=pzRuleFormKeysAndDescription&RequestClass=Rule-HTML-Section&RequestAppliesTo=Rule-Declare-Collection&RequestRuleName=pzRuleFormKeysAndDescription Payload: "{\"RequestClass\":\"Rule-HTML-Section\",\"RequestAppliesTo\":\"Rule-Declare-Collection\",\"RequestRuleName\":\"pzRuleFormKeysAndDescription\"}" => HTTP 200 (218057 bytes)
[PegaHttpClient] 📡 POST https://zdk8budo.pegaacademy.net/prweb/api/CodeIntelligence/v1/rules/query?pxObjClass=Rule-HTML-Section&appliesTo=Rule-Declare-Collection&pyRuleName=pzRuleFormRuleset&RequestClass=Rule-HTML-Section&RequestAppliesTo=Rule-Declare-Collection&RequestRuleName=pzRuleFormRuleset Payload: "{\"RequestClass\":\"Rule-HTML-Section\",\"RequestAppliesTo\":\"Rule-Declare-Collection\",\"RequestRuleName\":\"pzRuleFormRuleset\"}" => HTTP 200 (33985 bytes)
[PegaHttpClient] 📡 POST https://zdk8budo.pegaacademy.net/prweb/api/CodeIntelligence/v1/rules/query?pxObjClass=Rule-HTML-Section&appliesTo=Rule-Declare-Collection&pyRuleName=undefined&RequestClass=Rule-HTML-Section&RequestAppliesTo=Rule-Declare-Collection&RequestRuleName=undefined Payload: "{\"RequestClass\":\"Rule-HTML-Section\",\"RequestAppliesTo\":\"Rule-Declare-Collection\",\"RequestRuleName\":\"undefined\"}" => HTTP 404 (110 bytes)
[PegaHttpClient] 📡 POST https://zdk8budo.pegaacademy.net/prweb/PRRestService/CodeIntelligence/v1/rules/query?pxObjClass=Rule-HTML-Section&appliesTo=Rule-Declare-Collection&pyRuleName=undefined&RequestClass=Rule-HTML-Section&RequestAppliesTo=Rule-Declare-Collection&RequestRuleName=undefined Payload: "{\"RequestClass\":\"Rule-HTML-Section\",\"RequestAppliesTo\":\"Rule-Declare-Collection\",\"RequestRuleName\":\"undefined\"}" => HTTP 404 (110 bytes)
[PegaHttpClient] 📡 POST https://zdk8budo.pegaacademy.net/prweb/api/HRAppsV2Service/V1/rules/query?pxObjClass=Rule-HTML-Section&appliesTo=Rule-Declare-Collection&pyRuleName=undefined&RequestClass=Rule-HTML-Section&RequestAppliesTo=Rule-Declare-Collection&RequestRuleName=undefined Payload: "{\"RequestClass\":\"Rule-HTML-Section\",\"RequestAppliesTo\":\"Rule-Declare-Collection\",\"RequestRuleName\":\"undefined\"}" => HTTP 404 (18 bytes)
[PegaHttpClient] 📡 POST https://zdk8budo.pegaacademy.net/prweb/PRRestService/HRAppsV2Service/V1/rules/query?pxObjClass=Rule-HTML-Section&appliesTo=Rule-Declare-Collection&pyRuleName=undefined&RequestClass=Rule-HTML-Section&RequestAppliesTo=Rule-Declare-Collection&RequestRuleName=undefined Payload: "{\"RequestClass\":\"Rule-HTML-Section\",\"RequestAppliesTo\":\"Rule-Declare-Collection\",\"RequestRuleName\":\"undefined\"}" => HTTP 404 (18 bytes)
[PegaHttpClient] 📡 POST https://zdk8budo.pegaacademy.net/prweb/api/HRAppsV2/V1/rules/query?pxObjClass=Rule-HTML-Section&appliesTo=Rule-Declare-Collection&pyRuleName=undefined&RequestClass=Rule-HTML-Section&RequestAppliesTo=Rule-Declare-Collection&RequestRuleName=undefined Payload: "{\"RequestClass\":\"Rule-HTML-Section\",\"RequestAppliesTo\":\"Rule-Declare-Collection\",\"RequestRuleName\":\"undefined\"}" => HTTP 404 (18 bytes)
[PegaHttpClient] 📡 POST https://zdk8budo.pegaacademy.net/prweb/PRRestService/HRAppsV2/V1/rules/query?pxObjClass=Rule-HTML-Section&appliesTo=Rule-Declare-Collection&pyRuleName=undefined&RequestClass=Rule-HTML-Section&RequestAppliesTo=Rule-Declare-Collection&RequestRuleName=undefined Payload: "{\"RequestClass\":\"Rule-HTML-Section\",\"RequestAppliesTo\":\"Rule-Declare-Collection\",\"RequestRuleName\":\"undefined\"}" => HTTP 404 (18 bytes)
[PegaHttpClient] 📡 POST https://zdk8budo.pegaacademy.net/prweb/api/v1/rules/query?pxObjClass=Rule-HTML-Section&appliesTo=Rule-Declare-Collection&pyRuleName=undefined&RequestClass=Rule-HTML-Section&RequestAppliesTo=Rule-Declare-Collection&RequestRuleName=undefined Payload: "{\"RequestClass\":\"Rule-HTML-Section\",\"RequestAppliesTo\":\"Rule-Declare-Collection\",\"RequestRuleName\":\"undefined\"}" => HTTP 404 (18 bytes)
[PegaHttpClient] 📡 POST https://zdk8budo.pegaacademy.net/prweb/PRRestService/v1/rules/query?pxObjClass=Rule-HTML-Section&appliesTo=Rule-Declare-Collection&pyRuleName=undefined&RequestClass=Rule-HTML-Section&RequestAppliesTo=Rule-Declare-Collection&RequestRuleName=undefined Payload: "{\"RequestClass\":\"Rule-HTML-Section\",\"RequestAppliesTo\":\"Rule-Declare-Collection\",\"RequestRuleName\":\"undefined\"}" => HTTP 404 (18 bytes)
[PegaHttpClient] 📡 POST https://zdk8budo.pegaacademy.net/prweb/api/CodeIntelligence/v1/rules/query?pxObjClass=Rule-HTML-Section&appliesTo=Rule-Declare-Collection&pyRuleName=pzRuleFormToolbar&RequestClass=Rule-HTML-Section&RequestAppliesTo=Rule-Declare-Collection&RequestRuleName=pzRuleFormToolbar Payload: "{\"RequestClass\":\"Rule-HTML-Section\",\"RequestAppliesTo\":\"Rule-Declare-Collection\",\"RequestRuleName\":\"pzRuleFormToolbar\"}" => HTTP 200 (242691 bytes)
[PegaHttpClient] 📡 POST https://zdk8budo.pegaacademy.net/prweb/api/CodeIntelligence/v1/rules/query?pxObjClass=Rule-HTML-Section&appliesTo=Rule-Declare-Collection&pyRuleName=pzRuleFormToolbarCompare&RequestClass=Rule-HTML-Section&RequestAppliesTo=Rule-Declare-Collection&RequestRuleName=pzRuleFormToolbarCompare Payload: "{\"RequestClass\":\"Rule-HTML-Section\",\"RequestAppliesTo\":\"Rule-Declare-Collection\",\"RequestRuleName\":\"pzRuleFormToolbarCompare\"}" => HTTP 200 (61925 bytes)
[PegaHttpClient] 📡 POST https://zdk8budo.pegaacademy.net/prweb/api/CodeIntelligence/v1/rules/query?pxObjClass=Rule-HTML-Section&appliesTo=Rule-Declare-Collection&pyRuleName=RuleFormHeaderMessages&RequestClass=Rule-HTML-Section&RequestAppliesTo=Rule-Declare-Collection&RequestRuleName=RuleFormHeaderMessages Payload: "{\"RequestClass\":\"Rule-HTML-Section\",\"RequestAppliesTo\":\"Rule-Declare-Collection\",\"RequestRuleName\":\"RuleFormHeaderMessages\"}" => HTTP 200 (26518 bytes)
[PegaHttpClient] 📡 POST https://zdk8budo.pegaacademy.net/prweb/api/CodeIntelligence/v1/rules/query?pxObjClass=Rule-HTML-Section&appliesTo=Rule-Declare-Collection&pyRuleName=pzAlternateRuleInfo&RequestClass=Rule-HTML-Section&RequestAppliesTo=Rule-Declare-Collection&RequestRuleName=pzAlternateRuleInfo Payload: "{\"RequestClass\":\"Rule-HTML-Section\",\"RequestAppliesTo\":\"Rule-Declare-Collection\",\"RequestRuleName\":\"pzAlternateRuleInfo\"}" => HTTP 200 (140407 bytes)
[PegaHttpClient] 📡 POST https://zdk8budo.pegaacademy.net/prweb/api/CodeIntelligence/v1/rules/query?pxObjClass=Rule-HTML-Section&appliesTo=Rule-Declare-Collection&pyRuleName=RuleFormHistory_Description&RequestClass=Rule-HTML-Section&RequestAppliesTo=Rule-Declare-Collection&RequestRuleName=RuleFormHistory_Description Payload: "{\"RequestClass\":\"Rule-HTML-Section\",\"RequestAppliesTo\":\"Rule-Declare-Collection\",\"RequestRuleName\":\"RuleFormHistory_Description\"}" => HTTP 200 (46242 bytes)
[PegaHttpClient] 📡 POST https://zdk8budo.pegaacademy.net/prweb/api/CodeIntelligence/v1/rules/query?pxObjClass=Rule-HTML-Section&appliesTo=Rule-Declare-Collection&pyRuleName=RuleFormHistory_CustomFields&RequestClass=Rule-HTML-Section&RequestAppliesTo=Rule-Declare-Collection&RequestRuleName=RuleFormHistory_CustomFields Payload: "{\"RequestClass\":\"Rule-HTML-Section\",\"RequestAppliesTo\":\"Rule-Declare-Collection\",\"RequestRuleName\":\"RuleFormHistory_CustomFields\"}" => HTTP 200 (75856 bytes)
[PegaHttpClient] 📡 POST https://zdk8budo.pegaacademy.net/prweb/api/CodeIntelligence/v1/rules/query?pxObjClass=Rule-HTML-Section&appliesTo=Rule-Declare-Collection&pyRuleName=RuleFormHistory_HistoryDetails&RequestClass=Rule-HTML-Section&RequestAppliesTo=Rule-Declare-Collection&RequestRuleName=RuleFormHistory_HistoryDetails Payload: "{\"RequestClass\":\"Rule-HTML-Section\",\"RequestAppliesTo\":\"Rule-Declare-Collection\",\"RequestRuleName\":\"RuleFormHistory_HistoryDetails\"}" => HTTP 200 (179535 bytes)
[PegaHttpClient] 📡 POST https://zdk8budo.pegaacademy.net/prweb/api/CodeIntelligence/v1/rules/query?pxObjClass=Rule-HTML-Section&appliesTo=Rule-Declare-Collection&pyRuleName=pzRuleFormStatus&RequestClass=Rule-HTML-Section&RequestAppliesTo=Rule-Declare-Collection&RequestRuleName=pzRuleFormStatus Payload: "{\"RequestClass\":\"Rule-HTML-Section\",\"RequestAppliesTo\":\"Rule-Declare-Collection\",\"RequestRuleName\":\"pzRuleFormStatus\"}" => HTTP 200 (97627 bytes)
[PegaHttpClient] 📡 POST https://zdk8budo.pegaacademy.net/prweb/api/CodeIntelligence/v1/rules/query?pxObjClass=Rule-HTML-Section&appliesTo=Rule-Declare-Collection&pyRuleName=pzRuleFormHeaderCompareWithDropDown&RequestClass=Rule-HTML-Section&RequestAppliesTo=Rule-Declare-Collection&RequestRuleName=pzRuleFormHeaderCompareWithDropDown Payload: "{\"RequestClass\":\"Rule-HTML-Section\",\"RequestAppliesTo\":\"Rule-Declare-Collection\",\"RequestRuleName\":\"pzRuleFormHeaderCompareWithDropDown\"}" => HTTP 200 (25396 bytes)
[PegaHttpClient] 📡 POST https://zdk8budo.pegaacademy.net/prweb/api/CodeIntelligence/v1/rules/query?pxObjClass=Rule-HTML-Section&appliesTo=Rule-Declare-Collection&pyRuleName=undefined&RequestClass=Rule-HTML-Section&RequestAppliesTo=Rule-Declare-Collection&RequestRuleName=undefined Payload: "{\"RequestClass\":\"Rule-HTML-Section\",\"RequestAppliesTo\":\"Rule-Declare-Collection\",\"RequestRuleName\":\"undefined\"}" => HTTP 404 (110 bytes)
[PegaHttpClient] 📡 POST https://zdk8budo.pegaacademy.net/prweb/PRRestService/CodeIntelligence/v1/rules/query?pxObjClass=Rule-HTML-Section&appliesTo=Rule-Declare-Collection&pyRuleName=undefined&RequestClass=Rule-HTML-Section&RequestAppliesTo=Rule-Declare-Collection&RequestRuleName=undefined Payload: "{\"RequestClass\":\"Rule-HTML-Section\",\"RequestAppliesTo\":\"Rule-Declare-Collection\",\"RequestRuleName\":\"undefined\"}" => HTTP 404 (110 bytes)
[PegaHttpClient] 📡 POST https://zdk8budo.pegaacademy.net/prweb/api/HRAppsV2Service/V1/rules/query?pxObjClass=Rule-HTML-Section&appliesTo=Rule-Declare-Collection&pyRuleName=undefined&RequestClass=Rule-HTML-Section&RequestAppliesTo=Rule-Declare-Collection&RequestRuleName=undefined Payload: "{\"RequestClass\":\"Rule-HTML-Section\",\"RequestAppliesTo\":\"Rule-Declare-Collection\",\"RequestRuleName\":\"undefined\"}" => HTTP 404 (18 bytes)
[PegaHttpClient] 📡 POST https://zdk8budo.pegaacademy.net/prweb/PRRestService/HRAppsV2Service/V1/rules/query?pxObjClass=Rule-HTML-Section&appliesTo=Rule-Declare-Collection&pyRuleName=undefined&RequestClass=Rule-HTML-Section&RequestAppliesTo=Rule-Declare-Collection&RequestRuleName=undefined Payload: "{\"RequestClass\":\"Rule-HTML-Section\",\"RequestAppliesTo\":\"Rule-Declare-Collection\",\"RequestRuleName\":\"undefined\"}" => HTTP 404 (18 bytes)
[PegaHttpClient] 📡 POST https://zdk8budo.pegaacademy.net/prweb/api/HRAppsV2/V1/rules/query?pxObjClass=Rule-HTML-Section&appliesTo=Rule-Declare-Collection&pyRuleName=undefined&RequestClass=Rule-HTML-Section&RequestAppliesTo=Rule-Declare-Collection&RequestRuleName=undefined Payload: "{\"RequestClass\":\"Rule-HTML-Section\",\"RequestAppliesTo\":\"Rule-Declare-Collection\",\"RequestRuleName\":\"undefined\"}" => HTTP 404 (18 bytes)
[PegaHttpClient] 📡 POST https://zdk8budo.pegaacademy.net/prweb/PRRestService/HRAppsV2/V1/rules/query?pxObjClass=Rule-HTML-Section&appliesTo=Rule-Declare-Collection&pyRuleName=undefined&RequestClass=Rule-HTML-Section&RequestAppliesTo=Rule-Declare-Collection&RequestRuleName=undefined Payload: "{\"RequestClass\":\"Rule-HTML-Section\",\"RequestAppliesTo\":\"Rule-Declare-Collection\",\"RequestRuleName\":\"undefined\"}" => HTTP 404 (18 bytes)
[PegaHttpClient] 📡 POST https://zdk8budo.pegaacademy.net/prweb/api/v1/rules/query?pxObjClass=Rule-HTML-Section&appliesTo=Rule-Declare-Collection&pyRuleName=undefined&RequestClass=Rule-HTML-Section&RequestAppliesTo=Rule-Declare-Collection&RequestRuleName=undefined Payload: "{\"RequestClass\":\"Rule-HTML-Section\",\"RequestAppliesTo\":\"Rule-Declare-Collection\",\"RequestRuleName\":\"undefined\"}" => HTTP 404 (18 bytes)
[PegaHttpClient] 📡 POST https://zdk8budo.pegaacademy.net/prweb/PRRestService/v1/rules/query?pxObjClass=Rule-HTML-Section&appliesTo=Rule-Declare-Collection&pyRuleName=undefined&RequestClass=Rule-HTML-Section&RequestAppliesTo=Rule-Declare-Collection&RequestRuleName=undefined Payload: "{\"RequestClass\":\"Rule-HTML-Section\",\"RequestAppliesTo\":\"Rule-Declare-Collection\",\"RequestRuleName\":\"undefined\"}" => HTTP 404 (18 bytes)
[PegaHttpClient] 📡 POST https://zdk8budo.pegaacademy.net/prweb/api/CodeIntelligence/v1/rules/query?pxObjClass=Rule-HTML-Section&appliesTo=Rule-Declare-Collection&pyRuleName=pzRuleFormToolbarHotKeys&RequestClass=Rule-HTML-Section&RequestAppliesTo=Rule-Declare-Collection&RequestRuleName=pzRuleFormToolbarHotKeys Payload: "{\"RequestClass\":\"Rule-HTML-Section\",\"RequestAppliesTo\":\"Rule-Declare-Collection\",\"RequestRuleName\":\"pzRuleFormToolbarHotKeys\"}" => HTTP 200 (85058 bytes)
[PegaHttpClient] 📡 POST https://zdk8budo.pegaacademy.net/prweb/api/CodeIntelligence/v1/rules/query?pxObjClass=Rule-HTML-Section&appliesTo=Rule-Declare-Collection&pyRuleName=pzRuleFormToolbarLockedIcon&RequestClass=Rule-HTML-Section&RequestAppliesTo=Rule-Declare-Collection&RequestRuleName=pzRuleFormToolbarLockedIcon Payload: "{\"RequestClass\":\"Rule-HTML-Section\",\"RequestAppliesTo\":\"Rule-Declare-Collection\",\"RequestRuleName\":\"pzRuleFormToolbarLockedIcon\"}" => HTTP 200 (24898 bytes)
[PegaHttpClient] 📡 POST https://zdk8budo.pegaacademy.net/prweb/api/CodeIntelligence/v1/rules/query?pxObjClass=Rule-HTML-Section&appliesTo=Rule-Declare-Collection&pyRuleName=pzRuleFormToolbarCollaborators&RequestClass=Rule-HTML-Section&RequestAppliesTo=Rule-Declare-Collection&RequestRuleName=pzRuleFormToolbarCollaborators Payload: "{\"RequestClass\":\"Rule-HTML-Section\",\"RequestAppliesTo\":\"Rule-Declare-Collection\",\"RequestRuleName\":\"pzRuleFormToolbarCollaborators\"}" => HTTP 200 (15254 bytes)
[PegaHttpClient] 📡 POST https://zdk8budo.pegaacademy.net/prweb/api/CodeIntelligence/v1/rules/query?pxObjClass=Rule-HTML-Section&appliesTo=Rule-Declare-Collection&pyRuleName=pzRuleFormToolbarSaveAs&RequestClass=Rule-HTML-Section&RequestAppliesTo=Rule-Declare-Collection&RequestRuleName=pzRuleFormToolbarSaveAs Payload: "{\"RequestClass\":\"Rule-HTML-Section\",\"RequestAppliesTo\":\"Rule-Declare-Collection\",\"RequestRuleName\":\"pzRuleFormToolbarSaveAs\"}" => HTTP 200 (64084 bytes)
[PegaHttpClient] 📡 POST https://zdk8budo.pegaacademy.net/prweb/api/CodeIntelligence/v1/rules/query?pxObjClass=Rule-HTML-Section&appliesTo=Rule-Declare-Collection&pyRuleName=pzRuleFormToolbarCheckin&RequestClass=Rule-HTML-Section&RequestAppliesTo=Rule-Declare-Collection&RequestRuleName=pzRuleFormToolbarCheckin Payload: "{\"RequestClass\":\"Rule-HTML-Section\",\"RequestAppliesTo\":\"Rule-Declare-Collection\",\"RequestRuleName\":\"pzRuleFormToolbarCheckin\"}" => HTTP 200 (119096 bytes)
[PegaHttpClient] 📡 POST https://zdk8budo.pegaacademy.net/prweb/api/CodeIntelligence/v1/rules/query?pxObjClass=Rule-HTML-Section&appliesTo=Rule-Declare-Collection&pyRuleName=pzRuleFormToolbarDelete&RequestClass=Rule-HTML-Section&RequestAppliesTo=Rule-Declare-Collection&RequestRuleName=pzRuleFormToolbarDelete Payload: "{\"RequestClass\":\"Rule-HTML-Section\",\"RequestAppliesTo\":\"Rule-Declare-Collection\",\"RequestRuleName\":\"pzRuleFormToolbarDelete\"}" => HTTP 200 (30249 bytes)
[PegaHttpClient] 📡 POST https://zdk8budo.pegaacademy.net/prweb/api/CodeIntelligence/v1/rules/query?pxObjClass=Rule-HTML-Section&appliesTo=Rule-Declare-Collection&pyRuleName=pzRuleFormToolbarSave&RequestClass=Rule-HTML-Section&RequestAppliesTo=Rule-Declare-Collection&RequestRuleName=pzRuleFormToolbarSave Payload: "{\"RequestClass\":\"Rule-HTML-Section\",\"RequestAppliesTo\":\"Rule-Declare-Collection\",\"RequestRuleName\":\"pzRuleFormToolbarSave\"}" => HTTP 200 (293885 bytes)
[PegaHttpClient] 📡 POST https://zdk8budo.pegaacademy.net/prweb/api/CodeIntelligence/v1/rules/query?pxObjClass=Rule-HTML-Section&appliesTo=Rule-Declare-Collection&pyRuleName=pzRuleFormToolbarCheckout&RequestClass=Rule-HTML-Section&RequestAppliesTo=Rule-Declare-Collection&RequestRuleName=pzRuleFormToolbarCheckout Payload: "{\"RequestClass\":\"Rule-HTML-Section\",\"RequestAppliesTo\":\"Rule-Declare-Collection\",\"RequestRuleName\":\"pzRuleFormToolbarCheckout\"}" => HTTP 200 (238148 bytes)
[PegaHttpClient] 📡 POST https://zdk8budo.pegaacademy.net/prweb/api/CodeIntelligence/v1/rules/query?pxObjClass=Rule-HTML-Section&appliesTo=Rule-Declare-Collection&pyRuleName=pzRemoveErrorsDataPage&RequestClass=Rule-HTML-Section&RequestAppliesTo=Rule-Declare-Collection&RequestRuleName=pzRemoveErrorsDataPage Payload: "{\"RequestClass\":\"Rule-HTML-Section\",\"RequestAppliesTo\":\"Rule-Declare-Collection\",\"RequestRuleName\":\"pzRemoveErrorsDataPage\"}" => HTTP 200 (16733 bytes)
[PegaHttpClient] 📡 POST https://zdk8budo.pegaacademy.net/prweb/api/CodeIntelligence/v1/rules/query?pxObjClass=Rule-HTML-Section&appliesTo=Rule-Declare-Collection&pyRuleName=pzRuleFormHeaderMessagesWrapper&RequestClass=Rule-HTML-Section&RequestAppliesTo=Rule-Declare-Collection&RequestRuleName=pzRuleFormHeaderMessagesWrapper Payload: "{\"RequestClass\":\"Rule-HTML-Section\",\"RequestAppliesTo\":\"Rule-Declare-Collection\",\"RequestRuleName\":\"pzRuleFormHeaderMessagesWrapper\"}" => HTTP 200 (16981 bytes)
[PegaHttpClient] 📡 POST https://zdk8budo.pegaacademy.net/prweb/api/CodeIntelligence/v1/rules/query?pxObjClass=Rule-HTML-Section&appliesTo=Rule-Declare-Collection&pyRuleName=pzScm_RuleHistory&RequestClass=Rule-HTML-Section&RequestAppliesTo=Rule-Declare-Collection&RequestRuleName=pzScm_RuleHistory Payload: "{\"RequestClass\":\"Rule-HTML-Section\",\"RequestAppliesTo\":\"Rule-Declare-Collection\",\"RequestRuleName\":\"pzScm_RuleHistory\"}" => HTTP 200 (14682 bytes)
[PegaHttpClient] 📡 POST https://zdk8budo.pegaacademy.net/prweb/api/CodeIntelligence/v1/rules/query?pxObjClass=Rule-HTML-Section&appliesTo=Rule-Declare-Collection&pyRuleName=pxDisplayCollaborators&RequestClass=Rule-HTML-Section&RequestAppliesTo=Rule-Declare-Collection&RequestRuleName=pxDisplayCollaborators Payload: "{\"RequestClass\":\"Rule-HTML-Section\",\"RequestAppliesTo\":\"Rule-Declare-Collection\",\"RequestRuleName\":\"pxDisplayCollaborators\"}" => HTTP 200 (94171 bytes)
[PegaHttpClient] 📡 POST https://zdk8budo.pegaacademy.net/prweb/api/CodeIntelligence/v1/rules/query?pxObjClass=Rule-HTML-Section&appliesTo=Rule-Declare-Collection&pyRuleName=pzRuleFormToolbarDeleteCheckOut&RequestClass=Rule-HTML-Section&RequestAppliesTo=Rule-Declare-Collection&RequestRuleName=pzRuleFormToolbarDeleteCheckOut Payload: "{\"RequestClass\":\"Rule-HTML-Section\",\"RequestAppliesTo\":\"Rule-Declare-Collection\",\"RequestRuleName\":\"pzRuleFormToolbarDeleteCheckOut\"}" => HTTP 200 (29433 bytes)
[PegaHttpClient] 📡 POST https://zdk8budo.pegaacademy.net/prweb/api/CodeIntelligence/v1/rules/query?pxObjClass=Rule-HTML-Section&appliesTo=Rule-Declare-Collection&pyRuleName=pzRuleFormToolbarDeleteRule&RequestClass=Rule-HTML-Section&RequestAppliesTo=Rule-Declare-Collection&RequestRuleName=pzRuleFormToolbarDeleteRule Payload: "{\"RequestClass\":\"Rule-HTML-Section\",\"RequestAppliesTo\":\"Rule-Declare-Collection\",\"RequestRuleName\":\"pzRuleFormToolbarDeleteRule\"}" => HTTP 200 (32314 bytes)
[PegaHttpClient] 📡 POST https://zdk8budo.pegaacademy.net/prweb/api/CodeIntelligence/v1/rules/query?pxObjClass=Rule-HTML-Section&appliesTo=Rule-Declare-Collection&pyRuleName=pzLoadCollaborationScripts&RequestClass=Rule-HTML-Section&RequestAppliesTo=Rule-Declare-Collection&RequestRuleName=pzLoadCollaborationScripts Payload: "{\"RequestClass\":\"Rule-HTML-Section\",\"RequestAppliesTo\":\"Rule-Declare-Collection\",\"RequestRuleName\":\"pzLoadCollaborationScripts\"}" => HTTP 200 (23453 bytes)
[PegaHttpClient] 📡 POST https://zdk8budo.pegaacademy.net/prweb/api/CodeIntelligence/v1/rules/query?pxObjClass=Rule-HTML-Section&appliesTo=Rule-Declare-Collection&pyRuleName=pzDisplayCollaboratorsList&RequestClass=Rule-HTML-Section&RequestAppliesTo=Rule-Declare-Collection&RequestRuleName=pzDisplayCollaboratorsList Payload: "{\"RequestClass\":\"Rule-HTML-Section\",\"RequestAppliesTo\":\"Rule-Declare-Collection\",\"RequestRuleName\":\"pzDisplayCollaboratorsList\"}" => HTTP 200 (105418 bytes)
[PegaHttpClient] 📡 POST https://zdk8budo.pegaacademy.net/prweb/api/CodeIntelligence/v1/rules/query?pxObjClass=Rule-HTML-Section&appliesTo=Rule-Declare-Collection&pyRuleName=pyCollaborator&RequestClass=Rule-HTML-Section&RequestAppliesTo=Rule-Declare-Collection&RequestRuleName=pyCollaborator Payload: "{\"RequestClass\":\"Rule-HTML-Section\",\"RequestAppliesTo\":\"Rule-Declare-Collection\",\"RequestRuleName\":\"pyCollaborator\"}" => HTTP 404 (115 bytes)
[PegaHttpClient] 📡 POST https://zdk8budo.pegaacademy.net/prweb/PRRestService/CodeIntelligence/v1/rules/query?pxObjClass=Rule-HTML-Section&appliesTo=Rule-Declare-Collection&pyRuleName=pyCollaborator&RequestClass=Rule-HTML-Section&RequestAppliesTo=Rule-Declare-Collection&RequestRuleName=pyCollaborator Payload: "{\"RequestClass\":\"Rule-HTML-Section\",\"RequestAppliesTo\":\"Rule-Declare-Collection\",\"RequestRuleName\":\"pyCollaborator\"}" => HTTP 404 (115 bytes)
[PegaHttpClient] 📡 POST https://zdk8budo.pegaacademy.net/prweb/api/HRAppsV2Service/V1/rules/query?pxObjClass=Rule-HTML-Section&appliesTo=Rule-Declare-Collection&pyRuleName=pyCollaborator&RequestClass=Rule-HTML-Section&RequestAppliesTo=Rule-Declare-Collection&RequestRuleName=pyCollaborator Payload: "{\"RequestClass\":\"Rule-HTML-Section\",\"RequestAppliesTo\":\"Rule-Declare-Collection\",\"RequestRuleName\":\"pyCollaborator\"}" => HTTP 404 (18 bytes)
[PegaHttpClient] 📡 POST https://zdk8budo.pegaacademy.net/prweb/PRRestService/HRAppsV2Service/V1/rules/query?pxObjClass=Rule-HTML-Section&appliesTo=Rule-Declare-Collection&pyRuleName=pyCollaborator&RequestClass=Rule-HTML-Section&RequestAppliesTo=Rule-Declare-Collection&RequestRuleName=pyCollaborator Payload: "{\"RequestClass\":\"Rule-HTML-Section\",\"RequestAppliesTo\":\"Rule-Declare-Collection\",\"RequestRuleName\":\"pyCollaborator\"}" => HTTP 404 (18 bytes)
[PegaHttpClient] 📡 POST https://zdk8budo.pegaacademy.net/prweb/api/HRAppsV2/V1/rules/query?pxObjClass=Rule-HTML-Section&appliesTo=Rule-Declare-Collection&pyRuleName=pyCollaborator&RequestClass=Rule-HTML-Section&RequestAppliesTo=Rule-Declare-Collection&RequestRuleName=pyCollaborator Payload: "{\"RequestClass\":\"Rule-HTML-Section\",\"RequestAppliesTo\":\"Rule-Declare-Collection\",\"RequestRuleName\":\"pyCollaborator\"}" => HTTP 404 (18 bytes)
[PegaHttpClient] 📡 POST https://zdk8budo.pegaacademy.net/prweb/PRRestService/HRAppsV2/V1/rules/query?pxObjClass=Rule-HTML-Section&appliesTo=Rule-Declare-Collection&pyRuleName=pyCollaborator&RequestClass=Rule-HTML-Section&RequestAppliesTo=Rule-Declare-Collection&RequestRuleName=pyCollaborator Payload: "{\"RequestClass\":\"Rule-HTML-Section\",\"RequestAppliesTo\":\"Rule-Declare-Collection\",\"RequestRuleName\":\"pyCollaborator\"}" => HTTP 404 (18 bytes)
[PegaHttpClient] 📡 POST https://zdk8budo.pegaacademy.net/prweb/api/v1/rules/query?pxObjClass=Rule-HTML-Section&appliesTo=Rule-Declare-Collection&pyRuleName=pyCollaborator&RequestClass=Rule-HTML-Section&RequestAppliesTo=Rule-Declare-Collection&RequestRuleName=pyCollaborator Payload: "{\"RequestClass\":\"Rule-HTML-Section\",\"RequestAppliesTo\":\"Rule-Declare-Collection\",\"RequestRuleName\":\"pyCollaborator\"}" => HTTP 404 (18 bytes)
[PegaHttpClient] 📡 POST https://zdk8budo.pegaacademy.net/prweb/PRRestService/v1/rules/query?pxObjClass=Rule-HTML-Section&appliesTo=Rule-Declare-Collection&pyRuleName=pyCollaborator&RequestClass=Rule-HTML-Section&RequestAppliesTo=Rule-Declare-Collection&RequestRuleName=pyCollaborator Payload: "{\"RequestClass\":\"Rule-HTML-Section\",\"RequestAppliesTo\":\"Rule-Declare-Collection\",\"RequestRuleName\":\"pyCollaborator\"}" => HTTP 404 (18 bytes)
[PegaHttpClient] 📡 POST https://zdk8budo.pegaacademy.net/prweb/api/CodeIntelligence/v1/rules/query?pxObjClass=Rule-HTML-Section&appliesTo=Rule-Declare-Collection&pyRuleName=pzDisplayPartialCount&RequestClass=Rule-HTML-Section&RequestAppliesTo=Rule-Declare-Collection&RequestRuleName=pzDisplayPartialCount Payload: "{\"RequestClass\":\"Rule-HTML-Section\",\"RequestAppliesTo\":\"Rule-Declare-Collection\",\"RequestRuleName\":\"pzDisplayPartialCount\"}" => HTTP 404 (122 bytes)
[PegaHttpClient] 📡 POST https://zdk8budo.pegaacademy.net/prweb/PRRestService/CodeIntelligence/v1/rules/query?pxObjClass=Rule-HTML-Section&appliesTo=Rule-Declare-Collection&pyRuleName=pzDisplayPartialCount&RequestClass=Rule-HTML-Section&RequestAppliesTo=Rule-Declare-Collection&RequestRuleName=pzDisplayPartialCount Payload: "{\"RequestClass\":\"Rule-HTML-Section\",\"RequestAppliesTo\":\"Rule-Declare-Collection\",\"RequestRuleName\":\"pzDisplayPartialCount\"}" => HTTP 404 (122 bytes)
[PegaHttpClient] 📡 POST https://zdk8budo.pegaacademy.net/prweb/api/HRAppsV2Service/V1/rules/query?pxObjClass=Rule-HTML-Section&appliesTo=Rule-Declare-Collection&pyRuleName=pzDisplayPartialCount&RequestClass=Rule-HTML-Section&RequestAppliesTo=Rule-Declare-Collection&RequestRuleName=pzDisplayPartialCount Payload: "{\"RequestClass\":\"Rule-HTML-Section\",\"RequestAppliesTo\":\"Rule-Declare-Collection\",\"RequestRuleName\":\"pzDisplayPartialCount\"}" => HTTP 404 (18 bytes)
[PegaHttpClient] 📡 POST https://zdk8budo.pegaacademy.net/prweb/PRRestService/HRAppsV2Service/V1/rules/query?pxObjClass=Rule-HTML-Section&appliesTo=Rule-Declare-Collection&pyRuleName=pzDisplayPartialCount&RequestClass=Rule-HTML-Section&RequestAppliesTo=Rule-Declare-Collection&RequestRuleName=pzDisplayPartialCount Payload: "{\"RequestClass\":\"Rule-HTML-Section\",\"RequestAppliesTo\":\"Rule-Declare-Collection\",\"RequestRuleName\":\"pzDisplayPartialCount\"}" => HTTP 404 (18 bytes)
[PegaHttpClient] 📡 POST https://zdk8budo.pegaacademy.net/prweb/api/HRAppsV2/V1/rules/query?pxObjClass=Rule-HTML-Section&appliesTo=Rule-Declare-Collection&pyRuleName=pzDisplayPartialCount&RequestClass=Rule-HTML-Section&RequestAppliesTo=Rule-Declare-Collection&RequestRuleName=pzDisplayPartialCount Payload: "{\"RequestClass\":\"Rule-HTML-Section\",\"RequestAppliesTo\":\"Rule-Declare-Collection\",\"RequestRuleName\":\"pzDisplayPartialCount\"}" => HTTP 404 (18 bytes)
[PegaHttpClient] 📡 POST https://zdk8budo.pegaacademy.net/prweb/PRRestService/HRAppsV2/V1/rules/query?pxObjClass=Rule-HTML-Section&appliesTo=Rule-Declare-Collection&pyRuleName=pzDisplayPartialCount&RequestClass=Rule-HTML-Section&RequestAppliesTo=Rule-Declare-Collection&RequestRuleName=pzDisplayPartialCount Payload: "{\"RequestClass\":\"Rule-HTML-Section\",\"RequestAppliesTo\":\"Rule-Declare-Collection\",\"RequestRuleName\":\"pzDisplayPartialCount\"}" => HTTP 404 (18 bytes)
[PegaHttpClient] 📡 POST https://zdk8budo.pegaacademy.net/prweb/api/v1/rules/query?pxObjClass=Rule-HTML-Section&appliesTo=Rule-Declare-Collection&pyRuleName=pzDisplayPartialCount&RequestClass=Rule-HTML-Section&RequestAppliesTo=Rule-Declare-Collection&RequestRuleName=pzDisplayPartialCount Payload: "{\"RequestClass\":\"Rule-HTML-Section\",\"RequestAppliesTo\":\"Rule-Declare-Collection\",\"RequestRuleName\":\"pzDisplayPartialCount\"}" => HTTP 404 (18 bytes)
[PegaHttpClient] 📡 POST https://zdk8budo.pegaacademy.net/prweb/PRRestService/v1/rules/query?pxObjClass=Rule-HTML-Section&appliesTo=Rule-Declare-Collection&pyRuleName=pzDisplayPartialCount&RequestClass=Rule-HTML-Section&RequestAppliesTo=Rule-Declare-Collection&RequestRuleName=pzDisplayPartialCount Payload: "{\"RequestClass\":\"Rule-HTML-Section\",\"RequestAppliesTo\":\"Rule-Declare-Collection\",\"RequestRuleName\":\"pzDisplayPartialCount\"}" => HTTP 404 (18 bytes)
[SchemaGen] ✅ Schema written for Rule-Declare-Collection
[PegaHttpClient] 📡 GET https://zdk8budo.pegaacademy.net/prweb/api/CodeIntelligence/v1/rules/RULE-HTML-HARNESS%20RULE-OBJ-MAPVALUE%20RULEFORM%20%2320190304T103135.743%20GMT => HTTP 200 (38983 bytes)
[PegaHttpClient] 📡 POST https://zdk8budo.pegaacademy.net/prweb/api/CodeIntelligence/v1/rules/query?pxObjClass=Rule-HTML-Section&appliesTo=Rule-Obj-MapValue&pyRuleName=RuleFormMain&RequestClass=Rule-HTML-Section&RequestAppliesTo=Rule-Obj-MapValue&RequestRuleName=RuleFormMain Payload: "{\"RequestClass\":\"Rule-HTML-Section\",\"RequestAppliesTo\":\"Rule-Obj-MapValue\",\"RequestRuleName\":\"RuleFormMain\"}" => HTTP 200 (156234 bytes)
[PegaHttpClient] 📡 POST https://zdk8budo.pegaacademy.net/prweb/api/CodeIntelligence/v1/rules/query?pxObjClass=Rule-HTML-Section&appliesTo=Rule-Obj-MapValue&pyRuleName=pxAlternateRuleForm&RequestClass=Rule-HTML-Section&RequestAppliesTo=Rule-Obj-MapValue&RequestRuleName=pxAlternateRuleForm Payload: "{\"RequestClass\":\"Rule-HTML-Section\",\"RequestAppliesTo\":\"Rule-Obj-MapValue\",\"RequestRuleName\":\"pxAlternateRuleForm\"}" => HTTP 200 (66153 bytes)
[PegaHttpClient] 📡 POST https://zdk8budo.pegaacademy.net/prweb/api/CodeIntelligence/v1/rules/query?pxObjClass=Rule-HTML-Section&appliesTo=Rule-Obj-MapValue&pyRuleName=pzRuleFormScripts&RequestClass=Rule-HTML-Section&RequestAppliesTo=Rule-Obj-MapValue&RequestRuleName=pzRuleFormScripts Payload: "{\"RequestClass\":\"Rule-HTML-Section\",\"RequestAppliesTo\":\"Rule-Obj-MapValue\",\"RequestRuleName\":\"pzRuleFormScripts\"}" => HTTP 200 (40822 bytes)
[PegaHttpClient] 📡 POST https://zdk8budo.pegaacademy.net/prweb/api/CodeIntelligence/v1/rules/query?pxObjClass=Rule-HTML-Section&appliesTo=Rule-Obj-MapValue&pyRuleName=pzRuleFormLayoutDelegated&RequestClass=Rule-HTML-Section&RequestAppliesTo=Rule-Obj-MapValue&RequestRuleName=pzRuleFormLayoutDelegated Payload: "{\"RequestClass\":\"Rule-HTML-Section\",\"RequestAppliesTo\":\"Rule-Obj-MapValue\",\"RequestRuleName\":\"pzRuleFormLayoutDelegated\"}" => HTTP 200 (70998 bytes)
[PegaHttpClient] 📡 POST https://zdk8budo.pegaacademy.net/prweb/api/CodeIntelligence/v1/rules/query?pxObjClass=Rule-HTML-Section&appliesTo=Rule-Obj-MapValue&pyRuleName=RuleFormLayout&RequestClass=Rule-HTML-Section&RequestAppliesTo=Rule-Obj-MapValue&RequestRuleName=RuleFormLayout Payload: "{\"RequestClass\":\"Rule-HTML-Section\",\"RequestAppliesTo\":\"Rule-Obj-MapValue\",\"RequestRuleName\":\"RuleFormLayout\"}" => HTTP 200 (133361 bytes)
[PegaHttpClient] 📡 POST https://zdk8budo.pegaacademy.net/prweb/api/CodeIntelligence/v1/rules/query?pxObjClass=Rule-HTML-Section&appliesTo=Rule-Obj-MapValue&pyRuleName=RuleFormSettings&RequestClass=Rule-HTML-Section&RequestAppliesTo=Rule-Obj-MapValue&RequestRuleName=RuleFormSettings Payload: "{\"RequestClass\":\"Rule-HTML-Section\",\"RequestAppliesTo\":\"Rule-Obj-MapValue\",\"RequestRuleName\":\"RuleFormSettings\"}" => HTTP 200 (20540 bytes)
[PegaHttpClient] 📡 POST https://zdk8budo.pegaacademy.net/prweb/api/CodeIntelligence/v1/rules/query?pxObjClass=Rule-HTML-Section&appliesTo=Rule-Obj-MapValue&pyRuleName=OpenAuthoring&RequestClass=Rule-HTML-Section&RequestAppliesTo=Rule-Obj-MapValue&RequestRuleName=OpenAuthoring Payload: "{\"RequestClass\":\"Rule-HTML-Section\",\"RequestAppliesTo\":\"Rule-Obj-MapValue\",\"RequestRuleName\":\"OpenAuthoring\"}" => HTTP 200 (23695 bytes)
[PegaHttpClient] 📡 POST https://zdk8budo.pegaacademy.net/prweb/api/CodeIntelligence/v1/rules/query?pxObjClass=Rule-HTML-Section&appliesTo=Rule-Obj-MapValue&pyRuleName=pyCustomHelp&RequestClass=Rule-HTML-Section&RequestAppliesTo=Rule-Obj-MapValue&RequestRuleName=pyCustomHelp Payload: "{\"RequestClass\":\"Rule-HTML-Section\",\"RequestAppliesTo\":\"Rule-Obj-MapValue\",\"RequestRuleName\":\"pyCustomHelp\"}" => HTTP 200 (17256 bytes)
[PegaHttpClient] 📡 POST https://zdk8budo.pegaacademy.net/prweb/api/CodeIntelligence/v1/rules/query?pxObjClass=Rule-HTML-Section&appliesTo=Rule-Obj-MapValue&pyRuleName=pzRuleformMainInclude&RequestClass=Rule-HTML-Section&RequestAppliesTo=Rule-Obj-MapValue&RequestRuleName=pzRuleformMainInclude Payload: "{\"RequestClass\":\"Rule-HTML-Section\",\"RequestAppliesTo\":\"Rule-Obj-MapValue\",\"RequestRuleName\":\"pzRuleformMainInclude\"}" => HTTP 200 (22375 bytes)
[PegaHttpClient] 📡 POST https://zdk8budo.pegaacademy.net/prweb/api/CodeIntelligence/v1/rules/query?pxObjClass=Rule-HTML-Section&appliesTo=Rule-Obj-MapValue&pyRuleName=pyAlternativeRuleFormStrategicAppExtension&RequestClass=Rule-HTML-Section&RequestAppliesTo=Rule-Obj-MapValue&RequestRuleName=pyAlternativeRuleFormStrategicAppExtension Payload: "{\"RequestClass\":\"Rule-HTML-Section\",\"RequestAppliesTo\":\"Rule-Obj-MapValue\",\"RequestRuleName\":\"pyAlternativeRuleFormStrategicAppExtension\"}" => HTTP 200 (25042 bytes)
[PegaHttpClient] 📡 POST https://zdk8budo.pegaacademy.net/prweb/api/CodeIntelligence/v1/rules/query?pxObjClass=Rule-HTML-Section&appliesTo=Rule-Obj-MapValue&pyRuleName=pyAlternativeRuleFormExtension&RequestClass=Rule-HTML-Section&RequestAppliesTo=Rule-Obj-MapValue&RequestRuleName=pyAlternativeRuleFormExtension Payload: "{\"RequestClass\":\"Rule-HTML-Section\",\"RequestAppliesTo\":\"Rule-Obj-MapValue\",\"RequestRuleName\":\"pyAlternativeRuleFormExtension\"}" => HTTP 200 (24863 bytes)
[PegaHttpClient] 📡 POST https://zdk8budo.pegaacademy.net/prweb/api/CodeIntelligence/v1/rules/query?pxObjClass=Rule-HTML-Section&appliesTo=Rule-Obj-MapValue&pyRuleName=RuleFormHeader&RequestClass=Rule-HTML-Section&RequestAppliesTo=Rule-Obj-MapValue&RequestRuleName=RuleFormHeader Payload: "{\"RequestClass\":\"Rule-HTML-Section\",\"RequestAppliesTo\":\"Rule-Obj-MapValue\",\"RequestRuleName\":\"RuleFormHeader\"}" => HTTP 200 (183800 bytes)
[PegaHttpClient] 📡 POST https://zdk8budo.pegaacademy.net/prweb/api/CodeIntelligence/v1/rules/query?pxObjClass=Rule-HTML-Section&appliesTo=Rule-Obj-MapValue&pyRuleName=pzDelegationExperience&RequestClass=Rule-HTML-Section&RequestAppliesTo=Rule-Obj-MapValue&RequestRuleName=pzDelegationExperience Payload: "{\"RequestClass\":\"Rule-HTML-Section\",\"RequestAppliesTo\":\"Rule-Obj-MapValue\",\"RequestRuleName\":\"pzDelegationExperience\"}" => HTTP 404 (117 bytes)
[PegaHttpClient] 📡 POST https://zdk8budo.pegaacademy.net/prweb/PRRestService/CodeIntelligence/v1/rules/query?pxObjClass=Rule-HTML-Section&appliesTo=Rule-Obj-MapValue&pyRuleName=pzDelegationExperience&RequestClass=Rule-HTML-Section&RequestAppliesTo=Rule-Obj-MapValue&RequestRuleName=pzDelegationExperience Payload: "{\"RequestClass\":\"Rule-HTML-Section\",\"RequestAppliesTo\":\"Rule-Obj-MapValue\",\"RequestRuleName\":\"pzDelegationExperience\"}" => HTTP 404 (117 bytes)
[PegaHttpClient] 📡 POST https://zdk8budo.pegaacademy.net/prweb/api/HRAppsV2Service/V1/rules/query?pxObjClass=Rule-HTML-Section&appliesTo=Rule-Obj-MapValue&pyRuleName=pzDelegationExperience&RequestClass=Rule-HTML-Section&RequestAppliesTo=Rule-Obj-MapValue&RequestRuleName=pzDelegationExperience Payload: "{\"RequestClass\":\"Rule-HTML-Section\",\"RequestAppliesTo\":\"Rule-Obj-MapValue\",\"RequestRuleName\":\"pzDelegationExperience\"}" => HTTP 404 (18 bytes)
[PegaHttpClient] 📡 POST https://zdk8budo.pegaacademy.net/prweb/PRRestService/HRAppsV2Service/V1/rules/query?pxObjClass=Rule-HTML-Section&appliesTo=Rule-Obj-MapValue&pyRuleName=pzDelegationExperience&RequestClass=Rule-HTML-Section&RequestAppliesTo=Rule-Obj-MapValue&RequestRuleName=pzDelegationExperience Payload: "{\"RequestClass\":\"Rule-HTML-Section\",\"RequestAppliesTo\":\"Rule-Obj-MapValue\",\"RequestRuleName\":\"pzDelegationExperience\"}" => HTTP 404 (18 bytes)
[PegaHttpClient] 📡 POST https://zdk8budo.pegaacademy.net/prweb/api/HRAppsV2/V1/rules/query?pxObjClass=Rule-HTML-Section&appliesTo=Rule-Obj-MapValue&pyRuleName=pzDelegationExperience&RequestClass=Rule-HTML-Section&RequestAppliesTo=Rule-Obj-MapValue&RequestRuleName=pzDelegationExperience Payload: "{\"RequestClass\":\"Rule-HTML-Section\",\"RequestAppliesTo\":\"Rule-Obj-MapValue\",\"RequestRuleName\":\"pzDelegationExperience\"}" => HTTP 404 (18 bytes)
[PegaHttpClient] 📡 POST https://zdk8budo.pegaacademy.net/prweb/PRRestService/HRAppsV2/V1/rules/query?pxObjClass=Rule-HTML-Section&appliesTo=Rule-Obj-MapValue&pyRuleName=pzDelegationExperience&RequestClass=Rule-HTML-Section&RequestAppliesTo=Rule-Obj-MapValue&RequestRuleName=pzDelegationExperience Payload: "{\"RequestClass\":\"Rule-HTML-Section\",\"RequestAppliesTo\":\"Rule-Obj-MapValue\",\"RequestRuleName\":\"pzDelegationExperience\"}" => HTTP 404 (18 bytes)
[PegaHttpClient] 📡 POST https://zdk8budo.pegaacademy.net/prweb/api/v1/rules/query?pxObjClass=Rule-HTML-Section&appliesTo=Rule-Obj-MapValue&pyRuleName=pzDelegationExperience&RequestClass=Rule-HTML-Section&RequestAppliesTo=Rule-Obj-MapValue&RequestRuleName=pzDelegationExperience Payload: "{\"RequestClass\":\"Rule-HTML-Section\",\"RequestAppliesTo\":\"Rule-Obj-MapValue\",\"RequestRuleName\":\"pzDelegationExperience\"}" => HTTP 404 (18 bytes)
[PegaHttpClient] 📡 POST https://zdk8budo.pegaacademy.net/prweb/PRRestService/v1/rules/query?pxObjClass=Rule-HTML-Section&appliesTo=Rule-Obj-MapValue&pyRuleName=pzDelegationExperience&RequestClass=Rule-HTML-Section&RequestAppliesTo=Rule-Obj-MapValue&RequestRuleName=pzDelegationExperience Payload: "{\"RequestClass\":\"Rule-HTML-Section\",\"RequestAppliesTo\":\"Rule-Obj-MapValue\",\"RequestRuleName\":\"pzDelegationExperience\"}" => HTTP 404 (18 bytes)
[PegaHttpClient] 📡 POST https://zdk8budo.pegaacademy.net/prweb/api/CodeIntelligence/v1/rules/query?pxObjClass=Rule-HTML-Section&appliesTo=Rule-Obj-MapValue&pyRuleName=pzMatrix&RequestClass=Rule-HTML-Section&RequestAppliesTo=Rule-Obj-MapValue&RequestRuleName=pzMatrix Payload: "{\"RequestClass\":\"Rule-HTML-Section\",\"RequestAppliesTo\":\"Rule-Obj-MapValue\",\"RequestRuleName\":\"pzMatrix\"}" => HTTP 200 (145524 bytes)
[PegaHttpClient] 📡 POST https://zdk8budo.pegaacademy.net/prweb/api/CodeIntelligence/v1/rules/query?pxObjClass=Rule-HTML-Section&appliesTo=Rule-Obj-MapValue&pyRuleName=pzConfiguration&RequestClass=Rule-HTML-Section&RequestAppliesTo=Rule-Obj-MapValue&RequestRuleName=pzConfiguration Payload: "{\"RequestClass\":\"Rule-HTML-Section\",\"RequestAppliesTo\":\"Rule-Obj-MapValue\",\"RequestRuleName\":\"pzConfiguration\"}" => HTTP 200 (41968 bytes)
[PegaHttpClient] 📡 POST https://zdk8budo.pegaacademy.net/prweb/api/CodeIntelligence/v1/rules/query?pxObjClass=Rule-HTML-Section&appliesTo=Rule-Obj-MapValue&pyRuleName=pzRuleFormParameters&RequestClass=Rule-HTML-Section&RequestAppliesTo=Rule-Obj-MapValue&RequestRuleName=pzRuleFormParameters Payload: "{\"RequestClass\":\"Rule-HTML-Section\",\"RequestAppliesTo\":\"Rule-Obj-MapValue\",\"RequestRuleName\":\"pzRuleFormParameters\"}" => HTTP 200 (87003 bytes)
[PegaHttpClient] 📡 POST https://zdk8budo.pegaacademy.net/prweb/api/CodeIntelligence/v1/rules/query?pxObjClass=Rule-HTML-Section&appliesTo=Rule-Obj-MapValue&pyRuleName=RuleFormPagesAndClasses&RequestClass=Rule-HTML-Section&RequestAppliesTo=Rule-Obj-MapValue&RequestRuleName=RuleFormPagesAndClasses Payload: "{\"RequestClass\":\"Rule-HTML-Section\",\"RequestAppliesTo\":\"Rule-Obj-MapValue\",\"RequestRuleName\":\"RuleFormPagesAndClasses\"}" => HTTP 200 (34748 bytes)
[PegaHttpClient] 📡 POST https://zdk8budo.pegaacademy.net/prweb/api/CodeIntelligence/v1/rules/query?pxObjClass=Rule-HTML-Section&appliesTo=Rule-Obj-MapValue&pyRuleName=pzUnitTestCases&RequestClass=Rule-HTML-Section&RequestAppliesTo=Rule-Obj-MapValue&RequestRuleName=pzUnitTestCases Payload: "{\"RequestClass\":\"Rule-HTML-Section\",\"RequestAppliesTo\":\"Rule-Obj-MapValue\",\"RequestRuleName\":\"pzUnitTestCases\"}" => HTTP 200 (285239 bytes)
[PegaHttpClient] 📡 POST https://zdk8budo.pegaacademy.net/prweb/api/CodeIntelligence/v1/rules/query?pxObjClass=Rule-HTML-Section&appliesTo=Rule-Obj-MapValue&pyRuleName=pzSpecifications&RequestClass=Rule-HTML-Section&RequestAppliesTo=Rule-Obj-MapValue&RequestRuleName=pzSpecifications Payload: "{\"RequestClass\":\"Rule-HTML-Section\",\"RequestAppliesTo\":\"Rule-Obj-MapValue\",\"RequestRuleName\":\"pzSpecifications\"}" => HTTP 200 (16577 bytes)
[PegaHttpClient] 📡 POST https://zdk8budo.pegaacademy.net/prweb/api/CodeIntelligence/v1/rules/query?pxObjClass=Rule-HTML-Section&appliesTo=Rule-Obj-MapValue&pyRuleName=RuleFormHistory&RequestClass=Rule-HTML-Section&RequestAppliesTo=Rule-Obj-MapValue&RequestRuleName=RuleFormHistory Payload: "{\"RequestClass\":\"Rule-HTML-Section\",\"RequestAppliesTo\":\"Rule-Obj-MapValue\",\"RequestRuleName\":\"RuleFormHistory\"}" => HTTP 200 (76091 bytes)
[PegaHttpClient] 📡 POST https://zdk8budo.pegaacademy.net/prweb/api/CodeIntelligence/v1/rules/query?pxObjClass=Rule-HTML-Section&appliesTo=Rule-Obj-MapValue&pyRuleName=pzCustomHelp&RequestClass=Rule-HTML-Section&RequestAppliesTo=Rule-Obj-MapValue&RequestRuleName=pzCustomHelp Payload: "{\"RequestClass\":\"Rule-HTML-Section\",\"RequestAppliesTo\":\"Rule-Obj-MapValue\",\"RequestRuleName\":\"pzCustomHelp\"}" => HTTP 200 (31573 bytes)
[PegaHttpClient] 📡 POST https://zdk8budo.pegaacademy.net/prweb/api/CodeIntelligence/v1/rules/query?pxObjClass=Rule-HTML-Section&appliesTo=Rule-Obj-MapValue&pyRuleName=pzRuleFormKeysAndDescription&RequestClass=Rule-HTML-Section&RequestAppliesTo=Rule-Obj-MapValue&RequestRuleName=pzRuleFormKeysAndDescription Payload: "{\"RequestClass\":\"Rule-HTML-Section\",\"RequestAppliesTo\":\"Rule-Obj-MapValue\",\"RequestRuleName\":\"pzRuleFormKeysAndDescription\"}" => HTTP 200 (218057 bytes)
[PegaHttpClient] 📡 POST https://zdk8budo.pegaacademy.net/prweb/api/CodeIntelligence/v1/rules/query?pxObjClass=Rule-HTML-Section&appliesTo=Rule-Obj-MapValue&pyRuleName=pzRuleFormRuleset&RequestClass=Rule-HTML-Section&RequestAppliesTo=Rule-Obj-MapValue&RequestRuleName=pzRuleFormRuleset Payload: "{\"RequestClass\":\"Rule-HTML-Section\",\"RequestAppliesTo\":\"Rule-Obj-MapValue\",\"RequestRuleName\":\"pzRuleFormRuleset\"}" => HTTP 200 (33985 bytes)
[PegaHttpClient] 📡 POST https://zdk8budo.pegaacademy.net/prweb/api/CodeIntelligence/v1/rules/query?pxObjClass=Rule-HTML-Section&appliesTo=Rule-Obj-MapValue&pyRuleName=undefined&RequestClass=Rule-HTML-Section&RequestAppliesTo=Rule-Obj-MapValue&RequestRuleName=undefined Payload: "{\"RequestClass\":\"Rule-HTML-Section\",\"RequestAppliesTo\":\"Rule-Obj-MapValue\",\"RequestRuleName\":\"undefined\"}" => HTTP 404 (104 bytes)
[PegaHttpClient] 📡 POST https://zdk8budo.pegaacademy.net/prweb/PRRestService/CodeIntelligence/v1/rules/query?pxObjClass=Rule-HTML-Section&appliesTo=Rule-Obj-MapValue&pyRuleName=undefined&RequestClass=Rule-HTML-Section&RequestAppliesTo=Rule-Obj-MapValue&RequestRuleName=undefined Payload: "{\"RequestClass\":\"Rule-HTML-Section\",\"RequestAppliesTo\":\"Rule-Obj-MapValue\",\"RequestRuleName\":\"undefined\"}" => HTTP 404 (104 bytes)
[PegaHttpClient] 📡 POST https://zdk8budo.pegaacademy.net/prweb/api/HRAppsV2Service/V1/rules/query?pxObjClass=Rule-HTML-Section&appliesTo=Rule-Obj-MapValue&pyRuleName=undefined&RequestClass=Rule-HTML-Section&RequestAppliesTo=Rule-Obj-MapValue&RequestRuleName=undefined Payload: "{\"RequestClass\":\"Rule-HTML-Section\",\"RequestAppliesTo\":\"Rule-Obj-MapValue\",\"RequestRuleName\":\"undefined\"}" => HTTP 404 (18 bytes)
[PegaHttpClient] 📡 POST https://zdk8budo.pegaacademy.net/prweb/PRRestService/HRAppsV2Service/V1/rules/query?pxObjClass=Rule-HTML-Section&appliesTo=Rule-Obj-MapValue&pyRuleName=undefined&RequestClass=Rule-HTML-Section&RequestAppliesTo=Rule-Obj-MapValue&RequestRuleName=undefined Payload: "{\"RequestClass\":\"Rule-HTML-Section\",\"RequestAppliesTo\":\"Rule-Obj-MapValue\",\"RequestRuleName\":\"undefined\"}" => HTTP 404 (18 bytes)
[PegaHttpClient] 📡 POST https://zdk8budo.pegaacademy.net/prweb/api/HRAppsV2/V1/rules/query?pxObjClass=Rule-HTML-Section&appliesTo=Rule-Obj-MapValue&pyRuleName=undefined&RequestClass=Rule-HTML-Section&RequestAppliesTo=Rule-Obj-MapValue&RequestRuleName=undefined Payload: "{\"RequestClass\":\"Rule-HTML-Section\",\"RequestAppliesTo\":\"Rule-Obj-MapValue\",\"RequestRuleName\":\"undefined\"}" => HTTP 404 (18 bytes)
[PegaHttpClient] 📡 POST https://zdk8budo.pegaacademy.net/prweb/PRRestService/HRAppsV2/V1/rules/query?pxObjClass=Rule-HTML-Section&appliesTo=Rule-Obj-MapValue&pyRuleName=undefined&RequestClass=Rule-HTML-Section&RequestAppliesTo=Rule-Obj-MapValue&RequestRuleName=undefined Payload: "{\"RequestClass\":\"Rule-HTML-Section\",\"RequestAppliesTo\":\"Rule-Obj-MapValue\",\"RequestRuleName\":\"undefined\"}" => HTTP 404 (18 bytes)
[PegaHttpClient] 📡 POST https://zdk8budo.pegaacademy.net/prweb/api/v1/rules/query?pxObjClass=Rule-HTML-Section&appliesTo=Rule-Obj-MapValue&pyRuleName=undefined&RequestClass=Rule-HTML-Section&RequestAppliesTo=Rule-Obj-MapValue&RequestRuleName=undefined Payload: "{\"RequestClass\":\"Rule-HTML-Section\",\"RequestAppliesTo\":\"Rule-Obj-MapValue\",\"RequestRuleName\":\"undefined\"}" => HTTP 404 (18 bytes)
[PegaHttpClient] 📡 POST https://zdk8budo.pegaacademy.net/prweb/PRRestService/v1/rules/query?pxObjClass=Rule-HTML-Section&appliesTo=Rule-Obj-MapValue&pyRuleName=undefined&RequestClass=Rule-HTML-Section&RequestAppliesTo=Rule-Obj-MapValue&RequestRuleName=undefined Payload: "{\"RequestClass\":\"Rule-HTML-Section\",\"RequestAppliesTo\":\"Rule-Obj-MapValue\",\"RequestRuleName\":\"undefined\"}" => HTTP 404 (18 bytes)
[PegaHttpClient] 📡 POST https://zdk8budo.pegaacademy.net/prweb/api/CodeIntelligence/v1/rules/query?pxObjClass=Rule-HTML-Section&appliesTo=Rule-Obj-MapValue&pyRuleName=pzRuleFormToolbar&RequestClass=Rule-HTML-Section&RequestAppliesTo=Rule-Obj-MapValue&RequestRuleName=pzRuleFormToolbar Payload: "{\"RequestClass\":\"Rule-HTML-Section\",\"RequestAppliesTo\":\"Rule-Obj-MapValue\",\"RequestRuleName\":\"pzRuleFormToolbar\"}" => HTTP 200 (242691 bytes)
[PegaHttpClient] 📡 POST https://zdk8budo.pegaacademy.net/prweb/api/CodeIntelligence/v1/rules/query?pxObjClass=Rule-HTML-Section&appliesTo=Rule-Obj-MapValue&pyRuleName=pzRuleFormToolbarCompare&RequestClass=Rule-HTML-Section&RequestAppliesTo=Rule-Obj-MapValue&RequestRuleName=pzRuleFormToolbarCompare Payload: "{\"RequestClass\":\"Rule-HTML-Section\",\"RequestAppliesTo\":\"Rule-Obj-MapValue\",\"RequestRuleName\":\"pzRuleFormToolbarCompare\"}" => HTTP 200 (61925 bytes)
[PegaHttpClient] 📡 POST https://zdk8budo.pegaacademy.net/prweb/api/CodeIntelligence/v1/rules/query?pxObjClass=Rule-HTML-Section&appliesTo=Rule-Obj-MapValue&pyRuleName=RuleFormHeaderMessages&RequestClass=Rule-HTML-Section&RequestAppliesTo=Rule-Obj-MapValue&RequestRuleName=RuleFormHeaderMessages Payload: "{\"RequestClass\":\"Rule-HTML-Section\",\"RequestAppliesTo\":\"Rule-Obj-MapValue\",\"RequestRuleName\":\"RuleFormHeaderMessages\"}" => HTTP 200 (26518 bytes)
[PegaHttpClient] 📡 POST https://zdk8budo.pegaacademy.net/prweb/api/CodeIntelligence/v1/rules/query?pxObjClass=Rule-HTML-Section&appliesTo=Rule-Obj-MapValue&pyRuleName=pzColumnProperty&RequestClass=Rule-HTML-Section&RequestAppliesTo=Rule-Obj-MapValue&RequestRuleName=pzColumnProperty Payload: "{\"RequestClass\":\"Rule-HTML-Section\",\"RequestAppliesTo\":\"Rule-Obj-MapValue\",\"RequestRuleName\":\"pzColumnProperty\"}" => HTTP 200 (92799 bytes)
[PegaHttpClient] 📡 POST https://zdk8budo.pegaacademy.net/prweb/api/CodeIntelligence/v1/rules/query?pxObjClass=Rule-HTML-Section&appliesTo=Rule-Obj-MapValue&pyRuleName=pzRowProperty&RequestClass=Rule-HTML-Section&RequestAppliesTo=Rule-Obj-MapValue&RequestRuleName=pzRowProperty Payload: "{\"RequestClass\":\"Rule-HTML-Section\",\"RequestAppliesTo\":\"Rule-Obj-MapValue\",\"RequestRuleName\":\"pzRowProperty\"}" => HTTP 200 (91910 bytes)
[PegaHttpClient] 📡 POST https://zdk8budo.pegaacademy.net/prweb/api/CodeIntelligence/v1/rules/query?pxObjClass=Rule-HTML-Section&appliesTo=Rule-Obj-MapValue&pyRuleName=pzMapValueOptions&RequestClass=Rule-HTML-Section&RequestAppliesTo=Rule-Obj-MapValue&RequestRuleName=pzMapValueOptions Payload: "{\"RequestClass\":\"Rule-HTML-Section\",\"RequestAppliesTo\":\"Rule-Obj-MapValue\",\"RequestRuleName\":\"pzMapValueOptions\"}" => HTTP 200 (15920 bytes)
[PegaHttpClient] 📡 POST https://zdk8budo.pegaacademy.net/prweb/api/CodeIntelligence/v1/rules/query?pxObjClass=Rule-HTML-Section&appliesTo=Rule-Obj-MapValue&pyRuleName=pzInput&RequestClass=Rule-HTML-Section&RequestAppliesTo=Rule-Obj-MapValue&RequestRuleName=pzInput Payload: "{\"RequestClass\":\"Rule-HTML-Section\",\"RequestAppliesTo\":\"Rule-Obj-MapValue\",\"RequestRuleName\":\"pzInput\"}" => HTTP 200 (23298 bytes)
[PegaHttpClient] 📡 POST https://zdk8budo.pegaacademy.net/prweb/api/CodeIntelligence/v1/rules/query?pxObjClass=Rule-HTML-Section&appliesTo=Rule-Obj-MapValue&pyRuleName=pzResults&RequestClass=Rule-HTML-Section&RequestAppliesTo=Rule-Obj-MapValue&RequestRuleName=pzResults Payload: "{\"RequestClass\":\"Rule-HTML-Section\",\"RequestAppliesTo\":\"Rule-Obj-MapValue\",\"RequestRuleName\":\"pzResults\"}" => HTTP 200 (19375 bytes)
[PegaHttpClient] 📡 POST https://zdk8budo.pegaacademy.net/prweb/api/CodeIntelligence/v1/rules/query?pxObjClass=Rule-HTML-Section&appliesTo=Rule-Obj-MapValue&pyRuleName=pzRuleFormParametersScript&RequestClass=Rule-HTML-Section&RequestAppliesTo=Rule-Obj-MapValue&RequestRuleName=pzRuleFormParametersScript Payload: "{\"RequestClass\":\"Rule-HTML-Section\",\"RequestAppliesTo\":\"Rule-Obj-MapValue\",\"RequestRuleName\":\"pzRuleFormParametersScript\"}" => HTTP 200 (32712 bytes)
[PegaHttpClient] 📡 POST https://zdk8budo.pegaacademy.net/prweb/api/CodeIntelligence/v1/rules/query?pxObjClass=Rule-HTML-Section&appliesTo=Rule-Obj-MapValue&pyRuleName=pzRuleFormPagesAndClassesScript&RequestClass=Rule-HTML-Section&RequestAppliesTo=Rule-Obj-MapValue&RequestRuleName=pzRuleFormPagesAndClassesScript Payload: "{\"RequestClass\":\"Rule-HTML-Section\",\"RequestAppliesTo\":\"Rule-Obj-MapValue\",\"RequestRuleName\":\"pzRuleFormPagesAndClassesScript\"}" => HTTP 200 (15730 bytes)
[PegaHttpClient] 📡 POST https://zdk8budo.pegaacademy.net/prweb/api/CodeIntelligence/v1/rules/query?pxObjClass=Rule-HTML-Section&appliesTo=Rule-Obj-MapValue&pyRuleName=pzPagesAndClassesNoMode&RequestClass=Rule-HTML-Section&RequestAppliesTo=Rule-Obj-MapValue&RequestRuleName=pzPagesAndClassesNoMode Payload: "{\"RequestClass\":\"Rule-HTML-Section\",\"RequestAppliesTo\":\"Rule-Obj-MapValue\",\"RequestRuleName\":\"pzPagesAndClassesNoMode\"}" => HTTP 200 (90057 bytes)
[PegaHttpClient] 📡 POST https://zdk8budo.pegaacademy.net/prweb/api/CodeIntelligence/v1/rules/query?pxObjClass=Rule-HTML-Section&appliesTo=Rule-Obj-MapValue&pyRuleName=pzPagesAndClassesWithMode&RequestClass=Rule-HTML-Section&RequestAppliesTo=Rule-Obj-MapValue&RequestRuleName=pzPagesAndClassesWithMode Payload: "{\"RequestClass\":\"Rule-HTML-Section\",\"RequestAppliesTo\":\"Rule-Obj-MapValue\",\"RequestRuleName\":\"pzPagesAndClassesWithMode\"}" => HTTP 200 (97424 bytes)
[PegaHttpClient] 📡 POST https://zdk8budo.pegaacademy.net/prweb/api/CodeIntelligence/v1/rules/query?pxObjClass=Rule-HTML-Section&appliesTo=Rule-Obj-MapValue&pyRuleName=pzRFSelectAllTestCases&RequestClass=Rule-HTML-Section&RequestAppliesTo=Rule-Obj-MapValue&RequestRuleName=pzRFSelectAllTestCases Payload: "{\"RequestClass\":\"Rule-HTML-Section\",\"RequestAppliesTo\":\"Rule-Obj-MapValue\",\"RequestRuleName\":\"pzRFSelectAllTestCases\"}" => HTTP 200 (83585 bytes)
[PegaHttpClient] 📡 POST https://zdk8budo.pegaacademy.net/prweb/api/CodeIntelligence/v1/rules/query?pxObjClass=Rule-HTML-Section&appliesTo=Rule-Obj-MapValue&pyRuleName=pzRFProgressbarWrapper&RequestClass=Rule-HTML-Section&RequestAppliesTo=Rule-Obj-MapValue&RequestRuleName=pzRFProgressbarWrapper Payload: "{\"RequestClass\":\"Rule-HTML-Section\",\"RequestAppliesTo\":\"Rule-Obj-MapValue\",\"RequestRuleName\":\"pzRFProgressbarWrapper\"}" => HTTP 200 (17204 bytes)
[PegaHttpClient] 📡 POST https://zdk8budo.pegaacademy.net/prweb/api/CodeIntelligence/v1/rules/query?pxObjClass=Rule-HTML-Section&appliesTo=Rule-Obj-MapValue&pyRuleName=pzRFRunSelected&RequestClass=Rule-HTML-Section&RequestAppliesTo=Rule-Obj-MapValue&RequestRuleName=pzRFRunSelected Payload: "{\"RequestClass\":\"Rule-HTML-Section\",\"RequestAppliesTo\":\"Rule-Obj-MapValue\",\"RequestRuleName\":\"pzRFRunSelected\"}" => HTTP 200 (19863 bytes)
[PegaHttpClient] 📡 POST https://zdk8budo.pegaacademy.net/prweb/api/CodeIntelligence/v1/rules/query?pxObjClass=Rule-HTML-Section&appliesTo=Rule-Obj-MapValue&pyRuleName=pzRuleSpecificButtons&RequestClass=Rule-HTML-Section&RequestAppliesTo=Rule-Obj-MapValue&RequestRuleName=pzRuleSpecificButtons Payload: "{\"RequestClass\":\"Rule-HTML-Section\",\"RequestAppliesTo\":\"Rule-Obj-MapValue\",\"RequestRuleName\":\"pzRuleSpecificButtons\"}" => HTTP 200 (15181 bytes)
[PegaHttpClient] 📡 POST https://zdk8budo.pegaacademy.net/prweb/api/CodeIntelligence/v1/rules/query?pxObjClass=Rule-HTML-Section&appliesTo=Rule-Obj-MapValue&pyRuleName=pzRFSelectATest&RequestClass=Rule-HTML-Section&RequestAppliesTo=Rule-Obj-MapValue&RequestRuleName=pzRFSelectATest Payload: "{\"RequestClass\":\"Rule-HTML-Section\",\"RequestAppliesTo\":\"Rule-Obj-MapValue\",\"RequestRuleName\":\"pzRFSelectATest\"}" => HTTP 200 (23363 bytes)
[PegaHttpClient] 📡 POST https://zdk8budo.pegaacademy.net/prweb/api/CodeIntelligence/v1/rules/query?pxObjClass=Rule-HTML-Section&appliesTo=Rule-Obj-MapValue&pyRuleName=pzTestCaseRunTimeWrapperLP&RequestClass=Rule-HTML-Section&RequestAppliesTo=Rule-Obj-MapValue&RequestRuleName=pzTestCaseRunTimeWrapperLP Payload: "{\"RequestClass\":\"Rule-HTML-Section\",\"RequestAppliesTo\":\"Rule-Obj-MapValue\",\"RequestRuleName\":\"pzTestCaseRunTimeWrapperLP\"}" => HTTP 200 (19734 bytes)
[PegaHttpClient] 📡 POST https://zdk8budo.pegaacademy.net/prweb/api/CodeIntelligence/v1/rules/query?pxObjClass=Rule-HTML-Section&appliesTo=Rule-Obj-MapValue&pyRuleName=pzShowRunAndExpectedTimeWrapper&RequestClass=Rule-HTML-Section&RequestAppliesTo=Rule-Obj-MapValue&RequestRuleName=pzShowRunAndExpectedTimeWrapper Payload: "{\"RequestClass\":\"Rule-HTML-Section\",\"RequestAppliesTo\":\"Rule-Obj-MapValue\",\"RequestRuleName\":\"pzShowRunAndExpectedTimeWrapper\"}" => HTTP 200 (30204 bytes)
[PegaHttpClient] 📡 POST https://zdk8budo.pegaacademy.net/prweb/api/CodeIntelligence/v1/rules/query?pxObjClass=Rule-HTML-Section&appliesTo=Rule-Obj-MapValue&pyRuleName=pzTestCaseRunStatusWrapperLP&RequestClass=Rule-HTML-Section&RequestAppliesTo=Rule-Obj-MapValue&RequestRuleName=pzTestCaseRunStatusWrapperLP Payload: "{\"RequestClass\":\"Rule-HTML-Section\",\"RequestAppliesTo\":\"Rule-Obj-MapValue\",\"RequestRuleName\":\"pzTestCaseRunStatusWrapperLP\"}" => HTTP 200 (56140 bytes)
[PegaHttpClient] 📡 POST https://zdk8budo.pegaacademy.net/prweb/api/CodeIntelligence/v1/rules/query?pxObjClass=Rule-HTML-Section&appliesTo=Rule-Obj-MapValue&pyRuleName=pzSpecificationsInner&RequestClass=Rule-HTML-Section&RequestAppliesTo=Rule-Obj-MapValue&RequestRuleName=pzSpecificationsInner Payload: "{\"RequestClass\":\"Rule-HTML-Section\",\"RequestAppliesTo\":\"Rule-Obj-MapValue\",\"RequestRuleName\":\"pzSpecificationsInner\"}" => HTTP 200 (142370 bytes)
[PegaHttpClient] 📡 POST https://zdk8budo.pegaacademy.net/prweb/api/CodeIntelligence/v1/rules/query?pxObjClass=Rule-HTML-Section&appliesTo=Rule-Obj-MapValue&pyRuleName=pzAlternateRuleInfo&RequestClass=Rule-HTML-Section&RequestAppliesTo=Rule-Obj-MapValue&RequestRuleName=pzAlternateRuleInfo Payload: "{\"RequestClass\":\"Rule-HTML-Section\",\"RequestAppliesTo\":\"Rule-Obj-MapValue\",\"RequestRuleName\":\"pzAlternateRuleInfo\"}" => HTTP 200 (140407 bytes)
[PegaHttpClient] 📡 POST https://zdk8budo.pegaacademy.net/prweb/api/CodeIntelligence/v1/rules/query?pxObjClass=Rule-HTML-Section&appliesTo=Rule-Obj-MapValue&pyRuleName=RuleFormHistory_Description&RequestClass=Rule-HTML-Section&RequestAppliesTo=Rule-Obj-MapValue&RequestRuleName=RuleFormHistory_Description Payload: "{\"RequestClass\":\"Rule-HTML-Section\",\"RequestAppliesTo\":\"Rule-Obj-MapValue\",\"RequestRuleName\":\"RuleFormHistory_Description\"}" => HTTP 200 (46242 bytes)
[PegaHttpClient] 📡 POST https://zdk8budo.pegaacademy.net/prweb/api/CodeIntelligence/v1/rules/query?pxObjClass=Rule-HTML-Section&appliesTo=Rule-Obj-MapValue&pyRuleName=RuleFormHistory_CustomFields&RequestClass=Rule-HTML-Section&RequestAppliesTo=Rule-Obj-MapValue&RequestRuleName=RuleFormHistory_CustomFields Payload: "{\"RequestClass\":\"Rule-HTML-Section\",\"RequestAppliesTo\":\"Rule-Obj-MapValue\",\"RequestRuleName\":\"RuleFormHistory_CustomFields\"}" => HTTP 200 (75856 bytes)
[PegaHttpClient] 📡 POST https://zdk8budo.pegaacademy.net/prweb/api/CodeIntelligence/v1/rules/query?pxObjClass=Rule-HTML-Section&appliesTo=Rule-Obj-MapValue&pyRuleName=RuleFormHistory_HistoryDetails&RequestClass=Rule-HTML-Section&RequestAppliesTo=Rule-Obj-MapValue&RequestRuleName=RuleFormHistory_HistoryDetails Payload: "{\"RequestClass\":\"Rule-HTML-Section\",\"RequestAppliesTo\":\"Rule-Obj-MapValue\",\"RequestRuleName\":\"RuleFormHistory_HistoryDetails\"}" => HTTP 200 (179535 bytes)
[PegaHttpClient] 📡 POST https://zdk8budo.pegaacademy.net/prweb/api/CodeIntelligence/v1/rules/query?pxObjClass=Rule-HTML-Section&appliesTo=Rule-Obj-MapValue&pyRuleName=pzRuleFormStatus&RequestClass=Rule-HTML-Section&RequestAppliesTo=Rule-Obj-MapValue&RequestRuleName=pzRuleFormStatus Payload: "{\"RequestClass\":\"Rule-HTML-Section\",\"RequestAppliesTo\":\"Rule-Obj-MapValue\",\"RequestRuleName\":\"pzRuleFormStatus\"}" => HTTP 200 (97627 bytes)
[PegaHttpClient] 📡 POST https://zdk8budo.pegaacademy.net/prweb/api/CodeIntelligence/v1/rules/query?pxObjClass=Rule-HTML-Section&appliesTo=Rule-Obj-MapValue&pyRuleName=pzRuleFormHeaderCompareWithDropDown&RequestClass=Rule-HTML-Section&RequestAppliesTo=Rule-Obj-MapValue&RequestRuleName=pzRuleFormHeaderCompareWithDropDown Payload: "{\"RequestClass\":\"Rule-HTML-Section\",\"RequestAppliesTo\":\"Rule-Obj-MapValue\",\"RequestRuleName\":\"pzRuleFormHeaderCompareWithDropDown\"}" => HTTP 200 (25396 bytes)
[PegaHttpClient] 📡 POST https://zdk8budo.pegaacademy.net/prweb/api/CodeIntelligence/v1/rules/query?pxObjClass=Rule-HTML-Section&appliesTo=Rule-Obj-MapValue&pyRuleName=undefined&RequestClass=Rule-HTML-Section&RequestAppliesTo=Rule-Obj-MapValue&RequestRuleName=undefined Payload: "{\"RequestClass\":\"Rule-HTML-Section\",\"RequestAppliesTo\":\"Rule-Obj-MapValue\",\"RequestRuleName\":\"undefined\"}" => HTTP 404 (104 bytes)
[PegaHttpClient] 📡 POST https://zdk8budo.pegaacademy.net/prweb/PRRestService/CodeIntelligence/v1/rules/query?pxObjClass=Rule-HTML-Section&appliesTo=Rule-Obj-MapValue&pyRuleName=undefined&RequestClass=Rule-HTML-Section&RequestAppliesTo=Rule-Obj-MapValue&RequestRuleName=undefined Payload: "{\"RequestClass\":\"Rule-HTML-Section\",\"RequestAppliesTo\":\"Rule-Obj-MapValue\",\"RequestRuleName\":\"undefined\"}" => HTTP 404 (104 bytes)
[PegaHttpClient] 📡 POST https://zdk8budo.pegaacademy.net/prweb/api/HRAppsV2Service/V1/rules/query?pxObjClass=Rule-HTML-Section&appliesTo=Rule-Obj-MapValue&pyRuleName=undefined&RequestClass=Rule-HTML-Section&RequestAppliesTo=Rule-Obj-MapValue&RequestRuleName=undefined Payload: "{\"RequestClass\":\"Rule-HTML-Section\",\"RequestAppliesTo\":\"Rule-Obj-MapValue\",\"RequestRuleName\":\"undefined\"}" => HTTP 404 (18 bytes)
[PegaHttpClient] 📡 POST https://zdk8budo.pegaacademy.net/prweb/PRRestService/HRAppsV2Service/V1/rules/query?pxObjClass=Rule-HTML-Section&appliesTo=Rule-Obj-MapValue&pyRuleName=undefined&RequestClass=Rule-HTML-Section&RequestAppliesTo=Rule-Obj-MapValue&RequestRuleName=undefined Payload: "{\"RequestClass\":\"Rule-HTML-Section\",\"RequestAppliesTo\":\"Rule-Obj-MapValue\",\"RequestRuleName\":\"undefined\"}" => HTTP 404 (18 bytes)
[PegaHttpClient] 📡 POST https://zdk8budo.pegaacademy.net/prweb/api/HRAppsV2/V1/rules/query?pxObjClass=Rule-HTML-Section&appliesTo=Rule-Obj-MapValue&pyRuleName=undefined&RequestClass=Rule-HTML-Section&RequestAppliesTo=Rule-Obj-MapValue&RequestRuleName=undefined Payload: "{\"RequestClass\":\"Rule-HTML-Section\",\"RequestAppliesTo\":\"Rule-Obj-MapValue\",\"RequestRuleName\":\"undefined\"}" => HTTP 404 (18 bytes)
[PegaHttpClient] 📡 POST https://zdk8budo.pegaacademy.net/prweb/PRRestService/HRAppsV2/V1/rules/query?pxObjClass=Rule-HTML-Section&appliesTo=Rule-Obj-MapValue&pyRuleName=undefined&RequestClass=Rule-HTML-Section&RequestAppliesTo=Rule-Obj-MapValue&RequestRuleName=undefined Payload: "{\"RequestClass\":\"Rule-HTML-Section\",\"RequestAppliesTo\":\"Rule-Obj-MapValue\",\"RequestRuleName\":\"undefined\"}" => HTTP 404 (18 bytes)
[PegaHttpClient] 📡 POST https://zdk8budo.pegaacademy.net/prweb/api/v1/rules/query?pxObjClass=Rule-HTML-Section&appliesTo=Rule-Obj-MapValue&pyRuleName=undefined&RequestClass=Rule-HTML-Section&RequestAppliesTo=Rule-Obj-MapValue&RequestRuleName=undefined Payload: "{\"RequestClass\":\"Rule-HTML-Section\",\"RequestAppliesTo\":\"Rule-Obj-MapValue\",\"RequestRuleName\":\"undefined\"}" => HTTP 404 (18 bytes)
[PegaHttpClient] 📡 POST https://zdk8budo.pegaacademy.net/prweb/PRRestService/v1/rules/query?pxObjClass=Rule-HTML-Section&appliesTo=Rule-Obj-MapValue&pyRuleName=undefined&RequestClass=Rule-HTML-Section&RequestAppliesTo=Rule-Obj-MapValue&RequestRuleName=undefined Payload: "{\"RequestClass\":\"Rule-HTML-Section\",\"RequestAppliesTo\":\"Rule-Obj-MapValue\",\"RequestRuleName\":\"undefined\"}" => HTTP 404 (18 bytes)
[PegaHttpClient] 📡 POST https://zdk8budo.pegaacademy.net/prweb/api/CodeIntelligence/v1/rules/query?pxObjClass=Rule-HTML-Section&appliesTo=Rule-Obj-MapValue&pyRuleName=pzRuleFormToolbarHotKeys&RequestClass=Rule-HTML-Section&RequestAppliesTo=Rule-Obj-MapValue&RequestRuleName=pzRuleFormToolbarHotKeys Payload: "{\"RequestClass\":\"Rule-HTML-Section\",\"RequestAppliesTo\":\"Rule-Obj-MapValue\",\"RequestRuleName\":\"pzRuleFormToolbarHotKeys\"}" => HTTP 200 (85058 bytes)
[PegaHttpClient] 📡 POST https://zdk8budo.pegaacademy.net/prweb/api/CodeIntelligence/v1/rules/query?pxObjClass=Rule-HTML-Section&appliesTo=Rule-Obj-MapValue&pyRuleName=pzRuleFormToolbarLockedIcon&RequestClass=Rule-HTML-Section&RequestAppliesTo=Rule-Obj-MapValue&RequestRuleName=pzRuleFormToolbarLockedIcon Payload: "{\"RequestClass\":\"Rule-HTML-Section\",\"RequestAppliesTo\":\"Rule-Obj-MapValue\",\"RequestRuleName\":\"pzRuleFormToolbarLockedIcon\"}" => HTTP 200 (24898 bytes)
[PegaHttpClient] 📡 POST https://zdk8budo.pegaacademy.net/prweb/api/CodeIntelligence/v1/rules/query?pxObjClass=Rule-HTML-Section&appliesTo=Rule-Obj-MapValue&pyRuleName=pzRuleFormToolbarCollaborators&RequestClass=Rule-HTML-Section&RequestAppliesTo=Rule-Obj-MapValue&RequestRuleName=pzRuleFormToolbarCollaborators Payload: "{\"RequestClass\":\"Rule-HTML-Section\",\"RequestAppliesTo\":\"Rule-Obj-MapValue\",\"RequestRuleName\":\"pzRuleFormToolbarCollaborators\"}" => HTTP 200 (15254 bytes)
[PegaHttpClient] 📡 POST https://zdk8budo.pegaacademy.net/prweb/api/CodeIntelligence/v1/rules/query?pxObjClass=Rule-HTML-Section&appliesTo=Rule-Obj-MapValue&pyRuleName=pzRuleFormToolbarSaveAs&RequestClass=Rule-HTML-Section&RequestAppliesTo=Rule-Obj-MapValue&RequestRuleName=pzRuleFormToolbarSaveAs Payload: "{\"RequestClass\":\"Rule-HTML-Section\",\"RequestAppliesTo\":\"Rule-Obj-MapValue\",\"RequestRuleName\":\"pzRuleFormToolbarSaveAs\"}" => HTTP 200 (64084 bytes)
[PegaHttpClient] 📡 POST https://zdk8budo.pegaacademy.net/prweb/api/CodeIntelligence/v1/rules/query?pxObjClass=Rule-HTML-Section&appliesTo=Rule-Obj-MapValue&pyRuleName=pzRuleFormToolbarCheckin&RequestClass=Rule-HTML-Section&RequestAppliesTo=Rule-Obj-MapValue&RequestRuleName=pzRuleFormToolbarCheckin Payload: "{\"RequestClass\":\"Rule-HTML-Section\",\"RequestAppliesTo\":\"Rule-Obj-MapValue\",\"RequestRuleName\":\"pzRuleFormToolbarCheckin\"}" => HTTP 200 (119096 bytes)
[PegaHttpClient] 📡 POST https://zdk8budo.pegaacademy.net/prweb/api/CodeIntelligence/v1/rules/query?pxObjClass=Rule-HTML-Section&appliesTo=Rule-Obj-MapValue&pyRuleName=pzRuleFormToolbarDelete&RequestClass=Rule-HTML-Section&RequestAppliesTo=Rule-Obj-MapValue&RequestRuleName=pzRuleFormToolbarDelete Payload: "{\"RequestClass\":\"Rule-HTML-Section\",\"RequestAppliesTo\":\"Rule-Obj-MapValue\",\"RequestRuleName\":\"pzRuleFormToolbarDelete\"}" => HTTP 200 (30249 bytes)
[PegaHttpClient] 📡 POST https://zdk8budo.pegaacademy.net/prweb/api/CodeIntelligence/v1/rules/query?pxObjClass=Rule-HTML-Section&appliesTo=Rule-Obj-MapValue&pyRuleName=pzRuleFormToolbarSave&RequestClass=Rule-HTML-Section&RequestAppliesTo=Rule-Obj-MapValue&RequestRuleName=pzRuleFormToolbarSave Payload: "{\"RequestClass\":\"Rule-HTML-Section\",\"RequestAppliesTo\":\"Rule-Obj-MapValue\",\"RequestRuleName\":\"pzRuleFormToolbarSave\"}" => HTTP 200 (293885 bytes)
[PegaHttpClient] 📡 POST https://zdk8budo.pegaacademy.net/prweb/api/CodeIntelligence/v1/rules/query?pxObjClass=Rule-HTML-Section&appliesTo=Rule-Obj-MapValue&pyRuleName=pzRuleFormToolbarCheckout&RequestClass=Rule-HTML-Section&RequestAppliesTo=Rule-Obj-MapValue&RequestRuleName=pzRuleFormToolbarCheckout Payload: "{\"RequestClass\":\"Rule-HTML-Section\",\"RequestAppliesTo\":\"Rule-Obj-MapValue\",\"RequestRuleName\":\"pzRuleFormToolbarCheckout\"}" => HTTP 200 (238148 bytes)
[PegaHttpClient] 📡 POST https://zdk8budo.pegaacademy.net/prweb/api/CodeIntelligence/v1/rules/query?pxObjClass=Rule-HTML-Section&appliesTo=Rule-Obj-MapValue&pyRuleName=pzRemoveErrorsDataPage&RequestClass=Rule-HTML-Section&RequestAppliesTo=Rule-Obj-MapValue&RequestRuleName=pzRemoveErrorsDataPage Payload: "{\"RequestClass\":\"Rule-HTML-Section\",\"RequestAppliesTo\":\"Rule-Obj-MapValue\",\"RequestRuleName\":\"pzRemoveErrorsDataPage\"}" => HTTP 200 (16733 bytes)
[PegaHttpClient] 📡 POST https://zdk8budo.pegaacademy.net/prweb/api/CodeIntelligence/v1/rules/query?pxObjClass=Rule-HTML-Section&appliesTo=Rule-Obj-MapValue&pyRuleName=pzRuleFormHeaderMessagesWrapper&RequestClass=Rule-HTML-Section&RequestAppliesTo=Rule-Obj-MapValue&RequestRuleName=pzRuleFormHeaderMessagesWrapper Payload: "{\"RequestClass\":\"Rule-HTML-Section\",\"RequestAppliesTo\":\"Rule-Obj-MapValue\",\"RequestRuleName\":\"pzRuleFormHeaderMessagesWrapper\"}" => HTTP 200 (16981 bytes)
[PegaHttpClient] 📡 POST https://zdk8budo.pegaacademy.net/prweb/api/CodeIntelligence/v1/rules/query?pxObjClass=Rule-HTML-Section&appliesTo=Rule-Obj-MapValue&pyRuleName=pzMapValueRestrictions&RequestClass=Rule-HTML-Section&RequestAppliesTo=Rule-Obj-MapValue&RequestRuleName=pzMapValueRestrictions Payload: "{\"RequestClass\":\"Rule-HTML-Section\",\"RequestAppliesTo\":\"Rule-Obj-MapValue\",\"RequestRuleName\":\"pzMapValueRestrictions\"}" => HTTP 404 (117 bytes)
[PegaHttpClient] 📡 POST https://zdk8budo.pegaacademy.net/prweb/PRRestService/CodeIntelligence/v1/rules/query?pxObjClass=Rule-HTML-Section&appliesTo=Rule-Obj-MapValue&pyRuleName=pzMapValueRestrictions&RequestClass=Rule-HTML-Section&RequestAppliesTo=Rule-Obj-MapValue&RequestRuleName=pzMapValueRestrictions Payload: "{\"RequestClass\":\"Rule-HTML-Section\",\"RequestAppliesTo\":\"Rule-Obj-MapValue\",\"RequestRuleName\":\"pzMapValueRestrictions\"}" => HTTP 404 (117 bytes)
[PegaHttpClient] 📡 POST https://zdk8budo.pegaacademy.net/prweb/api/HRAppsV2Service/V1/rules/query?pxObjClass=Rule-HTML-Section&appliesTo=Rule-Obj-MapValue&pyRuleName=pzMapValueRestrictions&RequestClass=Rule-HTML-Section&RequestAppliesTo=Rule-Obj-MapValue&RequestRuleName=pzMapValueRestrictions Payload: "{\"RequestClass\":\"Rule-HTML-Section\",\"RequestAppliesTo\":\"Rule-Obj-MapValue\",\"RequestRuleName\":\"pzMapValueRestrictions\"}" => HTTP 404 (18 bytes)
[PegaHttpClient] 📡 POST https://zdk8budo.pegaacademy.net/prweb/PRRestService/HRAppsV2Service/V1/rules/query?pxObjClass=Rule-HTML-Section&appliesTo=Rule-Obj-MapValue&pyRuleName=pzMapValueRestrictions&RequestClass=Rule-HTML-Section&RequestAppliesTo=Rule-Obj-MapValue&RequestRuleName=pzMapValueRestrictions Payload: "{\"RequestClass\":\"Rule-HTML-Section\",\"RequestAppliesTo\":\"Rule-Obj-MapValue\",\"RequestRuleName\":\"pzMapValueRestrictions\"}" => HTTP 404 (18 bytes)
[PegaHttpClient] 📡 POST https://zdk8budo.pegaacademy.net/prweb/api/HRAppsV2/V1/rules/query?pxObjClass=Rule-HTML-Section&appliesTo=Rule-Obj-MapValue&pyRuleName=pzMapValueRestrictions&RequestClass=Rule-HTML-Section&RequestAppliesTo=Rule-Obj-MapValue&RequestRuleName=pzMapValueRestrictions Payload: "{\"RequestClass\":\"Rule-HTML-Section\",\"RequestAppliesTo\":\"Rule-Obj-MapValue\",\"RequestRuleName\":\"pzMapValueRestrictions\"}" => HTTP 404 (18 bytes)
[PegaHttpClient] 📡 POST https://zdk8budo.pegaacademy.net/prweb/PRRestService/HRAppsV2/V1/rules/query?pxObjClass=Rule-HTML-Section&appliesTo=Rule-Obj-MapValue&pyRuleName=pzMapValueRestrictions&RequestClass=Rule-HTML-Section&RequestAppliesTo=Rule-Obj-MapValue&RequestRuleName=pzMapValueRestrictions Payload: "{\"RequestClass\":\"Rule-HTML-Section\",\"RequestAppliesTo\":\"Rule-Obj-MapValue\",\"RequestRuleName\":\"pzMapValueRestrictions\"}" => HTTP 404 (18 bytes)
[PegaHttpClient] 📡 POST https://zdk8budo.pegaacademy.net/prweb/api/v1/rules/query?pxObjClass=Rule-HTML-Section&appliesTo=Rule-Obj-MapValue&pyRuleName=pzMapValueRestrictions&RequestClass=Rule-HTML-Section&RequestAppliesTo=Rule-Obj-MapValue&RequestRuleName=pzMapValueRestrictions Payload: "{\"RequestClass\":\"Rule-HTML-Section\",\"RequestAppliesTo\":\"Rule-Obj-MapValue\",\"RequestRuleName\":\"pzMapValueRestrictions\"}" => HTTP 404 (18 bytes)
[PegaHttpClient] 📡 POST https://zdk8budo.pegaacademy.net/prweb/PRRestService/v1/rules/query?pxObjClass=Rule-HTML-Section&appliesTo=Rule-Obj-MapValue&pyRuleName=pzMapValueRestrictions&RequestClass=Rule-HTML-Section&RequestAppliesTo=Rule-Obj-MapValue&RequestRuleName=pzMapValueRestrictions Payload: "{\"RequestClass\":\"Rule-HTML-Section\",\"RequestAppliesTo\":\"Rule-Obj-MapValue\",\"RequestRuleName\":\"pzMapValueRestrictions\"}" => HTTP 404 (18 bytes)
[PegaHttpClient] 📡 POST https://zdk8budo.pegaacademy.net/prweb/api/CodeIntelligence/v1/rules/query?pxObjClass=Rule-HTML-Section&appliesTo=Rule-Obj-MapValue&pyRuleName=pzAllowedResults&RequestClass=Rule-HTML-Section&RequestAppliesTo=Rule-Obj-MapValue&RequestRuleName=pzAllowedResults Payload: "{\"RequestClass\":\"Rule-HTML-Section\",\"RequestAppliesTo\":\"Rule-Obj-MapValue\",\"RequestRuleName\":\"pzAllowedResults\"}" => HTTP 200 (71336 bytes)
[PegaHttpClient] 📡 POST https://zdk8budo.pegaacademy.net/prweb/api/CodeIntelligence/v1/rules/query?pxObjClass=Rule-HTML-Section&appliesTo=Rule-Obj-MapValue&pyRuleName=pzPagesAndClassesScriptNoMode&RequestClass=Rule-HTML-Section&RequestAppliesTo=Rule-Obj-MapValue&RequestRuleName=pzPagesAndClassesScriptNoMode Payload: "{\"RequestClass\":\"Rule-HTML-Section\",\"RequestAppliesTo\":\"Rule-Obj-MapValue\",\"RequestRuleName\":\"pzPagesAndClassesScriptNoMode\"}" => HTTP 200 (25452 bytes)
[PegaHttpClient] 📡 POST https://zdk8budo.pegaacademy.net/prweb/api/CodeIntelligence/v1/rules/query?pxObjClass=Rule-HTML-Section&appliesTo=Rule-Obj-MapValue&pyRuleName=pzPagesAndClassesScript&RequestClass=Rule-HTML-Section&RequestAppliesTo=Rule-Obj-MapValue&RequestRuleName=pzPagesAndClassesScript Payload: "{\"RequestClass\":\"Rule-HTML-Section\",\"RequestAppliesTo\":\"Rule-Obj-MapValue\",\"RequestRuleName\":\"pzPagesAndClassesScript\"}" => HTTP 200 (24224 bytes)
[PegaHttpClient] 📡 POST https://zdk8budo.pegaacademy.net/prweb/api/CodeIntelligence/v1/rules/query?pxObjClass=Rule-HTML-Section&appliesTo=Rule-Obj-MapValue&pyRuleName=pzViewTestCases&RequestClass=Rule-HTML-Section&RequestAppliesTo=Rule-Obj-MapValue&RequestRuleName=pzViewTestCases Payload: "{\"RequestClass\":\"Rule-HTML-Section\",\"RequestAppliesTo\":\"Rule-Obj-MapValue\",\"RequestRuleName\":\"pzViewTestCases\"}" => HTTP 404 (110 bytes)
[PegaHttpClient] 📡 POST https://zdk8budo.pegaacademy.net/prweb/PRRestService/CodeIntelligence/v1/rules/query?pxObjClass=Rule-HTML-Section&appliesTo=Rule-Obj-MapValue&pyRuleName=pzViewTestCases&RequestClass=Rule-HTML-Section&RequestAppliesTo=Rule-Obj-MapValue&RequestRuleName=pzViewTestCases Payload: "{\"RequestClass\":\"Rule-HTML-Section\",\"RequestAppliesTo\":\"Rule-Obj-MapValue\",\"RequestRuleName\":\"pzViewTestCases\"}" => HTTP 404 (110 bytes)
[PegaHttpClient] 📡 POST https://zdk8budo.pegaacademy.net/prweb/api/HRAppsV2Service/V1/rules/query?pxObjClass=Rule-HTML-Section&appliesTo=Rule-Obj-MapValue&pyRuleName=pzViewTestCases&RequestClass=Rule-HTML-Section&RequestAppliesTo=Rule-Obj-MapValue&RequestRuleName=pzViewTestCases Payload: "{\"RequestClass\":\"Rule-HTML-Section\",\"RequestAppliesTo\":\"Rule-Obj-MapValue\",\"RequestRuleName\":\"pzViewTestCases\"}" => HTTP 404 (18 bytes)
[PegaHttpClient] 📡 POST https://zdk8budo.pegaacademy.net/prweb/PRRestService/HRAppsV2Service/V1/rules/query?pxObjClass=Rule-HTML-Section&appliesTo=Rule-Obj-MapValue&pyRuleName=pzViewTestCases&RequestClass=Rule-HTML-Section&RequestAppliesTo=Rule-Obj-MapValue&RequestRuleName=pzViewTestCases Payload: "{\"RequestClass\":\"Rule-HTML-Section\",\"RequestAppliesTo\":\"Rule-Obj-MapValue\",\"RequestRuleName\":\"pzViewTestCases\"}" => HTTP 404 (18 bytes)
[PegaHttpClient] 📡 POST https://zdk8budo.pegaacademy.net/prweb/api/HRAppsV2/V1/rules/query?pxObjClass=Rule-HTML-Section&appliesTo=Rule-Obj-MapValue&pyRuleName=pzViewTestCases&RequestClass=Rule-HTML-Section&RequestAppliesTo=Rule-Obj-MapValue&RequestRuleName=pzViewTestCases Payload: "{\"RequestClass\":\"Rule-HTML-Section\",\"RequestAppliesTo\":\"Rule-Obj-MapValue\",\"RequestRuleName\":\"pzViewTestCases\"}" => HTTP 404 (18 bytes)
[PegaHttpClient] 📡 POST https://zdk8budo.pegaacademy.net/prweb/PRRestService/HRAppsV2/V1/rules/query?pxObjClass=Rule-HTML-Section&appliesTo=Rule-Obj-MapValue&pyRuleName=pzViewTestCases&RequestClass=Rule-HTML-Section&RequestAppliesTo=Rule-Obj-MapValue&RequestRuleName=pzViewTestCases Payload: "{\"RequestClass\":\"Rule-HTML-Section\",\"RequestAppliesTo\":\"Rule-Obj-MapValue\",\"RequestRuleName\":\"pzViewTestCases\"}" => HTTP 404 (18 bytes)
[PegaHttpClient] 📡 POST https://zdk8budo.pegaacademy.net/prweb/api/v1/rules/query?pxObjClass=Rule-HTML-Section&appliesTo=Rule-Obj-MapValue&pyRuleName=pzViewTestCases&RequestClass=Rule-HTML-Section&RequestAppliesTo=Rule-Obj-MapValue&RequestRuleName=pzViewTestCases Payload: "{\"RequestClass\":\"Rule-HTML-Section\",\"RequestAppliesTo\":\"Rule-Obj-MapValue\",\"RequestRuleName\":\"pzViewTestCases\"}" => HTTP 404 (18 bytes)
[PegaHttpClient] 📡 POST https://zdk8budo.pegaacademy.net/prweb/PRRestService/v1/rules/query?pxObjClass=Rule-HTML-Section&appliesTo=Rule-Obj-MapValue&pyRuleName=pzViewTestCases&RequestClass=Rule-HTML-Section&RequestAppliesTo=Rule-Obj-MapValue&RequestRuleName=pzViewTestCases Payload: "{\"RequestClass\":\"Rule-HTML-Section\",\"RequestAppliesTo\":\"Rule-Obj-MapValue\",\"RequestRuleName\":\"pzViewTestCases\"}" => HTTP 404 (18 bytes)
[PegaHttpClient] 📡 POST https://zdk8budo.pegaacademy.net/prweb/api/CodeIntelligence/v1/rules/query?pxObjClass=Rule-HTML-Section&appliesTo=Rule-Obj-MapValue&pyRuleName=pzRunSelected&RequestClass=Rule-HTML-Section&RequestAppliesTo=Rule-Obj-MapValue&RequestRuleName=pzRunSelected Payload: "{\"RequestClass\":\"Rule-HTML-Section\",\"RequestAppliesTo\":\"Rule-Obj-MapValue\",\"RequestRuleName\":\"pzRunSelected\"}" => HTTP 404 (108 bytes)
[PegaHttpClient] 📡 POST https://zdk8budo.pegaacademy.net/prweb/PRRestService/CodeIntelligence/v1/rules/query?pxObjClass=Rule-HTML-Section&appliesTo=Rule-Obj-MapValue&pyRuleName=pzRunSelected&RequestClass=Rule-HTML-Section&RequestAppliesTo=Rule-Obj-MapValue&RequestRuleName=pzRunSelected Payload: "{\"RequestClass\":\"Rule-HTML-Section\",\"RequestAppliesTo\":\"Rule-Obj-MapValue\",\"RequestRuleName\":\"pzRunSelected\"}" => HTTP 404 (108 bytes)
[PegaHttpClient] 📡 POST https://zdk8budo.pegaacademy.net/prweb/api/HRAppsV2Service/V1/rules/query?pxObjClass=Rule-HTML-Section&appliesTo=Rule-Obj-MapValue&pyRuleName=pzRunSelected&RequestClass=Rule-HTML-Section&RequestAppliesTo=Rule-Obj-MapValue&RequestRuleName=pzRunSelected Payload: "{\"RequestClass\":\"Rule-HTML-Section\",\"RequestAppliesTo\":\"Rule-Obj-MapValue\",\"RequestRuleName\":\"pzRunSelected\"}" => HTTP 404 (18 bytes)
[PegaHttpClient] 📡 POST https://zdk8budo.pegaacademy.net/prweb/PRRestService/HRAppsV2Service/V1/rules/query?pxObjClass=Rule-HTML-Section&appliesTo=Rule-Obj-MapValue&pyRuleName=pzRunSelected&RequestClass=Rule-HTML-Section&RequestAppliesTo=Rule-Obj-MapValue&RequestRuleName=pzRunSelected Payload: "{\"RequestClass\":\"Rule-HTML-Section\",\"RequestAppliesTo\":\"Rule-Obj-MapValue\",\"RequestRuleName\":\"pzRunSelected\"}" => HTTP 404 (18 bytes)
[PegaHttpClient] 📡 POST https://zdk8budo.pegaacademy.net/prweb/api/HRAppsV2/V1/rules/query?pxObjClass=Rule-HTML-Section&appliesTo=Rule-Obj-MapValue&pyRuleName=pzRunSelected&RequestClass=Rule-HTML-Section&RequestAppliesTo=Rule-Obj-MapValue&RequestRuleName=pzRunSelected Payload: "{\"RequestClass\":\"Rule-HTML-Section\",\"RequestAppliesTo\":\"Rule-Obj-MapValue\",\"RequestRuleName\":\"pzRunSelected\"}" => HTTP 404 (18 bytes)
[PegaHttpClient] 📡 POST https://zdk8budo.pegaacademy.net/prweb/PRRestService/HRAppsV2/V1/rules/query?pxObjClass=Rule-HTML-Section&appliesTo=Rule-Obj-MapValue&pyRuleName=pzRunSelected&RequestClass=Rule-HTML-Section&RequestAppliesTo=Rule-Obj-MapValue&RequestRuleName=pzRunSelected Payload: "{\"RequestClass\":\"Rule-HTML-Section\",\"RequestAppliesTo\":\"Rule-Obj-MapValue\",\"RequestRuleName\":\"pzRunSelected\"}" => HTTP 404 (18 bytes)
[PegaHttpClient] 📡 POST https://zdk8budo.pegaacademy.net/prweb/api/v1/rules/query?pxObjClass=Rule-HTML-Section&appliesTo=Rule-Obj-MapValue&pyRuleName=pzRunSelected&RequestClass=Rule-HTML-Section&RequestAppliesTo=Rule-Obj-MapValue&RequestRuleName=pzRunSelected Payload: "{\"RequestClass\":\"Rule-HTML-Section\",\"RequestAppliesTo\":\"Rule-Obj-MapValue\",\"RequestRuleName\":\"pzRunSelected\"}" => HTTP 404 (18 bytes)
[PegaHttpClient] 📡 POST https://zdk8budo.pegaacademy.net/prweb/PRRestService/v1/rules/query?pxObjClass=Rule-HTML-Section&appliesTo=Rule-Obj-MapValue&pyRuleName=pzRunSelected&RequestClass=Rule-HTML-Section&RequestAppliesTo=Rule-Obj-MapValue&RequestRuleName=pzRunSelected Payload: "{\"RequestClass\":\"Rule-HTML-Section\",\"RequestAppliesTo\":\"Rule-Obj-MapValue\",\"RequestRuleName\":\"pzRunSelected\"}" => HTTP 404 (18 bytes)
[PegaHttpClient] 📡 POST https://zdk8budo.pegaacademy.net/prweb/api/CodeIntelligence/v1/rules/query?pxObjClass=Rule-HTML-Section&appliesTo=Rule-Obj-MapValue&pyRuleName=pzShowRunAndExpectedTime&RequestClass=Rule-HTML-Section&RequestAppliesTo=Rule-Obj-MapValue&RequestRuleName=pzShowRunAndExpectedTime Payload: "{\"RequestClass\":\"Rule-HTML-Section\",\"RequestAppliesTo\":\"Rule-Obj-MapValue\",\"RequestRuleName\":\"pzShowRunAndExpectedTime\"}" => HTTP 200 (98943 bytes)
[PegaHttpClient] 📡 POST https://zdk8budo.pegaacademy.net/prweb/api/CodeIntelligence/v1/rules/query?pxObjClass=Rule-HTML-Section&appliesTo=Rule-Obj-MapValue&pyRuleName=pzSpecificationName&RequestClass=Rule-HTML-Section&RequestAppliesTo=Rule-Obj-MapValue&RequestRuleName=pzSpecificationName Payload: "{\"RequestClass\":\"Rule-HTML-Section\",\"RequestAppliesTo\":\"Rule-Obj-MapValue\",\"RequestRuleName\":\"pzSpecificationName\"}" => HTTP 404 (114 bytes)
[PegaHttpClient] 📡 POST https://zdk8budo.pegaacademy.net/prweb/PRRestService/CodeIntelligence/v1/rules/query?pxObjClass=Rule-HTML-Section&appliesTo=Rule-Obj-MapValue&pyRuleName=pzSpecificationName&RequestClass=Rule-HTML-Section&RequestAppliesTo=Rule-Obj-MapValue&RequestRuleName=pzSpecificationName Payload: "{\"RequestClass\":\"Rule-HTML-Section\",\"RequestAppliesTo\":\"Rule-Obj-MapValue\",\"RequestRuleName\":\"pzSpecificationName\"}" => HTTP 404 (114 bytes)
[PegaHttpClient] 📡 POST https://zdk8budo.pegaacademy.net/prweb/api/HRAppsV2Service/V1/rules/query?pxObjClass=Rule-HTML-Section&appliesTo=Rule-Obj-MapValue&pyRuleName=pzSpecificationName&RequestClass=Rule-HTML-Section&RequestAppliesTo=Rule-Obj-MapValue&RequestRuleName=pzSpecificationName Payload: "{\"RequestClass\":\"Rule-HTML-Section\",\"RequestAppliesTo\":\"Rule-Obj-MapValue\",\"RequestRuleName\":\"pzSpecificationName\"}" => HTTP 404 (18 bytes)
[PegaHttpClient] 📡 POST https://zdk8budo.pegaacademy.net/prweb/PRRestService/HRAppsV2Service/V1/rules/query?pxObjClass=Rule-HTML-Section&appliesTo=Rule-Obj-MapValue&pyRuleName=pzSpecificationName&RequestClass=Rule-HTML-Section&RequestAppliesTo=Rule-Obj-MapValue&RequestRuleName=pzSpecificationName Payload: "{\"RequestClass\":\"Rule-HTML-Section\",\"RequestAppliesTo\":\"Rule-Obj-MapValue\",\"RequestRuleName\":\"pzSpecificationName\"}" => HTTP 404 (18 bytes)
[PegaHttpClient] 📡 POST https://zdk8budo.pegaacademy.net/prweb/api/HRAppsV2/V1/rules/query?pxObjClass=Rule-HTML-Section&appliesTo=Rule-Obj-MapValue&pyRuleName=pzSpecificationName&RequestClass=Rule-HTML-Section&RequestAppliesTo=Rule-Obj-MapValue&RequestRuleName=pzSpecificationName Payload: "{\"RequestClass\":\"Rule-HTML-Section\",\"RequestAppliesTo\":\"Rule-Obj-MapValue\",\"RequestRuleName\":\"pzSpecificationName\"}" => HTTP 404 (18 bytes)
[PegaHttpClient] 📡 POST https://zdk8budo.pegaacademy.net/prweb/PRRestService/HRAppsV2/V1/rules/query?pxObjClass=Rule-HTML-Section&appliesTo=Rule-Obj-MapValue&pyRuleName=pzSpecificationName&RequestClass=Rule-HTML-Section&RequestAppliesTo=Rule-Obj-MapValue&RequestRuleName=pzSpecificationName Payload: "{\"RequestClass\":\"Rule-HTML-Section\",\"RequestAppliesTo\":\"Rule-Obj-MapValue\",\"RequestRuleName\":\"pzSpecificationName\"}" => HTTP 404 (18 bytes)
[PegaHttpClient] 📡 POST https://zdk8budo.pegaacademy.net/prweb/api/v1/rules/query?pxObjClass=Rule-HTML-Section&appliesTo=Rule-Obj-MapValue&pyRuleName=pzSpecificationName&RequestClass=Rule-HTML-Section&RequestAppliesTo=Rule-Obj-MapValue&RequestRuleName=pzSpecificationName Payload: "{\"RequestClass\":\"Rule-HTML-Section\",\"RequestAppliesTo\":\"Rule-Obj-MapValue\",\"RequestRuleName\":\"pzSpecificationName\"}" => HTTP 404 (18 bytes)
[PegaHttpClient] 📡 POST https://zdk8budo.pegaacademy.net/prweb/PRRestService/v1/rules/query?pxObjClass=Rule-HTML-Section&appliesTo=Rule-Obj-MapValue&pyRuleName=pzSpecificationName&RequestClass=Rule-HTML-Section&RequestAppliesTo=Rule-Obj-MapValue&RequestRuleName=pzSpecificationName Payload: "{\"RequestClass\":\"Rule-HTML-Section\",\"RequestAppliesTo\":\"Rule-Obj-MapValue\",\"RequestRuleName\":\"pzSpecificationName\"}" => HTTP 404 (18 bytes)
[PegaHttpClient] 📡 POST https://zdk8budo.pegaacademy.net/prweb/api/CodeIntelligence/v1/rules/query?pxObjClass=Rule-HTML-Section&appliesTo=Rule-Obj-MapValue&pyRuleName=pzScm_RuleHistory&RequestClass=Rule-HTML-Section&RequestAppliesTo=Rule-Obj-MapValue&RequestRuleName=pzScm_RuleHistory Payload: "{\"RequestClass\":\"Rule-HTML-Section\",\"RequestAppliesTo\":\"Rule-Obj-MapValue\",\"RequestRuleName\":\"pzScm_RuleHistory\"}" => HTTP 200 (14682 bytes)
[PegaHttpClient] 📡 POST https://zdk8budo.pegaacademy.net/prweb/api/CodeIntelligence/v1/rules/query?pxObjClass=Rule-HTML-Section&appliesTo=Rule-Obj-MapValue&pyRuleName=pxDisplayCollaborators&RequestClass=Rule-HTML-Section&RequestAppliesTo=Rule-Obj-MapValue&RequestRuleName=pxDisplayCollaborators Payload: "{\"RequestClass\":\"Rule-HTML-Section\",\"RequestAppliesTo\":\"Rule-Obj-MapValue\",\"RequestRuleName\":\"pxDisplayCollaborators\"}" => HTTP 200 (94171 bytes)
[PegaHttpClient] 📡 POST https://zdk8budo.pegaacademy.net/prweb/api/CodeIntelligence/v1/rules/query?pxObjClass=Rule-HTML-Section&appliesTo=Rule-Obj-MapValue&pyRuleName=pzRuleFormToolbarDeleteCheckOut&RequestClass=Rule-HTML-Section&RequestAppliesTo=Rule-Obj-MapValue&RequestRuleName=pzRuleFormToolbarDeleteCheckOut Payload: "{\"RequestClass\":\"Rule-HTML-Section\",\"RequestAppliesTo\":\"Rule-Obj-MapValue\",\"RequestRuleName\":\"pzRuleFormToolbarDeleteCheckOut\"}" => HTTP 200 (29433 bytes)
[PegaHttpClient] 📡 POST https://zdk8budo.pegaacademy.net/prweb/api/CodeIntelligence/v1/rules/query?pxObjClass=Rule-HTML-Section&appliesTo=Rule-Obj-MapValue&pyRuleName=pzRuleFormToolbarDeleteRule&RequestClass=Rule-HTML-Section&RequestAppliesTo=Rule-Obj-MapValue&RequestRuleName=pzRuleFormToolbarDeleteRule Payload: "{\"RequestClass\":\"Rule-HTML-Section\",\"RequestAppliesTo\":\"Rule-Obj-MapValue\",\"RequestRuleName\":\"pzRuleFormToolbarDeleteRule\"}" => HTTP 200 (32314 bytes)
[PegaHttpClient] 📡 POST https://zdk8budo.pegaacademy.net/prweb/api/CodeIntelligence/v1/rules/query?pxObjClass=Rule-HTML-Section&appliesTo=Rule-Obj-MapValue&pyRuleName=pzAllowedResultsProperty&RequestClass=Rule-HTML-Section&RequestAppliesTo=Rule-Obj-MapValue&RequestRuleName=pzAllowedResultsProperty Payload: "{\"RequestClass\":\"Rule-HTML-Section\",\"RequestAppliesTo\":\"Rule-Obj-MapValue\",\"RequestRuleName\":\"pzAllowedResultsProperty\"}" => HTTP 200 (23681 bytes)
[PegaHttpClient] 📡 POST https://zdk8budo.pegaacademy.net/prweb/api/CodeIntelligence/v1/rules/query?pxObjClass=Rule-HTML-Section&appliesTo=Rule-Obj-MapValue&pyRuleName=pzAllowedResultValues&RequestClass=Rule-HTML-Section&RequestAppliesTo=Rule-Obj-MapValue&RequestRuleName=pzAllowedResultValues Payload: "{\"RequestClass\":\"Rule-HTML-Section\",\"RequestAppliesTo\":\"Rule-Obj-MapValue\",\"RequestRuleName\":\"pzAllowedResultValues\"}" => HTTP 200 (66833 bytes)
[PegaHttpClient] 📡 POST https://zdk8budo.pegaacademy.net/prweb/api/CodeIntelligence/v1/rules/query?pxObjClass=Rule-HTML-Section&appliesTo=Rule-Obj-MapValue&pyRuleName=pzResultsPresetPropertiesGrid&RequestClass=Rule-HTML-Section&RequestAppliesTo=Rule-Obj-MapValue&RequestRuleName=pzResultsPresetPropertiesGrid Payload: "{\"RequestClass\":\"Rule-HTML-Section\",\"RequestAppliesTo\":\"Rule-Obj-MapValue\",\"RequestRuleName\":\"pzResultsPresetPropertiesGrid\"}" => HTTP 200 (56468 bytes)
[PegaHttpClient] 📡 POST https://zdk8budo.pegaacademy.net/prweb/api/CodeIntelligence/v1/rules/query?pxObjClass=Rule-HTML-Section&appliesTo=Rule-Obj-MapValue&pyRuleName=pzLoadCollaborationScripts&RequestClass=Rule-HTML-Section&RequestAppliesTo=Rule-Obj-MapValue&RequestRuleName=pzLoadCollaborationScripts Payload: "{\"RequestClass\":\"Rule-HTML-Section\",\"RequestAppliesTo\":\"Rule-Obj-MapValue\",\"RequestRuleName\":\"pzLoadCollaborationScripts\"}" => HTTP 200 (23453 bytes)
[PegaHttpClient] 📡 POST https://zdk8budo.pegaacademy.net/prweb/api/CodeIntelligence/v1/rules/query?pxObjClass=Rule-HTML-Section&appliesTo=Rule-Obj-MapValue&pyRuleName=pzDisplayCollaboratorsList&RequestClass=Rule-HTML-Section&RequestAppliesTo=Rule-Obj-MapValue&RequestRuleName=pzDisplayCollaboratorsList Payload: "{\"RequestClass\":\"Rule-HTML-Section\",\"RequestAppliesTo\":\"Rule-Obj-MapValue\",\"RequestRuleName\":\"pzDisplayCollaboratorsList\"}" => HTTP 200 (105418 bytes)
[PegaHttpClient] 📡 POST https://zdk8budo.pegaacademy.net/prweb/api/CodeIntelligence/v1/rules/query?pxObjClass=Rule-HTML-Section&appliesTo=Rule-Obj-MapValue&pyRuleName=pzAllowedResultsandValues&RequestClass=Rule-HTML-Section&RequestAppliesTo=Rule-Obj-MapValue&RequestRuleName=pzAllowedResultsandValues Payload: "{\"RequestClass\":\"Rule-HTML-Section\",\"RequestAppliesTo\":\"Rule-Obj-MapValue\",\"RequestRuleName\":\"pzAllowedResultsandValues\"}" => HTTP 404 (120 bytes)
[PegaHttpClient] 📡 POST https://zdk8budo.pegaacademy.net/prweb/PRRestService/CodeIntelligence/v1/rules/query?pxObjClass=Rule-HTML-Section&appliesTo=Rule-Obj-MapValue&pyRuleName=pzAllowedResultsandValues&RequestClass=Rule-HTML-Section&RequestAppliesTo=Rule-Obj-MapValue&RequestRuleName=pzAllowedResultsandValues Payload: "{\"RequestClass\":\"Rule-HTML-Section\",\"RequestAppliesTo\":\"Rule-Obj-MapValue\",\"RequestRuleName\":\"pzAllowedResultsandValues\"}" => HTTP 404 (120 bytes)
[PegaHttpClient] 📡 POST https://zdk8budo.pegaacademy.net/prweb/api/HRAppsV2Service/V1/rules/query?pxObjClass=Rule-HTML-Section&appliesTo=Rule-Obj-MapValue&pyRuleName=pzAllowedResultsandValues&RequestClass=Rule-HTML-Section&RequestAppliesTo=Rule-Obj-MapValue&RequestRuleName=pzAllowedResultsandValues Payload: "{\"RequestClass\":\"Rule-HTML-Section\",\"RequestAppliesTo\":\"Rule-Obj-MapValue\",\"RequestRuleName\":\"pzAllowedResultsandValues\"}" => HTTP 404 (18 bytes)
[PegaHttpClient] 📡 POST https://zdk8budo.pegaacademy.net/prweb/PRRestService/HRAppsV2Service/V1/rules/query?pxObjClass=Rule-HTML-Section&appliesTo=Rule-Obj-MapValue&pyRuleName=pzAllowedResultsandValues&RequestClass=Rule-HTML-Section&RequestAppliesTo=Rule-Obj-MapValue&RequestRuleName=pzAllowedResultsandValues Payload: "{\"RequestClass\":\"Rule-HTML-Section\",\"RequestAppliesTo\":\"Rule-Obj-MapValue\",\"RequestRuleName\":\"pzAllowedResultsandValues\"}" => HTTP 404 (18 bytes)
[PegaHttpClient] 📡 POST https://zdk8budo.pegaacademy.net/prweb/api/HRAppsV2/V1/rules/query?pxObjClass=Rule-HTML-Section&appliesTo=Rule-Obj-MapValue&pyRuleName=pzAllowedResultsandValues&RequestClass=Rule-HTML-Section&RequestAppliesTo=Rule-Obj-MapValue&RequestRuleName=pzAllowedResultsandValues Payload: "{\"RequestClass\":\"Rule-HTML-Section\",\"RequestAppliesTo\":\"Rule-Obj-MapValue\",\"RequestRuleName\":\"pzAllowedResultsandValues\"}" => HTTP 404 (18 bytes)
[PegaHttpClient] 📡 POST https://zdk8budo.pegaacademy.net/prweb/PRRestService/HRAppsV2/V1/rules/query?pxObjClass=Rule-HTML-Section&appliesTo=Rule-Obj-MapValue&pyRuleName=pzAllowedResultsandValues&RequestClass=Rule-HTML-Section&RequestAppliesTo=Rule-Obj-MapValue&RequestRuleName=pzAllowedResultsandValues Payload: "{\"RequestClass\":\"Rule-HTML-Section\",\"RequestAppliesTo\":\"Rule-Obj-MapValue\",\"RequestRuleName\":\"pzAllowedResultsandValues\"}" => HTTP 404 (18 bytes)
[PegaHttpClient] 📡 POST https://zdk8budo.pegaacademy.net/prweb/api/v1/rules/query?pxObjClass=Rule-HTML-Section&appliesTo=Rule-Obj-MapValue&pyRuleName=pzAllowedResultsandValues&RequestClass=Rule-HTML-Section&RequestAppliesTo=Rule-Obj-MapValue&RequestRuleName=pzAllowedResultsandValues Payload: "{\"RequestClass\":\"Rule-HTML-Section\",\"RequestAppliesTo\":\"Rule-Obj-MapValue\",\"RequestRuleName\":\"pzAllowedResultsandValues\"}" => HTTP 404 (18 bytes)
[PegaHttpClient] 📡 POST https://zdk8budo.pegaacademy.net/prweb/PRRestService/v1/rules/query?pxObjClass=Rule-HTML-Section&appliesTo=Rule-Obj-MapValue&pyRuleName=pzAllowedResultsandValues&RequestClass=Rule-HTML-Section&RequestAppliesTo=Rule-Obj-MapValue&RequestRuleName=pzAllowedResultsandValues Payload: "{\"RequestClass\":\"Rule-HTML-Section\",\"RequestAppliesTo\":\"Rule-Obj-MapValue\",\"RequestRuleName\":\"pzAllowedResultsandValues\"}" => HTTP 404 (18 bytes)
[PegaHttpClient] 📡 POST https://zdk8budo.pegaacademy.net/prweb/api/CodeIntelligence/v1/rules/query?pxObjClass=Rule-HTML-Section&appliesTo=Rule-Obj-MapValue&pyRuleName=pzResultsPresetPropertiesGridInner&RequestClass=Rule-HTML-Section&RequestAppliesTo=Rule-Obj-MapValue&RequestRuleName=pzResultsPresetPropertiesGridInner Payload: "{\"RequestClass\":\"Rule-HTML-Section\",\"RequestAppliesTo\":\"Rule-Obj-MapValue\",\"RequestRuleName\":\"pzResultsPresetPropertiesGridInner\"}" => HTTP 404 (129 bytes)
[PegaHttpClient] 📡 POST https://zdk8budo.pegaacademy.net/prweb/PRRestService/CodeIntelligence/v1/rules/query?pxObjClass=Rule-HTML-Section&appliesTo=Rule-Obj-MapValue&pyRuleName=pzResultsPresetPropertiesGridInner&RequestClass=Rule-HTML-Section&RequestAppliesTo=Rule-Obj-MapValue&RequestRuleName=pzResultsPresetPropertiesGridInner Payload: "{\"RequestClass\":\"Rule-HTML-Section\",\"RequestAppliesTo\":\"Rule-Obj-MapValue\",\"RequestRuleName\":\"pzResultsPresetPropertiesGridInner\"}" => HTTP 404 (129 bytes)
[PegaHttpClient] 📡 POST https://zdk8budo.pegaacademy.net/prweb/api/HRAppsV2Service/V1/rules/query?pxObjClass=Rule-HTML-Section&appliesTo=Rule-Obj-MapValue&pyRuleName=pzResultsPresetPropertiesGridInner&RequestClass=Rule-HTML-Section&RequestAppliesTo=Rule-Obj-MapValue&RequestRuleName=pzResultsPresetPropertiesGridInner Payload: "{\"RequestClass\":\"Rule-HTML-Section\",\"RequestAppliesTo\":\"Rule-Obj-MapValue\",\"RequestRuleName\":\"pzResultsPresetPropertiesGridInner\"}" => HTTP 404 (18 bytes)
[PegaHttpClient] 📡 POST https://zdk8budo.pegaacademy.net/prweb/PRRestService/HRAppsV2Service/V1/rules/query?pxObjClass=Rule-HTML-Section&appliesTo=Rule-Obj-MapValue&pyRuleName=pzResultsPresetPropertiesGridInner&RequestClass=Rule-HTML-Section&RequestAppliesTo=Rule-Obj-MapValue&RequestRuleName=pzResultsPresetPropertiesGridInner Payload: "{\"RequestClass\":\"Rule-HTML-Section\",\"RequestAppliesTo\":\"Rule-Obj-MapValue\",\"RequestRuleName\":\"pzResultsPresetPropertiesGridInner\"}" => HTTP 404 (18 bytes)
[PegaHttpClient] 📡 POST https://zdk8budo.pegaacademy.net/prweb/api/HRAppsV2/V1/rules/query?pxObjClass=Rule-HTML-Section&appliesTo=Rule-Obj-MapValue&pyRuleName=pzResultsPresetPropertiesGridInner&RequestClass=Rule-HTML-Section&RequestAppliesTo=Rule-Obj-MapValue&RequestRuleName=pzResultsPresetPropertiesGridInner Payload: "{\"RequestClass\":\"Rule-HTML-Section\",\"RequestAppliesTo\":\"Rule-Obj-MapValue\",\"RequestRuleName\":\"pzResultsPresetPropertiesGridInner\"}" => HTTP 404 (18 bytes)
[PegaHttpClient] 📡 POST https://zdk8budo.pegaacademy.net/prweb/PRRestService/HRAppsV2/V1/rules/query?pxObjClass=Rule-HTML-Section&appliesTo=Rule-Obj-MapValue&pyRuleName=pzResultsPresetPropertiesGridInner&RequestClass=Rule-HTML-Section&RequestAppliesTo=Rule-Obj-MapValue&RequestRuleName=pzResultsPresetPropertiesGridInner Payload: "{\"RequestClass\":\"Rule-HTML-Section\",\"RequestAppliesTo\":\"Rule-Obj-MapValue\",\"RequestRuleName\":\"pzResultsPresetPropertiesGridInner\"}" => HTTP 404 (18 bytes)
[PegaHttpClient] 📡 POST https://zdk8budo.pegaacademy.net/prweb/api/v1/rules/query?pxObjClass=Rule-HTML-Section&appliesTo=Rule-Obj-MapValue&pyRuleName=pzResultsPresetPropertiesGridInner&RequestClass=Rule-HTML-Section&RequestAppliesTo=Rule-Obj-MapValue&RequestRuleName=pzResultsPresetPropertiesGridInner Payload: "{\"RequestClass\":\"Rule-HTML-Section\",\"RequestAppliesTo\":\"Rule-Obj-MapValue\",\"RequestRuleName\":\"pzResultsPresetPropertiesGridInner\"}" => HTTP 404 (18 bytes)
[PegaHttpClient] 📡 POST https://zdk8budo.pegaacademy.net/prweb/PRRestService/v1/rules/query?pxObjClass=Rule-HTML-Section&appliesTo=Rule-Obj-MapValue&pyRuleName=pzResultsPresetPropertiesGridInner&RequestClass=Rule-HTML-Section&RequestAppliesTo=Rule-Obj-MapValue&RequestRuleName=pzResultsPresetPropertiesGridInner Payload: "{\"RequestClass\":\"Rule-HTML-Section\",\"RequestAppliesTo\":\"Rule-Obj-MapValue\",\"RequestRuleName\":\"pzResultsPresetPropertiesGridInner\"}" => HTTP 404 (18 bytes)
[PegaHttpClient] 📡 POST https://zdk8budo.pegaacademy.net/prweb/api/CodeIntelligence/v1/rules/query?pxObjClass=Rule-HTML-Section&appliesTo=Rule-Obj-MapValue&pyRuleName=pyCollaborator&RequestClass=Rule-HTML-Section&RequestAppliesTo=Rule-Obj-MapValue&RequestRuleName=pyCollaborator Payload: "{\"RequestClass\":\"Rule-HTML-Section\",\"RequestAppliesTo\":\"Rule-Obj-MapValue\",\"RequestRuleName\":\"pyCollaborator\"}" => HTTP 404 (109 bytes)
[PegaHttpClient] 📡 POST https://zdk8budo.pegaacademy.net/prweb/PRRestService/CodeIntelligence/v1/rules/query?pxObjClass=Rule-HTML-Section&appliesTo=Rule-Obj-MapValue&pyRuleName=pyCollaborator&RequestClass=Rule-HTML-Section&RequestAppliesTo=Rule-Obj-MapValue&RequestRuleName=pyCollaborator Payload: "{\"RequestClass\":\"Rule-HTML-Section\",\"RequestAppliesTo\":\"Rule-Obj-MapValue\",\"RequestRuleName\":\"pyCollaborator\"}" => HTTP 404 (109 bytes)
[PegaHttpClient] 📡 POST https://zdk8budo.pegaacademy.net/prweb/api/HRAppsV2Service/V1/rules/query?pxObjClass=Rule-HTML-Section&appliesTo=Rule-Obj-MapValue&pyRuleName=pyCollaborator&RequestClass=Rule-HTML-Section&RequestAppliesTo=Rule-Obj-MapValue&RequestRuleName=pyCollaborator Payload: "{\"RequestClass\":\"Rule-HTML-Section\",\"RequestAppliesTo\":\"Rule-Obj-MapValue\",\"RequestRuleName\":\"pyCollaborator\"}" => HTTP 404 (18 bytes)
[PegaHttpClient] 📡 POST https://zdk8budo.pegaacademy.net/prweb/PRRestService/HRAppsV2Service/V1/rules/query?pxObjClass=Rule-HTML-Section&appliesTo=Rule-Obj-MapValue&pyRuleName=pyCollaborator&RequestClass=Rule-HTML-Section&RequestAppliesTo=Rule-Obj-MapValue&RequestRuleName=pyCollaborator Payload: "{\"RequestClass\":\"Rule-HTML-Section\",\"RequestAppliesTo\":\"Rule-Obj-MapValue\",\"RequestRuleName\":\"pyCollaborator\"}" => HTTP 404 (18 bytes)
[PegaHttpClient] 📡 POST https://zdk8budo.pegaacademy.net/prweb/api/HRAppsV2/V1/rules/query?pxObjClass=Rule-HTML-Section&appliesTo=Rule-Obj-MapValue&pyRuleName=pyCollaborator&RequestClass=Rule-HTML-Section&RequestAppliesTo=Rule-Obj-MapValue&RequestRuleName=pyCollaborator Payload: "{\"RequestClass\":\"Rule-HTML-Section\",\"RequestAppliesTo\":\"Rule-Obj-MapValue\",\"RequestRuleName\":\"pyCollaborator\"}" => HTTP 404 (18 bytes)
[PegaHttpClient] 📡 POST https://zdk8budo.pegaacademy.net/prweb/PRRestService/HRAppsV2/V1/rules/query?pxObjClass=Rule-HTML-Section&appliesTo=Rule-Obj-MapValue&pyRuleName=pyCollaborator&RequestClass=Rule-HTML-Section&RequestAppliesTo=Rule-Obj-MapValue&RequestRuleName=pyCollaborator Payload: "{\"RequestClass\":\"Rule-HTML-Section\",\"RequestAppliesTo\":\"Rule-Obj-MapValue\",\"RequestRuleName\":\"pyCollaborator\"}" => HTTP 404 (18 bytes)
[PegaHttpClient] 📡 POST https://zdk8budo.pegaacademy.net/prweb/api/v1/rules/query?pxObjClass=Rule-HTML-Section&appliesTo=Rule-Obj-MapValue&pyRuleName=pyCollaborator&RequestClass=Rule-HTML-Section&RequestAppliesTo=Rule-Obj-MapValue&RequestRuleName=pyCollaborator Payload: "{\"RequestClass\":\"Rule-HTML-Section\",\"RequestAppliesTo\":\"Rule-Obj-MapValue\",\"RequestRuleName\":\"pyCollaborator\"}" => HTTP 404 (18 bytes)
[PegaHttpClient] 📡 POST https://zdk8budo.pegaacademy.net/prweb/PRRestService/v1/rules/query?pxObjClass=Rule-HTML-Section&appliesTo=Rule-Obj-MapValue&pyRuleName=pyCollaborator&RequestClass=Rule-HTML-Section&RequestAppliesTo=Rule-Obj-MapValue&RequestRuleName=pyCollaborator Payload: "{\"RequestClass\":\"Rule-HTML-Section\",\"RequestAppliesTo\":\"Rule-Obj-MapValue\",\"RequestRuleName\":\"pyCollaborator\"}" => HTTP 404 (18 bytes)
[PegaHttpClient] 📡 POST https://zdk8budo.pegaacademy.net/prweb/api/CodeIntelligence/v1/rules/query?pxObjClass=Rule-HTML-Section&appliesTo=Rule-Obj-MapValue&pyRuleName=pzDisplayPartialCount&RequestClass=Rule-HTML-Section&RequestAppliesTo=Rule-Obj-MapValue&RequestRuleName=pzDisplayPartialCount Payload: "{\"RequestClass\":\"Rule-HTML-Section\",\"RequestAppliesTo\":\"Rule-Obj-MapValue\",\"RequestRuleName\":\"pzDisplayPartialCount\"}" => HTTP 404 (116 bytes)
[PegaHttpClient] 📡 POST https://zdk8budo.pegaacademy.net/prweb/PRRestService/CodeIntelligence/v1/rules/query?pxObjClass=Rule-HTML-Section&appliesTo=Rule-Obj-MapValue&pyRuleName=pzDisplayPartialCount&RequestClass=Rule-HTML-Section&RequestAppliesTo=Rule-Obj-MapValue&RequestRuleName=pzDisplayPartialCount Payload: "{\"RequestClass\":\"Rule-HTML-Section\",\"RequestAppliesTo\":\"Rule-Obj-MapValue\",\"RequestRuleName\":\"pzDisplayPartialCount\"}" => HTTP 404 (116 bytes)
[PegaHttpClient] 📡 POST https://zdk8budo.pegaacademy.net/prweb/api/HRAppsV2Service/V1/rules/query?pxObjClass=Rule-HTML-Section&appliesTo=Rule-Obj-MapValue&pyRuleName=pzDisplayPartialCount&RequestClass=Rule-HTML-Section&RequestAppliesTo=Rule-Obj-MapValue&RequestRuleName=pzDisplayPartialCount Payload: "{\"RequestClass\":\"Rule-HTML-Section\",\"RequestAppliesTo\":\"Rule-Obj-MapValue\",\"RequestRuleName\":\"pzDisplayPartialCount\"}" => HTTP 404 (18 bytes)
[PegaHttpClient] 📡 POST https://zdk8budo.pegaacademy.net/prweb/PRRestService/HRAppsV2Service/V1/rules/query?pxObjClass=Rule-HTML-Section&appliesTo=Rule-Obj-MapValue&pyRuleName=pzDisplayPartialCount&RequestClass=Rule-HTML-Section&RequestAppliesTo=Rule-Obj-MapValue&RequestRuleName=pzDisplayPartialCount Payload: "{\"RequestClass\":\"Rule-HTML-Section\",\"RequestAppliesTo\":\"Rule-Obj-MapValue\",\"RequestRuleName\":\"pzDisplayPartialCount\"}" => HTTP 404 (18 bytes)
[PegaHttpClient] 📡 POST https://zdk8budo.pegaacademy.net/prweb/api/HRAppsV2/V1/rules/query?pxObjClass=Rule-HTML-Section&appliesTo=Rule-Obj-MapValue&pyRuleName=pzDisplayPartialCount&RequestClass=Rule-HTML-Section&RequestAppliesTo=Rule-Obj-MapValue&RequestRuleName=pzDisplayPartialCount Payload: "{\"RequestClass\":\"Rule-HTML-Section\",\"RequestAppliesTo\":\"Rule-Obj-MapValue\",\"RequestRuleName\":\"pzDisplayPartialCount\"}" => HTTP 404 (18 bytes)
[PegaHttpClient] 📡 POST https://zdk8budo.pegaacademy.net/prweb/PRRestService/HRAppsV2/V1/rules/query?pxObjClass=Rule-HTML-Section&appliesTo=Rule-Obj-MapValue&pyRuleName=pzDisplayPartialCount&RequestClass=Rule-HTML-Section&RequestAppliesTo=Rule-Obj-MapValue&RequestRuleName=pzDisplayPartialCount Payload: "{\"RequestClass\":\"Rule-HTML-Section\",\"RequestAppliesTo\":\"Rule-Obj-MapValue\",\"RequestRuleName\":\"pzDisplayPartialCount\"}" => HTTP 404 (18 bytes)
[PegaHttpClient] 📡 POST https://zdk8budo.pegaacademy.net/prweb/api/v1/rules/query?pxObjClass=Rule-HTML-Section&appliesTo=Rule-Obj-MapValue&pyRuleName=pzDisplayPartialCount&RequestClass=Rule-HTML-Section&RequestAppliesTo=Rule-Obj-MapValue&RequestRuleName=pzDisplayPartialCount Payload: "{\"RequestClass\":\"Rule-HTML-Section\",\"RequestAppliesTo\":\"Rule-Obj-MapValue\",\"RequestRuleName\":\"pzDisplayPartialCount\"}" => HTTP 404 (18 bytes)
[PegaHttpClient] 📡 POST https://zdk8budo.pegaacademy.net/prweb/PRRestService/v1/rules/query?pxObjClass=Rule-HTML-Section&appliesTo=Rule-Obj-MapValue&pyRuleName=pzDisplayPartialCount&RequestClass=Rule-HTML-Section&RequestAppliesTo=Rule-Obj-MapValue&RequestRuleName=pzDisplayPartialCount Payload: "{\"RequestClass\":\"Rule-HTML-Section\",\"RequestAppliesTo\":\"Rule-Obj-MapValue\",\"RequestRuleName\":\"pzDisplayPartialCount\"}" => HTTP 404 (18 bytes)
[SchemaGen] ✅ Schema written for Rule-Obj-MapValue
[PegaHttpClient] 📡 GET https://zdk8budo.pegaacademy.net/prweb/api/CodeIntelligence/v1/rules/RULE-HTML-HARNESS%20RULE-OBJ-REPORT-DEFINITION%20RULEFORM%20%2320190219T110118.215%20GMT => HTTP 200 (36886 bytes)
[PegaHttpClient] 📡 POST https://zdk8budo.pegaacademy.net/prweb/api/CodeIntelligence/v1/rules/query?pxObjClass=Rule-HTML-Section&appliesTo=Rule-Obj-Report-Definition&pyRuleName=RuleFormMain&RequestClass=Rule-HTML-Section&RequestAppliesTo=Rule-Obj-Report-Definition&RequestRuleName=RuleFormMain Payload: "{\"RequestClass\":\"Rule-HTML-Section\",\"RequestAppliesTo\":\"Rule-Obj-Report-Definition\",\"RequestRuleName\":\"RuleFormMain\"}" => HTTP 200 (156234 bytes)
[PegaHttpClient] 📡 POST https://zdk8budo.pegaacademy.net/prweb/api/CodeIntelligence/v1/rules/query?pxObjClass=Rule-HTML-Section&appliesTo=Rule-Obj-Report-Definition&pyRuleName=pxAlternateRuleForm&RequestClass=Rule-HTML-Section&RequestAppliesTo=Rule-Obj-Report-Definition&RequestRuleName=pxAlternateRuleForm Payload: "{\"RequestClass\":\"Rule-HTML-Section\",\"RequestAppliesTo\":\"Rule-Obj-Report-Definition\",\"RequestRuleName\":\"pxAlternateRuleForm\"}" => HTTP 200 (66153 bytes)
[PegaHttpClient] 📡 POST https://zdk8budo.pegaacademy.net/prweb/api/CodeIntelligence/v1/rules/query?pxObjClass=Rule-HTML-Section&appliesTo=Rule-Obj-Report-Definition&pyRuleName=pzRuleFormScripts&RequestClass=Rule-HTML-Section&RequestAppliesTo=Rule-Obj-Report-Definition&RequestRuleName=pzRuleFormScripts Payload: "{\"RequestClass\":\"Rule-HTML-Section\",\"RequestAppliesTo\":\"Rule-Obj-Report-Definition\",\"RequestRuleName\":\"pzRuleFormScripts\"}" => HTTP 200 (40822 bytes)
[PegaHttpClient] 📡 POST https://zdk8budo.pegaacademy.net/prweb/api/CodeIntelligence/v1/rules/query?pxObjClass=Rule-HTML-Section&appliesTo=Rule-Obj-Report-Definition&pyRuleName=pzRuleFormLayoutDelegated&RequestClass=Rule-HTML-Section&RequestAppliesTo=Rule-Obj-Report-Definition&RequestRuleName=pzRuleFormLayoutDelegated Payload: "{\"RequestClass\":\"Rule-HTML-Section\",\"RequestAppliesTo\":\"Rule-Obj-Report-Definition\",\"RequestRuleName\":\"pzRuleFormLayoutDelegated\"}" => HTTP 200 (70998 bytes)
[PegaHttpClient] 📡 POST https://zdk8budo.pegaacademy.net/prweb/api/CodeIntelligence/v1/rules/query?pxObjClass=Rule-HTML-Section&appliesTo=Rule-Obj-Report-Definition&pyRuleName=RuleFormLayout&RequestClass=Rule-HTML-Section&RequestAppliesTo=Rule-Obj-Report-Definition&RequestRuleName=RuleFormLayout Payload: "{\"RequestClass\":\"Rule-HTML-Section\",\"RequestAppliesTo\":\"Rule-Obj-Report-Definition\",\"RequestRuleName\":\"RuleFormLayout\"}" => HTTP 200 (180119 bytes)
[PegaHttpClient] 📡 POST https://zdk8budo.pegaacademy.net/prweb/api/CodeIntelligence/v1/rules/query?pxObjClass=Rule-HTML-Section&appliesTo=Rule-Obj-Report-Definition&pyRuleName=RuleFormSettings&RequestClass=Rule-HTML-Section&RequestAppliesTo=Rule-Obj-Report-Definition&RequestRuleName=RuleFormSettings Payload: "{\"RequestClass\":\"Rule-HTML-Section\",\"RequestAppliesTo\":\"Rule-Obj-Report-Definition\",\"RequestRuleName\":\"RuleFormSettings\"}" => HTTP 200 (20540 bytes)
[PegaHttpClient] 📡 POST https://zdk8budo.pegaacademy.net/prweb/api/CodeIntelligence/v1/rules/query?pxObjClass=Rule-HTML-Section&appliesTo=Rule-Obj-Report-Definition&pyRuleName=OpenAuthoring&RequestClass=Rule-HTML-Section&RequestAppliesTo=Rule-Obj-Report-Definition&RequestRuleName=OpenAuthoring Payload: "{\"RequestClass\":\"Rule-HTML-Section\",\"RequestAppliesTo\":\"Rule-Obj-Report-Definition\",\"RequestRuleName\":\"OpenAuthoring\"}" => HTTP 200 (23695 bytes)
[PegaHttpClient] 📡 POST https://zdk8budo.pegaacademy.net/prweb/api/CodeIntelligence/v1/rules/query?pxObjClass=Rule-HTML-Section&appliesTo=Rule-Obj-Report-Definition&pyRuleName=pyCustomHelp&RequestClass=Rule-HTML-Section&RequestAppliesTo=Rule-Obj-Report-Definition&RequestRuleName=pyCustomHelp Payload: "{\"RequestClass\":\"Rule-HTML-Section\",\"RequestAppliesTo\":\"Rule-Obj-Report-Definition\",\"RequestRuleName\":\"pyCustomHelp\"}" => HTTP 200 (17256 bytes)
[PegaHttpClient] 📡 POST https://zdk8budo.pegaacademy.net/prweb/api/CodeIntelligence/v1/rules/query?pxObjClass=Rule-HTML-Section&appliesTo=Rule-Obj-Report-Definition&pyRuleName=pzRuleformMainInclude&RequestClass=Rule-HTML-Section&RequestAppliesTo=Rule-Obj-Report-Definition&RequestRuleName=pzRuleformMainInclude Payload: "{\"RequestClass\":\"Rule-HTML-Section\",\"RequestAppliesTo\":\"Rule-Obj-Report-Definition\",\"RequestRuleName\":\"pzRuleformMainInclude\"}" => HTTP 200 (22375 bytes)
[PegaHttpClient] 📡 POST https://zdk8budo.pegaacademy.net/prweb/api/CodeIntelligence/v1/rules/query?pxObjClass=Rule-HTML-Section&appliesTo=Rule-Obj-Report-Definition&pyRuleName=pyAlternativeRuleFormStrategicAppExtension&RequestClass=Rule-HTML-Section&RequestAppliesTo=Rule-Obj-Report-Definition&RequestRuleName=pyAlternativeRuleFormStrategicAppExtension Payload: "{\"RequestClass\":\"Rule-HTML-Section\",\"RequestAppliesTo\":\"Rule-Obj-Report-Definition\",\"RequestRuleName\":\"pyAlternativeRuleFormStrategicAppExtension\"}" => HTTP 200 (25042 bytes)
[PegaHttpClient] 📡 POST https://zdk8budo.pegaacademy.net/prweb/api/CodeIntelligence/v1/rules/query?pxObjClass=Rule-HTML-Section&appliesTo=Rule-Obj-Report-Definition&pyRuleName=pyAlternativeRuleFormExtension&RequestClass=Rule-HTML-Section&RequestAppliesTo=Rule-Obj-Report-Definition&RequestRuleName=pyAlternativeRuleFormExtension Payload: "{\"RequestClass\":\"Rule-HTML-Section\",\"RequestAppliesTo\":\"Rule-Obj-Report-Definition\",\"RequestRuleName\":\"pyAlternativeRuleFormExtension\"}" => HTTP 200 (24863 bytes)
[PegaHttpClient] 📡 POST https://zdk8budo.pegaacademy.net/prweb/api/CodeIntelligence/v1/rules/query?pxObjClass=Rule-HTML-Section&appliesTo=Rule-Obj-Report-Definition&pyRuleName=RuleFormHeader&RequestClass=Rule-HTML-Section&RequestAppliesTo=Rule-Obj-Report-Definition&RequestRuleName=RuleFormHeader Payload: "{\"RequestClass\":\"Rule-HTML-Section\",\"RequestAppliesTo\":\"Rule-Obj-Report-Definition\",\"RequestRuleName\":\"RuleFormHeader\"}" => HTTP 200 (183800 bytes)
[PegaHttpClient] 📡 POST https://zdk8budo.pegaacademy.net/prweb/api/CodeIntelligence/v1/rules/query?pxObjClass=Rule-HTML-Section&appliesTo=Rule-Obj-Report-Definition&pyRuleName=pzDelegationExperience&RequestClass=Rule-HTML-Section&RequestAppliesTo=Rule-Obj-Report-Definition&RequestRuleName=pzDelegationExperience Payload: "{\"RequestClass\":\"Rule-HTML-Section\",\"RequestAppliesTo\":\"Rule-Obj-Report-Definition\",\"RequestRuleName\":\"pzDelegationExperience\"}" => HTTP 404 (126 bytes)
[PegaHttpClient] 📡 POST https://zdk8budo.pegaacademy.net/prweb/PRRestService/CodeIntelligence/v1/rules/query?pxObjClass=Rule-HTML-Section&appliesTo=Rule-Obj-Report-Definition&pyRuleName=pzDelegationExperience&RequestClass=Rule-HTML-Section&RequestAppliesTo=Rule-Obj-Report-Definition&RequestRuleName=pzDelegationExperience Payload: "{\"RequestClass\":\"Rule-HTML-Section\",\"RequestAppliesTo\":\"Rule-Obj-Report-Definition\",\"RequestRuleName\":\"pzDelegationExperience\"}" => HTTP 404 (126 bytes)
[PegaHttpClient] 📡 POST https://zdk8budo.pegaacademy.net/prweb/api/HRAppsV2Service/V1/rules/query?pxObjClass=Rule-HTML-Section&appliesTo=Rule-Obj-Report-Definition&pyRuleName=pzDelegationExperience&RequestClass=Rule-HTML-Section&RequestAppliesTo=Rule-Obj-Report-Definition&RequestRuleName=pzDelegationExperience Payload: "{\"RequestClass\":\"Rule-HTML-Section\",\"RequestAppliesTo\":\"Rule-Obj-Report-Definition\",\"RequestRuleName\":\"pzDelegationExperience\"}" => HTTP 404 (18 bytes)
[PegaHttpClient] 📡 POST https://zdk8budo.pegaacademy.net/prweb/PRRestService/HRAppsV2Service/V1/rules/query?pxObjClass=Rule-HTML-Section&appliesTo=Rule-Obj-Report-Definition&pyRuleName=pzDelegationExperience&RequestClass=Rule-HTML-Section&RequestAppliesTo=Rule-Obj-Report-Definition&RequestRuleName=pzDelegationExperience Payload: "{\"RequestClass\":\"Rule-HTML-Section\",\"RequestAppliesTo\":\"Rule-Obj-Report-Definition\",\"RequestRuleName\":\"pzDelegationExperience\"}" => HTTP 404 (18 bytes)
[PegaHttpClient] 📡 POST https://zdk8budo.pegaacademy.net/prweb/api/HRAppsV2/V1/rules/query?pxObjClass=Rule-HTML-Section&appliesTo=Rule-Obj-Report-Definition&pyRuleName=pzDelegationExperience&RequestClass=Rule-HTML-Section&RequestAppliesTo=Rule-Obj-Report-Definition&RequestRuleName=pzDelegationExperience Payload: "{\"RequestClass\":\"Rule-HTML-Section\",\"RequestAppliesTo\":\"Rule-Obj-Report-Definition\",\"RequestRuleName\":\"pzDelegationExperience\"}" => HTTP 404 (18 bytes)
[PegaHttpClient] 📡 POST https://zdk8budo.pegaacademy.net/prweb/PRRestService/HRAppsV2/V1/rules/query?pxObjClass=Rule-HTML-Section&appliesTo=Rule-Obj-Report-Definition&pyRuleName=pzDelegationExperience&RequestClass=Rule-HTML-Section&RequestAppliesTo=Rule-Obj-Report-Definition&RequestRuleName=pzDelegationExperience Payload: "{\"RequestClass\":\"Rule-HTML-Section\",\"RequestAppliesTo\":\"Rule-Obj-Report-Definition\",\"RequestRuleName\":\"pzDelegationExperience\"}" => HTTP 404 (18 bytes)
[PegaHttpClient] 📡 POST https://zdk8budo.pegaacademy.net/prweb/api/v1/rules/query?pxObjClass=Rule-HTML-Section&appliesTo=Rule-Obj-Report-Definition&pyRuleName=pzDelegationExperience&RequestClass=Rule-HTML-Section&RequestAppliesTo=Rule-Obj-Report-Definition&RequestRuleName=pzDelegationExperience Payload: "{\"RequestClass\":\"Rule-HTML-Section\",\"RequestAppliesTo\":\"Rule-Obj-Report-Definition\",\"RequestRuleName\":\"pzDelegationExperience\"}" => HTTP 404 (18 bytes)
[PegaHttpClient] 📡 POST https://zdk8budo.pegaacademy.net/prweb/PRRestService/v1/rules/query?pxObjClass=Rule-HTML-Section&appliesTo=Rule-Obj-Report-Definition&pyRuleName=pzDelegationExperience&RequestClass=Rule-HTML-Section&RequestAppliesTo=Rule-Obj-Report-Definition&RequestRuleName=pzDelegationExperience Payload: "{\"RequestClass\":\"Rule-HTML-Section\",\"RequestAppliesTo\":\"Rule-Obj-Report-Definition\",\"RequestRuleName\":\"pzDelegationExperience\"}" => HTTP 404 (18 bytes)
[PegaHttpClient] 📡 POST https://zdk8budo.pegaacademy.net/prweb/api/CodeIntelligence/v1/rules/query?pxObjClass=Rule-HTML-Section&appliesTo=Rule-Obj-Report-Definition&pyRuleName=pzQueryTab&RequestClass=Rule-HTML-Section&RequestAppliesTo=Rule-Obj-Report-Definition&RequestRuleName=pzQueryTab Payload: "{\"RequestClass\":\"Rule-HTML-Section\",\"RequestAppliesTo\":\"Rule-Obj-Report-Definition\",\"RequestRuleName\":\"pzQueryTab\"}" => HTTP 200 (19134 bytes)
[PegaHttpClient] 📡 POST https://zdk8budo.pegaacademy.net/prweb/api/CodeIntelligence/v1/rules/query?pxObjClass=Rule-HTML-Section&appliesTo=Rule-Obj-Report-Definition&pyRuleName=pzChartEditorWrapper&RequestClass=Rule-HTML-Section&RequestAppliesTo=Rule-Obj-Report-Definition&RequestRuleName=pzChartEditorWrapper Payload: "{\"RequestClass\":\"Rule-HTML-Section\",\"RequestAppliesTo\":\"Rule-Obj-Report-Definition\",\"RequestRuleName\":\"pzChartEditorWrapper\"}" => HTTP 200 (44017 bytes)
[PegaHttpClient] 📡 POST https://zdk8budo.pegaacademy.net/prweb/api/CodeIntelligence/v1/rules/query?pxObjClass=Rule-HTML-Section&appliesTo=Rule-Obj-Report-Definition&pyRuleName=pzReportViewerTab&RequestClass=Rule-HTML-Section&RequestAppliesTo=Rule-Obj-Report-Definition&RequestRuleName=pzReportViewerTab Payload: "{\"RequestClass\":\"Rule-HTML-Section\",\"RequestAppliesTo\":\"Rule-Obj-Report-Definition\",\"RequestRuleName\":\"pzReportViewerTab\"}" => HTTP 200 (22335 bytes)
[PegaHttpClient] 📡 POST https://zdk8budo.pegaacademy.net/prweb/api/CodeIntelligence/v1/rules/query?pxObjClass=Rule-HTML-Section&appliesTo=Rule-Obj-Report-Definition&pyRuleName=pzDataAccessTab&RequestClass=Rule-HTML-Section&RequestAppliesTo=Rule-Obj-Report-Definition&RequestRuleName=pzDataAccessTab Payload: "{\"RequestClass\":\"Rule-HTML-Section\",\"RequestAppliesTo\":\"Rule-Obj-Report-Definition\",\"RequestRuleName\":\"pzDataAccessTab\"}" => HTTP 200 (41364 bytes)
[PegaHttpClient] 📡 POST https://zdk8budo.pegaacademy.net/prweb/api/CodeIntelligence/v1/rules/query?pxObjClass=Rule-HTML-Section&appliesTo=Rule-Obj-Report-Definition&pyRuleName=pzRuleFormParameters&RequestClass=Rule-HTML-Section&RequestAppliesTo=Rule-Obj-Report-Definition&RequestRuleName=pzRuleFormParameters Payload: "{\"RequestClass\":\"Rule-HTML-Section\",\"RequestAppliesTo\":\"Rule-Obj-Report-Definition\",\"RequestRuleName\":\"pzRuleFormParameters\"}" => HTTP 200 (90973 bytes)
[PegaHttpClient] 📡 POST https://zdk8budo.pegaacademy.net/prweb/api/CodeIntelligence/v1/rules/query?pxObjClass=Rule-HTML-Section&appliesTo=Rule-Obj-Report-Definition&pyRuleName=RuleFormPagesAndClasses&RequestClass=Rule-HTML-Section&RequestAppliesTo=Rule-Obj-Report-Definition&RequestRuleName=RuleFormPagesAndClasses Payload: "{\"RequestClass\":\"Rule-HTML-Section\",\"RequestAppliesTo\":\"Rule-Obj-Report-Definition\",\"RequestRuleName\":\"RuleFormPagesAndClasses\"}" => HTTP 200 (16184 bytes)
[PegaHttpClient] 📡 POST https://zdk8budo.pegaacademy.net/prweb/api/CodeIntelligence/v1/rules/query?pxObjClass=Rule-HTML-Section&appliesTo=Rule-Obj-Report-Definition&pyRuleName=pzUnitTestCases&RequestClass=Rule-HTML-Section&RequestAppliesTo=Rule-Obj-Report-Definition&RequestRuleName=pzUnitTestCases Payload: "{\"RequestClass\":\"Rule-HTML-Section\",\"RequestAppliesTo\":\"Rule-Obj-Report-Definition\",\"RequestRuleName\":\"pzUnitTestCases\"}" => HTTP 200 (285239 bytes)
[PegaHttpClient] 📡 POST https://zdk8budo.pegaacademy.net/prweb/api/CodeIntelligence/v1/rules/query?pxObjClass=Rule-HTML-Section&appliesTo=Rule-Obj-Report-Definition&pyRuleName=pzSpecifications&RequestClass=Rule-HTML-Section&RequestAppliesTo=Rule-Obj-Report-Definition&RequestRuleName=pzSpecifications Payload: "{\"RequestClass\":\"Rule-HTML-Section\",\"RequestAppliesTo\":\"Rule-Obj-Report-Definition\",\"RequestRuleName\":\"pzSpecifications\"}" => HTTP 200 (16577 bytes)
[PegaHttpClient] 📡 POST https://zdk8budo.pegaacademy.net/prweb/api/CodeIntelligence/v1/rules/query?pxObjClass=Rule-HTML-Section&appliesTo=Rule-Obj-Report-Definition&pyRuleName=RuleFormHistory&RequestClass=Rule-HTML-Section&RequestAppliesTo=Rule-Obj-Report-Definition&RequestRuleName=RuleFormHistory Payload: "{\"RequestClass\":\"Rule-HTML-Section\",\"RequestAppliesTo\":\"Rule-Obj-Report-Definition\",\"RequestRuleName\":\"RuleFormHistory\"}" => HTTP 200 (76091 bytes)
[PegaHttpClient] 📡 POST https://zdk8budo.pegaacademy.net/prweb/api/CodeIntelligence/v1/rules/query?pxObjClass=Rule-HTML-Section&appliesTo=Rule-Obj-Report-Definition&pyRuleName=pzReportCallBack&RequestClass=Rule-HTML-Section&RequestAppliesTo=Rule-Obj-Report-Definition&RequestRuleName=pzReportCallBack Payload: "{\"RequestClass\":\"Rule-HTML-Section\",\"RequestAppliesTo\":\"Rule-Obj-Report-Definition\",\"RequestRuleName\":\"pzReportCallBack\"}" => HTTP 200 (24494 bytes)
[PegaHttpClient] 📡 POST https://zdk8budo.pegaacademy.net/prweb/api/CodeIntelligence/v1/rules/query?pxObjClass=Rule-HTML-Section&appliesTo=Rule-Obj-Report-Definition&pyRuleName=pzCustomHelp&RequestClass=Rule-HTML-Section&RequestAppliesTo=Rule-Obj-Report-Definition&RequestRuleName=pzCustomHelp Payload: "{\"RequestClass\":\"Rule-HTML-Section\",\"RequestAppliesTo\":\"Rule-Obj-Report-Definition\",\"RequestRuleName\":\"pzCustomHelp\"}" => HTTP 200 (31573 bytes)
[PegaHttpClient] 📡 POST https://zdk8budo.pegaacademy.net/prweb/api/CodeIntelligence/v1/rules/query?pxObjClass=Rule-HTML-Section&appliesTo=Rule-Obj-Report-Definition&pyRuleName=pzRuleFormKeysAndDescription&RequestClass=Rule-HTML-Section&RequestAppliesTo=Rule-Obj-Report-Definition&RequestRuleName=pzRuleFormKeysAndDescription Payload: "{\"RequestClass\":\"Rule-HTML-Section\",\"RequestAppliesTo\":\"Rule-Obj-Report-Definition\",\"RequestRuleName\":\"pzRuleFormKeysAndDescription\"}" => HTTP 200 (218057 bytes)
[PegaHttpClient] 📡 POST https://zdk8budo.pegaacademy.net/prweb/api/CodeIntelligence/v1/rules/query?pxObjClass=Rule-HTML-Section&appliesTo=Rule-Obj-Report-Definition&pyRuleName=pzRuleFormRuleset&RequestClass=Rule-HTML-Section&RequestAppliesTo=Rule-Obj-Report-Definition&RequestRuleName=pzRuleFormRuleset Payload: "{\"RequestClass\":\"Rule-HTML-Section\",\"RequestAppliesTo\":\"Rule-Obj-Report-Definition\",\"RequestRuleName\":\"pzRuleFormRuleset\"}" => HTTP 200 (33985 bytes)
[PegaHttpClient] 📡 POST https://zdk8budo.pegaacademy.net/prweb/api/CodeIntelligence/v1/rules/query?pxObjClass=Rule-HTML-Section&appliesTo=Rule-Obj-Report-Definition&pyRuleName=undefined&RequestClass=Rule-HTML-Section&RequestAppliesTo=Rule-Obj-Report-Definition&RequestRuleName=undefined Payload: "{\"RequestClass\":\"Rule-HTML-Section\",\"RequestAppliesTo\":\"Rule-Obj-Report-Definition\",\"RequestRuleName\":\"undefined\"}" => HTTP 404 (113 bytes)
[PegaHttpClient] 📡 POST https://zdk8budo.pegaacademy.net/prweb/PRRestService/CodeIntelligence/v1/rules/query?pxObjClass=Rule-HTML-Section&appliesTo=Rule-Obj-Report-Definition&pyRuleName=undefined&RequestClass=Rule-HTML-Section&RequestAppliesTo=Rule-Obj-Report-Definition&RequestRuleName=undefined Payload: "{\"RequestClass\":\"Rule-HTML-Section\",\"RequestAppliesTo\":\"Rule-Obj-Report-Definition\",\"RequestRuleName\":\"undefined\"}" => HTTP 404 (113 bytes)
[PegaHttpClient] 📡 POST https://zdk8budo.pegaacademy.net/prweb/api/HRAppsV2Service/V1/rules/query?pxObjClass=Rule-HTML-Section&appliesTo=Rule-Obj-Report-Definition&pyRuleName=undefined&RequestClass=Rule-HTML-Section&RequestAppliesTo=Rule-Obj-Report-Definition&RequestRuleName=undefined Payload: "{\"RequestClass\":\"Rule-HTML-Section\",\"RequestAppliesTo\":\"Rule-Obj-Report-Definition\",\"RequestRuleName\":\"undefined\"}" => HTTP 404 (18 bytes)
[PegaHttpClient] 📡 POST https://zdk8budo.pegaacademy.net/prweb/PRRestService/HRAppsV2Service/V1/rules/query?pxObjClass=Rule-HTML-Section&appliesTo=Rule-Obj-Report-Definition&pyRuleName=undefined&RequestClass=Rule-HTML-Section&RequestAppliesTo=Rule-Obj-Report-Definition&RequestRuleName=undefined Payload: "{\"RequestClass\":\"Rule-HTML-Section\",\"RequestAppliesTo\":\"Rule-Obj-Report-Definition\",\"RequestRuleName\":\"undefined\"}" => HTTP 404 (18 bytes)
[PegaHttpClient] 📡 POST https://zdk8budo.pegaacademy.net/prweb/api/HRAppsV2/V1/rules/query?pxObjClass=Rule-HTML-Section&appliesTo=Rule-Obj-Report-Definition&pyRuleName=undefined&RequestClass=Rule-HTML-Section&RequestAppliesTo=Rule-Obj-Report-Definition&RequestRuleName=undefined Payload: "{\"RequestClass\":\"Rule-HTML-Section\",\"RequestAppliesTo\":\"Rule-Obj-Report-Definition\",\"RequestRuleName\":\"undefined\"}" => HTTP 404 (18 bytes)
[PegaHttpClient] 📡 POST https://zdk8budo.pegaacademy.net/prweb/PRRestService/HRAppsV2/V1/rules/query?pxObjClass=Rule-HTML-Section&appliesTo=Rule-Obj-Report-Definition&pyRuleName=undefined&RequestClass=Rule-HTML-Section&RequestAppliesTo=Rule-Obj-Report-Definition&RequestRuleName=undefined Payload: "{\"RequestClass\":\"Rule-HTML-Section\",\"RequestAppliesTo\":\"Rule-Obj-Report-Definition\",\"RequestRuleName\":\"undefined\"}" => HTTP 404 (18 bytes)
[PegaHttpClient] 📡 POST https://zdk8budo.pegaacademy.net/prweb/api/v1/rules/query?pxObjClass=Rule-HTML-Section&appliesTo=Rule-Obj-Report-Definition&pyRuleName=undefined&RequestClass=Rule-HTML-Section&RequestAppliesTo=Rule-Obj-Report-Definition&RequestRuleName=undefined Payload: "{\"RequestClass\":\"Rule-HTML-Section\",\"RequestAppliesTo\":\"Rule-Obj-Report-Definition\",\"RequestRuleName\":\"undefined\"}" => HTTP 404 (18 bytes)
[PegaHttpClient] 📡 POST https://zdk8budo.pegaacademy.net/prweb/PRRestService/v1/rules/query?pxObjClass=Rule-HTML-Section&appliesTo=Rule-Obj-Report-Definition&pyRuleName=undefined&RequestClass=Rule-HTML-Section&RequestAppliesTo=Rule-Obj-Report-Definition&RequestRuleName=undefined Payload: "{\"RequestClass\":\"Rule-HTML-Section\",\"RequestAppliesTo\":\"Rule-Obj-Report-Definition\",\"RequestRuleName\":\"undefined\"}" => HTTP 404 (18 bytes)
[PegaHttpClient] 📡 POST https://zdk8budo.pegaacademy.net/prweb/api/CodeIntelligence/v1/rules/query?pxObjClass=Rule-HTML-Section&appliesTo=Rule-Obj-Report-Definition&pyRuleName=pzRuleFormToolbar&RequestClass=Rule-HTML-Section&RequestAppliesTo=Rule-Obj-Report-Definition&RequestRuleName=pzRuleFormToolbar Payload: "{\"RequestClass\":\"Rule-HTML-Section\",\"RequestAppliesTo\":\"Rule-Obj-Report-Definition\",\"RequestRuleName\":\"pzRuleFormToolbar\"}" => HTTP 200 (242691 bytes)
[PegaHttpClient] 📡 POST https://zdk8budo.pegaacademy.net/prweb/api/CodeIntelligence/v1/rules/query?pxObjClass=Rule-HTML-Section&appliesTo=Rule-Obj-Report-Definition&pyRuleName=pzRuleFormToolbarCompare&RequestClass=Rule-HTML-Section&RequestAppliesTo=Rule-Obj-Report-Definition&RequestRuleName=pzRuleFormToolbarCompare Payload: "{\"RequestClass\":\"Rule-HTML-Section\",\"RequestAppliesTo\":\"Rule-Obj-Report-Definition\",\"RequestRuleName\":\"pzRuleFormToolbarCompare\"}" => HTTP 200 (61925 bytes)
[PegaHttpClient] 📡 POST https://zdk8budo.pegaacademy.net/prweb/api/CodeIntelligence/v1/rules/query?pxObjClass=Rule-HTML-Section&appliesTo=Rule-Obj-Report-Definition&pyRuleName=RuleFormHeaderMessages&RequestClass=Rule-HTML-Section&RequestAppliesTo=Rule-Obj-Report-Definition&RequestRuleName=RuleFormHeaderMessages Payload: "{\"RequestClass\":\"Rule-HTML-Section\",\"RequestAppliesTo\":\"Rule-Obj-Report-Definition\",\"RequestRuleName\":\"RuleFormHeaderMessages\"}" => HTTP 200 (26518 bytes)
[PegaHttpClient] 📡 POST https://zdk8budo.pegaacademy.net/prweb/api/CodeIntelligence/v1/rules/query?pxObjClass=Rule-HTML-Section&appliesTo=Rule-Obj-Report-Definition&pyRuleName=pzEditColumnsGrid&RequestClass=Rule-HTML-Section&RequestAppliesTo=Rule-Obj-Report-Definition&RequestRuleName=pzEditColumnsGrid Payload: "{\"RequestClass\":\"Rule-HTML-Section\",\"RequestAppliesTo\":\"Rule-Obj-Report-Definition\",\"RequestRuleName\":\"pzEditColumnsGrid\"}" => HTTP 200 (234412 bytes)
[PegaHttpClient] 📡 POST https://zdk8budo.pegaacademy.net/prweb/api/CodeIntelligence/v1/rules/query?pxObjClass=Rule-HTML-Section&appliesTo=Rule-Obj-Report-Definition&pyRuleName=pzEditFiltersGrid&RequestClass=Rule-HTML-Section&RequestAppliesTo=Rule-Obj-Report-Definition&RequestRuleName=pzEditFiltersGrid Payload: "{\"RequestClass\":\"Rule-HTML-Section\",\"RequestAppliesTo\":\"Rule-Obj-Report-Definition\",\"RequestRuleName\":\"pzEditFiltersGrid\"}" => HTTP 200 (253978 bytes)
[PegaHttpClient] 📡 POST https://zdk8budo.pegaacademy.net/prweb/api/CodeIntelligence/v1/rules/query?pxObjClass=Rule-HTML-Section&appliesTo=Rule-Obj-Report-Definition&pyRuleName=pzChartEditor&RequestClass=Rule-HTML-Section&RequestAppliesTo=Rule-Obj-Report-Definition&RequestRuleName=pzChartEditor Payload: "{\"RequestClass\":\"Rule-HTML-Section\",\"RequestAppliesTo\":\"Rule-Obj-Report-Definition\",\"RequestRuleName\":\"pzChartEditor\"}" => HTTP 200 (15953 bytes)
[PegaHttpClient] 📡 POST https://zdk8budo.pegaacademy.net/prweb/api/CodeIntelligence/v1/rules/query?pxObjClass=Rule-HTML-Section&appliesTo=Rule-Obj-Report-Definition&pyRuleName=pzReportViewerReportLayoutWrapper&RequestClass=Rule-HTML-Section&RequestAppliesTo=Rule-Obj-Report-Definition&RequestRuleName=pzReportViewerReportLayoutWrapper Payload: "{\"RequestClass\":\"Rule-HTML-Section\",\"RequestAppliesTo\":\"Rule-Obj-Report-Definition\",\"RequestRuleName\":\"pzReportViewerReportLayoutWrapper\"}" => HTTP 404 (137 bytes)
[PegaHttpClient] 📡 POST https://zdk8budo.pegaacademy.net/prweb/PRRestService/CodeIntelligence/v1/rules/query?pxObjClass=Rule-HTML-Section&appliesTo=Rule-Obj-Report-Definition&pyRuleName=pzReportViewerReportLayoutWrapper&RequestClass=Rule-HTML-Section&RequestAppliesTo=Rule-Obj-Report-Definition&RequestRuleName=pzReportViewerReportLayoutWrapper Payload: "{\"RequestClass\":\"Rule-HTML-Section\",\"RequestAppliesTo\":\"Rule-Obj-Report-Definition\",\"RequestRuleName\":\"pzReportViewerReportLayoutWrapper\"}" => HTTP 404 (137 bytes)
[PegaHttpClient] 📡 POST https://zdk8budo.pegaacademy.net/prweb/api/HRAppsV2Service/V1/rules/query?pxObjClass=Rule-HTML-Section&appliesTo=Rule-Obj-Report-Definition&pyRuleName=pzReportViewerReportLayoutWrapper&RequestClass=Rule-HTML-Section&RequestAppliesTo=Rule-Obj-Report-Definition&RequestRuleName=pzReportViewerReportLayoutWrapper Payload: "{\"RequestClass\":\"Rule-HTML-Section\",\"RequestAppliesTo\":\"Rule-Obj-Report-Definition\",\"RequestRuleName\":\"pzReportViewerReportLayoutWrapper\"}" => HTTP 404 (18 bytes)
[PegaHttpClient] 📡 POST https://zdk8budo.pegaacademy.net/prweb/PRRestService/HRAppsV2Service/V1/rules/query?pxObjClass=Rule-HTML-Section&appliesTo=Rule-Obj-Report-Definition&pyRuleName=pzReportViewerReportLayoutWrapper&RequestClass=Rule-HTML-Section&RequestAppliesTo=Rule-Obj-Report-Definition&RequestRuleName=pzReportViewerReportLayoutWrapper Payload: "{\"RequestClass\":\"Rule-HTML-Section\",\"RequestAppliesTo\":\"Rule-Obj-Report-Definition\",\"RequestRuleName\":\"pzReportViewerReportLayoutWrapper\"}" => HTTP 404 (18 bytes)
[PegaHttpClient] 📡 POST https://zdk8budo.pegaacademy.net/prweb/api/HRAppsV2/V1/rules/query?pxObjClass=Rule-HTML-Section&appliesTo=Rule-Obj-Report-Definition&pyRuleName=pzReportViewerReportLayoutWrapper&RequestClass=Rule-HTML-Section&RequestAppliesTo=Rule-Obj-Report-Definition&RequestRuleName=pzReportViewerReportLayoutWrapper Payload: "{\"RequestClass\":\"Rule-HTML-Section\",\"RequestAppliesTo\":\"Rule-Obj-Report-Definition\",\"RequestRuleName\":\"pzReportViewerReportLayoutWrapper\"}" => HTTP 404 (18 bytes)
[PegaHttpClient] 📡 POST https://zdk8budo.pegaacademy.net/prweb/PRRestService/HRAppsV2/V1/rules/query?pxObjClass=Rule-HTML-Section&appliesTo=Rule-Obj-Report-Definition&pyRuleName=pzReportViewerReportLayoutWrapper&RequestClass=Rule-HTML-Section&RequestAppliesTo=Rule-Obj-Report-Definition&RequestRuleName=pzReportViewerReportLayoutWrapper Payload: "{\"RequestClass\":\"Rule-HTML-Section\",\"RequestAppliesTo\":\"Rule-Obj-Report-Definition\",\"RequestRuleName\":\"pzReportViewerReportLayoutWrapper\"}" => HTTP 404 (18 bytes)
[PegaHttpClient] 📡 POST https://zdk8budo.pegaacademy.net/prweb/api/v1/rules/query?pxObjClass=Rule-HTML-Section&appliesTo=Rule-Obj-Report-Definition&pyRuleName=pzReportViewerReportLayoutWrapper&RequestClass=Rule-HTML-Section&RequestAppliesTo=Rule-Obj-Report-Definition&RequestRuleName=pzReportViewerReportLayoutWrapper Payload: "{\"RequestClass\":\"Rule-HTML-Section\",\"RequestAppliesTo\":\"Rule-Obj-Report-Definition\",\"RequestRuleName\":\"pzReportViewerReportLayoutWrapper\"}" => HTTP 404 (18 bytes)
[PegaHttpClient] 📡 POST https://zdk8budo.pegaacademy.net/prweb/PRRestService/v1/rules/query?pxObjClass=Rule-HTML-Section&appliesTo=Rule-Obj-Report-Definition&pyRuleName=pzReportViewerReportLayoutWrapper&RequestClass=Rule-HTML-Section&RequestAppliesTo=Rule-Obj-Report-Definition&RequestRuleName=pzReportViewerReportLayoutWrapper Payload: "{\"RequestClass\":\"Rule-HTML-Section\",\"RequestAppliesTo\":\"Rule-Obj-Report-Definition\",\"RequestRuleName\":\"pzReportViewerReportLayoutWrapper\"}" => HTTP 404 (18 bytes)
[PegaHttpClient] 📡 POST https://zdk8budo.pegaacademy.net/prweb/api/CodeIntelligence/v1/rules/query?pxObjClass=Rule-HTML-Section&appliesTo=Rule-Obj-Report-Definition&pyRuleName=pzRuleFormParametersScript&RequestClass=Rule-HTML-Section&RequestAppliesTo=Rule-Obj-Report-Definition&RequestRuleName=pzRuleFormParametersScript Payload: "{\"RequestClass\":\"Rule-HTML-Section\",\"RequestAppliesTo\":\"Rule-Obj-Report-Definition\",\"RequestRuleName\":\"pzRuleFormParametersScript\"}" => HTTP 200 (22230 bytes)
[PegaHttpClient] 📡 POST https://zdk8budo.pegaacademy.net/prweb/api/CodeIntelligence/v1/rules/query?pxObjClass=Rule-HTML-Section&appliesTo=Rule-Obj-Report-Definition&pyRuleName=pzPagesAndClassesNoMode&RequestClass=Rule-HTML-Section&RequestAppliesTo=Rule-Obj-Report-Definition&RequestRuleName=pzPagesAndClassesNoMode Payload: "{\"RequestClass\":\"Rule-HTML-Section\",\"RequestAppliesTo\":\"Rule-Obj-Report-Definition\",\"RequestRuleName\":\"pzPagesAndClassesNoMode\"}" => HTTP 200 (90057 bytes)
[PegaHttpClient] 📡 POST https://zdk8budo.pegaacademy.net/prweb/api/CodeIntelligence/v1/rules/query?pxObjClass=Rule-HTML-Section&appliesTo=Rule-Obj-Report-Definition&pyRuleName=pzRFSelectAllTestCases&RequestClass=Rule-HTML-Section&RequestAppliesTo=Rule-Obj-Report-Definition&RequestRuleName=pzRFSelectAllTestCases Payload: "{\"RequestClass\":\"Rule-HTML-Section\",\"RequestAppliesTo\":\"Rule-Obj-Report-Definition\",\"RequestRuleName\":\"pzRFSelectAllTestCases\"}" => HTTP 200 (83585 bytes)
[PegaHttpClient] 📡 POST https://zdk8budo.pegaacademy.net/prweb/api/CodeIntelligence/v1/rules/query?pxObjClass=Rule-HTML-Section&appliesTo=Rule-Obj-Report-Definition&pyRuleName=pzRFProgressbarWrapper&RequestClass=Rule-HTML-Section&RequestAppliesTo=Rule-Obj-Report-Definition&RequestRuleName=pzRFProgressbarWrapper Payload: "{\"RequestClass\":\"Rule-HTML-Section\",\"RequestAppliesTo\":\"Rule-Obj-Report-Definition\",\"RequestRuleName\":\"pzRFProgressbarWrapper\"}" => HTTP 200 (17204 bytes)
[PegaHttpClient] 📡 POST https://zdk8budo.pegaacademy.net/prweb/api/CodeIntelligence/v1/rules/query?pxObjClass=Rule-HTML-Section&appliesTo=Rule-Obj-Report-Definition&pyRuleName=pzRFRunSelected&RequestClass=Rule-HTML-Section&RequestAppliesTo=Rule-Obj-Report-Definition&RequestRuleName=pzRFRunSelected Payload: "{\"RequestClass\":\"Rule-HTML-Section\",\"RequestAppliesTo\":\"Rule-Obj-Report-Definition\",\"RequestRuleName\":\"pzRFRunSelected\"}" => HTTP 200 (19863 bytes)
[PegaHttpClient] 📡 POST https://zdk8budo.pegaacademy.net/prweb/api/CodeIntelligence/v1/rules/query?pxObjClass=Rule-HTML-Section&appliesTo=Rule-Obj-Report-Definition&pyRuleName=pzRuleSpecificButtons&RequestClass=Rule-HTML-Section&RequestAppliesTo=Rule-Obj-Report-Definition&RequestRuleName=pzRuleSpecificButtons Payload: "{\"RequestClass\":\"Rule-HTML-Section\",\"RequestAppliesTo\":\"Rule-Obj-Report-Definition\",\"RequestRuleName\":\"pzRuleSpecificButtons\"}" => HTTP 200 (15181 bytes)
[PegaHttpClient] 📡 POST https://zdk8budo.pegaacademy.net/prweb/api/CodeIntelligence/v1/rules/query?pxObjClass=Rule-HTML-Section&appliesTo=Rule-Obj-Report-Definition&pyRuleName=pzRFSelectATest&RequestClass=Rule-HTML-Section&RequestAppliesTo=Rule-Obj-Report-Definition&RequestRuleName=pzRFSelectATest Payload: "{\"RequestClass\":\"Rule-HTML-Section\",\"RequestAppliesTo\":\"Rule-Obj-Report-Definition\",\"RequestRuleName\":\"pzRFSelectATest\"}" => HTTP 200 (23363 bytes)
[PegaHttpClient] 📡 POST https://zdk8budo.pegaacademy.net/prweb/api/CodeIntelligence/v1/rules/query?pxObjClass=Rule-HTML-Section&appliesTo=Rule-Obj-Report-Definition&pyRuleName=pzTestCaseRunTimeWrapperLP&RequestClass=Rule-HTML-Section&RequestAppliesTo=Rule-Obj-Report-Definition&RequestRuleName=pzTestCaseRunTimeWrapperLP Payload: "{\"RequestClass\":\"Rule-HTML-Section\",\"RequestAppliesTo\":\"Rule-Obj-Report-Definition\",\"RequestRuleName\":\"pzTestCaseRunTimeWrapperLP\"}" => HTTP 200 (19734 bytes)
[PegaHttpClient] 📡 POST https://zdk8budo.pegaacademy.net/prweb/api/CodeIntelligence/v1/rules/query?pxObjClass=Rule-HTML-Section&appliesTo=Rule-Obj-Report-Definition&pyRuleName=pzShowRunAndExpectedTimeWrapper&RequestClass=Rule-HTML-Section&RequestAppliesTo=Rule-Obj-Report-Definition&RequestRuleName=pzShowRunAndExpectedTimeWrapper Payload: "{\"RequestClass\":\"Rule-HTML-Section\",\"RequestAppliesTo\":\"Rule-Obj-Report-Definition\",\"RequestRuleName\":\"pzShowRunAndExpectedTimeWrapper\"}" => HTTP 200 (30204 bytes)
[PegaHttpClient] 📡 POST https://zdk8budo.pegaacademy.net/prweb/api/CodeIntelligence/v1/rules/query?pxObjClass=Rule-HTML-Section&appliesTo=Rule-Obj-Report-Definition&pyRuleName=pzTestCaseRunStatusWrapperLP&RequestClass=Rule-HTML-Section&RequestAppliesTo=Rule-Obj-Report-Definition&RequestRuleName=pzTestCaseRunStatusWrapperLP Payload: "{\"RequestClass\":\"Rule-HTML-Section\",\"RequestAppliesTo\":\"Rule-Obj-Report-Definition\",\"RequestRuleName\":\"pzTestCaseRunStatusWrapperLP\"}" => HTTP 200 (56140 bytes)
[PegaHttpClient] 📡 POST https://zdk8budo.pegaacademy.net/prweb/api/CodeIntelligence/v1/rules/query?pxObjClass=Rule-HTML-Section&appliesTo=Rule-Obj-Report-Definition&pyRuleName=pzSpecificationsInner&RequestClass=Rule-HTML-Section&RequestAppliesTo=Rule-Obj-Report-Definition&RequestRuleName=pzSpecificationsInner Payload: "{\"RequestClass\":\"Rule-HTML-Section\",\"RequestAppliesTo\":\"Rule-Obj-Report-Definition\",\"RequestRuleName\":\"pzSpecificationsInner\"}" => HTTP 200 (142370 bytes)
[PegaHttpClient] 📡 POST https://zdk8budo.pegaacademy.net/prweb/api/CodeIntelligence/v1/rules/query?pxObjClass=Rule-HTML-Section&appliesTo=Rule-Obj-Report-Definition&pyRuleName=pzAlternateRuleInfo&RequestClass=Rule-HTML-Section&RequestAppliesTo=Rule-Obj-Report-Definition&RequestRuleName=pzAlternateRuleInfo Payload: "{\"RequestClass\":\"Rule-HTML-Section\",\"RequestAppliesTo\":\"Rule-Obj-Report-Definition\",\"RequestRuleName\":\"pzAlternateRuleInfo\"}" => HTTP 200 (140407 bytes)
[PegaHttpClient] 📡 POST https://zdk8budo.pegaacademy.net/prweb/api/CodeIntelligence/v1/rules/query?pxObjClass=Rule-HTML-Section&appliesTo=Rule-Obj-Report-Definition&pyRuleName=RuleFormHistory_Description&RequestClass=Rule-HTML-Section&RequestAppliesTo=Rule-Obj-Report-Definition&RequestRuleName=RuleFormHistory_Description Payload: "{\"RequestClass\":\"Rule-HTML-Section\",\"RequestAppliesTo\":\"Rule-Obj-Report-Definition\",\"RequestRuleName\":\"RuleFormHistory_Description\"}" => HTTP 200 (46242 bytes)
[PegaHttpClient] 📡 POST https://zdk8budo.pegaacademy.net/prweb/api/CodeIntelligence/v1/rules/query?pxObjClass=Rule-HTML-Section&appliesTo=Rule-Obj-Report-Definition&pyRuleName=RuleFormHistory_CustomFields&RequestClass=Rule-HTML-Section&RequestAppliesTo=Rule-Obj-Report-Definition&RequestRuleName=RuleFormHistory_CustomFields Payload: "{\"RequestClass\":\"Rule-HTML-Section\",\"RequestAppliesTo\":\"Rule-Obj-Report-Definition\",\"RequestRuleName\":\"RuleFormHistory_CustomFields\"}" => HTTP 200 (75856 bytes)
[PegaHttpClient] 📡 POST https://zdk8budo.pegaacademy.net/prweb/api/CodeIntelligence/v1/rules/query?pxObjClass=Rule-HTML-Section&appliesTo=Rule-Obj-Report-Definition&pyRuleName=RuleFormHistory_HistoryDetails&RequestClass=Rule-HTML-Section&RequestAppliesTo=Rule-Obj-Report-Definition&RequestRuleName=RuleFormHistory_HistoryDetails Payload: "{\"RequestClass\":\"Rule-HTML-Section\",\"RequestAppliesTo\":\"Rule-Obj-Report-Definition\",\"RequestRuleName\":\"RuleFormHistory_HistoryDetails\"}" => HTTP 200 (179535 bytes)
[PegaHttpClient] 📡 POST https://zdk8budo.pegaacademy.net/prweb/api/CodeIntelligence/v1/rules/query?pxObjClass=Rule-HTML-Section&appliesTo=Rule-Obj-Report-Definition&pyRuleName=pzRuleFormStatus&RequestClass=Rule-HTML-Section&RequestAppliesTo=Rule-Obj-Report-Definition&RequestRuleName=pzRuleFormStatus Payload: "{\"RequestClass\":\"Rule-HTML-Section\",\"RequestAppliesTo\":\"Rule-Obj-Report-Definition\",\"RequestRuleName\":\"pzRuleFormStatus\"}" => HTTP 200 (97627 bytes)
[PegaHttpClient] 📡 POST https://zdk8budo.pegaacademy.net/prweb/api/CodeIntelligence/v1/rules/query?pxObjClass=Rule-HTML-Section&appliesTo=Rule-Obj-Report-Definition&pyRuleName=pzRuleFormHeaderCompareWithDropDown&RequestClass=Rule-HTML-Section&RequestAppliesTo=Rule-Obj-Report-Definition&RequestRuleName=pzRuleFormHeaderCompareWithDropDown Payload: "{\"RequestClass\":\"Rule-HTML-Section\",\"RequestAppliesTo\":\"Rule-Obj-Report-Definition\",\"RequestRuleName\":\"pzRuleFormHeaderCompareWithDropDown\"}" => HTTP 200 (25396 bytes)
[PegaHttpClient] 📡 POST https://zdk8budo.pegaacademy.net/prweb/api/CodeIntelligence/v1/rules/query?pxObjClass=Rule-HTML-Section&appliesTo=Rule-Obj-Report-Definition&pyRuleName=undefined&RequestClass=Rule-HTML-Section&RequestAppliesTo=Rule-Obj-Report-Definition&RequestRuleName=undefined Payload: "{\"RequestClass\":\"Rule-HTML-Section\",\"RequestAppliesTo\":\"Rule-Obj-Report-Definition\",\"RequestRuleName\":\"undefined\"}" => HTTP 404 (113 bytes)
[PegaHttpClient] 📡 POST https://zdk8budo.pegaacademy.net/prweb/PRRestService/CodeIntelligence/v1/rules/query?pxObjClass=Rule-HTML-Section&appliesTo=Rule-Obj-Report-Definition&pyRuleName=undefined&RequestClass=Rule-HTML-Section&RequestAppliesTo=Rule-Obj-Report-Definition&RequestRuleName=undefined Payload: "{\"RequestClass\":\"Rule-HTML-Section\",\"RequestAppliesTo\":\"Rule-Obj-Report-Definition\",\"RequestRuleName\":\"undefined\"}" => HTTP 404 (113 bytes)
[PegaHttpClient] 📡 POST https://zdk8budo.pegaacademy.net/prweb/api/HRAppsV2Service/V1/rules/query?pxObjClass=Rule-HTML-Section&appliesTo=Rule-Obj-Report-Definition&pyRuleName=undefined&RequestClass=Rule-HTML-Section&RequestAppliesTo=Rule-Obj-Report-Definition&RequestRuleName=undefined Payload: "{\"RequestClass\":\"Rule-HTML-Section\",\"RequestAppliesTo\":\"Rule-Obj-Report-Definition\",\"RequestRuleName\":\"undefined\"}" => HTTP 404 (18 bytes)
[PegaHttpClient] 📡 POST https://zdk8budo.pegaacademy.net/prweb/PRRestService/HRAppsV2Service/V1/rules/query?pxObjClass=Rule-HTML-Section&appliesTo=Rule-Obj-Report-Definition&pyRuleName=undefined&RequestClass=Rule-HTML-Section&RequestAppliesTo=Rule-Obj-Report-Definition&RequestRuleName=undefined Payload: "{\"RequestClass\":\"Rule-HTML-Section\",\"RequestAppliesTo\":\"Rule-Obj-Report-Definition\",\"RequestRuleName\":\"undefined\"}" => HTTP 404 (18 bytes)
[PegaHttpClient] 📡 POST https://zdk8budo.pegaacademy.net/prweb/api/HRAppsV2/V1/rules/query?pxObjClass=Rule-HTML-Section&appliesTo=Rule-Obj-Report-Definition&pyRuleName=undefined&RequestClass=Rule-HTML-Section&RequestAppliesTo=Rule-Obj-Report-Definition&RequestRuleName=undefined Payload: "{\"RequestClass\":\"Rule-HTML-Section\",\"RequestAppliesTo\":\"Rule-Obj-Report-Definition\",\"RequestRuleName\":\"undefined\"}" => HTTP 404 (18 bytes)
[PegaHttpClient] 📡 POST https://zdk8budo.pegaacademy.net/prweb/PRRestService/HRAppsV2/V1/rules/query?pxObjClass=Rule-HTML-Section&appliesTo=Rule-Obj-Report-Definition&pyRuleName=undefined&RequestClass=Rule-HTML-Section&RequestAppliesTo=Rule-Obj-Report-Definition&RequestRuleName=undefined Payload: "{\"RequestClass\":\"Rule-HTML-Section\",\"RequestAppliesTo\":\"Rule-Obj-Report-Definition\",\"RequestRuleName\":\"undefined\"}" => HTTP 404 (18 bytes)
[PegaHttpClient] 📡 POST https://zdk8budo.pegaacademy.net/prweb/api/v1/rules/query?pxObjClass=Rule-HTML-Section&appliesTo=Rule-Obj-Report-Definition&pyRuleName=undefined&RequestClass=Rule-HTML-Section&RequestAppliesTo=Rule-Obj-Report-Definition&RequestRuleName=undefined Payload: "{\"RequestClass\":\"Rule-HTML-Section\",\"RequestAppliesTo\":\"Rule-Obj-Report-Definition\",\"RequestRuleName\":\"undefined\"}" => HTTP 404 (18 bytes)
[PegaHttpClient] 📡 POST https://zdk8budo.pegaacademy.net/prweb/PRRestService/v1/rules/query?pxObjClass=Rule-HTML-Section&appliesTo=Rule-Obj-Report-Definition&pyRuleName=undefined&RequestClass=Rule-HTML-Section&RequestAppliesTo=Rule-Obj-Report-Definition&RequestRuleName=undefined Payload: "{\"RequestClass\":\"Rule-HTML-Section\",\"RequestAppliesTo\":\"Rule-Obj-Report-Definition\",\"RequestRuleName\":\"undefined\"}" => HTTP 404 (18 bytes)
[PegaHttpClient] 📡 POST https://zdk8budo.pegaacademy.net/prweb/api/CodeIntelligence/v1/rules/query?pxObjClass=Rule-HTML-Section&appliesTo=Rule-Obj-Report-Definition&pyRuleName=pzRuleFormToolbarHotKeys&RequestClass=Rule-HTML-Section&RequestAppliesTo=Rule-Obj-Report-Definition&RequestRuleName=pzRuleFormToolbarHotKeys Payload: "{\"RequestClass\":\"Rule-HTML-Section\",\"RequestAppliesTo\":\"Rule-Obj-Report-Definition\",\"RequestRuleName\":\"pzRuleFormToolbarHotKeys\"}" => HTTP 200 (85058 bytes)
[PegaHttpClient] 📡 POST https://zdk8budo.pegaacademy.net/prweb/api/CodeIntelligence/v1/rules/query?pxObjClass=Rule-HTML-Section&appliesTo=Rule-Obj-Report-Definition&pyRuleName=pzRuleFormToolbarLockedIcon&RequestClass=Rule-HTML-Section&RequestAppliesTo=Rule-Obj-Report-Definition&RequestRuleName=pzRuleFormToolbarLockedIcon Payload: "{\"RequestClass\":\"Rule-HTML-Section\",\"RequestAppliesTo\":\"Rule-Obj-Report-Definition\",\"RequestRuleName\":\"pzRuleFormToolbarLockedIcon\"}" => HTTP 200 (24898 bytes)
[PegaHttpClient] 📡 POST https://zdk8budo.pegaacademy.net/prweb/api/CodeIntelligence/v1/rules/query?pxObjClass=Rule-HTML-Section&appliesTo=Rule-Obj-Report-Definition&pyRuleName=pzRuleFormToolbarCollaborators&RequestClass=Rule-HTML-Section&RequestAppliesTo=Rule-Obj-Report-Definition&RequestRuleName=pzRuleFormToolbarCollaborators Payload: "{\"RequestClass\":\"Rule-HTML-Section\",\"RequestAppliesTo\":\"Rule-Obj-Report-Definition\",\"RequestRuleName\":\"pzRuleFormToolbarCollaborators\"}" => HTTP 200 (15254 bytes)
[PegaHttpClient] 📡 POST https://zdk8budo.pegaacademy.net/prweb/api/CodeIntelligence/v1/rules/query?pxObjClass=Rule-HTML-Section&appliesTo=Rule-Obj-Report-Definition&pyRuleName=pzRuleFormToolbarSaveAs&RequestClass=Rule-HTML-Section&RequestAppliesTo=Rule-Obj-Report-Definition&RequestRuleName=pzRuleFormToolbarSaveAs Payload: "{\"RequestClass\":\"Rule-HTML-Section\",\"RequestAppliesTo\":\"Rule-Obj-Report-Definition\",\"RequestRuleName\":\"pzRuleFormToolbarSaveAs\"}" => HTTP 200 (64084 bytes)
[PegaHttpClient] 📡 POST https://zdk8budo.pegaacademy.net/prweb/api/CodeIntelligence/v1/rules/query?pxObjClass=Rule-HTML-Section&appliesTo=Rule-Obj-Report-Definition&pyRuleName=pzRuleFormToolbarCheckin&RequestClass=Rule-HTML-Section&RequestAppliesTo=Rule-Obj-Report-Definition&RequestRuleName=pzRuleFormToolbarCheckin Payload: "{\"RequestClass\":\"Rule-HTML-Section\",\"RequestAppliesTo\":\"Rule-Obj-Report-Definition\",\"RequestRuleName\":\"pzRuleFormToolbarCheckin\"}" => HTTP 200 (119096 bytes)
[PegaHttpClient] 📡 POST https://zdk8budo.pegaacademy.net/prweb/api/CodeIntelligence/v1/rules/query?pxObjClass=Rule-HTML-Section&appliesTo=Rule-Obj-Report-Definition&pyRuleName=pzRuleFormToolbarDelete&RequestClass=Rule-HTML-Section&RequestAppliesTo=Rule-Obj-Report-Definition&RequestRuleName=pzRuleFormToolbarDelete Payload: "{\"RequestClass\":\"Rule-HTML-Section\",\"RequestAppliesTo\":\"Rule-Obj-Report-Definition\",\"RequestRuleName\":\"pzRuleFormToolbarDelete\"}" => HTTP 200 (30249 bytes)
[PegaHttpClient] 📡 POST https://zdk8budo.pegaacademy.net/prweb/api/CodeIntelligence/v1/rules/query?pxObjClass=Rule-HTML-Section&appliesTo=Rule-Obj-Report-Definition&pyRuleName=pzRuleFormToolbarSave&RequestClass=Rule-HTML-Section&RequestAppliesTo=Rule-Obj-Report-Definition&RequestRuleName=pzRuleFormToolbarSave Payload: "{\"RequestClass\":\"Rule-HTML-Section\",\"RequestAppliesTo\":\"Rule-Obj-Report-Definition\",\"RequestRuleName\":\"pzRuleFormToolbarSave\"}" => HTTP 200 (293885 bytes)
[PegaHttpClient] 📡 POST https://zdk8budo.pegaacademy.net/prweb/api/CodeIntelligence/v1/rules/query?pxObjClass=Rule-HTML-Section&appliesTo=Rule-Obj-Report-Definition&pyRuleName=pzRuleFormToolbarCheckout&RequestClass=Rule-HTML-Section&RequestAppliesTo=Rule-Obj-Report-Definition&RequestRuleName=pzRuleFormToolbarCheckout Payload: "{\"RequestClass\":\"Rule-HTML-Section\",\"RequestAppliesTo\":\"Rule-Obj-Report-Definition\",\"RequestRuleName\":\"pzRuleFormToolbarCheckout\"}" => HTTP 200 (238148 bytes)
[PegaHttpClient] 📡 POST https://zdk8budo.pegaacademy.net/prweb/api/CodeIntelligence/v1/rules/query?pxObjClass=Rule-HTML-Section&appliesTo=Rule-Obj-Report-Definition&pyRuleName=pzRemoveErrorsDataPage&RequestClass=Rule-HTML-Section&RequestAppliesTo=Rule-Obj-Report-Definition&RequestRuleName=pzRemoveErrorsDataPage Payload: "{\"RequestClass\":\"Rule-HTML-Section\",\"RequestAppliesTo\":\"Rule-Obj-Report-Definition\",\"RequestRuleName\":\"pzRemoveErrorsDataPage\"}" => HTTP 200 (16733 bytes)
[PegaHttpClient] 📡 POST https://zdk8budo.pegaacademy.net/prweb/api/CodeIntelligence/v1/rules/query?pxObjClass=Rule-HTML-Section&appliesTo=Rule-Obj-Report-Definition&pyRuleName=pzRuleFormHeaderMessagesWrapper&RequestClass=Rule-HTML-Section&RequestAppliesTo=Rule-Obj-Report-Definition&RequestRuleName=pzRuleFormHeaderMessagesWrapper Payload: "{\"RequestClass\":\"Rule-HTML-Section\",\"RequestAppliesTo\":\"Rule-Obj-Report-Definition\",\"RequestRuleName\":\"pzRuleFormHeaderMessagesWrapper\"}" => HTTP 200 (16981 bytes)
[PegaHttpClient] 📡 POST https://zdk8budo.pegaacademy.net/prweb/api/CodeIntelligence/v1/rules/query?pxObjClass=Rule-HTML-Section&appliesTo=Rule-Obj-Report-Definition&pyRuleName=pzEditExtractFiltersGrid&RequestClass=Rule-HTML-Section&RequestAppliesTo=Rule-Obj-Report-Definition&RequestRuleName=pzEditExtractFiltersGrid Payload: "{\"RequestClass\":\"Rule-HTML-Section\",\"RequestAppliesTo\":\"Rule-Obj-Report-Definition\",\"RequestRuleName\":\"pzEditExtractFiltersGrid\"}" => HTTP 200 (139600 bytes)
[PegaHttpClient] 📡 POST https://zdk8budo.pegaacademy.net/prweb/api/CodeIntelligence/v1/rules/query?pxObjClass=Rule-HTML-Section&appliesTo=Rule-Obj-Report-Definition&pyRuleName=pzRFFilterOptions&RequestClass=Rule-HTML-Section&RequestAppliesTo=Rule-Obj-Report-Definition&RequestRuleName=pzRFFilterOptions Payload: "{\"RequestClass\":\"Rule-HTML-Section\",\"RequestAppliesTo\":\"Rule-Obj-Report-Definition\",\"RequestRuleName\":\"pzRFFilterOptions\"}" => HTTP 200 (36519 bytes)
[PegaHttpClient] 📡 POST https://zdk8budo.pegaacademy.net/prweb/api/CodeIntelligence/v1/rules/query?pxObjClass=Rule-HTML-Section&appliesTo=Rule-Obj-Report-Definition&pyRuleName=HavingFilters&RequestClass=Rule-HTML-Section&RequestAppliesTo=Rule-Obj-Report-Definition&RequestRuleName=HavingFilters Payload: "{\"RequestClass\":\"Rule-HTML-Section\",\"RequestAppliesTo\":\"Rule-Obj-Report-Definition\",\"RequestRuleName\":\"HavingFilters\"}" => HTTP 404 (117 bytes)
[PegaHttpClient] 📡 POST https://zdk8budo.pegaacademy.net/prweb/PRRestService/CodeIntelligence/v1/rules/query?pxObjClass=Rule-HTML-Section&appliesTo=Rule-Obj-Report-Definition&pyRuleName=HavingFilters&RequestClass=Rule-HTML-Section&RequestAppliesTo=Rule-Obj-Report-Definition&RequestRuleName=HavingFilters Payload: "{\"RequestClass\":\"Rule-HTML-Section\",\"RequestAppliesTo\":\"Rule-Obj-Report-Definition\",\"RequestRuleName\":\"HavingFilters\"}" => HTTP 404 (117 bytes)
[PegaHttpClient] 📡 POST https://zdk8budo.pegaacademy.net/prweb/api/HRAppsV2Service/V1/rules/query?pxObjClass=Rule-HTML-Section&appliesTo=Rule-Obj-Report-Definition&pyRuleName=HavingFilters&RequestClass=Rule-HTML-Section&RequestAppliesTo=Rule-Obj-Report-Definition&RequestRuleName=HavingFilters Payload: "{\"RequestClass\":\"Rule-HTML-Section\",\"RequestAppliesTo\":\"Rule-Obj-Report-Definition\",\"RequestRuleName\":\"HavingFilters\"}" => HTTP 404 (18 bytes)
[PegaHttpClient] 📡 POST https://zdk8budo.pegaacademy.net/prweb/PRRestService/HRAppsV2Service/V1/rules/query?pxObjClass=Rule-HTML-Section&appliesTo=Rule-Obj-Report-Definition&pyRuleName=HavingFilters&RequestClass=Rule-HTML-Section&RequestAppliesTo=Rule-Obj-Report-Definition&RequestRuleName=HavingFilters Payload: "{\"RequestClass\":\"Rule-HTML-Section\",\"RequestAppliesTo\":\"Rule-Obj-Report-Definition\",\"RequestRuleName\":\"HavingFilters\"}" => HTTP 404 (18 bytes)
[PegaHttpClient] 📡 POST https://zdk8budo.pegaacademy.net/prweb/api/HRAppsV2/V1/rules/query?pxObjClass=Rule-HTML-Section&appliesTo=Rule-Obj-Report-Definition&pyRuleName=HavingFilters&RequestClass=Rule-HTML-Section&RequestAppliesTo=Rule-Obj-Report-Definition&RequestRuleName=HavingFilters Payload: "{\"RequestClass\":\"Rule-HTML-Section\",\"RequestAppliesTo\":\"Rule-Obj-Report-Definition\",\"RequestRuleName\":\"HavingFilters\"}" => HTTP 404 (18 bytes)
[PegaHttpClient] 📡 POST https://zdk8budo.pegaacademy.net/prweb/PRRestService/HRAppsV2/V1/rules/query?pxObjClass=Rule-HTML-Section&appliesTo=Rule-Obj-Report-Definition&pyRuleName=HavingFilters&RequestClass=Rule-HTML-Section&RequestAppliesTo=Rule-Obj-Report-Definition&RequestRuleName=HavingFilters Payload: "{\"RequestClass\":\"Rule-HTML-Section\",\"RequestAppliesTo\":\"Rule-Obj-Report-Definition\",\"RequestRuleName\":\"HavingFilters\"}" => HTTP 404 (18 bytes)
[PegaHttpClient] 📡 POST https://zdk8budo.pegaacademy.net/prweb/api/v1/rules/query?pxObjClass=Rule-HTML-Section&appliesTo=Rule-Obj-Report-Definition&pyRuleName=HavingFilters&RequestClass=Rule-HTML-Section&RequestAppliesTo=Rule-Obj-Report-Definition&RequestRuleName=HavingFilters Payload: "{\"RequestClass\":\"Rule-HTML-Section\",\"RequestAppliesTo\":\"Rule-Obj-Report-Definition\",\"RequestRuleName\":\"HavingFilters\"}" => HTTP 404 (18 bytes)
[PegaHttpClient] 📡 POST https://zdk8budo.pegaacademy.net/prweb/PRRestService/v1/rules/query?pxObjClass=Rule-HTML-Section&appliesTo=Rule-Obj-Report-Definition&pyRuleName=HavingFilters&RequestClass=Rule-HTML-Section&RequestAppliesTo=Rule-Obj-Report-Definition&RequestRuleName=HavingFilters Payload: "{\"RequestClass\":\"Rule-HTML-Section\",\"RequestAppliesTo\":\"Rule-Obj-Report-Definition\",\"RequestRuleName\":\"HavingFilters\"}" => HTTP 404 (18 bytes)
[PegaHttpClient] 📡 POST https://zdk8budo.pegaacademy.net/prweb/api/CodeIntelligence/v1/rules/query?pxObjClass=Rule-HTML-Section&appliesTo=Rule-Obj-Report-Definition&pyRuleName=pzHavingFilters&RequestClass=Rule-HTML-Section&RequestAppliesTo=Rule-Obj-Report-Definition&RequestRuleName=pzHavingFilters Payload: "{\"RequestClass\":\"Rule-HTML-Section\",\"RequestAppliesTo\":\"Rule-Obj-Report-Definition\",\"RequestRuleName\":\"pzHavingFilters\"}" => HTTP 200 (111027 bytes)
[PegaHttpClient] 📡 POST https://zdk8budo.pegaacademy.net/prweb/api/CodeIntelligence/v1/rules/query?pxObjClass=Rule-HTML-Section&appliesTo=Rule-Obj-Report-Definition&pyRuleName=pzReportRankWrapper&RequestClass=Rule-HTML-Section&RequestAppliesTo=Rule-Obj-Report-Definition&RequestRuleName=pzReportRankWrapper Payload: "{\"RequestClass\":\"Rule-HTML-Section\",\"RequestAppliesTo\":\"Rule-Obj-Report-Definition\",\"RequestRuleName\":\"pzReportRankWrapper\"}" => HTTP 200 (11447 bytes)
[PegaHttpClient] 📡 POST https://zdk8budo.pegaacademy.net/prweb/api/CodeIntelligence/v1/rules/query?pxObjClass=Rule-HTML-Section&appliesTo=Rule-Obj-Report-Definition&pyRuleName=pzPagesAndClassesScriptNoMode&RequestClass=Rule-HTML-Section&RequestAppliesTo=Rule-Obj-Report-Definition&RequestRuleName=pzPagesAndClassesScriptNoMode Payload: "{\"RequestClass\":\"Rule-HTML-Section\",\"RequestAppliesTo\":\"Rule-Obj-Report-Definition\",\"RequestRuleName\":\"pzPagesAndClassesScriptNoMode\"}" => HTTP 200 (25452 bytes)
[PegaHttpClient] 📡 POST https://zdk8budo.pegaacademy.net/prweb/api/CodeIntelligence/v1/rules/query?pxObjClass=Rule-HTML-Section&appliesTo=Rule-Obj-Report-Definition&pyRuleName=pzViewTestCases&RequestClass=Rule-HTML-Section&RequestAppliesTo=Rule-Obj-Report-Definition&RequestRuleName=pzViewTestCases Payload: "{\"RequestClass\":\"Rule-HTML-Section\",\"RequestAppliesTo\":\"Rule-Obj-Report-Definition\",\"RequestRuleName\":\"pzViewTestCases\"}" => HTTP 404 (119 bytes)
[PegaHttpClient] 📡 POST https://zdk8budo.pegaacademy.net/prweb/PRRestService/CodeIntelligence/v1/rules/query?pxObjClass=Rule-HTML-Section&appliesTo=Rule-Obj-Report-Definition&pyRuleName=pzViewTestCases&RequestClass=Rule-HTML-Section&RequestAppliesTo=Rule-Obj-Report-Definition&RequestRuleName=pzViewTestCases Payload: "{\"RequestClass\":\"Rule-HTML-Section\",\"RequestAppliesTo\":\"Rule-Obj-Report-Definition\",\"RequestRuleName\":\"pzViewTestCases\"}" => HTTP 404 (119 bytes)
[PegaHttpClient] 📡 POST https://zdk8budo.pegaacademy.net/prweb/api/HRAppsV2Service/V1/rules/query?pxObjClass=Rule-HTML-Section&appliesTo=Rule-Obj-Report-Definition&pyRuleName=pzViewTestCases&RequestClass=Rule-HTML-Section&RequestAppliesTo=Rule-Obj-Report-Definition&RequestRuleName=pzViewTestCases Payload: "{\"RequestClass\":\"Rule-HTML-Section\",\"RequestAppliesTo\":\"Rule-Obj-Report-Definition\",\"RequestRuleName\":\"pzViewTestCases\"}" => HTTP 404 (18 bytes)
[PegaHttpClient] 📡 POST https://zdk8budo.pegaacademy.net/prweb/PRRestService/HRAppsV2Service/V1/rules/query?pxObjClass=Rule-HTML-Section&appliesTo=Rule-Obj-Report-Definition&pyRuleName=pzViewTestCases&RequestClass=Rule-HTML-Section&RequestAppliesTo=Rule-Obj-Report-Definition&RequestRuleName=pzViewTestCases Payload: "{\"RequestClass\":\"Rule-HTML-Section\",\"RequestAppliesTo\":\"Rule-Obj-Report-Definition\",\"RequestRuleName\":\"pzViewTestCases\"}" => HTTP 404 (18 bytes)
[PegaHttpClient] 📡 POST https://zdk8budo.pegaacademy.net/prweb/api/HRAppsV2/V1/rules/query?pxObjClass=Rule-HTML-Section&appliesTo=Rule-Obj-Report-Definition&pyRuleName=pzViewTestCases&RequestClass=Rule-HTML-Section&RequestAppliesTo=Rule-Obj-Report-Definition&RequestRuleName=pzViewTestCases Payload: "{\"RequestClass\":\"Rule-HTML-Section\",\"RequestAppliesTo\":\"Rule-Obj-Report-Definition\",\"RequestRuleName\":\"pzViewTestCases\"}" => HTTP 404 (18 bytes)
[PegaHttpClient] 📡 POST https://zdk8budo.pegaacademy.net/prweb/PRRestService/HRAppsV2/V1/rules/query?pxObjClass=Rule-HTML-Section&appliesTo=Rule-Obj-Report-Definition&pyRuleName=pzViewTestCases&RequestClass=Rule-HTML-Section&RequestAppliesTo=Rule-Obj-Report-Definition&RequestRuleName=pzViewTestCases Payload: "{\"RequestClass\":\"Rule-HTML-Section\",\"RequestAppliesTo\":\"Rule-Obj-Report-Definition\",\"RequestRuleName\":\"pzViewTestCases\"}" => HTTP 404 (18 bytes)
[PegaHttpClient] 📡 POST https://zdk8budo.pegaacademy.net/prweb/api/v1/rules/query?pxObjClass=Rule-HTML-Section&appliesTo=Rule-Obj-Report-Definition&pyRuleName=pzViewTestCases&RequestClass=Rule-HTML-Section&RequestAppliesTo=Rule-Obj-Report-Definition&RequestRuleName=pzViewTestCases Payload: "{\"RequestClass\":\"Rule-HTML-Section\",\"RequestAppliesTo\":\"Rule-Obj-Report-Definition\",\"RequestRuleName\":\"pzViewTestCases\"}" => HTTP 404 (18 bytes)
[PegaHttpClient] 📡 POST https://zdk8budo.pegaacademy.net/prweb/PRRestService/v1/rules/query?pxObjClass=Rule-HTML-Section&appliesTo=Rule-Obj-Report-Definition&pyRuleName=pzViewTestCases&RequestClass=Rule-HTML-Section&RequestAppliesTo=Rule-Obj-Report-Definition&RequestRuleName=pzViewTestCases Payload: "{\"RequestClass\":\"Rule-HTML-Section\",\"RequestAppliesTo\":\"Rule-Obj-Report-Definition\",\"RequestRuleName\":\"pzViewTestCases\"}" => HTTP 404 (18 bytes)
[PegaHttpClient] 📡 POST https://zdk8budo.pegaacademy.net/prweb/api/CodeIntelligence/v1/rules/query?pxObjClass=Rule-HTML-Section&appliesTo=Rule-Obj-Report-Definition&pyRuleName=pzRunSelected&RequestClass=Rule-HTML-Section&RequestAppliesTo=Rule-Obj-Report-Definition&RequestRuleName=pzRunSelected Payload: "{\"RequestClass\":\"Rule-HTML-Section\",\"RequestAppliesTo\":\"Rule-Obj-Report-Definition\",\"RequestRuleName\":\"pzRunSelected\"}" => HTTP 404 (117 bytes)
[PegaHttpClient] 📡 POST https://zdk8budo.pegaacademy.net/prweb/PRRestService/CodeIntelligence/v1/rules/query?pxObjClass=Rule-HTML-Section&appliesTo=Rule-Obj-Report-Definition&pyRuleName=pzRunSelected&RequestClass=Rule-HTML-Section&RequestAppliesTo=Rule-Obj-Report-Definition&RequestRuleName=pzRunSelected Payload: "{\"RequestClass\":\"Rule-HTML-Section\",\"RequestAppliesTo\":\"Rule-Obj-Report-Definition\",\"RequestRuleName\":\"pzRunSelected\"}" => HTTP 404 (117 bytes)
[PegaHttpClient] 📡 POST https://zdk8budo.pegaacademy.net/prweb/api/HRAppsV2Service/V1/rules/query?pxObjClass=Rule-HTML-Section&appliesTo=Rule-Obj-Report-Definition&pyRuleName=pzRunSelected&RequestClass=Rule-HTML-Section&RequestAppliesTo=Rule-Obj-Report-Definition&RequestRuleName=pzRunSelected Payload: "{\"RequestClass\":\"Rule-HTML-Section\",\"RequestAppliesTo\":\"Rule-Obj-Report-Definition\",\"RequestRuleName\":\"pzRunSelected\"}" => HTTP 404 (18 bytes)
[PegaHttpClient] 📡 POST https://zdk8budo.pegaacademy.net/prweb/PRRestService/HRAppsV2Service/V1/rules/query?pxObjClass=Rule-HTML-Section&appliesTo=Rule-Obj-Report-Definition&pyRuleName=pzRunSelected&RequestClass=Rule-HTML-Section&RequestAppliesTo=Rule-Obj-Report-Definition&RequestRuleName=pzRunSelected Payload: "{\"RequestClass\":\"Rule-HTML-Section\",\"RequestAppliesTo\":\"Rule-Obj-Report-Definition\",\"RequestRuleName\":\"pzRunSelected\"}" => HTTP 404 (18 bytes)
[PegaHttpClient] 📡 POST https://zdk8budo.pegaacademy.net/prweb/api/HRAppsV2/V1/rules/query?pxObjClass=Rule-HTML-Section&appliesTo=Rule-Obj-Report-Definition&pyRuleName=pzRunSelected&RequestClass=Rule-HTML-Section&RequestAppliesTo=Rule-Obj-Report-Definition&RequestRuleName=pzRunSelected Payload: "{\"RequestClass\":\"Rule-HTML-Section\",\"RequestAppliesTo\":\"Rule-Obj-Report-Definition\",\"RequestRuleName\":\"pzRunSelected\"}" => HTTP 404 (18 bytes)
[PegaHttpClient] 📡 POST https://zdk8budo.pegaacademy.net/prweb/PRRestService/HRAppsV2/V1/rules/query?pxObjClass=Rule-HTML-Section&appliesTo=Rule-Obj-Report-Definition&pyRuleName=pzRunSelected&RequestClass=Rule-HTML-Section&RequestAppliesTo=Rule-Obj-Report-Definition&RequestRuleName=pzRunSelected Payload: "{\"RequestClass\":\"Rule-HTML-Section\",\"RequestAppliesTo\":\"Rule-Obj-Report-Definition\",\"RequestRuleName\":\"pzRunSelected\"}" => HTTP 404 (18 bytes)
[PegaHttpClient] 📡 POST https://zdk8budo.pegaacademy.net/prweb/api/v1/rules/query?pxObjClass=Rule-HTML-Section&appliesTo=Rule-Obj-Report-Definition&pyRuleName=pzRunSelected&RequestClass=Rule-HTML-Section&RequestAppliesTo=Rule-Obj-Report-Definition&RequestRuleName=pzRunSelected Payload: "{\"RequestClass\":\"Rule-HTML-Section\",\"RequestAppliesTo\":\"Rule-Obj-Report-Definition\",\"RequestRuleName\":\"pzRunSelected\"}" => HTTP 404 (18 bytes)
[PegaHttpClient] 📡 POST https://zdk8budo.pegaacademy.net/prweb/PRRestService/v1/rules/query?pxObjClass=Rule-HTML-Section&appliesTo=Rule-Obj-Report-Definition&pyRuleName=pzRunSelected&RequestClass=Rule-HTML-Section&RequestAppliesTo=Rule-Obj-Report-Definition&RequestRuleName=pzRunSelected Payload: "{\"RequestClass\":\"Rule-HTML-Section\",\"RequestAppliesTo\":\"Rule-Obj-Report-Definition\",\"RequestRuleName\":\"pzRunSelected\"}" => HTTP 404 (18 bytes)
[PegaHttpClient] 📡 POST https://zdk8budo.pegaacademy.net/prweb/api/CodeIntelligence/v1/rules/query?pxObjClass=Rule-HTML-Section&appliesTo=Rule-Obj-Report-Definition&pyRuleName=pzShowRunAndExpectedTime&RequestClass=Rule-HTML-Section&RequestAppliesTo=Rule-Obj-Report-Definition&RequestRuleName=pzShowRunAndExpectedTime Payload: "{\"RequestClass\":\"Rule-HTML-Section\",\"RequestAppliesTo\":\"Rule-Obj-Report-Definition\",\"RequestRuleName\":\"pzShowRunAndExpectedTime\"}" => HTTP 200 (98943 bytes)
[PegaHttpClient] 📡 POST https://zdk8budo.pegaacademy.net/prweb/api/CodeIntelligence/v1/rules/query?pxObjClass=Rule-HTML-Section&appliesTo=Rule-Obj-Report-Definition&pyRuleName=pzSpecificationName&RequestClass=Rule-HTML-Section&RequestAppliesTo=Rule-Obj-Report-Definition&RequestRuleName=pzSpecificationName Payload: "{\"RequestClass\":\"Rule-HTML-Section\",\"RequestAppliesTo\":\"Rule-Obj-Report-Definition\",\"RequestRuleName\":\"pzSpecificationName\"}" => HTTP 404 (123 bytes)
[PegaHttpClient] 📡 POST https://zdk8budo.pegaacademy.net/prweb/PRRestService/CodeIntelligence/v1/rules/query?pxObjClass=Rule-HTML-Section&appliesTo=Rule-Obj-Report-Definition&pyRuleName=pzSpecificationName&RequestClass=Rule-HTML-Section&RequestAppliesTo=Rule-Obj-Report-Definition&RequestRuleName=pzSpecificationName Payload: "{\"RequestClass\":\"Rule-HTML-Section\",\"RequestAppliesTo\":\"Rule-Obj-Report-Definition\",\"RequestRuleName\":\"pzSpecificationName\"}" => HTTP 404 (123 bytes)
[PegaHttpClient] 📡 POST https://zdk8budo.pegaacademy.net/prweb/api/HRAppsV2Service/V1/rules/query?pxObjClass=Rule-HTML-Section&appliesTo=Rule-Obj-Report-Definition&pyRuleName=pzSpecificationName&RequestClass=Rule-HTML-Section&RequestAppliesTo=Rule-Obj-Report-Definition&RequestRuleName=pzSpecificationName Payload: "{\"RequestClass\":\"Rule-HTML-Section\",\"RequestAppliesTo\":\"Rule-Obj-Report-Definition\",\"RequestRuleName\":\"pzSpecificationName\"}" => HTTP 404 (18 bytes)
[PegaHttpClient] 📡 POST https://zdk8budo.pegaacademy.net/prweb/PRRestService/HRAppsV2Service/V1/rules/query?pxObjClass=Rule-HTML-Section&appliesTo=Rule-Obj-Report-Definition&pyRuleName=pzSpecificationName&RequestClass=Rule-HTML-Section&RequestAppliesTo=Rule-Obj-Report-Definition&RequestRuleName=pzSpecificationName Payload: "{\"RequestClass\":\"Rule-HTML-Section\",\"RequestAppliesTo\":\"Rule-Obj-Report-Definition\",\"RequestRuleName\":\"pzSpecificationName\"}" => HTTP 404 (18 bytes)
[PegaHttpClient] 📡 POST https://zdk8budo.pegaacademy.net/prweb/api/HRAppsV2/V1/rules/query?pxObjClass=Rule-HTML-Section&appliesTo=Rule-Obj-Report-Definition&pyRuleName=pzSpecificationName&RequestClass=Rule-HTML-Section&RequestAppliesTo=Rule-Obj-Report-Definition&RequestRuleName=pzSpecificationName Payload: "{\"RequestClass\":\"Rule-HTML-Section\",\"RequestAppliesTo\":\"Rule-Obj-Report-Definition\",\"RequestRuleName\":\"pzSpecificationName\"}" => HTTP 404 (18 bytes)
[PegaHttpClient] 📡 POST https://zdk8budo.pegaacademy.net/prweb/PRRestService/HRAppsV2/V1/rules/query?pxObjClass=Rule-HTML-Section&appliesTo=Rule-Obj-Report-Definition&pyRuleName=pzSpecificationName&RequestClass=Rule-HTML-Section&RequestAppliesTo=Rule-Obj-Report-Definition&RequestRuleName=pzSpecificationName Payload: "{\"RequestClass\":\"Rule-HTML-Section\",\"RequestAppliesTo\":\"Rule-Obj-Report-Definition\",\"RequestRuleName\":\"pzSpecificationName\"}" => HTTP 404 (18 bytes)
[PegaHttpClient] 📡 POST https://zdk8budo.pegaacademy.net/prweb/api/v1/rules/query?pxObjClass=Rule-HTML-Section&appliesTo=Rule-Obj-Report-Definition&pyRuleName=pzSpecificationName&RequestClass=Rule-HTML-Section&RequestAppliesTo=Rule-Obj-Report-Definition&RequestRuleName=pzSpecificationName Payload: "{\"RequestClass\":\"Rule-HTML-Section\",\"RequestAppliesTo\":\"Rule-Obj-Report-Definition\",\"RequestRuleName\":\"pzSpecificationName\"}" => HTTP 404 (18 bytes)
[PegaHttpClient] 📡 POST https://zdk8budo.pegaacademy.net/prweb/PRRestService/v1/rules/query?pxObjClass=Rule-HTML-Section&appliesTo=Rule-Obj-Report-Definition&pyRuleName=pzSpecificationName&RequestClass=Rule-HTML-Section&RequestAppliesTo=Rule-Obj-Report-Definition&RequestRuleName=pzSpecificationName Payload: "{\"RequestClass\":\"Rule-HTML-Section\",\"RequestAppliesTo\":\"Rule-Obj-Report-Definition\",\"RequestRuleName\":\"pzSpecificationName\"}" => HTTP 404 (18 bytes)
[PegaHttpClient] 📡 POST https://zdk8budo.pegaacademy.net/prweb/api/CodeIntelligence/v1/rules/query?pxObjClass=Rule-HTML-Section&appliesTo=Rule-Obj-Report-Definition&pyRuleName=pzScm_RuleHistory&RequestClass=Rule-HTML-Section&RequestAppliesTo=Rule-Obj-Report-Definition&RequestRuleName=pzScm_RuleHistory Payload: "{\"RequestClass\":\"Rule-HTML-Section\",\"RequestAppliesTo\":\"Rule-Obj-Report-Definition\",\"RequestRuleName\":\"pzScm_RuleHistory\"}" => HTTP 200 (14682 bytes)
[PegaHttpClient] 📡 POST https://zdk8budo.pegaacademy.net/prweb/api/CodeIntelligence/v1/rules/query?pxObjClass=Rule-HTML-Section&appliesTo=Rule-Obj-Report-Definition&pyRuleName=pxDisplayCollaborators&RequestClass=Rule-HTML-Section&RequestAppliesTo=Rule-Obj-Report-Definition&RequestRuleName=pxDisplayCollaborators Payload: "{\"RequestClass\":\"Rule-HTML-Section\",\"RequestAppliesTo\":\"Rule-Obj-Report-Definition\",\"RequestRuleName\":\"pxDisplayCollaborators\"}" => HTTP 200 (94171 bytes)
[PegaHttpClient] 📡 POST https://zdk8budo.pegaacademy.net/prweb/api/CodeIntelligence/v1/rules/query?pxObjClass=Rule-HTML-Section&appliesTo=Rule-Obj-Report-Definition&pyRuleName=pzRuleFormToolbarDeleteCheckOut&RequestClass=Rule-HTML-Section&RequestAppliesTo=Rule-Obj-Report-Definition&RequestRuleName=pzRuleFormToolbarDeleteCheckOut Payload: "{\"RequestClass\":\"Rule-HTML-Section\",\"RequestAppliesTo\":\"Rule-Obj-Report-Definition\",\"RequestRuleName\":\"pzRuleFormToolbarDeleteCheckOut\"}" => HTTP 200 (29433 bytes)
[PegaHttpClient] 📡 POST https://zdk8budo.pegaacademy.net/prweb/api/CodeIntelligence/v1/rules/query?pxObjClass=Rule-HTML-Section&appliesTo=Rule-Obj-Report-Definition&pyRuleName=pzRuleFormToolbarDeleteRule&RequestClass=Rule-HTML-Section&RequestAppliesTo=Rule-Obj-Report-Definition&RequestRuleName=pzRuleFormToolbarDeleteRule Payload: "{\"RequestClass\":\"Rule-HTML-Section\",\"RequestAppliesTo\":\"Rule-Obj-Report-Definition\",\"RequestRuleName\":\"pzRuleFormToolbarDeleteRule\"}" => HTTP 200 (32314 bytes)
[PegaHttpClient] 📡 POST https://zdk8budo.pegaacademy.net/prweb/api/CodeIntelligence/v1/rules/query?pxObjClass=Rule-HTML-Section&appliesTo=Rule-Obj-Report-Definition&pyRuleName=pzRFRuleFilterOptions&RequestClass=Rule-HTML-Section&RequestAppliesTo=Rule-Obj-Report-Definition&RequestRuleName=pzRFRuleFilterOptions Payload: "{\"RequestClass\":\"Rule-HTML-Section\",\"RequestAppliesTo\":\"Rule-Obj-Report-Definition\",\"RequestRuleName\":\"pzRFRuleFilterOptions\"}" => HTTP 404 (125 bytes)
[PegaHttpClient] 📡 POST https://zdk8budo.pegaacademy.net/prweb/PRRestService/CodeIntelligence/v1/rules/query?pxObjClass=Rule-HTML-Section&appliesTo=Rule-Obj-Report-Definition&pyRuleName=pzRFRuleFilterOptions&RequestClass=Rule-HTML-Section&RequestAppliesTo=Rule-Obj-Report-Definition&RequestRuleName=pzRFRuleFilterOptions Payload: "{\"RequestClass\":\"Rule-HTML-Section\",\"RequestAppliesTo\":\"Rule-Obj-Report-Definition\",\"RequestRuleName\":\"pzRFRuleFilterOptions\"}" => HTTP 404 (125 bytes)
[PegaHttpClient] 📡 POST https://zdk8budo.pegaacademy.net/prweb/api/HRAppsV2Service/V1/rules/query?pxObjClass=Rule-HTML-Section&appliesTo=Rule-Obj-Report-Definition&pyRuleName=pzRFRuleFilterOptions&RequestClass=Rule-HTML-Section&RequestAppliesTo=Rule-Obj-Report-Definition&RequestRuleName=pzRFRuleFilterOptions Payload: "{\"RequestClass\":\"Rule-HTML-Section\",\"RequestAppliesTo\":\"Rule-Obj-Report-Definition\",\"RequestRuleName\":\"pzRFRuleFilterOptions\"}" => HTTP 404 (18 bytes)
[PegaHttpClient] 📡 POST https://zdk8budo.pegaacademy.net/prweb/PRRestService/HRAppsV2Service/V1/rules/query?pxObjClass=Rule-HTML-Section&appliesTo=Rule-Obj-Report-Definition&pyRuleName=pzRFRuleFilterOptions&RequestClass=Rule-HTML-Section&RequestAppliesTo=Rule-Obj-Report-Definition&RequestRuleName=pzRFRuleFilterOptions Payload: "{\"RequestClass\":\"Rule-HTML-Section\",\"RequestAppliesTo\":\"Rule-Obj-Report-Definition\",\"RequestRuleName\":\"pzRFRuleFilterOptions\"}" => HTTP 404 (18 bytes)
[PegaHttpClient] 📡 POST https://zdk8budo.pegaacademy.net/prweb/api/HRAppsV2/V1/rules/query?pxObjClass=Rule-HTML-Section&appliesTo=Rule-Obj-Report-Definition&pyRuleName=pzRFRuleFilterOptions&RequestClass=Rule-HTML-Section&RequestAppliesTo=Rule-Obj-Report-Definition&RequestRuleName=pzRFRuleFilterOptions Payload: "{\"RequestClass\":\"Rule-HTML-Section\",\"RequestAppliesTo\":\"Rule-Obj-Report-Definition\",\"RequestRuleName\":\"pzRFRuleFilterOptions\"}" => HTTP 404 (18 bytes)
[PegaHttpClient] 📡 POST https://zdk8budo.pegaacademy.net/prweb/PRRestService/HRAppsV2/V1/rules/query?pxObjClass=Rule-HTML-Section&appliesTo=Rule-Obj-Report-Definition&pyRuleName=pzRFRuleFilterOptions&RequestClass=Rule-HTML-Section&RequestAppliesTo=Rule-Obj-Report-Definition&RequestRuleName=pzRFRuleFilterOptions Payload: "{\"RequestClass\":\"Rule-HTML-Section\",\"RequestAppliesTo\":\"Rule-Obj-Report-Definition\",\"RequestRuleName\":\"pzRFRuleFilterOptions\"}" => HTTP 404 (18 bytes)
[PegaHttpClient] 📡 POST https://zdk8budo.pegaacademy.net/prweb/api/v1/rules/query?pxObjClass=Rule-HTML-Section&appliesTo=Rule-Obj-Report-Definition&pyRuleName=pzRFRuleFilterOptions&RequestClass=Rule-HTML-Section&RequestAppliesTo=Rule-Obj-Report-Definition&RequestRuleName=pzRFRuleFilterOptions Payload: "{\"RequestClass\":\"Rule-HTML-Section\",\"RequestAppliesTo\":\"Rule-Obj-Report-Definition\",\"RequestRuleName\":\"pzRFRuleFilterOptions\"}" => HTTP 404 (18 bytes)
[PegaHttpClient] 📡 POST https://zdk8budo.pegaacademy.net/prweb/PRRestService/v1/rules/query?pxObjClass=Rule-HTML-Section&appliesTo=Rule-Obj-Report-Definition&pyRuleName=pzRFRuleFilterOptions&RequestClass=Rule-HTML-Section&RequestAppliesTo=Rule-Obj-Report-Definition&RequestRuleName=pzRFRuleFilterOptions Payload: "{\"RequestClass\":\"Rule-HTML-Section\",\"RequestAppliesTo\":\"Rule-Obj-Report-Definition\",\"RequestRuleName\":\"pzRFRuleFilterOptions\"}" => HTTP 404 (18 bytes)
[PegaHttpClient] 📡 POST https://zdk8budo.pegaacademy.net/prweb/api/CodeIntelligence/v1/rules/query?pxObjClass=Rule-HTML-Section&appliesTo=Rule-Obj-Report-Definition&pyRuleName=pzReportRank&RequestClass=Rule-HTML-Section&RequestAppliesTo=Rule-Obj-Report-Definition&RequestRuleName=pzReportRank Payload: "{\"RequestClass\":\"Rule-HTML-Section\",\"RequestAppliesTo\":\"Rule-Obj-Report-Definition\",\"RequestRuleName\":\"pzReportRank\"}" => HTTP 404 (116 bytes)
[PegaHttpClient] 📡 POST https://zdk8budo.pegaacademy.net/prweb/PRRestService/CodeIntelligence/v1/rules/query?pxObjClass=Rule-HTML-Section&appliesTo=Rule-Obj-Report-Definition&pyRuleName=pzReportRank&RequestClass=Rule-HTML-Section&RequestAppliesTo=Rule-Obj-Report-Definition&RequestRuleName=pzReportRank Payload: "{\"RequestClass\":\"Rule-HTML-Section\",\"RequestAppliesTo\":\"Rule-Obj-Report-Definition\",\"RequestRuleName\":\"pzReportRank\"}" => HTTP 404 (116 bytes)
[PegaHttpClient] 📡 POST https://zdk8budo.pegaacademy.net/prweb/api/HRAppsV2Service/V1/rules/query?pxObjClass=Rule-HTML-Section&appliesTo=Rule-Obj-Report-Definition&pyRuleName=pzReportRank&RequestClass=Rule-HTML-Section&RequestAppliesTo=Rule-Obj-Report-Definition&RequestRuleName=pzReportRank Payload: "{\"RequestClass\":\"Rule-HTML-Section\",\"RequestAppliesTo\":\"Rule-Obj-Report-Definition\",\"RequestRuleName\":\"pzReportRank\"}" => HTTP 404 (18 bytes)
[PegaHttpClient] 📡 POST https://zdk8budo.pegaacademy.net/prweb/PRRestService/HRAppsV2Service/V1/rules/query?pxObjClass=Rule-HTML-Section&appliesTo=Rule-Obj-Report-Definition&pyRuleName=pzReportRank&RequestClass=Rule-HTML-Section&RequestAppliesTo=Rule-Obj-Report-Definition&RequestRuleName=pzReportRank Payload: "{\"RequestClass\":\"Rule-HTML-Section\",\"RequestAppliesTo\":\"Rule-Obj-Report-Definition\",\"RequestRuleName\":\"pzReportRank\"}" => HTTP 404 (18 bytes)
[PegaHttpClient] 📡 POST https://zdk8budo.pegaacademy.net/prweb/api/HRAppsV2/V1/rules/query?pxObjClass=Rule-HTML-Section&appliesTo=Rule-Obj-Report-Definition&pyRuleName=pzReportRank&RequestClass=Rule-HTML-Section&RequestAppliesTo=Rule-Obj-Report-Definition&RequestRuleName=pzReportRank Payload: "{\"RequestClass\":\"Rule-HTML-Section\",\"RequestAppliesTo\":\"Rule-Obj-Report-Definition\",\"RequestRuleName\":\"pzReportRank\"}" => HTTP 404 (18 bytes)
[PegaHttpClient] 📡 POST https://zdk8budo.pegaacademy.net/prweb/PRRestService/HRAppsV2/V1/rules/query?pxObjClass=Rule-HTML-Section&appliesTo=Rule-Obj-Report-Definition&pyRuleName=pzReportRank&RequestClass=Rule-HTML-Section&RequestAppliesTo=Rule-Obj-Report-Definition&RequestRuleName=pzReportRank Payload: "{\"RequestClass\":\"Rule-HTML-Section\",\"RequestAppliesTo\":\"Rule-Obj-Report-Definition\",\"RequestRuleName\":\"pzReportRank\"}" => HTTP 404 (18 bytes)
[PegaHttpClient] 📡 POST https://zdk8budo.pegaacademy.net/prweb/api/v1/rules/query?pxObjClass=Rule-HTML-Section&appliesTo=Rule-Obj-Report-Definition&pyRuleName=pzReportRank&RequestClass=Rule-HTML-Section&RequestAppliesTo=Rule-Obj-Report-Definition&RequestRuleName=pzReportRank Payload: "{\"RequestClass\":\"Rule-HTML-Section\",\"RequestAppliesTo\":\"Rule-Obj-Report-Definition\",\"RequestRuleName\":\"pzReportRank\"}" => HTTP 404 (18 bytes)
[PegaHttpClient] 📡 POST https://zdk8budo.pegaacademy.net/prweb/PRRestService/v1/rules/query?pxObjClass=Rule-HTML-Section&appliesTo=Rule-Obj-Report-Definition&pyRuleName=pzReportRank&RequestClass=Rule-HTML-Section&RequestAppliesTo=Rule-Obj-Report-Definition&RequestRuleName=pzReportRank Payload: "{\"RequestClass\":\"Rule-HTML-Section\",\"RequestAppliesTo\":\"Rule-Obj-Report-Definition\",\"RequestRuleName\":\"pzReportRank\"}" => HTTP 404 (18 bytes)
[PegaHttpClient] 📡 POST https://zdk8budo.pegaacademy.net/prweb/api/CodeIntelligence/v1/rules/query?pxObjClass=Rule-HTML-Section&appliesTo=Rule-Obj-Report-Definition&pyRuleName=pzLoadCollaborationScripts&RequestClass=Rule-HTML-Section&RequestAppliesTo=Rule-Obj-Report-Definition&RequestRuleName=pzLoadCollaborationScripts Payload: "{\"RequestClass\":\"Rule-HTML-Section\",\"RequestAppliesTo\":\"Rule-Obj-Report-Definition\",\"RequestRuleName\":\"pzLoadCollaborationScripts\"}" => HTTP 200 (23453 bytes)
[PegaHttpClient] 📡 POST https://zdk8budo.pegaacademy.net/prweb/api/CodeIntelligence/v1/rules/query?pxObjClass=Rule-HTML-Section&appliesTo=Rule-Obj-Report-Definition&pyRuleName=pzDisplayCollaboratorsList&RequestClass=Rule-HTML-Section&RequestAppliesTo=Rule-Obj-Report-Definition&RequestRuleName=pzDisplayCollaboratorsList Payload: "{\"RequestClass\":\"Rule-HTML-Section\",\"RequestAppliesTo\":\"Rule-Obj-Report-Definition\",\"RequestRuleName\":\"pzDisplayCollaboratorsList\"}" => HTTP 200 (105418 bytes)
[PegaHttpClient] 📡 POST https://zdk8budo.pegaacademy.net/prweb/api/CodeIntelligence/v1/rules/query?pxObjClass=Rule-HTML-Section&appliesTo=Rule-Obj-Report-Definition&pyRuleName=pyCollaborator&RequestClass=Rule-HTML-Section&RequestAppliesTo=Rule-Obj-Report-Definition&RequestRuleName=pyCollaborator Payload: "{\"RequestClass\":\"Rule-HTML-Section\",\"RequestAppliesTo\":\"Rule-Obj-Report-Definition\",\"RequestRuleName\":\"pyCollaborator\"}" => HTTP 404 (118 bytes)
[PegaHttpClient] 📡 POST https://zdk8budo.pegaacademy.net/prweb/PRRestService/CodeIntelligence/v1/rules/query?pxObjClass=Rule-HTML-Section&appliesTo=Rule-Obj-Report-Definition&pyRuleName=pyCollaborator&RequestClass=Rule-HTML-Section&RequestAppliesTo=Rule-Obj-Report-Definition&RequestRuleName=pyCollaborator Payload: "{\"RequestClass\":\"Rule-HTML-Section\",\"RequestAppliesTo\":\"Rule-Obj-Report-Definition\",\"RequestRuleName\":\"pyCollaborator\"}" => HTTP 404 (118 bytes)
[PegaHttpClient] 📡 POST https://zdk8budo.pegaacademy.net/prweb/api/HRAppsV2Service/V1/rules/query?pxObjClass=Rule-HTML-Section&appliesTo=Rule-Obj-Report-Definition&pyRuleName=pyCollaborator&RequestClass=Rule-HTML-Section&RequestAppliesTo=Rule-Obj-Report-Definition&RequestRuleName=pyCollaborator Payload: "{\"RequestClass\":\"Rule-HTML-Section\",\"RequestAppliesTo\":\"Rule-Obj-Report-Definition\",\"RequestRuleName\":\"pyCollaborator\"}" => HTTP 404 (18 bytes)
[PegaHttpClient] 📡 POST https://zdk8budo.pegaacademy.net/prweb/PRRestService/HRAppsV2Service/V1/rules/query?pxObjClass=Rule-HTML-Section&appliesTo=Rule-Obj-Report-Definition&pyRuleName=pyCollaborator&RequestClass=Rule-HTML-Section&RequestAppliesTo=Rule-Obj-Report-Definition&RequestRuleName=pyCollaborator Payload: "{\"RequestClass\":\"Rule-HTML-Section\",\"RequestAppliesTo\":\"Rule-Obj-Report-Definition\",\"RequestRuleName\":\"pyCollaborator\"}" => HTTP 404 (18 bytes)
[PegaHttpClient] 📡 POST https://zdk8budo.pegaacademy.net/prweb/api/HRAppsV2/V1/rules/query?pxObjClass=Rule-HTML-Section&appliesTo=Rule-Obj-Report-Definition&pyRuleName=pyCollaborator&RequestClass=Rule-HTML-Section&RequestAppliesTo=Rule-Obj-Report-Definition&RequestRuleName=pyCollaborator Payload: "{\"RequestClass\":\"Rule-HTML-Section\",\"RequestAppliesTo\":\"Rule-Obj-Report-Definition\",\"RequestRuleName\":\"pyCollaborator\"}" => HTTP 404 (18 bytes)
[PegaHttpClient] 📡 POST https://zdk8budo.pegaacademy.net/prweb/PRRestService/HRAppsV2/V1/rules/query?pxObjClass=Rule-HTML-Section&appliesTo=Rule-Obj-Report-Definition&pyRuleName=pyCollaborator&RequestClass=Rule-HTML-Section&RequestAppliesTo=Rule-Obj-Report-Definition&RequestRuleName=pyCollaborator Payload: "{\"RequestClass\":\"Rule-HTML-Section\",\"RequestAppliesTo\":\"Rule-Obj-Report-Definition\",\"RequestRuleName\":\"pyCollaborator\"}" => HTTP 404 (18 bytes)
[PegaHttpClient] 📡 POST https://zdk8budo.pegaacademy.net/prweb/api/v1/rules/query?pxObjClass=Rule-HTML-Section&appliesTo=Rule-Obj-Report-Definition&pyRuleName=pyCollaborator&RequestClass=Rule-HTML-Section&RequestAppliesTo=Rule-Obj-Report-Definition&RequestRuleName=pyCollaborator Payload: "{\"RequestClass\":\"Rule-HTML-Section\",\"RequestAppliesTo\":\"Rule-Obj-Report-Definition\",\"RequestRuleName\":\"pyCollaborator\"}" => HTTP 404 (18 bytes)
[PegaHttpClient] 📡 POST https://zdk8budo.pegaacademy.net/prweb/PRRestService/v1/rules/query?pxObjClass=Rule-HTML-Section&appliesTo=Rule-Obj-Report-Definition&pyRuleName=pyCollaborator&RequestClass=Rule-HTML-Section&RequestAppliesTo=Rule-Obj-Report-Definition&RequestRuleName=pyCollaborator Payload: "{\"RequestClass\":\"Rule-HTML-Section\",\"RequestAppliesTo\":\"Rule-Obj-Report-Definition\",\"RequestRuleName\":\"pyCollaborator\"}" => HTTP 404 (18 bytes)
[PegaHttpClient] 📡 POST https://zdk8budo.pegaacademy.net/prweb/api/CodeIntelligence/v1/rules/query?pxObjClass=Rule-HTML-Section&appliesTo=Rule-Obj-Report-Definition&pyRuleName=pzDisplayPartialCount&RequestClass=Rule-HTML-Section&RequestAppliesTo=Rule-Obj-Report-Definition&RequestRuleName=pzDisplayPartialCount Payload: "{\"RequestClass\":\"Rule-HTML-Section\",\"RequestAppliesTo\":\"Rule-Obj-Report-Definition\",\"RequestRuleName\":\"pzDisplayPartialCount\"}" => HTTP 404 (125 bytes)
[PegaHttpClient] 📡 POST https://zdk8budo.pegaacademy.net/prweb/PRRestService/CodeIntelligence/v1/rules/query?pxObjClass=Rule-HTML-Section&appliesTo=Rule-Obj-Report-Definition&pyRuleName=pzDisplayPartialCount&RequestClass=Rule-HTML-Section&RequestAppliesTo=Rule-Obj-Report-Definition&RequestRuleName=pzDisplayPartialCount Payload: "{\"RequestClass\":\"Rule-HTML-Section\",\"RequestAppliesTo\":\"Rule-Obj-Report-Definition\",\"RequestRuleName\":\"pzDisplayPartialCount\"}" => HTTP 404 (125 bytes)
[PegaHttpClient] 📡 POST https://zdk8budo.pegaacademy.net/prweb/api/HRAppsV2Service/V1/rules/query?pxObjClass=Rule-HTML-Section&appliesTo=Rule-Obj-Report-Definition&pyRuleName=pzDisplayPartialCount&RequestClass=Rule-HTML-Section&RequestAppliesTo=Rule-Obj-Report-Definition&RequestRuleName=pzDisplayPartialCount Payload: "{\"RequestClass\":\"Rule-HTML-Section\",\"RequestAppliesTo\":\"Rule-Obj-Report-Definition\",\"RequestRuleName\":\"pzDisplayPartialCount\"}" => HTTP 404 (18 bytes)
[PegaHttpClient] 📡 POST https://zdk8budo.pegaacademy.net/prweb/PRRestService/HRAppsV2Service/V1/rules/query?pxObjClass=Rule-HTML-Section&appliesTo=Rule-Obj-Report-Definition&pyRuleName=pzDisplayPartialCount&RequestClass=Rule-HTML-Section&RequestAppliesTo=Rule-Obj-Report-Definition&RequestRuleName=pzDisplayPartialCount Payload: "{\"RequestClass\":\"Rule-HTML-Section\",\"RequestAppliesTo\":\"Rule-Obj-Report-Definition\",\"RequestRuleName\":\"pzDisplayPartialCount\"}" => HTTP 404 (18 bytes)
[PegaHttpClient] 📡 POST https://zdk8budo.pegaacademy.net/prweb/api/HRAppsV2/V1/rules/query?pxObjClass=Rule-HTML-Section&appliesTo=Rule-Obj-Report-Definition&pyRuleName=pzDisplayPartialCount&RequestClass=Rule-HTML-Section&RequestAppliesTo=Rule-Obj-Report-Definition&RequestRuleName=pzDisplayPartialCount Payload: "{\"RequestClass\":\"Rule-HTML-Section\",\"RequestAppliesTo\":\"Rule-Obj-Report-Definition\",\"RequestRuleName\":\"pzDisplayPartialCount\"}" => HTTP 404 (18 bytes)
[PegaHttpClient] 📡 POST https://zdk8budo.pegaacademy.net/prweb/PRRestService/HRAppsV2/V1/rules/query?pxObjClass=Rule-HTML-Section&appliesTo=Rule-Obj-Report-Definition&pyRuleName=pzDisplayPartialCount&RequestClass=Rule-HTML-Section&RequestAppliesTo=Rule-Obj-Report-Definition&RequestRuleName=pzDisplayPartialCount Payload: "{\"RequestClass\":\"Rule-HTML-Section\",\"RequestAppliesTo\":\"Rule-Obj-Report-Definition\",\"RequestRuleName\":\"pzDisplayPartialCount\"}" => HTTP 404 (18 bytes)
[PegaHttpClient] 📡 POST https://zdk8budo.pegaacademy.net/prweb/api/v1/rules/query?pxObjClass=Rule-HTML-Section&appliesTo=Rule-Obj-Report-Definition&pyRuleName=pzDisplayPartialCount&RequestClass=Rule-HTML-Section&RequestAppliesTo=Rule-Obj-Report-Definition&RequestRuleName=pzDisplayPartialCount Payload: "{\"RequestClass\":\"Rule-HTML-Section\",\"RequestAppliesTo\":\"Rule-Obj-Report-Definition\",\"RequestRuleName\":\"pzDisplayPartialCount\"}" => HTTP 404 (18 bytes)
[PegaHttpClient] 📡 POST https://zdk8budo.pegaacademy.net/prweb/PRRestService/v1/rules/query?pxObjClass=Rule-HTML-Section&appliesTo=Rule-Obj-Report-Definition&pyRuleName=pzDisplayPartialCount&RequestClass=Rule-HTML-Section&RequestAppliesTo=Rule-Obj-Report-Definition&RequestRuleName=pzDisplayPartialCount Payload: "{\"RequestClass\":\"Rule-HTML-Section\",\"RequestAppliesTo\":\"Rule-Obj-Report-Definition\",\"RequestRuleName\":\"pzDisplayPartialCount\"}" => HTTP 404 (18 bytes)
[SchemaGen] ✅ Schema written for Rule-Obj-Report-Definition
[PegaHttpClient] 📡 GET https://zdk8budo.pegaacademy.net/prweb/api/CodeIntelligence/v1/rules/RULE-HTML-HARNESS%20RULE-CONNECT-REST%20RULEFORM%20%2320180928T144424.527%20GMT => HTTP 200 (25975 bytes)
[PegaHttpClient] 📡 POST https://zdk8budo.pegaacademy.net/prweb/api/CodeIntelligence/v1/rules/query?pxObjClass=Rule-HTML-Section&appliesTo=Rule-Connect-REST&pyRuleName=RuleFormMain&RequestClass=Rule-HTML-Section&RequestAppliesTo=Rule-Connect-REST&RequestRuleName=RuleFormMain Payload: "{\"RequestClass\":\"Rule-HTML-Section\",\"RequestAppliesTo\":\"Rule-Connect-REST\",\"RequestRuleName\":\"RuleFormMain\"}" => HTTP 200 (156234 bytes)
[PegaHttpClient] 📡 POST https://zdk8budo.pegaacademy.net/prweb/api/CodeIntelligence/v1/rules/query?pxObjClass=Rule-HTML-Section&appliesTo=Rule-Connect-REST&pyRuleName=pxAlternateRuleForm&RequestClass=Rule-HTML-Section&RequestAppliesTo=Rule-Connect-REST&RequestRuleName=pxAlternateRuleForm Payload: "{\"RequestClass\":\"Rule-HTML-Section\",\"RequestAppliesTo\":\"Rule-Connect-REST\",\"RequestRuleName\":\"pxAlternateRuleForm\"}" => HTTP 200 (66153 bytes)
[PegaHttpClient] 📡 POST https://zdk8budo.pegaacademy.net/prweb/api/CodeIntelligence/v1/rules/query?pxObjClass=Rule-HTML-Section&appliesTo=Rule-Connect-REST&pyRuleName=pzRuleFormScripts&RequestClass=Rule-HTML-Section&RequestAppliesTo=Rule-Connect-REST&RequestRuleName=pzRuleFormScripts Payload: "{\"RequestClass\":\"Rule-HTML-Section\",\"RequestAppliesTo\":\"Rule-Connect-REST\",\"RequestRuleName\":\"pzRuleFormScripts\"}" => HTTP 200 (40822 bytes)
[PegaHttpClient] 📡 POST https://zdk8budo.pegaacademy.net/prweb/api/CodeIntelligence/v1/rules/query?pxObjClass=Rule-HTML-Section&appliesTo=Rule-Connect-REST&pyRuleName=pzRuleFormLayoutDelegated&RequestClass=Rule-HTML-Section&RequestAppliesTo=Rule-Connect-REST&RequestRuleName=pzRuleFormLayoutDelegated Payload: "{\"RequestClass\":\"Rule-HTML-Section\",\"RequestAppliesTo\":\"Rule-Connect-REST\",\"RequestRuleName\":\"pzRuleFormLayoutDelegated\"}" => HTTP 200 (70998 bytes)
[PegaHttpClient] 📡 POST https://zdk8budo.pegaacademy.net/prweb/api/CodeIntelligence/v1/rules/query?pxObjClass=Rule-HTML-Section&appliesTo=Rule-Connect-REST&pyRuleName=RuleFormLayout&RequestClass=Rule-HTML-Section&RequestAppliesTo=Rule-Connect-REST&RequestRuleName=RuleFormLayout Payload: "{\"RequestClass\":\"Rule-HTML-Section\",\"RequestAppliesTo\":\"Rule-Connect-REST\",\"RequestRuleName\":\"RuleFormLayout\"}" => HTTP 200 (141771 bytes)
[PegaHttpClient] 📡 POST https://zdk8budo.pegaacademy.net/prweb/api/CodeIntelligence/v1/rules/query?pxObjClass=Rule-HTML-Section&appliesTo=Rule-Connect-REST&pyRuleName=RuleFormSettings&RequestClass=Rule-HTML-Section&RequestAppliesTo=Rule-Connect-REST&RequestRuleName=RuleFormSettings Payload: "{\"RequestClass\":\"Rule-HTML-Section\",\"RequestAppliesTo\":\"Rule-Connect-REST\",\"RequestRuleName\":\"RuleFormSettings\"}" => HTTP 200 (20540 bytes)
[PegaHttpClient] 📡 POST https://zdk8budo.pegaacademy.net/prweb/api/CodeIntelligence/v1/rules/query?pxObjClass=Rule-HTML-Section&appliesTo=Rule-Connect-REST&pyRuleName=OpenAuthoring&RequestClass=Rule-HTML-Section&RequestAppliesTo=Rule-Connect-REST&RequestRuleName=OpenAuthoring Payload: "{\"RequestClass\":\"Rule-HTML-Section\",\"RequestAppliesTo\":\"Rule-Connect-REST\",\"RequestRuleName\":\"OpenAuthoring\"}" => HTTP 200 (23695 bytes)
[PegaHttpClient] 📡 POST https://zdk8budo.pegaacademy.net/prweb/api/CodeIntelligence/v1/rules/query?pxObjClass=Rule-HTML-Section&appliesTo=Rule-Connect-REST&pyRuleName=pyCustomHelp&RequestClass=Rule-HTML-Section&RequestAppliesTo=Rule-Connect-REST&RequestRuleName=pyCustomHelp Payload: "{\"RequestClass\":\"Rule-HTML-Section\",\"RequestAppliesTo\":\"Rule-Connect-REST\",\"RequestRuleName\":\"pyCustomHelp\"}" => HTTP 200 (17256 bytes)
[PegaHttpClient] 📡 POST https://zdk8budo.pegaacademy.net/prweb/api/CodeIntelligence/v1/rules/query?pxObjClass=Rule-HTML-Section&appliesTo=Rule-Connect-REST&pyRuleName=pzRuleformMainInclude&RequestClass=Rule-HTML-Section&RequestAppliesTo=Rule-Connect-REST&RequestRuleName=pzRuleformMainInclude Payload: "{\"RequestClass\":\"Rule-HTML-Section\",\"RequestAppliesTo\":\"Rule-Connect-REST\",\"RequestRuleName\":\"pzRuleformMainInclude\"}" => HTTP 200 (22375 bytes)
[PegaHttpClient] 📡 POST https://zdk8budo.pegaacademy.net/prweb/api/CodeIntelligence/v1/rules/query?pxObjClass=Rule-HTML-Section&appliesTo=Rule-Connect-REST&pyRuleName=pyAlternativeRuleFormStrategicAppExtension&RequestClass=Rule-HTML-Section&RequestAppliesTo=Rule-Connect-REST&RequestRuleName=pyAlternativeRuleFormStrategicAppExtension Payload: "{\"RequestClass\":\"Rule-HTML-Section\",\"RequestAppliesTo\":\"Rule-Connect-REST\",\"RequestRuleName\":\"pyAlternativeRuleFormStrategicAppExtension\"}" => HTTP 200 (25042 bytes)
[PegaHttpClient] 📡 POST https://zdk8budo.pegaacademy.net/prweb/api/CodeIntelligence/v1/rules/query?pxObjClass=Rule-HTML-Section&appliesTo=Rule-Connect-REST&pyRuleName=pyAlternativeRuleFormExtension&RequestClass=Rule-HTML-Section&RequestAppliesTo=Rule-Connect-REST&RequestRuleName=pyAlternativeRuleFormExtension Payload: "{\"RequestClass\":\"Rule-HTML-Section\",\"RequestAppliesTo\":\"Rule-Connect-REST\",\"RequestRuleName\":\"pyAlternativeRuleFormExtension\"}" => HTTP 200 (24863 bytes)
[PegaHttpClient] 📡 POST https://zdk8budo.pegaacademy.net/prweb/api/CodeIntelligence/v1/rules/query?pxObjClass=Rule-HTML-Section&appliesTo=Rule-Connect-REST&pyRuleName=RuleFormHeader&RequestClass=Rule-HTML-Section&RequestAppliesTo=Rule-Connect-REST&RequestRuleName=RuleFormHeader Payload: "{\"RequestClass\":\"Rule-HTML-Section\",\"RequestAppliesTo\":\"Rule-Connect-REST\",\"RequestRuleName\":\"RuleFormHeader\"}" => HTTP 200 (183800 bytes)
[PegaHttpClient] 📡 POST https://zdk8budo.pegaacademy.net/prweb/api/CodeIntelligence/v1/rules/query?pxObjClass=Rule-HTML-Section&appliesTo=Rule-Connect-REST&pyRuleName=pzDelegationExperience&RequestClass=Rule-HTML-Section&RequestAppliesTo=Rule-Connect-REST&RequestRuleName=pzDelegationExperience Payload: "{\"RequestClass\":\"Rule-HTML-Section\",\"RequestAppliesTo\":\"Rule-Connect-REST\",\"RequestRuleName\":\"pzDelegationExperience\"}" => HTTP 404 (117 bytes)
[PegaHttpClient] 📡 POST https://zdk8budo.pegaacademy.net/prweb/PRRestService/CodeIntelligence/v1/rules/query?pxObjClass=Rule-HTML-Section&appliesTo=Rule-Connect-REST&pyRuleName=pzDelegationExperience&RequestClass=Rule-HTML-Section&RequestAppliesTo=Rule-Connect-REST&RequestRuleName=pzDelegationExperience Payload: "{\"RequestClass\":\"Rule-HTML-Section\",\"RequestAppliesTo\":\"Rule-Connect-REST\",\"RequestRuleName\":\"pzDelegationExperience\"}" => HTTP 404 (117 bytes)
[PegaHttpClient] 📡 POST https://zdk8budo.pegaacademy.net/prweb/api/HRAppsV2Service/V1/rules/query?pxObjClass=Rule-HTML-Section&appliesTo=Rule-Connect-REST&pyRuleName=pzDelegationExperience&RequestClass=Rule-HTML-Section&RequestAppliesTo=Rule-Connect-REST&RequestRuleName=pzDelegationExperience Payload: "{\"RequestClass\":\"Rule-HTML-Section\",\"RequestAppliesTo\":\"Rule-Connect-REST\",\"RequestRuleName\":\"pzDelegationExperience\"}" => HTTP 404 (18 bytes)
[PegaHttpClient] 📡 POST https://zdk8budo.pegaacademy.net/prweb/PRRestService/HRAppsV2Service/V1/rules/query?pxObjClass=Rule-HTML-Section&appliesTo=Rule-Connect-REST&pyRuleName=pzDelegationExperience&RequestClass=Rule-HTML-Section&RequestAppliesTo=Rule-Connect-REST&RequestRuleName=pzDelegationExperience Payload: "{\"RequestClass\":\"Rule-HTML-Section\",\"RequestAppliesTo\":\"Rule-Connect-REST\",\"RequestRuleName\":\"pzDelegationExperience\"}" => HTTP 404 (18 bytes)
[PegaHttpClient] 📡 POST https://zdk8budo.pegaacademy.net/prweb/api/HRAppsV2/V1/rules/query?pxObjClass=Rule-HTML-Section&appliesTo=Rule-Connect-REST&pyRuleName=pzDelegationExperience&RequestClass=Rule-HTML-Section&RequestAppliesTo=Rule-Connect-REST&RequestRuleName=pzDelegationExperience Payload: "{\"RequestClass\":\"Rule-HTML-Section\",\"RequestAppliesTo\":\"Rule-Connect-REST\",\"RequestRuleName\":\"pzDelegationExperience\"}" => HTTP 404 (18 bytes)
[PegaHttpClient] 📡 POST https://zdk8budo.pegaacademy.net/prweb/PRRestService/HRAppsV2/V1/rules/query?pxObjClass=Rule-HTML-Section&appliesTo=Rule-Connect-REST&pyRuleName=pzDelegationExperience&RequestClass=Rule-HTML-Section&RequestAppliesTo=Rule-Connect-REST&RequestRuleName=pzDelegationExperience Payload: "{\"RequestClass\":\"Rule-HTML-Section\",\"RequestAppliesTo\":\"Rule-Connect-REST\",\"RequestRuleName\":\"pzDelegationExperience\"}" => HTTP 404 (18 bytes)
[PegaHttpClient] 📡 POST https://zdk8budo.pegaacademy.net/prweb/api/v1/rules/query?pxObjClass=Rule-HTML-Section&appliesTo=Rule-Connect-REST&pyRuleName=pzDelegationExperience&RequestClass=Rule-HTML-Section&RequestAppliesTo=Rule-Connect-REST&RequestRuleName=pzDelegationExperience Payload: "{\"RequestClass\":\"Rule-HTML-Section\",\"RequestAppliesTo\":\"Rule-Connect-REST\",\"RequestRuleName\":\"pzDelegationExperience\"}" => HTTP 404 (18 bytes)
[PegaHttpClient] 📡 POST https://zdk8budo.pegaacademy.net/prweb/PRRestService/v1/rules/query?pxObjClass=Rule-HTML-Section&appliesTo=Rule-Connect-REST&pyRuleName=pzDelegationExperience&RequestClass=Rule-HTML-Section&RequestAppliesTo=Rule-Connect-REST&RequestRuleName=pzDelegationExperience Payload: "{\"RequestClass\":\"Rule-HTML-Section\",\"RequestAppliesTo\":\"Rule-Connect-REST\",\"RequestRuleName\":\"pzDelegationExperience\"}" => HTTP 404 (18 bytes)
[PegaHttpClient] 📡 POST https://zdk8budo.pegaacademy.net/prweb/api/CodeIntelligence/v1/rules/query?pxObjClass=Rule-HTML-Section&appliesTo=Rule-Connect-REST&pyRuleName=pyService&RequestClass=Rule-HTML-Section&RequestAppliesTo=Rule-Connect-REST&RequestRuleName=pyService Payload: "{\"RequestClass\":\"Rule-HTML-Section\",\"RequestAppliesTo\":\"Rule-Connect-REST\",\"RequestRuleName\":\"pyService\"}" => HTTP 200 (466748 bytes)
[PegaHttpClient] 📡 POST https://zdk8budo.pegaacademy.net/prweb/api/CodeIntelligence/v1/rules/query?pxObjClass=Rule-HTML-Section&appliesTo=Rule-Connect-REST&pyRuleName=pyMethods&RequestClass=Rule-HTML-Section&RequestAppliesTo=Rule-Connect-REST&RequestRuleName=pyMethods Payload: "{\"RequestClass\":\"Rule-HTML-Section\",\"RequestAppliesTo\":\"Rule-Connect-REST\",\"RequestRuleName\":\"pyMethods\"}" => HTTP 200 (79264 bytes)
[PegaHttpClient] 📡 POST https://zdk8budo.pegaacademy.net/prweb/api/CodeIntelligence/v1/rules/query?pxObjClass=Rule-HTML-Section&appliesTo=Rule-Connect-REST&pyRuleName=pzParametersAdvConf&RequestClass=Rule-HTML-Section&RequestAppliesTo=Rule-Connect-REST&RequestRuleName=pzParametersAdvConf Payload: "{\"RequestClass\":\"Rule-HTML-Section\",\"RequestAppliesTo\":\"Rule-Connect-REST\",\"RequestRuleName\":\"pzParametersAdvConf\"}" => HTTP 200 (127328 bytes)
[PegaHttpClient] 📡 POST https://zdk8budo.pegaacademy.net/prweb/api/CodeIntelligence/v1/rules/query?pxObjClass=Rule-HTML-Section&appliesTo=Rule-Connect-REST&pyRuleName=pzSpecifications&RequestClass=Rule-HTML-Section&RequestAppliesTo=Rule-Connect-REST&RequestRuleName=pzSpecifications Payload: "{\"RequestClass\":\"Rule-HTML-Section\",\"RequestAppliesTo\":\"Rule-Connect-REST\",\"RequestRuleName\":\"pzSpecifications\"}" => HTTP 200 (16577 bytes)
[PegaHttpClient] 📡 POST https://zdk8budo.pegaacademy.net/prweb/api/CodeIntelligence/v1/rules/query?pxObjClass=Rule-HTML-Section&appliesTo=Rule-Connect-REST&pyRuleName=RuleFormHistory&RequestClass=Rule-HTML-Section&RequestAppliesTo=Rule-Connect-REST&RequestRuleName=RuleFormHistory Payload: "{\"RequestClass\":\"Rule-HTML-Section\",\"RequestAppliesTo\":\"Rule-Connect-REST\",\"RequestRuleName\":\"RuleFormHistory\"}" => HTTP 200 (76091 bytes)
[PegaHttpClient] 📡 POST https://zdk8budo.pegaacademy.net/prweb/api/CodeIntelligence/v1/rules/query?pxObjClass=Rule-HTML-Section&appliesTo=Rule-Connect-REST&pyRuleName=pzCustomHelp&RequestClass=Rule-HTML-Section&RequestAppliesTo=Rule-Connect-REST&RequestRuleName=pzCustomHelp Payload: "{\"RequestClass\":\"Rule-HTML-Section\",\"RequestAppliesTo\":\"Rule-Connect-REST\",\"RequestRuleName\":\"pzCustomHelp\"}" => HTTP 200 (31573 bytes)
[PegaHttpClient] 📡 POST https://zdk8budo.pegaacademy.net/prweb/api/CodeIntelligence/v1/rules/query?pxObjClass=Rule-HTML-Section&appliesTo=Rule-Connect-REST&pyRuleName=pzRuleFormKeysAndDescription&RequestClass=Rule-HTML-Section&RequestAppliesTo=Rule-Connect-REST&RequestRuleName=pzRuleFormKeysAndDescription Payload: "{\"RequestClass\":\"Rule-HTML-Section\",\"RequestAppliesTo\":\"Rule-Connect-REST\",\"RequestRuleName\":\"pzRuleFormKeysAndDescription\"}" => HTTP 200 (218057 bytes)
[PegaHttpClient] 📡 POST https://zdk8budo.pegaacademy.net/prweb/api/CodeIntelligence/v1/rules/query?pxObjClass=Rule-HTML-Section&appliesTo=Rule-Connect-REST&pyRuleName=pzRuleFormRuleset&RequestClass=Rule-HTML-Section&RequestAppliesTo=Rule-Connect-REST&RequestRuleName=pzRuleFormRuleset Payload: "{\"RequestClass\":\"Rule-HTML-Section\",\"RequestAppliesTo\":\"Rule-Connect-REST\",\"RequestRuleName\":\"pzRuleFormRuleset\"}" => HTTP 200 (33985 bytes)
[PegaHttpClient] 📡 POST https://zdk8budo.pegaacademy.net/prweb/api/CodeIntelligence/v1/rules/query?pxObjClass=Rule-HTML-Section&appliesTo=Rule-Connect-REST&pyRuleName=undefined&RequestClass=Rule-HTML-Section&RequestAppliesTo=Rule-Connect-REST&RequestRuleName=undefined Payload: "{\"RequestClass\":\"Rule-HTML-Section\",\"RequestAppliesTo\":\"Rule-Connect-REST\",\"RequestRuleName\":\"undefined\"}" => HTTP 404 (104 bytes)
[PegaHttpClient] 📡 POST https://zdk8budo.pegaacademy.net/prweb/PRRestService/CodeIntelligence/v1/rules/query?pxObjClass=Rule-HTML-Section&appliesTo=Rule-Connect-REST&pyRuleName=undefined&RequestClass=Rule-HTML-Section&RequestAppliesTo=Rule-Connect-REST&RequestRuleName=undefined Payload: "{\"RequestClass\":\"Rule-HTML-Section\",\"RequestAppliesTo\":\"Rule-Connect-REST\",\"RequestRuleName\":\"undefined\"}" => HTTP 404 (104 bytes)
[PegaHttpClient] 📡 POST https://zdk8budo.pegaacademy.net/prweb/api/HRAppsV2Service/V1/rules/query?pxObjClass=Rule-HTML-Section&appliesTo=Rule-Connect-REST&pyRuleName=undefined&RequestClass=Rule-HTML-Section&RequestAppliesTo=Rule-Connect-REST&RequestRuleName=undefined Payload: "{\"RequestClass\":\"Rule-HTML-Section\",\"RequestAppliesTo\":\"Rule-Connect-REST\",\"RequestRuleName\":\"undefined\"}" => HTTP 404 (18 bytes)
[PegaHttpClient] 📡 POST https://zdk8budo.pegaacademy.net/prweb/PRRestService/HRAppsV2Service/V1/rules/query?pxObjClass=Rule-HTML-Section&appliesTo=Rule-Connect-REST&pyRuleName=undefined&RequestClass=Rule-HTML-Section&RequestAppliesTo=Rule-Connect-REST&RequestRuleName=undefined Payload: "{\"RequestClass\":\"Rule-HTML-Section\",\"RequestAppliesTo\":\"Rule-Connect-REST\",\"RequestRuleName\":\"undefined\"}" => HTTP 404 (18 bytes)
[PegaHttpClient] 📡 POST https://zdk8budo.pegaacademy.net/prweb/api/HRAppsV2/V1/rules/query?pxObjClass=Rule-HTML-Section&appliesTo=Rule-Connect-REST&pyRuleName=undefined&RequestClass=Rule-HTML-Section&RequestAppliesTo=Rule-Connect-REST&RequestRuleName=undefined Payload: "{\"RequestClass\":\"Rule-HTML-Section\",\"RequestAppliesTo\":\"Rule-Connect-REST\",\"RequestRuleName\":\"undefined\"}" => HTTP 404 (18 bytes)
[PegaHttpClient] 📡 POST https://zdk8budo.pegaacademy.net/prweb/PRRestService/HRAppsV2/V1/rules/query?pxObjClass=Rule-HTML-Section&appliesTo=Rule-Connect-REST&pyRuleName=undefined&RequestClass=Rule-HTML-Section&RequestAppliesTo=Rule-Connect-REST&RequestRuleName=undefined Payload: "{\"RequestClass\":\"Rule-HTML-Section\",\"RequestAppliesTo\":\"Rule-Connect-REST\",\"RequestRuleName\":\"undefined\"}" => HTTP 404 (18 bytes)
[PegaHttpClient] 📡 POST https://zdk8budo.pegaacademy.net/prweb/api/v1/rules/query?pxObjClass=Rule-HTML-Section&appliesTo=Rule-Connect-REST&pyRuleName=undefined&RequestClass=Rule-HTML-Section&RequestAppliesTo=Rule-Connect-REST&RequestRuleName=undefined Payload: "{\"RequestClass\":\"Rule-HTML-Section\",\"RequestAppliesTo\":\"Rule-Connect-REST\",\"RequestRuleName\":\"undefined\"}" => HTTP 404 (18 bytes)
[PegaHttpClient] 📡 POST https://zdk8budo.pegaacademy.net/prweb/PRRestService/v1/rules/query?pxObjClass=Rule-HTML-Section&appliesTo=Rule-Connect-REST&pyRuleName=undefined&RequestClass=Rule-HTML-Section&RequestAppliesTo=Rule-Connect-REST&RequestRuleName=undefined Payload: "{\"RequestClass\":\"Rule-HTML-Section\",\"RequestAppliesTo\":\"Rule-Connect-REST\",\"RequestRuleName\":\"undefined\"}" => HTTP 404 (18 bytes)
[PegaHttpClient] 📡 POST https://zdk8budo.pegaacademy.net/prweb/api/CodeIntelligence/v1/rules/query?pxObjClass=Rule-HTML-Section&appliesTo=Rule-Connect-REST&pyRuleName=pzRuleFormToolbar&RequestClass=Rule-HTML-Section&RequestAppliesTo=Rule-Connect-REST&RequestRuleName=pzRuleFormToolbar Payload: "{\"RequestClass\":\"Rule-HTML-Section\",\"RequestAppliesTo\":\"Rule-Connect-REST\",\"RequestRuleName\":\"pzRuleFormToolbar\"}" => HTTP 200 (242691 bytes)
[PegaHttpClient] 📡 POST https://zdk8budo.pegaacademy.net/prweb/api/CodeIntelligence/v1/rules/query?pxObjClass=Rule-HTML-Section&appliesTo=Rule-Connect-REST&pyRuleName=pzRuleFormToolbarCompare&RequestClass=Rule-HTML-Section&RequestAppliesTo=Rule-Connect-REST&RequestRuleName=pzRuleFormToolbarCompare Payload: "{\"RequestClass\":\"Rule-HTML-Section\",\"RequestAppliesTo\":\"Rule-Connect-REST\",\"RequestRuleName\":\"pzRuleFormToolbarCompare\"}" => HTTP 200 (61925 bytes)
[PegaHttpClient] 📡 POST https://zdk8budo.pegaacademy.net/prweb/api/CodeIntelligence/v1/rules/query?pxObjClass=Rule-HTML-Section&appliesTo=Rule-Connect-REST&pyRuleName=RuleFormHeaderMessages&RequestClass=Rule-HTML-Section&RequestAppliesTo=Rule-Connect-REST&RequestRuleName=RuleFormHeaderMessages Payload: "{\"RequestClass\":\"Rule-HTML-Section\",\"RequestAppliesTo\":\"Rule-Connect-REST\",\"RequestRuleName\":\"RuleFormHeaderMessages\"}" => HTTP 200 (26518 bytes)
[PegaHttpClient] 📡 POST https://zdk8budo.pegaacademy.net/prweb/api/CodeIntelligence/v1/rules/query?pxObjClass=Rule-HTML-Section&appliesTo=Rule-Connect-REST&pyRuleName=pxHelpSnippetGadget&RequestClass=Rule-HTML-Section&RequestAppliesTo=Rule-Connect-REST&RequestRuleName=pxHelpSnippetGadget Payload: "{\"RequestClass\":\"Rule-HTML-Section\",\"RequestAppliesTo\":\"Rule-Connect-REST\",\"RequestRuleName\":\"pxHelpSnippetGadget\"}" => HTTP 200 (32934 bytes)
[PegaHttpClient] 📡 POST https://zdk8budo.pegaacademy.net/prweb/api/CodeIntelligence/v1/rules/query?pxObjClass=Rule-HTML-Section&appliesTo=Rule-Connect-REST&pyRuleName=pzEmbededURL&RequestClass=Rule-HTML-Section&RequestAppliesTo=Rule-Connect-REST&RequestRuleName=pzEmbededURL Payload: "{\"RequestClass\":\"Rule-HTML-Section\",\"RequestAppliesTo\":\"Rule-Connect-REST\",\"RequestRuleName\":\"pzEmbededURL\"}" => HTTP 404 (107 bytes)
[PegaHttpClient] 📡 POST https://zdk8budo.pegaacademy.net/prweb/PRRestService/CodeIntelligence/v1/rules/query?pxObjClass=Rule-HTML-Section&appliesTo=Rule-Connect-REST&pyRuleName=pzEmbededURL&RequestClass=Rule-HTML-Section&RequestAppliesTo=Rule-Connect-REST&RequestRuleName=pzEmbededURL Payload: "{\"RequestClass\":\"Rule-HTML-Section\",\"RequestAppliesTo\":\"Rule-Connect-REST\",\"RequestRuleName\":\"pzEmbededURL\"}" => HTTP 404 (107 bytes)
[PegaHttpClient] 📡 POST https://zdk8budo.pegaacademy.net/prweb/api/HRAppsV2Service/V1/rules/query?pxObjClass=Rule-HTML-Section&appliesTo=Rule-Connect-REST&pyRuleName=pzEmbededURL&RequestClass=Rule-HTML-Section&RequestAppliesTo=Rule-Connect-REST&RequestRuleName=pzEmbededURL Payload: "{\"RequestClass\":\"Rule-HTML-Section\",\"RequestAppliesTo\":\"Rule-Connect-REST\",\"RequestRuleName\":\"pzEmbededURL\"}" => HTTP 404 (18 bytes)
[PegaHttpClient] 📡 POST https://zdk8budo.pegaacademy.net/prweb/PRRestService/HRAppsV2Service/V1/rules/query?pxObjClass=Rule-HTML-Section&appliesTo=Rule-Connect-REST&pyRuleName=pzEmbededURL&RequestClass=Rule-HTML-Section&RequestAppliesTo=Rule-Connect-REST&RequestRuleName=pzEmbededURL Payload: "{\"RequestClass\":\"Rule-HTML-Section\",\"RequestAppliesTo\":\"Rule-Connect-REST\",\"RequestRuleName\":\"pzEmbededURL\"}" => HTTP 404 (18 bytes)
[PegaHttpClient] 📡 POST https://zdk8budo.pegaacademy.net/prweb/api/HRAppsV2/V1/rules/query?pxObjClass=Rule-HTML-Section&appliesTo=Rule-Connect-REST&pyRuleName=pzEmbededURL&RequestClass=Rule-HTML-Section&RequestAppliesTo=Rule-Connect-REST&RequestRuleName=pzEmbededURL Payload: "{\"RequestClass\":\"Rule-HTML-Section\",\"RequestAppliesTo\":\"Rule-Connect-REST\",\"RequestRuleName\":\"pzEmbededURL\"}" => HTTP 404 (18 bytes)
[PegaHttpClient] 📡 POST https://zdk8budo.pegaacademy.net/prweb/PRRestService/HRAppsV2/V1/rules/query?pxObjClass=Rule-HTML-Section&appliesTo=Rule-Connect-REST&pyRuleName=pzEmbededURL&RequestClass=Rule-HTML-Section&RequestAppliesTo=Rule-Connect-REST&RequestRuleName=pzEmbededURL Payload: "{\"RequestClass\":\"Rule-HTML-Section\",\"RequestAppliesTo\":\"Rule-Connect-REST\",\"RequestRuleName\":\"pzEmbededURL\"}" => HTTP 404 (18 bytes)
[PegaHttpClient] 📡 POST https://zdk8budo.pegaacademy.net/prweb/api/v1/rules/query?pxObjClass=Rule-HTML-Section&appliesTo=Rule-Connect-REST&pyRuleName=pzEmbededURL&RequestClass=Rule-HTML-Section&RequestAppliesTo=Rule-Connect-REST&RequestRuleName=pzEmbededURL Payload: "{\"RequestClass\":\"Rule-HTML-Section\",\"RequestAppliesTo\":\"Rule-Connect-REST\",\"RequestRuleName\":\"pzEmbededURL\"}" => HTTP 404 (18 bytes)
[PegaHttpClient] 📡 POST https://zdk8budo.pegaacademy.net/prweb/PRRestService/v1/rules/query?pxObjClass=Rule-HTML-Section&appliesTo=Rule-Connect-REST&pyRuleName=pzEmbededURL&RequestClass=Rule-HTML-Section&RequestAppliesTo=Rule-Connect-REST&RequestRuleName=pzEmbededURL Payload: "{\"RequestClass\":\"Rule-HTML-Section\",\"RequestAppliesTo\":\"Rule-Connect-REST\",\"RequestRuleName\":\"pzEmbededURL\"}" => HTTP 404 (18 bytes)
[PegaHttpClient] 📡 POST https://zdk8budo.pegaacademy.net/prweb/api/CodeIntelligence/v1/rules/query?pxObjClass=Rule-HTML-Section&appliesTo=Rule-Connect-REST&pyRuleName=pyResourceProperties&RequestClass=Rule-HTML-Section&RequestAppliesTo=Rule-Connect-REST&RequestRuleName=pyResourceProperties Payload: "{\"RequestClass\":\"Rule-HTML-Section\",\"RequestAppliesTo\":\"Rule-Connect-REST\",\"RequestRuleName\":\"pyResourceProperties\"}" => HTTP 200 (65178 bytes)
[PegaHttpClient] 📡 POST https://zdk8budo.pegaacademy.net/prweb/api/CodeIntelligence/v1/rules/query?pxObjClass=Rule-HTML-Section&appliesTo=Rule-Connect-REST&pyRuleName=pzConnectorSystem&RequestClass=Rule-HTML-Section&RequestAppliesTo=Rule-Connect-REST&RequestRuleName=pzConnectorSystem Payload: "{\"RequestClass\":\"Rule-HTML-Section\",\"RequestAppliesTo\":\"Rule-Connect-REST\",\"RequestRuleName\":\"pzConnectorSystem\"}" => HTTP 200 (47682 bytes)
[PegaHttpClient] 📡 POST https://zdk8budo.pegaacademy.net/prweb/api/CodeIntelligence/v1/rules/query?pxObjClass=Rule-HTML-Section&appliesTo=Rule-Connect-REST&pyRuleName=AuthConfig&RequestClass=Rule-HTML-Section&RequestAppliesTo=Rule-Connect-REST&RequestRuleName=AuthConfig Payload: "{\"RequestClass\":\"Rule-HTML-Section\",\"RequestAppliesTo\":\"Rule-Connect-REST\",\"RequestRuleName\":\"AuthConfig\"}" => HTTP 200 (97366 bytes)
[PegaHttpClient] 📡 POST https://zdk8budo.pegaacademy.net/prweb/api/CodeIntelligence/v1/rules/query?pxObjClass=Rule-HTML-Section&appliesTo=Rule-Connect-REST&pyRuleName=pzSSLConfiguration&RequestClass=Rule-HTML-Section&RequestAppliesTo=Rule-Connect-REST&RequestRuleName=pzSSLConfiguration Payload: "{\"RequestClass\":\"Rule-HTML-Section\",\"RequestAppliesTo\":\"Rule-Connect-REST\",\"RequestRuleName\":\"pzSSLConfiguration\"}" => HTTP 200 (29594 bytes)
[PegaHttpClient] 📡 POST https://zdk8budo.pegaacademy.net/prweb/api/CodeIntelligence/v1/rules/query?pxObjClass=Rule-HTML-Section&appliesTo=Rule-Connect-REST&pyRuleName=pzSecuritySettings&RequestClass=Rule-HTML-Section&RequestAppliesTo=Rule-Connect-REST&RequestRuleName=pzSecuritySettings Payload: "{\"RequestClass\":\"Rule-HTML-Section\",\"RequestAppliesTo\":\"Rule-Connect-REST\",\"RequestRuleName\":\"pzSecuritySettings\"}" => HTTP 200 (24819 bytes)
[PegaHttpClient] 📡 POST https://zdk8budo.pegaacademy.net/prweb/api/CodeIntelligence/v1/rules/query?pxObjClass=Rule-HTML-Section&appliesTo=Rule-Connect-REST&pyRuleName=pyConnectorProxyConfiguration&RequestClass=Rule-HTML-Section&RequestAppliesTo=Rule-Connect-REST&RequestRuleName=pyConnectorProxyConfiguration Payload: "{\"RequestClass\":\"Rule-HTML-Section\",\"RequestAppliesTo\":\"Rule-Connect-REST\",\"RequestRuleName\":\"pyConnectorProxyConfiguration\"}" => HTTP 404 (124 bytes)
[PegaHttpClient] 📡 POST https://zdk8budo.pegaacademy.net/prweb/PRRestService/CodeIntelligence/v1/rules/query?pxObjClass=Rule-HTML-Section&appliesTo=Rule-Connect-REST&pyRuleName=pyConnectorProxyConfiguration&RequestClass=Rule-HTML-Section&RequestAppliesTo=Rule-Connect-REST&RequestRuleName=pyConnectorProxyConfiguration Payload: "{\"RequestClass\":\"Rule-HTML-Section\",\"RequestAppliesTo\":\"Rule-Connect-REST\",\"RequestRuleName\":\"pyConnectorProxyConfiguration\"}" => HTTP 404 (124 bytes)
[PegaHttpClient] 📡 POST https://zdk8budo.pegaacademy.net/prweb/api/HRAppsV2Service/V1/rules/query?pxObjClass=Rule-HTML-Section&appliesTo=Rule-Connect-REST&pyRuleName=pyConnectorProxyConfiguration&RequestClass=Rule-HTML-Section&RequestAppliesTo=Rule-Connect-REST&RequestRuleName=pyConnectorProxyConfiguration Payload: "{\"RequestClass\":\"Rule-HTML-Section\",\"RequestAppliesTo\":\"Rule-Connect-REST\",\"RequestRuleName\":\"pyConnectorProxyConfiguration\"}" => HTTP 404 (18 bytes)
[PegaHttpClient] 📡 POST https://zdk8budo.pegaacademy.net/prweb/PRRestService/HRAppsV2Service/V1/rules/query?pxObjClass=Rule-HTML-Section&appliesTo=Rule-Connect-REST&pyRuleName=pyConnectorProxyConfiguration&RequestClass=Rule-HTML-Section&RequestAppliesTo=Rule-Connect-REST&RequestRuleName=pyConnectorProxyConfiguration Payload: "{\"RequestClass\":\"Rule-HTML-Section\",\"RequestAppliesTo\":\"Rule-Connect-REST\",\"RequestRuleName\":\"pyConnectorProxyConfiguration\"}" => HTTP 404 (18 bytes)
[PegaHttpClient] 📡 POST https://zdk8budo.pegaacademy.net/prweb/api/HRAppsV2/V1/rules/query?pxObjClass=Rule-HTML-Section&appliesTo=Rule-Connect-REST&pyRuleName=pyConnectorProxyConfiguration&RequestClass=Rule-HTML-Section&RequestAppliesTo=Rule-Connect-REST&RequestRuleName=pyConnectorProxyConfiguration Payload: "{\"RequestClass\":\"Rule-HTML-Section\",\"RequestAppliesTo\":\"Rule-Connect-REST\",\"RequestRuleName\":\"pyConnectorProxyConfiguration\"}" => HTTP 404 (18 bytes)
[PegaHttpClient] 📡 POST https://zdk8budo.pegaacademy.net/prweb/PRRestService/HRAppsV2/V1/rules/query?pxObjClass=Rule-HTML-Section&appliesTo=Rule-Connect-REST&pyRuleName=pyConnectorProxyConfiguration&RequestClass=Rule-HTML-Section&RequestAppliesTo=Rule-Connect-REST&RequestRuleName=pyConnectorProxyConfiguration Payload: "{\"RequestClass\":\"Rule-HTML-Section\",\"RequestAppliesTo\":\"Rule-Connect-REST\",\"RequestRuleName\":\"pyConnectorProxyConfiguration\"}" => HTTP 404 (18 bytes)
[PegaHttpClient] 📡 POST https://zdk8budo.pegaacademy.net/prweb/api/v1/rules/query?pxObjClass=Rule-HTML-Section&appliesTo=Rule-Connect-REST&pyRuleName=pyConnectorProxyConfiguration&RequestClass=Rule-HTML-Section&RequestAppliesTo=Rule-Connect-REST&RequestRuleName=pyConnectorProxyConfiguration Payload: "{\"RequestClass\":\"Rule-HTML-Section\",\"RequestAppliesTo\":\"Rule-Connect-REST\",\"RequestRuleName\":\"pyConnectorProxyConfiguration\"}" => HTTP 404 (18 bytes)
[PegaHttpClient] 📡 POST https://zdk8budo.pegaacademy.net/prweb/PRRestService/v1/rules/query?pxObjClass=Rule-HTML-Section&appliesTo=Rule-Connect-REST&pyRuleName=pyConnectorProxyConfiguration&RequestClass=Rule-HTML-Section&RequestAppliesTo=Rule-Connect-REST&RequestRuleName=pyConnectorProxyConfiguration Payload: "{\"RequestClass\":\"Rule-HTML-Section\",\"RequestAppliesTo\":\"Rule-Connect-REST\",\"RequestRuleName\":\"pyConnectorProxyConfiguration\"}" => HTTP 404 (18 bytes)
[PegaHttpClient] 📡 POST https://zdk8budo.pegaacademy.net/prweb/api/CodeIntelligence/v1/rules/query?pxObjClass=Rule-HTML-Section&appliesTo=Rule-Connect-REST&pyRuleName=pzErrorHandling&RequestClass=Rule-HTML-Section&RequestAppliesTo=Rule-Connect-REST&RequestRuleName=pzErrorHandling Payload: "{\"RequestClass\":\"Rule-HTML-Section\",\"RequestAppliesTo\":\"Rule-Connect-REST\",\"RequestRuleName\":\"pzErrorHandling\"}" => HTTP 200 (32207 bytes)
[PegaHttpClient] 📡 POST https://zdk8budo.pegaacademy.net/prweb/api/CodeIntelligence/v1/rules/query?pxObjClass=Rule-HTML-Section&appliesTo=Rule-Connect-REST&pyRuleName=pzProcessingOptions&RequestClass=Rule-HTML-Section&RequestAppliesTo=Rule-Connect-REST&RequestRuleName=pzProcessingOptions Payload: "{\"RequestClass\":\"Rule-HTML-Section\",\"RequestAppliesTo\":\"Rule-Connect-REST\",\"RequestRuleName\":\"pzProcessingOptions\"}" => HTTP 200 (35296 bytes)
[PegaHttpClient] 📡 POST https://zdk8budo.pegaacademy.net/prweb/api/CodeIntelligence/v1/rules/query?pxObjClass=Rule-HTML-Section&appliesTo=Rule-Connect-REST&pyRuleName=pzSimulationDetails&RequestClass=Rule-HTML-Section&RequestAppliesTo=Rule-Connect-REST&RequestRuleName=pzSimulationDetails Payload: "{\"RequestClass\":\"Rule-HTML-Section\",\"RequestAppliesTo\":\"Rule-Connect-REST\",\"RequestRuleName\":\"pzSimulationDetails\"}" => HTTP 200 (23151 bytes)
[PegaHttpClient] 📡 POST https://zdk8budo.pegaacademy.net/prweb/api/CodeIntelligence/v1/rules/query?pxObjClass=Rule-HTML-Section&appliesTo=Rule-Connect-REST&pyRuleName=pzSimulationButton&RequestClass=Rule-HTML-Section&RequestAppliesTo=Rule-Connect-REST&RequestRuleName=pzSimulationButton Payload: "{\"RequestClass\":\"Rule-HTML-Section\",\"RequestAppliesTo\":\"Rule-Connect-REST\",\"RequestRuleName\":\"pzSimulationButton\"}" => HTTP 200 (21583 bytes)
[PegaHttpClient] 📡 POST https://zdk8budo.pegaacademy.net/prweb/api/CodeIntelligence/v1/rules/query?pxObjClass=Rule-HTML-Section&appliesTo=Rule-Connect-REST&pyRuleName=pyGET&RequestClass=Rule-HTML-Section&RequestAppliesTo=Rule-Connect-REST&RequestRuleName=pyGET Payload: "{\"RequestClass\":\"Rule-HTML-Section\",\"RequestAppliesTo\":\"Rule-Connect-REST\",\"RequestRuleName\":\"pyGET\"}" => HTTP 200 (50807 bytes)
[PegaHttpClient] 📡 POST https://zdk8budo.pegaacademy.net/prweb/api/CodeIntelligence/v1/rules/query?pxObjClass=Rule-HTML-Section&appliesTo=Rule-Connect-REST&pyRuleName=pyPOST&RequestClass=Rule-HTML-Section&RequestAppliesTo=Rule-Connect-REST&RequestRuleName=pyPOST Payload: "{\"RequestClass\":\"Rule-HTML-Section\",\"RequestAppliesTo\":\"Rule-Connect-REST\",\"RequestRuleName\":\"pyPOST\"}" => HTTP 200 (50864 bytes)
[PegaHttpClient] 📡 POST https://zdk8budo.pegaacademy.net/prweb/api/CodeIntelligence/v1/rules/query?pxObjClass=Rule-HTML-Section&appliesTo=Rule-Connect-REST&pyRuleName=pyPUT&RequestClass=Rule-HTML-Section&RequestAppliesTo=Rule-Connect-REST&RequestRuleName=pyPUT Payload: "{\"RequestClass\":\"Rule-HTML-Section\",\"RequestAppliesTo\":\"Rule-Connect-REST\",\"RequestRuleName\":\"pyPUT\"}" => HTTP 200 (36181 bytes)
[PegaHttpClient] 📡 POST https://zdk8budo.pegaacademy.net/prweb/api/CodeIntelligence/v1/rules/query?pxObjClass=Rule-HTML-Section&appliesTo=Rule-Connect-REST&pyRuleName=pyPATCH&RequestClass=Rule-HTML-Section&RequestAppliesTo=Rule-Connect-REST&RequestRuleName=pyPATCH Payload: "{\"RequestClass\":\"Rule-HTML-Section\",\"RequestAppliesTo\":\"Rule-Connect-REST\",\"RequestRuleName\":\"pyPATCH\"}" => HTTP 200 (36319 bytes)
[PegaHttpClient] 📡 POST https://zdk8budo.pegaacademy.net/prweb/api/CodeIntelligence/v1/rules/query?pxObjClass=Rule-HTML-Section&appliesTo=Rule-Connect-REST&pyRuleName=pyDELETE&RequestClass=Rule-HTML-Section&RequestAppliesTo=Rule-Connect-REST&RequestRuleName=pyDELETE Payload: "{\"RequestClass\":\"Rule-HTML-Section\",\"RequestAppliesTo\":\"Rule-Connect-REST\",\"RequestRuleName\":\"pyDELETE\"}" => HTTP 200 (36356 bytes)
[PegaHttpClient] 📡 POST https://zdk8budo.pegaacademy.net/prweb/api/CodeIntelligence/v1/rules/query?pxObjClass=Rule-HTML-Section&appliesTo=Rule-Connect-REST&pyRuleName=pzSpecificationsInner&RequestClass=Rule-HTML-Section&RequestAppliesTo=Rule-Connect-REST&RequestRuleName=pzSpecificationsInner Payload: "{\"RequestClass\":\"Rule-HTML-Section\",\"RequestAppliesTo\":\"Rule-Connect-REST\",\"RequestRuleName\":\"pzSpecificationsInner\"}" => HTTP 200 (142370 bytes)
[PegaHttpClient] 📡 POST https://zdk8budo.pegaacademy.net/prweb/api/CodeIntelligence/v1/rules/query?pxObjClass=Rule-HTML-Section&appliesTo=Rule-Connect-REST&pyRuleName=pzAlternateRuleInfo&RequestClass=Rule-HTML-Section&RequestAppliesTo=Rule-Connect-REST&RequestRuleName=pzAlternateRuleInfo Payload: "{\"RequestClass\":\"Rule-HTML-Section\",\"RequestAppliesTo\":\"Rule-Connect-REST\",\"RequestRuleName\":\"pzAlternateRuleInfo\"}" => HTTP 200 (140407 bytes)
[PegaHttpClient] 📡 POST https://zdk8budo.pegaacademy.net/prweb/api/CodeIntelligence/v1/rules/query?pxObjClass=Rule-HTML-Section&appliesTo=Rule-Connect-REST&pyRuleName=RuleFormHistory_Description&RequestClass=Rule-HTML-Section&RequestAppliesTo=Rule-Connect-REST&RequestRuleName=RuleFormHistory_Description Payload: "{\"RequestClass\":\"Rule-HTML-Section\",\"RequestAppliesTo\":\"Rule-Connect-REST\",\"RequestRuleName\":\"RuleFormHistory_Description\"}" => HTTP 200 (46242 bytes)
[PegaHttpClient] 📡 POST https://zdk8budo.pegaacademy.net/prweb/api/CodeIntelligence/v1/rules/query?pxObjClass=Rule-HTML-Section&appliesTo=Rule-Connect-REST&pyRuleName=RuleFormHistory_CustomFields&RequestClass=Rule-HTML-Section&RequestAppliesTo=Rule-Connect-REST&RequestRuleName=RuleFormHistory_CustomFields Payload: "{\"RequestClass\":\"Rule-HTML-Section\",\"RequestAppliesTo\":\"Rule-Connect-REST\",\"RequestRuleName\":\"RuleFormHistory_CustomFields\"}" => HTTP 200 (75856 bytes)
[PegaHttpClient] 📡 POST https://zdk8budo.pegaacademy.net/prweb/api/CodeIntelligence/v1/rules/query?pxObjClass=Rule-HTML-Section&appliesTo=Rule-Connect-REST&pyRuleName=RuleFormHistory_HistoryDetails&RequestClass=Rule-HTML-Section&RequestAppliesTo=Rule-Connect-REST&RequestRuleName=RuleFormHistory_HistoryDetails Payload: "{\"RequestClass\":\"Rule-HTML-Section\",\"RequestAppliesTo\":\"Rule-Connect-REST\",\"RequestRuleName\":\"RuleFormHistory_HistoryDetails\"}" => HTTP 200 (179535 bytes)
[PegaHttpClient] 📡 POST https://zdk8budo.pegaacademy.net/prweb/api/CodeIntelligence/v1/rules/query?pxObjClass=Rule-HTML-Section&appliesTo=Rule-Connect-REST&pyRuleName=pzRuleFormStatus&RequestClass=Rule-HTML-Section&RequestAppliesTo=Rule-Connect-REST&RequestRuleName=pzRuleFormStatus Payload: "{\"RequestClass\":\"Rule-HTML-Section\",\"RequestAppliesTo\":\"Rule-Connect-REST\",\"RequestRuleName\":\"pzRuleFormStatus\"}" => HTTP 200 (97627 bytes)
[PegaHttpClient] 📡 POST https://zdk8budo.pegaacademy.net/prweb/api/CodeIntelligence/v1/rules/query?pxObjClass=Rule-HTML-Section&appliesTo=Rule-Connect-REST&pyRuleName=pzRuleFormHeaderCompareWithDropDown&RequestClass=Rule-HTML-Section&RequestAppliesTo=Rule-Connect-REST&RequestRuleName=pzRuleFormHeaderCompareWithDropDown Payload: "{\"RequestClass\":\"Rule-HTML-Section\",\"RequestAppliesTo\":\"Rule-Connect-REST\",\"RequestRuleName\":\"pzRuleFormHeaderCompareWithDropDown\"}" => HTTP 200 (25396 bytes)
[PegaHttpClient] 📡 POST https://zdk8budo.pegaacademy.net/prweb/api/CodeIntelligence/v1/rules/query?pxObjClass=Rule-HTML-Section&appliesTo=Rule-Connect-REST&pyRuleName=undefined&RequestClass=Rule-HTML-Section&RequestAppliesTo=Rule-Connect-REST&RequestRuleName=undefined Payload: "{\"RequestClass\":\"Rule-HTML-Section\",\"RequestAppliesTo\":\"Rule-Connect-REST\",\"RequestRuleName\":\"undefined\"}" => HTTP 404 (104 bytes)
[PegaHttpClient] 📡 POST https://zdk8budo.pegaacademy.net/prweb/PRRestService/CodeIntelligence/v1/rules/query?pxObjClass=Rule-HTML-Section&appliesTo=Rule-Connect-REST&pyRuleName=undefined&RequestClass=Rule-HTML-Section&RequestAppliesTo=Rule-Connect-REST&RequestRuleName=undefined Payload: "{\"RequestClass\":\"Rule-HTML-Section\",\"RequestAppliesTo\":\"Rule-Connect-REST\",\"RequestRuleName\":\"undefined\"}" => HTTP 404 (104 bytes)
[PegaHttpClient] 📡 POST https://zdk8budo.pegaacademy.net/prweb/api/HRAppsV2Service/V1/rules/query?pxObjClass=Rule-HTML-Section&appliesTo=Rule-Connect-REST&pyRuleName=undefined&RequestClass=Rule-HTML-Section&RequestAppliesTo=Rule-Connect-REST&RequestRuleName=undefined Payload: "{\"RequestClass\":\"Rule-HTML-Section\",\"RequestAppliesTo\":\"Rule-Connect-REST\",\"RequestRuleName\":\"undefined\"}" => HTTP 404 (18 bytes)
[PegaHttpClient] 📡 POST https://zdk8budo.pegaacademy.net/prweb/PRRestService/HRAppsV2Service/V1/rules/query?pxObjClass=Rule-HTML-Section&appliesTo=Rule-Connect-REST&pyRuleName=undefined&RequestClass=Rule-HTML-Section&RequestAppliesTo=Rule-Connect-REST&RequestRuleName=undefined Payload: "{\"RequestClass\":\"Rule-HTML-Section\",\"RequestAppliesTo\":\"Rule-Connect-REST\",\"RequestRuleName\":\"undefined\"}" => HTTP 404 (18 bytes)
[PegaHttpClient] 📡 POST https://zdk8budo.pegaacademy.net/prweb/api/HRAppsV2/V1/rules/query?pxObjClass=Rule-HTML-Section&appliesTo=Rule-Connect-REST&pyRuleName=undefined&RequestClass=Rule-HTML-Section&RequestAppliesTo=Rule-Connect-REST&RequestRuleName=undefined Payload: "{\"RequestClass\":\"Rule-HTML-Section\",\"RequestAppliesTo\":\"Rule-Connect-REST\",\"RequestRuleName\":\"undefined\"}" => HTTP 404 (18 bytes)
[PegaHttpClient] 📡 POST https://zdk8budo.pegaacademy.net/prweb/PRRestService/HRAppsV2/V1/rules/query?pxObjClass=Rule-HTML-Section&appliesTo=Rule-Connect-REST&pyRuleName=undefined&RequestClass=Rule-HTML-Section&RequestAppliesTo=Rule-Connect-REST&RequestRuleName=undefined Payload: "{\"RequestClass\":\"Rule-HTML-Section\",\"RequestAppliesTo\":\"Rule-Connect-REST\",\"RequestRuleName\":\"undefined\"}" => HTTP 404 (18 bytes)
[PegaHttpClient] 📡 POST https://zdk8budo.pegaacademy.net/prweb/api/v1/rules/query?pxObjClass=Rule-HTML-Section&appliesTo=Rule-Connect-REST&pyRuleName=undefined&RequestClass=Rule-HTML-Section&RequestAppliesTo=Rule-Connect-REST&RequestRuleName=undefined Payload: "{\"RequestClass\":\"Rule-HTML-Section\",\"RequestAppliesTo\":\"Rule-Connect-REST\",\"RequestRuleName\":\"undefined\"}" => HTTP 404 (18 bytes)
[PegaHttpClient] 📡 POST https://zdk8budo.pegaacademy.net/prweb/PRRestService/v1/rules/query?pxObjClass=Rule-HTML-Section&appliesTo=Rule-Connect-REST&pyRuleName=undefined&RequestClass=Rule-HTML-Section&RequestAppliesTo=Rule-Connect-REST&RequestRuleName=undefined Payload: "{\"RequestClass\":\"Rule-HTML-Section\",\"RequestAppliesTo\":\"Rule-Connect-REST\",\"RequestRuleName\":\"undefined\"}" => HTTP 404 (18 bytes)
[PegaHttpClient] 📡 POST https://zdk8budo.pegaacademy.net/prweb/api/CodeIntelligence/v1/rules/query?pxObjClass=Rule-HTML-Section&appliesTo=Rule-Connect-REST&pyRuleName=pzRuleFormToolbarHotKeys&RequestClass=Rule-HTML-Section&RequestAppliesTo=Rule-Connect-REST&RequestRuleName=pzRuleFormToolbarHotKeys Payload: "{\"RequestClass\":\"Rule-HTML-Section\",\"RequestAppliesTo\":\"Rule-Connect-REST\",\"RequestRuleName\":\"pzRuleFormToolbarHotKeys\"}" => HTTP 200 (85058 bytes)
[PegaHttpClient] 📡 POST https://zdk8budo.pegaacademy.net/prweb/api/CodeIntelligence/v1/rules/query?pxObjClass=Rule-HTML-Section&appliesTo=Rule-Connect-REST&pyRuleName=pzRuleFormToolbarLockedIcon&RequestClass=Rule-HTML-Section&RequestAppliesTo=Rule-Connect-REST&RequestRuleName=pzRuleFormToolbarLockedIcon Payload: "{\"RequestClass\":\"Rule-HTML-Section\",\"RequestAppliesTo\":\"Rule-Connect-REST\",\"RequestRuleName\":\"pzRuleFormToolbarLockedIcon\"}" => HTTP 200 (24898 bytes)
[PegaHttpClient] 📡 POST https://zdk8budo.pegaacademy.net/prweb/api/CodeIntelligence/v1/rules/query?pxObjClass=Rule-HTML-Section&appliesTo=Rule-Connect-REST&pyRuleName=pzRuleFormToolbarCollaborators&RequestClass=Rule-HTML-Section&RequestAppliesTo=Rule-Connect-REST&RequestRuleName=pzRuleFormToolbarCollaborators Payload: "{\"RequestClass\":\"Rule-HTML-Section\",\"RequestAppliesTo\":\"Rule-Connect-REST\",\"RequestRuleName\":\"pzRuleFormToolbarCollaborators\"}" => HTTP 200 (15254 bytes)
[PegaHttpClient] 📡 POST https://zdk8budo.pegaacademy.net/prweb/api/CodeIntelligence/v1/rules/query?pxObjClass=Rule-HTML-Section&appliesTo=Rule-Connect-REST&pyRuleName=pzRuleFormToolbarSaveAs&RequestClass=Rule-HTML-Section&RequestAppliesTo=Rule-Connect-REST&RequestRuleName=pzRuleFormToolbarSaveAs Payload: "{\"RequestClass\":\"Rule-HTML-Section\",\"RequestAppliesTo\":\"Rule-Connect-REST\",\"RequestRuleName\":\"pzRuleFormToolbarSaveAs\"}" => HTTP 200 (64084 bytes)
[PegaHttpClient] 📡 POST https://zdk8budo.pegaacademy.net/prweb/api/CodeIntelligence/v1/rules/query?pxObjClass=Rule-HTML-Section&appliesTo=Rule-Connect-REST&pyRuleName=pzRuleFormToolbarCheckin&RequestClass=Rule-HTML-Section&RequestAppliesTo=Rule-Connect-REST&RequestRuleName=pzRuleFormToolbarCheckin Payload: "{\"RequestClass\":\"Rule-HTML-Section\",\"RequestAppliesTo\":\"Rule-Connect-REST\",\"RequestRuleName\":\"pzRuleFormToolbarCheckin\"}" => HTTP 200 (119096 bytes)
[PegaHttpClient] 📡 POST https://zdk8budo.pegaacademy.net/prweb/api/CodeIntelligence/v1/rules/query?pxObjClass=Rule-HTML-Section&appliesTo=Rule-Connect-REST&pyRuleName=pzRuleFormToolbarDelete&RequestClass=Rule-HTML-Section&RequestAppliesTo=Rule-Connect-REST&RequestRuleName=pzRuleFormToolbarDelete Payload: "{\"RequestClass\":\"Rule-HTML-Section\",\"RequestAppliesTo\":\"Rule-Connect-REST\",\"RequestRuleName\":\"pzRuleFormToolbarDelete\"}" => HTTP 200 (30249 bytes)
[PegaHttpClient] 📡 POST https://zdk8budo.pegaacademy.net/prweb/api/CodeIntelligence/v1/rules/query?pxObjClass=Rule-HTML-Section&appliesTo=Rule-Connect-REST&pyRuleName=pzRuleFormToolbarSave&RequestClass=Rule-HTML-Section&RequestAppliesTo=Rule-Connect-REST&RequestRuleName=pzRuleFormToolbarSave Payload: "{\"RequestClass\":\"Rule-HTML-Section\",\"RequestAppliesTo\":\"Rule-Connect-REST\",\"RequestRuleName\":\"pzRuleFormToolbarSave\"}" => HTTP 200 (293885 bytes)
[PegaHttpClient] 📡 POST https://zdk8budo.pegaacademy.net/prweb/api/CodeIntelligence/v1/rules/query?pxObjClass=Rule-HTML-Section&appliesTo=Rule-Connect-REST&pyRuleName=pzRuleFormToolbarCheckout&RequestClass=Rule-HTML-Section&RequestAppliesTo=Rule-Connect-REST&RequestRuleName=pzRuleFormToolbarCheckout Payload: "{\"RequestClass\":\"Rule-HTML-Section\",\"RequestAppliesTo\":\"Rule-Connect-REST\",\"RequestRuleName\":\"pzRuleFormToolbarCheckout\"}" => HTTP 200 (238148 bytes)
[PegaHttpClient] 📡 POST https://zdk8budo.pegaacademy.net/prweb/api/CodeIntelligence/v1/rules/query?pxObjClass=Rule-HTML-Section&appliesTo=Rule-Connect-REST&pyRuleName=pzRemoveErrorsDataPage&RequestClass=Rule-HTML-Section&RequestAppliesTo=Rule-Connect-REST&RequestRuleName=pzRemoveErrorsDataPage Payload: "{\"RequestClass\":\"Rule-HTML-Section\",\"RequestAppliesTo\":\"Rule-Connect-REST\",\"RequestRuleName\":\"pzRemoveErrorsDataPage\"}" => HTTP 200 (16733 bytes)
[PegaHttpClient] 📡 POST https://zdk8budo.pegaacademy.net/prweb/api/CodeIntelligence/v1/rules/query?pxObjClass=Rule-HTML-Section&appliesTo=Rule-Connect-REST&pyRuleName=pzRuleFormHeaderMessagesWrapper&RequestClass=Rule-HTML-Section&RequestAppliesTo=Rule-Connect-REST&RequestRuleName=pzRuleFormHeaderMessagesWrapper Payload: "{\"RequestClass\":\"Rule-HTML-Section\",\"RequestAppliesTo\":\"Rule-Connect-REST\",\"RequestRuleName\":\"pzRuleFormHeaderMessagesWrapper\"}" => HTTP 200 (16981 bytes)
[PegaHttpClient] 📡 POST https://zdk8budo.pegaacademy.net/prweb/api/CodeIntelligence/v1/rules/query?pxObjClass=Rule-HTML-Section&appliesTo=Rule-Connect-REST&pyRuleName=pxShowHelpContent&RequestClass=Rule-HTML-Section&RequestAppliesTo=Rule-Connect-REST&RequestRuleName=pxShowHelpContent Payload: "{\"RequestClass\":\"Rule-HTML-Section\",\"RequestAppliesTo\":\"Rule-Connect-REST\",\"RequestRuleName\":\"pxShowHelpContent\"}" => HTTP 200 (27395 bytes)
[PegaHttpClient] 📡 POST https://zdk8budo.pegaacademy.net/prweb/api/CodeIntelligence/v1/rules/query?pxObjClass=Rule-HTML-Section&appliesTo=Rule-Connect-REST&pyRuleName=pzConnectParamMapFromOptions&RequestClass=Rule-HTML-Section&RequestAppliesTo=Rule-Connect-REST&RequestRuleName=pzConnectParamMapFromOptions Payload: "{\"RequestClass\":\"Rule-HTML-Section\",\"RequestAppliesTo\":\"Rule-Connect-REST\",\"RequestRuleName\":\"pzConnectParamMapFromOptions\"}" => HTTP 404 (123 bytes)
[PegaHttpClient] 📡 POST https://zdk8budo.pegaacademy.net/prweb/PRRestService/CodeIntelligence/v1/rules/query?pxObjClass=Rule-HTML-Section&appliesTo=Rule-Connect-REST&pyRuleName=pzConnectParamMapFromOptions&RequestClass=Rule-HTML-Section&RequestAppliesTo=Rule-Connect-REST&RequestRuleName=pzConnectParamMapFromOptions Payload: "{\"RequestClass\":\"Rule-HTML-Section\",\"RequestAppliesTo\":\"Rule-Connect-REST\",\"RequestRuleName\":\"pzConnectParamMapFromOptions\"}" => HTTP 404 (123 bytes)
[PegaHttpClient] 📡 POST https://zdk8budo.pegaacademy.net/prweb/api/HRAppsV2Service/V1/rules/query?pxObjClass=Rule-HTML-Section&appliesTo=Rule-Connect-REST&pyRuleName=pzConnectParamMapFromOptions&RequestClass=Rule-HTML-Section&RequestAppliesTo=Rule-Connect-REST&RequestRuleName=pzConnectParamMapFromOptions Payload: "{\"RequestClass\":\"Rule-HTML-Section\",\"RequestAppliesTo\":\"Rule-Connect-REST\",\"RequestRuleName\":\"pzConnectParamMapFromOptions\"}" => HTTP 404 (18 bytes)
[PegaHttpClient] 📡 POST https://zdk8budo.pegaacademy.net/prweb/PRRestService/HRAppsV2Service/V1/rules/query?pxObjClass=Rule-HTML-Section&appliesTo=Rule-Connect-REST&pyRuleName=pzConnectParamMapFromOptions&RequestClass=Rule-HTML-Section&RequestAppliesTo=Rule-Connect-REST&RequestRuleName=pzConnectParamMapFromOptions Payload: "{\"RequestClass\":\"Rule-HTML-Section\",\"RequestAppliesTo\":\"Rule-Connect-REST\",\"RequestRuleName\":\"pzConnectParamMapFromOptions\"}" => HTTP 404 (18 bytes)
[PegaHttpClient] 📡 POST https://zdk8budo.pegaacademy.net/prweb/api/HRAppsV2/V1/rules/query?pxObjClass=Rule-HTML-Section&appliesTo=Rule-Connect-REST&pyRuleName=pzConnectParamMapFromOptions&RequestClass=Rule-HTML-Section&RequestAppliesTo=Rule-Connect-REST&RequestRuleName=pzConnectParamMapFromOptions Payload: "{\"RequestClass\":\"Rule-HTML-Section\",\"RequestAppliesTo\":\"Rule-Connect-REST\",\"RequestRuleName\":\"pzConnectParamMapFromOptions\"}" => HTTP 404 (18 bytes)
[PegaHttpClient] 📡 POST https://zdk8budo.pegaacademy.net/prweb/PRRestService/HRAppsV2/V1/rules/query?pxObjClass=Rule-HTML-Section&appliesTo=Rule-Connect-REST&pyRuleName=pzConnectParamMapFromOptions&RequestClass=Rule-HTML-Section&RequestAppliesTo=Rule-Connect-REST&RequestRuleName=pzConnectParamMapFromOptions Payload: "{\"RequestClass\":\"Rule-HTML-Section\",\"RequestAppliesTo\":\"Rule-Connect-REST\",\"RequestRuleName\":\"pzConnectParamMapFromOptions\"}" => HTTP 404 (18 bytes)
[PegaHttpClient] 📡 POST https://zdk8budo.pegaacademy.net/prweb/api/v1/rules/query?pxObjClass=Rule-HTML-Section&appliesTo=Rule-Connect-REST&pyRuleName=pzConnectParamMapFromOptions&RequestClass=Rule-HTML-Section&RequestAppliesTo=Rule-Connect-REST&RequestRuleName=pzConnectParamMapFromOptions Payload: "{\"RequestClass\":\"Rule-HTML-Section\",\"RequestAppliesTo\":\"Rule-Connect-REST\",\"RequestRuleName\":\"pzConnectParamMapFromOptions\"}" => HTTP 404 (18 bytes)
[PegaHttpClient] 📡 POST https://zdk8budo.pegaacademy.net/prweb/PRRestService/v1/rules/query?pxObjClass=Rule-HTML-Section&appliesTo=Rule-Connect-REST&pyRuleName=pzConnectParamMapFromOptions&RequestClass=Rule-HTML-Section&RequestAppliesTo=Rule-Connect-REST&RequestRuleName=pzConnectParamMapFromOptions Payload: "{\"RequestClass\":\"Rule-HTML-Section\",\"RequestAppliesTo\":\"Rule-Connect-REST\",\"RequestRuleName\":\"pzConnectParamMapFromOptions\"}" => HTTP 404 (18 bytes)
[PegaHttpClient] 📡 POST https://zdk8budo.pegaacademy.net/prweb/api/CodeIntelligence/v1/rules/query?pxObjClass=Rule-HTML-Section&appliesTo=Rule-Connect-REST&pyRuleName=pzConnectMapFromKey&RequestClass=Rule-HTML-Section&RequestAppliesTo=Rule-Connect-REST&RequestRuleName=pzConnectMapFromKey Payload: "{\"RequestClass\":\"Rule-HTML-Section\",\"RequestAppliesTo\":\"Rule-Connect-REST\",\"RequestRuleName\":\"pzConnectMapFromKey\"}" => HTTP 404 (114 bytes)
[PegaHttpClient] 📡 POST https://zdk8budo.pegaacademy.net/prweb/PRRestService/CodeIntelligence/v1/rules/query?pxObjClass=Rule-HTML-Section&appliesTo=Rule-Connect-REST&pyRuleName=pzConnectMapFromKey&RequestClass=Rule-HTML-Section&RequestAppliesTo=Rule-Connect-REST&RequestRuleName=pzConnectMapFromKey Payload: "{\"RequestClass\":\"Rule-HTML-Section\",\"RequestAppliesTo\":\"Rule-Connect-REST\",\"RequestRuleName\":\"pzConnectMapFromKey\"}" => HTTP 404 (114 bytes)
[PegaHttpClient] 📡 POST https://zdk8budo.pegaacademy.net/prweb/api/HRAppsV2Service/V1/rules/query?pxObjClass=Rule-HTML-Section&appliesTo=Rule-Connect-REST&pyRuleName=pzConnectMapFromKey&RequestClass=Rule-HTML-Section&RequestAppliesTo=Rule-Connect-REST&RequestRuleName=pzConnectMapFromKey Payload: "{\"RequestClass\":\"Rule-HTML-Section\",\"RequestAppliesTo\":\"Rule-Connect-REST\",\"RequestRuleName\":\"pzConnectMapFromKey\"}" => HTTP 404 (18 bytes)
[PegaHttpClient] 📡 POST https://zdk8budo.pegaacademy.net/prweb/PRRestService/HRAppsV2Service/V1/rules/query?pxObjClass=Rule-HTML-Section&appliesTo=Rule-Connect-REST&pyRuleName=pzConnectMapFromKey&RequestClass=Rule-HTML-Section&RequestAppliesTo=Rule-Connect-REST&RequestRuleName=pzConnectMapFromKey Payload: "{\"RequestClass\":\"Rule-HTML-Section\",\"RequestAppliesTo\":\"Rule-Connect-REST\",\"RequestRuleName\":\"pzConnectMapFromKey\"}" => HTTP 404 (18 bytes)
[PegaHttpClient] 📡 POST https://zdk8budo.pegaacademy.net/prweb/api/HRAppsV2/V1/rules/query?pxObjClass=Rule-HTML-Section&appliesTo=Rule-Connect-REST&pyRuleName=pzConnectMapFromKey&RequestClass=Rule-HTML-Section&RequestAppliesTo=Rule-Connect-REST&RequestRuleName=pzConnectMapFromKey Payload: "{\"RequestClass\":\"Rule-HTML-Section\",\"RequestAppliesTo\":\"Rule-Connect-REST\",\"RequestRuleName\":\"pzConnectMapFromKey\"}" => HTTP 404 (18 bytes)
[PegaHttpClient] 📡 POST https://zdk8budo.pegaacademy.net/prweb/PRRestService/HRAppsV2/V1/rules/query?pxObjClass=Rule-HTML-Section&appliesTo=Rule-Connect-REST&pyRuleName=pzConnectMapFromKey&RequestClass=Rule-HTML-Section&RequestAppliesTo=Rule-Connect-REST&RequestRuleName=pzConnectMapFromKey Payload: "{\"RequestClass\":\"Rule-HTML-Section\",\"RequestAppliesTo\":\"Rule-Connect-REST\",\"RequestRuleName\":\"pzConnectMapFromKey\"}" => HTTP 404 (18 bytes)
[PegaHttpClient] 📡 POST https://zdk8budo.pegaacademy.net/prweb/api/v1/rules/query?pxObjClass=Rule-HTML-Section&appliesTo=Rule-Connect-REST&pyRuleName=pzConnectMapFromKey&RequestClass=Rule-HTML-Section&RequestAppliesTo=Rule-Connect-REST&RequestRuleName=pzConnectMapFromKey Payload: "{\"RequestClass\":\"Rule-HTML-Section\",\"RequestAppliesTo\":\"Rule-Connect-REST\",\"RequestRuleName\":\"pzConnectMapFromKey\"}" => HTTP 404 (18 bytes)
[PegaHttpClient] 📡 POST https://zdk8budo.pegaacademy.net/prweb/PRRestService/v1/rules/query?pxObjClass=Rule-HTML-Section&appliesTo=Rule-Connect-REST&pyRuleName=pzConnectMapFromKey&RequestClass=Rule-HTML-Section&RequestAppliesTo=Rule-Connect-REST&RequestRuleName=pzConnectMapFromKey Payload: "{\"RequestClass\":\"Rule-HTML-Section\",\"RequestAppliesTo\":\"Rule-Connect-REST\",\"RequestRuleName\":\"pzConnectMapFromKey\"}" => HTTP 404 (18 bytes)
[PegaHttpClient] 📡 POST https://zdk8budo.pegaacademy.net/prweb/api/CodeIntelligence/v1/rules/query?pxObjClass=Rule-HTML-Section&appliesTo=Rule-Connect-REST&pyRuleName=pzSSLVersion&RequestClass=Rule-HTML-Section&RequestAppliesTo=Rule-Connect-REST&RequestRuleName=pzSSLVersion Payload: "{\"RequestClass\":\"Rule-HTML-Section\",\"RequestAppliesTo\":\"Rule-Connect-REST\",\"RequestRuleName\":\"pzSSLVersion\"}" => HTTP 200 (20840 bytes)
[PegaHttpClient] 📡 POST https://zdk8budo.pegaacademy.net/prweb/api/CodeIntelligence/v1/rules/query?pxObjClass=Rule-HTML-Section&appliesTo=Rule-Connect-REST&pyRuleName=Connection&RequestClass=Rule-HTML-Section&RequestAppliesTo=Rule-Connect-REST&RequestRuleName=Connection Payload: "{\"RequestClass\":\"Rule-HTML-Section\",\"RequestAppliesTo\":\"Rule-Connect-REST\",\"RequestRuleName\":\"Connection\"}" => HTTP 404 (105 bytes)
[PegaHttpClient] 📡 POST https://zdk8budo.pegaacademy.net/prweb/PRRestService/CodeIntelligence/v1/rules/query?pxObjClass=Rule-HTML-Section&appliesTo=Rule-Connect-REST&pyRuleName=Connection&RequestClass=Rule-HTML-Section&RequestAppliesTo=Rule-Connect-REST&RequestRuleName=Connection Payload: "{\"RequestClass\":\"Rule-HTML-Section\",\"RequestAppliesTo\":\"Rule-Connect-REST\",\"RequestRuleName\":\"Connection\"}" => HTTP 404 (105 bytes)
[PegaHttpClient] 📡 POST https://zdk8budo.pegaacademy.net/prweb/api/HRAppsV2Service/V1/rules/query?pxObjClass=Rule-HTML-Section&appliesTo=Rule-Connect-REST&pyRuleName=Connection&RequestClass=Rule-HTML-Section&RequestAppliesTo=Rule-Connect-REST&RequestRuleName=Connection Payload: "{\"RequestClass\":\"Rule-HTML-Section\",\"RequestAppliesTo\":\"Rule-Connect-REST\",\"RequestRuleName\":\"Connection\"}" => HTTP 404 (18 bytes)
[PegaHttpClient] 📡 POST https://zdk8budo.pegaacademy.net/prweb/PRRestService/HRAppsV2Service/V1/rules/query?pxObjClass=Rule-HTML-Section&appliesTo=Rule-Connect-REST&pyRuleName=Connection&RequestClass=Rule-HTML-Section&RequestAppliesTo=Rule-Connect-REST&RequestRuleName=Connection Payload: "{\"RequestClass\":\"Rule-HTML-Section\",\"RequestAppliesTo\":\"Rule-Connect-REST\",\"RequestRuleName\":\"Connection\"}" => HTTP 404 (18 bytes)
[PegaHttpClient] 📡 POST https://zdk8budo.pegaacademy.net/prweb/api/HRAppsV2/V1/rules/query?pxObjClass=Rule-HTML-Section&appliesTo=Rule-Connect-REST&pyRuleName=Connection&RequestClass=Rule-HTML-Section&RequestAppliesTo=Rule-Connect-REST&RequestRuleName=Connection Payload: "{\"RequestClass\":\"Rule-HTML-Section\",\"RequestAppliesTo\":\"Rule-Connect-REST\",\"RequestRuleName\":\"Connection\"}" => HTTP 404 (18 bytes)
[PegaHttpClient] 📡 POST https://zdk8budo.pegaacademy.net/prweb/PRRestService/HRAppsV2/V1/rules/query?pxObjClass=Rule-HTML-Section&appliesTo=Rule-Connect-REST&pyRuleName=Connection&RequestClass=Rule-HTML-Section&RequestAppliesTo=Rule-Connect-REST&RequestRuleName=Connection Payload: "{\"RequestClass\":\"Rule-HTML-Section\",\"RequestAppliesTo\":\"Rule-Connect-REST\",\"RequestRuleName\":\"Connection\"}" => HTTP 404 (18 bytes)
[PegaHttpClient] 📡 POST https://zdk8budo.pegaacademy.net/prweb/api/v1/rules/query?pxObjClass=Rule-HTML-Section&appliesTo=Rule-Connect-REST&pyRuleName=Connection&RequestClass=Rule-HTML-Section&RequestAppliesTo=Rule-Connect-REST&RequestRuleName=Connection Payload: "{\"RequestClass\":\"Rule-HTML-Section\",\"RequestAppliesTo\":\"Rule-Connect-REST\",\"RequestRuleName\":\"Connection\"}" => HTTP 404 (18 bytes)
[PegaHttpClient] 📡 POST https://zdk8budo.pegaacademy.net/prweb/PRRestService/v1/rules/query?pxObjClass=Rule-HTML-Section&appliesTo=Rule-Connect-REST&pyRuleName=Connection&RequestClass=Rule-HTML-Section&RequestAppliesTo=Rule-Connect-REST&RequestRuleName=Connection Payload: "{\"RequestClass\":\"Rule-HTML-Section\",\"RequestAppliesTo\":\"Rule-Connect-REST\",\"RequestRuleName\":\"Connection\"}" => HTTP 404 (18 bytes)
[PegaHttpClient] 📡 POST https://zdk8budo.pegaacademy.net/prweb/api/CodeIntelligence/v1/rules/query?pxObjClass=Rule-HTML-Section&appliesTo=Rule-Connect-REST&pyRuleName=pyGETRequest&RequestClass=Rule-HTML-Section&RequestAppliesTo=Rule-Connect-REST&RequestRuleName=pyGETRequest Payload: "{\"RequestClass\":\"Rule-HTML-Section\",\"RequestAppliesTo\":\"Rule-Connect-REST\",\"RequestRuleName\":\"pyGETRequest\"}" => HTTP 200 (132304 bytes)
[PegaHttpClient] 📡 POST https://zdk8budo.pegaacademy.net/prweb/api/CodeIntelligence/v1/rules/query?pxObjClass=Rule-HTML-Section&appliesTo=Rule-Connect-REST&pyRuleName=pyGETResponse&RequestClass=Rule-HTML-Section&RequestAppliesTo=Rule-Connect-REST&RequestRuleName=pyGETResponse Payload: "{\"RequestClass\":\"Rule-HTML-Section\",\"RequestAppliesTo\":\"Rule-Connect-REST\",\"RequestRuleName\":\"pyGETResponse\"}" => HTTP 200 (83617 bytes)
[PegaHttpClient] 📡 POST https://zdk8budo.pegaacademy.net/prweb/api/CodeIntelligence/v1/rules/query?pxObjClass=Rule-HTML-Section&appliesTo=Rule-Connect-REST&pyRuleName=pyPOSTRequest&RequestClass=Rule-HTML-Section&RequestAppliesTo=Rule-Connect-REST&RequestRuleName=pyPOSTRequest Payload: "{\"RequestClass\":\"Rule-HTML-Section\",\"RequestAppliesTo\":\"Rule-Connect-REST\",\"RequestRuleName\":\"pyPOSTRequest\"}" => HTTP 200 (157765 bytes)
[PegaHttpClient] 📡 POST https://zdk8budo.pegaacademy.net/prweb/api/CodeIntelligence/v1/rules/query?pxObjClass=Rule-HTML-Section&appliesTo=Rule-Connect-REST&pyRuleName=pyPOSTResponse&RequestClass=Rule-HTML-Section&RequestAppliesTo=Rule-Connect-REST&RequestRuleName=pyPOSTResponse Payload: "{\"RequestClass\":\"Rule-HTML-Section\",\"RequestAppliesTo\":\"Rule-Connect-REST\",\"RequestRuleName\":\"pyPOSTResponse\"}" => HTTP 200 (83701 bytes)
[PegaHttpClient] 📡 POST https://zdk8budo.pegaacademy.net/prweb/api/CodeIntelligence/v1/rules/query?pxObjClass=Rule-HTML-Section&appliesTo=Rule-Connect-REST&pyRuleName=pyPUTRequest&RequestClass=Rule-HTML-Section&RequestAppliesTo=Rule-Connect-REST&RequestRuleName=pyPUTRequest Payload: "{\"RequestClass\":\"Rule-HTML-Section\",\"RequestAppliesTo\":\"Rule-Connect-REST\",\"RequestRuleName\":\"pyPUTRequest\"}" => HTTP 200 (143751 bytes)
[PegaHttpClient] 📡 POST https://zdk8budo.pegaacademy.net/prweb/api/CodeIntelligence/v1/rules/query?pxObjClass=Rule-HTML-Section&appliesTo=Rule-Connect-REST&pyRuleName=pyPUTResponse&RequestClass=Rule-HTML-Section&RequestAppliesTo=Rule-Connect-REST&RequestRuleName=pyPUTResponse Payload: "{\"RequestClass\":\"Rule-HTML-Section\",\"RequestAppliesTo\":\"Rule-Connect-REST\",\"RequestRuleName\":\"pyPUTResponse\"}" => HTTP 200 (83631 bytes)
[PegaHttpClient] 📡 POST https://zdk8budo.pegaacademy.net/prweb/api/CodeIntelligence/v1/rules/query?pxObjClass=Rule-HTML-Section&appliesTo=Rule-Connect-REST&pyRuleName=pyPATCHRequest&RequestClass=Rule-HTML-Section&RequestAppliesTo=Rule-Connect-REST&RequestRuleName=pyPATCHRequest Payload: "{\"RequestClass\":\"Rule-HTML-Section\",\"RequestAppliesTo\":\"Rule-Connect-REST\",\"RequestRuleName\":\"pyPATCHRequest\"}" => HTTP 200 (142676 bytes)
[PegaHttpClient] 📡 POST https://zdk8budo.pegaacademy.net/prweb/api/CodeIntelligence/v1/rules/query?pxObjClass=Rule-HTML-Section&appliesTo=Rule-Connect-REST&pyRuleName=pyPATCHResponse&RequestClass=Rule-HTML-Section&RequestAppliesTo=Rule-Connect-REST&RequestRuleName=pyPATCHResponse Payload: "{\"RequestClass\":\"Rule-HTML-Section\",\"RequestAppliesTo\":\"Rule-Connect-REST\",\"RequestRuleName\":\"pyPATCHResponse\"}" => HTTP 200 (84866 bytes)
[PegaHttpClient] 📡 POST https://zdk8budo.pegaacademy.net/prweb/api/CodeIntelligence/v1/rules/query?pxObjClass=Rule-HTML-Section&appliesTo=Rule-Connect-REST&pyRuleName=pyDELETERequest&RequestClass=Rule-HTML-Section&RequestAppliesTo=Rule-Connect-REST&RequestRuleName=pyDELETERequest Payload: "{\"RequestClass\":\"Rule-HTML-Section\",\"RequestAppliesTo\":\"Rule-Connect-REST\",\"RequestRuleName\":\"pyDELETERequest\"}" => HTTP 200 (145363 bytes)
[PegaHttpClient] 📡 POST https://zdk8budo.pegaacademy.net/prweb/api/CodeIntelligence/v1/rules/query?pxObjClass=Rule-HTML-Section&appliesTo=Rule-Connect-REST&pyRuleName=pyDELETEResponse&RequestClass=Rule-HTML-Section&RequestAppliesTo=Rule-Connect-REST&RequestRuleName=pyDELETEResponse Payload: "{\"RequestClass\":\"Rule-HTML-Section\",\"RequestAppliesTo\":\"Rule-Connect-REST\",\"RequestRuleName\":\"pyDELETEResponse\"}" => HTTP 200 (83730 bytes)
[PegaHttpClient] 📡 POST https://zdk8budo.pegaacademy.net/prweb/api/CodeIntelligence/v1/rules/query?pxObjClass=Rule-HTML-Section&appliesTo=Rule-Connect-REST&pyRuleName=pzSpecificationName&RequestClass=Rule-HTML-Section&RequestAppliesTo=Rule-Connect-REST&RequestRuleName=pzSpecificationName Payload: "{\"RequestClass\":\"Rule-HTML-Section\",\"RequestAppliesTo\":\"Rule-Connect-REST\",\"RequestRuleName\":\"pzSpecificationName\"}" => HTTP 404 (114 bytes)
[PegaHttpClient] 📡 POST https://zdk8budo.pegaacademy.net/prweb/PRRestService/CodeIntelligence/v1/rules/query?pxObjClass=Rule-HTML-Section&appliesTo=Rule-Connect-REST&pyRuleName=pzSpecificationName&RequestClass=Rule-HTML-Section&RequestAppliesTo=Rule-Connect-REST&RequestRuleName=pzSpecificationName Payload: "{\"RequestClass\":\"Rule-HTML-Section\",\"RequestAppliesTo\":\"Rule-Connect-REST\",\"RequestRuleName\":\"pzSpecificationName\"}" => HTTP 404 (114 bytes)
[PegaHttpClient] 📡 POST https://zdk8budo.pegaacademy.net/prweb/api/HRAppsV2Service/V1/rules/query?pxObjClass=Rule-HTML-Section&appliesTo=Rule-Connect-REST&pyRuleName=pzSpecificationName&RequestClass=Rule-HTML-Section&RequestAppliesTo=Rule-Connect-REST&RequestRuleName=pzSpecificationName Payload: "{\"RequestClass\":\"Rule-HTML-Section\",\"RequestAppliesTo\":\"Rule-Connect-REST\",\"RequestRuleName\":\"pzSpecificationName\"}" => HTTP 404 (18 bytes)
[PegaHttpClient] 📡 POST https://zdk8budo.pegaacademy.net/prweb/PRRestService/HRAppsV2Service/V1/rules/query?pxObjClass=Rule-HTML-Section&appliesTo=Rule-Connect-REST&pyRuleName=pzSpecificationName&RequestClass=Rule-HTML-Section&RequestAppliesTo=Rule-Connect-REST&RequestRuleName=pzSpecificationName Payload: "{\"RequestClass\":\"Rule-HTML-Section\",\"RequestAppliesTo\":\"Rule-Connect-REST\",\"RequestRuleName\":\"pzSpecificationName\"}" => HTTP 404 (18 bytes)
[PegaHttpClient] 📡 POST https://zdk8budo.pegaacademy.net/prweb/api/HRAppsV2/V1/rules/query?pxObjClass=Rule-HTML-Section&appliesTo=Rule-Connect-REST&pyRuleName=pzSpecificationName&RequestClass=Rule-HTML-Section&RequestAppliesTo=Rule-Connect-REST&RequestRuleName=pzSpecificationName Payload: "{\"RequestClass\":\"Rule-HTML-Section\",\"RequestAppliesTo\":\"Rule-Connect-REST\",\"RequestRuleName\":\"pzSpecificationName\"}" => HTTP 404 (18 bytes)
[PegaHttpClient] 📡 POST https://zdk8budo.pegaacademy.net/prweb/PRRestService/HRAppsV2/V1/rules/query?pxObjClass=Rule-HTML-Section&appliesTo=Rule-Connect-REST&pyRuleName=pzSpecificationName&RequestClass=Rule-HTML-Section&RequestAppliesTo=Rule-Connect-REST&RequestRuleName=pzSpecificationName Payload: "{\"RequestClass\":\"Rule-HTML-Section\",\"RequestAppliesTo\":\"Rule-Connect-REST\",\"RequestRuleName\":\"pzSpecificationName\"}" => HTTP 404 (18 bytes)
[PegaHttpClient] 📡 POST https://zdk8budo.pegaacademy.net/prweb/api/v1/rules/query?pxObjClass=Rule-HTML-Section&appliesTo=Rule-Connect-REST&pyRuleName=pzSpecificationName&RequestClass=Rule-HTML-Section&RequestAppliesTo=Rule-Connect-REST&RequestRuleName=pzSpecificationName Payload: "{\"RequestClass\":\"Rule-HTML-Section\",\"RequestAppliesTo\":\"Rule-Connect-REST\",\"RequestRuleName\":\"pzSpecificationName\"}" => HTTP 404 (18 bytes)
[PegaHttpClient] 📡 POST https://zdk8budo.pegaacademy.net/prweb/PRRestService/v1/rules/query?pxObjClass=Rule-HTML-Section&appliesTo=Rule-Connect-REST&pyRuleName=pzSpecificationName&RequestClass=Rule-HTML-Section&RequestAppliesTo=Rule-Connect-REST&RequestRuleName=pzSpecificationName Payload: "{\"RequestClass\":\"Rule-HTML-Section\",\"RequestAppliesTo\":\"Rule-Connect-REST\",\"RequestRuleName\":\"pzSpecificationName\"}" => HTTP 404 (18 bytes)
[PegaHttpClient] 📡 POST https://zdk8budo.pegaacademy.net/prweb/api/CodeIntelligence/v1/rules/query?pxObjClass=Rule-HTML-Section&appliesTo=Rule-Connect-REST&pyRuleName=pzScm_RuleHistory&RequestClass=Rule-HTML-Section&RequestAppliesTo=Rule-Connect-REST&RequestRuleName=pzScm_RuleHistory Payload: "{\"RequestClass\":\"Rule-HTML-Section\",\"RequestAppliesTo\":\"Rule-Connect-REST\",\"RequestRuleName\":\"pzScm_RuleHistory\"}" => HTTP 200 (14682 bytes)
[PegaHttpClient] 📡 POST https://zdk8budo.pegaacademy.net/prweb/api/CodeIntelligence/v1/rules/query?pxObjClass=Rule-HTML-Section&appliesTo=Rule-Connect-REST&pyRuleName=pxDisplayCollaborators&RequestClass=Rule-HTML-Section&RequestAppliesTo=Rule-Connect-REST&RequestRuleName=pxDisplayCollaborators Payload: "{\"RequestClass\":\"Rule-HTML-Section\",\"RequestAppliesTo\":\"Rule-Connect-REST\",\"RequestRuleName\":\"pxDisplayCollaborators\"}" => HTTP 200 (94171 bytes)
[PegaHttpClient] 📡 POST https://zdk8budo.pegaacademy.net/prweb/api/CodeIntelligence/v1/rules/query?pxObjClass=Rule-HTML-Section&appliesTo=Rule-Connect-REST&pyRuleName=pzRuleFormToolbarDeleteCheckOut&RequestClass=Rule-HTML-Section&RequestAppliesTo=Rule-Connect-REST&RequestRuleName=pzRuleFormToolbarDeleteCheckOut Payload: "{\"RequestClass\":\"Rule-HTML-Section\",\"RequestAppliesTo\":\"Rule-Connect-REST\",\"RequestRuleName\":\"pzRuleFormToolbarDeleteCheckOut\"}" => HTTP 200 (29433 bytes)
[PegaHttpClient] 📡 POST https://zdk8budo.pegaacademy.net/prweb/api/CodeIntelligence/v1/rules/query?pxObjClass=Rule-HTML-Section&appliesTo=Rule-Connect-REST&pyRuleName=pzRuleFormToolbarDeleteRule&RequestClass=Rule-HTML-Section&RequestAppliesTo=Rule-Connect-REST&RequestRuleName=pzRuleFormToolbarDeleteRule Payload: "{\"RequestClass\":\"Rule-HTML-Section\",\"RequestAppliesTo\":\"Rule-Connect-REST\",\"RequestRuleName\":\"pzRuleFormToolbarDeleteRule\"}" => HTTP 200 (32314 bytes)
[PegaHttpClient] 📡 POST https://zdk8budo.pegaacademy.net/prweb/api/CodeIntelligence/v1/rules/query?pxObjClass=Rule-HTML-Section&appliesTo=Rule-Connect-REST&pyRuleName=pzHelpSnippetStyles&RequestClass=Rule-HTML-Section&RequestAppliesTo=Rule-Connect-REST&RequestRuleName=pzHelpSnippetStyles Payload: "{\"RequestClass\":\"Rule-HTML-Section\",\"RequestAppliesTo\":\"Rule-Connect-REST\",\"RequestRuleName\":\"pzHelpSnippetStyles\"}" => HTTP 200 (15797 bytes)
[PegaHttpClient] 📡 POST https://zdk8budo.pegaacademy.net/prweb/api/CodeIntelligence/v1/rules/query?pxObjClass=Rule-HTML-Section&appliesTo=Rule-Connect-REST&pyRuleName=pxDisplayHelpContent&RequestClass=Rule-HTML-Section&RequestAppliesTo=Rule-Connect-REST&RequestRuleName=pxDisplayHelpContent Payload: "{\"RequestClass\":\"Rule-HTML-Section\",\"RequestAppliesTo\":\"Rule-Connect-REST\",\"RequestRuleName\":\"pxDisplayHelpContent\"}" => HTTP 404 (115 bytes)
[PegaHttpClient] 📡 POST https://zdk8budo.pegaacademy.net/prweb/PRRestService/CodeIntelligence/v1/rules/query?pxObjClass=Rule-HTML-Section&appliesTo=Rule-Connect-REST&pyRuleName=pxDisplayHelpContent&RequestClass=Rule-HTML-Section&RequestAppliesTo=Rule-Connect-REST&RequestRuleName=pxDisplayHelpContent Payload: "{\"RequestClass\":\"Rule-HTML-Section\",\"RequestAppliesTo\":\"Rule-Connect-REST\",\"RequestRuleName\":\"pxDisplayHelpContent\"}" => HTTP 404 (115 bytes)
[PegaHttpClient] 📡 POST https://zdk8budo.pegaacademy.net/prweb/api/HRAppsV2Service/V1/rules/query?pxObjClass=Rule-HTML-Section&appliesTo=Rule-Connect-REST&pyRuleName=pxDisplayHelpContent&RequestClass=Rule-HTML-Section&RequestAppliesTo=Rule-Connect-REST&RequestRuleName=pxDisplayHelpContent Payload: "{\"RequestClass\":\"Rule-HTML-Section\",\"RequestAppliesTo\":\"Rule-Connect-REST\",\"RequestRuleName\":\"pxDisplayHelpContent\"}" => HTTP 404 (18 bytes)
[PegaHttpClient] 📡 POST https://zdk8budo.pegaacademy.net/prweb/PRRestService/HRAppsV2Service/V1/rules/query?pxObjClass=Rule-HTML-Section&appliesTo=Rule-Connect-REST&pyRuleName=pxDisplayHelpContent&RequestClass=Rule-HTML-Section&RequestAppliesTo=Rule-Connect-REST&RequestRuleName=pxDisplayHelpContent Payload: "{\"RequestClass\":\"Rule-HTML-Section\",\"RequestAppliesTo\":\"Rule-Connect-REST\",\"RequestRuleName\":\"pxDisplayHelpContent\"}" => HTTP 404 (18 bytes)
[PegaHttpClient] 📡 POST https://zdk8budo.pegaacademy.net/prweb/api/HRAppsV2/V1/rules/query?pxObjClass=Rule-HTML-Section&appliesTo=Rule-Connect-REST&pyRuleName=pxDisplayHelpContent&RequestClass=Rule-HTML-Section&RequestAppliesTo=Rule-Connect-REST&RequestRuleName=pxDisplayHelpContent Payload: "{\"RequestClass\":\"Rule-HTML-Section\",\"RequestAppliesTo\":\"Rule-Connect-REST\",\"RequestRuleName\":\"pxDisplayHelpContent\"}" => HTTP 404 (18 bytes)
[PegaHttpClient] 📡 POST https://zdk8budo.pegaacademy.net/prweb/PRRestService/HRAppsV2/V1/rules/query?pxObjClass=Rule-HTML-Section&appliesTo=Rule-Connect-REST&pyRuleName=pxDisplayHelpContent&RequestClass=Rule-HTML-Section&RequestAppliesTo=Rule-Connect-REST&RequestRuleName=pxDisplayHelpContent Payload: "{\"RequestClass\":\"Rule-HTML-Section\",\"RequestAppliesTo\":\"Rule-Connect-REST\",\"RequestRuleName\":\"pxDisplayHelpContent\"}" => HTTP 404 (18 bytes)
[PegaHttpClient] 📡 POST https://zdk8budo.pegaacademy.net/prweb/api/v1/rules/query?pxObjClass=Rule-HTML-Section&appliesTo=Rule-Connect-REST&pyRuleName=pxDisplayHelpContent&RequestClass=Rule-HTML-Section&RequestAppliesTo=Rule-Connect-REST&RequestRuleName=pxDisplayHelpContent Payload: "{\"RequestClass\":\"Rule-HTML-Section\",\"RequestAppliesTo\":\"Rule-Connect-REST\",\"RequestRuleName\":\"pxDisplayHelpContent\"}" => HTTP 404 (18 bytes)
[PegaHttpClient] 📡 POST https://zdk8budo.pegaacademy.net/prweb/PRRestService/v1/rules/query?pxObjClass=Rule-HTML-Section&appliesTo=Rule-Connect-REST&pyRuleName=pxDisplayHelpContent&RequestClass=Rule-HTML-Section&RequestAppliesTo=Rule-Connect-REST&RequestRuleName=pxDisplayHelpContent Payload: "{\"RequestClass\":\"Rule-HTML-Section\",\"RequestAppliesTo\":\"Rule-Connect-REST\",\"RequestRuleName\":\"pxDisplayHelpContent\"}" => HTTP 404 (18 bytes)
[PegaHttpClient] 📡 POST https://zdk8budo.pegaacademy.net/prweb/api/CodeIntelligence/v1/rules/query?pxObjClass=Rule-HTML-Section&appliesTo=Rule-Connect-REST&pyRuleName=pzConnectParamMapFromOptions&RequestClass=Rule-HTML-Section&RequestAppliesTo=Rule-Connect-REST&RequestRuleName=pzConnectParamMapFromOptions Payload: "{\"RequestClass\":\"Rule-HTML-Section\",\"RequestAppliesTo\":\"Rule-Connect-REST\",\"RequestRuleName\":\"pzConnectParamMapFromOptions\"}" => HTTP 404 (123 bytes)
[PegaHttpClient] 📡 POST https://zdk8budo.pegaacademy.net/prweb/PRRestService/CodeIntelligence/v1/rules/query?pxObjClass=Rule-HTML-Section&appliesTo=Rule-Connect-REST&pyRuleName=pzConnectParamMapFromOptions&RequestClass=Rule-HTML-Section&RequestAppliesTo=Rule-Connect-REST&RequestRuleName=pzConnectParamMapFromOptions Payload: "{\"RequestClass\":\"Rule-HTML-Section\",\"RequestAppliesTo\":\"Rule-Connect-REST\",\"RequestRuleName\":\"pzConnectParamMapFromOptions\"}" => HTTP 404 (123 bytes)
[PegaHttpClient] 📡 POST https://zdk8budo.pegaacademy.net/prweb/api/HRAppsV2Service/V1/rules/query?pxObjClass=Rule-HTML-Section&appliesTo=Rule-Connect-REST&pyRuleName=pzConnectParamMapFromOptions&RequestClass=Rule-HTML-Section&RequestAppliesTo=Rule-Connect-REST&RequestRuleName=pzConnectParamMapFromOptions Payload: "{\"RequestClass\":\"Rule-HTML-Section\",\"RequestAppliesTo\":\"Rule-Connect-REST\",\"RequestRuleName\":\"pzConnectParamMapFromOptions\"}" => HTTP 404 (18 bytes)
[PegaHttpClient] 📡 POST https://zdk8budo.pegaacademy.net/prweb/PRRestService/HRAppsV2Service/V1/rules/query?pxObjClass=Rule-HTML-Section&appliesTo=Rule-Connect-REST&pyRuleName=pzConnectParamMapFromOptions&RequestClass=Rule-HTML-Section&RequestAppliesTo=Rule-Connect-REST&RequestRuleName=pzConnectParamMapFromOptions Payload: "{\"RequestClass\":\"Rule-HTML-Section\",\"RequestAppliesTo\":\"Rule-Connect-REST\",\"RequestRuleName\":\"pzConnectParamMapFromOptions\"}" => HTTP 404 (18 bytes)
[PegaHttpClient] 📡 POST https://zdk8budo.pegaacademy.net/prweb/api/HRAppsV2/V1/rules/query?pxObjClass=Rule-HTML-Section&appliesTo=Rule-Connect-REST&pyRuleName=pzConnectParamMapFromOptions&RequestClass=Rule-HTML-Section&RequestAppliesTo=Rule-Connect-REST&RequestRuleName=pzConnectParamMapFromOptions Payload: "{\"RequestClass\":\"Rule-HTML-Section\",\"RequestAppliesTo\":\"Rule-Connect-REST\",\"RequestRuleName\":\"pzConnectParamMapFromOptions\"}" => HTTP 404 (18 bytes)
[PegaHttpClient] 📡 POST https://zdk8budo.pegaacademy.net/prweb/PRRestService/HRAppsV2/V1/rules/query?pxObjClass=Rule-HTML-Section&appliesTo=Rule-Connect-REST&pyRuleName=pzConnectParamMapFromOptions&RequestClass=Rule-HTML-Section&RequestAppliesTo=Rule-Connect-REST&RequestRuleName=pzConnectParamMapFromOptions Payload: "{\"RequestClass\":\"Rule-HTML-Section\",\"RequestAppliesTo\":\"Rule-Connect-REST\",\"RequestRuleName\":\"pzConnectParamMapFromOptions\"}" => HTTP 404 (18 bytes)
[PegaHttpClient] 📡 POST https://zdk8budo.pegaacademy.net/prweb/api/v1/rules/query?pxObjClass=Rule-HTML-Section&appliesTo=Rule-Connect-REST&pyRuleName=pzConnectParamMapFromOptions&RequestClass=Rule-HTML-Section&RequestAppliesTo=Rule-Connect-REST&RequestRuleName=pzConnectParamMapFromOptions Payload: "{\"RequestClass\":\"Rule-HTML-Section\",\"RequestAppliesTo\":\"Rule-Connect-REST\",\"RequestRuleName\":\"pzConnectParamMapFromOptions\"}" => HTTP 404 (18 bytes)
[PegaHttpClient] 📡 POST https://zdk8budo.pegaacademy.net/prweb/PRRestService/v1/rules/query?pxObjClass=Rule-HTML-Section&appliesTo=Rule-Connect-REST&pyRuleName=pzConnectParamMapFromOptions&RequestClass=Rule-HTML-Section&RequestAppliesTo=Rule-Connect-REST&RequestRuleName=pzConnectParamMapFromOptions Payload: "{\"RequestClass\":\"Rule-HTML-Section\",\"RequestAppliesTo\":\"Rule-Connect-REST\",\"RequestRuleName\":\"pzConnectParamMapFromOptions\"}" => HTTP 404 (18 bytes)
[PegaHttpClient] 📡 POST https://zdk8budo.pegaacademy.net/prweb/api/CodeIntelligence/v1/rules/query?pxObjClass=Rule-HTML-Section&appliesTo=Rule-Connect-REST&pyRuleName=pzConnectMapFromKey&RequestClass=Rule-HTML-Section&RequestAppliesTo=Rule-Connect-REST&RequestRuleName=pzConnectMapFromKey Payload: "{\"RequestClass\":\"Rule-HTML-Section\",\"RequestAppliesTo\":\"Rule-Connect-REST\",\"RequestRuleName\":\"pzConnectMapFromKey\"}" => HTTP 404 (114 bytes)
[PegaHttpClient] 📡 POST https://zdk8budo.pegaacademy.net/prweb/PRRestService/CodeIntelligence/v1/rules/query?pxObjClass=Rule-HTML-Section&appliesTo=Rule-Connect-REST&pyRuleName=pzConnectMapFromKey&RequestClass=Rule-HTML-Section&RequestAppliesTo=Rule-Connect-REST&RequestRuleName=pzConnectMapFromKey Payload: "{\"RequestClass\":\"Rule-HTML-Section\",\"RequestAppliesTo\":\"Rule-Connect-REST\",\"RequestRuleName\":\"pzConnectMapFromKey\"}" => HTTP 404 (114 bytes)
[PegaHttpClient] 📡 POST https://zdk8budo.pegaacademy.net/prweb/api/HRAppsV2Service/V1/rules/query?pxObjClass=Rule-HTML-Section&appliesTo=Rule-Connect-REST&pyRuleName=pzConnectMapFromKey&RequestClass=Rule-HTML-Section&RequestAppliesTo=Rule-Connect-REST&RequestRuleName=pzConnectMapFromKey Payload: "{\"RequestClass\":\"Rule-HTML-Section\",\"RequestAppliesTo\":\"Rule-Connect-REST\",\"RequestRuleName\":\"pzConnectMapFromKey\"}" => HTTP 404 (18 bytes)
[PegaHttpClient] 📡 POST https://zdk8budo.pegaacademy.net/prweb/PRRestService/HRAppsV2Service/V1/rules/query?pxObjClass=Rule-HTML-Section&appliesTo=Rule-Connect-REST&pyRuleName=pzConnectMapFromKey&RequestClass=Rule-HTML-Section&RequestAppliesTo=Rule-Connect-REST&RequestRuleName=pzConnectMapFromKey Payload: "{\"RequestClass\":\"Rule-HTML-Section\",\"RequestAppliesTo\":\"Rule-Connect-REST\",\"RequestRuleName\":\"pzConnectMapFromKey\"}" => HTTP 404 (18 bytes)
[PegaHttpClient] 📡 POST https://zdk8budo.pegaacademy.net/prweb/api/HRAppsV2/V1/rules/query?pxObjClass=Rule-HTML-Section&appliesTo=Rule-Connect-REST&pyRuleName=pzConnectMapFromKey&RequestClass=Rule-HTML-Section&RequestAppliesTo=Rule-Connect-REST&RequestRuleName=pzConnectMapFromKey Payload: "{\"RequestClass\":\"Rule-HTML-Section\",\"RequestAppliesTo\":\"Rule-Connect-REST\",\"RequestRuleName\":\"pzConnectMapFromKey\"}" => HTTP 404 (18 bytes)
[PegaHttpClient] 📡 POST https://zdk8budo.pegaacademy.net/prweb/PRRestService/HRAppsV2/V1/rules/query?pxObjClass=Rule-HTML-Section&appliesTo=Rule-Connect-REST&pyRuleName=pzConnectMapFromKey&RequestClass=Rule-HTML-Section&RequestAppliesTo=Rule-Connect-REST&RequestRuleName=pzConnectMapFromKey Payload: "{\"RequestClass\":\"Rule-HTML-Section\",\"RequestAppliesTo\":\"Rule-Connect-REST\",\"RequestRuleName\":\"pzConnectMapFromKey\"}" => HTTP 404 (18 bytes)
[PegaHttpClient] 📡 POST https://zdk8budo.pegaacademy.net/prweb/api/v1/rules/query?pxObjClass=Rule-HTML-Section&appliesTo=Rule-Connect-REST&pyRuleName=pzConnectMapFromKey&RequestClass=Rule-HTML-Section&RequestAppliesTo=Rule-Connect-REST&RequestRuleName=pzConnectMapFromKey Payload: "{\"RequestClass\":\"Rule-HTML-Section\",\"RequestAppliesTo\":\"Rule-Connect-REST\",\"RequestRuleName\":\"pzConnectMapFromKey\"}" => HTTP 404 (18 bytes)
[PegaHttpClient] 📡 POST https://zdk8budo.pegaacademy.net/prweb/PRRestService/v1/rules/query?pxObjClass=Rule-HTML-Section&appliesTo=Rule-Connect-REST&pyRuleName=pzConnectMapFromKey&RequestClass=Rule-HTML-Section&RequestAppliesTo=Rule-Connect-REST&RequestRuleName=pzConnectMapFromKey Payload: "{\"RequestClass\":\"Rule-HTML-Section\",\"RequestAppliesTo\":\"Rule-Connect-REST\",\"RequestRuleName\":\"pzConnectMapFromKey\"}" => HTTP 404 (18 bytes)
[PegaHttpClient] 📡 POST https://zdk8budo.pegaacademy.net/prweb/api/CodeIntelligence/v1/rules/query?pxObjClass=Rule-HTML-Section&appliesTo=Rule-Connect-REST&pyRuleName=pzConnectParamMapToOptions&RequestClass=Rule-HTML-Section&RequestAppliesTo=Rule-Connect-REST&RequestRuleName=pzConnectParamMapToOptions Payload: "{\"RequestClass\":\"Rule-HTML-Section\",\"RequestAppliesTo\":\"Rule-Connect-REST\",\"RequestRuleName\":\"pzConnectParamMapToOptions\"}" => HTTP 404 (121 bytes)
[PegaHttpClient] 📡 POST https://zdk8budo.pegaacademy.net/prweb/PRRestService/CodeIntelligence/v1/rules/query?pxObjClass=Rule-HTML-Section&appliesTo=Rule-Connect-REST&pyRuleName=pzConnectParamMapToOptions&RequestClass=Rule-HTML-Section&RequestAppliesTo=Rule-Connect-REST&RequestRuleName=pzConnectParamMapToOptions Payload: "{\"RequestClass\":\"Rule-HTML-Section\",\"RequestAppliesTo\":\"Rule-Connect-REST\",\"RequestRuleName\":\"pzConnectParamMapToOptions\"}" => HTTP 404 (121 bytes)
[PegaHttpClient] 📡 POST https://zdk8budo.pegaacademy.net/prweb/api/HRAppsV2Service/V1/rules/query?pxObjClass=Rule-HTML-Section&appliesTo=Rule-Connect-REST&pyRuleName=pzConnectParamMapToOptions&RequestClass=Rule-HTML-Section&RequestAppliesTo=Rule-Connect-REST&RequestRuleName=pzConnectParamMapToOptions Payload: "{\"RequestClass\":\"Rule-HTML-Section\",\"RequestAppliesTo\":\"Rule-Connect-REST\",\"RequestRuleName\":\"pzConnectParamMapToOptions\"}" => HTTP 404 (18 bytes)
[PegaHttpClient] 📡 POST https://zdk8budo.pegaacademy.net/prweb/PRRestService/HRAppsV2Service/V1/rules/query?pxObjClass=Rule-HTML-Section&appliesTo=Rule-Connect-REST&pyRuleName=pzConnectParamMapToOptions&RequestClass=Rule-HTML-Section&RequestAppliesTo=Rule-Connect-REST&RequestRuleName=pzConnectParamMapToOptions Payload: "{\"RequestClass\":\"Rule-HTML-Section\",\"RequestAppliesTo\":\"Rule-Connect-REST\",\"RequestRuleName\":\"pzConnectParamMapToOptions\"}" => HTTP 404 (18 bytes)
[PegaHttpClient] 📡 POST https://zdk8budo.pegaacademy.net/prweb/api/HRAppsV2/V1/rules/query?pxObjClass=Rule-HTML-Section&appliesTo=Rule-Connect-REST&pyRuleName=pzConnectParamMapToOptions&RequestClass=Rule-HTML-Section&RequestAppliesTo=Rule-Connect-REST&RequestRuleName=pzConnectParamMapToOptions Payload: "{\"RequestClass\":\"Rule-HTML-Section\",\"RequestAppliesTo\":\"Rule-Connect-REST\",\"RequestRuleName\":\"pzConnectParamMapToOptions\"}" => HTTP 404 (18 bytes)
[PegaHttpClient] 📡 POST https://zdk8budo.pegaacademy.net/prweb/PRRestService/HRAppsV2/V1/rules/query?pxObjClass=Rule-HTML-Section&appliesTo=Rule-Connect-REST&pyRuleName=pzConnectParamMapToOptions&RequestClass=Rule-HTML-Section&RequestAppliesTo=Rule-Connect-REST&RequestRuleName=pzConnectParamMapToOptions Payload: "{\"RequestClass\":\"Rule-HTML-Section\",\"RequestAppliesTo\":\"Rule-Connect-REST\",\"RequestRuleName\":\"pzConnectParamMapToOptions\"}" => HTTP 404 (18 bytes)
[PegaHttpClient] 📡 POST https://zdk8budo.pegaacademy.net/prweb/api/v1/rules/query?pxObjClass=Rule-HTML-Section&appliesTo=Rule-Connect-REST&pyRuleName=pzConnectParamMapToOptions&RequestClass=Rule-HTML-Section&RequestAppliesTo=Rule-Connect-REST&RequestRuleName=pzConnectParamMapToOptions Payload: "{\"RequestClass\":\"Rule-HTML-Section\",\"RequestAppliesTo\":\"Rule-Connect-REST\",\"RequestRuleName\":\"pzConnectParamMapToOptions\"}" => HTTP 404 (18 bytes)
[PegaHttpClient] 📡 POST https://zdk8budo.pegaacademy.net/prweb/PRRestService/v1/rules/query?pxObjClass=Rule-HTML-Section&appliesTo=Rule-Connect-REST&pyRuleName=pzConnectParamMapToOptions&RequestClass=Rule-HTML-Section&RequestAppliesTo=Rule-Connect-REST&RequestRuleName=pzConnectParamMapToOptions Payload: "{\"RequestClass\":\"Rule-HTML-Section\",\"RequestAppliesTo\":\"Rule-Connect-REST\",\"RequestRuleName\":\"pzConnectParamMapToOptions\"}" => HTTP 404 (18 bytes)
[PegaHttpClient] 📡 POST https://zdk8budo.pegaacademy.net/prweb/api/CodeIntelligence/v1/rules/query?pxObjClass=Rule-HTML-Section&appliesTo=Rule-Connect-REST&pyRuleName=pzConnectMapToKey&RequestClass=Rule-HTML-Section&RequestAppliesTo=Rule-Connect-REST&RequestRuleName=pzConnectMapToKey Payload: "{\"RequestClass\":\"Rule-HTML-Section\",\"RequestAppliesTo\":\"Rule-Connect-REST\",\"RequestRuleName\":\"pzConnectMapToKey\"}" => HTTP 404 (112 bytes)
[PegaHttpClient] 📡 POST https://zdk8budo.pegaacademy.net/prweb/PRRestService/CodeIntelligence/v1/rules/query?pxObjClass=Rule-HTML-Section&appliesTo=Rule-Connect-REST&pyRuleName=pzConnectMapToKey&RequestClass=Rule-HTML-Section&RequestAppliesTo=Rule-Connect-REST&RequestRuleName=pzConnectMapToKey Payload: "{\"RequestClass\":\"Rule-HTML-Section\",\"RequestAppliesTo\":\"Rule-Connect-REST\",\"RequestRuleName\":\"pzConnectMapToKey\"}" => HTTP 404 (112 bytes)
[PegaHttpClient] 📡 POST https://zdk8budo.pegaacademy.net/prweb/api/HRAppsV2Service/V1/rules/query?pxObjClass=Rule-HTML-Section&appliesTo=Rule-Connect-REST&pyRuleName=pzConnectMapToKey&RequestClass=Rule-HTML-Section&RequestAppliesTo=Rule-Connect-REST&RequestRuleName=pzConnectMapToKey Payload: "{\"RequestClass\":\"Rule-HTML-Section\",\"RequestAppliesTo\":\"Rule-Connect-REST\",\"RequestRuleName\":\"pzConnectMapToKey\"}" => HTTP 404 (18 bytes)
[PegaHttpClient] 📡 POST https://zdk8budo.pegaacademy.net/prweb/PRRestService/HRAppsV2Service/V1/rules/query?pxObjClass=Rule-HTML-Section&appliesTo=Rule-Connect-REST&pyRuleName=pzConnectMapToKey&RequestClass=Rule-HTML-Section&RequestAppliesTo=Rule-Connect-REST&RequestRuleName=pzConnectMapToKey Payload: "{\"RequestClass\":\"Rule-HTML-Section\",\"RequestAppliesTo\":\"Rule-Connect-REST\",\"RequestRuleName\":\"pzConnectMapToKey\"}" => HTTP 404 (18 bytes)
[PegaHttpClient] 📡 POST https://zdk8budo.pegaacademy.net/prweb/api/HRAppsV2/V1/rules/query?pxObjClass=Rule-HTML-Section&appliesTo=Rule-Connect-REST&pyRuleName=pzConnectMapToKey&RequestClass=Rule-HTML-Section&RequestAppliesTo=Rule-Connect-REST&RequestRuleName=pzConnectMapToKey Payload: "{\"RequestClass\":\"Rule-HTML-Section\",\"RequestAppliesTo\":\"Rule-Connect-REST\",\"RequestRuleName\":\"pzConnectMapToKey\"}" => HTTP 404 (18 bytes)
[PegaHttpClient] 📡 POST https://zdk8budo.pegaacademy.net/prweb/PRRestService/HRAppsV2/V1/rules/query?pxObjClass=Rule-HTML-Section&appliesTo=Rule-Connect-REST&pyRuleName=pzConnectMapToKey&RequestClass=Rule-HTML-Section&RequestAppliesTo=Rule-Connect-REST&RequestRuleName=pzConnectMapToKey Payload: "{\"RequestClass\":\"Rule-HTML-Section\",\"RequestAppliesTo\":\"Rule-Connect-REST\",\"RequestRuleName\":\"pzConnectMapToKey\"}" => HTTP 404 (18 bytes)
[PegaHttpClient] 📡 POST https://zdk8budo.pegaacademy.net/prweb/api/v1/rules/query?pxObjClass=Rule-HTML-Section&appliesTo=Rule-Connect-REST&pyRuleName=pzConnectMapToKey&RequestClass=Rule-HTML-Section&RequestAppliesTo=Rule-Connect-REST&RequestRuleName=pzConnectMapToKey Payload: "{\"RequestClass\":\"Rule-HTML-Section\",\"RequestAppliesTo\":\"Rule-Connect-REST\",\"RequestRuleName\":\"pzConnectMapToKey\"}" => HTTP 404 (18 bytes)
[PegaHttpClient] 📡 POST https://zdk8budo.pegaacademy.net/prweb/PRRestService/v1/rules/query?pxObjClass=Rule-HTML-Section&appliesTo=Rule-Connect-REST&pyRuleName=pzConnectMapToKey&RequestClass=Rule-HTML-Section&RequestAppliesTo=Rule-Connect-REST&RequestRuleName=pzConnectMapToKey Payload: "{\"RequestClass\":\"Rule-HTML-Section\",\"RequestAppliesTo\":\"Rule-Connect-REST\",\"RequestRuleName\":\"pzConnectMapToKey\"}" => HTTP 404 (18 bytes)
[PegaHttpClient] 📡 POST https://zdk8budo.pegaacademy.net/prweb/api/CodeIntelligence/v1/rules/query?pxObjClass=Rule-HTML-Section&appliesTo=Rule-Connect-REST&pyRuleName=pzConRESTMapPayloadTo&RequestClass=Rule-HTML-Section&RequestAppliesTo=Rule-Connect-REST&RequestRuleName=pzConRESTMapPayloadTo Payload: "{\"RequestClass\":\"Rule-HTML-Section\",\"RequestAppliesTo\":\"Rule-Connect-REST\",\"RequestRuleName\":\"pzConRESTMapPayloadTo\"}" => HTTP 404 (116 bytes)
[PegaHttpClient] 📡 POST https://zdk8budo.pegaacademy.net/prweb/PRRestService/CodeIntelligence/v1/rules/query?pxObjClass=Rule-HTML-Section&appliesTo=Rule-Connect-REST&pyRuleName=pzConRESTMapPayloadTo&RequestClass=Rule-HTML-Section&RequestAppliesTo=Rule-Connect-REST&RequestRuleName=pzConRESTMapPayloadTo Payload: "{\"RequestClass\":\"Rule-HTML-Section\",\"RequestAppliesTo\":\"Rule-Connect-REST\",\"RequestRuleName\":\"pzConRESTMapPayloadTo\"}" => HTTP 404 (116 bytes)
[PegaHttpClient] 📡 POST https://zdk8budo.pegaacademy.net/prweb/api/HRAppsV2Service/V1/rules/query?pxObjClass=Rule-HTML-Section&appliesTo=Rule-Connect-REST&pyRuleName=pzConRESTMapPayloadTo&RequestClass=Rule-HTML-Section&RequestAppliesTo=Rule-Connect-REST&RequestRuleName=pzConRESTMapPayloadTo Payload: "{\"RequestClass\":\"Rule-HTML-Section\",\"RequestAppliesTo\":\"Rule-Connect-REST\",\"RequestRuleName\":\"pzConRESTMapPayloadTo\"}" => HTTP 404 (18 bytes)
[PegaHttpClient] 📡 POST https://zdk8budo.pegaacademy.net/prweb/PRRestService/HRAppsV2Service/V1/rules/query?pxObjClass=Rule-HTML-Section&appliesTo=Rule-Connect-REST&pyRuleName=pzConRESTMapPayloadTo&RequestClass=Rule-HTML-Section&RequestAppliesTo=Rule-Connect-REST&RequestRuleName=pzConRESTMapPayloadTo Payload: "{\"RequestClass\":\"Rule-HTML-Section\",\"RequestAppliesTo\":\"Rule-Connect-REST\",\"RequestRuleName\":\"pzConRESTMapPayloadTo\"}" => HTTP 404 (18 bytes)
[PegaHttpClient] 📡 POST https://zdk8budo.pegaacademy.net/prweb/api/HRAppsV2/V1/rules/query?pxObjClass=Rule-HTML-Section&appliesTo=Rule-Connect-REST&pyRuleName=pzConRESTMapPayloadTo&RequestClass=Rule-HTML-Section&RequestAppliesTo=Rule-Connect-REST&RequestRuleName=pzConRESTMapPayloadTo Payload: "{\"RequestClass\":\"Rule-HTML-Section\",\"RequestAppliesTo\":\"Rule-Connect-REST\",\"RequestRuleName\":\"pzConRESTMapPayloadTo\"}" => HTTP 404 (18 bytes)
[PegaHttpClient] 📡 POST https://zdk8budo.pegaacademy.net/prweb/PRRestService/HRAppsV2/V1/rules/query?pxObjClass=Rule-HTML-Section&appliesTo=Rule-Connect-REST&pyRuleName=pzConRESTMapPayloadTo&RequestClass=Rule-HTML-Section&RequestAppliesTo=Rule-Connect-REST&RequestRuleName=pzConRESTMapPayloadTo Payload: "{\"RequestClass\":\"Rule-HTML-Section\",\"RequestAppliesTo\":\"Rule-Connect-REST\",\"RequestRuleName\":\"pzConRESTMapPayloadTo\"}" => HTTP 404 (18 bytes)
[PegaHttpClient] 📡 POST https://zdk8budo.pegaacademy.net/prweb/api/v1/rules/query?pxObjClass=Rule-HTML-Section&appliesTo=Rule-Connect-REST&pyRuleName=pzConRESTMapPayloadTo&RequestClass=Rule-HTML-Section&RequestAppliesTo=Rule-Connect-REST&RequestRuleName=pzConRESTMapPayloadTo Payload: "{\"RequestClass\":\"Rule-HTML-Section\",\"RequestAppliesTo\":\"Rule-Connect-REST\",\"RequestRuleName\":\"pzConRESTMapPayloadTo\"}" => HTTP 404 (18 bytes)
[PegaHttpClient] 📡 POST https://zdk8budo.pegaacademy.net/prweb/PRRestService/v1/rules/query?pxObjClass=Rule-HTML-Section&appliesTo=Rule-Connect-REST&pyRuleName=pzConRESTMapPayloadTo&RequestClass=Rule-HTML-Section&RequestAppliesTo=Rule-Connect-REST&RequestRuleName=pzConRESTMapPayloadTo Payload: "{\"RequestClass\":\"Rule-HTML-Section\",\"RequestAppliesTo\":\"Rule-Connect-REST\",\"RequestRuleName\":\"pzConRESTMapPayloadTo\"}" => HTTP 404 (18 bytes)
[PegaHttpClient] 📡 POST https://zdk8budo.pegaacademy.net/prweb/api/CodeIntelligence/v1/rules/query?pxObjClass=Rule-HTML-Section&appliesTo=Rule-Connect-REST&pyRuleName=pzConnectParamMapFromOptions&RequestClass=Rule-HTML-Section&RequestAppliesTo=Rule-Connect-REST&RequestRuleName=pzConnectParamMapFromOptions Payload: "{\"RequestClass\":\"Rule-HTML-Section\",\"RequestAppliesTo\":\"Rule-Connect-REST\",\"RequestRuleName\":\"pzConnectParamMapFromOptions\"}" => HTTP 404 (123 bytes)
[PegaHttpClient] 📡 POST https://zdk8budo.pegaacademy.net/prweb/PRRestService/CodeIntelligence/v1/rules/query?pxObjClass=Rule-HTML-Section&appliesTo=Rule-Connect-REST&pyRuleName=pzConnectParamMapFromOptions&RequestClass=Rule-HTML-Section&RequestAppliesTo=Rule-Connect-REST&RequestRuleName=pzConnectParamMapFromOptions Payload: "{\"RequestClass\":\"Rule-HTML-Section\",\"RequestAppliesTo\":\"Rule-Connect-REST\",\"RequestRuleName\":\"pzConnectParamMapFromOptions\"}" => HTTP 404 (123 bytes)
[PegaHttpClient] 📡 POST https://zdk8budo.pegaacademy.net/prweb/api/HRAppsV2Service/V1/rules/query?pxObjClass=Rule-HTML-Section&appliesTo=Rule-Connect-REST&pyRuleName=pzConnectParamMapFromOptions&RequestClass=Rule-HTML-Section&RequestAppliesTo=Rule-Connect-REST&RequestRuleName=pzConnectParamMapFromOptions Payload: "{\"RequestClass\":\"Rule-HTML-Section\",\"RequestAppliesTo\":\"Rule-Connect-REST\",\"RequestRuleName\":\"pzConnectParamMapFromOptions\"}" => HTTP 404 (18 bytes)
[PegaHttpClient] 📡 POST https://zdk8budo.pegaacademy.net/prweb/PRRestService/HRAppsV2Service/V1/rules/query?pxObjClass=Rule-HTML-Section&appliesTo=Rule-Connect-REST&pyRuleName=pzConnectParamMapFromOptions&RequestClass=Rule-HTML-Section&RequestAppliesTo=Rule-Connect-REST&RequestRuleName=pzConnectParamMapFromOptions Payload: "{\"RequestClass\":\"Rule-HTML-Section\",\"RequestAppliesTo\":\"Rule-Connect-REST\",\"RequestRuleName\":\"pzConnectParamMapFromOptions\"}" => HTTP 404 (18 bytes)
[PegaHttpClient] 📡 POST https://zdk8budo.pegaacademy.net/prweb/api/HRAppsV2/V1/rules/query?pxObjClass=Rule-HTML-Section&appliesTo=Rule-Connect-REST&pyRuleName=pzConnectParamMapFromOptions&RequestClass=Rule-HTML-Section&RequestAppliesTo=Rule-Connect-REST&RequestRuleName=pzConnectParamMapFromOptions Payload: "{\"RequestClass\":\"Rule-HTML-Section\",\"RequestAppliesTo\":\"Rule-Connect-REST\",\"RequestRuleName\":\"pzConnectParamMapFromOptions\"}" => HTTP 404 (18 bytes)
[PegaHttpClient] 📡 POST https://zdk8budo.pegaacademy.net/prweb/PRRestService/HRAppsV2/V1/rules/query?pxObjClass=Rule-HTML-Section&appliesTo=Rule-Connect-REST&pyRuleName=pzConnectParamMapFromOptions&RequestClass=Rule-HTML-Section&RequestAppliesTo=Rule-Connect-REST&RequestRuleName=pzConnectParamMapFromOptions Payload: "{\"RequestClass\":\"Rule-HTML-Section\",\"RequestAppliesTo\":\"Rule-Connect-REST\",\"RequestRuleName\":\"pzConnectParamMapFromOptions\"}" => HTTP 404 (18 bytes)
[PegaHttpClient] 📡 POST https://zdk8budo.pegaacademy.net/prweb/api/v1/rules/query?pxObjClass=Rule-HTML-Section&appliesTo=Rule-Connect-REST&pyRuleName=pzConnectParamMapFromOptions&RequestClass=Rule-HTML-Section&RequestAppliesTo=Rule-Connect-REST&RequestRuleName=pzConnectParamMapFromOptions Payload: "{\"RequestClass\":\"Rule-HTML-Section\",\"RequestAppliesTo\":\"Rule-Connect-REST\",\"RequestRuleName\":\"pzConnectParamMapFromOptions\"}" => HTTP 404 (18 bytes)
[PegaHttpClient] 📡 POST https://zdk8budo.pegaacademy.net/prweb/PRRestService/v1/rules/query?pxObjClass=Rule-HTML-Section&appliesTo=Rule-Connect-REST&pyRuleName=pzConnectParamMapFromOptions&RequestClass=Rule-HTML-Section&RequestAppliesTo=Rule-Connect-REST&RequestRuleName=pzConnectParamMapFromOptions Payload: "{\"RequestClass\":\"Rule-HTML-Section\",\"RequestAppliesTo\":\"Rule-Connect-REST\",\"RequestRuleName\":\"pzConnectParamMapFromOptions\"}" => HTTP 404 (18 bytes)
[PegaHttpClient] 📡 POST https://zdk8budo.pegaacademy.net/prweb/api/CodeIntelligence/v1/rules/query?pxObjClass=Rule-HTML-Section&appliesTo=Rule-Connect-REST&pyRuleName=pzConnectMapFromKey&RequestClass=Rule-HTML-Section&RequestAppliesTo=Rule-Connect-REST&RequestRuleName=pzConnectMapFromKey Payload: "{\"RequestClass\":\"Rule-HTML-Section\",\"RequestAppliesTo\":\"Rule-Connect-REST\",\"RequestRuleName\":\"pzConnectMapFromKey\"}" => HTTP 404 (114 bytes)
[PegaHttpClient] 📡 POST https://zdk8budo.pegaacademy.net/prweb/PRRestService/CodeIntelligence/v1/rules/query?pxObjClass=Rule-HTML-Section&appliesTo=Rule-Connect-REST&pyRuleName=pzConnectMapFromKey&RequestClass=Rule-HTML-Section&RequestAppliesTo=Rule-Connect-REST&RequestRuleName=pzConnectMapFromKey Payload: "{\"RequestClass\":\"Rule-HTML-Section\",\"RequestAppliesTo\":\"Rule-Connect-REST\",\"RequestRuleName\":\"pzConnectMapFromKey\"}" => HTTP 404 (114 bytes)
[PegaHttpClient] 📡 POST https://zdk8budo.pegaacademy.net/prweb/api/HRAppsV2Service/V1/rules/query?pxObjClass=Rule-HTML-Section&appliesTo=Rule-Connect-REST&pyRuleName=pzConnectMapFromKey&RequestClass=Rule-HTML-Section&RequestAppliesTo=Rule-Connect-REST&RequestRuleName=pzConnectMapFromKey Payload: "{\"RequestClass\":\"Rule-HTML-Section\",\"RequestAppliesTo\":\"Rule-Connect-REST\",\"RequestRuleName\":\"pzConnectMapFromKey\"}" => HTTP 404 (18 bytes)
[PegaHttpClient] 📡 POST https://zdk8budo.pegaacademy.net/prweb/PRRestService/HRAppsV2Service/V1/rules/query?pxObjClass=Rule-HTML-Section&appliesTo=Rule-Connect-REST&pyRuleName=pzConnectMapFromKey&RequestClass=Rule-HTML-Section&RequestAppliesTo=Rule-Connect-REST&RequestRuleName=pzConnectMapFromKey Payload: "{\"RequestClass\":\"Rule-HTML-Section\",\"RequestAppliesTo\":\"Rule-Connect-REST\",\"RequestRuleName\":\"pzConnectMapFromKey\"}" => HTTP 404 (18 bytes)
[PegaHttpClient] 📡 POST https://zdk8budo.pegaacademy.net/prweb/api/HRAppsV2/V1/rules/query?pxObjClass=Rule-HTML-Section&appliesTo=Rule-Connect-REST&pyRuleName=pzConnectMapFromKey&RequestClass=Rule-HTML-Section&RequestAppliesTo=Rule-Connect-REST&RequestRuleName=pzConnectMapFromKey Payload: "{\"RequestClass\":\"Rule-HTML-Section\",\"RequestAppliesTo\":\"Rule-Connect-REST\",\"RequestRuleName\":\"pzConnectMapFromKey\"}" => HTTP 404 (18 bytes)
[PegaHttpClient] 📡 POST https://zdk8budo.pegaacademy.net/prweb/PRRestService/HRAppsV2/V1/rules/query?pxObjClass=Rule-HTML-Section&appliesTo=Rule-Connect-REST&pyRuleName=pzConnectMapFromKey&RequestClass=Rule-HTML-Section&RequestAppliesTo=Rule-Connect-REST&RequestRuleName=pzConnectMapFromKey Payload: "{\"RequestClass\":\"Rule-HTML-Section\",\"RequestAppliesTo\":\"Rule-Connect-REST\",\"RequestRuleName\":\"pzConnectMapFromKey\"}" => HTTP 404 (18 bytes)
[PegaHttpClient] 📡 POST https://zdk8budo.pegaacademy.net/prweb/api/v1/rules/query?pxObjClass=Rule-HTML-Section&appliesTo=Rule-Connect-REST&pyRuleName=pzConnectMapFromKey&RequestClass=Rule-HTML-Section&RequestAppliesTo=Rule-Connect-REST&RequestRuleName=pzConnectMapFromKey Payload: "{\"RequestClass\":\"Rule-HTML-Section\",\"RequestAppliesTo\":\"Rule-Connect-REST\",\"RequestRuleName\":\"pzConnectMapFromKey\"}" => HTTP 404 (18 bytes)
[PegaHttpClient] 📡 POST https://zdk8budo.pegaacademy.net/prweb/PRRestService/v1/rules/query?pxObjClass=Rule-HTML-Section&appliesTo=Rule-Connect-REST&pyRuleName=pzConnectMapFromKey&RequestClass=Rule-HTML-Section&RequestAppliesTo=Rule-Connect-REST&RequestRuleName=pzConnectMapFromKey Payload: "{\"RequestClass\":\"Rule-HTML-Section\",\"RequestAppliesTo\":\"Rule-Connect-REST\",\"RequestRuleName\":\"pzConnectMapFromKey\"}" => HTTP 404 (18 bytes)
[PegaHttpClient] 📡 POST https://zdk8budo.pegaacademy.net/prweb/api/CodeIntelligence/v1/rules/query?pxObjClass=Rule-HTML-Section&appliesTo=Rule-Connect-REST&pyRuleName=pzPostRequestData&RequestClass=Rule-HTML-Section&RequestAppliesTo=Rule-Connect-REST&RequestRuleName=pzPostRequestData Payload: "{\"RequestClass\":\"Rule-HTML-Section\",\"RequestAppliesTo\":\"Rule-Connect-REST\",\"RequestRuleName\":\"pzPostRequestData\"}" => HTTP 200 (102032 bytes)
[PegaHttpClient] 📡 POST https://zdk8budo.pegaacademy.net/prweb/api/CodeIntelligence/v1/rules/query?pxObjClass=Rule-HTML-Section&appliesTo=Rule-Connect-REST&pyRuleName=pzConnectParamMapToOptions&RequestClass=Rule-HTML-Section&RequestAppliesTo=Rule-Connect-REST&RequestRuleName=pzConnectParamMapToOptions Payload: "{\"RequestClass\":\"Rule-HTML-Section\",\"RequestAppliesTo\":\"Rule-Connect-REST\",\"RequestRuleName\":\"pzConnectParamMapToOptions\"}" => HTTP 404 (121 bytes)
[PegaHttpClient] 📡 POST https://zdk8budo.pegaacademy.net/prweb/PRRestService/CodeIntelligence/v1/rules/query?pxObjClass=Rule-HTML-Section&appliesTo=Rule-Connect-REST&pyRuleName=pzConnectParamMapToOptions&RequestClass=Rule-HTML-Section&RequestAppliesTo=Rule-Connect-REST&RequestRuleName=pzConnectParamMapToOptions Payload: "{\"RequestClass\":\"Rule-HTML-Section\",\"RequestAppliesTo\":\"Rule-Connect-REST\",\"RequestRuleName\":\"pzConnectParamMapToOptions\"}" => HTTP 404 (121 bytes)
[PegaHttpClient] 📡 POST https://zdk8budo.pegaacademy.net/prweb/api/HRAppsV2Service/V1/rules/query?pxObjClass=Rule-HTML-Section&appliesTo=Rule-Connect-REST&pyRuleName=pzConnectParamMapToOptions&RequestClass=Rule-HTML-Section&RequestAppliesTo=Rule-Connect-REST&RequestRuleName=pzConnectParamMapToOptions Payload: "{\"RequestClass\":\"Rule-HTML-Section\",\"RequestAppliesTo\":\"Rule-Connect-REST\",\"RequestRuleName\":\"pzConnectParamMapToOptions\"}" => HTTP 404 (18 bytes)
[PegaHttpClient] 📡 POST https://zdk8budo.pegaacademy.net/prweb/PRRestService/HRAppsV2Service/V1/rules/query?pxObjClass=Rule-HTML-Section&appliesTo=Rule-Connect-REST&pyRuleName=pzConnectParamMapToOptions&RequestClass=Rule-HTML-Section&RequestAppliesTo=Rule-Connect-REST&RequestRuleName=pzConnectParamMapToOptions Payload: "{\"RequestClass\":\"Rule-HTML-Section\",\"RequestAppliesTo\":\"Rule-Connect-REST\",\"RequestRuleName\":\"pzConnectParamMapToOptions\"}" => HTTP 404 (18 bytes)
[PegaHttpClient] 📡 POST https://zdk8budo.pegaacademy.net/prweb/api/HRAppsV2/V1/rules/query?pxObjClass=Rule-HTML-Section&appliesTo=Rule-Connect-REST&pyRuleName=pzConnectParamMapToOptions&RequestClass=Rule-HTML-Section&RequestAppliesTo=Rule-Connect-REST&RequestRuleName=pzConnectParamMapToOptions Payload: "{\"RequestClass\":\"Rule-HTML-Section\",\"RequestAppliesTo\":\"Rule-Connect-REST\",\"RequestRuleName\":\"pzConnectParamMapToOptions\"}" => HTTP 404 (18 bytes)
[PegaHttpClient] 📡 POST https://zdk8budo.pegaacademy.net/prweb/PRRestService/HRAppsV2/V1/rules/query?pxObjClass=Rule-HTML-Section&appliesTo=Rule-Connect-REST&pyRuleName=pzConnectParamMapToOptions&RequestClass=Rule-HTML-Section&RequestAppliesTo=Rule-Connect-REST&RequestRuleName=pzConnectParamMapToOptions Payload: "{\"RequestClass\":\"Rule-HTML-Section\",\"RequestAppliesTo\":\"Rule-Connect-REST\",\"RequestRuleName\":\"pzConnectParamMapToOptions\"}" => HTTP 404 (18 bytes)
[PegaHttpClient] 📡 POST https://zdk8budo.pegaacademy.net/prweb/api/v1/rules/query?pxObjClass=Rule-HTML-Section&appliesTo=Rule-Connect-REST&pyRuleName=pzConnectParamMapToOptions&RequestClass=Rule-HTML-Section&RequestAppliesTo=Rule-Connect-REST&RequestRuleName=pzConnectParamMapToOptions Payload: "{\"RequestClass\":\"Rule-HTML-Section\",\"RequestAppliesTo\":\"Rule-Connect-REST\",\"RequestRuleName\":\"pzConnectParamMapToOptions\"}" => HTTP 404 (18 bytes)
[PegaHttpClient] 📡 POST https://zdk8budo.pegaacademy.net/prweb/PRRestService/v1/rules/query?pxObjClass=Rule-HTML-Section&appliesTo=Rule-Connect-REST&pyRuleName=pzConnectParamMapToOptions&RequestClass=Rule-HTML-Section&RequestAppliesTo=Rule-Connect-REST&RequestRuleName=pzConnectParamMapToOptions Payload: "{\"RequestClass\":\"Rule-HTML-Section\",\"RequestAppliesTo\":\"Rule-Connect-REST\",\"RequestRuleName\":\"pzConnectParamMapToOptions\"}" => HTTP 404 (18 bytes)
[PegaHttpClient] 📡 POST https://zdk8budo.pegaacademy.net/prweb/api/CodeIntelligence/v1/rules/query?pxObjClass=Rule-HTML-Section&appliesTo=Rule-Connect-REST&pyRuleName=pzConnectMapToKey&RequestClass=Rule-HTML-Section&RequestAppliesTo=Rule-Connect-REST&RequestRuleName=pzConnectMapToKey Payload: "{\"RequestClass\":\"Rule-HTML-Section\",\"RequestAppliesTo\":\"Rule-Connect-REST\",\"RequestRuleName\":\"pzConnectMapToKey\"}" => HTTP 404 (112 bytes)
[PegaHttpClient] 📡 POST https://zdk8budo.pegaacademy.net/prweb/PRRestService/CodeIntelligence/v1/rules/query?pxObjClass=Rule-HTML-Section&appliesTo=Rule-Connect-REST&pyRuleName=pzConnectMapToKey&RequestClass=Rule-HTML-Section&RequestAppliesTo=Rule-Connect-REST&RequestRuleName=pzConnectMapToKey Payload: "{\"RequestClass\":\"Rule-HTML-Section\",\"RequestAppliesTo\":\"Rule-Connect-REST\",\"RequestRuleName\":\"pzConnectMapToKey\"}" => HTTP 404 (112 bytes)
[PegaHttpClient] 📡 POST https://zdk8budo.pegaacademy.net/prweb/api/HRAppsV2Service/V1/rules/query?pxObjClass=Rule-HTML-Section&appliesTo=Rule-Connect-REST&pyRuleName=pzConnectMapToKey&RequestClass=Rule-HTML-Section&RequestAppliesTo=Rule-Connect-REST&RequestRuleName=pzConnectMapToKey Payload: "{\"RequestClass\":\"Rule-HTML-Section\",\"RequestAppliesTo\":\"Rule-Connect-REST\",\"RequestRuleName\":\"pzConnectMapToKey\"}" => HTTP 404 (18 bytes)
[PegaHttpClient] 📡 POST https://zdk8budo.pegaacademy.net/prweb/PRRestService/HRAppsV2Service/V1/rules/query?pxObjClass=Rule-HTML-Section&appliesTo=Rule-Connect-REST&pyRuleName=pzConnectMapToKey&RequestClass=Rule-HTML-Section&RequestAppliesTo=Rule-Connect-REST&RequestRuleName=pzConnectMapToKey Payload: "{\"RequestClass\":\"Rule-HTML-Section\",\"RequestAppliesTo\":\"Rule-Connect-REST\",\"RequestRuleName\":\"pzConnectMapToKey\"}" => HTTP 404 (18 bytes)
[PegaHttpClient] 📡 POST https://zdk8budo.pegaacademy.net/prweb/api/HRAppsV2/V1/rules/query?pxObjClass=Rule-HTML-Section&appliesTo=Rule-Connect-REST&pyRuleName=pzConnectMapToKey&RequestClass=Rule-HTML-Section&RequestAppliesTo=Rule-Connect-REST&RequestRuleName=pzConnectMapToKey Payload: "{\"RequestClass\":\"Rule-HTML-Section\",\"RequestAppliesTo\":\"Rule-Connect-REST\",\"RequestRuleName\":\"pzConnectMapToKey\"}" => HTTP 404 (18 bytes)
[PegaHttpClient] 📡 POST https://zdk8budo.pegaacademy.net/prweb/PRRestService/HRAppsV2/V1/rules/query?pxObjClass=Rule-HTML-Section&appliesTo=Rule-Connect-REST&pyRuleName=pzConnectMapToKey&RequestClass=Rule-HTML-Section&RequestAppliesTo=Rule-Connect-REST&RequestRuleName=pzConnectMapToKey Payload: "{\"RequestClass\":\"Rule-HTML-Section\",\"RequestAppliesTo\":\"Rule-Connect-REST\",\"RequestRuleName\":\"pzConnectMapToKey\"}" => HTTP 404 (18 bytes)
[PegaHttpClient] 📡 POST https://zdk8budo.pegaacademy.net/prweb/api/v1/rules/query?pxObjClass=Rule-HTML-Section&appliesTo=Rule-Connect-REST&pyRuleName=pzConnectMapToKey&RequestClass=Rule-HTML-Section&RequestAppliesTo=Rule-Connect-REST&RequestRuleName=pzConnectMapToKey Payload: "{\"RequestClass\":\"Rule-HTML-Section\",\"RequestAppliesTo\":\"Rule-Connect-REST\",\"RequestRuleName\":\"pzConnectMapToKey\"}" => HTTP 404 (18 bytes)
[PegaHttpClient] 📡 POST https://zdk8budo.pegaacademy.net/prweb/PRRestService/v1/rules/query?pxObjClass=Rule-HTML-Section&appliesTo=Rule-Connect-REST&pyRuleName=pzConnectMapToKey&RequestClass=Rule-HTML-Section&RequestAppliesTo=Rule-Connect-REST&RequestRuleName=pzConnectMapToKey Payload: "{\"RequestClass\":\"Rule-HTML-Section\",\"RequestAppliesTo\":\"Rule-Connect-REST\",\"RequestRuleName\":\"pzConnectMapToKey\"}" => HTTP 404 (18 bytes)
[PegaHttpClient] 📡 POST https://zdk8budo.pegaacademy.net/prweb/api/CodeIntelligence/v1/rules/query?pxObjClass=Rule-HTML-Section&appliesTo=Rule-Connect-REST&pyRuleName=pzConRESTMapPayloadTo&RequestClass=Rule-HTML-Section&RequestAppliesTo=Rule-Connect-REST&RequestRuleName=pzConRESTMapPayloadTo Payload: "{\"RequestClass\":\"Rule-HTML-Section\",\"RequestAppliesTo\":\"Rule-Connect-REST\",\"RequestRuleName\":\"pzConRESTMapPayloadTo\"}" => HTTP 404 (116 bytes)
[PegaHttpClient] 📡 POST https://zdk8budo.pegaacademy.net/prweb/PRRestService/CodeIntelligence/v1/rules/query?pxObjClass=Rule-HTML-Section&appliesTo=Rule-Connect-REST&pyRuleName=pzConRESTMapPayloadTo&RequestClass=Rule-HTML-Section&RequestAppliesTo=Rule-Connect-REST&RequestRuleName=pzConRESTMapPayloadTo Payload: "{\"RequestClass\":\"Rule-HTML-Section\",\"RequestAppliesTo\":\"Rule-Connect-REST\",\"RequestRuleName\":\"pzConRESTMapPayloadTo\"}" => HTTP 404 (116 bytes)
[PegaHttpClient] 📡 POST https://zdk8budo.pegaacademy.net/prweb/api/HRAppsV2Service/V1/rules/query?pxObjClass=Rule-HTML-Section&appliesTo=Rule-Connect-REST&pyRuleName=pzConRESTMapPayloadTo&RequestClass=Rule-HTML-Section&RequestAppliesTo=Rule-Connect-REST&RequestRuleName=pzConRESTMapPayloadTo Payload: "{\"RequestClass\":\"Rule-HTML-Section\",\"RequestAppliesTo\":\"Rule-Connect-REST\",\"RequestRuleName\":\"pzConRESTMapPayloadTo\"}" => HTTP 404 (18 bytes)
[PegaHttpClient] 📡 POST https://zdk8budo.pegaacademy.net/prweb/PRRestService/HRAppsV2Service/V1/rules/query?pxObjClass=Rule-HTML-Section&appliesTo=Rule-Connect-REST&pyRuleName=pzConRESTMapPayloadTo&RequestClass=Rule-HTML-Section&RequestAppliesTo=Rule-Connect-REST&RequestRuleName=pzConRESTMapPayloadTo Payload: "{\"RequestClass\":\"Rule-HTML-Section\",\"RequestAppliesTo\":\"Rule-Connect-REST\",\"RequestRuleName\":\"pzConRESTMapPayloadTo\"}" => HTTP 404 (18 bytes)
[PegaHttpClient] 📡 POST https://zdk8budo.pegaacademy.net/prweb/api/HRAppsV2/V1/rules/query?pxObjClass=Rule-HTML-Section&appliesTo=Rule-Connect-REST&pyRuleName=pzConRESTMapPayloadTo&RequestClass=Rule-HTML-Section&RequestAppliesTo=Rule-Connect-REST&RequestRuleName=pzConRESTMapPayloadTo Payload: "{\"RequestClass\":\"Rule-HTML-Section\",\"RequestAppliesTo\":\"Rule-Connect-REST\",\"RequestRuleName\":\"pzConRESTMapPayloadTo\"}" => HTTP 404 (18 bytes)
[PegaHttpClient] 📡 POST https://zdk8budo.pegaacademy.net/prweb/PRRestService/HRAppsV2/V1/rules/query?pxObjClass=Rule-HTML-Section&appliesTo=Rule-Connect-REST&pyRuleName=pzConRESTMapPayloadTo&RequestClass=Rule-HTML-Section&RequestAppliesTo=Rule-Connect-REST&RequestRuleName=pzConRESTMapPayloadTo Payload: "{\"RequestClass\":\"Rule-HTML-Section\",\"RequestAppliesTo\":\"Rule-Connect-REST\",\"RequestRuleName\":\"pzConRESTMapPayloadTo\"}" => HTTP 404 (18 bytes)
[PegaHttpClient] 📡 POST https://zdk8budo.pegaacademy.net/prweb/api/v1/rules/query?pxObjClass=Rule-HTML-Section&appliesTo=Rule-Connect-REST&pyRuleName=pzConRESTMapPayloadTo&RequestClass=Rule-HTML-Section&RequestAppliesTo=Rule-Connect-REST&RequestRuleName=pzConRESTMapPayloadTo Payload: "{\"RequestClass\":\"Rule-HTML-Section\",\"RequestAppliesTo\":\"Rule-Connect-REST\",\"RequestRuleName\":\"pzConRESTMapPayloadTo\"}" => HTTP 404 (18 bytes)
[PegaHttpClient] 📡 POST https://zdk8budo.pegaacademy.net/prweb/PRRestService/v1/rules/query?pxObjClass=Rule-HTML-Section&appliesTo=Rule-Connect-REST&pyRuleName=pzConRESTMapPayloadTo&RequestClass=Rule-HTML-Section&RequestAppliesTo=Rule-Connect-REST&RequestRuleName=pzConRESTMapPayloadTo Payload: "{\"RequestClass\":\"Rule-HTML-Section\",\"RequestAppliesTo\":\"Rule-Connect-REST\",\"RequestRuleName\":\"pzConRESTMapPayloadTo\"}" => HTTP 404 (18 bytes)
[PegaHttpClient] 📡 POST https://zdk8budo.pegaacademy.net/prweb/api/CodeIntelligence/v1/rules/query?pxObjClass=Rule-HTML-Section&appliesTo=Rule-Connect-REST&pyRuleName=pzConnectParamMapFromOptions&RequestClass=Rule-HTML-Section&RequestAppliesTo=Rule-Connect-REST&RequestRuleName=pzConnectParamMapFromOptions Payload: "{\"RequestClass\":\"Rule-HTML-Section\",\"RequestAppliesTo\":\"Rule-Connect-REST\",\"RequestRuleName\":\"pzConnectParamMapFromOptions\"}" => HTTP 404 (123 bytes)
[PegaHttpClient] 📡 POST https://zdk8budo.pegaacademy.net/prweb/PRRestService/CodeIntelligence/v1/rules/query?pxObjClass=Rule-HTML-Section&appliesTo=Rule-Connect-REST&pyRuleName=pzConnectParamMapFromOptions&RequestClass=Rule-HTML-Section&RequestAppliesTo=Rule-Connect-REST&RequestRuleName=pzConnectParamMapFromOptions Payload: "{\"RequestClass\":\"Rule-HTML-Section\",\"RequestAppliesTo\":\"Rule-Connect-REST\",\"RequestRuleName\":\"pzConnectParamMapFromOptions\"}" => HTTP 404 (123 bytes)
[PegaHttpClient] 📡 POST https://zdk8budo.pegaacademy.net/prweb/api/HRAppsV2Service/V1/rules/query?pxObjClass=Rule-HTML-Section&appliesTo=Rule-Connect-REST&pyRuleName=pzConnectParamMapFromOptions&RequestClass=Rule-HTML-Section&RequestAppliesTo=Rule-Connect-REST&RequestRuleName=pzConnectParamMapFromOptions Payload: "{\"RequestClass\":\"Rule-HTML-Section\",\"RequestAppliesTo\":\"Rule-Connect-REST\",\"RequestRuleName\":\"pzConnectParamMapFromOptions\"}" => HTTP 404 (18 bytes)
[PegaHttpClient] 📡 POST https://zdk8budo.pegaacademy.net/prweb/PRRestService/HRAppsV2Service/V1/rules/query?pxObjClass=Rule-HTML-Section&appliesTo=Rule-Connect-REST&pyRuleName=pzConnectParamMapFromOptions&RequestClass=Rule-HTML-Section&RequestAppliesTo=Rule-Connect-REST&RequestRuleName=pzConnectParamMapFromOptions Payload: "{\"RequestClass\":\"Rule-HTML-Section\",\"RequestAppliesTo\":\"Rule-Connect-REST\",\"RequestRuleName\":\"pzConnectParamMapFromOptions\"}" => HTTP 404 (18 bytes)
[PegaHttpClient] 📡 POST https://zdk8budo.pegaacademy.net/prweb/api/HRAppsV2/V1/rules/query?pxObjClass=Rule-HTML-Section&appliesTo=Rule-Connect-REST&pyRuleName=pzConnectParamMapFromOptions&RequestClass=Rule-HTML-Section&RequestAppliesTo=Rule-Connect-REST&RequestRuleName=pzConnectParamMapFromOptions Payload: "{\"RequestClass\":\"Rule-HTML-Section\",\"RequestAppliesTo\":\"Rule-Connect-REST\",\"RequestRuleName\":\"pzConnectParamMapFromOptions\"}" => HTTP 404 (18 bytes)
[PegaHttpClient] 📡 POST https://zdk8budo.pegaacademy.net/prweb/PRRestService/HRAppsV2/V1/rules/query?pxObjClass=Rule-HTML-Section&appliesTo=Rule-Connect-REST&pyRuleName=pzConnectParamMapFromOptions&RequestClass=Rule-HTML-Section&RequestAppliesTo=Rule-Connect-REST&RequestRuleName=pzConnectParamMapFromOptions Payload: "{\"RequestClass\":\"Rule-HTML-Section\",\"RequestAppliesTo\":\"Rule-Connect-REST\",\"RequestRuleName\":\"pzConnectParamMapFromOptions\"}" => HTTP 404 (18 bytes)
[PegaHttpClient] 📡 POST https://zdk8budo.pegaacademy.net/prweb/api/v1/rules/query?pxObjClass=Rule-HTML-Section&appliesTo=Rule-Connect-REST&pyRuleName=pzConnectParamMapFromOptions&RequestClass=Rule-HTML-Section&RequestAppliesTo=Rule-Connect-REST&RequestRuleName=pzConnectParamMapFromOptions Payload: "{\"RequestClass\":\"Rule-HTML-Section\",\"RequestAppliesTo\":\"Rule-Connect-REST\",\"RequestRuleName\":\"pzConnectParamMapFromOptions\"}" => HTTP 404 (18 bytes)
[PegaHttpClient] 📡 POST https://zdk8budo.pegaacademy.net/prweb/PRRestService/v1/rules/query?pxObjClass=Rule-HTML-Section&appliesTo=Rule-Connect-REST&pyRuleName=pzConnectParamMapFromOptions&RequestClass=Rule-HTML-Section&RequestAppliesTo=Rule-Connect-REST&RequestRuleName=pzConnectParamMapFromOptions Payload: "{\"RequestClass\":\"Rule-HTML-Section\",\"RequestAppliesTo\":\"Rule-Connect-REST\",\"RequestRuleName\":\"pzConnectParamMapFromOptions\"}" => HTTP 404 (18 bytes)
[PegaHttpClient] 📡 POST https://zdk8budo.pegaacademy.net/prweb/api/CodeIntelligence/v1/rules/query?pxObjClass=Rule-HTML-Section&appliesTo=Rule-Connect-REST&pyRuleName=pzConnectMapFromKey&RequestClass=Rule-HTML-Section&RequestAppliesTo=Rule-Connect-REST&RequestRuleName=pzConnectMapFromKey Payload: "{\"RequestClass\":\"Rule-HTML-Section\",\"RequestAppliesTo\":\"Rule-Connect-REST\",\"RequestRuleName\":\"pzConnectMapFromKey\"}" => HTTP 404 (114 bytes)
[PegaHttpClient] 📡 POST https://zdk8budo.pegaacademy.net/prweb/PRRestService/CodeIntelligence/v1/rules/query?pxObjClass=Rule-HTML-Section&appliesTo=Rule-Connect-REST&pyRuleName=pzConnectMapFromKey&RequestClass=Rule-HTML-Section&RequestAppliesTo=Rule-Connect-REST&RequestRuleName=pzConnectMapFromKey Payload: "{\"RequestClass\":\"Rule-HTML-Section\",\"RequestAppliesTo\":\"Rule-Connect-REST\",\"RequestRuleName\":\"pzConnectMapFromKey\"}" => HTTP 404 (114 bytes)
[PegaHttpClient] 📡 POST https://zdk8budo.pegaacademy.net/prweb/api/HRAppsV2Service/V1/rules/query?pxObjClass=Rule-HTML-Section&appliesTo=Rule-Connect-REST&pyRuleName=pzConnectMapFromKey&RequestClass=Rule-HTML-Section&RequestAppliesTo=Rule-Connect-REST&RequestRuleName=pzConnectMapFromKey Payload: "{\"RequestClass\":\"Rule-HTML-Section\",\"RequestAppliesTo\":\"Rule-Connect-REST\",\"RequestRuleName\":\"pzConnectMapFromKey\"}" => HTTP 404 (18 bytes)
[PegaHttpClient] 📡 POST https://zdk8budo.pegaacademy.net/prweb/PRRestService/HRAppsV2Service/V1/rules/query?pxObjClass=Rule-HTML-Section&appliesTo=Rule-Connect-REST&pyRuleName=pzConnectMapFromKey&RequestClass=Rule-HTML-Section&RequestAppliesTo=Rule-Connect-REST&RequestRuleName=pzConnectMapFromKey Payload: "{\"RequestClass\":\"Rule-HTML-Section\",\"RequestAppliesTo\":\"Rule-Connect-REST\",\"RequestRuleName\":\"pzConnectMapFromKey\"}" => HTTP 404 (18 bytes)
[PegaHttpClient] 📡 POST https://zdk8budo.pegaacademy.net/prweb/api/HRAppsV2/V1/rules/query?pxObjClass=Rule-HTML-Section&appliesTo=Rule-Connect-REST&pyRuleName=pzConnectMapFromKey&RequestClass=Rule-HTML-Section&RequestAppliesTo=Rule-Connect-REST&RequestRuleName=pzConnectMapFromKey Payload: "{\"RequestClass\":\"Rule-HTML-Section\",\"RequestAppliesTo\":\"Rule-Connect-REST\",\"RequestRuleName\":\"pzConnectMapFromKey\"}" => HTTP 404 (18 bytes)
[PegaHttpClient] 📡 POST https://zdk8budo.pegaacademy.net/prweb/PRRestService/HRAppsV2/V1/rules/query?pxObjClass=Rule-HTML-Section&appliesTo=Rule-Connect-REST&pyRuleName=pzConnectMapFromKey&RequestClass=Rule-HTML-Section&RequestAppliesTo=Rule-Connect-REST&RequestRuleName=pzConnectMapFromKey Payload: "{\"RequestClass\":\"Rule-HTML-Section\",\"RequestAppliesTo\":\"Rule-Connect-REST\",\"RequestRuleName\":\"pzConnectMapFromKey\"}" => HTTP 404 (18 bytes)
[PegaHttpClient] 📡 POST https://zdk8budo.pegaacademy.net/prweb/api/v1/rules/query?pxObjClass=Rule-HTML-Section&appliesTo=Rule-Connect-REST&pyRuleName=pzConnectMapFromKey&RequestClass=Rule-HTML-Section&RequestAppliesTo=Rule-Connect-REST&RequestRuleName=pzConnectMapFromKey Payload: "{\"RequestClass\":\"Rule-HTML-Section\",\"RequestAppliesTo\":\"Rule-Connect-REST\",\"RequestRuleName\":\"pzConnectMapFromKey\"}" => HTTP 404 (18 bytes)
[PegaHttpClient] 📡 POST https://zdk8budo.pegaacademy.net/prweb/PRRestService/v1/rules/query?pxObjClass=Rule-HTML-Section&appliesTo=Rule-Connect-REST&pyRuleName=pzConnectMapFromKey&RequestClass=Rule-HTML-Section&RequestAppliesTo=Rule-Connect-REST&RequestRuleName=pzConnectMapFromKey Payload: "{\"RequestClass\":\"Rule-HTML-Section\",\"RequestAppliesTo\":\"Rule-Connect-REST\",\"RequestRuleName\":\"pzConnectMapFromKey\"}" => HTTP 404 (18 bytes)
[PegaHttpClient] 📡 POST https://zdk8budo.pegaacademy.net/prweb/api/CodeIntelligence/v1/rules/query?pxObjClass=Rule-HTML-Section&appliesTo=Rule-Connect-REST&pyRuleName=pzConRESTMapPayloadFrom&RequestClass=Rule-HTML-Section&RequestAppliesTo=Rule-Connect-REST&RequestRuleName=pzConRESTMapPayloadFrom Payload: "{\"RequestClass\":\"Rule-HTML-Section\",\"RequestAppliesTo\":\"Rule-Connect-REST\",\"RequestRuleName\":\"pzConRESTMapPayloadFrom\"}" => HTTP 404 (118 bytes)
[PegaHttpClient] 📡 POST https://zdk8budo.pegaacademy.net/prweb/PRRestService/CodeIntelligence/v1/rules/query?pxObjClass=Rule-HTML-Section&appliesTo=Rule-Connect-REST&pyRuleName=pzConRESTMapPayloadFrom&RequestClass=Rule-HTML-Section&RequestAppliesTo=Rule-Connect-REST&RequestRuleName=pzConRESTMapPayloadFrom Payload: "{\"RequestClass\":\"Rule-HTML-Section\",\"RequestAppliesTo\":\"Rule-Connect-REST\",\"RequestRuleName\":\"pzConRESTMapPayloadFrom\"}" => HTTP 404 (118 bytes)
[PegaHttpClient] 📡 POST https://zdk8budo.pegaacademy.net/prweb/api/HRAppsV2Service/V1/rules/query?pxObjClass=Rule-HTML-Section&appliesTo=Rule-Connect-REST&pyRuleName=pzConRESTMapPayloadFrom&RequestClass=Rule-HTML-Section&RequestAppliesTo=Rule-Connect-REST&RequestRuleName=pzConRESTMapPayloadFrom Payload: "{\"RequestClass\":\"Rule-HTML-Section\",\"RequestAppliesTo\":\"Rule-Connect-REST\",\"RequestRuleName\":\"pzConRESTMapPayloadFrom\"}" => HTTP 404 (18 bytes)
[PegaHttpClient] 📡 POST https://zdk8budo.pegaacademy.net/prweb/PRRestService/HRAppsV2Service/V1/rules/query?pxObjClass=Rule-HTML-Section&appliesTo=Rule-Connect-REST&pyRuleName=pzConRESTMapPayloadFrom&RequestClass=Rule-HTML-Section&RequestAppliesTo=Rule-Connect-REST&RequestRuleName=pzConRESTMapPayloadFrom Payload: "{\"RequestClass\":\"Rule-HTML-Section\",\"RequestAppliesTo\":\"Rule-Connect-REST\",\"RequestRuleName\":\"pzConRESTMapPayloadFrom\"}" => HTTP 404 (18 bytes)
[PegaHttpClient] 📡 POST https://zdk8budo.pegaacademy.net/prweb/api/HRAppsV2/V1/rules/query?pxObjClass=Rule-HTML-Section&appliesTo=Rule-Connect-REST&pyRuleName=pzConRESTMapPayloadFrom&RequestClass=Rule-HTML-Section&RequestAppliesTo=Rule-Connect-REST&RequestRuleName=pzConRESTMapPayloadFrom Payload: "{\"RequestClass\":\"Rule-HTML-Section\",\"RequestAppliesTo\":\"Rule-Connect-REST\",\"RequestRuleName\":\"pzConRESTMapPayloadFrom\"}" => HTTP 404 (18 bytes)
[PegaHttpClient] 📡 POST https://zdk8budo.pegaacademy.net/prweb/PRRestService/HRAppsV2/V1/rules/query?pxObjClass=Rule-HTML-Section&appliesTo=Rule-Connect-REST&pyRuleName=pzConRESTMapPayloadFrom&RequestClass=Rule-HTML-Section&RequestAppliesTo=Rule-Connect-REST&RequestRuleName=pzConRESTMapPayloadFrom Payload: "{\"RequestClass\":\"Rule-HTML-Section\",\"RequestAppliesTo\":\"Rule-Connect-REST\",\"RequestRuleName\":\"pzConRESTMapPayloadFrom\"}" => HTTP 404 (18 bytes)
[PegaHttpClient] 📡 POST https://zdk8budo.pegaacademy.net/prweb/api/v1/rules/query?pxObjClass=Rule-HTML-Section&appliesTo=Rule-Connect-REST&pyRuleName=pzConRESTMapPayloadFrom&RequestClass=Rule-HTML-Section&RequestAppliesTo=Rule-Connect-REST&RequestRuleName=pzConRESTMapPayloadFrom Payload: "{\"RequestClass\":\"Rule-HTML-Section\",\"RequestAppliesTo\":\"Rule-Connect-REST\",\"RequestRuleName\":\"pzConRESTMapPayloadFrom\"}" => HTTP 404 (18 bytes)
[PegaHttpClient] 📡 POST https://zdk8budo.pegaacademy.net/prweb/PRRestService/v1/rules/query?pxObjClass=Rule-HTML-Section&appliesTo=Rule-Connect-REST&pyRuleName=pzConRESTMapPayloadFrom&RequestClass=Rule-HTML-Section&RequestAppliesTo=Rule-Connect-REST&RequestRuleName=pzConRESTMapPayloadFrom Payload: "{\"RequestClass\":\"Rule-HTML-Section\",\"RequestAppliesTo\":\"Rule-Connect-REST\",\"RequestRuleName\":\"pzConRESTMapPayloadFrom\"}" => HTTP 404 (18 bytes)
[PegaHttpClient] 📡 POST https://zdk8budo.pegaacademy.net/prweb/api/CodeIntelligence/v1/rules/query?pxObjClass=Rule-HTML-Section&appliesTo=Rule-Connect-REST&pyRuleName=pzConnectParamMapToOptions&RequestClass=Rule-HTML-Section&RequestAppliesTo=Rule-Connect-REST&RequestRuleName=pzConnectParamMapToOptions Payload: "{\"RequestClass\":\"Rule-HTML-Section\",\"RequestAppliesTo\":\"Rule-Connect-REST\",\"RequestRuleName\":\"pzConnectParamMapToOptions\"}" => HTTP 404 (121 bytes)
[PegaHttpClient] 📡 POST https://zdk8budo.pegaacademy.net/prweb/PRRestService/CodeIntelligence/v1/rules/query?pxObjClass=Rule-HTML-Section&appliesTo=Rule-Connect-REST&pyRuleName=pzConnectParamMapToOptions&RequestClass=Rule-HTML-Section&RequestAppliesTo=Rule-Connect-REST&RequestRuleName=pzConnectParamMapToOptions Payload: "{\"RequestClass\":\"Rule-HTML-Section\",\"RequestAppliesTo\":\"Rule-Connect-REST\",\"RequestRuleName\":\"pzConnectParamMapToOptions\"}" => HTTP 404 (121 bytes)
[PegaHttpClient] 📡 POST https://zdk8budo.pegaacademy.net/prweb/api/HRAppsV2Service/V1/rules/query?pxObjClass=Rule-HTML-Section&appliesTo=Rule-Connect-REST&pyRuleName=pzConnectParamMapToOptions&RequestClass=Rule-HTML-Section&RequestAppliesTo=Rule-Connect-REST&RequestRuleName=pzConnectParamMapToOptions Payload: "{\"RequestClass\":\"Rule-HTML-Section\",\"RequestAppliesTo\":\"Rule-Connect-REST\",\"RequestRuleName\":\"pzConnectParamMapToOptions\"}" => HTTP 404 (18 bytes)
[PegaHttpClient] 📡 POST https://zdk8budo.pegaacademy.net/prweb/PRRestService/HRAppsV2Service/V1/rules/query?pxObjClass=Rule-HTML-Section&appliesTo=Rule-Connect-REST&pyRuleName=pzConnectParamMapToOptions&RequestClass=Rule-HTML-Section&RequestAppliesTo=Rule-Connect-REST&RequestRuleName=pzConnectParamMapToOptions Payload: "{\"RequestClass\":\"Rule-HTML-Section\",\"RequestAppliesTo\":\"Rule-Connect-REST\",\"RequestRuleName\":\"pzConnectParamMapToOptions\"}" => HTTP 404 (18 bytes)
[PegaHttpClient] 📡 POST https://zdk8budo.pegaacademy.net/prweb/api/HRAppsV2/V1/rules/query?pxObjClass=Rule-HTML-Section&appliesTo=Rule-Connect-REST&pyRuleName=pzConnectParamMapToOptions&RequestClass=Rule-HTML-Section&RequestAppliesTo=Rule-Connect-REST&RequestRuleName=pzConnectParamMapToOptions Payload: "{\"RequestClass\":\"Rule-HTML-Section\",\"RequestAppliesTo\":\"Rule-Connect-REST\",\"RequestRuleName\":\"pzConnectParamMapToOptions\"}" => HTTP 404 (18 bytes)
[PegaHttpClient] 📡 POST https://zdk8budo.pegaacademy.net/prweb/PRRestService/HRAppsV2/V1/rules/query?pxObjClass=Rule-HTML-Section&appliesTo=Rule-Connect-REST&pyRuleName=pzConnectParamMapToOptions&RequestClass=Rule-HTML-Section&RequestAppliesTo=Rule-Connect-REST&RequestRuleName=pzConnectParamMapToOptions Payload: "{\"RequestClass\":\"Rule-HTML-Section\",\"RequestAppliesTo\":\"Rule-Connect-REST\",\"RequestRuleName\":\"pzConnectParamMapToOptions\"}" => HTTP 404 (18 bytes)
[PegaHttpClient] 📡 POST https://zdk8budo.pegaacademy.net/prweb/api/v1/rules/query?pxObjClass=Rule-HTML-Section&appliesTo=Rule-Connect-REST&pyRuleName=pzConnectParamMapToOptions&RequestClass=Rule-HTML-Section&RequestAppliesTo=Rule-Connect-REST&RequestRuleName=pzConnectParamMapToOptions Payload: "{\"RequestClass\":\"Rule-HTML-Section\",\"RequestAppliesTo\":\"Rule-Connect-REST\",\"RequestRuleName\":\"pzConnectParamMapToOptions\"}" => HTTP 404 (18 bytes)
[PegaHttpClient] 📡 POST https://zdk8budo.pegaacademy.net/prweb/PRRestService/v1/rules/query?pxObjClass=Rule-HTML-Section&appliesTo=Rule-Connect-REST&pyRuleName=pzConnectParamMapToOptions&RequestClass=Rule-HTML-Section&RequestAppliesTo=Rule-Connect-REST&RequestRuleName=pzConnectParamMapToOptions Payload: "{\"RequestClass\":\"Rule-HTML-Section\",\"RequestAppliesTo\":\"Rule-Connect-REST\",\"RequestRuleName\":\"pzConnectParamMapToOptions\"}" => HTTP 404 (18 bytes)
[PegaHttpClient] 📡 POST https://zdk8budo.pegaacademy.net/prweb/api/CodeIntelligence/v1/rules/query?pxObjClass=Rule-HTML-Section&appliesTo=Rule-Connect-REST&pyRuleName=pzConnectMapToKey&RequestClass=Rule-HTML-Section&RequestAppliesTo=Rule-Connect-REST&RequestRuleName=pzConnectMapToKey Payload: "{\"RequestClass\":\"Rule-HTML-Section\",\"RequestAppliesTo\":\"Rule-Connect-REST\",\"RequestRuleName\":\"pzConnectMapToKey\"}" => HTTP 404 (112 bytes)
[PegaHttpClient] 📡 POST https://zdk8budo.pegaacademy.net/prweb/PRRestService/CodeIntelligence/v1/rules/query?pxObjClass=Rule-HTML-Section&appliesTo=Rule-Connect-REST&pyRuleName=pzConnectMapToKey&RequestClass=Rule-HTML-Section&RequestAppliesTo=Rule-Connect-REST&RequestRuleName=pzConnectMapToKey Payload: "{\"RequestClass\":\"Rule-HTML-Section\",\"RequestAppliesTo\":\"Rule-Connect-REST\",\"RequestRuleName\":\"pzConnectMapToKey\"}" => HTTP 404 (112 bytes)
[PegaHttpClient] 📡 POST https://zdk8budo.pegaacademy.net/prweb/api/HRAppsV2Service/V1/rules/query?pxObjClass=Rule-HTML-Section&appliesTo=Rule-Connect-REST&pyRuleName=pzConnectMapToKey&RequestClass=Rule-HTML-Section&RequestAppliesTo=Rule-Connect-REST&RequestRuleName=pzConnectMapToKey Payload: "{\"RequestClass\":\"Rule-HTML-Section\",\"RequestAppliesTo\":\"Rule-Connect-REST\",\"RequestRuleName\":\"pzConnectMapToKey\"}" => HTTP 404 (18 bytes)
[PegaHttpClient] 📡 POST https://zdk8budo.pegaacademy.net/prweb/PRRestService/HRAppsV2Service/V1/rules/query?pxObjClass=Rule-HTML-Section&appliesTo=Rule-Connect-REST&pyRuleName=pzConnectMapToKey&RequestClass=Rule-HTML-Section&RequestAppliesTo=Rule-Connect-REST&RequestRuleName=pzConnectMapToKey Payload: "{\"RequestClass\":\"Rule-HTML-Section\",\"RequestAppliesTo\":\"Rule-Connect-REST\",\"RequestRuleName\":\"pzConnectMapToKey\"}" => HTTP 404 (18 bytes)
[PegaHttpClient] 📡 POST https://zdk8budo.pegaacademy.net/prweb/api/HRAppsV2/V1/rules/query?pxObjClass=Rule-HTML-Section&appliesTo=Rule-Connect-REST&pyRuleName=pzConnectMapToKey&RequestClass=Rule-HTML-Section&RequestAppliesTo=Rule-Connect-REST&RequestRuleName=pzConnectMapToKey Payload: "{\"RequestClass\":\"Rule-HTML-Section\",\"RequestAppliesTo\":\"Rule-Connect-REST\",\"RequestRuleName\":\"pzConnectMapToKey\"}" => HTTP 404 (18 bytes)
[PegaHttpClient] 📡 POST https://zdk8budo.pegaacademy.net/prweb/PRRestService/HRAppsV2/V1/rules/query?pxObjClass=Rule-HTML-Section&appliesTo=Rule-Connect-REST&pyRuleName=pzConnectMapToKey&RequestClass=Rule-HTML-Section&RequestAppliesTo=Rule-Connect-REST&RequestRuleName=pzConnectMapToKey Payload: "{\"RequestClass\":\"Rule-HTML-Section\",\"RequestAppliesTo\":\"Rule-Connect-REST\",\"RequestRuleName\":\"pzConnectMapToKey\"}" => HTTP 404 (18 bytes)
[PegaHttpClient] 📡 POST https://zdk8budo.pegaacademy.net/prweb/api/v1/rules/query?pxObjClass=Rule-HTML-Section&appliesTo=Rule-Connect-REST&pyRuleName=pzConnectMapToKey&RequestClass=Rule-HTML-Section&RequestAppliesTo=Rule-Connect-REST&RequestRuleName=pzConnectMapToKey Payload: "{\"RequestClass\":\"Rule-HTML-Section\",\"RequestAppliesTo\":\"Rule-Connect-REST\",\"RequestRuleName\":\"pzConnectMapToKey\"}" => HTTP 404 (18 bytes)
[PegaHttpClient] 📡 POST https://zdk8budo.pegaacademy.net/prweb/PRRestService/v1/rules/query?pxObjClass=Rule-HTML-Section&appliesTo=Rule-Connect-REST&pyRuleName=pzConnectMapToKey&RequestClass=Rule-HTML-Section&RequestAppliesTo=Rule-Connect-REST&RequestRuleName=pzConnectMapToKey Payload: "{\"RequestClass\":\"Rule-HTML-Section\",\"RequestAppliesTo\":\"Rule-Connect-REST\",\"RequestRuleName\":\"pzConnectMapToKey\"}" => HTTP 404 (18 bytes)
[PegaHttpClient] 📡 POST https://zdk8budo.pegaacademy.net/prweb/api/CodeIntelligence/v1/rules/query?pxObjClass=Rule-HTML-Section&appliesTo=Rule-Connect-REST&pyRuleName=pzConRESTMapPayloadTo&RequestClass=Rule-HTML-Section&RequestAppliesTo=Rule-Connect-REST&RequestRuleName=pzConRESTMapPayloadTo Payload: "{\"RequestClass\":\"Rule-HTML-Section\",\"RequestAppliesTo\":\"Rule-Connect-REST\",\"RequestRuleName\":\"pzConRESTMapPayloadTo\"}" => HTTP 404 (116 bytes)
[PegaHttpClient] 📡 POST https://zdk8budo.pegaacademy.net/prweb/PRRestService/CodeIntelligence/v1/rules/query?pxObjClass=Rule-HTML-Section&appliesTo=Rule-Connect-REST&pyRuleName=pzConRESTMapPayloadTo&RequestClass=Rule-HTML-Section&RequestAppliesTo=Rule-Connect-REST&RequestRuleName=pzConRESTMapPayloadTo Payload: "{\"RequestClass\":\"Rule-HTML-Section\",\"RequestAppliesTo\":\"Rule-Connect-REST\",\"RequestRuleName\":\"pzConRESTMapPayloadTo\"}" => HTTP 404 (116 bytes)
[PegaHttpClient] 📡 POST https://zdk8budo.pegaacademy.net/prweb/api/HRAppsV2Service/V1/rules/query?pxObjClass=Rule-HTML-Section&appliesTo=Rule-Connect-REST&pyRuleName=pzConRESTMapPayloadTo&RequestClass=Rule-HTML-Section&RequestAppliesTo=Rule-Connect-REST&RequestRuleName=pzConRESTMapPayloadTo Payload: "{\"RequestClass\":\"Rule-HTML-Section\",\"RequestAppliesTo\":\"Rule-Connect-REST\",\"RequestRuleName\":\"pzConRESTMapPayloadTo\"}" => HTTP 404 (18 bytes)
[PegaHttpClient] 📡 POST https://zdk8budo.pegaacademy.net/prweb/PRRestService/HRAppsV2Service/V1/rules/query?pxObjClass=Rule-HTML-Section&appliesTo=Rule-Connect-REST&pyRuleName=pzConRESTMapPayloadTo&RequestClass=Rule-HTML-Section&RequestAppliesTo=Rule-Connect-REST&RequestRuleName=pzConRESTMapPayloadTo Payload: "{\"RequestClass\":\"Rule-HTML-Section\",\"RequestAppliesTo\":\"Rule-Connect-REST\",\"RequestRuleName\":\"pzConRESTMapPayloadTo\"}" => HTTP 404 (18 bytes)
[PegaHttpClient] 📡 POST https://zdk8budo.pegaacademy.net/prweb/api/HRAppsV2/V1/rules/query?pxObjClass=Rule-HTML-Section&appliesTo=Rule-Connect-REST&pyRuleName=pzConRESTMapPayloadTo&RequestClass=Rule-HTML-Section&RequestAppliesTo=Rule-Connect-REST&RequestRuleName=pzConRESTMapPayloadTo Payload: "{\"RequestClass\":\"Rule-HTML-Section\",\"RequestAppliesTo\":\"Rule-Connect-REST\",\"RequestRuleName\":\"pzConRESTMapPayloadTo\"}" => HTTP 404 (18 bytes)
[PegaHttpClient] 📡 POST https://zdk8budo.pegaacademy.net/prweb/PRRestService/HRAppsV2/V1/rules/query?pxObjClass=Rule-HTML-Section&appliesTo=Rule-Connect-REST&pyRuleName=pzConRESTMapPayloadTo&RequestClass=Rule-HTML-Section&RequestAppliesTo=Rule-Connect-REST&RequestRuleName=pzConRESTMapPayloadTo Payload: "{\"RequestClass\":\"Rule-HTML-Section\",\"RequestAppliesTo\":\"Rule-Connect-REST\",\"RequestRuleName\":\"pzConRESTMapPayloadTo\"}" => HTTP 404 (18 bytes)
[PegaHttpClient] 📡 POST https://zdk8budo.pegaacademy.net/prweb/api/v1/rules/query?pxObjClass=Rule-HTML-Section&appliesTo=Rule-Connect-REST&pyRuleName=pzConRESTMapPayloadTo&RequestClass=Rule-HTML-Section&RequestAppliesTo=Rule-Connect-REST&RequestRuleName=pzConRESTMapPayloadTo Payload: "{\"RequestClass\":\"Rule-HTML-Section\",\"RequestAppliesTo\":\"Rule-Connect-REST\",\"RequestRuleName\":\"pzConRESTMapPayloadTo\"}" => HTTP 404 (18 bytes)
[PegaHttpClient] 📡 POST https://zdk8budo.pegaacademy.net/prweb/PRRestService/v1/rules/query?pxObjClass=Rule-HTML-Section&appliesTo=Rule-Connect-REST&pyRuleName=pzConRESTMapPayloadTo&RequestClass=Rule-HTML-Section&RequestAppliesTo=Rule-Connect-REST&RequestRuleName=pzConRESTMapPayloadTo Payload: "{\"RequestClass\":\"Rule-HTML-Section\",\"RequestAppliesTo\":\"Rule-Connect-REST\",\"RequestRuleName\":\"pzConRESTMapPayloadTo\"}" => HTTP 404 (18 bytes)
[PegaHttpClient] 📡 POST https://zdk8budo.pegaacademy.net/prweb/api/CodeIntelligence/v1/rules/query?pxObjClass=Rule-HTML-Section&appliesTo=Rule-Connect-REST&pyRuleName=pzConnectParamMapFromOptions&RequestClass=Rule-HTML-Section&RequestAppliesTo=Rule-Connect-REST&RequestRuleName=pzConnectParamMapFromOptions Payload: "{\"RequestClass\":\"Rule-HTML-Section\",\"RequestAppliesTo\":\"Rule-Connect-REST\",\"RequestRuleName\":\"pzConnectParamMapFromOptions\"}" => HTTP 404 (123 bytes)
[PegaHttpClient] 📡 POST https://zdk8budo.pegaacademy.net/prweb/PRRestService/CodeIntelligence/v1/rules/query?pxObjClass=Rule-HTML-Section&appliesTo=Rule-Connect-REST&pyRuleName=pzConnectParamMapFromOptions&RequestClass=Rule-HTML-Section&RequestAppliesTo=Rule-Connect-REST&RequestRuleName=pzConnectParamMapFromOptions Payload: "{\"RequestClass\":\"Rule-HTML-Section\",\"RequestAppliesTo\":\"Rule-Connect-REST\",\"RequestRuleName\":\"pzConnectParamMapFromOptions\"}" => HTTP 404 (123 bytes)
[PegaHttpClient] 📡 POST https://zdk8budo.pegaacademy.net/prweb/api/HRAppsV2Service/V1/rules/query?pxObjClass=Rule-HTML-Section&appliesTo=Rule-Connect-REST&pyRuleName=pzConnectParamMapFromOptions&RequestClass=Rule-HTML-Section&RequestAppliesTo=Rule-Connect-REST&RequestRuleName=pzConnectParamMapFromOptions Payload: "{\"RequestClass\":\"Rule-HTML-Section\",\"RequestAppliesTo\":\"Rule-Connect-REST\",\"RequestRuleName\":\"pzConnectParamMapFromOptions\"}" => HTTP 404 (18 bytes)
[PegaHttpClient] 📡 POST https://zdk8budo.pegaacademy.net/prweb/PRRestService/HRAppsV2Service/V1/rules/query?pxObjClass=Rule-HTML-Section&appliesTo=Rule-Connect-REST&pyRuleName=pzConnectParamMapFromOptions&RequestClass=Rule-HTML-Section&RequestAppliesTo=Rule-Connect-REST&RequestRuleName=pzConnectParamMapFromOptions Payload: "{\"RequestClass\":\"Rule-HTML-Section\",\"RequestAppliesTo\":\"Rule-Connect-REST\",\"RequestRuleName\":\"pzConnectParamMapFromOptions\"}" => HTTP 404 (18 bytes)
[PegaHttpClient] 📡 POST https://zdk8budo.pegaacademy.net/prweb/api/HRAppsV2/V1/rules/query?pxObjClass=Rule-HTML-Section&appliesTo=Rule-Connect-REST&pyRuleName=pzConnectParamMapFromOptions&RequestClass=Rule-HTML-Section&RequestAppliesTo=Rule-Connect-REST&RequestRuleName=pzConnectParamMapFromOptions Payload: "{\"RequestClass\":\"Rule-HTML-Section\",\"RequestAppliesTo\":\"Rule-Connect-REST\",\"RequestRuleName\":\"pzConnectParamMapFromOptions\"}" => HTTP 404 (18 bytes)
[PegaHttpClient] 📡 POST https://zdk8budo.pegaacademy.net/prweb/PRRestService/HRAppsV2/V1/rules/query?pxObjClass=Rule-HTML-Section&appliesTo=Rule-Connect-REST&pyRuleName=pzConnectParamMapFromOptions&RequestClass=Rule-HTML-Section&RequestAppliesTo=Rule-Connect-REST&RequestRuleName=pzConnectParamMapFromOptions Payload: "{\"RequestClass\":\"Rule-HTML-Section\",\"RequestAppliesTo\":\"Rule-Connect-REST\",\"RequestRuleName\":\"pzConnectParamMapFromOptions\"}" => HTTP 404 (18 bytes)
[PegaHttpClient] 📡 POST https://zdk8budo.pegaacademy.net/prweb/api/v1/rules/query?pxObjClass=Rule-HTML-Section&appliesTo=Rule-Connect-REST&pyRuleName=pzConnectParamMapFromOptions&RequestClass=Rule-HTML-Section&RequestAppliesTo=Rule-Connect-REST&RequestRuleName=pzConnectParamMapFromOptions Payload: "{\"RequestClass\":\"Rule-HTML-Section\",\"RequestAppliesTo\":\"Rule-Connect-REST\",\"RequestRuleName\":\"pzConnectParamMapFromOptions\"}" => HTTP 404 (18 bytes)
[PegaHttpClient] 📡 POST https://zdk8budo.pegaacademy.net/prweb/PRRestService/v1/rules/query?pxObjClass=Rule-HTML-Section&appliesTo=Rule-Connect-REST&pyRuleName=pzConnectParamMapFromOptions&RequestClass=Rule-HTML-Section&RequestAppliesTo=Rule-Connect-REST&RequestRuleName=pzConnectParamMapFromOptions Payload: "{\"RequestClass\":\"Rule-HTML-Section\",\"RequestAppliesTo\":\"Rule-Connect-REST\",\"RequestRuleName\":\"pzConnectParamMapFromOptions\"}" => HTTP 404 (18 bytes)
[PegaHttpClient] 📡 POST https://zdk8budo.pegaacademy.net/prweb/api/CodeIntelligence/v1/rules/query?pxObjClass=Rule-HTML-Section&appliesTo=Rule-Connect-REST&pyRuleName=pzConnectMapFromKey&RequestClass=Rule-HTML-Section&RequestAppliesTo=Rule-Connect-REST&RequestRuleName=pzConnectMapFromKey Payload: "{\"RequestClass\":\"Rule-HTML-Section\",\"RequestAppliesTo\":\"Rule-Connect-REST\",\"RequestRuleName\":\"pzConnectMapFromKey\"}" => HTTP 404 (114 bytes)
[PegaHttpClient] 📡 POST https://zdk8budo.pegaacademy.net/prweb/PRRestService/CodeIntelligence/v1/rules/query?pxObjClass=Rule-HTML-Section&appliesTo=Rule-Connect-REST&pyRuleName=pzConnectMapFromKey&RequestClass=Rule-HTML-Section&RequestAppliesTo=Rule-Connect-REST&RequestRuleName=pzConnectMapFromKey Payload: "{\"RequestClass\":\"Rule-HTML-Section\",\"RequestAppliesTo\":\"Rule-Connect-REST\",\"RequestRuleName\":\"pzConnectMapFromKey\"}" => HTTP 404 (114 bytes)
[PegaHttpClient] 📡 POST https://zdk8budo.pegaacademy.net/prweb/api/HRAppsV2Service/V1/rules/query?pxObjClass=Rule-HTML-Section&appliesTo=Rule-Connect-REST&pyRuleName=pzConnectMapFromKey&RequestClass=Rule-HTML-Section&RequestAppliesTo=Rule-Connect-REST&RequestRuleName=pzConnectMapFromKey Payload: "{\"RequestClass\":\"Rule-HTML-Section\",\"RequestAppliesTo\":\"Rule-Connect-REST\",\"RequestRuleName\":\"pzConnectMapFromKey\"}" => HTTP 404 (18 bytes)
[PegaHttpClient] 📡 POST https://zdk8budo.pegaacademy.net/prweb/PRRestService/HRAppsV2Service/V1/rules/query?pxObjClass=Rule-HTML-Section&appliesTo=Rule-Connect-REST&pyRuleName=pzConnectMapFromKey&RequestClass=Rule-HTML-Section&RequestAppliesTo=Rule-Connect-REST&RequestRuleName=pzConnectMapFromKey Payload: "{\"RequestClass\":\"Rule-HTML-Section\",\"RequestAppliesTo\":\"Rule-Connect-REST\",\"RequestRuleName\":\"pzConnectMapFromKey\"}" => HTTP 404 (18 bytes)
[PegaHttpClient] 📡 POST https://zdk8budo.pegaacademy.net/prweb/api/HRAppsV2/V1/rules/query?pxObjClass=Rule-HTML-Section&appliesTo=Rule-Connect-REST&pyRuleName=pzConnectMapFromKey&RequestClass=Rule-HTML-Section&RequestAppliesTo=Rule-Connect-REST&RequestRuleName=pzConnectMapFromKey Payload: "{\"RequestClass\":\"Rule-HTML-Section\",\"RequestAppliesTo\":\"Rule-Connect-REST\",\"RequestRuleName\":\"pzConnectMapFromKey\"}" => HTTP 404 (18 bytes)
[PegaHttpClient] 📡 POST https://zdk8budo.pegaacademy.net/prweb/PRRestService/HRAppsV2/V1/rules/query?pxObjClass=Rule-HTML-Section&appliesTo=Rule-Connect-REST&pyRuleName=pzConnectMapFromKey&RequestClass=Rule-HTML-Section&RequestAppliesTo=Rule-Connect-REST&RequestRuleName=pzConnectMapFromKey Payload: "{\"RequestClass\":\"Rule-HTML-Section\",\"RequestAppliesTo\":\"Rule-Connect-REST\",\"RequestRuleName\":\"pzConnectMapFromKey\"}" => HTTP 404 (18 bytes)
[PegaHttpClient] 📡 POST https://zdk8budo.pegaacademy.net/prweb/api/v1/rules/query?pxObjClass=Rule-HTML-Section&appliesTo=Rule-Connect-REST&pyRuleName=pzConnectMapFromKey&RequestClass=Rule-HTML-Section&RequestAppliesTo=Rule-Connect-REST&RequestRuleName=pzConnectMapFromKey Payload: "{\"RequestClass\":\"Rule-HTML-Section\",\"RequestAppliesTo\":\"Rule-Connect-REST\",\"RequestRuleName\":\"pzConnectMapFromKey\"}" => HTTP 404 (18 bytes)
[PegaHttpClient] 📡 POST https://zdk8budo.pegaacademy.net/prweb/PRRestService/v1/rules/query?pxObjClass=Rule-HTML-Section&appliesTo=Rule-Connect-REST&pyRuleName=pzConnectMapFromKey&RequestClass=Rule-HTML-Section&RequestAppliesTo=Rule-Connect-REST&RequestRuleName=pzConnectMapFromKey Payload: "{\"RequestClass\":\"Rule-HTML-Section\",\"RequestAppliesTo\":\"Rule-Connect-REST\",\"RequestRuleName\":\"pzConnectMapFromKey\"}" => HTTP 404 (18 bytes)
[PegaHttpClient] 📡 POST https://zdk8budo.pegaacademy.net/prweb/api/CodeIntelligence/v1/rules/query?pxObjClass=Rule-HTML-Section&appliesTo=Rule-Connect-REST&pyRuleName=pzConRESTMapPayloadFrom&RequestClass=Rule-HTML-Section&RequestAppliesTo=Rule-Connect-REST&RequestRuleName=pzConRESTMapPayloadFrom Payload: "{\"RequestClass\":\"Rule-HTML-Section\",\"RequestAppliesTo\":\"Rule-Connect-REST\",\"RequestRuleName\":\"pzConRESTMapPayloadFrom\"}" => HTTP 404 (118 bytes)
[PegaHttpClient] 📡 POST https://zdk8budo.pegaacademy.net/prweb/PRRestService/CodeIntelligence/v1/rules/query?pxObjClass=Rule-HTML-Section&appliesTo=Rule-Connect-REST&pyRuleName=pzConRESTMapPayloadFrom&RequestClass=Rule-HTML-Section&RequestAppliesTo=Rule-Connect-REST&RequestRuleName=pzConRESTMapPayloadFrom Payload: "{\"RequestClass\":\"Rule-HTML-Section\",\"RequestAppliesTo\":\"Rule-Connect-REST\",\"RequestRuleName\":\"pzConRESTMapPayloadFrom\"}" => HTTP 404 (118 bytes)
[PegaHttpClient] 📡 POST https://zdk8budo.pegaacademy.net/prweb/api/HRAppsV2Service/V1/rules/query?pxObjClass=Rule-HTML-Section&appliesTo=Rule-Connect-REST&pyRuleName=pzConRESTMapPayloadFrom&RequestClass=Rule-HTML-Section&RequestAppliesTo=Rule-Connect-REST&RequestRuleName=pzConRESTMapPayloadFrom Payload: "{\"RequestClass\":\"Rule-HTML-Section\",\"RequestAppliesTo\":\"Rule-Connect-REST\",\"RequestRuleName\":\"pzConRESTMapPayloadFrom\"}" => HTTP 404 (18 bytes)
[PegaHttpClient] 📡 POST https://zdk8budo.pegaacademy.net/prweb/PRRestService/HRAppsV2Service/V1/rules/query?pxObjClass=Rule-HTML-Section&appliesTo=Rule-Connect-REST&pyRuleName=pzConRESTMapPayloadFrom&RequestClass=Rule-HTML-Section&RequestAppliesTo=Rule-Connect-REST&RequestRuleName=pzConRESTMapPayloadFrom Payload: "{\"RequestClass\":\"Rule-HTML-Section\",\"RequestAppliesTo\":\"Rule-Connect-REST\",\"RequestRuleName\":\"pzConRESTMapPayloadFrom\"}" => HTTP 404 (18 bytes)
[PegaHttpClient] 📡 POST https://zdk8budo.pegaacademy.net/prweb/api/HRAppsV2/V1/rules/query?pxObjClass=Rule-HTML-Section&appliesTo=Rule-Connect-REST&pyRuleName=pzConRESTMapPayloadFrom&RequestClass=Rule-HTML-Section&RequestAppliesTo=Rule-Connect-REST&RequestRuleName=pzConRESTMapPayloadFrom Payload: "{\"RequestClass\":\"Rule-HTML-Section\",\"RequestAppliesTo\":\"Rule-Connect-REST\",\"RequestRuleName\":\"pzConRESTMapPayloadFrom\"}" => HTTP 404 (18 bytes)
[PegaHttpClient] 📡 POST https://zdk8budo.pegaacademy.net/prweb/PRRestService/HRAppsV2/V1/rules/query?pxObjClass=Rule-HTML-Section&appliesTo=Rule-Connect-REST&pyRuleName=pzConRESTMapPayloadFrom&RequestClass=Rule-HTML-Section&RequestAppliesTo=Rule-Connect-REST&RequestRuleName=pzConRESTMapPayloadFrom Payload: "{\"RequestClass\":\"Rule-HTML-Section\",\"RequestAppliesTo\":\"Rule-Connect-REST\",\"RequestRuleName\":\"pzConRESTMapPayloadFrom\"}" => HTTP 404 (18 bytes)
[PegaHttpClient] 📡 POST https://zdk8budo.pegaacademy.net/prweb/api/v1/rules/query?pxObjClass=Rule-HTML-Section&appliesTo=Rule-Connect-REST&pyRuleName=pzConRESTMapPayloadFrom&RequestClass=Rule-HTML-Section&RequestAppliesTo=Rule-Connect-REST&RequestRuleName=pzConRESTMapPayloadFrom Payload: "{\"RequestClass\":\"Rule-HTML-Section\",\"RequestAppliesTo\":\"Rule-Connect-REST\",\"RequestRuleName\":\"pzConRESTMapPayloadFrom\"}" => HTTP 404 (18 bytes)
[PegaHttpClient] 📡 POST https://zdk8budo.pegaacademy.net/prweb/PRRestService/v1/rules/query?pxObjClass=Rule-HTML-Section&appliesTo=Rule-Connect-REST&pyRuleName=pzConRESTMapPayloadFrom&RequestClass=Rule-HTML-Section&RequestAppliesTo=Rule-Connect-REST&RequestRuleName=pzConRESTMapPayloadFrom Payload: "{\"RequestClass\":\"Rule-HTML-Section\",\"RequestAppliesTo\":\"Rule-Connect-REST\",\"RequestRuleName\":\"pzConRESTMapPayloadFrom\"}" => HTTP 404 (18 bytes)
[PegaHttpClient] 📡 POST https://zdk8budo.pegaacademy.net/prweb/api/CodeIntelligence/v1/rules/query?pxObjClass=Rule-HTML-Section&appliesTo=Rule-Connect-REST&pyRuleName=pzConnectParamMapToOptions&RequestClass=Rule-HTML-Section&RequestAppliesTo=Rule-Connect-REST&RequestRuleName=pzConnectParamMapToOptions Payload: "{\"RequestClass\":\"Rule-HTML-Section\",\"RequestAppliesTo\":\"Rule-Connect-REST\",\"RequestRuleName\":\"pzConnectParamMapToOptions\"}" => HTTP 404 (121 bytes)
[PegaHttpClient] 📡 POST https://zdk8budo.pegaacademy.net/prweb/PRRestService/CodeIntelligence/v1/rules/query?pxObjClass=Rule-HTML-Section&appliesTo=Rule-Connect-REST&pyRuleName=pzConnectParamMapToOptions&RequestClass=Rule-HTML-Section&RequestAppliesTo=Rule-Connect-REST&RequestRuleName=pzConnectParamMapToOptions Payload: "{\"RequestClass\":\"Rule-HTML-Section\",\"RequestAppliesTo\":\"Rule-Connect-REST\",\"RequestRuleName\":\"pzConnectParamMapToOptions\"}" => HTTP 404 (121 bytes)
[PegaHttpClient] 📡 POST https://zdk8budo.pegaacademy.net/prweb/api/HRAppsV2Service/V1/rules/query?pxObjClass=Rule-HTML-Section&appliesTo=Rule-Connect-REST&pyRuleName=pzConnectParamMapToOptions&RequestClass=Rule-HTML-Section&RequestAppliesTo=Rule-Connect-REST&RequestRuleName=pzConnectParamMapToOptions Payload: "{\"RequestClass\":\"Rule-HTML-Section\",\"RequestAppliesTo\":\"Rule-Connect-REST\",\"RequestRuleName\":\"pzConnectParamMapToOptions\"}" => HTTP 404 (18 bytes)
[PegaHttpClient] 📡 POST https://zdk8budo.pegaacademy.net/prweb/PRRestService/HRAppsV2Service/V1/rules/query?pxObjClass=Rule-HTML-Section&appliesTo=Rule-Connect-REST&pyRuleName=pzConnectParamMapToOptions&RequestClass=Rule-HTML-Section&RequestAppliesTo=Rule-Connect-REST&RequestRuleName=pzConnectParamMapToOptions Payload: "{\"RequestClass\":\"Rule-HTML-Section\",\"RequestAppliesTo\":\"Rule-Connect-REST\",\"RequestRuleName\":\"pzConnectParamMapToOptions\"}" => HTTP 404 (18 bytes)
[PegaHttpClient] 📡 POST https://zdk8budo.pegaacademy.net/prweb/api/HRAppsV2/V1/rules/query?pxObjClass=Rule-HTML-Section&appliesTo=Rule-Connect-REST&pyRuleName=pzConnectParamMapToOptions&RequestClass=Rule-HTML-Section&RequestAppliesTo=Rule-Connect-REST&RequestRuleName=pzConnectParamMapToOptions Payload: "{\"RequestClass\":\"Rule-HTML-Section\",\"RequestAppliesTo\":\"Rule-Connect-REST\",\"RequestRuleName\":\"pzConnectParamMapToOptions\"}" => HTTP 404 (18 bytes)
[PegaHttpClient] 📡 POST https://zdk8budo.pegaacademy.net/prweb/PRRestService/HRAppsV2/V1/rules/query?pxObjClass=Rule-HTML-Section&appliesTo=Rule-Connect-REST&pyRuleName=pzConnectParamMapToOptions&RequestClass=Rule-HTML-Section&RequestAppliesTo=Rule-Connect-REST&RequestRuleName=pzConnectParamMapToOptions Payload: "{\"RequestClass\":\"Rule-HTML-Section\",\"RequestAppliesTo\":\"Rule-Connect-REST\",\"RequestRuleName\":\"pzConnectParamMapToOptions\"}" => HTTP 404 (18 bytes)
[PegaHttpClient] 📡 POST https://zdk8budo.pegaacademy.net/prweb/api/v1/rules/query?pxObjClass=Rule-HTML-Section&appliesTo=Rule-Connect-REST&pyRuleName=pzConnectParamMapToOptions&RequestClass=Rule-HTML-Section&RequestAppliesTo=Rule-Connect-REST&RequestRuleName=pzConnectParamMapToOptions Payload: "{\"RequestClass\":\"Rule-HTML-Section\",\"RequestAppliesTo\":\"Rule-Connect-REST\",\"RequestRuleName\":\"pzConnectParamMapToOptions\"}" => HTTP 404 (18 bytes)
[PegaHttpClient] 📡 POST https://zdk8budo.pegaacademy.net/prweb/PRRestService/v1/rules/query?pxObjClass=Rule-HTML-Section&appliesTo=Rule-Connect-REST&pyRuleName=pzConnectParamMapToOptions&RequestClass=Rule-HTML-Section&RequestAppliesTo=Rule-Connect-REST&RequestRuleName=pzConnectParamMapToOptions Payload: "{\"RequestClass\":\"Rule-HTML-Section\",\"RequestAppliesTo\":\"Rule-Connect-REST\",\"RequestRuleName\":\"pzConnectParamMapToOptions\"}" => HTTP 404 (18 bytes)
[PegaHttpClient] 📡 POST https://zdk8budo.pegaacademy.net/prweb/api/CodeIntelligence/v1/rules/query?pxObjClass=Rule-HTML-Section&appliesTo=Rule-Connect-REST&pyRuleName=pzConnectMapToKey&RequestClass=Rule-HTML-Section&RequestAppliesTo=Rule-Connect-REST&RequestRuleName=pzConnectMapToKey Payload: "{\"RequestClass\":\"Rule-HTML-Section\",\"RequestAppliesTo\":\"Rule-Connect-REST\",\"RequestRuleName\":\"pzConnectMapToKey\"}" => HTTP 404 (112 bytes)
[PegaHttpClient] 📡 POST https://zdk8budo.pegaacademy.net/prweb/PRRestService/CodeIntelligence/v1/rules/query?pxObjClass=Rule-HTML-Section&appliesTo=Rule-Connect-REST&pyRuleName=pzConnectMapToKey&RequestClass=Rule-HTML-Section&RequestAppliesTo=Rule-Connect-REST&RequestRuleName=pzConnectMapToKey Payload: "{\"RequestClass\":\"Rule-HTML-Section\",\"RequestAppliesTo\":\"Rule-Connect-REST\",\"RequestRuleName\":\"pzConnectMapToKey\"}" => HTTP 404 (112 bytes)
[PegaHttpClient] 📡 POST https://zdk8budo.pegaacademy.net/prweb/api/HRAppsV2Service/V1/rules/query?pxObjClass=Rule-HTML-Section&appliesTo=Rule-Connect-REST&pyRuleName=pzConnectMapToKey&RequestClass=Rule-HTML-Section&RequestAppliesTo=Rule-Connect-REST&RequestRuleName=pzConnectMapToKey Payload: "{\"RequestClass\":\"Rule-HTML-Section\",\"RequestAppliesTo\":\"Rule-Connect-REST\",\"RequestRuleName\":\"pzConnectMapToKey\"}" => HTTP 404 (18 bytes)
[PegaHttpClient] 📡 POST https://zdk8budo.pegaacademy.net/prweb/PRRestService/HRAppsV2Service/V1/rules/query?pxObjClass=Rule-HTML-Section&appliesTo=Rule-Connect-REST&pyRuleName=pzConnectMapToKey&RequestClass=Rule-HTML-Section&RequestAppliesTo=Rule-Connect-REST&RequestRuleName=pzConnectMapToKey Payload: "{\"RequestClass\":\"Rule-HTML-Section\",\"RequestAppliesTo\":\"Rule-Connect-REST\",\"RequestRuleName\":\"pzConnectMapToKey\"}" => HTTP 404 (18 bytes)
[PegaHttpClient] 📡 POST https://zdk8budo.pegaacademy.net/prweb/api/HRAppsV2/V1/rules/query?pxObjClass=Rule-HTML-Section&appliesTo=Rule-Connect-REST&pyRuleName=pzConnectMapToKey&RequestClass=Rule-HTML-Section&RequestAppliesTo=Rule-Connect-REST&RequestRuleName=pzConnectMapToKey Payload: "{\"RequestClass\":\"Rule-HTML-Section\",\"RequestAppliesTo\":\"Rule-Connect-REST\",\"RequestRuleName\":\"pzConnectMapToKey\"}" => HTTP 404 (18 bytes)
[PegaHttpClient] 📡 POST https://zdk8budo.pegaacademy.net/prweb/PRRestService/HRAppsV2/V1/rules/query?pxObjClass=Rule-HTML-Section&appliesTo=Rule-Connect-REST&pyRuleName=pzConnectMapToKey&RequestClass=Rule-HTML-Section&RequestAppliesTo=Rule-Connect-REST&RequestRuleName=pzConnectMapToKey Payload: "{\"RequestClass\":\"Rule-HTML-Section\",\"RequestAppliesTo\":\"Rule-Connect-REST\",\"RequestRuleName\":\"pzConnectMapToKey\"}" => HTTP 404 (18 bytes)
[PegaHttpClient] 📡 POST https://zdk8budo.pegaacademy.net/prweb/api/v1/rules/query?pxObjClass=Rule-HTML-Section&appliesTo=Rule-Connect-REST&pyRuleName=pzConnectMapToKey&RequestClass=Rule-HTML-Section&RequestAppliesTo=Rule-Connect-REST&RequestRuleName=pzConnectMapToKey Payload: "{\"RequestClass\":\"Rule-HTML-Section\",\"RequestAppliesTo\":\"Rule-Connect-REST\",\"RequestRuleName\":\"pzConnectMapToKey\"}" => HTTP 404 (18 bytes)
[PegaHttpClient] 📡 POST https://zdk8budo.pegaacademy.net/prweb/PRRestService/v1/rules/query?pxObjClass=Rule-HTML-Section&appliesTo=Rule-Connect-REST&pyRuleName=pzConnectMapToKey&RequestClass=Rule-HTML-Section&RequestAppliesTo=Rule-Connect-REST&RequestRuleName=pzConnectMapToKey Payload: "{\"RequestClass\":\"Rule-HTML-Section\",\"RequestAppliesTo\":\"Rule-Connect-REST\",\"RequestRuleName\":\"pzConnectMapToKey\"}" => HTTP 404 (18 bytes)
[PegaHttpClient] 📡 POST https://zdk8budo.pegaacademy.net/prweb/api/CodeIntelligence/v1/rules/query?pxObjClass=Rule-HTML-Section&appliesTo=Rule-Connect-REST&pyRuleName=pzConRESTMapPayloadTo&RequestClass=Rule-HTML-Section&RequestAppliesTo=Rule-Connect-REST&RequestRuleName=pzConRESTMapPayloadTo Payload: "{\"RequestClass\":\"Rule-HTML-Section\",\"RequestAppliesTo\":\"Rule-Connect-REST\",\"RequestRuleName\":\"pzConRESTMapPayloadTo\"}" => HTTP 404 (116 bytes)
[PegaHttpClient] 📡 POST https://zdk8budo.pegaacademy.net/prweb/PRRestService/CodeIntelligence/v1/rules/query?pxObjClass=Rule-HTML-Section&appliesTo=Rule-Connect-REST&pyRuleName=pzConRESTMapPayloadTo&RequestClass=Rule-HTML-Section&RequestAppliesTo=Rule-Connect-REST&RequestRuleName=pzConRESTMapPayloadTo Payload: "{\"RequestClass\":\"Rule-HTML-Section\",\"RequestAppliesTo\":\"Rule-Connect-REST\",\"RequestRuleName\":\"pzConRESTMapPayloadTo\"}" => HTTP 404 (116 bytes)
[PegaHttpClient] 📡 POST https://zdk8budo.pegaacademy.net/prweb/api/HRAppsV2Service/V1/rules/query?pxObjClass=Rule-HTML-Section&appliesTo=Rule-Connect-REST&pyRuleName=pzConRESTMapPayloadTo&RequestClass=Rule-HTML-Section&RequestAppliesTo=Rule-Connect-REST&RequestRuleName=pzConRESTMapPayloadTo Payload: "{\"RequestClass\":\"Rule-HTML-Section\",\"RequestAppliesTo\":\"Rule-Connect-REST\",\"RequestRuleName\":\"pzConRESTMapPayloadTo\"}" => HTTP 404 (18 bytes)
[PegaHttpClient] 📡 POST https://zdk8budo.pegaacademy.net/prweb/PRRestService/HRAppsV2Service/V1/rules/query?pxObjClass=Rule-HTML-Section&appliesTo=Rule-Connect-REST&pyRuleName=pzConRESTMapPayloadTo&RequestClass=Rule-HTML-Section&RequestAppliesTo=Rule-Connect-REST&RequestRuleName=pzConRESTMapPayloadTo Payload: "{\"RequestClass\":\"Rule-HTML-Section\",\"RequestAppliesTo\":\"Rule-Connect-REST\",\"RequestRuleName\":\"pzConRESTMapPayloadTo\"}" => HTTP 404 (18 bytes)
[PegaHttpClient] 📡 POST https://zdk8budo.pegaacademy.net/prweb/api/HRAppsV2/V1/rules/query?pxObjClass=Rule-HTML-Section&appliesTo=Rule-Connect-REST&pyRuleName=pzConRESTMapPayloadTo&RequestClass=Rule-HTML-Section&RequestAppliesTo=Rule-Connect-REST&RequestRuleName=pzConRESTMapPayloadTo Payload: "{\"RequestClass\":\"Rule-HTML-Section\",\"RequestAppliesTo\":\"Rule-Connect-REST\",\"RequestRuleName\":\"pzConRESTMapPayloadTo\"}" => HTTP 404 (18 bytes)
[PegaHttpClient] 📡 POST https://zdk8budo.pegaacademy.net/prweb/PRRestService/HRAppsV2/V1/rules/query?pxObjClass=Rule-HTML-Section&appliesTo=Rule-Connect-REST&pyRuleName=pzConRESTMapPayloadTo&RequestClass=Rule-HTML-Section&RequestAppliesTo=Rule-Connect-REST&RequestRuleName=pzConRESTMapPayloadTo Payload: "{\"RequestClass\":\"Rule-HTML-Section\",\"RequestAppliesTo\":\"Rule-Connect-REST\",\"RequestRuleName\":\"pzConRESTMapPayloadTo\"}" => HTTP 404 (18 bytes)
[PegaHttpClient] 📡 POST https://zdk8budo.pegaacademy.net/prweb/api/v1/rules/query?pxObjClass=Rule-HTML-Section&appliesTo=Rule-Connect-REST&pyRuleName=pzConRESTMapPayloadTo&RequestClass=Rule-HTML-Section&RequestAppliesTo=Rule-Connect-REST&RequestRuleName=pzConRESTMapPayloadTo Payload: "{\"RequestClass\":\"Rule-HTML-Section\",\"RequestAppliesTo\":\"Rule-Connect-REST\",\"RequestRuleName\":\"pzConRESTMapPayloadTo\"}" => HTTP 404 (18 bytes)
[PegaHttpClient] 📡 POST https://zdk8budo.pegaacademy.net/prweb/PRRestService/v1/rules/query?pxObjClass=Rule-HTML-Section&appliesTo=Rule-Connect-REST&pyRuleName=pzConRESTMapPayloadTo&RequestClass=Rule-HTML-Section&RequestAppliesTo=Rule-Connect-REST&RequestRuleName=pzConRESTMapPayloadTo Payload: "{\"RequestClass\":\"Rule-HTML-Section\",\"RequestAppliesTo\":\"Rule-Connect-REST\",\"RequestRuleName\":\"pzConRESTMapPayloadTo\"}" => HTTP 404 (18 bytes)
[PegaHttpClient] 📡 POST https://zdk8budo.pegaacademy.net/prweb/api/CodeIntelligence/v1/rules/query?pxObjClass=Rule-HTML-Section&appliesTo=Rule-Connect-REST&pyRuleName=pzConnectParamMapFromOptions&RequestClass=Rule-HTML-Section&RequestAppliesTo=Rule-Connect-REST&RequestRuleName=pzConnectParamMapFromOptions Payload: "{\"RequestClass\":\"Rule-HTML-Section\",\"RequestAppliesTo\":\"Rule-Connect-REST\",\"RequestRuleName\":\"pzConnectParamMapFromOptions\"}" => HTTP 404 (123 bytes)
[PegaHttpClient] 📡 POST https://zdk8budo.pegaacademy.net/prweb/PRRestService/CodeIntelligence/v1/rules/query?pxObjClass=Rule-HTML-Section&appliesTo=Rule-Connect-REST&pyRuleName=pzConnectParamMapFromOptions&RequestClass=Rule-HTML-Section&RequestAppliesTo=Rule-Connect-REST&RequestRuleName=pzConnectParamMapFromOptions Payload: "{\"RequestClass\":\"Rule-HTML-Section\",\"RequestAppliesTo\":\"Rule-Connect-REST\",\"RequestRuleName\":\"pzConnectParamMapFromOptions\"}" => HTTP 404 (123 bytes)
[PegaHttpClient] 📡 POST https://zdk8budo.pegaacademy.net/prweb/api/HRAppsV2Service/V1/rules/query?pxObjClass=Rule-HTML-Section&appliesTo=Rule-Connect-REST&pyRuleName=pzConnectParamMapFromOptions&RequestClass=Rule-HTML-Section&RequestAppliesTo=Rule-Connect-REST&RequestRuleName=pzConnectParamMapFromOptions Payload: "{\"RequestClass\":\"Rule-HTML-Section\",\"RequestAppliesTo\":\"Rule-Connect-REST\",\"RequestRuleName\":\"pzConnectParamMapFromOptions\"}" => HTTP 404 (18 bytes)
[PegaHttpClient] 📡 POST https://zdk8budo.pegaacademy.net/prweb/PRRestService/HRAppsV2Service/V1/rules/query?pxObjClass=Rule-HTML-Section&appliesTo=Rule-Connect-REST&pyRuleName=pzConnectParamMapFromOptions&RequestClass=Rule-HTML-Section&RequestAppliesTo=Rule-Connect-REST&RequestRuleName=pzConnectParamMapFromOptions Payload: "{\"RequestClass\":\"Rule-HTML-Section\",\"RequestAppliesTo\":\"Rule-Connect-REST\",\"RequestRuleName\":\"pzConnectParamMapFromOptions\"}" => HTTP 404 (18 bytes)
[PegaHttpClient] 📡 POST https://zdk8budo.pegaacademy.net/prweb/api/HRAppsV2/V1/rules/query?pxObjClass=Rule-HTML-Section&appliesTo=Rule-Connect-REST&pyRuleName=pzConnectParamMapFromOptions&RequestClass=Rule-HTML-Section&RequestAppliesTo=Rule-Connect-REST&RequestRuleName=pzConnectParamMapFromOptions Payload: "{\"RequestClass\":\"Rule-HTML-Section\",\"RequestAppliesTo\":\"Rule-Connect-REST\",\"RequestRuleName\":\"pzConnectParamMapFromOptions\"}" => HTTP 404 (18 bytes)
[PegaHttpClient] 📡 POST https://zdk8budo.pegaacademy.net/prweb/PRRestService/HRAppsV2/V1/rules/query?pxObjClass=Rule-HTML-Section&appliesTo=Rule-Connect-REST&pyRuleName=pzConnectParamMapFromOptions&RequestClass=Rule-HTML-Section&RequestAppliesTo=Rule-Connect-REST&RequestRuleName=pzConnectParamMapFromOptions Payload: "{\"RequestClass\":\"Rule-HTML-Section\",\"RequestAppliesTo\":\"Rule-Connect-REST\",\"RequestRuleName\":\"pzConnectParamMapFromOptions\"}" => HTTP 404 (18 bytes)
[PegaHttpClient] 📡 POST https://zdk8budo.pegaacademy.net/prweb/api/v1/rules/query?pxObjClass=Rule-HTML-Section&appliesTo=Rule-Connect-REST&pyRuleName=pzConnectParamMapFromOptions&RequestClass=Rule-HTML-Section&RequestAppliesTo=Rule-Connect-REST&RequestRuleName=pzConnectParamMapFromOptions Payload: "{\"RequestClass\":\"Rule-HTML-Section\",\"RequestAppliesTo\":\"Rule-Connect-REST\",\"RequestRuleName\":\"pzConnectParamMapFromOptions\"}" => HTTP 404 (18 bytes)
[PegaHttpClient] 📡 POST https://zdk8budo.pegaacademy.net/prweb/PRRestService/v1/rules/query?pxObjClass=Rule-HTML-Section&appliesTo=Rule-Connect-REST&pyRuleName=pzConnectParamMapFromOptions&RequestClass=Rule-HTML-Section&RequestAppliesTo=Rule-Connect-REST&RequestRuleName=pzConnectParamMapFromOptions Payload: "{\"RequestClass\":\"Rule-HTML-Section\",\"RequestAppliesTo\":\"Rule-Connect-REST\",\"RequestRuleName\":\"pzConnectParamMapFromOptions\"}" => HTTP 404 (18 bytes)
[PegaHttpClient] 📡 POST https://zdk8budo.pegaacademy.net/prweb/api/CodeIntelligence/v1/rules/query?pxObjClass=Rule-HTML-Section&appliesTo=Rule-Connect-REST&pyRuleName=pzConnectMapFromKey&RequestClass=Rule-HTML-Section&RequestAppliesTo=Rule-Connect-REST&RequestRuleName=pzConnectMapFromKey Payload: "{\"RequestClass\":\"Rule-HTML-Section\",\"RequestAppliesTo\":\"Rule-Connect-REST\",\"RequestRuleName\":\"pzConnectMapFromKey\"}" => HTTP 404 (114 bytes)
[PegaHttpClient] 📡 POST https://zdk8budo.pegaacademy.net/prweb/PRRestService/CodeIntelligence/v1/rules/query?pxObjClass=Rule-HTML-Section&appliesTo=Rule-Connect-REST&pyRuleName=pzConnectMapFromKey&RequestClass=Rule-HTML-Section&RequestAppliesTo=Rule-Connect-REST&RequestRuleName=pzConnectMapFromKey Payload: "{\"RequestClass\":\"Rule-HTML-Section\",\"RequestAppliesTo\":\"Rule-Connect-REST\",\"RequestRuleName\":\"pzConnectMapFromKey\"}" => HTTP 404 (114 bytes)
[PegaHttpClient] 📡 POST https://zdk8budo.pegaacademy.net/prweb/api/HRAppsV2Service/V1/rules/query?pxObjClass=Rule-HTML-Section&appliesTo=Rule-Connect-REST&pyRuleName=pzConnectMapFromKey&RequestClass=Rule-HTML-Section&RequestAppliesTo=Rule-Connect-REST&RequestRuleName=pzConnectMapFromKey Payload: "{\"RequestClass\":\"Rule-HTML-Section\",\"RequestAppliesTo\":\"Rule-Connect-REST\",\"RequestRuleName\":\"pzConnectMapFromKey\"}" => HTTP 404 (18 bytes)
[PegaHttpClient] 📡 POST https://zdk8budo.pegaacademy.net/prweb/PRRestService/HRAppsV2Service/V1/rules/query?pxObjClass=Rule-HTML-Section&appliesTo=Rule-Connect-REST&pyRuleName=pzConnectMapFromKey&RequestClass=Rule-HTML-Section&RequestAppliesTo=Rule-Connect-REST&RequestRuleName=pzConnectMapFromKey Payload: "{\"RequestClass\":\"Rule-HTML-Section\",\"RequestAppliesTo\":\"Rule-Connect-REST\",\"RequestRuleName\":\"pzConnectMapFromKey\"}" => HTTP 404 (18 bytes)
[PegaHttpClient] 📡 POST https://zdk8budo.pegaacademy.net/prweb/api/HRAppsV2/V1/rules/query?pxObjClass=Rule-HTML-Section&appliesTo=Rule-Connect-REST&pyRuleName=pzConnectMapFromKey&RequestClass=Rule-HTML-Section&RequestAppliesTo=Rule-Connect-REST&RequestRuleName=pzConnectMapFromKey Payload: "{\"RequestClass\":\"Rule-HTML-Section\",\"RequestAppliesTo\":\"Rule-Connect-REST\",\"RequestRuleName\":\"pzConnectMapFromKey\"}" => HTTP 404 (18 bytes)
[PegaHttpClient] 📡 POST https://zdk8budo.pegaacademy.net/prweb/PRRestService/HRAppsV2/V1/rules/query?pxObjClass=Rule-HTML-Section&appliesTo=Rule-Connect-REST&pyRuleName=pzConnectMapFromKey&RequestClass=Rule-HTML-Section&RequestAppliesTo=Rule-Connect-REST&RequestRuleName=pzConnectMapFromKey Payload: "{\"RequestClass\":\"Rule-HTML-Section\",\"RequestAppliesTo\":\"Rule-Connect-REST\",\"RequestRuleName\":\"pzConnectMapFromKey\"}" => HTTP 404 (18 bytes)
[PegaHttpClient] 📡 POST https://zdk8budo.pegaacademy.net/prweb/api/v1/rules/query?pxObjClass=Rule-HTML-Section&appliesTo=Rule-Connect-REST&pyRuleName=pzConnectMapFromKey&RequestClass=Rule-HTML-Section&RequestAppliesTo=Rule-Connect-REST&RequestRuleName=pzConnectMapFromKey Payload: "{\"RequestClass\":\"Rule-HTML-Section\",\"RequestAppliesTo\":\"Rule-Connect-REST\",\"RequestRuleName\":\"pzConnectMapFromKey\"}" => HTTP 404 (18 bytes)
[PegaHttpClient] 📡 POST https://zdk8budo.pegaacademy.net/prweb/PRRestService/v1/rules/query?pxObjClass=Rule-HTML-Section&appliesTo=Rule-Connect-REST&pyRuleName=pzConnectMapFromKey&RequestClass=Rule-HTML-Section&RequestAppliesTo=Rule-Connect-REST&RequestRuleName=pzConnectMapFromKey Payload: "{\"RequestClass\":\"Rule-HTML-Section\",\"RequestAppliesTo\":\"Rule-Connect-REST\",\"RequestRuleName\":\"pzConnectMapFromKey\"}" => HTTP 404 (18 bytes)
[PegaHttpClient] 📡 POST https://zdk8budo.pegaacademy.net/prweb/api/CodeIntelligence/v1/rules/query?pxObjClass=Rule-HTML-Section&appliesTo=Rule-Connect-REST&pyRuleName=pzConRESTMapPayloadFrom&RequestClass=Rule-HTML-Section&RequestAppliesTo=Rule-Connect-REST&RequestRuleName=pzConRESTMapPayloadFrom Payload: "{\"RequestClass\":\"Rule-HTML-Section\",\"RequestAppliesTo\":\"Rule-Connect-REST\",\"RequestRuleName\":\"pzConRESTMapPayloadFrom\"}" => HTTP 404 (118 bytes)
[PegaHttpClient] 📡 POST https://zdk8budo.pegaacademy.net/prweb/PRRestService/CodeIntelligence/v1/rules/query?pxObjClass=Rule-HTML-Section&appliesTo=Rule-Connect-REST&pyRuleName=pzConRESTMapPayloadFrom&RequestClass=Rule-HTML-Section&RequestAppliesTo=Rule-Connect-REST&RequestRuleName=pzConRESTMapPayloadFrom Payload: "{\"RequestClass\":\"Rule-HTML-Section\",\"RequestAppliesTo\":\"Rule-Connect-REST\",\"RequestRuleName\":\"pzConRESTMapPayloadFrom\"}" => HTTP 404 (118 bytes)
[PegaHttpClient] 📡 POST https://zdk8budo.pegaacademy.net/prweb/api/HRAppsV2Service/V1/rules/query?pxObjClass=Rule-HTML-Section&appliesTo=Rule-Connect-REST&pyRuleName=pzConRESTMapPayloadFrom&RequestClass=Rule-HTML-Section&RequestAppliesTo=Rule-Connect-REST&RequestRuleName=pzConRESTMapPayloadFrom Payload: "{\"RequestClass\":\"Rule-HTML-Section\",\"RequestAppliesTo\":\"Rule-Connect-REST\",\"RequestRuleName\":\"pzConRESTMapPayloadFrom\"}" => HTTP 404 (18 bytes)
[PegaHttpClient] 📡 POST https://zdk8budo.pegaacademy.net/prweb/PRRestService/HRAppsV2Service/V1/rules/query?pxObjClass=Rule-HTML-Section&appliesTo=Rule-Connect-REST&pyRuleName=pzConRESTMapPayloadFrom&RequestClass=Rule-HTML-Section&RequestAppliesTo=Rule-Connect-REST&RequestRuleName=pzConRESTMapPayloadFrom Payload: "{\"RequestClass\":\"Rule-HTML-Section\",\"RequestAppliesTo\":\"Rule-Connect-REST\",\"RequestRuleName\":\"pzConRESTMapPayloadFrom\"}" => HTTP 404 (18 bytes)
[PegaHttpClient] 📡 POST https://zdk8budo.pegaacademy.net/prweb/api/HRAppsV2/V1/rules/query?pxObjClass=Rule-HTML-Section&appliesTo=Rule-Connect-REST&pyRuleName=pzConRESTMapPayloadFrom&RequestClass=Rule-HTML-Section&RequestAppliesTo=Rule-Connect-REST&RequestRuleName=pzConRESTMapPayloadFrom Payload: "{\"RequestClass\":\"Rule-HTML-Section\",\"RequestAppliesTo\":\"Rule-Connect-REST\",\"RequestRuleName\":\"pzConRESTMapPayloadFrom\"}" => HTTP 404 (18 bytes)
[PegaHttpClient] 📡 POST https://zdk8budo.pegaacademy.net/prweb/PRRestService/HRAppsV2/V1/rules/query?pxObjClass=Rule-HTML-Section&appliesTo=Rule-Connect-REST&pyRuleName=pzConRESTMapPayloadFrom&RequestClass=Rule-HTML-Section&RequestAppliesTo=Rule-Connect-REST&RequestRuleName=pzConRESTMapPayloadFrom Payload: "{\"RequestClass\":\"Rule-HTML-Section\",\"RequestAppliesTo\":\"Rule-Connect-REST\",\"RequestRuleName\":\"pzConRESTMapPayloadFrom\"}" => HTTP 404 (18 bytes)
[PegaHttpClient] 📡 POST https://zdk8budo.pegaacademy.net/prweb/api/v1/rules/query?pxObjClass=Rule-HTML-Section&appliesTo=Rule-Connect-REST&pyRuleName=pzConRESTMapPayloadFrom&RequestClass=Rule-HTML-Section&RequestAppliesTo=Rule-Connect-REST&RequestRuleName=pzConRESTMapPayloadFrom Payload: "{\"RequestClass\":\"Rule-HTML-Section\",\"RequestAppliesTo\":\"Rule-Connect-REST\",\"RequestRuleName\":\"pzConRESTMapPayloadFrom\"}" => HTTP 404 (18 bytes)
[PegaHttpClient] 📡 POST https://zdk8budo.pegaacademy.net/prweb/PRRestService/v1/rules/query?pxObjClass=Rule-HTML-Section&appliesTo=Rule-Connect-REST&pyRuleName=pzConRESTMapPayloadFrom&RequestClass=Rule-HTML-Section&RequestAppliesTo=Rule-Connect-REST&RequestRuleName=pzConRESTMapPayloadFrom Payload: "{\"RequestClass\":\"Rule-HTML-Section\",\"RequestAppliesTo\":\"Rule-Connect-REST\",\"RequestRuleName\":\"pzConRESTMapPayloadFrom\"}" => HTTP 404 (18 bytes)
[PegaHttpClient] 📡 POST https://zdk8budo.pegaacademy.net/prweb/api/CodeIntelligence/v1/rules/query?pxObjClass=Rule-HTML-Section&appliesTo=Rule-Connect-REST&pyRuleName=pzConnectParamMapToOptions&RequestClass=Rule-HTML-Section&RequestAppliesTo=Rule-Connect-REST&RequestRuleName=pzConnectParamMapToOptions Payload: "{\"RequestClass\":\"Rule-HTML-Section\",\"RequestAppliesTo\":\"Rule-Connect-REST\",\"RequestRuleName\":\"pzConnectParamMapToOptions\"}" => HTTP 404 (121 bytes)
[PegaHttpClient] 📡 POST https://zdk8budo.pegaacademy.net/prweb/PRRestService/CodeIntelligence/v1/rules/query?pxObjClass=Rule-HTML-Section&appliesTo=Rule-Connect-REST&pyRuleName=pzConnectParamMapToOptions&RequestClass=Rule-HTML-Section&RequestAppliesTo=Rule-Connect-REST&RequestRuleName=pzConnectParamMapToOptions Payload: "{\"RequestClass\":\"Rule-HTML-Section\",\"RequestAppliesTo\":\"Rule-Connect-REST\",\"RequestRuleName\":\"pzConnectParamMapToOptions\"}" => HTTP 404 (121 bytes)
[PegaHttpClient] 📡 POST https://zdk8budo.pegaacademy.net/prweb/api/HRAppsV2Service/V1/rules/query?pxObjClass=Rule-HTML-Section&appliesTo=Rule-Connect-REST&pyRuleName=pzConnectParamMapToOptions&RequestClass=Rule-HTML-Section&RequestAppliesTo=Rule-Connect-REST&RequestRuleName=pzConnectParamMapToOptions Payload: "{\"RequestClass\":\"Rule-HTML-Section\",\"RequestAppliesTo\":\"Rule-Connect-REST\",\"RequestRuleName\":\"pzConnectParamMapToOptions\"}" => HTTP 404 (18 bytes)
[PegaHttpClient] 📡 POST https://zdk8budo.pegaacademy.net/prweb/PRRestService/HRAppsV2Service/V1/rules/query?pxObjClass=Rule-HTML-Section&appliesTo=Rule-Connect-REST&pyRuleName=pzConnectParamMapToOptions&RequestClass=Rule-HTML-Section&RequestAppliesTo=Rule-Connect-REST&RequestRuleName=pzConnectParamMapToOptions Payload: "{\"RequestClass\":\"Rule-HTML-Section\",\"RequestAppliesTo\":\"Rule-Connect-REST\",\"RequestRuleName\":\"pzConnectParamMapToOptions\"}" => HTTP 404 (18 bytes)
[PegaHttpClient] 📡 POST https://zdk8budo.pegaacademy.net/prweb/api/HRAppsV2/V1/rules/query?pxObjClass=Rule-HTML-Section&appliesTo=Rule-Connect-REST&pyRuleName=pzConnectParamMapToOptions&RequestClass=Rule-HTML-Section&RequestAppliesTo=Rule-Connect-REST&RequestRuleName=pzConnectParamMapToOptions Payload: "{\"RequestClass\":\"Rule-HTML-Section\",\"RequestAppliesTo\":\"Rule-Connect-REST\",\"RequestRuleName\":\"pzConnectParamMapToOptions\"}" => HTTP 404 (18 bytes)
[PegaHttpClient] 📡 POST https://zdk8budo.pegaacademy.net/prweb/PRRestService/HRAppsV2/V1/rules/query?pxObjClass=Rule-HTML-Section&appliesTo=Rule-Connect-REST&pyRuleName=pzConnectParamMapToOptions&RequestClass=Rule-HTML-Section&RequestAppliesTo=Rule-Connect-REST&RequestRuleName=pzConnectParamMapToOptions Payload: "{\"RequestClass\":\"Rule-HTML-Section\",\"RequestAppliesTo\":\"Rule-Connect-REST\",\"RequestRuleName\":\"pzConnectParamMapToOptions\"}" => HTTP 404 (18 bytes)
[PegaHttpClient] 📡 POST https://zdk8budo.pegaacademy.net/prweb/api/v1/rules/query?pxObjClass=Rule-HTML-Section&appliesTo=Rule-Connect-REST&pyRuleName=pzConnectParamMapToOptions&RequestClass=Rule-HTML-Section&RequestAppliesTo=Rule-Connect-REST&RequestRuleName=pzConnectParamMapToOptions Payload: "{\"RequestClass\":\"Rule-HTML-Section\",\"RequestAppliesTo\":\"Rule-Connect-REST\",\"RequestRuleName\":\"pzConnectParamMapToOptions\"}" => HTTP 404 (18 bytes)
[PegaHttpClient] 📡 POST https://zdk8budo.pegaacademy.net/prweb/PRRestService/v1/rules/query?pxObjClass=Rule-HTML-Section&appliesTo=Rule-Connect-REST&pyRuleName=pzConnectParamMapToOptions&RequestClass=Rule-HTML-Section&RequestAppliesTo=Rule-Connect-REST&RequestRuleName=pzConnectParamMapToOptions Payload: "{\"RequestClass\":\"Rule-HTML-Section\",\"RequestAppliesTo\":\"Rule-Connect-REST\",\"RequestRuleName\":\"pzConnectParamMapToOptions\"}" => HTTP 404 (18 bytes)
[PegaHttpClient] 📡 POST https://zdk8budo.pegaacademy.net/prweb/api/CodeIntelligence/v1/rules/query?pxObjClass=Rule-HTML-Section&appliesTo=Rule-Connect-REST&pyRuleName=pzConnectMapToKey&RequestClass=Rule-HTML-Section&RequestAppliesTo=Rule-Connect-REST&RequestRuleName=pzConnectMapToKey Payload: "{\"RequestClass\":\"Rule-HTML-Section\",\"RequestAppliesTo\":\"Rule-Connect-REST\",\"RequestRuleName\":\"pzConnectMapToKey\"}" => HTTP 404 (112 bytes)
[PegaHttpClient] 📡 POST https://zdk8budo.pegaacademy.net/prweb/PRRestService/CodeIntelligence/v1/rules/query?pxObjClass=Rule-HTML-Section&appliesTo=Rule-Connect-REST&pyRuleName=pzConnectMapToKey&RequestClass=Rule-HTML-Section&RequestAppliesTo=Rule-Connect-REST&RequestRuleName=pzConnectMapToKey Payload: "{\"RequestClass\":\"Rule-HTML-Section\",\"RequestAppliesTo\":\"Rule-Connect-REST\",\"RequestRuleName\":\"pzConnectMapToKey\"}" => HTTP 404 (112 bytes)
[PegaHttpClient] 📡 POST https://zdk8budo.pegaacademy.net/prweb/api/HRAppsV2Service/V1/rules/query?pxObjClass=Rule-HTML-Section&appliesTo=Rule-Connect-REST&pyRuleName=pzConnectMapToKey&RequestClass=Rule-HTML-Section&RequestAppliesTo=Rule-Connect-REST&RequestRuleName=pzConnectMapToKey Payload: "{\"RequestClass\":\"Rule-HTML-Section\",\"RequestAppliesTo\":\"Rule-Connect-REST\",\"RequestRuleName\":\"pzConnectMapToKey\"}" => HTTP 404 (18 bytes)
[PegaHttpClient] 📡 POST https://zdk8budo.pegaacademy.net/prweb/PRRestService/HRAppsV2Service/V1/rules/query?pxObjClass=Rule-HTML-Section&appliesTo=Rule-Connect-REST&pyRuleName=pzConnectMapToKey&RequestClass=Rule-HTML-Section&RequestAppliesTo=Rule-Connect-REST&RequestRuleName=pzConnectMapToKey Payload: "{\"RequestClass\":\"Rule-HTML-Section\",\"RequestAppliesTo\":\"Rule-Connect-REST\",\"RequestRuleName\":\"pzConnectMapToKey\"}" => HTTP 404 (18 bytes)
[PegaHttpClient] 📡 POST https://zdk8budo.pegaacademy.net/prweb/api/HRAppsV2/V1/rules/query?pxObjClass=Rule-HTML-Section&appliesTo=Rule-Connect-REST&pyRuleName=pzConnectMapToKey&RequestClass=Rule-HTML-Section&RequestAppliesTo=Rule-Connect-REST&RequestRuleName=pzConnectMapToKey Payload: "{\"RequestClass\":\"Rule-HTML-Section\",\"RequestAppliesTo\":\"Rule-Connect-REST\",\"RequestRuleName\":\"pzConnectMapToKey\"}" => HTTP 404 (18 bytes)
[PegaHttpClient] 📡 POST https://zdk8budo.pegaacademy.net/prweb/PRRestService/HRAppsV2/V1/rules/query?pxObjClass=Rule-HTML-Section&appliesTo=Rule-Connect-REST&pyRuleName=pzConnectMapToKey&RequestClass=Rule-HTML-Section&RequestAppliesTo=Rule-Connect-REST&RequestRuleName=pzConnectMapToKey Payload: "{\"RequestClass\":\"Rule-HTML-Section\",\"RequestAppliesTo\":\"Rule-Connect-REST\",\"RequestRuleName\":\"pzConnectMapToKey\"}" => HTTP 404 (18 bytes)
[PegaHttpClient] 📡 POST https://zdk8budo.pegaacademy.net/prweb/api/v1/rules/query?pxObjClass=Rule-HTML-Section&appliesTo=Rule-Connect-REST&pyRuleName=pzConnectMapToKey&RequestClass=Rule-HTML-Section&RequestAppliesTo=Rule-Connect-REST&RequestRuleName=pzConnectMapToKey Payload: "{\"RequestClass\":\"Rule-HTML-Section\",\"RequestAppliesTo\":\"Rule-Connect-REST\",\"RequestRuleName\":\"pzConnectMapToKey\"}" => HTTP 404 (18 bytes)
[PegaHttpClient] 📡 POST https://zdk8budo.pegaacademy.net/prweb/PRRestService/v1/rules/query?pxObjClass=Rule-HTML-Section&appliesTo=Rule-Connect-REST&pyRuleName=pzConnectMapToKey&RequestClass=Rule-HTML-Section&RequestAppliesTo=Rule-Connect-REST&RequestRuleName=pzConnectMapToKey Payload: "{\"RequestClass\":\"Rule-HTML-Section\",\"RequestAppliesTo\":\"Rule-Connect-REST\",\"RequestRuleName\":\"pzConnectMapToKey\"}" => HTTP 404 (18 bytes)
[PegaHttpClient] 📡 POST https://zdk8budo.pegaacademy.net/prweb/api/CodeIntelligence/v1/rules/query?pxObjClass=Rule-HTML-Section&appliesTo=Rule-Connect-REST&pyRuleName=pzConRESTMapPayloadTo&RequestClass=Rule-HTML-Section&RequestAppliesTo=Rule-Connect-REST&RequestRuleName=pzConRESTMapPayloadTo Payload: "{\"RequestClass\":\"Rule-HTML-Section\",\"RequestAppliesTo\":\"Rule-Connect-REST\",\"RequestRuleName\":\"pzConRESTMapPayloadTo\"}" => HTTP 404 (116 bytes)
[PegaHttpClient] 📡 POST https://zdk8budo.pegaacademy.net/prweb/PRRestService/CodeIntelligence/v1/rules/query?pxObjClass=Rule-HTML-Section&appliesTo=Rule-Connect-REST&pyRuleName=pzConRESTMapPayloadTo&RequestClass=Rule-HTML-Section&RequestAppliesTo=Rule-Connect-REST&RequestRuleName=pzConRESTMapPayloadTo Payload: "{\"RequestClass\":\"Rule-HTML-Section\",\"RequestAppliesTo\":\"Rule-Connect-REST\",\"RequestRuleName\":\"pzConRESTMapPayloadTo\"}" => HTTP 404 (116 bytes)
[PegaHttpClient] 📡 POST https://zdk8budo.pegaacademy.net/prweb/api/HRAppsV2Service/V1/rules/query?pxObjClass=Rule-HTML-Section&appliesTo=Rule-Connect-REST&pyRuleName=pzConRESTMapPayloadTo&RequestClass=Rule-HTML-Section&RequestAppliesTo=Rule-Connect-REST&RequestRuleName=pzConRESTMapPayloadTo Payload: "{\"RequestClass\":\"Rule-HTML-Section\",\"RequestAppliesTo\":\"Rule-Connect-REST\",\"RequestRuleName\":\"pzConRESTMapPayloadTo\"}" => HTTP 404 (18 bytes)
[PegaHttpClient] 📡 POST https://zdk8budo.pegaacademy.net/prweb/PRRestService/HRAppsV2Service/V1/rules/query?pxObjClass=Rule-HTML-Section&appliesTo=Rule-Connect-REST&pyRuleName=pzConRESTMapPayloadTo&RequestClass=Rule-HTML-Section&RequestAppliesTo=Rule-Connect-REST&RequestRuleName=pzConRESTMapPayloadTo Payload: "{\"RequestClass\":\"Rule-HTML-Section\",\"RequestAppliesTo\":\"Rule-Connect-REST\",\"RequestRuleName\":\"pzConRESTMapPayloadTo\"}" => HTTP 404 (18 bytes)
[PegaHttpClient] 📡 POST https://zdk8budo.pegaacademy.net/prweb/api/HRAppsV2/V1/rules/query?pxObjClass=Rule-HTML-Section&appliesTo=Rule-Connect-REST&pyRuleName=pzConRESTMapPayloadTo&RequestClass=Rule-HTML-Section&RequestAppliesTo=Rule-Connect-REST&RequestRuleName=pzConRESTMapPayloadTo Payload: "{\"RequestClass\":\"Rule-HTML-Section\",\"RequestAppliesTo\":\"Rule-Connect-REST\",\"RequestRuleName\":\"pzConRESTMapPayloadTo\"}" => HTTP 404 (18 bytes)
[PegaHttpClient] 📡 POST https://zdk8budo.pegaacademy.net/prweb/PRRestService/HRAppsV2/V1/rules/query?pxObjClass=Rule-HTML-Section&appliesTo=Rule-Connect-REST&pyRuleName=pzConRESTMapPayloadTo&RequestClass=Rule-HTML-Section&RequestAppliesTo=Rule-Connect-REST&RequestRuleName=pzConRESTMapPayloadTo Payload: "{\"RequestClass\":\"Rule-HTML-Section\",\"RequestAppliesTo\":\"Rule-Connect-REST\",\"RequestRuleName\":\"pzConRESTMapPayloadTo\"}" => HTTP 404 (18 bytes)
[PegaHttpClient] 📡 POST https://zdk8budo.pegaacademy.net/prweb/api/v1/rules/query?pxObjClass=Rule-HTML-Section&appliesTo=Rule-Connect-REST&pyRuleName=pzConRESTMapPayloadTo&RequestClass=Rule-HTML-Section&RequestAppliesTo=Rule-Connect-REST&RequestRuleName=pzConRESTMapPayloadTo Payload: "{\"RequestClass\":\"Rule-HTML-Section\",\"RequestAppliesTo\":\"Rule-Connect-REST\",\"RequestRuleName\":\"pzConRESTMapPayloadTo\"}" => HTTP 404 (18 bytes)
[PegaHttpClient] 📡 POST https://zdk8budo.pegaacademy.net/prweb/PRRestService/v1/rules/query?pxObjClass=Rule-HTML-Section&appliesTo=Rule-Connect-REST&pyRuleName=pzConRESTMapPayloadTo&RequestClass=Rule-HTML-Section&RequestAppliesTo=Rule-Connect-REST&RequestRuleName=pzConRESTMapPayloadTo Payload: "{\"RequestClass\":\"Rule-HTML-Section\",\"RequestAppliesTo\":\"Rule-Connect-REST\",\"RequestRuleName\":\"pzConRESTMapPayloadTo\"}" => HTTP 404 (18 bytes)
[PegaHttpClient] 📡 POST https://zdk8budo.pegaacademy.net/prweb/api/CodeIntelligence/v1/rules/query?pxObjClass=Rule-HTML-Section&appliesTo=Rule-Connect-REST&pyRuleName=pzLoadCollaborationScripts&RequestClass=Rule-HTML-Section&RequestAppliesTo=Rule-Connect-REST&RequestRuleName=pzLoadCollaborationScripts Payload: "{\"RequestClass\":\"Rule-HTML-Section\",\"RequestAppliesTo\":\"Rule-Connect-REST\",\"RequestRuleName\":\"pzLoadCollaborationScripts\"}" => HTTP 200 (23453 bytes)
[PegaHttpClient] 📡 POST https://zdk8budo.pegaacademy.net/prweb/api/CodeIntelligence/v1/rules/query?pxObjClass=Rule-HTML-Section&appliesTo=Rule-Connect-REST&pyRuleName=pzDisplayCollaboratorsList&RequestClass=Rule-HTML-Section&RequestAppliesTo=Rule-Connect-REST&RequestRuleName=pzDisplayCollaboratorsList Payload: "{\"RequestClass\":\"Rule-HTML-Section\",\"RequestAppliesTo\":\"Rule-Connect-REST\",\"RequestRuleName\":\"pzDisplayCollaboratorsList\"}" => HTTP 200 (105418 bytes)
[PegaHttpClient] 📡 POST https://zdk8budo.pegaacademy.net/prweb/api/CodeIntelligence/v1/rules/query?pxObjClass=Rule-HTML-Section&appliesTo=Rule-Connect-REST&pyRuleName=pzConRESTMapPayloadFrom&RequestClass=Rule-HTML-Section&RequestAppliesTo=Rule-Connect-REST&RequestRuleName=pzConRESTMapPayloadFrom Payload: "{\"RequestClass\":\"Rule-HTML-Section\",\"RequestAppliesTo\":\"Rule-Connect-REST\",\"RequestRuleName\":\"pzConRESTMapPayloadFrom\"}" => HTTP 404 (118 bytes)
[PegaHttpClient] 📡 POST https://zdk8budo.pegaacademy.net/prweb/PRRestService/CodeIntelligence/v1/rules/query?pxObjClass=Rule-HTML-Section&appliesTo=Rule-Connect-REST&pyRuleName=pzConRESTMapPayloadFrom&RequestClass=Rule-HTML-Section&RequestAppliesTo=Rule-Connect-REST&RequestRuleName=pzConRESTMapPayloadFrom Payload: "{\"RequestClass\":\"Rule-HTML-Section\",\"RequestAppliesTo\":\"Rule-Connect-REST\",\"RequestRuleName\":\"pzConRESTMapPayloadFrom\"}" => HTTP 404 (118 bytes)
[PegaHttpClient] 📡 POST https://zdk8budo.pegaacademy.net/prweb/api/HRAppsV2Service/V1/rules/query?pxObjClass=Rule-HTML-Section&appliesTo=Rule-Connect-REST&pyRuleName=pzConRESTMapPayloadFrom&RequestClass=Rule-HTML-Section&RequestAppliesTo=Rule-Connect-REST&RequestRuleName=pzConRESTMapPayloadFrom Payload: "{\"RequestClass\":\"Rule-HTML-Section\",\"RequestAppliesTo\":\"Rule-Connect-REST\",\"RequestRuleName\":\"pzConRESTMapPayloadFrom\"}" => HTTP 404 (18 bytes)
[PegaHttpClient] 📡 POST https://zdk8budo.pegaacademy.net/prweb/PRRestService/HRAppsV2Service/V1/rules/query?pxObjClass=Rule-HTML-Section&appliesTo=Rule-Connect-REST&pyRuleName=pzConRESTMapPayloadFrom&RequestClass=Rule-HTML-Section&RequestAppliesTo=Rule-Connect-REST&RequestRuleName=pzConRESTMapPayloadFrom Payload: "{\"RequestClass\":\"Rule-HTML-Section\",\"RequestAppliesTo\":\"Rule-Connect-REST\",\"RequestRuleName\":\"pzConRESTMapPayloadFrom\"}" => HTTP 404 (18 bytes)
[PegaHttpClient] 📡 POST https://zdk8budo.pegaacademy.net/prweb/api/HRAppsV2/V1/rules/query?pxObjClass=Rule-HTML-Section&appliesTo=Rule-Connect-REST&pyRuleName=pzConRESTMapPayloadFrom&RequestClass=Rule-HTML-Section&RequestAppliesTo=Rule-Connect-REST&RequestRuleName=pzConRESTMapPayloadFrom Payload: "{\"RequestClass\":\"Rule-HTML-Section\",\"RequestAppliesTo\":\"Rule-Connect-REST\",\"RequestRuleName\":\"pzConRESTMapPayloadFrom\"}" => HTTP 404 (18 bytes)
[PegaHttpClient] 📡 POST https://zdk8budo.pegaacademy.net/prweb/PRRestService/HRAppsV2/V1/rules/query?pxObjClass=Rule-HTML-Section&appliesTo=Rule-Connect-REST&pyRuleName=pzConRESTMapPayloadFrom&RequestClass=Rule-HTML-Section&RequestAppliesTo=Rule-Connect-REST&RequestRuleName=pzConRESTMapPayloadFrom Payload: "{\"RequestClass\":\"Rule-HTML-Section\",\"RequestAppliesTo\":\"Rule-Connect-REST\",\"RequestRuleName\":\"pzConRESTMapPayloadFrom\"}" => HTTP 404 (18 bytes)
[PegaHttpClient] 📡 POST https://zdk8budo.pegaacademy.net/prweb/api/v1/rules/query?pxObjClass=Rule-HTML-Section&appliesTo=Rule-Connect-REST&pyRuleName=pzConRESTMapPayloadFrom&RequestClass=Rule-HTML-Section&RequestAppliesTo=Rule-Connect-REST&RequestRuleName=pzConRESTMapPayloadFrom Payload: "{\"RequestClass\":\"Rule-HTML-Section\",\"RequestAppliesTo\":\"Rule-Connect-REST\",\"RequestRuleName\":\"pzConRESTMapPayloadFrom\"}" => HTTP 404 (18 bytes)
[PegaHttpClient] 📡 POST https://zdk8budo.pegaacademy.net/prweb/PRRestService/v1/rules/query?pxObjClass=Rule-HTML-Section&appliesTo=Rule-Connect-REST&pyRuleName=pzConRESTMapPayloadFrom&RequestClass=Rule-HTML-Section&RequestAppliesTo=Rule-Connect-REST&RequestRuleName=pzConRESTMapPayloadFrom Payload: "{\"RequestClass\":\"Rule-HTML-Section\",\"RequestAppliesTo\":\"Rule-Connect-REST\",\"RequestRuleName\":\"pzConRESTMapPayloadFrom\"}" => HTTP 404 (18 bytes)
[PegaHttpClient] 📡 POST https://zdk8budo.pegaacademy.net/prweb/api/CodeIntelligence/v1/rules/query?pxObjClass=Rule-HTML-Section&appliesTo=Rule-Connect-REST&pyRuleName=pzConnectParamMapFromOptions&RequestClass=Rule-HTML-Section&RequestAppliesTo=Rule-Connect-REST&RequestRuleName=pzConnectParamMapFromOptions Payload: "{\"RequestClass\":\"Rule-HTML-Section\",\"RequestAppliesTo\":\"Rule-Connect-REST\",\"RequestRuleName\":\"pzConnectParamMapFromOptions\"}" => HTTP 404 (123 bytes)
[PegaHttpClient] 📡 POST https://zdk8budo.pegaacademy.net/prweb/PRRestService/CodeIntelligence/v1/rules/query?pxObjClass=Rule-HTML-Section&appliesTo=Rule-Connect-REST&pyRuleName=pzConnectParamMapFromOptions&RequestClass=Rule-HTML-Section&RequestAppliesTo=Rule-Connect-REST&RequestRuleName=pzConnectParamMapFromOptions Payload: "{\"RequestClass\":\"Rule-HTML-Section\",\"RequestAppliesTo\":\"Rule-Connect-REST\",\"RequestRuleName\":\"pzConnectParamMapFromOptions\"}" => HTTP 404 (123 bytes)
[PegaHttpClient] 📡 POST https://zdk8budo.pegaacademy.net/prweb/api/HRAppsV2Service/V1/rules/query?pxObjClass=Rule-HTML-Section&appliesTo=Rule-Connect-REST&pyRuleName=pzConnectParamMapFromOptions&RequestClass=Rule-HTML-Section&RequestAppliesTo=Rule-Connect-REST&RequestRuleName=pzConnectParamMapFromOptions Payload: "{\"RequestClass\":\"Rule-HTML-Section\",\"RequestAppliesTo\":\"Rule-Connect-REST\",\"RequestRuleName\":\"pzConnectParamMapFromOptions\"}" => HTTP 404 (18 bytes)
[PegaHttpClient] 📡 POST https://zdk8budo.pegaacademy.net/prweb/PRRestService/HRAppsV2Service/V1/rules/query?pxObjClass=Rule-HTML-Section&appliesTo=Rule-Connect-REST&pyRuleName=pzConnectParamMapFromOptions&RequestClass=Rule-HTML-Section&RequestAppliesTo=Rule-Connect-REST&RequestRuleName=pzConnectParamMapFromOptions Payload: "{\"RequestClass\":\"Rule-HTML-Section\",\"RequestAppliesTo\":\"Rule-Connect-REST\",\"RequestRuleName\":\"pzConnectParamMapFromOptions\"}" => HTTP 404 (18 bytes)
[PegaHttpClient] 📡 POST https://zdk8budo.pegaacademy.net/prweb/api/HRAppsV2/V1/rules/query?pxObjClass=Rule-HTML-Section&appliesTo=Rule-Connect-REST&pyRuleName=pzConnectParamMapFromOptions&RequestClass=Rule-HTML-Section&RequestAppliesTo=Rule-Connect-REST&RequestRuleName=pzConnectParamMapFromOptions Payload: "{\"RequestClass\":\"Rule-HTML-Section\",\"RequestAppliesTo\":\"Rule-Connect-REST\",\"RequestRuleName\":\"pzConnectParamMapFromOptions\"}" => HTTP 404 (18 bytes)
[PegaHttpClient] 📡 POST https://zdk8budo.pegaacademy.net/prweb/PRRestService/HRAppsV2/V1/rules/query?pxObjClass=Rule-HTML-Section&appliesTo=Rule-Connect-REST&pyRuleName=pzConnectParamMapFromOptions&RequestClass=Rule-HTML-Section&RequestAppliesTo=Rule-Connect-REST&RequestRuleName=pzConnectParamMapFromOptions Payload: "{\"RequestClass\":\"Rule-HTML-Section\",\"RequestAppliesTo\":\"Rule-Connect-REST\",\"RequestRuleName\":\"pzConnectParamMapFromOptions\"}" => HTTP 404 (18 bytes)
[PegaHttpClient] 📡 POST https://zdk8budo.pegaacademy.net/prweb/api/v1/rules/query?pxObjClass=Rule-HTML-Section&appliesTo=Rule-Connect-REST&pyRuleName=pzConnectParamMapFromOptions&RequestClass=Rule-HTML-Section&RequestAppliesTo=Rule-Connect-REST&RequestRuleName=pzConnectParamMapFromOptions Payload: "{\"RequestClass\":\"Rule-HTML-Section\",\"RequestAppliesTo\":\"Rule-Connect-REST\",\"RequestRuleName\":\"pzConnectParamMapFromOptions\"}" => HTTP 404 (18 bytes)
[PegaHttpClient] 📡 POST https://zdk8budo.pegaacademy.net/prweb/PRRestService/v1/rules/query?pxObjClass=Rule-HTML-Section&appliesTo=Rule-Connect-REST&pyRuleName=pzConnectParamMapFromOptions&RequestClass=Rule-HTML-Section&RequestAppliesTo=Rule-Connect-REST&RequestRuleName=pzConnectParamMapFromOptions Payload: "{\"RequestClass\":\"Rule-HTML-Section\",\"RequestAppliesTo\":\"Rule-Connect-REST\",\"RequestRuleName\":\"pzConnectParamMapFromOptions\"}" => HTTP 404 (18 bytes)
[PegaHttpClient] 📡 POST https://zdk8budo.pegaacademy.net/prweb/api/CodeIntelligence/v1/rules/query?pxObjClass=Rule-HTML-Section&appliesTo=Rule-Connect-REST&pyRuleName=pzConnectMapFromKey&RequestClass=Rule-HTML-Section&RequestAppliesTo=Rule-Connect-REST&RequestRuleName=pzConnectMapFromKey Payload: "{\"RequestClass\":\"Rule-HTML-Section\",\"RequestAppliesTo\":\"Rule-Connect-REST\",\"RequestRuleName\":\"pzConnectMapFromKey\"}" => HTTP 404 (114 bytes)
[PegaHttpClient] 📡 POST https://zdk8budo.pegaacademy.net/prweb/PRRestService/CodeIntelligence/v1/rules/query?pxObjClass=Rule-HTML-Section&appliesTo=Rule-Connect-REST&pyRuleName=pzConnectMapFromKey&RequestClass=Rule-HTML-Section&RequestAppliesTo=Rule-Connect-REST&RequestRuleName=pzConnectMapFromKey Payload: "{\"RequestClass\":\"Rule-HTML-Section\",\"RequestAppliesTo\":\"Rule-Connect-REST\",\"RequestRuleName\":\"pzConnectMapFromKey\"}" => HTTP 404 (114 bytes)
[PegaHttpClient] 📡 POST https://zdk8budo.pegaacademy.net/prweb/api/HRAppsV2Service/V1/rules/query?pxObjClass=Rule-HTML-Section&appliesTo=Rule-Connect-REST&pyRuleName=pzConnectMapFromKey&RequestClass=Rule-HTML-Section&RequestAppliesTo=Rule-Connect-REST&RequestRuleName=pzConnectMapFromKey Payload: "{\"RequestClass\":\"Rule-HTML-Section\",\"RequestAppliesTo\":\"Rule-Connect-REST\",\"RequestRuleName\":\"pzConnectMapFromKey\"}" => HTTP 404 (18 bytes)
[PegaHttpClient] 📡 POST https://zdk8budo.pegaacademy.net/prweb/PRRestService/HRAppsV2Service/V1/rules/query?pxObjClass=Rule-HTML-Section&appliesTo=Rule-Connect-REST&pyRuleName=pzConnectMapFromKey&RequestClass=Rule-HTML-Section&RequestAppliesTo=Rule-Connect-REST&RequestRuleName=pzConnectMapFromKey Payload: "{\"RequestClass\":\"Rule-HTML-Section\",\"RequestAppliesTo\":\"Rule-Connect-REST\",\"RequestRuleName\":\"pzConnectMapFromKey\"}" => HTTP 404 (18 bytes)
[PegaHttpClient] 📡 POST https://zdk8budo.pegaacademy.net/prweb/api/HRAppsV2/V1/rules/query?pxObjClass=Rule-HTML-Section&appliesTo=Rule-Connect-REST&pyRuleName=pzConnectMapFromKey&RequestClass=Rule-HTML-Section&RequestAppliesTo=Rule-Connect-REST&RequestRuleName=pzConnectMapFromKey Payload: "{\"RequestClass\":\"Rule-HTML-Section\",\"RequestAppliesTo\":\"Rule-Connect-REST\",\"RequestRuleName\":\"pzConnectMapFromKey\"}" => HTTP 404 (18 bytes)
[PegaHttpClient] 📡 POST https://zdk8budo.pegaacademy.net/prweb/PRRestService/HRAppsV2/V1/rules/query?pxObjClass=Rule-HTML-Section&appliesTo=Rule-Connect-REST&pyRuleName=pzConnectMapFromKey&RequestClass=Rule-HTML-Section&RequestAppliesTo=Rule-Connect-REST&RequestRuleName=pzConnectMapFromKey Payload: "{\"RequestClass\":\"Rule-HTML-Section\",\"RequestAppliesTo\":\"Rule-Connect-REST\",\"RequestRuleName\":\"pzConnectMapFromKey\"}" => HTTP 404 (18 bytes)
[PegaHttpClient] 📡 POST https://zdk8budo.pegaacademy.net/prweb/api/v1/rules/query?pxObjClass=Rule-HTML-Section&appliesTo=Rule-Connect-REST&pyRuleName=pzConnectMapFromKey&RequestClass=Rule-HTML-Section&RequestAppliesTo=Rule-Connect-REST&RequestRuleName=pzConnectMapFromKey Payload: "{\"RequestClass\":\"Rule-HTML-Section\",\"RequestAppliesTo\":\"Rule-Connect-REST\",\"RequestRuleName\":\"pzConnectMapFromKey\"}" => HTTP 404 (18 bytes)
[PegaHttpClient] 📡 POST https://zdk8budo.pegaacademy.net/prweb/PRRestService/v1/rules/query?pxObjClass=Rule-HTML-Section&appliesTo=Rule-Connect-REST&pyRuleName=pzConnectMapFromKey&RequestClass=Rule-HTML-Section&RequestAppliesTo=Rule-Connect-REST&RequestRuleName=pzConnectMapFromKey Payload: "{\"RequestClass\":\"Rule-HTML-Section\",\"RequestAppliesTo\":\"Rule-Connect-REST\",\"RequestRuleName\":\"pzConnectMapFromKey\"}" => HTTP 404 (18 bytes)
[PegaHttpClient] 📡 POST https://zdk8budo.pegaacademy.net/prweb/api/CodeIntelligence/v1/rules/query?pxObjClass=Rule-HTML-Section&appliesTo=Rule-Connect-REST&pyRuleName=pyCollaborator&RequestClass=Rule-HTML-Section&RequestAppliesTo=Rule-Connect-REST&RequestRuleName=pyCollaborator Payload: "{\"RequestClass\":\"Rule-HTML-Section\",\"RequestAppliesTo\":\"Rule-Connect-REST\",\"RequestRuleName\":\"pyCollaborator\"}" => HTTP 404 (109 bytes)
[PegaHttpClient] 📡 POST https://zdk8budo.pegaacademy.net/prweb/PRRestService/CodeIntelligence/v1/rules/query?pxObjClass=Rule-HTML-Section&appliesTo=Rule-Connect-REST&pyRuleName=pyCollaborator&RequestClass=Rule-HTML-Section&RequestAppliesTo=Rule-Connect-REST&RequestRuleName=pyCollaborator Payload: "{\"RequestClass\":\"Rule-HTML-Section\",\"RequestAppliesTo\":\"Rule-Connect-REST\",\"RequestRuleName\":\"pyCollaborator\"}" => HTTP 404 (109 bytes)
[PegaHttpClient] 📡 POST https://zdk8budo.pegaacademy.net/prweb/api/HRAppsV2Service/V1/rules/query?pxObjClass=Rule-HTML-Section&appliesTo=Rule-Connect-REST&pyRuleName=pyCollaborator&RequestClass=Rule-HTML-Section&RequestAppliesTo=Rule-Connect-REST&RequestRuleName=pyCollaborator Payload: "{\"RequestClass\":\"Rule-HTML-Section\",\"RequestAppliesTo\":\"Rule-Connect-REST\",\"RequestRuleName\":\"pyCollaborator\"}" => HTTP 404 (18 bytes)
[PegaHttpClient] 📡 POST https://zdk8budo.pegaacademy.net/prweb/PRRestService/HRAppsV2Service/V1/rules/query?pxObjClass=Rule-HTML-Section&appliesTo=Rule-Connect-REST&pyRuleName=pyCollaborator&RequestClass=Rule-HTML-Section&RequestAppliesTo=Rule-Connect-REST&RequestRuleName=pyCollaborator Payload: "{\"RequestClass\":\"Rule-HTML-Section\",\"RequestAppliesTo\":\"Rule-Connect-REST\",\"RequestRuleName\":\"pyCollaborator\"}" => HTTP 404 (18 bytes)
[PegaHttpClient] 📡 POST https://zdk8budo.pegaacademy.net/prweb/api/HRAppsV2/V1/rules/query?pxObjClass=Rule-HTML-Section&appliesTo=Rule-Connect-REST&pyRuleName=pyCollaborator&RequestClass=Rule-HTML-Section&RequestAppliesTo=Rule-Connect-REST&RequestRuleName=pyCollaborator Payload: "{\"RequestClass\":\"Rule-HTML-Section\",\"RequestAppliesTo\":\"Rule-Connect-REST\",\"RequestRuleName\":\"pyCollaborator\"}" => HTTP 404 (18 bytes)
[PegaHttpClient] 📡 POST https://zdk8budo.pegaacademy.net/prweb/PRRestService/HRAppsV2/V1/rules/query?pxObjClass=Rule-HTML-Section&appliesTo=Rule-Connect-REST&pyRuleName=pyCollaborator&RequestClass=Rule-HTML-Section&RequestAppliesTo=Rule-Connect-REST&RequestRuleName=pyCollaborator Payload: "{\"RequestClass\":\"Rule-HTML-Section\",\"RequestAppliesTo\":\"Rule-Connect-REST\",\"RequestRuleName\":\"pyCollaborator\"}" => HTTP 404 (18 bytes)
[PegaHttpClient] 📡 POST https://zdk8budo.pegaacademy.net/prweb/api/v1/rules/query?pxObjClass=Rule-HTML-Section&appliesTo=Rule-Connect-REST&pyRuleName=pyCollaborator&RequestClass=Rule-HTML-Section&RequestAppliesTo=Rule-Connect-REST&RequestRuleName=pyCollaborator Payload: "{\"RequestClass\":\"Rule-HTML-Section\",\"RequestAppliesTo\":\"Rule-Connect-REST\",\"RequestRuleName\":\"pyCollaborator\"}" => HTTP 404 (18 bytes)
[PegaHttpClient] 📡 POST https://zdk8budo.pegaacademy.net/prweb/PRRestService/v1/rules/query?pxObjClass=Rule-HTML-Section&appliesTo=Rule-Connect-REST&pyRuleName=pyCollaborator&RequestClass=Rule-HTML-Section&RequestAppliesTo=Rule-Connect-REST&RequestRuleName=pyCollaborator Payload: "{\"RequestClass\":\"Rule-HTML-Section\",\"RequestAppliesTo\":\"Rule-Connect-REST\",\"RequestRuleName\":\"pyCollaborator\"}" => HTTP 404 (18 bytes)
[PegaHttpClient] 📡 POST https://zdk8budo.pegaacademy.net/prweb/api/CodeIntelligence/v1/rules/query?pxObjClass=Rule-HTML-Section&appliesTo=Rule-Connect-REST&pyRuleName=pzDisplayPartialCount&RequestClass=Rule-HTML-Section&RequestAppliesTo=Rule-Connect-REST&RequestRuleName=pzDisplayPartialCount Payload: "{\"RequestClass\":\"Rule-HTML-Section\",\"RequestAppliesTo\":\"Rule-Connect-REST\",\"RequestRuleName\":\"pzDisplayPartialCount\"}" => HTTP 404 (116 bytes)
[PegaHttpClient] 📡 POST https://zdk8budo.pegaacademy.net/prweb/PRRestService/CodeIntelligence/v1/rules/query?pxObjClass=Rule-HTML-Section&appliesTo=Rule-Connect-REST&pyRuleName=pzDisplayPartialCount&RequestClass=Rule-HTML-Section&RequestAppliesTo=Rule-Connect-REST&RequestRuleName=pzDisplayPartialCount Payload: "{\"RequestClass\":\"Rule-HTML-Section\",\"RequestAppliesTo\":\"Rule-Connect-REST\",\"RequestRuleName\":\"pzDisplayPartialCount\"}" => HTTP 404 (116 bytes)
[PegaHttpClient] 📡 POST https://zdk8budo.pegaacademy.net/prweb/api/HRAppsV2Service/V1/rules/query?pxObjClass=Rule-HTML-Section&appliesTo=Rule-Connect-REST&pyRuleName=pzDisplayPartialCount&RequestClass=Rule-HTML-Section&RequestAppliesTo=Rule-Connect-REST&RequestRuleName=pzDisplayPartialCount Payload: "{\"RequestClass\":\"Rule-HTML-Section\",\"RequestAppliesTo\":\"Rule-Connect-REST\",\"RequestRuleName\":\"pzDisplayPartialCount\"}" => HTTP 404 (18 bytes)
[PegaHttpClient] 📡 POST https://zdk8budo.pegaacademy.net/prweb/PRRestService/HRAppsV2Service/V1/rules/query?pxObjClass=Rule-HTML-Section&appliesTo=Rule-Connect-REST&pyRuleName=pzDisplayPartialCount&RequestClass=Rule-HTML-Section&RequestAppliesTo=Rule-Connect-REST&RequestRuleName=pzDisplayPartialCount Payload: "{\"RequestClass\":\"Rule-HTML-Section\",\"RequestAppliesTo\":\"Rule-Connect-REST\",\"RequestRuleName\":\"pzDisplayPartialCount\"}" => HTTP 404 (18 bytes)
[PegaHttpClient] 📡 POST https://zdk8budo.pegaacademy.net/prweb/api/HRAppsV2/V1/rules/query?pxObjClass=Rule-HTML-Section&appliesTo=Rule-Connect-REST&pyRuleName=pzDisplayPartialCount&RequestClass=Rule-HTML-Section&RequestAppliesTo=Rule-Connect-REST&RequestRuleName=pzDisplayPartialCount Payload: "{\"RequestClass\":\"Rule-HTML-Section\",\"RequestAppliesTo\":\"Rule-Connect-REST\",\"RequestRuleName\":\"pzDisplayPartialCount\"}" => HTTP 404 (18 bytes)
[PegaHttpClient] 📡 POST https://zdk8budo.pegaacademy.net/prweb/PRRestService/HRAppsV2/V1/rules/query?pxObjClass=Rule-HTML-Section&appliesTo=Rule-Connect-REST&pyRuleName=pzDisplayPartialCount&RequestClass=Rule-HTML-Section&RequestAppliesTo=Rule-Connect-REST&RequestRuleName=pzDisplayPartialCount Payload: "{\"RequestClass\":\"Rule-HTML-Section\",\"RequestAppliesTo\":\"Rule-Connect-REST\",\"RequestRuleName\":\"pzDisplayPartialCount\"}" => HTTP 404 (18 bytes)
[PegaHttpClient] 📡 POST https://zdk8budo.pegaacademy.net/prweb/api/v1/rules/query?pxObjClass=Rule-HTML-Section&appliesTo=Rule-Connect-REST&pyRuleName=pzDisplayPartialCount&RequestClass=Rule-HTML-Section&RequestAppliesTo=Rule-Connect-REST&RequestRuleName=pzDisplayPartialCount Payload: "{\"RequestClass\":\"Rule-HTML-Section\",\"RequestAppliesTo\":\"Rule-Connect-REST\",\"RequestRuleName\":\"pzDisplayPartialCount\"}" => HTTP 404 (18 bytes)
[PegaHttpClient] 📡 POST https://zdk8budo.pegaacademy.net/prweb/PRRestService/v1/rules/query?pxObjClass=Rule-HTML-Section&appliesTo=Rule-Connect-REST&pyRuleName=pzDisplayPartialCount&RequestClass=Rule-HTML-Section&RequestAppliesTo=Rule-Connect-REST&RequestRuleName=pzDisplayPartialCount Payload: "{\"RequestClass\":\"Rule-HTML-Section\",\"RequestAppliesTo\":\"Rule-Connect-REST\",\"RequestRuleName\":\"pzDisplayPartialCount\"}" => HTTP 404 (18 bytes)
[SchemaGen] ✅ Schema written for Rule-Connect-REST
[PegaHttpClient] 📡 GET https://zdk8budo.pegaacademy.net/prweb/api/CodeIntelligence/v1/rules/RULE-HTML-HARNESS%20RULE-OBJ-FLOW%20RULEFORM%20%2320180713T140754.322%20GMT => HTTP 200 (29057 bytes)
[PegaHttpClient] 📡 POST https://zdk8budo.pegaacademy.net/prweb/api/CodeIntelligence/v1/rules/query?pxObjClass=Rule-HTML-Section&appliesTo=Rule-Obj-Flow&pyRuleName=RuleFormMain&RequestClass=Rule-HTML-Section&RequestAppliesTo=Rule-Obj-Flow&RequestRuleName=RuleFormMain Payload: "{\"RequestClass\":\"Rule-HTML-Section\",\"RequestAppliesTo\":\"Rule-Obj-Flow\",\"RequestRuleName\":\"RuleFormMain\"}" => HTTP 200 (156234 bytes)
[PegaHttpClient] 📡 POST https://zdk8budo.pegaacademy.net/prweb/api/CodeIntelligence/v1/rules/query?pxObjClass=Rule-HTML-Section&appliesTo=Rule-Obj-Flow&pyRuleName=pxAlternateRuleForm&RequestClass=Rule-HTML-Section&RequestAppliesTo=Rule-Obj-Flow&RequestRuleName=pxAlternateRuleForm Payload: "{\"RequestClass\":\"Rule-HTML-Section\",\"RequestAppliesTo\":\"Rule-Obj-Flow\",\"RequestRuleName\":\"pxAlternateRuleForm\"}" => HTTP 200 (66153 bytes)
[PegaHttpClient] 📡 POST https://zdk8budo.pegaacademy.net/prweb/api/CodeIntelligence/v1/rules/query?pxObjClass=Rule-HTML-Section&appliesTo=Rule-Obj-Flow&pyRuleName=pzRuleFormScripts&RequestClass=Rule-HTML-Section&RequestAppliesTo=Rule-Obj-Flow&RequestRuleName=pzRuleFormScripts Payload: "{\"RequestClass\":\"Rule-HTML-Section\",\"RequestAppliesTo\":\"Rule-Obj-Flow\",\"RequestRuleName\":\"pzRuleFormScripts\"}" => HTTP 200 (40822 bytes)
[PegaHttpClient] 📡 POST https://zdk8budo.pegaacademy.net/prweb/api/CodeIntelligence/v1/rules/query?pxObjClass=Rule-HTML-Section&appliesTo=Rule-Obj-Flow&pyRuleName=pzRuleFormLayoutDelegated&RequestClass=Rule-HTML-Section&RequestAppliesTo=Rule-Obj-Flow&RequestRuleName=pzRuleFormLayoutDelegated Payload: "{\"RequestClass\":\"Rule-HTML-Section\",\"RequestAppliesTo\":\"Rule-Obj-Flow\",\"RequestRuleName\":\"pzRuleFormLayoutDelegated\"}" => HTTP 200 (70998 bytes)
[PegaHttpClient] 📡 POST https://zdk8budo.pegaacademy.net/prweb/api/CodeIntelligence/v1/rules/query?pxObjClass=Rule-HTML-Section&appliesTo=Rule-Obj-Flow&pyRuleName=RuleFormLayout&RequestClass=Rule-HTML-Section&RequestAppliesTo=Rule-Obj-Flow&RequestRuleName=RuleFormLayout Payload: "{\"RequestClass\":\"Rule-HTML-Section\",\"RequestAppliesTo\":\"Rule-Obj-Flow\",\"RequestRuleName\":\"RuleFormLayout\"}" => HTTP 200 (233108 bytes)
[PegaHttpClient] 📡 POST https://zdk8budo.pegaacademy.net/prweb/api/CodeIntelligence/v1/rules/query?pxObjClass=Rule-HTML-Section&appliesTo=Rule-Obj-Flow&pyRuleName=RuleFormSettings&RequestClass=Rule-HTML-Section&RequestAppliesTo=Rule-Obj-Flow&RequestRuleName=RuleFormSettings Payload: "{\"RequestClass\":\"Rule-HTML-Section\",\"RequestAppliesTo\":\"Rule-Obj-Flow\",\"RequestRuleName\":\"RuleFormSettings\"}" => HTTP 200 (44180 bytes)
[PegaHttpClient] 📡 POST https://zdk8budo.pegaacademy.net/prweb/api/CodeIntelligence/v1/rules/query?pxObjClass=Rule-HTML-Section&appliesTo=Rule-Obj-Flow&pyRuleName=OpenAuthoring&RequestClass=Rule-HTML-Section&RequestAppliesTo=Rule-Obj-Flow&RequestRuleName=OpenAuthoring Payload: "{\"RequestClass\":\"Rule-HTML-Section\",\"RequestAppliesTo\":\"Rule-Obj-Flow\",\"RequestRuleName\":\"OpenAuthoring\"}" => HTTP 200 (23695 bytes)
[PegaHttpClient] 📡 POST https://zdk8budo.pegaacademy.net/prweb/api/CodeIntelligence/v1/rules/query?pxObjClass=Rule-HTML-Section&appliesTo=Rule-Obj-Flow&pyRuleName=pyCustomHelp&RequestClass=Rule-HTML-Section&RequestAppliesTo=Rule-Obj-Flow&RequestRuleName=pyCustomHelp Payload: "{\"RequestClass\":\"Rule-HTML-Section\",\"RequestAppliesTo\":\"Rule-Obj-Flow\",\"RequestRuleName\":\"pyCustomHelp\"}" => HTTP 200 (17256 bytes)
[PegaHttpClient] 📡 POST https://zdk8budo.pegaacademy.net/prweb/api/CodeIntelligence/v1/rules/query?pxObjClass=Rule-HTML-Section&appliesTo=Rule-Obj-Flow&pyRuleName=pzRuleformMainInclude&RequestClass=Rule-HTML-Section&RequestAppliesTo=Rule-Obj-Flow&RequestRuleName=pzRuleformMainInclude Payload: "{\"RequestClass\":\"Rule-HTML-Section\",\"RequestAppliesTo\":\"Rule-Obj-Flow\",\"RequestRuleName\":\"pzRuleformMainInclude\"}" => HTTP 200 (22375 bytes)
[PegaHttpClient] 📡 POST https://zdk8budo.pegaacademy.net/prweb/api/CodeIntelligence/v1/rules/query?pxObjClass=Rule-HTML-Section&appliesTo=Rule-Obj-Flow&pyRuleName=pyAlternativeRuleFormStrategicAppExtension&RequestClass=Rule-HTML-Section&RequestAppliesTo=Rule-Obj-Flow&RequestRuleName=pyAlternativeRuleFormStrategicAppExtension Payload: "{\"RequestClass\":\"Rule-HTML-Section\",\"RequestAppliesTo\":\"Rule-Obj-Flow\",\"RequestRuleName\":\"pyAlternativeRuleFormStrategicAppExtension\"}" => HTTP 200 (25042 bytes)
[PegaHttpClient] 📡 POST https://zdk8budo.pegaacademy.net/prweb/api/CodeIntelligence/v1/rules/query?pxObjClass=Rule-HTML-Section&appliesTo=Rule-Obj-Flow&pyRuleName=pyAlternativeRuleFormExtension&RequestClass=Rule-HTML-Section&RequestAppliesTo=Rule-Obj-Flow&RequestRuleName=pyAlternativeRuleFormExtension Payload: "{\"RequestClass\":\"Rule-HTML-Section\",\"RequestAppliesTo\":\"Rule-Obj-Flow\",\"RequestRuleName\":\"pyAlternativeRuleFormExtension\"}" => HTTP 200 (24863 bytes)
[PegaHttpClient] 📡 POST https://zdk8budo.pegaacademy.net/prweb/api/CodeIntelligence/v1/rules/query?pxObjClass=Rule-HTML-Section&appliesTo=Rule-Obj-Flow&pyRuleName=RuleFormHeader&RequestClass=Rule-HTML-Section&RequestAppliesTo=Rule-Obj-Flow&RequestRuleName=RuleFormHeader Payload: "{\"RequestClass\":\"Rule-HTML-Section\",\"RequestAppliesTo\":\"Rule-Obj-Flow\",\"RequestRuleName\":\"RuleFormHeader\"}" => HTTP 200 (183800 bytes)
[PegaHttpClient] 📡 POST https://zdk8budo.pegaacademy.net/prweb/api/CodeIntelligence/v1/rules/query?pxObjClass=Rule-HTML-Section&appliesTo=Rule-Obj-Flow&pyRuleName=pzDelegationExperience&RequestClass=Rule-HTML-Section&RequestAppliesTo=Rule-Obj-Flow&RequestRuleName=pzDelegationExperience Payload: "{\"RequestClass\":\"Rule-HTML-Section\",\"RequestAppliesTo\":\"Rule-Obj-Flow\",\"RequestRuleName\":\"pzDelegationExperience\"}" => HTTP 404 (113 bytes)
[PegaHttpClient] 📡 POST https://zdk8budo.pegaacademy.net/prweb/PRRestService/CodeIntelligence/v1/rules/query?pxObjClass=Rule-HTML-Section&appliesTo=Rule-Obj-Flow&pyRuleName=pzDelegationExperience&RequestClass=Rule-HTML-Section&RequestAppliesTo=Rule-Obj-Flow&RequestRuleName=pzDelegationExperience Payload: "{\"RequestClass\":\"Rule-HTML-Section\",\"RequestAppliesTo\":\"Rule-Obj-Flow\",\"RequestRuleName\":\"pzDelegationExperience\"}" => HTTP 404 (113 bytes)
[PegaHttpClient] 📡 POST https://zdk8budo.pegaacademy.net/prweb/api/HRAppsV2Service/V1/rules/query?pxObjClass=Rule-HTML-Section&appliesTo=Rule-Obj-Flow&pyRuleName=pzDelegationExperience&RequestClass=Rule-HTML-Section&RequestAppliesTo=Rule-Obj-Flow&RequestRuleName=pzDelegationExperience Payload: "{\"RequestClass\":\"Rule-HTML-Section\",\"RequestAppliesTo\":\"Rule-Obj-Flow\",\"RequestRuleName\":\"pzDelegationExperience\"}" => HTTP 404 (18 bytes)
[PegaHttpClient] 📡 POST https://zdk8budo.pegaacademy.net/prweb/PRRestService/HRAppsV2Service/V1/rules/query?pxObjClass=Rule-HTML-Section&appliesTo=Rule-Obj-Flow&pyRuleName=pzDelegationExperience&RequestClass=Rule-HTML-Section&RequestAppliesTo=Rule-Obj-Flow&RequestRuleName=pzDelegationExperience Payload: "{\"RequestClass\":\"Rule-HTML-Section\",\"RequestAppliesTo\":\"Rule-Obj-Flow\",\"RequestRuleName\":\"pzDelegationExperience\"}" => HTTP 404 (18 bytes)
[PegaHttpClient] 📡 POST https://zdk8budo.pegaacademy.net/prweb/api/HRAppsV2/V1/rules/query?pxObjClass=Rule-HTML-Section&appliesTo=Rule-Obj-Flow&pyRuleName=pzDelegationExperience&RequestClass=Rule-HTML-Section&RequestAppliesTo=Rule-Obj-Flow&RequestRuleName=pzDelegationExperience Payload: "{\"RequestClass\":\"Rule-HTML-Section\",\"RequestAppliesTo\":\"Rule-Obj-Flow\",\"RequestRuleName\":\"pzDelegationExperience\"}" => HTTP 404 (18 bytes)
[PegaHttpClient] 📡 POST https://zdk8budo.pegaacademy.net/prweb/PRRestService/HRAppsV2/V1/rules/query?pxObjClass=Rule-HTML-Section&appliesTo=Rule-Obj-Flow&pyRuleName=pzDelegationExperience&RequestClass=Rule-HTML-Section&RequestAppliesTo=Rule-Obj-Flow&RequestRuleName=pzDelegationExperience Payload: "{\"RequestClass\":\"Rule-HTML-Section\",\"RequestAppliesTo\":\"Rule-Obj-Flow\",\"RequestRuleName\":\"pzDelegationExperience\"}" => HTTP 404 (18 bytes)
[PegaHttpClient] 📡 POST https://zdk8budo.pegaacademy.net/prweb/api/v1/rules/query?pxObjClass=Rule-HTML-Section&appliesTo=Rule-Obj-Flow&pyRuleName=pzDelegationExperience&RequestClass=Rule-HTML-Section&RequestAppliesTo=Rule-Obj-Flow&RequestRuleName=pzDelegationExperience Payload: "{\"RequestClass\":\"Rule-HTML-Section\",\"RequestAppliesTo\":\"Rule-Obj-Flow\",\"RequestRuleName\":\"pzDelegationExperience\"}" => HTTP 404 (18 bytes)
[PegaHttpClient] 📡 POST https://zdk8budo.pegaacademy.net/prweb/PRRestService/v1/rules/query?pxObjClass=Rule-HTML-Section&appliesTo=Rule-Obj-Flow&pyRuleName=pzDelegationExperience&RequestClass=Rule-HTML-Section&RequestAppliesTo=Rule-Obj-Flow&RequestRuleName=pzDelegationExperience Payload: "{\"RequestClass\":\"Rule-HTML-Section\",\"RequestAppliesTo\":\"Rule-Obj-Flow\",\"RequestRuleName\":\"pzDelegationExperience\"}" => HTTP 404 (18 bytes)
[PegaHttpClient] 📡 POST https://zdk8budo.pegaacademy.net/prweb/api/CodeIntelligence/v1/rules/query?pxObjClass=Rule-HTML-Section&appliesTo=Rule-Obj-Flow&pyRuleName=pzRuleFormDiagram&RequestClass=Rule-HTML-Section&RequestAppliesTo=Rule-Obj-Flow&RequestRuleName=pzRuleFormDiagram Payload: "{\"RequestClass\":\"Rule-HTML-Section\",\"RequestAppliesTo\":\"Rule-Obj-Flow\",\"RequestRuleName\":\"pzRuleFormDiagram\"}" => HTTP 200 (88830 bytes)
[PegaHttpClient] 📡 POST https://zdk8budo.pegaacademy.net/prweb/api/CodeIntelligence/v1/rules/query?pxObjClass=Rule-HTML-Section&appliesTo=Rule-Obj-Flow&pyRuleName=pzRuleFormParameters&RequestClass=Rule-HTML-Section&RequestAppliesTo=Rule-Obj-Flow&RequestRuleName=pzRuleFormParameters Payload: "{\"RequestClass\":\"Rule-HTML-Section\",\"RequestAppliesTo\":\"Rule-Obj-Flow\",\"RequestRuleName\":\"pzRuleFormParameters\"}" => HTTP 200 (31480 bytes)
[PegaHttpClient] 📡 POST https://zdk8budo.pegaacademy.net/prweb/api/CodeIntelligence/v1/rules/query?pxObjClass=Rule-HTML-Section&appliesTo=Rule-Obj-Flow&pyRuleName=RuleFormPagesAndClasses&RequestClass=Rule-HTML-Section&RequestAppliesTo=Rule-Obj-Flow&RequestRuleName=RuleFormPagesAndClasses Payload: "{\"RequestClass\":\"Rule-HTML-Section\",\"RequestAppliesTo\":\"Rule-Obj-Flow\",\"RequestRuleName\":\"RuleFormPagesAndClasses\"}" => HTTP 200 (34748 bytes)
[PegaHttpClient] 📡 POST https://zdk8budo.pegaacademy.net/prweb/api/CodeIntelligence/v1/rules/query?pxObjClass=Rule-HTML-Section&appliesTo=Rule-Obj-Flow&pyRuleName=pzRuleFormDesign&RequestClass=Rule-HTML-Section&RequestAppliesTo=Rule-Obj-Flow&RequestRuleName=pzRuleFormDesign Payload: "{\"RequestClass\":\"Rule-HTML-Section\",\"RequestAppliesTo\":\"Rule-Obj-Flow\",\"RequestRuleName\":\"pzRuleFormDesign\"}" => HTTP 200 (182968 bytes)
[PegaHttpClient] 📡 POST https://zdk8budo.pegaacademy.net/prweb/api/CodeIntelligence/v1/rules/query?pxObjClass=Rule-HTML-Section&appliesTo=Rule-Obj-Flow&pyRuleName=pzRuleFormProcess&RequestClass=Rule-HTML-Section&RequestAppliesTo=Rule-Obj-Flow&RequestRuleName=pzRuleFormProcess Payload: "{\"RequestClass\":\"Rule-HTML-Section\",\"RequestAppliesTo\":\"Rule-Obj-Flow\",\"RequestRuleName\":\"pzRuleFormProcess\"}" => HTTP 200 (265437 bytes)
[PegaHttpClient] 📡 POST https://zdk8budo.pegaacademy.net/prweb/api/CodeIntelligence/v1/rules/query?pxObjClass=Rule-HTML-Section&appliesTo=Rule-Obj-Flow&pyRuleName=pzRuleFormUseCases&RequestClass=Rule-HTML-Section&RequestAppliesTo=Rule-Obj-Flow&RequestRuleName=pzRuleFormUseCases Payload: "{\"RequestClass\":\"Rule-HTML-Section\",\"RequestAppliesTo\":\"Rule-Obj-Flow\",\"RequestRuleName\":\"pzRuleFormUseCases\"}" => HTTP 200 (180317 bytes)
[PegaHttpClient] 📡 POST https://zdk8budo.pegaacademy.net/prweb/api/CodeIntelligence/v1/rules/query?pxObjClass=Rule-HTML-Section&appliesTo=Rule-Obj-Flow&pyRuleName=pzRuleFormRequirements&RequestClass=Rule-HTML-Section&RequestAppliesTo=Rule-Obj-Flow&RequestRuleName=pzRuleFormRequirements Payload: "{\"RequestClass\":\"Rule-HTML-Section\",\"RequestAppliesTo\":\"Rule-Obj-Flow\",\"RequestRuleName\":\"pzRuleFormRequirements\"}" => HTTP 200 (95916 bytes)
[PegaHttpClient] 📡 POST https://zdk8budo.pegaacademy.net/prweb/api/CodeIntelligence/v1/rules/query?pxObjClass=Rule-HTML-Section&appliesTo=Rule-Obj-Flow&pyRuleName=Test_Cases&RequestClass=Rule-HTML-Section&RequestAppliesTo=Rule-Obj-Flow&RequestRuleName=Test_Cases Payload: "{\"RequestClass\":\"Rule-HTML-Section\",\"RequestAppliesTo\":\"Rule-Obj-Flow\",\"RequestRuleName\":\"Test_Cases\"}" => HTTP 200 (104805 bytes)
[PegaHttpClient] 📡 POST https://zdk8budo.pegaacademy.net/prweb/api/CodeIntelligence/v1/rules/query?pxObjClass=Rule-HTML-Section&appliesTo=Rule-Obj-Flow&pyRuleName=pzUnitTestCases&RequestClass=Rule-HTML-Section&RequestAppliesTo=Rule-Obj-Flow&RequestRuleName=pzUnitTestCases Payload: "{\"RequestClass\":\"Rule-HTML-Section\",\"RequestAppliesTo\":\"Rule-Obj-Flow\",\"RequestRuleName\":\"pzUnitTestCases\"}" => HTTP 200 (285239 bytes)
[PegaHttpClient] 📡 POST https://zdk8budo.pegaacademy.net/prweb/api/CodeIntelligence/v1/rules/query?pxObjClass=Rule-HTML-Section&appliesTo=Rule-Obj-Flow&pyRuleName=RuleFormHistory&RequestClass=Rule-HTML-Section&RequestAppliesTo=Rule-Obj-Flow&RequestRuleName=RuleFormHistory Payload: "{\"RequestClass\":\"Rule-HTML-Section\",\"RequestAppliesTo\":\"Rule-Obj-Flow\",\"RequestRuleName\":\"RuleFormHistory\"}" => HTTP 200 (76091 bytes)
[PegaHttpClient] 📡 POST https://zdk8budo.pegaacademy.net/prweb/api/CodeIntelligence/v1/rules/query?pxObjClass=Rule-HTML-Section&appliesTo=Rule-Obj-Flow&pyRuleName=pzCustomHelp&RequestClass=Rule-HTML-Section&RequestAppliesTo=Rule-Obj-Flow&RequestRuleName=pzCustomHelp Payload: "{\"RequestClass\":\"Rule-HTML-Section\",\"RequestAppliesTo\":\"Rule-Obj-Flow\",\"RequestRuleName\":\"pzCustomHelp\"}" => HTTP 200 (31573 bytes)
[PegaHttpClient] 📡 POST https://zdk8budo.pegaacademy.net/prweb/api/CodeIntelligence/v1/rules/query?pxObjClass=Rule-HTML-Section&appliesTo=Rule-Obj-Flow&pyRuleName=pzRuleFormKeysAndDescription&RequestClass=Rule-HTML-Section&RequestAppliesTo=Rule-Obj-Flow&RequestRuleName=pzRuleFormKeysAndDescription Payload: "{\"RequestClass\":\"Rule-HTML-Section\",\"RequestAppliesTo\":\"Rule-Obj-Flow\",\"RequestRuleName\":\"pzRuleFormKeysAndDescription\"}" => HTTP 200 (218057 bytes)
[PegaHttpClient] 📡 POST https://zdk8budo.pegaacademy.net/prweb/api/CodeIntelligence/v1/rules/query?pxObjClass=Rule-HTML-Section&appliesTo=Rule-Obj-Flow&pyRuleName=pzRuleFormRuleset&RequestClass=Rule-HTML-Section&RequestAppliesTo=Rule-Obj-Flow&RequestRuleName=pzRuleFormRuleset Payload: "{\"RequestClass\":\"Rule-HTML-Section\",\"RequestAppliesTo\":\"Rule-Obj-Flow\",\"RequestRuleName\":\"pzRuleFormRuleset\"}" => HTTP 200 (33985 bytes)
[PegaHttpClient] 📡 POST https://zdk8budo.pegaacademy.net/prweb/api/CodeIntelligence/v1/rules/query?pxObjClass=Rule-HTML-Section&appliesTo=Rule-Obj-Flow&pyRuleName=undefined&RequestClass=Rule-HTML-Section&RequestAppliesTo=Rule-Obj-Flow&RequestRuleName=undefined Payload: "{\"RequestClass\":\"Rule-HTML-Section\",\"RequestAppliesTo\":\"Rule-Obj-Flow\",\"RequestRuleName\":\"undefined\"}" => HTTP 404 (100 bytes)
[PegaHttpClient] 📡 POST https://zdk8budo.pegaacademy.net/prweb/PRRestService/CodeIntelligence/v1/rules/query?pxObjClass=Rule-HTML-Section&appliesTo=Rule-Obj-Flow&pyRuleName=undefined&RequestClass=Rule-HTML-Section&RequestAppliesTo=Rule-Obj-Flow&RequestRuleName=undefined Payload: "{\"RequestClass\":\"Rule-HTML-Section\",\"RequestAppliesTo\":\"Rule-Obj-Flow\",\"RequestRuleName\":\"undefined\"}" => HTTP 404 (100 bytes)
[PegaHttpClient] 📡 POST https://zdk8budo.pegaacademy.net/prweb/api/HRAppsV2Service/V1/rules/query?pxObjClass=Rule-HTML-Section&appliesTo=Rule-Obj-Flow&pyRuleName=undefined&RequestClass=Rule-HTML-Section&RequestAppliesTo=Rule-Obj-Flow&RequestRuleName=undefined Payload: "{\"RequestClass\":\"Rule-HTML-Section\",\"RequestAppliesTo\":\"Rule-Obj-Flow\",\"RequestRuleName\":\"undefined\"}" => HTTP 404 (18 bytes)
[PegaHttpClient] 📡 POST https://zdk8budo.pegaacademy.net/prweb/PRRestService/HRAppsV2Service/V1/rules/query?pxObjClass=Rule-HTML-Section&appliesTo=Rule-Obj-Flow&pyRuleName=undefined&RequestClass=Rule-HTML-Section&RequestAppliesTo=Rule-Obj-Flow&RequestRuleName=undefined Payload: "{\"RequestClass\":\"Rule-HTML-Section\",\"RequestAppliesTo\":\"Rule-Obj-Flow\",\"RequestRuleName\":\"undefined\"}" => HTTP 404 (18 bytes)
[PegaHttpClient] 📡 POST https://zdk8budo.pegaacademy.net/prweb/api/HRAppsV2/V1/rules/query?pxObjClass=Rule-HTML-Section&appliesTo=Rule-Obj-Flow&pyRuleName=undefined&RequestClass=Rule-HTML-Section&RequestAppliesTo=Rule-Obj-Flow&RequestRuleName=undefined Payload: "{\"RequestClass\":\"Rule-HTML-Section\",\"RequestAppliesTo\":\"Rule-Obj-Flow\",\"RequestRuleName\":\"undefined\"}" => HTTP 404 (18 bytes)
[PegaHttpClient] 📡 POST https://zdk8budo.pegaacademy.net/prweb/PRRestService/HRAppsV2/V1/rules/query?pxObjClass=Rule-HTML-Section&appliesTo=Rule-Obj-Flow&pyRuleName=undefined&RequestClass=Rule-HTML-Section&RequestAppliesTo=Rule-Obj-Flow&RequestRuleName=undefined Payload: "{\"RequestClass\":\"Rule-HTML-Section\",\"RequestAppliesTo\":\"Rule-Obj-Flow\",\"RequestRuleName\":\"undefined\"}" => HTTP 404 (18 bytes)
[PegaHttpClient] 📡 POST https://zdk8budo.pegaacademy.net/prweb/api/v1/rules/query?pxObjClass=Rule-HTML-Section&appliesTo=Rule-Obj-Flow&pyRuleName=undefined&RequestClass=Rule-HTML-Section&RequestAppliesTo=Rule-Obj-Flow&RequestRuleName=undefined Payload: "{\"RequestClass\":\"Rule-HTML-Section\",\"RequestAppliesTo\":\"Rule-Obj-Flow\",\"RequestRuleName\":\"undefined\"}" => HTTP 404 (18 bytes)
[PegaHttpClient] 📡 POST https://zdk8budo.pegaacademy.net/prweb/PRRestService/v1/rules/query?pxObjClass=Rule-HTML-Section&appliesTo=Rule-Obj-Flow&pyRuleName=undefined&RequestClass=Rule-HTML-Section&RequestAppliesTo=Rule-Obj-Flow&RequestRuleName=undefined Payload: "{\"RequestClass\":\"Rule-HTML-Section\",\"RequestAppliesTo\":\"Rule-Obj-Flow\",\"RequestRuleName\":\"undefined\"}" => HTTP 404 (18 bytes)
[PegaHttpClient] 📡 POST https://zdk8budo.pegaacademy.net/prweb/api/CodeIntelligence/v1/rules/query?pxObjClass=Rule-HTML-Section&appliesTo=Rule-Obj-Flow&pyRuleName=pzRuleFormToolbar&RequestClass=Rule-HTML-Section&RequestAppliesTo=Rule-Obj-Flow&RequestRuleName=pzRuleFormToolbar Payload: "{\"RequestClass\":\"Rule-HTML-Section\",\"RequestAppliesTo\":\"Rule-Obj-Flow\",\"RequestRuleName\":\"pzRuleFormToolbar\"}" => HTTP 200 (242691 bytes)
[PegaHttpClient] 📡 POST https://zdk8budo.pegaacademy.net/prweb/api/CodeIntelligence/v1/rules/query?pxObjClass=Rule-HTML-Section&appliesTo=Rule-Obj-Flow&pyRuleName=pzRuleFormToolbarCompare&RequestClass=Rule-HTML-Section&RequestAppliesTo=Rule-Obj-Flow&RequestRuleName=pzRuleFormToolbarCompare Payload: "{\"RequestClass\":\"Rule-HTML-Section\",\"RequestAppliesTo\":\"Rule-Obj-Flow\",\"RequestRuleName\":\"pzRuleFormToolbarCompare\"}" => HTTP 200 (61925 bytes)
[PegaHttpClient] 📡 POST https://zdk8budo.pegaacademy.net/prweb/api/CodeIntelligence/v1/rules/query?pxObjClass=Rule-HTML-Section&appliesTo=Rule-Obj-Flow&pyRuleName=RuleFormHeaderMessages&RequestClass=Rule-HTML-Section&RequestAppliesTo=Rule-Obj-Flow&RequestRuleName=RuleFormHeaderMessages Payload: "{\"RequestClass\":\"Rule-HTML-Section\",\"RequestAppliesTo\":\"Rule-Obj-Flow\",\"RequestRuleName\":\"RuleFormHeaderMessages\"}" => HTTP 200 (26518 bytes)
[PegaHttpClient] 📡 POST https://zdk8budo.pegaacademy.net/prweb/api/CodeIntelligence/v1/rules/query?pxObjClass=Rule-HTML-Section&appliesTo=Rule-Obj-Flow&pyRuleName=pzRuleFormDiagramInit&RequestClass=Rule-HTML-Section&RequestAppliesTo=Rule-Obj-Flow&RequestRuleName=pzRuleFormDiagramInit Payload: "{\"RequestClass\":\"Rule-HTML-Section\",\"RequestAppliesTo\":\"Rule-Obj-Flow\",\"RequestRuleName\":\"pzRuleFormDiagramInit\"}" => HTTP 200 (22860 bytes)
[PegaHttpClient] 📡 POST https://zdk8budo.pegaacademy.net/prweb/api/CodeIntelligence/v1/rules/query?pxObjClass=Rule-HTML-Section&appliesTo=Rule-Obj-Flow&pyRuleName=pzPMErrorMaker&RequestClass=Rule-HTML-Section&RequestAppliesTo=Rule-Obj-Flow&RequestRuleName=pzPMErrorMaker Payload: "{\"RequestClass\":\"Rule-HTML-Section\",\"RequestAppliesTo\":\"Rule-Obj-Flow\",\"RequestRuleName\":\"pzPMErrorMaker\"}" => HTTP 200 (12968 bytes)
[PegaHttpClient] 📡 POST https://zdk8budo.pegaacademy.net/prweb/api/CodeIntelligence/v1/rules/query?pxObjClass=Rule-HTML-Section&appliesTo=Rule-Obj-Flow&pyRuleName=pyFlowViewer&RequestClass=Rule-HTML-Section&RequestAppliesTo=Rule-Obj-Flow&RequestRuleName=pyFlowViewer Payload: "{\"RequestClass\":\"Rule-HTML-Section\",\"RequestAppliesTo\":\"Rule-Obj-Flow\",\"RequestRuleName\":\"pyFlowViewer\"}" => HTTP 200 (90110 bytes)
[PegaHttpClient] 📡 POST https://zdk8budo.pegaacademy.net/prweb/api/CodeIntelligence/v1/rules/query?pxObjClass=Rule-HTML-Section&appliesTo=Rule-Obj-Flow&pyRuleName=pyCanvas&RequestClass=Rule-HTML-Section&RequestAppliesTo=Rule-Obj-Flow&RequestRuleName=pyCanvas Payload: "{\"RequestClass\":\"Rule-HTML-Section\",\"RequestAppliesTo\":\"Rule-Obj-Flow\",\"RequestRuleName\":\"pyCanvas\"}" => HTTP 200 (197123 bytes)
[PegaHttpClient] 📡 POST https://zdk8budo.pegaacademy.net/prweb/api/CodeIntelligence/v1/rules/query?pxObjClass=Rule-HTML-Section&appliesTo=Rule-Obj-Flow&pyRuleName=pzRuleFormDiagram_VisioInner&RequestClass=Rule-HTML-Section&RequestAppliesTo=Rule-Obj-Flow&RequestRuleName=pzRuleFormDiagram_VisioInner Payload: "{\"RequestClass\":\"Rule-HTML-Section\",\"RequestAppliesTo\":\"Rule-Obj-Flow\",\"RequestRuleName\":\"pzRuleFormDiagram_VisioInner\"}" => HTTP 200 (138917 bytes)
[PegaHttpClient] 📡 POST https://zdk8budo.pegaacademy.net/prweb/api/CodeIntelligence/v1/rules/query?pxObjClass=Rule-HTML-Section&appliesTo=Rule-Obj-Flow&pyRuleName=pzRuleFormDiagram_DMInner&RequestClass=Rule-HTML-Section&RequestAppliesTo=Rule-Obj-Flow&RequestRuleName=pzRuleFormDiagram_DMInner Payload: "{\"RequestClass\":\"Rule-HTML-Section\",\"RequestAppliesTo\":\"Rule-Obj-Flow\",\"RequestRuleName\":\"pzRuleFormDiagram_DMInner\"}" => HTTP 200 (153725 bytes)
[PegaHttpClient] 📡 POST https://zdk8budo.pegaacademy.net/prweb/api/CodeIntelligence/v1/rules/query?pxObjClass=Rule-HTML-Section&appliesTo=Rule-Obj-Flow&pyRuleName=pzRuleFormParametersScript&RequestClass=Rule-HTML-Section&RequestAppliesTo=Rule-Obj-Flow&RequestRuleName=pzRuleFormParametersScript Payload: "{\"RequestClass\":\"Rule-HTML-Section\",\"RequestAppliesTo\":\"Rule-Obj-Flow\",\"RequestRuleName\":\"pzRuleFormParametersScript\"}" => HTTP 200 (32712 bytes)
[PegaHttpClient] 📡 POST https://zdk8budo.pegaacademy.net/prweb/api/CodeIntelligence/v1/rules/query?pxObjClass=Rule-HTML-Section&appliesTo=Rule-Obj-Flow&pyRuleName=pxRuleFormParameters&RequestClass=Rule-HTML-Section&RequestAppliesTo=Rule-Obj-Flow&RequestRuleName=pxRuleFormParameters Payload: "{\"RequestClass\":\"Rule-HTML-Section\",\"RequestAppliesTo\":\"Rule-Obj-Flow\",\"RequestRuleName\":\"pxRuleFormParameters\"}" => HTTP 200 (24542 bytes)
[PegaHttpClient] 📡 POST https://zdk8budo.pegaacademy.net/prweb/api/CodeIntelligence/v1/rules/query?pxObjClass=Rule-HTML-Section&appliesTo=Rule-Obj-Flow&pyRuleName=pzHTMLStreamPrompt&RequestClass=Rule-HTML-Section&RequestAppliesTo=Rule-Obj-Flow&RequestRuleName=pzHTMLStreamPrompt Payload: "{\"RequestClass\":\"Rule-HTML-Section\",\"RequestAppliesTo\":\"Rule-Obj-Flow\",\"RequestRuleName\":\"pzHTMLStreamPrompt\"}" => HTTP 200 (26228 bytes)
[PegaHttpClient] 📡 POST https://zdk8budo.pegaacademy.net/prweb/api/CodeIntelligence/v1/rules/query?pxObjClass=Rule-HTML-Section&appliesTo=Rule-Obj-Flow&pyRuleName=pzRuleFormPagesAndClassesScript&RequestClass=Rule-HTML-Section&RequestAppliesTo=Rule-Obj-Flow&RequestRuleName=pzRuleFormPagesAndClassesScript Payload: "{\"RequestClass\":\"Rule-HTML-Section\",\"RequestAppliesTo\":\"Rule-Obj-Flow\",\"RequestRuleName\":\"pzRuleFormPagesAndClassesScript\"}" => HTTP 200 (15730 bytes)
[PegaHttpClient] 📡 POST https://zdk8budo.pegaacademy.net/prweb/api/CodeIntelligence/v1/rules/query?pxObjClass=Rule-HTML-Section&appliesTo=Rule-Obj-Flow&pyRuleName=pzPagesAndClassesNoMode&RequestClass=Rule-HTML-Section&RequestAppliesTo=Rule-Obj-Flow&RequestRuleName=pzPagesAndClassesNoMode Payload: "{\"RequestClass\":\"Rule-HTML-Section\",\"RequestAppliesTo\":\"Rule-Obj-Flow\",\"RequestRuleName\":\"pzPagesAndClassesNoMode\"}" => HTTP 200 (90057 bytes)
[PegaHttpClient] 📡 POST https://zdk8budo.pegaacademy.net/prweb/api/CodeIntelligence/v1/rules/query?pxObjClass=Rule-HTML-Section&appliesTo=Rule-Obj-Flow&pyRuleName=pzPagesAndClassesWithMode&RequestClass=Rule-HTML-Section&RequestAppliesTo=Rule-Obj-Flow&RequestRuleName=pzPagesAndClassesWithMode Payload: "{\"RequestClass\":\"Rule-HTML-Section\",\"RequestAppliesTo\":\"Rule-Obj-Flow\",\"RequestRuleName\":\"pzPagesAndClassesWithMode\"}" => HTTP 200 (97424 bytes)
[PegaHttpClient] 📡 POST https://zdk8budo.pegaacademy.net/prweb/api/CodeIntelligence/v1/rules/query?pxObjClass=Rule-HTML-Section&appliesTo=Rule-Obj-Flow&pyRuleName=pzWorkObjectSettingsAndHarnessSettings&RequestClass=Rule-HTML-Section&RequestAppliesTo=Rule-Obj-Flow&RequestRuleName=pzWorkObjectSettingsAndHarnessSettings Payload: "{\"RequestClass\":\"Rule-HTML-Section\",\"RequestAppliesTo\":\"Rule-Obj-Flow\",\"RequestRuleName\":\"pzWorkObjectSettingsAndHarnessSettings\"}" => HTTP 200 (156899 bytes)
[PegaHttpClient] 📡 POST https://zdk8budo.pegaacademy.net/prweb/api/CodeIntelligence/v1/rules/query?pxObjClass=Rule-HTML-Section&appliesTo=Rule-Obj-Flow&pyRuleName=pzAdhocFlowProperties&RequestClass=Rule-HTML-Section&RequestAppliesTo=Rule-Obj-Flow&RequestRuleName=pzAdhocFlowProperties Payload: "{\"RequestClass\":\"Rule-HTML-Section\",\"RequestAppliesTo\":\"Rule-Obj-Flow\",\"RequestRuleName\":\"pzAdhocFlowProperties\"}" => HTTP 200 (40260 bytes)
[PegaHttpClient] 📡 POST https://zdk8budo.pegaacademy.net/prweb/api/CodeIntelligence/v1/rules/query?pxObjClass=Rule-HTML-Section&appliesTo=Rule-Obj-Flow&pyRuleName=pzOldAUTWarningMessage&RequestClass=Rule-HTML-Section&RequestAppliesTo=Rule-Obj-Flow&RequestRuleName=pzOldAUTWarningMessage Payload: "{\"RequestClass\":\"Rule-HTML-Section\",\"RequestAppliesTo\":\"Rule-Obj-Flow\",\"RequestRuleName\":\"pzOldAUTWarningMessage\"}" => HTTP 200 (42077 bytes)
[PegaHttpClient] 📡 POST https://zdk8budo.pegaacademy.net/prweb/api/CodeIntelligence/v1/rules/query?pxObjClass=Rule-HTML-Section&appliesTo=Rule-Obj-Flow&pyRuleName=pzRFSelectAllTestCases&RequestClass=Rule-HTML-Section&RequestAppliesTo=Rule-Obj-Flow&RequestRuleName=pzRFSelectAllTestCases Payload: "{\"RequestClass\":\"Rule-HTML-Section\",\"RequestAppliesTo\":\"Rule-Obj-Flow\",\"RequestRuleName\":\"pzRFSelectAllTestCases\"}" => HTTP 200 (83585 bytes)
[PegaHttpClient] 📡 POST https://zdk8budo.pegaacademy.net/prweb/api/CodeIntelligence/v1/rules/query?pxObjClass=Rule-HTML-Section&appliesTo=Rule-Obj-Flow&pyRuleName=pzRFProgressbarWrapper&RequestClass=Rule-HTML-Section&RequestAppliesTo=Rule-Obj-Flow&RequestRuleName=pzRFProgressbarWrapper Payload: "{\"RequestClass\":\"Rule-HTML-Section\",\"RequestAppliesTo\":\"Rule-Obj-Flow\",\"RequestRuleName\":\"pzRFProgressbarWrapper\"}" => HTTP 200 (17204 bytes)
[PegaHttpClient] 📡 POST https://zdk8budo.pegaacademy.net/prweb/api/CodeIntelligence/v1/rules/query?pxObjClass=Rule-HTML-Section&appliesTo=Rule-Obj-Flow&pyRuleName=pzRFRunSelected&RequestClass=Rule-HTML-Section&RequestAppliesTo=Rule-Obj-Flow&RequestRuleName=pzRFRunSelected Payload: "{\"RequestClass\":\"Rule-HTML-Section\",\"RequestAppliesTo\":\"Rule-Obj-Flow\",\"RequestRuleName\":\"pzRFRunSelected\"}" => HTTP 200 (19863 bytes)
[PegaHttpClient] 📡 POST https://zdk8budo.pegaacademy.net/prweb/api/CodeIntelligence/v1/rules/query?pxObjClass=Rule-HTML-Section&appliesTo=Rule-Obj-Flow&pyRuleName=pzRuleSpecificButtons&RequestClass=Rule-HTML-Section&RequestAppliesTo=Rule-Obj-Flow&RequestRuleName=pzRuleSpecificButtons Payload: "{\"RequestClass\":\"Rule-HTML-Section\",\"RequestAppliesTo\":\"Rule-Obj-Flow\",\"RequestRuleName\":\"pzRuleSpecificButtons\"}" => HTTP 200 (26076 bytes)
[PegaHttpClient] 📡 POST https://zdk8budo.pegaacademy.net/prweb/api/CodeIntelligence/v1/rules/query?pxObjClass=Rule-HTML-Section&appliesTo=Rule-Obj-Flow&pyRuleName=pzRFSelectATest&RequestClass=Rule-HTML-Section&RequestAppliesTo=Rule-Obj-Flow&RequestRuleName=pzRFSelectATest Payload: "{\"RequestClass\":\"Rule-HTML-Section\",\"RequestAppliesTo\":\"Rule-Obj-Flow\",\"RequestRuleName\":\"pzRFSelectATest\"}" => HTTP 200 (23363 bytes)
[PegaHttpClient] 📡 POST https://zdk8budo.pegaacademy.net/prweb/api/CodeIntelligence/v1/rules/query?pxObjClass=Rule-HTML-Section&appliesTo=Rule-Obj-Flow&pyRuleName=pzTestCaseRunTimeWrapperLP&RequestClass=Rule-HTML-Section&RequestAppliesTo=Rule-Obj-Flow&RequestRuleName=pzTestCaseRunTimeWrapperLP Payload: "{\"RequestClass\":\"Rule-HTML-Section\",\"RequestAppliesTo\":\"Rule-Obj-Flow\",\"RequestRuleName\":\"pzTestCaseRunTimeWrapperLP\"}" => HTTP 200 (19734 bytes)
[PegaHttpClient] 📡 POST https://zdk8budo.pegaacademy.net/prweb/api/CodeIntelligence/v1/rules/query?pxObjClass=Rule-HTML-Section&appliesTo=Rule-Obj-Flow&pyRuleName=pzShowRunAndExpectedTimeWrapper&RequestClass=Rule-HTML-Section&RequestAppliesTo=Rule-Obj-Flow&RequestRuleName=pzShowRunAndExpectedTimeWrapper Payload: "{\"RequestClass\":\"Rule-HTML-Section\",\"RequestAppliesTo\":\"Rule-Obj-Flow\",\"RequestRuleName\":\"pzShowRunAndExpectedTimeWrapper\"}" => HTTP 200 (30204 bytes)
[PegaHttpClient] 📡 POST https://zdk8budo.pegaacademy.net/prweb/api/CodeIntelligence/v1/rules/query?pxObjClass=Rule-HTML-Section&appliesTo=Rule-Obj-Flow&pyRuleName=pzTestCaseRunStatusWrapperLP&RequestClass=Rule-HTML-Section&RequestAppliesTo=Rule-Obj-Flow&RequestRuleName=pzTestCaseRunStatusWrapperLP Payload: "{\"RequestClass\":\"Rule-HTML-Section\",\"RequestAppliesTo\":\"Rule-Obj-Flow\",\"RequestRuleName\":\"pzTestCaseRunStatusWrapperLP\"}" => HTTP 200 (56140 bytes)
[PegaHttpClient] 📡 POST https://zdk8budo.pegaacademy.net/prweb/api/CodeIntelligence/v1/rules/query?pxObjClass=Rule-HTML-Section&appliesTo=Rule-Obj-Flow&pyRuleName=pzAlternateRuleInfo&RequestClass=Rule-HTML-Section&RequestAppliesTo=Rule-Obj-Flow&RequestRuleName=pzAlternateRuleInfo Payload: "{\"RequestClass\":\"Rule-HTML-Section\",\"RequestAppliesTo\":\"Rule-Obj-Flow\",\"RequestRuleName\":\"pzAlternateRuleInfo\"}" => HTTP 200 (140407 bytes)
[PegaHttpClient] 📡 POST https://zdk8budo.pegaacademy.net/prweb/api/CodeIntelligence/v1/rules/query?pxObjClass=Rule-HTML-Section&appliesTo=Rule-Obj-Flow&pyRuleName=RuleFormHistory_Description&RequestClass=Rule-HTML-Section&RequestAppliesTo=Rule-Obj-Flow&RequestRuleName=RuleFormHistory_Description Payload: "{\"RequestClass\":\"Rule-HTML-Section\",\"RequestAppliesTo\":\"Rule-Obj-Flow\",\"RequestRuleName\":\"RuleFormHistory_Description\"}" => HTTP 200 (46242 bytes)
[PegaHttpClient] 📡 POST https://zdk8budo.pegaacademy.net/prweb/api/CodeIntelligence/v1/rules/query?pxObjClass=Rule-HTML-Section&appliesTo=Rule-Obj-Flow&pyRuleName=RuleFormHistory_CustomFields&RequestClass=Rule-HTML-Section&RequestAppliesTo=Rule-Obj-Flow&RequestRuleName=RuleFormHistory_CustomFields Payload: "{\"RequestClass\":\"Rule-HTML-Section\",\"RequestAppliesTo\":\"Rule-Obj-Flow\",\"RequestRuleName\":\"RuleFormHistory_CustomFields\"}" => HTTP 200 (75856 bytes)
[PegaHttpClient] 📡 POST https://zdk8budo.pegaacademy.net/prweb/api/CodeIntelligence/v1/rules/query?pxObjClass=Rule-HTML-Section&appliesTo=Rule-Obj-Flow&pyRuleName=RuleFormHistory_HistoryDetails&RequestClass=Rule-HTML-Section&RequestAppliesTo=Rule-Obj-Flow&RequestRuleName=RuleFormHistory_HistoryDetails Payload: "{\"RequestClass\":\"Rule-HTML-Section\",\"RequestAppliesTo\":\"Rule-Obj-Flow\",\"RequestRuleName\":\"RuleFormHistory_HistoryDetails\"}" => HTTP 200 (179535 bytes)
[PegaHttpClient] 📡 POST https://zdk8budo.pegaacademy.net/prweb/api/CodeIntelligence/v1/rules/query?pxObjClass=Rule-HTML-Section&appliesTo=Rule-Obj-Flow&pyRuleName=pzRuleFormStatus&RequestClass=Rule-HTML-Section&RequestAppliesTo=Rule-Obj-Flow&RequestRuleName=pzRuleFormStatus Payload: "{\"RequestClass\":\"Rule-HTML-Section\",\"RequestAppliesTo\":\"Rule-Obj-Flow\",\"RequestRuleName\":\"pzRuleFormStatus\"}" => HTTP 200 (97627 bytes)
[PegaHttpClient] 📡 POST https://zdk8budo.pegaacademy.net/prweb/api/CodeIntelligence/v1/rules/query?pxObjClass=Rule-HTML-Section&appliesTo=Rule-Obj-Flow&pyRuleName=pzRuleFormHeaderCompareWithDropDown&RequestClass=Rule-HTML-Section&RequestAppliesTo=Rule-Obj-Flow&RequestRuleName=pzRuleFormHeaderCompareWithDropDown Payload: "{\"RequestClass\":\"Rule-HTML-Section\",\"RequestAppliesTo\":\"Rule-Obj-Flow\",\"RequestRuleName\":\"pzRuleFormHeaderCompareWithDropDown\"}" => HTTP 200 (25396 bytes)
[PegaHttpClient] 📡 POST https://zdk8budo.pegaacademy.net/prweb/api/CodeIntelligence/v1/rules/query?pxObjClass=Rule-HTML-Section&appliesTo=Rule-Obj-Flow&pyRuleName=undefined&RequestClass=Rule-HTML-Section&RequestAppliesTo=Rule-Obj-Flow&RequestRuleName=undefined Payload: "{\"RequestClass\":\"Rule-HTML-Section\",\"RequestAppliesTo\":\"Rule-Obj-Flow\",\"RequestRuleName\":\"undefined\"}" => HTTP 404 (100 bytes)
[PegaHttpClient] 📡 POST https://zdk8budo.pegaacademy.net/prweb/PRRestService/CodeIntelligence/v1/rules/query?pxObjClass=Rule-HTML-Section&appliesTo=Rule-Obj-Flow&pyRuleName=undefined&RequestClass=Rule-HTML-Section&RequestAppliesTo=Rule-Obj-Flow&RequestRuleName=undefined Payload: "{\"RequestClass\":\"Rule-HTML-Section\",\"RequestAppliesTo\":\"Rule-Obj-Flow\",\"RequestRuleName\":\"undefined\"}" => HTTP 404 (100 bytes)
[PegaHttpClient] 📡 POST https://zdk8budo.pegaacademy.net/prweb/api/HRAppsV2Service/V1/rules/query?pxObjClass=Rule-HTML-Section&appliesTo=Rule-Obj-Flow&pyRuleName=undefined&RequestClass=Rule-HTML-Section&RequestAppliesTo=Rule-Obj-Flow&RequestRuleName=undefined Payload: "{\"RequestClass\":\"Rule-HTML-Section\",\"RequestAppliesTo\":\"Rule-Obj-Flow\",\"RequestRuleName\":\"undefined\"}" => HTTP 404 (18 bytes)
[PegaHttpClient] 📡 POST https://zdk8budo.pegaacademy.net/prweb/PRRestService/HRAppsV2Service/V1/rules/query?pxObjClass=Rule-HTML-Section&appliesTo=Rule-Obj-Flow&pyRuleName=undefined&RequestClass=Rule-HTML-Section&RequestAppliesTo=Rule-Obj-Flow&RequestRuleName=undefined Payload: "{\"RequestClass\":\"Rule-HTML-Section\",\"RequestAppliesTo\":\"Rule-Obj-Flow\",\"RequestRuleName\":\"undefined\"}" => HTTP 404 (18 bytes)
[PegaHttpClient] 📡 POST https://zdk8budo.pegaacademy.net/prweb/api/HRAppsV2/V1/rules/query?pxObjClass=Rule-HTML-Section&appliesTo=Rule-Obj-Flow&pyRuleName=undefined&RequestClass=Rule-HTML-Section&RequestAppliesTo=Rule-Obj-Flow&RequestRuleName=undefined Payload: "{\"RequestClass\":\"Rule-HTML-Section\",\"RequestAppliesTo\":\"Rule-Obj-Flow\",\"RequestRuleName\":\"undefined\"}" => HTTP 404 (18 bytes)
[PegaHttpClient] 📡 POST https://zdk8budo.pegaacademy.net/prweb/PRRestService/HRAppsV2/V1/rules/query?pxObjClass=Rule-HTML-Section&appliesTo=Rule-Obj-Flow&pyRuleName=undefined&RequestClass=Rule-HTML-Section&RequestAppliesTo=Rule-Obj-Flow&RequestRuleName=undefined Payload: "{\"RequestClass\":\"Rule-HTML-Section\",\"RequestAppliesTo\":\"Rule-Obj-Flow\",\"RequestRuleName\":\"undefined\"}" => HTTP 404 (18 bytes)
[PegaHttpClient] 📡 POST https://zdk8budo.pegaacademy.net/prweb/api/v1/rules/query?pxObjClass=Rule-HTML-Section&appliesTo=Rule-Obj-Flow&pyRuleName=undefined&RequestClass=Rule-HTML-Section&RequestAppliesTo=Rule-Obj-Flow&RequestRuleName=undefined Payload: "{\"RequestClass\":\"Rule-HTML-Section\",\"RequestAppliesTo\":\"Rule-Obj-Flow\",\"RequestRuleName\":\"undefined\"}" => HTTP 404 (18 bytes)
[PegaHttpClient] 📡 POST https://zdk8budo.pegaacademy.net/prweb/PRRestService/v1/rules/query?pxObjClass=Rule-HTML-Section&appliesTo=Rule-Obj-Flow&pyRuleName=undefined&RequestClass=Rule-HTML-Section&RequestAppliesTo=Rule-Obj-Flow&RequestRuleName=undefined Payload: "{\"RequestClass\":\"Rule-HTML-Section\",\"RequestAppliesTo\":\"Rule-Obj-Flow\",\"RequestRuleName\":\"undefined\"}" => HTTP 404 (18 bytes)
[PegaHttpClient] 📡 POST https://zdk8budo.pegaacademy.net/prweb/api/CodeIntelligence/v1/rules/query?pxObjClass=Rule-HTML-Section&appliesTo=Rule-Obj-Flow&pyRuleName=pzRuleFormToolbarHotKeys&RequestClass=Rule-HTML-Section&RequestAppliesTo=Rule-Obj-Flow&RequestRuleName=pzRuleFormToolbarHotKeys Payload: "{\"RequestClass\":\"Rule-HTML-Section\",\"RequestAppliesTo\":\"Rule-Obj-Flow\",\"RequestRuleName\":\"pzRuleFormToolbarHotKeys\"}" => HTTP 200 (85058 bytes)
[PegaHttpClient] 📡 POST https://zdk8budo.pegaacademy.net/prweb/api/CodeIntelligence/v1/rules/query?pxObjClass=Rule-HTML-Section&appliesTo=Rule-Obj-Flow&pyRuleName=pzRuleFormToolbarLockedIcon&RequestClass=Rule-HTML-Section&RequestAppliesTo=Rule-Obj-Flow&RequestRuleName=pzRuleFormToolbarLockedIcon Payload: "{\"RequestClass\":\"Rule-HTML-Section\",\"RequestAppliesTo\":\"Rule-Obj-Flow\",\"RequestRuleName\":\"pzRuleFormToolbarLockedIcon\"}" => HTTP 200 (24898 bytes)
[PegaHttpClient] 📡 POST https://zdk8budo.pegaacademy.net/prweb/api/CodeIntelligence/v1/rules/query?pxObjClass=Rule-HTML-Section&appliesTo=Rule-Obj-Flow&pyRuleName=pzRuleFormToolbarCollaborators&RequestClass=Rule-HTML-Section&RequestAppliesTo=Rule-Obj-Flow&RequestRuleName=pzRuleFormToolbarCollaborators Payload: "{\"RequestClass\":\"Rule-HTML-Section\",\"RequestAppliesTo\":\"Rule-Obj-Flow\",\"RequestRuleName\":\"pzRuleFormToolbarCollaborators\"}" => HTTP 200 (15254 bytes)
[PegaHttpClient] 📡 POST https://zdk8budo.pegaacademy.net/prweb/api/CodeIntelligence/v1/rules/query?pxObjClass=Rule-HTML-Section&appliesTo=Rule-Obj-Flow&pyRuleName=pzRuleFormToolbarSaveAs&RequestClass=Rule-HTML-Section&RequestAppliesTo=Rule-Obj-Flow&RequestRuleName=pzRuleFormToolbarSaveAs Payload: "{\"RequestClass\":\"Rule-HTML-Section\",\"RequestAppliesTo\":\"Rule-Obj-Flow\",\"RequestRuleName\":\"pzRuleFormToolbarSaveAs\"}" => HTTP 200 (64084 bytes)
[PegaHttpClient] 📡 POST https://zdk8budo.pegaacademy.net/prweb/api/CodeIntelligence/v1/rules/query?pxObjClass=Rule-HTML-Section&appliesTo=Rule-Obj-Flow&pyRuleName=pzRuleFormToolbarCheckin&RequestClass=Rule-HTML-Section&RequestAppliesTo=Rule-Obj-Flow&RequestRuleName=pzRuleFormToolbarCheckin Payload: "{\"RequestClass\":\"Rule-HTML-Section\",\"RequestAppliesTo\":\"Rule-Obj-Flow\",\"RequestRuleName\":\"pzRuleFormToolbarCheckin\"}" => HTTP 200 (119096 bytes)
[PegaHttpClient] 📡 POST https://zdk8budo.pegaacademy.net/prweb/api/CodeIntelligence/v1/rules/query?pxObjClass=Rule-HTML-Section&appliesTo=Rule-Obj-Flow&pyRuleName=pzRuleFormToolbarDelete&RequestClass=Rule-HTML-Section&RequestAppliesTo=Rule-Obj-Flow&RequestRuleName=pzRuleFormToolbarDelete Payload: "{\"RequestClass\":\"Rule-HTML-Section\",\"RequestAppliesTo\":\"Rule-Obj-Flow\",\"RequestRuleName\":\"pzRuleFormToolbarDelete\"}" => HTTP 200 (30249 bytes)
[PegaHttpClient] 📡 POST https://zdk8budo.pegaacademy.net/prweb/api/CodeIntelligence/v1/rules/query?pxObjClass=Rule-HTML-Section&appliesTo=Rule-Obj-Flow&pyRuleName=pzRuleFormToolbarSave&RequestClass=Rule-HTML-Section&RequestAppliesTo=Rule-Obj-Flow&RequestRuleName=pzRuleFormToolbarSave Payload: "{\"RequestClass\":\"Rule-HTML-Section\",\"RequestAppliesTo\":\"Rule-Obj-Flow\",\"RequestRuleName\":\"pzRuleFormToolbarSave\"}" => HTTP 200 (293885 bytes)
[PegaHttpClient] 📡 POST https://zdk8budo.pegaacademy.net/prweb/api/CodeIntelligence/v1/rules/query?pxObjClass=Rule-HTML-Section&appliesTo=Rule-Obj-Flow&pyRuleName=pzRuleFormToolbarCheckout&RequestClass=Rule-HTML-Section&RequestAppliesTo=Rule-Obj-Flow&RequestRuleName=pzRuleFormToolbarCheckout Payload: "{\"RequestClass\":\"Rule-HTML-Section\",\"RequestAppliesTo\":\"Rule-Obj-Flow\",\"RequestRuleName\":\"pzRuleFormToolbarCheckout\"}" => HTTP 200 (238148 bytes)
[PegaHttpClient] 📡 POST https://zdk8budo.pegaacademy.net/prweb/api/CodeIntelligence/v1/rules/query?pxObjClass=Rule-HTML-Section&appliesTo=Rule-Obj-Flow&pyRuleName=pzRemoveErrorsDataPage&RequestClass=Rule-HTML-Section&RequestAppliesTo=Rule-Obj-Flow&RequestRuleName=pzRemoveErrorsDataPage Payload: "{\"RequestClass\":\"Rule-HTML-Section\",\"RequestAppliesTo\":\"Rule-Obj-Flow\",\"RequestRuleName\":\"pzRemoveErrorsDataPage\"}" => HTTP 200 (16733 bytes)
[PegaHttpClient] 📡 POST https://zdk8budo.pegaacademy.net/prweb/api/CodeIntelligence/v1/rules/query?pxObjClass=Rule-HTML-Section&appliesTo=Rule-Obj-Flow&pyRuleName=pzRuleFormHeaderMessagesWrapper&RequestClass=Rule-HTML-Section&RequestAppliesTo=Rule-Obj-Flow&RequestRuleName=pzRuleFormHeaderMessagesWrapper Payload: "{\"RequestClass\":\"Rule-HTML-Section\",\"RequestAppliesTo\":\"Rule-Obj-Flow\",\"RequestRuleName\":\"pzRuleFormHeaderMessagesWrapper\"}" => HTTP 200 (16981 bytes)
[PegaHttpClient] 📡 POST https://zdk8budo.pegaacademy.net/prweb/api/CodeIntelligence/v1/rules/query?pxObjClass=Rule-HTML-Section&appliesTo=Rule-Obj-Flow&pyRuleName=pxUMapViewerOuter&RequestClass=Rule-HTML-Section&RequestAppliesTo=Rule-Obj-Flow&RequestRuleName=pxUMapViewerOuter Payload: "{\"RequestClass\":\"Rule-HTML-Section\",\"RequestAppliesTo\":\"Rule-Obj-Flow\",\"RequestRuleName\":\"pxUMapViewerOuter\"}" => HTTP 200 (78852 bytes)
[PegaHttpClient] 📡 POST https://zdk8budo.pegaacademy.net/prweb/api/CodeIntelligence/v1/rules/query?pxObjClass=Rule-HTML-Section&appliesTo=Rule-Obj-Flow&pyRuleName=pxGFWViewerOuter&RequestClass=Rule-HTML-Section&RequestAppliesTo=Rule-Obj-Flow&RequestRuleName=pxGFWViewerOuter Payload: "{\"RequestClass\":\"Rule-HTML-Section\",\"RequestAppliesTo\":\"Rule-Obj-Flow\",\"RequestRuleName\":\"pxGFWViewerOuter\"}" => HTTP 200 (160659 bytes)
[PegaHttpClient] 📡 POST https://zdk8budo.pegaacademy.net/prweb/api/CodeIntelligence/v1/rules/query?pxObjClass=Rule-HTML-Section&appliesTo=Rule-Obj-Flow&pyRuleName=pzParametersAdvConf&RequestClass=Rule-HTML-Section&RequestAppliesTo=Rule-Obj-Flow&RequestRuleName=pzParametersAdvConf Payload: "{\"RequestClass\":\"Rule-HTML-Section\",\"RequestAppliesTo\":\"Rule-Obj-Flow\",\"RequestRuleName\":\"pzParametersAdvConf\"}" => HTTP 200 (127328 bytes)
[PegaHttpClient] 📡 POST https://zdk8budo.pegaacademy.net/prweb/api/CodeIntelligence/v1/rules/query?pxObjClass=Rule-HTML-Section&appliesTo=Rule-Obj-Flow&pyRuleName=pzParametersBasicConf&RequestClass=Rule-HTML-Section&RequestAppliesTo=Rule-Obj-Flow&RequestRuleName=pzParametersBasicConf Payload: "{\"RequestClass\":\"Rule-HTML-Section\",\"RequestAppliesTo\":\"Rule-Obj-Flow\",\"RequestRuleName\":\"pzParametersBasicConf\"}" => HTTP 200 (88892 bytes)
[PegaHttpClient] 📡 POST https://zdk8budo.pegaacademy.net/prweb/api/CodeIntelligence/v1/rules/query?pxObjClass=Rule-HTML-Section&appliesTo=Rule-Obj-Flow&pyRuleName=pzPagesAndClassesScriptNoMode&RequestClass=Rule-HTML-Section&RequestAppliesTo=Rule-Obj-Flow&RequestRuleName=pzPagesAndClassesScriptNoMode Payload: "{\"RequestClass\":\"Rule-HTML-Section\",\"RequestAppliesTo\":\"Rule-Obj-Flow\",\"RequestRuleName\":\"pzPagesAndClassesScriptNoMode\"}" => HTTP 200 (25452 bytes)
[PegaHttpClient] 📡 POST https://zdk8budo.pegaacademy.net/prweb/api/CodeIntelligence/v1/rules/query?pxObjClass=Rule-HTML-Section&appliesTo=Rule-Obj-Flow&pyRuleName=pzPagesAndClassesScript&RequestClass=Rule-HTML-Section&RequestAppliesTo=Rule-Obj-Flow&RequestRuleName=pzPagesAndClassesScript Payload: "{\"RequestClass\":\"Rule-HTML-Section\",\"RequestAppliesTo\":\"Rule-Obj-Flow\",\"RequestRuleName\":\"pzPagesAndClassesScript\"}" => HTTP 200 (24224 bytes)
[PegaHttpClient] 📡 POST https://zdk8budo.pegaacademy.net/prweb/api/CodeIntelligence/v1/rules/query?pxObjClass=Rule-HTML-Section&appliesTo=Rule-Obj-Flow&pyRuleName=pzViewTestCases&RequestClass=Rule-HTML-Section&RequestAppliesTo=Rule-Obj-Flow&RequestRuleName=pzViewTestCases Payload: "{\"RequestClass\":\"Rule-HTML-Section\",\"RequestAppliesTo\":\"Rule-Obj-Flow\",\"RequestRuleName\":\"pzViewTestCases\"}" => HTTP 404 (106 bytes)
[PegaHttpClient] 📡 POST https://zdk8budo.pegaacademy.net/prweb/PRRestService/CodeIntelligence/v1/rules/query?pxObjClass=Rule-HTML-Section&appliesTo=Rule-Obj-Flow&pyRuleName=pzViewTestCases&RequestClass=Rule-HTML-Section&RequestAppliesTo=Rule-Obj-Flow&RequestRuleName=pzViewTestCases Payload: "{\"RequestClass\":\"Rule-HTML-Section\",\"RequestAppliesTo\":\"Rule-Obj-Flow\",\"RequestRuleName\":\"pzViewTestCases\"}" => HTTP 404 (106 bytes)
[PegaHttpClient] 📡 POST https://zdk8budo.pegaacademy.net/prweb/api/HRAppsV2Service/V1/rules/query?pxObjClass=Rule-HTML-Section&appliesTo=Rule-Obj-Flow&pyRuleName=pzViewTestCases&RequestClass=Rule-HTML-Section&RequestAppliesTo=Rule-Obj-Flow&RequestRuleName=pzViewTestCases Payload: "{\"RequestClass\":\"Rule-HTML-Section\",\"RequestAppliesTo\":\"Rule-Obj-Flow\",\"RequestRuleName\":\"pzViewTestCases\"}" => HTTP 404 (18 bytes)
[PegaHttpClient] 📡 POST https://zdk8budo.pegaacademy.net/prweb/PRRestService/HRAppsV2Service/V1/rules/query?pxObjClass=Rule-HTML-Section&appliesTo=Rule-Obj-Flow&pyRuleName=pzViewTestCases&RequestClass=Rule-HTML-Section&RequestAppliesTo=Rule-Obj-Flow&RequestRuleName=pzViewTestCases Payload: "{\"RequestClass\":\"Rule-HTML-Section\",\"RequestAppliesTo\":\"Rule-Obj-Flow\",\"RequestRuleName\":\"pzViewTestCases\"}" => HTTP 404 (18 bytes)
[PegaHttpClient] 📡 POST https://zdk8budo.pegaacademy.net/prweb/api/HRAppsV2/V1/rules/query?pxObjClass=Rule-HTML-Section&appliesTo=Rule-Obj-Flow&pyRuleName=pzViewTestCases&RequestClass=Rule-HTML-Section&RequestAppliesTo=Rule-Obj-Flow&RequestRuleName=pzViewTestCases Payload: "{\"RequestClass\":\"Rule-HTML-Section\",\"RequestAppliesTo\":\"Rule-Obj-Flow\",\"RequestRuleName\":\"pzViewTestCases\"}" => HTTP 404 (18 bytes)
[PegaHttpClient] 📡 POST https://zdk8budo.pegaacademy.net/prweb/PRRestService/HRAppsV2/V1/rules/query?pxObjClass=Rule-HTML-Section&appliesTo=Rule-Obj-Flow&pyRuleName=pzViewTestCases&RequestClass=Rule-HTML-Section&RequestAppliesTo=Rule-Obj-Flow&RequestRuleName=pzViewTestCases Payload: "{\"RequestClass\":\"Rule-HTML-Section\",\"RequestAppliesTo\":\"Rule-Obj-Flow\",\"RequestRuleName\":\"pzViewTestCases\"}" => HTTP 404 (18 bytes)
[PegaHttpClient] 📡 POST https://zdk8budo.pegaacademy.net/prweb/api/v1/rules/query?pxObjClass=Rule-HTML-Section&appliesTo=Rule-Obj-Flow&pyRuleName=pzViewTestCases&RequestClass=Rule-HTML-Section&RequestAppliesTo=Rule-Obj-Flow&RequestRuleName=pzViewTestCases Payload: "{\"RequestClass\":\"Rule-HTML-Section\",\"RequestAppliesTo\":\"Rule-Obj-Flow\",\"RequestRuleName\":\"pzViewTestCases\"}" => HTTP 404 (18 bytes)
[PegaHttpClient] 📡 POST https://zdk8budo.pegaacademy.net/prweb/PRRestService/v1/rules/query?pxObjClass=Rule-HTML-Section&appliesTo=Rule-Obj-Flow&pyRuleName=pzViewTestCases&RequestClass=Rule-HTML-Section&RequestAppliesTo=Rule-Obj-Flow&RequestRuleName=pzViewTestCases Payload: "{\"RequestClass\":\"Rule-HTML-Section\",\"RequestAppliesTo\":\"Rule-Obj-Flow\",\"RequestRuleName\":\"pzViewTestCases\"}" => HTTP 404 (18 bytes)
[PegaHttpClient] 📡 POST https://zdk8budo.pegaacademy.net/prweb/api/CodeIntelligence/v1/rules/query?pxObjClass=Rule-HTML-Section&appliesTo=Rule-Obj-Flow&pyRuleName=pzRunSelected&RequestClass=Rule-HTML-Section&RequestAppliesTo=Rule-Obj-Flow&RequestRuleName=pzRunSelected Payload: "{\"RequestClass\":\"Rule-HTML-Section\",\"RequestAppliesTo\":\"Rule-Obj-Flow\",\"RequestRuleName\":\"pzRunSelected\"}" => HTTP 404 (104 bytes)
[PegaHttpClient] 📡 POST https://zdk8budo.pegaacademy.net/prweb/PRRestService/CodeIntelligence/v1/rules/query?pxObjClass=Rule-HTML-Section&appliesTo=Rule-Obj-Flow&pyRuleName=pzRunSelected&RequestClass=Rule-HTML-Section&RequestAppliesTo=Rule-Obj-Flow&RequestRuleName=pzRunSelected Payload: "{\"RequestClass\":\"Rule-HTML-Section\",\"RequestAppliesTo\":\"Rule-Obj-Flow\",\"RequestRuleName\":\"pzRunSelected\"}" => HTTP 404 (104 bytes)
[PegaHttpClient] 📡 POST https://zdk8budo.pegaacademy.net/prweb/api/HRAppsV2Service/V1/rules/query?pxObjClass=Rule-HTML-Section&appliesTo=Rule-Obj-Flow&pyRuleName=pzRunSelected&RequestClass=Rule-HTML-Section&RequestAppliesTo=Rule-Obj-Flow&RequestRuleName=pzRunSelected Payload: "{\"RequestClass\":\"Rule-HTML-Section\",\"RequestAppliesTo\":\"Rule-Obj-Flow\",\"RequestRuleName\":\"pzRunSelected\"}" => HTTP 404 (18 bytes)
[PegaHttpClient] 📡 POST https://zdk8budo.pegaacademy.net/prweb/PRRestService/HRAppsV2Service/V1/rules/query?pxObjClass=Rule-HTML-Section&appliesTo=Rule-Obj-Flow&pyRuleName=pzRunSelected&RequestClass=Rule-HTML-Section&RequestAppliesTo=Rule-Obj-Flow&RequestRuleName=pzRunSelected Payload: "{\"RequestClass\":\"Rule-HTML-Section\",\"RequestAppliesTo\":\"Rule-Obj-Flow\",\"RequestRuleName\":\"pzRunSelected\"}" => HTTP 404 (18 bytes)
[PegaHttpClient] 📡 POST https://zdk8budo.pegaacademy.net/prweb/api/HRAppsV2/V1/rules/query?pxObjClass=Rule-HTML-Section&appliesTo=Rule-Obj-Flow&pyRuleName=pzRunSelected&RequestClass=Rule-HTML-Section&RequestAppliesTo=Rule-Obj-Flow&RequestRuleName=pzRunSelected Payload: "{\"RequestClass\":\"Rule-HTML-Section\",\"RequestAppliesTo\":\"Rule-Obj-Flow\",\"RequestRuleName\":\"pzRunSelected\"}" => HTTP 404 (18 bytes)
[PegaHttpClient] 📡 POST https://zdk8budo.pegaacademy.net/prweb/PRRestService/HRAppsV2/V1/rules/query?pxObjClass=Rule-HTML-Section&appliesTo=Rule-Obj-Flow&pyRuleName=pzRunSelected&RequestClass=Rule-HTML-Section&RequestAppliesTo=Rule-Obj-Flow&RequestRuleName=pzRunSelected Payload: "{\"RequestClass\":\"Rule-HTML-Section\",\"RequestAppliesTo\":\"Rule-Obj-Flow\",\"RequestRuleName\":\"pzRunSelected\"}" => HTTP 404 (18 bytes)
[PegaHttpClient] 📡 POST https://zdk8budo.pegaacademy.net/prweb/api/v1/rules/query?pxObjClass=Rule-HTML-Section&appliesTo=Rule-Obj-Flow&pyRuleName=pzRunSelected&RequestClass=Rule-HTML-Section&RequestAppliesTo=Rule-Obj-Flow&RequestRuleName=pzRunSelected Payload: "{\"RequestClass\":\"Rule-HTML-Section\",\"RequestAppliesTo\":\"Rule-Obj-Flow\",\"RequestRuleName\":\"pzRunSelected\"}" => HTTP 404 (18 bytes)
[PegaHttpClient] 📡 POST https://zdk8budo.pegaacademy.net/prweb/PRRestService/v1/rules/query?pxObjClass=Rule-HTML-Section&appliesTo=Rule-Obj-Flow&pyRuleName=pzRunSelected&RequestClass=Rule-HTML-Section&RequestAppliesTo=Rule-Obj-Flow&RequestRuleName=pzRunSelected Payload: "{\"RequestClass\":\"Rule-HTML-Section\",\"RequestAppliesTo\":\"Rule-Obj-Flow\",\"RequestRuleName\":\"pzRunSelected\"}" => HTTP 404 (18 bytes)
[PegaHttpClient] 📡 POST https://zdk8budo.pegaacademy.net/prweb/api/CodeIntelligence/v1/rules/query?pxObjClass=Rule-HTML-Section&appliesTo=Rule-Obj-Flow&pyRuleName=pzShowRunAndExpectedTime&RequestClass=Rule-HTML-Section&RequestAppliesTo=Rule-Obj-Flow&RequestRuleName=pzShowRunAndExpectedTime Payload: "{\"RequestClass\":\"Rule-HTML-Section\",\"RequestAppliesTo\":\"Rule-Obj-Flow\",\"RequestRuleName\":\"pzShowRunAndExpectedTime\"}" => HTTP 200 (98943 bytes)
[PegaHttpClient] 📡 POST https://zdk8budo.pegaacademy.net/prweb/api/CodeIntelligence/v1/rules/query?pxObjClass=Rule-HTML-Section&appliesTo=Rule-Obj-Flow&pyRuleName=pzScm_RuleHistory&RequestClass=Rule-HTML-Section&RequestAppliesTo=Rule-Obj-Flow&RequestRuleName=pzScm_RuleHistory Payload: "{\"RequestClass\":\"Rule-HTML-Section\",\"RequestAppliesTo\":\"Rule-Obj-Flow\",\"RequestRuleName\":\"pzScm_RuleHistory\"}" => HTTP 200 (14682 bytes)
[PegaHttpClient] 📡 POST https://zdk8budo.pegaacademy.net/prweb/api/CodeIntelligence/v1/rules/query?pxObjClass=Rule-HTML-Section&appliesTo=Rule-Obj-Flow&pyRuleName=pxDisplayCollaborators&RequestClass=Rule-HTML-Section&RequestAppliesTo=Rule-Obj-Flow&RequestRuleName=pxDisplayCollaborators Payload: "{\"RequestClass\":\"Rule-HTML-Section\",\"RequestAppliesTo\":\"Rule-Obj-Flow\",\"RequestRuleName\":\"pxDisplayCollaborators\"}" => HTTP 200 (94171 bytes)
[PegaHttpClient] 📡 POST https://zdk8budo.pegaacademy.net/prweb/api/CodeIntelligence/v1/rules/query?pxObjClass=Rule-HTML-Section&appliesTo=Rule-Obj-Flow&pyRuleName=pzRuleFormToolbarDeleteCheckOut&RequestClass=Rule-HTML-Section&RequestAppliesTo=Rule-Obj-Flow&RequestRuleName=pzRuleFormToolbarDeleteCheckOut Payload: "{\"RequestClass\":\"Rule-HTML-Section\",\"RequestAppliesTo\":\"Rule-Obj-Flow\",\"RequestRuleName\":\"pzRuleFormToolbarDeleteCheckOut\"}" => HTTP 200 (29433 bytes)
[PegaHttpClient] 📡 POST https://zdk8budo.pegaacademy.net/prweb/api/CodeIntelligence/v1/rules/query?pxObjClass=Rule-HTML-Section&appliesTo=Rule-Obj-Flow&pyRuleName=pzRuleFormToolbarDeleteRule&RequestClass=Rule-HTML-Section&RequestAppliesTo=Rule-Obj-Flow&RequestRuleName=pzRuleFormToolbarDeleteRule Payload: "{\"RequestClass\":\"Rule-HTML-Section\",\"RequestAppliesTo\":\"Rule-Obj-Flow\",\"RequestRuleName\":\"pzRuleFormToolbarDeleteRule\"}" => HTTP 200 (32314 bytes)
[PegaHttpClient] 📡 POST https://zdk8budo.pegaacademy.net/prweb/api/CodeIntelligence/v1/rules/query?pxObjClass=Rule-HTML-Section&appliesTo=Rule-Obj-Flow&pyRuleName=pyOneViewerLoader&RequestClass=Rule-HTML-Section&RequestAppliesTo=Rule-Obj-Flow&RequestRuleName=pyOneViewerLoader Payload: "{\"RequestClass\":\"Rule-HTML-Section\",\"RequestAppliesTo\":\"Rule-Obj-Flow\",\"RequestRuleName\":\"pyOneViewerLoader\"}" => HTTP 200 (28389 bytes)
[PegaHttpClient] 📡 POST https://zdk8budo.pegaacademy.net/prweb/api/CodeIntelligence/v1/rules/query?pxObjClass=Rule-HTML-Section&appliesTo=Rule-Obj-Flow&pyRuleName=pyUMapViewerHeader&RequestClass=Rule-HTML-Section&RequestAppliesTo=Rule-Obj-Flow&RequestRuleName=pyUMapViewerHeader Payload: "{\"RequestClass\":\"Rule-HTML-Section\",\"RequestAppliesTo\":\"Rule-Obj-Flow\",\"RequestRuleName\":\"pyUMapViewerHeader\"}" => HTTP 200 (35663 bytes)
[PegaHttpClient] 📡 POST https://zdk8budo.pegaacademy.net/prweb/api/CodeIntelligence/v1/rules/query?pxObjClass=Rule-HTML-Section&appliesTo=Rule-Obj-Flow&pyRuleName=pzOneViewerInner&RequestClass=Rule-HTML-Section&RequestAppliesTo=Rule-Obj-Flow&RequestRuleName=pzOneViewerInner Payload: "{\"RequestClass\":\"Rule-HTML-Section\",\"RequestAppliesTo\":\"Rule-Obj-Flow\",\"RequestRuleName\":\"pzOneViewerInner\"}" => HTTP 404 (107 bytes)
[PegaHttpClient] 📡 POST https://zdk8budo.pegaacademy.net/prweb/PRRestService/CodeIntelligence/v1/rules/query?pxObjClass=Rule-HTML-Section&appliesTo=Rule-Obj-Flow&pyRuleName=pzOneViewerInner&RequestClass=Rule-HTML-Section&RequestAppliesTo=Rule-Obj-Flow&RequestRuleName=pzOneViewerInner Payload: "{\"RequestClass\":\"Rule-HTML-Section\",\"RequestAppliesTo\":\"Rule-Obj-Flow\",\"RequestRuleName\":\"pzOneViewerInner\"}" => HTTP 404 (107 bytes)
[PegaHttpClient] 📡 POST https://zdk8budo.pegaacademy.net/prweb/api/HRAppsV2Service/V1/rules/query?pxObjClass=Rule-HTML-Section&appliesTo=Rule-Obj-Flow&pyRuleName=pzOneViewerInner&RequestClass=Rule-HTML-Section&RequestAppliesTo=Rule-Obj-Flow&RequestRuleName=pzOneViewerInner Payload: "{\"RequestClass\":\"Rule-HTML-Section\",\"RequestAppliesTo\":\"Rule-Obj-Flow\",\"RequestRuleName\":\"pzOneViewerInner\"}" => HTTP 404 (18 bytes)
[PegaHttpClient] 📡 POST https://zdk8budo.pegaacademy.net/prweb/PRRestService/HRAppsV2Service/V1/rules/query?pxObjClass=Rule-HTML-Section&appliesTo=Rule-Obj-Flow&pyRuleName=pzOneViewerInner&RequestClass=Rule-HTML-Section&RequestAppliesTo=Rule-Obj-Flow&RequestRuleName=pzOneViewerInner Payload: "{\"RequestClass\":\"Rule-HTML-Section\",\"RequestAppliesTo\":\"Rule-Obj-Flow\",\"RequestRuleName\":\"pzOneViewerInner\"}" => HTTP 404 (18 bytes)
[PegaHttpClient] 📡 POST https://zdk8budo.pegaacademy.net/prweb/api/HRAppsV2/V1/rules/query?pxObjClass=Rule-HTML-Section&appliesTo=Rule-Obj-Flow&pyRuleName=pzOneViewerInner&RequestClass=Rule-HTML-Section&RequestAppliesTo=Rule-Obj-Flow&RequestRuleName=pzOneViewerInner Payload: "{\"RequestClass\":\"Rule-HTML-Section\",\"RequestAppliesTo\":\"Rule-Obj-Flow\",\"RequestRuleName\":\"pzOneViewerInner\"}" => HTTP 404 (18 bytes)
[PegaHttpClient] 📡 POST https://zdk8budo.pegaacademy.net/prweb/PRRestService/HRAppsV2/V1/rules/query?pxObjClass=Rule-HTML-Section&appliesTo=Rule-Obj-Flow&pyRuleName=pzOneViewerInner&RequestClass=Rule-HTML-Section&RequestAppliesTo=Rule-Obj-Flow&RequestRuleName=pzOneViewerInner Payload: "{\"RequestClass\":\"Rule-HTML-Section\",\"RequestAppliesTo\":\"Rule-Obj-Flow\",\"RequestRuleName\":\"pzOneViewerInner\"}" => HTTP 404 (18 bytes)
[PegaHttpClient] 📡 POST https://zdk8budo.pegaacademy.net/prweb/api/v1/rules/query?pxObjClass=Rule-HTML-Section&appliesTo=Rule-Obj-Flow&pyRuleName=pzOneViewerInner&RequestClass=Rule-HTML-Section&RequestAppliesTo=Rule-Obj-Flow&RequestRuleName=pzOneViewerInner Payload: "{\"RequestClass\":\"Rule-HTML-Section\",\"RequestAppliesTo\":\"Rule-Obj-Flow\",\"RequestRuleName\":\"pzOneViewerInner\"}" => HTTP 404 (18 bytes)
[PegaHttpClient] 📡 POST https://zdk8budo.pegaacademy.net/prweb/PRRestService/v1/rules/query?pxObjClass=Rule-HTML-Section&appliesTo=Rule-Obj-Flow&pyRuleName=pzOneViewerInner&RequestClass=Rule-HTML-Section&RequestAppliesTo=Rule-Obj-Flow&RequestRuleName=pzOneViewerInner Payload: "{\"RequestClass\":\"Rule-HTML-Section\",\"RequestAppliesTo\":\"Rule-Obj-Flow\",\"RequestRuleName\":\"pzOneViewerInner\"}" => HTTP 404 (18 bytes)
[PegaHttpClient] 📡 POST https://zdk8budo.pegaacademy.net/prweb/api/CodeIntelligence/v1/rules/query?pxObjClass=Rule-HTML-Section&appliesTo=Rule-Obj-Flow&pyRuleName=pzOneViewerProxy&RequestClass=Rule-HTML-Section&RequestAppliesTo=Rule-Obj-Flow&RequestRuleName=pzOneViewerProxy Payload: "{\"RequestClass\":\"Rule-HTML-Section\",\"RequestAppliesTo\":\"Rule-Obj-Flow\",\"RequestRuleName\":\"pzOneViewerProxy\"}" => HTTP 200 (16705 bytes)
[PegaHttpClient] 📡 POST https://zdk8budo.pegaacademy.net/prweb/api/CodeIntelligence/v1/rules/query?pxObjClass=Rule-HTML-Section&appliesTo=Rule-Obj-Flow&pyRuleName=pxDDGateway_OneViewer&RequestClass=Rule-HTML-Section&RequestAppliesTo=Rule-Obj-Flow&RequestRuleName=pxDDGateway_OneViewer Payload: "{\"RequestClass\":\"Rule-HTML-Section\",\"RequestAppliesTo\":\"Rule-Obj-Flow\",\"RequestRuleName\":\"pxDDGateway_OneViewer\"}" => HTTP 200 (28854 bytes)
[PegaHttpClient] 📡 POST https://zdk8budo.pegaacademy.net/prweb/api/CodeIntelligence/v1/rules/query?pxObjClass=Rule-HTML-Section&appliesTo=Rule-Obj-Flow&pyRuleName=pyUMapViewerFooter&RequestClass=Rule-HTML-Section&RequestAppliesTo=Rule-Obj-Flow&RequestRuleName=pyUMapViewerFooter Payload: "{\"RequestClass\":\"Rule-HTML-Section\",\"RequestAppliesTo\":\"Rule-Obj-Flow\",\"RequestRuleName\":\"pyUMapViewerFooter\"}" => HTTP 200 (35480 bytes)
[PegaHttpClient] 📡 POST https://zdk8budo.pegaacademy.net/prweb/api/CodeIntelligence/v1/rules/query?pxObjClass=Rule-HTML-Section&appliesTo=Rule-Obj-Flow&pyRuleName=pzGFWViewerLoader&RequestClass=Rule-HTML-Section&RequestAppliesTo=Rule-Obj-Flow&RequestRuleName=pzGFWViewerLoader Payload: "{\"RequestClass\":\"Rule-HTML-Section\",\"RequestAppliesTo\":\"Rule-Obj-Flow\",\"RequestRuleName\":\"pzGFWViewerLoader\"}" => HTTP 200 (21652 bytes)
[PegaHttpClient] 📡 POST https://zdk8budo.pegaacademy.net/prweb/api/CodeIntelligence/v1/rules/query?pxObjClass=Rule-HTML-Section&appliesTo=Rule-Obj-Flow&pyRuleName=pzGFWViewerHeader&RequestClass=Rule-HTML-Section&RequestAppliesTo=Rule-Obj-Flow&RequestRuleName=pzGFWViewerHeader Payload: "{\"RequestClass\":\"Rule-HTML-Section\",\"RequestAppliesTo\":\"Rule-Obj-Flow\",\"RequestRuleName\":\"pzGFWViewerHeader\"}" => HTTP 200 (40461 bytes)
[PegaHttpClient] 📡 POST https://zdk8budo.pegaacademy.net/prweb/api/CodeIntelligence/v1/rules/query?pxObjClass=Rule-HTML-Section&appliesTo=Rule-Obj-Flow&pyRuleName=pzGFWViewerInner&RequestClass=Rule-HTML-Section&RequestAppliesTo=Rule-Obj-Flow&RequestRuleName=pzGFWViewerInner Payload: "{\"RequestClass\":\"Rule-HTML-Section\",\"RequestAppliesTo\":\"Rule-Obj-Flow\",\"RequestRuleName\":\"pzGFWViewerInner\"}" => HTTP 200 (58225 bytes)
[PegaHttpClient] 📡 POST https://zdk8budo.pegaacademy.net/prweb/api/CodeIntelligence/v1/rules/query?pxObjClass=Rule-HTML-Section&appliesTo=Rule-Obj-Flow&pyRuleName=pzGFWViewerProxy&RequestClass=Rule-HTML-Section&RequestAppliesTo=Rule-Obj-Flow&RequestRuleName=pzGFWViewerProxy Payload: "{\"RequestClass\":\"Rule-HTML-Section\",\"RequestAppliesTo\":\"Rule-Obj-Flow\",\"RequestRuleName\":\"pzGFWViewerProxy\"}" => HTTP 200 (20295 bytes)
[PegaHttpClient] 📡 POST https://zdk8budo.pegaacademy.net/prweb/api/CodeIntelligence/v1/rules/query?pxObjClass=Rule-HTML-Section&appliesTo=Rule-Obj-Flow&pyRuleName=pzGFWViewerFooter&RequestClass=Rule-HTML-Section&RequestAppliesTo=Rule-Obj-Flow&RequestRuleName=pzGFWViewerFooter Payload: "{\"RequestClass\":\"Rule-HTML-Section\",\"RequestAppliesTo\":\"Rule-Obj-Flow\",\"RequestRuleName\":\"pzGFWViewerFooter\"}" => HTTP 200 (40266 bytes)
[PegaHttpClient] 📡 POST https://zdk8budo.pegaacademy.net/prweb/api/CodeIntelligence/v1/rules/query?pxObjClass=Rule-HTML-Section&appliesTo=Rule-Obj-Flow&pyRuleName=pzGFWViewerSidePanel&RequestClass=Rule-HTML-Section&RequestAppliesTo=Rule-Obj-Flow&RequestRuleName=pzGFWViewerSidePanel Payload: "{\"RequestClass\":\"Rule-HTML-Section\",\"RequestAppliesTo\":\"Rule-Obj-Flow\",\"RequestRuleName\":\"pzGFWViewerSidePanel\"}" => HTTP 200 (46827 bytes)
[PegaHttpClient] 📡 POST https://zdk8budo.pegaacademy.net/prweb/api/CodeIntelligence/v1/rules/query?pxObjClass=Rule-HTML-Section&appliesTo=Rule-Obj-Flow&pyRuleName=pzLoadCollaborationScripts&RequestClass=Rule-HTML-Section&RequestAppliesTo=Rule-Obj-Flow&RequestRuleName=pzLoadCollaborationScripts Payload: "{\"RequestClass\":\"Rule-HTML-Section\",\"RequestAppliesTo\":\"Rule-Obj-Flow\",\"RequestRuleName\":\"pzLoadCollaborationScripts\"}" => HTTP 200 (23453 bytes)
[PegaHttpClient] 📡 POST https://zdk8budo.pegaacademy.net/prweb/api/CodeIntelligence/v1/rules/query?pxObjClass=Rule-HTML-Section&appliesTo=Rule-Obj-Flow&pyRuleName=pzDisplayCollaboratorsList&RequestClass=Rule-HTML-Section&RequestAppliesTo=Rule-Obj-Flow&RequestRuleName=pzDisplayCollaboratorsList Payload: "{\"RequestClass\":\"Rule-HTML-Section\",\"RequestAppliesTo\":\"Rule-Obj-Flow\",\"RequestRuleName\":\"pzDisplayCollaboratorsList\"}" => HTTP 200 (105418 bytes)
[PegaHttpClient] 📡 POST https://zdk8budo.pegaacademy.net/prweb/api/CodeIntelligence/v1/rules/query?pxObjClass=Rule-HTML-Section&appliesTo=Rule-Obj-Flow&pyRuleName=pyCollaborator&RequestClass=Rule-HTML-Section&RequestAppliesTo=Rule-Obj-Flow&RequestRuleName=pyCollaborator Payload: "{\"RequestClass\":\"Rule-HTML-Section\",\"RequestAppliesTo\":\"Rule-Obj-Flow\",\"RequestRuleName\":\"pyCollaborator\"}" => HTTP 404 (105 bytes)
[PegaHttpClient] 📡 POST https://zdk8budo.pegaacademy.net/prweb/PRRestService/CodeIntelligence/v1/rules/query?pxObjClass=Rule-HTML-Section&appliesTo=Rule-Obj-Flow&pyRuleName=pyCollaborator&RequestClass=Rule-HTML-Section&RequestAppliesTo=Rule-Obj-Flow&RequestRuleName=pyCollaborator Payload: "{\"RequestClass\":\"Rule-HTML-Section\",\"RequestAppliesTo\":\"Rule-Obj-Flow\",\"RequestRuleName\":\"pyCollaborator\"}" => HTTP 404 (105 bytes)
[PegaHttpClient] 📡 POST https://zdk8budo.pegaacademy.net/prweb/api/HRAppsV2Service/V1/rules/query?pxObjClass=Rule-HTML-Section&appliesTo=Rule-Obj-Flow&pyRuleName=pyCollaborator&RequestClass=Rule-HTML-Section&RequestAppliesTo=Rule-Obj-Flow&RequestRuleName=pyCollaborator Payload: "{\"RequestClass\":\"Rule-HTML-Section\",\"RequestAppliesTo\":\"Rule-Obj-Flow\",\"RequestRuleName\":\"pyCollaborator\"}" => HTTP 404 (18 bytes)
[PegaHttpClient] 📡 POST https://zdk8budo.pegaacademy.net/prweb/PRRestService/HRAppsV2Service/V1/rules/query?pxObjClass=Rule-HTML-Section&appliesTo=Rule-Obj-Flow&pyRuleName=pyCollaborator&RequestClass=Rule-HTML-Section&RequestAppliesTo=Rule-Obj-Flow&RequestRuleName=pyCollaborator Payload: "{\"RequestClass\":\"Rule-HTML-Section\",\"RequestAppliesTo\":\"Rule-Obj-Flow\",\"RequestRuleName\":\"pyCollaborator\"}" => HTTP 404 (18 bytes)
[PegaHttpClient] 📡 POST https://zdk8budo.pegaacademy.net/prweb/api/HRAppsV2/V1/rules/query?pxObjClass=Rule-HTML-Section&appliesTo=Rule-Obj-Flow&pyRuleName=pyCollaborator&RequestClass=Rule-HTML-Section&RequestAppliesTo=Rule-Obj-Flow&RequestRuleName=pyCollaborator Payload: "{\"RequestClass\":\"Rule-HTML-Section\",\"RequestAppliesTo\":\"Rule-Obj-Flow\",\"RequestRuleName\":\"pyCollaborator\"}" => HTTP 404 (18 bytes)
[PegaHttpClient] 📡 POST https://zdk8budo.pegaacademy.net/prweb/PRRestService/HRAppsV2/V1/rules/query?pxObjClass=Rule-HTML-Section&appliesTo=Rule-Obj-Flow&pyRuleName=pyCollaborator&RequestClass=Rule-HTML-Section&RequestAppliesTo=Rule-Obj-Flow&RequestRuleName=pyCollaborator Payload: "{\"RequestClass\":\"Rule-HTML-Section\",\"RequestAppliesTo\":\"Rule-Obj-Flow\",\"RequestRuleName\":\"pyCollaborator\"}" => HTTP 404 (18 bytes)
[PegaHttpClient] 📡 POST https://zdk8budo.pegaacademy.net/prweb/api/v1/rules/query?pxObjClass=Rule-HTML-Section&appliesTo=Rule-Obj-Flow&pyRuleName=pyCollaborator&RequestClass=Rule-HTML-Section&RequestAppliesTo=Rule-Obj-Flow&RequestRuleName=pyCollaborator Payload: "{\"RequestClass\":\"Rule-HTML-Section\",\"RequestAppliesTo\":\"Rule-Obj-Flow\",\"RequestRuleName\":\"pyCollaborator\"}" => HTTP 404 (18 bytes)
[PegaHttpClient] 📡 POST https://zdk8budo.pegaacademy.net/prweb/PRRestService/v1/rules/query?pxObjClass=Rule-HTML-Section&appliesTo=Rule-Obj-Flow&pyRuleName=pyCollaborator&RequestClass=Rule-HTML-Section&RequestAppliesTo=Rule-Obj-Flow&RequestRuleName=pyCollaborator Payload: "{\"RequestClass\":\"Rule-HTML-Section\",\"RequestAppliesTo\":\"Rule-Obj-Flow\",\"RequestRuleName\":\"pyCollaborator\"}" => HTTP 404 (18 bytes)
[PegaHttpClient] 📡 POST https://zdk8budo.pegaacademy.net/prweb/api/CodeIntelligence/v1/rules/query?pxObjClass=Rule-HTML-Section&appliesTo=Rule-Obj-Flow&pyRuleName=pzDisplayPartialCount&RequestClass=Rule-HTML-Section&RequestAppliesTo=Rule-Obj-Flow&RequestRuleName=pzDisplayPartialCount Payload: "{\"RequestClass\":\"Rule-HTML-Section\",\"RequestAppliesTo\":\"Rule-Obj-Flow\",\"RequestRuleName\":\"pzDisplayPartialCount\"}" => HTTP 404 (112 bytes)
[PegaHttpClient] 📡 POST https://zdk8budo.pegaacademy.net/prweb/PRRestService/CodeIntelligence/v1/rules/query?pxObjClass=Rule-HTML-Section&appliesTo=Rule-Obj-Flow&pyRuleName=pzDisplayPartialCount&RequestClass=Rule-HTML-Section&RequestAppliesTo=Rule-Obj-Flow&RequestRuleName=pzDisplayPartialCount Payload: "{\"RequestClass\":\"Rule-HTML-Section\",\"RequestAppliesTo\":\"Rule-Obj-Flow\",\"RequestRuleName\":\"pzDisplayPartialCount\"}" => HTTP 404 (112 bytes)
[PegaHttpClient] 📡 POST https://zdk8budo.pegaacademy.net/prweb/api/HRAppsV2Service/V1/rules/query?pxObjClass=Rule-HTML-Section&appliesTo=Rule-Obj-Flow&pyRuleName=pzDisplayPartialCount&RequestClass=Rule-HTML-Section&RequestAppliesTo=Rule-Obj-Flow&RequestRuleName=pzDisplayPartialCount Payload: "{\"RequestClass\":\"Rule-HTML-Section\",\"RequestAppliesTo\":\"Rule-Obj-Flow\",\"RequestRuleName\":\"pzDisplayPartialCount\"}" => HTTP 404 (18 bytes)
[PegaHttpClient] 📡 POST https://zdk8budo.pegaacademy.net/prweb/PRRestService/HRAppsV2Service/V1/rules/query?pxObjClass=Rule-HTML-Section&appliesTo=Rule-Obj-Flow&pyRuleName=pzDisplayPartialCount&RequestClass=Rule-HTML-Section&RequestAppliesTo=Rule-Obj-Flow&RequestRuleName=pzDisplayPartialCount Payload: "{\"RequestClass\":\"Rule-HTML-Section\",\"RequestAppliesTo\":\"Rule-Obj-Flow\",\"RequestRuleName\":\"pzDisplayPartialCount\"}" => HTTP 404 (18 bytes)
[PegaHttpClient] 📡 POST https://zdk8budo.pegaacademy.net/prweb/api/HRAppsV2/V1/rules/query?pxObjClass=Rule-HTML-Section&appliesTo=Rule-Obj-Flow&pyRuleName=pzDisplayPartialCount&RequestClass=Rule-HTML-Section&RequestAppliesTo=Rule-Obj-Flow&RequestRuleName=pzDisplayPartialCount Payload: "{\"RequestClass\":\"Rule-HTML-Section\",\"RequestAppliesTo\":\"Rule-Obj-Flow\",\"RequestRuleName\":\"pzDisplayPartialCount\"}" => HTTP 404 (18 bytes)
[PegaHttpClient] 📡 POST https://zdk8budo.pegaacademy.net/prweb/PRRestService/HRAppsV2/V1/rules/query?pxObjClass=Rule-HTML-Section&appliesTo=Rule-Obj-Flow&pyRuleName=pzDisplayPartialCount&RequestClass=Rule-HTML-Section&RequestAppliesTo=Rule-Obj-Flow&RequestRuleName=pzDisplayPartialCount Payload: "{\"RequestClass\":\"Rule-HTML-Section\",\"RequestAppliesTo\":\"Rule-Obj-Flow\",\"RequestRuleName\":\"pzDisplayPartialCount\"}" => HTTP 404 (18 bytes)
[PegaHttpClient] 📡 POST https://zdk8budo.pegaacademy.net/prweb/api/v1/rules/query?pxObjClass=Rule-HTML-Section&appliesTo=Rule-Obj-Flow&pyRuleName=pzDisplayPartialCount&RequestClass=Rule-HTML-Section&RequestAppliesTo=Rule-Obj-Flow&RequestRuleName=pzDisplayPartialCount Payload: "{\"RequestClass\":\"Rule-HTML-Section\",\"RequestAppliesTo\":\"Rule-Obj-Flow\",\"RequestRuleName\":\"pzDisplayPartialCount\"}" => HTTP 404 (18 bytes)
[PegaHttpClient] 📡 POST https://zdk8budo.pegaacademy.net/prweb/PRRestService/v1/rules/query?pxObjClass=Rule-HTML-Section&appliesTo=Rule-Obj-Flow&pyRuleName=pzDisplayPartialCount&RequestClass=Rule-HTML-Section&RequestAppliesTo=Rule-Obj-Flow&RequestRuleName=pzDisplayPartialCount Payload: "{\"RequestClass\":\"Rule-HTML-Section\",\"RequestAppliesTo\":\"Rule-Obj-Flow\",\"RequestRuleName\":\"pzDisplayPartialCount\"}" => HTTP 404 (18 bytes)
[SchemaGen] ✅ Schema written for Rule-Obj-Flow
[PegaHttpClient] 📡 GET https://zdk8budo.pegaacademy.net/prweb/api/CodeIntelligence/v1/rules/RULE-HTML-HARNESS%20RULE-SECURITYVA-REGEX%20RULEFORM%20%2320180713T142332.097%20GMT => HTTP 200 (41386 bytes)
[PegaHttpClient] 📡 POST https://zdk8budo.pegaacademy.net/prweb/api/CodeIntelligence/v1/rules/query?pxObjClass=Rule-HTML-Section&appliesTo=Rule-SecurityVA-Regex&pyRuleName=RuleFormMain&RequestClass=Rule-HTML-Section&RequestAppliesTo=Rule-SecurityVA-Regex&RequestRuleName=RuleFormMain Payload: "{\"RequestClass\":\"Rule-HTML-Section\",\"RequestAppliesTo\":\"Rule-SecurityVA-Regex\",\"RequestRuleName\":\"RuleFormMain\"}" => HTTP 200 (156234 bytes)
[PegaHttpClient] 📡 POST https://zdk8budo.pegaacademy.net/prweb/api/CodeIntelligence/v1/rules/query?pxObjClass=Rule-HTML-Section&appliesTo=Rule-SecurityVA-Regex&pyRuleName=pxAlternateRuleForm&RequestClass=Rule-HTML-Section&RequestAppliesTo=Rule-SecurityVA-Regex&RequestRuleName=pxAlternateRuleForm Payload: "{\"RequestClass\":\"Rule-HTML-Section\",\"RequestAppliesTo\":\"Rule-SecurityVA-Regex\",\"RequestRuleName\":\"pxAlternateRuleForm\"}" => HTTP 200 (66153 bytes)
[PegaHttpClient] 📡 POST https://zdk8budo.pegaacademy.net/prweb/api/CodeIntelligence/v1/rules/query?pxObjClass=Rule-HTML-Section&appliesTo=Rule-SecurityVA-Regex&pyRuleName=pzRuleFormScripts&RequestClass=Rule-HTML-Section&RequestAppliesTo=Rule-SecurityVA-Regex&RequestRuleName=pzRuleFormScripts Payload: "{\"RequestClass\":\"Rule-HTML-Section\",\"RequestAppliesTo\":\"Rule-SecurityVA-Regex\",\"RequestRuleName\":\"pzRuleFormScripts\"}" => HTTP 200 (40822 bytes)
[PegaHttpClient] 📡 POST https://zdk8budo.pegaacademy.net/prweb/api/CodeIntelligence/v1/rules/query?pxObjClass=Rule-HTML-Section&appliesTo=Rule-SecurityVA-Regex&pyRuleName=pzRuleFormLayoutDelegated&RequestClass=Rule-HTML-Section&RequestAppliesTo=Rule-SecurityVA-Regex&RequestRuleName=pzRuleFormLayoutDelegated Payload: "{\"RequestClass\":\"Rule-HTML-Section\",\"RequestAppliesTo\":\"Rule-SecurityVA-Regex\",\"RequestRuleName\":\"pzRuleFormLayoutDelegated\"}" => HTTP 200 (70998 bytes)
[PegaHttpClient] 📡 POST https://zdk8budo.pegaacademy.net/prweb/api/CodeIntelligence/v1/rules/query?pxObjClass=Rule-HTML-Section&appliesTo=Rule-SecurityVA-Regex&pyRuleName=RuleFormLayout&RequestClass=Rule-HTML-Section&RequestAppliesTo=Rule-SecurityVA-Regex&RequestRuleName=RuleFormLayout Payload: "{\"RequestClass\":\"Rule-HTML-Section\",\"RequestAppliesTo\":\"Rule-SecurityVA-Regex\",\"RequestRuleName\":\"RuleFormLayout\"}" => HTTP 200 (63791 bytes)
[PegaHttpClient] 📡 POST https://zdk8budo.pegaacademy.net/prweb/api/CodeIntelligence/v1/rules/query?pxObjClass=Rule-HTML-Section&appliesTo=Rule-SecurityVA-Regex&pyRuleName=RuleFormSettings&RequestClass=Rule-HTML-Section&RequestAppliesTo=Rule-SecurityVA-Regex&RequestRuleName=RuleFormSettings Payload: "{\"RequestClass\":\"Rule-HTML-Section\",\"RequestAppliesTo\":\"Rule-SecurityVA-Regex\",\"RequestRuleName\":\"RuleFormSettings\"}" => HTTP 200 (20540 bytes)
[PegaHttpClient] 📡 POST https://zdk8budo.pegaacademy.net/prweb/api/CodeIntelligence/v1/rules/query?pxObjClass=Rule-HTML-Section&appliesTo=Rule-SecurityVA-Regex&pyRuleName=OpenAuthoring&RequestClass=Rule-HTML-Section&RequestAppliesTo=Rule-SecurityVA-Regex&RequestRuleName=OpenAuthoring Payload: "{\"RequestClass\":\"Rule-HTML-Section\",\"RequestAppliesTo\":\"Rule-SecurityVA-Regex\",\"RequestRuleName\":\"OpenAuthoring\"}" => HTTP 200 (23695 bytes)
[PegaHttpClient] 📡 POST https://zdk8budo.pegaacademy.net/prweb/api/CodeIntelligence/v1/rules/query?pxObjClass=Rule-HTML-Section&appliesTo=Rule-SecurityVA-Regex&pyRuleName=pyCustomHelp&RequestClass=Rule-HTML-Section&RequestAppliesTo=Rule-SecurityVA-Regex&RequestRuleName=pyCustomHelp Payload: "{\"RequestClass\":\"Rule-HTML-Section\",\"RequestAppliesTo\":\"Rule-SecurityVA-Regex\",\"RequestRuleName\":\"pyCustomHelp\"}" => HTTP 200 (17256 bytes)
[PegaHttpClient] 📡 POST https://zdk8budo.pegaacademy.net/prweb/api/CodeIntelligence/v1/rules/query?pxObjClass=Rule-HTML-Section&appliesTo=Rule-SecurityVA-Regex&pyRuleName=pzRuleformMainInclude&RequestClass=Rule-HTML-Section&RequestAppliesTo=Rule-SecurityVA-Regex&RequestRuleName=pzRuleformMainInclude Payload: "{\"RequestClass\":\"Rule-HTML-Section\",\"RequestAppliesTo\":\"Rule-SecurityVA-Regex\",\"RequestRuleName\":\"pzRuleformMainInclude\"}" => HTTP 200 (22375 bytes)
[PegaHttpClient] 📡 POST https://zdk8budo.pegaacademy.net/prweb/api/CodeIntelligence/v1/rules/query?pxObjClass=Rule-HTML-Section&appliesTo=Rule-SecurityVA-Regex&pyRuleName=pyAlternativeRuleFormStrategicAppExtension&RequestClass=Rule-HTML-Section&RequestAppliesTo=Rule-SecurityVA-Regex&RequestRuleName=pyAlternativeRuleFormStrategicAppExtension Payload: "{\"RequestClass\":\"Rule-HTML-Section\",\"RequestAppliesTo\":\"Rule-SecurityVA-Regex\",\"RequestRuleName\":\"pyAlternativeRuleFormStrategicAppExtension\"}" => HTTP 200 (25042 bytes)
[PegaHttpClient] 📡 POST https://zdk8budo.pegaacademy.net/prweb/api/CodeIntelligence/v1/rules/query?pxObjClass=Rule-HTML-Section&appliesTo=Rule-SecurityVA-Regex&pyRuleName=pyAlternativeRuleFormExtension&RequestClass=Rule-HTML-Section&RequestAppliesTo=Rule-SecurityVA-Regex&RequestRuleName=pyAlternativeRuleFormExtension Payload: "{\"RequestClass\":\"Rule-HTML-Section\",\"RequestAppliesTo\":\"Rule-SecurityVA-Regex\",\"RequestRuleName\":\"pyAlternativeRuleFormExtension\"}" => HTTP 200 (24863 bytes)
[PegaHttpClient] 📡 POST https://zdk8budo.pegaacademy.net/prweb/api/CodeIntelligence/v1/rules/query?pxObjClass=Rule-HTML-Section&appliesTo=Rule-SecurityVA-Regex&pyRuleName=RuleFormHeader&RequestClass=Rule-HTML-Section&RequestAppliesTo=Rule-SecurityVA-Regex&RequestRuleName=RuleFormHeader Payload: "{\"RequestClass\":\"Rule-HTML-Section\",\"RequestAppliesTo\":\"Rule-SecurityVA-Regex\",\"RequestRuleName\":\"RuleFormHeader\"}" => HTTP 200 (183800 bytes)
[PegaHttpClient] 📡 POST https://zdk8budo.pegaacademy.net/prweb/api/CodeIntelligence/v1/rules/query?pxObjClass=Rule-HTML-Section&appliesTo=Rule-SecurityVA-Regex&pyRuleName=pzDelegationExperience&RequestClass=Rule-HTML-Section&RequestAppliesTo=Rule-SecurityVA-Regex&RequestRuleName=pzDelegationExperience Payload: "{\"RequestClass\":\"Rule-HTML-Section\",\"RequestAppliesTo\":\"Rule-SecurityVA-Regex\",\"RequestRuleName\":\"pzDelegationExperience\"}" => HTTP 404 (121 bytes)
[PegaHttpClient] 📡 POST https://zdk8budo.pegaacademy.net/prweb/PRRestService/CodeIntelligence/v1/rules/query?pxObjClass=Rule-HTML-Section&appliesTo=Rule-SecurityVA-Regex&pyRuleName=pzDelegationExperience&RequestClass=Rule-HTML-Section&RequestAppliesTo=Rule-SecurityVA-Regex&RequestRuleName=pzDelegationExperience Payload: "{\"RequestClass\":\"Rule-HTML-Section\",\"RequestAppliesTo\":\"Rule-SecurityVA-Regex\",\"RequestRuleName\":\"pzDelegationExperience\"}" => HTTP 404 (121 bytes)
[PegaHttpClient] 📡 POST https://zdk8budo.pegaacademy.net/prweb/api/HRAppsV2Service/V1/rules/query?pxObjClass=Rule-HTML-Section&appliesTo=Rule-SecurityVA-Regex&pyRuleName=pzDelegationExperience&RequestClass=Rule-HTML-Section&RequestAppliesTo=Rule-SecurityVA-Regex&RequestRuleName=pzDelegationExperience Payload: "{\"RequestClass\":\"Rule-HTML-Section\",\"RequestAppliesTo\":\"Rule-SecurityVA-Regex\",\"RequestRuleName\":\"pzDelegationExperience\"}" => HTTP 404 (18 bytes)
[PegaHttpClient] 📡 POST https://zdk8budo.pegaacademy.net/prweb/PRRestService/HRAppsV2Service/V1/rules/query?pxObjClass=Rule-HTML-Section&appliesTo=Rule-SecurityVA-Regex&pyRuleName=pzDelegationExperience&RequestClass=Rule-HTML-Section&RequestAppliesTo=Rule-SecurityVA-Regex&RequestRuleName=pzDelegationExperience Payload: "{\"RequestClass\":\"Rule-HTML-Section\",\"RequestAppliesTo\":\"Rule-SecurityVA-Regex\",\"RequestRuleName\":\"pzDelegationExperience\"}" => HTTP 404 (18 bytes)
[PegaHttpClient] 📡 POST https://zdk8budo.pegaacademy.net/prweb/api/HRAppsV2/V1/rules/query?pxObjClass=Rule-HTML-Section&appliesTo=Rule-SecurityVA-Regex&pyRuleName=pzDelegationExperience&RequestClass=Rule-HTML-Section&RequestAppliesTo=Rule-SecurityVA-Regex&RequestRuleName=pzDelegationExperience Payload: "{\"RequestClass\":\"Rule-HTML-Section\",\"RequestAppliesTo\":\"Rule-SecurityVA-Regex\",\"RequestRuleName\":\"pzDelegationExperience\"}" => HTTP 404 (18 bytes)
[PegaHttpClient] 📡 POST https://zdk8budo.pegaacademy.net/prweb/PRRestService/HRAppsV2/V1/rules/query?pxObjClass=Rule-HTML-Section&appliesTo=Rule-SecurityVA-Regex&pyRuleName=pzDelegationExperience&RequestClass=Rule-HTML-Section&RequestAppliesTo=Rule-SecurityVA-Regex&RequestRuleName=pzDelegationExperience Payload: "{\"RequestClass\":\"Rule-HTML-Section\",\"RequestAppliesTo\":\"Rule-SecurityVA-Regex\",\"RequestRuleName\":\"pzDelegationExperience\"}" => HTTP 404 (18 bytes)
[PegaHttpClient] 📡 POST https://zdk8budo.pegaacademy.net/prweb/api/v1/rules/query?pxObjClass=Rule-HTML-Section&appliesTo=Rule-SecurityVA-Regex&pyRuleName=pzDelegationExperience&RequestClass=Rule-HTML-Section&RequestAppliesTo=Rule-SecurityVA-Regex&RequestRuleName=pzDelegationExperience Payload: "{\"RequestClass\":\"Rule-HTML-Section\",\"RequestAppliesTo\":\"Rule-SecurityVA-Regex\",\"RequestRuleName\":\"pzDelegationExperience\"}" => HTTP 404 (18 bytes)
[PegaHttpClient] 📡 POST https://zdk8budo.pegaacademy.net/prweb/PRRestService/v1/rules/query?pxObjClass=Rule-HTML-Section&appliesTo=Rule-SecurityVA-Regex&pyRuleName=pzDelegationExperience&RequestClass=Rule-HTML-Section&RequestAppliesTo=Rule-SecurityVA-Regex&RequestRuleName=pzDelegationExperience Payload: "{\"RequestClass\":\"Rule-HTML-Section\",\"RequestAppliesTo\":\"Rule-SecurityVA-Regex\",\"RequestRuleName\":\"pzDelegationExperience\"}" => HTTP 404 (18 bytes)
[PegaHttpClient] 📡 POST https://zdk8budo.pegaacademy.net/prweb/api/CodeIntelligence/v1/rules/query?pxObjClass=Rule-HTML-Section&appliesTo=Rule-SecurityVA-Regex&pyRuleName=pzSpecifications&RequestClass=Rule-HTML-Section&RequestAppliesTo=Rule-SecurityVA-Regex&RequestRuleName=pzSpecifications Payload: "{\"RequestClass\":\"Rule-HTML-Section\",\"RequestAppliesTo\":\"Rule-SecurityVA-Regex\",\"RequestRuleName\":\"pzSpecifications\"}" => HTTP 200 (16577 bytes)
[PegaHttpClient] 📡 POST https://zdk8budo.pegaacademy.net/prweb/api/CodeIntelligence/v1/rules/query?pxObjClass=Rule-HTML-Section&appliesTo=Rule-SecurityVA-Regex&pyRuleName=RuleFormHistory&RequestClass=Rule-HTML-Section&RequestAppliesTo=Rule-SecurityVA-Regex&RequestRuleName=RuleFormHistory Payload: "{\"RequestClass\":\"Rule-HTML-Section\",\"RequestAppliesTo\":\"Rule-SecurityVA-Regex\",\"RequestRuleName\":\"RuleFormHistory\"}" => HTTP 200 (76091 bytes)
[PegaHttpClient] 📡 POST https://zdk8budo.pegaacademy.net/prweb/api/CodeIntelligence/v1/rules/query?pxObjClass=Rule-HTML-Section&appliesTo=Rule-SecurityVA-Regex&pyRuleName=pzCustomHelp&RequestClass=Rule-HTML-Section&RequestAppliesTo=Rule-SecurityVA-Regex&RequestRuleName=pzCustomHelp Payload: "{\"RequestClass\":\"Rule-HTML-Section\",\"RequestAppliesTo\":\"Rule-SecurityVA-Regex\",\"RequestRuleName\":\"pzCustomHelp\"}" => HTTP 200 (31573 bytes)
[PegaHttpClient] 📡 POST https://zdk8budo.pegaacademy.net/prweb/api/CodeIntelligence/v1/rules/query?pxObjClass=Rule-HTML-Section&appliesTo=Rule-SecurityVA-Regex&pyRuleName=pzRuleFormKeysAndDescription&RequestClass=Rule-HTML-Section&RequestAppliesTo=Rule-SecurityVA-Regex&RequestRuleName=pzRuleFormKeysAndDescription Payload: "{\"RequestClass\":\"Rule-HTML-Section\",\"RequestAppliesTo\":\"Rule-SecurityVA-Regex\",\"RequestRuleName\":\"pzRuleFormKeysAndDescription\"}" => HTTP 200 (218057 bytes)
[PegaHttpClient] 📡 POST https://zdk8budo.pegaacademy.net/prweb/api/CodeIntelligence/v1/rules/query?pxObjClass=Rule-HTML-Section&appliesTo=Rule-SecurityVA-Regex&pyRuleName=pzRuleFormRuleset&RequestClass=Rule-HTML-Section&RequestAppliesTo=Rule-SecurityVA-Regex&RequestRuleName=pzRuleFormRuleset Payload: "{\"RequestClass\":\"Rule-HTML-Section\",\"RequestAppliesTo\":\"Rule-SecurityVA-Regex\",\"RequestRuleName\":\"pzRuleFormRuleset\"}" => HTTP 200 (33985 bytes)
[PegaHttpClient] 📡 POST https://zdk8budo.pegaacademy.net/prweb/api/CodeIntelligence/v1/rules/query?pxObjClass=Rule-HTML-Section&appliesTo=Rule-SecurityVA-Regex&pyRuleName=undefined&RequestClass=Rule-HTML-Section&RequestAppliesTo=Rule-SecurityVA-Regex&RequestRuleName=undefined Payload: "{\"RequestClass\":\"Rule-HTML-Section\",\"RequestAppliesTo\":\"Rule-SecurityVA-Regex\",\"RequestRuleName\":\"undefined\"}" => HTTP 404 (108 bytes)
[PegaHttpClient] 📡 POST https://zdk8budo.pegaacademy.net/prweb/PRRestService/CodeIntelligence/v1/rules/query?pxObjClass=Rule-HTML-Section&appliesTo=Rule-SecurityVA-Regex&pyRuleName=undefined&RequestClass=Rule-HTML-Section&RequestAppliesTo=Rule-SecurityVA-Regex&RequestRuleName=undefined Payload: "{\"RequestClass\":\"Rule-HTML-Section\",\"RequestAppliesTo\":\"Rule-SecurityVA-Regex\",\"RequestRuleName\":\"undefined\"}" => HTTP 404 (108 bytes)
[PegaHttpClient] 📡 POST https://zdk8budo.pegaacademy.net/prweb/api/HRAppsV2Service/V1/rules/query?pxObjClass=Rule-HTML-Section&appliesTo=Rule-SecurityVA-Regex&pyRuleName=undefined&RequestClass=Rule-HTML-Section&RequestAppliesTo=Rule-SecurityVA-Regex&RequestRuleName=undefined Payload: "{\"RequestClass\":\"Rule-HTML-Section\",\"RequestAppliesTo\":\"Rule-SecurityVA-Regex\",\"RequestRuleName\":\"undefined\"}" => HTTP 404 (18 bytes)
[PegaHttpClient] 📡 POST https://zdk8budo.pegaacademy.net/prweb/PRRestService/HRAppsV2Service/V1/rules/query?pxObjClass=Rule-HTML-Section&appliesTo=Rule-SecurityVA-Regex&pyRuleName=undefined&RequestClass=Rule-HTML-Section&RequestAppliesTo=Rule-SecurityVA-Regex&RequestRuleName=undefined Payload: "{\"RequestClass\":\"Rule-HTML-Section\",\"RequestAppliesTo\":\"Rule-SecurityVA-Regex\",\"RequestRuleName\":\"undefined\"}" => HTTP 404 (18 bytes)
[PegaHttpClient] 📡 POST https://zdk8budo.pegaacademy.net/prweb/api/HRAppsV2/V1/rules/query?pxObjClass=Rule-HTML-Section&appliesTo=Rule-SecurityVA-Regex&pyRuleName=undefined&RequestClass=Rule-HTML-Section&RequestAppliesTo=Rule-SecurityVA-Regex&RequestRuleName=undefined Payload: "{\"RequestClass\":\"Rule-HTML-Section\",\"RequestAppliesTo\":\"Rule-SecurityVA-Regex\",\"RequestRuleName\":\"undefined\"}" => HTTP 404 (18 bytes)
[PegaHttpClient] 📡 POST https://zdk8budo.pegaacademy.net/prweb/PRRestService/HRAppsV2/V1/rules/query?pxObjClass=Rule-HTML-Section&appliesTo=Rule-SecurityVA-Regex&pyRuleName=undefined&RequestClass=Rule-HTML-Section&RequestAppliesTo=Rule-SecurityVA-Regex&RequestRuleName=undefined Payload: "{\"RequestClass\":\"Rule-HTML-Section\",\"RequestAppliesTo\":\"Rule-SecurityVA-Regex\",\"RequestRuleName\":\"undefined\"}" => HTTP 404 (18 bytes)
[PegaHttpClient] 📡 POST https://zdk8budo.pegaacademy.net/prweb/api/v1/rules/query?pxObjClass=Rule-HTML-Section&appliesTo=Rule-SecurityVA-Regex&pyRuleName=undefined&RequestClass=Rule-HTML-Section&RequestAppliesTo=Rule-SecurityVA-Regex&RequestRuleName=undefined Payload: "{\"RequestClass\":\"Rule-HTML-Section\",\"RequestAppliesTo\":\"Rule-SecurityVA-Regex\",\"RequestRuleName\":\"undefined\"}" => HTTP 404 (18 bytes)
[PegaHttpClient] 📡 POST https://zdk8budo.pegaacademy.net/prweb/PRRestService/v1/rules/query?pxObjClass=Rule-HTML-Section&appliesTo=Rule-SecurityVA-Regex&pyRuleName=undefined&RequestClass=Rule-HTML-Section&RequestAppliesTo=Rule-SecurityVA-Regex&RequestRuleName=undefined Payload: "{\"RequestClass\":\"Rule-HTML-Section\",\"RequestAppliesTo\":\"Rule-SecurityVA-Regex\",\"RequestRuleName\":\"undefined\"}" => HTTP 404 (18 bytes)
[PegaHttpClient] 📡 POST https://zdk8budo.pegaacademy.net/prweb/api/CodeIntelligence/v1/rules/query?pxObjClass=Rule-HTML-Section&appliesTo=Rule-SecurityVA-Regex&pyRuleName=pzRuleFormToolbar&RequestClass=Rule-HTML-Section&RequestAppliesTo=Rule-SecurityVA-Regex&RequestRuleName=pzRuleFormToolbar Payload: "{\"RequestClass\":\"Rule-HTML-Section\",\"RequestAppliesTo\":\"Rule-SecurityVA-Regex\",\"RequestRuleName\":\"pzRuleFormToolbar\"}" => HTTP 200 (242691 bytes)
[PegaHttpClient] 📡 POST https://zdk8budo.pegaacademy.net/prweb/api/CodeIntelligence/v1/rules/query?pxObjClass=Rule-HTML-Section&appliesTo=Rule-SecurityVA-Regex&pyRuleName=pzRuleFormToolbarCompare&RequestClass=Rule-HTML-Section&RequestAppliesTo=Rule-SecurityVA-Regex&RequestRuleName=pzRuleFormToolbarCompare Payload: "{\"RequestClass\":\"Rule-HTML-Section\",\"RequestAppliesTo\":\"Rule-SecurityVA-Regex\",\"RequestRuleName\":\"pzRuleFormToolbarCompare\"}" => HTTP 200 (61925 bytes)
[PegaHttpClient] 📡 POST https://zdk8budo.pegaacademy.net/prweb/api/CodeIntelligence/v1/rules/query?pxObjClass=Rule-HTML-Section&appliesTo=Rule-SecurityVA-Regex&pyRuleName=RuleFormHeaderMessages&RequestClass=Rule-HTML-Section&RequestAppliesTo=Rule-SecurityVA-Regex&RequestRuleName=RuleFormHeaderMessages Payload: "{\"RequestClass\":\"Rule-HTML-Section\",\"RequestAppliesTo\":\"Rule-SecurityVA-Regex\",\"RequestRuleName\":\"RuleFormHeaderMessages\"}" => HTTP 200 (26518 bytes)
[PegaHttpClient] 📡 POST https://zdk8budo.pegaacademy.net/prweb/api/CodeIntelligence/v1/rules/query?pxObjClass=Rule-HTML-Section&appliesTo=Rule-SecurityVA-Regex&pyRuleName=pzSpecificationsInner&RequestClass=Rule-HTML-Section&RequestAppliesTo=Rule-SecurityVA-Regex&RequestRuleName=pzSpecificationsInner Payload: "{\"RequestClass\":\"Rule-HTML-Section\",\"RequestAppliesTo\":\"Rule-SecurityVA-Regex\",\"RequestRuleName\":\"pzSpecificationsInner\"}" => HTTP 200 (142370 bytes)
[PegaHttpClient] 📡 POST https://zdk8budo.pegaacademy.net/prweb/api/CodeIntelligence/v1/rules/query?pxObjClass=Rule-HTML-Section&appliesTo=Rule-SecurityVA-Regex&pyRuleName=pzAlternateRuleInfo&RequestClass=Rule-HTML-Section&RequestAppliesTo=Rule-SecurityVA-Regex&RequestRuleName=pzAlternateRuleInfo Payload: "{\"RequestClass\":\"Rule-HTML-Section\",\"RequestAppliesTo\":\"Rule-SecurityVA-Regex\",\"RequestRuleName\":\"pzAlternateRuleInfo\"}" => HTTP 200 (140407 bytes)
[PegaHttpClient] 📡 POST https://zdk8budo.pegaacademy.net/prweb/api/CodeIntelligence/v1/rules/query?pxObjClass=Rule-HTML-Section&appliesTo=Rule-SecurityVA-Regex&pyRuleName=RuleFormHistory_Description&RequestClass=Rule-HTML-Section&RequestAppliesTo=Rule-SecurityVA-Regex&RequestRuleName=RuleFormHistory_Description Payload: "{\"RequestClass\":\"Rule-HTML-Section\",\"RequestAppliesTo\":\"Rule-SecurityVA-Regex\",\"RequestRuleName\":\"RuleFormHistory_Description\"}" => HTTP 200 (46242 bytes)
[PegaHttpClient] 📡 POST https://zdk8budo.pegaacademy.net/prweb/api/CodeIntelligence/v1/rules/query?pxObjClass=Rule-HTML-Section&appliesTo=Rule-SecurityVA-Regex&pyRuleName=RuleFormHistory_CustomFields&RequestClass=Rule-HTML-Section&RequestAppliesTo=Rule-SecurityVA-Regex&RequestRuleName=RuleFormHistory_CustomFields Payload: "{\"RequestClass\":\"Rule-HTML-Section\",\"RequestAppliesTo\":\"Rule-SecurityVA-Regex\",\"RequestRuleName\":\"RuleFormHistory_CustomFields\"}" => HTTP 200 (75856 bytes)
[PegaHttpClient] 📡 POST https://zdk8budo.pegaacademy.net/prweb/api/CodeIntelligence/v1/rules/query?pxObjClass=Rule-HTML-Section&appliesTo=Rule-SecurityVA-Regex&pyRuleName=RuleFormHistory_HistoryDetails&RequestClass=Rule-HTML-Section&RequestAppliesTo=Rule-SecurityVA-Regex&RequestRuleName=RuleFormHistory_HistoryDetails Payload: "{\"RequestClass\":\"Rule-HTML-Section\",\"RequestAppliesTo\":\"Rule-SecurityVA-Regex\",\"RequestRuleName\":\"RuleFormHistory_HistoryDetails\"}" => HTTP 200 (179535 bytes)
[PegaHttpClient] 📡 POST https://zdk8budo.pegaacademy.net/prweb/api/CodeIntelligence/v1/rules/query?pxObjClass=Rule-HTML-Section&appliesTo=Rule-SecurityVA-Regex&pyRuleName=pzRuleFormStatus&RequestClass=Rule-HTML-Section&RequestAppliesTo=Rule-SecurityVA-Regex&RequestRuleName=pzRuleFormStatus Payload: "{\"RequestClass\":\"Rule-HTML-Section\",\"RequestAppliesTo\":\"Rule-SecurityVA-Regex\",\"RequestRuleName\":\"pzRuleFormStatus\"}" => HTTP 200 (97627 bytes)
[PegaHttpClient] 📡 POST https://zdk8budo.pegaacademy.net/prweb/api/CodeIntelligence/v1/rules/query?pxObjClass=Rule-HTML-Section&appliesTo=Rule-SecurityVA-Regex&pyRuleName=pzRuleFormHeaderCompareWithDropDown&RequestClass=Rule-HTML-Section&RequestAppliesTo=Rule-SecurityVA-Regex&RequestRuleName=pzRuleFormHeaderCompareWithDropDown Payload: "{\"RequestClass\":\"Rule-HTML-Section\",\"RequestAppliesTo\":\"Rule-SecurityVA-Regex\",\"RequestRuleName\":\"pzRuleFormHeaderCompareWithDropDown\"}" => HTTP 200 (25396 bytes)
[PegaHttpClient] 📡 POST https://zdk8budo.pegaacademy.net/prweb/api/CodeIntelligence/v1/rules/query?pxObjClass=Rule-HTML-Section&appliesTo=Rule-SecurityVA-Regex&pyRuleName=undefined&RequestClass=Rule-HTML-Section&RequestAppliesTo=Rule-SecurityVA-Regex&RequestRuleName=undefined Payload: "{\"RequestClass\":\"Rule-HTML-Section\",\"RequestAppliesTo\":\"Rule-SecurityVA-Regex\",\"RequestRuleName\":\"undefined\"}" => HTTP 404 (108 bytes)
[PegaHttpClient] 📡 POST https://zdk8budo.pegaacademy.net/prweb/PRRestService/CodeIntelligence/v1/rules/query?pxObjClass=Rule-HTML-Section&appliesTo=Rule-SecurityVA-Regex&pyRuleName=undefined&RequestClass=Rule-HTML-Section&RequestAppliesTo=Rule-SecurityVA-Regex&RequestRuleName=undefined Payload: "{\"RequestClass\":\"Rule-HTML-Section\",\"RequestAppliesTo\":\"Rule-SecurityVA-Regex\",\"RequestRuleName\":\"undefined\"}" => HTTP 404 (108 bytes)
[PegaHttpClient] 📡 POST https://zdk8budo.pegaacademy.net/prweb/api/HRAppsV2Service/V1/rules/query?pxObjClass=Rule-HTML-Section&appliesTo=Rule-SecurityVA-Regex&pyRuleName=undefined&RequestClass=Rule-HTML-Section&RequestAppliesTo=Rule-SecurityVA-Regex&RequestRuleName=undefined Payload: "{\"RequestClass\":\"Rule-HTML-Section\",\"RequestAppliesTo\":\"Rule-SecurityVA-Regex\",\"RequestRuleName\":\"undefined\"}" => HTTP 404 (18 bytes)
[PegaHttpClient] 📡 POST https://zdk8budo.pegaacademy.net/prweb/PRRestService/HRAppsV2Service/V1/rules/query?pxObjClass=Rule-HTML-Section&appliesTo=Rule-SecurityVA-Regex&pyRuleName=undefined&RequestClass=Rule-HTML-Section&RequestAppliesTo=Rule-SecurityVA-Regex&RequestRuleName=undefined Payload: "{\"RequestClass\":\"Rule-HTML-Section\",\"RequestAppliesTo\":\"Rule-SecurityVA-Regex\",\"RequestRuleName\":\"undefined\"}" => HTTP 404 (18 bytes)
[PegaHttpClient] 📡 POST https://zdk8budo.pegaacademy.net/prweb/api/HRAppsV2/V1/rules/query?pxObjClass=Rule-HTML-Section&appliesTo=Rule-SecurityVA-Regex&pyRuleName=undefined&RequestClass=Rule-HTML-Section&RequestAppliesTo=Rule-SecurityVA-Regex&RequestRuleName=undefined Payload: "{\"RequestClass\":\"Rule-HTML-Section\",\"RequestAppliesTo\":\"Rule-SecurityVA-Regex\",\"RequestRuleName\":\"undefined\"}" => HTTP 404 (18 bytes)
[PegaHttpClient] 📡 POST https://zdk8budo.pegaacademy.net/prweb/PRRestService/HRAppsV2/V1/rules/query?pxObjClass=Rule-HTML-Section&appliesTo=Rule-SecurityVA-Regex&pyRuleName=undefined&RequestClass=Rule-HTML-Section&RequestAppliesTo=Rule-SecurityVA-Regex&RequestRuleName=undefined Payload: "{\"RequestClass\":\"Rule-HTML-Section\",\"RequestAppliesTo\":\"Rule-SecurityVA-Regex\",\"RequestRuleName\":\"undefined\"}" => HTTP 404 (18 bytes)
[PegaHttpClient] 📡 POST https://zdk8budo.pegaacademy.net/prweb/api/v1/rules/query?pxObjClass=Rule-HTML-Section&appliesTo=Rule-SecurityVA-Regex&pyRuleName=undefined&RequestClass=Rule-HTML-Section&RequestAppliesTo=Rule-SecurityVA-Regex&RequestRuleName=undefined Payload: "{\"RequestClass\":\"Rule-HTML-Section\",\"RequestAppliesTo\":\"Rule-SecurityVA-Regex\",\"RequestRuleName\":\"undefined\"}" => HTTP 404 (18 bytes)
[PegaHttpClient] 📡 POST https://zdk8budo.pegaacademy.net/prweb/PRRestService/v1/rules/query?pxObjClass=Rule-HTML-Section&appliesTo=Rule-SecurityVA-Regex&pyRuleName=undefined&RequestClass=Rule-HTML-Section&RequestAppliesTo=Rule-SecurityVA-Regex&RequestRuleName=undefined Payload: "{\"RequestClass\":\"Rule-HTML-Section\",\"RequestAppliesTo\":\"Rule-SecurityVA-Regex\",\"RequestRuleName\":\"undefined\"}" => HTTP 404 (18 bytes)
[PegaHttpClient] 📡 POST https://zdk8budo.pegaacademy.net/prweb/api/CodeIntelligence/v1/rules/query?pxObjClass=Rule-HTML-Section&appliesTo=Rule-SecurityVA-Regex&pyRuleName=pzRuleFormToolbarHotKeys&RequestClass=Rule-HTML-Section&RequestAppliesTo=Rule-SecurityVA-Regex&RequestRuleName=pzRuleFormToolbarHotKeys Payload: "{\"RequestClass\":\"Rule-HTML-Section\",\"RequestAppliesTo\":\"Rule-SecurityVA-Regex\",\"RequestRuleName\":\"pzRuleFormToolbarHotKeys\"}" => HTTP 200 (85058 bytes)
[PegaHttpClient] 📡 POST https://zdk8budo.pegaacademy.net/prweb/api/CodeIntelligence/v1/rules/query?pxObjClass=Rule-HTML-Section&appliesTo=Rule-SecurityVA-Regex&pyRuleName=pzRuleFormToolbarLockedIcon&RequestClass=Rule-HTML-Section&RequestAppliesTo=Rule-SecurityVA-Regex&RequestRuleName=pzRuleFormToolbarLockedIcon Payload: "{\"RequestClass\":\"Rule-HTML-Section\",\"RequestAppliesTo\":\"Rule-SecurityVA-Regex\",\"RequestRuleName\":\"pzRuleFormToolbarLockedIcon\"}" => HTTP 200 (24898 bytes)
[PegaHttpClient] 📡 POST https://zdk8budo.pegaacademy.net/prweb/api/CodeIntelligence/v1/rules/query?pxObjClass=Rule-HTML-Section&appliesTo=Rule-SecurityVA-Regex&pyRuleName=pzRuleFormToolbarCollaborators&RequestClass=Rule-HTML-Section&RequestAppliesTo=Rule-SecurityVA-Regex&RequestRuleName=pzRuleFormToolbarCollaborators Payload: "{\"RequestClass\":\"Rule-HTML-Section\",\"RequestAppliesTo\":\"Rule-SecurityVA-Regex\",\"RequestRuleName\":\"pzRuleFormToolbarCollaborators\"}" => HTTP 200 (15254 bytes)
[PegaHttpClient] 📡 POST https://zdk8budo.pegaacademy.net/prweb/api/CodeIntelligence/v1/rules/query?pxObjClass=Rule-HTML-Section&appliesTo=Rule-SecurityVA-Regex&pyRuleName=pzRuleFormToolbarSaveAs&RequestClass=Rule-HTML-Section&RequestAppliesTo=Rule-SecurityVA-Regex&RequestRuleName=pzRuleFormToolbarSaveAs Payload: "{\"RequestClass\":\"Rule-HTML-Section\",\"RequestAppliesTo\":\"Rule-SecurityVA-Regex\",\"RequestRuleName\":\"pzRuleFormToolbarSaveAs\"}" => HTTP 200 (64084 bytes)
[PegaHttpClient] 📡 POST https://zdk8budo.pegaacademy.net/prweb/api/CodeIntelligence/v1/rules/query?pxObjClass=Rule-HTML-Section&appliesTo=Rule-SecurityVA-Regex&pyRuleName=pzRuleFormToolbarCheckin&RequestClass=Rule-HTML-Section&RequestAppliesTo=Rule-SecurityVA-Regex&RequestRuleName=pzRuleFormToolbarCheckin Payload: "{\"RequestClass\":\"Rule-HTML-Section\",\"RequestAppliesTo\":\"Rule-SecurityVA-Regex\",\"RequestRuleName\":\"pzRuleFormToolbarCheckin\"}" => HTTP 200 (119096 bytes)
[PegaHttpClient] 📡 POST https://zdk8budo.pegaacademy.net/prweb/api/CodeIntelligence/v1/rules/query?pxObjClass=Rule-HTML-Section&appliesTo=Rule-SecurityVA-Regex&pyRuleName=pzRuleFormToolbarDelete&RequestClass=Rule-HTML-Section&RequestAppliesTo=Rule-SecurityVA-Regex&RequestRuleName=pzRuleFormToolbarDelete Payload: "{\"RequestClass\":\"Rule-HTML-Section\",\"RequestAppliesTo\":\"Rule-SecurityVA-Regex\",\"RequestRuleName\":\"pzRuleFormToolbarDelete\"}" => HTTP 200 (30249 bytes)
[PegaHttpClient] 📡 POST https://zdk8budo.pegaacademy.net/prweb/api/CodeIntelligence/v1/rules/query?pxObjClass=Rule-HTML-Section&appliesTo=Rule-SecurityVA-Regex&pyRuleName=pzRuleFormToolbarSave&RequestClass=Rule-HTML-Section&RequestAppliesTo=Rule-SecurityVA-Regex&RequestRuleName=pzRuleFormToolbarSave Payload: "{\"RequestClass\":\"Rule-HTML-Section\",\"RequestAppliesTo\":\"Rule-SecurityVA-Regex\",\"RequestRuleName\":\"pzRuleFormToolbarSave\"}" => HTTP 200 (293885 bytes)
[PegaHttpClient] 📡 POST https://zdk8budo.pegaacademy.net/prweb/api/CodeIntelligence/v1/rules/query?pxObjClass=Rule-HTML-Section&appliesTo=Rule-SecurityVA-Regex&pyRuleName=pzRuleFormToolbarCheckout&RequestClass=Rule-HTML-Section&RequestAppliesTo=Rule-SecurityVA-Regex&RequestRuleName=pzRuleFormToolbarCheckout Payload: "{\"RequestClass\":\"Rule-HTML-Section\",\"RequestAppliesTo\":\"Rule-SecurityVA-Regex\",\"RequestRuleName\":\"pzRuleFormToolbarCheckout\"}" => HTTP 200 (238148 bytes)
[PegaHttpClient] 📡 POST https://zdk8budo.pegaacademy.net/prweb/api/CodeIntelligence/v1/rules/query?pxObjClass=Rule-HTML-Section&appliesTo=Rule-SecurityVA-Regex&pyRuleName=pzRemoveErrorsDataPage&RequestClass=Rule-HTML-Section&RequestAppliesTo=Rule-SecurityVA-Regex&RequestRuleName=pzRemoveErrorsDataPage Payload: "{\"RequestClass\":\"Rule-HTML-Section\",\"RequestAppliesTo\":\"Rule-SecurityVA-Regex\",\"RequestRuleName\":\"pzRemoveErrorsDataPage\"}" => HTTP 200 (16733 bytes)
[PegaHttpClient] 📡 POST https://zdk8budo.pegaacademy.net/prweb/api/CodeIntelligence/v1/rules/query?pxObjClass=Rule-HTML-Section&appliesTo=Rule-SecurityVA-Regex&pyRuleName=pzRuleFormHeaderMessagesWrapper&RequestClass=Rule-HTML-Section&RequestAppliesTo=Rule-SecurityVA-Regex&RequestRuleName=pzRuleFormHeaderMessagesWrapper Payload: "{\"RequestClass\":\"Rule-HTML-Section\",\"RequestAppliesTo\":\"Rule-SecurityVA-Regex\",\"RequestRuleName\":\"pzRuleFormHeaderMessagesWrapper\"}" => HTTP 200 (16981 bytes)
[PegaHttpClient] 📡 POST https://zdk8budo.pegaacademy.net/prweb/api/CodeIntelligence/v1/rules/query?pxObjClass=Rule-HTML-Section&appliesTo=Rule-SecurityVA-Regex&pyRuleName=pzSpecificationName&RequestClass=Rule-HTML-Section&RequestAppliesTo=Rule-SecurityVA-Regex&RequestRuleName=pzSpecificationName Payload: "{\"RequestClass\":\"Rule-HTML-Section\",\"RequestAppliesTo\":\"Rule-SecurityVA-Regex\",\"RequestRuleName\":\"pzSpecificationName\"}" => HTTP 404 (118 bytes)
[PegaHttpClient] 📡 POST https://zdk8budo.pegaacademy.net/prweb/PRRestService/CodeIntelligence/v1/rules/query?pxObjClass=Rule-HTML-Section&appliesTo=Rule-SecurityVA-Regex&pyRuleName=pzSpecificationName&RequestClass=Rule-HTML-Section&RequestAppliesTo=Rule-SecurityVA-Regex&RequestRuleName=pzSpecificationName Payload: "{\"RequestClass\":\"Rule-HTML-Section\",\"RequestAppliesTo\":\"Rule-SecurityVA-Regex\",\"RequestRuleName\":\"pzSpecificationName\"}" => HTTP 404 (118 bytes)
[PegaHttpClient] 📡 POST https://zdk8budo.pegaacademy.net/prweb/api/HRAppsV2Service/V1/rules/query?pxObjClass=Rule-HTML-Section&appliesTo=Rule-SecurityVA-Regex&pyRuleName=pzSpecificationName&RequestClass=Rule-HTML-Section&RequestAppliesTo=Rule-SecurityVA-Regex&RequestRuleName=pzSpecificationName Payload: "{\"RequestClass\":\"Rule-HTML-Section\",\"RequestAppliesTo\":\"Rule-SecurityVA-Regex\",\"RequestRuleName\":\"pzSpecificationName\"}" => HTTP 404 (18 bytes)
[PegaHttpClient] 📡 POST https://zdk8budo.pegaacademy.net/prweb/PRRestService/HRAppsV2Service/V1/rules/query?pxObjClass=Rule-HTML-Section&appliesTo=Rule-SecurityVA-Regex&pyRuleName=pzSpecificationName&RequestClass=Rule-HTML-Section&RequestAppliesTo=Rule-SecurityVA-Regex&RequestRuleName=pzSpecificationName Payload: "{\"RequestClass\":\"Rule-HTML-Section\",\"RequestAppliesTo\":\"Rule-SecurityVA-Regex\",\"RequestRuleName\":\"pzSpecificationName\"}" => HTTP 404 (18 bytes)
[PegaHttpClient] 📡 POST https://zdk8budo.pegaacademy.net/prweb/api/HRAppsV2/V1/rules/query?pxObjClass=Rule-HTML-Section&appliesTo=Rule-SecurityVA-Regex&pyRuleName=pzSpecificationName&RequestClass=Rule-HTML-Section&RequestAppliesTo=Rule-SecurityVA-Regex&RequestRuleName=pzSpecificationName Payload: "{\"RequestClass\":\"Rule-HTML-Section\",\"RequestAppliesTo\":\"Rule-SecurityVA-Regex\",\"RequestRuleName\":\"pzSpecificationName\"}" => HTTP 404 (18 bytes)
[PegaHttpClient] 📡 POST https://zdk8budo.pegaacademy.net/prweb/PRRestService/HRAppsV2/V1/rules/query?pxObjClass=Rule-HTML-Section&appliesTo=Rule-SecurityVA-Regex&pyRuleName=pzSpecificationName&RequestClass=Rule-HTML-Section&RequestAppliesTo=Rule-SecurityVA-Regex&RequestRuleName=pzSpecificationName Payload: "{\"RequestClass\":\"Rule-HTML-Section\",\"RequestAppliesTo\":\"Rule-SecurityVA-Regex\",\"RequestRuleName\":\"pzSpecificationName\"}" => HTTP 404 (18 bytes)
[PegaHttpClient] 📡 POST https://zdk8budo.pegaacademy.net/prweb/api/v1/rules/query?pxObjClass=Rule-HTML-Section&appliesTo=Rule-SecurityVA-Regex&pyRuleName=pzSpecificationName&RequestClass=Rule-HTML-Section&RequestAppliesTo=Rule-SecurityVA-Regex&RequestRuleName=pzSpecificationName Payload: "{\"RequestClass\":\"Rule-HTML-Section\",\"RequestAppliesTo\":\"Rule-SecurityVA-Regex\",\"RequestRuleName\":\"pzSpecificationName\"}" => HTTP 404 (18 bytes)
[PegaHttpClient] 📡 POST https://zdk8budo.pegaacademy.net/prweb/PRRestService/v1/rules/query?pxObjClass=Rule-HTML-Section&appliesTo=Rule-SecurityVA-Regex&pyRuleName=pzSpecificationName&RequestClass=Rule-HTML-Section&RequestAppliesTo=Rule-SecurityVA-Regex&RequestRuleName=pzSpecificationName Payload: "{\"RequestClass\":\"Rule-HTML-Section\",\"RequestAppliesTo\":\"Rule-SecurityVA-Regex\",\"RequestRuleName\":\"pzSpecificationName\"}" => HTTP 404 (18 bytes)
[PegaHttpClient] 📡 POST https://zdk8budo.pegaacademy.net/prweb/api/CodeIntelligence/v1/rules/query?pxObjClass=Rule-HTML-Section&appliesTo=Rule-SecurityVA-Regex&pyRuleName=pzScm_RuleHistory&RequestClass=Rule-HTML-Section&RequestAppliesTo=Rule-SecurityVA-Regex&RequestRuleName=pzScm_RuleHistory Payload: "{\"RequestClass\":\"Rule-HTML-Section\",\"RequestAppliesTo\":\"Rule-SecurityVA-Regex\",\"RequestRuleName\":\"pzScm_RuleHistory\"}" => HTTP 200 (14682 bytes)
[PegaHttpClient] 📡 POST https://zdk8budo.pegaacademy.net/prweb/api/CodeIntelligence/v1/rules/query?pxObjClass=Rule-HTML-Section&appliesTo=Rule-SecurityVA-Regex&pyRuleName=pxDisplayCollaborators&RequestClass=Rule-HTML-Section&RequestAppliesTo=Rule-SecurityVA-Regex&RequestRuleName=pxDisplayCollaborators Payload: "{\"RequestClass\":\"Rule-HTML-Section\",\"RequestAppliesTo\":\"Rule-SecurityVA-Regex\",\"RequestRuleName\":\"pxDisplayCollaborators\"}" => HTTP 200 (94171 bytes)
[PegaHttpClient] 📡 POST https://zdk8budo.pegaacademy.net/prweb/api/CodeIntelligence/v1/rules/query?pxObjClass=Rule-HTML-Section&appliesTo=Rule-SecurityVA-Regex&pyRuleName=pzRuleFormToolbarDeleteCheckOut&RequestClass=Rule-HTML-Section&RequestAppliesTo=Rule-SecurityVA-Regex&RequestRuleName=pzRuleFormToolbarDeleteCheckOut Payload: "{\"RequestClass\":\"Rule-HTML-Section\",\"RequestAppliesTo\":\"Rule-SecurityVA-Regex\",\"RequestRuleName\":\"pzRuleFormToolbarDeleteCheckOut\"}" => HTTP 200 (29433 bytes)
[PegaHttpClient] 📡 POST https://zdk8budo.pegaacademy.net/prweb/api/CodeIntelligence/v1/rules/query?pxObjClass=Rule-HTML-Section&appliesTo=Rule-SecurityVA-Regex&pyRuleName=pzRuleFormToolbarDeleteRule&RequestClass=Rule-HTML-Section&RequestAppliesTo=Rule-SecurityVA-Regex&RequestRuleName=pzRuleFormToolbarDeleteRule Payload: "{\"RequestClass\":\"Rule-HTML-Section\",\"RequestAppliesTo\":\"Rule-SecurityVA-Regex\",\"RequestRuleName\":\"pzRuleFormToolbarDeleteRule\"}" => HTTP 200 (32314 bytes)
[PegaHttpClient] 📡 POST https://zdk8budo.pegaacademy.net/prweb/api/CodeIntelligence/v1/rules/query?pxObjClass=Rule-HTML-Section&appliesTo=Rule-SecurityVA-Regex&pyRuleName=pzLoadCollaborationScripts&RequestClass=Rule-HTML-Section&RequestAppliesTo=Rule-SecurityVA-Regex&RequestRuleName=pzLoadCollaborationScripts Payload: "{\"RequestClass\":\"Rule-HTML-Section\",\"RequestAppliesTo\":\"Rule-SecurityVA-Regex\",\"RequestRuleName\":\"pzLoadCollaborationScripts\"}" => HTTP 200 (23453 bytes)
[PegaHttpClient] 📡 POST https://zdk8budo.pegaacademy.net/prweb/api/CodeIntelligence/v1/rules/query?pxObjClass=Rule-HTML-Section&appliesTo=Rule-SecurityVA-Regex&pyRuleName=pzDisplayCollaboratorsList&RequestClass=Rule-HTML-Section&RequestAppliesTo=Rule-SecurityVA-Regex&RequestRuleName=pzDisplayCollaboratorsList Payload: "{\"RequestClass\":\"Rule-HTML-Section\",\"RequestAppliesTo\":\"Rule-SecurityVA-Regex\",\"RequestRuleName\":\"pzDisplayCollaboratorsList\"}" => HTTP 200 (105418 bytes)
[PegaHttpClient] 📡 POST https://zdk8budo.pegaacademy.net/prweb/api/CodeIntelligence/v1/rules/query?pxObjClass=Rule-HTML-Section&appliesTo=Rule-SecurityVA-Regex&pyRuleName=pyCollaborator&RequestClass=Rule-HTML-Section&RequestAppliesTo=Rule-SecurityVA-Regex&RequestRuleName=pyCollaborator Payload: "{\"RequestClass\":\"Rule-HTML-Section\",\"RequestAppliesTo\":\"Rule-SecurityVA-Regex\",\"RequestRuleName\":\"pyCollaborator\"}" => HTTP 404 (113 bytes)
[PegaHttpClient] 📡 POST https://zdk8budo.pegaacademy.net/prweb/PRRestService/CodeIntelligence/v1/rules/query?pxObjClass=Rule-HTML-Section&appliesTo=Rule-SecurityVA-Regex&pyRuleName=pyCollaborator&RequestClass=Rule-HTML-Section&RequestAppliesTo=Rule-SecurityVA-Regex&RequestRuleName=pyCollaborator Payload: "{\"RequestClass\":\"Rule-HTML-Section\",\"RequestAppliesTo\":\"Rule-SecurityVA-Regex\",\"RequestRuleName\":\"pyCollaborator\"}" => HTTP 404 (113 bytes)
[PegaHttpClient] 📡 POST https://zdk8budo.pegaacademy.net/prweb/api/HRAppsV2Service/V1/rules/query?pxObjClass=Rule-HTML-Section&appliesTo=Rule-SecurityVA-Regex&pyRuleName=pyCollaborator&RequestClass=Rule-HTML-Section&RequestAppliesTo=Rule-SecurityVA-Regex&RequestRuleName=pyCollaborator Payload: "{\"RequestClass\":\"Rule-HTML-Section\",\"RequestAppliesTo\":\"Rule-SecurityVA-Regex\",\"RequestRuleName\":\"pyCollaborator\"}" => HTTP 404 (18 bytes)
[PegaHttpClient] 📡 POST https://zdk8budo.pegaacademy.net/prweb/PRRestService/HRAppsV2Service/V1/rules/query?pxObjClass=Rule-HTML-Section&appliesTo=Rule-SecurityVA-Regex&pyRuleName=pyCollaborator&RequestClass=Rule-HTML-Section&RequestAppliesTo=Rule-SecurityVA-Regex&RequestRuleName=pyCollaborator Payload: "{\"RequestClass\":\"Rule-HTML-Section\",\"RequestAppliesTo\":\"Rule-SecurityVA-Regex\",\"RequestRuleName\":\"pyCollaborator\"}" => HTTP 404 (18 bytes)
[PegaHttpClient] 📡 POST https://zdk8budo.pegaacademy.net/prweb/api/HRAppsV2/V1/rules/query?pxObjClass=Rule-HTML-Section&appliesTo=Rule-SecurityVA-Regex&pyRuleName=pyCollaborator&RequestClass=Rule-HTML-Section&RequestAppliesTo=Rule-SecurityVA-Regex&RequestRuleName=pyCollaborator Payload: "{\"RequestClass\":\"Rule-HTML-Section\",\"RequestAppliesTo\":\"Rule-SecurityVA-Regex\",\"RequestRuleName\":\"pyCollaborator\"}" => HTTP 404 (18 bytes)
[PegaHttpClient] 📡 POST https://zdk8budo.pegaacademy.net/prweb/PRRestService/HRAppsV2/V1/rules/query?pxObjClass=Rule-HTML-Section&appliesTo=Rule-SecurityVA-Regex&pyRuleName=pyCollaborator&RequestClass=Rule-HTML-Section&RequestAppliesTo=Rule-SecurityVA-Regex&RequestRuleName=pyCollaborator Payload: "{\"RequestClass\":\"Rule-HTML-Section\",\"RequestAppliesTo\":\"Rule-SecurityVA-Regex\",\"RequestRuleName\":\"pyCollaborator\"}" => HTTP 404 (18 bytes)
[PegaHttpClient] 📡 POST https://zdk8budo.pegaacademy.net/prweb/api/v1/rules/query?pxObjClass=Rule-HTML-Section&appliesTo=Rule-SecurityVA-Regex&pyRuleName=pyCollaborator&RequestClass=Rule-HTML-Section&RequestAppliesTo=Rule-SecurityVA-Regex&RequestRuleName=pyCollaborator Payload: "{\"RequestClass\":\"Rule-HTML-Section\",\"RequestAppliesTo\":\"Rule-SecurityVA-Regex\",\"RequestRuleName\":\"pyCollaborator\"}" => HTTP 404 (18 bytes)
[PegaHttpClient] 📡 POST https://zdk8budo.pegaacademy.net/prweb/PRRestService/v1/rules/query?pxObjClass=Rule-HTML-Section&appliesTo=Rule-SecurityVA-Regex&pyRuleName=pyCollaborator&RequestClass=Rule-HTML-Section&RequestAppliesTo=Rule-SecurityVA-Regex&RequestRuleName=pyCollaborator Payload: "{\"RequestClass\":\"Rule-HTML-Section\",\"RequestAppliesTo\":\"Rule-SecurityVA-Regex\",\"RequestRuleName\":\"pyCollaborator\"}" => HTTP 404 (18 bytes)
[PegaHttpClient] 📡 POST https://zdk8budo.pegaacademy.net/prweb/api/CodeIntelligence/v1/rules/query?pxObjClass=Rule-HTML-Section&appliesTo=Rule-SecurityVA-Regex&pyRuleName=pzDisplayPartialCount&RequestClass=Rule-HTML-Section&RequestAppliesTo=Rule-SecurityVA-Regex&RequestRuleName=pzDisplayPartialCount Payload: "{\"RequestClass\":\"Rule-HTML-Section\",\"RequestAppliesTo\":\"Rule-SecurityVA-Regex\",\"RequestRuleName\":\"pzDisplayPartialCount\"}" => HTTP 404 (120 bytes)
[PegaHttpClient] 📡 POST https://zdk8budo.pegaacademy.net/prweb/PRRestService/CodeIntelligence/v1/rules/query?pxObjClass=Rule-HTML-Section&appliesTo=Rule-SecurityVA-Regex&pyRuleName=pzDisplayPartialCount&RequestClass=Rule-HTML-Section&RequestAppliesTo=Rule-SecurityVA-Regex&RequestRuleName=pzDisplayPartialCount Payload: "{\"RequestClass\":\"Rule-HTML-Section\",\"RequestAppliesTo\":\"Rule-SecurityVA-Regex\",\"RequestRuleName\":\"pzDisplayPartialCount\"}" => HTTP 404 (120 bytes)
[PegaHttpClient] 📡 POST https://zdk8budo.pegaacademy.net/prweb/api/HRAppsV2Service/V1/rules/query?pxObjClass=Rule-HTML-Section&appliesTo=Rule-SecurityVA-Regex&pyRuleName=pzDisplayPartialCount&RequestClass=Rule-HTML-Section&RequestAppliesTo=Rule-SecurityVA-Regex&RequestRuleName=pzDisplayPartialCount Payload: "{\"RequestClass\":\"Rule-HTML-Section\",\"RequestAppliesTo\":\"Rule-SecurityVA-Regex\",\"RequestRuleName\":\"pzDisplayPartialCount\"}" => HTTP 404 (18 bytes)
[PegaHttpClient] 📡 POST https://zdk8budo.pegaacademy.net/prweb/PRRestService/HRAppsV2Service/V1/rules/query?pxObjClass=Rule-HTML-Section&appliesTo=Rule-SecurityVA-Regex&pyRuleName=pzDisplayPartialCount&RequestClass=Rule-HTML-Section&RequestAppliesTo=Rule-SecurityVA-Regex&RequestRuleName=pzDisplayPartialCount Payload: "{\"RequestClass\":\"Rule-HTML-Section\",\"RequestAppliesTo\":\"Rule-SecurityVA-Regex\",\"RequestRuleName\":\"pzDisplayPartialCount\"}" => HTTP 404 (18 bytes)
[PegaHttpClient] 📡 POST https://zdk8budo.pegaacademy.net/prweb/api/HRAppsV2/V1/rules/query?pxObjClass=Rule-HTML-Section&appliesTo=Rule-SecurityVA-Regex&pyRuleName=pzDisplayPartialCount&RequestClass=Rule-HTML-Section&RequestAppliesTo=Rule-SecurityVA-Regex&RequestRuleName=pzDisplayPartialCount Payload: "{\"RequestClass\":\"Rule-HTML-Section\",\"RequestAppliesTo\":\"Rule-SecurityVA-Regex\",\"RequestRuleName\":\"pzDisplayPartialCount\"}" => HTTP 404 (18 bytes)
[PegaHttpClient] 📡 POST https://zdk8budo.pegaacademy.net/prweb/PRRestService/HRAppsV2/V1/rules/query?pxObjClass=Rule-HTML-Section&appliesTo=Rule-SecurityVA-Regex&pyRuleName=pzDisplayPartialCount&RequestClass=Rule-HTML-Section&RequestAppliesTo=Rule-SecurityVA-Regex&RequestRuleName=pzDisplayPartialCount Payload: "{\"RequestClass\":\"Rule-HTML-Section\",\"RequestAppliesTo\":\"Rule-SecurityVA-Regex\",\"RequestRuleName\":\"pzDisplayPartialCount\"}" => HTTP 404 (18 bytes)
[PegaHttpClient] 📡 POST https://zdk8budo.pegaacademy.net/prweb/api/v1/rules/query?pxObjClass=Rule-HTML-Section&appliesTo=Rule-SecurityVA-Regex&pyRuleName=pzDisplayPartialCount&RequestClass=Rule-HTML-Section&RequestAppliesTo=Rule-SecurityVA-Regex&RequestRuleName=pzDisplayPartialCount Payload: "{\"RequestClass\":\"Rule-HTML-Section\",\"RequestAppliesTo\":\"Rule-SecurityVA-Regex\",\"RequestRuleName\":\"pzDisplayPartialCount\"}" => HTTP 404 (18 bytes)
[PegaHttpClient] 📡 POST https://zdk8budo.pegaacademy.net/prweb/PRRestService/v1/rules/query?pxObjClass=Rule-HTML-Section&appliesTo=Rule-SecurityVA-Regex&pyRuleName=pzDisplayPartialCount&RequestClass=Rule-HTML-Section&RequestAppliesTo=Rule-SecurityVA-Regex&RequestRuleName=pzDisplayPartialCount Payload: "{\"RequestClass\":\"Rule-HTML-Section\",\"RequestAppliesTo\":\"Rule-SecurityVA-Regex\",\"RequestRuleName\":\"pzDisplayPartialCount\"}" => HTTP 404 (18 bytes)
[SchemaGen] ✅ Schema written for Rule-SecurityVA-Regex
[PegaHttpClient] 📡 GET https://zdk8budo.pegaacademy.net/prweb/api/CodeIntelligence/v1/rules/RULE-HTML-HARNESS%20RULE-TEST-FUNCTIONAL-CASE%20RULEFORM%20%2320180713T142152.161%20GMT => HTTP 200 (24146 bytes)
[PegaHttpClient] 📡 POST https://zdk8budo.pegaacademy.net/prweb/api/CodeIntelligence/v1/rules/query?pxObjClass=Rule-HTML-Section&appliesTo=Rule-Test-Functional-Case&pyRuleName=RuleFormMain&RequestClass=Rule-HTML-Section&RequestAppliesTo=Rule-Test-Functional-Case&RequestRuleName=RuleFormMain Payload: "{\"RequestClass\":\"Rule-HTML-Section\",\"RequestAppliesTo\":\"Rule-Test-Functional-Case\",\"RequestRuleName\":\"RuleFormMain\"}" => HTTP 200 (156234 bytes)
[PegaHttpClient] 📡 POST https://zdk8budo.pegaacademy.net/prweb/api/CodeIntelligence/v1/rules/query?pxObjClass=Rule-HTML-Section&appliesTo=Rule-Test-Functional-Case&pyRuleName=pxAlternateRuleForm&RequestClass=Rule-HTML-Section&RequestAppliesTo=Rule-Test-Functional-Case&RequestRuleName=pxAlternateRuleForm Payload: "{\"RequestClass\":\"Rule-HTML-Section\",\"RequestAppliesTo\":\"Rule-Test-Functional-Case\",\"RequestRuleName\":\"pxAlternateRuleForm\"}" => HTTP 200 (66153 bytes)
[PegaHttpClient] 📡 POST https://zdk8budo.pegaacademy.net/prweb/api/CodeIntelligence/v1/rules/query?pxObjClass=Rule-HTML-Section&appliesTo=Rule-Test-Functional-Case&pyRuleName=pzRuleFormScripts&RequestClass=Rule-HTML-Section&RequestAppliesTo=Rule-Test-Functional-Case&RequestRuleName=pzRuleFormScripts Payload: "{\"RequestClass\":\"Rule-HTML-Section\",\"RequestAppliesTo\":\"Rule-Test-Functional-Case\",\"RequestRuleName\":\"pzRuleFormScripts\"}" => HTTP 200 (40822 bytes)
[PegaHttpClient] 📡 POST https://zdk8budo.pegaacademy.net/prweb/api/CodeIntelligence/v1/rules/query?pxObjClass=Rule-HTML-Section&appliesTo=Rule-Test-Functional-Case&pyRuleName=pzRuleFormLayoutDelegated&RequestClass=Rule-HTML-Section&RequestAppliesTo=Rule-Test-Functional-Case&RequestRuleName=pzRuleFormLayoutDelegated Payload: "{\"RequestClass\":\"Rule-HTML-Section\",\"RequestAppliesTo\":\"Rule-Test-Functional-Case\",\"RequestRuleName\":\"pzRuleFormLayoutDelegated\"}" => HTTP 200 (70998 bytes)
[PegaHttpClient] 📡 POST https://zdk8budo.pegaacademy.net/prweb/api/CodeIntelligence/v1/rules/query?pxObjClass=Rule-HTML-Section&appliesTo=Rule-Test-Functional-Case&pyRuleName=RuleFormLayout&RequestClass=Rule-HTML-Section&RequestAppliesTo=Rule-Test-Functional-Case&RequestRuleName=RuleFormLayout Payload: "{\"RequestClass\":\"Rule-HTML-Section\",\"RequestAppliesTo\":\"Rule-Test-Functional-Case\",\"RequestRuleName\":\"RuleFormLayout\"}" => HTTP 200 (27089 bytes)
[PegaHttpClient] 📡 POST https://zdk8budo.pegaacademy.net/prweb/api/CodeIntelligence/v1/rules/query?pxObjClass=Rule-HTML-Section&appliesTo=Rule-Test-Functional-Case&pyRuleName=RuleFormSettings&RequestClass=Rule-HTML-Section&RequestAppliesTo=Rule-Test-Functional-Case&RequestRuleName=RuleFormSettings Payload: "{\"RequestClass\":\"Rule-HTML-Section\",\"RequestAppliesTo\":\"Rule-Test-Functional-Case\",\"RequestRuleName\":\"RuleFormSettings\"}" => HTTP 200 (20540 bytes)
[PegaHttpClient] 📡 POST https://zdk8budo.pegaacademy.net/prweb/api/CodeIntelligence/v1/rules/query?pxObjClass=Rule-HTML-Section&appliesTo=Rule-Test-Functional-Case&pyRuleName=OpenAuthoring&RequestClass=Rule-HTML-Section&RequestAppliesTo=Rule-Test-Functional-Case&RequestRuleName=OpenAuthoring Payload: "{\"RequestClass\":\"Rule-HTML-Section\",\"RequestAppliesTo\":\"Rule-Test-Functional-Case\",\"RequestRuleName\":\"OpenAuthoring\"}" => HTTP 200 (23695 bytes)
[PegaHttpClient] 📡 POST https://zdk8budo.pegaacademy.net/prweb/api/CodeIntelligence/v1/rules/query?pxObjClass=Rule-HTML-Section&appliesTo=Rule-Test-Functional-Case&pyRuleName=pyCustomHelp&RequestClass=Rule-HTML-Section&RequestAppliesTo=Rule-Test-Functional-Case&RequestRuleName=pyCustomHelp Payload: "{\"RequestClass\":\"Rule-HTML-Section\",\"RequestAppliesTo\":\"Rule-Test-Functional-Case\",\"RequestRuleName\":\"pyCustomHelp\"}" => HTTP 200 (17256 bytes)
[PegaHttpClient] 📡 POST https://zdk8budo.pegaacademy.net/prweb/api/CodeIntelligence/v1/rules/query?pxObjClass=Rule-HTML-Section&appliesTo=Rule-Test-Functional-Case&pyRuleName=pzRuleformMainInclude&RequestClass=Rule-HTML-Section&RequestAppliesTo=Rule-Test-Functional-Case&RequestRuleName=pzRuleformMainInclude Payload: "{\"RequestClass\":\"Rule-HTML-Section\",\"RequestAppliesTo\":\"Rule-Test-Functional-Case\",\"RequestRuleName\":\"pzRuleformMainInclude\"}" => HTTP 200 (22375 bytes)
[PegaHttpClient] 📡 POST https://zdk8budo.pegaacademy.net/prweb/api/CodeIntelligence/v1/rules/query?pxObjClass=Rule-HTML-Section&appliesTo=Rule-Test-Functional-Case&pyRuleName=pyAlternativeRuleFormStrategicAppExtension&RequestClass=Rule-HTML-Section&RequestAppliesTo=Rule-Test-Functional-Case&RequestRuleName=pyAlternativeRuleFormStrategicAppExtension Payload: "{\"RequestClass\":\"Rule-HTML-Section\",\"RequestAppliesTo\":\"Rule-Test-Functional-Case\",\"RequestRuleName\":\"pyAlternativeRuleFormStrategicAppExtension\"}" => HTTP 200 (25042 bytes)
[PegaHttpClient] 📡 POST https://zdk8budo.pegaacademy.net/prweb/api/CodeIntelligence/v1/rules/query?pxObjClass=Rule-HTML-Section&appliesTo=Rule-Test-Functional-Case&pyRuleName=pyAlternativeRuleFormExtension&RequestClass=Rule-HTML-Section&RequestAppliesTo=Rule-Test-Functional-Case&RequestRuleName=pyAlternativeRuleFormExtension Payload: "{\"RequestClass\":\"Rule-HTML-Section\",\"RequestAppliesTo\":\"Rule-Test-Functional-Case\",\"RequestRuleName\":\"pyAlternativeRuleFormExtension\"}" => HTTP 200 (24863 bytes)
[PegaHttpClient] 📡 POST https://zdk8budo.pegaacademy.net/prweb/api/CodeIntelligence/v1/rules/query?pxObjClass=Rule-HTML-Section&appliesTo=Rule-Test-Functional-Case&pyRuleName=RuleFormHeader&RequestClass=Rule-HTML-Section&RequestAppliesTo=Rule-Test-Functional-Case&RequestRuleName=RuleFormHeader Payload: "{\"RequestClass\":\"Rule-HTML-Section\",\"RequestAppliesTo\":\"Rule-Test-Functional-Case\",\"RequestRuleName\":\"RuleFormHeader\"}" => HTTP 200 (183800 bytes)
[PegaHttpClient] 📡 POST https://zdk8budo.pegaacademy.net/prweb/api/CodeIntelligence/v1/rules/query?pxObjClass=Rule-HTML-Section&appliesTo=Rule-Test-Functional-Case&pyRuleName=pzDelegationExperience&RequestClass=Rule-HTML-Section&RequestAppliesTo=Rule-Test-Functional-Case&RequestRuleName=pzDelegationExperience Payload: "{\"RequestClass\":\"Rule-HTML-Section\",\"RequestAppliesTo\":\"Rule-Test-Functional-Case\",\"RequestRuleName\":\"pzDelegationExperience\"}" => HTTP 404 (125 bytes)
[PegaHttpClient] 📡 POST https://zdk8budo.pegaacademy.net/prweb/PRRestService/CodeIntelligence/v1/rules/query?pxObjClass=Rule-HTML-Section&appliesTo=Rule-Test-Functional-Case&pyRuleName=pzDelegationExperience&RequestClass=Rule-HTML-Section&RequestAppliesTo=Rule-Test-Functional-Case&RequestRuleName=pzDelegationExperience Payload: "{\"RequestClass\":\"Rule-HTML-Section\",\"RequestAppliesTo\":\"Rule-Test-Functional-Case\",\"RequestRuleName\":\"pzDelegationExperience\"}" => HTTP 404 (125 bytes)
[PegaHttpClient] 📡 POST https://zdk8budo.pegaacademy.net/prweb/api/HRAppsV2Service/V1/rules/query?pxObjClass=Rule-HTML-Section&appliesTo=Rule-Test-Functional-Case&pyRuleName=pzDelegationExperience&RequestClass=Rule-HTML-Section&RequestAppliesTo=Rule-Test-Functional-Case&RequestRuleName=pzDelegationExperience Payload: "{\"RequestClass\":\"Rule-HTML-Section\",\"RequestAppliesTo\":\"Rule-Test-Functional-Case\",\"RequestRuleName\":\"pzDelegationExperience\"}" => HTTP 404 (18 bytes)
[PegaHttpClient] 📡 POST https://zdk8budo.pegaacademy.net/prweb/PRRestService/HRAppsV2Service/V1/rules/query?pxObjClass=Rule-HTML-Section&appliesTo=Rule-Test-Functional-Case&pyRuleName=pzDelegationExperience&RequestClass=Rule-HTML-Section&RequestAppliesTo=Rule-Test-Functional-Case&RequestRuleName=pzDelegationExperience Payload: "{\"RequestClass\":\"Rule-HTML-Section\",\"RequestAppliesTo\":\"Rule-Test-Functional-Case\",\"RequestRuleName\":\"pzDelegationExperience\"}" => HTTP 404 (18 bytes)
[PegaHttpClient] 📡 POST https://zdk8budo.pegaacademy.net/prweb/api/HRAppsV2/V1/rules/query?pxObjClass=Rule-HTML-Section&appliesTo=Rule-Test-Functional-Case&pyRuleName=pzDelegationExperience&RequestClass=Rule-HTML-Section&RequestAppliesTo=Rule-Test-Functional-Case&RequestRuleName=pzDelegationExperience Payload: "{\"RequestClass\":\"Rule-HTML-Section\",\"RequestAppliesTo\":\"Rule-Test-Functional-Case\",\"RequestRuleName\":\"pzDelegationExperience\"}" => HTTP 404 (18 bytes)
[PegaHttpClient] 📡 POST https://zdk8budo.pegaacademy.net/prweb/PRRestService/HRAppsV2/V1/rules/query?pxObjClass=Rule-HTML-Section&appliesTo=Rule-Test-Functional-Case&pyRuleName=pzDelegationExperience&RequestClass=Rule-HTML-Section&RequestAppliesTo=Rule-Test-Functional-Case&RequestRuleName=pzDelegationExperience Payload: "{\"RequestClass\":\"Rule-HTML-Section\",\"RequestAppliesTo\":\"Rule-Test-Functional-Case\",\"RequestRuleName\":\"pzDelegationExperience\"}" => HTTP 404 (18 bytes)
[PegaHttpClient] 📡 POST https://zdk8budo.pegaacademy.net/prweb/api/v1/rules/query?pxObjClass=Rule-HTML-Section&appliesTo=Rule-Test-Functional-Case&pyRuleName=pzDelegationExperience&RequestClass=Rule-HTML-Section&RequestAppliesTo=Rule-Test-Functional-Case&RequestRuleName=pzDelegationExperience Payload: "{\"RequestClass\":\"Rule-HTML-Section\",\"RequestAppliesTo\":\"Rule-Test-Functional-Case\",\"RequestRuleName\":\"pzDelegationExperience\"}" => HTTP 404 (18 bytes)
[PegaHttpClient] 📡 POST https://zdk8budo.pegaacademy.net/prweb/PRRestService/v1/rules/query?pxObjClass=Rule-HTML-Section&appliesTo=Rule-Test-Functional-Case&pyRuleName=pzDelegationExperience&RequestClass=Rule-HTML-Section&RequestAppliesTo=Rule-Test-Functional-Case&RequestRuleName=pzDelegationExperience Payload: "{\"RequestClass\":\"Rule-HTML-Section\",\"RequestAppliesTo\":\"Rule-Test-Functional-Case\",\"RequestRuleName\":\"pzDelegationExperience\"}" => HTTP 404 (18 bytes)
[PegaHttpClient] 📡 POST https://zdk8budo.pegaacademy.net/prweb/api/CodeIntelligence/v1/rules/query?pxObjClass=Rule-HTML-Section&appliesTo=Rule-Test-Functional-Case&pyRuleName=pzRuleFormTabs&RequestClass=Rule-HTML-Section&RequestAppliesTo=Rule-Test-Functional-Case&RequestRuleName=pzRuleFormTabs Payload: "{\"RequestClass\":\"Rule-HTML-Section\",\"RequestAppliesTo\":\"Rule-Test-Functional-Case\",\"RequestRuleName\":\"pzRuleFormTabs\"}" => HTTP 200 (76888 bytes)
[PegaHttpClient] 📡 POST https://zdk8budo.pegaacademy.net/prweb/api/CodeIntelligence/v1/rules/query?pxObjClass=Rule-HTML-Section&appliesTo=Rule-Test-Functional-Case&pyRuleName=pzCustomHelp&RequestClass=Rule-HTML-Section&RequestAppliesTo=Rule-Test-Functional-Case&RequestRuleName=pzCustomHelp Payload: "{\"RequestClass\":\"Rule-HTML-Section\",\"RequestAppliesTo\":\"Rule-Test-Functional-Case\",\"RequestRuleName\":\"pzCustomHelp\"}" => HTTP 200 (31573 bytes)
[PegaHttpClient] 📡 POST https://zdk8budo.pegaacademy.net/prweb/api/CodeIntelligence/v1/rules/query?pxObjClass=Rule-HTML-Section&appliesTo=Rule-Test-Functional-Case&pyRuleName=pzRuleFormKeysAndDescription&RequestClass=Rule-HTML-Section&RequestAppliesTo=Rule-Test-Functional-Case&RequestRuleName=pzRuleFormKeysAndDescription Payload: "{\"RequestClass\":\"Rule-HTML-Section\",\"RequestAppliesTo\":\"Rule-Test-Functional-Case\",\"RequestRuleName\":\"pzRuleFormKeysAndDescription\"}" => HTTP 200 (218057 bytes)
[PegaHttpClient] 📡 POST https://zdk8budo.pegaacademy.net/prweb/api/CodeIntelligence/v1/rules/query?pxObjClass=Rule-HTML-Section&appliesTo=Rule-Test-Functional-Case&pyRuleName=pzRuleFormRuleset&RequestClass=Rule-HTML-Section&RequestAppliesTo=Rule-Test-Functional-Case&RequestRuleName=pzRuleFormRuleset Payload: "{\"RequestClass\":\"Rule-HTML-Section\",\"RequestAppliesTo\":\"Rule-Test-Functional-Case\",\"RequestRuleName\":\"pzRuleFormRuleset\"}" => HTTP 200 (33985 bytes)
[PegaHttpClient] 📡 POST https://zdk8budo.pegaacademy.net/prweb/api/CodeIntelligence/v1/rules/query?pxObjClass=Rule-HTML-Section&appliesTo=Rule-Test-Functional-Case&pyRuleName=undefined&RequestClass=Rule-HTML-Section&RequestAppliesTo=Rule-Test-Functional-Case&RequestRuleName=undefined Payload: "{\"RequestClass\":\"Rule-HTML-Section\",\"RequestAppliesTo\":\"Rule-Test-Functional-Case\",\"RequestRuleName\":\"undefined\"}" => HTTP 404 (112 bytes)
[PegaHttpClient] 📡 POST https://zdk8budo.pegaacademy.net/prweb/PRRestService/CodeIntelligence/v1/rules/query?pxObjClass=Rule-HTML-Section&appliesTo=Rule-Test-Functional-Case&pyRuleName=undefined&RequestClass=Rule-HTML-Section&RequestAppliesTo=Rule-Test-Functional-Case&RequestRuleName=undefined Payload: "{\"RequestClass\":\"Rule-HTML-Section\",\"RequestAppliesTo\":\"Rule-Test-Functional-Case\",\"RequestRuleName\":\"undefined\"}" => HTTP 404 (112 bytes)
[PegaHttpClient] 📡 POST https://zdk8budo.pegaacademy.net/prweb/api/HRAppsV2Service/V1/rules/query?pxObjClass=Rule-HTML-Section&appliesTo=Rule-Test-Functional-Case&pyRuleName=undefined&RequestClass=Rule-HTML-Section&RequestAppliesTo=Rule-Test-Functional-Case&RequestRuleName=undefined Payload: "{\"RequestClass\":\"Rule-HTML-Section\",\"RequestAppliesTo\":\"Rule-Test-Functional-Case\",\"RequestRuleName\":\"undefined\"}" => HTTP 404 (18 bytes)
[PegaHttpClient] 📡 POST https://zdk8budo.pegaacademy.net/prweb/PRRestService/HRAppsV2Service/V1/rules/query?pxObjClass=Rule-HTML-Section&appliesTo=Rule-Test-Functional-Case&pyRuleName=undefined&RequestClass=Rule-HTML-Section&RequestAppliesTo=Rule-Test-Functional-Case&RequestRuleName=undefined Payload: "{\"RequestClass\":\"Rule-HTML-Section\",\"RequestAppliesTo\":\"Rule-Test-Functional-Case\",\"RequestRuleName\":\"undefined\"}" => HTTP 404 (18 bytes)
[PegaHttpClient] 📡 POST https://zdk8budo.pegaacademy.net/prweb/api/HRAppsV2/V1/rules/query?pxObjClass=Rule-HTML-Section&appliesTo=Rule-Test-Functional-Case&pyRuleName=undefined&RequestClass=Rule-HTML-Section&RequestAppliesTo=Rule-Test-Functional-Case&RequestRuleName=undefined Payload: "{\"RequestClass\":\"Rule-HTML-Section\",\"RequestAppliesTo\":\"Rule-Test-Functional-Case\",\"RequestRuleName\":\"undefined\"}" => HTTP 404 (18 bytes)
[PegaHttpClient] 📡 POST https://zdk8budo.pegaacademy.net/prweb/PRRestService/HRAppsV2/V1/rules/query?pxObjClass=Rule-HTML-Section&appliesTo=Rule-Test-Functional-Case&pyRuleName=undefined&RequestClass=Rule-HTML-Section&RequestAppliesTo=Rule-Test-Functional-Case&RequestRuleName=undefined Payload: "{\"RequestClass\":\"Rule-HTML-Section\",\"RequestAppliesTo\":\"Rule-Test-Functional-Case\",\"RequestRuleName\":\"undefined\"}" => HTTP 404 (18 bytes)
[PegaHttpClient] 📡 POST https://zdk8budo.pegaacademy.net/prweb/api/v1/rules/query?pxObjClass=Rule-HTML-Section&appliesTo=Rule-Test-Functional-Case&pyRuleName=undefined&RequestClass=Rule-HTML-Section&RequestAppliesTo=Rule-Test-Functional-Case&RequestRuleName=undefined Payload: "{\"RequestClass\":\"Rule-HTML-Section\",\"RequestAppliesTo\":\"Rule-Test-Functional-Case\",\"RequestRuleName\":\"undefined\"}" => HTTP 404 (18 bytes)
[PegaHttpClient] 📡 POST https://zdk8budo.pegaacademy.net/prweb/PRRestService/v1/rules/query?pxObjClass=Rule-HTML-Section&appliesTo=Rule-Test-Functional-Case&pyRuleName=undefined&RequestClass=Rule-HTML-Section&RequestAppliesTo=Rule-Test-Functional-Case&RequestRuleName=undefined Payload: "{\"RequestClass\":\"Rule-HTML-Section\",\"RequestAppliesTo\":\"Rule-Test-Functional-Case\",\"RequestRuleName\":\"undefined\"}" => HTTP 404 (18 bytes)
[PegaHttpClient] 📡 POST https://zdk8budo.pegaacademy.net/prweb/api/CodeIntelligence/v1/rules/query?pxObjClass=Rule-HTML-Section&appliesTo=Rule-Test-Functional-Case&pyRuleName=pzRuleFormToolbar&RequestClass=Rule-HTML-Section&RequestAppliesTo=Rule-Test-Functional-Case&RequestRuleName=pzRuleFormToolbar Payload: "{\"RequestClass\":\"Rule-HTML-Section\",\"RequestAppliesTo\":\"Rule-Test-Functional-Case\",\"RequestRuleName\":\"pzRuleFormToolbar\"}" => HTTP 200 (242691 bytes)
[PegaHttpClient] 📡 POST https://zdk8budo.pegaacademy.net/prweb/api/CodeIntelligence/v1/rules/query?pxObjClass=Rule-HTML-Section&appliesTo=Rule-Test-Functional-Case&pyRuleName=pzRuleFormToolbarCompare&RequestClass=Rule-HTML-Section&RequestAppliesTo=Rule-Test-Functional-Case&RequestRuleName=pzRuleFormToolbarCompare Payload: "{\"RequestClass\":\"Rule-HTML-Section\",\"RequestAppliesTo\":\"Rule-Test-Functional-Case\",\"RequestRuleName\":\"pzRuleFormToolbarCompare\"}" => HTTP 200 (61925 bytes)
[PegaHttpClient] 📡 POST https://zdk8budo.pegaacademy.net/prweb/api/CodeIntelligence/v1/rules/query?pxObjClass=Rule-HTML-Section&appliesTo=Rule-Test-Functional-Case&pyRuleName=RuleFormHeaderMessages&RequestClass=Rule-HTML-Section&RequestAppliesTo=Rule-Test-Functional-Case&RequestRuleName=RuleFormHeaderMessages Payload: "{\"RequestClass\":\"Rule-HTML-Section\",\"RequestAppliesTo\":\"Rule-Test-Functional-Case\",\"RequestRuleName\":\"RuleFormHeaderMessages\"}" => HTTP 200 (26518 bytes)
[PegaHttpClient] 📡 POST https://zdk8budo.pegaacademy.net/prweb/api/CodeIntelligence/v1/rules/query?pxObjClass=Rule-HTML-Section&appliesTo=Rule-Test-Functional-Case&pyRuleName=pzDefinition&RequestClass=Rule-HTML-Section&RequestAppliesTo=Rule-Test-Functional-Case&RequestRuleName=pzDefinition Payload: "{\"RequestClass\":\"Rule-HTML-Section\",\"RequestAppliesTo\":\"Rule-Test-Functional-Case\",\"RequestRuleName\":\"pzDefinition\"}" => HTTP 200 (259451 bytes)
[PegaHttpClient] 📡 POST https://zdk8budo.pegaacademy.net/prweb/api/CodeIntelligence/v1/rules/query?pxObjClass=Rule-HTML-Section&appliesTo=Rule-Test-Functional-Case&pyRuleName=RuleFormPagesAndClasses&RequestClass=Rule-HTML-Section&RequestAppliesTo=Rule-Test-Functional-Case&RequestRuleName=RuleFormPagesAndClasses Payload: "{\"RequestClass\":\"Rule-HTML-Section\",\"RequestAppliesTo\":\"Rule-Test-Functional-Case\",\"RequestRuleName\":\"RuleFormPagesAndClasses\"}" => HTTP 200 (34748 bytes)
[PegaHttpClient] 📡 POST https://zdk8budo.pegaacademy.net/prweb/api/CodeIntelligence/v1/rules/query?pxObjClass=Rule-HTML-Section&appliesTo=Rule-Test-Functional-Case&pyRuleName=RuleFormHistory&RequestClass=Rule-HTML-Section&RequestAppliesTo=Rule-Test-Functional-Case&RequestRuleName=RuleFormHistory Payload: "{\"RequestClass\":\"Rule-HTML-Section\",\"RequestAppliesTo\":\"Rule-Test-Functional-Case\",\"RequestRuleName\":\"RuleFormHistory\"}" => HTTP 200 (76091 bytes)
[PegaHttpClient] 📡 POST https://zdk8budo.pegaacademy.net/prweb/api/CodeIntelligence/v1/rules/query?pxObjClass=Rule-HTML-Section&appliesTo=Rule-Test-Functional-Case&pyRuleName=pzRuleFormStatus&RequestClass=Rule-HTML-Section&RequestAppliesTo=Rule-Test-Functional-Case&RequestRuleName=pzRuleFormStatus Payload: "{\"RequestClass\":\"Rule-HTML-Section\",\"RequestAppliesTo\":\"Rule-Test-Functional-Case\",\"RequestRuleName\":\"pzRuleFormStatus\"}" => HTTP 200 (97627 bytes)
[PegaHttpClient] 📡 POST https://zdk8budo.pegaacademy.net/prweb/api/CodeIntelligence/v1/rules/query?pxObjClass=Rule-HTML-Section&appliesTo=Rule-Test-Functional-Case&pyRuleName=pzRuleFormHeaderCompareWithDropDown&RequestClass=Rule-HTML-Section&RequestAppliesTo=Rule-Test-Functional-Case&RequestRuleName=pzRuleFormHeaderCompareWithDropDown Payload: "{\"RequestClass\":\"Rule-HTML-Section\",\"RequestAppliesTo\":\"Rule-Test-Functional-Case\",\"RequestRuleName\":\"pzRuleFormHeaderCompareWithDropDown\"}" => HTTP 200 (25396 bytes)
[PegaHttpClient] 📡 POST https://zdk8budo.pegaacademy.net/prweb/api/CodeIntelligence/v1/rules/query?pxObjClass=Rule-HTML-Section&appliesTo=Rule-Test-Functional-Case&pyRuleName=undefined&RequestClass=Rule-HTML-Section&RequestAppliesTo=Rule-Test-Functional-Case&RequestRuleName=undefined Payload: "{\"RequestClass\":\"Rule-HTML-Section\",\"RequestAppliesTo\":\"Rule-Test-Functional-Case\",\"RequestRuleName\":\"undefined\"}" => HTTP 404 (112 bytes)
[PegaHttpClient] 📡 POST https://zdk8budo.pegaacademy.net/prweb/PRRestService/CodeIntelligence/v1/rules/query?pxObjClass=Rule-HTML-Section&appliesTo=Rule-Test-Functional-Case&pyRuleName=undefined&RequestClass=Rule-HTML-Section&RequestAppliesTo=Rule-Test-Functional-Case&RequestRuleName=undefined Payload: "{\"RequestClass\":\"Rule-HTML-Section\",\"RequestAppliesTo\":\"Rule-Test-Functional-Case\",\"RequestRuleName\":\"undefined\"}" => HTTP 404 (112 bytes)
[PegaHttpClient] 📡 POST https://zdk8budo.pegaacademy.net/prweb/api/HRAppsV2Service/V1/rules/query?pxObjClass=Rule-HTML-Section&appliesTo=Rule-Test-Functional-Case&pyRuleName=undefined&RequestClass=Rule-HTML-Section&RequestAppliesTo=Rule-Test-Functional-Case&RequestRuleName=undefined Payload: "{\"RequestClass\":\"Rule-HTML-Section\",\"RequestAppliesTo\":\"Rule-Test-Functional-Case\",\"RequestRuleName\":\"undefined\"}" => HTTP 404 (18 bytes)
[PegaHttpClient] 📡 POST https://zdk8budo.pegaacademy.net/prweb/PRRestService/HRAppsV2Service/V1/rules/query?pxObjClass=Rule-HTML-Section&appliesTo=Rule-Test-Functional-Case&pyRuleName=undefined&RequestClass=Rule-HTML-Section&RequestAppliesTo=Rule-Test-Functional-Case&RequestRuleName=undefined Payload: "{\"RequestClass\":\"Rule-HTML-Section\",\"RequestAppliesTo\":\"Rule-Test-Functional-Case\",\"RequestRuleName\":\"undefined\"}" => HTTP 404 (18 bytes)
[PegaHttpClient] 📡 POST https://zdk8budo.pegaacademy.net/prweb/api/HRAppsV2/V1/rules/query?pxObjClass=Rule-HTML-Section&appliesTo=Rule-Test-Functional-Case&pyRuleName=undefined&RequestClass=Rule-HTML-Section&RequestAppliesTo=Rule-Test-Functional-Case&RequestRuleName=undefined Payload: "{\"RequestClass\":\"Rule-HTML-Section\",\"RequestAppliesTo\":\"Rule-Test-Functional-Case\",\"RequestRuleName\":\"undefined\"}" => HTTP 404 (18 bytes)
[PegaHttpClient] 📡 POST https://zdk8budo.pegaacademy.net/prweb/PRRestService/HRAppsV2/V1/rules/query?pxObjClass=Rule-HTML-Section&appliesTo=Rule-Test-Functional-Case&pyRuleName=undefined&RequestClass=Rule-HTML-Section&RequestAppliesTo=Rule-Test-Functional-Case&RequestRuleName=undefined Payload: "{\"RequestClass\":\"Rule-HTML-Section\",\"RequestAppliesTo\":\"Rule-Test-Functional-Case\",\"RequestRuleName\":\"undefined\"}" => HTTP 404 (18 bytes)
[PegaHttpClient] 📡 POST https://zdk8budo.pegaacademy.net/prweb/api/v1/rules/query?pxObjClass=Rule-HTML-Section&appliesTo=Rule-Test-Functional-Case&pyRuleName=undefined&RequestClass=Rule-HTML-Section&RequestAppliesTo=Rule-Test-Functional-Case&RequestRuleName=undefined Payload: "{\"RequestClass\":\"Rule-HTML-Section\",\"RequestAppliesTo\":\"Rule-Test-Functional-Case\",\"RequestRuleName\":\"undefined\"}" => HTTP 404 (18 bytes)
[PegaHttpClient] 📡 POST https://zdk8budo.pegaacademy.net/prweb/PRRestService/v1/rules/query?pxObjClass=Rule-HTML-Section&appliesTo=Rule-Test-Functional-Case&pyRuleName=undefined&RequestClass=Rule-HTML-Section&RequestAppliesTo=Rule-Test-Functional-Case&RequestRuleName=undefined Payload: "{\"RequestClass\":\"Rule-HTML-Section\",\"RequestAppliesTo\":\"Rule-Test-Functional-Case\",\"RequestRuleName\":\"undefined\"}" => HTTP 404 (18 bytes)
[PegaHttpClient] 📡 POST https://zdk8budo.pegaacademy.net/prweb/api/CodeIntelligence/v1/rules/query?pxObjClass=Rule-HTML-Section&appliesTo=Rule-Test-Functional-Case&pyRuleName=pzRuleFormToolbarHotKeys&RequestClass=Rule-HTML-Section&RequestAppliesTo=Rule-Test-Functional-Case&RequestRuleName=pzRuleFormToolbarHotKeys Payload: "{\"RequestClass\":\"Rule-HTML-Section\",\"RequestAppliesTo\":\"Rule-Test-Functional-Case\",\"RequestRuleName\":\"pzRuleFormToolbarHotKeys\"}" => HTTP 200 (85058 bytes)
[PegaHttpClient] 📡 POST https://zdk8budo.pegaacademy.net/prweb/api/CodeIntelligence/v1/rules/query?pxObjClass=Rule-HTML-Section&appliesTo=Rule-Test-Functional-Case&pyRuleName=pzRuleFormToolbarLockedIcon&RequestClass=Rule-HTML-Section&RequestAppliesTo=Rule-Test-Functional-Case&RequestRuleName=pzRuleFormToolbarLockedIcon Payload: "{\"RequestClass\":\"Rule-HTML-Section\",\"RequestAppliesTo\":\"Rule-Test-Functional-Case\",\"RequestRuleName\":\"pzRuleFormToolbarLockedIcon\"}" => HTTP 200 (24898 bytes)
[PegaHttpClient] 📡 POST https://zdk8budo.pegaacademy.net/prweb/api/CodeIntelligence/v1/rules/query?pxObjClass=Rule-HTML-Section&appliesTo=Rule-Test-Functional-Case&pyRuleName=pzRuleFormToolbarCollaborators&RequestClass=Rule-HTML-Section&RequestAppliesTo=Rule-Test-Functional-Case&RequestRuleName=pzRuleFormToolbarCollaborators Payload: "{\"RequestClass\":\"Rule-HTML-Section\",\"RequestAppliesTo\":\"Rule-Test-Functional-Case\",\"RequestRuleName\":\"pzRuleFormToolbarCollaborators\"}" => HTTP 200 (15254 bytes)
[PegaHttpClient] 📡 POST https://zdk8budo.pegaacademy.net/prweb/api/CodeIntelligence/v1/rules/query?pxObjClass=Rule-HTML-Section&appliesTo=Rule-Test-Functional-Case&pyRuleName=pzRuleFormToolbarSaveAs&RequestClass=Rule-HTML-Section&RequestAppliesTo=Rule-Test-Functional-Case&RequestRuleName=pzRuleFormToolbarSaveAs Payload: "{\"RequestClass\":\"Rule-HTML-Section\",\"RequestAppliesTo\":\"Rule-Test-Functional-Case\",\"RequestRuleName\":\"pzRuleFormToolbarSaveAs\"}" => HTTP 200 (64084 bytes)
[PegaHttpClient] 📡 POST https://zdk8budo.pegaacademy.net/prweb/api/CodeIntelligence/v1/rules/query?pxObjClass=Rule-HTML-Section&appliesTo=Rule-Test-Functional-Case&pyRuleName=pzRuleFormToolbarCheckin&RequestClass=Rule-HTML-Section&RequestAppliesTo=Rule-Test-Functional-Case&RequestRuleName=pzRuleFormToolbarCheckin Payload: "{\"RequestClass\":\"Rule-HTML-Section\",\"RequestAppliesTo\":\"Rule-Test-Functional-Case\",\"RequestRuleName\":\"pzRuleFormToolbarCheckin\"}" => HTTP 200 (119096 bytes)
[PegaHttpClient] 📡 POST https://zdk8budo.pegaacademy.net/prweb/api/CodeIntelligence/v1/rules/query?pxObjClass=Rule-HTML-Section&appliesTo=Rule-Test-Functional-Case&pyRuleName=pzRuleFormToolbarDelete&RequestClass=Rule-HTML-Section&RequestAppliesTo=Rule-Test-Functional-Case&RequestRuleName=pzRuleFormToolbarDelete Payload: "{\"RequestClass\":\"Rule-HTML-Section\",\"RequestAppliesTo\":\"Rule-Test-Functional-Case\",\"RequestRuleName\":\"pzRuleFormToolbarDelete\"}" => HTTP 200 (30249 bytes)
[PegaHttpClient] 📡 POST https://zdk8budo.pegaacademy.net/prweb/api/CodeIntelligence/v1/rules/query?pxObjClass=Rule-HTML-Section&appliesTo=Rule-Test-Functional-Case&pyRuleName=pzRuleFormToolbarSave&RequestClass=Rule-HTML-Section&RequestAppliesTo=Rule-Test-Functional-Case&RequestRuleName=pzRuleFormToolbarSave Payload: "{\"RequestClass\":\"Rule-HTML-Section\",\"RequestAppliesTo\":\"Rule-Test-Functional-Case\",\"RequestRuleName\":\"pzRuleFormToolbarSave\"}" => HTTP 200 (293885 bytes)
[PegaHttpClient] 📡 POST https://zdk8budo.pegaacademy.net/prweb/api/CodeIntelligence/v1/rules/query?pxObjClass=Rule-HTML-Section&appliesTo=Rule-Test-Functional-Case&pyRuleName=pzRuleFormToolbarCheckout&RequestClass=Rule-HTML-Section&RequestAppliesTo=Rule-Test-Functional-Case&RequestRuleName=pzRuleFormToolbarCheckout Payload: "{\"RequestClass\":\"Rule-HTML-Section\",\"RequestAppliesTo\":\"Rule-Test-Functional-Case\",\"RequestRuleName\":\"pzRuleFormToolbarCheckout\"}" => HTTP 200 (238148 bytes)
[PegaHttpClient] 📡 POST https://zdk8budo.pegaacademy.net/prweb/api/CodeIntelligence/v1/rules/query?pxObjClass=Rule-HTML-Section&appliesTo=Rule-Test-Functional-Case&pyRuleName=pzRemoveErrorsDataPage&RequestClass=Rule-HTML-Section&RequestAppliesTo=Rule-Test-Functional-Case&RequestRuleName=pzRemoveErrorsDataPage Payload: "{\"RequestClass\":\"Rule-HTML-Section\",\"RequestAppliesTo\":\"Rule-Test-Functional-Case\",\"RequestRuleName\":\"pzRemoveErrorsDataPage\"}" => HTTP 200 (16733 bytes)
[PegaHttpClient] 📡 POST https://zdk8budo.pegaacademy.net/prweb/api/CodeIntelligence/v1/rules/query?pxObjClass=Rule-HTML-Section&appliesTo=Rule-Test-Functional-Case&pyRuleName=pzRuleFormHeaderMessagesWrapper&RequestClass=Rule-HTML-Section&RequestAppliesTo=Rule-Test-Functional-Case&RequestRuleName=pzRuleFormHeaderMessagesWrapper Payload: "{\"RequestClass\":\"Rule-HTML-Section\",\"RequestAppliesTo\":\"Rule-Test-Functional-Case\",\"RequestRuleName\":\"pzRuleFormHeaderMessagesWrapper\"}" => HTTP 200 (16981 bytes)
[PegaHttpClient] 📡 POST https://zdk8budo.pegaacademy.net/prweb/api/CodeIntelligence/v1/rules/query?pxObjClass=Rule-HTML-Section&appliesTo=Rule-Test-Functional-Case&pyRuleName=pzSecnarioTestDescription&RequestClass=Rule-HTML-Section&RequestAppliesTo=Rule-Test-Functional-Case&RequestRuleName=pzSecnarioTestDescription Payload: "{\"RequestClass\":\"Rule-HTML-Section\",\"RequestAppliesTo\":\"Rule-Test-Functional-Case\",\"RequestRuleName\":\"pzSecnarioTestDescription\"}" => HTTP 200 (105054 bytes)
[PegaHttpClient] 📡 POST https://zdk8budo.pegaacademy.net/prweb/api/CodeIntelligence/v1/rules/query?pxObjClass=Rule-HTML-Section&appliesTo=Rule-Test-Functional-Case&pyRuleName=pzSecnarioTestType&RequestClass=Rule-HTML-Section&RequestAppliesTo=Rule-Test-Functional-Case&RequestRuleName=pzSecnarioTestType Payload: "{\"RequestClass\":\"Rule-HTML-Section\",\"RequestAppliesTo\":\"Rule-Test-Functional-Case\",\"RequestRuleName\":\"pzSecnarioTestType\"}" => HTTP 200 (48697 bytes)
[PegaHttpClient] 📡 POST https://zdk8budo.pegaacademy.net/prweb/api/CodeIntelligence/v1/rules/query?pxObjClass=Rule-HTML-Section&appliesTo=Rule-Test-Functional-Case&pyRuleName=pyShowFunctionalTestSteps&RequestClass=Rule-HTML-Section&RequestAppliesTo=Rule-Test-Functional-Case&RequestRuleName=pyShowFunctionalTestSteps Payload: "{\"RequestClass\":\"Rule-HTML-Section\",\"RequestAppliesTo\":\"Rule-Test-Functional-Case\",\"RequestRuleName\":\"pyShowFunctionalTestSteps\"}" => HTTP 200 (37217 bytes)
[PegaHttpClient] 📡 POST https://zdk8budo.pegaacademy.net/prweb/api/CodeIntelligence/v1/rules/query?pxObjClass=Rule-HTML-Section&appliesTo=Rule-Test-Functional-Case&pyRuleName=pyShowFunctionalTestStep&RequestClass=Rule-HTML-Section&RequestAppliesTo=Rule-Test-Functional-Case&RequestRuleName=pyShowFunctionalTestStep Payload: "{\"RequestClass\":\"Rule-HTML-Section\",\"RequestAppliesTo\":\"Rule-Test-Functional-Case\",\"RequestRuleName\":\"pyShowFunctionalTestStep\"}" => HTTP 200 (13045 bytes)
[PegaHttpClient] 📡 POST https://zdk8budo.pegaacademy.net/prweb/api/CodeIntelligence/v1/rules/query?pxObjClass=Rule-HTML-Section&appliesTo=Rule-Test-Functional-Case&pyRuleName=pzFocusFirstTestStep&RequestClass=Rule-HTML-Section&RequestAppliesTo=Rule-Test-Functional-Case&RequestRuleName=pzFocusFirstTestStep Payload: "{\"RequestClass\":\"Rule-HTML-Section\",\"RequestAppliesTo\":\"Rule-Test-Functional-Case\",\"RequestRuleName\":\"pzFocusFirstTestStep\"}" => HTTP 200 (117989 bytes)
[PegaHttpClient] 📡 POST https://zdk8budo.pegaacademy.net/prweb/api/CodeIntelligence/v1/rules/query?pxObjClass=Rule-HTML-Section&appliesTo=Rule-Test-Functional-Case&pyRuleName=pzRuleFormPagesAndClassesScript&RequestClass=Rule-HTML-Section&RequestAppliesTo=Rule-Test-Functional-Case&RequestRuleName=pzRuleFormPagesAndClassesScript Payload: "{\"RequestClass\":\"Rule-HTML-Section\",\"RequestAppliesTo\":\"Rule-Test-Functional-Case\",\"RequestRuleName\":\"pzRuleFormPagesAndClassesScript\"}" => HTTP 200 (15730 bytes)
[PegaHttpClient] 📡 POST https://zdk8budo.pegaacademy.net/prweb/api/CodeIntelligence/v1/rules/query?pxObjClass=Rule-HTML-Section&appliesTo=Rule-Test-Functional-Case&pyRuleName=pzPagesAndClassesNoMode&RequestClass=Rule-HTML-Section&RequestAppliesTo=Rule-Test-Functional-Case&RequestRuleName=pzPagesAndClassesNoMode Payload: "{\"RequestClass\":\"Rule-HTML-Section\",\"RequestAppliesTo\":\"Rule-Test-Functional-Case\",\"RequestRuleName\":\"pzPagesAndClassesNoMode\"}" => HTTP 200 (90057 bytes)
[PegaHttpClient] 📡 POST https://zdk8budo.pegaacademy.net/prweb/api/CodeIntelligence/v1/rules/query?pxObjClass=Rule-HTML-Section&appliesTo=Rule-Test-Functional-Case&pyRuleName=pzPagesAndClassesWithMode&RequestClass=Rule-HTML-Section&RequestAppliesTo=Rule-Test-Functional-Case&RequestRuleName=pzPagesAndClassesWithMode Payload: "{\"RequestClass\":\"Rule-HTML-Section\",\"RequestAppliesTo\":\"Rule-Test-Functional-Case\",\"RequestRuleName\":\"pzPagesAndClassesWithMode\"}" => HTTP 200 (97424 bytes)
[PegaHttpClient] 📡 POST https://zdk8budo.pegaacademy.net/prweb/api/CodeIntelligence/v1/rules/query?pxObjClass=Rule-HTML-Section&appliesTo=Rule-Test-Functional-Case&pyRuleName=pzAlternateRuleInfo&RequestClass=Rule-HTML-Section&RequestAppliesTo=Rule-Test-Functional-Case&RequestRuleName=pzAlternateRuleInfo Payload: "{\"RequestClass\":\"Rule-HTML-Section\",\"RequestAppliesTo\":\"Rule-Test-Functional-Case\",\"RequestRuleName\":\"pzAlternateRuleInfo\"}" => HTTP 200 (140407 bytes)
[PegaHttpClient] 📡 POST https://zdk8budo.pegaacademy.net/prweb/api/CodeIntelligence/v1/rules/query?pxObjClass=Rule-HTML-Section&appliesTo=Rule-Test-Functional-Case&pyRuleName=RuleFormHistory_Description&RequestClass=Rule-HTML-Section&RequestAppliesTo=Rule-Test-Functional-Case&RequestRuleName=RuleFormHistory_Description Payload: "{\"RequestClass\":\"Rule-HTML-Section\",\"RequestAppliesTo\":\"Rule-Test-Functional-Case\",\"RequestRuleName\":\"RuleFormHistory_Description\"}" => HTTP 200 (56390 bytes)
[PegaHttpClient] 📡 POST https://zdk8budo.pegaacademy.net/prweb/api/CodeIntelligence/v1/rules/query?pxObjClass=Rule-HTML-Section&appliesTo=Rule-Test-Functional-Case&pyRuleName=RuleFormHistory_CustomFields&RequestClass=Rule-HTML-Section&RequestAppliesTo=Rule-Test-Functional-Case&RequestRuleName=RuleFormHistory_CustomFields Payload: "{\"RequestClass\":\"Rule-HTML-Section\",\"RequestAppliesTo\":\"Rule-Test-Functional-Case\",\"RequestRuleName\":\"RuleFormHistory_CustomFields\"}" => HTTP 200 (75856 bytes)
[PegaHttpClient] 📡 POST https://zdk8budo.pegaacademy.net/prweb/api/CodeIntelligence/v1/rules/query?pxObjClass=Rule-HTML-Section&appliesTo=Rule-Test-Functional-Case&pyRuleName=RuleFormHistory_HistoryDetails&RequestClass=Rule-HTML-Section&RequestAppliesTo=Rule-Test-Functional-Case&RequestRuleName=RuleFormHistory_HistoryDetails Payload: "{\"RequestClass\":\"Rule-HTML-Section\",\"RequestAppliesTo\":\"Rule-Test-Functional-Case\",\"RequestRuleName\":\"RuleFormHistory_HistoryDetails\"}" => HTTP 200 (179535 bytes)
[PegaHttpClient] 📡 POST https://zdk8budo.pegaacademy.net/prweb/api/CodeIntelligence/v1/rules/query?pxObjClass=Rule-HTML-Section&appliesTo=Rule-Test-Functional-Case&pyRuleName=pxDisplayCollaborators&RequestClass=Rule-HTML-Section&RequestAppliesTo=Rule-Test-Functional-Case&RequestRuleName=pxDisplayCollaborators Payload: "{\"RequestClass\":\"Rule-HTML-Section\",\"RequestAppliesTo\":\"Rule-Test-Functional-Case\",\"RequestRuleName\":\"pxDisplayCollaborators\"}" => HTTP 200 (94171 bytes)
[PegaHttpClient] 📡 POST https://zdk8budo.pegaacademy.net/prweb/api/CodeIntelligence/v1/rules/query?pxObjClass=Rule-HTML-Section&appliesTo=Rule-Test-Functional-Case&pyRuleName=pzRuleFormToolbarDeleteCheckOut&RequestClass=Rule-HTML-Section&RequestAppliesTo=Rule-Test-Functional-Case&RequestRuleName=pzRuleFormToolbarDeleteCheckOut Payload: "{\"RequestClass\":\"Rule-HTML-Section\",\"RequestAppliesTo\":\"Rule-Test-Functional-Case\",\"RequestRuleName\":\"pzRuleFormToolbarDeleteCheckOut\"}" => HTTP 200 (29433 bytes)
[PegaHttpClient] 📡 POST https://zdk8budo.pegaacademy.net/prweb/api/CodeIntelligence/v1/rules/query?pxObjClass=Rule-HTML-Section&appliesTo=Rule-Test-Functional-Case&pyRuleName=pzRuleFormToolbarDeleteRule&RequestClass=Rule-HTML-Section&RequestAppliesTo=Rule-Test-Functional-Case&RequestRuleName=pzRuleFormToolbarDeleteRule Payload: "{\"RequestClass\":\"Rule-HTML-Section\",\"RequestAppliesTo\":\"Rule-Test-Functional-Case\",\"RequestRuleName\":\"pzRuleFormToolbarDeleteRule\"}" => HTTP 200 (32314 bytes)
[PegaHttpClient] 📡 POST https://zdk8budo.pegaacademy.net/prweb/api/CodeIntelligence/v1/rules/query?pxObjClass=Rule-HTML-Section&appliesTo=Rule-Test-Functional-Case&pyRuleName=pyFunctionalTestStepRow&RequestClass=Rule-HTML-Section&RequestAppliesTo=Rule-Test-Functional-Case&RequestRuleName=pyFunctionalTestStepRow Payload: "{\"RequestClass\":\"Rule-HTML-Section\",\"RequestAppliesTo\":\"Rule-Test-Functional-Case\",\"RequestRuleName\":\"pyFunctionalTestStepRow\"}" => HTTP 404 (126 bytes)
[PegaHttpClient] 📡 POST https://zdk8budo.pegaacademy.net/prweb/PRRestService/CodeIntelligence/v1/rules/query?pxObjClass=Rule-HTML-Section&appliesTo=Rule-Test-Functional-Case&pyRuleName=pyFunctionalTestStepRow&RequestClass=Rule-HTML-Section&RequestAppliesTo=Rule-Test-Functional-Case&RequestRuleName=pyFunctionalTestStepRow Payload: "{\"RequestClass\":\"Rule-HTML-Section\",\"RequestAppliesTo\":\"Rule-Test-Functional-Case\",\"RequestRuleName\":\"pyFunctionalTestStepRow\"}" => HTTP 404 (126 bytes)
[PegaHttpClient] 📡 POST https://zdk8budo.pegaacademy.net/prweb/api/HRAppsV2Service/V1/rules/query?pxObjClass=Rule-HTML-Section&appliesTo=Rule-Test-Functional-Case&pyRuleName=pyFunctionalTestStepRow&RequestClass=Rule-HTML-Section&RequestAppliesTo=Rule-Test-Functional-Case&RequestRuleName=pyFunctionalTestStepRow Payload: "{\"RequestClass\":\"Rule-HTML-Section\",\"RequestAppliesTo\":\"Rule-Test-Functional-Case\",\"RequestRuleName\":\"pyFunctionalTestStepRow\"}" => HTTP 404 (18 bytes)
[PegaHttpClient] 📡 POST https://zdk8budo.pegaacademy.net/prweb/PRRestService/HRAppsV2Service/V1/rules/query?pxObjClass=Rule-HTML-Section&appliesTo=Rule-Test-Functional-Case&pyRuleName=pyFunctionalTestStepRow&RequestClass=Rule-HTML-Section&RequestAppliesTo=Rule-Test-Functional-Case&RequestRuleName=pyFunctionalTestStepRow Payload: "{\"RequestClass\":\"Rule-HTML-Section\",\"RequestAppliesTo\":\"Rule-Test-Functional-Case\",\"RequestRuleName\":\"pyFunctionalTestStepRow\"}" => HTTP 404 (18 bytes)
[PegaHttpClient] 📡 POST https://zdk8budo.pegaacademy.net/prweb/api/HRAppsV2/V1/rules/query?pxObjClass=Rule-HTML-Section&appliesTo=Rule-Test-Functional-Case&pyRuleName=pyFunctionalTestStepRow&RequestClass=Rule-HTML-Section&RequestAppliesTo=Rule-Test-Functional-Case&RequestRuleName=pyFunctionalTestStepRow Payload: "{\"RequestClass\":\"Rule-HTML-Section\",\"RequestAppliesTo\":\"Rule-Test-Functional-Case\",\"RequestRuleName\":\"pyFunctionalTestStepRow\"}" => HTTP 404 (18 bytes)
[PegaHttpClient] 📡 POST https://zdk8budo.pegaacademy.net/prweb/PRRestService/HRAppsV2/V1/rules/query?pxObjClass=Rule-HTML-Section&appliesTo=Rule-Test-Functional-Case&pyRuleName=pyFunctionalTestStepRow&RequestClass=Rule-HTML-Section&RequestAppliesTo=Rule-Test-Functional-Case&RequestRuleName=pyFunctionalTestStepRow Payload: "{\"RequestClass\":\"Rule-HTML-Section\",\"RequestAppliesTo\":\"Rule-Test-Functional-Case\",\"RequestRuleName\":\"pyFunctionalTestStepRow\"}" => HTTP 404 (18 bytes)
[PegaHttpClient] 📡 POST https://zdk8budo.pegaacademy.net/prweb/api/v1/rules/query?pxObjClass=Rule-HTML-Section&appliesTo=Rule-Test-Functional-Case&pyRuleName=pyFunctionalTestStepRow&RequestClass=Rule-HTML-Section&RequestAppliesTo=Rule-Test-Functional-Case&RequestRuleName=pyFunctionalTestStepRow Payload: "{\"RequestClass\":\"Rule-HTML-Section\",\"RequestAppliesTo\":\"Rule-Test-Functional-Case\",\"RequestRuleName\":\"pyFunctionalTestStepRow\"}" => HTTP 404 (18 bytes)
[PegaHttpClient] 📡 POST https://zdk8budo.pegaacademy.net/prweb/PRRestService/v1/rules/query?pxObjClass=Rule-HTML-Section&appliesTo=Rule-Test-Functional-Case&pyRuleName=pyFunctionalTestStepRow&RequestClass=Rule-HTML-Section&RequestAppliesTo=Rule-Test-Functional-Case&RequestRuleName=pyFunctionalTestStepRow Payload: "{\"RequestClass\":\"Rule-HTML-Section\",\"RequestAppliesTo\":\"Rule-Test-Functional-Case\",\"RequestRuleName\":\"pyFunctionalTestStepRow\"}" => HTTP 404 (18 bytes)
[PegaHttpClient] 📡 POST https://zdk8budo.pegaacademy.net/prweb/api/CodeIntelligence/v1/rules/query?pxObjClass=Rule-HTML-Section&appliesTo=Rule-Test-Functional-Case&pyRuleName=.pyAutomationComponentType&RequestClass=Rule-HTML-Section&RequestAppliesTo=Rule-Test-Functional-Case&RequestRuleName=.pyAutomationComponentType Payload: "{\"RequestClass\":\"Rule-HTML-Section\",\"RequestAppliesTo\":\"Rule-Test-Functional-Case\",\"RequestRuleName\":\".pyAutomationComponentType\"}" => HTTP 404 (129 bytes)
[PegaHttpClient] 📡 POST https://zdk8budo.pegaacademy.net/prweb/PRRestService/CodeIntelligence/v1/rules/query?pxObjClass=Rule-HTML-Section&appliesTo=Rule-Test-Functional-Case&pyRuleName=.pyAutomationComponentType&RequestClass=Rule-HTML-Section&RequestAppliesTo=Rule-Test-Functional-Case&RequestRuleName=.pyAutomationComponentType Payload: "{\"RequestClass\":\"Rule-HTML-Section\",\"RequestAppliesTo\":\"Rule-Test-Functional-Case\",\"RequestRuleName\":\".pyAutomationComponentType\"}" => HTTP 404 (129 bytes)
[PegaHttpClient] 📡 POST https://zdk8budo.pegaacademy.net/prweb/api/HRAppsV2Service/V1/rules/query?pxObjClass=Rule-HTML-Section&appliesTo=Rule-Test-Functional-Case&pyRuleName=.pyAutomationComponentType&RequestClass=Rule-HTML-Section&RequestAppliesTo=Rule-Test-Functional-Case&RequestRuleName=.pyAutomationComponentType Payload: "{\"RequestClass\":\"Rule-HTML-Section\",\"RequestAppliesTo\":\"Rule-Test-Functional-Case\",\"RequestRuleName\":\".pyAutomationComponentType\"}" => HTTP 404 (18 bytes)
[PegaHttpClient] 📡 POST https://zdk8budo.pegaacademy.net/prweb/PRRestService/HRAppsV2Service/V1/rules/query?pxObjClass=Rule-HTML-Section&appliesTo=Rule-Test-Functional-Case&pyRuleName=.pyAutomationComponentType&RequestClass=Rule-HTML-Section&RequestAppliesTo=Rule-Test-Functional-Case&RequestRuleName=.pyAutomationComponentType Payload: "{\"RequestClass\":\"Rule-HTML-Section\",\"RequestAppliesTo\":\"Rule-Test-Functional-Case\",\"RequestRuleName\":\".pyAutomationComponentType\"}" => HTTP 404 (18 bytes)
[PegaHttpClient] 📡 POST https://zdk8budo.pegaacademy.net/prweb/api/HRAppsV2/V1/rules/query?pxObjClass=Rule-HTML-Section&appliesTo=Rule-Test-Functional-Case&pyRuleName=.pyAutomationComponentType&RequestClass=Rule-HTML-Section&RequestAppliesTo=Rule-Test-Functional-Case&RequestRuleName=.pyAutomationComponentType Payload: "{\"RequestClass\":\"Rule-HTML-Section\",\"RequestAppliesTo\":\"Rule-Test-Functional-Case\",\"RequestRuleName\":\".pyAutomationComponentType\"}" => HTTP 404 (18 bytes)
[PegaHttpClient] 📡 POST https://zdk8budo.pegaacademy.net/prweb/PRRestService/HRAppsV2/V1/rules/query?pxObjClass=Rule-HTML-Section&appliesTo=Rule-Test-Functional-Case&pyRuleName=.pyAutomationComponentType&RequestClass=Rule-HTML-Section&RequestAppliesTo=Rule-Test-Functional-Case&RequestRuleName=.pyAutomationComponentType Payload: "{\"RequestClass\":\"Rule-HTML-Section\",\"RequestAppliesTo\":\"Rule-Test-Functional-Case\",\"RequestRuleName\":\".pyAutomationComponentType\"}" => HTTP 404 (18 bytes)
[PegaHttpClient] 📡 POST https://zdk8budo.pegaacademy.net/prweb/api/v1/rules/query?pxObjClass=Rule-HTML-Section&appliesTo=Rule-Test-Functional-Case&pyRuleName=.pyAutomationComponentType&RequestClass=Rule-HTML-Section&RequestAppliesTo=Rule-Test-Functional-Case&RequestRuleName=.pyAutomationComponentType Payload: "{\"RequestClass\":\"Rule-HTML-Section\",\"RequestAppliesTo\":\"Rule-Test-Functional-Case\",\"RequestRuleName\":\".pyAutomationComponentType\"}" => HTTP 404 (18 bytes)
[PegaHttpClient] 📡 POST https://zdk8budo.pegaacademy.net/prweb/PRRestService/v1/rules/query?pxObjClass=Rule-HTML-Section&appliesTo=Rule-Test-Functional-Case&pyRuleName=.pyAutomationComponentType&RequestClass=Rule-HTML-Section&RequestAppliesTo=Rule-Test-Functional-Case&RequestRuleName=.pyAutomationComponentType Payload: "{\"RequestClass\":\"Rule-HTML-Section\",\"RequestAppliesTo\":\"Rule-Test-Functional-Case\",\"RequestRuleName\":\".pyAutomationComponentType\"}" => HTTP 404 (18 bytes)
[PegaHttpClient] 📡 POST https://zdk8budo.pegaacademy.net/prweb/api/CodeIntelligence/v1/rules/query?pxObjClass=Rule-HTML-Section&appliesTo=Rule-Test-Functional-Case&pyRuleName=pzPagesAndClassesScriptNoMode&RequestClass=Rule-HTML-Section&RequestAppliesTo=Rule-Test-Functional-Case&RequestRuleName=pzPagesAndClassesScriptNoMode Payload: "{\"RequestClass\":\"Rule-HTML-Section\",\"RequestAppliesTo\":\"Rule-Test-Functional-Case\",\"RequestRuleName\":\"pzPagesAndClassesScriptNoMode\"}" => HTTP 200 (25452 bytes)
[PegaHttpClient] 📡 POST https://zdk8budo.pegaacademy.net/prweb/api/CodeIntelligence/v1/rules/query?pxObjClass=Rule-HTML-Section&appliesTo=Rule-Test-Functional-Case&pyRuleName=pzPagesAndClassesScript&RequestClass=Rule-HTML-Section&RequestAppliesTo=Rule-Test-Functional-Case&RequestRuleName=pzPagesAndClassesScript Payload: "{\"RequestClass\":\"Rule-HTML-Section\",\"RequestAppliesTo\":\"Rule-Test-Functional-Case\",\"RequestRuleName\":\"pzPagesAndClassesScript\"}" => HTTP 200 (24224 bytes)
[PegaHttpClient] 📡 POST https://zdk8budo.pegaacademy.net/prweb/api/CodeIntelligence/v1/rules/query?pxObjClass=Rule-HTML-Section&appliesTo=Rule-Test-Functional-Case&pyRuleName=pzScm_RuleHistory&RequestClass=Rule-HTML-Section&RequestAppliesTo=Rule-Test-Functional-Case&RequestRuleName=pzScm_RuleHistory Payload: "{\"RequestClass\":\"Rule-HTML-Section\",\"RequestAppliesTo\":\"Rule-Test-Functional-Case\",\"RequestRuleName\":\"pzScm_RuleHistory\"}" => HTTP 200 (14682 bytes)
[PegaHttpClient] 📡 POST https://zdk8budo.pegaacademy.net/prweb/api/CodeIntelligence/v1/rules/query?pxObjClass=Rule-HTML-Section&appliesTo=Rule-Test-Functional-Case&pyRuleName=pzLoadCollaborationScripts&RequestClass=Rule-HTML-Section&RequestAppliesTo=Rule-Test-Functional-Case&RequestRuleName=pzLoadCollaborationScripts Payload: "{\"RequestClass\":\"Rule-HTML-Section\",\"RequestAppliesTo\":\"Rule-Test-Functional-Case\",\"RequestRuleName\":\"pzLoadCollaborationScripts\"}" => HTTP 200 (23453 bytes)
[PegaHttpClient] 📡 POST https://zdk8budo.pegaacademy.net/prweb/api/CodeIntelligence/v1/rules/query?pxObjClass=Rule-HTML-Section&appliesTo=Rule-Test-Functional-Case&pyRuleName=pzDisplayCollaboratorsList&RequestClass=Rule-HTML-Section&RequestAppliesTo=Rule-Test-Functional-Case&RequestRuleName=pzDisplayCollaboratorsList Payload: "{\"RequestClass\":\"Rule-HTML-Section\",\"RequestAppliesTo\":\"Rule-Test-Functional-Case\",\"RequestRuleName\":\"pzDisplayCollaboratorsList\"}" => HTTP 200 (105418 bytes)
[PegaHttpClient] 📡 POST https://zdk8budo.pegaacademy.net/prweb/api/CodeIntelligence/v1/rules/query?pxObjClass=Rule-HTML-Section&appliesTo=Rule-Test-Functional-Case&pyRuleName=pyCollaborator&RequestClass=Rule-HTML-Section&RequestAppliesTo=Rule-Test-Functional-Case&RequestRuleName=pyCollaborator Payload: "{\"RequestClass\":\"Rule-HTML-Section\",\"RequestAppliesTo\":\"Rule-Test-Functional-Case\",\"RequestRuleName\":\"pyCollaborator\"}" => HTTP 404 (117 bytes)
[PegaHttpClient] 📡 POST https://zdk8budo.pegaacademy.net/prweb/PRRestService/CodeIntelligence/v1/rules/query?pxObjClass=Rule-HTML-Section&appliesTo=Rule-Test-Functional-Case&pyRuleName=pyCollaborator&RequestClass=Rule-HTML-Section&RequestAppliesTo=Rule-Test-Functional-Case&RequestRuleName=pyCollaborator Payload: "{\"RequestClass\":\"Rule-HTML-Section\",\"RequestAppliesTo\":\"Rule-Test-Functional-Case\",\"RequestRuleName\":\"pyCollaborator\"}" => HTTP 404 (117 bytes)
[PegaHttpClient] 📡 POST https://zdk8budo.pegaacademy.net/prweb/api/HRAppsV2Service/V1/rules/query?pxObjClass=Rule-HTML-Section&appliesTo=Rule-Test-Functional-Case&pyRuleName=pyCollaborator&RequestClass=Rule-HTML-Section&RequestAppliesTo=Rule-Test-Functional-Case&RequestRuleName=pyCollaborator Payload: "{\"RequestClass\":\"Rule-HTML-Section\",\"RequestAppliesTo\":\"Rule-Test-Functional-Case\",\"RequestRuleName\":\"pyCollaborator\"}" => HTTP 404 (18 bytes)
[PegaHttpClient] 📡 POST https://zdk8budo.pegaacademy.net/prweb/PRRestService/HRAppsV2Service/V1/rules/query?pxObjClass=Rule-HTML-Section&appliesTo=Rule-Test-Functional-Case&pyRuleName=pyCollaborator&RequestClass=Rule-HTML-Section&RequestAppliesTo=Rule-Test-Functional-Case&RequestRuleName=pyCollaborator Payload: "{\"RequestClass\":\"Rule-HTML-Section\",\"RequestAppliesTo\":\"Rule-Test-Functional-Case\",\"RequestRuleName\":\"pyCollaborator\"}" => HTTP 404 (18 bytes)
[PegaHttpClient] 📡 POST https://zdk8budo.pegaacademy.net/prweb/api/HRAppsV2/V1/rules/query?pxObjClass=Rule-HTML-Section&appliesTo=Rule-Test-Functional-Case&pyRuleName=pyCollaborator&RequestClass=Rule-HTML-Section&RequestAppliesTo=Rule-Test-Functional-Case&RequestRuleName=pyCollaborator Payload: "{\"RequestClass\":\"Rule-HTML-Section\",\"RequestAppliesTo\":\"Rule-Test-Functional-Case\",\"RequestRuleName\":\"pyCollaborator\"}" => HTTP 404 (18 bytes)
[PegaHttpClient] 📡 POST https://zdk8budo.pegaacademy.net/prweb/PRRestService/HRAppsV2/V1/rules/query?pxObjClass=Rule-HTML-Section&appliesTo=Rule-Test-Functional-Case&pyRuleName=pyCollaborator&RequestClass=Rule-HTML-Section&RequestAppliesTo=Rule-Test-Functional-Case&RequestRuleName=pyCollaborator Payload: "{\"RequestClass\":\"Rule-HTML-Section\",\"RequestAppliesTo\":\"Rule-Test-Functional-Case\",\"RequestRuleName\":\"pyCollaborator\"}" => HTTP 404 (18 bytes)
[PegaHttpClient] 📡 POST https://zdk8budo.pegaacademy.net/prweb/api/v1/rules/query?pxObjClass=Rule-HTML-Section&appliesTo=Rule-Test-Functional-Case&pyRuleName=pyCollaborator&RequestClass=Rule-HTML-Section&RequestAppliesTo=Rule-Test-Functional-Case&RequestRuleName=pyCollaborator Payload: "{\"RequestClass\":\"Rule-HTML-Section\",\"RequestAppliesTo\":\"Rule-Test-Functional-Case\",\"RequestRuleName\":\"pyCollaborator\"}" => HTTP 404 (18 bytes)
[PegaHttpClient] 📡 POST https://zdk8budo.pegaacademy.net/prweb/PRRestService/v1/rules/query?pxObjClass=Rule-HTML-Section&appliesTo=Rule-Test-Functional-Case&pyRuleName=pyCollaborator&RequestClass=Rule-HTML-Section&RequestAppliesTo=Rule-Test-Functional-Case&RequestRuleName=pyCollaborator Payload: "{\"RequestClass\":\"Rule-HTML-Section\",\"RequestAppliesTo\":\"Rule-Test-Functional-Case\",\"RequestRuleName\":\"pyCollaborator\"}" => HTTP 404 (18 bytes)
[PegaHttpClient] 📡 POST https://zdk8budo.pegaacademy.net/prweb/api/CodeIntelligence/v1/rules/query?pxObjClass=Rule-HTML-Section&appliesTo=Rule-Test-Functional-Case&pyRuleName=pzDisplayPartialCount&RequestClass=Rule-HTML-Section&RequestAppliesTo=Rule-Test-Functional-Case&RequestRuleName=pzDisplayPartialCount Payload: "{\"RequestClass\":\"Rule-HTML-Section\",\"RequestAppliesTo\":\"Rule-Test-Functional-Case\",\"RequestRuleName\":\"pzDisplayPartialCount\"}" => HTTP 404 (124 bytes)
[PegaHttpClient] 📡 POST https://zdk8budo.pegaacademy.net/prweb/PRRestService/CodeIntelligence/v1/rules/query?pxObjClass=Rule-HTML-Section&appliesTo=Rule-Test-Functional-Case&pyRuleName=pzDisplayPartialCount&RequestClass=Rule-HTML-Section&RequestAppliesTo=Rule-Test-Functional-Case&RequestRuleName=pzDisplayPartialCount Payload: "{\"RequestClass\":\"Rule-HTML-Section\",\"RequestAppliesTo\":\"Rule-Test-Functional-Case\",\"RequestRuleName\":\"pzDisplayPartialCount\"}" => HTTP 404 (124 bytes)
[PegaHttpClient] 📡 POST https://zdk8budo.pegaacademy.net/prweb/api/HRAppsV2Service/V1/rules/query?pxObjClass=Rule-HTML-Section&appliesTo=Rule-Test-Functional-Case&pyRuleName=pzDisplayPartialCount&RequestClass=Rule-HTML-Section&RequestAppliesTo=Rule-Test-Functional-Case&RequestRuleName=pzDisplayPartialCount Payload: "{\"RequestClass\":\"Rule-HTML-Section\",\"RequestAppliesTo\":\"Rule-Test-Functional-Case\",\"RequestRuleName\":\"pzDisplayPartialCount\"}" => HTTP 404 (18 bytes)
[PegaHttpClient] 📡 POST https://zdk8budo.pegaacademy.net/prweb/PRRestService/HRAppsV2Service/V1/rules/query?pxObjClass=Rule-HTML-Section&appliesTo=Rule-Test-Functional-Case&pyRuleName=pzDisplayPartialCount&RequestClass=Rule-HTML-Section&RequestAppliesTo=Rule-Test-Functional-Case&RequestRuleName=pzDisplayPartialCount Payload: "{\"RequestClass\":\"Rule-HTML-Section\",\"RequestAppliesTo\":\"Rule-Test-Functional-Case\",\"RequestRuleName\":\"pzDisplayPartialCount\"}" => HTTP 404 (18 bytes)
[PegaHttpClient] 📡 POST https://zdk8budo.pegaacademy.net/prweb/api/HRAppsV2/V1/rules/query?pxObjClass=Rule-HTML-Section&appliesTo=Rule-Test-Functional-Case&pyRuleName=pzDisplayPartialCount&RequestClass=Rule-HTML-Section&RequestAppliesTo=Rule-Test-Functional-Case&RequestRuleName=pzDisplayPartialCount Payload: "{\"RequestClass\":\"Rule-HTML-Section\",\"RequestAppliesTo\":\"Rule-Test-Functional-Case\",\"RequestRuleName\":\"pzDisplayPartialCount\"}" => HTTP 404 (18 bytes)
[PegaHttpClient] 📡 POST https://zdk8budo.pegaacademy.net/prweb/PRRestService/HRAppsV2/V1/rules/query?pxObjClass=Rule-HTML-Section&appliesTo=Rule-Test-Functional-Case&pyRuleName=pzDisplayPartialCount&RequestClass=Rule-HTML-Section&RequestAppliesTo=Rule-Test-Functional-Case&RequestRuleName=pzDisplayPartialCount Payload: "{\"RequestClass\":\"Rule-HTML-Section\",\"RequestAppliesTo\":\"Rule-Test-Functional-Case\",\"RequestRuleName\":\"pzDisplayPartialCount\"}" => HTTP 404 (18 bytes)
[PegaHttpClient] 📡 POST https://zdk8budo.pegaacademy.net/prweb/api/v1/rules/query?pxObjClass=Rule-HTML-Section&appliesTo=Rule-Test-Functional-Case&pyRuleName=pzDisplayPartialCount&RequestClass=Rule-HTML-Section&RequestAppliesTo=Rule-Test-Functional-Case&RequestRuleName=pzDisplayPartialCount Payload: "{\"RequestClass\":\"Rule-HTML-Section\",\"RequestAppliesTo\":\"Rule-Test-Functional-Case\",\"RequestRuleName\":\"pzDisplayPartialCount\"}" => HTTP 404 (18 bytes)
[PegaHttpClient] 📡 POST https://zdk8budo.pegaacademy.net/prweb/PRRestService/v1/rules/query?pxObjClass=Rule-HTML-Section&appliesTo=Rule-Test-Functional-Case&pyRuleName=pzDisplayPartialCount&RequestClass=Rule-HTML-Section&RequestAppliesTo=Rule-Test-Functional-Case&RequestRuleName=pzDisplayPartialCount Payload: "{\"RequestClass\":\"Rule-HTML-Section\",\"RequestAppliesTo\":\"Rule-Test-Functional-Case\",\"RequestRuleName\":\"pzDisplayPartialCount\"}" => HTTP 404 (18 bytes)
[SchemaGen] ✅ Schema written for Rule-Test-Functional-Case
[PegaHttpClient] 📡 GET https://zdk8budo.pegaacademy.net/prweb/api/CodeIntelligence/v1/rules/RULE-HTML-HARNESS%20DATA-TESTCASERESULTS-FUNCTIONAL%20RULEFORM%20%2320180713T142152.053%20GMT => HTTP 200 (33858 bytes)
[PegaHttpClient] 📡 POST https://zdk8budo.pegaacademy.net/prweb/api/CodeIntelligence/v1/rules/query?pxObjClass=Rule-HTML-Section&appliesTo=Data-TestCaseResults-Functional&pyRuleName=pzDisableDirtyCheck&RequestClass=Rule-HTML-Section&RequestAppliesTo=Data-TestCaseResults-Functional&RequestRuleName=pzDisableDirtyCheck Payload: "{\"RequestClass\":\"Rule-HTML-Section\",\"RequestAppliesTo\":\"Data-TestCaseResults-Functional\",\"RequestRuleName\":\"pzDisableDirtyCheck\"}" => HTTP 200 (37245 bytes)
[PegaHttpClient] 📡 POST https://zdk8budo.pegaacademy.net/prweb/api/CodeIntelligence/v1/rules/query?pxObjClass=Rule-HTML-Section&appliesTo=Data-TestCaseResults-Functional&pyRuleName=RuleFormMain&RequestClass=Rule-HTML-Section&RequestAppliesTo=Data-TestCaseResults-Functional&RequestRuleName=RuleFormMain Payload: "{\"RequestClass\":\"Rule-HTML-Section\",\"RequestAppliesTo\":\"Data-TestCaseResults-Functional\",\"RequestRuleName\":\"RuleFormMain\"}" => HTTP 200 (156234 bytes)
[PegaHttpClient] 📡 POST https://zdk8budo.pegaacademy.net/prweb/api/CodeIntelligence/v1/rules/query?pxObjClass=Rule-HTML-Section&appliesTo=Data-TestCaseResults-Functional&pyRuleName=pxAlternateRuleForm&RequestClass=Rule-HTML-Section&RequestAppliesTo=Data-TestCaseResults-Functional&RequestRuleName=pxAlternateRuleForm Payload: "{\"RequestClass\":\"Rule-HTML-Section\",\"RequestAppliesTo\":\"Data-TestCaseResults-Functional\",\"RequestRuleName\":\"pxAlternateRuleForm\"}" => HTTP 200 (66153 bytes)
[PegaHttpClient] 📡 POST https://zdk8budo.pegaacademy.net/prweb/api/CodeIntelligence/v1/rules/query?pxObjClass=Rule-HTML-Section&appliesTo=Data-TestCaseResults-Functional&pyRuleName=pzRuleFormScripts&RequestClass=Rule-HTML-Section&RequestAppliesTo=Data-TestCaseResults-Functional&RequestRuleName=pzRuleFormScripts Payload: "{\"RequestClass\":\"Rule-HTML-Section\",\"RequestAppliesTo\":\"Data-TestCaseResults-Functional\",\"RequestRuleName\":\"pzRuleFormScripts\"}" => HTTP 200 (40822 bytes)
[PegaHttpClient] 📡 POST https://zdk8budo.pegaacademy.net/prweb/api/CodeIntelligence/v1/rules/query?pxObjClass=Rule-HTML-Section&appliesTo=Data-TestCaseResults-Functional&pyRuleName=pzRuleFormLayoutDelegated&RequestClass=Rule-HTML-Section&RequestAppliesTo=Data-TestCaseResults-Functional&RequestRuleName=pzRuleFormLayoutDelegated Payload: "{\"RequestClass\":\"Rule-HTML-Section\",\"RequestAppliesTo\":\"Data-TestCaseResults-Functional\",\"RequestRuleName\":\"pzRuleFormLayoutDelegated\"}" => HTTP 200 (70998 bytes)
[PegaHttpClient] 📡 POST https://zdk8budo.pegaacademy.net/prweb/api/CodeIntelligence/v1/rules/query?pxObjClass=Rule-HTML-Section&appliesTo=Data-TestCaseResults-Functional&pyRuleName=RuleFormLayout&RequestClass=Rule-HTML-Section&RequestAppliesTo=Data-TestCaseResults-Functional&RequestRuleName=RuleFormLayout Payload: "{\"RequestClass\":\"Rule-HTML-Section\",\"RequestAppliesTo\":\"Data-TestCaseResults-Functional\",\"RequestRuleName\":\"RuleFormLayout\"}" => HTTP 200 (209442 bytes)
[PegaHttpClient] 📡 POST https://zdk8budo.pegaacademy.net/prweb/api/CodeIntelligence/v1/rules/query?pxObjClass=Rule-HTML-Section&appliesTo=Data-TestCaseResults-Functional&pyRuleName=RuleFormSettings&RequestClass=Rule-HTML-Section&RequestAppliesTo=Data-TestCaseResults-Functional&RequestRuleName=RuleFormSettings Payload: "{\"RequestClass\":\"Rule-HTML-Section\",\"RequestAppliesTo\":\"Data-TestCaseResults-Functional\",\"RequestRuleName\":\"RuleFormSettings\"}" => HTTP 200 (21582 bytes)
[PegaHttpClient] 📡 POST https://zdk8budo.pegaacademy.net/prweb/api/CodeIntelligence/v1/rules/query?pxObjClass=Rule-HTML-Section&appliesTo=Data-TestCaseResults-Functional&pyRuleName=OpenAuthoring&RequestClass=Rule-HTML-Section&RequestAppliesTo=Data-TestCaseResults-Functional&RequestRuleName=OpenAuthoring Payload: "{\"RequestClass\":\"Rule-HTML-Section\",\"RequestAppliesTo\":\"Data-TestCaseResults-Functional\",\"RequestRuleName\":\"OpenAuthoring\"}" => HTTP 200 (20315 bytes)
[PegaHttpClient] 📡 POST https://zdk8budo.pegaacademy.net/prweb/api/CodeIntelligence/v1/rules/query?pxObjClass=Rule-HTML-Section&appliesTo=Data-TestCaseResults-Functional&pyRuleName=pyCustomHelp&RequestClass=Rule-HTML-Section&RequestAppliesTo=Data-TestCaseResults-Functional&RequestRuleName=pyCustomHelp Payload: "{\"RequestClass\":\"Rule-HTML-Section\",\"RequestAppliesTo\":\"Data-TestCaseResults-Functional\",\"RequestRuleName\":\"pyCustomHelp\"}" => HTTP 200 (17256 bytes)
[PegaHttpClient] 📡 POST https://zdk8budo.pegaacademy.net/prweb/api/CodeIntelligence/v1/rules/query?pxObjClass=Rule-HTML-Section&appliesTo=Data-TestCaseResults-Functional&pyRuleName=pzRuleformMainInclude&RequestClass=Rule-HTML-Section&RequestAppliesTo=Data-TestCaseResults-Functional&RequestRuleName=pzRuleformMainInclude Payload: "{\"RequestClass\":\"Rule-HTML-Section\",\"RequestAppliesTo\":\"Data-TestCaseResults-Functional\",\"RequestRuleName\":\"pzRuleformMainInclude\"}" => HTTP 200 (22375 bytes)
[PegaHttpClient] 📡 POST https://zdk8budo.pegaacademy.net/prweb/api/CodeIntelligence/v1/rules/query?pxObjClass=Rule-HTML-Section&appliesTo=Data-TestCaseResults-Functional&pyRuleName=pyAlternativeRuleFormStrategicAppExtension&RequestClass=Rule-HTML-Section&RequestAppliesTo=Data-TestCaseResults-Functional&RequestRuleName=pyAlternativeRuleFormStrategicAppExtension Payload: "{\"RequestClass\":\"Rule-HTML-Section\",\"RequestAppliesTo\":\"Data-TestCaseResults-Functional\",\"RequestRuleName\":\"pyAlternativeRuleFormStrategicAppExtension\"}" => HTTP 200 (25042 bytes)
[PegaHttpClient] 📡 POST https://zdk8budo.pegaacademy.net/prweb/api/CodeIntelligence/v1/rules/query?pxObjClass=Rule-HTML-Section&appliesTo=Data-TestCaseResults-Functional&pyRuleName=pyAlternativeRuleFormExtension&RequestClass=Rule-HTML-Section&RequestAppliesTo=Data-TestCaseResults-Functional&RequestRuleName=pyAlternativeRuleFormExtension Payload: "{\"RequestClass\":\"Rule-HTML-Section\",\"RequestAppliesTo\":\"Data-TestCaseResults-Functional\",\"RequestRuleName\":\"pyAlternativeRuleFormExtension\"}" => HTTP 200 (24863 bytes)
[PegaHttpClient] 📡 POST https://zdk8budo.pegaacademy.net/prweb/api/CodeIntelligence/v1/rules/query?pxObjClass=Rule-HTML-Section&appliesTo=Data-TestCaseResults-Functional&pyRuleName=RuleFormHeader&RequestClass=Rule-HTML-Section&RequestAppliesTo=Data-TestCaseResults-Functional&RequestRuleName=RuleFormHeader Payload: "{\"RequestClass\":\"Rule-HTML-Section\",\"RequestAppliesTo\":\"Data-TestCaseResults-Functional\",\"RequestRuleName\":\"RuleFormHeader\"}" => HTTP 200 (183800 bytes)
[PegaHttpClient] 📡 POST https://zdk8budo.pegaacademy.net/prweb/api/CodeIntelligence/v1/rules/query?pxObjClass=Rule-HTML-Section&appliesTo=Data-TestCaseResults-Functional&pyRuleName=pzDelegationExperience&RequestClass=Rule-HTML-Section&RequestAppliesTo=Data-TestCaseResults-Functional&RequestRuleName=pzDelegationExperience Payload: "{\"RequestClass\":\"Rule-HTML-Section\",\"RequestAppliesTo\":\"Data-TestCaseResults-Functional\",\"RequestRuleName\":\"pzDelegationExperience\"}" => HTTP 404 (131 bytes)
[PegaHttpClient] 📡 POST https://zdk8budo.pegaacademy.net/prweb/PRRestService/CodeIntelligence/v1/rules/query?pxObjClass=Rule-HTML-Section&appliesTo=Data-TestCaseResults-Functional&pyRuleName=pzDelegationExperience&RequestClass=Rule-HTML-Section&RequestAppliesTo=Data-TestCaseResults-Functional&RequestRuleName=pzDelegationExperience Payload: "{\"RequestClass\":\"Rule-HTML-Section\",\"RequestAppliesTo\":\"Data-TestCaseResults-Functional\",\"RequestRuleName\":\"pzDelegationExperience\"}" => HTTP 404 (131 bytes)
[PegaHttpClient] 📡 POST https://zdk8budo.pegaacademy.net/prweb/api/HRAppsV2Service/V1/rules/query?pxObjClass=Rule-HTML-Section&appliesTo=Data-TestCaseResults-Functional&pyRuleName=pzDelegationExperience&RequestClass=Rule-HTML-Section&RequestAppliesTo=Data-TestCaseResults-Functional&RequestRuleName=pzDelegationExperience Payload: "{\"RequestClass\":\"Rule-HTML-Section\",\"RequestAppliesTo\":\"Data-TestCaseResults-Functional\",\"RequestRuleName\":\"pzDelegationExperience\"}" => HTTP 404 (18 bytes)
[PegaHttpClient] 📡 POST https://zdk8budo.pegaacademy.net/prweb/PRRestService/HRAppsV2Service/V1/rules/query?pxObjClass=Rule-HTML-Section&appliesTo=Data-TestCaseResults-Functional&pyRuleName=pzDelegationExperience&RequestClass=Rule-HTML-Section&RequestAppliesTo=Data-TestCaseResults-Functional&RequestRuleName=pzDelegationExperience Payload: "{\"RequestClass\":\"Rule-HTML-Section\",\"RequestAppliesTo\":\"Data-TestCaseResults-Functional\",\"RequestRuleName\":\"pzDelegationExperience\"}" => HTTP 404 (18 bytes)
[PegaHttpClient] 📡 POST https://zdk8budo.pegaacademy.net/prweb/api/HRAppsV2/V1/rules/query?pxObjClass=Rule-HTML-Section&appliesTo=Data-TestCaseResults-Functional&pyRuleName=pzDelegationExperience&RequestClass=Rule-HTML-Section&RequestAppliesTo=Data-TestCaseResults-Functional&RequestRuleName=pzDelegationExperience Payload: "{\"RequestClass\":\"Rule-HTML-Section\",\"RequestAppliesTo\":\"Data-TestCaseResults-Functional\",\"RequestRuleName\":\"pzDelegationExperience\"}" => HTTP 404 (18 bytes)
[PegaHttpClient] 📡 POST https://zdk8budo.pegaacademy.net/prweb/PRRestService/HRAppsV2/V1/rules/query?pxObjClass=Rule-HTML-Section&appliesTo=Data-TestCaseResults-Functional&pyRuleName=pzDelegationExperience&RequestClass=Rule-HTML-Section&RequestAppliesTo=Data-TestCaseResults-Functional&RequestRuleName=pzDelegationExperience Payload: "{\"RequestClass\":\"Rule-HTML-Section\",\"RequestAppliesTo\":\"Data-TestCaseResults-Functional\",\"RequestRuleName\":\"pzDelegationExperience\"}" => HTTP 404 (18 bytes)
[PegaHttpClient] 📡 POST https://zdk8budo.pegaacademy.net/prweb/api/v1/rules/query?pxObjClass=Rule-HTML-Section&appliesTo=Data-TestCaseResults-Functional&pyRuleName=pzDelegationExperience&RequestClass=Rule-HTML-Section&RequestAppliesTo=Data-TestCaseResults-Functional&RequestRuleName=pzDelegationExperience Payload: "{\"RequestClass\":\"Rule-HTML-Section\",\"RequestAppliesTo\":\"Data-TestCaseResults-Functional\",\"RequestRuleName\":\"pzDelegationExperience\"}" => HTTP 404 (18 bytes)
[PegaHttpClient] 📡 POST https://zdk8budo.pegaacademy.net/prweb/PRRestService/v1/rules/query?pxObjClass=Rule-HTML-Section&appliesTo=Data-TestCaseResults-Functional&pyRuleName=pzDelegationExperience&RequestClass=Rule-HTML-Section&RequestAppliesTo=Data-TestCaseResults-Functional&RequestRuleName=pzDelegationExperience Payload: "{\"RequestClass\":\"Rule-HTML-Section\",\"RequestAppliesTo\":\"Data-TestCaseResults-Functional\",\"RequestRuleName\":\"pzDelegationExperience\"}" => HTTP 404 (18 bytes)
[PegaHttpClient] 📡 POST https://zdk8budo.pegaacademy.net/prweb/api/CodeIntelligence/v1/rules/query?pxObjClass=Rule-HTML-Section&appliesTo=Data-TestCaseResults-Functional&pyRuleName=pzRuleFormKeysAndDescription&RequestClass=Rule-HTML-Section&RequestAppliesTo=Data-TestCaseResults-Functional&RequestRuleName=pzRuleFormKeysAndDescription Payload: "{\"RequestClass\":\"Rule-HTML-Section\",\"RequestAppliesTo\":\"Data-TestCaseResults-Functional\",\"RequestRuleName\":\"pzRuleFormKeysAndDescription\"}" => HTTP 200 (218057 bytes)
[PegaHttpClient] 📡 POST https://zdk8budo.pegaacademy.net/prweb/api/CodeIntelligence/v1/rules/query?pxObjClass=Rule-HTML-Section&appliesTo=Data-TestCaseResults-Functional&pyRuleName=pzTestCaseRunHeaderDetails&RequestClass=Rule-HTML-Section&RequestAppliesTo=Data-TestCaseResults-Functional&RequestRuleName=pzTestCaseRunHeaderDetails Payload: "{\"RequestClass\":\"Rule-HTML-Section\",\"RequestAppliesTo\":\"Data-TestCaseResults-Functional\",\"RequestRuleName\":\"pzTestCaseRunHeaderDetails\"}" => HTTP 200 (55485 bytes)
[PegaHttpClient] 📡 POST https://zdk8budo.pegaacademy.net/prweb/api/CodeIntelligence/v1/rules/query?pxObjClass=Rule-HTML-Section&appliesTo=Data-TestCaseResults-Functional&pyRuleName=pzRuleFormStatus&RequestClass=Rule-HTML-Section&RequestAppliesTo=Data-TestCaseResults-Functional&RequestRuleName=pzRuleFormStatus Payload: "{\"RequestClass\":\"Rule-HTML-Section\",\"RequestAppliesTo\":\"Data-TestCaseResults-Functional\",\"RequestRuleName\":\"pzRuleFormStatus\"}" => HTTP 200 (29579 bytes)
[PegaHttpClient] 📡 POST https://zdk8budo.pegaacademy.net/prweb/api/CodeIntelligence/v1/rules/query?pxObjClass=Rule-HTML-Section&appliesTo=Data-TestCaseResults-Functional&pyRuleName=pzTestResultsDetails&RequestClass=Rule-HTML-Section&RequestAppliesTo=Data-TestCaseResults-Functional&RequestRuleName=pzTestResultsDetails Payload: "{\"RequestClass\":\"Rule-HTML-Section\",\"RequestAppliesTo\":\"Data-TestCaseResults-Functional\",\"RequestRuleName\":\"pzTestResultsDetails\"}" => HTTP 200 (58975 bytes)
[PegaHttpClient] 📡 POST https://zdk8budo.pegaacademy.net/prweb/api/CodeIntelligence/v1/rules/query?pxObjClass=Rule-HTML-Section&appliesTo=Data-TestCaseResults-Functional&pyRuleName=pzCustomHelp&RequestClass=Rule-HTML-Section&RequestAppliesTo=Data-TestCaseResults-Functional&RequestRuleName=pzCustomHelp Payload: "{\"RequestClass\":\"Rule-HTML-Section\",\"RequestAppliesTo\":\"Data-TestCaseResults-Functional\",\"RequestRuleName\":\"pzCustomHelp\"}" => HTTP 200 (31573 bytes)
[PegaHttpClient] 📡 POST https://zdk8budo.pegaacademy.net/prweb/api/CodeIntelligence/v1/rules/query?pxObjClass=Rule-HTML-Section&appliesTo=Data-TestCaseResults-Functional&pyRuleName=pzRuleFormRuleset&RequestClass=Rule-HTML-Section&RequestAppliesTo=Data-TestCaseResults-Functional&RequestRuleName=pzRuleFormRuleset Payload: "{\"RequestClass\":\"Rule-HTML-Section\",\"RequestAppliesTo\":\"Data-TestCaseResults-Functional\",\"RequestRuleName\":\"pzRuleFormRuleset\"}" => HTTP 200 (29020 bytes)
[PegaHttpClient] 📡 POST https://zdk8budo.pegaacademy.net/prweb/api/CodeIntelligence/v1/rules/query?pxObjClass=Rule-HTML-Section&appliesTo=Data-TestCaseResults-Functional&pyRuleName=undefined&RequestClass=Rule-HTML-Section&RequestAppliesTo=Data-TestCaseResults-Functional&RequestRuleName=undefined Payload: "{\"RequestClass\":\"Rule-HTML-Section\",\"RequestAppliesTo\":\"Data-TestCaseResults-Functional\",\"RequestRuleName\":\"undefined\"}" => HTTP 404 (118 bytes)
[PegaHttpClient] 📡 POST https://zdk8budo.pegaacademy.net/prweb/PRRestService/CodeIntelligence/v1/rules/query?pxObjClass=Rule-HTML-Section&appliesTo=Data-TestCaseResults-Functional&pyRuleName=undefined&RequestClass=Rule-HTML-Section&RequestAppliesTo=Data-TestCaseResults-Functional&RequestRuleName=undefined Payload: "{\"RequestClass\":\"Rule-HTML-Section\",\"RequestAppliesTo\":\"Data-TestCaseResults-Functional\",\"RequestRuleName\":\"undefined\"}" => HTTP 404 (118 bytes)
[PegaHttpClient] 📡 POST https://zdk8budo.pegaacademy.net/prweb/api/HRAppsV2Service/V1/rules/query?pxObjClass=Rule-HTML-Section&appliesTo=Data-TestCaseResults-Functional&pyRuleName=undefined&RequestClass=Rule-HTML-Section&RequestAppliesTo=Data-TestCaseResults-Functional&RequestRuleName=undefined Payload: "{\"RequestClass\":\"Rule-HTML-Section\",\"RequestAppliesTo\":\"Data-TestCaseResults-Functional\",\"RequestRuleName\":\"undefined\"}" => HTTP 404 (18 bytes)
[PegaHttpClient] 📡 POST https://zdk8budo.pegaacademy.net/prweb/PRRestService/HRAppsV2Service/V1/rules/query?pxObjClass=Rule-HTML-Section&appliesTo=Data-TestCaseResults-Functional&pyRuleName=undefined&RequestClass=Rule-HTML-Section&RequestAppliesTo=Data-TestCaseResults-Functional&RequestRuleName=undefined Payload: "{\"RequestClass\":\"Rule-HTML-Section\",\"RequestAppliesTo\":\"Data-TestCaseResults-Functional\",\"RequestRuleName\":\"undefined\"}" => HTTP 404 (18 bytes)
[PegaHttpClient] 📡 POST https://zdk8budo.pegaacademy.net/prweb/api/HRAppsV2/V1/rules/query?pxObjClass=Rule-HTML-Section&appliesTo=Data-TestCaseResults-Functional&pyRuleName=undefined&RequestClass=Rule-HTML-Section&RequestAppliesTo=Data-TestCaseResults-Functional&RequestRuleName=undefined Payload: "{\"RequestClass\":\"Rule-HTML-Section\",\"RequestAppliesTo\":\"Data-TestCaseResults-Functional\",\"RequestRuleName\":\"undefined\"}" => HTTP 404 (18 bytes)
[PegaHttpClient] 📡 POST https://zdk8budo.pegaacademy.net/prweb/PRRestService/HRAppsV2/V1/rules/query?pxObjClass=Rule-HTML-Section&appliesTo=Data-TestCaseResults-Functional&pyRuleName=undefined&RequestClass=Rule-HTML-Section&RequestAppliesTo=Data-TestCaseResults-Functional&RequestRuleName=undefined Payload: "{\"RequestClass\":\"Rule-HTML-Section\",\"RequestAppliesTo\":\"Data-TestCaseResults-Functional\",\"RequestRuleName\":\"undefined\"}" => HTTP 404 (18 bytes)
[PegaHttpClient] 📡 POST https://zdk8budo.pegaacademy.net/prweb/api/v1/rules/query?pxObjClass=Rule-HTML-Section&appliesTo=Data-TestCaseResults-Functional&pyRuleName=undefined&RequestClass=Rule-HTML-Section&RequestAppliesTo=Data-TestCaseResults-Functional&RequestRuleName=undefined Payload: "{\"RequestClass\":\"Rule-HTML-Section\",\"RequestAppliesTo\":\"Data-TestCaseResults-Functional\",\"RequestRuleName\":\"undefined\"}" => HTTP 404 (18 bytes)
[PegaHttpClient] 📡 POST https://zdk8budo.pegaacademy.net/prweb/PRRestService/v1/rules/query?pxObjClass=Rule-HTML-Section&appliesTo=Data-TestCaseResults-Functional&pyRuleName=undefined&RequestClass=Rule-HTML-Section&RequestAppliesTo=Data-TestCaseResults-Functional&RequestRuleName=undefined Payload: "{\"RequestClass\":\"Rule-HTML-Section\",\"RequestAppliesTo\":\"Data-TestCaseResults-Functional\",\"RequestRuleName\":\"undefined\"}" => HTTP 404 (18 bytes)
[PegaHttpClient] 📡 POST https://zdk8budo.pegaacademy.net/prweb/api/CodeIntelligence/v1/rules/query?pxObjClass=Rule-HTML-Section&appliesTo=Data-TestCaseResults-Functional&pyRuleName=pzRuleFormToolbar&RequestClass=Rule-HTML-Section&RequestAppliesTo=Data-TestCaseResults-Functional&RequestRuleName=pzRuleFormToolbar Payload: "{\"RequestClass\":\"Rule-HTML-Section\",\"RequestAppliesTo\":\"Data-TestCaseResults-Functional\",\"RequestRuleName\":\"pzRuleFormToolbar\"}" => HTTP 200 (242691 bytes)
[PegaHttpClient] 📡 POST https://zdk8budo.pegaacademy.net/prweb/api/CodeIntelligence/v1/rules/query?pxObjClass=Rule-HTML-Section&appliesTo=Data-TestCaseResults-Functional&pyRuleName=pzRuleFormToolbarCompare&RequestClass=Rule-HTML-Section&RequestAppliesTo=Data-TestCaseResults-Functional&RequestRuleName=pzRuleFormToolbarCompare Payload: "{\"RequestClass\":\"Rule-HTML-Section\",\"RequestAppliesTo\":\"Data-TestCaseResults-Functional\",\"RequestRuleName\":\"pzRuleFormToolbarCompare\"}" => HTTP 200 (61925 bytes)
[PegaHttpClient] 📡 POST https://zdk8budo.pegaacademy.net/prweb/api/CodeIntelligence/v1/rules/query?pxObjClass=Rule-HTML-Section&appliesTo=Data-TestCaseResults-Functional&pyRuleName=RuleFormHeaderMessages&RequestClass=Rule-HTML-Section&RequestAppliesTo=Data-TestCaseResults-Functional&RequestRuleName=RuleFormHeaderMessages Payload: "{\"RequestClass\":\"Rule-HTML-Section\",\"RequestAppliesTo\":\"Data-TestCaseResults-Functional\",\"RequestRuleName\":\"RuleFormHeaderMessages\"}" => HTTP 200 (26518 bytes)
[PegaHttpClient] 📡 POST https://zdk8budo.pegaacademy.net/prweb/api/CodeIntelligence/v1/rules/query?pxObjClass=Rule-HTML-Section&appliesTo=Data-TestCaseResults-Functional&pyRuleName=pzRuleFormHeaderCompareWithDropDown&RequestClass=Rule-HTML-Section&RequestAppliesTo=Data-TestCaseResults-Functional&RequestRuleName=pzRuleFormHeaderCompareWithDropDown Payload: "{\"RequestClass\":\"Rule-HTML-Section\",\"RequestAppliesTo\":\"Data-TestCaseResults-Functional\",\"RequestRuleName\":\"pzRuleFormHeaderCompareWithDropDown\"}" => HTTP 200 (25396 bytes)
[PegaHttpClient] 📡 POST https://zdk8budo.pegaacademy.net/prweb/api/CodeIntelligence/v1/rules/query?pxObjClass=Rule-HTML-Section&appliesTo=Data-TestCaseResults-Functional&pyRuleName=pzTestResultStatusLeft&RequestClass=Rule-HTML-Section&RequestAppliesTo=Data-TestCaseResults-Functional&RequestRuleName=pzTestResultStatusLeft Payload: "{\"RequestClass\":\"Rule-HTML-Section\",\"RequestAppliesTo\":\"Data-TestCaseResults-Functional\",\"RequestRuleName\":\"pzTestResultStatusLeft\"}" => HTTP 200 (79105 bytes)
[PegaHttpClient] 📡 POST https://zdk8budo.pegaacademy.net/prweb/api/CodeIntelligence/v1/rules/query?pxObjClass=Rule-HTML-Section&appliesTo=Data-TestCaseResults-Functional&pyRuleName=pzErrorsAboveGrid&RequestClass=Rule-HTML-Section&RequestAppliesTo=Data-TestCaseResults-Functional&RequestRuleName=pzErrorsAboveGrid Payload: "{\"RequestClass\":\"Rule-HTML-Section\",\"RequestAppliesTo\":\"Data-TestCaseResults-Functional\",\"RequestRuleName\":\"pzErrorsAboveGrid\"}" => HTTP 200 (215087 bytes)
[PegaHttpClient] 📡 POST https://zdk8budo.pegaacademy.net/prweb/api/CodeIntelligence/v1/rules/query?pxObjClass=Rule-HTML-Section&appliesTo=Data-TestCaseResults-Functional&pyRuleName=pzUnexpectedResults&RequestClass=Rule-HTML-Section&RequestAppliesTo=Data-TestCaseResults-Functional&RequestRuleName=pzUnexpectedResults Payload: "{\"RequestClass\":\"Rule-HTML-Section\",\"RequestAppliesTo\":\"Data-TestCaseResults-Functional\",\"RequestRuleName\":\"pzUnexpectedResults\"}" => HTTP 200 (114251 bytes)
[PegaHttpClient] 📡 POST https://zdk8budo.pegaacademy.net/prweb/api/CodeIntelligence/v1/rules/query?pxObjClass=Rule-HTML-Section&appliesTo=Data-TestCaseResults-Functional&pyRuleName=undefined&RequestClass=Rule-HTML-Section&RequestAppliesTo=Data-TestCaseResults-Functional&RequestRuleName=undefined Payload: "{\"RequestClass\":\"Rule-HTML-Section\",\"RequestAppliesTo\":\"Data-TestCaseResults-Functional\",\"RequestRuleName\":\"undefined\"}" => HTTP 404 (118 bytes)
[PegaHttpClient] 📡 POST https://zdk8budo.pegaacademy.net/prweb/PRRestService/CodeIntelligence/v1/rules/query?pxObjClass=Rule-HTML-Section&appliesTo=Data-TestCaseResults-Functional&pyRuleName=undefined&RequestClass=Rule-HTML-Section&RequestAppliesTo=Data-TestCaseResults-Functional&RequestRuleName=undefined Payload: "{\"RequestClass\":\"Rule-HTML-Section\",\"RequestAppliesTo\":\"Data-TestCaseResults-Functional\",\"RequestRuleName\":\"undefined\"}" => HTTP 404 (118 bytes)
[PegaHttpClient] 📡 POST https://zdk8budo.pegaacademy.net/prweb/api/HRAppsV2Service/V1/rules/query?pxObjClass=Rule-HTML-Section&appliesTo=Data-TestCaseResults-Functional&pyRuleName=undefined&RequestClass=Rule-HTML-Section&RequestAppliesTo=Data-TestCaseResults-Functional&RequestRuleName=undefined Payload: "{\"RequestClass\":\"Rule-HTML-Section\",\"RequestAppliesTo\":\"Data-TestCaseResults-Functional\",\"RequestRuleName\":\"undefined\"}" => HTTP 404 (18 bytes)
[PegaHttpClient] 📡 POST https://zdk8budo.pegaacademy.net/prweb/PRRestService/HRAppsV2Service/V1/rules/query?pxObjClass=Rule-HTML-Section&appliesTo=Data-TestCaseResults-Functional&pyRuleName=undefined&RequestClass=Rule-HTML-Section&RequestAppliesTo=Data-TestCaseResults-Functional&RequestRuleName=undefined Payload: "{\"RequestClass\":\"Rule-HTML-Section\",\"RequestAppliesTo\":\"Data-TestCaseResults-Functional\",\"RequestRuleName\":\"undefined\"}" => HTTP 404 (18 bytes)
[PegaHttpClient] 📡 POST https://zdk8budo.pegaacademy.net/prweb/api/HRAppsV2/V1/rules/query?pxObjClass=Rule-HTML-Section&appliesTo=Data-TestCaseResults-Functional&pyRuleName=undefined&RequestClass=Rule-HTML-Section&RequestAppliesTo=Data-TestCaseResults-Functional&RequestRuleName=undefined Payload: "{\"RequestClass\":\"Rule-HTML-Section\",\"RequestAppliesTo\":\"Data-TestCaseResults-Functional\",\"RequestRuleName\":\"undefined\"}" => HTTP 404 (18 bytes)
[PegaHttpClient] 📡 POST https://zdk8budo.pegaacademy.net/prweb/PRRestService/HRAppsV2/V1/rules/query?pxObjClass=Rule-HTML-Section&appliesTo=Data-TestCaseResults-Functional&pyRuleName=undefined&RequestClass=Rule-HTML-Section&RequestAppliesTo=Data-TestCaseResults-Functional&RequestRuleName=undefined Payload: "{\"RequestClass\":\"Rule-HTML-Section\",\"RequestAppliesTo\":\"Data-TestCaseResults-Functional\",\"RequestRuleName\":\"undefined\"}" => HTTP 404 (18 bytes)
[PegaHttpClient] 📡 POST https://zdk8budo.pegaacademy.net/prweb/api/v1/rules/query?pxObjClass=Rule-HTML-Section&appliesTo=Data-TestCaseResults-Functional&pyRuleName=undefined&RequestClass=Rule-HTML-Section&RequestAppliesTo=Data-TestCaseResults-Functional&RequestRuleName=undefined Payload: "{\"RequestClass\":\"Rule-HTML-Section\",\"RequestAppliesTo\":\"Data-TestCaseResults-Functional\",\"RequestRuleName\":\"undefined\"}" => HTTP 404 (18 bytes)
[PegaHttpClient] 📡 POST https://zdk8budo.pegaacademy.net/prweb/PRRestService/v1/rules/query?pxObjClass=Rule-HTML-Section&appliesTo=Data-TestCaseResults-Functional&pyRuleName=undefined&RequestClass=Rule-HTML-Section&RequestAppliesTo=Data-TestCaseResults-Functional&RequestRuleName=undefined Payload: "{\"RequestClass\":\"Rule-HTML-Section\",\"RequestAppliesTo\":\"Data-TestCaseResults-Functional\",\"RequestRuleName\":\"undefined\"}" => HTTP 404 (18 bytes)
[PegaHttpClient] 📡 POST https://zdk8budo.pegaacademy.net/prweb/api/CodeIntelligence/v1/rules/query?pxObjClass=Rule-HTML-Section&appliesTo=Data-TestCaseResults-Functional&pyRuleName=pzRuleFormToolbarHotKeys&RequestClass=Rule-HTML-Section&RequestAppliesTo=Data-TestCaseResults-Functional&RequestRuleName=pzRuleFormToolbarHotKeys Payload: "{\"RequestClass\":\"Rule-HTML-Section\",\"RequestAppliesTo\":\"Data-TestCaseResults-Functional\",\"RequestRuleName\":\"pzRuleFormToolbarHotKeys\"}" => HTTP 200 (85058 bytes)
[PegaHttpClient] 📡 POST https://zdk8budo.pegaacademy.net/prweb/api/CodeIntelligence/v1/rules/query?pxObjClass=Rule-HTML-Section&appliesTo=Data-TestCaseResults-Functional&pyRuleName=pzRuleFormToolbarLockedIcon&RequestClass=Rule-HTML-Section&RequestAppliesTo=Data-TestCaseResults-Functional&RequestRuleName=pzRuleFormToolbarLockedIcon Payload: "{\"RequestClass\":\"Rule-HTML-Section\",\"RequestAppliesTo\":\"Data-TestCaseResults-Functional\",\"RequestRuleName\":\"pzRuleFormToolbarLockedIcon\"}" => HTTP 200 (19111 bytes)
[PegaHttpClient] 📡 POST https://zdk8budo.pegaacademy.net/prweb/api/CodeIntelligence/v1/rules/query?pxObjClass=Rule-HTML-Section&appliesTo=Data-TestCaseResults-Functional&pyRuleName=pzRuleFormToolbarCollaborators&RequestClass=Rule-HTML-Section&RequestAppliesTo=Data-TestCaseResults-Functional&RequestRuleName=pzRuleFormToolbarCollaborators Payload: "{\"RequestClass\":\"Rule-HTML-Section\",\"RequestAppliesTo\":\"Data-TestCaseResults-Functional\",\"RequestRuleName\":\"pzRuleFormToolbarCollaborators\"}" => HTTP 200 (15254 bytes)
[PegaHttpClient] 📡 POST https://zdk8budo.pegaacademy.net/prweb/api/CodeIntelligence/v1/rules/query?pxObjClass=Rule-HTML-Section&appliesTo=Data-TestCaseResults-Functional&pyRuleName=pzRuleFormToolbarSaveAs&RequestClass=Rule-HTML-Section&RequestAppliesTo=Data-TestCaseResults-Functional&RequestRuleName=pzRuleFormToolbarSaveAs Payload: "{\"RequestClass\":\"Rule-HTML-Section\",\"RequestAppliesTo\":\"Data-TestCaseResults-Functional\",\"RequestRuleName\":\"pzRuleFormToolbarSaveAs\"}" => HTTP 200 (64084 bytes)
[PegaHttpClient] 📡 POST https://zdk8budo.pegaacademy.net/prweb/api/CodeIntelligence/v1/rules/query?pxObjClass=Rule-HTML-Section&appliesTo=Data-TestCaseResults-Functional&pyRuleName=pzRuleFormToolbarCheckin&RequestClass=Rule-HTML-Section&RequestAppliesTo=Data-TestCaseResults-Functional&RequestRuleName=pzRuleFormToolbarCheckin Payload: "{\"RequestClass\":\"Rule-HTML-Section\",\"RequestAppliesTo\":\"Data-TestCaseResults-Functional\",\"RequestRuleName\":\"pzRuleFormToolbarCheckin\"}" => HTTP 200 (15601 bytes)
[PegaHttpClient] 📡 POST https://zdk8budo.pegaacademy.net/prweb/api/CodeIntelligence/v1/rules/query?pxObjClass=Rule-HTML-Section&appliesTo=Data-TestCaseResults-Functional&pyRuleName=pzRuleFormToolbarDelete&RequestClass=Rule-HTML-Section&RequestAppliesTo=Data-TestCaseResults-Functional&RequestRuleName=pzRuleFormToolbarDelete Payload: "{\"RequestClass\":\"Rule-HTML-Section\",\"RequestAppliesTo\":\"Data-TestCaseResults-Functional\",\"RequestRuleName\":\"pzRuleFormToolbarDelete\"}" => HTTP 200 (30249 bytes)
[PegaHttpClient] 📡 POST https://zdk8budo.pegaacademy.net/prweb/api/CodeIntelligence/v1/rules/query?pxObjClass=Rule-HTML-Section&appliesTo=Data-TestCaseResults-Functional&pyRuleName=pzRuleFormToolbarSave&RequestClass=Rule-HTML-Section&RequestAppliesTo=Data-TestCaseResults-Functional&RequestRuleName=pzRuleFormToolbarSave Payload: "{\"RequestClass\":\"Rule-HTML-Section\",\"RequestAppliesTo\":\"Data-TestCaseResults-Functional\",\"RequestRuleName\":\"pzRuleFormToolbarSave\"}" => HTTP 200 (293885 bytes)
[PegaHttpClient] 📡 POST https://zdk8budo.pegaacademy.net/prweb/api/CodeIntelligence/v1/rules/query?pxObjClass=Rule-HTML-Section&appliesTo=Data-TestCaseResults-Functional&pyRuleName=pzRuleFormToolbarCheckout&RequestClass=Rule-HTML-Section&RequestAppliesTo=Data-TestCaseResults-Functional&RequestRuleName=pzRuleFormToolbarCheckout Payload: "{\"RequestClass\":\"Rule-HTML-Section\",\"RequestAppliesTo\":\"Data-TestCaseResults-Functional\",\"RequestRuleName\":\"pzRuleFormToolbarCheckout\"}" => HTTP 200 (14854 bytes)
[PegaHttpClient] 📡 POST https://zdk8budo.pegaacademy.net/prweb/api/CodeIntelligence/v1/rules/query?pxObjClass=Rule-HTML-Section&appliesTo=Data-TestCaseResults-Functional&pyRuleName=pzRemoveErrorsDataPage&RequestClass=Rule-HTML-Section&RequestAppliesTo=Data-TestCaseResults-Functional&RequestRuleName=pzRemoveErrorsDataPage Payload: "{\"RequestClass\":\"Rule-HTML-Section\",\"RequestAppliesTo\":\"Data-TestCaseResults-Functional\",\"RequestRuleName\":\"pzRemoveErrorsDataPage\"}" => HTTP 200 (16733 bytes)
[PegaHttpClient] 📡 POST https://zdk8budo.pegaacademy.net/prweb/api/CodeIntelligence/v1/rules/query?pxObjClass=Rule-HTML-Section&appliesTo=Data-TestCaseResults-Functional&pyRuleName=pzRuleFormHeaderMessagesWrapper&RequestClass=Rule-HTML-Section&RequestAppliesTo=Data-TestCaseResults-Functional&RequestRuleName=pzRuleFormHeaderMessagesWrapper Payload: "{\"RequestClass\":\"Rule-HTML-Section\",\"RequestAppliesTo\":\"Data-TestCaseResults-Functional\",\"RequestRuleName\":\"pzRuleFormHeaderMessagesWrapper\"}" => HTTP 200 (16981 bytes)
[PegaHttpClient] 📡 POST https://zdk8budo.pegaacademy.net/prweb/api/CodeIntelligence/v1/rules/query?pxObjClass=Rule-HTML-Section&appliesTo=Data-TestCaseResults-Functional&pyRuleName=pzDataPageDetails&RequestClass=Rule-HTML-Section&RequestAppliesTo=Data-TestCaseResults-Functional&RequestRuleName=pzDataPageDetails Payload: "{\"RequestClass\":\"Rule-HTML-Section\",\"RequestAppliesTo\":\"Data-TestCaseResults-Functional\",\"RequestRuleName\":\"pzDataPageDetails\"}" => HTTP 200 (133843 bytes)
[PegaHttpClient] 📡 POST https://zdk8budo.pegaacademy.net/prweb/api/CodeIntelligence/v1/rules/query?pxObjClass=Rule-HTML-Section&appliesTo=Data-TestCaseResults-Functional&pyRuleName=pzShowCleanupErrorWrapper&RequestClass=Rule-HTML-Section&RequestAppliesTo=Data-TestCaseResults-Functional&RequestRuleName=pzShowCleanupErrorWrapper Payload: "{\"RequestClass\":\"Rule-HTML-Section\",\"RequestAppliesTo\":\"Data-TestCaseResults-Functional\",\"RequestRuleName\":\"pzShowCleanupErrorWrapper\"}" => HTTP 404 (134 bytes)
[PegaHttpClient] 📡 POST https://zdk8budo.pegaacademy.net/prweb/PRRestService/CodeIntelligence/v1/rules/query?pxObjClass=Rule-HTML-Section&appliesTo=Data-TestCaseResults-Functional&pyRuleName=pzShowCleanupErrorWrapper&RequestClass=Rule-HTML-Section&RequestAppliesTo=Data-TestCaseResults-Functional&RequestRuleName=pzShowCleanupErrorWrapper Payload: "{\"RequestClass\":\"Rule-HTML-Section\",\"RequestAppliesTo\":\"Data-TestCaseResults-Functional\",\"RequestRuleName\":\"pzShowCleanupErrorWrapper\"}" => HTTP 404 (134 bytes)
[PegaHttpClient] 📡 POST https://zdk8budo.pegaacademy.net/prweb/api/HRAppsV2Service/V1/rules/query?pxObjClass=Rule-HTML-Section&appliesTo=Data-TestCaseResults-Functional&pyRuleName=pzShowCleanupErrorWrapper&RequestClass=Rule-HTML-Section&RequestAppliesTo=Data-TestCaseResults-Functional&RequestRuleName=pzShowCleanupErrorWrapper Payload: "{\"RequestClass\":\"Rule-HTML-Section\",\"RequestAppliesTo\":\"Data-TestCaseResults-Functional\",\"RequestRuleName\":\"pzShowCleanupErrorWrapper\"}" => HTTP 404 (18 bytes)
[PegaHttpClient] 📡 POST https://zdk8budo.pegaacademy.net/prweb/PRRestService/HRAppsV2Service/V1/rules/query?pxObjClass=Rule-HTML-Section&appliesTo=Data-TestCaseResults-Functional&pyRuleName=pzShowCleanupErrorWrapper&RequestClass=Rule-HTML-Section&RequestAppliesTo=Data-TestCaseResults-Functional&RequestRuleName=pzShowCleanupErrorWrapper Payload: "{\"RequestClass\":\"Rule-HTML-Section\",\"RequestAppliesTo\":\"Data-TestCaseResults-Functional\",\"RequestRuleName\":\"pzShowCleanupErrorWrapper\"}" => HTTP 404 (18 bytes)
[PegaHttpClient] 📡 POST https://zdk8budo.pegaacademy.net/prweb/api/HRAppsV2/V1/rules/query?pxObjClass=Rule-HTML-Section&appliesTo=Data-TestCaseResults-Functional&pyRuleName=pzShowCleanupErrorWrapper&RequestClass=Rule-HTML-Section&RequestAppliesTo=Data-TestCaseResults-Functional&RequestRuleName=pzShowCleanupErrorWrapper Payload: "{\"RequestClass\":\"Rule-HTML-Section\",\"RequestAppliesTo\":\"Data-TestCaseResults-Functional\",\"RequestRuleName\":\"pzShowCleanupErrorWrapper\"}" => HTTP 404 (18 bytes)
[PegaHttpClient] 📡 POST https://zdk8budo.pegaacademy.net/prweb/PRRestService/HRAppsV2/V1/rules/query?pxObjClass=Rule-HTML-Section&appliesTo=Data-TestCaseResults-Functional&pyRuleName=pzShowCleanupErrorWrapper&RequestClass=Rule-HTML-Section&RequestAppliesTo=Data-TestCaseResults-Functional&RequestRuleName=pzShowCleanupErrorWrapper Payload: "{\"RequestClass\":\"Rule-HTML-Section\",\"RequestAppliesTo\":\"Data-TestCaseResults-Functional\",\"RequestRuleName\":\"pzShowCleanupErrorWrapper\"}" => HTTP 404 (18 bytes)
[PegaHttpClient] 📡 POST https://zdk8budo.pegaacademy.net/prweb/api/v1/rules/query?pxObjClass=Rule-HTML-Section&appliesTo=Data-TestCaseResults-Functional&pyRuleName=pzShowCleanupErrorWrapper&RequestClass=Rule-HTML-Section&RequestAppliesTo=Data-TestCaseResults-Functional&RequestRuleName=pzShowCleanupErrorWrapper Payload: "{\"RequestClass\":\"Rule-HTML-Section\",\"RequestAppliesTo\":\"Data-TestCaseResults-Functional\",\"RequestRuleName\":\"pzShowCleanupErrorWrapper\"}" => HTTP 404 (18 bytes)
[PegaHttpClient] 📡 POST https://zdk8budo.pegaacademy.net/prweb/PRRestService/v1/rules/query?pxObjClass=Rule-HTML-Section&appliesTo=Data-TestCaseResults-Functional&pyRuleName=pzShowCleanupErrorWrapper&RequestClass=Rule-HTML-Section&RequestAppliesTo=Data-TestCaseResults-Functional&RequestRuleName=pzShowCleanupErrorWrapper Payload: "{\"RequestClass\":\"Rule-HTML-Section\",\"RequestAppliesTo\":\"Data-TestCaseResults-Functional\",\"RequestRuleName\":\"pzShowCleanupErrorWrapper\"}" => HTTP 404 (18 bytes)
[PegaHttpClient] 📡 POST https://zdk8budo.pegaacademy.net/prweb/api/CodeIntelligence/v1/rules/query?pxObjClass=Rule-HTML-Section&appliesTo=Data-TestCaseResults-Functional&pyRuleName=pzMainDetails&RequestClass=Rule-HTML-Section&RequestAppliesTo=Data-TestCaseResults-Functional&RequestRuleName=pzMainDetails Payload: "{\"RequestClass\":\"Rule-HTML-Section\",\"RequestAppliesTo\":\"Data-TestCaseResults-Functional\",\"RequestRuleName\":\"pzMainDetails\"}" => HTTP 200 (55696 bytes)
[PegaHttpClient] 📡 POST https://zdk8budo.pegaacademy.net/prweb/api/CodeIntelligence/v1/rules/query?pxObjClass=Rule-HTML-Section&appliesTo=Data-TestCaseResults-Functional&pyRuleName=pxDisplayCollaborators&RequestClass=Rule-HTML-Section&RequestAppliesTo=Data-TestCaseResults-Functional&RequestRuleName=pxDisplayCollaborators Payload: "{\"RequestClass\":\"Rule-HTML-Section\",\"RequestAppliesTo\":\"Data-TestCaseResults-Functional\",\"RequestRuleName\":\"pxDisplayCollaborators\"}" => HTTP 200 (94171 bytes)
[PegaHttpClient] 📡 POST https://zdk8budo.pegaacademy.net/prweb/api/CodeIntelligence/v1/rules/query?pxObjClass=Rule-HTML-Section&appliesTo=Data-TestCaseResults-Functional&pyRuleName=pzRuleFormToolbarDeleteCheckOut&RequestClass=Rule-HTML-Section&RequestAppliesTo=Data-TestCaseResults-Functional&RequestRuleName=pzRuleFormToolbarDeleteCheckOut Payload: "{\"RequestClass\":\"Rule-HTML-Section\",\"RequestAppliesTo\":\"Data-TestCaseResults-Functional\",\"RequestRuleName\":\"pzRuleFormToolbarDeleteCheckOut\"}" => HTTP 404 (140 bytes)
[PegaHttpClient] 📡 POST https://zdk8budo.pegaacademy.net/prweb/PRRestService/CodeIntelligence/v1/rules/query?pxObjClass=Rule-HTML-Section&appliesTo=Data-TestCaseResults-Functional&pyRuleName=pzRuleFormToolbarDeleteCheckOut&RequestClass=Rule-HTML-Section&RequestAppliesTo=Data-TestCaseResults-Functional&RequestRuleName=pzRuleFormToolbarDeleteCheckOut Payload: "{\"RequestClass\":\"Rule-HTML-Section\",\"RequestAppliesTo\":\"Data-TestCaseResults-Functional\",\"RequestRuleName\":\"pzRuleFormToolbarDeleteCheckOut\"}" => HTTP 404 (140 bytes)
[PegaHttpClient] 📡 POST https://zdk8budo.pegaacademy.net/prweb/api/HRAppsV2Service/V1/rules/query?pxObjClass=Rule-HTML-Section&appliesTo=Data-TestCaseResults-Functional&pyRuleName=pzRuleFormToolbarDeleteCheckOut&RequestClass=Rule-HTML-Section&RequestAppliesTo=Data-TestCaseResults-Functional&RequestRuleName=pzRuleFormToolbarDeleteCheckOut Payload: "{\"RequestClass\":\"Rule-HTML-Section\",\"RequestAppliesTo\":\"Data-TestCaseResults-Functional\",\"RequestRuleName\":\"pzRuleFormToolbarDeleteCheckOut\"}" => HTTP 404 (18 bytes)
[PegaHttpClient] 📡 POST https://zdk8budo.pegaacademy.net/prweb/PRRestService/HRAppsV2Service/V1/rules/query?pxObjClass=Rule-HTML-Section&appliesTo=Data-TestCaseResults-Functional&pyRuleName=pzRuleFormToolbarDeleteCheckOut&RequestClass=Rule-HTML-Section&RequestAppliesTo=Data-TestCaseResults-Functional&RequestRuleName=pzRuleFormToolbarDeleteCheckOut Payload: "{\"RequestClass\":\"Rule-HTML-Section\",\"RequestAppliesTo\":\"Data-TestCaseResults-Functional\",\"RequestRuleName\":\"pzRuleFormToolbarDeleteCheckOut\"}" => HTTP 404 (18 bytes)
[PegaHttpClient] 📡 POST https://zdk8budo.pegaacademy.net/prweb/api/HRAppsV2/V1/rules/query?pxObjClass=Rule-HTML-Section&appliesTo=Data-TestCaseResults-Functional&pyRuleName=pzRuleFormToolbarDeleteCheckOut&RequestClass=Rule-HTML-Section&RequestAppliesTo=Data-TestCaseResults-Functional&RequestRuleName=pzRuleFormToolbarDeleteCheckOut Payload: "{\"RequestClass\":\"Rule-HTML-Section\",\"RequestAppliesTo\":\"Data-TestCaseResults-Functional\",\"RequestRuleName\":\"pzRuleFormToolbarDeleteCheckOut\"}" => HTTP 404 (18 bytes)
[PegaHttpClient] 📡 POST https://zdk8budo.pegaacademy.net/prweb/PRRestService/HRAppsV2/V1/rules/query?pxObjClass=Rule-HTML-Section&appliesTo=Data-TestCaseResults-Functional&pyRuleName=pzRuleFormToolbarDeleteCheckOut&RequestClass=Rule-HTML-Section&RequestAppliesTo=Data-TestCaseResults-Functional&RequestRuleName=pzRuleFormToolbarDeleteCheckOut Payload: "{\"RequestClass\":\"Rule-HTML-Section\",\"RequestAppliesTo\":\"Data-TestCaseResults-Functional\",\"RequestRuleName\":\"pzRuleFormToolbarDeleteCheckOut\"}" => HTTP 404 (18 bytes)
[PegaHttpClient] 📡 POST https://zdk8budo.pegaacademy.net/prweb/api/v1/rules/query?pxObjClass=Rule-HTML-Section&appliesTo=Data-TestCaseResults-Functional&pyRuleName=pzRuleFormToolbarDeleteCheckOut&RequestClass=Rule-HTML-Section&RequestAppliesTo=Data-TestCaseResults-Functional&RequestRuleName=pzRuleFormToolbarDeleteCheckOut Payload: "{\"RequestClass\":\"Rule-HTML-Section\",\"RequestAppliesTo\":\"Data-TestCaseResults-Functional\",\"RequestRuleName\":\"pzRuleFormToolbarDeleteCheckOut\"}" => HTTP 404 (18 bytes)
[PegaHttpClient] 📡 POST https://zdk8budo.pegaacademy.net/prweb/PRRestService/v1/rules/query?pxObjClass=Rule-HTML-Section&appliesTo=Data-TestCaseResults-Functional&pyRuleName=pzRuleFormToolbarDeleteCheckOut&RequestClass=Rule-HTML-Section&RequestAppliesTo=Data-TestCaseResults-Functional&RequestRuleName=pzRuleFormToolbarDeleteCheckOut Payload: "{\"RequestClass\":\"Rule-HTML-Section\",\"RequestAppliesTo\":\"Data-TestCaseResults-Functional\",\"RequestRuleName\":\"pzRuleFormToolbarDeleteCheckOut\"}" => HTTP 404 (18 bytes)
[PegaHttpClient] 📡 POST https://zdk8budo.pegaacademy.net/prweb/api/CodeIntelligence/v1/rules/query?pxObjClass=Rule-HTML-Section&appliesTo=Data-TestCaseResults-Functional&pyRuleName=pzRuleFormToolbarDeleteRule&RequestClass=Rule-HTML-Section&RequestAppliesTo=Data-TestCaseResults-Functional&RequestRuleName=pzRuleFormToolbarDeleteRule Payload: "{\"RequestClass\":\"Rule-HTML-Section\",\"RequestAppliesTo\":\"Data-TestCaseResults-Functional\",\"RequestRuleName\":\"pzRuleFormToolbarDeleteRule\"}" => HTTP 200 (32314 bytes)
[PegaHttpClient] 📡 POST https://zdk8budo.pegaacademy.net/prweb/api/CodeIntelligence/v1/rules/query?pxObjClass=Rule-HTML-Section&appliesTo=Data-TestCaseResults-Functional&pyRuleName=pzMainDetailsInner&RequestClass=Rule-HTML-Section&RequestAppliesTo=Data-TestCaseResults-Functional&RequestRuleName=pzMainDetailsInner Payload: "{\"RequestClass\":\"Rule-HTML-Section\",\"RequestAppliesTo\":\"Data-TestCaseResults-Functional\",\"RequestRuleName\":\"pzMainDetailsInner\"}" => HTTP 404 (127 bytes)
[PegaHttpClient] 📡 POST https://zdk8budo.pegaacademy.net/prweb/PRRestService/CodeIntelligence/v1/rules/query?pxObjClass=Rule-HTML-Section&appliesTo=Data-TestCaseResults-Functional&pyRuleName=pzMainDetailsInner&RequestClass=Rule-HTML-Section&RequestAppliesTo=Data-TestCaseResults-Functional&RequestRuleName=pzMainDetailsInner Payload: "{\"RequestClass\":\"Rule-HTML-Section\",\"RequestAppliesTo\":\"Data-TestCaseResults-Functional\",\"RequestRuleName\":\"pzMainDetailsInner\"}" => HTTP 404 (127 bytes)
[PegaHttpClient] 📡 POST https://zdk8budo.pegaacademy.net/prweb/api/HRAppsV2Service/V1/rules/query?pxObjClass=Rule-HTML-Section&appliesTo=Data-TestCaseResults-Functional&pyRuleName=pzMainDetailsInner&RequestClass=Rule-HTML-Section&RequestAppliesTo=Data-TestCaseResults-Functional&RequestRuleName=pzMainDetailsInner Payload: "{\"RequestClass\":\"Rule-HTML-Section\",\"RequestAppliesTo\":\"Data-TestCaseResults-Functional\",\"RequestRuleName\":\"pzMainDetailsInner\"}" => HTTP 404 (18 bytes)
[PegaHttpClient] 📡 POST https://zdk8budo.pegaacademy.net/prweb/PRRestService/HRAppsV2Service/V1/rules/query?pxObjClass=Rule-HTML-Section&appliesTo=Data-TestCaseResults-Functional&pyRuleName=pzMainDetailsInner&RequestClass=Rule-HTML-Section&RequestAppliesTo=Data-TestCaseResults-Functional&RequestRuleName=pzMainDetailsInner Payload: "{\"RequestClass\":\"Rule-HTML-Section\",\"RequestAppliesTo\":\"Data-TestCaseResults-Functional\",\"RequestRuleName\":\"pzMainDetailsInner\"}" => HTTP 404 (18 bytes)
[PegaHttpClient] 📡 POST https://zdk8budo.pegaacademy.net/prweb/api/HRAppsV2/V1/rules/query?pxObjClass=Rule-HTML-Section&appliesTo=Data-TestCaseResults-Functional&pyRuleName=pzMainDetailsInner&RequestClass=Rule-HTML-Section&RequestAppliesTo=Data-TestCaseResults-Functional&RequestRuleName=pzMainDetailsInner Payload: "{\"RequestClass\":\"Rule-HTML-Section\",\"RequestAppliesTo\":\"Data-TestCaseResults-Functional\",\"RequestRuleName\":\"pzMainDetailsInner\"}" => HTTP 404 (18 bytes)
[PegaHttpClient] 📡 POST https://zdk8budo.pegaacademy.net/prweb/PRRestService/HRAppsV2/V1/rules/query?pxObjClass=Rule-HTML-Section&appliesTo=Data-TestCaseResults-Functional&pyRuleName=pzMainDetailsInner&RequestClass=Rule-HTML-Section&RequestAppliesTo=Data-TestCaseResults-Functional&RequestRuleName=pzMainDetailsInner Payload: "{\"RequestClass\":\"Rule-HTML-Section\",\"RequestAppliesTo\":\"Data-TestCaseResults-Functional\",\"RequestRuleName\":\"pzMainDetailsInner\"}" => HTTP 404 (18 bytes)
[PegaHttpClient] 📡 POST https://zdk8budo.pegaacademy.net/prweb/api/v1/rules/query?pxObjClass=Rule-HTML-Section&appliesTo=Data-TestCaseResults-Functional&pyRuleName=pzMainDetailsInner&RequestClass=Rule-HTML-Section&RequestAppliesTo=Data-TestCaseResults-Functional&RequestRuleName=pzMainDetailsInner Payload: "{\"RequestClass\":\"Rule-HTML-Section\",\"RequestAppliesTo\":\"Data-TestCaseResults-Functional\",\"RequestRuleName\":\"pzMainDetailsInner\"}" => HTTP 404 (18 bytes)
[PegaHttpClient] 📡 POST https://zdk8budo.pegaacademy.net/prweb/PRRestService/v1/rules/query?pxObjClass=Rule-HTML-Section&appliesTo=Data-TestCaseResults-Functional&pyRuleName=pzMainDetailsInner&RequestClass=Rule-HTML-Section&RequestAppliesTo=Data-TestCaseResults-Functional&RequestRuleName=pzMainDetailsInner Payload: "{\"RequestClass\":\"Rule-HTML-Section\",\"RequestAppliesTo\":\"Data-TestCaseResults-Functional\",\"RequestRuleName\":\"pzMainDetailsInner\"}" => HTTP 404 (18 bytes)
[PegaHttpClient] 📡 POST https://zdk8budo.pegaacademy.net/prweb/api/CodeIntelligence/v1/rules/query?pxObjClass=Rule-HTML-Section&appliesTo=Data-TestCaseResults-Functional&pyRuleName=pzLoadCollaborationScripts&RequestClass=Rule-HTML-Section&RequestAppliesTo=Data-TestCaseResults-Functional&RequestRuleName=pzLoadCollaborationScripts Payload: "{\"RequestClass\":\"Rule-HTML-Section\",\"RequestAppliesTo\":\"Data-TestCaseResults-Functional\",\"RequestRuleName\":\"pzLoadCollaborationScripts\"}" => HTTP 200 (23453 bytes)
[PegaHttpClient] 📡 POST https://zdk8budo.pegaacademy.net/prweb/api/CodeIntelligence/v1/rules/query?pxObjClass=Rule-HTML-Section&appliesTo=Data-TestCaseResults-Functional&pyRuleName=pzDisplayCollaboratorsList&RequestClass=Rule-HTML-Section&RequestAppliesTo=Data-TestCaseResults-Functional&RequestRuleName=pzDisplayCollaboratorsList Payload: "{\"RequestClass\":\"Rule-HTML-Section\",\"RequestAppliesTo\":\"Data-TestCaseResults-Functional\",\"RequestRuleName\":\"pzDisplayCollaboratorsList\"}" => HTTP 200 (105418 bytes)
[PegaHttpClient] 📡 POST https://zdk8budo.pegaacademy.net/prweb/api/CodeIntelligence/v1/rules/query?pxObjClass=Rule-HTML-Section&appliesTo=Data-TestCaseResults-Functional&pyRuleName=pyCollaborator&RequestClass=Rule-HTML-Section&RequestAppliesTo=Data-TestCaseResults-Functional&RequestRuleName=pyCollaborator Payload: "{\"RequestClass\":\"Rule-HTML-Section\",\"RequestAppliesTo\":\"Data-TestCaseResults-Functional\",\"RequestRuleName\":\"pyCollaborator\"}" => HTTP 404 (123 bytes)
[PegaHttpClient] 📡 POST https://zdk8budo.pegaacademy.net/prweb/PRRestService/CodeIntelligence/v1/rules/query?pxObjClass=Rule-HTML-Section&appliesTo=Data-TestCaseResults-Functional&pyRuleName=pyCollaborator&RequestClass=Rule-HTML-Section&RequestAppliesTo=Data-TestCaseResults-Functional&RequestRuleName=pyCollaborator Payload: "{\"RequestClass\":\"Rule-HTML-Section\",\"RequestAppliesTo\":\"Data-TestCaseResults-Functional\",\"RequestRuleName\":\"pyCollaborator\"}" => HTTP 404 (123 bytes)
[PegaHttpClient] 📡 POST https://zdk8budo.pegaacademy.net/prweb/api/HRAppsV2Service/V1/rules/query?pxObjClass=Rule-HTML-Section&appliesTo=Data-TestCaseResults-Functional&pyRuleName=pyCollaborator&RequestClass=Rule-HTML-Section&RequestAppliesTo=Data-TestCaseResults-Functional&RequestRuleName=pyCollaborator Payload: "{\"RequestClass\":\"Rule-HTML-Section\",\"RequestAppliesTo\":\"Data-TestCaseResults-Functional\",\"RequestRuleName\":\"pyCollaborator\"}" => HTTP 404 (18 bytes)
[PegaHttpClient] 📡 POST https://zdk8budo.pegaacademy.net/prweb/PRRestService/HRAppsV2Service/V1/rules/query?pxObjClass=Rule-HTML-Section&appliesTo=Data-TestCaseResults-Functional&pyRuleName=pyCollaborator&RequestClass=Rule-HTML-Section&RequestAppliesTo=Data-TestCaseResults-Functional&RequestRuleName=pyCollaborator Payload: "{\"RequestClass\":\"Rule-HTML-Section\",\"RequestAppliesTo\":\"Data-TestCaseResults-Functional\",\"RequestRuleName\":\"pyCollaborator\"}" => HTTP 404 (18 bytes)
[PegaHttpClient] 📡 POST https://zdk8budo.pegaacademy.net/prweb/api/HRAppsV2/V1/rules/query?pxObjClass=Rule-HTML-Section&appliesTo=Data-TestCaseResults-Functional&pyRuleName=pyCollaborator&RequestClass=Rule-HTML-Section&RequestAppliesTo=Data-TestCaseResults-Functional&RequestRuleName=pyCollaborator Payload: "{\"RequestClass\":\"Rule-HTML-Section\",\"RequestAppliesTo\":\"Data-TestCaseResults-Functional\",\"RequestRuleName\":\"pyCollaborator\"}" => HTTP 404 (18 bytes)
[PegaHttpClient] 📡 POST https://zdk8budo.pegaacademy.net/prweb/PRRestService/HRAppsV2/V1/rules/query?pxObjClass=Rule-HTML-Section&appliesTo=Data-TestCaseResults-Functional&pyRuleName=pyCollaborator&RequestClass=Rule-HTML-Section&RequestAppliesTo=Data-TestCaseResults-Functional&RequestRuleName=pyCollaborator Payload: "{\"RequestClass\":\"Rule-HTML-Section\",\"RequestAppliesTo\":\"Data-TestCaseResults-Functional\",\"RequestRuleName\":\"pyCollaborator\"}" => HTTP 404 (18 bytes)
[PegaHttpClient] 📡 POST https://zdk8budo.pegaacademy.net/prweb/api/v1/rules/query?pxObjClass=Rule-HTML-Section&appliesTo=Data-TestCaseResults-Functional&pyRuleName=pyCollaborator&RequestClass=Rule-HTML-Section&RequestAppliesTo=Data-TestCaseResults-Functional&RequestRuleName=pyCollaborator Payload: "{\"RequestClass\":\"Rule-HTML-Section\",\"RequestAppliesTo\":\"Data-TestCaseResults-Functional\",\"RequestRuleName\":\"pyCollaborator\"}" => HTTP 404 (18 bytes)
[PegaHttpClient] 📡 POST https://zdk8budo.pegaacademy.net/prweb/PRRestService/v1/rules/query?pxObjClass=Rule-HTML-Section&appliesTo=Data-TestCaseResults-Functional&pyRuleName=pyCollaborator&RequestClass=Rule-HTML-Section&RequestAppliesTo=Data-TestCaseResults-Functional&RequestRuleName=pyCollaborator Payload: "{\"RequestClass\":\"Rule-HTML-Section\",\"RequestAppliesTo\":\"Data-TestCaseResults-Functional\",\"RequestRuleName\":\"pyCollaborator\"}" => HTTP 404 (18 bytes)
[PegaHttpClient] 📡 POST https://zdk8budo.pegaacademy.net/prweb/api/CodeIntelligence/v1/rules/query?pxObjClass=Rule-HTML-Section&appliesTo=Data-TestCaseResults-Functional&pyRuleName=pzDisplayPartialCount&RequestClass=Rule-HTML-Section&RequestAppliesTo=Data-TestCaseResults-Functional&RequestRuleName=pzDisplayPartialCount Payload: "{\"RequestClass\":\"Rule-HTML-Section\",\"RequestAppliesTo\":\"Data-TestCaseResults-Functional\",\"RequestRuleName\":\"pzDisplayPartialCount\"}" => HTTP 404 (130 bytes)
[PegaHttpClient] 📡 POST https://zdk8budo.pegaacademy.net/prweb/PRRestService/CodeIntelligence/v1/rules/query?pxObjClass=Rule-HTML-Section&appliesTo=Data-TestCaseResults-Functional&pyRuleName=pzDisplayPartialCount&RequestClass=Rule-HTML-Section&RequestAppliesTo=Data-TestCaseResults-Functional&RequestRuleName=pzDisplayPartialCount Payload: "{\"RequestClass\":\"Rule-HTML-Section\",\"RequestAppliesTo\":\"Data-TestCaseResults-Functional\",\"RequestRuleName\":\"pzDisplayPartialCount\"}" => HTTP 404 (130 bytes)
[PegaHttpClient] 📡 POST https://zdk8budo.pegaacademy.net/prweb/api/HRAppsV2Service/V1/rules/query?pxObjClass=Rule-HTML-Section&appliesTo=Data-TestCaseResults-Functional&pyRuleName=pzDisplayPartialCount&RequestClass=Rule-HTML-Section&RequestAppliesTo=Data-TestCaseResults-Functional&RequestRuleName=pzDisplayPartialCount Payload: "{\"RequestClass\":\"Rule-HTML-Section\",\"RequestAppliesTo\":\"Data-TestCaseResults-Functional\",\"RequestRuleName\":\"pzDisplayPartialCount\"}" => HTTP 404 (18 bytes)
[PegaHttpClient] 📡 POST https://zdk8budo.pegaacademy.net/prweb/PRRestService/HRAppsV2Service/V1/rules/query?pxObjClass=Rule-HTML-Section&appliesTo=Data-TestCaseResults-Functional&pyRuleName=pzDisplayPartialCount&RequestClass=Rule-HTML-Section&RequestAppliesTo=Data-TestCaseResults-Functional&RequestRuleName=pzDisplayPartialCount Payload: "{\"RequestClass\":\"Rule-HTML-Section\",\"RequestAppliesTo\":\"Data-TestCaseResults-Functional\",\"RequestRuleName\":\"pzDisplayPartialCount\"}" => HTTP 404 (18 bytes)
[PegaHttpClient] 📡 POST https://zdk8budo.pegaacademy.net/prweb/api/HRAppsV2/V1/rules/query?pxObjClass=Rule-HTML-Section&appliesTo=Data-TestCaseResults-Functional&pyRuleName=pzDisplayPartialCount&RequestClass=Rule-HTML-Section&RequestAppliesTo=Data-TestCaseResults-Functional&RequestRuleName=pzDisplayPartialCount Payload: "{\"RequestClass\":\"Rule-HTML-Section\",\"RequestAppliesTo\":\"Data-TestCaseResults-Functional\",\"RequestRuleName\":\"pzDisplayPartialCount\"}" => HTTP 404 (18 bytes)
[PegaHttpClient] 📡 POST https://zdk8budo.pegaacademy.net/prweb/PRRestService/HRAppsV2/V1/rules/query?pxObjClass=Rule-HTML-Section&appliesTo=Data-TestCaseResults-Functional&pyRuleName=pzDisplayPartialCount&RequestClass=Rule-HTML-Section&RequestAppliesTo=Data-TestCaseResults-Functional&RequestRuleName=pzDisplayPartialCount Payload: "{\"RequestClass\":\"Rule-HTML-Section\",\"RequestAppliesTo\":\"Data-TestCaseResults-Functional\",\"RequestRuleName\":\"pzDisplayPartialCount\"}" => HTTP 404 (18 bytes)
[PegaHttpClient] 📡 POST https://zdk8budo.pegaacademy.net/prweb/api/v1/rules/query?pxObjClass=Rule-HTML-Section&appliesTo=Data-TestCaseResults-Functional&pyRuleName=pzDisplayPartialCount&RequestClass=Rule-HTML-Section&RequestAppliesTo=Data-TestCaseResults-Functional&RequestRuleName=pzDisplayPartialCount Payload: "{\"RequestClass\":\"Rule-HTML-Section\",\"RequestAppliesTo\":\"Data-TestCaseResults-Functional\",\"RequestRuleName\":\"pzDisplayPartialCount\"}" => HTTP 404 (18 bytes)
[PegaHttpClient] 📡 POST https://zdk8budo.pegaacademy.net/prweb/PRRestService/v1/rules/query?pxObjClass=Rule-HTML-Section&appliesTo=Data-TestCaseResults-Functional&pyRuleName=pzDisplayPartialCount&RequestClass=Rule-HTML-Section&RequestAppliesTo=Data-TestCaseResults-Functional&RequestRuleName=pzDisplayPartialCount Payload: "{\"RequestClass\":\"Rule-HTML-Section\",\"RequestAppliesTo\":\"Data-TestCaseResults-Functional\",\"RequestRuleName\":\"pzDisplayPartialCount\"}" => HTTP 404 (18 bytes)
[SchemaGen] ✅ Schema written for Data-TestCaseResults-Functional
[PegaHttpClient] 📡 GET https://zdk8budo.pegaacademy.net/prweb/api/CodeIntelligence/v1/rules/RULE-HTML-HARNESS%20RULE-APPLICATION-USECASE%20RULEFORM%20%2320180713T141704.316%20GMT => HTTP 200 (22645 bytes)
[PegaHttpClient] 📡 POST https://zdk8budo.pegaacademy.net/prweb/api/CodeIntelligence/v1/rules/query?pxObjClass=Rule-HTML-Section&appliesTo=Rule-Application-UseCase&pyRuleName=RuleFormMain&RequestClass=Rule-HTML-Section&RequestAppliesTo=Rule-Application-UseCase&RequestRuleName=RuleFormMain Payload: "{\"RequestClass\":\"Rule-HTML-Section\",\"RequestAppliesTo\":\"Rule-Application-UseCase\",\"RequestRuleName\":\"RuleFormMain\"}" => HTTP 200 (156234 bytes)
[PegaHttpClient] 📡 POST https://zdk8budo.pegaacademy.net/prweb/api/CodeIntelligence/v1/rules/query?pxObjClass=Rule-HTML-Section&appliesTo=Rule-Application-UseCase&pyRuleName=pxAlternateRuleForm&RequestClass=Rule-HTML-Section&RequestAppliesTo=Rule-Application-UseCase&RequestRuleName=pxAlternateRuleForm Payload: "{\"RequestClass\":\"Rule-HTML-Section\",\"RequestAppliesTo\":\"Rule-Application-UseCase\",\"RequestRuleName\":\"pxAlternateRuleForm\"}" => HTTP 200 (66153 bytes)
[PegaHttpClient] 📡 POST https://zdk8budo.pegaacademy.net/prweb/api/CodeIntelligence/v1/rules/query?pxObjClass=Rule-HTML-Section&appliesTo=Rule-Application-UseCase&pyRuleName=pzRuleFormScripts&RequestClass=Rule-HTML-Section&RequestAppliesTo=Rule-Application-UseCase&RequestRuleName=pzRuleFormScripts Payload: "{\"RequestClass\":\"Rule-HTML-Section\",\"RequestAppliesTo\":\"Rule-Application-UseCase\",\"RequestRuleName\":\"pzRuleFormScripts\"}" => HTTP 200 (40822 bytes)
[PegaHttpClient] 📡 POST https://zdk8budo.pegaacademy.net/prweb/api/CodeIntelligence/v1/rules/query?pxObjClass=Rule-HTML-Section&appliesTo=Rule-Application-UseCase&pyRuleName=pzRuleFormLayoutDelegated&RequestClass=Rule-HTML-Section&RequestAppliesTo=Rule-Application-UseCase&RequestRuleName=pzRuleFormLayoutDelegated Payload: "{\"RequestClass\":\"Rule-HTML-Section\",\"RequestAppliesTo\":\"Rule-Application-UseCase\",\"RequestRuleName\":\"pzRuleFormLayoutDelegated\"}" => HTTP 200 (70998 bytes)
[PegaHttpClient] 📡 POST https://zdk8budo.pegaacademy.net/prweb/api/CodeIntelligence/v1/rules/query?pxObjClass=Rule-HTML-Section&appliesTo=Rule-Application-UseCase&pyRuleName=RuleFormLayout&RequestClass=Rule-HTML-Section&RequestAppliesTo=Rule-Application-UseCase&RequestRuleName=RuleFormLayout Payload: "{\"RequestClass\":\"Rule-HTML-Section\",\"RequestAppliesTo\":\"Rule-Application-UseCase\",\"RequestRuleName\":\"RuleFormLayout\"}" => HTTP 200 (31649 bytes)
[PegaHttpClient] 📡 POST https://zdk8budo.pegaacademy.net/prweb/api/CodeIntelligence/v1/rules/query?pxObjClass=Rule-HTML-Section&appliesTo=Rule-Application-UseCase&pyRuleName=RuleFormSettings&RequestClass=Rule-HTML-Section&RequestAppliesTo=Rule-Application-UseCase&RequestRuleName=RuleFormSettings Payload: "{\"RequestClass\":\"Rule-HTML-Section\",\"RequestAppliesTo\":\"Rule-Application-UseCase\",\"RequestRuleName\":\"RuleFormSettings\"}" => HTTP 200 (18017 bytes)
[PegaHttpClient] 📡 POST https://zdk8budo.pegaacademy.net/prweb/api/CodeIntelligence/v1/rules/query?pxObjClass=Rule-HTML-Section&appliesTo=Rule-Application-UseCase&pyRuleName=OpenAuthoring&RequestClass=Rule-HTML-Section&RequestAppliesTo=Rule-Application-UseCase&RequestRuleName=OpenAuthoring Payload: "{\"RequestClass\":\"Rule-HTML-Section\",\"RequestAppliesTo\":\"Rule-Application-UseCase\",\"RequestRuleName\":\"OpenAuthoring\"}" => HTTP 200 (23695 bytes)
[PegaHttpClient] 📡 POST https://zdk8budo.pegaacademy.net/prweb/api/CodeIntelligence/v1/rules/query?pxObjClass=Rule-HTML-Section&appliesTo=Rule-Application-UseCase&pyRuleName=pyCustomHelp&RequestClass=Rule-HTML-Section&RequestAppliesTo=Rule-Application-UseCase&RequestRuleName=pyCustomHelp Payload: "{\"RequestClass\":\"Rule-HTML-Section\",\"RequestAppliesTo\":\"Rule-Application-UseCase\",\"RequestRuleName\":\"pyCustomHelp\"}" => HTTP 200 (17256 bytes)
[PegaHttpClient] 📡 POST https://zdk8budo.pegaacademy.net/prweb/api/CodeIntelligence/v1/rules/query?pxObjClass=Rule-HTML-Section&appliesTo=Rule-Application-UseCase&pyRuleName=pzRuleformMainInclude&RequestClass=Rule-HTML-Section&RequestAppliesTo=Rule-Application-UseCase&RequestRuleName=pzRuleformMainInclude Payload: "{\"RequestClass\":\"Rule-HTML-Section\",\"RequestAppliesTo\":\"Rule-Application-UseCase\",\"RequestRuleName\":\"pzRuleformMainInclude\"}" => HTTP 200 (22375 bytes)
[PegaHttpClient] 📡 POST https://zdk8budo.pegaacademy.net/prweb/api/CodeIntelligence/v1/rules/query?pxObjClass=Rule-HTML-Section&appliesTo=Rule-Application-UseCase&pyRuleName=pyAlternativeRuleFormStrategicAppExtension&RequestClass=Rule-HTML-Section&RequestAppliesTo=Rule-Application-UseCase&RequestRuleName=pyAlternativeRuleFormStrategicAppExtension Payload: "{\"RequestClass\":\"Rule-HTML-Section\",\"RequestAppliesTo\":\"Rule-Application-UseCase\",\"RequestRuleName\":\"pyAlternativeRuleFormStrategicAppExtension\"}" => HTTP 200 (25042 bytes)
[PegaHttpClient] 📡 POST https://zdk8budo.pegaacademy.net/prweb/api/CodeIntelligence/v1/rules/query?pxObjClass=Rule-HTML-Section&appliesTo=Rule-Application-UseCase&pyRuleName=pyAlternativeRuleFormExtension&RequestClass=Rule-HTML-Section&RequestAppliesTo=Rule-Application-UseCase&RequestRuleName=pyAlternativeRuleFormExtension Payload: "{\"RequestClass\":\"Rule-HTML-Section\",\"RequestAppliesTo\":\"Rule-Application-UseCase\",\"RequestRuleName\":\"pyAlternativeRuleFormExtension\"}" => HTTP 200 (24863 bytes)
[PegaHttpClient] 📡 POST https://zdk8budo.pegaacademy.net/prweb/api/CodeIntelligence/v1/rules/query?pxObjClass=Rule-HTML-Section&appliesTo=Rule-Application-UseCase&pyRuleName=RuleFormHeader&RequestClass=Rule-HTML-Section&RequestAppliesTo=Rule-Application-UseCase&RequestRuleName=RuleFormHeader Payload: "{\"RequestClass\":\"Rule-HTML-Section\",\"RequestAppliesTo\":\"Rule-Application-UseCase\",\"RequestRuleName\":\"RuleFormHeader\"}" => HTTP 200 (183800 bytes)
[PegaHttpClient] 📡 POST https://zdk8budo.pegaacademy.net/prweb/api/CodeIntelligence/v1/rules/query?pxObjClass=Rule-HTML-Section&appliesTo=Rule-Application-UseCase&pyRuleName=pzDelegationExperience&RequestClass=Rule-HTML-Section&RequestAppliesTo=Rule-Application-UseCase&RequestRuleName=pzDelegationExperience Payload: "{\"RequestClass\":\"Rule-HTML-Section\",\"RequestAppliesTo\":\"Rule-Application-UseCase\",\"RequestRuleName\":\"pzDelegationExperience\"}" => HTTP 404 (124 bytes)
[PegaHttpClient] 📡 POST https://zdk8budo.pegaacademy.net/prweb/PRRestService/CodeIntelligence/v1/rules/query?pxObjClass=Rule-HTML-Section&appliesTo=Rule-Application-UseCase&pyRuleName=pzDelegationExperience&RequestClass=Rule-HTML-Section&RequestAppliesTo=Rule-Application-UseCase&RequestRuleName=pzDelegationExperience Payload: "{\"RequestClass\":\"Rule-HTML-Section\",\"RequestAppliesTo\":\"Rule-Application-UseCase\",\"RequestRuleName\":\"pzDelegationExperience\"}" => HTTP 404 (124 bytes)
[PegaHttpClient] 📡 POST https://zdk8budo.pegaacademy.net/prweb/api/HRAppsV2Service/V1/rules/query?pxObjClass=Rule-HTML-Section&appliesTo=Rule-Application-UseCase&pyRuleName=pzDelegationExperience&RequestClass=Rule-HTML-Section&RequestAppliesTo=Rule-Application-UseCase&RequestRuleName=pzDelegationExperience Payload: "{\"RequestClass\":\"Rule-HTML-Section\",\"RequestAppliesTo\":\"Rule-Application-UseCase\",\"RequestRuleName\":\"pzDelegationExperience\"}" => HTTP 404 (18 bytes)
[PegaHttpClient] 📡 POST https://zdk8budo.pegaacademy.net/prweb/PRRestService/HRAppsV2Service/V1/rules/query?pxObjClass=Rule-HTML-Section&appliesTo=Rule-Application-UseCase&pyRuleName=pzDelegationExperience&RequestClass=Rule-HTML-Section&RequestAppliesTo=Rule-Application-UseCase&RequestRuleName=pzDelegationExperience Payload: "{\"RequestClass\":\"Rule-HTML-Section\",\"RequestAppliesTo\":\"Rule-Application-UseCase\",\"RequestRuleName\":\"pzDelegationExperience\"}" => HTTP 404 (18 bytes)
[PegaHttpClient] 📡 POST https://zdk8budo.pegaacademy.net/prweb/api/HRAppsV2/V1/rules/query?pxObjClass=Rule-HTML-Section&appliesTo=Rule-Application-UseCase&pyRuleName=pzDelegationExperience&RequestClass=Rule-HTML-Section&RequestAppliesTo=Rule-Application-UseCase&RequestRuleName=pzDelegationExperience Payload: "{\"RequestClass\":\"Rule-HTML-Section\",\"RequestAppliesTo\":\"Rule-Application-UseCase\",\"RequestRuleName\":\"pzDelegationExperience\"}" => HTTP 404 (18 bytes)
[PegaHttpClient] 📡 POST https://zdk8budo.pegaacademy.net/prweb/PRRestService/HRAppsV2/V1/rules/query?pxObjClass=Rule-HTML-Section&appliesTo=Rule-Application-UseCase&pyRuleName=pzDelegationExperience&RequestClass=Rule-HTML-Section&RequestAppliesTo=Rule-Application-UseCase&RequestRuleName=pzDelegationExperience Payload: "{\"RequestClass\":\"Rule-HTML-Section\",\"RequestAppliesTo\":\"Rule-Application-UseCase\",\"RequestRuleName\":\"pzDelegationExperience\"}" => HTTP 404 (18 bytes)
[PegaHttpClient] 📡 POST https://zdk8budo.pegaacademy.net/prweb/api/v1/rules/query?pxObjClass=Rule-HTML-Section&appliesTo=Rule-Application-UseCase&pyRuleName=pzDelegationExperience&RequestClass=Rule-HTML-Section&RequestAppliesTo=Rule-Application-UseCase&RequestRuleName=pzDelegationExperience Payload: "{\"RequestClass\":\"Rule-HTML-Section\",\"RequestAppliesTo\":\"Rule-Application-UseCase\",\"RequestRuleName\":\"pzDelegationExperience\"}" => HTTP 404 (18 bytes)
[PegaHttpClient] 📡 POST https://zdk8budo.pegaacademy.net/prweb/PRRestService/v1/rules/query?pxObjClass=Rule-HTML-Section&appliesTo=Rule-Application-UseCase&pyRuleName=pzDelegationExperience&RequestClass=Rule-HTML-Section&RequestAppliesTo=Rule-Application-UseCase&RequestRuleName=pzDelegationExperience Payload: "{\"RequestClass\":\"Rule-HTML-Section\",\"RequestAppliesTo\":\"Rule-Application-UseCase\",\"RequestRuleName\":\"pzDelegationExperience\"}" => HTTP 404 (18 bytes)
[PegaHttpClient] 📡 POST https://zdk8budo.pegaacademy.net/prweb/api/CodeIntelligence/v1/rules/query?pxObjClass=Rule-HTML-Section&appliesTo=Rule-Application-UseCase&pyRuleName=pzUnifiedSpecificationRFWrapper&RequestClass=Rule-HTML-Section&RequestAppliesTo=Rule-Application-UseCase&RequestRuleName=pzUnifiedSpecificationRFWrapper Payload: "{\"RequestClass\":\"Rule-HTML-Section\",\"RequestAppliesTo\":\"Rule-Application-UseCase\",\"RequestRuleName\":\"pzUnifiedSpecificationRFWrapper\"}" => HTTP 200 (65813 bytes)
[PegaHttpClient] 📡 POST https://zdk8budo.pegaacademy.net/prweb/api/CodeIntelligence/v1/rules/query?pxObjClass=Rule-HTML-Section&appliesTo=Rule-Application-UseCase&pyRuleName=pzCustomHelp&RequestClass=Rule-HTML-Section&RequestAppliesTo=Rule-Application-UseCase&RequestRuleName=pzCustomHelp Payload: "{\"RequestClass\":\"Rule-HTML-Section\",\"RequestAppliesTo\":\"Rule-Application-UseCase\",\"RequestRuleName\":\"pzCustomHelp\"}" => HTTP 200 (31573 bytes)
[PegaHttpClient] 📡 POST https://zdk8budo.pegaacademy.net/prweb/api/CodeIntelligence/v1/rules/query?pxObjClass=Rule-HTML-Section&appliesTo=Rule-Application-UseCase&pyRuleName=pzRuleFormKeysAndDescription&RequestClass=Rule-HTML-Section&RequestAppliesTo=Rule-Application-UseCase&RequestRuleName=pzRuleFormKeysAndDescription Payload: "{\"RequestClass\":\"Rule-HTML-Section\",\"RequestAppliesTo\":\"Rule-Application-UseCase\",\"RequestRuleName\":\"pzRuleFormKeysAndDescription\"}" => HTTP 200 (218057 bytes)
[PegaHttpClient] 📡 POST https://zdk8budo.pegaacademy.net/prweb/api/CodeIntelligence/v1/rules/query?pxObjClass=Rule-HTML-Section&appliesTo=Rule-Application-UseCase&pyRuleName=pzRuleFormRuleset&RequestClass=Rule-HTML-Section&RequestAppliesTo=Rule-Application-UseCase&RequestRuleName=pzRuleFormRuleset Payload: "{\"RequestClass\":\"Rule-HTML-Section\",\"RequestAppliesTo\":\"Rule-Application-UseCase\",\"RequestRuleName\":\"pzRuleFormRuleset\"}" => HTTP 200 (33985 bytes)
[PegaHttpClient] 📡 POST https://zdk8budo.pegaacademy.net/prweb/api/CodeIntelligence/v1/rules/query?pxObjClass=Rule-HTML-Section&appliesTo=Rule-Application-UseCase&pyRuleName=undefined&RequestClass=Rule-HTML-Section&RequestAppliesTo=Rule-Application-UseCase&RequestRuleName=undefined Payload: "{\"RequestClass\":\"Rule-HTML-Section\",\"RequestAppliesTo\":\"Rule-Application-UseCase\",\"RequestRuleName\":\"undefined\"}" => HTTP 404 (111 bytes)
[PegaHttpClient] 📡 POST https://zdk8budo.pegaacademy.net/prweb/PRRestService/CodeIntelligence/v1/rules/query?pxObjClass=Rule-HTML-Section&appliesTo=Rule-Application-UseCase&pyRuleName=undefined&RequestClass=Rule-HTML-Section&RequestAppliesTo=Rule-Application-UseCase&RequestRuleName=undefined Payload: "{\"RequestClass\":\"Rule-HTML-Section\",\"RequestAppliesTo\":\"Rule-Application-UseCase\",\"RequestRuleName\":\"undefined\"}" => HTTP 404 (111 bytes)
[PegaHttpClient] 📡 POST https://zdk8budo.pegaacademy.net/prweb/api/HRAppsV2Service/V1/rules/query?pxObjClass=Rule-HTML-Section&appliesTo=Rule-Application-UseCase&pyRuleName=undefined&RequestClass=Rule-HTML-Section&RequestAppliesTo=Rule-Application-UseCase&RequestRuleName=undefined Payload: "{\"RequestClass\":\"Rule-HTML-Section\",\"RequestAppliesTo\":\"Rule-Application-UseCase\",\"RequestRuleName\":\"undefined\"}" => HTTP 404 (18 bytes)
[PegaHttpClient] 📡 POST https://zdk8budo.pegaacademy.net/prweb/PRRestService/HRAppsV2Service/V1/rules/query?pxObjClass=Rule-HTML-Section&appliesTo=Rule-Application-UseCase&pyRuleName=undefined&RequestClass=Rule-HTML-Section&RequestAppliesTo=Rule-Application-UseCase&RequestRuleName=undefined Payload: "{\"RequestClass\":\"Rule-HTML-Section\",\"RequestAppliesTo\":\"Rule-Application-UseCase\",\"RequestRuleName\":\"undefined\"}" => HTTP 404 (18 bytes)
[PegaHttpClient] 📡 POST https://zdk8budo.pegaacademy.net/prweb/api/HRAppsV2/V1/rules/query?pxObjClass=Rule-HTML-Section&appliesTo=Rule-Application-UseCase&pyRuleName=undefined&RequestClass=Rule-HTML-Section&RequestAppliesTo=Rule-Application-UseCase&RequestRuleName=undefined Payload: "{\"RequestClass\":\"Rule-HTML-Section\",\"RequestAppliesTo\":\"Rule-Application-UseCase\",\"RequestRuleName\":\"undefined\"}" => HTTP 404 (18 bytes)
[PegaHttpClient] 📡 POST https://zdk8budo.pegaacademy.net/prweb/PRRestService/HRAppsV2/V1/rules/query?pxObjClass=Rule-HTML-Section&appliesTo=Rule-Application-UseCase&pyRuleName=undefined&RequestClass=Rule-HTML-Section&RequestAppliesTo=Rule-Application-UseCase&RequestRuleName=undefined Payload: "{\"RequestClass\":\"Rule-HTML-Section\",\"RequestAppliesTo\":\"Rule-Application-UseCase\",\"RequestRuleName\":\"undefined\"}" => HTTP 404 (18 bytes)
[PegaHttpClient] 📡 POST https://zdk8budo.pegaacademy.net/prweb/api/v1/rules/query?pxObjClass=Rule-HTML-Section&appliesTo=Rule-Application-UseCase&pyRuleName=undefined&RequestClass=Rule-HTML-Section&RequestAppliesTo=Rule-Application-UseCase&RequestRuleName=undefined Payload: "{\"RequestClass\":\"Rule-HTML-Section\",\"RequestAppliesTo\":\"Rule-Application-UseCase\",\"RequestRuleName\":\"undefined\"}" => HTTP 404 (18 bytes)
[PegaHttpClient] 📡 POST https://zdk8budo.pegaacademy.net/prweb/PRRestService/v1/rules/query?pxObjClass=Rule-HTML-Section&appliesTo=Rule-Application-UseCase&pyRuleName=undefined&RequestClass=Rule-HTML-Section&RequestAppliesTo=Rule-Application-UseCase&RequestRuleName=undefined Payload: "{\"RequestClass\":\"Rule-HTML-Section\",\"RequestAppliesTo\":\"Rule-Application-UseCase\",\"RequestRuleName\":\"undefined\"}" => HTTP 404 (18 bytes)
[PegaHttpClient] 📡 POST https://zdk8budo.pegaacademy.net/prweb/api/CodeIntelligence/v1/rules/query?pxObjClass=Rule-HTML-Section&appliesTo=Rule-Application-UseCase&pyRuleName=pzRuleFormToolbar&RequestClass=Rule-HTML-Section&RequestAppliesTo=Rule-Application-UseCase&RequestRuleName=pzRuleFormToolbar Payload: "{\"RequestClass\":\"Rule-HTML-Section\",\"RequestAppliesTo\":\"Rule-Application-UseCase\",\"RequestRuleName\":\"pzRuleFormToolbar\"}" => HTTP 200 (242691 bytes)
[PegaHttpClient] 📡 POST https://zdk8budo.pegaacademy.net/prweb/api/CodeIntelligence/v1/rules/query?pxObjClass=Rule-HTML-Section&appliesTo=Rule-Application-UseCase&pyRuleName=pzRuleFormToolbarCompare&RequestClass=Rule-HTML-Section&RequestAppliesTo=Rule-Application-UseCase&RequestRuleName=pzRuleFormToolbarCompare Payload: "{\"RequestClass\":\"Rule-HTML-Section\",\"RequestAppliesTo\":\"Rule-Application-UseCase\",\"RequestRuleName\":\"pzRuleFormToolbarCompare\"}" => HTTP 200 (61925 bytes)
[PegaHttpClient] 📡 POST https://zdk8budo.pegaacademy.net/prweb/api/CodeIntelligence/v1/rules/query?pxObjClass=Rule-HTML-Section&appliesTo=Rule-Application-UseCase&pyRuleName=RuleFormHeaderMessages&RequestClass=Rule-HTML-Section&RequestAppliesTo=Rule-Application-UseCase&RequestRuleName=RuleFormHeaderMessages Payload: "{\"RequestClass\":\"Rule-HTML-Section\",\"RequestAppliesTo\":\"Rule-Application-UseCase\",\"RequestRuleName\":\"RuleFormHeaderMessages\"}" => HTTP 200 (26518 bytes)
[PegaHttpClient] 📡 POST https://zdk8budo.pegaacademy.net/prweb/api/CodeIntelligence/v1/rules/query?pxObjClass=Rule-HTML-Section&appliesTo=Rule-Application-UseCase&pyRuleName=pzUnifiedSpecificationPresentation&RequestClass=Rule-HTML-Section&RequestAppliesTo=Rule-Application-UseCase&RequestRuleName=pzUnifiedSpecificationPresentation Payload: "{\"RequestClass\":\"Rule-HTML-Section\",\"RequestAppliesTo\":\"Rule-Application-UseCase\",\"RequestRuleName\":\"pzUnifiedSpecificationPresentation\"}" => HTTP 200 (285689 bytes)
[PegaHttpClient] 📡 POST https://zdk8budo.pegaacademy.net/prweb/api/CodeIntelligence/v1/rules/query?pxObjClass=Rule-HTML-Section&appliesTo=Rule-Application-UseCase&pyRuleName=Implementation&RequestClass=Rule-HTML-Section&RequestAppliesTo=Rule-Application-UseCase&RequestRuleName=Implementation Payload: "{\"RequestClass\":\"Rule-HTML-Section\",\"RequestAppliesTo\":\"Rule-Application-UseCase\",\"RequestRuleName\":\"Implementation\"}" => HTTP 200 (15942 bytes)
[PegaHttpClient] 📡 POST https://zdk8budo.pegaacademy.net/prweb/api/CodeIntelligence/v1/rules/query?pxObjClass=Rule-HTML-Section&appliesTo=Rule-Application-UseCase&pyRuleName=pzPMFIntegration&RequestClass=Rule-HTML-Section&RequestAppliesTo=Rule-Application-UseCase&RequestRuleName=pzPMFIntegration Payload: "{\"RequestClass\":\"Rule-HTML-Section\",\"RequestAppliesTo\":\"Rule-Application-UseCase\",\"RequestRuleName\":\"pzPMFIntegration\"}" => HTTP 200 (15415 bytes)
[PegaHttpClient] 📡 POST https://zdk8budo.pegaacademy.net/prweb/api/CodeIntelligence/v1/rules/query?pxObjClass=Rule-HTML-Section&appliesTo=Rule-Application-UseCase&pyRuleName=RuleFormHistory&RequestClass=Rule-HTML-Section&RequestAppliesTo=Rule-Application-UseCase&RequestRuleName=RuleFormHistory Payload: "{\"RequestClass\":\"Rule-HTML-Section\",\"RequestAppliesTo\":\"Rule-Application-UseCase\",\"RequestRuleName\":\"RuleFormHistory\"}" => HTTP 200 (26799 bytes)
[PegaHttpClient] 📡 POST https://zdk8budo.pegaacademy.net/prweb/api/CodeIntelligence/v1/rules/query?pxObjClass=Rule-HTML-Section&appliesTo=Rule-Application-UseCase&pyRuleName=pzRuleFormStatus&RequestClass=Rule-HTML-Section&RequestAppliesTo=Rule-Application-UseCase&RequestRuleName=pzRuleFormStatus Payload: "{\"RequestClass\":\"Rule-HTML-Section\",\"RequestAppliesTo\":\"Rule-Application-UseCase\",\"RequestRuleName\":\"pzRuleFormStatus\"}" => HTTP 200 (97627 bytes)
[PegaHttpClient] 📡 POST https://zdk8budo.pegaacademy.net/prweb/api/CodeIntelligence/v1/rules/query?pxObjClass=Rule-HTML-Section&appliesTo=Rule-Application-UseCase&pyRuleName=pzRuleFormHeaderCompareWithDropDown&RequestClass=Rule-HTML-Section&RequestAppliesTo=Rule-Application-UseCase&RequestRuleName=pzRuleFormHeaderCompareWithDropDown Payload: "{\"RequestClass\":\"Rule-HTML-Section\",\"RequestAppliesTo\":\"Rule-Application-UseCase\",\"RequestRuleName\":\"pzRuleFormHeaderCompareWithDropDown\"}" => HTTP 200 (25396 bytes)
[PegaHttpClient] 📡 POST https://zdk8budo.pegaacademy.net/prweb/api/CodeIntelligence/v1/rules/query?pxObjClass=Rule-HTML-Section&appliesTo=Rule-Application-UseCase&pyRuleName=undefined&RequestClass=Rule-HTML-Section&RequestAppliesTo=Rule-Application-UseCase&RequestRuleName=undefined Payload: "{\"RequestClass\":\"Rule-HTML-Section\",\"RequestAppliesTo\":\"Rule-Application-UseCase\",\"RequestRuleName\":\"undefined\"}" => HTTP 404 (111 bytes)
[PegaHttpClient] 📡 POST https://zdk8budo.pegaacademy.net/prweb/PRRestService/CodeIntelligence/v1/rules/query?pxObjClass=Rule-HTML-Section&appliesTo=Rule-Application-UseCase&pyRuleName=undefined&RequestClass=Rule-HTML-Section&RequestAppliesTo=Rule-Application-UseCase&RequestRuleName=undefined Payload: "{\"RequestClass\":\"Rule-HTML-Section\",\"RequestAppliesTo\":\"Rule-Application-UseCase\",\"RequestRuleName\":\"undefined\"}" => HTTP 404 (111 bytes)
[PegaHttpClient] 📡 POST https://zdk8budo.pegaacademy.net/prweb/api/HRAppsV2Service/V1/rules/query?pxObjClass=Rule-HTML-Section&appliesTo=Rule-Application-UseCase&pyRuleName=undefined&RequestClass=Rule-HTML-Section&RequestAppliesTo=Rule-Application-UseCase&RequestRuleName=undefined Payload: "{\"RequestClass\":\"Rule-HTML-Section\",\"RequestAppliesTo\":\"Rule-Application-UseCase\",\"RequestRuleName\":\"undefined\"}" => HTTP 404 (18 bytes)
[PegaHttpClient] 📡 POST https://zdk8budo.pegaacademy.net/prweb/PRRestService/HRAppsV2Service/V1/rules/query?pxObjClass=Rule-HTML-Section&appliesTo=Rule-Application-UseCase&pyRuleName=undefined&RequestClass=Rule-HTML-Section&RequestAppliesTo=Rule-Application-UseCase&RequestRuleName=undefined Payload: "{\"RequestClass\":\"Rule-HTML-Section\",\"RequestAppliesTo\":\"Rule-Application-UseCase\",\"RequestRuleName\":\"undefined\"}" => HTTP 404 (18 bytes)
[PegaHttpClient] 📡 POST https://zdk8budo.pegaacademy.net/prweb/api/HRAppsV2/V1/rules/query?pxObjClass=Rule-HTML-Section&appliesTo=Rule-Application-UseCase&pyRuleName=undefined&RequestClass=Rule-HTML-Section&RequestAppliesTo=Rule-Application-UseCase&RequestRuleName=undefined Payload: "{\"RequestClass\":\"Rule-HTML-Section\",\"RequestAppliesTo\":\"Rule-Application-UseCase\",\"RequestRuleName\":\"undefined\"}" => HTTP 404 (18 bytes)
[PegaHttpClient] 📡 POST https://zdk8budo.pegaacademy.net/prweb/PRRestService/HRAppsV2/V1/rules/query?pxObjClass=Rule-HTML-Section&appliesTo=Rule-Application-UseCase&pyRuleName=undefined&RequestClass=Rule-HTML-Section&RequestAppliesTo=Rule-Application-UseCase&RequestRuleName=undefined Payload: "{\"RequestClass\":\"Rule-HTML-Section\",\"RequestAppliesTo\":\"Rule-Application-UseCase\",\"RequestRuleName\":\"undefined\"}" => HTTP 404 (18 bytes)
[PegaHttpClient] 📡 POST https://zdk8budo.pegaacademy.net/prweb/api/v1/rules/query?pxObjClass=Rule-HTML-Section&appliesTo=Rule-Application-UseCase&pyRuleName=undefined&RequestClass=Rule-HTML-Section&RequestAppliesTo=Rule-Application-UseCase&RequestRuleName=undefined Payload: "{\"RequestClass\":\"Rule-HTML-Section\",\"RequestAppliesTo\":\"Rule-Application-UseCase\",\"RequestRuleName\":\"undefined\"}" => HTTP 404 (18 bytes)
[PegaHttpClient] 📡 POST https://zdk8budo.pegaacademy.net/prweb/PRRestService/v1/rules/query?pxObjClass=Rule-HTML-Section&appliesTo=Rule-Application-UseCase&pyRuleName=undefined&RequestClass=Rule-HTML-Section&RequestAppliesTo=Rule-Application-UseCase&RequestRuleName=undefined Payload: "{\"RequestClass\":\"Rule-HTML-Section\",\"RequestAppliesTo\":\"Rule-Application-UseCase\",\"RequestRuleName\":\"undefined\"}" => HTTP 404 (18 bytes)
[PegaHttpClient] 📡 POST https://zdk8budo.pegaacademy.net/prweb/api/CodeIntelligence/v1/rules/query?pxObjClass=Rule-HTML-Section&appliesTo=Rule-Application-UseCase&pyRuleName=pzRuleFormToolbarHotKeys&RequestClass=Rule-HTML-Section&RequestAppliesTo=Rule-Application-UseCase&RequestRuleName=pzRuleFormToolbarHotKeys Payload: "{\"RequestClass\":\"Rule-HTML-Section\",\"RequestAppliesTo\":\"Rule-Application-UseCase\",\"RequestRuleName\":\"pzRuleFormToolbarHotKeys\"}" => HTTP 200 (85058 bytes)
[PegaHttpClient] 📡 POST https://zdk8budo.pegaacademy.net/prweb/api/CodeIntelligence/v1/rules/query?pxObjClass=Rule-HTML-Section&appliesTo=Rule-Application-UseCase&pyRuleName=pzRuleFormToolbarLockedIcon&RequestClass=Rule-HTML-Section&RequestAppliesTo=Rule-Application-UseCase&RequestRuleName=pzRuleFormToolbarLockedIcon Payload: "{\"RequestClass\":\"Rule-HTML-Section\",\"RequestAppliesTo\":\"Rule-Application-UseCase\",\"RequestRuleName\":\"pzRuleFormToolbarLockedIcon\"}" => HTTP 200 (24898 bytes)
[PegaHttpClient] 📡 POST https://zdk8budo.pegaacademy.net/prweb/api/CodeIntelligence/v1/rules/query?pxObjClass=Rule-HTML-Section&appliesTo=Rule-Application-UseCase&pyRuleName=pzRuleFormToolbarCollaborators&RequestClass=Rule-HTML-Section&RequestAppliesTo=Rule-Application-UseCase&RequestRuleName=pzRuleFormToolbarCollaborators Payload: "{\"RequestClass\":\"Rule-HTML-Section\",\"RequestAppliesTo\":\"Rule-Application-UseCase\",\"RequestRuleName\":\"pzRuleFormToolbarCollaborators\"}" => HTTP 200 (15254 bytes)
[PegaHttpClient] 📡 POST https://zdk8budo.pegaacademy.net/prweb/api/CodeIntelligence/v1/rules/query?pxObjClass=Rule-HTML-Section&appliesTo=Rule-Application-UseCase&pyRuleName=pzRuleFormToolbarSaveAs&RequestClass=Rule-HTML-Section&RequestAppliesTo=Rule-Application-UseCase&RequestRuleName=pzRuleFormToolbarSaveAs Payload: "{\"RequestClass\":\"Rule-HTML-Section\",\"RequestAppliesTo\":\"Rule-Application-UseCase\",\"RequestRuleName\":\"pzRuleFormToolbarSaveAs\"}" => HTTP 200 (64084 bytes)
[PegaHttpClient] 📡 POST https://zdk8budo.pegaacademy.net/prweb/api/CodeIntelligence/v1/rules/query?pxObjClass=Rule-HTML-Section&appliesTo=Rule-Application-UseCase&pyRuleName=pzRuleFormToolbarCheckin&RequestClass=Rule-HTML-Section&RequestAppliesTo=Rule-Application-UseCase&RequestRuleName=pzRuleFormToolbarCheckin Payload: "{\"RequestClass\":\"Rule-HTML-Section\",\"RequestAppliesTo\":\"Rule-Application-UseCase\",\"RequestRuleName\":\"pzRuleFormToolbarCheckin\"}" => HTTP 200 (119096 bytes)
[PegaHttpClient] 📡 POST https://zdk8budo.pegaacademy.net/prweb/api/CodeIntelligence/v1/rules/query?pxObjClass=Rule-HTML-Section&appliesTo=Rule-Application-UseCase&pyRuleName=pzRuleFormToolbarDelete&RequestClass=Rule-HTML-Section&RequestAppliesTo=Rule-Application-UseCase&RequestRuleName=pzRuleFormToolbarDelete Payload: "{\"RequestClass\":\"Rule-HTML-Section\",\"RequestAppliesTo\":\"Rule-Application-UseCase\",\"RequestRuleName\":\"pzRuleFormToolbarDelete\"}" => HTTP 200 (30249 bytes)
[PegaHttpClient] 📡 POST https://zdk8budo.pegaacademy.net/prweb/api/CodeIntelligence/v1/rules/query?pxObjClass=Rule-HTML-Section&appliesTo=Rule-Application-UseCase&pyRuleName=pzRuleFormToolbarSave&RequestClass=Rule-HTML-Section&RequestAppliesTo=Rule-Application-UseCase&RequestRuleName=pzRuleFormToolbarSave Payload: "{\"RequestClass\":\"Rule-HTML-Section\",\"RequestAppliesTo\":\"Rule-Application-UseCase\",\"RequestRuleName\":\"pzRuleFormToolbarSave\"}" => HTTP 200 (293885 bytes)
[PegaHttpClient] 📡 POST https://zdk8budo.pegaacademy.net/prweb/api/CodeIntelligence/v1/rules/query?pxObjClass=Rule-HTML-Section&appliesTo=Rule-Application-UseCase&pyRuleName=pzRuleFormToolbarCheckout&RequestClass=Rule-HTML-Section&RequestAppliesTo=Rule-Application-UseCase&RequestRuleName=pzRuleFormToolbarCheckout Payload: "{\"RequestClass\":\"Rule-HTML-Section\",\"RequestAppliesTo\":\"Rule-Application-UseCase\",\"RequestRuleName\":\"pzRuleFormToolbarCheckout\"}" => HTTP 200 (238148 bytes)
[PegaHttpClient] 📡 POST https://zdk8budo.pegaacademy.net/prweb/api/CodeIntelligence/v1/rules/query?pxObjClass=Rule-HTML-Section&appliesTo=Rule-Application-UseCase&pyRuleName=pzRemoveErrorsDataPage&RequestClass=Rule-HTML-Section&RequestAppliesTo=Rule-Application-UseCase&RequestRuleName=pzRemoveErrorsDataPage Payload: "{\"RequestClass\":\"Rule-HTML-Section\",\"RequestAppliesTo\":\"Rule-Application-UseCase\",\"RequestRuleName\":\"pzRemoveErrorsDataPage\"}" => HTTP 200 (16733 bytes)
[PegaHttpClient] 📡 POST https://zdk8budo.pegaacademy.net/prweb/api/CodeIntelligence/v1/rules/query?pxObjClass=Rule-HTML-Section&appliesTo=Rule-Application-UseCase&pyRuleName=pzRuleFormHeaderMessagesWrapper&RequestClass=Rule-HTML-Section&RequestAppliesTo=Rule-Application-UseCase&RequestRuleName=pzRuleFormHeaderMessagesWrapper Payload: "{\"RequestClass\":\"Rule-HTML-Section\",\"RequestAppliesTo\":\"Rule-Application-UseCase\",\"RequestRuleName\":\"pzRuleFormHeaderMessagesWrapper\"}" => HTTP 200 (16981 bytes)
[PegaHttpClient] 📡 POST https://zdk8budo.pegaacademy.net/prweb/api/CodeIntelligence/v1/rules/query?pxObjClass=Rule-HTML-Section&appliesTo=Rule-Application-UseCase&pyRuleName=pzShapeNodeTabsFromOutline&RequestClass=Rule-HTML-Section&RequestAppliesTo=Rule-Application-UseCase&RequestRuleName=pzShapeNodeTabsFromOutline Payload: "{\"RequestClass\":\"Rule-HTML-Section\",\"RequestAppliesTo\":\"Rule-Application-UseCase\",\"RequestRuleName\":\"pzShapeNodeTabsFromOutline\"}" => HTTP 404 (128 bytes)
[PegaHttpClient] 📡 POST https://zdk8budo.pegaacademy.net/prweb/PRRestService/CodeIntelligence/v1/rules/query?pxObjClass=Rule-HTML-Section&appliesTo=Rule-Application-UseCase&pyRuleName=pzShapeNodeTabsFromOutline&RequestClass=Rule-HTML-Section&RequestAppliesTo=Rule-Application-UseCase&RequestRuleName=pzShapeNodeTabsFromOutline Payload: "{\"RequestClass\":\"Rule-HTML-Section\",\"RequestAppliesTo\":\"Rule-Application-UseCase\",\"RequestRuleName\":\"pzShapeNodeTabsFromOutline\"}" => HTTP 404 (128 bytes)
[PegaHttpClient] 📡 POST https://zdk8budo.pegaacademy.net/prweb/api/HRAppsV2Service/V1/rules/query?pxObjClass=Rule-HTML-Section&appliesTo=Rule-Application-UseCase&pyRuleName=pzShapeNodeTabsFromOutline&RequestClass=Rule-HTML-Section&RequestAppliesTo=Rule-Application-UseCase&RequestRuleName=pzShapeNodeTabsFromOutline Payload: "{\"RequestClass\":\"Rule-HTML-Section\",\"RequestAppliesTo\":\"Rule-Application-UseCase\",\"RequestRuleName\":\"pzShapeNodeTabsFromOutline\"}" => HTTP 404 (18 bytes)
[PegaHttpClient] 📡 POST https://zdk8budo.pegaacademy.net/prweb/PRRestService/HRAppsV2Service/V1/rules/query?pxObjClass=Rule-HTML-Section&appliesTo=Rule-Application-UseCase&pyRuleName=pzShapeNodeTabsFromOutline&RequestClass=Rule-HTML-Section&RequestAppliesTo=Rule-Application-UseCase&RequestRuleName=pzShapeNodeTabsFromOutline Payload: "{\"RequestClass\":\"Rule-HTML-Section\",\"RequestAppliesTo\":\"Rule-Application-UseCase\",\"RequestRuleName\":\"pzShapeNodeTabsFromOutline\"}" => HTTP 404 (18 bytes)
[PegaHttpClient] 📡 POST https://zdk8budo.pegaacademy.net/prweb/api/HRAppsV2/V1/rules/query?pxObjClass=Rule-HTML-Section&appliesTo=Rule-Application-UseCase&pyRuleName=pzShapeNodeTabsFromOutline&RequestClass=Rule-HTML-Section&RequestAppliesTo=Rule-Application-UseCase&RequestRuleName=pzShapeNodeTabsFromOutline Payload: "{\"RequestClass\":\"Rule-HTML-Section\",\"RequestAppliesTo\":\"Rule-Application-UseCase\",\"RequestRuleName\":\"pzShapeNodeTabsFromOutline\"}" => HTTP 404 (18 bytes)
[PegaHttpClient] 📡 POST https://zdk8budo.pegaacademy.net/prweb/PRRestService/HRAppsV2/V1/rules/query?pxObjClass=Rule-HTML-Section&appliesTo=Rule-Application-UseCase&pyRuleName=pzShapeNodeTabsFromOutline&RequestClass=Rule-HTML-Section&RequestAppliesTo=Rule-Application-UseCase&RequestRuleName=pzShapeNodeTabsFromOutline Payload: "{\"RequestClass\":\"Rule-HTML-Section\",\"RequestAppliesTo\":\"Rule-Application-UseCase\",\"RequestRuleName\":\"pzShapeNodeTabsFromOutline\"}" => HTTP 404 (18 bytes)
[PegaHttpClient] 📡 POST https://zdk8budo.pegaacademy.net/prweb/api/v1/rules/query?pxObjClass=Rule-HTML-Section&appliesTo=Rule-Application-UseCase&pyRuleName=pzShapeNodeTabsFromOutline&RequestClass=Rule-HTML-Section&RequestAppliesTo=Rule-Application-UseCase&RequestRuleName=pzShapeNodeTabsFromOutline Payload: "{\"RequestClass\":\"Rule-HTML-Section\",\"RequestAppliesTo\":\"Rule-Application-UseCase\",\"RequestRuleName\":\"pzShapeNodeTabsFromOutline\"}" => HTTP 404 (18 bytes)
[PegaHttpClient] 📡 POST https://zdk8budo.pegaacademy.net/prweb/PRRestService/v1/rules/query?pxObjClass=Rule-HTML-Section&appliesTo=Rule-Application-UseCase&pyRuleName=pzShapeNodeTabsFromOutline&RequestClass=Rule-HTML-Section&RequestAppliesTo=Rule-Application-UseCase&RequestRuleName=pzShapeNodeTabsFromOutline Payload: "{\"RequestClass\":\"Rule-HTML-Section\",\"RequestAppliesTo\":\"Rule-Application-UseCase\",\"RequestRuleName\":\"pzShapeNodeTabsFromOutline\"}" => HTTP 404 (18 bytes)
[PegaHttpClient] 📡 POST https://zdk8budo.pegaacademy.net/prweb/api/CodeIntelligence/v1/rules/query?pxObjClass=Rule-HTML-Section&appliesTo=Rule-Application-UseCase&pyRuleName=pzSpecificationFieldsTop&RequestClass=Rule-HTML-Section&RequestAppliesTo=Rule-Application-UseCase&RequestRuleName=pzSpecificationFieldsTop Payload: "{\"RequestClass\":\"Rule-HTML-Section\",\"RequestAppliesTo\":\"Rule-Application-UseCase\",\"RequestRuleName\":\"pzSpecificationFieldsTop\"}" => HTTP 200 (129805 bytes)
[PegaHttpClient] 📡 POST https://zdk8budo.pegaacademy.net/prweb/api/CodeIntelligence/v1/rules/query?pxObjClass=Rule-HTML-Section&appliesTo=Rule-Application-UseCase&pyRuleName=pzSpecificationDescription&RequestClass=Rule-HTML-Section&RequestAppliesTo=Rule-Application-UseCase&RequestRuleName=pzSpecificationDescription Payload: "{\"RequestClass\":\"Rule-HTML-Section\",\"RequestAppliesTo\":\"Rule-Application-UseCase\",\"RequestRuleName\":\"pzSpecificationDescription\"}" => HTTP 200 (15523 bytes)
[PegaHttpClient] 📡 POST https://zdk8budo.pegaacademy.net/prweb/api/CodeIntelligence/v1/rules/query?pxObjClass=Rule-HTML-Section&appliesTo=Rule-Application-UseCase&pyRuleName=pzSpecDescriptionAttachment&RequestClass=Rule-HTML-Section&RequestAppliesTo=Rule-Application-UseCase&RequestRuleName=pzSpecDescriptionAttachment Payload: "{\"RequestClass\":\"Rule-HTML-Section\",\"RequestAppliesTo\":\"Rule-Application-UseCase\",\"RequestRuleName\":\"pzSpecDescriptionAttachment\"}" => HTTP 200 (164717 bytes)
[PegaHttpClient] 📡 POST https://zdk8budo.pegaacademy.net/prweb/api/CodeIntelligence/v1/rules/query?pxObjClass=Rule-HTML-Section&appliesTo=Rule-Application-UseCase&pyRuleName=pzDSMSubtype&RequestClass=Rule-HTML-Section&RequestAppliesTo=Rule-Application-UseCase&RequestRuleName=pzDSMSubtype Payload: "{\"RequestClass\":\"Rule-HTML-Section\",\"RequestAppliesTo\":\"Rule-Application-UseCase\",\"RequestRuleName\":\"pzDSMSubtype\"}" => HTTP 200 (150127 bytes)
[PegaHttpClient] 📡 POST https://zdk8budo.pegaacademy.net/prweb/api/CodeIntelligence/v1/rules/query?pxObjClass=Rule-HTML-Section&appliesTo=Rule-Application-UseCase&pyRuleName=pzComments&RequestClass=Rule-HTML-Section&RequestAppliesTo=Rule-Application-UseCase&RequestRuleName=pzComments Payload: "{\"RequestClass\":\"Rule-HTML-Section\",\"RequestAppliesTo\":\"Rule-Application-UseCase\",\"RequestRuleName\":\"pzComments\"}" => HTTP 200 (17170 bytes)
[PegaHttpClient] 📡 POST https://zdk8budo.pegaacademy.net/prweb/api/CodeIntelligence/v1/rules/query?pxObjClass=Rule-HTML-Section&appliesTo=Rule-Application-UseCase&pyRuleName=pzUseCaseCustomFields&RequestClass=Rule-HTML-Section&RequestAppliesTo=Rule-Application-UseCase&RequestRuleName=pzUseCaseCustomFields Payload: "{\"RequestClass\":\"Rule-HTML-Section\",\"RequestAppliesTo\":\"Rule-Application-UseCase\",\"RequestRuleName\":\"pzUseCaseCustomFields\"}" => HTTP 200 (32946 bytes)
[PegaHttpClient] 📡 POST https://zdk8budo.pegaacademy.net/prweb/api/CodeIntelligence/v1/rules/query?pxObjClass=Rule-HTML-Section&appliesTo=Rule-Application-UseCase&pyRuleName=pzAdvanced&RequestClass=Rule-HTML-Section&RequestAppliesTo=Rule-Application-UseCase&RequestRuleName=pzAdvanced Payload: "{\"RequestClass\":\"Rule-HTML-Section\",\"RequestAppliesTo\":\"Rule-Application-UseCase\",\"RequestRuleName\":\"pzAdvanced\"}" => HTTP 200 (100123 bytes)
[PegaHttpClient] 📡 POST https://zdk8budo.pegaacademy.net/prweb/api/CodeIntelligence/v1/rules/query?pxObjClass=Rule-HTML-Section&appliesTo=Rule-Application-UseCase&pyRuleName=pzDisplaySpecificationImplementations&RequestClass=Rule-HTML-Section&RequestAppliesTo=Rule-Application-UseCase&RequestRuleName=pzDisplaySpecificationImplementations Payload: "{\"RequestClass\":\"Rule-HTML-Section\",\"RequestAppliesTo\":\"Rule-Application-UseCase\",\"RequestRuleName\":\"pzDisplaySpecificationImplementations\"}" => HTTP 200 (220974 bytes)
[PegaHttpClient] 📡 POST https://zdk8budo.pegaacademy.net/prweb/api/CodeIntelligence/v1/rules/query?pxObjClass=Rule-HTML-Section&appliesTo=Rule-Application-UseCase&pyRuleName=pzSpecPMFItems&RequestClass=Rule-HTML-Section&RequestAppliesTo=Rule-Application-UseCase&RequestRuleName=pzSpecPMFItems Payload: "{\"RequestClass\":\"Rule-HTML-Section\",\"RequestAppliesTo\":\"Rule-Application-UseCase\",\"RequestRuleName\":\"pzSpecPMFItems\"}" => HTTP 200 (74574 bytes)
[PegaHttpClient] 📡 POST https://zdk8budo.pegaacademy.net/prweb/api/CodeIntelligence/v1/rules/query?pxObjClass=Rule-HTML-Section&appliesTo=Rule-Application-UseCase&pyRuleName=RuleFormHistory_HistoryDetails&RequestClass=Rule-HTML-Section&RequestAppliesTo=Rule-Application-UseCase&RequestRuleName=RuleFormHistory_HistoryDetails Payload: "{\"RequestClass\":\"Rule-HTML-Section\",\"RequestAppliesTo\":\"Rule-Application-UseCase\",\"RequestRuleName\":\"RuleFormHistory_HistoryDetails\"}" => HTTP 200 (179535 bytes)
[PegaHttpClient] 📡 POST https://zdk8budo.pegaacademy.net/prweb/api/CodeIntelligence/v1/rules/query?pxObjClass=Rule-HTML-Section&appliesTo=Rule-Application-UseCase&pyRuleName=pxDisplayCollaborators&RequestClass=Rule-HTML-Section&RequestAppliesTo=Rule-Application-UseCase&RequestRuleName=pxDisplayCollaborators Payload: "{\"RequestClass\":\"Rule-HTML-Section\",\"RequestAppliesTo\":\"Rule-Application-UseCase\",\"RequestRuleName\":\"pxDisplayCollaborators\"}" => HTTP 200 (94171 bytes)
[PegaHttpClient] 📡 POST https://zdk8budo.pegaacademy.net/prweb/api/CodeIntelligence/v1/rules/query?pxObjClass=Rule-HTML-Section&appliesTo=Rule-Application-UseCase&pyRuleName=pzRuleFormToolbarDeleteCheckOut&RequestClass=Rule-HTML-Section&RequestAppliesTo=Rule-Application-UseCase&RequestRuleName=pzRuleFormToolbarDeleteCheckOut Payload: "{\"RequestClass\":\"Rule-HTML-Section\",\"RequestAppliesTo\":\"Rule-Application-UseCase\",\"RequestRuleName\":\"pzRuleFormToolbarDeleteCheckOut\"}" => HTTP 200 (29433 bytes)
[PegaHttpClient] 📡 POST https://zdk8budo.pegaacademy.net/prweb/api/CodeIntelligence/v1/rules/query?pxObjClass=Rule-HTML-Section&appliesTo=Rule-Application-UseCase&pyRuleName=pzRuleFormToolbarDeleteRule&RequestClass=Rule-HTML-Section&RequestAppliesTo=Rule-Application-UseCase&RequestRuleName=pzRuleFormToolbarDeleteRule Payload: "{\"RequestClass\":\"Rule-HTML-Section\",\"RequestAppliesTo\":\"Rule-Application-UseCase\",\"RequestRuleName\":\"pzRuleFormToolbarDeleteRule\"}" => HTTP 200 (32314 bytes)
[PegaHttpClient] 📡 POST https://zdk8budo.pegaacademy.net/prweb/api/CodeIntelligence/v1/rules/query?pxObjClass=Rule-HTML-Section&appliesTo=Rule-Application-UseCase&pyRuleName=pzReleaseIterationsFields&RequestClass=Rule-HTML-Section&RequestAppliesTo=Rule-Application-UseCase&RequestRuleName=pzReleaseIterationsFields Payload: "{\"RequestClass\":\"Rule-HTML-Section\",\"RequestAppliesTo\":\"Rule-Application-UseCase\",\"RequestRuleName\":\"pzReleaseIterationsFields\"}" => HTTP 200 (49309 bytes)
[PegaHttpClient] 📡 POST https://zdk8budo.pegaacademy.net/prweb/api/CodeIntelligence/v1/rules/query?pxObjClass=Rule-HTML-Section&appliesTo=Rule-Application-UseCase&pyRuleName=pzSpecificationDescriptionRte_NonOV&RequestClass=Rule-HTML-Section&RequestAppliesTo=Rule-Application-UseCase&RequestRuleName=pzSpecificationDescriptionRte_NonOV Payload: "{\"RequestClass\":\"Rule-HTML-Section\",\"RequestAppliesTo\":\"Rule-Application-UseCase\",\"RequestRuleName\":\"pzSpecificationDescriptionRte_NonOV\"}" => HTTP 200 (30035 bytes)
[PegaHttpClient] 📡 POST https://zdk8budo.pegaacademy.net/prweb/api/CodeIntelligence/v1/rules/query?pxObjClass=Rule-HTML-Section&appliesTo=Rule-Application-UseCase&pyRuleName=pyWordDocAsDescriptionLink&RequestClass=Rule-HTML-Section&RequestAppliesTo=Rule-Application-UseCase&RequestRuleName=pyWordDocAsDescriptionLink Payload: "{\"RequestClass\":\"Rule-HTML-Section\",\"RequestAppliesTo\":\"Rule-Application-UseCase\",\"RequestRuleName\":\"pyWordDocAsDescriptionLink\"}" => HTTP 200 (33641 bytes)
[PegaHttpClient] 📡 POST https://zdk8budo.pegaacademy.net/prweb/api/CodeIntelligence/v1/rules/query?pxObjClass=Rule-HTML-Section&appliesTo=Rule-Application-UseCase&pyRuleName=pzWordDocReplacementDialogue&RequestClass=Rule-HTML-Section&RequestAppliesTo=Rule-Application-UseCase&RequestRuleName=pzWordDocReplacementDialogue Payload: "{\"RequestClass\":\"Rule-HTML-Section\",\"RequestAppliesTo\":\"Rule-Application-UseCase\",\"RequestRuleName\":\"pzWordDocReplacementDialogue\"}" => HTTP 200 (163298 bytes)
[PegaHttpClient] 📡 POST https://zdk8budo.pegaacademy.net/prweb/api/CodeIntelligence/v1/rules/query?pxObjClass=Rule-HTML-Section&appliesTo=Rule-Application-UseCase&pyRuleName=pzDisplaySpecificationDescriptionWrapper&RequestClass=Rule-HTML-Section&RequestAppliesTo=Rule-Application-UseCase&RequestRuleName=pzDisplaySpecificationDescriptionWrapper Payload: "{\"RequestClass\":\"Rule-HTML-Section\",\"RequestAppliesTo\":\"Rule-Application-UseCase\",\"RequestRuleName\":\"pzDisplaySpecificationDescriptionWrapper\"}" => HTTP 200 (156027 bytes)
[PegaHttpClient] 📡 POST https://zdk8budo.pegaacademy.net/prweb/api/CodeIntelligence/v1/rules/query?pxObjClass=Rule-HTML-Section&appliesTo=Rule-Application-UseCase&pyRuleName=pyOnlyWordDocumentAllowedMessage&RequestClass=Rule-HTML-Section&RequestAppliesTo=Rule-Application-UseCase&RequestRuleName=pyOnlyWordDocumentAllowedMessage Payload: "{\"RequestClass\":\"Rule-HTML-Section\",\"RequestAppliesTo\":\"Rule-Application-UseCase\",\"RequestRuleName\":\"pyOnlyWordDocumentAllowedMessage\"}" => HTTP 200 (23398 bytes)
[PegaHttpClient] 📡 POST https://zdk8budo.pegaacademy.net/prweb/api/CodeIntelligence/v1/rules/query?pxObjClass=Rule-HTML-Section&appliesTo=Rule-Application-UseCase&pyRuleName=pxFeed&RequestClass=Rule-HTML-Section&RequestAppliesTo=Rule-Application-UseCase&RequestRuleName=pxFeed Payload: "{\"RequestClass\":\"Rule-HTML-Section\",\"RequestAppliesTo\":\"Rule-Application-UseCase\",\"RequestRuleName\":\"pxFeed\"}" => HTTP 200 (65959 bytes)
[PegaHttpClient] 📡 POST https://zdk8budo.pegaacademy.net/prweb/api/CodeIntelligence/v1/rules/query?pxObjClass=Rule-HTML-Section&appliesTo=Rule-Application-UseCase&pyRuleName=CustomFields&RequestClass=Rule-HTML-Section&RequestAppliesTo=Rule-Application-UseCase&RequestRuleName=CustomFields Payload: "{\"RequestClass\":\"Rule-HTML-Section\",\"RequestAppliesTo\":\"Rule-Application-UseCase\",\"RequestRuleName\":\"CustomFields\"}" => HTTP 200 (40555 bytes)
[PegaHttpClient] 📡 POST https://zdk8budo.pegaacademy.net/prweb/api/CodeIntelligence/v1/rules/query?pxObjClass=Rule-HTML-Section&appliesTo=Rule-Application-UseCase&pyRuleName=pzAttachMultipleFiles&RequestClass=Rule-HTML-Section&RequestAppliesTo=Rule-Application-UseCase&RequestRuleName=pzAttachMultipleFiles Payload: "{\"RequestClass\":\"Rule-HTML-Section\",\"RequestAppliesTo\":\"Rule-Application-UseCase\",\"RequestRuleName\":\"pzAttachMultipleFiles\"}" => HTTP 200 (131904 bytes)
[PegaHttpClient] 📡 POST https://zdk8budo.pegaacademy.net/prweb/api/CodeIntelligence/v1/rules/query?pxObjClass=Rule-HTML-Section&appliesTo=Rule-Application-UseCase&pyRuleName=pzAdvancedTop&RequestClass=Rule-HTML-Section&RequestAppliesTo=Rule-Application-UseCase&RequestRuleName=pzAdvancedTop Payload: "{\"RequestClass\":\"Rule-HTML-Section\",\"RequestAppliesTo\":\"Rule-Application-UseCase\",\"RequestRuleName\":\"pzAdvancedTop\"}" => HTTP 200 (133870 bytes)
[PegaHttpClient] 📡 POST https://zdk8budo.pegaacademy.net/prweb/api/CodeIntelligence/v1/rules/query?pxObjClass=Rule-HTML-Section&appliesTo=Rule-Application-UseCase&pyRuleName=pzActors&RequestClass=Rule-HTML-Section&RequestAppliesTo=Rule-Application-UseCase&RequestRuleName=pzActors Payload: "{\"RequestClass\":\"Rule-HTML-Section\",\"RequestAppliesTo\":\"Rule-Application-UseCase\",\"RequestRuleName\":\"pzActors\"}" => HTTP 200 (90813 bytes)
[PegaHttpClient] 📡 POST https://zdk8budo.pegaacademy.net/prweb/api/CodeIntelligence/v1/rules/query?pxObjClass=Rule-HTML-Section&appliesTo=Rule-Application-UseCase&pyRuleName=pzRequirementsWrapper&RequestClass=Rule-HTML-Section&RequestAppliesTo=Rule-Application-UseCase&RequestRuleName=pzRequirementsWrapper Payload: "{\"RequestClass\":\"Rule-HTML-Section\",\"RequestAppliesTo\":\"Rule-Application-UseCase\",\"RequestRuleName\":\"pzRequirementsWrapper\"}" => HTTP 200 (25731 bytes)
[PegaHttpClient] 📡 POST https://zdk8budo.pegaacademy.net/prweb/api/CodeIntelligence/v1/rules/query?pxObjClass=Rule-HTML-Section&appliesTo=Rule-Application-UseCase&pyRuleName=pzAttachments&RequestClass=Rule-HTML-Section&RequestAppliesTo=Rule-Application-UseCase&RequestRuleName=pzAttachments Payload: "{\"RequestClass\":\"Rule-HTML-Section\",\"RequestAppliesTo\":\"Rule-Application-UseCase\",\"RequestRuleName\":\"pzAttachments\"}" => HTTP 200 (16255 bytes)
[PegaHttpClient] 📡 POST https://zdk8budo.pegaacademy.net/prweb/api/CodeIntelligence/v1/rules/query?pxObjClass=Rule-HTML-Section&appliesTo=Rule-Application-UseCase&pyRuleName=pzSubjectMatterExperts&RequestClass=Rule-HTML-Section&RequestAppliesTo=Rule-Application-UseCase&RequestRuleName=pzSubjectMatterExperts Payload: "{\"RequestClass\":\"Rule-HTML-Section\",\"RequestAppliesTo\":\"Rule-Application-UseCase\",\"RequestRuleName\":\"pzSubjectMatterExperts\"}" => HTTP 200 (72451 bytes)
[PegaHttpClient] 📡 POST https://zdk8budo.pegaacademy.net/prweb/api/CodeIntelligence/v1/rules/query?pxObjClass=Rule-HTML-Section&appliesTo=Rule-Application-UseCase&pyRuleName=pzPreConditions&RequestClass=Rule-HTML-Section&RequestAppliesTo=Rule-Application-UseCase&RequestRuleName=pzPreConditions Payload: "{\"RequestClass\":\"Rule-HTML-Section\",\"RequestAppliesTo\":\"Rule-Application-UseCase\",\"RequestRuleName\":\"pzPreConditions\"}" => HTTP 200 (76370 bytes)
[PegaHttpClient] 📡 POST https://zdk8budo.pegaacademy.net/prweb/api/CodeIntelligence/v1/rules/query?pxObjClass=Rule-HTML-Section&appliesTo=Rule-Application-UseCase&pyRuleName=pzPostConditions&RequestClass=Rule-HTML-Section&RequestAppliesTo=Rule-Application-UseCase&RequestRuleName=pzPostConditions Payload: "{\"RequestClass\":\"Rule-HTML-Section\",\"RequestAppliesTo\":\"Rule-Application-UseCase\",\"RequestRuleName\":\"pzPostConditions\"}" => HTTP 200 (72710 bytes)
[PegaHttpClient] 📡 POST https://zdk8budo.pegaacademy.net/prweb/api/CodeIntelligence/v1/rules/query?pxObjClass=Rule-HTML-Section&appliesTo=Rule-Application-UseCase&pyRuleName=pzShowRuleType&RequestClass=Rule-HTML-Section&RequestAppliesTo=Rule-Application-UseCase&RequestRuleName=pzShowRuleType Payload: "{\"RequestClass\":\"Rule-HTML-Section\",\"RequestAppliesTo\":\"Rule-Application-UseCase\",\"RequestRuleName\":\"pzShowRuleType\"}" => HTTP 404 (116 bytes)
[PegaHttpClient] 📡 POST https://zdk8budo.pegaacademy.net/prweb/PRRestService/CodeIntelligence/v1/rules/query?pxObjClass=Rule-HTML-Section&appliesTo=Rule-Application-UseCase&pyRuleName=pzShowRuleType&RequestClass=Rule-HTML-Section&RequestAppliesTo=Rule-Application-UseCase&RequestRuleName=pzShowRuleType Payload: "{\"RequestClass\":\"Rule-HTML-Section\",\"RequestAppliesTo\":\"Rule-Application-UseCase\",\"RequestRuleName\":\"pzShowRuleType\"}" => HTTP 404 (116 bytes)
[PegaHttpClient] 📡 POST https://zdk8budo.pegaacademy.net/prweb/api/HRAppsV2Service/V1/rules/query?pxObjClass=Rule-HTML-Section&appliesTo=Rule-Application-UseCase&pyRuleName=pzShowRuleType&RequestClass=Rule-HTML-Section&RequestAppliesTo=Rule-Application-UseCase&RequestRuleName=pzShowRuleType Payload: "{\"RequestClass\":\"Rule-HTML-Section\",\"RequestAppliesTo\":\"Rule-Application-UseCase\",\"RequestRuleName\":\"pzShowRuleType\"}" => HTTP 404 (18 bytes)
[PegaHttpClient] 📡 POST https://zdk8budo.pegaacademy.net/prweb/PRRestService/HRAppsV2Service/V1/rules/query?pxObjClass=Rule-HTML-Section&appliesTo=Rule-Application-UseCase&pyRuleName=pzShowRuleType&RequestClass=Rule-HTML-Section&RequestAppliesTo=Rule-Application-UseCase&RequestRuleName=pzShowRuleType Payload: "{\"RequestClass\":\"Rule-HTML-Section\",\"RequestAppliesTo\":\"Rule-Application-UseCase\",\"RequestRuleName\":\"pzShowRuleType\"}" => HTTP 404 (18 bytes)
[PegaHttpClient] 📡 POST https://zdk8budo.pegaacademy.net/prweb/api/HRAppsV2/V1/rules/query?pxObjClass=Rule-HTML-Section&appliesTo=Rule-Application-UseCase&pyRuleName=pzShowRuleType&RequestClass=Rule-HTML-Section&RequestAppliesTo=Rule-Application-UseCase&RequestRuleName=pzShowRuleType Payload: "{\"RequestClass\":\"Rule-HTML-Section\",\"RequestAppliesTo\":\"Rule-Application-UseCase\",\"RequestRuleName\":\"pzShowRuleType\"}" => HTTP 404 (18 bytes)
[PegaHttpClient] 📡 POST https://zdk8budo.pegaacademy.net/prweb/PRRestService/HRAppsV2/V1/rules/query?pxObjClass=Rule-HTML-Section&appliesTo=Rule-Application-UseCase&pyRuleName=pzShowRuleType&RequestClass=Rule-HTML-Section&RequestAppliesTo=Rule-Application-UseCase&RequestRuleName=pzShowRuleType Payload: "{\"RequestClass\":\"Rule-HTML-Section\",\"RequestAppliesTo\":\"Rule-Application-UseCase\",\"RequestRuleName\":\"pzShowRuleType\"}" => HTTP 404 (18 bytes)
[PegaHttpClient] 📡 POST https://zdk8budo.pegaacademy.net/prweb/api/v1/rules/query?pxObjClass=Rule-HTML-Section&appliesTo=Rule-Application-UseCase&pyRuleName=pzShowRuleType&RequestClass=Rule-HTML-Section&RequestAppliesTo=Rule-Application-UseCase&RequestRuleName=pzShowRuleType Payload: "{\"RequestClass\":\"Rule-HTML-Section\",\"RequestAppliesTo\":\"Rule-Application-UseCase\",\"RequestRuleName\":\"pzShowRuleType\"}" => HTTP 404 (18 bytes)
[PegaHttpClient] 📡 POST https://zdk8budo.pegaacademy.net/prweb/PRRestService/v1/rules/query?pxObjClass=Rule-HTML-Section&appliesTo=Rule-Application-UseCase&pyRuleName=pzShowRuleType&RequestClass=Rule-HTML-Section&RequestAppliesTo=Rule-Application-UseCase&RequestRuleName=pzShowRuleType Payload: "{\"RequestClass\":\"Rule-HTML-Section\",\"RequestAppliesTo\":\"Rule-Application-UseCase\",\"RequestRuleName\":\"pzShowRuleType\"}" => HTTP 404 (18 bytes)
[PegaHttpClient] 📡 POST https://zdk8budo.pegaacademy.net/prweb/api/CodeIntelligence/v1/rules/query?pxObjClass=Rule-HTML-Section&appliesTo=Rule-Application-UseCase&pyRuleName=pzShowAppliesToField&RequestClass=Rule-HTML-Section&RequestAppliesTo=Rule-Application-UseCase&RequestRuleName=pzShowAppliesToField Payload: "{\"RequestClass\":\"Rule-HTML-Section\",\"RequestAppliesTo\":\"Rule-Application-UseCase\",\"RequestRuleName\":\"pzShowAppliesToField\"}" => HTTP 404 (122 bytes)
[PegaHttpClient] 📡 POST https://zdk8budo.pegaacademy.net/prweb/PRRestService/CodeIntelligence/v1/rules/query?pxObjClass=Rule-HTML-Section&appliesTo=Rule-Application-UseCase&pyRuleName=pzShowAppliesToField&RequestClass=Rule-HTML-Section&RequestAppliesTo=Rule-Application-UseCase&RequestRuleName=pzShowAppliesToField Payload: "{\"RequestClass\":\"Rule-HTML-Section\",\"RequestAppliesTo\":\"Rule-Application-UseCase\",\"RequestRuleName\":\"pzShowAppliesToField\"}" => HTTP 404 (122 bytes)
[PegaHttpClient] 📡 POST https://zdk8budo.pegaacademy.net/prweb/api/HRAppsV2Service/V1/rules/query?pxObjClass=Rule-HTML-Section&appliesTo=Rule-Application-UseCase&pyRuleName=pzShowAppliesToField&RequestClass=Rule-HTML-Section&RequestAppliesTo=Rule-Application-UseCase&RequestRuleName=pzShowAppliesToField Payload: "{\"RequestClass\":\"Rule-HTML-Section\",\"RequestAppliesTo\":\"Rule-Application-UseCase\",\"RequestRuleName\":\"pzShowAppliesToField\"}" => HTTP 404 (18 bytes)
[PegaHttpClient] 📡 POST https://zdk8budo.pegaacademy.net/prweb/PRRestService/HRAppsV2Service/V1/rules/query?pxObjClass=Rule-HTML-Section&appliesTo=Rule-Application-UseCase&pyRuleName=pzShowAppliesToField&RequestClass=Rule-HTML-Section&RequestAppliesTo=Rule-Application-UseCase&RequestRuleName=pzShowAppliesToField Payload: "{\"RequestClass\":\"Rule-HTML-Section\",\"RequestAppliesTo\":\"Rule-Application-UseCase\",\"RequestRuleName\":\"pzShowAppliesToField\"}" => HTTP 404 (18 bytes)
[PegaHttpClient] 📡 POST https://zdk8budo.pegaacademy.net/prweb/api/HRAppsV2/V1/rules/query?pxObjClass=Rule-HTML-Section&appliesTo=Rule-Application-UseCase&pyRuleName=pzShowAppliesToField&RequestClass=Rule-HTML-Section&RequestAppliesTo=Rule-Application-UseCase&RequestRuleName=pzShowAppliesToField Payload: "{\"RequestClass\":\"Rule-HTML-Section\",\"RequestAppliesTo\":\"Rule-Application-UseCase\",\"RequestRuleName\":\"pzShowAppliesToField\"}" => HTTP 404 (18 bytes)
[PegaHttpClient] 📡 POST https://zdk8budo.pegaacademy.net/prweb/PRRestService/HRAppsV2/V1/rules/query?pxObjClass=Rule-HTML-Section&appliesTo=Rule-Application-UseCase&pyRuleName=pzShowAppliesToField&RequestClass=Rule-HTML-Section&RequestAppliesTo=Rule-Application-UseCase&RequestRuleName=pzShowAppliesToField Payload: "{\"RequestClass\":\"Rule-HTML-Section\",\"RequestAppliesTo\":\"Rule-Application-UseCase\",\"RequestRuleName\":\"pzShowAppliesToField\"}" => HTTP 404 (18 bytes)
[PegaHttpClient] 📡 POST https://zdk8budo.pegaacademy.net/prweb/api/v1/rules/query?pxObjClass=Rule-HTML-Section&appliesTo=Rule-Application-UseCase&pyRuleName=pzShowAppliesToField&RequestClass=Rule-HTML-Section&RequestAppliesTo=Rule-Application-UseCase&RequestRuleName=pzShowAppliesToField Payload: "{\"RequestClass\":\"Rule-HTML-Section\",\"RequestAppliesTo\":\"Rule-Application-UseCase\",\"RequestRuleName\":\"pzShowAppliesToField\"}" => HTTP 404 (18 bytes)
[PegaHttpClient] 📡 POST https://zdk8budo.pegaacademy.net/prweb/PRRestService/v1/rules/query?pxObjClass=Rule-HTML-Section&appliesTo=Rule-Application-UseCase&pyRuleName=pzShowAppliesToField&RequestClass=Rule-HTML-Section&RequestAppliesTo=Rule-Application-UseCase&RequestRuleName=pzShowAppliesToField Payload: "{\"RequestClass\":\"Rule-HTML-Section\",\"RequestAppliesTo\":\"Rule-Application-UseCase\",\"RequestRuleName\":\"pzShowAppliesToField\"}" => HTTP 404 (18 bytes)
[PegaHttpClient] 📡 POST https://zdk8budo.pegaacademy.net/prweb/api/CodeIntelligence/v1/rules/query?pxObjClass=Rule-HTML-Section&appliesTo=Rule-Application-UseCase&pyRuleName=pzScm_RuleHistory&RequestClass=Rule-HTML-Section&RequestAppliesTo=Rule-Application-UseCase&RequestRuleName=pzScm_RuleHistory Payload: "{\"RequestClass\":\"Rule-HTML-Section\",\"RequestAppliesTo\":\"Rule-Application-UseCase\",\"RequestRuleName\":\"pzScm_RuleHistory\"}" => HTTP 200 (14682 bytes)
[PegaHttpClient] 📡 POST https://zdk8budo.pegaacademy.net/prweb/api/CodeIntelligence/v1/rules/query?pxObjClass=Rule-HTML-Section&appliesTo=Rule-Application-UseCase&pyRuleName=pzLoadCollaborationScripts&RequestClass=Rule-HTML-Section&RequestAppliesTo=Rule-Application-UseCase&RequestRuleName=pzLoadCollaborationScripts Payload: "{\"RequestClass\":\"Rule-HTML-Section\",\"RequestAppliesTo\":\"Rule-Application-UseCase\",\"RequestRuleName\":\"pzLoadCollaborationScripts\"}" => HTTP 200 (23453 bytes)
[PegaHttpClient] 📡 POST https://zdk8budo.pegaacademy.net/prweb/api/CodeIntelligence/v1/rules/query?pxObjClass=Rule-HTML-Section&appliesTo=Rule-Application-UseCase&pyRuleName=pzDisplayCollaboratorsList&RequestClass=Rule-HTML-Section&RequestAppliesTo=Rule-Application-UseCase&RequestRuleName=pzDisplayCollaboratorsList Payload: "{\"RequestClass\":\"Rule-HTML-Section\",\"RequestAppliesTo\":\"Rule-Application-UseCase\",\"RequestRuleName\":\"pzDisplayCollaboratorsList\"}" => HTTP 200 (105418 bytes)
[PegaHttpClient] 📡 POST https://zdk8budo.pegaacademy.net/prweb/api/CodeIntelligence/v1/rules/query?pxObjClass=Rule-HTML-Section&appliesTo=Rule-Application-UseCase&pyRuleName=pzEditSpecificationDescription&RequestClass=Rule-HTML-Section&RequestAppliesTo=Rule-Application-UseCase&RequestRuleName=pzEditSpecificationDescription Payload: "{\"RequestClass\":\"Rule-HTML-Section\",\"RequestAppliesTo\":\"Rule-Application-UseCase\",\"RequestRuleName\":\"pzEditSpecificationDescription\"}" => HTTP 200 (290731 bytes)
[PegaHttpClient] 📡 POST https://zdk8budo.pegaacademy.net/prweb/api/CodeIntelligence/v1/rules/query?pxObjClass=Rule-HTML-Section&appliesTo=Rule-Application-UseCase&pyRuleName=pzSpecificationDescriptionForOutlineView&RequestClass=Rule-HTML-Section&RequestAppliesTo=Rule-Application-UseCase&RequestRuleName=pzSpecificationDescriptionForOutlineView Payload: "{\"RequestClass\":\"Rule-HTML-Section\",\"RequestAppliesTo\":\"Rule-Application-UseCase\",\"RequestRuleName\":\"pzSpecificationDescriptionForOutlineView\"}" => HTTP 200 (49884 bytes)
[PegaHttpClient] 📡 POST https://zdk8budo.pegaacademy.net/prweb/api/CodeIntelligence/v1/rules/query?pxObjClass=Rule-HTML-Section&appliesTo=Rule-Application-UseCase&pyRuleName=pzDisplaySpecificationDescription&RequestClass=Rule-HTML-Section&RequestAppliesTo=Rule-Application-UseCase&RequestRuleName=pzDisplaySpecificationDescription Payload: "{\"RequestClass\":\"Rule-HTML-Section\",\"RequestAppliesTo\":\"Rule-Application-UseCase\",\"RequestRuleName\":\"pzDisplaySpecificationDescription\"}" => HTTP 404 (135 bytes)
[PegaHttpClient] 📡 POST https://zdk8budo.pegaacademy.net/prweb/PRRestService/CodeIntelligence/v1/rules/query?pxObjClass=Rule-HTML-Section&appliesTo=Rule-Application-UseCase&pyRuleName=pzDisplaySpecificationDescription&RequestClass=Rule-HTML-Section&RequestAppliesTo=Rule-Application-UseCase&RequestRuleName=pzDisplaySpecificationDescription Payload: "{\"RequestClass\":\"Rule-HTML-Section\",\"RequestAppliesTo\":\"Rule-Application-UseCase\",\"RequestRuleName\":\"pzDisplaySpecificationDescription\"}" => HTTP 404 (135 bytes)
[PegaHttpClient] 📡 POST https://zdk8budo.pegaacademy.net/prweb/api/HRAppsV2Service/V1/rules/query?pxObjClass=Rule-HTML-Section&appliesTo=Rule-Application-UseCase&pyRuleName=pzDisplaySpecificationDescription&RequestClass=Rule-HTML-Section&RequestAppliesTo=Rule-Application-UseCase&RequestRuleName=pzDisplaySpecificationDescription Payload: "{\"RequestClass\":\"Rule-HTML-Section\",\"RequestAppliesTo\":\"Rule-Application-UseCase\",\"RequestRuleName\":\"pzDisplaySpecificationDescription\"}" => HTTP 404 (18 bytes)
[PegaHttpClient] 📡 POST https://zdk8budo.pegaacademy.net/prweb/PRRestService/HRAppsV2Service/V1/rules/query?pxObjClass=Rule-HTML-Section&appliesTo=Rule-Application-UseCase&pyRuleName=pzDisplaySpecificationDescription&RequestClass=Rule-HTML-Section&RequestAppliesTo=Rule-Application-UseCase&RequestRuleName=pzDisplaySpecificationDescription Payload: "{\"RequestClass\":\"Rule-HTML-Section\",\"RequestAppliesTo\":\"Rule-Application-UseCase\",\"RequestRuleName\":\"pzDisplaySpecificationDescription\"}" => HTTP 404 (18 bytes)
[PegaHttpClient] 📡 POST https://zdk8budo.pegaacademy.net/prweb/api/HRAppsV2/V1/rules/query?pxObjClass=Rule-HTML-Section&appliesTo=Rule-Application-UseCase&pyRuleName=pzDisplaySpecificationDescription&RequestClass=Rule-HTML-Section&RequestAppliesTo=Rule-Application-UseCase&RequestRuleName=pzDisplaySpecificationDescription Payload: "{\"RequestClass\":\"Rule-HTML-Section\",\"RequestAppliesTo\":\"Rule-Application-UseCase\",\"RequestRuleName\":\"pzDisplaySpecificationDescription\"}" => HTTP 404 (18 bytes)
[PegaHttpClient] 📡 POST https://zdk8budo.pegaacademy.net/prweb/PRRestService/HRAppsV2/V1/rules/query?pxObjClass=Rule-HTML-Section&appliesTo=Rule-Application-UseCase&pyRuleName=pzDisplaySpecificationDescription&RequestClass=Rule-HTML-Section&RequestAppliesTo=Rule-Application-UseCase&RequestRuleName=pzDisplaySpecificationDescription Payload: "{\"RequestClass\":\"Rule-HTML-Section\",\"RequestAppliesTo\":\"Rule-Application-UseCase\",\"RequestRuleName\":\"pzDisplaySpecificationDescription\"}" => HTTP 404 (18 bytes)
[PegaHttpClient] 📡 POST https://zdk8budo.pegaacademy.net/prweb/api/v1/rules/query?pxObjClass=Rule-HTML-Section&appliesTo=Rule-Application-UseCase&pyRuleName=pzDisplaySpecificationDescription&RequestClass=Rule-HTML-Section&RequestAppliesTo=Rule-Application-UseCase&RequestRuleName=pzDisplaySpecificationDescription Payload: "{\"RequestClass\":\"Rule-HTML-Section\",\"RequestAppliesTo\":\"Rule-Application-UseCase\",\"RequestRuleName\":\"pzDisplaySpecificationDescription\"}" => HTTP 404 (18 bytes)
[PegaHttpClient] 📡 POST https://zdk8budo.pegaacademy.net/prweb/PRRestService/v1/rules/query?pxObjClass=Rule-HTML-Section&appliesTo=Rule-Application-UseCase&pyRuleName=pzDisplaySpecificationDescription&RequestClass=Rule-HTML-Section&RequestAppliesTo=Rule-Application-UseCase&RequestRuleName=pzDisplaySpecificationDescription Payload: "{\"RequestClass\":\"Rule-HTML-Section\",\"RequestAppliesTo\":\"Rule-Application-UseCase\",\"RequestRuleName\":\"pzDisplaySpecificationDescription\"}" => HTTP 404 (18 bytes)
[PegaHttpClient] 📡 POST https://zdk8budo.pegaacademy.net/prweb/api/CodeIntelligence/v1/rules/query?pxObjClass=Rule-HTML-Section&appliesTo=Rule-Application-UseCase&pyRuleName=pzDisplaySpecificationDescriptionNonEditable&RequestClass=Rule-HTML-Section&RequestAppliesTo=Rule-Application-UseCase&RequestRuleName=pzDisplaySpecificationDescriptionNonEditable Payload: "{\"RequestClass\":\"Rule-HTML-Section\",\"RequestAppliesTo\":\"Rule-Application-UseCase\",\"RequestRuleName\":\"pzDisplaySpecificationDescriptionNonEditable\"}" => HTTP 404 (146 bytes)
[PegaHttpClient] 📡 POST https://zdk8budo.pegaacademy.net/prweb/PRRestService/CodeIntelligence/v1/rules/query?pxObjClass=Rule-HTML-Section&appliesTo=Rule-Application-UseCase&pyRuleName=pzDisplaySpecificationDescriptionNonEditable&RequestClass=Rule-HTML-Section&RequestAppliesTo=Rule-Application-UseCase&RequestRuleName=pzDisplaySpecificationDescriptionNonEditable Payload: "{\"RequestClass\":\"Rule-HTML-Section\",\"RequestAppliesTo\":\"Rule-Application-UseCase\",\"RequestRuleName\":\"pzDisplaySpecificationDescriptionNonEditable\"}" => HTTP 404 (146 bytes)
[PegaHttpClient] 📡 POST https://zdk8budo.pegaacademy.net/prweb/api/HRAppsV2Service/V1/rules/query?pxObjClass=Rule-HTML-Section&appliesTo=Rule-Application-UseCase&pyRuleName=pzDisplaySpecificationDescriptionNonEditable&RequestClass=Rule-HTML-Section&RequestAppliesTo=Rule-Application-UseCase&RequestRuleName=pzDisplaySpecificationDescriptionNonEditable Payload: "{\"RequestClass\":\"Rule-HTML-Section\",\"RequestAppliesTo\":\"Rule-Application-UseCase\",\"RequestRuleName\":\"pzDisplaySpecificationDescriptionNonEditable\"}" => HTTP 404 (18 bytes)
[PegaHttpClient] 📡 POST https://zdk8budo.pegaacademy.net/prweb/PRRestService/HRAppsV2Service/V1/rules/query?pxObjClass=Rule-HTML-Section&appliesTo=Rule-Application-UseCase&pyRuleName=pzDisplaySpecificationDescriptionNonEditable&RequestClass=Rule-HTML-Section&RequestAppliesTo=Rule-Application-UseCase&RequestRuleName=pzDisplaySpecificationDescriptionNonEditable Payload: "{\"RequestClass\":\"Rule-HTML-Section\",\"RequestAppliesTo\":\"Rule-Application-UseCase\",\"RequestRuleName\":\"pzDisplaySpecificationDescriptionNonEditable\"}" => HTTP 404 (18 bytes)
[PegaHttpClient] 📡 POST https://zdk8budo.pegaacademy.net/prweb/api/HRAppsV2/V1/rules/query?pxObjClass=Rule-HTML-Section&appliesTo=Rule-Application-UseCase&pyRuleName=pzDisplaySpecificationDescriptionNonEditable&RequestClass=Rule-HTML-Section&RequestAppliesTo=Rule-Application-UseCase&RequestRuleName=pzDisplaySpecificationDescriptionNonEditable Payload: "{\"RequestClass\":\"Rule-HTML-Section\",\"RequestAppliesTo\":\"Rule-Application-UseCase\",\"RequestRuleName\":\"pzDisplaySpecificationDescriptionNonEditable\"}" => HTTP 404 (18 bytes)
[PegaHttpClient] 📡 POST https://zdk8budo.pegaacademy.net/prweb/PRRestService/HRAppsV2/V1/rules/query?pxObjClass=Rule-HTML-Section&appliesTo=Rule-Application-UseCase&pyRuleName=pzDisplaySpecificationDescriptionNonEditable&RequestClass=Rule-HTML-Section&RequestAppliesTo=Rule-Application-UseCase&RequestRuleName=pzDisplaySpecificationDescriptionNonEditable Payload: "{\"RequestClass\":\"Rule-HTML-Section\",\"RequestAppliesTo\":\"Rule-Application-UseCase\",\"RequestRuleName\":\"pzDisplaySpecificationDescriptionNonEditable\"}" => HTTP 404 (18 bytes)
[PegaHttpClient] 📡 POST https://zdk8budo.pegaacademy.net/prweb/api/v1/rules/query?pxObjClass=Rule-HTML-Section&appliesTo=Rule-Application-UseCase&pyRuleName=pzDisplaySpecificationDescriptionNonEditable&RequestClass=Rule-HTML-Section&RequestAppliesTo=Rule-Application-UseCase&RequestRuleName=pzDisplaySpecificationDescriptionNonEditable Payload: "{\"RequestClass\":\"Rule-HTML-Section\",\"RequestAppliesTo\":\"Rule-Application-UseCase\",\"RequestRuleName\":\"pzDisplaySpecificationDescriptionNonEditable\"}" => HTTP 404 (18 bytes)
[PegaHttpClient] 📡 POST https://zdk8budo.pegaacademy.net/prweb/PRRestService/v1/rules/query?pxObjClass=Rule-HTML-Section&appliesTo=Rule-Application-UseCase&pyRuleName=pzDisplaySpecificationDescriptionNonEditable&RequestClass=Rule-HTML-Section&RequestAppliesTo=Rule-Application-UseCase&RequestRuleName=pzDisplaySpecificationDescriptionNonEditable Payload: "{\"RequestClass\":\"Rule-HTML-Section\",\"RequestAppliesTo\":\"Rule-Application-UseCase\",\"RequestRuleName\":\"pzDisplaySpecificationDescriptionNonEditable\"}" => HTTP 404 (18 bytes)
[PegaHttpClient] 📡 POST https://zdk8budo.pegaacademy.net/prweb/api/CodeIntelligence/v1/rules/query?pxObjClass=Rule-HTML-Section&appliesTo=Rule-Application-UseCase&pyRuleName=pzDisplaySpecificationDescriptionForStepAndForm&RequestClass=Rule-HTML-Section&RequestAppliesTo=Rule-Application-UseCase&RequestRuleName=pzDisplaySpecificationDescriptionForStepAndForm Payload: "{\"RequestClass\":\"Rule-HTML-Section\",\"RequestAppliesTo\":\"Rule-Application-UseCase\",\"RequestRuleName\":\"pzDisplaySpecificationDescriptionForStepAndForm\"}" => HTTP 404 (149 bytes)
[PegaHttpClient] 📡 POST https://zdk8budo.pegaacademy.net/prweb/PRRestService/CodeIntelligence/v1/rules/query?pxObjClass=Rule-HTML-Section&appliesTo=Rule-Application-UseCase&pyRuleName=pzDisplaySpecificationDescriptionForStepAndForm&RequestClass=Rule-HTML-Section&RequestAppliesTo=Rule-Application-UseCase&RequestRuleName=pzDisplaySpecificationDescriptionForStepAndForm Payload: "{\"RequestClass\":\"Rule-HTML-Section\",\"RequestAppliesTo\":\"Rule-Application-UseCase\",\"RequestRuleName\":\"pzDisplaySpecificationDescriptionForStepAndForm\"}" => HTTP 404 (149 bytes)
[PegaHttpClient] 📡 POST https://zdk8budo.pegaacademy.net/prweb/api/HRAppsV2Service/V1/rules/query?pxObjClass=Rule-HTML-Section&appliesTo=Rule-Application-UseCase&pyRuleName=pzDisplaySpecificationDescriptionForStepAndForm&RequestClass=Rule-HTML-Section&RequestAppliesTo=Rule-Application-UseCase&RequestRuleName=pzDisplaySpecificationDescriptionForStepAndForm Payload: "{\"RequestClass\":\"Rule-HTML-Section\",\"RequestAppliesTo\":\"Rule-Application-UseCase\",\"RequestRuleName\":\"pzDisplaySpecificationDescriptionForStepAndForm\"}" => HTTP 404 (18 bytes)
[PegaHttpClient] 📡 POST https://zdk8budo.pegaacademy.net/prweb/PRRestService/HRAppsV2Service/V1/rules/query?pxObjClass=Rule-HTML-Section&appliesTo=Rule-Application-UseCase&pyRuleName=pzDisplaySpecificationDescriptionForStepAndForm&RequestClass=Rule-HTML-Section&RequestAppliesTo=Rule-Application-UseCase&RequestRuleName=pzDisplaySpecificationDescriptionForStepAndForm Payload: "{\"RequestClass\":\"Rule-HTML-Section\",\"RequestAppliesTo\":\"Rule-Application-UseCase\",\"RequestRuleName\":\"pzDisplaySpecificationDescriptionForStepAndForm\"}" => HTTP 404 (18 bytes)
[PegaHttpClient] 📡 POST https://zdk8budo.pegaacademy.net/prweb/api/HRAppsV2/V1/rules/query?pxObjClass=Rule-HTML-Section&appliesTo=Rule-Application-UseCase&pyRuleName=pzDisplaySpecificationDescriptionForStepAndForm&RequestClass=Rule-HTML-Section&RequestAppliesTo=Rule-Application-UseCase&RequestRuleName=pzDisplaySpecificationDescriptionForStepAndForm Payload: "{\"RequestClass\":\"Rule-HTML-Section\",\"RequestAppliesTo\":\"Rule-Application-UseCase\",\"RequestRuleName\":\"pzDisplaySpecificationDescriptionForStepAndForm\"}" => HTTP 404 (18 bytes)
[PegaHttpClient] 📡 POST https://zdk8budo.pegaacademy.net/prweb/PRRestService/HRAppsV2/V1/rules/query?pxObjClass=Rule-HTML-Section&appliesTo=Rule-Application-UseCase&pyRuleName=pzDisplaySpecificationDescriptionForStepAndForm&RequestClass=Rule-HTML-Section&RequestAppliesTo=Rule-Application-UseCase&RequestRuleName=pzDisplaySpecificationDescriptionForStepAndForm Payload: "{\"RequestClass\":\"Rule-HTML-Section\",\"RequestAppliesTo\":\"Rule-Application-UseCase\",\"RequestRuleName\":\"pzDisplaySpecificationDescriptionForStepAndForm\"}" => HTTP 404 (18 bytes)
[PegaHttpClient] 📡 POST https://zdk8budo.pegaacademy.net/prweb/api/v1/rules/query?pxObjClass=Rule-HTML-Section&appliesTo=Rule-Application-UseCase&pyRuleName=pzDisplaySpecificationDescriptionForStepAndForm&RequestClass=Rule-HTML-Section&RequestAppliesTo=Rule-Application-UseCase&RequestRuleName=pzDisplaySpecificationDescriptionForStepAndForm Payload: "{\"RequestClass\":\"Rule-HTML-Section\",\"RequestAppliesTo\":\"Rule-Application-UseCase\",\"RequestRuleName\":\"pzDisplaySpecificationDescriptionForStepAndForm\"}" => HTTP 404 (18 bytes)
[PegaHttpClient] 📡 POST https://zdk8budo.pegaacademy.net/prweb/PRRestService/v1/rules/query?pxObjClass=Rule-HTML-Section&appliesTo=Rule-Application-UseCase&pyRuleName=pzDisplaySpecificationDescriptionForStepAndForm&RequestClass=Rule-HTML-Section&RequestAppliesTo=Rule-Application-UseCase&RequestRuleName=pzDisplaySpecificationDescriptionForStepAndForm Payload: "{\"RequestClass\":\"Rule-HTML-Section\",\"RequestAppliesTo\":\"Rule-Application-UseCase\",\"RequestRuleName\":\"pzDisplaySpecificationDescriptionForStepAndForm\"}" => HTTP 404 (18 bytes)
[PegaHttpClient] 📡 POST https://zdk8budo.pegaacademy.net/prweb/api/CodeIntelligence/v1/rules/query?pxObjClass=Rule-HTML-Section&appliesTo=Rule-Application-UseCase&pyRuleName=pzDisplaySpecificationDescriptionForOutline&RequestClass=Rule-HTML-Section&RequestAppliesTo=Rule-Application-UseCase&RequestRuleName=pzDisplaySpecificationDescriptionForOutline Payload: "{\"RequestClass\":\"Rule-HTML-Section\",\"RequestAppliesTo\":\"Rule-Application-UseCase\",\"RequestRuleName\":\"pzDisplaySpecificationDescriptionForOutline\"}" => HTTP 404 (145 bytes)
[PegaHttpClient] 📡 POST https://zdk8budo.pegaacademy.net/prweb/PRRestService/CodeIntelligence/v1/rules/query?pxObjClass=Rule-HTML-Section&appliesTo=Rule-Application-UseCase&pyRuleName=pzDisplaySpecificationDescriptionForOutline&RequestClass=Rule-HTML-Section&RequestAppliesTo=Rule-Application-UseCase&RequestRuleName=pzDisplaySpecificationDescriptionForOutline Payload: "{\"RequestClass\":\"Rule-HTML-Section\",\"RequestAppliesTo\":\"Rule-Application-UseCase\",\"RequestRuleName\":\"pzDisplaySpecificationDescriptionForOutline\"}" => HTTP 404 (145 bytes)
[PegaHttpClient] 📡 POST https://zdk8budo.pegaacademy.net/prweb/api/HRAppsV2Service/V1/rules/query?pxObjClass=Rule-HTML-Section&appliesTo=Rule-Application-UseCase&pyRuleName=pzDisplaySpecificationDescriptionForOutline&RequestClass=Rule-HTML-Section&RequestAppliesTo=Rule-Application-UseCase&RequestRuleName=pzDisplaySpecificationDescriptionForOutline Payload: "{\"RequestClass\":\"Rule-HTML-Section\",\"RequestAppliesTo\":\"Rule-Application-UseCase\",\"RequestRuleName\":\"pzDisplaySpecificationDescriptionForOutline\"}" => HTTP 404 (18 bytes)
[PegaHttpClient] 📡 POST https://zdk8budo.pegaacademy.net/prweb/PRRestService/HRAppsV2Service/V1/rules/query?pxObjClass=Rule-HTML-Section&appliesTo=Rule-Application-UseCase&pyRuleName=pzDisplaySpecificationDescriptionForOutline&RequestClass=Rule-HTML-Section&RequestAppliesTo=Rule-Application-UseCase&RequestRuleName=pzDisplaySpecificationDescriptionForOutline Payload: "{\"RequestClass\":\"Rule-HTML-Section\",\"RequestAppliesTo\":\"Rule-Application-UseCase\",\"RequestRuleName\":\"pzDisplaySpecificationDescriptionForOutline\"}" => HTTP 404 (18 bytes)
[PegaHttpClient] 📡 POST https://zdk8budo.pegaacademy.net/prweb/api/HRAppsV2/V1/rules/query?pxObjClass=Rule-HTML-Section&appliesTo=Rule-Application-UseCase&pyRuleName=pzDisplaySpecificationDescriptionForOutline&RequestClass=Rule-HTML-Section&RequestAppliesTo=Rule-Application-UseCase&RequestRuleName=pzDisplaySpecificationDescriptionForOutline Payload: "{\"RequestClass\":\"Rule-HTML-Section\",\"RequestAppliesTo\":\"Rule-Application-UseCase\",\"RequestRuleName\":\"pzDisplaySpecificationDescriptionForOutline\"}" => HTTP 404 (18 bytes)
[PegaHttpClient] 📡 POST https://zdk8budo.pegaacademy.net/prweb/PRRestService/HRAppsV2/V1/rules/query?pxObjClass=Rule-HTML-Section&appliesTo=Rule-Application-UseCase&pyRuleName=pzDisplaySpecificationDescriptionForOutline&RequestClass=Rule-HTML-Section&RequestAppliesTo=Rule-Application-UseCase&RequestRuleName=pzDisplaySpecificationDescriptionForOutline Payload: "{\"RequestClass\":\"Rule-HTML-Section\",\"RequestAppliesTo\":\"Rule-Application-UseCase\",\"RequestRuleName\":\"pzDisplaySpecificationDescriptionForOutline\"}" => HTTP 404 (18 bytes)
[PegaHttpClient] 📡 POST https://zdk8budo.pegaacademy.net/prweb/api/v1/rules/query?pxObjClass=Rule-HTML-Section&appliesTo=Rule-Application-UseCase&pyRuleName=pzDisplaySpecificationDescriptionForOutline&RequestClass=Rule-HTML-Section&RequestAppliesTo=Rule-Application-UseCase&RequestRuleName=pzDisplaySpecificationDescriptionForOutline Payload: "{\"RequestClass\":\"Rule-HTML-Section\",\"RequestAppliesTo\":\"Rule-Application-UseCase\",\"RequestRuleName\":\"pzDisplaySpecificationDescriptionForOutline\"}" => HTTP 404 (18 bytes)
[PegaHttpClient] 📡 POST https://zdk8budo.pegaacademy.net/prweb/PRRestService/v1/rules/query?pxObjClass=Rule-HTML-Section&appliesTo=Rule-Application-UseCase&pyRuleName=pzDisplaySpecificationDescriptionForOutline&RequestClass=Rule-HTML-Section&RequestAppliesTo=Rule-Application-UseCase&RequestRuleName=pzDisplaySpecificationDescriptionForOutline Payload: "{\"RequestClass\":\"Rule-HTML-Section\",\"RequestAppliesTo\":\"Rule-Application-UseCase\",\"RequestRuleName\":\"pzDisplaySpecificationDescriptionForOutline\"}" => HTTP 404 (18 bytes)
[PegaHttpClient] 📡 POST https://zdk8budo.pegaacademy.net/prweb/api/CodeIntelligence/v1/rules/query?pxObjClass=Rule-HTML-Section&appliesTo=Rule-Application-UseCase&pyRuleName=pzPegaSocialDependencies&RequestClass=Rule-HTML-Section&RequestAppliesTo=Rule-Application-UseCase&RequestRuleName=pzPegaSocialDependencies Payload: "{\"RequestClass\":\"Rule-HTML-Section\",\"RequestAppliesTo\":\"Rule-Application-UseCase\",\"RequestRuleName\":\"pzPegaSocialDependencies\"}" => HTTP 200 (18561 bytes)
[PegaHttpClient] 📡 POST https://zdk8budo.pegaacademy.net/prweb/api/CodeIntelligence/v1/rules/query?pxObjClass=Rule-HTML-Section&appliesTo=Rule-Application-UseCase&pyRuleName=pyFeed&RequestClass=Rule-HTML-Section&RequestAppliesTo=Rule-Application-UseCase&RequestRuleName=pyFeed Payload: "{\"RequestClass\":\"Rule-HTML-Section\",\"RequestAppliesTo\":\"Rule-Application-UseCase\",\"RequestRuleName\":\"pyFeed\"}" => HTTP 404 (108 bytes)
[PegaHttpClient] 📡 POST https://zdk8budo.pegaacademy.net/prweb/PRRestService/CodeIntelligence/v1/rules/query?pxObjClass=Rule-HTML-Section&appliesTo=Rule-Application-UseCase&pyRuleName=pyFeed&RequestClass=Rule-HTML-Section&RequestAppliesTo=Rule-Application-UseCase&RequestRuleName=pyFeed Payload: "{\"RequestClass\":\"Rule-HTML-Section\",\"RequestAppliesTo\":\"Rule-Application-UseCase\",\"RequestRuleName\":\"pyFeed\"}" => HTTP 404 (108 bytes)
[PegaHttpClient] 📡 POST https://zdk8budo.pegaacademy.net/prweb/api/HRAppsV2Service/V1/rules/query?pxObjClass=Rule-HTML-Section&appliesTo=Rule-Application-UseCase&pyRuleName=pyFeed&RequestClass=Rule-HTML-Section&RequestAppliesTo=Rule-Application-UseCase&RequestRuleName=pyFeed Payload: "{\"RequestClass\":\"Rule-HTML-Section\",\"RequestAppliesTo\":\"Rule-Application-UseCase\",\"RequestRuleName\":\"pyFeed\"}" => HTTP 404 (18 bytes)
[PegaHttpClient] 📡 POST https://zdk8budo.pegaacademy.net/prweb/PRRestService/HRAppsV2Service/V1/rules/query?pxObjClass=Rule-HTML-Section&appliesTo=Rule-Application-UseCase&pyRuleName=pyFeed&RequestClass=Rule-HTML-Section&RequestAppliesTo=Rule-Application-UseCase&RequestRuleName=pyFeed Payload: "{\"RequestClass\":\"Rule-HTML-Section\",\"RequestAppliesTo\":\"Rule-Application-UseCase\",\"RequestRuleName\":\"pyFeed\"}" => HTTP 404 (18 bytes)
[PegaHttpClient] 📡 POST https://zdk8budo.pegaacademy.net/prweb/api/HRAppsV2/V1/rules/query?pxObjClass=Rule-HTML-Section&appliesTo=Rule-Application-UseCase&pyRuleName=pyFeed&RequestClass=Rule-HTML-Section&RequestAppliesTo=Rule-Application-UseCase&RequestRuleName=pyFeed Payload: "{\"RequestClass\":\"Rule-HTML-Section\",\"RequestAppliesTo\":\"Rule-Application-UseCase\",\"RequestRuleName\":\"pyFeed\"}" => HTTP 404 (18 bytes)
[PegaHttpClient] 📡 POST https://zdk8budo.pegaacademy.net/prweb/PRRestService/HRAppsV2/V1/rules/query?pxObjClass=Rule-HTML-Section&appliesTo=Rule-Application-UseCase&pyRuleName=pyFeed&RequestClass=Rule-HTML-Section&RequestAppliesTo=Rule-Application-UseCase&RequestRuleName=pyFeed Payload: "{\"RequestClass\":\"Rule-HTML-Section\",\"RequestAppliesTo\":\"Rule-Application-UseCase\",\"RequestRuleName\":\"pyFeed\"}" => HTTP 404 (18 bytes)
[PegaHttpClient] 📡 POST https://zdk8budo.pegaacademy.net/prweb/api/v1/rules/query?pxObjClass=Rule-HTML-Section&appliesTo=Rule-Application-UseCase&pyRuleName=pyFeed&RequestClass=Rule-HTML-Section&RequestAppliesTo=Rule-Application-UseCase&RequestRuleName=pyFeed Payload: "{\"RequestClass\":\"Rule-HTML-Section\",\"RequestAppliesTo\":\"Rule-Application-UseCase\",\"RequestRuleName\":\"pyFeed\"}" => HTTP 404 (18 bytes)
[PegaHttpClient] 📡 POST https://zdk8budo.pegaacademy.net/prweb/PRRestService/v1/rules/query?pxObjClass=Rule-HTML-Section&appliesTo=Rule-Application-UseCase&pyRuleName=pyFeed&RequestClass=Rule-HTML-Section&RequestAppliesTo=Rule-Application-UseCase&RequestRuleName=pyFeed Payload: "{\"RequestClass\":\"Rule-HTML-Section\",\"RequestAppliesTo\":\"Rule-Application-UseCase\",\"RequestRuleName\":\"pyFeed\"}" => HTTP 404 (18 bytes)
[PegaHttpClient] 📡 POST https://zdk8budo.pegaacademy.net/prweb/api/CodeIntelligence/v1/rules/query?pxObjClass=Rule-HTML-Section&appliesTo=Rule-Application-UseCase&pyRuleName=pzDisplayExistingAttachments&RequestClass=Rule-HTML-Section&RequestAppliesTo=Rule-Application-UseCase&RequestRuleName=pzDisplayExistingAttachments Payload: "{\"RequestClass\":\"Rule-HTML-Section\",\"RequestAppliesTo\":\"Rule-Application-UseCase\",\"RequestRuleName\":\"pzDisplayExistingAttachments\"}" => HTTP 200 (142813 bytes)
[PegaHttpClient] 📡 POST https://zdk8budo.pegaacademy.net/prweb/api/CodeIntelligence/v1/rules/query?pxObjClass=Rule-HTML-Section&appliesTo=Rule-Application-UseCase&pyRuleName=pzMultiDragDropControl&RequestClass=Rule-HTML-Section&RequestAppliesTo=Rule-Application-UseCase&RequestRuleName=pzMultiDragDropControl Payload: "{\"RequestClass\":\"Rule-HTML-Section\",\"RequestAppliesTo\":\"Rule-Application-UseCase\",\"RequestRuleName\":\"pzMultiDragDropControl\"}" => HTTP 200 (50131 bytes)
[PegaHttpClient] 📡 POST https://zdk8budo.pegaacademy.net/prweb/api/CodeIntelligence/v1/rules/query?pxObjClass=Rule-HTML-Section&appliesTo=Rule-Application-UseCase&pyRuleName=pzAttachFile&RequestClass=Rule-HTML-Section&RequestAppliesTo=Rule-Application-UseCase&RequestRuleName=pzAttachFile Payload: "{\"RequestClass\":\"Rule-HTML-Section\",\"RequestAppliesTo\":\"Rule-Application-UseCase\",\"RequestRuleName\":\"pzAttachFile\"}" => HTTP 200 (30730 bytes)
[PegaHttpClient] 📡 POST https://zdk8budo.pegaacademy.net/prweb/api/CodeIntelligence/v1/rules/query?pxObjClass=Rule-HTML-Section&appliesTo=Rule-Application-UseCase&pyRuleName=pzAttachLinkInner&RequestClass=Rule-HTML-Section&RequestAppliesTo=Rule-Application-UseCase&RequestRuleName=pzAttachLinkInner Payload: "{\"RequestClass\":\"Rule-HTML-Section\",\"RequestAppliesTo\":\"Rule-Application-UseCase\",\"RequestRuleName\":\"pzAttachLinkInner\"}" => HTTP 200 (49171 bytes)
[PegaHttpClient] 📡 POST https://zdk8budo.pegaacademy.net/prweb/api/CodeIntelligence/v1/rules/query?pxObjClass=Rule-HTML-Section&appliesTo=Rule-Application-UseCase&pyRuleName=UploadedFiles&RequestClass=Rule-HTML-Section&RequestAppliesTo=Rule-Application-UseCase&RequestRuleName=UploadedFiles Payload: "{\"RequestClass\":\"Rule-HTML-Section\",\"RequestAppliesTo\":\"Rule-Application-UseCase\",\"RequestRuleName\":\"UploadedFiles\"}" => HTTP 200 (31362 bytes)
[PegaHttpClient] 📡 POST https://zdk8budo.pegaacademy.net/prweb/api/CodeIntelligence/v1/rules/query?pxObjClass=Rule-HTML-Section&appliesTo=Rule-Application-UseCase&pyRuleName=pySpecificationExtension&RequestClass=Rule-HTML-Section&RequestAppliesTo=Rule-Application-UseCase&RequestRuleName=pySpecificationExtension Payload: "{\"RequestClass\":\"Rule-HTML-Section\",\"RequestAppliesTo\":\"Rule-Application-UseCase\",\"RequestRuleName\":\"pySpecificationExtension\"}" => HTTP 200 (13030 bytes)
[PegaHttpClient] 📡 POST https://zdk8budo.pegaacademy.net/prweb/api/CodeIntelligence/v1/rules/query?pxObjClass=Rule-HTML-Section&appliesTo=Rule-Application-UseCase&pyRuleName=pzAcceptanceCriteriaList&RequestClass=Rule-HTML-Section&RequestAppliesTo=Rule-Application-UseCase&RequestRuleName=pzAcceptanceCriteriaList Payload: "{\"RequestClass\":\"Rule-HTML-Section\",\"RequestAppliesTo\":\"Rule-Application-UseCase\",\"RequestRuleName\":\"pzAcceptanceCriteriaList\"}" => HTTP 200 (83523 bytes)
[PegaHttpClient] 📡 POST https://zdk8budo.pegaacademy.net/prweb/api/CodeIntelligence/v1/rules/query?pxObjClass=Rule-HTML-Section&appliesTo=Rule-Application-UseCase&pyRuleName=pzRequirements&RequestClass=Rule-HTML-Section&RequestAppliesTo=Rule-Application-UseCase&RequestRuleName=pzRequirements Payload: "{\"RequestClass\":\"Rule-HTML-Section\",\"RequestAppliesTo\":\"Rule-Application-UseCase\",\"RequestRuleName\":\"pzRequirements\"}" => HTTP 200 (112747 bytes)
[PegaHttpClient] 📡 POST https://zdk8budo.pegaacademy.net/prweb/api/CodeIntelligence/v1/rules/query?pxObjClass=Rule-HTML-Section&appliesTo=Rule-Application-UseCase&pyRuleName=pzShowRequirements&RequestClass=Rule-HTML-Section&RequestAppliesTo=Rule-Application-UseCase&RequestRuleName=pzShowRequirements Payload: "{\"RequestClass\":\"Rule-HTML-Section\",\"RequestAppliesTo\":\"Rule-Application-UseCase\",\"RequestRuleName\":\"pzShowRequirements\"}" => HTTP 200 (53786 bytes)
[PegaHttpClient] 📡 POST https://zdk8budo.pegaacademy.net/prweb/api/CodeIntelligence/v1/rules/query?pxObjClass=Rule-HTML-Section&appliesTo=Rule-Application-UseCase&pyRuleName=pyCollaborator&RequestClass=Rule-HTML-Section&RequestAppliesTo=Rule-Application-UseCase&RequestRuleName=pyCollaborator Payload: "{\"RequestClass\":\"Rule-HTML-Section\",\"RequestAppliesTo\":\"Rule-Application-UseCase\",\"RequestRuleName\":\"pyCollaborator\"}" => HTTP 404 (116 bytes)
[PegaHttpClient] 📡 POST https://zdk8budo.pegaacademy.net/prweb/PRRestService/CodeIntelligence/v1/rules/query?pxObjClass=Rule-HTML-Section&appliesTo=Rule-Application-UseCase&pyRuleName=pyCollaborator&RequestClass=Rule-HTML-Section&RequestAppliesTo=Rule-Application-UseCase&RequestRuleName=pyCollaborator Payload: "{\"RequestClass\":\"Rule-HTML-Section\",\"RequestAppliesTo\":\"Rule-Application-UseCase\",\"RequestRuleName\":\"pyCollaborator\"}" => HTTP 404 (116 bytes)
[PegaHttpClient] 📡 POST https://zdk8budo.pegaacademy.net/prweb/api/HRAppsV2Service/V1/rules/query?pxObjClass=Rule-HTML-Section&appliesTo=Rule-Application-UseCase&pyRuleName=pyCollaborator&RequestClass=Rule-HTML-Section&RequestAppliesTo=Rule-Application-UseCase&RequestRuleName=pyCollaborator Payload: "{\"RequestClass\":\"Rule-HTML-Section\",\"RequestAppliesTo\":\"Rule-Application-UseCase\",\"RequestRuleName\":\"pyCollaborator\"}" => HTTP 404 (18 bytes)
[PegaHttpClient] 📡 POST https://zdk8budo.pegaacademy.net/prweb/PRRestService/HRAppsV2Service/V1/rules/query?pxObjClass=Rule-HTML-Section&appliesTo=Rule-Application-UseCase&pyRuleName=pyCollaborator&RequestClass=Rule-HTML-Section&RequestAppliesTo=Rule-Application-UseCase&RequestRuleName=pyCollaborator Payload: "{\"RequestClass\":\"Rule-HTML-Section\",\"RequestAppliesTo\":\"Rule-Application-UseCase\",\"RequestRuleName\":\"pyCollaborator\"}" => HTTP 404 (18 bytes)
[PegaHttpClient] 📡 POST https://zdk8budo.pegaacademy.net/prweb/api/HRAppsV2/V1/rules/query?pxObjClass=Rule-HTML-Section&appliesTo=Rule-Application-UseCase&pyRuleName=pyCollaborator&RequestClass=Rule-HTML-Section&RequestAppliesTo=Rule-Application-UseCase&RequestRuleName=pyCollaborator Payload: "{\"RequestClass\":\"Rule-HTML-Section\",\"RequestAppliesTo\":\"Rule-Application-UseCase\",\"RequestRuleName\":\"pyCollaborator\"}" => HTTP 404 (18 bytes)
[PegaHttpClient] 📡 POST https://zdk8budo.pegaacademy.net/prweb/PRRestService/HRAppsV2/V1/rules/query?pxObjClass=Rule-HTML-Section&appliesTo=Rule-Application-UseCase&pyRuleName=pyCollaborator&RequestClass=Rule-HTML-Section&RequestAppliesTo=Rule-Application-UseCase&RequestRuleName=pyCollaborator Payload: "{\"RequestClass\":\"Rule-HTML-Section\",\"RequestAppliesTo\":\"Rule-Application-UseCase\",\"RequestRuleName\":\"pyCollaborator\"}" => HTTP 404 (18 bytes)
[PegaHttpClient] 📡 POST https://zdk8budo.pegaacademy.net/prweb/api/v1/rules/query?pxObjClass=Rule-HTML-Section&appliesTo=Rule-Application-UseCase&pyRuleName=pyCollaborator&RequestClass=Rule-HTML-Section&RequestAppliesTo=Rule-Application-UseCase&RequestRuleName=pyCollaborator Payload: "{\"RequestClass\":\"Rule-HTML-Section\",\"RequestAppliesTo\":\"Rule-Application-UseCase\",\"RequestRuleName\":\"pyCollaborator\"}" => HTTP 404 (18 bytes)
[PegaHttpClient] 📡 POST https://zdk8budo.pegaacademy.net/prweb/PRRestService/v1/rules/query?pxObjClass=Rule-HTML-Section&appliesTo=Rule-Application-UseCase&pyRuleName=pyCollaborator&RequestClass=Rule-HTML-Section&RequestAppliesTo=Rule-Application-UseCase&RequestRuleName=pyCollaborator Payload: "{\"RequestClass\":\"Rule-HTML-Section\",\"RequestAppliesTo\":\"Rule-Application-UseCase\",\"RequestRuleName\":\"pyCollaborator\"}" => HTTP 404 (18 bytes)
[PegaHttpClient] 📡 POST https://zdk8budo.pegaacademy.net/prweb/api/CodeIntelligence/v1/rules/query?pxObjClass=Rule-HTML-Section&appliesTo=Rule-Application-UseCase&pyRuleName=pzDisplayPartialCount&RequestClass=Rule-HTML-Section&RequestAppliesTo=Rule-Application-UseCase&RequestRuleName=pzDisplayPartialCount Payload: "{\"RequestClass\":\"Rule-HTML-Section\",\"RequestAppliesTo\":\"Rule-Application-UseCase\",\"RequestRuleName\":\"pzDisplayPartialCount\"}" => HTTP 404 (123 bytes)
[PegaHttpClient] 📡 POST https://zdk8budo.pegaacademy.net/prweb/PRRestService/CodeIntelligence/v1/rules/query?pxObjClass=Rule-HTML-Section&appliesTo=Rule-Application-UseCase&pyRuleName=pzDisplayPartialCount&RequestClass=Rule-HTML-Section&RequestAppliesTo=Rule-Application-UseCase&RequestRuleName=pzDisplayPartialCount Payload: "{\"RequestClass\":\"Rule-HTML-Section\",\"RequestAppliesTo\":\"Rule-Application-UseCase\",\"RequestRuleName\":\"pzDisplayPartialCount\"}" => HTTP 404 (123 bytes)
[PegaHttpClient] 📡 POST https://zdk8budo.pegaacademy.net/prweb/api/HRAppsV2Service/V1/rules/query?pxObjClass=Rule-HTML-Section&appliesTo=Rule-Application-UseCase&pyRuleName=pzDisplayPartialCount&RequestClass=Rule-HTML-Section&RequestAppliesTo=Rule-Application-UseCase&RequestRuleName=pzDisplayPartialCount Payload: "{\"RequestClass\":\"Rule-HTML-Section\",\"RequestAppliesTo\":\"Rule-Application-UseCase\",\"RequestRuleName\":\"pzDisplayPartialCount\"}" => HTTP 404 (18 bytes)
[PegaHttpClient] 📡 POST https://zdk8budo.pegaacademy.net/prweb/PRRestService/HRAppsV2Service/V1/rules/query?pxObjClass=Rule-HTML-Section&appliesTo=Rule-Application-UseCase&pyRuleName=pzDisplayPartialCount&RequestClass=Rule-HTML-Section&RequestAppliesTo=Rule-Application-UseCase&RequestRuleName=pzDisplayPartialCount Payload: "{\"RequestClass\":\"Rule-HTML-Section\",\"RequestAppliesTo\":\"Rule-Application-UseCase\",\"RequestRuleName\":\"pzDisplayPartialCount\"}" => HTTP 404 (18 bytes)
[PegaHttpClient] 📡 POST https://zdk8budo.pegaacademy.net/prweb/api/HRAppsV2/V1/rules/query?pxObjClass=Rule-HTML-Section&appliesTo=Rule-Application-UseCase&pyRuleName=pzDisplayPartialCount&RequestClass=Rule-HTML-Section&RequestAppliesTo=Rule-Application-UseCase&RequestRuleName=pzDisplayPartialCount Payload: "{\"RequestClass\":\"Rule-HTML-Section\",\"RequestAppliesTo\":\"Rule-Application-UseCase\",\"RequestRuleName\":\"pzDisplayPartialCount\"}" => HTTP 404 (18 bytes)
[PegaHttpClient] 📡 POST https://zdk8budo.pegaacademy.net/prweb/PRRestService/HRAppsV2/V1/rules/query?pxObjClass=Rule-HTML-Section&appliesTo=Rule-Application-UseCase&pyRuleName=pzDisplayPartialCount&RequestClass=Rule-HTML-Section&RequestAppliesTo=Rule-Application-UseCase&RequestRuleName=pzDisplayPartialCount Payload: "{\"RequestClass\":\"Rule-HTML-Section\",\"RequestAppliesTo\":\"Rule-Application-UseCase\",\"RequestRuleName\":\"pzDisplayPartialCount\"}" => HTTP 404 (18 bytes)
[PegaHttpClient] 📡 POST https://zdk8budo.pegaacademy.net/prweb/api/v1/rules/query?pxObjClass=Rule-HTML-Section&appliesTo=Rule-Application-UseCase&pyRuleName=pzDisplayPartialCount&RequestClass=Rule-HTML-Section&RequestAppliesTo=Rule-Application-UseCase&RequestRuleName=pzDisplayPartialCount Payload: "{\"RequestClass\":\"Rule-HTML-Section\",\"RequestAppliesTo\":\"Rule-Application-UseCase\",\"RequestRuleName\":\"pzDisplayPartialCount\"}" => HTTP 404 (18 bytes)
[PegaHttpClient] 📡 POST https://zdk8budo.pegaacademy.net/prweb/PRRestService/v1/rules/query?pxObjClass=Rule-HTML-Section&appliesTo=Rule-Application-UseCase&pyRuleName=pzDisplayPartialCount&RequestClass=Rule-HTML-Section&RequestAppliesTo=Rule-Application-UseCase&RequestRuleName=pzDisplayPartialCount Payload: "{\"RequestClass\":\"Rule-HTML-Section\",\"RequestAppliesTo\":\"Rule-Application-UseCase\",\"RequestRuleName\":\"pzDisplayPartialCount\"}" => HTTP 404 (18 bytes)
[PegaHttpClient] 📡 POST https://zdk8budo.pegaacademy.net/prweb/api/CodeIntelligence/v1/rules/query?pxObjClass=Rule-HTML-Section&appliesTo=Rule-Application-UseCase&pyRuleName=pzDisplayCommentsForStepConfiguration&RequestClass=Rule-HTML-Section&RequestAppliesTo=Rule-Application-UseCase&RequestRuleName=pzDisplayCommentsForStepConfiguration Payload: "{\"RequestClass\":\"Rule-HTML-Section\",\"RequestAppliesTo\":\"Rule-Application-UseCase\",\"RequestRuleName\":\"pzDisplayCommentsForStepConfiguration\"}" => HTTP 200 (20078 bytes)
[PegaHttpClient] 📡 POST https://zdk8budo.pegaacademy.net/prweb/api/CodeIntelligence/v1/rules/query?pxObjClass=Rule-HTML-Section&appliesTo=Rule-Application-UseCase&pyRuleName=pzStepSpecificationDescription&RequestClass=Rule-HTML-Section&RequestAppliesTo=Rule-Application-UseCase&RequestRuleName=pzStepSpecificationDescription Payload: "{\"RequestClass\":\"Rule-HTML-Section\",\"RequestAppliesTo\":\"Rule-Application-UseCase\",\"RequestRuleName\":\"pzStepSpecificationDescription\"}" => HTTP 404 (132 bytes)
[PegaHttpClient] 📡 POST https://zdk8budo.pegaacademy.net/prweb/PRRestService/CodeIntelligence/v1/rules/query?pxObjClass=Rule-HTML-Section&appliesTo=Rule-Application-UseCase&pyRuleName=pzStepSpecificationDescription&RequestClass=Rule-HTML-Section&RequestAppliesTo=Rule-Application-UseCase&RequestRuleName=pzStepSpecificationDescription Payload: "{\"RequestClass\":\"Rule-HTML-Section\",\"RequestAppliesTo\":\"Rule-Application-UseCase\",\"RequestRuleName\":\"pzStepSpecificationDescription\"}" => HTTP 404 (132 bytes)
[PegaHttpClient] 📡 POST https://zdk8budo.pegaacademy.net/prweb/api/HRAppsV2Service/V1/rules/query?pxObjClass=Rule-HTML-Section&appliesTo=Rule-Application-UseCase&pyRuleName=pzStepSpecificationDescription&RequestClass=Rule-HTML-Section&RequestAppliesTo=Rule-Application-UseCase&RequestRuleName=pzStepSpecificationDescription Payload: "{\"RequestClass\":\"Rule-HTML-Section\",\"RequestAppliesTo\":\"Rule-Application-UseCase\",\"RequestRuleName\":\"pzStepSpecificationDescription\"}" => HTTP 404 (18 bytes)
[PegaHttpClient] 📡 POST https://zdk8budo.pegaacademy.net/prweb/PRRestService/HRAppsV2Service/V1/rules/query?pxObjClass=Rule-HTML-Section&appliesTo=Rule-Application-UseCase&pyRuleName=pzStepSpecificationDescription&RequestClass=Rule-HTML-Section&RequestAppliesTo=Rule-Application-UseCase&RequestRuleName=pzStepSpecificationDescription Payload: "{\"RequestClass\":\"Rule-HTML-Section\",\"RequestAppliesTo\":\"Rule-Application-UseCase\",\"RequestRuleName\":\"pzStepSpecificationDescription\"}" => HTTP 404 (18 bytes)
[PegaHttpClient] 📡 POST https://zdk8budo.pegaacademy.net/prweb/api/HRAppsV2/V1/rules/query?pxObjClass=Rule-HTML-Section&appliesTo=Rule-Application-UseCase&pyRuleName=pzStepSpecificationDescription&RequestClass=Rule-HTML-Section&RequestAppliesTo=Rule-Application-UseCase&RequestRuleName=pzStepSpecificationDescription Payload: "{\"RequestClass\":\"Rule-HTML-Section\",\"RequestAppliesTo\":\"Rule-Application-UseCase\",\"RequestRuleName\":\"pzStepSpecificationDescription\"}" => HTTP 404 (18 bytes)
[PegaHttpClient] 📡 POST https://zdk8budo.pegaacademy.net/prweb/PRRestService/HRAppsV2/V1/rules/query?pxObjClass=Rule-HTML-Section&appliesTo=Rule-Application-UseCase&pyRuleName=pzStepSpecificationDescription&RequestClass=Rule-HTML-Section&RequestAppliesTo=Rule-Application-UseCase&RequestRuleName=pzStepSpecificationDescription Payload: "{\"RequestClass\":\"Rule-HTML-Section\",\"RequestAppliesTo\":\"Rule-Application-UseCase\",\"RequestRuleName\":\"pzStepSpecificationDescription\"}" => HTTP 404 (18 bytes)
[PegaHttpClient] 📡 POST https://zdk8budo.pegaacademy.net/prweb/api/v1/rules/query?pxObjClass=Rule-HTML-Section&appliesTo=Rule-Application-UseCase&pyRuleName=pzStepSpecificationDescription&RequestClass=Rule-HTML-Section&RequestAppliesTo=Rule-Application-UseCase&RequestRuleName=pzStepSpecificationDescription Payload: "{\"RequestClass\":\"Rule-HTML-Section\",\"RequestAppliesTo\":\"Rule-Application-UseCase\",\"RequestRuleName\":\"pzStepSpecificationDescription\"}" => HTTP 404 (18 bytes)
[PegaHttpClient] 📡 POST https://zdk8budo.pegaacademy.net/prweb/PRRestService/v1/rules/query?pxObjClass=Rule-HTML-Section&appliesTo=Rule-Application-UseCase&pyRuleName=pzStepSpecificationDescription&RequestClass=Rule-HTML-Section&RequestAppliesTo=Rule-Application-UseCase&RequestRuleName=pzStepSpecificationDescription Payload: "{\"RequestClass\":\"Rule-HTML-Section\",\"RequestAppliesTo\":\"Rule-Application-UseCase\",\"RequestRuleName\":\"pzStepSpecificationDescription\"}" => HTTP 404 (18 bytes)
[PegaHttpClient] 📡 POST https://zdk8budo.pegaacademy.net/prweb/api/CodeIntelligence/v1/rules/query?pxObjClass=Rule-HTML-Section&appliesTo=Rule-Application-UseCase&pyRuleName=pzFormSpecDescriptionInner&RequestClass=Rule-HTML-Section&RequestAppliesTo=Rule-Application-UseCase&RequestRuleName=pzFormSpecDescriptionInner Payload: "{\"RequestClass\":\"Rule-HTML-Section\",\"RequestAppliesTo\":\"Rule-Application-UseCase\",\"RequestRuleName\":\"pzFormSpecDescriptionInner\"}" => HTTP 404 (128 bytes)
[PegaHttpClient] 📡 POST https://zdk8budo.pegaacademy.net/prweb/PRRestService/CodeIntelligence/v1/rules/query?pxObjClass=Rule-HTML-Section&appliesTo=Rule-Application-UseCase&pyRuleName=pzFormSpecDescriptionInner&RequestClass=Rule-HTML-Section&RequestAppliesTo=Rule-Application-UseCase&RequestRuleName=pzFormSpecDescriptionInner Payload: "{\"RequestClass\":\"Rule-HTML-Section\",\"RequestAppliesTo\":\"Rule-Application-UseCase\",\"RequestRuleName\":\"pzFormSpecDescriptionInner\"}" => HTTP 404 (128 bytes)
[PegaHttpClient] 📡 POST https://zdk8budo.pegaacademy.net/prweb/api/HRAppsV2Service/V1/rules/query?pxObjClass=Rule-HTML-Section&appliesTo=Rule-Application-UseCase&pyRuleName=pzFormSpecDescriptionInner&RequestClass=Rule-HTML-Section&RequestAppliesTo=Rule-Application-UseCase&RequestRuleName=pzFormSpecDescriptionInner Payload: "{\"RequestClass\":\"Rule-HTML-Section\",\"RequestAppliesTo\":\"Rule-Application-UseCase\",\"RequestRuleName\":\"pzFormSpecDescriptionInner\"}" => HTTP 404 (18 bytes)
[PegaHttpClient] 📡 POST https://zdk8budo.pegaacademy.net/prweb/PRRestService/HRAppsV2Service/V1/rules/query?pxObjClass=Rule-HTML-Section&appliesTo=Rule-Application-UseCase&pyRuleName=pzFormSpecDescriptionInner&RequestClass=Rule-HTML-Section&RequestAppliesTo=Rule-Application-UseCase&RequestRuleName=pzFormSpecDescriptionInner Payload: "{\"RequestClass\":\"Rule-HTML-Section\",\"RequestAppliesTo\":\"Rule-Application-UseCase\",\"RequestRuleName\":\"pzFormSpecDescriptionInner\"}" => HTTP 404 (18 bytes)
[PegaHttpClient] 📡 POST https://zdk8budo.pegaacademy.net/prweb/api/HRAppsV2/V1/rules/query?pxObjClass=Rule-HTML-Section&appliesTo=Rule-Application-UseCase&pyRuleName=pzFormSpecDescriptionInner&RequestClass=Rule-HTML-Section&RequestAppliesTo=Rule-Application-UseCase&RequestRuleName=pzFormSpecDescriptionInner Payload: "{\"RequestClass\":\"Rule-HTML-Section\",\"RequestAppliesTo\":\"Rule-Application-UseCase\",\"RequestRuleName\":\"pzFormSpecDescriptionInner\"}" => HTTP 404 (18 bytes)
[PegaHttpClient] 📡 POST https://zdk8budo.pegaacademy.net/prweb/PRRestService/HRAppsV2/V1/rules/query?pxObjClass=Rule-HTML-Section&appliesTo=Rule-Application-UseCase&pyRuleName=pzFormSpecDescriptionInner&RequestClass=Rule-HTML-Section&RequestAppliesTo=Rule-Application-UseCase&RequestRuleName=pzFormSpecDescriptionInner Payload: "{\"RequestClass\":\"Rule-HTML-Section\",\"RequestAppliesTo\":\"Rule-Application-UseCase\",\"RequestRuleName\":\"pzFormSpecDescriptionInner\"}" => HTTP 404 (18 bytes)
[PegaHttpClient] 📡 POST https://zdk8budo.pegaacademy.net/prweb/api/v1/rules/query?pxObjClass=Rule-HTML-Section&appliesTo=Rule-Application-UseCase&pyRuleName=pzFormSpecDescriptionInner&RequestClass=Rule-HTML-Section&RequestAppliesTo=Rule-Application-UseCase&RequestRuleName=pzFormSpecDescriptionInner Payload: "{\"RequestClass\":\"Rule-HTML-Section\",\"RequestAppliesTo\":\"Rule-Application-UseCase\",\"RequestRuleName\":\"pzFormSpecDescriptionInner\"}" => HTTP 404 (18 bytes)
[PegaHttpClient] 📡 POST https://zdk8budo.pegaacademy.net/prweb/PRRestService/v1/rules/query?pxObjClass=Rule-HTML-Section&appliesTo=Rule-Application-UseCase&pyRuleName=pzFormSpecDescriptionInner&RequestClass=Rule-HTML-Section&RequestAppliesTo=Rule-Application-UseCase&RequestRuleName=pzFormSpecDescriptionInner Payload: "{\"RequestClass\":\"Rule-HTML-Section\",\"RequestAppliesTo\":\"Rule-Application-UseCase\",\"RequestRuleName\":\"pzFormSpecDescriptionInner\"}" => HTTP 404 (18 bytes)
[PegaHttpClient] 📡 POST https://zdk8budo.pegaacademy.net/prweb/api/CodeIntelligence/v1/rules/query?pxObjClass=Rule-HTML-Section&appliesTo=Rule-Application-UseCase&pyRuleName=pzSpecImplementations&RequestClass=Rule-HTML-Section&RequestAppliesTo=Rule-Application-UseCase&RequestRuleName=pzSpecImplementations Payload: "{\"RequestClass\":\"Rule-HTML-Section\",\"RequestAppliesTo\":\"Rule-Application-UseCase\",\"RequestRuleName\":\"pzSpecImplementations\"}" => HTTP 200 (91737 bytes)
[PegaHttpClient] 📡 POST https://zdk8budo.pegaacademy.net/prweb/api/CodeIntelligence/v1/rules/query?pxObjClass=Rule-HTML-Section&appliesTo=Rule-Application-UseCase&pyRuleName=pzDisplayAttachmentName&RequestClass=Rule-HTML-Section&RequestAppliesTo=Rule-Application-UseCase&RequestRuleName=pzDisplayAttachmentName Payload: "{\"RequestClass\":\"Rule-HTML-Section\",\"RequestAppliesTo\":\"Rule-Application-UseCase\",\"RequestRuleName\":\"pzDisplayAttachmentName\"}" => HTTP 404 (125 bytes)
[PegaHttpClient] 📡 POST https://zdk8budo.pegaacademy.net/prweb/PRRestService/CodeIntelligence/v1/rules/query?pxObjClass=Rule-HTML-Section&appliesTo=Rule-Application-UseCase&pyRuleName=pzDisplayAttachmentName&RequestClass=Rule-HTML-Section&RequestAppliesTo=Rule-Application-UseCase&RequestRuleName=pzDisplayAttachmentName Payload: "{\"RequestClass\":\"Rule-HTML-Section\",\"RequestAppliesTo\":\"Rule-Application-UseCase\",\"RequestRuleName\":\"pzDisplayAttachmentName\"}" => HTTP 404 (125 bytes)
[PegaHttpClient] 📡 POST https://zdk8budo.pegaacademy.net/prweb/api/HRAppsV2Service/V1/rules/query?pxObjClass=Rule-HTML-Section&appliesTo=Rule-Application-UseCase&pyRuleName=pzDisplayAttachmentName&RequestClass=Rule-HTML-Section&RequestAppliesTo=Rule-Application-UseCase&RequestRuleName=pzDisplayAttachmentName Payload: "{\"RequestClass\":\"Rule-HTML-Section\",\"RequestAppliesTo\":\"Rule-Application-UseCase\",\"RequestRuleName\":\"pzDisplayAttachmentName\"}" => HTTP 404 (18 bytes)
[PegaHttpClient] 📡 POST https://zdk8budo.pegaacademy.net/prweb/PRRestService/HRAppsV2Service/V1/rules/query?pxObjClass=Rule-HTML-Section&appliesTo=Rule-Application-UseCase&pyRuleName=pzDisplayAttachmentName&RequestClass=Rule-HTML-Section&RequestAppliesTo=Rule-Application-UseCase&RequestRuleName=pzDisplayAttachmentName Payload: "{\"RequestClass\":\"Rule-HTML-Section\",\"RequestAppliesTo\":\"Rule-Application-UseCase\",\"RequestRuleName\":\"pzDisplayAttachmentName\"}" => HTTP 404 (18 bytes)
[PegaHttpClient] 📡 POST https://zdk8budo.pegaacademy.net/prweb/api/HRAppsV2/V1/rules/query?pxObjClass=Rule-HTML-Section&appliesTo=Rule-Application-UseCase&pyRuleName=pzDisplayAttachmentName&RequestClass=Rule-HTML-Section&RequestAppliesTo=Rule-Application-UseCase&RequestRuleName=pzDisplayAttachmentName Payload: "{\"RequestClass\":\"Rule-HTML-Section\",\"RequestAppliesTo\":\"Rule-Application-UseCase\",\"RequestRuleName\":\"pzDisplayAttachmentName\"}" => HTTP 404 (18 bytes)
[PegaHttpClient] 📡 POST https://zdk8budo.pegaacademy.net/prweb/PRRestService/HRAppsV2/V1/rules/query?pxObjClass=Rule-HTML-Section&appliesTo=Rule-Application-UseCase&pyRuleName=pzDisplayAttachmentName&RequestClass=Rule-HTML-Section&RequestAppliesTo=Rule-Application-UseCase&RequestRuleName=pzDisplayAttachmentName Payload: "{\"RequestClass\":\"Rule-HTML-Section\",\"RequestAppliesTo\":\"Rule-Application-UseCase\",\"RequestRuleName\":\"pzDisplayAttachmentName\"}" => HTTP 404 (18 bytes)
[PegaHttpClient] 📡 POST https://zdk8budo.pegaacademy.net/prweb/api/v1/rules/query?pxObjClass=Rule-HTML-Section&appliesTo=Rule-Application-UseCase&pyRuleName=pzDisplayAttachmentName&RequestClass=Rule-HTML-Section&RequestAppliesTo=Rule-Application-UseCase&RequestRuleName=pzDisplayAttachmentName Payload: "{\"RequestClass\":\"Rule-HTML-Section\",\"RequestAppliesTo\":\"Rule-Application-UseCase\",\"RequestRuleName\":\"pzDisplayAttachmentName\"}" => HTTP 404 (18 bytes)
[PegaHttpClient] 📡 POST https://zdk8budo.pegaacademy.net/prweb/PRRestService/v1/rules/query?pxObjClass=Rule-HTML-Section&appliesTo=Rule-Application-UseCase&pyRuleName=pzDisplayAttachmentName&RequestClass=Rule-HTML-Section&RequestAppliesTo=Rule-Application-UseCase&RequestRuleName=pzDisplayAttachmentName Payload: "{\"RequestClass\":\"Rule-HTML-Section\",\"RequestAppliesTo\":\"Rule-Application-UseCase\",\"RequestRuleName\":\"pzDisplayAttachmentName\"}" => HTTP 404 (18 bytes)
[PegaHttpClient] 📡 POST https://zdk8budo.pegaacademy.net/prweb/api/CodeIntelligence/v1/rules/query?pxObjClass=Rule-HTML-Section&appliesTo=Rule-Application-UseCase&pyRuleName=pzDeleteSpecAttachments&RequestClass=Rule-HTML-Section&RequestAppliesTo=Rule-Application-UseCase&RequestRuleName=pzDeleteSpecAttachments Payload: "{\"RequestClass\":\"Rule-HTML-Section\",\"RequestAppliesTo\":\"Rule-Application-UseCase\",\"RequestRuleName\":\"pzDeleteSpecAttachments\"}" => HTTP 404 (125 bytes)
[PegaHttpClient] 📡 POST https://zdk8budo.pegaacademy.net/prweb/PRRestService/CodeIntelligence/v1/rules/query?pxObjClass=Rule-HTML-Section&appliesTo=Rule-Application-UseCase&pyRuleName=pzDeleteSpecAttachments&RequestClass=Rule-HTML-Section&RequestAppliesTo=Rule-Application-UseCase&RequestRuleName=pzDeleteSpecAttachments Payload: "{\"RequestClass\":\"Rule-HTML-Section\",\"RequestAppliesTo\":\"Rule-Application-UseCase\",\"RequestRuleName\":\"pzDeleteSpecAttachments\"}" => HTTP 404 (125 bytes)
[PegaHttpClient] 📡 POST https://zdk8budo.pegaacademy.net/prweb/api/HRAppsV2Service/V1/rules/query?pxObjClass=Rule-HTML-Section&appliesTo=Rule-Application-UseCase&pyRuleName=pzDeleteSpecAttachments&RequestClass=Rule-HTML-Section&RequestAppliesTo=Rule-Application-UseCase&RequestRuleName=pzDeleteSpecAttachments Payload: "{\"RequestClass\":\"Rule-HTML-Section\",\"RequestAppliesTo\":\"Rule-Application-UseCase\",\"RequestRuleName\":\"pzDeleteSpecAttachments\"}" => HTTP 404 (18 bytes)
[PegaHttpClient] 📡 POST https://zdk8budo.pegaacademy.net/prweb/PRRestService/HRAppsV2Service/V1/rules/query?pxObjClass=Rule-HTML-Section&appliesTo=Rule-Application-UseCase&pyRuleName=pzDeleteSpecAttachments&RequestClass=Rule-HTML-Section&RequestAppliesTo=Rule-Application-UseCase&RequestRuleName=pzDeleteSpecAttachments Payload: "{\"RequestClass\":\"Rule-HTML-Section\",\"RequestAppliesTo\":\"Rule-Application-UseCase\",\"RequestRuleName\":\"pzDeleteSpecAttachments\"}" => HTTP 404 (18 bytes)
[PegaHttpClient] 📡 POST https://zdk8budo.pegaacademy.net/prweb/api/HRAppsV2/V1/rules/query?pxObjClass=Rule-HTML-Section&appliesTo=Rule-Application-UseCase&pyRuleName=pzDeleteSpecAttachments&RequestClass=Rule-HTML-Section&RequestAppliesTo=Rule-Application-UseCase&RequestRuleName=pzDeleteSpecAttachments Payload: "{\"RequestClass\":\"Rule-HTML-Section\",\"RequestAppliesTo\":\"Rule-Application-UseCase\",\"RequestRuleName\":\"pzDeleteSpecAttachments\"}" => HTTP 404 (18 bytes)
[PegaHttpClient] 📡 POST https://zdk8budo.pegaacademy.net/prweb/PRRestService/HRAppsV2/V1/rules/query?pxObjClass=Rule-HTML-Section&appliesTo=Rule-Application-UseCase&pyRuleName=pzDeleteSpecAttachments&RequestClass=Rule-HTML-Section&RequestAppliesTo=Rule-Application-UseCase&RequestRuleName=pzDeleteSpecAttachments Payload: "{\"RequestClass\":\"Rule-HTML-Section\",\"RequestAppliesTo\":\"Rule-Application-UseCase\",\"RequestRuleName\":\"pzDeleteSpecAttachments\"}" => HTTP 404 (18 bytes)
[PegaHttpClient] 📡 POST https://zdk8budo.pegaacademy.net/prweb/api/v1/rules/query?pxObjClass=Rule-HTML-Section&appliesTo=Rule-Application-UseCase&pyRuleName=pzDeleteSpecAttachments&RequestClass=Rule-HTML-Section&RequestAppliesTo=Rule-Application-UseCase&RequestRuleName=pzDeleteSpecAttachments Payload: "{\"RequestClass\":\"Rule-HTML-Section\",\"RequestAppliesTo\":\"Rule-Application-UseCase\",\"RequestRuleName\":\"pzDeleteSpecAttachments\"}" => HTTP 404 (18 bytes)
[PegaHttpClient] 📡 POST https://zdk8budo.pegaacademy.net/prweb/PRRestService/v1/rules/query?pxObjClass=Rule-HTML-Section&appliesTo=Rule-Application-UseCase&pyRuleName=pzDeleteSpecAttachments&RequestClass=Rule-HTML-Section&RequestAppliesTo=Rule-Application-UseCase&RequestRuleName=pzDeleteSpecAttachments Payload: "{\"RequestClass\":\"Rule-HTML-Section\",\"RequestAppliesTo\":\"Rule-Application-UseCase\",\"RequestRuleName\":\"pzDeleteSpecAttachments\"}" => HTTP 404 (18 bytes)
[PegaHttpClient] 📡 POST https://zdk8budo.pegaacademy.net/prweb/api/CodeIntelligence/v1/rules/query?pxObjClass=Rule-HTML-Section&appliesTo=Rule-Application-UseCase&pyRuleName=pzAttachLink&RequestClass=Rule-HTML-Section&RequestAppliesTo=Rule-Application-UseCase&RequestRuleName=pzAttachLink Payload: "{\"RequestClass\":\"Rule-HTML-Section\",\"RequestAppliesTo\":\"Rule-Application-UseCase\",\"RequestRuleName\":\"pzAttachLink\"}" => HTTP 200 (12238 bytes)
[PegaHttpClient] 📡 POST https://zdk8budo.pegaacademy.net/prweb/api/CodeIntelligence/v1/rules/query?pxObjClass=Rule-HTML-Section&appliesTo=Rule-Application-UseCase&pyRuleName=pzDragAndDroppedFiles&RequestClass=Rule-HTML-Section&RequestAppliesTo=Rule-Application-UseCase&RequestRuleName=pzDragAndDroppedFiles Payload: "{\"RequestClass\":\"Rule-HTML-Section\",\"RequestAppliesTo\":\"Rule-Application-UseCase\",\"RequestRuleName\":\"pzDragAndDroppedFiles\"}" => HTTP 200 (84311 bytes)
[PegaHttpClient] 📡 POST https://zdk8budo.pegaacademy.net/prweb/api/CodeIntelligence/v1/rules/query?pxObjClass=Rule-HTML-Section&appliesTo=Rule-Application-UseCase&pyRuleName=pzSpecificationRequirementsModalSub&RequestClass=Rule-HTML-Section&RequestAppliesTo=Rule-Application-UseCase&RequestRuleName=pzSpecificationRequirementsModalSub Payload: "{\"RequestClass\":\"Rule-HTML-Section\",\"RequestAppliesTo\":\"Rule-Application-UseCase\",\"RequestRuleName\":\"pzSpecificationRequirementsModalSub\"}" => HTTP 404 (137 bytes)
[PegaHttpClient] 📡 POST https://zdk8budo.pegaacademy.net/prweb/PRRestService/CodeIntelligence/v1/rules/query?pxObjClass=Rule-HTML-Section&appliesTo=Rule-Application-UseCase&pyRuleName=pzSpecificationRequirementsModalSub&RequestClass=Rule-HTML-Section&RequestAppliesTo=Rule-Application-UseCase&RequestRuleName=pzSpecificationRequirementsModalSub Payload: "{\"RequestClass\":\"Rule-HTML-Section\",\"RequestAppliesTo\":\"Rule-Application-UseCase\",\"RequestRuleName\":\"pzSpecificationRequirementsModalSub\"}" => HTTP 404 (137 bytes)
[PegaHttpClient] 📡 POST https://zdk8budo.pegaacademy.net/prweb/api/HRAppsV2Service/V1/rules/query?pxObjClass=Rule-HTML-Section&appliesTo=Rule-Application-UseCase&pyRuleName=pzSpecificationRequirementsModalSub&RequestClass=Rule-HTML-Section&RequestAppliesTo=Rule-Application-UseCase&RequestRuleName=pzSpecificationRequirementsModalSub Payload: "{\"RequestClass\":\"Rule-HTML-Section\",\"RequestAppliesTo\":\"Rule-Application-UseCase\",\"RequestRuleName\":\"pzSpecificationRequirementsModalSub\"}" => HTTP 404 (18 bytes)
[PegaHttpClient] 📡 POST https://zdk8budo.pegaacademy.net/prweb/PRRestService/HRAppsV2Service/V1/rules/query?pxObjClass=Rule-HTML-Section&appliesTo=Rule-Application-UseCase&pyRuleName=pzSpecificationRequirementsModalSub&RequestClass=Rule-HTML-Section&RequestAppliesTo=Rule-Application-UseCase&RequestRuleName=pzSpecificationRequirementsModalSub Payload: "{\"RequestClass\":\"Rule-HTML-Section\",\"RequestAppliesTo\":\"Rule-Application-UseCase\",\"RequestRuleName\":\"pzSpecificationRequirementsModalSub\"}" => HTTP 404 (18 bytes)
[PegaHttpClient] 📡 POST https://zdk8budo.pegaacademy.net/prweb/api/HRAppsV2/V1/rules/query?pxObjClass=Rule-HTML-Section&appliesTo=Rule-Application-UseCase&pyRuleName=pzSpecificationRequirementsModalSub&RequestClass=Rule-HTML-Section&RequestAppliesTo=Rule-Application-UseCase&RequestRuleName=pzSpecificationRequirementsModalSub Payload: "{\"RequestClass\":\"Rule-HTML-Section\",\"RequestAppliesTo\":\"Rule-Application-UseCase\",\"RequestRuleName\":\"pzSpecificationRequirementsModalSub\"}" => HTTP 404 (18 bytes)
[PegaHttpClient] 📡 POST https://zdk8budo.pegaacademy.net/prweb/PRRestService/HRAppsV2/V1/rules/query?pxObjClass=Rule-HTML-Section&appliesTo=Rule-Application-UseCase&pyRuleName=pzSpecificationRequirementsModalSub&RequestClass=Rule-HTML-Section&RequestAppliesTo=Rule-Application-UseCase&RequestRuleName=pzSpecificationRequirementsModalSub Payload: "{\"RequestClass\":\"Rule-HTML-Section\",\"RequestAppliesTo\":\"Rule-Application-UseCase\",\"RequestRuleName\":\"pzSpecificationRequirementsModalSub\"}" => HTTP 404 (18 bytes)
[PegaHttpClient] 📡 POST https://zdk8budo.pegaacademy.net/prweb/api/v1/rules/query?pxObjClass=Rule-HTML-Section&appliesTo=Rule-Application-UseCase&pyRuleName=pzSpecificationRequirementsModalSub&RequestClass=Rule-HTML-Section&RequestAppliesTo=Rule-Application-UseCase&RequestRuleName=pzSpecificationRequirementsModalSub Payload: "{\"RequestClass\":\"Rule-HTML-Section\",\"RequestAppliesTo\":\"Rule-Application-UseCase\",\"RequestRuleName\":\"pzSpecificationRequirementsModalSub\"}" => HTTP 404 (18 bytes)
[PegaHttpClient] 📡 POST https://zdk8budo.pegaacademy.net/prweb/PRRestService/v1/rules/query?pxObjClass=Rule-HTML-Section&appliesTo=Rule-Application-UseCase&pyRuleName=pzSpecificationRequirementsModalSub&RequestClass=Rule-HTML-Section&RequestAppliesTo=Rule-Application-UseCase&RequestRuleName=pzSpecificationRequirementsModalSub Payload: "{\"RequestClass\":\"Rule-HTML-Section\",\"RequestAppliesTo\":\"Rule-Application-UseCase\",\"RequestRuleName\":\"pzSpecificationRequirementsModalSub\"}" => HTTP 404 (18 bytes)
[PegaHttpClient] 📡 POST https://zdk8budo.pegaacademy.net/prweb/api/CodeIntelligence/v1/rules/query?pxObjClass=Rule-HTML-Section&appliesTo=Rule-Application-UseCase&pyRuleName=pzDisplayCommentsCountAndIconForStepConfiguration&RequestClass=Rule-HTML-Section&RequestAppliesTo=Rule-Application-UseCase&RequestRuleName=pzDisplayCommentsCountAndIconForStepConfiguration Payload: "{\"RequestClass\":\"Rule-HTML-Section\",\"RequestAppliesTo\":\"Rule-Application-UseCase\",\"RequestRuleName\":\"pzDisplayCommentsCountAndIconForStepConfiguration\"}" => HTTP 200 (44404 bytes)
[PegaHttpClient] 📡 POST https://zdk8budo.pegaacademy.net/prweb/api/CodeIntelligence/v1/rules/query?pxObjClass=Rule-HTML-Section&appliesTo=Rule-Application-UseCase&pyRuleName=pzSpecImplementationSummary&RequestClass=Rule-HTML-Section&RequestAppliesTo=Rule-Application-UseCase&RequestRuleName=pzSpecImplementationSummary Payload: "{\"RequestClass\":\"Rule-HTML-Section\",\"RequestAppliesTo\":\"Rule-Application-UseCase\",\"RequestRuleName\":\"pzSpecImplementationSummary\"}" => HTTP 404 (129 bytes)
[PegaHttpClient] 📡 POST https://zdk8budo.pegaacademy.net/prweb/PRRestService/CodeIntelligence/v1/rules/query?pxObjClass=Rule-HTML-Section&appliesTo=Rule-Application-UseCase&pyRuleName=pzSpecImplementationSummary&RequestClass=Rule-HTML-Section&RequestAppliesTo=Rule-Application-UseCase&RequestRuleName=pzSpecImplementationSummary Payload: "{\"RequestClass\":\"Rule-HTML-Section\",\"RequestAppliesTo\":\"Rule-Application-UseCase\",\"RequestRuleName\":\"pzSpecImplementationSummary\"}" => HTTP 404 (129 bytes)
[PegaHttpClient] 📡 POST https://zdk8budo.pegaacademy.net/prweb/api/HRAppsV2Service/V1/rules/query?pxObjClass=Rule-HTML-Section&appliesTo=Rule-Application-UseCase&pyRuleName=pzSpecImplementationSummary&RequestClass=Rule-HTML-Section&RequestAppliesTo=Rule-Application-UseCase&RequestRuleName=pzSpecImplementationSummary Payload: "{\"RequestClass\":\"Rule-HTML-Section\",\"RequestAppliesTo\":\"Rule-Application-UseCase\",\"RequestRuleName\":\"pzSpecImplementationSummary\"}" => HTTP 404 (18 bytes)
[PegaHttpClient] 📡 POST https://zdk8budo.pegaacademy.net/prweb/PRRestService/HRAppsV2Service/V1/rules/query?pxObjClass=Rule-HTML-Section&appliesTo=Rule-Application-UseCase&pyRuleName=pzSpecImplementationSummary&RequestClass=Rule-HTML-Section&RequestAppliesTo=Rule-Application-UseCase&RequestRuleName=pzSpecImplementationSummary Payload: "{\"RequestClass\":\"Rule-HTML-Section\",\"RequestAppliesTo\":\"Rule-Application-UseCase\",\"RequestRuleName\":\"pzSpecImplementationSummary\"}" => HTTP 404 (18 bytes)
[PegaHttpClient] 📡 POST https://zdk8budo.pegaacademy.net/prweb/api/HRAppsV2/V1/rules/query?pxObjClass=Rule-HTML-Section&appliesTo=Rule-Application-UseCase&pyRuleName=pzSpecImplementationSummary&RequestClass=Rule-HTML-Section&RequestAppliesTo=Rule-Application-UseCase&RequestRuleName=pzSpecImplementationSummary Payload: "{\"RequestClass\":\"Rule-HTML-Section\",\"RequestAppliesTo\":\"Rule-Application-UseCase\",\"RequestRuleName\":\"pzSpecImplementationSummary\"}" => HTTP 404 (18 bytes)
[PegaHttpClient] 📡 POST https://zdk8budo.pegaacademy.net/prweb/PRRestService/HRAppsV2/V1/rules/query?pxObjClass=Rule-HTML-Section&appliesTo=Rule-Application-UseCase&pyRuleName=pzSpecImplementationSummary&RequestClass=Rule-HTML-Section&RequestAppliesTo=Rule-Application-UseCase&RequestRuleName=pzSpecImplementationSummary Payload: "{\"RequestClass\":\"Rule-HTML-Section\",\"RequestAppliesTo\":\"Rule-Application-UseCase\",\"RequestRuleName\":\"pzSpecImplementationSummary\"}" => HTTP 404 (18 bytes)
[PegaHttpClient] 📡 POST https://zdk8budo.pegaacademy.net/prweb/api/v1/rules/query?pxObjClass=Rule-HTML-Section&appliesTo=Rule-Application-UseCase&pyRuleName=pzSpecImplementationSummary&RequestClass=Rule-HTML-Section&RequestAppliesTo=Rule-Application-UseCase&RequestRuleName=pzSpecImplementationSummary Payload: "{\"RequestClass\":\"Rule-HTML-Section\",\"RequestAppliesTo\":\"Rule-Application-UseCase\",\"RequestRuleName\":\"pzSpecImplementationSummary\"}" => HTTP 404 (18 bytes)
[PegaHttpClient] 📡 POST https://zdk8budo.pegaacademy.net/prweb/PRRestService/v1/rules/query?pxObjClass=Rule-HTML-Section&appliesTo=Rule-Application-UseCase&pyRuleName=pzSpecImplementationSummary&RequestClass=Rule-HTML-Section&RequestAppliesTo=Rule-Application-UseCase&RequestRuleName=pzSpecImplementationSummary Payload: "{\"RequestClass\":\"Rule-HTML-Section\",\"RequestAppliesTo\":\"Rule-Application-UseCase\",\"RequestRuleName\":\"pzSpecImplementationSummary\"}" => HTTP 404 (18 bytes)
[PegaHttpClient] 📡 POST https://zdk8budo.pegaacademy.net/prweb/api/CodeIntelligence/v1/rules/query?pxObjClass=Rule-HTML-Section&appliesTo=Rule-Application-UseCase&pyRuleName=pzDisplayErrorMessages&RequestClass=Rule-HTML-Section&RequestAppliesTo=Rule-Application-UseCase&RequestRuleName=pzDisplayErrorMessages Payload: "{\"RequestClass\":\"Rule-HTML-Section\",\"RequestAppliesTo\":\"Rule-Application-UseCase\",\"RequestRuleName\":\"pzDisplayErrorMessages\"}" => HTTP 200 (69353 bytes)
[SchemaGen] ✅ Schema written for Rule-Application-UseCase
[PegaHttpClient] 📡 GET https://zdk8budo.pegaacademy.net/prweb/api/CodeIntelligence/v1/rules/RULE-HTML-HARNESS%20RULE-APPLICATION-GUIDE%20RULEFORM%20%2320180713T141704.247%20GMT => HTTP 200 (23954 bytes)
[PegaHttpClient] 📡 POST https://zdk8budo.pegaacademy.net/prweb/api/CodeIntelligence/v1/rules/query?pxObjClass=Rule-HTML-Section&appliesTo=Rule-Application-Guide&pyRuleName=RuleFormMain&RequestClass=Rule-HTML-Section&RequestAppliesTo=Rule-Application-Guide&RequestRuleName=RuleFormMain Payload: "{\"RequestClass\":\"Rule-HTML-Section\",\"RequestAppliesTo\":\"Rule-Application-Guide\",\"RequestRuleName\":\"RuleFormMain\"}" => HTTP 200 (156234 bytes)
[PegaHttpClient] 📡 POST https://zdk8budo.pegaacademy.net/prweb/api/CodeIntelligence/v1/rules/query?pxObjClass=Rule-HTML-Section&appliesTo=Rule-Application-Guide&pyRuleName=pxAlternateRuleForm&RequestClass=Rule-HTML-Section&RequestAppliesTo=Rule-Application-Guide&RequestRuleName=pxAlternateRuleForm Payload: "{\"RequestClass\":\"Rule-HTML-Section\",\"RequestAppliesTo\":\"Rule-Application-Guide\",\"RequestRuleName\":\"pxAlternateRuleForm\"}" => HTTP 200 (66153 bytes)
[PegaHttpClient] 📡 POST https://zdk8budo.pegaacademy.net/prweb/api/CodeIntelligence/v1/rules/query?pxObjClass=Rule-HTML-Section&appliesTo=Rule-Application-Guide&pyRuleName=pzRuleFormScripts&RequestClass=Rule-HTML-Section&RequestAppliesTo=Rule-Application-Guide&RequestRuleName=pzRuleFormScripts Payload: "{\"RequestClass\":\"Rule-HTML-Section\",\"RequestAppliesTo\":\"Rule-Application-Guide\",\"RequestRuleName\":\"pzRuleFormScripts\"}" => HTTP 200 (40822 bytes)
[PegaHttpClient] 📡 POST https://zdk8budo.pegaacademy.net/prweb/api/CodeIntelligence/v1/rules/query?pxObjClass=Rule-HTML-Section&appliesTo=Rule-Application-Guide&pyRuleName=pzRuleFormLayoutDelegated&RequestClass=Rule-HTML-Section&RequestAppliesTo=Rule-Application-Guide&RequestRuleName=pzRuleFormLayoutDelegated Payload: "{\"RequestClass\":\"Rule-HTML-Section\",\"RequestAppliesTo\":\"Rule-Application-Guide\",\"RequestRuleName\":\"pzRuleFormLayoutDelegated\"}" => HTTP 200 (70998 bytes)
[PegaHttpClient] 📡 POST https://zdk8budo.pegaacademy.net/prweb/api/CodeIntelligence/v1/rules/query?pxObjClass=Rule-HTML-Section&appliesTo=Rule-Application-Guide&pyRuleName=RuleFormLayout&RequestClass=Rule-HTML-Section&RequestAppliesTo=Rule-Application-Guide&RequestRuleName=RuleFormLayout Payload: "{\"RequestClass\":\"Rule-HTML-Section\",\"RequestAppliesTo\":\"Rule-Application-Guide\",\"RequestRuleName\":\"RuleFormLayout\"}" => HTTP 200 (166150 bytes)
[PegaHttpClient] 📡 POST https://zdk8budo.pegaacademy.net/prweb/api/CodeIntelligence/v1/rules/query?pxObjClass=Rule-HTML-Section&appliesTo=Rule-Application-Guide&pyRuleName=RuleFormSettings&RequestClass=Rule-HTML-Section&RequestAppliesTo=Rule-Application-Guide&RequestRuleName=RuleFormSettings Payload: "{\"RequestClass\":\"Rule-HTML-Section\",\"RequestAppliesTo\":\"Rule-Application-Guide\",\"RequestRuleName\":\"RuleFormSettings\"}" => HTTP 200 (20540 bytes)
[PegaHttpClient] 📡 POST https://zdk8budo.pegaacademy.net/prweb/api/CodeIntelligence/v1/rules/query?pxObjClass=Rule-HTML-Section&appliesTo=Rule-Application-Guide&pyRuleName=OpenAuthoring&RequestClass=Rule-HTML-Section&RequestAppliesTo=Rule-Application-Guide&RequestRuleName=OpenAuthoring Payload: "{\"RequestClass\":\"Rule-HTML-Section\",\"RequestAppliesTo\":\"Rule-Application-Guide\",\"RequestRuleName\":\"OpenAuthoring\"}" => HTTP 200 (23695 bytes)
[PegaHttpClient] 📡 POST https://zdk8budo.pegaacademy.net/prweb/api/CodeIntelligence/v1/rules/query?pxObjClass=Rule-HTML-Section&appliesTo=Rule-Application-Guide&pyRuleName=pyCustomHelp&RequestClass=Rule-HTML-Section&RequestAppliesTo=Rule-Application-Guide&RequestRuleName=pyCustomHelp Payload: "{\"RequestClass\":\"Rule-HTML-Section\",\"RequestAppliesTo\":\"Rule-Application-Guide\",\"RequestRuleName\":\"pyCustomHelp\"}" => HTTP 200 (17256 bytes)
[PegaHttpClient] 📡 POST https://zdk8budo.pegaacademy.net/prweb/api/CodeIntelligence/v1/rules/query?pxObjClass=Rule-HTML-Section&appliesTo=Rule-Application-Guide&pyRuleName=pzRuleformMainInclude&RequestClass=Rule-HTML-Section&RequestAppliesTo=Rule-Application-Guide&RequestRuleName=pzRuleformMainInclude Payload: "{\"RequestClass\":\"Rule-HTML-Section\",\"RequestAppliesTo\":\"Rule-Application-Guide\",\"RequestRuleName\":\"pzRuleformMainInclude\"}" => HTTP 200 (22375 bytes)
[PegaHttpClient] 📡 POST https://zdk8budo.pegaacademy.net/prweb/api/CodeIntelligence/v1/rules/query?pxObjClass=Rule-HTML-Section&appliesTo=Rule-Application-Guide&pyRuleName=pyAlternativeRuleFormStrategicAppExtension&RequestClass=Rule-HTML-Section&RequestAppliesTo=Rule-Application-Guide&RequestRuleName=pyAlternativeRuleFormStrategicAppExtension Payload: "{\"RequestClass\":\"Rule-HTML-Section\",\"RequestAppliesTo\":\"Rule-Application-Guide\",\"RequestRuleName\":\"pyAlternativeRuleFormStrategicAppExtension\"}" => HTTP 200 (25042 bytes)
[PegaHttpClient] 📡 POST https://zdk8budo.pegaacademy.net/prweb/api/CodeIntelligence/v1/rules/query?pxObjClass=Rule-HTML-Section&appliesTo=Rule-Application-Guide&pyRuleName=pyAlternativeRuleFormExtension&RequestClass=Rule-HTML-Section&RequestAppliesTo=Rule-Application-Guide&RequestRuleName=pyAlternativeRuleFormExtension Payload: "{\"RequestClass\":\"Rule-HTML-Section\",\"RequestAppliesTo\":\"Rule-Application-Guide\",\"RequestRuleName\":\"pyAlternativeRuleFormExtension\"}" => HTTP 200 (24863 bytes)
[PegaHttpClient] 📡 POST https://zdk8budo.pegaacademy.net/prweb/api/CodeIntelligence/v1/rules/query?pxObjClass=Rule-HTML-Section&appliesTo=Rule-Application-Guide&pyRuleName=RuleFormHeader&RequestClass=Rule-HTML-Section&RequestAppliesTo=Rule-Application-Guide&RequestRuleName=RuleFormHeader Payload: "{\"RequestClass\":\"Rule-HTML-Section\",\"RequestAppliesTo\":\"Rule-Application-Guide\",\"RequestRuleName\":\"RuleFormHeader\"}" => HTTP 200 (183800 bytes)
[PegaHttpClient] 📡 POST https://zdk8budo.pegaacademy.net/prweb/api/CodeIntelligence/v1/rules/query?pxObjClass=Rule-HTML-Section&appliesTo=Rule-Application-Guide&pyRuleName=pzDelegationExperience&RequestClass=Rule-HTML-Section&RequestAppliesTo=Rule-Application-Guide&RequestRuleName=pzDelegationExperience Payload: "{\"RequestClass\":\"Rule-HTML-Section\",\"RequestAppliesTo\":\"Rule-Application-Guide\",\"RequestRuleName\":\"pzDelegationExperience\"}" => HTTP 404 (122 bytes)
[PegaHttpClient] 📡 POST https://zdk8budo.pegaacademy.net/prweb/PRRestService/CodeIntelligence/v1/rules/query?pxObjClass=Rule-HTML-Section&appliesTo=Rule-Application-Guide&pyRuleName=pzDelegationExperience&RequestClass=Rule-HTML-Section&RequestAppliesTo=Rule-Application-Guide&RequestRuleName=pzDelegationExperience Payload: "{\"RequestClass\":\"Rule-HTML-Section\",\"RequestAppliesTo\":\"Rule-Application-Guide\",\"RequestRuleName\":\"pzDelegationExperience\"}" => HTTP 404 (122 bytes)
[PegaHttpClient] 📡 POST https://zdk8budo.pegaacademy.net/prweb/api/HRAppsV2Service/V1/rules/query?pxObjClass=Rule-HTML-Section&appliesTo=Rule-Application-Guide&pyRuleName=pzDelegationExperience&RequestClass=Rule-HTML-Section&RequestAppliesTo=Rule-Application-Guide&RequestRuleName=pzDelegationExperience Payload: "{\"RequestClass\":\"Rule-HTML-Section\",\"RequestAppliesTo\":\"Rule-Application-Guide\",\"RequestRuleName\":\"pzDelegationExperience\"}" => HTTP 404 (18 bytes)
[PegaHttpClient] 📡 POST https://zdk8budo.pegaacademy.net/prweb/PRRestService/HRAppsV2Service/V1/rules/query?pxObjClass=Rule-HTML-Section&appliesTo=Rule-Application-Guide&pyRuleName=pzDelegationExperience&RequestClass=Rule-HTML-Section&RequestAppliesTo=Rule-Application-Guide&RequestRuleName=pzDelegationExperience Payload: "{\"RequestClass\":\"Rule-HTML-Section\",\"RequestAppliesTo\":\"Rule-Application-Guide\",\"RequestRuleName\":\"pzDelegationExperience\"}" => HTTP 404 (18 bytes)
[PegaHttpClient] 📡 POST https://zdk8budo.pegaacademy.net/prweb/api/HRAppsV2/V1/rules/query?pxObjClass=Rule-HTML-Section&appliesTo=Rule-Application-Guide&pyRuleName=pzDelegationExperience&RequestClass=Rule-HTML-Section&RequestAppliesTo=Rule-Application-Guide&RequestRuleName=pzDelegationExperience Payload: "{\"RequestClass\":\"Rule-HTML-Section\",\"RequestAppliesTo\":\"Rule-Application-Guide\",\"RequestRuleName\":\"pzDelegationExperience\"}" => HTTP 404 (18 bytes)
[PegaHttpClient] 📡 POST https://zdk8budo.pegaacademy.net/prweb/PRRestService/HRAppsV2/V1/rules/query?pxObjClass=Rule-HTML-Section&appliesTo=Rule-Application-Guide&pyRuleName=pzDelegationExperience&RequestClass=Rule-HTML-Section&RequestAppliesTo=Rule-Application-Guide&RequestRuleName=pzDelegationExperience Payload: "{\"RequestClass\":\"Rule-HTML-Section\",\"RequestAppliesTo\":\"Rule-Application-Guide\",\"RequestRuleName\":\"pzDelegationExperience\"}" => HTTP 404 (18 bytes)
[PegaHttpClient] 📡 POST https://zdk8budo.pegaacademy.net/prweb/api/v1/rules/query?pxObjClass=Rule-HTML-Section&appliesTo=Rule-Application-Guide&pyRuleName=pzDelegationExperience&RequestClass=Rule-HTML-Section&RequestAppliesTo=Rule-Application-Guide&RequestRuleName=pzDelegationExperience Payload: "{\"RequestClass\":\"Rule-HTML-Section\",\"RequestAppliesTo\":\"Rule-Application-Guide\",\"RequestRuleName\":\"pzDelegationExperience\"}" => HTTP 404 (18 bytes)
[PegaHttpClient] 📡 POST https://zdk8budo.pegaacademy.net/prweb/PRRestService/v1/rules/query?pxObjClass=Rule-HTML-Section&appliesTo=Rule-Application-Guide&pyRuleName=pzDelegationExperience&RequestClass=Rule-HTML-Section&RequestAppliesTo=Rule-Application-Guide&RequestRuleName=pzDelegationExperience Payload: "{\"RequestClass\":\"Rule-HTML-Section\",\"RequestAppliesTo\":\"Rule-Application-Guide\",\"RequestRuleName\":\"pzDelegationExperience\"}" => HTTP 404 (18 bytes)
[PegaHttpClient] 📡 POST https://zdk8budo.pegaacademy.net/prweb/api/CodeIntelligence/v1/rules/query?pxObjClass=Rule-HTML-Section&appliesTo=Rule-Application-Guide&pyRuleName=pzChapterData&RequestClass=Rule-HTML-Section&RequestAppliesTo=Rule-Application-Guide&RequestRuleName=pzChapterData Payload: "{\"RequestClass\":\"Rule-HTML-Section\",\"RequestAppliesTo\":\"Rule-Application-Guide\",\"RequestRuleName\":\"pzChapterData\"}" => HTTP 404 (113 bytes)
[PegaHttpClient] 📡 POST https://zdk8budo.pegaacademy.net/prweb/PRRestService/CodeIntelligence/v1/rules/query?pxObjClass=Rule-HTML-Section&appliesTo=Rule-Application-Guide&pyRuleName=pzChapterData&RequestClass=Rule-HTML-Section&RequestAppliesTo=Rule-Application-Guide&RequestRuleName=pzChapterData Payload: "{\"RequestClass\":\"Rule-HTML-Section\",\"RequestAppliesTo\":\"Rule-Application-Guide\",\"RequestRuleName\":\"pzChapterData\"}" => HTTP 404 (113 bytes)
[PegaHttpClient] 📡 POST https://zdk8budo.pegaacademy.net/prweb/api/HRAppsV2Service/V1/rules/query?pxObjClass=Rule-HTML-Section&appliesTo=Rule-Application-Guide&pyRuleName=pzChapterData&RequestClass=Rule-HTML-Section&RequestAppliesTo=Rule-Application-Guide&RequestRuleName=pzChapterData Payload: "{\"RequestClass\":\"Rule-HTML-Section\",\"RequestAppliesTo\":\"Rule-Application-Guide\",\"RequestRuleName\":\"pzChapterData\"}" => HTTP 404 (18 bytes)
[PegaHttpClient] 📡 POST https://zdk8budo.pegaacademy.net/prweb/PRRestService/HRAppsV2Service/V1/rules/query?pxObjClass=Rule-HTML-Section&appliesTo=Rule-Application-Guide&pyRuleName=pzChapterData&RequestClass=Rule-HTML-Section&RequestAppliesTo=Rule-Application-Guide&RequestRuleName=pzChapterData Payload: "{\"RequestClass\":\"Rule-HTML-Section\",\"RequestAppliesTo\":\"Rule-Application-Guide\",\"RequestRuleName\":\"pzChapterData\"}" => HTTP 404 (18 bytes)
[PegaHttpClient] 📡 POST https://zdk8budo.pegaacademy.net/prweb/api/HRAppsV2/V1/rules/query?pxObjClass=Rule-HTML-Section&appliesTo=Rule-Application-Guide&pyRuleName=pzChapterData&RequestClass=Rule-HTML-Section&RequestAppliesTo=Rule-Application-Guide&RequestRuleName=pzChapterData Payload: "{\"RequestClass\":\"Rule-HTML-Section\",\"RequestAppliesTo\":\"Rule-Application-Guide\",\"RequestRuleName\":\"pzChapterData\"}" => HTTP 404 (18 bytes)
[PegaHttpClient] 📡 POST https://zdk8budo.pegaacademy.net/prweb/PRRestService/HRAppsV2/V1/rules/query?pxObjClass=Rule-HTML-Section&appliesTo=Rule-Application-Guide&pyRuleName=pzChapterData&RequestClass=Rule-HTML-Section&RequestAppliesTo=Rule-Application-Guide&RequestRuleName=pzChapterData Payload: "{\"RequestClass\":\"Rule-HTML-Section\",\"RequestAppliesTo\":\"Rule-Application-Guide\",\"RequestRuleName\":\"pzChapterData\"}" => HTTP 404 (18 bytes)
[PegaHttpClient] 📡 POST https://zdk8budo.pegaacademy.net/prweb/api/v1/rules/query?pxObjClass=Rule-HTML-Section&appliesTo=Rule-Application-Guide&pyRuleName=pzChapterData&RequestClass=Rule-HTML-Section&RequestAppliesTo=Rule-Application-Guide&RequestRuleName=pzChapterData Payload: "{\"RequestClass\":\"Rule-HTML-Section\",\"RequestAppliesTo\":\"Rule-Application-Guide\",\"RequestRuleName\":\"pzChapterData\"}" => HTTP 404 (18 bytes)
[PegaHttpClient] 📡 POST https://zdk8budo.pegaacademy.net/prweb/PRRestService/v1/rules/query?pxObjClass=Rule-HTML-Section&appliesTo=Rule-Application-Guide&pyRuleName=pzChapterData&RequestClass=Rule-HTML-Section&RequestAppliesTo=Rule-Application-Guide&RequestRuleName=pzChapterData Payload: "{\"RequestClass\":\"Rule-HTML-Section\",\"RequestAppliesTo\":\"Rule-Application-Guide\",\"RequestRuleName\":\"pzChapterData\"}" => HTTP 404 (18 bytes)
[PegaHttpClient] 📡 POST https://zdk8budo.pegaacademy.net/prweb/api/CodeIntelligence/v1/rules/query?pxObjClass=Rule-HTML-Section&appliesTo=Rule-Application-Guide&pyRuleName=pzSpecifications&RequestClass=Rule-HTML-Section&RequestAppliesTo=Rule-Application-Guide&RequestRuleName=pzSpecifications Payload: "{\"RequestClass\":\"Rule-HTML-Section\",\"RequestAppliesTo\":\"Rule-Application-Guide\",\"RequestRuleName\":\"pzSpecifications\"}" => HTTP 200 (16577 bytes)
[PegaHttpClient] 📡 POST https://zdk8budo.pegaacademy.net/prweb/api/CodeIntelligence/v1/rules/query?pxObjClass=Rule-HTML-Section&appliesTo=Rule-Application-Guide&pyRuleName=RuleFormHistory&RequestClass=Rule-HTML-Section&RequestAppliesTo=Rule-Application-Guide&RequestRuleName=RuleFormHistory Payload: "{\"RequestClass\":\"Rule-HTML-Section\",\"RequestAppliesTo\":\"Rule-Application-Guide\",\"RequestRuleName\":\"RuleFormHistory\"}" => HTTP 200 (76091 bytes)
[PegaHttpClient] 📡 POST https://zdk8budo.pegaacademy.net/prweb/api/CodeIntelligence/v1/rules/query?pxObjClass=Rule-HTML-Section&appliesTo=Rule-Application-Guide&pyRuleName=pzCustomHelp&RequestClass=Rule-HTML-Section&RequestAppliesTo=Rule-Application-Guide&RequestRuleName=pzCustomHelp Payload: "{\"RequestClass\":\"Rule-HTML-Section\",\"RequestAppliesTo\":\"Rule-Application-Guide\",\"RequestRuleName\":\"pzCustomHelp\"}" => HTTP 200 (31573 bytes)
[PegaHttpClient] 📡 POST https://zdk8budo.pegaacademy.net/prweb/api/CodeIntelligence/v1/rules/query?pxObjClass=Rule-HTML-Section&appliesTo=Rule-Application-Guide&pyRuleName=pzRuleFormKeysAndDescription&RequestClass=Rule-HTML-Section&RequestAppliesTo=Rule-Application-Guide&RequestRuleName=pzRuleFormKeysAndDescription Payload: "{\"RequestClass\":\"Rule-HTML-Section\",\"RequestAppliesTo\":\"Rule-Application-Guide\",\"RequestRuleName\":\"pzRuleFormKeysAndDescription\"}" => HTTP 200 (218057 bytes)
[PegaHttpClient] 📡 POST https://zdk8budo.pegaacademy.net/prweb/api/CodeIntelligence/v1/rules/query?pxObjClass=Rule-HTML-Section&appliesTo=Rule-Application-Guide&pyRuleName=pzRuleFormRuleset&RequestClass=Rule-HTML-Section&RequestAppliesTo=Rule-Application-Guide&RequestRuleName=pzRuleFormRuleset Payload: "{\"RequestClass\":\"Rule-HTML-Section\",\"RequestAppliesTo\":\"Rule-Application-Guide\",\"RequestRuleName\":\"pzRuleFormRuleset\"}" => HTTP 200 (33985 bytes)
[PegaHttpClient] 📡 POST https://zdk8budo.pegaacademy.net/prweb/api/CodeIntelligence/v1/rules/query?pxObjClass=Rule-HTML-Section&appliesTo=Rule-Application-Guide&pyRuleName=undefined&RequestClass=Rule-HTML-Section&RequestAppliesTo=Rule-Application-Guide&RequestRuleName=undefined Payload: "{\"RequestClass\":\"Rule-HTML-Section\",\"RequestAppliesTo\":\"Rule-Application-Guide\",\"RequestRuleName\":\"undefined\"}" => HTTP 404 (109 bytes)
[PegaHttpClient] 📡 POST https://zdk8budo.pegaacademy.net/prweb/PRRestService/CodeIntelligence/v1/rules/query?pxObjClass=Rule-HTML-Section&appliesTo=Rule-Application-Guide&pyRuleName=undefined&RequestClass=Rule-HTML-Section&RequestAppliesTo=Rule-Application-Guide&RequestRuleName=undefined Payload: "{\"RequestClass\":\"Rule-HTML-Section\",\"RequestAppliesTo\":\"Rule-Application-Guide\",\"RequestRuleName\":\"undefined\"}" => HTTP 404 (109 bytes)
[PegaHttpClient] 📡 POST https://zdk8budo.pegaacademy.net/prweb/api/HRAppsV2Service/V1/rules/query?pxObjClass=Rule-HTML-Section&appliesTo=Rule-Application-Guide&pyRuleName=undefined&RequestClass=Rule-HTML-Section&RequestAppliesTo=Rule-Application-Guide&RequestRuleName=undefined Payload: "{\"RequestClass\":\"Rule-HTML-Section\",\"RequestAppliesTo\":\"Rule-Application-Guide\",\"RequestRuleName\":\"undefined\"}" => HTTP 404 (18 bytes)
[PegaHttpClient] 📡 POST https://zdk8budo.pegaacademy.net/prweb/PRRestService/HRAppsV2Service/V1/rules/query?pxObjClass=Rule-HTML-Section&appliesTo=Rule-Application-Guide&pyRuleName=undefined&RequestClass=Rule-HTML-Section&RequestAppliesTo=Rule-Application-Guide&RequestRuleName=undefined Payload: "{\"RequestClass\":\"Rule-HTML-Section\",\"RequestAppliesTo\":\"Rule-Application-Guide\",\"RequestRuleName\":\"undefined\"}" => HTTP 404 (18 bytes)
[PegaHttpClient] 📡 POST https://zdk8budo.pegaacademy.net/prweb/api/HRAppsV2/V1/rules/query?pxObjClass=Rule-HTML-Section&appliesTo=Rule-Application-Guide&pyRuleName=undefined&RequestClass=Rule-HTML-Section&RequestAppliesTo=Rule-Application-Guide&RequestRuleName=undefined Payload: "{\"RequestClass\":\"Rule-HTML-Section\",\"RequestAppliesTo\":\"Rule-Application-Guide\",\"RequestRuleName\":\"undefined\"}" => HTTP 404 (18 bytes)
[PegaHttpClient] 📡 POST https://zdk8budo.pegaacademy.net/prweb/PRRestService/HRAppsV2/V1/rules/query?pxObjClass=Rule-HTML-Section&appliesTo=Rule-Application-Guide&pyRuleName=undefined&RequestClass=Rule-HTML-Section&RequestAppliesTo=Rule-Application-Guide&RequestRuleName=undefined Payload: "{\"RequestClass\":\"Rule-HTML-Section\",\"RequestAppliesTo\":\"Rule-Application-Guide\",\"RequestRuleName\":\"undefined\"}" => HTTP 404 (18 bytes)
[PegaHttpClient] 📡 POST https://zdk8budo.pegaacademy.net/prweb/api/v1/rules/query?pxObjClass=Rule-HTML-Section&appliesTo=Rule-Application-Guide&pyRuleName=undefined&RequestClass=Rule-HTML-Section&RequestAppliesTo=Rule-Application-Guide&RequestRuleName=undefined Payload: "{\"RequestClass\":\"Rule-HTML-Section\",\"RequestAppliesTo\":\"Rule-Application-Guide\",\"RequestRuleName\":\"undefined\"}" => HTTP 404 (18 bytes)
[PegaHttpClient] 📡 POST https://zdk8budo.pegaacademy.net/prweb/PRRestService/v1/rules/query?pxObjClass=Rule-HTML-Section&appliesTo=Rule-Application-Guide&pyRuleName=undefined&RequestClass=Rule-HTML-Section&RequestAppliesTo=Rule-Application-Guide&RequestRuleName=undefined Payload: "{\"RequestClass\":\"Rule-HTML-Section\",\"RequestAppliesTo\":\"Rule-Application-Guide\",\"RequestRuleName\":\"undefined\"}" => HTTP 404 (18 bytes)
[PegaHttpClient] 📡 POST https://zdk8budo.pegaacademy.net/prweb/api/CodeIntelligence/v1/rules/query?pxObjClass=Rule-HTML-Section&appliesTo=Rule-Application-Guide&pyRuleName=pzRuleFormToolbar&RequestClass=Rule-HTML-Section&RequestAppliesTo=Rule-Application-Guide&RequestRuleName=pzRuleFormToolbar Payload: "{\"RequestClass\":\"Rule-HTML-Section\",\"RequestAppliesTo\":\"Rule-Application-Guide\",\"RequestRuleName\":\"pzRuleFormToolbar\"}" => HTTP 200 (242691 bytes)
[PegaHttpClient] 📡 POST https://zdk8budo.pegaacademy.net/prweb/api/CodeIntelligence/v1/rules/query?pxObjClass=Rule-HTML-Section&appliesTo=Rule-Application-Guide&pyRuleName=pzRuleFormToolbarCompare&RequestClass=Rule-HTML-Section&RequestAppliesTo=Rule-Application-Guide&RequestRuleName=pzRuleFormToolbarCompare Payload: "{\"RequestClass\":\"Rule-HTML-Section\",\"RequestAppliesTo\":\"Rule-Application-Guide\",\"RequestRuleName\":\"pzRuleFormToolbarCompare\"}" => HTTP 200 (61925 bytes)
[PegaHttpClient] 📡 POST https://zdk8budo.pegaacademy.net/prweb/api/CodeIntelligence/v1/rules/query?pxObjClass=Rule-HTML-Section&appliesTo=Rule-Application-Guide&pyRuleName=RuleFormHeaderMessages&RequestClass=Rule-HTML-Section&RequestAppliesTo=Rule-Application-Guide&RequestRuleName=RuleFormHeaderMessages Payload: "{\"RequestClass\":\"Rule-HTML-Section\",\"RequestAppliesTo\":\"Rule-Application-Guide\",\"RequestRuleName\":\"RuleFormHeaderMessages\"}" => HTTP 200 (26518 bytes)
[PegaHttpClient] 📡 POST https://zdk8budo.pegaacademy.net/prweb/api/CodeIntelligence/v1/rules/query?pxObjClass=Rule-HTML-Section&appliesTo=Rule-Application-Guide&pyRuleName=pzSpecificationsInner&RequestClass=Rule-HTML-Section&RequestAppliesTo=Rule-Application-Guide&RequestRuleName=pzSpecificationsInner Payload: "{\"RequestClass\":\"Rule-HTML-Section\",\"RequestAppliesTo\":\"Rule-Application-Guide\",\"RequestRuleName\":\"pzSpecificationsInner\"}" => HTTP 200 (142370 bytes)
[PegaHttpClient] 📡 POST https://zdk8budo.pegaacademy.net/prweb/api/CodeIntelligence/v1/rules/query?pxObjClass=Rule-HTML-Section&appliesTo=Rule-Application-Guide&pyRuleName=pzAlternateRuleInfo&RequestClass=Rule-HTML-Section&RequestAppliesTo=Rule-Application-Guide&RequestRuleName=pzAlternateRuleInfo Payload: "{\"RequestClass\":\"Rule-HTML-Section\",\"RequestAppliesTo\":\"Rule-Application-Guide\",\"RequestRuleName\":\"pzAlternateRuleInfo\"}" => HTTP 200 (140407 bytes)
[PegaHttpClient] 📡 POST https://zdk8budo.pegaacademy.net/prweb/api/CodeIntelligence/v1/rules/query?pxObjClass=Rule-HTML-Section&appliesTo=Rule-Application-Guide&pyRuleName=RuleFormHistory_Description&RequestClass=Rule-HTML-Section&RequestAppliesTo=Rule-Application-Guide&RequestRuleName=RuleFormHistory_Description Payload: "{\"RequestClass\":\"Rule-HTML-Section\",\"RequestAppliesTo\":\"Rule-Application-Guide\",\"RequestRuleName\":\"RuleFormHistory_Description\"}" => HTTP 200 (46242 bytes)
[PegaHttpClient] 📡 POST https://zdk8budo.pegaacademy.net/prweb/api/CodeIntelligence/v1/rules/query?pxObjClass=Rule-HTML-Section&appliesTo=Rule-Application-Guide&pyRuleName=RuleFormHistory_CustomFields&RequestClass=Rule-HTML-Section&RequestAppliesTo=Rule-Application-Guide&RequestRuleName=RuleFormHistory_CustomFields Payload: "{\"RequestClass\":\"Rule-HTML-Section\",\"RequestAppliesTo\":\"Rule-Application-Guide\",\"RequestRuleName\":\"RuleFormHistory_CustomFields\"}" => HTTP 200 (75856 bytes)
[PegaHttpClient] 📡 POST https://zdk8budo.pegaacademy.net/prweb/api/CodeIntelligence/v1/rules/query?pxObjClass=Rule-HTML-Section&appliesTo=Rule-Application-Guide&pyRuleName=RuleFormHistory_HistoryDetails&RequestClass=Rule-HTML-Section&RequestAppliesTo=Rule-Application-Guide&RequestRuleName=RuleFormHistory_HistoryDetails Payload: "{\"RequestClass\":\"Rule-HTML-Section\",\"RequestAppliesTo\":\"Rule-Application-Guide\",\"RequestRuleName\":\"RuleFormHistory_HistoryDetails\"}" => HTTP 200 (179535 bytes)
[PegaHttpClient] 📡 POST https://zdk8budo.pegaacademy.net/prweb/api/CodeIntelligence/v1/rules/query?pxObjClass=Rule-HTML-Section&appliesTo=Rule-Application-Guide&pyRuleName=pzRuleFormStatus&RequestClass=Rule-HTML-Section&RequestAppliesTo=Rule-Application-Guide&RequestRuleName=pzRuleFormStatus Payload: "{\"RequestClass\":\"Rule-HTML-Section\",\"RequestAppliesTo\":\"Rule-Application-Guide\",\"RequestRuleName\":\"pzRuleFormStatus\"}" => HTTP 200 (97627 bytes)
[PegaHttpClient] 📡 POST https://zdk8budo.pegaacademy.net/prweb/api/CodeIntelligence/v1/rules/query?pxObjClass=Rule-HTML-Section&appliesTo=Rule-Application-Guide&pyRuleName=pzRuleFormHeaderCompareWithDropDown&RequestClass=Rule-HTML-Section&RequestAppliesTo=Rule-Application-Guide&RequestRuleName=pzRuleFormHeaderCompareWithDropDown Payload: "{\"RequestClass\":\"Rule-HTML-Section\",\"RequestAppliesTo\":\"Rule-Application-Guide\",\"RequestRuleName\":\"pzRuleFormHeaderCompareWithDropDown\"}" => HTTP 200 (25396 bytes)
[PegaHttpClient] 📡 POST https://zdk8budo.pegaacademy.net/prweb/api/CodeIntelligence/v1/rules/query?pxObjClass=Rule-HTML-Section&appliesTo=Rule-Application-Guide&pyRuleName=undefined&RequestClass=Rule-HTML-Section&RequestAppliesTo=Rule-Application-Guide&RequestRuleName=undefined Payload: "{\"RequestClass\":\"Rule-HTML-Section\",\"RequestAppliesTo\":\"Rule-Application-Guide\",\"RequestRuleName\":\"undefined\"}" => HTTP 404 (109 bytes)
[PegaHttpClient] 📡 POST https://zdk8budo.pegaacademy.net/prweb/PRRestService/CodeIntelligence/v1/rules/query?pxObjClass=Rule-HTML-Section&appliesTo=Rule-Application-Guide&pyRuleName=undefined&RequestClass=Rule-HTML-Section&RequestAppliesTo=Rule-Application-Guide&RequestRuleName=undefined Payload: "{\"RequestClass\":\"Rule-HTML-Section\",\"RequestAppliesTo\":\"Rule-Application-Guide\",\"RequestRuleName\":\"undefined\"}" => HTTP 404 (109 bytes)
[PegaHttpClient] 📡 POST https://zdk8budo.pegaacademy.net/prweb/api/HRAppsV2Service/V1/rules/query?pxObjClass=Rule-HTML-Section&appliesTo=Rule-Application-Guide&pyRuleName=undefined&RequestClass=Rule-HTML-Section&RequestAppliesTo=Rule-Application-Guide&RequestRuleName=undefined Payload: "{\"RequestClass\":\"Rule-HTML-Section\",\"RequestAppliesTo\":\"Rule-Application-Guide\",\"RequestRuleName\":\"undefined\"}" => HTTP 404 (18 bytes)
[PegaHttpClient] 📡 POST https://zdk8budo.pegaacademy.net/prweb/PRRestService/HRAppsV2Service/V1/rules/query?pxObjClass=Rule-HTML-Section&appliesTo=Rule-Application-Guide&pyRuleName=undefined&RequestClass=Rule-HTML-Section&RequestAppliesTo=Rule-Application-Guide&RequestRuleName=undefined Payload: "{\"RequestClass\":\"Rule-HTML-Section\",\"RequestAppliesTo\":\"Rule-Application-Guide\",\"RequestRuleName\":\"undefined\"}" => HTTP 404 (18 bytes)
[PegaHttpClient] 📡 POST https://zdk8budo.pegaacademy.net/prweb/api/HRAppsV2/V1/rules/query?pxObjClass=Rule-HTML-Section&appliesTo=Rule-Application-Guide&pyRuleName=undefined&RequestClass=Rule-HTML-Section&RequestAppliesTo=Rule-Application-Guide&RequestRuleName=undefined Payload: "{\"RequestClass\":\"Rule-HTML-Section\",\"RequestAppliesTo\":\"Rule-Application-Guide\",\"RequestRuleName\":\"undefined\"}" => HTTP 404 (18 bytes)
[PegaHttpClient] 📡 POST https://zdk8budo.pegaacademy.net/prweb/PRRestService/HRAppsV2/V1/rules/query?pxObjClass=Rule-HTML-Section&appliesTo=Rule-Application-Guide&pyRuleName=undefined&RequestClass=Rule-HTML-Section&RequestAppliesTo=Rule-Application-Guide&RequestRuleName=undefined Payload: "{\"RequestClass\":\"Rule-HTML-Section\",\"RequestAppliesTo\":\"Rule-Application-Guide\",\"RequestRuleName\":\"undefined\"}" => HTTP 404 (18 bytes)
[PegaHttpClient] 📡 POST https://zdk8budo.pegaacademy.net/prweb/api/v1/rules/query?pxObjClass=Rule-HTML-Section&appliesTo=Rule-Application-Guide&pyRuleName=undefined&RequestClass=Rule-HTML-Section&RequestAppliesTo=Rule-Application-Guide&RequestRuleName=undefined Payload: "{\"RequestClass\":\"Rule-HTML-Section\",\"RequestAppliesTo\":\"Rule-Application-Guide\",\"RequestRuleName\":\"undefined\"}" => HTTP 404 (18 bytes)
[PegaHttpClient] 📡 POST https://zdk8budo.pegaacademy.net/prweb/PRRestService/v1/rules/query?pxObjClass=Rule-HTML-Section&appliesTo=Rule-Application-Guide&pyRuleName=undefined&RequestClass=Rule-HTML-Section&RequestAppliesTo=Rule-Application-Guide&RequestRuleName=undefined Payload: "{\"RequestClass\":\"Rule-HTML-Section\",\"RequestAppliesTo\":\"Rule-Application-Guide\",\"RequestRuleName\":\"undefined\"}" => HTTP 404 (18 bytes)
[PegaHttpClient] 📡 POST https://zdk8budo.pegaacademy.net/prweb/api/CodeIntelligence/v1/rules/query?pxObjClass=Rule-HTML-Section&appliesTo=Rule-Application-Guide&pyRuleName=pzRuleFormToolbarHotKeys&RequestClass=Rule-HTML-Section&RequestAppliesTo=Rule-Application-Guide&RequestRuleName=pzRuleFormToolbarHotKeys Payload: "{\"RequestClass\":\"Rule-HTML-Section\",\"RequestAppliesTo\":\"Rule-Application-Guide\",\"RequestRuleName\":\"pzRuleFormToolbarHotKeys\"}" => HTTP 200 (85058 bytes)
[PegaHttpClient] 📡 POST https://zdk8budo.pegaacademy.net/prweb/api/CodeIntelligence/v1/rules/query?pxObjClass=Rule-HTML-Section&appliesTo=Rule-Application-Guide&pyRuleName=pzRuleFormToolbarLockedIcon&RequestClass=Rule-HTML-Section&RequestAppliesTo=Rule-Application-Guide&RequestRuleName=pzRuleFormToolbarLockedIcon Payload: "{\"RequestClass\":\"Rule-HTML-Section\",\"RequestAppliesTo\":\"Rule-Application-Guide\",\"RequestRuleName\":\"pzRuleFormToolbarLockedIcon\"}" => HTTP 200 (24898 bytes)
[PegaHttpClient] 📡 POST https://zdk8budo.pegaacademy.net/prweb/api/CodeIntelligence/v1/rules/query?pxObjClass=Rule-HTML-Section&appliesTo=Rule-Application-Guide&pyRuleName=pzRuleFormToolbarCollaborators&RequestClass=Rule-HTML-Section&RequestAppliesTo=Rule-Application-Guide&RequestRuleName=pzRuleFormToolbarCollaborators Payload: "{\"RequestClass\":\"Rule-HTML-Section\",\"RequestAppliesTo\":\"Rule-Application-Guide\",\"RequestRuleName\":\"pzRuleFormToolbarCollaborators\"}" => HTTP 200 (15254 bytes)
[PegaHttpClient] 📡 POST https://zdk8budo.pegaacademy.net/prweb/api/CodeIntelligence/v1/rules/query?pxObjClass=Rule-HTML-Section&appliesTo=Rule-Application-Guide&pyRuleName=pzRuleFormToolbarSaveAs&RequestClass=Rule-HTML-Section&RequestAppliesTo=Rule-Application-Guide&RequestRuleName=pzRuleFormToolbarSaveAs Payload: "{\"RequestClass\":\"Rule-HTML-Section\",\"RequestAppliesTo\":\"Rule-Application-Guide\",\"RequestRuleName\":\"pzRuleFormToolbarSaveAs\"}" => HTTP 200 (64084 bytes)
[PegaHttpClient] 📡 POST https://zdk8budo.pegaacademy.net/prweb/api/CodeIntelligence/v1/rules/query?pxObjClass=Rule-HTML-Section&appliesTo=Rule-Application-Guide&pyRuleName=pzRuleFormToolbarCheckin&RequestClass=Rule-HTML-Section&RequestAppliesTo=Rule-Application-Guide&RequestRuleName=pzRuleFormToolbarCheckin Payload: "{\"RequestClass\":\"Rule-HTML-Section\",\"RequestAppliesTo\":\"Rule-Application-Guide\",\"RequestRuleName\":\"pzRuleFormToolbarCheckin\"}" => HTTP 200 (119096 bytes)
[PegaHttpClient] 📡 POST https://zdk8budo.pegaacademy.net/prweb/api/CodeIntelligence/v1/rules/query?pxObjClass=Rule-HTML-Section&appliesTo=Rule-Application-Guide&pyRuleName=pzRuleFormToolbarDelete&RequestClass=Rule-HTML-Section&RequestAppliesTo=Rule-Application-Guide&RequestRuleName=pzRuleFormToolbarDelete Payload: "{\"RequestClass\":\"Rule-HTML-Section\",\"RequestAppliesTo\":\"Rule-Application-Guide\",\"RequestRuleName\":\"pzRuleFormToolbarDelete\"}" => HTTP 200 (30249 bytes)
[PegaHttpClient] 📡 POST https://zdk8budo.pegaacademy.net/prweb/api/CodeIntelligence/v1/rules/query?pxObjClass=Rule-HTML-Section&appliesTo=Rule-Application-Guide&pyRuleName=pzRuleFormToolbarSave&RequestClass=Rule-HTML-Section&RequestAppliesTo=Rule-Application-Guide&RequestRuleName=pzRuleFormToolbarSave Payload: "{\"RequestClass\":\"Rule-HTML-Section\",\"RequestAppliesTo\":\"Rule-Application-Guide\",\"RequestRuleName\":\"pzRuleFormToolbarSave\"}" => HTTP 200 (293885 bytes)
[PegaHttpClient] 📡 POST https://zdk8budo.pegaacademy.net/prweb/api/CodeIntelligence/v1/rules/query?pxObjClass=Rule-HTML-Section&appliesTo=Rule-Application-Guide&pyRuleName=pzRuleFormToolbarCheckout&RequestClass=Rule-HTML-Section&RequestAppliesTo=Rule-Application-Guide&RequestRuleName=pzRuleFormToolbarCheckout Payload: "{\"RequestClass\":\"Rule-HTML-Section\",\"RequestAppliesTo\":\"Rule-Application-Guide\",\"RequestRuleName\":\"pzRuleFormToolbarCheckout\"}" => HTTP 200 (238148 bytes)
[PegaHttpClient] 📡 POST https://zdk8budo.pegaacademy.net/prweb/api/CodeIntelligence/v1/rules/query?pxObjClass=Rule-HTML-Section&appliesTo=Rule-Application-Guide&pyRuleName=pzRemoveErrorsDataPage&RequestClass=Rule-HTML-Section&RequestAppliesTo=Rule-Application-Guide&RequestRuleName=pzRemoveErrorsDataPage Payload: "{\"RequestClass\":\"Rule-HTML-Section\",\"RequestAppliesTo\":\"Rule-Application-Guide\",\"RequestRuleName\":\"pzRemoveErrorsDataPage\"}" => HTTP 200 (16733 bytes)
[PegaHttpClient] 📡 POST https://zdk8budo.pegaacademy.net/prweb/api/CodeIntelligence/v1/rules/query?pxObjClass=Rule-HTML-Section&appliesTo=Rule-Application-Guide&pyRuleName=pzRuleFormHeaderMessagesWrapper&RequestClass=Rule-HTML-Section&RequestAppliesTo=Rule-Application-Guide&RequestRuleName=pzRuleFormHeaderMessagesWrapper Payload: "{\"RequestClass\":\"Rule-HTML-Section\",\"RequestAppliesTo\":\"Rule-Application-Guide\",\"RequestRuleName\":\"pzRuleFormHeaderMessagesWrapper\"}" => HTTP 200 (16981 bytes)
[PegaHttpClient] 📡 POST https://zdk8budo.pegaacademy.net/prweb/api/CodeIntelligence/v1/rules/query?pxObjClass=Rule-HTML-Section&appliesTo=Rule-Application-Guide&pyRuleName=pzSpecificationName&RequestClass=Rule-HTML-Section&RequestAppliesTo=Rule-Application-Guide&RequestRuleName=pzSpecificationName Payload: "{\"RequestClass\":\"Rule-HTML-Section\",\"RequestAppliesTo\":\"Rule-Application-Guide\",\"RequestRuleName\":\"pzSpecificationName\"}" => HTTP 404 (119 bytes)
[PegaHttpClient] 📡 POST https://zdk8budo.pegaacademy.net/prweb/PRRestService/CodeIntelligence/v1/rules/query?pxObjClass=Rule-HTML-Section&appliesTo=Rule-Application-Guide&pyRuleName=pzSpecificationName&RequestClass=Rule-HTML-Section&RequestAppliesTo=Rule-Application-Guide&RequestRuleName=pzSpecificationName Payload: "{\"RequestClass\":\"Rule-HTML-Section\",\"RequestAppliesTo\":\"Rule-Application-Guide\",\"RequestRuleName\":\"pzSpecificationName\"}" => HTTP 404 (119 bytes)
[PegaHttpClient] 📡 POST https://zdk8budo.pegaacademy.net/prweb/api/HRAppsV2Service/V1/rules/query?pxObjClass=Rule-HTML-Section&appliesTo=Rule-Application-Guide&pyRuleName=pzSpecificationName&RequestClass=Rule-HTML-Section&RequestAppliesTo=Rule-Application-Guide&RequestRuleName=pzSpecificationName Payload: "{\"RequestClass\":\"Rule-HTML-Section\",\"RequestAppliesTo\":\"Rule-Application-Guide\",\"RequestRuleName\":\"pzSpecificationName\"}" => HTTP 404 (18 bytes)
[PegaHttpClient] 📡 POST https://zdk8budo.pegaacademy.net/prweb/PRRestService/HRAppsV2Service/V1/rules/query?pxObjClass=Rule-HTML-Section&appliesTo=Rule-Application-Guide&pyRuleName=pzSpecificationName&RequestClass=Rule-HTML-Section&RequestAppliesTo=Rule-Application-Guide&RequestRuleName=pzSpecificationName Payload: "{\"RequestClass\":\"Rule-HTML-Section\",\"RequestAppliesTo\":\"Rule-Application-Guide\",\"RequestRuleName\":\"pzSpecificationName\"}" => HTTP 404 (18 bytes)
[PegaHttpClient] 📡 POST https://zdk8budo.pegaacademy.net/prweb/api/HRAppsV2/V1/rules/query?pxObjClass=Rule-HTML-Section&appliesTo=Rule-Application-Guide&pyRuleName=pzSpecificationName&RequestClass=Rule-HTML-Section&RequestAppliesTo=Rule-Application-Guide&RequestRuleName=pzSpecificationName Payload: "{\"RequestClass\":\"Rule-HTML-Section\",\"RequestAppliesTo\":\"Rule-Application-Guide\",\"RequestRuleName\":\"pzSpecificationName\"}" => HTTP 404 (18 bytes)
[PegaHttpClient] 📡 POST https://zdk8budo.pegaacademy.net/prweb/PRRestService/HRAppsV2/V1/rules/query?pxObjClass=Rule-HTML-Section&appliesTo=Rule-Application-Guide&pyRuleName=pzSpecificationName&RequestClass=Rule-HTML-Section&RequestAppliesTo=Rule-Application-Guide&RequestRuleName=pzSpecificationName Payload: "{\"RequestClass\":\"Rule-HTML-Section\",\"RequestAppliesTo\":\"Rule-Application-Guide\",\"RequestRuleName\":\"pzSpecificationName\"}" => HTTP 404 (18 bytes)
[PegaHttpClient] 📡 POST https://zdk8budo.pegaacademy.net/prweb/api/v1/rules/query?pxObjClass=Rule-HTML-Section&appliesTo=Rule-Application-Guide&pyRuleName=pzSpecificationName&RequestClass=Rule-HTML-Section&RequestAppliesTo=Rule-Application-Guide&RequestRuleName=pzSpecificationName Payload: "{\"RequestClass\":\"Rule-HTML-Section\",\"RequestAppliesTo\":\"Rule-Application-Guide\",\"RequestRuleName\":\"pzSpecificationName\"}" => HTTP 404 (18 bytes)
[PegaHttpClient] 📡 POST https://zdk8budo.pegaacademy.net/prweb/PRRestService/v1/rules/query?pxObjClass=Rule-HTML-Section&appliesTo=Rule-Application-Guide&pyRuleName=pzSpecificationName&RequestClass=Rule-HTML-Section&RequestAppliesTo=Rule-Application-Guide&RequestRuleName=pzSpecificationName Payload: "{\"RequestClass\":\"Rule-HTML-Section\",\"RequestAppliesTo\":\"Rule-Application-Guide\",\"RequestRuleName\":\"pzSpecificationName\"}" => HTTP 404 (18 bytes)
[PegaHttpClient] 📡 POST https://zdk8budo.pegaacademy.net/prweb/api/CodeIntelligence/v1/rules/query?pxObjClass=Rule-HTML-Section&appliesTo=Rule-Application-Guide&pyRuleName=pzScm_RuleHistory&RequestClass=Rule-HTML-Section&RequestAppliesTo=Rule-Application-Guide&RequestRuleName=pzScm_RuleHistory Payload: "{\"RequestClass\":\"Rule-HTML-Section\",\"RequestAppliesTo\":\"Rule-Application-Guide\",\"RequestRuleName\":\"pzScm_RuleHistory\"}" => HTTP 200 (14682 bytes)
[PegaHttpClient] 📡 POST https://zdk8budo.pegaacademy.net/prweb/api/CodeIntelligence/v1/rules/query?pxObjClass=Rule-HTML-Section&appliesTo=Rule-Application-Guide&pyRuleName=pxDisplayCollaborators&RequestClass=Rule-HTML-Section&RequestAppliesTo=Rule-Application-Guide&RequestRuleName=pxDisplayCollaborators Payload: "{\"RequestClass\":\"Rule-HTML-Section\",\"RequestAppliesTo\":\"Rule-Application-Guide\",\"RequestRuleName\":\"pxDisplayCollaborators\"}" => HTTP 200 (94171 bytes)
[PegaHttpClient] 📡 POST https://zdk8budo.pegaacademy.net/prweb/api/CodeIntelligence/v1/rules/query?pxObjClass=Rule-HTML-Section&appliesTo=Rule-Application-Guide&pyRuleName=pzRuleFormToolbarDeleteCheckOut&RequestClass=Rule-HTML-Section&RequestAppliesTo=Rule-Application-Guide&RequestRuleName=pzRuleFormToolbarDeleteCheckOut Payload: "{\"RequestClass\":\"Rule-HTML-Section\",\"RequestAppliesTo\":\"Rule-Application-Guide\",\"RequestRuleName\":\"pzRuleFormToolbarDeleteCheckOut\"}" => HTTP 200 (29433 bytes)
[PegaHttpClient] 📡 POST https://zdk8budo.pegaacademy.net/prweb/api/CodeIntelligence/v1/rules/query?pxObjClass=Rule-HTML-Section&appliesTo=Rule-Application-Guide&pyRuleName=pzRuleFormToolbarDeleteRule&RequestClass=Rule-HTML-Section&RequestAppliesTo=Rule-Application-Guide&RequestRuleName=pzRuleFormToolbarDeleteRule Payload: "{\"RequestClass\":\"Rule-HTML-Section\",\"RequestAppliesTo\":\"Rule-Application-Guide\",\"RequestRuleName\":\"pzRuleFormToolbarDeleteRule\"}" => HTTP 200 (32314 bytes)
[PegaHttpClient] 📡 POST https://zdk8budo.pegaacademy.net/prweb/api/CodeIntelligence/v1/rules/query?pxObjClass=Rule-HTML-Section&appliesTo=Rule-Application-Guide&pyRuleName=pzLoadCollaborationScripts&RequestClass=Rule-HTML-Section&RequestAppliesTo=Rule-Application-Guide&RequestRuleName=pzLoadCollaborationScripts Payload: "{\"RequestClass\":\"Rule-HTML-Section\",\"RequestAppliesTo\":\"Rule-Application-Guide\",\"RequestRuleName\":\"pzLoadCollaborationScripts\"}" => HTTP 200 (23453 bytes)
[PegaHttpClient] 📡 POST https://zdk8budo.pegaacademy.net/prweb/api/CodeIntelligence/v1/rules/query?pxObjClass=Rule-HTML-Section&appliesTo=Rule-Application-Guide&pyRuleName=pzDisplayCollaboratorsList&RequestClass=Rule-HTML-Section&RequestAppliesTo=Rule-Application-Guide&RequestRuleName=pzDisplayCollaboratorsList Payload: "{\"RequestClass\":\"Rule-HTML-Section\",\"RequestAppliesTo\":\"Rule-Application-Guide\",\"RequestRuleName\":\"pzDisplayCollaboratorsList\"}" => HTTP 200 (105418 bytes)
[PegaHttpClient] 📡 POST https://zdk8budo.pegaacademy.net/prweb/api/CodeIntelligence/v1/rules/query?pxObjClass=Rule-HTML-Section&appliesTo=Rule-Application-Guide&pyRuleName=pyCollaborator&RequestClass=Rule-HTML-Section&RequestAppliesTo=Rule-Application-Guide&RequestRuleName=pyCollaborator Payload: "{\"RequestClass\":\"Rule-HTML-Section\",\"RequestAppliesTo\":\"Rule-Application-Guide\",\"RequestRuleName\":\"pyCollaborator\"}" => HTTP 404 (114 bytes)
[PegaHttpClient] 📡 POST https://zdk8budo.pegaacademy.net/prweb/PRRestService/CodeIntelligence/v1/rules/query?pxObjClass=Rule-HTML-Section&appliesTo=Rule-Application-Guide&pyRuleName=pyCollaborator&RequestClass=Rule-HTML-Section&RequestAppliesTo=Rule-Application-Guide&RequestRuleName=pyCollaborator Payload: "{\"RequestClass\":\"Rule-HTML-Section\",\"RequestAppliesTo\":\"Rule-Application-Guide\",\"RequestRuleName\":\"pyCollaborator\"}" => HTTP 404 (114 bytes)
[PegaHttpClient] 📡 POST https://zdk8budo.pegaacademy.net/prweb/api/HRAppsV2Service/V1/rules/query?pxObjClass=Rule-HTML-Section&appliesTo=Rule-Application-Guide&pyRuleName=pyCollaborator&RequestClass=Rule-HTML-Section&RequestAppliesTo=Rule-Application-Guide&RequestRuleName=pyCollaborator Payload: "{\"RequestClass\":\"Rule-HTML-Section\",\"RequestAppliesTo\":\"Rule-Application-Guide\",\"RequestRuleName\":\"pyCollaborator\"}" => HTTP 404 (18 bytes)
[PegaHttpClient] 📡 POST https://zdk8budo.pegaacademy.net/prweb/PRRestService/HRAppsV2Service/V1/rules/query?pxObjClass=Rule-HTML-Section&appliesTo=Rule-Application-Guide&pyRuleName=pyCollaborator&RequestClass=Rule-HTML-Section&RequestAppliesTo=Rule-Application-Guide&RequestRuleName=pyCollaborator Payload: "{\"RequestClass\":\"Rule-HTML-Section\",\"RequestAppliesTo\":\"Rule-Application-Guide\",\"RequestRuleName\":\"pyCollaborator\"}" => HTTP 404 (18 bytes)
[PegaHttpClient] 📡 POST https://zdk8budo.pegaacademy.net/prweb/api/HRAppsV2/V1/rules/query?pxObjClass=Rule-HTML-Section&appliesTo=Rule-Application-Guide&pyRuleName=pyCollaborator&RequestClass=Rule-HTML-Section&RequestAppliesTo=Rule-Application-Guide&RequestRuleName=pyCollaborator Payload: "{\"RequestClass\":\"Rule-HTML-Section\",\"RequestAppliesTo\":\"Rule-Application-Guide\",\"RequestRuleName\":\"pyCollaborator\"}" => HTTP 404 (18 bytes)
[PegaHttpClient] 📡 POST https://zdk8budo.pegaacademy.net/prweb/PRRestService/HRAppsV2/V1/rules/query?pxObjClass=Rule-HTML-Section&appliesTo=Rule-Application-Guide&pyRuleName=pyCollaborator&RequestClass=Rule-HTML-Section&RequestAppliesTo=Rule-Application-Guide&RequestRuleName=pyCollaborator Payload: "{\"RequestClass\":\"Rule-HTML-Section\",\"RequestAppliesTo\":\"Rule-Application-Guide\",\"RequestRuleName\":\"pyCollaborator\"}" => HTTP 404 (18 bytes)
[PegaHttpClient] 📡 POST https://zdk8budo.pegaacademy.net/prweb/api/v1/rules/query?pxObjClass=Rule-HTML-Section&appliesTo=Rule-Application-Guide&pyRuleName=pyCollaborator&RequestClass=Rule-HTML-Section&RequestAppliesTo=Rule-Application-Guide&RequestRuleName=pyCollaborator Payload: "{\"RequestClass\":\"Rule-HTML-Section\",\"RequestAppliesTo\":\"Rule-Application-Guide\",\"RequestRuleName\":\"pyCollaborator\"}" => HTTP 404 (18 bytes)
[PegaHttpClient] 📡 POST https://zdk8budo.pegaacademy.net/prweb/PRRestService/v1/rules/query?pxObjClass=Rule-HTML-Section&appliesTo=Rule-Application-Guide&pyRuleName=pyCollaborator&RequestClass=Rule-HTML-Section&RequestAppliesTo=Rule-Application-Guide&RequestRuleName=pyCollaborator Payload: "{\"RequestClass\":\"Rule-HTML-Section\",\"RequestAppliesTo\":\"Rule-Application-Guide\",\"RequestRuleName\":\"pyCollaborator\"}" => HTTP 404 (18 bytes)
[PegaHttpClient] 📡 POST https://zdk8budo.pegaacademy.net/prweb/api/CodeIntelligence/v1/rules/query?pxObjClass=Rule-HTML-Section&appliesTo=Rule-Application-Guide&pyRuleName=pzDisplayPartialCount&RequestClass=Rule-HTML-Section&RequestAppliesTo=Rule-Application-Guide&RequestRuleName=pzDisplayPartialCount Payload: "{\"RequestClass\":\"Rule-HTML-Section\",\"RequestAppliesTo\":\"Rule-Application-Guide\",\"RequestRuleName\":\"pzDisplayPartialCount\"}" => HTTP 404 (121 bytes)
[PegaHttpClient] 📡 POST https://zdk8budo.pegaacademy.net/prweb/PRRestService/CodeIntelligence/v1/rules/query?pxObjClass=Rule-HTML-Section&appliesTo=Rule-Application-Guide&pyRuleName=pzDisplayPartialCount&RequestClass=Rule-HTML-Section&RequestAppliesTo=Rule-Application-Guide&RequestRuleName=pzDisplayPartialCount Payload: "{\"RequestClass\":\"Rule-HTML-Section\",\"RequestAppliesTo\":\"Rule-Application-Guide\",\"RequestRuleName\":\"pzDisplayPartialCount\"}" => HTTP 404 (121 bytes)
[PegaHttpClient] 📡 POST https://zdk8budo.pegaacademy.net/prweb/api/HRAppsV2Service/V1/rules/query?pxObjClass=Rule-HTML-Section&appliesTo=Rule-Application-Guide&pyRuleName=pzDisplayPartialCount&RequestClass=Rule-HTML-Section&RequestAppliesTo=Rule-Application-Guide&RequestRuleName=pzDisplayPartialCount Payload: "{\"RequestClass\":\"Rule-HTML-Section\",\"RequestAppliesTo\":\"Rule-Application-Guide\",\"RequestRuleName\":\"pzDisplayPartialCount\"}" => HTTP 404 (18 bytes)
[PegaHttpClient] 📡 POST https://zdk8budo.pegaacademy.net/prweb/PRRestService/HRAppsV2Service/V1/rules/query?pxObjClass=Rule-HTML-Section&appliesTo=Rule-Application-Guide&pyRuleName=pzDisplayPartialCount&RequestClass=Rule-HTML-Section&RequestAppliesTo=Rule-Application-Guide&RequestRuleName=pzDisplayPartialCount Payload: "{\"RequestClass\":\"Rule-HTML-Section\",\"RequestAppliesTo\":\"Rule-Application-Guide\",\"RequestRuleName\":\"pzDisplayPartialCount\"}" => HTTP 404 (18 bytes)
[PegaHttpClient] 📡 POST https://zdk8budo.pegaacademy.net/prweb/api/HRAppsV2/V1/rules/query?pxObjClass=Rule-HTML-Section&appliesTo=Rule-Application-Guide&pyRuleName=pzDisplayPartialCount&RequestClass=Rule-HTML-Section&RequestAppliesTo=Rule-Application-Guide&RequestRuleName=pzDisplayPartialCount Payload: "{\"RequestClass\":\"Rule-HTML-Section\",\"RequestAppliesTo\":\"Rule-Application-Guide\",\"RequestRuleName\":\"pzDisplayPartialCount\"}" => HTTP 404 (18 bytes)
[PegaHttpClient] 📡 POST https://zdk8budo.pegaacademy.net/prweb/PRRestService/HRAppsV2/V1/rules/query?pxObjClass=Rule-HTML-Section&appliesTo=Rule-Application-Guide&pyRuleName=pzDisplayPartialCount&RequestClass=Rule-HTML-Section&RequestAppliesTo=Rule-Application-Guide&RequestRuleName=pzDisplayPartialCount Payload: "{\"RequestClass\":\"Rule-HTML-Section\",\"RequestAppliesTo\":\"Rule-Application-Guide\",\"RequestRuleName\":\"pzDisplayPartialCount\"}" => HTTP 404 (18 bytes)
[PegaHttpClient] 📡 POST https://zdk8budo.pegaacademy.net/prweb/api/v1/rules/query?pxObjClass=Rule-HTML-Section&appliesTo=Rule-Application-Guide&pyRuleName=pzDisplayPartialCount&RequestClass=Rule-HTML-Section&RequestAppliesTo=Rule-Application-Guide&RequestRuleName=pzDisplayPartialCount Payload: "{\"RequestClass\":\"Rule-HTML-Section\",\"RequestAppliesTo\":\"Rule-Application-Guide\",\"RequestRuleName\":\"pzDisplayPartialCount\"}" => HTTP 404 (18 bytes)
[PegaHttpClient] 📡 POST https://zdk8budo.pegaacademy.net/prweb/PRRestService/v1/rules/query?pxObjClass=Rule-HTML-Section&appliesTo=Rule-Application-Guide&pyRuleName=pzDisplayPartialCount&RequestClass=Rule-HTML-Section&RequestAppliesTo=Rule-Application-Guide&RequestRuleName=pzDisplayPartialCount Payload: "{\"RequestClass\":\"Rule-HTML-Section\",\"RequestAppliesTo\":\"Rule-Application-Guide\",\"RequestRuleName\":\"pzDisplayPartialCount\"}" => HTTP 404 (18 bytes)
[SchemaGen] ✅ Schema written for Rule-Application-Guide
[PegaHttpClient] 📡 GET https://zdk8budo.pegaacademy.net/prweb/api/CodeIntelligence/v1/rules/RULE-HTML-HARNESS%20RULE-APPLICATION-DOCUMENT%20RULEFORM%20%2320180713T141704.230%20GMT => HTTP 200 (26100 bytes)
[PegaHttpClient] 📡 POST https://zdk8budo.pegaacademy.net/prweb/api/CodeIntelligence/v1/rules/query?pxObjClass=Rule-HTML-Section&appliesTo=Rule-Application-Document&pyRuleName=RuleFormMain&RequestClass=Rule-HTML-Section&RequestAppliesTo=Rule-Application-Document&RequestRuleName=RuleFormMain Payload: "{\"RequestClass\":\"Rule-HTML-Section\",\"RequestAppliesTo\":\"Rule-Application-Document\",\"RequestRuleName\":\"RuleFormMain\"}" => HTTP 200 (156234 bytes)
[PegaHttpClient] 📡 POST https://zdk8budo.pegaacademy.net/prweb/api/CodeIntelligence/v1/rules/query?pxObjClass=Rule-HTML-Section&appliesTo=Rule-Application-Document&pyRuleName=pxAlternateRuleForm&RequestClass=Rule-HTML-Section&RequestAppliesTo=Rule-Application-Document&RequestRuleName=pxAlternateRuleForm Payload: "{\"RequestClass\":\"Rule-HTML-Section\",\"RequestAppliesTo\":\"Rule-Application-Document\",\"RequestRuleName\":\"pxAlternateRuleForm\"}" => HTTP 200 (66153 bytes)
[PegaHttpClient] 📡 POST https://zdk8budo.pegaacademy.net/prweb/api/CodeIntelligence/v1/rules/query?pxObjClass=Rule-HTML-Section&appliesTo=Rule-Application-Document&pyRuleName=pzRuleFormScripts&RequestClass=Rule-HTML-Section&RequestAppliesTo=Rule-Application-Document&RequestRuleName=pzRuleFormScripts Payload: "{\"RequestClass\":\"Rule-HTML-Section\",\"RequestAppliesTo\":\"Rule-Application-Document\",\"RequestRuleName\":\"pzRuleFormScripts\"}" => HTTP 200 (40822 bytes)
[PegaHttpClient] 📡 POST https://zdk8budo.pegaacademy.net/prweb/api/CodeIntelligence/v1/rules/query?pxObjClass=Rule-HTML-Section&appliesTo=Rule-Application-Document&pyRuleName=pzRuleFormLayoutDelegated&RequestClass=Rule-HTML-Section&RequestAppliesTo=Rule-Application-Document&RequestRuleName=pzRuleFormLayoutDelegated Payload: "{\"RequestClass\":\"Rule-HTML-Section\",\"RequestAppliesTo\":\"Rule-Application-Document\",\"RequestRuleName\":\"pzRuleFormLayoutDelegated\"}" => HTTP 200 (70998 bytes)
[PegaHttpClient] 📡 POST https://zdk8budo.pegaacademy.net/prweb/api/CodeIntelligence/v1/rules/query?pxObjClass=Rule-HTML-Section&appliesTo=Rule-Application-Document&pyRuleName=RuleFormLayout&RequestClass=Rule-HTML-Section&RequestAppliesTo=Rule-Application-Document&RequestRuleName=RuleFormLayout Payload: "{\"RequestClass\":\"Rule-HTML-Section\",\"RequestAppliesTo\":\"Rule-Application-Document\",\"RequestRuleName\":\"RuleFormLayout\"}" => HTTP 200 (142082 bytes)
[PegaHttpClient] 📡 POST https://zdk8budo.pegaacademy.net/prweb/api/CodeIntelligence/v1/rules/query?pxObjClass=Rule-HTML-Section&appliesTo=Rule-Application-Document&pyRuleName=RuleFormSettings&RequestClass=Rule-HTML-Section&RequestAppliesTo=Rule-Application-Document&RequestRuleName=RuleFormSettings Payload: "{\"RequestClass\":\"Rule-HTML-Section\",\"RequestAppliesTo\":\"Rule-Application-Document\",\"RequestRuleName\":\"RuleFormSettings\"}" => HTTP 200 (20540 bytes)
[PegaHttpClient] 📡 POST https://zdk8budo.pegaacademy.net/prweb/api/CodeIntelligence/v1/rules/query?pxObjClass=Rule-HTML-Section&appliesTo=Rule-Application-Document&pyRuleName=OpenAuthoring&RequestClass=Rule-HTML-Section&RequestAppliesTo=Rule-Application-Document&RequestRuleName=OpenAuthoring Payload: "{\"RequestClass\":\"Rule-HTML-Section\",\"RequestAppliesTo\":\"Rule-Application-Document\",\"RequestRuleName\":\"OpenAuthoring\"}" => HTTP 200 (23695 bytes)
[PegaHttpClient] 📡 POST https://zdk8budo.pegaacademy.net/prweb/api/CodeIntelligence/v1/rules/query?pxObjClass=Rule-HTML-Section&appliesTo=Rule-Application-Document&pyRuleName=pyCustomHelp&RequestClass=Rule-HTML-Section&RequestAppliesTo=Rule-Application-Document&RequestRuleName=pyCustomHelp Payload: "{\"RequestClass\":\"Rule-HTML-Section\",\"RequestAppliesTo\":\"Rule-Application-Document\",\"RequestRuleName\":\"pyCustomHelp\"}" => HTTP 200 (17256 bytes)
[PegaHttpClient] 📡 POST https://zdk8budo.pegaacademy.net/prweb/api/CodeIntelligence/v1/rules/query?pxObjClass=Rule-HTML-Section&appliesTo=Rule-Application-Document&pyRuleName=pzRuleformMainInclude&RequestClass=Rule-HTML-Section&RequestAppliesTo=Rule-Application-Document&RequestRuleName=pzRuleformMainInclude Payload: "{\"RequestClass\":\"Rule-HTML-Section\",\"RequestAppliesTo\":\"Rule-Application-Document\",\"RequestRuleName\":\"pzRuleformMainInclude\"}" => HTTP 200 (22375 bytes)
[PegaHttpClient] 📡 POST https://zdk8budo.pegaacademy.net/prweb/api/CodeIntelligence/v1/rules/query?pxObjClass=Rule-HTML-Section&appliesTo=Rule-Application-Document&pyRuleName=pyAlternativeRuleFormStrategicAppExtension&RequestClass=Rule-HTML-Section&RequestAppliesTo=Rule-Application-Document&RequestRuleName=pyAlternativeRuleFormStrategicAppExtension Payload: "{\"RequestClass\":\"Rule-HTML-Section\",\"RequestAppliesTo\":\"Rule-Application-Document\",\"RequestRuleName\":\"pyAlternativeRuleFormStrategicAppExtension\"}" => HTTP 200 (25042 bytes)
[PegaHttpClient] 📡 POST https://zdk8budo.pegaacademy.net/prweb/api/CodeIntelligence/v1/rules/query?pxObjClass=Rule-HTML-Section&appliesTo=Rule-Application-Document&pyRuleName=pyAlternativeRuleFormExtension&RequestClass=Rule-HTML-Section&RequestAppliesTo=Rule-Application-Document&RequestRuleName=pyAlternativeRuleFormExtension Payload: "{\"RequestClass\":\"Rule-HTML-Section\",\"RequestAppliesTo\":\"Rule-Application-Document\",\"RequestRuleName\":\"pyAlternativeRuleFormExtension\"}" => HTTP 200 (24863 bytes)
[PegaHttpClient] 📡 POST https://zdk8budo.pegaacademy.net/prweb/api/CodeIntelligence/v1/rules/query?pxObjClass=Rule-HTML-Section&appliesTo=Rule-Application-Document&pyRuleName=RuleFormHeader&RequestClass=Rule-HTML-Section&RequestAppliesTo=Rule-Application-Document&RequestRuleName=RuleFormHeader Payload: "{\"RequestClass\":\"Rule-HTML-Section\",\"RequestAppliesTo\":\"Rule-Application-Document\",\"RequestRuleName\":\"RuleFormHeader\"}" => HTTP 200 (183800 bytes)
[PegaHttpClient] 📡 POST https://zdk8budo.pegaacademy.net/prweb/api/CodeIntelligence/v1/rules/query?pxObjClass=Rule-HTML-Section&appliesTo=Rule-Application-Document&pyRuleName=pzDelegationExperience&RequestClass=Rule-HTML-Section&RequestAppliesTo=Rule-Application-Document&RequestRuleName=pzDelegationExperience Payload: "{\"RequestClass\":\"Rule-HTML-Section\",\"RequestAppliesTo\":\"Rule-Application-Document\",\"RequestRuleName\":\"pzDelegationExperience\"}" => HTTP 404 (125 bytes)
[PegaHttpClient] 📡 POST https://zdk8budo.pegaacademy.net/prweb/PRRestService/CodeIntelligence/v1/rules/query?pxObjClass=Rule-HTML-Section&appliesTo=Rule-Application-Document&pyRuleName=pzDelegationExperience&RequestClass=Rule-HTML-Section&RequestAppliesTo=Rule-Application-Document&RequestRuleName=pzDelegationExperience Payload: "{\"RequestClass\":\"Rule-HTML-Section\",\"RequestAppliesTo\":\"Rule-Application-Document\",\"RequestRuleName\":\"pzDelegationExperience\"}" => HTTP 404 (125 bytes)
[PegaHttpClient] 📡 POST https://zdk8budo.pegaacademy.net/prweb/api/HRAppsV2Service/V1/rules/query?pxObjClass=Rule-HTML-Section&appliesTo=Rule-Application-Document&pyRuleName=pzDelegationExperience&RequestClass=Rule-HTML-Section&RequestAppliesTo=Rule-Application-Document&RequestRuleName=pzDelegationExperience Payload: "{\"RequestClass\":\"Rule-HTML-Section\",\"RequestAppliesTo\":\"Rule-Application-Document\",\"RequestRuleName\":\"pzDelegationExperience\"}" => HTTP 404 (18 bytes)
[PegaHttpClient] 📡 POST https://zdk8budo.pegaacademy.net/prweb/PRRestService/HRAppsV2Service/V1/rules/query?pxObjClass=Rule-HTML-Section&appliesTo=Rule-Application-Document&pyRuleName=pzDelegationExperience&RequestClass=Rule-HTML-Section&RequestAppliesTo=Rule-Application-Document&RequestRuleName=pzDelegationExperience Payload: "{\"RequestClass\":\"Rule-HTML-Section\",\"RequestAppliesTo\":\"Rule-Application-Document\",\"RequestRuleName\":\"pzDelegationExperience\"}" => HTTP 404 (18 bytes)
[PegaHttpClient] 📡 POST https://zdk8budo.pegaacademy.net/prweb/api/HRAppsV2/V1/rules/query?pxObjClass=Rule-HTML-Section&appliesTo=Rule-Application-Document&pyRuleName=pzDelegationExperience&RequestClass=Rule-HTML-Section&RequestAppliesTo=Rule-Application-Document&RequestRuleName=pzDelegationExperience Payload: "{\"RequestClass\":\"Rule-HTML-Section\",\"RequestAppliesTo\":\"Rule-Application-Document\",\"RequestRuleName\":\"pzDelegationExperience\"}" => HTTP 404 (18 bytes)
[PegaHttpClient] 📡 POST https://zdk8budo.pegaacademy.net/prweb/PRRestService/HRAppsV2/V1/rules/query?pxObjClass=Rule-HTML-Section&appliesTo=Rule-Application-Document&pyRuleName=pzDelegationExperience&RequestClass=Rule-HTML-Section&RequestAppliesTo=Rule-Application-Document&RequestRuleName=pzDelegationExperience Payload: "{\"RequestClass\":\"Rule-HTML-Section\",\"RequestAppliesTo\":\"Rule-Application-Document\",\"RequestRuleName\":\"pzDelegationExperience\"}" => HTTP 404 (18 bytes)
[PegaHttpClient] 📡 POST https://zdk8budo.pegaacademy.net/prweb/api/v1/rules/query?pxObjClass=Rule-HTML-Section&appliesTo=Rule-Application-Document&pyRuleName=pzDelegationExperience&RequestClass=Rule-HTML-Section&RequestAppliesTo=Rule-Application-Document&RequestRuleName=pzDelegationExperience Payload: "{\"RequestClass\":\"Rule-HTML-Section\",\"RequestAppliesTo\":\"Rule-Application-Document\",\"RequestRuleName\":\"pzDelegationExperience\"}" => HTTP 404 (18 bytes)
[PegaHttpClient] 📡 POST https://zdk8budo.pegaacademy.net/prweb/PRRestService/v1/rules/query?pxObjClass=Rule-HTML-Section&appliesTo=Rule-Application-Document&pyRuleName=pzDelegationExperience&RequestClass=Rule-HTML-Section&RequestAppliesTo=Rule-Application-Document&RequestRuleName=pzDelegationExperience Payload: "{\"RequestClass\":\"Rule-HTML-Section\",\"RequestAppliesTo\":\"Rule-Application-Document\",\"RequestRuleName\":\"pzDelegationExperience\"}" => HTTP 404 (18 bytes)
[PegaHttpClient] 📡 POST https://zdk8budo.pegaacademy.net/prweb/api/CodeIntelligence/v1/rules/query?pxObjClass=Rule-HTML-Section&appliesTo=Rule-Application-Document&pyRuleName=pzDefinition&RequestClass=Rule-HTML-Section&RequestAppliesTo=Rule-Application-Document&RequestRuleName=pzDefinition Payload: "{\"RequestClass\":\"Rule-HTML-Section\",\"RequestAppliesTo\":\"Rule-Application-Document\",\"RequestRuleName\":\"pzDefinition\"}" => HTTP 200 (89114 bytes)
[PegaHttpClient] 📡 POST https://zdk8budo.pegaacademy.net/prweb/api/CodeIntelligence/v1/rules/query?pxObjClass=Rule-HTML-Section&appliesTo=Rule-Application-Document&pyRuleName=pzChapterData&RequestClass=Rule-HTML-Section&RequestAppliesTo=Rule-Application-Document&RequestRuleName=pzChapterData Payload: "{\"RequestClass\":\"Rule-HTML-Section\",\"RequestAppliesTo\":\"Rule-Application-Document\",\"RequestRuleName\":\"pzChapterData\"}" => HTTP 404 (116 bytes)
[PegaHttpClient] 📡 POST https://zdk8budo.pegaacademy.net/prweb/PRRestService/CodeIntelligence/v1/rules/query?pxObjClass=Rule-HTML-Section&appliesTo=Rule-Application-Document&pyRuleName=pzChapterData&RequestClass=Rule-HTML-Section&RequestAppliesTo=Rule-Application-Document&RequestRuleName=pzChapterData Payload: "{\"RequestClass\":\"Rule-HTML-Section\",\"RequestAppliesTo\":\"Rule-Application-Document\",\"RequestRuleName\":\"pzChapterData\"}" => HTTP 404 (116 bytes)
[PegaHttpClient] 📡 POST https://zdk8budo.pegaacademy.net/prweb/api/HRAppsV2Service/V1/rules/query?pxObjClass=Rule-HTML-Section&appliesTo=Rule-Application-Document&pyRuleName=pzChapterData&RequestClass=Rule-HTML-Section&RequestAppliesTo=Rule-Application-Document&RequestRuleName=pzChapterData Payload: "{\"RequestClass\":\"Rule-HTML-Section\",\"RequestAppliesTo\":\"Rule-Application-Document\",\"RequestRuleName\":\"pzChapterData\"}" => HTTP 404 (18 bytes)
[PegaHttpClient] 📡 POST https://zdk8budo.pegaacademy.net/prweb/PRRestService/HRAppsV2Service/V1/rules/query?pxObjClass=Rule-HTML-Section&appliesTo=Rule-Application-Document&pyRuleName=pzChapterData&RequestClass=Rule-HTML-Section&RequestAppliesTo=Rule-Application-Document&RequestRuleName=pzChapterData Payload: "{\"RequestClass\":\"Rule-HTML-Section\",\"RequestAppliesTo\":\"Rule-Application-Document\",\"RequestRuleName\":\"pzChapterData\"}" => HTTP 404 (18 bytes)
[PegaHttpClient] 📡 POST https://zdk8budo.pegaacademy.net/prweb/api/HRAppsV2/V1/rules/query?pxObjClass=Rule-HTML-Section&appliesTo=Rule-Application-Document&pyRuleName=pzChapterData&RequestClass=Rule-HTML-Section&RequestAppliesTo=Rule-Application-Document&RequestRuleName=pzChapterData Payload: "{\"RequestClass\":\"Rule-HTML-Section\",\"RequestAppliesTo\":\"Rule-Application-Document\",\"RequestRuleName\":\"pzChapterData\"}" => HTTP 404 (18 bytes)
[PegaHttpClient] 📡 POST https://zdk8budo.pegaacademy.net/prweb/PRRestService/HRAppsV2/V1/rules/query?pxObjClass=Rule-HTML-Section&appliesTo=Rule-Application-Document&pyRuleName=pzChapterData&RequestClass=Rule-HTML-Section&RequestAppliesTo=Rule-Application-Document&RequestRuleName=pzChapterData Payload: "{\"RequestClass\":\"Rule-HTML-Section\",\"RequestAppliesTo\":\"Rule-Application-Document\",\"RequestRuleName\":\"pzChapterData\"}" => HTTP 404 (18 bytes)
[PegaHttpClient] 📡 POST https://zdk8budo.pegaacademy.net/prweb/api/v1/rules/query?pxObjClass=Rule-HTML-Section&appliesTo=Rule-Application-Document&pyRuleName=pzChapterData&RequestClass=Rule-HTML-Section&RequestAppliesTo=Rule-Application-Document&RequestRuleName=pzChapterData Payload: "{\"RequestClass\":\"Rule-HTML-Section\",\"RequestAppliesTo\":\"Rule-Application-Document\",\"RequestRuleName\":\"pzChapterData\"}" => HTTP 404 (18 bytes)
[PegaHttpClient] 📡 POST https://zdk8budo.pegaacademy.net/prweb/PRRestService/v1/rules/query?pxObjClass=Rule-HTML-Section&appliesTo=Rule-Application-Document&pyRuleName=pzChapterData&RequestClass=Rule-HTML-Section&RequestAppliesTo=Rule-Application-Document&RequestRuleName=pzChapterData Payload: "{\"RequestClass\":\"Rule-HTML-Section\",\"RequestAppliesTo\":\"Rule-Application-Document\",\"RequestRuleName\":\"pzChapterData\"}" => HTTP 404 (18 bytes)
[PegaHttpClient] 📡 POST https://zdk8budo.pegaacademy.net/prweb/api/CodeIntelligence/v1/rules/query?pxObjClass=Rule-HTML-Section&appliesTo=Rule-Application-Document&pyRuleName=RuleFormHistory&RequestClass=Rule-HTML-Section&RequestAppliesTo=Rule-Application-Document&RequestRuleName=RuleFormHistory Payload: "{\"RequestClass\":\"Rule-HTML-Section\",\"RequestAppliesTo\":\"Rule-Application-Document\",\"RequestRuleName\":\"RuleFormHistory\"}" => HTTP 200 (76091 bytes)
[PegaHttpClient] 📡 POST https://zdk8budo.pegaacademy.net/prweb/api/CodeIntelligence/v1/rules/query?pxObjClass=Rule-HTML-Section&appliesTo=Rule-Application-Document&pyRuleName=pzCustomHelp&RequestClass=Rule-HTML-Section&RequestAppliesTo=Rule-Application-Document&RequestRuleName=pzCustomHelp Payload: "{\"RequestClass\":\"Rule-HTML-Section\",\"RequestAppliesTo\":\"Rule-Application-Document\",\"RequestRuleName\":\"pzCustomHelp\"}" => HTTP 200 (31573 bytes)
[PegaHttpClient] 📡 POST https://zdk8budo.pegaacademy.net/prweb/api/CodeIntelligence/v1/rules/query?pxObjClass=Rule-HTML-Section&appliesTo=Rule-Application-Document&pyRuleName=pzRuleFormKeysAndDescription&RequestClass=Rule-HTML-Section&RequestAppliesTo=Rule-Application-Document&RequestRuleName=pzRuleFormKeysAndDescription Payload: "{\"RequestClass\":\"Rule-HTML-Section\",\"RequestAppliesTo\":\"Rule-Application-Document\",\"RequestRuleName\":\"pzRuleFormKeysAndDescription\"}" => HTTP 200 (218057 bytes)
[PegaHttpClient] 📡 POST https://zdk8budo.pegaacademy.net/prweb/api/CodeIntelligence/v1/rules/query?pxObjClass=Rule-HTML-Section&appliesTo=Rule-Application-Document&pyRuleName=pzRuleFormRuleset&RequestClass=Rule-HTML-Section&RequestAppliesTo=Rule-Application-Document&RequestRuleName=pzRuleFormRuleset Payload: "{\"RequestClass\":\"Rule-HTML-Section\",\"RequestAppliesTo\":\"Rule-Application-Document\",\"RequestRuleName\":\"pzRuleFormRuleset\"}" => HTTP 200 (33985 bytes)
[PegaHttpClient] 📡 POST https://zdk8budo.pegaacademy.net/prweb/api/CodeIntelligence/v1/rules/query?pxObjClass=Rule-HTML-Section&appliesTo=Rule-Application-Document&pyRuleName=undefined&RequestClass=Rule-HTML-Section&RequestAppliesTo=Rule-Application-Document&RequestRuleName=undefined Payload: "{\"RequestClass\":\"Rule-HTML-Section\",\"RequestAppliesTo\":\"Rule-Application-Document\",\"RequestRuleName\":\"undefined\"}" => HTTP 404 (112 bytes)
[PegaHttpClient] 📡 POST https://zdk8budo.pegaacademy.net/prweb/PRRestService/CodeIntelligence/v1/rules/query?pxObjClass=Rule-HTML-Section&appliesTo=Rule-Application-Document&pyRuleName=undefined&RequestClass=Rule-HTML-Section&RequestAppliesTo=Rule-Application-Document&RequestRuleName=undefined Payload: "{\"RequestClass\":\"Rule-HTML-Section\",\"RequestAppliesTo\":\"Rule-Application-Document\",\"RequestRuleName\":\"undefined\"}" => HTTP 404 (112 bytes)
[PegaHttpClient] 📡 POST https://zdk8budo.pegaacademy.net/prweb/api/HRAppsV2Service/V1/rules/query?pxObjClass=Rule-HTML-Section&appliesTo=Rule-Application-Document&pyRuleName=undefined&RequestClass=Rule-HTML-Section&RequestAppliesTo=Rule-Application-Document&RequestRuleName=undefined Payload: "{\"RequestClass\":\"Rule-HTML-Section\",\"RequestAppliesTo\":\"Rule-Application-Document\",\"RequestRuleName\":\"undefined\"}" => HTTP 404 (18 bytes)
[PegaHttpClient] 📡 POST https://zdk8budo.pegaacademy.net/prweb/PRRestService/HRAppsV2Service/V1/rules/query?pxObjClass=Rule-HTML-Section&appliesTo=Rule-Application-Document&pyRuleName=undefined&RequestClass=Rule-HTML-Section&RequestAppliesTo=Rule-Application-Document&RequestRuleName=undefined Payload: "{\"RequestClass\":\"Rule-HTML-Section\",\"RequestAppliesTo\":\"Rule-Application-Document\",\"RequestRuleName\":\"undefined\"}" => HTTP 404 (18 bytes)
[PegaHttpClient] 📡 POST https://zdk8budo.pegaacademy.net/prweb/api/HRAppsV2/V1/rules/query?pxObjClass=Rule-HTML-Section&appliesTo=Rule-Application-Document&pyRuleName=undefined&RequestClass=Rule-HTML-Section&RequestAppliesTo=Rule-Application-Document&RequestRuleName=undefined Payload: "{\"RequestClass\":\"Rule-HTML-Section\",\"RequestAppliesTo\":\"Rule-Application-Document\",\"RequestRuleName\":\"undefined\"}" => HTTP 404 (18 bytes)
[PegaHttpClient] 📡 POST https://zdk8budo.pegaacademy.net/prweb/PRRestService/HRAppsV2/V1/rules/query?pxObjClass=Rule-HTML-Section&appliesTo=Rule-Application-Document&pyRuleName=undefined&RequestClass=Rule-HTML-Section&RequestAppliesTo=Rule-Application-Document&RequestRuleName=undefined Payload: "{\"RequestClass\":\"Rule-HTML-Section\",\"RequestAppliesTo\":\"Rule-Application-Document\",\"RequestRuleName\":\"undefined\"}" => HTTP 404 (18 bytes)
[PegaHttpClient] 📡 POST https://zdk8budo.pegaacademy.net/prweb/api/v1/rules/query?pxObjClass=Rule-HTML-Section&appliesTo=Rule-Application-Document&pyRuleName=undefined&RequestClass=Rule-HTML-Section&RequestAppliesTo=Rule-Application-Document&RequestRuleName=undefined Payload: "{\"RequestClass\":\"Rule-HTML-Section\",\"RequestAppliesTo\":\"Rule-Application-Document\",\"RequestRuleName\":\"undefined\"}" => HTTP 404 (18 bytes)
[PegaHttpClient] 📡 POST https://zdk8budo.pegaacademy.net/prweb/PRRestService/v1/rules/query?pxObjClass=Rule-HTML-Section&appliesTo=Rule-Application-Document&pyRuleName=undefined&RequestClass=Rule-HTML-Section&RequestAppliesTo=Rule-Application-Document&RequestRuleName=undefined Payload: "{\"RequestClass\":\"Rule-HTML-Section\",\"RequestAppliesTo\":\"Rule-Application-Document\",\"RequestRuleName\":\"undefined\"}" => HTTP 404 (18 bytes)
[PegaHttpClient] 📡 POST https://zdk8budo.pegaacademy.net/prweb/api/CodeIntelligence/v1/rules/query?pxObjClass=Rule-HTML-Section&appliesTo=Rule-Application-Document&pyRuleName=pzRuleFormToolbar&RequestClass=Rule-HTML-Section&RequestAppliesTo=Rule-Application-Document&RequestRuleName=pzRuleFormToolbar Payload: "{\"RequestClass\":\"Rule-HTML-Section\",\"RequestAppliesTo\":\"Rule-Application-Document\",\"RequestRuleName\":\"pzRuleFormToolbar\"}" => HTTP 200 (242691 bytes)
[PegaHttpClient] 📡 POST https://zdk8budo.pegaacademy.net/prweb/api/CodeIntelligence/v1/rules/query?pxObjClass=Rule-HTML-Section&appliesTo=Rule-Application-Document&pyRuleName=pzRuleFormToolbarCompare&RequestClass=Rule-HTML-Section&RequestAppliesTo=Rule-Application-Document&RequestRuleName=pzRuleFormToolbarCompare Payload: "{\"RequestClass\":\"Rule-HTML-Section\",\"RequestAppliesTo\":\"Rule-Application-Document\",\"RequestRuleName\":\"pzRuleFormToolbarCompare\"}" => HTTP 200 (61925 bytes)
[PegaHttpClient] 📡 POST https://zdk8budo.pegaacademy.net/prweb/api/CodeIntelligence/v1/rules/query?pxObjClass=Rule-HTML-Section&appliesTo=Rule-Application-Document&pyRuleName=RuleFormHeaderMessages&RequestClass=Rule-HTML-Section&RequestAppliesTo=Rule-Application-Document&RequestRuleName=RuleFormHeaderMessages Payload: "{\"RequestClass\":\"Rule-HTML-Section\",\"RequestAppliesTo\":\"Rule-Application-Document\",\"RequestRuleName\":\"RuleFormHeaderMessages\"}" => HTTP 200 (26518 bytes)
[PegaHttpClient] 📡 POST https://zdk8budo.pegaacademy.net/prweb/api/CodeIntelligence/v1/rules/query?pxObjClass=Rule-HTML-Section&appliesTo=Rule-Application-Document&pyRuleName=pzChapterData&RequestClass=Rule-HTML-Section&RequestAppliesTo=Rule-Application-Document&RequestRuleName=pzChapterData Payload: "{\"RequestClass\":\"Rule-HTML-Section\",\"RequestAppliesTo\":\"Rule-Application-Document\",\"RequestRuleName\":\"pzChapterData\"}" => HTTP 404 (116 bytes)
[PegaHttpClient] 📡 POST https://zdk8budo.pegaacademy.net/prweb/PRRestService/CodeIntelligence/v1/rules/query?pxObjClass=Rule-HTML-Section&appliesTo=Rule-Application-Document&pyRuleName=pzChapterData&RequestClass=Rule-HTML-Section&RequestAppliesTo=Rule-Application-Document&RequestRuleName=pzChapterData Payload: "{\"RequestClass\":\"Rule-HTML-Section\",\"RequestAppliesTo\":\"Rule-Application-Document\",\"RequestRuleName\":\"pzChapterData\"}" => HTTP 404 (116 bytes)
[PegaHttpClient] 📡 POST https://zdk8budo.pegaacademy.net/prweb/api/HRAppsV2Service/V1/rules/query?pxObjClass=Rule-HTML-Section&appliesTo=Rule-Application-Document&pyRuleName=pzChapterData&RequestClass=Rule-HTML-Section&RequestAppliesTo=Rule-Application-Document&RequestRuleName=pzChapterData Payload: "{\"RequestClass\":\"Rule-HTML-Section\",\"RequestAppliesTo\":\"Rule-Application-Document\",\"RequestRuleName\":\"pzChapterData\"}" => HTTP 404 (18 bytes)
[PegaHttpClient] 📡 POST https://zdk8budo.pegaacademy.net/prweb/PRRestService/HRAppsV2Service/V1/rules/query?pxObjClass=Rule-HTML-Section&appliesTo=Rule-Application-Document&pyRuleName=pzChapterData&RequestClass=Rule-HTML-Section&RequestAppliesTo=Rule-Application-Document&RequestRuleName=pzChapterData Payload: "{\"RequestClass\":\"Rule-HTML-Section\",\"RequestAppliesTo\":\"Rule-Application-Document\",\"RequestRuleName\":\"pzChapterData\"}" => HTTP 404 (18 bytes)
[PegaHttpClient] 📡 POST https://zdk8budo.pegaacademy.net/prweb/api/HRAppsV2/V1/rules/query?pxObjClass=Rule-HTML-Section&appliesTo=Rule-Application-Document&pyRuleName=pzChapterData&RequestClass=Rule-HTML-Section&RequestAppliesTo=Rule-Application-Document&RequestRuleName=pzChapterData Payload: "{\"RequestClass\":\"Rule-HTML-Section\",\"RequestAppliesTo\":\"Rule-Application-Document\",\"RequestRuleName\":\"pzChapterData\"}" => HTTP 404 (18 bytes)
[PegaHttpClient] 📡 POST https://zdk8budo.pegaacademy.net/prweb/PRRestService/HRAppsV2/V1/rules/query?pxObjClass=Rule-HTML-Section&appliesTo=Rule-Application-Document&pyRuleName=pzChapterData&RequestClass=Rule-HTML-Section&RequestAppliesTo=Rule-Application-Document&RequestRuleName=pzChapterData Payload: "{\"RequestClass\":\"Rule-HTML-Section\",\"RequestAppliesTo\":\"Rule-Application-Document\",\"RequestRuleName\":\"pzChapterData\"}" => HTTP 404 (18 bytes)
[PegaHttpClient] 📡 POST https://zdk8budo.pegaacademy.net/prweb/api/v1/rules/query?pxObjClass=Rule-HTML-Section&appliesTo=Rule-Application-Document&pyRuleName=pzChapterData&RequestClass=Rule-HTML-Section&RequestAppliesTo=Rule-Application-Document&RequestRuleName=pzChapterData Payload: "{\"RequestClass\":\"Rule-HTML-Section\",\"RequestAppliesTo\":\"Rule-Application-Document\",\"RequestRuleName\":\"pzChapterData\"}" => HTTP 404 (18 bytes)
[PegaHttpClient] 📡 POST https://zdk8budo.pegaacademy.net/prweb/PRRestService/v1/rules/query?pxObjClass=Rule-HTML-Section&appliesTo=Rule-Application-Document&pyRuleName=pzChapterData&RequestClass=Rule-HTML-Section&RequestAppliesTo=Rule-Application-Document&RequestRuleName=pzChapterData Payload: "{\"RequestClass\":\"Rule-HTML-Section\",\"RequestAppliesTo\":\"Rule-Application-Document\",\"RequestRuleName\":\"pzChapterData\"}" => HTTP 404 (18 bytes)
[PegaHttpClient] 📡 POST https://zdk8budo.pegaacademy.net/prweb/api/CodeIntelligence/v1/rules/query?pxObjClass=Rule-HTML-Section&appliesTo=Rule-Application-Document&pyRuleName=pzAlternateRuleInfo&RequestClass=Rule-HTML-Section&RequestAppliesTo=Rule-Application-Document&RequestRuleName=pzAlternateRuleInfo Payload: "{\"RequestClass\":\"Rule-HTML-Section\",\"RequestAppliesTo\":\"Rule-Application-Document\",\"RequestRuleName\":\"pzAlternateRuleInfo\"}" => HTTP 200 (140407 bytes)
[PegaHttpClient] 📡 POST https://zdk8budo.pegaacademy.net/prweb/api/CodeIntelligence/v1/rules/query?pxObjClass=Rule-HTML-Section&appliesTo=Rule-Application-Document&pyRuleName=RuleFormHistory_Description&RequestClass=Rule-HTML-Section&RequestAppliesTo=Rule-Application-Document&RequestRuleName=RuleFormHistory_Description Payload: "{\"RequestClass\":\"Rule-HTML-Section\",\"RequestAppliesTo\":\"Rule-Application-Document\",\"RequestRuleName\":\"RuleFormHistory_Description\"}" => HTTP 200 (46242 bytes)
[PegaHttpClient] 📡 POST https://zdk8budo.pegaacademy.net/prweb/api/CodeIntelligence/v1/rules/query?pxObjClass=Rule-HTML-Section&appliesTo=Rule-Application-Document&pyRuleName=RuleFormHistory_CustomFields&RequestClass=Rule-HTML-Section&RequestAppliesTo=Rule-Application-Document&RequestRuleName=RuleFormHistory_CustomFields Payload: "{\"RequestClass\":\"Rule-HTML-Section\",\"RequestAppliesTo\":\"Rule-Application-Document\",\"RequestRuleName\":\"RuleFormHistory_CustomFields\"}" => HTTP 200 (75856 bytes)
[PegaHttpClient] 📡 POST https://zdk8budo.pegaacademy.net/prweb/api/CodeIntelligence/v1/rules/query?pxObjClass=Rule-HTML-Section&appliesTo=Rule-Application-Document&pyRuleName=RuleFormHistory_HistoryDetails&RequestClass=Rule-HTML-Section&RequestAppliesTo=Rule-Application-Document&RequestRuleName=RuleFormHistory_HistoryDetails Payload: "{\"RequestClass\":\"Rule-HTML-Section\",\"RequestAppliesTo\":\"Rule-Application-Document\",\"RequestRuleName\":\"RuleFormHistory_HistoryDetails\"}" => HTTP 200 (179535 bytes)
[PegaHttpClient] 📡 POST https://zdk8budo.pegaacademy.net/prweb/api/CodeIntelligence/v1/rules/query?pxObjClass=Rule-HTML-Section&appliesTo=Rule-Application-Document&pyRuleName=pzRuleFormStatus&RequestClass=Rule-HTML-Section&RequestAppliesTo=Rule-Application-Document&RequestRuleName=pzRuleFormStatus Payload: "{\"RequestClass\":\"Rule-HTML-Section\",\"RequestAppliesTo\":\"Rule-Application-Document\",\"RequestRuleName\":\"pzRuleFormStatus\"}" => HTTP 200 (97627 bytes)
[PegaHttpClient] 📡 POST https://zdk8budo.pegaacademy.net/prweb/api/CodeIntelligence/v1/rules/query?pxObjClass=Rule-HTML-Section&appliesTo=Rule-Application-Document&pyRuleName=pzRuleFormHeaderCompareWithDropDown&RequestClass=Rule-HTML-Section&RequestAppliesTo=Rule-Application-Document&RequestRuleName=pzRuleFormHeaderCompareWithDropDown Payload: "{\"RequestClass\":\"Rule-HTML-Section\",\"RequestAppliesTo\":\"Rule-Application-Document\",\"RequestRuleName\":\"pzRuleFormHeaderCompareWithDropDown\"}" => HTTP 200 (25396 bytes)
[PegaHttpClient] 📡 POST https://zdk8budo.pegaacademy.net/prweb/api/CodeIntelligence/v1/rules/query?pxObjClass=Rule-HTML-Section&appliesTo=Rule-Application-Document&pyRuleName=undefined&RequestClass=Rule-HTML-Section&RequestAppliesTo=Rule-Application-Document&RequestRuleName=undefined Payload: "{\"RequestClass\":\"Rule-HTML-Section\",\"RequestAppliesTo\":\"Rule-Application-Document\",\"RequestRuleName\":\"undefined\"}" => HTTP 404 (112 bytes)
[PegaHttpClient] 📡 POST https://zdk8budo.pegaacademy.net/prweb/PRRestService/CodeIntelligence/v1/rules/query?pxObjClass=Rule-HTML-Section&appliesTo=Rule-Application-Document&pyRuleName=undefined&RequestClass=Rule-HTML-Section&RequestAppliesTo=Rule-Application-Document&RequestRuleName=undefined Payload: "{\"RequestClass\":\"Rule-HTML-Section\",\"RequestAppliesTo\":\"Rule-Application-Document\",\"RequestRuleName\":\"undefined\"}" => HTTP 404 (112 bytes)
[PegaHttpClient] 📡 POST https://zdk8budo.pegaacademy.net/prweb/api/HRAppsV2Service/V1/rules/query?pxObjClass=Rule-HTML-Section&appliesTo=Rule-Application-Document&pyRuleName=undefined&RequestClass=Rule-HTML-Section&RequestAppliesTo=Rule-Application-Document&RequestRuleName=undefined Payload: "{\"RequestClass\":\"Rule-HTML-Section\",\"RequestAppliesTo\":\"Rule-Application-Document\",\"RequestRuleName\":\"undefined\"}" => HTTP 404 (18 bytes)
[PegaHttpClient] 📡 POST https://zdk8budo.pegaacademy.net/prweb/PRRestService/HRAppsV2Service/V1/rules/query?pxObjClass=Rule-HTML-Section&appliesTo=Rule-Application-Document&pyRuleName=undefined&RequestClass=Rule-HTML-Section&RequestAppliesTo=Rule-Application-Document&RequestRuleName=undefined Payload: "{\"RequestClass\":\"Rule-HTML-Section\",\"RequestAppliesTo\":\"Rule-Application-Document\",\"RequestRuleName\":\"undefined\"}" => HTTP 404 (18 bytes)
[PegaHttpClient] 📡 POST https://zdk8budo.pegaacademy.net/prweb/api/HRAppsV2/V1/rules/query?pxObjClass=Rule-HTML-Section&appliesTo=Rule-Application-Document&pyRuleName=undefined&RequestClass=Rule-HTML-Section&RequestAppliesTo=Rule-Application-Document&RequestRuleName=undefined Payload: "{\"RequestClass\":\"Rule-HTML-Section\",\"RequestAppliesTo\":\"Rule-Application-Document\",\"RequestRuleName\":\"undefined\"}" => HTTP 404 (18 bytes)
[PegaHttpClient] 📡 POST https://zdk8budo.pegaacademy.net/prweb/PRRestService/HRAppsV2/V1/rules/query?pxObjClass=Rule-HTML-Section&appliesTo=Rule-Application-Document&pyRuleName=undefined&RequestClass=Rule-HTML-Section&RequestAppliesTo=Rule-Application-Document&RequestRuleName=undefined Payload: "{\"RequestClass\":\"Rule-HTML-Section\",\"RequestAppliesTo\":\"Rule-Application-Document\",\"RequestRuleName\":\"undefined\"}" => HTTP 404 (18 bytes)
[PegaHttpClient] 📡 POST https://zdk8budo.pegaacademy.net/prweb/api/v1/rules/query?pxObjClass=Rule-HTML-Section&appliesTo=Rule-Application-Document&pyRuleName=undefined&RequestClass=Rule-HTML-Section&RequestAppliesTo=Rule-Application-Document&RequestRuleName=undefined Payload: "{\"RequestClass\":\"Rule-HTML-Section\",\"RequestAppliesTo\":\"Rule-Application-Document\",\"RequestRuleName\":\"undefined\"}" => HTTP 404 (18 bytes)
[PegaHttpClient] 📡 POST https://zdk8budo.pegaacademy.net/prweb/PRRestService/v1/rules/query?pxObjClass=Rule-HTML-Section&appliesTo=Rule-Application-Document&pyRuleName=undefined&RequestClass=Rule-HTML-Section&RequestAppliesTo=Rule-Application-Document&RequestRuleName=undefined Payload: "{\"RequestClass\":\"Rule-HTML-Section\",\"RequestAppliesTo\":\"Rule-Application-Document\",\"RequestRuleName\":\"undefined\"}" => HTTP 404 (18 bytes)
[PegaHttpClient] 📡 POST https://zdk8budo.pegaacademy.net/prweb/api/CodeIntelligence/v1/rules/query?pxObjClass=Rule-HTML-Section&appliesTo=Rule-Application-Document&pyRuleName=pzRuleFormToolbarHotKeys&RequestClass=Rule-HTML-Section&RequestAppliesTo=Rule-Application-Document&RequestRuleName=pzRuleFormToolbarHotKeys Payload: "{\"RequestClass\":\"Rule-HTML-Section\",\"RequestAppliesTo\":\"Rule-Application-Document\",\"RequestRuleName\":\"pzRuleFormToolbarHotKeys\"}" => HTTP 200 (85058 bytes)
[PegaHttpClient] 📡 POST https://zdk8budo.pegaacademy.net/prweb/api/CodeIntelligence/v1/rules/query?pxObjClass=Rule-HTML-Section&appliesTo=Rule-Application-Document&pyRuleName=pzRuleFormToolbarLockedIcon&RequestClass=Rule-HTML-Section&RequestAppliesTo=Rule-Application-Document&RequestRuleName=pzRuleFormToolbarLockedIcon Payload: "{\"RequestClass\":\"Rule-HTML-Section\",\"RequestAppliesTo\":\"Rule-Application-Document\",\"RequestRuleName\":\"pzRuleFormToolbarLockedIcon\"}" => HTTP 200 (24898 bytes)
[PegaHttpClient] 📡 POST https://zdk8budo.pegaacademy.net/prweb/api/CodeIntelligence/v1/rules/query?pxObjClass=Rule-HTML-Section&appliesTo=Rule-Application-Document&pyRuleName=pzRuleFormToolbarCollaborators&RequestClass=Rule-HTML-Section&RequestAppliesTo=Rule-Application-Document&RequestRuleName=pzRuleFormToolbarCollaborators Payload: "{\"RequestClass\":\"Rule-HTML-Section\",\"RequestAppliesTo\":\"Rule-Application-Document\",\"RequestRuleName\":\"pzRuleFormToolbarCollaborators\"}" => HTTP 200 (15254 bytes)
[PegaHttpClient] 📡 POST https://zdk8budo.pegaacademy.net/prweb/api/CodeIntelligence/v1/rules/query?pxObjClass=Rule-HTML-Section&appliesTo=Rule-Application-Document&pyRuleName=pzRuleFormToolbarSaveAs&RequestClass=Rule-HTML-Section&RequestAppliesTo=Rule-Application-Document&RequestRuleName=pzRuleFormToolbarSaveAs Payload: "{\"RequestClass\":\"Rule-HTML-Section\",\"RequestAppliesTo\":\"Rule-Application-Document\",\"RequestRuleName\":\"pzRuleFormToolbarSaveAs\"}" => HTTP 200 (64084 bytes)
[PegaHttpClient] 📡 POST https://zdk8budo.pegaacademy.net/prweb/api/CodeIntelligence/v1/rules/query?pxObjClass=Rule-HTML-Section&appliesTo=Rule-Application-Document&pyRuleName=pzRuleFormToolbarCheckin&RequestClass=Rule-HTML-Section&RequestAppliesTo=Rule-Application-Document&RequestRuleName=pzRuleFormToolbarCheckin Payload: "{\"RequestClass\":\"Rule-HTML-Section\",\"RequestAppliesTo\":\"Rule-Application-Document\",\"RequestRuleName\":\"pzRuleFormToolbarCheckin\"}" => HTTP 200 (119096 bytes)
[PegaHttpClient] 📡 POST https://zdk8budo.pegaacademy.net/prweb/api/CodeIntelligence/v1/rules/query?pxObjClass=Rule-HTML-Section&appliesTo=Rule-Application-Document&pyRuleName=pzRuleFormToolbarDelete&RequestClass=Rule-HTML-Section&RequestAppliesTo=Rule-Application-Document&RequestRuleName=pzRuleFormToolbarDelete Payload: "{\"RequestClass\":\"Rule-HTML-Section\",\"RequestAppliesTo\":\"Rule-Application-Document\",\"RequestRuleName\":\"pzRuleFormToolbarDelete\"}" => HTTP 200 (30249 bytes)
[PegaHttpClient] 📡 POST https://zdk8budo.pegaacademy.net/prweb/api/CodeIntelligence/v1/rules/query?pxObjClass=Rule-HTML-Section&appliesTo=Rule-Application-Document&pyRuleName=pzRuleFormToolbarSave&RequestClass=Rule-HTML-Section&RequestAppliesTo=Rule-Application-Document&RequestRuleName=pzRuleFormToolbarSave Payload: "{\"RequestClass\":\"Rule-HTML-Section\",\"RequestAppliesTo\":\"Rule-Application-Document\",\"RequestRuleName\":\"pzRuleFormToolbarSave\"}" => HTTP 200 (293885 bytes)
[PegaHttpClient] 📡 POST https://zdk8budo.pegaacademy.net/prweb/api/CodeIntelligence/v1/rules/query?pxObjClass=Rule-HTML-Section&appliesTo=Rule-Application-Document&pyRuleName=pzRuleFormToolbarCheckout&RequestClass=Rule-HTML-Section&RequestAppliesTo=Rule-Application-Document&RequestRuleName=pzRuleFormToolbarCheckout Payload: "{\"RequestClass\":\"Rule-HTML-Section\",\"RequestAppliesTo\":\"Rule-Application-Document\",\"RequestRuleName\":\"pzRuleFormToolbarCheckout\"}" => HTTP 200 (238148 bytes)
[PegaHttpClient] 📡 POST https://zdk8budo.pegaacademy.net/prweb/api/CodeIntelligence/v1/rules/query?pxObjClass=Rule-HTML-Section&appliesTo=Rule-Application-Document&pyRuleName=pzRemoveErrorsDataPage&RequestClass=Rule-HTML-Section&RequestAppliesTo=Rule-Application-Document&RequestRuleName=pzRemoveErrorsDataPage Payload: "{\"RequestClass\":\"Rule-HTML-Section\",\"RequestAppliesTo\":\"Rule-Application-Document\",\"RequestRuleName\":\"pzRemoveErrorsDataPage\"}" => HTTP 200 (16733 bytes)
[PegaHttpClient] 📡 POST https://zdk8budo.pegaacademy.net/prweb/api/CodeIntelligence/v1/rules/query?pxObjClass=Rule-HTML-Section&appliesTo=Rule-Application-Document&pyRuleName=pzRuleFormHeaderMessagesWrapper&RequestClass=Rule-HTML-Section&RequestAppliesTo=Rule-Application-Document&RequestRuleName=pzRuleFormHeaderMessagesWrapper Payload: "{\"RequestClass\":\"Rule-HTML-Section\",\"RequestAppliesTo\":\"Rule-Application-Document\",\"RequestRuleName\":\"pzRuleFormHeaderMessagesWrapper\"}" => HTTP 200 (16981 bytes)
[PegaHttpClient] 📡 POST https://zdk8budo.pegaacademy.net/prweb/api/CodeIntelligence/v1/rules/query?pxObjClass=Rule-HTML-Section&appliesTo=Rule-Application-Document&pyRuleName=pzScm_RuleHistory&RequestClass=Rule-HTML-Section&RequestAppliesTo=Rule-Application-Document&RequestRuleName=pzScm_RuleHistory Payload: "{\"RequestClass\":\"Rule-HTML-Section\",\"RequestAppliesTo\":\"Rule-Application-Document\",\"RequestRuleName\":\"pzScm_RuleHistory\"}" => HTTP 200 (14682 bytes)
[PegaHttpClient] 📡 POST https://zdk8budo.pegaacademy.net/prweb/api/CodeIntelligence/v1/rules/query?pxObjClass=Rule-HTML-Section&appliesTo=Rule-Application-Document&pyRuleName=pxDisplayCollaborators&RequestClass=Rule-HTML-Section&RequestAppliesTo=Rule-Application-Document&RequestRuleName=pxDisplayCollaborators Payload: "{\"RequestClass\":\"Rule-HTML-Section\",\"RequestAppliesTo\":\"Rule-Application-Document\",\"RequestRuleName\":\"pxDisplayCollaborators\"}" => HTTP 200 (94171 bytes)
[PegaHttpClient] 📡 POST https://zdk8budo.pegaacademy.net/prweb/api/CodeIntelligence/v1/rules/query?pxObjClass=Rule-HTML-Section&appliesTo=Rule-Application-Document&pyRuleName=pzRuleFormToolbarDeleteCheckOut&RequestClass=Rule-HTML-Section&RequestAppliesTo=Rule-Application-Document&RequestRuleName=pzRuleFormToolbarDeleteCheckOut Payload: "{\"RequestClass\":\"Rule-HTML-Section\",\"RequestAppliesTo\":\"Rule-Application-Document\",\"RequestRuleName\":\"pzRuleFormToolbarDeleteCheckOut\"}" => HTTP 200 (29433 bytes)
[PegaHttpClient] 📡 POST https://zdk8budo.pegaacademy.net/prweb/api/CodeIntelligence/v1/rules/query?pxObjClass=Rule-HTML-Section&appliesTo=Rule-Application-Document&pyRuleName=pzRuleFormToolbarDeleteRule&RequestClass=Rule-HTML-Section&RequestAppliesTo=Rule-Application-Document&RequestRuleName=pzRuleFormToolbarDeleteRule Payload: "{\"RequestClass\":\"Rule-HTML-Section\",\"RequestAppliesTo\":\"Rule-Application-Document\",\"RequestRuleName\":\"pzRuleFormToolbarDeleteRule\"}" => HTTP 200 (32314 bytes)
[PegaHttpClient] 📡 POST https://zdk8budo.pegaacademy.net/prweb/api/CodeIntelligence/v1/rules/query?pxObjClass=Rule-HTML-Section&appliesTo=Rule-Application-Document&pyRuleName=pzLoadCollaborationScripts&RequestClass=Rule-HTML-Section&RequestAppliesTo=Rule-Application-Document&RequestRuleName=pzLoadCollaborationScripts Payload: "{\"RequestClass\":\"Rule-HTML-Section\",\"RequestAppliesTo\":\"Rule-Application-Document\",\"RequestRuleName\":\"pzLoadCollaborationScripts\"}" => HTTP 200 (23453 bytes)
[PegaHttpClient] 📡 POST https://zdk8budo.pegaacademy.net/prweb/api/CodeIntelligence/v1/rules/query?pxObjClass=Rule-HTML-Section&appliesTo=Rule-Application-Document&pyRuleName=pzDisplayCollaboratorsList&RequestClass=Rule-HTML-Section&RequestAppliesTo=Rule-Application-Document&RequestRuleName=pzDisplayCollaboratorsList Payload: "{\"RequestClass\":\"Rule-HTML-Section\",\"RequestAppliesTo\":\"Rule-Application-Document\",\"RequestRuleName\":\"pzDisplayCollaboratorsList\"}" => HTTP 200 (105418 bytes)
[PegaHttpClient] 📡 POST https://zdk8budo.pegaacademy.net/prweb/api/CodeIntelligence/v1/rules/query?pxObjClass=Rule-HTML-Section&appliesTo=Rule-Application-Document&pyRuleName=pyCollaborator&RequestClass=Rule-HTML-Section&RequestAppliesTo=Rule-Application-Document&RequestRuleName=pyCollaborator Payload: "{\"RequestClass\":\"Rule-HTML-Section\",\"RequestAppliesTo\":\"Rule-Application-Document\",\"RequestRuleName\":\"pyCollaborator\"}" => HTTP 404 (117 bytes)
[PegaHttpClient] 📡 POST https://zdk8budo.pegaacademy.net/prweb/PRRestService/CodeIntelligence/v1/rules/query?pxObjClass=Rule-HTML-Section&appliesTo=Rule-Application-Document&pyRuleName=pyCollaborator&RequestClass=Rule-HTML-Section&RequestAppliesTo=Rule-Application-Document&RequestRuleName=pyCollaborator Payload: "{\"RequestClass\":\"Rule-HTML-Section\",\"RequestAppliesTo\":\"Rule-Application-Document\",\"RequestRuleName\":\"pyCollaborator\"}" => HTTP 404 (117 bytes)
[PegaHttpClient] 📡 POST https://zdk8budo.pegaacademy.net/prweb/api/HRAppsV2Service/V1/rules/query?pxObjClass=Rule-HTML-Section&appliesTo=Rule-Application-Document&pyRuleName=pyCollaborator&RequestClass=Rule-HTML-Section&RequestAppliesTo=Rule-Application-Document&RequestRuleName=pyCollaborator Payload: "{\"RequestClass\":\"Rule-HTML-Section\",\"RequestAppliesTo\":\"Rule-Application-Document\",\"RequestRuleName\":\"pyCollaborator\"}" => HTTP 404 (18 bytes)
[PegaHttpClient] 📡 POST https://zdk8budo.pegaacademy.net/prweb/PRRestService/HRAppsV2Service/V1/rules/query?pxObjClass=Rule-HTML-Section&appliesTo=Rule-Application-Document&pyRuleName=pyCollaborator&RequestClass=Rule-HTML-Section&RequestAppliesTo=Rule-Application-Document&RequestRuleName=pyCollaborator Payload: "{\"RequestClass\":\"Rule-HTML-Section\",\"RequestAppliesTo\":\"Rule-Application-Document\",\"RequestRuleName\":\"pyCollaborator\"}" => HTTP 404 (18 bytes)
[PegaHttpClient] 📡 POST https://zdk8budo.pegaacademy.net/prweb/api/HRAppsV2/V1/rules/query?pxObjClass=Rule-HTML-Section&appliesTo=Rule-Application-Document&pyRuleName=pyCollaborator&RequestClass=Rule-HTML-Section&RequestAppliesTo=Rule-Application-Document&RequestRuleName=pyCollaborator Payload: "{\"RequestClass\":\"Rule-HTML-Section\",\"RequestAppliesTo\":\"Rule-Application-Document\",\"RequestRuleName\":\"pyCollaborator\"}" => HTTP 404 (18 bytes)
[PegaHttpClient] 📡 POST https://zdk8budo.pegaacademy.net/prweb/PRRestService/HRAppsV2/V1/rules/query?pxObjClass=Rule-HTML-Section&appliesTo=Rule-Application-Document&pyRuleName=pyCollaborator&RequestClass=Rule-HTML-Section&RequestAppliesTo=Rule-Application-Document&RequestRuleName=pyCollaborator Payload: "{\"RequestClass\":\"Rule-HTML-Section\",\"RequestAppliesTo\":\"Rule-Application-Document\",\"RequestRuleName\":\"pyCollaborator\"}" => HTTP 404 (18 bytes)
[PegaHttpClient] 📡 POST https://zdk8budo.pegaacademy.net/prweb/api/v1/rules/query?pxObjClass=Rule-HTML-Section&appliesTo=Rule-Application-Document&pyRuleName=pyCollaborator&RequestClass=Rule-HTML-Section&RequestAppliesTo=Rule-Application-Document&RequestRuleName=pyCollaborator Payload: "{\"RequestClass\":\"Rule-HTML-Section\",\"RequestAppliesTo\":\"Rule-Application-Document\",\"RequestRuleName\":\"pyCollaborator\"}" => HTTP 404 (18 bytes)
[PegaHttpClient] 📡 POST https://zdk8budo.pegaacademy.net/prweb/PRRestService/v1/rules/query?pxObjClass=Rule-HTML-Section&appliesTo=Rule-Application-Document&pyRuleName=pyCollaborator&RequestClass=Rule-HTML-Section&RequestAppliesTo=Rule-Application-Document&RequestRuleName=pyCollaborator Payload: "{\"RequestClass\":\"Rule-HTML-Section\",\"RequestAppliesTo\":\"Rule-Application-Document\",\"RequestRuleName\":\"pyCollaborator\"}" => HTTP 404 (18 bytes)
[PegaHttpClient] 📡 POST https://zdk8budo.pegaacademy.net/prweb/api/CodeIntelligence/v1/rules/query?pxObjClass=Rule-HTML-Section&appliesTo=Rule-Application-Document&pyRuleName=pzDisplayPartialCount&RequestClass=Rule-HTML-Section&RequestAppliesTo=Rule-Application-Document&RequestRuleName=pzDisplayPartialCount Payload: "{\"RequestClass\":\"Rule-HTML-Section\",\"RequestAppliesTo\":\"Rule-Application-Document\",\"RequestRuleName\":\"pzDisplayPartialCount\"}" => HTTP 404 (124 bytes)
[PegaHttpClient] 📡 POST https://zdk8budo.pegaacademy.net/prweb/PRRestService/CodeIntelligence/v1/rules/query?pxObjClass=Rule-HTML-Section&appliesTo=Rule-Application-Document&pyRuleName=pzDisplayPartialCount&RequestClass=Rule-HTML-Section&RequestAppliesTo=Rule-Application-Document&RequestRuleName=pzDisplayPartialCount Payload: "{\"RequestClass\":\"Rule-HTML-Section\",\"RequestAppliesTo\":\"Rule-Application-Document\",\"RequestRuleName\":\"pzDisplayPartialCount\"}" => HTTP 404 (124 bytes)
[PegaHttpClient] 📡 POST https://zdk8budo.pegaacademy.net/prweb/api/HRAppsV2Service/V1/rules/query?pxObjClass=Rule-HTML-Section&appliesTo=Rule-Application-Document&pyRuleName=pzDisplayPartialCount&RequestClass=Rule-HTML-Section&RequestAppliesTo=Rule-Application-Document&RequestRuleName=pzDisplayPartialCount Payload: "{\"RequestClass\":\"Rule-HTML-Section\",\"RequestAppliesTo\":\"Rule-Application-Document\",\"RequestRuleName\":\"pzDisplayPartialCount\"}" => HTTP 404 (18 bytes)
[PegaHttpClient] 📡 POST https://zdk8budo.pegaacademy.net/prweb/PRRestService/HRAppsV2Service/V1/rules/query?pxObjClass=Rule-HTML-Section&appliesTo=Rule-Application-Document&pyRuleName=pzDisplayPartialCount&RequestClass=Rule-HTML-Section&RequestAppliesTo=Rule-Application-Document&RequestRuleName=pzDisplayPartialCount Payload: "{\"RequestClass\":\"Rule-HTML-Section\",\"RequestAppliesTo\":\"Rule-Application-Document\",\"RequestRuleName\":\"pzDisplayPartialCount\"}" => HTTP 404 (18 bytes)
[PegaHttpClient] 📡 POST https://zdk8budo.pegaacademy.net/prweb/api/HRAppsV2/V1/rules/query?pxObjClass=Rule-HTML-Section&appliesTo=Rule-Application-Document&pyRuleName=pzDisplayPartialCount&RequestClass=Rule-HTML-Section&RequestAppliesTo=Rule-Application-Document&RequestRuleName=pzDisplayPartialCount Payload: "{\"RequestClass\":\"Rule-HTML-Section\",\"RequestAppliesTo\":\"Rule-Application-Document\",\"RequestRuleName\":\"pzDisplayPartialCount\"}" => HTTP 404 (18 bytes)
[PegaHttpClient] 📡 POST https://zdk8budo.pegaacademy.net/prweb/PRRestService/HRAppsV2/V1/rules/query?pxObjClass=Rule-HTML-Section&appliesTo=Rule-Application-Document&pyRuleName=pzDisplayPartialCount&RequestClass=Rule-HTML-Section&RequestAppliesTo=Rule-Application-Document&RequestRuleName=pzDisplayPartialCount Payload: "{\"RequestClass\":\"Rule-HTML-Section\",\"RequestAppliesTo\":\"Rule-Application-Document\",\"RequestRuleName\":\"pzDisplayPartialCount\"}" => HTTP 404 (18 bytes)
[PegaHttpClient] 📡 POST https://zdk8budo.pegaacademy.net/prweb/api/v1/rules/query?pxObjClass=Rule-HTML-Section&appliesTo=Rule-Application-Document&pyRuleName=pzDisplayPartialCount&RequestClass=Rule-HTML-Section&RequestAppliesTo=Rule-Application-Document&RequestRuleName=pzDisplayPartialCount Payload: "{\"RequestClass\":\"Rule-HTML-Section\",\"RequestAppliesTo\":\"Rule-Application-Document\",\"RequestRuleName\":\"pzDisplayPartialCount\"}" => HTTP 404 (18 bytes)
[PegaHttpClient] 📡 POST https://zdk8budo.pegaacademy.net/prweb/PRRestService/v1/rules/query?pxObjClass=Rule-HTML-Section&appliesTo=Rule-Application-Document&pyRuleName=pzDisplayPartialCount&RequestClass=Rule-HTML-Section&RequestAppliesTo=Rule-Application-Document&RequestRuleName=pzDisplayPartialCount Payload: "{\"RequestClass\":\"Rule-HTML-Section\",\"RequestAppliesTo\":\"Rule-Application-Document\",\"RequestRuleName\":\"pzDisplayPartialCount\"}" => HTTP 404 (18 bytes)
[SchemaGen] ✅ Schema written for Rule-Application-Document
[PegaHttpClient] 📡 GET https://zdk8budo.pegaacademy.net/prweb/api/CodeIntelligence/v1/rules/RULE-HTML-HARNESS%20RULE-APPLICATIONCONFIGURATION%20RULEFORM%20%2320180713T141451.154%20GMT => HTTP 200 (22939 bytes)
[PegaHttpClient] 📡 POST https://zdk8budo.pegaacademy.net/prweb/api/CodeIntelligence/v1/rules/query?pxObjClass=Rule-HTML-Section&appliesTo=Rule-ApplicationConfiguration&pyRuleName=RuleFormMain&RequestClass=Rule-HTML-Section&RequestAppliesTo=Rule-ApplicationConfiguration&RequestRuleName=RuleFormMain Payload: "{\"RequestClass\":\"Rule-HTML-Section\",\"RequestAppliesTo\":\"Rule-ApplicationConfiguration\",\"RequestRuleName\":\"RuleFormMain\"}" => HTTP 200 (156234 bytes)
[PegaHttpClient] 📡 POST https://zdk8budo.pegaacademy.net/prweb/api/CodeIntelligence/v1/rules/query?pxObjClass=Rule-HTML-Section&appliesTo=Rule-ApplicationConfiguration&pyRuleName=pxAlternateRuleForm&RequestClass=Rule-HTML-Section&RequestAppliesTo=Rule-ApplicationConfiguration&RequestRuleName=pxAlternateRuleForm Payload: "{\"RequestClass\":\"Rule-HTML-Section\",\"RequestAppliesTo\":\"Rule-ApplicationConfiguration\",\"RequestRuleName\":\"pxAlternateRuleForm\"}" => HTTP 200 (66153 bytes)
[PegaHttpClient] 📡 POST https://zdk8budo.pegaacademy.net/prweb/api/CodeIntelligence/v1/rules/query?pxObjClass=Rule-HTML-Section&appliesTo=Rule-ApplicationConfiguration&pyRuleName=pzRuleFormScripts&RequestClass=Rule-HTML-Section&RequestAppliesTo=Rule-ApplicationConfiguration&RequestRuleName=pzRuleFormScripts Payload: "{\"RequestClass\":\"Rule-HTML-Section\",\"RequestAppliesTo\":\"Rule-ApplicationConfiguration\",\"RequestRuleName\":\"pzRuleFormScripts\"}" => HTTP 200 (40822 bytes)
[PegaHttpClient] 📡 POST https://zdk8budo.pegaacademy.net/prweb/api/CodeIntelligence/v1/rules/query?pxObjClass=Rule-HTML-Section&appliesTo=Rule-ApplicationConfiguration&pyRuleName=pzRuleFormLayoutDelegated&RequestClass=Rule-HTML-Section&RequestAppliesTo=Rule-ApplicationConfiguration&RequestRuleName=pzRuleFormLayoutDelegated Payload: "{\"RequestClass\":\"Rule-HTML-Section\",\"RequestAppliesTo\":\"Rule-ApplicationConfiguration\",\"RequestRuleName\":\"pzRuleFormLayoutDelegated\"}" => HTTP 200 (70998 bytes)
[PegaHttpClient] 📡 POST https://zdk8budo.pegaacademy.net/prweb/api/CodeIntelligence/v1/rules/query?pxObjClass=Rule-HTML-Section&appliesTo=Rule-ApplicationConfiguration&pyRuleName=RuleFormLayout&RequestClass=Rule-HTML-Section&RequestAppliesTo=Rule-ApplicationConfiguration&RequestRuleName=RuleFormLayout Payload: "{\"RequestClass\":\"Rule-HTML-Section\",\"RequestAppliesTo\":\"Rule-ApplicationConfiguration\",\"RequestRuleName\":\"RuleFormLayout\"}" => HTTP 200 (85308 bytes)
[PegaHttpClient] 📡 POST https://zdk8budo.pegaacademy.net/prweb/api/CodeIntelligence/v1/rules/query?pxObjClass=Rule-HTML-Section&appliesTo=Rule-ApplicationConfiguration&pyRuleName=RuleFormSettings&RequestClass=Rule-HTML-Section&RequestAppliesTo=Rule-ApplicationConfiguration&RequestRuleName=RuleFormSettings Payload: "{\"RequestClass\":\"Rule-HTML-Section\",\"RequestAppliesTo\":\"Rule-ApplicationConfiguration\",\"RequestRuleName\":\"RuleFormSettings\"}" => HTTP 200 (20540 bytes)
[PegaHttpClient] 📡 POST https://zdk8budo.pegaacademy.net/prweb/api/CodeIntelligence/v1/rules/query?pxObjClass=Rule-HTML-Section&appliesTo=Rule-ApplicationConfiguration&pyRuleName=OpenAuthoring&RequestClass=Rule-HTML-Section&RequestAppliesTo=Rule-ApplicationConfiguration&RequestRuleName=OpenAuthoring Payload: "{\"RequestClass\":\"Rule-HTML-Section\",\"RequestAppliesTo\":\"Rule-ApplicationConfiguration\",\"RequestRuleName\":\"OpenAuthoring\"}" => HTTP 200 (23695 bytes)
[PegaHttpClient] 📡 POST https://zdk8budo.pegaacademy.net/prweb/api/CodeIntelligence/v1/rules/query?pxObjClass=Rule-HTML-Section&appliesTo=Rule-ApplicationConfiguration&pyRuleName=pyCustomHelp&RequestClass=Rule-HTML-Section&RequestAppliesTo=Rule-ApplicationConfiguration&RequestRuleName=pyCustomHelp Payload: "{\"RequestClass\":\"Rule-HTML-Section\",\"RequestAppliesTo\":\"Rule-ApplicationConfiguration\",\"RequestRuleName\":\"pyCustomHelp\"}" => HTTP 200 (17256 bytes)
[PegaHttpClient] 📡 POST https://zdk8budo.pegaacademy.net/prweb/api/CodeIntelligence/v1/rules/query?pxObjClass=Rule-HTML-Section&appliesTo=Rule-ApplicationConfiguration&pyRuleName=pzRuleformMainInclude&RequestClass=Rule-HTML-Section&RequestAppliesTo=Rule-ApplicationConfiguration&RequestRuleName=pzRuleformMainInclude Payload: "{\"RequestClass\":\"Rule-HTML-Section\",\"RequestAppliesTo\":\"Rule-ApplicationConfiguration\",\"RequestRuleName\":\"pzRuleformMainInclude\"}" => HTTP 200 (22375 bytes)
[PegaHttpClient] 📡 POST https://zdk8budo.pegaacademy.net/prweb/api/CodeIntelligence/v1/rules/query?pxObjClass=Rule-HTML-Section&appliesTo=Rule-ApplicationConfiguration&pyRuleName=pyAlternativeRuleFormStrategicAppExtension&RequestClass=Rule-HTML-Section&RequestAppliesTo=Rule-ApplicationConfiguration&RequestRuleName=pyAlternativeRuleFormStrategicAppExtension Payload: "{\"RequestClass\":\"Rule-HTML-Section\",\"RequestAppliesTo\":\"Rule-ApplicationConfiguration\",\"RequestRuleName\":\"pyAlternativeRuleFormStrategicAppExtension\"}" => HTTP 200 (25042 bytes)
[PegaHttpClient] 📡 POST https://zdk8budo.pegaacademy.net/prweb/api/CodeIntelligence/v1/rules/query?pxObjClass=Rule-HTML-Section&appliesTo=Rule-ApplicationConfiguration&pyRuleName=pyAlternativeRuleFormExtension&RequestClass=Rule-HTML-Section&RequestAppliesTo=Rule-ApplicationConfiguration&RequestRuleName=pyAlternativeRuleFormExtension Payload: "{\"RequestClass\":\"Rule-HTML-Section\",\"RequestAppliesTo\":\"Rule-ApplicationConfiguration\",\"RequestRuleName\":\"pyAlternativeRuleFormExtension\"}" => HTTP 200 (24863 bytes)
[PegaHttpClient] 📡 POST https://zdk8budo.pegaacademy.net/prweb/api/CodeIntelligence/v1/rules/query?pxObjClass=Rule-HTML-Section&appliesTo=Rule-ApplicationConfiguration&pyRuleName=RuleFormHeader&RequestClass=Rule-HTML-Section&RequestAppliesTo=Rule-ApplicationConfiguration&RequestRuleName=RuleFormHeader Payload: "{\"RequestClass\":\"Rule-HTML-Section\",\"RequestAppliesTo\":\"Rule-ApplicationConfiguration\",\"RequestRuleName\":\"RuleFormHeader\"}" => HTTP 200 (183800 bytes)
[PegaHttpClient] 📡 POST https://zdk8budo.pegaacademy.net/prweb/api/CodeIntelligence/v1/rules/query?pxObjClass=Rule-HTML-Section&appliesTo=Rule-ApplicationConfiguration&pyRuleName=pzDelegationExperience&RequestClass=Rule-HTML-Section&RequestAppliesTo=Rule-ApplicationConfiguration&RequestRuleName=pzDelegationExperience Payload: "{\"RequestClass\":\"Rule-HTML-Section\",\"RequestAppliesTo\":\"Rule-ApplicationConfiguration\",\"RequestRuleName\":\"pzDelegationExperience\"}" => HTTP 404 (129 bytes)
[PegaHttpClient] 📡 POST https://zdk8budo.pegaacademy.net/prweb/PRRestService/CodeIntelligence/v1/rules/query?pxObjClass=Rule-HTML-Section&appliesTo=Rule-ApplicationConfiguration&pyRuleName=pzDelegationExperience&RequestClass=Rule-HTML-Section&RequestAppliesTo=Rule-ApplicationConfiguration&RequestRuleName=pzDelegationExperience Payload: "{\"RequestClass\":\"Rule-HTML-Section\",\"RequestAppliesTo\":\"Rule-ApplicationConfiguration\",\"RequestRuleName\":\"pzDelegationExperience\"}" => HTTP 404 (129 bytes)
[PegaHttpClient] 📡 POST https://zdk8budo.pegaacademy.net/prweb/api/HRAppsV2Service/V1/rules/query?pxObjClass=Rule-HTML-Section&appliesTo=Rule-ApplicationConfiguration&pyRuleName=pzDelegationExperience&RequestClass=Rule-HTML-Section&RequestAppliesTo=Rule-ApplicationConfiguration&RequestRuleName=pzDelegationExperience Payload: "{\"RequestClass\":\"Rule-HTML-Section\",\"RequestAppliesTo\":\"Rule-ApplicationConfiguration\",\"RequestRuleName\":\"pzDelegationExperience\"}" => HTTP 404 (18 bytes)
[PegaHttpClient] 📡 POST https://zdk8budo.pegaacademy.net/prweb/PRRestService/HRAppsV2Service/V1/rules/query?pxObjClass=Rule-HTML-Section&appliesTo=Rule-ApplicationConfiguration&pyRuleName=pzDelegationExperience&RequestClass=Rule-HTML-Section&RequestAppliesTo=Rule-ApplicationConfiguration&RequestRuleName=pzDelegationExperience Payload: "{\"RequestClass\":\"Rule-HTML-Section\",\"RequestAppliesTo\":\"Rule-ApplicationConfiguration\",\"RequestRuleName\":\"pzDelegationExperience\"}" => HTTP 404 (18 bytes)
[PegaHttpClient] 📡 POST https://zdk8budo.pegaacademy.net/prweb/api/HRAppsV2/V1/rules/query?pxObjClass=Rule-HTML-Section&appliesTo=Rule-ApplicationConfiguration&pyRuleName=pzDelegationExperience&RequestClass=Rule-HTML-Section&RequestAppliesTo=Rule-ApplicationConfiguration&RequestRuleName=pzDelegationExperience Payload: "{\"RequestClass\":\"Rule-HTML-Section\",\"RequestAppliesTo\":\"Rule-ApplicationConfiguration\",\"RequestRuleName\":\"pzDelegationExperience\"}" => HTTP 404 (18 bytes)
[PegaHttpClient] 📡 POST https://zdk8budo.pegaacademy.net/prweb/PRRestService/HRAppsV2/V1/rules/query?pxObjClass=Rule-HTML-Section&appliesTo=Rule-ApplicationConfiguration&pyRuleName=pzDelegationExperience&RequestClass=Rule-HTML-Section&RequestAppliesTo=Rule-ApplicationConfiguration&RequestRuleName=pzDelegationExperience Payload: "{\"RequestClass\":\"Rule-HTML-Section\",\"RequestAppliesTo\":\"Rule-ApplicationConfiguration\",\"RequestRuleName\":\"pzDelegationExperience\"}" => HTTP 404 (18 bytes)
[PegaHttpClient] 📡 POST https://zdk8budo.pegaacademy.net/prweb/api/v1/rules/query?pxObjClass=Rule-HTML-Section&appliesTo=Rule-ApplicationConfiguration&pyRuleName=pzDelegationExperience&RequestClass=Rule-HTML-Section&RequestAppliesTo=Rule-ApplicationConfiguration&RequestRuleName=pzDelegationExperience Payload: "{\"RequestClass\":\"Rule-HTML-Section\",\"RequestAppliesTo\":\"Rule-ApplicationConfiguration\",\"RequestRuleName\":\"pzDelegationExperience\"}" => HTTP 404 (18 bytes)
[PegaHttpClient] 📡 POST https://zdk8budo.pegaacademy.net/prweb/PRRestService/v1/rules/query?pxObjClass=Rule-HTML-Section&appliesTo=Rule-ApplicationConfiguration&pyRuleName=pzDelegationExperience&RequestClass=Rule-HTML-Section&RequestAppliesTo=Rule-ApplicationConfiguration&RequestRuleName=pzDelegationExperience Payload: "{\"RequestClass\":\"Rule-HTML-Section\",\"RequestAppliesTo\":\"Rule-ApplicationConfiguration\",\"RequestRuleName\":\"pzDelegationExperience\"}" => HTTP 404 (18 bytes)
[PegaHttpClient] 📡 POST https://zdk8budo.pegaacademy.net/prweb/api/CodeIntelligence/v1/rules/query?pxObjClass=Rule-HTML-Section&appliesTo=Rule-ApplicationConfiguration&pyRuleName=pzConfigurationDetails&RequestClass=Rule-HTML-Section&RequestAppliesTo=Rule-ApplicationConfiguration&RequestRuleName=pzConfigurationDetails Payload: "{\"RequestClass\":\"Rule-HTML-Section\",\"RequestAppliesTo\":\"Rule-ApplicationConfiguration\",\"RequestRuleName\":\"pzConfigurationDetails\"}" => HTTP 200 (180359 bytes)
[PegaHttpClient] 📡 POST https://zdk8budo.pegaacademy.net/prweb/api/CodeIntelligence/v1/rules/query?pxObjClass=Rule-HTML-Section&appliesTo=Rule-ApplicationConfiguration&pyRuleName=RuleFormHistory&RequestClass=Rule-HTML-Section&RequestAppliesTo=Rule-ApplicationConfiguration&RequestRuleName=RuleFormHistory Payload: "{\"RequestClass\":\"Rule-HTML-Section\",\"RequestAppliesTo\":\"Rule-ApplicationConfiguration\",\"RequestRuleName\":\"RuleFormHistory\"}" => HTTP 200 (76091 bytes)
[PegaHttpClient] 📡 POST https://zdk8budo.pegaacademy.net/prweb/api/CodeIntelligence/v1/rules/query?pxObjClass=Rule-HTML-Section&appliesTo=Rule-ApplicationConfiguration&pyRuleName=pzCustomHelp&RequestClass=Rule-HTML-Section&RequestAppliesTo=Rule-ApplicationConfiguration&RequestRuleName=pzCustomHelp Payload: "{\"RequestClass\":\"Rule-HTML-Section\",\"RequestAppliesTo\":\"Rule-ApplicationConfiguration\",\"RequestRuleName\":\"pzCustomHelp\"}" => HTTP 200 (31573 bytes)
[PegaHttpClient] 📡 POST https://zdk8budo.pegaacademy.net/prweb/api/CodeIntelligence/v1/rules/query?pxObjClass=Rule-HTML-Section&appliesTo=Rule-ApplicationConfiguration&pyRuleName=pzRuleFormKeysAndDescription&RequestClass=Rule-HTML-Section&RequestAppliesTo=Rule-ApplicationConfiguration&RequestRuleName=pzRuleFormKeysAndDescription Payload: "{\"RequestClass\":\"Rule-HTML-Section\",\"RequestAppliesTo\":\"Rule-ApplicationConfiguration\",\"RequestRuleName\":\"pzRuleFormKeysAndDescription\"}" => HTTP 200 (218057 bytes)
[PegaHttpClient] 📡 POST https://zdk8budo.pegaacademy.net/prweb/api/CodeIntelligence/v1/rules/query?pxObjClass=Rule-HTML-Section&appliesTo=Rule-ApplicationConfiguration&pyRuleName=pzRuleFormRuleset&RequestClass=Rule-HTML-Section&RequestAppliesTo=Rule-ApplicationConfiguration&RequestRuleName=pzRuleFormRuleset Payload: "{\"RequestClass\":\"Rule-HTML-Section\",\"RequestAppliesTo\":\"Rule-ApplicationConfiguration\",\"RequestRuleName\":\"pzRuleFormRuleset\"}" => HTTP 200 (33985 bytes)
[PegaHttpClient] 📡 POST https://zdk8budo.pegaacademy.net/prweb/api/CodeIntelligence/v1/rules/query?pxObjClass=Rule-HTML-Section&appliesTo=Rule-ApplicationConfiguration&pyRuleName=undefined&RequestClass=Rule-HTML-Section&RequestAppliesTo=Rule-ApplicationConfiguration&RequestRuleName=undefined Payload: "{\"RequestClass\":\"Rule-HTML-Section\",\"RequestAppliesTo\":\"Rule-ApplicationConfiguration\",\"RequestRuleName\":\"undefined\"}" => HTTP 404 (116 bytes)
[PegaHttpClient] 📡 POST https://zdk8budo.pegaacademy.net/prweb/PRRestService/CodeIntelligence/v1/rules/query?pxObjClass=Rule-HTML-Section&appliesTo=Rule-ApplicationConfiguration&pyRuleName=undefined&RequestClass=Rule-HTML-Section&RequestAppliesTo=Rule-ApplicationConfiguration&RequestRuleName=undefined Payload: "{\"RequestClass\":\"Rule-HTML-Section\",\"RequestAppliesTo\":\"Rule-ApplicationConfiguration\",\"RequestRuleName\":\"undefined\"}" => HTTP 404 (116 bytes)
[PegaHttpClient] 📡 POST https://zdk8budo.pegaacademy.net/prweb/api/HRAppsV2Service/V1/rules/query?pxObjClass=Rule-HTML-Section&appliesTo=Rule-ApplicationConfiguration&pyRuleName=undefined&RequestClass=Rule-HTML-Section&RequestAppliesTo=Rule-ApplicationConfiguration&RequestRuleName=undefined Payload: "{\"RequestClass\":\"Rule-HTML-Section\",\"RequestAppliesTo\":\"Rule-ApplicationConfiguration\",\"RequestRuleName\":\"undefined\"}" => HTTP 404 (18 bytes)
[PegaHttpClient] 📡 POST https://zdk8budo.pegaacademy.net/prweb/PRRestService/HRAppsV2Service/V1/rules/query?pxObjClass=Rule-HTML-Section&appliesTo=Rule-ApplicationConfiguration&pyRuleName=undefined&RequestClass=Rule-HTML-Section&RequestAppliesTo=Rule-ApplicationConfiguration&RequestRuleName=undefined Payload: "{\"RequestClass\":\"Rule-HTML-Section\",\"RequestAppliesTo\":\"Rule-ApplicationConfiguration\",\"RequestRuleName\":\"undefined\"}" => HTTP 404 (18 bytes)
[PegaHttpClient] 📡 POST https://zdk8budo.pegaacademy.net/prweb/api/HRAppsV2/V1/rules/query?pxObjClass=Rule-HTML-Section&appliesTo=Rule-ApplicationConfiguration&pyRuleName=undefined&RequestClass=Rule-HTML-Section&RequestAppliesTo=Rule-ApplicationConfiguration&RequestRuleName=undefined Payload: "{\"RequestClass\":\"Rule-HTML-Section\",\"RequestAppliesTo\":\"Rule-ApplicationConfiguration\",\"RequestRuleName\":\"undefined\"}" => HTTP 404 (18 bytes)
[PegaHttpClient] 📡 POST https://zdk8budo.pegaacademy.net/prweb/PRRestService/HRAppsV2/V1/rules/query?pxObjClass=Rule-HTML-Section&appliesTo=Rule-ApplicationConfiguration&pyRuleName=undefined&RequestClass=Rule-HTML-Section&RequestAppliesTo=Rule-ApplicationConfiguration&RequestRuleName=undefined Payload: "{\"RequestClass\":\"Rule-HTML-Section\",\"RequestAppliesTo\":\"Rule-ApplicationConfiguration\",\"RequestRuleName\":\"undefined\"}" => HTTP 404 (18 bytes)
[PegaHttpClient] 📡 POST https://zdk8budo.pegaacademy.net/prweb/api/v1/rules/query?pxObjClass=Rule-HTML-Section&appliesTo=Rule-ApplicationConfiguration&pyRuleName=undefined&RequestClass=Rule-HTML-Section&RequestAppliesTo=Rule-ApplicationConfiguration&RequestRuleName=undefined Payload: "{\"RequestClass\":\"Rule-HTML-Section\",\"RequestAppliesTo\":\"Rule-ApplicationConfiguration\",\"RequestRuleName\":\"undefined\"}" => HTTP 404 (18 bytes)
[PegaHttpClient] 📡 POST https://zdk8budo.pegaacademy.net/prweb/PRRestService/v1/rules/query?pxObjClass=Rule-HTML-Section&appliesTo=Rule-ApplicationConfiguration&pyRuleName=undefined&RequestClass=Rule-HTML-Section&RequestAppliesTo=Rule-ApplicationConfiguration&RequestRuleName=undefined Payload: "{\"RequestClass\":\"Rule-HTML-Section\",\"RequestAppliesTo\":\"Rule-ApplicationConfiguration\",\"RequestRuleName\":\"undefined\"}" => HTTP 404 (18 bytes)
[PegaHttpClient] 📡 POST https://zdk8budo.pegaacademy.net/prweb/api/CodeIntelligence/v1/rules/query?pxObjClass=Rule-HTML-Section&appliesTo=Rule-ApplicationConfiguration&pyRuleName=pzRuleFormToolbar&RequestClass=Rule-HTML-Section&RequestAppliesTo=Rule-ApplicationConfiguration&RequestRuleName=pzRuleFormToolbar Payload: "{\"RequestClass\":\"Rule-HTML-Section\",\"RequestAppliesTo\":\"Rule-ApplicationConfiguration\",\"RequestRuleName\":\"pzRuleFormToolbar\"}" => HTTP 200 (242691 bytes)
[PegaHttpClient] 📡 POST https://zdk8budo.pegaacademy.net/prweb/api/CodeIntelligence/v1/rules/query?pxObjClass=Rule-HTML-Section&appliesTo=Rule-ApplicationConfiguration&pyRuleName=pzRuleFormToolbarCompare&RequestClass=Rule-HTML-Section&RequestAppliesTo=Rule-ApplicationConfiguration&RequestRuleName=pzRuleFormToolbarCompare Payload: "{\"RequestClass\":\"Rule-HTML-Section\",\"RequestAppliesTo\":\"Rule-ApplicationConfiguration\",\"RequestRuleName\":\"pzRuleFormToolbarCompare\"}" => HTTP 200 (61925 bytes)
[PegaHttpClient] 📡 POST https://zdk8budo.pegaacademy.net/prweb/api/CodeIntelligence/v1/rules/query?pxObjClass=Rule-HTML-Section&appliesTo=Rule-ApplicationConfiguration&pyRuleName=RuleFormHeaderMessages&RequestClass=Rule-HTML-Section&RequestAppliesTo=Rule-ApplicationConfiguration&RequestRuleName=RuleFormHeaderMessages Payload: "{\"RequestClass\":\"Rule-HTML-Section\",\"RequestAppliesTo\":\"Rule-ApplicationConfiguration\",\"RequestRuleName\":\"RuleFormHeaderMessages\"}" => HTTP 200 (26518 bytes)
[PegaHttpClient] 📡 POST https://zdk8budo.pegaacademy.net/prweb/api/CodeIntelligence/v1/rules/query?pxObjClass=Rule-HTML-Section&appliesTo=Rule-ApplicationConfiguration&pyRuleName=pzAlternateRuleInfo&RequestClass=Rule-HTML-Section&RequestAppliesTo=Rule-ApplicationConfiguration&RequestRuleName=pzAlternateRuleInfo Payload: "{\"RequestClass\":\"Rule-HTML-Section\",\"RequestAppliesTo\":\"Rule-ApplicationConfiguration\",\"RequestRuleName\":\"pzAlternateRuleInfo\"}" => HTTP 200 (140407 bytes)
[PegaHttpClient] 📡 POST https://zdk8budo.pegaacademy.net/prweb/api/CodeIntelligence/v1/rules/query?pxObjClass=Rule-HTML-Section&appliesTo=Rule-ApplicationConfiguration&pyRuleName=RuleFormHistory_Description&RequestClass=Rule-HTML-Section&RequestAppliesTo=Rule-ApplicationConfiguration&RequestRuleName=RuleFormHistory_Description Payload: "{\"RequestClass\":\"Rule-HTML-Section\",\"RequestAppliesTo\":\"Rule-ApplicationConfiguration\",\"RequestRuleName\":\"RuleFormHistory_Description\"}" => HTTP 200 (59172 bytes)
[PegaHttpClient] 📡 POST https://zdk8budo.pegaacademy.net/prweb/api/CodeIntelligence/v1/rules/query?pxObjClass=Rule-HTML-Section&appliesTo=Rule-ApplicationConfiguration&pyRuleName=RuleFormHistory_CustomFields&RequestClass=Rule-HTML-Section&RequestAppliesTo=Rule-ApplicationConfiguration&RequestRuleName=RuleFormHistory_CustomFields Payload: "{\"RequestClass\":\"Rule-HTML-Section\",\"RequestAppliesTo\":\"Rule-ApplicationConfiguration\",\"RequestRuleName\":\"RuleFormHistory_CustomFields\"}" => HTTP 200 (75856 bytes)
[PegaHttpClient] 📡 POST https://zdk8budo.pegaacademy.net/prweb/api/CodeIntelligence/v1/rules/query?pxObjClass=Rule-HTML-Section&appliesTo=Rule-ApplicationConfiguration&pyRuleName=RuleFormHistory_HistoryDetails&RequestClass=Rule-HTML-Section&RequestAppliesTo=Rule-ApplicationConfiguration&RequestRuleName=RuleFormHistory_HistoryDetails Payload: "{\"RequestClass\":\"Rule-HTML-Section\",\"RequestAppliesTo\":\"Rule-ApplicationConfiguration\",\"RequestRuleName\":\"RuleFormHistory_HistoryDetails\"}" => HTTP 200 (179535 bytes)
[PegaHttpClient] 📡 POST https://zdk8budo.pegaacademy.net/prweb/api/CodeIntelligence/v1/rules/query?pxObjClass=Rule-HTML-Section&appliesTo=Rule-ApplicationConfiguration&pyRuleName=pzRuleFormStatus&RequestClass=Rule-HTML-Section&RequestAppliesTo=Rule-ApplicationConfiguration&RequestRuleName=pzRuleFormStatus Payload: "{\"RequestClass\":\"Rule-HTML-Section\",\"RequestAppliesTo\":\"Rule-ApplicationConfiguration\",\"RequestRuleName\":\"pzRuleFormStatus\"}" => HTTP 200 (97627 bytes)
[PegaHttpClient] 📡 POST https://zdk8budo.pegaacademy.net/prweb/api/CodeIntelligence/v1/rules/query?pxObjClass=Rule-HTML-Section&appliesTo=Rule-ApplicationConfiguration&pyRuleName=pzRuleFormHeaderCompareWithDropDown&RequestClass=Rule-HTML-Section&RequestAppliesTo=Rule-ApplicationConfiguration&RequestRuleName=pzRuleFormHeaderCompareWithDropDown Payload: "{\"RequestClass\":\"Rule-HTML-Section\",\"RequestAppliesTo\":\"Rule-ApplicationConfiguration\",\"RequestRuleName\":\"pzRuleFormHeaderCompareWithDropDown\"}" => HTTP 200 (25396 bytes)
[PegaHttpClient] 📡 POST https://zdk8budo.pegaacademy.net/prweb/api/CodeIntelligence/v1/rules/query?pxObjClass=Rule-HTML-Section&appliesTo=Rule-ApplicationConfiguration&pyRuleName=undefined&RequestClass=Rule-HTML-Section&RequestAppliesTo=Rule-ApplicationConfiguration&RequestRuleName=undefined Payload: "{\"RequestClass\":\"Rule-HTML-Section\",\"RequestAppliesTo\":\"Rule-ApplicationConfiguration\",\"RequestRuleName\":\"undefined\"}" => HTTP 404 (116 bytes)
[PegaHttpClient] 📡 POST https://zdk8budo.pegaacademy.net/prweb/PRRestService/CodeIntelligence/v1/rules/query?pxObjClass=Rule-HTML-Section&appliesTo=Rule-ApplicationConfiguration&pyRuleName=undefined&RequestClass=Rule-HTML-Section&RequestAppliesTo=Rule-ApplicationConfiguration&RequestRuleName=undefined Payload: "{\"RequestClass\":\"Rule-HTML-Section\",\"RequestAppliesTo\":\"Rule-ApplicationConfiguration\",\"RequestRuleName\":\"undefined\"}" => HTTP 404 (116 bytes)
[PegaHttpClient] 📡 POST https://zdk8budo.pegaacademy.net/prweb/api/HRAppsV2Service/V1/rules/query?pxObjClass=Rule-HTML-Section&appliesTo=Rule-ApplicationConfiguration&pyRuleName=undefined&RequestClass=Rule-HTML-Section&RequestAppliesTo=Rule-ApplicationConfiguration&RequestRuleName=undefined Payload: "{\"RequestClass\":\"Rule-HTML-Section\",\"RequestAppliesTo\":\"Rule-ApplicationConfiguration\",\"RequestRuleName\":\"undefined\"}" => HTTP 404 (18 bytes)
[PegaHttpClient] 📡 POST https://zdk8budo.pegaacademy.net/prweb/PRRestService/HRAppsV2Service/V1/rules/query?pxObjClass=Rule-HTML-Section&appliesTo=Rule-ApplicationConfiguration&pyRuleName=undefined&RequestClass=Rule-HTML-Section&RequestAppliesTo=Rule-ApplicationConfiguration&RequestRuleName=undefined Payload: "{\"RequestClass\":\"Rule-HTML-Section\",\"RequestAppliesTo\":\"Rule-ApplicationConfiguration\",\"RequestRuleName\":\"undefined\"}" => HTTP 404 (18 bytes)
[PegaHttpClient] 📡 POST https://zdk8budo.pegaacademy.net/prweb/api/HRAppsV2/V1/rules/query?pxObjClass=Rule-HTML-Section&appliesTo=Rule-ApplicationConfiguration&pyRuleName=undefined&RequestClass=Rule-HTML-Section&RequestAppliesTo=Rule-ApplicationConfiguration&RequestRuleName=undefined Payload: "{\"RequestClass\":\"Rule-HTML-Section\",\"RequestAppliesTo\":\"Rule-ApplicationConfiguration\",\"RequestRuleName\":\"undefined\"}" => HTTP 404 (18 bytes)
[PegaHttpClient] 📡 POST https://zdk8budo.pegaacademy.net/prweb/PRRestService/HRAppsV2/V1/rules/query?pxObjClass=Rule-HTML-Section&appliesTo=Rule-ApplicationConfiguration&pyRuleName=undefined&RequestClass=Rule-HTML-Section&RequestAppliesTo=Rule-ApplicationConfiguration&RequestRuleName=undefined Payload: "{\"RequestClass\":\"Rule-HTML-Section\",\"RequestAppliesTo\":\"Rule-ApplicationConfiguration\",\"RequestRuleName\":\"undefined\"}" => HTTP 404 (18 bytes)
[PegaHttpClient] 📡 POST https://zdk8budo.pegaacademy.net/prweb/api/v1/rules/query?pxObjClass=Rule-HTML-Section&appliesTo=Rule-ApplicationConfiguration&pyRuleName=undefined&RequestClass=Rule-HTML-Section&RequestAppliesTo=Rule-ApplicationConfiguration&RequestRuleName=undefined Payload: "{\"RequestClass\":\"Rule-HTML-Section\",\"RequestAppliesTo\":\"Rule-ApplicationConfiguration\",\"RequestRuleName\":\"undefined\"}" => HTTP 404 (18 bytes)
[PegaHttpClient] 📡 POST https://zdk8budo.pegaacademy.net/prweb/PRRestService/v1/rules/query?pxObjClass=Rule-HTML-Section&appliesTo=Rule-ApplicationConfiguration&pyRuleName=undefined&RequestClass=Rule-HTML-Section&RequestAppliesTo=Rule-ApplicationConfiguration&RequestRuleName=undefined Payload: "{\"RequestClass\":\"Rule-HTML-Section\",\"RequestAppliesTo\":\"Rule-ApplicationConfiguration\",\"RequestRuleName\":\"undefined\"}" => HTTP 404 (18 bytes)
[PegaHttpClient] 📡 POST https://zdk8budo.pegaacademy.net/prweb/api/CodeIntelligence/v1/rules/query?pxObjClass=Rule-HTML-Section&appliesTo=Rule-ApplicationConfiguration&pyRuleName=pzRuleFormToolbarHotKeys&RequestClass=Rule-HTML-Section&RequestAppliesTo=Rule-ApplicationConfiguration&RequestRuleName=pzRuleFormToolbarHotKeys Payload: "{\"RequestClass\":\"Rule-HTML-Section\",\"RequestAppliesTo\":\"Rule-ApplicationConfiguration\",\"RequestRuleName\":\"pzRuleFormToolbarHotKeys\"}" => HTTP 200 (85058 bytes)
[PegaHttpClient] 📡 POST https://zdk8budo.pegaacademy.net/prweb/api/CodeIntelligence/v1/rules/query?pxObjClass=Rule-HTML-Section&appliesTo=Rule-ApplicationConfiguration&pyRuleName=pzRuleFormToolbarLockedIcon&RequestClass=Rule-HTML-Section&RequestAppliesTo=Rule-ApplicationConfiguration&RequestRuleName=pzRuleFormToolbarLockedIcon Payload: "{\"RequestClass\":\"Rule-HTML-Section\",\"RequestAppliesTo\":\"Rule-ApplicationConfiguration\",\"RequestRuleName\":\"pzRuleFormToolbarLockedIcon\"}" => HTTP 200 (24898 bytes)
[PegaHttpClient] 📡 POST https://zdk8budo.pegaacademy.net/prweb/api/CodeIntelligence/v1/rules/query?pxObjClass=Rule-HTML-Section&appliesTo=Rule-ApplicationConfiguration&pyRuleName=pzRuleFormToolbarCollaborators&RequestClass=Rule-HTML-Section&RequestAppliesTo=Rule-ApplicationConfiguration&RequestRuleName=pzRuleFormToolbarCollaborators Payload: "{\"RequestClass\":\"Rule-HTML-Section\",\"RequestAppliesTo\":\"Rule-ApplicationConfiguration\",\"RequestRuleName\":\"pzRuleFormToolbarCollaborators\"}" => HTTP 200 (15254 bytes)
[PegaHttpClient] 📡 POST https://zdk8budo.pegaacademy.net/prweb/api/CodeIntelligence/v1/rules/query?pxObjClass=Rule-HTML-Section&appliesTo=Rule-ApplicationConfiguration&pyRuleName=pzRuleFormToolbarSaveAs&RequestClass=Rule-HTML-Section&RequestAppliesTo=Rule-ApplicationConfiguration&RequestRuleName=pzRuleFormToolbarSaveAs Payload: "{\"RequestClass\":\"Rule-HTML-Section\",\"RequestAppliesTo\":\"Rule-ApplicationConfiguration\",\"RequestRuleName\":\"pzRuleFormToolbarSaveAs\"}" => HTTP 200 (64084 bytes)
[PegaHttpClient] 📡 POST https://zdk8budo.pegaacademy.net/prweb/api/CodeIntelligence/v1/rules/query?pxObjClass=Rule-HTML-Section&appliesTo=Rule-ApplicationConfiguration&pyRuleName=pzRuleFormToolbarCheckin&RequestClass=Rule-HTML-Section&RequestAppliesTo=Rule-ApplicationConfiguration&RequestRuleName=pzRuleFormToolbarCheckin Payload: "{\"RequestClass\":\"Rule-HTML-Section\",\"RequestAppliesTo\":\"Rule-ApplicationConfiguration\",\"RequestRuleName\":\"pzRuleFormToolbarCheckin\"}" => HTTP 200 (119096 bytes)
[PegaHttpClient] 📡 POST https://zdk8budo.pegaacademy.net/prweb/api/CodeIntelligence/v1/rules/query?pxObjClass=Rule-HTML-Section&appliesTo=Rule-ApplicationConfiguration&pyRuleName=pzRuleFormToolbarDelete&RequestClass=Rule-HTML-Section&RequestAppliesTo=Rule-ApplicationConfiguration&RequestRuleName=pzRuleFormToolbarDelete Payload: "{\"RequestClass\":\"Rule-HTML-Section\",\"RequestAppliesTo\":\"Rule-ApplicationConfiguration\",\"RequestRuleName\":\"pzRuleFormToolbarDelete\"}" => HTTP 200 (30249 bytes)
[PegaHttpClient] 📡 POST https://zdk8budo.pegaacademy.net/prweb/api/CodeIntelligence/v1/rules/query?pxObjClass=Rule-HTML-Section&appliesTo=Rule-ApplicationConfiguration&pyRuleName=pzRuleFormToolbarSave&RequestClass=Rule-HTML-Section&RequestAppliesTo=Rule-ApplicationConfiguration&RequestRuleName=pzRuleFormToolbarSave Payload: "{\"RequestClass\":\"Rule-HTML-Section\",\"RequestAppliesTo\":\"Rule-ApplicationConfiguration\",\"RequestRuleName\":\"pzRuleFormToolbarSave\"}" => HTTP 200 (293885 bytes)
[PegaHttpClient] 📡 POST https://zdk8budo.pegaacademy.net/prweb/api/CodeIntelligence/v1/rules/query?pxObjClass=Rule-HTML-Section&appliesTo=Rule-ApplicationConfiguration&pyRuleName=pzRuleFormToolbarCheckout&RequestClass=Rule-HTML-Section&RequestAppliesTo=Rule-ApplicationConfiguration&RequestRuleName=pzRuleFormToolbarCheckout Payload: "{\"RequestClass\":\"Rule-HTML-Section\",\"RequestAppliesTo\":\"Rule-ApplicationConfiguration\",\"RequestRuleName\":\"pzRuleFormToolbarCheckout\"}" => HTTP 200 (238148 bytes)
[PegaHttpClient] 📡 POST https://zdk8budo.pegaacademy.net/prweb/api/CodeIntelligence/v1/rules/query?pxObjClass=Rule-HTML-Section&appliesTo=Rule-ApplicationConfiguration&pyRuleName=pzRemoveErrorsDataPage&RequestClass=Rule-HTML-Section&RequestAppliesTo=Rule-ApplicationConfiguration&RequestRuleName=pzRemoveErrorsDataPage Payload: "{\"RequestClass\":\"Rule-HTML-Section\",\"RequestAppliesTo\":\"Rule-ApplicationConfiguration\",\"RequestRuleName\":\"pzRemoveErrorsDataPage\"}" => HTTP 200 (16733 bytes)
[PegaHttpClient] 📡 POST https://zdk8budo.pegaacademy.net/prweb/api/CodeIntelligence/v1/rules/query?pxObjClass=Rule-HTML-Section&appliesTo=Rule-ApplicationConfiguration&pyRuleName=pzRuleFormHeaderMessagesWrapper&RequestClass=Rule-HTML-Section&RequestAppliesTo=Rule-ApplicationConfiguration&RequestRuleName=pzRuleFormHeaderMessagesWrapper Payload: "{\"RequestClass\":\"Rule-HTML-Section\",\"RequestAppliesTo\":\"Rule-ApplicationConfiguration\",\"RequestRuleName\":\"pzRuleFormHeaderMessagesWrapper\"}" => HTTP 200 (16981 bytes)
[PegaHttpClient] 📡 POST https://zdk8budo.pegaacademy.net/prweb/api/CodeIntelligence/v1/rules/query?pxObjClass=Rule-HTML-Section&appliesTo=Rule-ApplicationConfiguration&pyRuleName=pzScm_RuleHistory&RequestClass=Rule-HTML-Section&RequestAppliesTo=Rule-ApplicationConfiguration&RequestRuleName=pzScm_RuleHistory Payload: "{\"RequestClass\":\"Rule-HTML-Section\",\"RequestAppliesTo\":\"Rule-ApplicationConfiguration\",\"RequestRuleName\":\"pzScm_RuleHistory\"}" => HTTP 200 (14682 bytes)
[PegaHttpClient] 📡 POST https://zdk8budo.pegaacademy.net/prweb/api/CodeIntelligence/v1/rules/query?pxObjClass=Rule-HTML-Section&appliesTo=Rule-ApplicationConfiguration&pyRuleName=pxDisplayCollaborators&RequestClass=Rule-HTML-Section&RequestAppliesTo=Rule-ApplicationConfiguration&RequestRuleName=pxDisplayCollaborators Payload: "{\"RequestClass\":\"Rule-HTML-Section\",\"RequestAppliesTo\":\"Rule-ApplicationConfiguration\",\"RequestRuleName\":\"pxDisplayCollaborators\"}" => HTTP 200 (94171 bytes)
[PegaHttpClient] 📡 POST https://zdk8budo.pegaacademy.net/prweb/api/CodeIntelligence/v1/rules/query?pxObjClass=Rule-HTML-Section&appliesTo=Rule-ApplicationConfiguration&pyRuleName=pzRuleFormToolbarDeleteCheckOut&RequestClass=Rule-HTML-Section&RequestAppliesTo=Rule-ApplicationConfiguration&RequestRuleName=pzRuleFormToolbarDeleteCheckOut Payload: "{\"RequestClass\":\"Rule-HTML-Section\",\"RequestAppliesTo\":\"Rule-ApplicationConfiguration\",\"RequestRuleName\":\"pzRuleFormToolbarDeleteCheckOut\"}" => HTTP 200 (29433 bytes)
[PegaHttpClient] 📡 POST https://zdk8budo.pegaacademy.net/prweb/api/CodeIntelligence/v1/rules/query?pxObjClass=Rule-HTML-Section&appliesTo=Rule-ApplicationConfiguration&pyRuleName=pzRuleFormToolbarDeleteRule&RequestClass=Rule-HTML-Section&RequestAppliesTo=Rule-ApplicationConfiguration&RequestRuleName=pzRuleFormToolbarDeleteRule Payload: "{\"RequestClass\":\"Rule-HTML-Section\",\"RequestAppliesTo\":\"Rule-ApplicationConfiguration\",\"RequestRuleName\":\"pzRuleFormToolbarDeleteRule\"}" => HTTP 200 (32314 bytes)
[PegaHttpClient] 📡 POST https://zdk8budo.pegaacademy.net/prweb/api/CodeIntelligence/v1/rules/query?pxObjClass=Rule-HTML-Section&appliesTo=Rule-ApplicationConfiguration&pyRuleName=pzLoadCollaborationScripts&RequestClass=Rule-HTML-Section&RequestAppliesTo=Rule-ApplicationConfiguration&RequestRuleName=pzLoadCollaborationScripts Payload: "{\"RequestClass\":\"Rule-HTML-Section\",\"RequestAppliesTo\":\"Rule-ApplicationConfiguration\",\"RequestRuleName\":\"pzLoadCollaborationScripts\"}" => HTTP 200 (23453 bytes)
[PegaHttpClient] 📡 POST https://zdk8budo.pegaacademy.net/prweb/api/CodeIntelligence/v1/rules/query?pxObjClass=Rule-HTML-Section&appliesTo=Rule-ApplicationConfiguration&pyRuleName=pzDisplayCollaboratorsList&RequestClass=Rule-HTML-Section&RequestAppliesTo=Rule-ApplicationConfiguration&RequestRuleName=pzDisplayCollaboratorsList Payload: "{\"RequestClass\":\"Rule-HTML-Section\",\"RequestAppliesTo\":\"Rule-ApplicationConfiguration\",\"RequestRuleName\":\"pzDisplayCollaboratorsList\"}" => HTTP 200 (105418 bytes)
[PegaHttpClient] 📡 POST https://zdk8budo.pegaacademy.net/prweb/api/CodeIntelligence/v1/rules/query?pxObjClass=Rule-HTML-Section&appliesTo=Rule-ApplicationConfiguration&pyRuleName=pyCollaborator&RequestClass=Rule-HTML-Section&RequestAppliesTo=Rule-ApplicationConfiguration&RequestRuleName=pyCollaborator Payload: "{\"RequestClass\":\"Rule-HTML-Section\",\"RequestAppliesTo\":\"Rule-ApplicationConfiguration\",\"RequestRuleName\":\"pyCollaborator\"}" => HTTP 404 (121 bytes)
[PegaHttpClient] 📡 POST https://zdk8budo.pegaacademy.net/prweb/PRRestService/CodeIntelligence/v1/rules/query?pxObjClass=Rule-HTML-Section&appliesTo=Rule-ApplicationConfiguration&pyRuleName=pyCollaborator&RequestClass=Rule-HTML-Section&RequestAppliesTo=Rule-ApplicationConfiguration&RequestRuleName=pyCollaborator Payload: "{\"RequestClass\":\"Rule-HTML-Section\",\"RequestAppliesTo\":\"Rule-ApplicationConfiguration\",\"RequestRuleName\":\"pyCollaborator\"}" => HTTP 404 (121 bytes)
[PegaHttpClient] 📡 POST https://zdk8budo.pegaacademy.net/prweb/api/HRAppsV2Service/V1/rules/query?pxObjClass=Rule-HTML-Section&appliesTo=Rule-ApplicationConfiguration&pyRuleName=pyCollaborator&RequestClass=Rule-HTML-Section&RequestAppliesTo=Rule-ApplicationConfiguration&RequestRuleName=pyCollaborator Payload: "{\"RequestClass\":\"Rule-HTML-Section\",\"RequestAppliesTo\":\"Rule-ApplicationConfiguration\",\"RequestRuleName\":\"pyCollaborator\"}" => HTTP 404 (18 bytes)
[PegaHttpClient] 📡 POST https://zdk8budo.pegaacademy.net/prweb/PRRestService/HRAppsV2Service/V1/rules/query?pxObjClass=Rule-HTML-Section&appliesTo=Rule-ApplicationConfiguration&pyRuleName=pyCollaborator&RequestClass=Rule-HTML-Section&RequestAppliesTo=Rule-ApplicationConfiguration&RequestRuleName=pyCollaborator Payload: "{\"RequestClass\":\"Rule-HTML-Section\",\"RequestAppliesTo\":\"Rule-ApplicationConfiguration\",\"RequestRuleName\":\"pyCollaborator\"}" => HTTP 404 (18 bytes)
[PegaHttpClient] 📡 POST https://zdk8budo.pegaacademy.net/prweb/api/HRAppsV2/V1/rules/query?pxObjClass=Rule-HTML-Section&appliesTo=Rule-ApplicationConfiguration&pyRuleName=pyCollaborator&RequestClass=Rule-HTML-Section&RequestAppliesTo=Rule-ApplicationConfiguration&RequestRuleName=pyCollaborator Payload: "{\"RequestClass\":\"Rule-HTML-Section\",\"RequestAppliesTo\":\"Rule-ApplicationConfiguration\",\"RequestRuleName\":\"pyCollaborator\"}" => HTTP 404 (18 bytes)
[PegaHttpClient] 📡 POST https://zdk8budo.pegaacademy.net/prweb/PRRestService/HRAppsV2/V1/rules/query?pxObjClass=Rule-HTML-Section&appliesTo=Rule-ApplicationConfiguration&pyRuleName=pyCollaborator&RequestClass=Rule-HTML-Section&RequestAppliesTo=Rule-ApplicationConfiguration&RequestRuleName=pyCollaborator Payload: "{\"RequestClass\":\"Rule-HTML-Section\",\"RequestAppliesTo\":\"Rule-ApplicationConfiguration\",\"RequestRuleName\":\"pyCollaborator\"}" => HTTP 404 (18 bytes)
[PegaHttpClient] 📡 POST https://zdk8budo.pegaacademy.net/prweb/api/v1/rules/query?pxObjClass=Rule-HTML-Section&appliesTo=Rule-ApplicationConfiguration&pyRuleName=pyCollaborator&RequestClass=Rule-HTML-Section&RequestAppliesTo=Rule-ApplicationConfiguration&RequestRuleName=pyCollaborator Payload: "{\"RequestClass\":\"Rule-HTML-Section\",\"RequestAppliesTo\":\"Rule-ApplicationConfiguration\",\"RequestRuleName\":\"pyCollaborator\"}" => HTTP 404 (18 bytes)
[PegaHttpClient] 📡 POST https://zdk8budo.pegaacademy.net/prweb/PRRestService/v1/rules/query?pxObjClass=Rule-HTML-Section&appliesTo=Rule-ApplicationConfiguration&pyRuleName=pyCollaborator&RequestClass=Rule-HTML-Section&RequestAppliesTo=Rule-ApplicationConfiguration&RequestRuleName=pyCollaborator Payload: "{\"RequestClass\":\"Rule-HTML-Section\",\"RequestAppliesTo\":\"Rule-ApplicationConfiguration\",\"RequestRuleName\":\"pyCollaborator\"}" => HTTP 404 (18 bytes)
[PegaHttpClient] 📡 POST https://zdk8budo.pegaacademy.net/prweb/api/CodeIntelligence/v1/rules/query?pxObjClass=Rule-HTML-Section&appliesTo=Rule-ApplicationConfiguration&pyRuleName=pzDisplayPartialCount&RequestClass=Rule-HTML-Section&RequestAppliesTo=Rule-ApplicationConfiguration&RequestRuleName=pzDisplayPartialCount Payload: "{\"RequestClass\":\"Rule-HTML-Section\",\"RequestAppliesTo\":\"Rule-ApplicationConfiguration\",\"RequestRuleName\":\"pzDisplayPartialCount\"}" => HTTP 404 (128 bytes)
[PegaHttpClient] 📡 POST https://zdk8budo.pegaacademy.net/prweb/PRRestService/CodeIntelligence/v1/rules/query?pxObjClass=Rule-HTML-Section&appliesTo=Rule-ApplicationConfiguration&pyRuleName=pzDisplayPartialCount&RequestClass=Rule-HTML-Section&RequestAppliesTo=Rule-ApplicationConfiguration&RequestRuleName=pzDisplayPartialCount Payload: "{\"RequestClass\":\"Rule-HTML-Section\",\"RequestAppliesTo\":\"Rule-ApplicationConfiguration\",\"RequestRuleName\":\"pzDisplayPartialCount\"}" => HTTP 404 (128 bytes)
[PegaHttpClient] 📡 POST https://zdk8budo.pegaacademy.net/prweb/api/HRAppsV2Service/V1/rules/query?pxObjClass=Rule-HTML-Section&appliesTo=Rule-ApplicationConfiguration&pyRuleName=pzDisplayPartialCount&RequestClass=Rule-HTML-Section&RequestAppliesTo=Rule-ApplicationConfiguration&RequestRuleName=pzDisplayPartialCount Payload: "{\"RequestClass\":\"Rule-HTML-Section\",\"RequestAppliesTo\":\"Rule-ApplicationConfiguration\",\"RequestRuleName\":\"pzDisplayPartialCount\"}" => HTTP 404 (18 bytes)
[PegaHttpClient] 📡 POST https://zdk8budo.pegaacademy.net/prweb/PRRestService/HRAppsV2Service/V1/rules/query?pxObjClass=Rule-HTML-Section&appliesTo=Rule-ApplicationConfiguration&pyRuleName=pzDisplayPartialCount&RequestClass=Rule-HTML-Section&RequestAppliesTo=Rule-ApplicationConfiguration&RequestRuleName=pzDisplayPartialCount Payload: "{\"RequestClass\":\"Rule-HTML-Section\",\"RequestAppliesTo\":\"Rule-ApplicationConfiguration\",\"RequestRuleName\":\"pzDisplayPartialCount\"}" => HTTP 404 (18 bytes)
[PegaHttpClient] 📡 POST https://zdk8budo.pegaacademy.net/prweb/api/HRAppsV2/V1/rules/query?pxObjClass=Rule-HTML-Section&appliesTo=Rule-ApplicationConfiguration&pyRuleName=pzDisplayPartialCount&RequestClass=Rule-HTML-Section&RequestAppliesTo=Rule-ApplicationConfiguration&RequestRuleName=pzDisplayPartialCount Payload: "{\"RequestClass\":\"Rule-HTML-Section\",\"RequestAppliesTo\":\"Rule-ApplicationConfiguration\",\"RequestRuleName\":\"pzDisplayPartialCount\"}" => HTTP 404 (18 bytes)
[PegaHttpClient] 📡 POST https://zdk8budo.pegaacademy.net/prweb/PRRestService/HRAppsV2/V1/rules/query?pxObjClass=Rule-HTML-Section&appliesTo=Rule-ApplicationConfiguration&pyRuleName=pzDisplayPartialCount&RequestClass=Rule-HTML-Section&RequestAppliesTo=Rule-ApplicationConfiguration&RequestRuleName=pzDisplayPartialCount Payload: "{\"RequestClass\":\"Rule-HTML-Section\",\"RequestAppliesTo\":\"Rule-ApplicationConfiguration\",\"RequestRuleName\":\"pzDisplayPartialCount\"}" => HTTP 404 (18 bytes)
[PegaHttpClient] 📡 POST https://zdk8budo.pegaacademy.net/prweb/api/v1/rules/query?pxObjClass=Rule-HTML-Section&appliesTo=Rule-ApplicationConfiguration&pyRuleName=pzDisplayPartialCount&RequestClass=Rule-HTML-Section&RequestAppliesTo=Rule-ApplicationConfiguration&RequestRuleName=pzDisplayPartialCount Payload: "{\"RequestClass\":\"Rule-HTML-Section\",\"RequestAppliesTo\":\"Rule-ApplicationConfiguration\",\"RequestRuleName\":\"pzDisplayPartialCount\"}" => HTTP 404 (18 bytes)
[PegaHttpClient] 📡 POST https://zdk8budo.pegaacademy.net/prweb/PRRestService/v1/rules/query?pxObjClass=Rule-HTML-Section&appliesTo=Rule-ApplicationConfiguration&pyRuleName=pzDisplayPartialCount&RequestClass=Rule-HTML-Section&RequestAppliesTo=Rule-ApplicationConfiguration&RequestRuleName=pzDisplayPartialCount Payload: "{\"RequestClass\":\"Rule-HTML-Section\",\"RequestAppliesTo\":\"Rule-ApplicationConfiguration\",\"RequestRuleName\":\"pzDisplayPartialCount\"}" => HTTP 404 (18 bytes)
[SchemaGen] ✅ Schema written for Rule-ApplicationConfiguration
[PegaHttpClient] 📡 GET https://zdk8budo.pegaacademy.net/prweb/api/CodeIntelligence/v1/rules/RULE-HTML-HARNESS%20LOG-PEGARULESMOVE%20RULEFORM%20%2320180713T141450.627%20GMT => HTTP 200 (27737 bytes)
[PegaHttpClient] 📡 POST https://zdk8budo.pegaacademy.net/prweb/api/CodeIntelligence/v1/rules/query?pxObjClass=Rule-HTML-Section&appliesTo=Log-PegaRULESMove&pyRuleName=RuleFormLayout&RequestClass=Rule-HTML-Section&RequestAppliesTo=Log-PegaRULESMove&RequestRuleName=RuleFormLayout Payload: "{\"RequestClass\":\"Rule-HTML-Section\",\"RequestAppliesTo\":\"Log-PegaRULESMove\",\"RequestRuleName\":\"RuleFormLayout\"}" => HTTP 200 (77415 bytes)
[PegaHttpClient] 📡 POST https://zdk8budo.pegaacademy.net/prweb/api/CodeIntelligence/v1/rules/query?pxObjClass=Rule-HTML-Section&appliesTo=Log-PegaRULESMove&pyRuleName=RuleFormHeader&RequestClass=Rule-HTML-Section&RequestAppliesTo=Log-PegaRULESMove&RequestRuleName=RuleFormHeader Payload: "{\"RequestClass\":\"Rule-HTML-Section\",\"RequestAppliesTo\":\"Log-PegaRULESMove\",\"RequestRuleName\":\"RuleFormHeader\"}" => HTTP 200 (183800 bytes)
[PegaHttpClient] 📡 POST https://zdk8budo.pegaacademy.net/prweb/api/CodeIntelligence/v1/rules/query?pxObjClass=Rule-HTML-Section&appliesTo=Log-PegaRULESMove&pyRuleName=RuleFormHistory&RequestClass=Rule-HTML-Section&RequestAppliesTo=Log-PegaRULESMove&RequestRuleName=RuleFormHistory Payload: "{\"RequestClass\":\"Rule-HTML-Section\",\"RequestAppliesTo\":\"Log-PegaRULESMove\",\"RequestRuleName\":\"RuleFormHistory\"}" => HTTP 200 (18043 bytes)
[PegaHttpClient] 📡 POST https://zdk8budo.pegaacademy.net/prweb/api/CodeIntelligence/v1/rules/query?pxObjClass=Rule-HTML-Section&appliesTo=Log-PegaRULESMove&pyRuleName=pzRuleFormKeysAndDescription&RequestClass=Rule-HTML-Section&RequestAppliesTo=Log-PegaRULESMove&RequestRuleName=pzRuleFormKeysAndDescription Payload: "{\"RequestClass\":\"Rule-HTML-Section\",\"RequestAppliesTo\":\"Log-PegaRULESMove\",\"RequestRuleName\":\"pzRuleFormKeysAndDescription\"}" => HTTP 200 (218057 bytes)
[PegaHttpClient] 📡 POST https://zdk8budo.pegaacademy.net/prweb/api/CodeIntelligence/v1/rules/query?pxObjClass=Rule-HTML-Section&appliesTo=Log-PegaRULESMove&pyRuleName=pzRuleFormRuleset&RequestClass=Rule-HTML-Section&RequestAppliesTo=Log-PegaRULESMove&RequestRuleName=pzRuleFormRuleset Payload: "{\"RequestClass\":\"Rule-HTML-Section\",\"RequestAppliesTo\":\"Log-PegaRULESMove\",\"RequestRuleName\":\"pzRuleFormRuleset\"}" => HTTP 200 (13593 bytes)
[PegaHttpClient] 📡 POST https://zdk8budo.pegaacademy.net/prweb/api/CodeIntelligence/v1/rules/query?pxObjClass=Rule-HTML-Section&appliesTo=Log-PegaRULESMove&pyRuleName=undefined&RequestClass=Rule-HTML-Section&RequestAppliesTo=Log-PegaRULESMove&RequestRuleName=undefined Payload: "{\"RequestClass\":\"Rule-HTML-Section\",\"RequestAppliesTo\":\"Log-PegaRULESMove\",\"RequestRuleName\":\"undefined\"}" => HTTP 404 (104 bytes)
[PegaHttpClient] 📡 POST https://zdk8budo.pegaacademy.net/prweb/PRRestService/CodeIntelligence/v1/rules/query?pxObjClass=Rule-HTML-Section&appliesTo=Log-PegaRULESMove&pyRuleName=undefined&RequestClass=Rule-HTML-Section&RequestAppliesTo=Log-PegaRULESMove&RequestRuleName=undefined Payload: "{\"RequestClass\":\"Rule-HTML-Section\",\"RequestAppliesTo\":\"Log-PegaRULESMove\",\"RequestRuleName\":\"undefined\"}" => HTTP 404 (104 bytes)
[PegaHttpClient] 📡 POST https://zdk8budo.pegaacademy.net/prweb/api/HRAppsV2Service/V1/rules/query?pxObjClass=Rule-HTML-Section&appliesTo=Log-PegaRULESMove&pyRuleName=undefined&RequestClass=Rule-HTML-Section&RequestAppliesTo=Log-PegaRULESMove&RequestRuleName=undefined Payload: "{\"RequestClass\":\"Rule-HTML-Section\",\"RequestAppliesTo\":\"Log-PegaRULESMove\",\"RequestRuleName\":\"undefined\"}" => HTTP 404 (18 bytes)
[PegaHttpClient] 📡 POST https://zdk8budo.pegaacademy.net/prweb/PRRestService/HRAppsV2Service/V1/rules/query?pxObjClass=Rule-HTML-Section&appliesTo=Log-PegaRULESMove&pyRuleName=undefined&RequestClass=Rule-HTML-Section&RequestAppliesTo=Log-PegaRULESMove&RequestRuleName=undefined Payload: "{\"RequestClass\":\"Rule-HTML-Section\",\"RequestAppliesTo\":\"Log-PegaRULESMove\",\"RequestRuleName\":\"undefined\"}" => HTTP 404 (18 bytes)
[PegaHttpClient] 📡 POST https://zdk8budo.pegaacademy.net/prweb/api/HRAppsV2/V1/rules/query?pxObjClass=Rule-HTML-Section&appliesTo=Log-PegaRULESMove&pyRuleName=undefined&RequestClass=Rule-HTML-Section&RequestAppliesTo=Log-PegaRULESMove&RequestRuleName=undefined Payload: "{\"RequestClass\":\"Rule-HTML-Section\",\"RequestAppliesTo\":\"Log-PegaRULESMove\",\"RequestRuleName\":\"undefined\"}" => HTTP 404 (18 bytes)
[PegaHttpClient] 📡 POST https://zdk8budo.pegaacademy.net/prweb/PRRestService/HRAppsV2/V1/rules/query?pxObjClass=Rule-HTML-Section&appliesTo=Log-PegaRULESMove&pyRuleName=undefined&RequestClass=Rule-HTML-Section&RequestAppliesTo=Log-PegaRULESMove&RequestRuleName=undefined Payload: "{\"RequestClass\":\"Rule-HTML-Section\",\"RequestAppliesTo\":\"Log-PegaRULESMove\",\"RequestRuleName\":\"undefined\"}" => HTTP 404 (18 bytes)
[PegaHttpClient] 📡 POST https://zdk8budo.pegaacademy.net/prweb/api/v1/rules/query?pxObjClass=Rule-HTML-Section&appliesTo=Log-PegaRULESMove&pyRuleName=undefined&RequestClass=Rule-HTML-Section&RequestAppliesTo=Log-PegaRULESMove&RequestRuleName=undefined Payload: "{\"RequestClass\":\"Rule-HTML-Section\",\"RequestAppliesTo\":\"Log-PegaRULESMove\",\"RequestRuleName\":\"undefined\"}" => HTTP 404 (18 bytes)
[PegaHttpClient] 📡 POST https://zdk8budo.pegaacademy.net/prweb/PRRestService/v1/rules/query?pxObjClass=Rule-HTML-Section&appliesTo=Log-PegaRULESMove&pyRuleName=undefined&RequestClass=Rule-HTML-Section&RequestAppliesTo=Log-PegaRULESMove&RequestRuleName=undefined Payload: "{\"RequestClass\":\"Rule-HTML-Section\",\"RequestAppliesTo\":\"Log-PegaRULESMove\",\"RequestRuleName\":\"undefined\"}" => HTTP 404 (18 bytes)
[PegaHttpClient] 📡 POST https://zdk8budo.pegaacademy.net/prweb/api/CodeIntelligence/v1/rules/query?pxObjClass=Rule-HTML-Section&appliesTo=Log-PegaRULESMove&pyRuleName=pzRuleFormToolbar&RequestClass=Rule-HTML-Section&RequestAppliesTo=Log-PegaRULESMove&RequestRuleName=pzRuleFormToolbar Payload: "{\"RequestClass\":\"Rule-HTML-Section\",\"RequestAppliesTo\":\"Log-PegaRULESMove\",\"RequestRuleName\":\"pzRuleFormToolbar\"}" => HTTP 200 (242691 bytes)
[PegaHttpClient] 📡 POST https://zdk8budo.pegaacademy.net/prweb/api/CodeIntelligence/v1/rules/query?pxObjClass=Rule-HTML-Section&appliesTo=Log-PegaRULESMove&pyRuleName=pzRuleFormToolbarCompare&RequestClass=Rule-HTML-Section&RequestAppliesTo=Log-PegaRULESMove&RequestRuleName=pzRuleFormToolbarCompare Payload: "{\"RequestClass\":\"Rule-HTML-Section\",\"RequestAppliesTo\":\"Log-PegaRULESMove\",\"RequestRuleName\":\"pzRuleFormToolbarCompare\"}" => HTTP 200 (61925 bytes)
[PegaHttpClient] 📡 POST https://zdk8budo.pegaacademy.net/prweb/api/CodeIntelligence/v1/rules/query?pxObjClass=Rule-HTML-Section&appliesTo=Log-PegaRULESMove&pyRuleName=RuleFormHeaderMessages&RequestClass=Rule-HTML-Section&RequestAppliesTo=Log-PegaRULESMove&RequestRuleName=RuleFormHeaderMessages Payload: "{\"RequestClass\":\"Rule-HTML-Section\",\"RequestAppliesTo\":\"Log-PegaRULESMove\",\"RequestRuleName\":\"RuleFormHeaderMessages\"}" => HTTP 200 (26518 bytes)
[PegaHttpClient] 📡 POST https://zdk8budo.pegaacademy.net/prweb/api/CodeIntelligence/v1/rules/query?pxObjClass=Rule-HTML-Section&appliesTo=Log-PegaRULESMove&pyRuleName=pzRuleFormStatus&RequestClass=Rule-HTML-Section&RequestAppliesTo=Log-PegaRULESMove&RequestRuleName=pzRuleFormStatus Payload: "{\"RequestClass\":\"Rule-HTML-Section\",\"RequestAppliesTo\":\"Log-PegaRULESMove\",\"RequestRuleName\":\"pzRuleFormStatus\"}" => HTTP 200 (13310 bytes)
[PegaHttpClient] 📡 POST https://zdk8budo.pegaacademy.net/prweb/api/CodeIntelligence/v1/rules/query?pxObjClass=Rule-HTML-Section&appliesTo=Log-PegaRULESMove&pyRuleName=pzRuleFormHeaderCompareWithDropDown&RequestClass=Rule-HTML-Section&RequestAppliesTo=Log-PegaRULESMove&RequestRuleName=pzRuleFormHeaderCompareWithDropDown Payload: "{\"RequestClass\":\"Rule-HTML-Section\",\"RequestAppliesTo\":\"Log-PegaRULESMove\",\"RequestRuleName\":\"pzRuleFormHeaderCompareWithDropDown\"}" => HTTP 200 (25396 bytes)
[PegaHttpClient] 📡 POST https://zdk8budo.pegaacademy.net/prweb/api/CodeIntelligence/v1/rules/query?pxObjClass=Rule-HTML-Section&appliesTo=Log-PegaRULESMove&pyRuleName=undefined&RequestClass=Rule-HTML-Section&RequestAppliesTo=Log-PegaRULESMove&RequestRuleName=undefined Payload: "{\"RequestClass\":\"Rule-HTML-Section\",\"RequestAppliesTo\":\"Log-PegaRULESMove\",\"RequestRuleName\":\"undefined\"}" => HTTP 404 (104 bytes)
[PegaHttpClient] 📡 POST https://zdk8budo.pegaacademy.net/prweb/PRRestService/CodeIntelligence/v1/rules/query?pxObjClass=Rule-HTML-Section&appliesTo=Log-PegaRULESMove&pyRuleName=undefined&RequestClass=Rule-HTML-Section&RequestAppliesTo=Log-PegaRULESMove&RequestRuleName=undefined Payload: "{\"RequestClass\":\"Rule-HTML-Section\",\"RequestAppliesTo\":\"Log-PegaRULESMove\",\"RequestRuleName\":\"undefined\"}" => HTTP 404 (104 bytes)
[PegaHttpClient] 📡 POST https://zdk8budo.pegaacademy.net/prweb/api/HRAppsV2Service/V1/rules/query?pxObjClass=Rule-HTML-Section&appliesTo=Log-PegaRULESMove&pyRuleName=undefined&RequestClass=Rule-HTML-Section&RequestAppliesTo=Log-PegaRULESMove&RequestRuleName=undefined Payload: "{\"RequestClass\":\"Rule-HTML-Section\",\"RequestAppliesTo\":\"Log-PegaRULESMove\",\"RequestRuleName\":\"undefined\"}" => HTTP 404 (18 bytes)
[PegaHttpClient] 📡 POST https://zdk8budo.pegaacademy.net/prweb/PRRestService/HRAppsV2Service/V1/rules/query?pxObjClass=Rule-HTML-Section&appliesTo=Log-PegaRULESMove&pyRuleName=undefined&RequestClass=Rule-HTML-Section&RequestAppliesTo=Log-PegaRULESMove&RequestRuleName=undefined Payload: "{\"RequestClass\":\"Rule-HTML-Section\",\"RequestAppliesTo\":\"Log-PegaRULESMove\",\"RequestRuleName\":\"undefined\"}" => HTTP 404 (18 bytes)
[PegaHttpClient] 📡 POST https://zdk8budo.pegaacademy.net/prweb/api/HRAppsV2/V1/rules/query?pxObjClass=Rule-HTML-Section&appliesTo=Log-PegaRULESMove&pyRuleName=undefined&RequestClass=Rule-HTML-Section&RequestAppliesTo=Log-PegaRULESMove&RequestRuleName=undefined Payload: "{\"RequestClass\":\"Rule-HTML-Section\",\"RequestAppliesTo\":\"Log-PegaRULESMove\",\"RequestRuleName\":\"undefined\"}" => HTTP 404 (18 bytes)
[PegaHttpClient] 📡 POST https://zdk8budo.pegaacademy.net/prweb/PRRestService/HRAppsV2/V1/rules/query?pxObjClass=Rule-HTML-Section&appliesTo=Log-PegaRULESMove&pyRuleName=undefined&RequestClass=Rule-HTML-Section&RequestAppliesTo=Log-PegaRULESMove&RequestRuleName=undefined Payload: "{\"RequestClass\":\"Rule-HTML-Section\",\"RequestAppliesTo\":\"Log-PegaRULESMove\",\"RequestRuleName\":\"undefined\"}" => HTTP 404 (18 bytes)
[PegaHttpClient] 📡 POST https://zdk8budo.pegaacademy.net/prweb/api/v1/rules/query?pxObjClass=Rule-HTML-Section&appliesTo=Log-PegaRULESMove&pyRuleName=undefined&RequestClass=Rule-HTML-Section&RequestAppliesTo=Log-PegaRULESMove&RequestRuleName=undefined Payload: "{\"RequestClass\":\"Rule-HTML-Section\",\"RequestAppliesTo\":\"Log-PegaRULESMove\",\"RequestRuleName\":\"undefined\"}" => HTTP 404 (18 bytes)
[PegaHttpClient] 📡 POST https://zdk8budo.pegaacademy.net/prweb/PRRestService/v1/rules/query?pxObjClass=Rule-HTML-Section&appliesTo=Log-PegaRULESMove&pyRuleName=undefined&RequestClass=Rule-HTML-Section&RequestAppliesTo=Log-PegaRULESMove&RequestRuleName=undefined Payload: "{\"RequestClass\":\"Rule-HTML-Section\",\"RequestAppliesTo\":\"Log-PegaRULESMove\",\"RequestRuleName\":\"undefined\"}" => HTTP 404 (18 bytes)
[PegaHttpClient] 📡 POST https://zdk8budo.pegaacademy.net/prweb/api/CodeIntelligence/v1/rules/query?pxObjClass=Rule-HTML-Section&appliesTo=Log-PegaRULESMove&pyRuleName=pzRuleFormToolbarHotKeys&RequestClass=Rule-HTML-Section&RequestAppliesTo=Log-PegaRULESMove&RequestRuleName=pzRuleFormToolbarHotKeys Payload: "{\"RequestClass\":\"Rule-HTML-Section\",\"RequestAppliesTo\":\"Log-PegaRULESMove\",\"RequestRuleName\":\"pzRuleFormToolbarHotKeys\"}" => HTTP 200 (85058 bytes)
[PegaHttpClient] 📡 POST https://zdk8budo.pegaacademy.net/prweb/api/CodeIntelligence/v1/rules/query?pxObjClass=Rule-HTML-Section&appliesTo=Log-PegaRULESMove&pyRuleName=pzRuleFormToolbarLockedIcon&RequestClass=Rule-HTML-Section&RequestAppliesTo=Log-PegaRULESMove&RequestRuleName=pzRuleFormToolbarLockedIcon Payload: "{\"RequestClass\":\"Rule-HTML-Section\",\"RequestAppliesTo\":\"Log-PegaRULESMove\",\"RequestRuleName\":\"pzRuleFormToolbarLockedIcon\"}" => HTTP 200 (19111 bytes)
[PegaHttpClient] 📡 POST https://zdk8budo.pegaacademy.net/prweb/api/CodeIntelligence/v1/rules/query?pxObjClass=Rule-HTML-Section&appliesTo=Log-PegaRULESMove&pyRuleName=pzRuleFormToolbarCollaborators&RequestClass=Rule-HTML-Section&RequestAppliesTo=Log-PegaRULESMove&RequestRuleName=pzRuleFormToolbarCollaborators Payload: "{\"RequestClass\":\"Rule-HTML-Section\",\"RequestAppliesTo\":\"Log-PegaRULESMove\",\"RequestRuleName\":\"pzRuleFormToolbarCollaborators\"}" => HTTP 200 (15254 bytes)
[PegaHttpClient] 📡 POST https://zdk8budo.pegaacademy.net/prweb/api/CodeIntelligence/v1/rules/query?pxObjClass=Rule-HTML-Section&appliesTo=Log-PegaRULESMove&pyRuleName=pzRuleFormToolbarSaveAs&RequestClass=Rule-HTML-Section&RequestAppliesTo=Log-PegaRULESMove&RequestRuleName=pzRuleFormToolbarSaveAs Payload: "{\"RequestClass\":\"Rule-HTML-Section\",\"RequestAppliesTo\":\"Log-PegaRULESMove\",\"RequestRuleName\":\"pzRuleFormToolbarSaveAs\"}" => HTTP 200 (64084 bytes)
[PegaHttpClient] 📡 POST https://zdk8budo.pegaacademy.net/prweb/api/CodeIntelligence/v1/rules/query?pxObjClass=Rule-HTML-Section&appliesTo=Log-PegaRULESMove&pyRuleName=pzRuleFormToolbarCheckin&RequestClass=Rule-HTML-Section&RequestAppliesTo=Log-PegaRULESMove&RequestRuleName=pzRuleFormToolbarCheckin Payload: "{\"RequestClass\":\"Rule-HTML-Section\",\"RequestAppliesTo\":\"Log-PegaRULESMove\",\"RequestRuleName\":\"pzRuleFormToolbarCheckin\"}" => HTTP 200 (15601 bytes)
[PegaHttpClient] 📡 POST https://zdk8budo.pegaacademy.net/prweb/api/CodeIntelligence/v1/rules/query?pxObjClass=Rule-HTML-Section&appliesTo=Log-PegaRULESMove&pyRuleName=pzRuleFormToolbarDelete&RequestClass=Rule-HTML-Section&RequestAppliesTo=Log-PegaRULESMove&RequestRuleName=pzRuleFormToolbarDelete Payload: "{\"RequestClass\":\"Rule-HTML-Section\",\"RequestAppliesTo\":\"Log-PegaRULESMove\",\"RequestRuleName\":\"pzRuleFormToolbarDelete\"}" => HTTP 200 (30249 bytes)
[PegaHttpClient] 📡 POST https://zdk8budo.pegaacademy.net/prweb/api/CodeIntelligence/v1/rules/query?pxObjClass=Rule-HTML-Section&appliesTo=Log-PegaRULESMove&pyRuleName=pzRuleFormToolbarSave&RequestClass=Rule-HTML-Section&RequestAppliesTo=Log-PegaRULESMove&RequestRuleName=pzRuleFormToolbarSave Payload: "{\"RequestClass\":\"Rule-HTML-Section\",\"RequestAppliesTo\":\"Log-PegaRULESMove\",\"RequestRuleName\":\"pzRuleFormToolbarSave\"}" => HTTP 200 (293885 bytes)
[PegaHttpClient] 📡 POST https://zdk8budo.pegaacademy.net/prweb/api/CodeIntelligence/v1/rules/query?pxObjClass=Rule-HTML-Section&appliesTo=Log-PegaRULESMove&pyRuleName=pzRuleFormToolbarCheckout&RequestClass=Rule-HTML-Section&RequestAppliesTo=Log-PegaRULESMove&RequestRuleName=pzRuleFormToolbarCheckout Payload: "{\"RequestClass\":\"Rule-HTML-Section\",\"RequestAppliesTo\":\"Log-PegaRULESMove\",\"RequestRuleName\":\"pzRuleFormToolbarCheckout\"}" => HTTP 200 (14854 bytes)
[PegaHttpClient] 📡 POST https://zdk8budo.pegaacademy.net/prweb/api/CodeIntelligence/v1/rules/query?pxObjClass=Rule-HTML-Section&appliesTo=Log-PegaRULESMove&pyRuleName=RuleFormMain&RequestClass=Rule-HTML-Section&RequestAppliesTo=Log-PegaRULESMove&RequestRuleName=RuleFormMain Payload: "{\"RequestClass\":\"Rule-HTML-Section\",\"RequestAppliesTo\":\"Log-PegaRULESMove\",\"RequestRuleName\":\"RuleFormMain\"}" => HTTP 200 (156234 bytes)
[PegaHttpClient] 📡 POST https://zdk8budo.pegaacademy.net/prweb/api/CodeIntelligence/v1/rules/query?pxObjClass=Rule-HTML-Section&appliesTo=Log-PegaRULESMove&pyRuleName=pzRemoveErrorsDataPage&RequestClass=Rule-HTML-Section&RequestAppliesTo=Log-PegaRULESMove&RequestRuleName=pzRemoveErrorsDataPage Payload: "{\"RequestClass\":\"Rule-HTML-Section\",\"RequestAppliesTo\":\"Log-PegaRULESMove\",\"RequestRuleName\":\"pzRemoveErrorsDataPage\"}" => HTTP 200 (16733 bytes)
[PegaHttpClient] 📡 POST https://zdk8budo.pegaacademy.net/prweb/api/CodeIntelligence/v1/rules/query?pxObjClass=Rule-HTML-Section&appliesTo=Log-PegaRULESMove&pyRuleName=pzRuleFormHeaderMessagesWrapper&RequestClass=Rule-HTML-Section&RequestAppliesTo=Log-PegaRULESMove&RequestRuleName=pzRuleFormHeaderMessagesWrapper Payload: "{\"RequestClass\":\"Rule-HTML-Section\",\"RequestAppliesTo\":\"Log-PegaRULESMove\",\"RequestRuleName\":\"pzRuleFormHeaderMessagesWrapper\"}" => HTTP 200 (16981 bytes)
[PegaHttpClient] 📡 POST https://zdk8budo.pegaacademy.net/prweb/api/CodeIntelligence/v1/rules/query?pxObjClass=Rule-HTML-Section&appliesTo=Log-PegaRULESMove&pyRuleName=pxDisplayCollaborators&RequestClass=Rule-HTML-Section&RequestAppliesTo=Log-PegaRULESMove&RequestRuleName=pxDisplayCollaborators Payload: "{\"RequestClass\":\"Rule-HTML-Section\",\"RequestAppliesTo\":\"Log-PegaRULESMove\",\"RequestRuleName\":\"pxDisplayCollaborators\"}" => HTTP 200 (94171 bytes)
[PegaHttpClient] 📡 POST https://zdk8budo.pegaacademy.net/prweb/api/CodeIntelligence/v1/rules/query?pxObjClass=Rule-HTML-Section&appliesTo=Log-PegaRULESMove&pyRuleName=pzRuleFormToolbarDeleteCheckOut&RequestClass=Rule-HTML-Section&RequestAppliesTo=Log-PegaRULESMove&RequestRuleName=pzRuleFormToolbarDeleteCheckOut Payload: "{\"RequestClass\":\"Rule-HTML-Section\",\"RequestAppliesTo\":\"Log-PegaRULESMove\",\"RequestRuleName\":\"pzRuleFormToolbarDeleteCheckOut\"}" => HTTP 404 (126 bytes)
[PegaHttpClient] 📡 POST https://zdk8budo.pegaacademy.net/prweb/PRRestService/CodeIntelligence/v1/rules/query?pxObjClass=Rule-HTML-Section&appliesTo=Log-PegaRULESMove&pyRuleName=pzRuleFormToolbarDeleteCheckOut&RequestClass=Rule-HTML-Section&RequestAppliesTo=Log-PegaRULESMove&RequestRuleName=pzRuleFormToolbarDeleteCheckOut Payload: "{\"RequestClass\":\"Rule-HTML-Section\",\"RequestAppliesTo\":\"Log-PegaRULESMove\",\"RequestRuleName\":\"pzRuleFormToolbarDeleteCheckOut\"}" => HTTP 404 (126 bytes)
[PegaHttpClient] 📡 POST https://zdk8budo.pegaacademy.net/prweb/api/HRAppsV2Service/V1/rules/query?pxObjClass=Rule-HTML-Section&appliesTo=Log-PegaRULESMove&pyRuleName=pzRuleFormToolbarDeleteCheckOut&RequestClass=Rule-HTML-Section&RequestAppliesTo=Log-PegaRULESMove&RequestRuleName=pzRuleFormToolbarDeleteCheckOut Payload: "{\"RequestClass\":\"Rule-HTML-Section\",\"RequestAppliesTo\":\"Log-PegaRULESMove\",\"RequestRuleName\":\"pzRuleFormToolbarDeleteCheckOut\"}" => HTTP 404 (18 bytes)
[PegaHttpClient] 📡 POST https://zdk8budo.pegaacademy.net/prweb/PRRestService/HRAppsV2Service/V1/rules/query?pxObjClass=Rule-HTML-Section&appliesTo=Log-PegaRULESMove&pyRuleName=pzRuleFormToolbarDeleteCheckOut&RequestClass=Rule-HTML-Section&RequestAppliesTo=Log-PegaRULESMove&RequestRuleName=pzRuleFormToolbarDeleteCheckOut Payload: "{\"RequestClass\":\"Rule-HTML-Section\",\"RequestAppliesTo\":\"Log-PegaRULESMove\",\"RequestRuleName\":\"pzRuleFormToolbarDeleteCheckOut\"}" => HTTP 404 (18 bytes)
[PegaHttpClient] 📡 POST https://zdk8budo.pegaacademy.net/prweb/api/HRAppsV2/V1/rules/query?pxObjClass=Rule-HTML-Section&appliesTo=Log-PegaRULESMove&pyRuleName=pzRuleFormToolbarDeleteCheckOut&RequestClass=Rule-HTML-Section&RequestAppliesTo=Log-PegaRULESMove&RequestRuleName=pzRuleFormToolbarDeleteCheckOut Payload: "{\"RequestClass\":\"Rule-HTML-Section\",\"RequestAppliesTo\":\"Log-PegaRULESMove\",\"RequestRuleName\":\"pzRuleFormToolbarDeleteCheckOut\"}" => HTTP 404 (18 bytes)
[PegaHttpClient] 📡 POST https://zdk8budo.pegaacademy.net/prweb/PRRestService/HRAppsV2/V1/rules/query?pxObjClass=Rule-HTML-Section&appliesTo=Log-PegaRULESMove&pyRuleName=pzRuleFormToolbarDeleteCheckOut&RequestClass=Rule-HTML-Section&RequestAppliesTo=Log-PegaRULESMove&RequestRuleName=pzRuleFormToolbarDeleteCheckOut Payload: "{\"RequestClass\":\"Rule-HTML-Section\",\"RequestAppliesTo\":\"Log-PegaRULESMove\",\"RequestRuleName\":\"pzRuleFormToolbarDeleteCheckOut\"}" => HTTP 404 (18 bytes)
[PegaHttpClient] 📡 POST https://zdk8budo.pegaacademy.net/prweb/api/v1/rules/query?pxObjClass=Rule-HTML-Section&appliesTo=Log-PegaRULESMove&pyRuleName=pzRuleFormToolbarDeleteCheckOut&RequestClass=Rule-HTML-Section&RequestAppliesTo=Log-PegaRULESMove&RequestRuleName=pzRuleFormToolbarDeleteCheckOut Payload: "{\"RequestClass\":\"Rule-HTML-Section\",\"RequestAppliesTo\":\"Log-PegaRULESMove\",\"RequestRuleName\":\"pzRuleFormToolbarDeleteCheckOut\"}" => HTTP 404 (18 bytes)
[PegaHttpClient] 📡 POST https://zdk8budo.pegaacademy.net/prweb/PRRestService/v1/rules/query?pxObjClass=Rule-HTML-Section&appliesTo=Log-PegaRULESMove&pyRuleName=pzRuleFormToolbarDeleteCheckOut&RequestClass=Rule-HTML-Section&RequestAppliesTo=Log-PegaRULESMove&RequestRuleName=pzRuleFormToolbarDeleteCheckOut Payload: "{\"RequestClass\":\"Rule-HTML-Section\",\"RequestAppliesTo\":\"Log-PegaRULESMove\",\"RequestRuleName\":\"pzRuleFormToolbarDeleteCheckOut\"}" => HTTP 404 (18 bytes)
[PegaHttpClient] 📡 POST https://zdk8budo.pegaacademy.net/prweb/api/CodeIntelligence/v1/rules/query?pxObjClass=Rule-HTML-Section&appliesTo=Log-PegaRULESMove&pyRuleName=pzRuleFormToolbarDeleteRule&RequestClass=Rule-HTML-Section&RequestAppliesTo=Log-PegaRULESMove&RequestRuleName=pzRuleFormToolbarDeleteRule Payload: "{\"RequestClass\":\"Rule-HTML-Section\",\"RequestAppliesTo\":\"Log-PegaRULESMove\",\"RequestRuleName\":\"pzRuleFormToolbarDeleteRule\"}" => HTTP 200 (32314 bytes)
[PegaHttpClient] 📡 POST https://zdk8budo.pegaacademy.net/prweb/api/CodeIntelligence/v1/rules/query?pxObjClass=Rule-HTML-Section&appliesTo=Log-PegaRULESMove&pyRuleName=pxAlternateRuleForm&RequestClass=Rule-HTML-Section&RequestAppliesTo=Log-PegaRULESMove&RequestRuleName=pxAlternateRuleForm Payload: "{\"RequestClass\":\"Rule-HTML-Section\",\"RequestAppliesTo\":\"Log-PegaRULESMove\",\"RequestRuleName\":\"pxAlternateRuleForm\"}" => HTTP 200 (66153 bytes)
[PegaHttpClient] 📡 POST https://zdk8budo.pegaacademy.net/prweb/api/CodeIntelligence/v1/rules/query?pxObjClass=Rule-HTML-Section&appliesTo=Log-PegaRULESMove&pyRuleName=pzRuleFormScripts&RequestClass=Rule-HTML-Section&RequestAppliesTo=Log-PegaRULESMove&RequestRuleName=pzRuleFormScripts Payload: "{\"RequestClass\":\"Rule-HTML-Section\",\"RequestAppliesTo\":\"Log-PegaRULESMove\",\"RequestRuleName\":\"pzRuleFormScripts\"}" => HTTP 200 (40822 bytes)
[PegaHttpClient] 📡 POST https://zdk8budo.pegaacademy.net/prweb/api/CodeIntelligence/v1/rules/query?pxObjClass=Rule-HTML-Section&appliesTo=Log-PegaRULESMove&pyRuleName=pzRuleFormLayoutDelegated&RequestClass=Rule-HTML-Section&RequestAppliesTo=Log-PegaRULESMove&RequestRuleName=pzRuleFormLayoutDelegated Payload: "{\"RequestClass\":\"Rule-HTML-Section\",\"RequestAppliesTo\":\"Log-PegaRULESMove\",\"RequestRuleName\":\"pzRuleFormLayoutDelegated\"}" => HTTP 200 (70998 bytes)
[PegaHttpClient] 📡 POST https://zdk8budo.pegaacademy.net/prweb/api/CodeIntelligence/v1/rules/query?pxObjClass=Rule-HTML-Section&appliesTo=Log-PegaRULESMove&pyRuleName=RuleFormSettings&RequestClass=Rule-HTML-Section&RequestAppliesTo=Log-PegaRULESMove&RequestRuleName=RuleFormSettings Payload: "{\"RequestClass\":\"Rule-HTML-Section\",\"RequestAppliesTo\":\"Log-PegaRULESMove\",\"RequestRuleName\":\"RuleFormSettings\"}" => HTTP 200 (21582 bytes)
[PegaHttpClient] 📡 POST https://zdk8budo.pegaacademy.net/prweb/api/CodeIntelligence/v1/rules/query?pxObjClass=Rule-HTML-Section&appliesTo=Log-PegaRULESMove&pyRuleName=OpenAuthoring&RequestClass=Rule-HTML-Section&RequestAppliesTo=Log-PegaRULESMove&RequestRuleName=OpenAuthoring Payload: "{\"RequestClass\":\"Rule-HTML-Section\",\"RequestAppliesTo\":\"Log-PegaRULESMove\",\"RequestRuleName\":\"OpenAuthoring\"}" => HTTP 200 (20315 bytes)
[PegaHttpClient] 📡 POST https://zdk8budo.pegaacademy.net/prweb/api/CodeIntelligence/v1/rules/query?pxObjClass=Rule-HTML-Section&appliesTo=Log-PegaRULESMove&pyRuleName=pyCustomHelp&RequestClass=Rule-HTML-Section&RequestAppliesTo=Log-PegaRULESMove&RequestRuleName=pyCustomHelp Payload: "{\"RequestClass\":\"Rule-HTML-Section\",\"RequestAppliesTo\":\"Log-PegaRULESMove\",\"RequestRuleName\":\"pyCustomHelp\"}" => HTTP 200 (17256 bytes)
[PegaHttpClient] 📡 POST https://zdk8budo.pegaacademy.net/prweb/api/CodeIntelligence/v1/rules/query?pxObjClass=Rule-HTML-Section&appliesTo=Log-PegaRULESMove&pyRuleName=pzRuleformMainInclude&RequestClass=Rule-HTML-Section&RequestAppliesTo=Log-PegaRULESMove&RequestRuleName=pzRuleformMainInclude Payload: "{\"RequestClass\":\"Rule-HTML-Section\",\"RequestAppliesTo\":\"Log-PegaRULESMove\",\"RequestRuleName\":\"pzRuleformMainInclude\"}" => HTTP 200 (22375 bytes)
[PegaHttpClient] 📡 POST https://zdk8budo.pegaacademy.net/prweb/api/CodeIntelligence/v1/rules/query?pxObjClass=Rule-HTML-Section&appliesTo=Log-PegaRULESMove&pyRuleName=pzLoadCollaborationScripts&RequestClass=Rule-HTML-Section&RequestAppliesTo=Log-PegaRULESMove&RequestRuleName=pzLoadCollaborationScripts Payload: "{\"RequestClass\":\"Rule-HTML-Section\",\"RequestAppliesTo\":\"Log-PegaRULESMove\",\"RequestRuleName\":\"pzLoadCollaborationScripts\"}" => HTTP 200 (23453 bytes)
[PegaHttpClient] 📡 POST https://zdk8budo.pegaacademy.net/prweb/api/CodeIntelligence/v1/rules/query?pxObjClass=Rule-HTML-Section&appliesTo=Log-PegaRULESMove&pyRuleName=pzDisplayCollaboratorsList&RequestClass=Rule-HTML-Section&RequestAppliesTo=Log-PegaRULESMove&RequestRuleName=pzDisplayCollaboratorsList Payload: "{\"RequestClass\":\"Rule-HTML-Section\",\"RequestAppliesTo\":\"Log-PegaRULESMove\",\"RequestRuleName\":\"pzDisplayCollaboratorsList\"}" => HTTP 200 (105418 bytes)
[PegaHttpClient] 📡 POST https://zdk8budo.pegaacademy.net/prweb/api/CodeIntelligence/v1/rules/query?pxObjClass=Rule-HTML-Section&appliesTo=Log-PegaRULESMove&pyRuleName=pyAlternativeRuleFormStrategicAppExtension&RequestClass=Rule-HTML-Section&RequestAppliesTo=Log-PegaRULESMove&RequestRuleName=pyAlternativeRuleFormStrategicAppExtension Payload: "{\"RequestClass\":\"Rule-HTML-Section\",\"RequestAppliesTo\":\"Log-PegaRULESMove\",\"RequestRuleName\":\"pyAlternativeRuleFormStrategicAppExtension\"}" => HTTP 200 (25042 bytes)
[PegaHttpClient] 📡 POST https://zdk8budo.pegaacademy.net/prweb/api/CodeIntelligence/v1/rules/query?pxObjClass=Rule-HTML-Section&appliesTo=Log-PegaRULESMove&pyRuleName=pyAlternativeRuleFormExtension&RequestClass=Rule-HTML-Section&RequestAppliesTo=Log-PegaRULESMove&RequestRuleName=pyAlternativeRuleFormExtension Payload: "{\"RequestClass\":\"Rule-HTML-Section\",\"RequestAppliesTo\":\"Log-PegaRULESMove\",\"RequestRuleName\":\"pyAlternativeRuleFormExtension\"}" => HTTP 200 (24863 bytes)
[PegaHttpClient] 📡 POST https://zdk8budo.pegaacademy.net/prweb/api/CodeIntelligence/v1/rules/query?pxObjClass=Rule-HTML-Section&appliesTo=Log-PegaRULESMove&pyRuleName=pzDelegationExperience&RequestClass=Rule-HTML-Section&RequestAppliesTo=Log-PegaRULESMove&RequestRuleName=pzDelegationExperience Payload: "{\"RequestClass\":\"Rule-HTML-Section\",\"RequestAppliesTo\":\"Log-PegaRULESMove\",\"RequestRuleName\":\"pzDelegationExperience\"}" => HTTP 404 (117 bytes)
[PegaHttpClient] 📡 POST https://zdk8budo.pegaacademy.net/prweb/PRRestService/CodeIntelligence/v1/rules/query?pxObjClass=Rule-HTML-Section&appliesTo=Log-PegaRULESMove&pyRuleName=pzDelegationExperience&RequestClass=Rule-HTML-Section&RequestAppliesTo=Log-PegaRULESMove&RequestRuleName=pzDelegationExperience Payload: "{\"RequestClass\":\"Rule-HTML-Section\",\"RequestAppliesTo\":\"Log-PegaRULESMove\",\"RequestRuleName\":\"pzDelegationExperience\"}" => HTTP 404 (117 bytes)
[PegaHttpClient] 📡 POST https://zdk8budo.pegaacademy.net/prweb/api/HRAppsV2Service/V1/rules/query?pxObjClass=Rule-HTML-Section&appliesTo=Log-PegaRULESMove&pyRuleName=pzDelegationExperience&RequestClass=Rule-HTML-Section&RequestAppliesTo=Log-PegaRULESMove&RequestRuleName=pzDelegationExperience Payload: "{\"RequestClass\":\"Rule-HTML-Section\",\"RequestAppliesTo\":\"Log-PegaRULESMove\",\"RequestRuleName\":\"pzDelegationExperience\"}" => HTTP 404 (18 bytes)
[PegaHttpClient] 📡 POST https://zdk8budo.pegaacademy.net/prweb/PRRestService/HRAppsV2Service/V1/rules/query?pxObjClass=Rule-HTML-Section&appliesTo=Log-PegaRULESMove&pyRuleName=pzDelegationExperience&RequestClass=Rule-HTML-Section&RequestAppliesTo=Log-PegaRULESMove&RequestRuleName=pzDelegationExperience Payload: "{\"RequestClass\":\"Rule-HTML-Section\",\"RequestAppliesTo\":\"Log-PegaRULESMove\",\"RequestRuleName\":\"pzDelegationExperience\"}" => HTTP 404 (18 bytes)
[PegaHttpClient] 📡 POST https://zdk8budo.pegaacademy.net/prweb/api/HRAppsV2/V1/rules/query?pxObjClass=Rule-HTML-Section&appliesTo=Log-PegaRULESMove&pyRuleName=pzDelegationExperience&RequestClass=Rule-HTML-Section&RequestAppliesTo=Log-PegaRULESMove&RequestRuleName=pzDelegationExperience Payload: "{\"RequestClass\":\"Rule-HTML-Section\",\"RequestAppliesTo\":\"Log-PegaRULESMove\",\"RequestRuleName\":\"pzDelegationExperience\"}" => HTTP 404 (18 bytes)
[PegaHttpClient] 📡 POST https://zdk8budo.pegaacademy.net/prweb/PRRestService/HRAppsV2/V1/rules/query?pxObjClass=Rule-HTML-Section&appliesTo=Log-PegaRULESMove&pyRuleName=pzDelegationExperience&RequestClass=Rule-HTML-Section&RequestAppliesTo=Log-PegaRULESMove&RequestRuleName=pzDelegationExperience Payload: "{\"RequestClass\":\"Rule-HTML-Section\",\"RequestAppliesTo\":\"Log-PegaRULESMove\",\"RequestRuleName\":\"pzDelegationExperience\"}" => HTTP 404 (18 bytes)
[PegaHttpClient] 📡 POST https://zdk8budo.pegaacademy.net/prweb/api/v1/rules/query?pxObjClass=Rule-HTML-Section&appliesTo=Log-PegaRULESMove&pyRuleName=pzDelegationExperience&RequestClass=Rule-HTML-Section&RequestAppliesTo=Log-PegaRULESMove&RequestRuleName=pzDelegationExperience Payload: "{\"RequestClass\":\"Rule-HTML-Section\",\"RequestAppliesTo\":\"Log-PegaRULESMove\",\"RequestRuleName\":\"pzDelegationExperience\"}" => HTTP 404 (18 bytes)
[PegaHttpClient] 📡 POST https://zdk8budo.pegaacademy.net/prweb/PRRestService/v1/rules/query?pxObjClass=Rule-HTML-Section&appliesTo=Log-PegaRULESMove&pyRuleName=pzDelegationExperience&RequestClass=Rule-HTML-Section&RequestAppliesTo=Log-PegaRULESMove&RequestRuleName=pzDelegationExperience Payload: "{\"RequestClass\":\"Rule-HTML-Section\",\"RequestAppliesTo\":\"Log-PegaRULESMove\",\"RequestRuleName\":\"pzDelegationExperience\"}" => HTTP 404 (18 bytes)
[PegaHttpClient] 📡 POST https://zdk8budo.pegaacademy.net/prweb/api/CodeIntelligence/v1/rules/query?pxObjClass=Rule-HTML-Section&appliesTo=Log-PegaRULESMove&pyRuleName=pzCustomHelp&RequestClass=Rule-HTML-Section&RequestAppliesTo=Log-PegaRULESMove&RequestRuleName=pzCustomHelp Payload: "{\"RequestClass\":\"Rule-HTML-Section\",\"RequestAppliesTo\":\"Log-PegaRULESMove\",\"RequestRuleName\":\"pzCustomHelp\"}" => HTTP 200 (31573 bytes)
[PegaHttpClient] 📡 POST https://zdk8budo.pegaacademy.net/prweb/api/CodeIntelligence/v1/rules/query?pxObjClass=Rule-HTML-Section&appliesTo=Log-PegaRULESMove&pyRuleName=pyCollaborator&RequestClass=Rule-HTML-Section&RequestAppliesTo=Log-PegaRULESMove&RequestRuleName=pyCollaborator Payload: "{\"RequestClass\":\"Rule-HTML-Section\",\"RequestAppliesTo\":\"Log-PegaRULESMove\",\"RequestRuleName\":\"pyCollaborator\"}" => HTTP 404 (109 bytes)
[PegaHttpClient] 📡 POST https://zdk8budo.pegaacademy.net/prweb/PRRestService/CodeIntelligence/v1/rules/query?pxObjClass=Rule-HTML-Section&appliesTo=Log-PegaRULESMove&pyRuleName=pyCollaborator&RequestClass=Rule-HTML-Section&RequestAppliesTo=Log-PegaRULESMove&RequestRuleName=pyCollaborator Payload: "{\"RequestClass\":\"Rule-HTML-Section\",\"RequestAppliesTo\":\"Log-PegaRULESMove\",\"RequestRuleName\":\"pyCollaborator\"}" => HTTP 404 (109 bytes)
[PegaHttpClient] 📡 POST https://zdk8budo.pegaacademy.net/prweb/api/HRAppsV2Service/V1/rules/query?pxObjClass=Rule-HTML-Section&appliesTo=Log-PegaRULESMove&pyRuleName=pyCollaborator&RequestClass=Rule-HTML-Section&RequestAppliesTo=Log-PegaRULESMove&RequestRuleName=pyCollaborator Payload: "{\"RequestClass\":\"Rule-HTML-Section\",\"RequestAppliesTo\":\"Log-PegaRULESMove\",\"RequestRuleName\":\"pyCollaborator\"}" => HTTP 404 (18 bytes)
[PegaHttpClient] 📡 POST https://zdk8budo.pegaacademy.net/prweb/PRRestService/HRAppsV2Service/V1/rules/query?pxObjClass=Rule-HTML-Section&appliesTo=Log-PegaRULESMove&pyRuleName=pyCollaborator&RequestClass=Rule-HTML-Section&RequestAppliesTo=Log-PegaRULESMove&RequestRuleName=pyCollaborator Payload: "{\"RequestClass\":\"Rule-HTML-Section\",\"RequestAppliesTo\":\"Log-PegaRULESMove\",\"RequestRuleName\":\"pyCollaborator\"}" => HTTP 404 (18 bytes)
[PegaHttpClient] 📡 POST https://zdk8budo.pegaacademy.net/prweb/api/HRAppsV2/V1/rules/query?pxObjClass=Rule-HTML-Section&appliesTo=Log-PegaRULESMove&pyRuleName=pyCollaborator&RequestClass=Rule-HTML-Section&RequestAppliesTo=Log-PegaRULESMove&RequestRuleName=pyCollaborator Payload: "{\"RequestClass\":\"Rule-HTML-Section\",\"RequestAppliesTo\":\"Log-PegaRULESMove\",\"RequestRuleName\":\"pyCollaborator\"}" => HTTP 404 (18 bytes)
[PegaHttpClient] 📡 POST https://zdk8budo.pegaacademy.net/prweb/PRRestService/HRAppsV2/V1/rules/query?pxObjClass=Rule-HTML-Section&appliesTo=Log-PegaRULESMove&pyRuleName=pyCollaborator&RequestClass=Rule-HTML-Section&RequestAppliesTo=Log-PegaRULESMove&RequestRuleName=pyCollaborator Payload: "{\"RequestClass\":\"Rule-HTML-Section\",\"RequestAppliesTo\":\"Log-PegaRULESMove\",\"RequestRuleName\":\"pyCollaborator\"}" => HTTP 404 (18 bytes)
[PegaHttpClient] 📡 POST https://zdk8budo.pegaacademy.net/prweb/api/v1/rules/query?pxObjClass=Rule-HTML-Section&appliesTo=Log-PegaRULESMove&pyRuleName=pyCollaborator&RequestClass=Rule-HTML-Section&RequestAppliesTo=Log-PegaRULESMove&RequestRuleName=pyCollaborator Payload: "{\"RequestClass\":\"Rule-HTML-Section\",\"RequestAppliesTo\":\"Log-PegaRULESMove\",\"RequestRuleName\":\"pyCollaborator\"}" => HTTP 404 (18 bytes)
[PegaHttpClient] 📡 POST https://zdk8budo.pegaacademy.net/prweb/PRRestService/v1/rules/query?pxObjClass=Rule-HTML-Section&appliesTo=Log-PegaRULESMove&pyRuleName=pyCollaborator&RequestClass=Rule-HTML-Section&RequestAppliesTo=Log-PegaRULESMove&RequestRuleName=pyCollaborator Payload: "{\"RequestClass\":\"Rule-HTML-Section\",\"RequestAppliesTo\":\"Log-PegaRULESMove\",\"RequestRuleName\":\"pyCollaborator\"}" => HTTP 404 (18 bytes)
[PegaHttpClient] 📡 POST https://zdk8budo.pegaacademy.net/prweb/api/CodeIntelligence/v1/rules/query?pxObjClass=Rule-HTML-Section&appliesTo=Log-PegaRULESMove&pyRuleName=pzDisplayPartialCount&RequestClass=Rule-HTML-Section&RequestAppliesTo=Log-PegaRULESMove&RequestRuleName=pzDisplayPartialCount Payload: "{\"RequestClass\":\"Rule-HTML-Section\",\"RequestAppliesTo\":\"Log-PegaRULESMove\",\"RequestRuleName\":\"pzDisplayPartialCount\"}" => HTTP 404 (116 bytes)
[PegaHttpClient] 📡 POST https://zdk8budo.pegaacademy.net/prweb/PRRestService/CodeIntelligence/v1/rules/query?pxObjClass=Rule-HTML-Section&appliesTo=Log-PegaRULESMove&pyRuleName=pzDisplayPartialCount&RequestClass=Rule-HTML-Section&RequestAppliesTo=Log-PegaRULESMove&RequestRuleName=pzDisplayPartialCount Payload: "{\"RequestClass\":\"Rule-HTML-Section\",\"RequestAppliesTo\":\"Log-PegaRULESMove\",\"RequestRuleName\":\"pzDisplayPartialCount\"}" => HTTP 404 (116 bytes)
[PegaHttpClient] 📡 POST https://zdk8budo.pegaacademy.net/prweb/api/HRAppsV2Service/V1/rules/query?pxObjClass=Rule-HTML-Section&appliesTo=Log-PegaRULESMove&pyRuleName=pzDisplayPartialCount&RequestClass=Rule-HTML-Section&RequestAppliesTo=Log-PegaRULESMove&RequestRuleName=pzDisplayPartialCount Payload: "{\"RequestClass\":\"Rule-HTML-Section\",\"RequestAppliesTo\":\"Log-PegaRULESMove\",\"RequestRuleName\":\"pzDisplayPartialCount\"}" => HTTP 404 (18 bytes)
[PegaHttpClient] 📡 POST https://zdk8budo.pegaacademy.net/prweb/PRRestService/HRAppsV2Service/V1/rules/query?pxObjClass=Rule-HTML-Section&appliesTo=Log-PegaRULESMove&pyRuleName=pzDisplayPartialCount&RequestClass=Rule-HTML-Section&RequestAppliesTo=Log-PegaRULESMove&RequestRuleName=pzDisplayPartialCount Payload: "{\"RequestClass\":\"Rule-HTML-Section\",\"RequestAppliesTo\":\"Log-PegaRULESMove\",\"RequestRuleName\":\"pzDisplayPartialCount\"}" => HTTP 404 (18 bytes)
[PegaHttpClient] 📡 POST https://zdk8budo.pegaacademy.net/prweb/api/HRAppsV2/V1/rules/query?pxObjClass=Rule-HTML-Section&appliesTo=Log-PegaRULESMove&pyRuleName=pzDisplayPartialCount&RequestClass=Rule-HTML-Section&RequestAppliesTo=Log-PegaRULESMove&RequestRuleName=pzDisplayPartialCount Payload: "{\"RequestClass\":\"Rule-HTML-Section\",\"RequestAppliesTo\":\"Log-PegaRULESMove\",\"RequestRuleName\":\"pzDisplayPartialCount\"}" => HTTP 404 (18 bytes)
[PegaHttpClient] 📡 POST https://zdk8budo.pegaacademy.net/prweb/PRRestService/HRAppsV2/V1/rules/query?pxObjClass=Rule-HTML-Section&appliesTo=Log-PegaRULESMove&pyRuleName=pzDisplayPartialCount&RequestClass=Rule-HTML-Section&RequestAppliesTo=Log-PegaRULESMove&RequestRuleName=pzDisplayPartialCount Payload: "{\"RequestClass\":\"Rule-HTML-Section\",\"RequestAppliesTo\":\"Log-PegaRULESMove\",\"RequestRuleName\":\"pzDisplayPartialCount\"}" => HTTP 404 (18 bytes)
[PegaHttpClient] 📡 POST https://zdk8budo.pegaacademy.net/prweb/api/v1/rules/query?pxObjClass=Rule-HTML-Section&appliesTo=Log-PegaRULESMove&pyRuleName=pzDisplayPartialCount&RequestClass=Rule-HTML-Section&RequestAppliesTo=Log-PegaRULESMove&RequestRuleName=pzDisplayPartialCount Payload: "{\"RequestClass\":\"Rule-HTML-Section\",\"RequestAppliesTo\":\"Log-PegaRULESMove\",\"RequestRuleName\":\"pzDisplayPartialCount\"}" => HTTP 404 (18 bytes)
[PegaHttpClient] 📡 POST https://zdk8budo.pegaacademy.net/prweb/PRRestService/v1/rules/query?pxObjClass=Rule-HTML-Section&appliesTo=Log-PegaRULESMove&pyRuleName=pzDisplayPartialCount&RequestClass=Rule-HTML-Section&RequestAppliesTo=Log-PegaRULESMove&RequestRuleName=pzDisplayPartialCount Payload: "{\"RequestClass\":\"Rule-HTML-Section\",\"RequestAppliesTo\":\"Log-PegaRULESMove\",\"RequestRuleName\":\"pzDisplayPartialCount\"}" => HTTP 404 (18 bytes)
[SchemaGen] ✅ Schema written for Log-PegaRULESMove
[PegaHttpClient] 📡 GET https://zdk8budo.pegaacademy.net/prweb/api/CodeIntelligence/v1/rules/RULE-HTML-HARNESS%20DATA-APPLICATION-PREFERENCES%20RULEFORM%20%2320180713T141450.583%20GMT => HTTP 200 (23028 bytes)
[PegaHttpClient] 📡 POST https://zdk8budo.pegaacademy.net/prweb/api/CodeIntelligence/v1/rules/query?pxObjClass=Rule-HTML-Section&appliesTo=Data-Application-Preferences&pyRuleName=RuleFormMain&RequestClass=Rule-HTML-Section&RequestAppliesTo=Data-Application-Preferences&RequestRuleName=RuleFormMain Payload: "{\"RequestClass\":\"Rule-HTML-Section\",\"RequestAppliesTo\":\"Data-Application-Preferences\",\"RequestRuleName\":\"RuleFormMain\"}" => HTTP 200 (156234 bytes)
[PegaHttpClient] 📡 POST https://zdk8budo.pegaacademy.net/prweb/api/CodeIntelligence/v1/rules/query?pxObjClass=Rule-HTML-Section&appliesTo=Data-Application-Preferences&pyRuleName=pxAlternateRuleForm&RequestClass=Rule-HTML-Section&RequestAppliesTo=Data-Application-Preferences&RequestRuleName=pxAlternateRuleForm Payload: "{\"RequestClass\":\"Rule-HTML-Section\",\"RequestAppliesTo\":\"Data-Application-Preferences\",\"RequestRuleName\":\"pxAlternateRuleForm\"}" => HTTP 200 (66153 bytes)
[PegaHttpClient] 📡 POST https://zdk8budo.pegaacademy.net/prweb/api/CodeIntelligence/v1/rules/query?pxObjClass=Rule-HTML-Section&appliesTo=Data-Application-Preferences&pyRuleName=pzRuleFormScripts&RequestClass=Rule-HTML-Section&RequestAppliesTo=Data-Application-Preferences&RequestRuleName=pzRuleFormScripts Payload: "{\"RequestClass\":\"Rule-HTML-Section\",\"RequestAppliesTo\":\"Data-Application-Preferences\",\"RequestRuleName\":\"pzRuleFormScripts\"}" => HTTP 200 (40822 bytes)
[PegaHttpClient] 📡 POST https://zdk8budo.pegaacademy.net/prweb/api/CodeIntelligence/v1/rules/query?pxObjClass=Rule-HTML-Section&appliesTo=Data-Application-Preferences&pyRuleName=pzRuleFormLayoutDelegated&RequestClass=Rule-HTML-Section&RequestAppliesTo=Data-Application-Preferences&RequestRuleName=pzRuleFormLayoutDelegated Payload: "{\"RequestClass\":\"Rule-HTML-Section\",\"RequestAppliesTo\":\"Data-Application-Preferences\",\"RequestRuleName\":\"pzRuleFormLayoutDelegated\"}" => HTTP 200 (70998 bytes)
[PegaHttpClient] 📡 POST https://zdk8budo.pegaacademy.net/prweb/api/CodeIntelligence/v1/rules/query?pxObjClass=Rule-HTML-Section&appliesTo=Data-Application-Preferences&pyRuleName=RuleFormLayout&RequestClass=Rule-HTML-Section&RequestAppliesTo=Data-Application-Preferences&RequestRuleName=RuleFormLayout Payload: "{\"RequestClass\":\"Rule-HTML-Section\",\"RequestAppliesTo\":\"Data-Application-Preferences\",\"RequestRuleName\":\"RuleFormLayout\"}" => HTTP 200 (85273 bytes)
[PegaHttpClient] 📡 POST https://zdk8budo.pegaacademy.net/prweb/api/CodeIntelligence/v1/rules/query?pxObjClass=Rule-HTML-Section&appliesTo=Data-Application-Preferences&pyRuleName=RuleFormSettings&RequestClass=Rule-HTML-Section&RequestAppliesTo=Data-Application-Preferences&RequestRuleName=RuleFormSettings Payload: "{\"RequestClass\":\"Rule-HTML-Section\",\"RequestAppliesTo\":\"Data-Application-Preferences\",\"RequestRuleName\":\"RuleFormSettings\"}" => HTTP 200 (21582 bytes)
[PegaHttpClient] 📡 POST https://zdk8budo.pegaacademy.net/prweb/api/CodeIntelligence/v1/rules/query?pxObjClass=Rule-HTML-Section&appliesTo=Data-Application-Preferences&pyRuleName=OpenAuthoring&RequestClass=Rule-HTML-Section&RequestAppliesTo=Data-Application-Preferences&RequestRuleName=OpenAuthoring Payload: "{\"RequestClass\":\"Rule-HTML-Section\",\"RequestAppliesTo\":\"Data-Application-Preferences\",\"RequestRuleName\":\"OpenAuthoring\"}" => HTTP 200 (20315 bytes)
[PegaHttpClient] 📡 POST https://zdk8budo.pegaacademy.net/prweb/api/CodeIntelligence/v1/rules/query?pxObjClass=Rule-HTML-Section&appliesTo=Data-Application-Preferences&pyRuleName=pyCustomHelp&RequestClass=Rule-HTML-Section&RequestAppliesTo=Data-Application-Preferences&RequestRuleName=pyCustomHelp Payload: "{\"RequestClass\":\"Rule-HTML-Section\",\"RequestAppliesTo\":\"Data-Application-Preferences\",\"RequestRuleName\":\"pyCustomHelp\"}" => HTTP 200 (17256 bytes)
[PegaHttpClient] 📡 POST https://zdk8budo.pegaacademy.net/prweb/api/CodeIntelligence/v1/rules/query?pxObjClass=Rule-HTML-Section&appliesTo=Data-Application-Preferences&pyRuleName=pzRuleformMainInclude&RequestClass=Rule-HTML-Section&RequestAppliesTo=Data-Application-Preferences&RequestRuleName=pzRuleformMainInclude Payload: "{\"RequestClass\":\"Rule-HTML-Section\",\"RequestAppliesTo\":\"Data-Application-Preferences\",\"RequestRuleName\":\"pzRuleformMainInclude\"}" => HTTP 200 (22375 bytes)
[PegaHttpClient] 📡 POST https://zdk8budo.pegaacademy.net/prweb/api/CodeIntelligence/v1/rules/query?pxObjClass=Rule-HTML-Section&appliesTo=Data-Application-Preferences&pyRuleName=pyAlternativeRuleFormStrategicAppExtension&RequestClass=Rule-HTML-Section&RequestAppliesTo=Data-Application-Preferences&RequestRuleName=pyAlternativeRuleFormStrategicAppExtension Payload: "{\"RequestClass\":\"Rule-HTML-Section\",\"RequestAppliesTo\":\"Data-Application-Preferences\",\"RequestRuleName\":\"pyAlternativeRuleFormStrategicAppExtension\"}" => HTTP 200 (25042 bytes)
[PegaHttpClient] 📡 POST https://zdk8budo.pegaacademy.net/prweb/api/CodeIntelligence/v1/rules/query?pxObjClass=Rule-HTML-Section&appliesTo=Data-Application-Preferences&pyRuleName=pyAlternativeRuleFormExtension&RequestClass=Rule-HTML-Section&RequestAppliesTo=Data-Application-Preferences&RequestRuleName=pyAlternativeRuleFormExtension Payload: "{\"RequestClass\":\"Rule-HTML-Section\",\"RequestAppliesTo\":\"Data-Application-Preferences\",\"RequestRuleName\":\"pyAlternativeRuleFormExtension\"}" => HTTP 200 (24863 bytes)
[PegaHttpClient] 📡 POST https://zdk8budo.pegaacademy.net/prweb/api/CodeIntelligence/v1/rules/query?pxObjClass=Rule-HTML-Section&appliesTo=Data-Application-Preferences&pyRuleName=RuleFormHeader&RequestClass=Rule-HTML-Section&RequestAppliesTo=Data-Application-Preferences&RequestRuleName=RuleFormHeader Payload: "{\"RequestClass\":\"Rule-HTML-Section\",\"RequestAppliesTo\":\"Data-Application-Preferences\",\"RequestRuleName\":\"RuleFormHeader\"}" => HTTP 200 (183800 bytes)
[PegaHttpClient] 📡 POST https://zdk8budo.pegaacademy.net/prweb/api/CodeIntelligence/v1/rules/query?pxObjClass=Rule-HTML-Section&appliesTo=Data-Application-Preferences&pyRuleName=pzDelegationExperience&RequestClass=Rule-HTML-Section&RequestAppliesTo=Data-Application-Preferences&RequestRuleName=pzDelegationExperience Payload: "{\"RequestClass\":\"Rule-HTML-Section\",\"RequestAppliesTo\":\"Data-Application-Preferences\",\"RequestRuleName\":\"pzDelegationExperience\"}" => HTTP 404 (128 bytes)
[PegaHttpClient] 📡 POST https://zdk8budo.pegaacademy.net/prweb/PRRestService/CodeIntelligence/v1/rules/query?pxObjClass=Rule-HTML-Section&appliesTo=Data-Application-Preferences&pyRuleName=pzDelegationExperience&RequestClass=Rule-HTML-Section&RequestAppliesTo=Data-Application-Preferences&RequestRuleName=pzDelegationExperience Payload: "{\"RequestClass\":\"Rule-HTML-Section\",\"RequestAppliesTo\":\"Data-Application-Preferences\",\"RequestRuleName\":\"pzDelegationExperience\"}" => HTTP 404 (128 bytes)
[PegaHttpClient] 📡 POST https://zdk8budo.pegaacademy.net/prweb/api/HRAppsV2Service/V1/rules/query?pxObjClass=Rule-HTML-Section&appliesTo=Data-Application-Preferences&pyRuleName=pzDelegationExperience&RequestClass=Rule-HTML-Section&RequestAppliesTo=Data-Application-Preferences&RequestRuleName=pzDelegationExperience Payload: "{\"RequestClass\":\"Rule-HTML-Section\",\"RequestAppliesTo\":\"Data-Application-Preferences\",\"RequestRuleName\":\"pzDelegationExperience\"}" => HTTP 404 (18 bytes)
[PegaHttpClient] 📡 POST https://zdk8budo.pegaacademy.net/prweb/PRRestService/HRAppsV2Service/V1/rules/query?pxObjClass=Rule-HTML-Section&appliesTo=Data-Application-Preferences&pyRuleName=pzDelegationExperience&RequestClass=Rule-HTML-Section&RequestAppliesTo=Data-Application-Preferences&RequestRuleName=pzDelegationExperience Payload: "{\"RequestClass\":\"Rule-HTML-Section\",\"RequestAppliesTo\":\"Data-Application-Preferences\",\"RequestRuleName\":\"pzDelegationExperience\"}" => HTTP 404 (18 bytes)
[PegaHttpClient] 📡 POST https://zdk8budo.pegaacademy.net/prweb/api/HRAppsV2/V1/rules/query?pxObjClass=Rule-HTML-Section&appliesTo=Data-Application-Preferences&pyRuleName=pzDelegationExperience&RequestClass=Rule-HTML-Section&RequestAppliesTo=Data-Application-Preferences&RequestRuleName=pzDelegationExperience Payload: "{\"RequestClass\":\"Rule-HTML-Section\",\"RequestAppliesTo\":\"Data-Application-Preferences\",\"RequestRuleName\":\"pzDelegationExperience\"}" => HTTP 404 (18 bytes)
[PegaHttpClient] 📡 POST https://zdk8budo.pegaacademy.net/prweb/PRRestService/HRAppsV2/V1/rules/query?pxObjClass=Rule-HTML-Section&appliesTo=Data-Application-Preferences&pyRuleName=pzDelegationExperience&RequestClass=Rule-HTML-Section&RequestAppliesTo=Data-Application-Preferences&RequestRuleName=pzDelegationExperience Payload: "{\"RequestClass\":\"Rule-HTML-Section\",\"RequestAppliesTo\":\"Data-Application-Preferences\",\"RequestRuleName\":\"pzDelegationExperience\"}" => HTTP 404 (18 bytes)
[PegaHttpClient] 📡 POST https://zdk8budo.pegaacademy.net/prweb/api/v1/rules/query?pxObjClass=Rule-HTML-Section&appliesTo=Data-Application-Preferences&pyRuleName=pzDelegationExperience&RequestClass=Rule-HTML-Section&RequestAppliesTo=Data-Application-Preferences&RequestRuleName=pzDelegationExperience Payload: "{\"RequestClass\":\"Rule-HTML-Section\",\"RequestAppliesTo\":\"Data-Application-Preferences\",\"RequestRuleName\":\"pzDelegationExperience\"}" => HTTP 404 (18 bytes)
[PegaHttpClient] 📡 POST https://zdk8budo.pegaacademy.net/prweb/PRRestService/v1/rules/query?pxObjClass=Rule-HTML-Section&appliesTo=Data-Application-Preferences&pyRuleName=pzDelegationExperience&RequestClass=Rule-HTML-Section&RequestAppliesTo=Data-Application-Preferences&RequestRuleName=pzDelegationExperience Payload: "{\"RequestClass\":\"Rule-HTML-Section\",\"RequestAppliesTo\":\"Data-Application-Preferences\",\"RequestRuleName\":\"pzDelegationExperience\"}" => HTTP 404 (18 bytes)
[PegaHttpClient] 📡 POST https://zdk8budo.pegaacademy.net/prweb/api/CodeIntelligence/v1/rules/query?pxObjClass=Rule-HTML-Section&appliesTo=Data-Application-Preferences&pyRuleName=pzPreferences&RequestClass=Rule-HTML-Section&RequestAppliesTo=Data-Application-Preferences&RequestRuleName=pzPreferences Payload: "{\"RequestClass\":\"Rule-HTML-Section\",\"RequestAppliesTo\":\"Data-Application-Preferences\",\"RequestRuleName\":\"pzPreferences\"}" => HTTP 200 (72518 bytes)
[PegaHttpClient] 📡 POST https://zdk8budo.pegaacademy.net/prweb/api/CodeIntelligence/v1/rules/query?pxObjClass=Rule-HTML-Section&appliesTo=Data-Application-Preferences&pyRuleName=RuleFormHistory&RequestClass=Rule-HTML-Section&RequestAppliesTo=Data-Application-Preferences&RequestRuleName=RuleFormHistory Payload: "{\"RequestClass\":\"Rule-HTML-Section\",\"RequestAppliesTo\":\"Data-Application-Preferences\",\"RequestRuleName\":\"RuleFormHistory\"}" => HTTP 200 (18043 bytes)
[PegaHttpClient] 📡 POST https://zdk8budo.pegaacademy.net/prweb/api/CodeIntelligence/v1/rules/query?pxObjClass=Rule-HTML-Section&appliesTo=Data-Application-Preferences&pyRuleName=pzCustomHelp&RequestClass=Rule-HTML-Section&RequestAppliesTo=Data-Application-Preferences&RequestRuleName=pzCustomHelp Payload: "{\"RequestClass\":\"Rule-HTML-Section\",\"RequestAppliesTo\":\"Data-Application-Preferences\",\"RequestRuleName\":\"pzCustomHelp\"}" => HTTP 200 (31573 bytes)
[PegaHttpClient] 📡 POST https://zdk8budo.pegaacademy.net/prweb/api/CodeIntelligence/v1/rules/query?pxObjClass=Rule-HTML-Section&appliesTo=Data-Application-Preferences&pyRuleName=pzRuleFormKeysAndDescription&RequestClass=Rule-HTML-Section&RequestAppliesTo=Data-Application-Preferences&RequestRuleName=pzRuleFormKeysAndDescription Payload: "{\"RequestClass\":\"Rule-HTML-Section\",\"RequestAppliesTo\":\"Data-Application-Preferences\",\"RequestRuleName\":\"pzRuleFormKeysAndDescription\"}" => HTTP 200 (218057 bytes)
[PegaHttpClient] 📡 POST https://zdk8budo.pegaacademy.net/prweb/api/CodeIntelligence/v1/rules/query?pxObjClass=Rule-HTML-Section&appliesTo=Data-Application-Preferences&pyRuleName=pzRuleFormRuleset&RequestClass=Rule-HTML-Section&RequestAppliesTo=Data-Application-Preferences&RequestRuleName=pzRuleFormRuleset Payload: "{\"RequestClass\":\"Rule-HTML-Section\",\"RequestAppliesTo\":\"Data-Application-Preferences\",\"RequestRuleName\":\"pzRuleFormRuleset\"}" => HTTP 200 (29020 bytes)
[PegaHttpClient] 📡 POST https://zdk8budo.pegaacademy.net/prweb/api/CodeIntelligence/v1/rules/query?pxObjClass=Rule-HTML-Section&appliesTo=Data-Application-Preferences&pyRuleName=undefined&RequestClass=Rule-HTML-Section&RequestAppliesTo=Data-Application-Preferences&RequestRuleName=undefined Payload: "{\"RequestClass\":\"Rule-HTML-Section\",\"RequestAppliesTo\":\"Data-Application-Preferences\",\"RequestRuleName\":\"undefined\"}" => HTTP 404 (115 bytes)
[PegaHttpClient] 📡 POST https://zdk8budo.pegaacademy.net/prweb/PRRestService/CodeIntelligence/v1/rules/query?pxObjClass=Rule-HTML-Section&appliesTo=Data-Application-Preferences&pyRuleName=undefined&RequestClass=Rule-HTML-Section&RequestAppliesTo=Data-Application-Preferences&RequestRuleName=undefined Payload: "{\"RequestClass\":\"Rule-HTML-Section\",\"RequestAppliesTo\":\"Data-Application-Preferences\",\"RequestRuleName\":\"undefined\"}" => HTTP 404 (115 bytes)
[PegaHttpClient] 📡 POST https://zdk8budo.pegaacademy.net/prweb/api/HRAppsV2Service/V1/rules/query?pxObjClass=Rule-HTML-Section&appliesTo=Data-Application-Preferences&pyRuleName=undefined&RequestClass=Rule-HTML-Section&RequestAppliesTo=Data-Application-Preferences&RequestRuleName=undefined Payload: "{\"RequestClass\":\"Rule-HTML-Section\",\"RequestAppliesTo\":\"Data-Application-Preferences\",\"RequestRuleName\":\"undefined\"}" => HTTP 404 (18 bytes)
[PegaHttpClient] 📡 POST https://zdk8budo.pegaacademy.net/prweb/PRRestService/HRAppsV2Service/V1/rules/query?pxObjClass=Rule-HTML-Section&appliesTo=Data-Application-Preferences&pyRuleName=undefined&RequestClass=Rule-HTML-Section&RequestAppliesTo=Data-Application-Preferences&RequestRuleName=undefined Payload: "{\"RequestClass\":\"Rule-HTML-Section\",\"RequestAppliesTo\":\"Data-Application-Preferences\",\"RequestRuleName\":\"undefined\"}" => HTTP 404 (18 bytes)
[PegaHttpClient] 📡 POST https://zdk8budo.pegaacademy.net/prweb/api/HRAppsV2/V1/rules/query?pxObjClass=Rule-HTML-Section&appliesTo=Data-Application-Preferences&pyRuleName=undefined&RequestClass=Rule-HTML-Section&RequestAppliesTo=Data-Application-Preferences&RequestRuleName=undefined Payload: "{\"RequestClass\":\"Rule-HTML-Section\",\"RequestAppliesTo\":\"Data-Application-Preferences\",\"RequestRuleName\":\"undefined\"}" => HTTP 404 (18 bytes)
[PegaHttpClient] 📡 POST https://zdk8budo.pegaacademy.net/prweb/PRRestService/HRAppsV2/V1/rules/query?pxObjClass=Rule-HTML-Section&appliesTo=Data-Application-Preferences&pyRuleName=undefined&RequestClass=Rule-HTML-Section&RequestAppliesTo=Data-Application-Preferences&RequestRuleName=undefined Payload: "{\"RequestClass\":\"Rule-HTML-Section\",\"RequestAppliesTo\":\"Data-Application-Preferences\",\"RequestRuleName\":\"undefined\"}" => HTTP 404 (18 bytes)
[PegaHttpClient] 📡 POST https://zdk8budo.pegaacademy.net/prweb/api/v1/rules/query?pxObjClass=Rule-HTML-Section&appliesTo=Data-Application-Preferences&pyRuleName=undefined&RequestClass=Rule-HTML-Section&RequestAppliesTo=Data-Application-Preferences&RequestRuleName=undefined Payload: "{\"RequestClass\":\"Rule-HTML-Section\",\"RequestAppliesTo\":\"Data-Application-Preferences\",\"RequestRuleName\":\"undefined\"}" => HTTP 404 (18 bytes)
[PegaHttpClient] 📡 POST https://zdk8budo.pegaacademy.net/prweb/PRRestService/v1/rules/query?pxObjClass=Rule-HTML-Section&appliesTo=Data-Application-Preferences&pyRuleName=undefined&RequestClass=Rule-HTML-Section&RequestAppliesTo=Data-Application-Preferences&RequestRuleName=undefined Payload: "{\"RequestClass\":\"Rule-HTML-Section\",\"RequestAppliesTo\":\"Data-Application-Preferences\",\"RequestRuleName\":\"undefined\"}" => HTTP 404 (18 bytes)
[PegaHttpClient] 📡 POST https://zdk8budo.pegaacademy.net/prweb/api/CodeIntelligence/v1/rules/query?pxObjClass=Rule-HTML-Section&appliesTo=Data-Application-Preferences&pyRuleName=pzRuleFormToolbar&RequestClass=Rule-HTML-Section&RequestAppliesTo=Data-Application-Preferences&RequestRuleName=pzRuleFormToolbar Payload: "{\"RequestClass\":\"Rule-HTML-Section\",\"RequestAppliesTo\":\"Data-Application-Preferences\",\"RequestRuleName\":\"pzRuleFormToolbar\"}" => HTTP 200 (242691 bytes)
[PegaHttpClient] 📡 POST https://zdk8budo.pegaacademy.net/prweb/api/CodeIntelligence/v1/rules/query?pxObjClass=Rule-HTML-Section&appliesTo=Data-Application-Preferences&pyRuleName=pzRuleFormToolbarCompare&RequestClass=Rule-HTML-Section&RequestAppliesTo=Data-Application-Preferences&RequestRuleName=pzRuleFormToolbarCompare Payload: "{\"RequestClass\":\"Rule-HTML-Section\",\"RequestAppliesTo\":\"Data-Application-Preferences\",\"RequestRuleName\":\"pzRuleFormToolbarCompare\"}" => HTTP 200 (61925 bytes)
[PegaHttpClient] 📡 POST https://zdk8budo.pegaacademy.net/prweb/api/CodeIntelligence/v1/rules/query?pxObjClass=Rule-HTML-Section&appliesTo=Data-Application-Preferences&pyRuleName=RuleFormHeaderMessages&RequestClass=Rule-HTML-Section&RequestAppliesTo=Data-Application-Preferences&RequestRuleName=RuleFormHeaderMessages Payload: "{\"RequestClass\":\"Rule-HTML-Section\",\"RequestAppliesTo\":\"Data-Application-Preferences\",\"RequestRuleName\":\"RuleFormHeaderMessages\"}" => HTTP 200 (26518 bytes)
[PegaHttpClient] 📡 POST https://zdk8budo.pegaacademy.net/prweb/api/CodeIntelligence/v1/rules/query?pxObjClass=Rule-HTML-Section&appliesTo=Data-Application-Preferences&pyRuleName=pzRuleFormStatus&RequestClass=Rule-HTML-Section&RequestAppliesTo=Data-Application-Preferences&RequestRuleName=pzRuleFormStatus Payload: "{\"RequestClass\":\"Rule-HTML-Section\",\"RequestAppliesTo\":\"Data-Application-Preferences\",\"RequestRuleName\":\"pzRuleFormStatus\"}" => HTTP 200 (29579 bytes)
[PegaHttpClient] 📡 POST https://zdk8budo.pegaacademy.net/prweb/api/CodeIntelligence/v1/rules/query?pxObjClass=Rule-HTML-Section&appliesTo=Data-Application-Preferences&pyRuleName=pzRuleFormHeaderCompareWithDropDown&RequestClass=Rule-HTML-Section&RequestAppliesTo=Data-Application-Preferences&RequestRuleName=pzRuleFormHeaderCompareWithDropDown Payload: "{\"RequestClass\":\"Rule-HTML-Section\",\"RequestAppliesTo\":\"Data-Application-Preferences\",\"RequestRuleName\":\"pzRuleFormHeaderCompareWithDropDown\"}" => HTTP 200 (25396 bytes)
[PegaHttpClient] 📡 POST https://zdk8budo.pegaacademy.net/prweb/api/CodeIntelligence/v1/rules/query?pxObjClass=Rule-HTML-Section&appliesTo=Data-Application-Preferences&pyRuleName=undefined&RequestClass=Rule-HTML-Section&RequestAppliesTo=Data-Application-Preferences&RequestRuleName=undefined Payload: "{\"RequestClass\":\"Rule-HTML-Section\",\"RequestAppliesTo\":\"Data-Application-Preferences\",\"RequestRuleName\":\"undefined\"}" => HTTP 404 (115 bytes)
[PegaHttpClient] 📡 POST https://zdk8budo.pegaacademy.net/prweb/PRRestService/CodeIntelligence/v1/rules/query?pxObjClass=Rule-HTML-Section&appliesTo=Data-Application-Preferences&pyRuleName=undefined&RequestClass=Rule-HTML-Section&RequestAppliesTo=Data-Application-Preferences&RequestRuleName=undefined Payload: "{\"RequestClass\":\"Rule-HTML-Section\",\"RequestAppliesTo\":\"Data-Application-Preferences\",\"RequestRuleName\":\"undefined\"}" => HTTP 404 (115 bytes)
[PegaHttpClient] 📡 POST https://zdk8budo.pegaacademy.net/prweb/api/HRAppsV2Service/V1/rules/query?pxObjClass=Rule-HTML-Section&appliesTo=Data-Application-Preferences&pyRuleName=undefined&RequestClass=Rule-HTML-Section&RequestAppliesTo=Data-Application-Preferences&RequestRuleName=undefined Payload: "{\"RequestClass\":\"Rule-HTML-Section\",\"RequestAppliesTo\":\"Data-Application-Preferences\",\"RequestRuleName\":\"undefined\"}" => HTTP 404 (18 bytes)
[PegaHttpClient] 📡 POST https://zdk8budo.pegaacademy.net/prweb/PRRestService/HRAppsV2Service/V1/rules/query?pxObjClass=Rule-HTML-Section&appliesTo=Data-Application-Preferences&pyRuleName=undefined&RequestClass=Rule-HTML-Section&RequestAppliesTo=Data-Application-Preferences&RequestRuleName=undefined Payload: "{\"RequestClass\":\"Rule-HTML-Section\",\"RequestAppliesTo\":\"Data-Application-Preferences\",\"RequestRuleName\":\"undefined\"}" => HTTP 404 (18 bytes)
[PegaHttpClient] 📡 POST https://zdk8budo.pegaacademy.net/prweb/api/HRAppsV2/V1/rules/query?pxObjClass=Rule-HTML-Section&appliesTo=Data-Application-Preferences&pyRuleName=undefined&RequestClass=Rule-HTML-Section&RequestAppliesTo=Data-Application-Preferences&RequestRuleName=undefined Payload: "{\"RequestClass\":\"Rule-HTML-Section\",\"RequestAppliesTo\":\"Data-Application-Preferences\",\"RequestRuleName\":\"undefined\"}" => HTTP 404 (18 bytes)
[PegaHttpClient] 📡 POST https://zdk8budo.pegaacademy.net/prweb/PRRestService/HRAppsV2/V1/rules/query?pxObjClass=Rule-HTML-Section&appliesTo=Data-Application-Preferences&pyRuleName=undefined&RequestClass=Rule-HTML-Section&RequestAppliesTo=Data-Application-Preferences&RequestRuleName=undefined Payload: "{\"RequestClass\":\"Rule-HTML-Section\",\"RequestAppliesTo\":\"Data-Application-Preferences\",\"RequestRuleName\":\"undefined\"}" => HTTP 404 (18 bytes)
[PegaHttpClient] 📡 POST https://zdk8budo.pegaacademy.net/prweb/api/v1/rules/query?pxObjClass=Rule-HTML-Section&appliesTo=Data-Application-Preferences&pyRuleName=undefined&RequestClass=Rule-HTML-Section&RequestAppliesTo=Data-Application-Preferences&RequestRuleName=undefined Payload: "{\"RequestClass\":\"Rule-HTML-Section\",\"RequestAppliesTo\":\"Data-Application-Preferences\",\"RequestRuleName\":\"undefined\"}" => HTTP 404 (18 bytes)
[PegaHttpClient] 📡 POST https://zdk8budo.pegaacademy.net/prweb/PRRestService/v1/rules/query?pxObjClass=Rule-HTML-Section&appliesTo=Data-Application-Preferences&pyRuleName=undefined&RequestClass=Rule-HTML-Section&RequestAppliesTo=Data-Application-Preferences&RequestRuleName=undefined Payload: "{\"RequestClass\":\"Rule-HTML-Section\",\"RequestAppliesTo\":\"Data-Application-Preferences\",\"RequestRuleName\":\"undefined\"}" => HTTP 404 (18 bytes)
[PegaHttpClient] 📡 POST https://zdk8budo.pegaacademy.net/prweb/api/CodeIntelligence/v1/rules/query?pxObjClass=Rule-HTML-Section&appliesTo=Data-Application-Preferences&pyRuleName=pzRuleFormToolbarHotKeys&RequestClass=Rule-HTML-Section&RequestAppliesTo=Data-Application-Preferences&RequestRuleName=pzRuleFormToolbarHotKeys Payload: "{\"RequestClass\":\"Rule-HTML-Section\",\"RequestAppliesTo\":\"Data-Application-Preferences\",\"RequestRuleName\":\"pzRuleFormToolbarHotKeys\"}" => HTTP 200 (85058 bytes)
[PegaHttpClient] 📡 POST https://zdk8budo.pegaacademy.net/prweb/api/CodeIntelligence/v1/rules/query?pxObjClass=Rule-HTML-Section&appliesTo=Data-Application-Preferences&pyRuleName=pzRuleFormToolbarLockedIcon&RequestClass=Rule-HTML-Section&RequestAppliesTo=Data-Application-Preferences&RequestRuleName=pzRuleFormToolbarLockedIcon Payload: "{\"RequestClass\":\"Rule-HTML-Section\",\"RequestAppliesTo\":\"Data-Application-Preferences\",\"RequestRuleName\":\"pzRuleFormToolbarLockedIcon\"}" => HTTP 200 (19111 bytes)
[PegaHttpClient] 📡 POST https://zdk8budo.pegaacademy.net/prweb/api/CodeIntelligence/v1/rules/query?pxObjClass=Rule-HTML-Section&appliesTo=Data-Application-Preferences&pyRuleName=pzRuleFormToolbarCollaborators&RequestClass=Rule-HTML-Section&RequestAppliesTo=Data-Application-Preferences&RequestRuleName=pzRuleFormToolbarCollaborators Payload: "{\"RequestClass\":\"Rule-HTML-Section\",\"RequestAppliesTo\":\"Data-Application-Preferences\",\"RequestRuleName\":\"pzRuleFormToolbarCollaborators\"}" => HTTP 200 (15254 bytes)
[PegaHttpClient] 📡 POST https://zdk8budo.pegaacademy.net/prweb/api/CodeIntelligence/v1/rules/query?pxObjClass=Rule-HTML-Section&appliesTo=Data-Application-Preferences&pyRuleName=pzRuleFormToolbarSaveAs&RequestClass=Rule-HTML-Section&RequestAppliesTo=Data-Application-Preferences&RequestRuleName=pzRuleFormToolbarSaveAs Payload: "{\"RequestClass\":\"Rule-HTML-Section\",\"RequestAppliesTo\":\"Data-Application-Preferences\",\"RequestRuleName\":\"pzRuleFormToolbarSaveAs\"}" => HTTP 200 (64084 bytes)
[PegaHttpClient] 📡 POST https://zdk8budo.pegaacademy.net/prweb/api/CodeIntelligence/v1/rules/query?pxObjClass=Rule-HTML-Section&appliesTo=Data-Application-Preferences&pyRuleName=pzRuleFormToolbarCheckin&RequestClass=Rule-HTML-Section&RequestAppliesTo=Data-Application-Preferences&RequestRuleName=pzRuleFormToolbarCheckin Payload: "{\"RequestClass\":\"Rule-HTML-Section\",\"RequestAppliesTo\":\"Data-Application-Preferences\",\"RequestRuleName\":\"pzRuleFormToolbarCheckin\"}" => HTTP 200 (15601 bytes)
[PegaHttpClient] 📡 POST https://zdk8budo.pegaacademy.net/prweb/api/CodeIntelligence/v1/rules/query?pxObjClass=Rule-HTML-Section&appliesTo=Data-Application-Preferences&pyRuleName=pzRuleFormToolbarDelete&RequestClass=Rule-HTML-Section&RequestAppliesTo=Data-Application-Preferences&RequestRuleName=pzRuleFormToolbarDelete Payload: "{\"RequestClass\":\"Rule-HTML-Section\",\"RequestAppliesTo\":\"Data-Application-Preferences\",\"RequestRuleName\":\"pzRuleFormToolbarDelete\"}" => HTTP 200 (30249 bytes)
[PegaHttpClient] 📡 POST https://zdk8budo.pegaacademy.net/prweb/api/CodeIntelligence/v1/rules/query?pxObjClass=Rule-HTML-Section&appliesTo=Data-Application-Preferences&pyRuleName=pzRuleFormToolbarSave&RequestClass=Rule-HTML-Section&RequestAppliesTo=Data-Application-Preferences&RequestRuleName=pzRuleFormToolbarSave Payload: "{\"RequestClass\":\"Rule-HTML-Section\",\"RequestAppliesTo\":\"Data-Application-Preferences\",\"RequestRuleName\":\"pzRuleFormToolbarSave\"}" => HTTP 200 (293885 bytes)
[PegaHttpClient] 📡 POST https://zdk8budo.pegaacademy.net/prweb/api/CodeIntelligence/v1/rules/query?pxObjClass=Rule-HTML-Section&appliesTo=Data-Application-Preferences&pyRuleName=pzRuleFormToolbarCheckout&RequestClass=Rule-HTML-Section&RequestAppliesTo=Data-Application-Preferences&RequestRuleName=pzRuleFormToolbarCheckout Payload: "{\"RequestClass\":\"Rule-HTML-Section\",\"RequestAppliesTo\":\"Data-Application-Preferences\",\"RequestRuleName\":\"pzRuleFormToolbarCheckout\"}" => HTTP 200 (14854 bytes)
[PegaHttpClient] 📡 POST https://zdk8budo.pegaacademy.net/prweb/api/CodeIntelligence/v1/rules/query?pxObjClass=Rule-HTML-Section&appliesTo=Data-Application-Preferences&pyRuleName=pzRemoveErrorsDataPage&RequestClass=Rule-HTML-Section&RequestAppliesTo=Data-Application-Preferences&RequestRuleName=pzRemoveErrorsDataPage Payload: "{\"RequestClass\":\"Rule-HTML-Section\",\"RequestAppliesTo\":\"Data-Application-Preferences\",\"RequestRuleName\":\"pzRemoveErrorsDataPage\"}" => HTTP 200 (16733 bytes)
[PegaHttpClient] 📡 POST https://zdk8budo.pegaacademy.net/prweb/api/CodeIntelligence/v1/rules/query?pxObjClass=Rule-HTML-Section&appliesTo=Data-Application-Preferences&pyRuleName=pzRuleFormHeaderMessagesWrapper&RequestClass=Rule-HTML-Section&RequestAppliesTo=Data-Application-Preferences&RequestRuleName=pzRuleFormHeaderMessagesWrapper Payload: "{\"RequestClass\":\"Rule-HTML-Section\",\"RequestAppliesTo\":\"Data-Application-Preferences\",\"RequestRuleName\":\"pzRuleFormHeaderMessagesWrapper\"}" => HTTP 200 (16981 bytes)
[PegaHttpClient] 📡 POST https://zdk8budo.pegaacademy.net/prweb/api/CodeIntelligence/v1/rules/query?pxObjClass=Rule-HTML-Section&appliesTo=Data-Application-Preferences&pyRuleName=pxDisplayCollaborators&RequestClass=Rule-HTML-Section&RequestAppliesTo=Data-Application-Preferences&RequestRuleName=pxDisplayCollaborators Payload: "{\"RequestClass\":\"Rule-HTML-Section\",\"RequestAppliesTo\":\"Data-Application-Preferences\",\"RequestRuleName\":\"pxDisplayCollaborators\"}" => HTTP 200 (94171 bytes)
[PegaHttpClient] 📡 POST https://zdk8budo.pegaacademy.net/prweb/api/CodeIntelligence/v1/rules/query?pxObjClass=Rule-HTML-Section&appliesTo=Data-Application-Preferences&pyRuleName=pzRuleFormToolbarDeleteCheckOut&RequestClass=Rule-HTML-Section&RequestAppliesTo=Data-Application-Preferences&RequestRuleName=pzRuleFormToolbarDeleteCheckOut Payload: "{\"RequestClass\":\"Rule-HTML-Section\",\"RequestAppliesTo\":\"Data-Application-Preferences\",\"RequestRuleName\":\"pzRuleFormToolbarDeleteCheckOut\"}" => HTTP 404 (137 bytes)
[PegaHttpClient] 📡 POST https://zdk8budo.pegaacademy.net/prweb/PRRestService/CodeIntelligence/v1/rules/query?pxObjClass=Rule-HTML-Section&appliesTo=Data-Application-Preferences&pyRuleName=pzRuleFormToolbarDeleteCheckOut&RequestClass=Rule-HTML-Section&RequestAppliesTo=Data-Application-Preferences&RequestRuleName=pzRuleFormToolbarDeleteCheckOut Payload: "{\"RequestClass\":\"Rule-HTML-Section\",\"RequestAppliesTo\":\"Data-Application-Preferences\",\"RequestRuleName\":\"pzRuleFormToolbarDeleteCheckOut\"}" => HTTP 404 (137 bytes)
[PegaHttpClient] 📡 POST https://zdk8budo.pegaacademy.net/prweb/api/HRAppsV2Service/V1/rules/query?pxObjClass=Rule-HTML-Section&appliesTo=Data-Application-Preferences&pyRuleName=pzRuleFormToolbarDeleteCheckOut&RequestClass=Rule-HTML-Section&RequestAppliesTo=Data-Application-Preferences&RequestRuleName=pzRuleFormToolbarDeleteCheckOut Payload: "{\"RequestClass\":\"Rule-HTML-Section\",\"RequestAppliesTo\":\"Data-Application-Preferences\",\"RequestRuleName\":\"pzRuleFormToolbarDeleteCheckOut\"}" => HTTP 404 (18 bytes)
[PegaHttpClient] 📡 POST https://zdk8budo.pegaacademy.net/prweb/PRRestService/HRAppsV2Service/V1/rules/query?pxObjClass=Rule-HTML-Section&appliesTo=Data-Application-Preferences&pyRuleName=pzRuleFormToolbarDeleteCheckOut&RequestClass=Rule-HTML-Section&RequestAppliesTo=Data-Application-Preferences&RequestRuleName=pzRuleFormToolbarDeleteCheckOut Payload: "{\"RequestClass\":\"Rule-HTML-Section\",\"RequestAppliesTo\":\"Data-Application-Preferences\",\"RequestRuleName\":\"pzRuleFormToolbarDeleteCheckOut\"}" => HTTP 404 (18 bytes)
[PegaHttpClient] 📡 POST https://zdk8budo.pegaacademy.net/prweb/api/HRAppsV2/V1/rules/query?pxObjClass=Rule-HTML-Section&appliesTo=Data-Application-Preferences&pyRuleName=pzRuleFormToolbarDeleteCheckOut&RequestClass=Rule-HTML-Section&RequestAppliesTo=Data-Application-Preferences&RequestRuleName=pzRuleFormToolbarDeleteCheckOut Payload: "{\"RequestClass\":\"Rule-HTML-Section\",\"RequestAppliesTo\":\"Data-Application-Preferences\",\"RequestRuleName\":\"pzRuleFormToolbarDeleteCheckOut\"}" => HTTP 404 (18 bytes)
[PegaHttpClient] 📡 POST https://zdk8budo.pegaacademy.net/prweb/PRRestService/HRAppsV2/V1/rules/query?pxObjClass=Rule-HTML-Section&appliesTo=Data-Application-Preferences&pyRuleName=pzRuleFormToolbarDeleteCheckOut&RequestClass=Rule-HTML-Section&RequestAppliesTo=Data-Application-Preferences&RequestRuleName=pzRuleFormToolbarDeleteCheckOut Payload: "{\"RequestClass\":\"Rule-HTML-Section\",\"RequestAppliesTo\":\"Data-Application-Preferences\",\"RequestRuleName\":\"pzRuleFormToolbarDeleteCheckOut\"}" => HTTP 404 (18 bytes)
[PegaHttpClient] 📡 POST https://zdk8budo.pegaacademy.net/prweb/api/v1/rules/query?pxObjClass=Rule-HTML-Section&appliesTo=Data-Application-Preferences&pyRuleName=pzRuleFormToolbarDeleteCheckOut&RequestClass=Rule-HTML-Section&RequestAppliesTo=Data-Application-Preferences&RequestRuleName=pzRuleFormToolbarDeleteCheckOut Payload: "{\"RequestClass\":\"Rule-HTML-Section\",\"RequestAppliesTo\":\"Data-Application-Preferences\",\"RequestRuleName\":\"pzRuleFormToolbarDeleteCheckOut\"}" => HTTP 404 (18 bytes)
[PegaHttpClient] 📡 POST https://zdk8budo.pegaacademy.net/prweb/PRRestService/v1/rules/query?pxObjClass=Rule-HTML-Section&appliesTo=Data-Application-Preferences&pyRuleName=pzRuleFormToolbarDeleteCheckOut&RequestClass=Rule-HTML-Section&RequestAppliesTo=Data-Application-Preferences&RequestRuleName=pzRuleFormToolbarDeleteCheckOut Payload: "{\"RequestClass\":\"Rule-HTML-Section\",\"RequestAppliesTo\":\"Data-Application-Preferences\",\"RequestRuleName\":\"pzRuleFormToolbarDeleteCheckOut\"}" => HTTP 404 (18 bytes)
[PegaHttpClient] 📡 POST https://zdk8budo.pegaacademy.net/prweb/api/CodeIntelligence/v1/rules/query?pxObjClass=Rule-HTML-Section&appliesTo=Data-Application-Preferences&pyRuleName=pzRuleFormToolbarDeleteRule&RequestClass=Rule-HTML-Section&RequestAppliesTo=Data-Application-Preferences&RequestRuleName=pzRuleFormToolbarDeleteRule Payload: "{\"RequestClass\":\"Rule-HTML-Section\",\"RequestAppliesTo\":\"Data-Application-Preferences\",\"RequestRuleName\":\"pzRuleFormToolbarDeleteRule\"}" => HTTP 200 (32314 bytes)
[PegaHttpClient] 📡 POST https://zdk8budo.pegaacademy.net/prweb/api/CodeIntelligence/v1/rules/query?pxObjClass=Rule-HTML-Section&appliesTo=Data-Application-Preferences&pyRuleName=pzLoadCollaborationScripts&RequestClass=Rule-HTML-Section&RequestAppliesTo=Data-Application-Preferences&RequestRuleName=pzLoadCollaborationScripts Payload: "{\"RequestClass\":\"Rule-HTML-Section\",\"RequestAppliesTo\":\"Data-Application-Preferences\",\"RequestRuleName\":\"pzLoadCollaborationScripts\"}" => HTTP 200 (23453 bytes)
[PegaHttpClient] 📡 POST https://zdk8budo.pegaacademy.net/prweb/api/CodeIntelligence/v1/rules/query?pxObjClass=Rule-HTML-Section&appliesTo=Data-Application-Preferences&pyRuleName=pzDisplayCollaboratorsList&RequestClass=Rule-HTML-Section&RequestAppliesTo=Data-Application-Preferences&RequestRuleName=pzDisplayCollaboratorsList Payload: "{\"RequestClass\":\"Rule-HTML-Section\",\"RequestAppliesTo\":\"Data-Application-Preferences\",\"RequestRuleName\":\"pzDisplayCollaboratorsList\"}" => HTTP 200 (105418 bytes)
[PegaHttpClient] 📡 POST https://zdk8budo.pegaacademy.net/prweb/api/CodeIntelligence/v1/rules/query?pxObjClass=Rule-HTML-Section&appliesTo=Data-Application-Preferences&pyRuleName=pyCollaborator&RequestClass=Rule-HTML-Section&RequestAppliesTo=Data-Application-Preferences&RequestRuleName=pyCollaborator Payload: "{\"RequestClass\":\"Rule-HTML-Section\",\"RequestAppliesTo\":\"Data-Application-Preferences\",\"RequestRuleName\":\"pyCollaborator\"}" => HTTP 404 (120 bytes)
[PegaHttpClient] 📡 POST https://zdk8budo.pegaacademy.net/prweb/PRRestService/CodeIntelligence/v1/rules/query?pxObjClass=Rule-HTML-Section&appliesTo=Data-Application-Preferences&pyRuleName=pyCollaborator&RequestClass=Rule-HTML-Section&RequestAppliesTo=Data-Application-Preferences&RequestRuleName=pyCollaborator Payload: "{\"RequestClass\":\"Rule-HTML-Section\",\"RequestAppliesTo\":\"Data-Application-Preferences\",\"RequestRuleName\":\"pyCollaborator\"}" => HTTP 404 (120 bytes)
[PegaHttpClient] 📡 POST https://zdk8budo.pegaacademy.net/prweb/api/HRAppsV2Service/V1/rules/query?pxObjClass=Rule-HTML-Section&appliesTo=Data-Application-Preferences&pyRuleName=pyCollaborator&RequestClass=Rule-HTML-Section&RequestAppliesTo=Data-Application-Preferences&RequestRuleName=pyCollaborator Payload: "{\"RequestClass\":\"Rule-HTML-Section\",\"RequestAppliesTo\":\"Data-Application-Preferences\",\"RequestRuleName\":\"pyCollaborator\"}" => HTTP 404 (18 bytes)
[PegaHttpClient] 📡 POST https://zdk8budo.pegaacademy.net/prweb/PRRestService/HRAppsV2Service/V1/rules/query?pxObjClass=Rule-HTML-Section&appliesTo=Data-Application-Preferences&pyRuleName=pyCollaborator&RequestClass=Rule-HTML-Section&RequestAppliesTo=Data-Application-Preferences&RequestRuleName=pyCollaborator Payload: "{\"RequestClass\":\"Rule-HTML-Section\",\"RequestAppliesTo\":\"Data-Application-Preferences\",\"RequestRuleName\":\"pyCollaborator\"}" => HTTP 404 (18 bytes)
[PegaHttpClient] 📡 POST https://zdk8budo.pegaacademy.net/prweb/api/HRAppsV2/V1/rules/query?pxObjClass=Rule-HTML-Section&appliesTo=Data-Application-Preferences&pyRuleName=pyCollaborator&RequestClass=Rule-HTML-Section&RequestAppliesTo=Data-Application-Preferences&RequestRuleName=pyCollaborator Payload: "{\"RequestClass\":\"Rule-HTML-Section\",\"RequestAppliesTo\":\"Data-Application-Preferences\",\"RequestRuleName\":\"pyCollaborator\"}" => HTTP 404 (18 bytes)
[PegaHttpClient] 📡 POST https://zdk8budo.pegaacademy.net/prweb/PRRestService/HRAppsV2/V1/rules/query?pxObjClass=Rule-HTML-Section&appliesTo=Data-Application-Preferences&pyRuleName=pyCollaborator&RequestClass=Rule-HTML-Section&RequestAppliesTo=Data-Application-Preferences&RequestRuleName=pyCollaborator Payload: "{\"RequestClass\":\"Rule-HTML-Section\",\"RequestAppliesTo\":\"Data-Application-Preferences\",\"RequestRuleName\":\"pyCollaborator\"}" => HTTP 404 (18 bytes)
[PegaHttpClient] 📡 POST https://zdk8budo.pegaacademy.net/prweb/api/v1/rules/query?pxObjClass=Rule-HTML-Section&appliesTo=Data-Application-Preferences&pyRuleName=pyCollaborator&RequestClass=Rule-HTML-Section&RequestAppliesTo=Data-Application-Preferences&RequestRuleName=pyCollaborator Payload: "{\"RequestClass\":\"Rule-HTML-Section\",\"RequestAppliesTo\":\"Data-Application-Preferences\",\"RequestRuleName\":\"pyCollaborator\"}" => HTTP 404 (18 bytes)
[PegaHttpClient] 📡 POST https://zdk8budo.pegaacademy.net/prweb/PRRestService/v1/rules/query?pxObjClass=Rule-HTML-Section&appliesTo=Data-Application-Preferences&pyRuleName=pyCollaborator&RequestClass=Rule-HTML-Section&RequestAppliesTo=Data-Application-Preferences&RequestRuleName=pyCollaborator Payload: "{\"RequestClass\":\"Rule-HTML-Section\",\"RequestAppliesTo\":\"Data-Application-Preferences\",\"RequestRuleName\":\"pyCollaborator\"}" => HTTP 404 (18 bytes)
[PegaHttpClient] 📡 POST https://zdk8budo.pegaacademy.net/prweb/api/CodeIntelligence/v1/rules/query?pxObjClass=Rule-HTML-Section&appliesTo=Data-Application-Preferences&pyRuleName=pzDisplayPartialCount&RequestClass=Rule-HTML-Section&RequestAppliesTo=Data-Application-Preferences&RequestRuleName=pzDisplayPartialCount Payload: "{\"RequestClass\":\"Rule-HTML-Section\",\"RequestAppliesTo\":\"Data-Application-Preferences\",\"RequestRuleName\":\"pzDisplayPartialCount\"}" => HTTP 404 (127 bytes)
[PegaHttpClient] 📡 POST https://zdk8budo.pegaacademy.net/prweb/PRRestService/CodeIntelligence/v1/rules/query?pxObjClass=Rule-HTML-Section&appliesTo=Data-Application-Preferences&pyRuleName=pzDisplayPartialCount&RequestClass=Rule-HTML-Section&RequestAppliesTo=Data-Application-Preferences&RequestRuleName=pzDisplayPartialCount Payload: "{\"RequestClass\":\"Rule-HTML-Section\",\"RequestAppliesTo\":\"Data-Application-Preferences\",\"RequestRuleName\":\"pzDisplayPartialCount\"}" => HTTP 404 (127 bytes)
[PegaHttpClient] 📡 POST https://zdk8budo.pegaacademy.net/prweb/api/HRAppsV2Service/V1/rules/query?pxObjClass=Rule-HTML-Section&appliesTo=Data-Application-Preferences&pyRuleName=pzDisplayPartialCount&RequestClass=Rule-HTML-Section&RequestAppliesTo=Data-Application-Preferences&RequestRuleName=pzDisplayPartialCount Payload: "{\"RequestClass\":\"Rule-HTML-Section\",\"RequestAppliesTo\":\"Data-Application-Preferences\",\"RequestRuleName\":\"pzDisplayPartialCount\"}" => HTTP 404 (18 bytes)
[PegaHttpClient] 📡 POST https://zdk8budo.pegaacademy.net/prweb/PRRestService/HRAppsV2Service/V1/rules/query?pxObjClass=Rule-HTML-Section&appliesTo=Data-Application-Preferences&pyRuleName=pzDisplayPartialCount&RequestClass=Rule-HTML-Section&RequestAppliesTo=Data-Application-Preferences&RequestRuleName=pzDisplayPartialCount Payload: "{\"RequestClass\":\"Rule-HTML-Section\",\"RequestAppliesTo\":\"Data-Application-Preferences\",\"RequestRuleName\":\"pzDisplayPartialCount\"}" => HTTP 404 (18 bytes)
[PegaHttpClient] 📡 POST https://zdk8budo.pegaacademy.net/prweb/api/HRAppsV2/V1/rules/query?pxObjClass=Rule-HTML-Section&appliesTo=Data-Application-Preferences&pyRuleName=pzDisplayPartialCount&RequestClass=Rule-HTML-Section&RequestAppliesTo=Data-Application-Preferences&RequestRuleName=pzDisplayPartialCount Payload: "{\"RequestClass\":\"Rule-HTML-Section\",\"RequestAppliesTo\":\"Data-Application-Preferences\",\"RequestRuleName\":\"pzDisplayPartialCount\"}" => HTTP 404 (18 bytes)
[PegaHttpClient] 📡 POST https://zdk8budo.pegaacademy.net/prweb/PRRestService/HRAppsV2/V1/rules/query?pxObjClass=Rule-HTML-Section&appliesTo=Data-Application-Preferences&pyRuleName=pzDisplayPartialCount&RequestClass=Rule-HTML-Section&RequestAppliesTo=Data-Application-Preferences&RequestRuleName=pzDisplayPartialCount Payload: "{\"RequestClass\":\"Rule-HTML-Section\",\"RequestAppliesTo\":\"Data-Application-Preferences\",\"RequestRuleName\":\"pzDisplayPartialCount\"}" => HTTP 404 (18 bytes)
[PegaHttpClient] 📡 POST https://zdk8budo.pegaacademy.net/prweb/api/v1/rules/query?pxObjClass=Rule-HTML-Section&appliesTo=Data-Application-Preferences&pyRuleName=pzDisplayPartialCount&RequestClass=Rule-HTML-Section&RequestAppliesTo=Data-Application-Preferences&RequestRuleName=pzDisplayPartialCount Payload: "{\"RequestClass\":\"Rule-HTML-Section\",\"RequestAppliesTo\":\"Data-Application-Preferences\",\"RequestRuleName\":\"pzDisplayPartialCount\"}" => HTTP 404 (18 bytes)
[PegaHttpClient] 📡 POST https://zdk8budo.pegaacademy.net/prweb/PRRestService/v1/rules/query?pxObjClass=Rule-HTML-Section&appliesTo=Data-Application-Preferences&pyRuleName=pzDisplayPartialCount&RequestClass=Rule-HTML-Section&RequestAppliesTo=Data-Application-Preferences&RequestRuleName=pzDisplayPartialCount Payload: "{\"RequestClass\":\"Rule-HTML-Section\",\"RequestAppliesTo\":\"Data-Application-Preferences\",\"RequestRuleName\":\"pzDisplayPartialCount\"}" => HTTP 404 (18 bytes)
[SchemaGen] ✅ Schema written for Data-Application-Preferences
[PegaHttpClient] 📡 GET https://zdk8budo.pegaacademy.net/prweb/api/CodeIntelligence/v1/rules/RULE-HTML-HARNESS%20RULE-OBJ-VALIDATE%20RULEFORM%20%2320180713T140754.357%20GMT => HTTP 200 (26777 bytes)
[PegaHttpClient] 📡 POST https://zdk8budo.pegaacademy.net/prweb/api/CodeIntelligence/v1/rules/query?pxObjClass=Rule-HTML-Section&appliesTo=Rule-Obj-Validate&pyRuleName=RuleFormMain&RequestClass=Rule-HTML-Section&RequestAppliesTo=Rule-Obj-Validate&RequestRuleName=RuleFormMain Payload: "{\"RequestClass\":\"Rule-HTML-Section\",\"RequestAppliesTo\":\"Rule-Obj-Validate\",\"RequestRuleName\":\"RuleFormMain\"}" => HTTP 200 (156234 bytes)
[PegaHttpClient] 📡 POST https://zdk8budo.pegaacademy.net/prweb/api/CodeIntelligence/v1/rules/query?pxObjClass=Rule-HTML-Section&appliesTo=Rule-Obj-Validate&pyRuleName=pxAlternateRuleForm&RequestClass=Rule-HTML-Section&RequestAppliesTo=Rule-Obj-Validate&RequestRuleName=pxAlternateRuleForm Payload: "{\"RequestClass\":\"Rule-HTML-Section\",\"RequestAppliesTo\":\"Rule-Obj-Validate\",\"RequestRuleName\":\"pxAlternateRuleForm\"}" => HTTP 200 (66153 bytes)
[PegaHttpClient] 📡 POST https://zdk8budo.pegaacademy.net/prweb/api/CodeIntelligence/v1/rules/query?pxObjClass=Rule-HTML-Section&appliesTo=Rule-Obj-Validate&pyRuleName=pzRuleFormScripts&RequestClass=Rule-HTML-Section&RequestAppliesTo=Rule-Obj-Validate&RequestRuleName=pzRuleFormScripts Payload: "{\"RequestClass\":\"Rule-HTML-Section\",\"RequestAppliesTo\":\"Rule-Obj-Validate\",\"RequestRuleName\":\"pzRuleFormScripts\"}" => HTTP 200 (40822 bytes)
[PegaHttpClient] 📡 POST https://zdk8budo.pegaacademy.net/prweb/api/CodeIntelligence/v1/rules/query?pxObjClass=Rule-HTML-Section&appliesTo=Rule-Obj-Validate&pyRuleName=pzRuleFormLayoutDelegated&RequestClass=Rule-HTML-Section&RequestAppliesTo=Rule-Obj-Validate&RequestRuleName=pzRuleFormLayoutDelegated Payload: "{\"RequestClass\":\"Rule-HTML-Section\",\"RequestAppliesTo\":\"Rule-Obj-Validate\",\"RequestRuleName\":\"pzRuleFormLayoutDelegated\"}" => HTTP 200 (70998 bytes)
[PegaHttpClient] 📡 POST https://zdk8budo.pegaacademy.net/prweb/api/CodeIntelligence/v1/rules/query?pxObjClass=Rule-HTML-Section&appliesTo=Rule-Obj-Validate&pyRuleName=RuleFormLayout&RequestClass=Rule-HTML-Section&RequestAppliesTo=Rule-Obj-Validate&RequestRuleName=RuleFormLayout Payload: "{\"RequestClass\":\"Rule-HTML-Section\",\"RequestAppliesTo\":\"Rule-Obj-Validate\",\"RequestRuleName\":\"RuleFormLayout\"}" => HTTP 200 (111622 bytes)
[PegaHttpClient] 📡 POST https://zdk8budo.pegaacademy.net/prweb/api/CodeIntelligence/v1/rules/query?pxObjClass=Rule-HTML-Section&appliesTo=Rule-Obj-Validate&pyRuleName=RuleFormSettings&RequestClass=Rule-HTML-Section&RequestAppliesTo=Rule-Obj-Validate&RequestRuleName=RuleFormSettings Payload: "{\"RequestClass\":\"Rule-HTML-Section\",\"RequestAppliesTo\":\"Rule-Obj-Validate\",\"RequestRuleName\":\"RuleFormSettings\"}" => HTTP 200 (20540 bytes)
[PegaHttpClient] 📡 POST https://zdk8budo.pegaacademy.net/prweb/api/CodeIntelligence/v1/rules/query?pxObjClass=Rule-HTML-Section&appliesTo=Rule-Obj-Validate&pyRuleName=OpenAuthoring&RequestClass=Rule-HTML-Section&RequestAppliesTo=Rule-Obj-Validate&RequestRuleName=OpenAuthoring Payload: "{\"RequestClass\":\"Rule-HTML-Section\",\"RequestAppliesTo\":\"Rule-Obj-Validate\",\"RequestRuleName\":\"OpenAuthoring\"}" => HTTP 200 (23695 bytes)
[PegaHttpClient] 📡 POST https://zdk8budo.pegaacademy.net/prweb/api/CodeIntelligence/v1/rules/query?pxObjClass=Rule-HTML-Section&appliesTo=Rule-Obj-Validate&pyRuleName=pyCustomHelp&RequestClass=Rule-HTML-Section&RequestAppliesTo=Rule-Obj-Validate&RequestRuleName=pyCustomHelp Payload: "{\"RequestClass\":\"Rule-HTML-Section\",\"RequestAppliesTo\":\"Rule-Obj-Validate\",\"RequestRuleName\":\"pyCustomHelp\"}" => HTTP 200 (17256 bytes)
[PegaHttpClient] 📡 POST https://zdk8budo.pegaacademy.net/prweb/api/CodeIntelligence/v1/rules/query?pxObjClass=Rule-HTML-Section&appliesTo=Rule-Obj-Validate&pyRuleName=pzRuleformMainInclude&RequestClass=Rule-HTML-Section&RequestAppliesTo=Rule-Obj-Validate&RequestRuleName=pzRuleformMainInclude Payload: "{\"RequestClass\":\"Rule-HTML-Section\",\"RequestAppliesTo\":\"Rule-Obj-Validate\",\"RequestRuleName\":\"pzRuleformMainInclude\"}" => HTTP 200 (22375 bytes)
[PegaHttpClient] 📡 POST https://zdk8budo.pegaacademy.net/prweb/api/CodeIntelligence/v1/rules/query?pxObjClass=Rule-HTML-Section&appliesTo=Rule-Obj-Validate&pyRuleName=pyAlternativeRuleFormStrategicAppExtension&RequestClass=Rule-HTML-Section&RequestAppliesTo=Rule-Obj-Validate&RequestRuleName=pyAlternativeRuleFormStrategicAppExtension Payload: "{\"RequestClass\":\"Rule-HTML-Section\",\"RequestAppliesTo\":\"Rule-Obj-Validate\",\"RequestRuleName\":\"pyAlternativeRuleFormStrategicAppExtension\"}" => HTTP 200 (25042 bytes)
[PegaHttpClient] 📡 POST https://zdk8budo.pegaacademy.net/prweb/api/CodeIntelligence/v1/rules/query?pxObjClass=Rule-HTML-Section&appliesTo=Rule-Obj-Validate&pyRuleName=pyAlternativeRuleFormExtension&RequestClass=Rule-HTML-Section&RequestAppliesTo=Rule-Obj-Validate&RequestRuleName=pyAlternativeRuleFormExtension Payload: "{\"RequestClass\":\"Rule-HTML-Section\",\"RequestAppliesTo\":\"Rule-Obj-Validate\",\"RequestRuleName\":\"pyAlternativeRuleFormExtension\"}" => HTTP 200 (24863 bytes)
[PegaHttpClient] 📡 POST https://zdk8budo.pegaacademy.net/prweb/api/CodeIntelligence/v1/rules/query?pxObjClass=Rule-HTML-Section&appliesTo=Rule-Obj-Validate&pyRuleName=RuleFormHeader&RequestClass=Rule-HTML-Section&RequestAppliesTo=Rule-Obj-Validate&RequestRuleName=RuleFormHeader Payload: "{\"RequestClass\":\"Rule-HTML-Section\",\"RequestAppliesTo\":\"Rule-Obj-Validate\",\"RequestRuleName\":\"RuleFormHeader\"}" => HTTP 200 (183124 bytes)
[PegaHttpClient] 📡 POST https://zdk8budo.pegaacademy.net/prweb/api/CodeIntelligence/v1/rules/query?pxObjClass=Rule-HTML-Section&appliesTo=Rule-Obj-Validate&pyRuleName=pzDelegationExperience&RequestClass=Rule-HTML-Section&RequestAppliesTo=Rule-Obj-Validate&RequestRuleName=pzDelegationExperience Payload: "{\"RequestClass\":\"Rule-HTML-Section\",\"RequestAppliesTo\":\"Rule-Obj-Validate\",\"RequestRuleName\":\"pzDelegationExperience\"}" => HTTP 404 (117 bytes)
[PegaHttpClient] 📡 POST https://zdk8budo.pegaacademy.net/prweb/PRRestService/CodeIntelligence/v1/rules/query?pxObjClass=Rule-HTML-Section&appliesTo=Rule-Obj-Validate&pyRuleName=pzDelegationExperience&RequestClass=Rule-HTML-Section&RequestAppliesTo=Rule-Obj-Validate&RequestRuleName=pzDelegationExperience Payload: "{\"RequestClass\":\"Rule-HTML-Section\",\"RequestAppliesTo\":\"Rule-Obj-Validate\",\"RequestRuleName\":\"pzDelegationExperience\"}" => HTTP 404 (117 bytes)
[PegaHttpClient] 📡 POST https://zdk8budo.pegaacademy.net/prweb/api/HRAppsV2Service/V1/rules/query?pxObjClass=Rule-HTML-Section&appliesTo=Rule-Obj-Validate&pyRuleName=pzDelegationExperience&RequestClass=Rule-HTML-Section&RequestAppliesTo=Rule-Obj-Validate&RequestRuleName=pzDelegationExperience Payload: "{\"RequestClass\":\"Rule-HTML-Section\",\"RequestAppliesTo\":\"Rule-Obj-Validate\",\"RequestRuleName\":\"pzDelegationExperience\"}" => HTTP 404 (18 bytes)
[PegaHttpClient] 📡 POST https://zdk8budo.pegaacademy.net/prweb/PRRestService/HRAppsV2Service/V1/rules/query?pxObjClass=Rule-HTML-Section&appliesTo=Rule-Obj-Validate&pyRuleName=pzDelegationExperience&RequestClass=Rule-HTML-Section&RequestAppliesTo=Rule-Obj-Validate&RequestRuleName=pzDelegationExperience Payload: "{\"RequestClass\":\"Rule-HTML-Section\",\"RequestAppliesTo\":\"Rule-Obj-Validate\",\"RequestRuleName\":\"pzDelegationExperience\"}" => HTTP 404 (18 bytes)
[PegaHttpClient] 📡 POST https://zdk8budo.pegaacademy.net/prweb/api/HRAppsV2/V1/rules/query?pxObjClass=Rule-HTML-Section&appliesTo=Rule-Obj-Validate&pyRuleName=pzDelegationExperience&RequestClass=Rule-HTML-Section&RequestAppliesTo=Rule-Obj-Validate&RequestRuleName=pzDelegationExperience Payload: "{\"RequestClass\":\"Rule-HTML-Section\",\"RequestAppliesTo\":\"Rule-Obj-Validate\",\"RequestRuleName\":\"pzDelegationExperience\"}" => HTTP 404 (18 bytes)
[PegaHttpClient] 📡 POST https://zdk8budo.pegaacademy.net/prweb/PRRestService/HRAppsV2/V1/rules/query?pxObjClass=Rule-HTML-Section&appliesTo=Rule-Obj-Validate&pyRuleName=pzDelegationExperience&RequestClass=Rule-HTML-Section&RequestAppliesTo=Rule-Obj-Validate&RequestRuleName=pzDelegationExperience Payload: "{\"RequestClass\":\"Rule-HTML-Section\",\"RequestAppliesTo\":\"Rule-Obj-Validate\",\"RequestRuleName\":\"pzDelegationExperience\"}" => HTTP 404 (18 bytes)
[PegaHttpClient] 📡 POST https://zdk8budo.pegaacademy.net/prweb/api/v1/rules/query?pxObjClass=Rule-HTML-Section&appliesTo=Rule-Obj-Validate&pyRuleName=pzDelegationExperience&RequestClass=Rule-HTML-Section&RequestAppliesTo=Rule-Obj-Validate&RequestRuleName=pzDelegationExperience Payload: "{\"RequestClass\":\"Rule-HTML-Section\",\"RequestAppliesTo\":\"Rule-Obj-Validate\",\"RequestRuleName\":\"pzDelegationExperience\"}" => HTTP 404 (18 bytes)
[PegaHttpClient] 📡 POST https://zdk8budo.pegaacademy.net/prweb/PRRestService/v1/rules/query?pxObjClass=Rule-HTML-Section&appliesTo=Rule-Obj-Validate&pyRuleName=pzDelegationExperience&RequestClass=Rule-HTML-Section&RequestAppliesTo=Rule-Obj-Validate&RequestRuleName=pzDelegationExperience Payload: "{\"RequestClass\":\"Rule-HTML-Section\",\"RequestAppliesTo\":\"Rule-Obj-Validate\",\"RequestRuleName\":\"pzDelegationExperience\"}" => HTTP 404 (18 bytes)
[PegaHttpClient] 📡 POST https://zdk8budo.pegaacademy.net/prweb/api/CodeIntelligence/v1/rules/query?pxObjClass=Rule-HTML-Section&appliesTo=Rule-Obj-Validate&pyRuleName=pzTableValidate&RequestClass=Rule-HTML-Section&RequestAppliesTo=Rule-Obj-Validate&RequestRuleName=pzTableValidate Payload: "{\"RequestClass\":\"Rule-HTML-Section\",\"RequestAppliesTo\":\"Rule-Obj-Validate\",\"RequestRuleName\":\"pzTableValidate\"}" => HTTP 200 (17289 bytes)
[PegaHttpClient] 📡 POST https://zdk8budo.pegaacademy.net/prweb/api/CodeIntelligence/v1/rules/query?pxObjClass=Rule-HTML-Section&appliesTo=Rule-Obj-Validate&pyRuleName=pzInput&RequestClass=Rule-HTML-Section&RequestAppliesTo=Rule-Obj-Validate&RequestRuleName=pzInput Payload: "{\"RequestClass\":\"Rule-HTML-Section\",\"RequestAppliesTo\":\"Rule-Obj-Validate\",\"RequestRuleName\":\"pzInput\"}" => HTTP 200 (27843 bytes)
[PegaHttpClient] 📡 POST https://zdk8budo.pegaacademy.net/prweb/api/CodeIntelligence/v1/rules/query?pxObjClass=Rule-HTML-Section&appliesTo=Rule-Obj-Validate&pyRuleName=RuleFormPagesAndClasses&RequestClass=Rule-HTML-Section&RequestAppliesTo=Rule-Obj-Validate&RequestRuleName=RuleFormPagesAndClasses Payload: "{\"RequestClass\":\"Rule-HTML-Section\",\"RequestAppliesTo\":\"Rule-Obj-Validate\",\"RequestRuleName\":\"RuleFormPagesAndClasses\"}" => HTTP 200 (34748 bytes)
[PegaHttpClient] 📡 POST https://zdk8budo.pegaacademy.net/prweb/api/CodeIntelligence/v1/rules/query?pxObjClass=Rule-HTML-Section&appliesTo=Rule-Obj-Validate&pyRuleName=pzSpecifications&RequestClass=Rule-HTML-Section&RequestAppliesTo=Rule-Obj-Validate&RequestRuleName=pzSpecifications Payload: "{\"RequestClass\":\"Rule-HTML-Section\",\"RequestAppliesTo\":\"Rule-Obj-Validate\",\"RequestRuleName\":\"pzSpecifications\"}" => HTTP 200 (16577 bytes)
[PegaHttpClient] 📡 POST https://zdk8budo.pegaacademy.net/prweb/api/CodeIntelligence/v1/rules/query?pxObjClass=Rule-HTML-Section&appliesTo=Rule-Obj-Validate&pyRuleName=RuleFormHistory&RequestClass=Rule-HTML-Section&RequestAppliesTo=Rule-Obj-Validate&RequestRuleName=RuleFormHistory Payload: "{\"RequestClass\":\"Rule-HTML-Section\",\"RequestAppliesTo\":\"Rule-Obj-Validate\",\"RequestRuleName\":\"RuleFormHistory\"}" => HTTP 200 (76091 bytes)
[PegaHttpClient] 📡 POST https://zdk8budo.pegaacademy.net/prweb/api/CodeIntelligence/v1/rules/query?pxObjClass=Rule-HTML-Section&appliesTo=Rule-Obj-Validate&pyRuleName=pzRowCSSDiv&RequestClass=Rule-HTML-Section&RequestAppliesTo=Rule-Obj-Validate&RequestRuleName=pzRowCSSDiv Payload: "{\"RequestClass\":\"Rule-HTML-Section\",\"RequestAppliesTo\":\"Rule-Obj-Validate\",\"RequestRuleName\":\"pzRowCSSDiv\"}" => HTTP 200 (34209 bytes)
[PegaHttpClient] 📡 POST https://zdk8budo.pegaacademy.net/prweb/api/CodeIntelligence/v1/rules/query?pxObjClass=Rule-HTML-Section&appliesTo=Rule-Obj-Validate&pyRuleName=pzCustomHelp&RequestClass=Rule-HTML-Section&RequestAppliesTo=Rule-Obj-Validate&RequestRuleName=pzCustomHelp Payload: "{\"RequestClass\":\"Rule-HTML-Section\",\"RequestAppliesTo\":\"Rule-Obj-Validate\",\"RequestRuleName\":\"pzCustomHelp\"}" => HTTP 200 (31573 bytes)
[PegaHttpClient] 📡 POST https://zdk8budo.pegaacademy.net/prweb/api/CodeIntelligence/v1/rules/query?pxObjClass=Rule-HTML-Section&appliesTo=Rule-Obj-Validate&pyRuleName=pzRuleFormKeysAndDescription&RequestClass=Rule-HTML-Section&RequestAppliesTo=Rule-Obj-Validate&RequestRuleName=pzRuleFormKeysAndDescription Payload: "{\"RequestClass\":\"Rule-HTML-Section\",\"RequestAppliesTo\":\"Rule-Obj-Validate\",\"RequestRuleName\":\"pzRuleFormKeysAndDescription\"}" => HTTP 200 (218057 bytes)
[PegaHttpClient] 📡 POST https://zdk8budo.pegaacademy.net/prweb/api/CodeIntelligence/v1/rules/query?pxObjClass=Rule-HTML-Section&appliesTo=Rule-Obj-Validate&pyRuleName=pzRuleFormRuleset&RequestClass=Rule-HTML-Section&RequestAppliesTo=Rule-Obj-Validate&RequestRuleName=pzRuleFormRuleset Payload: "{\"RequestClass\":\"Rule-HTML-Section\",\"RequestAppliesTo\":\"Rule-Obj-Validate\",\"RequestRuleName\":\"pzRuleFormRuleset\"}" => HTTP 200 (33985 bytes)
[PegaHttpClient] 📡 POST https://zdk8budo.pegaacademy.net/prweb/api/CodeIntelligence/v1/rules/query?pxObjClass=Rule-HTML-Section&appliesTo=Rule-Obj-Validate&pyRuleName=undefined&RequestClass=Rule-HTML-Section&RequestAppliesTo=Rule-Obj-Validate&RequestRuleName=undefined Payload: "{\"RequestClass\":\"Rule-HTML-Section\",\"RequestAppliesTo\":\"Rule-Obj-Validate\",\"RequestRuleName\":\"undefined\"}" => HTTP 404 (104 bytes)
[PegaHttpClient] 📡 POST https://zdk8budo.pegaacademy.net/prweb/PRRestService/CodeIntelligence/v1/rules/query?pxObjClass=Rule-HTML-Section&appliesTo=Rule-Obj-Validate&pyRuleName=undefined&RequestClass=Rule-HTML-Section&RequestAppliesTo=Rule-Obj-Validate&RequestRuleName=undefined Payload: "{\"RequestClass\":\"Rule-HTML-Section\",\"RequestAppliesTo\":\"Rule-Obj-Validate\",\"RequestRuleName\":\"undefined\"}" => HTTP 404 (104 bytes)
[PegaHttpClient] 📡 POST https://zdk8budo.pegaacademy.net/prweb/api/HRAppsV2Service/V1/rules/query?pxObjClass=Rule-HTML-Section&appliesTo=Rule-Obj-Validate&pyRuleName=undefined&RequestClass=Rule-HTML-Section&RequestAppliesTo=Rule-Obj-Validate&RequestRuleName=undefined Payload: "{\"RequestClass\":\"Rule-HTML-Section\",\"RequestAppliesTo\":\"Rule-Obj-Validate\",\"RequestRuleName\":\"undefined\"}" => HTTP 404 (18 bytes)
[PegaHttpClient] 📡 POST https://zdk8budo.pegaacademy.net/prweb/PRRestService/HRAppsV2Service/V1/rules/query?pxObjClass=Rule-HTML-Section&appliesTo=Rule-Obj-Validate&pyRuleName=undefined&RequestClass=Rule-HTML-Section&RequestAppliesTo=Rule-Obj-Validate&RequestRuleName=undefined Payload: "{\"RequestClass\":\"Rule-HTML-Section\",\"RequestAppliesTo\":\"Rule-Obj-Validate\",\"RequestRuleName\":\"undefined\"}" => HTTP 404 (18 bytes)
[PegaHttpClient] 📡 POST https://zdk8budo.pegaacademy.net/prweb/api/HRAppsV2/V1/rules/query?pxObjClass=Rule-HTML-Section&appliesTo=Rule-Obj-Validate&pyRuleName=undefined&RequestClass=Rule-HTML-Section&RequestAppliesTo=Rule-Obj-Validate&RequestRuleName=undefined Payload: "{\"RequestClass\":\"Rule-HTML-Section\",\"RequestAppliesTo\":\"Rule-Obj-Validate\",\"RequestRuleName\":\"undefined\"}" => HTTP 404 (18 bytes)
[PegaHttpClient] 📡 POST https://zdk8budo.pegaacademy.net/prweb/PRRestService/HRAppsV2/V1/rules/query?pxObjClass=Rule-HTML-Section&appliesTo=Rule-Obj-Validate&pyRuleName=undefined&RequestClass=Rule-HTML-Section&RequestAppliesTo=Rule-Obj-Validate&RequestRuleName=undefined Payload: "{\"RequestClass\":\"Rule-HTML-Section\",\"RequestAppliesTo\":\"Rule-Obj-Validate\",\"RequestRuleName\":\"undefined\"}" => HTTP 404 (18 bytes)
[PegaHttpClient] 📡 POST https://zdk8budo.pegaacademy.net/prweb/api/v1/rules/query?pxObjClass=Rule-HTML-Section&appliesTo=Rule-Obj-Validate&pyRuleName=undefined&RequestClass=Rule-HTML-Section&RequestAppliesTo=Rule-Obj-Validate&RequestRuleName=undefined Payload: "{\"RequestClass\":\"Rule-HTML-Section\",\"RequestAppliesTo\":\"Rule-Obj-Validate\",\"RequestRuleName\":\"undefined\"}" => HTTP 404 (18 bytes)
[PegaHttpClient] 📡 POST https://zdk8budo.pegaacademy.net/prweb/PRRestService/v1/rules/query?pxObjClass=Rule-HTML-Section&appliesTo=Rule-Obj-Validate&pyRuleName=undefined&RequestClass=Rule-HTML-Section&RequestAppliesTo=Rule-Obj-Validate&RequestRuleName=undefined Payload: "{\"RequestClass\":\"Rule-HTML-Section\",\"RequestAppliesTo\":\"Rule-Obj-Validate\",\"RequestRuleName\":\"undefined\"}" => HTTP 404 (18 bytes)
[PegaHttpClient] 📡 POST https://zdk8budo.pegaacademy.net/prweb/api/CodeIntelligence/v1/rules/query?pxObjClass=Rule-HTML-Section&appliesTo=Rule-Obj-Validate&pyRuleName=pzRuleFormToolbar&RequestClass=Rule-HTML-Section&RequestAppliesTo=Rule-Obj-Validate&RequestRuleName=pzRuleFormToolbar Payload: "{\"RequestClass\":\"Rule-HTML-Section\",\"RequestAppliesTo\":\"Rule-Obj-Validate\",\"RequestRuleName\":\"pzRuleFormToolbar\"}" => HTTP 200 (242691 bytes)
[PegaHttpClient] 📡 POST https://zdk8budo.pegaacademy.net/prweb/api/CodeIntelligence/v1/rules/query?pxObjClass=Rule-HTML-Section&appliesTo=Rule-Obj-Validate&pyRuleName=pzRuleFormToolbarCompare&RequestClass=Rule-HTML-Section&RequestAppliesTo=Rule-Obj-Validate&RequestRuleName=pzRuleFormToolbarCompare Payload: "{\"RequestClass\":\"Rule-HTML-Section\",\"RequestAppliesTo\":\"Rule-Obj-Validate\",\"RequestRuleName\":\"pzRuleFormToolbarCompare\"}" => HTTP 200 (61925 bytes)
[PegaHttpClient] 📡 POST https://zdk8budo.pegaacademy.net/prweb/api/CodeIntelligence/v1/rules/query?pxObjClass=Rule-HTML-Section&appliesTo=Rule-Obj-Validate&pyRuleName=RuleFormHeaderMessages&RequestClass=Rule-HTML-Section&RequestAppliesTo=Rule-Obj-Validate&RequestRuleName=RuleFormHeaderMessages Payload: "{\"RequestClass\":\"Rule-HTML-Section\",\"RequestAppliesTo\":\"Rule-Obj-Validate\",\"RequestRuleName\":\"RuleFormHeaderMessages\"}" => HTTP 200 (26518 bytes)
[PegaHttpClient] 📡 POST https://zdk8budo.pegaacademy.net/prweb/api/CodeIntelligence/v1/rules/query?pxObjClass=Rule-HTML-Section&appliesTo=Rule-Obj-Validate&pyRuleName=pzRuleFormPagesAndClassesScript&RequestClass=Rule-HTML-Section&RequestAppliesTo=Rule-Obj-Validate&RequestRuleName=pzRuleFormPagesAndClassesScript Payload: "{\"RequestClass\":\"Rule-HTML-Section\",\"RequestAppliesTo\":\"Rule-Obj-Validate\",\"RequestRuleName\":\"pzRuleFormPagesAndClassesScript\"}" => HTTP 200 (15730 bytes)
[PegaHttpClient] 📡 POST https://zdk8budo.pegaacademy.net/prweb/api/CodeIntelligence/v1/rules/query?pxObjClass=Rule-HTML-Section&appliesTo=Rule-Obj-Validate&pyRuleName=pzPagesAndClassesNoMode&RequestClass=Rule-HTML-Section&RequestAppliesTo=Rule-Obj-Validate&RequestRuleName=pzPagesAndClassesNoMode Payload: "{\"RequestClass\":\"Rule-HTML-Section\",\"RequestAppliesTo\":\"Rule-Obj-Validate\",\"RequestRuleName\":\"pzPagesAndClassesNoMode\"}" => HTTP 200 (90057 bytes)
[PegaHttpClient] 📡 POST https://zdk8budo.pegaacademy.net/prweb/api/CodeIntelligence/v1/rules/query?pxObjClass=Rule-HTML-Section&appliesTo=Rule-Obj-Validate&pyRuleName=pzPagesAndClassesWithMode&RequestClass=Rule-HTML-Section&RequestAppliesTo=Rule-Obj-Validate&RequestRuleName=pzPagesAndClassesWithMode Payload: "{\"RequestClass\":\"Rule-HTML-Section\",\"RequestAppliesTo\":\"Rule-Obj-Validate\",\"RequestRuleName\":\"pzPagesAndClassesWithMode\"}" => HTTP 200 (97424 bytes)
[PegaHttpClient] 📡 POST https://zdk8budo.pegaacademy.net/prweb/api/CodeIntelligence/v1/rules/query?pxObjClass=Rule-HTML-Section&appliesTo=Rule-Obj-Validate&pyRuleName=pzSpecificationsInner&RequestClass=Rule-HTML-Section&RequestAppliesTo=Rule-Obj-Validate&RequestRuleName=pzSpecificationsInner Payload: "{\"RequestClass\":\"Rule-HTML-Section\",\"RequestAppliesTo\":\"Rule-Obj-Validate\",\"RequestRuleName\":\"pzSpecificationsInner\"}" => HTTP 200 (142370 bytes)
[PegaHttpClient] 📡 POST https://zdk8budo.pegaacademy.net/prweb/api/CodeIntelligence/v1/rules/query?pxObjClass=Rule-HTML-Section&appliesTo=Rule-Obj-Validate&pyRuleName=pzAlternateRuleInfo&RequestClass=Rule-HTML-Section&RequestAppliesTo=Rule-Obj-Validate&RequestRuleName=pzAlternateRuleInfo Payload: "{\"RequestClass\":\"Rule-HTML-Section\",\"RequestAppliesTo\":\"Rule-Obj-Validate\",\"RequestRuleName\":\"pzAlternateRuleInfo\"}" => HTTP 200 (140407 bytes)
[PegaHttpClient] 📡 POST https://zdk8budo.pegaacademy.net/prweb/api/CodeIntelligence/v1/rules/query?pxObjClass=Rule-HTML-Section&appliesTo=Rule-Obj-Validate&pyRuleName=RuleFormHistory_Description&RequestClass=Rule-HTML-Section&RequestAppliesTo=Rule-Obj-Validate&RequestRuleName=RuleFormHistory_Description Payload: "{\"RequestClass\":\"Rule-HTML-Section\",\"RequestAppliesTo\":\"Rule-Obj-Validate\",\"RequestRuleName\":\"RuleFormHistory_Description\"}" => HTTP 200 (46242 bytes)
[PegaHttpClient] 📡 POST https://zdk8budo.pegaacademy.net/prweb/api/CodeIntelligence/v1/rules/query?pxObjClass=Rule-HTML-Section&appliesTo=Rule-Obj-Validate&pyRuleName=RuleFormHistory_CustomFields&RequestClass=Rule-HTML-Section&RequestAppliesTo=Rule-Obj-Validate&RequestRuleName=RuleFormHistory_CustomFields Payload: "{\"RequestClass\":\"Rule-HTML-Section\",\"RequestAppliesTo\":\"Rule-Obj-Validate\",\"RequestRuleName\":\"RuleFormHistory_CustomFields\"}" => HTTP 200 (75856 bytes)
[PegaHttpClient] 📡 POST https://zdk8budo.pegaacademy.net/prweb/api/CodeIntelligence/v1/rules/query?pxObjClass=Rule-HTML-Section&appliesTo=Rule-Obj-Validate&pyRuleName=RuleFormHistory_HistoryDetails&RequestClass=Rule-HTML-Section&RequestAppliesTo=Rule-Obj-Validate&RequestRuleName=RuleFormHistory_HistoryDetails Payload: "{\"RequestClass\":\"Rule-HTML-Section\",\"RequestAppliesTo\":\"Rule-Obj-Validate\",\"RequestRuleName\":\"RuleFormHistory_HistoryDetails\"}" => HTTP 200 (179535 bytes)
[PegaHttpClient] 📡 POST https://zdk8budo.pegaacademy.net/prweb/api/CodeIntelligence/v1/rules/query?pxObjClass=Rule-HTML-Section&appliesTo=Rule-Obj-Validate&pyRuleName=pzRuleFormStatus&RequestClass=Rule-HTML-Section&RequestAppliesTo=Rule-Obj-Validate&RequestRuleName=pzRuleFormStatus Payload: "{\"RequestClass\":\"Rule-HTML-Section\",\"RequestAppliesTo\":\"Rule-Obj-Validate\",\"RequestRuleName\":\"pzRuleFormStatus\"}" => HTTP 200 (97627 bytes)
[PegaHttpClient] 📡 POST https://zdk8budo.pegaacademy.net/prweb/api/CodeIntelligence/v1/rules/query?pxObjClass=Rule-HTML-Section&appliesTo=Rule-Obj-Validate&pyRuleName=pzRuleFormHeaderCompareWithDropDown&RequestClass=Rule-HTML-Section&RequestAppliesTo=Rule-Obj-Validate&RequestRuleName=pzRuleFormHeaderCompareWithDropDown Payload: "{\"RequestClass\":\"Rule-HTML-Section\",\"RequestAppliesTo\":\"Rule-Obj-Validate\",\"RequestRuleName\":\"pzRuleFormHeaderCompareWithDropDown\"}" => HTTP 200 (25396 bytes)
[PegaHttpClient] 📡 POST https://zdk8budo.pegaacademy.net/prweb/api/CodeIntelligence/v1/rules/query?pxObjClass=Rule-HTML-Section&appliesTo=Rule-Obj-Validate&pyRuleName=undefined&RequestClass=Rule-HTML-Section&RequestAppliesTo=Rule-Obj-Validate&RequestRuleName=undefined Payload: "{\"RequestClass\":\"Rule-HTML-Section\",\"RequestAppliesTo\":\"Rule-Obj-Validate\",\"RequestRuleName\":\"undefined\"}" => HTTP 404 (104 bytes)
[PegaHttpClient] 📡 POST https://zdk8budo.pegaacademy.net/prweb/PRRestService/CodeIntelligence/v1/rules/query?pxObjClass=Rule-HTML-Section&appliesTo=Rule-Obj-Validate&pyRuleName=undefined&RequestClass=Rule-HTML-Section&RequestAppliesTo=Rule-Obj-Validate&RequestRuleName=undefined Payload: "{\"RequestClass\":\"Rule-HTML-Section\",\"RequestAppliesTo\":\"Rule-Obj-Validate\",\"RequestRuleName\":\"undefined\"}" => HTTP 404 (104 bytes)
[PegaHttpClient] 📡 POST https://zdk8budo.pegaacademy.net/prweb/api/HRAppsV2Service/V1/rules/query?pxObjClass=Rule-HTML-Section&appliesTo=Rule-Obj-Validate&pyRuleName=undefined&RequestClass=Rule-HTML-Section&RequestAppliesTo=Rule-Obj-Validate&RequestRuleName=undefined Payload: "{\"RequestClass\":\"Rule-HTML-Section\",\"RequestAppliesTo\":\"Rule-Obj-Validate\",\"RequestRuleName\":\"undefined\"}" => HTTP 404 (18 bytes)
[PegaHttpClient] 📡 POST https://zdk8budo.pegaacademy.net/prweb/PRRestService/HRAppsV2Service/V1/rules/query?pxObjClass=Rule-HTML-Section&appliesTo=Rule-Obj-Validate&pyRuleName=undefined&RequestClass=Rule-HTML-Section&RequestAppliesTo=Rule-Obj-Validate&RequestRuleName=undefined Payload: "{\"RequestClass\":\"Rule-HTML-Section\",\"RequestAppliesTo\":\"Rule-Obj-Validate\",\"RequestRuleName\":\"undefined\"}" => HTTP 404 (18 bytes)
[PegaHttpClient] 📡 POST https://zdk8budo.pegaacademy.net/prweb/api/HRAppsV2/V1/rules/query?pxObjClass=Rule-HTML-Section&appliesTo=Rule-Obj-Validate&pyRuleName=undefined&RequestClass=Rule-HTML-Section&RequestAppliesTo=Rule-Obj-Validate&RequestRuleName=undefined Payload: "{\"RequestClass\":\"Rule-HTML-Section\",\"RequestAppliesTo\":\"Rule-Obj-Validate\",\"RequestRuleName\":\"undefined\"}" => HTTP 404 (18 bytes)
[PegaHttpClient] 📡 POST https://zdk8budo.pegaacademy.net/prweb/PRRestService/HRAppsV2/V1/rules/query?pxObjClass=Rule-HTML-Section&appliesTo=Rule-Obj-Validate&pyRuleName=undefined&RequestClass=Rule-HTML-Section&RequestAppliesTo=Rule-Obj-Validate&RequestRuleName=undefined Payload: "{\"RequestClass\":\"Rule-HTML-Section\",\"RequestAppliesTo\":\"Rule-Obj-Validate\",\"RequestRuleName\":\"undefined\"}" => HTTP 404 (18 bytes)
[PegaHttpClient] 📡 POST https://zdk8budo.pegaacademy.net/prweb/api/v1/rules/query?pxObjClass=Rule-HTML-Section&appliesTo=Rule-Obj-Validate&pyRuleName=undefined&RequestClass=Rule-HTML-Section&RequestAppliesTo=Rule-Obj-Validate&RequestRuleName=undefined Payload: "{\"RequestClass\":\"Rule-HTML-Section\",\"RequestAppliesTo\":\"Rule-Obj-Validate\",\"RequestRuleName\":\"undefined\"}" => HTTP 404 (18 bytes)
[PegaHttpClient] 📡 POST https://zdk8budo.pegaacademy.net/prweb/PRRestService/v1/rules/query?pxObjClass=Rule-HTML-Section&appliesTo=Rule-Obj-Validate&pyRuleName=undefined&RequestClass=Rule-HTML-Section&RequestAppliesTo=Rule-Obj-Validate&RequestRuleName=undefined Payload: "{\"RequestClass\":\"Rule-HTML-Section\",\"RequestAppliesTo\":\"Rule-Obj-Validate\",\"RequestRuleName\":\"undefined\"}" => HTTP 404 (18 bytes)
[PegaHttpClient] 📡 POST https://zdk8budo.pegaacademy.net/prweb/api/CodeIntelligence/v1/rules/query?pxObjClass=Rule-HTML-Section&appliesTo=Rule-Obj-Validate&pyRuleName=pzRuleFormToolbarHotKeys&RequestClass=Rule-HTML-Section&RequestAppliesTo=Rule-Obj-Validate&RequestRuleName=pzRuleFormToolbarHotKeys Payload: "{\"RequestClass\":\"Rule-HTML-Section\",\"RequestAppliesTo\":\"Rule-Obj-Validate\",\"RequestRuleName\":\"pzRuleFormToolbarHotKeys\"}" => HTTP 200 (85058 bytes)
[PegaHttpClient] 📡 POST https://zdk8budo.pegaacademy.net/prweb/api/CodeIntelligence/v1/rules/query?pxObjClass=Rule-HTML-Section&appliesTo=Rule-Obj-Validate&pyRuleName=pzRuleFormToolbarLockedIcon&RequestClass=Rule-HTML-Section&RequestAppliesTo=Rule-Obj-Validate&RequestRuleName=pzRuleFormToolbarLockedIcon Payload: "{\"RequestClass\":\"Rule-HTML-Section\",\"RequestAppliesTo\":\"Rule-Obj-Validate\",\"RequestRuleName\":\"pzRuleFormToolbarLockedIcon\"}" => HTTP 200 (24898 bytes)
[PegaHttpClient] 📡 POST https://zdk8budo.pegaacademy.net/prweb/api/CodeIntelligence/v1/rules/query?pxObjClass=Rule-HTML-Section&appliesTo=Rule-Obj-Validate&pyRuleName=pzRuleFormToolbarCollaborators&RequestClass=Rule-HTML-Section&RequestAppliesTo=Rule-Obj-Validate&RequestRuleName=pzRuleFormToolbarCollaborators Payload: "{\"RequestClass\":\"Rule-HTML-Section\",\"RequestAppliesTo\":\"Rule-Obj-Validate\",\"RequestRuleName\":\"pzRuleFormToolbarCollaborators\"}" => HTTP 200 (15254 bytes)
[PegaHttpClient] 📡 POST https://zdk8budo.pegaacademy.net/prweb/api/CodeIntelligence/v1/rules/query?pxObjClass=Rule-HTML-Section&appliesTo=Rule-Obj-Validate&pyRuleName=pzRuleFormToolbarSaveAs&RequestClass=Rule-HTML-Section&RequestAppliesTo=Rule-Obj-Validate&RequestRuleName=pzRuleFormToolbarSaveAs Payload: "{\"RequestClass\":\"Rule-HTML-Section\",\"RequestAppliesTo\":\"Rule-Obj-Validate\",\"RequestRuleName\":\"pzRuleFormToolbarSaveAs\"}" => HTTP 200 (64084 bytes)
[PegaHttpClient] 📡 POST https://zdk8budo.pegaacademy.net/prweb/api/CodeIntelligence/v1/rules/query?pxObjClass=Rule-HTML-Section&appliesTo=Rule-Obj-Validate&pyRuleName=pzRuleFormToolbarCheckin&RequestClass=Rule-HTML-Section&RequestAppliesTo=Rule-Obj-Validate&RequestRuleName=pzRuleFormToolbarCheckin Payload: "{\"RequestClass\":\"Rule-HTML-Section\",\"RequestAppliesTo\":\"Rule-Obj-Validate\",\"RequestRuleName\":\"pzRuleFormToolbarCheckin\"}" => HTTP 200 (119096 bytes)
[PegaHttpClient] 📡 POST https://zdk8budo.pegaacademy.net/prweb/api/CodeIntelligence/v1/rules/query?pxObjClass=Rule-HTML-Section&appliesTo=Rule-Obj-Validate&pyRuleName=pzRuleFormToolbarDelete&RequestClass=Rule-HTML-Section&RequestAppliesTo=Rule-Obj-Validate&RequestRuleName=pzRuleFormToolbarDelete Payload: "{\"RequestClass\":\"Rule-HTML-Section\",\"RequestAppliesTo\":\"Rule-Obj-Validate\",\"RequestRuleName\":\"pzRuleFormToolbarDelete\"}" => HTTP 200 (30249 bytes)
[PegaHttpClient] 📡 POST https://zdk8budo.pegaacademy.net/prweb/api/CodeIntelligence/v1/rules/query?pxObjClass=Rule-HTML-Section&appliesTo=Rule-Obj-Validate&pyRuleName=pzRuleFormToolbarSave&RequestClass=Rule-HTML-Section&RequestAppliesTo=Rule-Obj-Validate&RequestRuleName=pzRuleFormToolbarSave Payload: "{\"RequestClass\":\"Rule-HTML-Section\",\"RequestAppliesTo\":\"Rule-Obj-Validate\",\"RequestRuleName\":\"pzRuleFormToolbarSave\"}" => HTTP 200 (293885 bytes)
[PegaHttpClient] 📡 POST https://zdk8budo.pegaacademy.net/prweb/api/CodeIntelligence/v1/rules/query?pxObjClass=Rule-HTML-Section&appliesTo=Rule-Obj-Validate&pyRuleName=pzRuleFormToolbarCheckout&RequestClass=Rule-HTML-Section&RequestAppliesTo=Rule-Obj-Validate&RequestRuleName=pzRuleFormToolbarCheckout Payload: "{\"RequestClass\":\"Rule-HTML-Section\",\"RequestAppliesTo\":\"Rule-Obj-Validate\",\"RequestRuleName\":\"pzRuleFormToolbarCheckout\"}" => HTTP 200 (238148 bytes)
[PegaHttpClient] 📡 POST https://zdk8budo.pegaacademy.net/prweb/api/CodeIntelligence/v1/rules/query?pxObjClass=Rule-HTML-Section&appliesTo=Rule-Obj-Validate&pyRuleName=pzRemoveErrorsDataPage&RequestClass=Rule-HTML-Section&RequestAppliesTo=Rule-Obj-Validate&RequestRuleName=pzRemoveErrorsDataPage Payload: "{\"RequestClass\":\"Rule-HTML-Section\",\"RequestAppliesTo\":\"Rule-Obj-Validate\",\"RequestRuleName\":\"pzRemoveErrorsDataPage\"}" => HTTP 200 (16733 bytes)
[PegaHttpClient] 📡 POST https://zdk8budo.pegaacademy.net/prweb/api/CodeIntelligence/v1/rules/query?pxObjClass=Rule-HTML-Section&appliesTo=Rule-Obj-Validate&pyRuleName=pzRuleFormHeaderMessagesWrapper&RequestClass=Rule-HTML-Section&RequestAppliesTo=Rule-Obj-Validate&RequestRuleName=pzRuleFormHeaderMessagesWrapper Payload: "{\"RequestClass\":\"Rule-HTML-Section\",\"RequestAppliesTo\":\"Rule-Obj-Validate\",\"RequestRuleName\":\"pzRuleFormHeaderMessagesWrapper\"}" => HTTP 200 (16981 bytes)
[PegaHttpClient] 📡 POST https://zdk8budo.pegaacademy.net/prweb/api/CodeIntelligence/v1/rules/query?pxObjClass=Rule-HTML-Section&appliesTo=Rule-Obj-Validate&pyRuleName=pzPagesAndClassesScriptNoMode&RequestClass=Rule-HTML-Section&RequestAppliesTo=Rule-Obj-Validate&RequestRuleName=pzPagesAndClassesScriptNoMode Payload: "{\"RequestClass\":\"Rule-HTML-Section\",\"RequestAppliesTo\":\"Rule-Obj-Validate\",\"RequestRuleName\":\"pzPagesAndClassesScriptNoMode\"}" => HTTP 200 (25452 bytes)
[PegaHttpClient] 📡 POST https://zdk8budo.pegaacademy.net/prweb/api/CodeIntelligence/v1/rules/query?pxObjClass=Rule-HTML-Section&appliesTo=Rule-Obj-Validate&pyRuleName=pzPagesAndClassesScript&RequestClass=Rule-HTML-Section&RequestAppliesTo=Rule-Obj-Validate&RequestRuleName=pzPagesAndClassesScript Payload: "{\"RequestClass\":\"Rule-HTML-Section\",\"RequestAppliesTo\":\"Rule-Obj-Validate\",\"RequestRuleName\":\"pzPagesAndClassesScript\"}" => HTTP 200 (24224 bytes)
[PegaHttpClient] 📡 POST https://zdk8budo.pegaacademy.net/prweb/api/CodeIntelligence/v1/rules/query?pxObjClass=Rule-HTML-Section&appliesTo=Rule-Obj-Validate&pyRuleName=pzSpecificationName&RequestClass=Rule-HTML-Section&RequestAppliesTo=Rule-Obj-Validate&RequestRuleName=pzSpecificationName Payload: "{\"RequestClass\":\"Rule-HTML-Section\",\"RequestAppliesTo\":\"Rule-Obj-Validate\",\"RequestRuleName\":\"pzSpecificationName\"}" => HTTP 404 (114 bytes)
[PegaHttpClient] 📡 POST https://zdk8budo.pegaacademy.net/prweb/PRRestService/CodeIntelligence/v1/rules/query?pxObjClass=Rule-HTML-Section&appliesTo=Rule-Obj-Validate&pyRuleName=pzSpecificationName&RequestClass=Rule-HTML-Section&RequestAppliesTo=Rule-Obj-Validate&RequestRuleName=pzSpecificationName Payload: "{\"RequestClass\":\"Rule-HTML-Section\",\"RequestAppliesTo\":\"Rule-Obj-Validate\",\"RequestRuleName\":\"pzSpecificationName\"}" => HTTP 404 (114 bytes)
[PegaHttpClient] 📡 POST https://zdk8budo.pegaacademy.net/prweb/api/HRAppsV2Service/V1/rules/query?pxObjClass=Rule-HTML-Section&appliesTo=Rule-Obj-Validate&pyRuleName=pzSpecificationName&RequestClass=Rule-HTML-Section&RequestAppliesTo=Rule-Obj-Validate&RequestRuleName=pzSpecificationName Payload: "{\"RequestClass\":\"Rule-HTML-Section\",\"RequestAppliesTo\":\"Rule-Obj-Validate\",\"RequestRuleName\":\"pzSpecificationName\"}" => HTTP 404 (18 bytes)
[PegaHttpClient] 📡 POST https://zdk8budo.pegaacademy.net/prweb/PRRestService/HRAppsV2Service/V1/rules/query?pxObjClass=Rule-HTML-Section&appliesTo=Rule-Obj-Validate&pyRuleName=pzSpecificationName&RequestClass=Rule-HTML-Section&RequestAppliesTo=Rule-Obj-Validate&RequestRuleName=pzSpecificationName Payload: "{\"RequestClass\":\"Rule-HTML-Section\",\"RequestAppliesTo\":\"Rule-Obj-Validate\",\"RequestRuleName\":\"pzSpecificationName\"}" => HTTP 404 (18 bytes)
[PegaHttpClient] 📡 POST https://zdk8budo.pegaacademy.net/prweb/api/HRAppsV2/V1/rules/query?pxObjClass=Rule-HTML-Section&appliesTo=Rule-Obj-Validate&pyRuleName=pzSpecificationName&RequestClass=Rule-HTML-Section&RequestAppliesTo=Rule-Obj-Validate&RequestRuleName=pzSpecificationName Payload: "{\"RequestClass\":\"Rule-HTML-Section\",\"RequestAppliesTo\":\"Rule-Obj-Validate\",\"RequestRuleName\":\"pzSpecificationName\"}" => HTTP 404 (18 bytes)
[PegaHttpClient] 📡 POST https://zdk8budo.pegaacademy.net/prweb/PRRestService/HRAppsV2/V1/rules/query?pxObjClass=Rule-HTML-Section&appliesTo=Rule-Obj-Validate&pyRuleName=pzSpecificationName&RequestClass=Rule-HTML-Section&RequestAppliesTo=Rule-Obj-Validate&RequestRuleName=pzSpecificationName Payload: "{\"RequestClass\":\"Rule-HTML-Section\",\"RequestAppliesTo\":\"Rule-Obj-Validate\",\"RequestRuleName\":\"pzSpecificationName\"}" => HTTP 404 (18 bytes)
[PegaHttpClient] 📡 POST https://zdk8budo.pegaacademy.net/prweb/api/v1/rules/query?pxObjClass=Rule-HTML-Section&appliesTo=Rule-Obj-Validate&pyRuleName=pzSpecificationName&RequestClass=Rule-HTML-Section&RequestAppliesTo=Rule-Obj-Validate&RequestRuleName=pzSpecificationName Payload: "{\"RequestClass\":\"Rule-HTML-Section\",\"RequestAppliesTo\":\"Rule-Obj-Validate\",\"RequestRuleName\":\"pzSpecificationName\"}" => HTTP 404 (18 bytes)
[PegaHttpClient] 📡 POST https://zdk8budo.pegaacademy.net/prweb/PRRestService/v1/rules/query?pxObjClass=Rule-HTML-Section&appliesTo=Rule-Obj-Validate&pyRuleName=pzSpecificationName&RequestClass=Rule-HTML-Section&RequestAppliesTo=Rule-Obj-Validate&RequestRuleName=pzSpecificationName Payload: "{\"RequestClass\":\"Rule-HTML-Section\",\"RequestAppliesTo\":\"Rule-Obj-Validate\",\"RequestRuleName\":\"pzSpecificationName\"}" => HTTP 404 (18 bytes)
[PegaHttpClient] 📡 POST https://zdk8budo.pegaacademy.net/prweb/api/CodeIntelligence/v1/rules/query?pxObjClass=Rule-HTML-Section&appliesTo=Rule-Obj-Validate&pyRuleName=pzScm_RuleHistory&RequestClass=Rule-HTML-Section&RequestAppliesTo=Rule-Obj-Validate&RequestRuleName=pzScm_RuleHistory Payload: "{\"RequestClass\":\"Rule-HTML-Section\",\"RequestAppliesTo\":\"Rule-Obj-Validate\",\"RequestRuleName\":\"pzScm_RuleHistory\"}" => HTTP 200 (14682 bytes)
[PegaHttpClient] 📡 POST https://zdk8budo.pegaacademy.net/prweb/api/CodeIntelligence/v1/rules/query?pxObjClass=Rule-HTML-Section&appliesTo=Rule-Obj-Validate&pyRuleName=pxDisplayCollaborators&RequestClass=Rule-HTML-Section&RequestAppliesTo=Rule-Obj-Validate&RequestRuleName=pxDisplayCollaborators Payload: "{\"RequestClass\":\"Rule-HTML-Section\",\"RequestAppliesTo\":\"Rule-Obj-Validate\",\"RequestRuleName\":\"pxDisplayCollaborators\"}" => HTTP 200 (94171 bytes)
[PegaHttpClient] 📡 POST https://zdk8budo.pegaacademy.net/prweb/api/CodeIntelligence/v1/rules/query?pxObjClass=Rule-HTML-Section&appliesTo=Rule-Obj-Validate&pyRuleName=pzRuleFormToolbarDeleteCheckOut&RequestClass=Rule-HTML-Section&RequestAppliesTo=Rule-Obj-Validate&RequestRuleName=pzRuleFormToolbarDeleteCheckOut Payload: "{\"RequestClass\":\"Rule-HTML-Section\",\"RequestAppliesTo\":\"Rule-Obj-Validate\",\"RequestRuleName\":\"pzRuleFormToolbarDeleteCheckOut\"}" => HTTP 200 (29433 bytes)
[PegaHttpClient] 📡 POST https://zdk8budo.pegaacademy.net/prweb/api/CodeIntelligence/v1/rules/query?pxObjClass=Rule-HTML-Section&appliesTo=Rule-Obj-Validate&pyRuleName=pzRuleFormToolbarDeleteRule&RequestClass=Rule-HTML-Section&RequestAppliesTo=Rule-Obj-Validate&RequestRuleName=pzRuleFormToolbarDeleteRule Payload: "{\"RequestClass\":\"Rule-HTML-Section\",\"RequestAppliesTo\":\"Rule-Obj-Validate\",\"RequestRuleName\":\"pzRuleFormToolbarDeleteRule\"}" => HTTP 200 (32314 bytes)
[PegaHttpClient] 📡 POST https://zdk8budo.pegaacademy.net/prweb/api/CodeIntelligence/v1/rules/query?pxObjClass=Rule-HTML-Section&appliesTo=Rule-Obj-Validate&pyRuleName=pzLoadCollaborationScripts&RequestClass=Rule-HTML-Section&RequestAppliesTo=Rule-Obj-Validate&RequestRuleName=pzLoadCollaborationScripts Payload: "{\"RequestClass\":\"Rule-HTML-Section\",\"RequestAppliesTo\":\"Rule-Obj-Validate\",\"RequestRuleName\":\"pzLoadCollaborationScripts\"}" => HTTP 200 (23453 bytes)
[PegaHttpClient] 📡 POST https://zdk8budo.pegaacademy.net/prweb/api/CodeIntelligence/v1/rules/query?pxObjClass=Rule-HTML-Section&appliesTo=Rule-Obj-Validate&pyRuleName=pzDisplayCollaboratorsList&RequestClass=Rule-HTML-Section&RequestAppliesTo=Rule-Obj-Validate&RequestRuleName=pzDisplayCollaboratorsList Payload: "{\"RequestClass\":\"Rule-HTML-Section\",\"RequestAppliesTo\":\"Rule-Obj-Validate\",\"RequestRuleName\":\"pzDisplayCollaboratorsList\"}" => HTTP 200 (105418 bytes)
[PegaHttpClient] 📡 POST https://zdk8budo.pegaacademy.net/prweb/api/CodeIntelligence/v1/rules/query?pxObjClass=Rule-HTML-Section&appliesTo=Rule-Obj-Validate&pyRuleName=pyCollaborator&RequestClass=Rule-HTML-Section&RequestAppliesTo=Rule-Obj-Validate&RequestRuleName=pyCollaborator Payload: "{\"RequestClass\":\"Rule-HTML-Section\",\"RequestAppliesTo\":\"Rule-Obj-Validate\",\"RequestRuleName\":\"pyCollaborator\"}" => HTTP 404 (109 bytes)
[PegaHttpClient] 📡 POST https://zdk8budo.pegaacademy.net/prweb/PRRestService/CodeIntelligence/v1/rules/query?pxObjClass=Rule-HTML-Section&appliesTo=Rule-Obj-Validate&pyRuleName=pyCollaborator&RequestClass=Rule-HTML-Section&RequestAppliesTo=Rule-Obj-Validate&RequestRuleName=pyCollaborator Payload: "{\"RequestClass\":\"Rule-HTML-Section\",\"RequestAppliesTo\":\"Rule-Obj-Validate\",\"RequestRuleName\":\"pyCollaborator\"}" => HTTP 404 (109 bytes)
[PegaHttpClient] 📡 POST https://zdk8budo.pegaacademy.net/prweb/api/HRAppsV2Service/V1/rules/query?pxObjClass=Rule-HTML-Section&appliesTo=Rule-Obj-Validate&pyRuleName=pyCollaborator&RequestClass=Rule-HTML-Section&RequestAppliesTo=Rule-Obj-Validate&RequestRuleName=pyCollaborator Payload: "{\"RequestClass\":\"Rule-HTML-Section\",\"RequestAppliesTo\":\"Rule-Obj-Validate\",\"RequestRuleName\":\"pyCollaborator\"}" => HTTP 404 (18 bytes)
[PegaHttpClient] 📡 POST https://zdk8budo.pegaacademy.net/prweb/PRRestService/HRAppsV2Service/V1/rules/query?pxObjClass=Rule-HTML-Section&appliesTo=Rule-Obj-Validate&pyRuleName=pyCollaborator&RequestClass=Rule-HTML-Section&RequestAppliesTo=Rule-Obj-Validate&RequestRuleName=pyCollaborator Payload: "{\"RequestClass\":\"Rule-HTML-Section\",\"RequestAppliesTo\":\"Rule-Obj-Validate\",\"RequestRuleName\":\"pyCollaborator\"}" => HTTP 404 (18 bytes)
[PegaHttpClient] 📡 POST https://zdk8budo.pegaacademy.net/prweb/api/HRAppsV2/V1/rules/query?pxObjClass=Rule-HTML-Section&appliesTo=Rule-Obj-Validate&pyRuleName=pyCollaborator&RequestClass=Rule-HTML-Section&RequestAppliesTo=Rule-Obj-Validate&RequestRuleName=pyCollaborator Payload: "{\"RequestClass\":\"Rule-HTML-Section\",\"RequestAppliesTo\":\"Rule-Obj-Validate\",\"RequestRuleName\":\"pyCollaborator\"}" => HTTP 404 (18 bytes)
[PegaHttpClient] 📡 POST https://zdk8budo.pegaacademy.net/prweb/PRRestService/HRAppsV2/V1/rules/query?pxObjClass=Rule-HTML-Section&appliesTo=Rule-Obj-Validate&pyRuleName=pyCollaborator&RequestClass=Rule-HTML-Section&RequestAppliesTo=Rule-Obj-Validate&RequestRuleName=pyCollaborator Payload: "{\"RequestClass\":\"Rule-HTML-Section\",\"RequestAppliesTo\":\"Rule-Obj-Validate\",\"RequestRuleName\":\"pyCollaborator\"}" => HTTP 404 (18 bytes)
[PegaHttpClient] 📡 POST https://zdk8budo.pegaacademy.net/prweb/api/v1/rules/query?pxObjClass=Rule-HTML-Section&appliesTo=Rule-Obj-Validate&pyRuleName=pyCollaborator&RequestClass=Rule-HTML-Section&RequestAppliesTo=Rule-Obj-Validate&RequestRuleName=pyCollaborator Payload: "{\"RequestClass\":\"Rule-HTML-Section\",\"RequestAppliesTo\":\"Rule-Obj-Validate\",\"RequestRuleName\":\"pyCollaborator\"}" => HTTP 404 (18 bytes)
[PegaHttpClient] 📡 POST https://zdk8budo.pegaacademy.net/prweb/PRRestService/v1/rules/query?pxObjClass=Rule-HTML-Section&appliesTo=Rule-Obj-Validate&pyRuleName=pyCollaborator&RequestClass=Rule-HTML-Section&RequestAppliesTo=Rule-Obj-Validate&RequestRuleName=pyCollaborator Payload: "{\"RequestClass\":\"Rule-HTML-Section\",\"RequestAppliesTo\":\"Rule-Obj-Validate\",\"RequestRuleName\":\"pyCollaborator\"}" => HTTP 404 (18 bytes)
[PegaHttpClient] 📡 POST https://zdk8budo.pegaacademy.net/prweb/api/CodeIntelligence/v1/rules/query?pxObjClass=Rule-HTML-Section&appliesTo=Rule-Obj-Validate&pyRuleName=pzDisplayPartialCount&RequestClass=Rule-HTML-Section&RequestAppliesTo=Rule-Obj-Validate&RequestRuleName=pzDisplayPartialCount Payload: "{\"RequestClass\":\"Rule-HTML-Section\",\"RequestAppliesTo\":\"Rule-Obj-Validate\",\"RequestRuleName\":\"pzDisplayPartialCount\"}" => HTTP 404 (116 bytes)
[PegaHttpClient] 📡 POST https://zdk8budo.pegaacademy.net/prweb/PRRestService/CodeIntelligence/v1/rules/query?pxObjClass=Rule-HTML-Section&appliesTo=Rule-Obj-Validate&pyRuleName=pzDisplayPartialCount&RequestClass=Rule-HTML-Section&RequestAppliesTo=Rule-Obj-Validate&RequestRuleName=pzDisplayPartialCount Payload: "{\"RequestClass\":\"Rule-HTML-Section\",\"RequestAppliesTo\":\"Rule-Obj-Validate\",\"RequestRuleName\":\"pzDisplayPartialCount\"}" => HTTP 404 (116 bytes)
[PegaHttpClient] 📡 POST https://zdk8budo.pegaacademy.net/prweb/api/HRAppsV2Service/V1/rules/query?pxObjClass=Rule-HTML-Section&appliesTo=Rule-Obj-Validate&pyRuleName=pzDisplayPartialCount&RequestClass=Rule-HTML-Section&RequestAppliesTo=Rule-Obj-Validate&RequestRuleName=pzDisplayPartialCount Payload: "{\"RequestClass\":\"Rule-HTML-Section\",\"RequestAppliesTo\":\"Rule-Obj-Validate\",\"RequestRuleName\":\"pzDisplayPartialCount\"}" => HTTP 404 (18 bytes)
[PegaHttpClient] 📡 POST https://zdk8budo.pegaacademy.net/prweb/PRRestService/HRAppsV2Service/V1/rules/query?pxObjClass=Rule-HTML-Section&appliesTo=Rule-Obj-Validate&pyRuleName=pzDisplayPartialCount&RequestClass=Rule-HTML-Section&RequestAppliesTo=Rule-Obj-Validate&RequestRuleName=pzDisplayPartialCount Payload: "{\"RequestClass\":\"Rule-HTML-Section\",\"RequestAppliesTo\":\"Rule-Obj-Validate\",\"RequestRuleName\":\"pzDisplayPartialCount\"}" => HTTP 404 (18 bytes)
[PegaHttpClient] 📡 POST https://zdk8budo.pegaacademy.net/prweb/api/HRAppsV2/V1/rules/query?pxObjClass=Rule-HTML-Section&appliesTo=Rule-Obj-Validate&pyRuleName=pzDisplayPartialCount&RequestClass=Rule-HTML-Section&RequestAppliesTo=Rule-Obj-Validate&RequestRuleName=pzDisplayPartialCount Payload: "{\"RequestClass\":\"Rule-HTML-Section\",\"RequestAppliesTo\":\"Rule-Obj-Validate\",\"RequestRuleName\":\"pzDisplayPartialCount\"}" => HTTP 404 (18 bytes)
[PegaHttpClient] 📡 POST https://zdk8budo.pegaacademy.net/prweb/PRRestService/HRAppsV2/V1/rules/query?pxObjClass=Rule-HTML-Section&appliesTo=Rule-Obj-Validate&pyRuleName=pzDisplayPartialCount&RequestClass=Rule-HTML-Section&RequestAppliesTo=Rule-Obj-Validate&RequestRuleName=pzDisplayPartialCount Payload: "{\"RequestClass\":\"Rule-HTML-Section\",\"RequestAppliesTo\":\"Rule-Obj-Validate\",\"RequestRuleName\":\"pzDisplayPartialCount\"}" => HTTP 404 (18 bytes)
[PegaHttpClient] 📡 POST https://zdk8budo.pegaacademy.net/prweb/api/v1/rules/query?pxObjClass=Rule-HTML-Section&appliesTo=Rule-Obj-Validate&pyRuleName=pzDisplayPartialCount&RequestClass=Rule-HTML-Section&RequestAppliesTo=Rule-Obj-Validate&RequestRuleName=pzDisplayPartialCount Payload: "{\"RequestClass\":\"Rule-HTML-Section\",\"RequestAppliesTo\":\"Rule-Obj-Validate\",\"RequestRuleName\":\"pzDisplayPartialCount\"}" => HTTP 404 (18 bytes)
[PegaHttpClient] 📡 POST https://zdk8budo.pegaacademy.net/prweb/PRRestService/v1/rules/query?pxObjClass=Rule-HTML-Section&appliesTo=Rule-Obj-Validate&pyRuleName=pzDisplayPartialCount&RequestClass=Rule-HTML-Section&RequestAppliesTo=Rule-Obj-Validate&RequestRuleName=pzDisplayPartialCount Payload: "{\"RequestClass\":\"Rule-HTML-Section\",\"RequestAppliesTo\":\"Rule-Obj-Validate\",\"RequestRuleName\":\"pzDisplayPartialCount\"}" => HTTP 404 (18 bytes)
[SchemaGen] ✅ Schema written for Rule-Obj-Validate
[PegaHttpClient] 📡 GET https://zdk8budo.pegaacademy.net/prweb/api/CodeIntelligence/v1/rules/RULE-HTML-HARNESS%20RULE-DECLARE-DECISIONTREE%20RULEFORM%20%2320180713T140754.167%20GMT => HTTP 200 (29268 bytes)
[PegaHttpClient] 📡 POST https://zdk8budo.pegaacademy.net/prweb/api/CodeIntelligence/v1/rules/query?pxObjClass=Rule-HTML-Section&appliesTo=Rule-Declare-DecisionTree&pyRuleName=RuleFormMain&RequestClass=Rule-HTML-Section&RequestAppliesTo=Rule-Declare-DecisionTree&RequestRuleName=RuleFormMain Payload: "{\"RequestClass\":\"Rule-HTML-Section\",\"RequestAppliesTo\":\"Rule-Declare-DecisionTree\",\"RequestRuleName\":\"RuleFormMain\"}" => HTTP 200 (156234 bytes)
[PegaHttpClient] 📡 POST https://zdk8budo.pegaacademy.net/prweb/api/CodeIntelligence/v1/rules/query?pxObjClass=Rule-HTML-Section&appliesTo=Rule-Declare-DecisionTree&pyRuleName=pxAlternateRuleForm&RequestClass=Rule-HTML-Section&RequestAppliesTo=Rule-Declare-DecisionTree&RequestRuleName=pxAlternateRuleForm Payload: "{\"RequestClass\":\"Rule-HTML-Section\",\"RequestAppliesTo\":\"Rule-Declare-DecisionTree\",\"RequestRuleName\":\"pxAlternateRuleForm\"}" => HTTP 200 (66153 bytes)
[PegaHttpClient] 📡 POST https://zdk8budo.pegaacademy.net/prweb/api/CodeIntelligence/v1/rules/query?pxObjClass=Rule-HTML-Section&appliesTo=Rule-Declare-DecisionTree&pyRuleName=pzRuleFormScripts&RequestClass=Rule-HTML-Section&RequestAppliesTo=Rule-Declare-DecisionTree&RequestRuleName=pzRuleFormScripts Payload: "{\"RequestClass\":\"Rule-HTML-Section\",\"RequestAppliesTo\":\"Rule-Declare-DecisionTree\",\"RequestRuleName\":\"pzRuleFormScripts\"}" => HTTP 200 (40822 bytes)
[PegaHttpClient] 📡 POST https://zdk8budo.pegaacademy.net/prweb/api/CodeIntelligence/v1/rules/query?pxObjClass=Rule-HTML-Section&appliesTo=Rule-Declare-DecisionTree&pyRuleName=pzRuleFormLayoutDelegated&RequestClass=Rule-HTML-Section&RequestAppliesTo=Rule-Declare-DecisionTree&RequestRuleName=pzRuleFormLayoutDelegated Payload: "{\"RequestClass\":\"Rule-HTML-Section\",\"RequestAppliesTo\":\"Rule-Declare-DecisionTree\",\"RequestRuleName\":\"pzRuleFormLayoutDelegated\"}" => HTTP 200 (70998 bytes)
[PegaHttpClient] 📡 POST https://zdk8budo.pegaacademy.net/prweb/api/CodeIntelligence/v1/rules/query?pxObjClass=Rule-HTML-Section&appliesTo=Rule-Declare-DecisionTree&pyRuleName=RuleFormLayout&RequestClass=Rule-HTML-Section&RequestAppliesTo=Rule-Declare-DecisionTree&RequestRuleName=RuleFormLayout Payload: "{\"RequestClass\":\"Rule-HTML-Section\",\"RequestAppliesTo\":\"Rule-Declare-DecisionTree\",\"RequestRuleName\":\"RuleFormLayout\"}" => HTTP 200 (171938 bytes)
[PegaHttpClient] 📡 POST https://zdk8budo.pegaacademy.net/prweb/api/CodeIntelligence/v1/rules/query?pxObjClass=Rule-HTML-Section&appliesTo=Rule-Declare-DecisionTree&pyRuleName=RuleFormSettings&RequestClass=Rule-HTML-Section&RequestAppliesTo=Rule-Declare-DecisionTree&RequestRuleName=RuleFormSettings Payload: "{\"RequestClass\":\"Rule-HTML-Section\",\"RequestAppliesTo\":\"Rule-Declare-DecisionTree\",\"RequestRuleName\":\"RuleFormSettings\"}" => HTTP 200 (20540 bytes)
[PegaHttpClient] 📡 POST https://zdk8budo.pegaacademy.net/prweb/api/CodeIntelligence/v1/rules/query?pxObjClass=Rule-HTML-Section&appliesTo=Rule-Declare-DecisionTree&pyRuleName=OpenAuthoring&RequestClass=Rule-HTML-Section&RequestAppliesTo=Rule-Declare-DecisionTree&RequestRuleName=OpenAuthoring Payload: "{\"RequestClass\":\"Rule-HTML-Section\",\"RequestAppliesTo\":\"Rule-Declare-DecisionTree\",\"RequestRuleName\":\"OpenAuthoring\"}" => HTTP 200 (23695 bytes)
[PegaHttpClient] 📡 POST https://zdk8budo.pegaacademy.net/prweb/api/CodeIntelligence/v1/rules/query?pxObjClass=Rule-HTML-Section&appliesTo=Rule-Declare-DecisionTree&pyRuleName=pyCustomHelp&RequestClass=Rule-HTML-Section&RequestAppliesTo=Rule-Declare-DecisionTree&RequestRuleName=pyCustomHelp Payload: "{\"RequestClass\":\"Rule-HTML-Section\",\"RequestAppliesTo\":\"Rule-Declare-DecisionTree\",\"RequestRuleName\":\"pyCustomHelp\"}" => HTTP 200 (17256 bytes)
[PegaHttpClient] 📡 POST https://zdk8budo.pegaacademy.net/prweb/api/CodeIntelligence/v1/rules/query?pxObjClass=Rule-HTML-Section&appliesTo=Rule-Declare-DecisionTree&pyRuleName=pzRuleformMainInclude&RequestClass=Rule-HTML-Section&RequestAppliesTo=Rule-Declare-DecisionTree&RequestRuleName=pzRuleformMainInclude Payload: "{\"RequestClass\":\"Rule-HTML-Section\",\"RequestAppliesTo\":\"Rule-Declare-DecisionTree\",\"RequestRuleName\":\"pzRuleformMainInclude\"}" => HTTP 200 (22375 bytes)
[PegaHttpClient] 📡 POST https://zdk8budo.pegaacademy.net/prweb/api/CodeIntelligence/v1/rules/query?pxObjClass=Rule-HTML-Section&appliesTo=Rule-Declare-DecisionTree&pyRuleName=pyAlternativeRuleFormStrategicAppExtension&RequestClass=Rule-HTML-Section&RequestAppliesTo=Rule-Declare-DecisionTree&RequestRuleName=pyAlternativeRuleFormStrategicAppExtension Payload: "{\"RequestClass\":\"Rule-HTML-Section\",\"RequestAppliesTo\":\"Rule-Declare-DecisionTree\",\"RequestRuleName\":\"pyAlternativeRuleFormStrategicAppExtension\"}" => HTTP 200 (25042 bytes)
[PegaHttpClient] 📡 POST https://zdk8budo.pegaacademy.net/prweb/api/CodeIntelligence/v1/rules/query?pxObjClass=Rule-HTML-Section&appliesTo=Rule-Declare-DecisionTree&pyRuleName=pyAlternativeRuleFormExtension&RequestClass=Rule-HTML-Section&RequestAppliesTo=Rule-Declare-DecisionTree&RequestRuleName=pyAlternativeRuleFormExtension Payload: "{\"RequestClass\":\"Rule-HTML-Section\",\"RequestAppliesTo\":\"Rule-Declare-DecisionTree\",\"RequestRuleName\":\"pyAlternativeRuleFormExtension\"}" => HTTP 200 (24863 bytes)
[PegaHttpClient] 📡 POST https://zdk8budo.pegaacademy.net/prweb/api/CodeIntelligence/v1/rules/query?pxObjClass=Rule-HTML-Section&appliesTo=Rule-Declare-DecisionTree&pyRuleName=RuleFormHeader&RequestClass=Rule-HTML-Section&RequestAppliesTo=Rule-Declare-DecisionTree&RequestRuleName=RuleFormHeader Payload: "{\"RequestClass\":\"Rule-HTML-Section\",\"RequestAppliesTo\":\"Rule-Declare-DecisionTree\",\"RequestRuleName\":\"RuleFormHeader\"}" => HTTP 200 (183800 bytes)
[PegaHttpClient] 📡 POST https://zdk8budo.pegaacademy.net/prweb/api/CodeIntelligence/v1/rules/query?pxObjClass=Rule-HTML-Section&appliesTo=Rule-Declare-DecisionTree&pyRuleName=pzDelegationExperience&RequestClass=Rule-HTML-Section&RequestAppliesTo=Rule-Declare-DecisionTree&RequestRuleName=pzDelegationExperience Payload: "{\"RequestClass\":\"Rule-HTML-Section\",\"RequestAppliesTo\":\"Rule-Declare-DecisionTree\",\"RequestRuleName\":\"pzDelegationExperience\"}" => HTTP 404 (125 bytes)
[PegaHttpClient] 📡 POST https://zdk8budo.pegaacademy.net/prweb/PRRestService/CodeIntelligence/v1/rules/query?pxObjClass=Rule-HTML-Section&appliesTo=Rule-Declare-DecisionTree&pyRuleName=pzDelegationExperience&RequestClass=Rule-HTML-Section&RequestAppliesTo=Rule-Declare-DecisionTree&RequestRuleName=pzDelegationExperience Payload: "{\"RequestClass\":\"Rule-HTML-Section\",\"RequestAppliesTo\":\"Rule-Declare-DecisionTree\",\"RequestRuleName\":\"pzDelegationExperience\"}" => HTTP 404 (125 bytes)
[PegaHttpClient] 📡 POST https://zdk8budo.pegaacademy.net/prweb/api/HRAppsV2Service/V1/rules/query?pxObjClass=Rule-HTML-Section&appliesTo=Rule-Declare-DecisionTree&pyRuleName=pzDelegationExperience&RequestClass=Rule-HTML-Section&RequestAppliesTo=Rule-Declare-DecisionTree&RequestRuleName=pzDelegationExperience Payload: "{\"RequestClass\":\"Rule-HTML-Section\",\"RequestAppliesTo\":\"Rule-Declare-DecisionTree\",\"RequestRuleName\":\"pzDelegationExperience\"}" => HTTP 404 (18 bytes)
[PegaHttpClient] 📡 POST https://zdk8budo.pegaacademy.net/prweb/PRRestService/HRAppsV2Service/V1/rules/query?pxObjClass=Rule-HTML-Section&appliesTo=Rule-Declare-DecisionTree&pyRuleName=pzDelegationExperience&RequestClass=Rule-HTML-Section&RequestAppliesTo=Rule-Declare-DecisionTree&RequestRuleName=pzDelegationExperience Payload: "{\"RequestClass\":\"Rule-HTML-Section\",\"RequestAppliesTo\":\"Rule-Declare-DecisionTree\",\"RequestRuleName\":\"pzDelegationExperience\"}" => HTTP 404 (18 bytes)
[PegaHttpClient] 📡 POST https://zdk8budo.pegaacademy.net/prweb/api/HRAppsV2/V1/rules/query?pxObjClass=Rule-HTML-Section&appliesTo=Rule-Declare-DecisionTree&pyRuleName=pzDelegationExperience&RequestClass=Rule-HTML-Section&RequestAppliesTo=Rule-Declare-DecisionTree&RequestRuleName=pzDelegationExperience Payload: "{\"RequestClass\":\"Rule-HTML-Section\",\"RequestAppliesTo\":\"Rule-Declare-DecisionTree\",\"RequestRuleName\":\"pzDelegationExperience\"}" => HTTP 404 (18 bytes)
[PegaHttpClient] 📡 POST https://zdk8budo.pegaacademy.net/prweb/PRRestService/HRAppsV2/V1/rules/query?pxObjClass=Rule-HTML-Section&appliesTo=Rule-Declare-DecisionTree&pyRuleName=pzDelegationExperience&RequestClass=Rule-HTML-Section&RequestAppliesTo=Rule-Declare-DecisionTree&RequestRuleName=pzDelegationExperience Payload: "{\"RequestClass\":\"Rule-HTML-Section\",\"RequestAppliesTo\":\"Rule-Declare-DecisionTree\",\"RequestRuleName\":\"pzDelegationExperience\"}" => HTTP 404 (18 bytes)
[PegaHttpClient] 📡 POST https://zdk8budo.pegaacademy.net/prweb/api/v1/rules/query?pxObjClass=Rule-HTML-Section&appliesTo=Rule-Declare-DecisionTree&pyRuleName=pzDelegationExperience&RequestClass=Rule-HTML-Section&RequestAppliesTo=Rule-Declare-DecisionTree&RequestRuleName=pzDelegationExperience Payload: "{\"RequestClass\":\"Rule-HTML-Section\",\"RequestAppliesTo\":\"Rule-Declare-DecisionTree\",\"RequestRuleName\":\"pzDelegationExperience\"}" => HTTP 404 (18 bytes)
[PegaHttpClient] 📡 POST https://zdk8budo.pegaacademy.net/prweb/PRRestService/v1/rules/query?pxObjClass=Rule-HTML-Section&appliesTo=Rule-Declare-DecisionTree&pyRuleName=pzDelegationExperience&RequestClass=Rule-HTML-Section&RequestAppliesTo=Rule-Declare-DecisionTree&RequestRuleName=pzDelegationExperience Payload: "{\"RequestClass\":\"Rule-HTML-Section\",\"RequestAppliesTo\":\"Rule-Declare-DecisionTree\",\"RequestRuleName\":\"pzDelegationExperience\"}" => HTTP 404 (18 bytes)
[PegaHttpClient] 📡 POST https://zdk8budo.pegaacademy.net/prweb/api/CodeIntelligence/v1/rules/query?pxObjClass=Rule-HTML-Section&appliesTo=Rule-Declare-DecisionTree&pyRuleName=pzDecision&RequestClass=Rule-HTML-Section&RequestAppliesTo=Rule-Declare-DecisionTree&RequestRuleName=pzDecision Payload: "{\"RequestClass\":\"Rule-HTML-Section\",\"RequestAppliesTo\":\"Rule-Declare-DecisionTree\",\"RequestRuleName\":\"pzDecision\"}" => HTTP 200 (15028 bytes)
[PegaHttpClient] 📡 POST https://zdk8budo.pegaacademy.net/prweb/api/CodeIntelligence/v1/rules/query?pxObjClass=Rule-HTML-Section&appliesTo=Rule-Declare-DecisionTree&pyRuleName=pzConfiguration&RequestClass=Rule-HTML-Section&RequestAppliesTo=Rule-Declare-DecisionTree&RequestRuleName=pzConfiguration Payload: "{\"RequestClass\":\"Rule-HTML-Section\",\"RequestAppliesTo\":\"Rule-Declare-DecisionTree\",\"RequestRuleName\":\"pzConfiguration\"}" => HTTP 200 (16410 bytes)
[PegaHttpClient] 📡 POST https://zdk8budo.pegaacademy.net/prweb/api/CodeIntelligence/v1/rules/query?pxObjClass=Rule-HTML-Section&appliesTo=Rule-Declare-DecisionTree&pyRuleName=pzRuleFormParameters&RequestClass=Rule-HTML-Section&RequestAppliesTo=Rule-Declare-DecisionTree&RequestRuleName=pzRuleFormParameters Payload: "{\"RequestClass\":\"Rule-HTML-Section\",\"RequestAppliesTo\":\"Rule-Declare-DecisionTree\",\"RequestRuleName\":\"pzRuleFormParameters\"}" => HTTP 200 (31480 bytes)
[PegaHttpClient] 📡 POST https://zdk8budo.pegaacademy.net/prweb/api/CodeIntelligence/v1/rules/query?pxObjClass=Rule-HTML-Section&appliesTo=Rule-Declare-DecisionTree&pyRuleName=RuleFormPagesAndClasses&RequestClass=Rule-HTML-Section&RequestAppliesTo=Rule-Declare-DecisionTree&RequestRuleName=RuleFormPagesAndClasses Payload: "{\"RequestClass\":\"Rule-HTML-Section\",\"RequestAppliesTo\":\"Rule-Declare-DecisionTree\",\"RequestRuleName\":\"RuleFormPagesAndClasses\"}" => HTTP 200 (34748 bytes)
[PegaHttpClient] 📡 POST https://zdk8budo.pegaacademy.net/prweb/api/CodeIntelligence/v1/rules/query?pxObjClass=Rule-HTML-Section&appliesTo=Rule-Declare-DecisionTree&pyRuleName=pzTestCases&RequestClass=Rule-HTML-Section&RequestAppliesTo=Rule-Declare-DecisionTree&RequestRuleName=pzTestCases Payload: "{\"RequestClass\":\"Rule-HTML-Section\",\"RequestAppliesTo\":\"Rule-Declare-DecisionTree\",\"RequestRuleName\":\"pzTestCases\"}" => HTTP 200 (71182 bytes)
[PegaHttpClient] 📡 POST https://zdk8budo.pegaacademy.net/prweb/api/CodeIntelligence/v1/rules/query?pxObjClass=Rule-HTML-Section&appliesTo=Rule-Declare-DecisionTree&pyRuleName=pzUnitTestCases&RequestClass=Rule-HTML-Section&RequestAppliesTo=Rule-Declare-DecisionTree&RequestRuleName=pzUnitTestCases Payload: "{\"RequestClass\":\"Rule-HTML-Section\",\"RequestAppliesTo\":\"Rule-Declare-DecisionTree\",\"RequestRuleName\":\"pzUnitTestCases\"}" => HTTP 200 (285239 bytes)
[PegaHttpClient] 📡 POST https://zdk8budo.pegaacademy.net/prweb/api/CodeIntelligence/v1/rules/query?pxObjClass=Rule-HTML-Section&appliesTo=Rule-Declare-DecisionTree&pyRuleName=pzSpecifications&RequestClass=Rule-HTML-Section&RequestAppliesTo=Rule-Declare-DecisionTree&RequestRuleName=pzSpecifications Payload: "{\"RequestClass\":\"Rule-HTML-Section\",\"RequestAppliesTo\":\"Rule-Declare-DecisionTree\",\"RequestRuleName\":\"pzSpecifications\"}" => HTTP 200 (16577 bytes)
[PegaHttpClient] 📡 POST https://zdk8budo.pegaacademy.net/prweb/api/CodeIntelligence/v1/rules/query?pxObjClass=Rule-HTML-Section&appliesTo=Rule-Declare-DecisionTree&pyRuleName=RuleFormHistory&RequestClass=Rule-HTML-Section&RequestAppliesTo=Rule-Declare-DecisionTree&RequestRuleName=RuleFormHistory Payload: "{\"RequestClass\":\"Rule-HTML-Section\",\"RequestAppliesTo\":\"Rule-Declare-DecisionTree\",\"RequestRuleName\":\"RuleFormHistory\"}" => HTTP 200 (76091 bytes)
[PegaHttpClient] 📡 POST https://zdk8budo.pegaacademy.net/prweb/api/CodeIntelligence/v1/rules/query?pxObjClass=Rule-HTML-Section&appliesTo=Rule-Declare-DecisionTree&pyRuleName=pyCustomTab&RequestClass=Rule-HTML-Section&RequestAppliesTo=Rule-Declare-DecisionTree&RequestRuleName=pyCustomTab Payload: "{\"RequestClass\":\"Rule-HTML-Section\",\"RequestAppliesTo\":\"Rule-Declare-DecisionTree\",\"RequestRuleName\":\"pyCustomTab\"}" => HTTP 200 (14803 bytes)
[PegaHttpClient] 📡 POST https://zdk8budo.pegaacademy.net/prweb/api/CodeIntelligence/v1/rules/query?pxObjClass=Rule-HTML-Section&appliesTo=Rule-Declare-DecisionTree&pyRuleName=pzCustomHelp&RequestClass=Rule-HTML-Section&RequestAppliesTo=Rule-Declare-DecisionTree&RequestRuleName=pzCustomHelp Payload: "{\"RequestClass\":\"Rule-HTML-Section\",\"RequestAppliesTo\":\"Rule-Declare-DecisionTree\",\"RequestRuleName\":\"pzCustomHelp\"}" => HTTP 200 (31573 bytes)
[PegaHttpClient] 📡 POST https://zdk8budo.pegaacademy.net/prweb/api/CodeIntelligence/v1/rules/query?pxObjClass=Rule-HTML-Section&appliesTo=Rule-Declare-DecisionTree&pyRuleName=pzRuleFormKeysAndDescription&RequestClass=Rule-HTML-Section&RequestAppliesTo=Rule-Declare-DecisionTree&RequestRuleName=pzRuleFormKeysAndDescription Payload: "{\"RequestClass\":\"Rule-HTML-Section\",\"RequestAppliesTo\":\"Rule-Declare-DecisionTree\",\"RequestRuleName\":\"pzRuleFormKeysAndDescription\"}" => HTTP 200 (218057 bytes)
[PegaHttpClient] 📡 POST https://zdk8budo.pegaacademy.net/prweb/api/CodeIntelligence/v1/rules/query?pxObjClass=Rule-HTML-Section&appliesTo=Rule-Declare-DecisionTree&pyRuleName=pzRuleFormRuleset&RequestClass=Rule-HTML-Section&RequestAppliesTo=Rule-Declare-DecisionTree&RequestRuleName=pzRuleFormRuleset Payload: "{\"RequestClass\":\"Rule-HTML-Section\",\"RequestAppliesTo\":\"Rule-Declare-DecisionTree\",\"RequestRuleName\":\"pzRuleFormRuleset\"}" => HTTP 200 (33985 bytes)
[PegaHttpClient] 📡 POST https://zdk8budo.pegaacademy.net/prweb/api/CodeIntelligence/v1/rules/query?pxObjClass=Rule-HTML-Section&appliesTo=Rule-Declare-DecisionTree&pyRuleName=undefined&RequestClass=Rule-HTML-Section&RequestAppliesTo=Rule-Declare-DecisionTree&RequestRuleName=undefined Payload: "{\"RequestClass\":\"Rule-HTML-Section\",\"RequestAppliesTo\":\"Rule-Declare-DecisionTree\",\"RequestRuleName\":\"undefined\"}" => HTTP 404 (112 bytes)
[PegaHttpClient] 📡 POST https://zdk8budo.pegaacademy.net/prweb/PRRestService/CodeIntelligence/v1/rules/query?pxObjClass=Rule-HTML-Section&appliesTo=Rule-Declare-DecisionTree&pyRuleName=undefined&RequestClass=Rule-HTML-Section&RequestAppliesTo=Rule-Declare-DecisionTree&RequestRuleName=undefined Payload: "{\"RequestClass\":\"Rule-HTML-Section\",\"RequestAppliesTo\":\"Rule-Declare-DecisionTree\",\"RequestRuleName\":\"undefined\"}" => HTTP 404 (112 bytes)
[PegaHttpClient] 📡 POST https://zdk8budo.pegaacademy.net/prweb/api/HRAppsV2Service/V1/rules/query?pxObjClass=Rule-HTML-Section&appliesTo=Rule-Declare-DecisionTree&pyRuleName=undefined&RequestClass=Rule-HTML-Section&RequestAppliesTo=Rule-Declare-DecisionTree&RequestRuleName=undefined Payload: "{\"RequestClass\":\"Rule-HTML-Section\",\"RequestAppliesTo\":\"Rule-Declare-DecisionTree\",\"RequestRuleName\":\"undefined\"}" => HTTP 404 (18 bytes)
[PegaHttpClient] 📡 POST https://zdk8budo.pegaacademy.net/prweb/PRRestService/HRAppsV2Service/V1/rules/query?pxObjClass=Rule-HTML-Section&appliesTo=Rule-Declare-DecisionTree&pyRuleName=undefined&RequestClass=Rule-HTML-Section&RequestAppliesTo=Rule-Declare-DecisionTree&RequestRuleName=undefined Payload: "{\"RequestClass\":\"Rule-HTML-Section\",\"RequestAppliesTo\":\"Rule-Declare-DecisionTree\",\"RequestRuleName\":\"undefined\"}" => HTTP 404 (18 bytes)
[PegaHttpClient] 📡 POST https://zdk8budo.pegaacademy.net/prweb/api/HRAppsV2/V1/rules/query?pxObjClass=Rule-HTML-Section&appliesTo=Rule-Declare-DecisionTree&pyRuleName=undefined&RequestClass=Rule-HTML-Section&RequestAppliesTo=Rule-Declare-DecisionTree&RequestRuleName=undefined Payload: "{\"RequestClass\":\"Rule-HTML-Section\",\"RequestAppliesTo\":\"Rule-Declare-DecisionTree\",\"RequestRuleName\":\"undefined\"}" => HTTP 404 (18 bytes)
[PegaHttpClient] 📡 POST https://zdk8budo.pegaacademy.net/prweb/PRRestService/HRAppsV2/V1/rules/query?pxObjClass=Rule-HTML-Section&appliesTo=Rule-Declare-DecisionTree&pyRuleName=undefined&RequestClass=Rule-HTML-Section&RequestAppliesTo=Rule-Declare-DecisionTree&RequestRuleName=undefined Payload: "{\"RequestClass\":\"Rule-HTML-Section\",\"RequestAppliesTo\":\"Rule-Declare-DecisionTree\",\"RequestRuleName\":\"undefined\"}" => HTTP 404 (18 bytes)
[PegaHttpClient] 📡 POST https://zdk8budo.pegaacademy.net/prweb/api/v1/rules/query?pxObjClass=Rule-HTML-Section&appliesTo=Rule-Declare-DecisionTree&pyRuleName=undefined&RequestClass=Rule-HTML-Section&RequestAppliesTo=Rule-Declare-DecisionTree&RequestRuleName=undefined Payload: "{\"RequestClass\":\"Rule-HTML-Section\",\"RequestAppliesTo\":\"Rule-Declare-DecisionTree\",\"RequestRuleName\":\"undefined\"}" => HTTP 404 (18 bytes)
[PegaHttpClient] 📡 POST https://zdk8budo.pegaacademy.net/prweb/PRRestService/v1/rules/query?pxObjClass=Rule-HTML-Section&appliesTo=Rule-Declare-DecisionTree&pyRuleName=undefined&RequestClass=Rule-HTML-Section&RequestAppliesTo=Rule-Declare-DecisionTree&RequestRuleName=undefined Payload: "{\"RequestClass\":\"Rule-HTML-Section\",\"RequestAppliesTo\":\"Rule-Declare-DecisionTree\",\"RequestRuleName\":\"undefined\"}" => HTTP 404 (18 bytes)
[PegaHttpClient] 📡 POST https://zdk8budo.pegaacademy.net/prweb/api/CodeIntelligence/v1/rules/query?pxObjClass=Rule-HTML-Section&appliesTo=Rule-Declare-DecisionTree&pyRuleName=pzRuleFormToolbar&RequestClass=Rule-HTML-Section&RequestAppliesTo=Rule-Declare-DecisionTree&RequestRuleName=pzRuleFormToolbar Payload: "{\"RequestClass\":\"Rule-HTML-Section\",\"RequestAppliesTo\":\"Rule-Declare-DecisionTree\",\"RequestRuleName\":\"pzRuleFormToolbar\"}" => HTTP 200 (242691 bytes)
[PegaHttpClient] 📡 POST https://zdk8budo.pegaacademy.net/prweb/api/CodeIntelligence/v1/rules/query?pxObjClass=Rule-HTML-Section&appliesTo=Rule-Declare-DecisionTree&pyRuleName=pzRuleFormToolbarCompare&RequestClass=Rule-HTML-Section&RequestAppliesTo=Rule-Declare-DecisionTree&RequestRuleName=pzRuleFormToolbarCompare Payload: "{\"RequestClass\":\"Rule-HTML-Section\",\"RequestAppliesTo\":\"Rule-Declare-DecisionTree\",\"RequestRuleName\":\"pzRuleFormToolbarCompare\"}" => HTTP 200 (61925 bytes)
[PegaHttpClient] 📡 POST https://zdk8budo.pegaacademy.net/prweb/api/CodeIntelligence/v1/rules/query?pxObjClass=Rule-HTML-Section&appliesTo=Rule-Declare-DecisionTree&pyRuleName=RuleFormHeaderMessages&RequestClass=Rule-HTML-Section&RequestAppliesTo=Rule-Declare-DecisionTree&RequestRuleName=RuleFormHeaderMessages Payload: "{\"RequestClass\":\"Rule-HTML-Section\",\"RequestAppliesTo\":\"Rule-Declare-DecisionTree\",\"RequestRuleName\":\"RuleFormHeaderMessages\"}" => HTTP 200 (26518 bytes)
[PegaHttpClient] 📡 POST https://zdk8budo.pegaacademy.net/prweb/api/CodeIntelligence/v1/rules/query?pxObjClass=Rule-HTML-Section&appliesTo=Rule-Declare-DecisionTree&pyRuleName=Decision&RequestClass=Rule-HTML-Section&RequestAppliesTo=Rule-Declare-DecisionTree&RequestRuleName=Decision Payload: "{\"RequestClass\":\"Rule-HTML-Section\",\"RequestAppliesTo\":\"Rule-Declare-DecisionTree\",\"RequestRuleName\":\"Decision\"}" => HTTP 200 (50417 bytes)
[PegaHttpClient] 📡 POST https://zdk8budo.pegaacademy.net/prweb/api/CodeIntelligence/v1/rules/query?pxObjClass=Rule-HTML-Section&appliesTo=Rule-Declare-DecisionTree&pyRuleName=pzRuleFormParametersScript&RequestClass=Rule-HTML-Section&RequestAppliesTo=Rule-Declare-DecisionTree&RequestRuleName=pzRuleFormParametersScript Payload: "{\"RequestClass\":\"Rule-HTML-Section\",\"RequestAppliesTo\":\"Rule-Declare-DecisionTree\",\"RequestRuleName\":\"pzRuleFormParametersScript\"}" => HTTP 200 (32712 bytes)
[PegaHttpClient] 📡 POST https://zdk8budo.pegaacademy.net/prweb/api/CodeIntelligence/v1/rules/query?pxObjClass=Rule-HTML-Section&appliesTo=Rule-Declare-DecisionTree&pyRuleName=pxRuleFormParameters&RequestClass=Rule-HTML-Section&RequestAppliesTo=Rule-Declare-DecisionTree&RequestRuleName=pxRuleFormParameters Payload: "{\"RequestClass\":\"Rule-HTML-Section\",\"RequestAppliesTo\":\"Rule-Declare-DecisionTree\",\"RequestRuleName\":\"pxRuleFormParameters\"}" => HTTP 200 (24542 bytes)
[PegaHttpClient] 📡 POST https://zdk8budo.pegaacademy.net/prweb/api/CodeIntelligence/v1/rules/query?pxObjClass=Rule-HTML-Section&appliesTo=Rule-Declare-DecisionTree&pyRuleName=pzHTMLStreamPrompt&RequestClass=Rule-HTML-Section&RequestAppliesTo=Rule-Declare-DecisionTree&RequestRuleName=pzHTMLStreamPrompt Payload: "{\"RequestClass\":\"Rule-HTML-Section\",\"RequestAppliesTo\":\"Rule-Declare-DecisionTree\",\"RequestRuleName\":\"pzHTMLStreamPrompt\"}" => HTTP 200 (15810 bytes)
[PegaHttpClient] 📡 POST https://zdk8budo.pegaacademy.net/prweb/api/CodeIntelligence/v1/rules/query?pxObjClass=Rule-HTML-Section&appliesTo=Rule-Declare-DecisionTree&pyRuleName=pzRuleFormPagesAndClassesScript&RequestClass=Rule-HTML-Section&RequestAppliesTo=Rule-Declare-DecisionTree&RequestRuleName=pzRuleFormPagesAndClassesScript Payload: "{\"RequestClass\":\"Rule-HTML-Section\",\"RequestAppliesTo\":\"Rule-Declare-DecisionTree\",\"RequestRuleName\":\"pzRuleFormPagesAndClassesScript\"}" => HTTP 200 (15730 bytes)
[PegaHttpClient] 📡 POST https://zdk8budo.pegaacademy.net/prweb/api/CodeIntelligence/v1/rules/query?pxObjClass=Rule-HTML-Section&appliesTo=Rule-Declare-DecisionTree&pyRuleName=pzPagesAndClassesNoMode&RequestClass=Rule-HTML-Section&RequestAppliesTo=Rule-Declare-DecisionTree&RequestRuleName=pzPagesAndClassesNoMode Payload: "{\"RequestClass\":\"Rule-HTML-Section\",\"RequestAppliesTo\":\"Rule-Declare-DecisionTree\",\"RequestRuleName\":\"pzPagesAndClassesNoMode\"}" => HTTP 200 (90057 bytes)
[PegaHttpClient] 📡 POST https://zdk8budo.pegaacademy.net/prweb/api/CodeIntelligence/v1/rules/query?pxObjClass=Rule-HTML-Section&appliesTo=Rule-Declare-DecisionTree&pyRuleName=pzPagesAndClassesWithMode&RequestClass=Rule-HTML-Section&RequestAppliesTo=Rule-Declare-DecisionTree&RequestRuleName=pzPagesAndClassesWithMode Payload: "{\"RequestClass\":\"Rule-HTML-Section\",\"RequestAppliesTo\":\"Rule-Declare-DecisionTree\",\"RequestRuleName\":\"pzPagesAndClassesWithMode\"}" => HTTP 200 (97424 bytes)
[PegaHttpClient] 📡 POST https://zdk8budo.pegaacademy.net/prweb/api/CodeIntelligence/v1/rules/query?pxObjClass=Rule-HTML-Section&appliesTo=Rule-Declare-DecisionTree&pyRuleName=pzOldAUTWarningMessage&RequestClass=Rule-HTML-Section&RequestAppliesTo=Rule-Declare-DecisionTree&RequestRuleName=pzOldAUTWarningMessage Payload: "{\"RequestClass\":\"Rule-HTML-Section\",\"RequestAppliesTo\":\"Rule-Declare-DecisionTree\",\"RequestRuleName\":\"pzOldAUTWarningMessage\"}" => HTTP 200 (42077 bytes)
[PegaHttpClient] 📡 POST https://zdk8budo.pegaacademy.net/prweb/api/CodeIntelligence/v1/rules/query?pxObjClass=Rule-HTML-Section&appliesTo=Rule-Declare-DecisionTree&pyRuleName=pzRFSelectAllTestCases&RequestClass=Rule-HTML-Section&RequestAppliesTo=Rule-Declare-DecisionTree&RequestRuleName=pzRFSelectAllTestCases Payload: "{\"RequestClass\":\"Rule-HTML-Section\",\"RequestAppliesTo\":\"Rule-Declare-DecisionTree\",\"RequestRuleName\":\"pzRFSelectAllTestCases\"}" => HTTP 200 (83585 bytes)
[PegaHttpClient] 📡 POST https://zdk8budo.pegaacademy.net/prweb/api/CodeIntelligence/v1/rules/query?pxObjClass=Rule-HTML-Section&appliesTo=Rule-Declare-DecisionTree&pyRuleName=pzRFProgressbarWrapper&RequestClass=Rule-HTML-Section&RequestAppliesTo=Rule-Declare-DecisionTree&RequestRuleName=pzRFProgressbarWrapper Payload: "{\"RequestClass\":\"Rule-HTML-Section\",\"RequestAppliesTo\":\"Rule-Declare-DecisionTree\",\"RequestRuleName\":\"pzRFProgressbarWrapper\"}" => HTTP 200 (17204 bytes)
[PegaHttpClient] 📡 POST https://zdk8budo.pegaacademy.net/prweb/api/CodeIntelligence/v1/rules/query?pxObjClass=Rule-HTML-Section&appliesTo=Rule-Declare-DecisionTree&pyRuleName=pzRFRunSelected&RequestClass=Rule-HTML-Section&RequestAppliesTo=Rule-Declare-DecisionTree&RequestRuleName=pzRFRunSelected Payload: "{\"RequestClass\":\"Rule-HTML-Section\",\"RequestAppliesTo\":\"Rule-Declare-DecisionTree\",\"RequestRuleName\":\"pzRFRunSelected\"}" => HTTP 200 (19863 bytes)
[PegaHttpClient] 📡 POST https://zdk8budo.pegaacademy.net/prweb/api/CodeIntelligence/v1/rules/query?pxObjClass=Rule-HTML-Section&appliesTo=Rule-Declare-DecisionTree&pyRuleName=pzRuleSpecificButtons&RequestClass=Rule-HTML-Section&RequestAppliesTo=Rule-Declare-DecisionTree&RequestRuleName=pzRuleSpecificButtons Payload: "{\"RequestClass\":\"Rule-HTML-Section\",\"RequestAppliesTo\":\"Rule-Declare-DecisionTree\",\"RequestRuleName\":\"pzRuleSpecificButtons\"}" => HTTP 200 (15181 bytes)
[PegaHttpClient] 📡 POST https://zdk8budo.pegaacademy.net/prweb/api/CodeIntelligence/v1/rules/query?pxObjClass=Rule-HTML-Section&appliesTo=Rule-Declare-DecisionTree&pyRuleName=pzRFSelectATest&RequestClass=Rule-HTML-Section&RequestAppliesTo=Rule-Declare-DecisionTree&RequestRuleName=pzRFSelectATest Payload: "{\"RequestClass\":\"Rule-HTML-Section\",\"RequestAppliesTo\":\"Rule-Declare-DecisionTree\",\"RequestRuleName\":\"pzRFSelectATest\"}" => HTTP 200 (23363 bytes)
[PegaHttpClient] 📡 POST https://zdk8budo.pegaacademy.net/prweb/api/CodeIntelligence/v1/rules/query?pxObjClass=Rule-HTML-Section&appliesTo=Rule-Declare-DecisionTree&pyRuleName=pzTestCaseRunTimeWrapperLP&RequestClass=Rule-HTML-Section&RequestAppliesTo=Rule-Declare-DecisionTree&RequestRuleName=pzTestCaseRunTimeWrapperLP Payload: "{\"RequestClass\":\"Rule-HTML-Section\",\"RequestAppliesTo\":\"Rule-Declare-DecisionTree\",\"RequestRuleName\":\"pzTestCaseRunTimeWrapperLP\"}" => HTTP 200 (19734 bytes)
[PegaHttpClient] 📡 POST https://zdk8budo.pegaacademy.net/prweb/api/CodeIntelligence/v1/rules/query?pxObjClass=Rule-HTML-Section&appliesTo=Rule-Declare-DecisionTree&pyRuleName=pzShowRunAndExpectedTimeWrapper&RequestClass=Rule-HTML-Section&RequestAppliesTo=Rule-Declare-DecisionTree&RequestRuleName=pzShowRunAndExpectedTimeWrapper Payload: "{\"RequestClass\":\"Rule-HTML-Section\",\"RequestAppliesTo\":\"Rule-Declare-DecisionTree\",\"RequestRuleName\":\"pzShowRunAndExpectedTimeWrapper\"}" => HTTP 200 (30204 bytes)
[PegaHttpClient] 📡 POST https://zdk8budo.pegaacademy.net/prweb/api/CodeIntelligence/v1/rules/query?pxObjClass=Rule-HTML-Section&appliesTo=Rule-Declare-DecisionTree&pyRuleName=pzTestCaseRunStatusWrapperLP&RequestClass=Rule-HTML-Section&RequestAppliesTo=Rule-Declare-DecisionTree&RequestRuleName=pzTestCaseRunStatusWrapperLP Payload: "{\"RequestClass\":\"Rule-HTML-Section\",\"RequestAppliesTo\":\"Rule-Declare-DecisionTree\",\"RequestRuleName\":\"pzTestCaseRunStatusWrapperLP\"}" => HTTP 200 (56140 bytes)
[PegaHttpClient] 📡 POST https://zdk8budo.pegaacademy.net/prweb/api/CodeIntelligence/v1/rules/query?pxObjClass=Rule-HTML-Section&appliesTo=Rule-Declare-DecisionTree&pyRuleName=pzSpecificationsInner&RequestClass=Rule-HTML-Section&RequestAppliesTo=Rule-Declare-DecisionTree&RequestRuleName=pzSpecificationsInner Payload: "{\"RequestClass\":\"Rule-HTML-Section\",\"RequestAppliesTo\":\"Rule-Declare-DecisionTree\",\"RequestRuleName\":\"pzSpecificationsInner\"}" => HTTP 200 (142370 bytes)
[PegaHttpClient] 📡 POST https://zdk8budo.pegaacademy.net/prweb/api/CodeIntelligence/v1/rules/query?pxObjClass=Rule-HTML-Section&appliesTo=Rule-Declare-DecisionTree&pyRuleName=pzAlternateRuleInfo&RequestClass=Rule-HTML-Section&RequestAppliesTo=Rule-Declare-DecisionTree&RequestRuleName=pzAlternateRuleInfo Payload: "{\"RequestClass\":\"Rule-HTML-Section\",\"RequestAppliesTo\":\"Rule-Declare-DecisionTree\",\"RequestRuleName\":\"pzAlternateRuleInfo\"}" => HTTP 200 (140407 bytes)
[PegaHttpClient] 📡 POST https://zdk8budo.pegaacademy.net/prweb/api/CodeIntelligence/v1/rules/query?pxObjClass=Rule-HTML-Section&appliesTo=Rule-Declare-DecisionTree&pyRuleName=RuleFormHistory_Description&RequestClass=Rule-HTML-Section&RequestAppliesTo=Rule-Declare-DecisionTree&RequestRuleName=RuleFormHistory_Description Payload: "{\"RequestClass\":\"Rule-HTML-Section\",\"RequestAppliesTo\":\"Rule-Declare-DecisionTree\",\"RequestRuleName\":\"RuleFormHistory_Description\"}" => HTTP 200 (46242 bytes)
[PegaHttpClient] 📡 POST https://zdk8budo.pegaacademy.net/prweb/api/CodeIntelligence/v1/rules/query?pxObjClass=Rule-HTML-Section&appliesTo=Rule-Declare-DecisionTree&pyRuleName=RuleFormHistory_CustomFields&RequestClass=Rule-HTML-Section&RequestAppliesTo=Rule-Declare-DecisionTree&RequestRuleName=RuleFormHistory_CustomFields Payload: "{\"RequestClass\":\"Rule-HTML-Section\",\"RequestAppliesTo\":\"Rule-Declare-DecisionTree\",\"RequestRuleName\":\"RuleFormHistory_CustomFields\"}" => HTTP 200 (75856 bytes)
[PegaHttpClient] 📡 POST https://zdk8budo.pegaacademy.net/prweb/api/CodeIntelligence/v1/rules/query?pxObjClass=Rule-HTML-Section&appliesTo=Rule-Declare-DecisionTree&pyRuleName=RuleFormHistory_HistoryDetails&RequestClass=Rule-HTML-Section&RequestAppliesTo=Rule-Declare-DecisionTree&RequestRuleName=RuleFormHistory_HistoryDetails Payload: "{\"RequestClass\":\"Rule-HTML-Section\",\"RequestAppliesTo\":\"Rule-Declare-DecisionTree\",\"RequestRuleName\":\"RuleFormHistory_HistoryDetails\"}" => HTTP 200 (179535 bytes)
[PegaHttpClient] 📡 POST https://zdk8budo.pegaacademy.net/prweb/api/CodeIntelligence/v1/rules/query?pxObjClass=Rule-HTML-Section&appliesTo=Rule-Declare-DecisionTree&pyRuleName=pzRuleFormStatus&RequestClass=Rule-HTML-Section&RequestAppliesTo=Rule-Declare-DecisionTree&RequestRuleName=pzRuleFormStatus Payload: "{\"RequestClass\":\"Rule-HTML-Section\",\"RequestAppliesTo\":\"Rule-Declare-DecisionTree\",\"RequestRuleName\":\"pzRuleFormStatus\"}" => HTTP 200 (97627 bytes)
[PegaHttpClient] 📡 POST https://zdk8budo.pegaacademy.net/prweb/api/CodeIntelligence/v1/rules/query?pxObjClass=Rule-HTML-Section&appliesTo=Rule-Declare-DecisionTree&pyRuleName=pzRuleFormHeaderCompareWithDropDown&RequestClass=Rule-HTML-Section&RequestAppliesTo=Rule-Declare-DecisionTree&RequestRuleName=pzRuleFormHeaderCompareWithDropDown Payload: "{\"RequestClass\":\"Rule-HTML-Section\",\"RequestAppliesTo\":\"Rule-Declare-DecisionTree\",\"RequestRuleName\":\"pzRuleFormHeaderCompareWithDropDown\"}" => HTTP 200 (25396 bytes)
[PegaHttpClient] 📡 POST https://zdk8budo.pegaacademy.net/prweb/api/CodeIntelligence/v1/rules/query?pxObjClass=Rule-HTML-Section&appliesTo=Rule-Declare-DecisionTree&pyRuleName=undefined&RequestClass=Rule-HTML-Section&RequestAppliesTo=Rule-Declare-DecisionTree&RequestRuleName=undefined Payload: "{\"RequestClass\":\"Rule-HTML-Section\",\"RequestAppliesTo\":\"Rule-Declare-DecisionTree\",\"RequestRuleName\":\"undefined\"}" => HTTP 404 (112 bytes)
[PegaHttpClient] 📡 POST https://zdk8budo.pegaacademy.net/prweb/PRRestService/CodeIntelligence/v1/rules/query?pxObjClass=Rule-HTML-Section&appliesTo=Rule-Declare-DecisionTree&pyRuleName=undefined&RequestClass=Rule-HTML-Section&RequestAppliesTo=Rule-Declare-DecisionTree&RequestRuleName=undefined Payload: "{\"RequestClass\":\"Rule-HTML-Section\",\"RequestAppliesTo\":\"Rule-Declare-DecisionTree\",\"RequestRuleName\":\"undefined\"}" => HTTP 404 (112 bytes)
[PegaHttpClient] 📡 POST https://zdk8budo.pegaacademy.net/prweb/api/HRAppsV2Service/V1/rules/query?pxObjClass=Rule-HTML-Section&appliesTo=Rule-Declare-DecisionTree&pyRuleName=undefined&RequestClass=Rule-HTML-Section&RequestAppliesTo=Rule-Declare-DecisionTree&RequestRuleName=undefined Payload: "{\"RequestClass\":\"Rule-HTML-Section\",\"RequestAppliesTo\":\"Rule-Declare-DecisionTree\",\"RequestRuleName\":\"undefined\"}" => HTTP 404 (18 bytes)
[PegaHttpClient] 📡 POST https://zdk8budo.pegaacademy.net/prweb/PRRestService/HRAppsV2Service/V1/rules/query?pxObjClass=Rule-HTML-Section&appliesTo=Rule-Declare-DecisionTree&pyRuleName=undefined&RequestClass=Rule-HTML-Section&RequestAppliesTo=Rule-Declare-DecisionTree&RequestRuleName=undefined Payload: "{\"RequestClass\":\"Rule-HTML-Section\",\"RequestAppliesTo\":\"Rule-Declare-DecisionTree\",\"RequestRuleName\":\"undefined\"}" => HTTP 404 (18 bytes)
[PegaHttpClient] 📡 POST https://zdk8budo.pegaacademy.net/prweb/api/HRAppsV2/V1/rules/query?pxObjClass=Rule-HTML-Section&appliesTo=Rule-Declare-DecisionTree&pyRuleName=undefined&RequestClass=Rule-HTML-Section&RequestAppliesTo=Rule-Declare-DecisionTree&RequestRuleName=undefined Payload: "{\"RequestClass\":\"Rule-HTML-Section\",\"RequestAppliesTo\":\"Rule-Declare-DecisionTree\",\"RequestRuleName\":\"undefined\"}" => HTTP 404 (18 bytes)
[PegaHttpClient] 📡 POST https://zdk8budo.pegaacademy.net/prweb/PRRestService/HRAppsV2/V1/rules/query?pxObjClass=Rule-HTML-Section&appliesTo=Rule-Declare-DecisionTree&pyRuleName=undefined&RequestClass=Rule-HTML-Section&RequestAppliesTo=Rule-Declare-DecisionTree&RequestRuleName=undefined Payload: "{\"RequestClass\":\"Rule-HTML-Section\",\"RequestAppliesTo\":\"Rule-Declare-DecisionTree\",\"RequestRuleName\":\"undefined\"}" => HTTP 404 (18 bytes)
[PegaHttpClient] 📡 POST https://zdk8budo.pegaacademy.net/prweb/api/v1/rules/query?pxObjClass=Rule-HTML-Section&appliesTo=Rule-Declare-DecisionTree&pyRuleName=undefined&RequestClass=Rule-HTML-Section&RequestAppliesTo=Rule-Declare-DecisionTree&RequestRuleName=undefined Payload: "{\"RequestClass\":\"Rule-HTML-Section\",\"RequestAppliesTo\":\"Rule-Declare-DecisionTree\",\"RequestRuleName\":\"undefined\"}" => HTTP 404 (18 bytes)
[PegaHttpClient] 📡 POST https://zdk8budo.pegaacademy.net/prweb/PRRestService/v1/rules/query?pxObjClass=Rule-HTML-Section&appliesTo=Rule-Declare-DecisionTree&pyRuleName=undefined&RequestClass=Rule-HTML-Section&RequestAppliesTo=Rule-Declare-DecisionTree&RequestRuleName=undefined Payload: "{\"RequestClass\":\"Rule-HTML-Section\",\"RequestAppliesTo\":\"Rule-Declare-DecisionTree\",\"RequestRuleName\":\"undefined\"}" => HTTP 404 (18 bytes)
[PegaHttpClient] 📡 POST https://zdk8budo.pegaacademy.net/prweb/api/CodeIntelligence/v1/rules/query?pxObjClass=Rule-HTML-Section&appliesTo=Rule-Declare-DecisionTree&pyRuleName=pzRuleFormToolbarHotKeys&RequestClass=Rule-HTML-Section&RequestAppliesTo=Rule-Declare-DecisionTree&RequestRuleName=pzRuleFormToolbarHotKeys Payload: "{\"RequestClass\":\"Rule-HTML-Section\",\"RequestAppliesTo\":\"Rule-Declare-DecisionTree\",\"RequestRuleName\":\"pzRuleFormToolbarHotKeys\"}" => HTTP 200 (85058 bytes)
[PegaHttpClient] 📡 POST https://zdk8budo.pegaacademy.net/prweb/api/CodeIntelligence/v1/rules/query?pxObjClass=Rule-HTML-Section&appliesTo=Rule-Declare-DecisionTree&pyRuleName=pzRuleFormToolbarLockedIcon&RequestClass=Rule-HTML-Section&RequestAppliesTo=Rule-Declare-DecisionTree&RequestRuleName=pzRuleFormToolbarLockedIcon Payload: "{\"RequestClass\":\"Rule-HTML-Section\",\"RequestAppliesTo\":\"Rule-Declare-DecisionTree\",\"RequestRuleName\":\"pzRuleFormToolbarLockedIcon\"}" => HTTP 200 (24898 bytes)
[PegaHttpClient] 📡 POST https://zdk8budo.pegaacademy.net/prweb/api/CodeIntelligence/v1/rules/query?pxObjClass=Rule-HTML-Section&appliesTo=Rule-Declare-DecisionTree&pyRuleName=pzRuleFormToolbarCollaborators&RequestClass=Rule-HTML-Section&RequestAppliesTo=Rule-Declare-DecisionTree&RequestRuleName=pzRuleFormToolbarCollaborators Payload: "{\"RequestClass\":\"Rule-HTML-Section\",\"RequestAppliesTo\":\"Rule-Declare-DecisionTree\",\"RequestRuleName\":\"pzRuleFormToolbarCollaborators\"}" => HTTP 200 (15254 bytes)
[PegaHttpClient] 📡 POST https://zdk8budo.pegaacademy.net/prweb/api/CodeIntelligence/v1/rules/query?pxObjClass=Rule-HTML-Section&appliesTo=Rule-Declare-DecisionTree&pyRuleName=pzRuleFormToolbarSaveAs&RequestClass=Rule-HTML-Section&RequestAppliesTo=Rule-Declare-DecisionTree&RequestRuleName=pzRuleFormToolbarSaveAs Payload: "{\"RequestClass\":\"Rule-HTML-Section\",\"RequestAppliesTo\":\"Rule-Declare-DecisionTree\",\"RequestRuleName\":\"pzRuleFormToolbarSaveAs\"}" => HTTP 200 (64084 bytes)
[PegaHttpClient] 📡 POST https://zdk8budo.pegaacademy.net/prweb/api/CodeIntelligence/v1/rules/query?pxObjClass=Rule-HTML-Section&appliesTo=Rule-Declare-DecisionTree&pyRuleName=pzRuleFormToolbarCheckin&RequestClass=Rule-HTML-Section&RequestAppliesTo=Rule-Declare-DecisionTree&RequestRuleName=pzRuleFormToolbarCheckin Payload: "{\"RequestClass\":\"Rule-HTML-Section\",\"RequestAppliesTo\":\"Rule-Declare-DecisionTree\",\"RequestRuleName\":\"pzRuleFormToolbarCheckin\"}" => HTTP 200 (119096 bytes)
[PegaHttpClient] 📡 POST https://zdk8budo.pegaacademy.net/prweb/api/CodeIntelligence/v1/rules/query?pxObjClass=Rule-HTML-Section&appliesTo=Rule-Declare-DecisionTree&pyRuleName=pzRuleFormToolbarDelete&RequestClass=Rule-HTML-Section&RequestAppliesTo=Rule-Declare-DecisionTree&RequestRuleName=pzRuleFormToolbarDelete Payload: "{\"RequestClass\":\"Rule-HTML-Section\",\"RequestAppliesTo\":\"Rule-Declare-DecisionTree\",\"RequestRuleName\":\"pzRuleFormToolbarDelete\"}" => HTTP 200 (30249 bytes)
[PegaHttpClient] 📡 POST https://zdk8budo.pegaacademy.net/prweb/api/CodeIntelligence/v1/rules/query?pxObjClass=Rule-HTML-Section&appliesTo=Rule-Declare-DecisionTree&pyRuleName=pzRuleFormToolbarSave&RequestClass=Rule-HTML-Section&RequestAppliesTo=Rule-Declare-DecisionTree&RequestRuleName=pzRuleFormToolbarSave Payload: "{\"RequestClass\":\"Rule-HTML-Section\",\"RequestAppliesTo\":\"Rule-Declare-DecisionTree\",\"RequestRuleName\":\"pzRuleFormToolbarSave\"}" => HTTP 200 (293885 bytes)
[PegaHttpClient] 📡 POST https://zdk8budo.pegaacademy.net/prweb/api/CodeIntelligence/v1/rules/query?pxObjClass=Rule-HTML-Section&appliesTo=Rule-Declare-DecisionTree&pyRuleName=pzRuleFormToolbarCheckout&RequestClass=Rule-HTML-Section&RequestAppliesTo=Rule-Declare-DecisionTree&RequestRuleName=pzRuleFormToolbarCheckout Payload: "{\"RequestClass\":\"Rule-HTML-Section\",\"RequestAppliesTo\":\"Rule-Declare-DecisionTree\",\"RequestRuleName\":\"pzRuleFormToolbarCheckout\"}" => HTTP 200 (238148 bytes)
[PegaHttpClient] 📡 POST https://zdk8budo.pegaacademy.net/prweb/api/CodeIntelligence/v1/rules/query?pxObjClass=Rule-HTML-Section&appliesTo=Rule-Declare-DecisionTree&pyRuleName=pzRemoveErrorsDataPage&RequestClass=Rule-HTML-Section&RequestAppliesTo=Rule-Declare-DecisionTree&RequestRuleName=pzRemoveErrorsDataPage Payload: "{\"RequestClass\":\"Rule-HTML-Section\",\"RequestAppliesTo\":\"Rule-Declare-DecisionTree\",\"RequestRuleName\":\"pzRemoveErrorsDataPage\"}" => HTTP 200 (16733 bytes)
[PegaHttpClient] 📡 POST https://zdk8budo.pegaacademy.net/prweb/api/CodeIntelligence/v1/rules/query?pxObjClass=Rule-HTML-Section&appliesTo=Rule-Declare-DecisionTree&pyRuleName=pzRuleFormHeaderMessagesWrapper&RequestClass=Rule-HTML-Section&RequestAppliesTo=Rule-Declare-DecisionTree&RequestRuleName=pzRuleFormHeaderMessagesWrapper Payload: "{\"RequestClass\":\"Rule-HTML-Section\",\"RequestAppliesTo\":\"Rule-Declare-DecisionTree\",\"RequestRuleName\":\"pzRuleFormHeaderMessagesWrapper\"}" => HTTP 200 (16981 bytes)
[PegaHttpClient] 📡 POST https://zdk8budo.pegaacademy.net/prweb/api/CodeIntelligence/v1/rules/query?pxObjClass=Rule-HTML-Section&appliesTo=Rule-Declare-DecisionTree&pyRuleName=pzDecisionTree&RequestClass=Rule-HTML-Section&RequestAppliesTo=Rule-Declare-DecisionTree&RequestRuleName=pzDecisionTree Payload: "{\"RequestClass\":\"Rule-HTML-Section\",\"RequestAppliesTo\":\"Rule-Declare-DecisionTree\",\"RequestRuleName\":\"pzDecisionTree\"}" => HTTP 200 (56594 bytes)
[PegaHttpClient] 📡 POST https://zdk8budo.pegaacademy.net/prweb/api/CodeIntelligence/v1/rules/query?pxObjClass=Rule-HTML-Section&appliesTo=Rule-Declare-DecisionTree&pyRuleName=pzDecisionPropertySet&RequestClass=Rule-HTML-Section&RequestAppliesTo=Rule-Declare-DecisionTree&RequestRuleName=pzDecisionPropertySet Payload: "{\"RequestClass\":\"Rule-HTML-Section\",\"RequestAppliesTo\":\"Rule-Declare-DecisionTree\",\"RequestRuleName\":\"pzDecisionPropertySet\"}" => HTTP 200 (99221 bytes)
[PegaHttpClient] 📡 POST https://zdk8budo.pegaacademy.net/prweb/api/CodeIntelligence/v1/rules/query?pxObjClass=Rule-HTML-Section&appliesTo=Rule-Declare-DecisionTree&pyRuleName=pzParametersAdvConf&RequestClass=Rule-HTML-Section&RequestAppliesTo=Rule-Declare-DecisionTree&RequestRuleName=pzParametersAdvConf Payload: "{\"RequestClass\":\"Rule-HTML-Section\",\"RequestAppliesTo\":\"Rule-Declare-DecisionTree\",\"RequestRuleName\":\"pzParametersAdvConf\"}" => HTTP 200 (127328 bytes)
[PegaHttpClient] 📡 POST https://zdk8budo.pegaacademy.net/prweb/api/CodeIntelligence/v1/rules/query?pxObjClass=Rule-HTML-Section&appliesTo=Rule-Declare-DecisionTree&pyRuleName=pzParametersBasicConf&RequestClass=Rule-HTML-Section&RequestAppliesTo=Rule-Declare-DecisionTree&RequestRuleName=pzParametersBasicConf Payload: "{\"RequestClass\":\"Rule-HTML-Section\",\"RequestAppliesTo\":\"Rule-Declare-DecisionTree\",\"RequestRuleName\":\"pzParametersBasicConf\"}" => HTTP 200 (88892 bytes)
[PegaHttpClient] 📡 POST https://zdk8budo.pegaacademy.net/prweb/api/CodeIntelligence/v1/rules/query?pxObjClass=Rule-HTML-Section&appliesTo=Rule-Declare-DecisionTree&pyRuleName=pzPagesAndClassesScriptNoMode&RequestClass=Rule-HTML-Section&RequestAppliesTo=Rule-Declare-DecisionTree&RequestRuleName=pzPagesAndClassesScriptNoMode Payload: "{\"RequestClass\":\"Rule-HTML-Section\",\"RequestAppliesTo\":\"Rule-Declare-DecisionTree\",\"RequestRuleName\":\"pzPagesAndClassesScriptNoMode\"}" => HTTP 200 (25452 bytes)
[PegaHttpClient] 📡 POST https://zdk8budo.pegaacademy.net/prweb/api/CodeIntelligence/v1/rules/query?pxObjClass=Rule-HTML-Section&appliesTo=Rule-Declare-DecisionTree&pyRuleName=pzPagesAndClassesScript&RequestClass=Rule-HTML-Section&RequestAppliesTo=Rule-Declare-DecisionTree&RequestRuleName=pzPagesAndClassesScript Payload: "{\"RequestClass\":\"Rule-HTML-Section\",\"RequestAppliesTo\":\"Rule-Declare-DecisionTree\",\"RequestRuleName\":\"pzPagesAndClassesScript\"}" => HTTP 200 (24224 bytes)
[PegaHttpClient] 📡 POST https://zdk8budo.pegaacademy.net/prweb/api/CodeIntelligence/v1/rules/query?pxObjClass=Rule-HTML-Section&appliesTo=Rule-Declare-DecisionTree&pyRuleName=pzViewTestCases&RequestClass=Rule-HTML-Section&RequestAppliesTo=Rule-Declare-DecisionTree&RequestRuleName=pzViewTestCases Payload: "{\"RequestClass\":\"Rule-HTML-Section\",\"RequestAppliesTo\":\"Rule-Declare-DecisionTree\",\"RequestRuleName\":\"pzViewTestCases\"}" => HTTP 404 (118 bytes)
[PegaHttpClient] 📡 POST https://zdk8budo.pegaacademy.net/prweb/PRRestService/CodeIntelligence/v1/rules/query?pxObjClass=Rule-HTML-Section&appliesTo=Rule-Declare-DecisionTree&pyRuleName=pzViewTestCases&RequestClass=Rule-HTML-Section&RequestAppliesTo=Rule-Declare-DecisionTree&RequestRuleName=pzViewTestCases Payload: "{\"RequestClass\":\"Rule-HTML-Section\",\"RequestAppliesTo\":\"Rule-Declare-DecisionTree\",\"RequestRuleName\":\"pzViewTestCases\"}" => HTTP 404 (118 bytes)
[PegaHttpClient] 📡 POST https://zdk8budo.pegaacademy.net/prweb/api/HRAppsV2Service/V1/rules/query?pxObjClass=Rule-HTML-Section&appliesTo=Rule-Declare-DecisionTree&pyRuleName=pzViewTestCases&RequestClass=Rule-HTML-Section&RequestAppliesTo=Rule-Declare-DecisionTree&RequestRuleName=pzViewTestCases Payload: "{\"RequestClass\":\"Rule-HTML-Section\",\"RequestAppliesTo\":\"Rule-Declare-DecisionTree\",\"RequestRuleName\":\"pzViewTestCases\"}" => HTTP 404 (18 bytes)
[PegaHttpClient] 📡 POST https://zdk8budo.pegaacademy.net/prweb/PRRestService/HRAppsV2Service/V1/rules/query?pxObjClass=Rule-HTML-Section&appliesTo=Rule-Declare-DecisionTree&pyRuleName=pzViewTestCases&RequestClass=Rule-HTML-Section&RequestAppliesTo=Rule-Declare-DecisionTree&RequestRuleName=pzViewTestCases Payload: "{\"RequestClass\":\"Rule-HTML-Section\",\"RequestAppliesTo\":\"Rule-Declare-DecisionTree\",\"RequestRuleName\":\"pzViewTestCases\"}" => HTTP 404 (18 bytes)
[PegaHttpClient] 📡 POST https://zdk8budo.pegaacademy.net/prweb/api/HRAppsV2/V1/rules/query?pxObjClass=Rule-HTML-Section&appliesTo=Rule-Declare-DecisionTree&pyRuleName=pzViewTestCases&RequestClass=Rule-HTML-Section&RequestAppliesTo=Rule-Declare-DecisionTree&RequestRuleName=pzViewTestCases Payload: "{\"RequestClass\":\"Rule-HTML-Section\",\"RequestAppliesTo\":\"Rule-Declare-DecisionTree\",\"RequestRuleName\":\"pzViewTestCases\"}" => HTTP 404 (18 bytes)
[PegaHttpClient] 📡 POST https://zdk8budo.pegaacademy.net/prweb/PRRestService/HRAppsV2/V1/rules/query?pxObjClass=Rule-HTML-Section&appliesTo=Rule-Declare-DecisionTree&pyRuleName=pzViewTestCases&RequestClass=Rule-HTML-Section&RequestAppliesTo=Rule-Declare-DecisionTree&RequestRuleName=pzViewTestCases Payload: "{\"RequestClass\":\"Rule-HTML-Section\",\"RequestAppliesTo\":\"Rule-Declare-DecisionTree\",\"RequestRuleName\":\"pzViewTestCases\"}" => HTTP 404 (18 bytes)
[PegaHttpClient] 📡 POST https://zdk8budo.pegaacademy.net/prweb/api/v1/rules/query?pxObjClass=Rule-HTML-Section&appliesTo=Rule-Declare-DecisionTree&pyRuleName=pzViewTestCases&RequestClass=Rule-HTML-Section&RequestAppliesTo=Rule-Declare-DecisionTree&RequestRuleName=pzViewTestCases Payload: "{\"RequestClass\":\"Rule-HTML-Section\",\"RequestAppliesTo\":\"Rule-Declare-DecisionTree\",\"RequestRuleName\":\"pzViewTestCases\"}" => HTTP 404 (18 bytes)
[PegaHttpClient] 📡 POST https://zdk8budo.pegaacademy.net/prweb/PRRestService/v1/rules/query?pxObjClass=Rule-HTML-Section&appliesTo=Rule-Declare-DecisionTree&pyRuleName=pzViewTestCases&RequestClass=Rule-HTML-Section&RequestAppliesTo=Rule-Declare-DecisionTree&RequestRuleName=pzViewTestCases Payload: "{\"RequestClass\":\"Rule-HTML-Section\",\"RequestAppliesTo\":\"Rule-Declare-DecisionTree\",\"RequestRuleName\":\"pzViewTestCases\"}" => HTTP 404 (18 bytes)
[PegaHttpClient] 📡 POST https://zdk8budo.pegaacademy.net/prweb/api/CodeIntelligence/v1/rules/query?pxObjClass=Rule-HTML-Section&appliesTo=Rule-Declare-DecisionTree&pyRuleName=pzRunSelected&RequestClass=Rule-HTML-Section&RequestAppliesTo=Rule-Declare-DecisionTree&RequestRuleName=pzRunSelected Payload: "{\"RequestClass\":\"Rule-HTML-Section\",\"RequestAppliesTo\":\"Rule-Declare-DecisionTree\",\"RequestRuleName\":\"pzRunSelected\"}" => HTTP 404 (116 bytes)
[PegaHttpClient] 📡 POST https://zdk8budo.pegaacademy.net/prweb/PRRestService/CodeIntelligence/v1/rules/query?pxObjClass=Rule-HTML-Section&appliesTo=Rule-Declare-DecisionTree&pyRuleName=pzRunSelected&RequestClass=Rule-HTML-Section&RequestAppliesTo=Rule-Declare-DecisionTree&RequestRuleName=pzRunSelected Payload: "{\"RequestClass\":\"Rule-HTML-Section\",\"RequestAppliesTo\":\"Rule-Declare-DecisionTree\",\"RequestRuleName\":\"pzRunSelected\"}" => HTTP 404 (116 bytes)
[PegaHttpClient] 📡 POST https://zdk8budo.pegaacademy.net/prweb/api/HRAppsV2Service/V1/rules/query?pxObjClass=Rule-HTML-Section&appliesTo=Rule-Declare-DecisionTree&pyRuleName=pzRunSelected&RequestClass=Rule-HTML-Section&RequestAppliesTo=Rule-Declare-DecisionTree&RequestRuleName=pzRunSelected Payload: "{\"RequestClass\":\"Rule-HTML-Section\",\"RequestAppliesTo\":\"Rule-Declare-DecisionTree\",\"RequestRuleName\":\"pzRunSelected\"}" => HTTP 404 (18 bytes)
[PegaHttpClient] 📡 POST https://zdk8budo.pegaacademy.net/prweb/PRRestService/HRAppsV2Service/V1/rules/query?pxObjClass=Rule-HTML-Section&appliesTo=Rule-Declare-DecisionTree&pyRuleName=pzRunSelected&RequestClass=Rule-HTML-Section&RequestAppliesTo=Rule-Declare-DecisionTree&RequestRuleName=pzRunSelected Payload: "{\"RequestClass\":\"Rule-HTML-Section\",\"RequestAppliesTo\":\"Rule-Declare-DecisionTree\",\"RequestRuleName\":\"pzRunSelected\"}" => HTTP 404 (18 bytes)
[PegaHttpClient] 📡 POST https://zdk8budo.pegaacademy.net/prweb/api/HRAppsV2/V1/rules/query?pxObjClass=Rule-HTML-Section&appliesTo=Rule-Declare-DecisionTree&pyRuleName=pzRunSelected&RequestClass=Rule-HTML-Section&RequestAppliesTo=Rule-Declare-DecisionTree&RequestRuleName=pzRunSelected Payload: "{\"RequestClass\":\"Rule-HTML-Section\",\"RequestAppliesTo\":\"Rule-Declare-DecisionTree\",\"RequestRuleName\":\"pzRunSelected\"}" => HTTP 404 (18 bytes)
[PegaHttpClient] 📡 POST https://zdk8budo.pegaacademy.net/prweb/PRRestService/HRAppsV2/V1/rules/query?pxObjClass=Rule-HTML-Section&appliesTo=Rule-Declare-DecisionTree&pyRuleName=pzRunSelected&RequestClass=Rule-HTML-Section&RequestAppliesTo=Rule-Declare-DecisionTree&RequestRuleName=pzRunSelected Payload: "{\"RequestClass\":\"Rule-HTML-Section\",\"RequestAppliesTo\":\"Rule-Declare-DecisionTree\",\"RequestRuleName\":\"pzRunSelected\"}" => HTTP 404 (18 bytes)
[PegaHttpClient] 📡 POST https://zdk8budo.pegaacademy.net/prweb/api/v1/rules/query?pxObjClass=Rule-HTML-Section&appliesTo=Rule-Declare-DecisionTree&pyRuleName=pzRunSelected&RequestClass=Rule-HTML-Section&RequestAppliesTo=Rule-Declare-DecisionTree&RequestRuleName=pzRunSelected Payload: "{\"RequestClass\":\"Rule-HTML-Section\",\"RequestAppliesTo\":\"Rule-Declare-DecisionTree\",\"RequestRuleName\":\"pzRunSelected\"}" => HTTP 404 (18 bytes)
[PegaHttpClient] 📡 POST https://zdk8budo.pegaacademy.net/prweb/PRRestService/v1/rules/query?pxObjClass=Rule-HTML-Section&appliesTo=Rule-Declare-DecisionTree&pyRuleName=pzRunSelected&RequestClass=Rule-HTML-Section&RequestAppliesTo=Rule-Declare-DecisionTree&RequestRuleName=pzRunSelected Payload: "{\"RequestClass\":\"Rule-HTML-Section\",\"RequestAppliesTo\":\"Rule-Declare-DecisionTree\",\"RequestRuleName\":\"pzRunSelected\"}" => HTTP 404 (18 bytes)
[PegaHttpClient] 📡 POST https://zdk8budo.pegaacademy.net/prweb/api/CodeIntelligence/v1/rules/query?pxObjClass=Rule-HTML-Section&appliesTo=Rule-Declare-DecisionTree&pyRuleName=pzShowRunAndExpectedTime&RequestClass=Rule-HTML-Section&RequestAppliesTo=Rule-Declare-DecisionTree&RequestRuleName=pzShowRunAndExpectedTime Payload: "{\"RequestClass\":\"Rule-HTML-Section\",\"RequestAppliesTo\":\"Rule-Declare-DecisionTree\",\"RequestRuleName\":\"pzShowRunAndExpectedTime\"}" => HTTP 200 (98943 bytes)
[PegaHttpClient] 📡 POST https://zdk8budo.pegaacademy.net/prweb/api/CodeIntelligence/v1/rules/query?pxObjClass=Rule-HTML-Section&appliesTo=Rule-Declare-DecisionTree&pyRuleName=pzSpecificationName&RequestClass=Rule-HTML-Section&RequestAppliesTo=Rule-Declare-DecisionTree&RequestRuleName=pzSpecificationName Payload: "{\"RequestClass\":\"Rule-HTML-Section\",\"RequestAppliesTo\":\"Rule-Declare-DecisionTree\",\"RequestRuleName\":\"pzSpecificationName\"}" => HTTP 404 (122 bytes)
[PegaHttpClient] 📡 POST https://zdk8budo.pegaacademy.net/prweb/PRRestService/CodeIntelligence/v1/rules/query?pxObjClass=Rule-HTML-Section&appliesTo=Rule-Declare-DecisionTree&pyRuleName=pzSpecificationName&RequestClass=Rule-HTML-Section&RequestAppliesTo=Rule-Declare-DecisionTree&RequestRuleName=pzSpecificationName Payload: "{\"RequestClass\":\"Rule-HTML-Section\",\"RequestAppliesTo\":\"Rule-Declare-DecisionTree\",\"RequestRuleName\":\"pzSpecificationName\"}" => HTTP 404 (122 bytes)
[PegaHttpClient] 📡 POST https://zdk8budo.pegaacademy.net/prweb/api/HRAppsV2Service/V1/rules/query?pxObjClass=Rule-HTML-Section&appliesTo=Rule-Declare-DecisionTree&pyRuleName=pzSpecificationName&RequestClass=Rule-HTML-Section&RequestAppliesTo=Rule-Declare-DecisionTree&RequestRuleName=pzSpecificationName Payload: "{\"RequestClass\":\"Rule-HTML-Section\",\"RequestAppliesTo\":\"Rule-Declare-DecisionTree\",\"RequestRuleName\":\"pzSpecificationName\"}" => HTTP 404 (18 bytes)
[PegaHttpClient] 📡 POST https://zdk8budo.pegaacademy.net/prweb/PRRestService/HRAppsV2Service/V1/rules/query?pxObjClass=Rule-HTML-Section&appliesTo=Rule-Declare-DecisionTree&pyRuleName=pzSpecificationName&RequestClass=Rule-HTML-Section&RequestAppliesTo=Rule-Declare-DecisionTree&RequestRuleName=pzSpecificationName Payload: "{\"RequestClass\":\"Rule-HTML-Section\",\"RequestAppliesTo\":\"Rule-Declare-DecisionTree\",\"RequestRuleName\":\"pzSpecificationName\"}" => HTTP 404 (18 bytes)
[PegaHttpClient] 📡 POST https://zdk8budo.pegaacademy.net/prweb/api/HRAppsV2/V1/rules/query?pxObjClass=Rule-HTML-Section&appliesTo=Rule-Declare-DecisionTree&pyRuleName=pzSpecificationName&RequestClass=Rule-HTML-Section&RequestAppliesTo=Rule-Declare-DecisionTree&RequestRuleName=pzSpecificationName Payload: "{\"RequestClass\":\"Rule-HTML-Section\",\"RequestAppliesTo\":\"Rule-Declare-DecisionTree\",\"RequestRuleName\":\"pzSpecificationName\"}" => HTTP 404 (18 bytes)
[PegaHttpClient] 📡 POST https://zdk8budo.pegaacademy.net/prweb/PRRestService/HRAppsV2/V1/rules/query?pxObjClass=Rule-HTML-Section&appliesTo=Rule-Declare-DecisionTree&pyRuleName=pzSpecificationName&RequestClass=Rule-HTML-Section&RequestAppliesTo=Rule-Declare-DecisionTree&RequestRuleName=pzSpecificationName Payload: "{\"RequestClass\":\"Rule-HTML-Section\",\"RequestAppliesTo\":\"Rule-Declare-DecisionTree\",\"RequestRuleName\":\"pzSpecificationName\"}" => HTTP 404 (18 bytes)
[PegaHttpClient] 📡 POST https://zdk8budo.pegaacademy.net/prweb/api/v1/rules/query?pxObjClass=Rule-HTML-Section&appliesTo=Rule-Declare-DecisionTree&pyRuleName=pzSpecificationName&RequestClass=Rule-HTML-Section&RequestAppliesTo=Rule-Declare-DecisionTree&RequestRuleName=pzSpecificationName Payload: "{\"RequestClass\":\"Rule-HTML-Section\",\"RequestAppliesTo\":\"Rule-Declare-DecisionTree\",\"RequestRuleName\":\"pzSpecificationName\"}" => HTTP 404 (18 bytes)
[PegaHttpClient] 📡 POST https://zdk8budo.pegaacademy.net/prweb/PRRestService/v1/rules/query?pxObjClass=Rule-HTML-Section&appliesTo=Rule-Declare-DecisionTree&pyRuleName=pzSpecificationName&RequestClass=Rule-HTML-Section&RequestAppliesTo=Rule-Declare-DecisionTree&RequestRuleName=pzSpecificationName Payload: "{\"RequestClass\":\"Rule-HTML-Section\",\"RequestAppliesTo\":\"Rule-Declare-DecisionTree\",\"RequestRuleName\":\"pzSpecificationName\"}" => HTTP 404 (18 bytes)
[PegaHttpClient] 📡 POST https://zdk8budo.pegaacademy.net/prweb/api/CodeIntelligence/v1/rules/query?pxObjClass=Rule-HTML-Section&appliesTo=Rule-Declare-DecisionTree&pyRuleName=pzScm_RuleHistory&RequestClass=Rule-HTML-Section&RequestAppliesTo=Rule-Declare-DecisionTree&RequestRuleName=pzScm_RuleHistory Payload: "{\"RequestClass\":\"Rule-HTML-Section\",\"RequestAppliesTo\":\"Rule-Declare-DecisionTree\",\"RequestRuleName\":\"pzScm_RuleHistory\"}" => HTTP 200 (14682 bytes)
[PegaHttpClient] 📡 POST https://zdk8budo.pegaacademy.net/prweb/api/CodeIntelligence/v1/rules/query?pxObjClass=Rule-HTML-Section&appliesTo=Rule-Declare-DecisionTree&pyRuleName=pxDisplayCollaborators&RequestClass=Rule-HTML-Section&RequestAppliesTo=Rule-Declare-DecisionTree&RequestRuleName=pxDisplayCollaborators Payload: "{\"RequestClass\":\"Rule-HTML-Section\",\"RequestAppliesTo\":\"Rule-Declare-DecisionTree\",\"RequestRuleName\":\"pxDisplayCollaborators\"}" => HTTP 200 (94171 bytes)
[PegaHttpClient] 📡 POST https://zdk8budo.pegaacademy.net/prweb/api/CodeIntelligence/v1/rules/query?pxObjClass=Rule-HTML-Section&appliesTo=Rule-Declare-DecisionTree&pyRuleName=pzRuleFormToolbarDeleteCheckOut&RequestClass=Rule-HTML-Section&RequestAppliesTo=Rule-Declare-DecisionTree&RequestRuleName=pzRuleFormToolbarDeleteCheckOut Payload: "{\"RequestClass\":\"Rule-HTML-Section\",\"RequestAppliesTo\":\"Rule-Declare-DecisionTree\",\"RequestRuleName\":\"pzRuleFormToolbarDeleteCheckOut\"}" => HTTP 200 (29433 bytes)
[PegaHttpClient] 📡 POST https://zdk8budo.pegaacademy.net/prweb/api/CodeIntelligence/v1/rules/query?pxObjClass=Rule-HTML-Section&appliesTo=Rule-Declare-DecisionTree&pyRuleName=pzRuleFormToolbarDeleteRule&RequestClass=Rule-HTML-Section&RequestAppliesTo=Rule-Declare-DecisionTree&RequestRuleName=pzRuleFormToolbarDeleteRule Payload: "{\"RequestClass\":\"Rule-HTML-Section\",\"RequestAppliesTo\":\"Rule-Declare-DecisionTree\",\"RequestRuleName\":\"pzRuleFormToolbarDeleteRule\"}" => HTTP 200 (32314 bytes)
[PegaHttpClient] 📡 POST https://zdk8budo.pegaacademy.net/prweb/api/CodeIntelligence/v1/rules/query?pxObjClass=Rule-HTML-Section&appliesTo=Rule-Declare-DecisionTree&pyRuleName=pzDefaultReturn&RequestClass=Rule-HTML-Section&RequestAppliesTo=Rule-Declare-DecisionTree&RequestRuleName=pzDefaultReturn Payload: "{\"RequestClass\":\"Rule-HTML-Section\",\"RequestAppliesTo\":\"Rule-Declare-DecisionTree\",\"RequestRuleName\":\"pzDefaultReturn\"}" => HTTP 200 (34009 bytes)
[PegaHttpClient] 📡 POST https://zdk8budo.pegaacademy.net/prweb/api/CodeIntelligence/v1/rules/query?pxObjClass=Rule-HTML-Section&appliesTo=Rule-Declare-DecisionTree&pyRuleName=pzLoadCollaborationScripts&RequestClass=Rule-HTML-Section&RequestAppliesTo=Rule-Declare-DecisionTree&RequestRuleName=pzLoadCollaborationScripts Payload: "{\"RequestClass\":\"Rule-HTML-Section\",\"RequestAppliesTo\":\"Rule-Declare-DecisionTree\",\"RequestRuleName\":\"pzLoadCollaborationScripts\"}" => HTTP 200 (23453 bytes)
[PegaHttpClient] 📡 POST https://zdk8budo.pegaacademy.net/prweb/api/CodeIntelligence/v1/rules/query?pxObjClass=Rule-HTML-Section&appliesTo=Rule-Declare-DecisionTree&pyRuleName=pzDisplayCollaboratorsList&RequestClass=Rule-HTML-Section&RequestAppliesTo=Rule-Declare-DecisionTree&RequestRuleName=pzDisplayCollaboratorsList Payload: "{\"RequestClass\":\"Rule-HTML-Section\",\"RequestAppliesTo\":\"Rule-Declare-DecisionTree\",\"RequestRuleName\":\"pzDisplayCollaboratorsList\"}" => HTTP 200 (105418 bytes)
[PegaHttpClient] 📡 POST https://zdk8budo.pegaacademy.net/prweb/api/CodeIntelligence/v1/rules/query?pxObjClass=Rule-HTML-Section&appliesTo=Rule-Declare-DecisionTree&pyRuleName=pyCollaborator&RequestClass=Rule-HTML-Section&RequestAppliesTo=Rule-Declare-DecisionTree&RequestRuleName=pyCollaborator Payload: "{\"RequestClass\":\"Rule-HTML-Section\",\"RequestAppliesTo\":\"Rule-Declare-DecisionTree\",\"RequestRuleName\":\"pyCollaborator\"}" => HTTP 404 (117 bytes)
[PegaHttpClient] 📡 POST https://zdk8budo.pegaacademy.net/prweb/PRRestService/CodeIntelligence/v1/rules/query?pxObjClass=Rule-HTML-Section&appliesTo=Rule-Declare-DecisionTree&pyRuleName=pyCollaborator&RequestClass=Rule-HTML-Section&RequestAppliesTo=Rule-Declare-DecisionTree&RequestRuleName=pyCollaborator Payload: "{\"RequestClass\":\"Rule-HTML-Section\",\"RequestAppliesTo\":\"Rule-Declare-DecisionTree\",\"RequestRuleName\":\"pyCollaborator\"}" => HTTP 404 (117 bytes)
[PegaHttpClient] 📡 POST https://zdk8budo.pegaacademy.net/prweb/api/HRAppsV2Service/V1/rules/query?pxObjClass=Rule-HTML-Section&appliesTo=Rule-Declare-DecisionTree&pyRuleName=pyCollaborator&RequestClass=Rule-HTML-Section&RequestAppliesTo=Rule-Declare-DecisionTree&RequestRuleName=pyCollaborator Payload: "{\"RequestClass\":\"Rule-HTML-Section\",\"RequestAppliesTo\":\"Rule-Declare-DecisionTree\",\"RequestRuleName\":\"pyCollaborator\"}" => HTTP 404 (18 bytes)
[PegaHttpClient] 📡 POST https://zdk8budo.pegaacademy.net/prweb/PRRestService/HRAppsV2Service/V1/rules/query?pxObjClass=Rule-HTML-Section&appliesTo=Rule-Declare-DecisionTree&pyRuleName=pyCollaborator&RequestClass=Rule-HTML-Section&RequestAppliesTo=Rule-Declare-DecisionTree&RequestRuleName=pyCollaborator Payload: "{\"RequestClass\":\"Rule-HTML-Section\",\"RequestAppliesTo\":\"Rule-Declare-DecisionTree\",\"RequestRuleName\":\"pyCollaborator\"}" => HTTP 404 (18 bytes)
[PegaHttpClient] 📡 POST https://zdk8budo.pegaacademy.net/prweb/api/HRAppsV2/V1/rules/query?pxObjClass=Rule-HTML-Section&appliesTo=Rule-Declare-DecisionTree&pyRuleName=pyCollaborator&RequestClass=Rule-HTML-Section&RequestAppliesTo=Rule-Declare-DecisionTree&RequestRuleName=pyCollaborator Payload: "{\"RequestClass\":\"Rule-HTML-Section\",\"RequestAppliesTo\":\"Rule-Declare-DecisionTree\",\"RequestRuleName\":\"pyCollaborator\"}" => HTTP 404 (18 bytes)
[PegaHttpClient] 📡 POST https://zdk8budo.pegaacademy.net/prweb/PRRestService/HRAppsV2/V1/rules/query?pxObjClass=Rule-HTML-Section&appliesTo=Rule-Declare-DecisionTree&pyRuleName=pyCollaborator&RequestClass=Rule-HTML-Section&RequestAppliesTo=Rule-Declare-DecisionTree&RequestRuleName=pyCollaborator Payload: "{\"RequestClass\":\"Rule-HTML-Section\",\"RequestAppliesTo\":\"Rule-Declare-DecisionTree\",\"RequestRuleName\":\"pyCollaborator\"}" => HTTP 404 (18 bytes)
[PegaHttpClient] 📡 POST https://zdk8budo.pegaacademy.net/prweb/api/v1/rules/query?pxObjClass=Rule-HTML-Section&appliesTo=Rule-Declare-DecisionTree&pyRuleName=pyCollaborator&RequestClass=Rule-HTML-Section&RequestAppliesTo=Rule-Declare-DecisionTree&RequestRuleName=pyCollaborator Payload: "{\"RequestClass\":\"Rule-HTML-Section\",\"RequestAppliesTo\":\"Rule-Declare-DecisionTree\",\"RequestRuleName\":\"pyCollaborator\"}" => HTTP 404 (18 bytes)
[PegaHttpClient] 📡 POST https://zdk8budo.pegaacademy.net/prweb/PRRestService/v1/rules/query?pxObjClass=Rule-HTML-Section&appliesTo=Rule-Declare-DecisionTree&pyRuleName=pyCollaborator&RequestClass=Rule-HTML-Section&RequestAppliesTo=Rule-Declare-DecisionTree&RequestRuleName=pyCollaborator Payload: "{\"RequestClass\":\"Rule-HTML-Section\",\"RequestAppliesTo\":\"Rule-Declare-DecisionTree\",\"RequestRuleName\":\"pyCollaborator\"}" => HTTP 404 (18 bytes)
[PegaHttpClient] 📡 POST https://zdk8budo.pegaacademy.net/prweb/api/CodeIntelligence/v1/rules/query?pxObjClass=Rule-HTML-Section&appliesTo=Rule-Declare-DecisionTree&pyRuleName=pzDisplayPartialCount&RequestClass=Rule-HTML-Section&RequestAppliesTo=Rule-Declare-DecisionTree&RequestRuleName=pzDisplayPartialCount Payload: "{\"RequestClass\":\"Rule-HTML-Section\",\"RequestAppliesTo\":\"Rule-Declare-DecisionTree\",\"RequestRuleName\":\"pzDisplayPartialCount\"}" => HTTP 404 (124 bytes)
[PegaHttpClient] 📡 POST https://zdk8budo.pegaacademy.net/prweb/PRRestService/CodeIntelligence/v1/rules/query?pxObjClass=Rule-HTML-Section&appliesTo=Rule-Declare-DecisionTree&pyRuleName=pzDisplayPartialCount&RequestClass=Rule-HTML-Section&RequestAppliesTo=Rule-Declare-DecisionTree&RequestRuleName=pzDisplayPartialCount Payload: "{\"RequestClass\":\"Rule-HTML-Section\",\"RequestAppliesTo\":\"Rule-Declare-DecisionTree\",\"RequestRuleName\":\"pzDisplayPartialCount\"}" => HTTP 404 (124 bytes)
[PegaHttpClient] 📡 POST https://zdk8budo.pegaacademy.net/prweb/api/HRAppsV2Service/V1/rules/query?pxObjClass=Rule-HTML-Section&appliesTo=Rule-Declare-DecisionTree&pyRuleName=pzDisplayPartialCount&RequestClass=Rule-HTML-Section&RequestAppliesTo=Rule-Declare-DecisionTree&RequestRuleName=pzDisplayPartialCount Payload: "{\"RequestClass\":\"Rule-HTML-Section\",\"RequestAppliesTo\":\"Rule-Declare-DecisionTree\",\"RequestRuleName\":\"pzDisplayPartialCount\"}" => HTTP 404 (18 bytes)
[PegaHttpClient] 📡 POST https://zdk8budo.pegaacademy.net/prweb/PRRestService/HRAppsV2Service/V1/rules/query?pxObjClass=Rule-HTML-Section&appliesTo=Rule-Declare-DecisionTree&pyRuleName=pzDisplayPartialCount&RequestClass=Rule-HTML-Section&RequestAppliesTo=Rule-Declare-DecisionTree&RequestRuleName=pzDisplayPartialCount Payload: "{\"RequestClass\":\"Rule-HTML-Section\",\"RequestAppliesTo\":\"Rule-Declare-DecisionTree\",\"RequestRuleName\":\"pzDisplayPartialCount\"}" => HTTP 404 (18 bytes)
[PegaHttpClient] 📡 POST https://zdk8budo.pegaacademy.net/prweb/api/HRAppsV2/V1/rules/query?pxObjClass=Rule-HTML-Section&appliesTo=Rule-Declare-DecisionTree&pyRuleName=pzDisplayPartialCount&RequestClass=Rule-HTML-Section&RequestAppliesTo=Rule-Declare-DecisionTree&RequestRuleName=pzDisplayPartialCount Payload: "{\"RequestClass\":\"Rule-HTML-Section\",\"RequestAppliesTo\":\"Rule-Declare-DecisionTree\",\"RequestRuleName\":\"pzDisplayPartialCount\"}" => HTTP 404 (18 bytes)
[PegaHttpClient] 📡 POST https://zdk8budo.pegaacademy.net/prweb/PRRestService/HRAppsV2/V1/rules/query?pxObjClass=Rule-HTML-Section&appliesTo=Rule-Declare-DecisionTree&pyRuleName=pzDisplayPartialCount&RequestClass=Rule-HTML-Section&RequestAppliesTo=Rule-Declare-DecisionTree&RequestRuleName=pzDisplayPartialCount Payload: "{\"RequestClass\":\"Rule-HTML-Section\",\"RequestAppliesTo\":\"Rule-Declare-DecisionTree\",\"RequestRuleName\":\"pzDisplayPartialCount\"}" => HTTP 404 (18 bytes)
[PegaHttpClient] 📡 POST https://zdk8budo.pegaacademy.net/prweb/api/v1/rules/query?pxObjClass=Rule-HTML-Section&appliesTo=Rule-Declare-DecisionTree&pyRuleName=pzDisplayPartialCount&RequestClass=Rule-HTML-Section&RequestAppliesTo=Rule-Declare-DecisionTree&RequestRuleName=pzDisplayPartialCount Payload: "{\"RequestClass\":\"Rule-HTML-Section\",\"RequestAppliesTo\":\"Rule-Declare-DecisionTree\",\"RequestRuleName\":\"pzDisplayPartialCount\"}" => HTTP 404 (18 bytes)
[PegaHttpClient] 📡 POST https://zdk8budo.pegaacademy.net/prweb/PRRestService/v1/rules/query?pxObjClass=Rule-HTML-Section&appliesTo=Rule-Declare-DecisionTree&pyRuleName=pzDisplayPartialCount&RequestClass=Rule-HTML-Section&RequestAppliesTo=Rule-Declare-DecisionTree&RequestRuleName=pzDisplayPartialCount Payload: "{\"RequestClass\":\"Rule-HTML-Section\",\"RequestAppliesTo\":\"Rule-Declare-DecisionTree\",\"RequestRuleName\":\"pzDisplayPartialCount\"}" => HTTP 404 (18 bytes)
[SchemaGen] ✅ Schema written for Rule-Declare-DecisionTree
[PegaHttpClient] 📡 GET https://zdk8budo.pegaacademy.net/prweb/api/CodeIntelligence/v1/rules/RULE-HTML-HARNESS%20RULE-DECLARE-DECISIONTABLE%20RULEFORM%20%2320180713T140754.133%20GMT => HTTP 200 (24101 bytes)
[PegaHttpClient] 📡 POST https://zdk8budo.pegaacademy.net/prweb/api/CodeIntelligence/v1/rules/query?pxObjClass=Rule-HTML-Section&appliesTo=Rule-Declare-DecisionTable&pyRuleName=RuleFormMain&RequestClass=Rule-HTML-Section&RequestAppliesTo=Rule-Declare-DecisionTable&RequestRuleName=RuleFormMain Payload: "{\"RequestClass\":\"Rule-HTML-Section\",\"RequestAppliesTo\":\"Rule-Declare-DecisionTable\",\"RequestRuleName\":\"RuleFormMain\"}" => HTTP 200 (156234 bytes)
[PegaHttpClient] 📡 POST https://zdk8budo.pegaacademy.net/prweb/api/CodeIntelligence/v1/rules/query?pxObjClass=Rule-HTML-Section&appliesTo=Rule-Declare-DecisionTable&pyRuleName=pxAlternateRuleForm&RequestClass=Rule-HTML-Section&RequestAppliesTo=Rule-Declare-DecisionTable&RequestRuleName=pxAlternateRuleForm Payload: "{\"RequestClass\":\"Rule-HTML-Section\",\"RequestAppliesTo\":\"Rule-Declare-DecisionTable\",\"RequestRuleName\":\"pxAlternateRuleForm\"}" => HTTP 200 (66153 bytes)
[PegaHttpClient] 📡 POST https://zdk8budo.pegaacademy.net/prweb/api/CodeIntelligence/v1/rules/query?pxObjClass=Rule-HTML-Section&appliesTo=Rule-Declare-DecisionTable&pyRuleName=pzRuleFormScripts&RequestClass=Rule-HTML-Section&RequestAppliesTo=Rule-Declare-DecisionTable&RequestRuleName=pzRuleFormScripts Payload: "{\"RequestClass\":\"Rule-HTML-Section\",\"RequestAppliesTo\":\"Rule-Declare-DecisionTable\",\"RequestRuleName\":\"pzRuleFormScripts\"}" => HTTP 200 (40822 bytes)
[PegaHttpClient] 📡 POST https://zdk8budo.pegaacademy.net/prweb/api/CodeIntelligence/v1/rules/query?pxObjClass=Rule-HTML-Section&appliesTo=Rule-Declare-DecisionTable&pyRuleName=pzRuleFormLayoutDelegated&RequestClass=Rule-HTML-Section&RequestAppliesTo=Rule-Declare-DecisionTable&RequestRuleName=pzRuleFormLayoutDelegated Payload: "{\"RequestClass\":\"Rule-HTML-Section\",\"RequestAppliesTo\":\"Rule-Declare-DecisionTable\",\"RequestRuleName\":\"pzRuleFormLayoutDelegated\"}" => HTTP 200 (70998 bytes)
[PegaHttpClient] 📡 POST https://zdk8budo.pegaacademy.net/prweb/api/CodeIntelligence/v1/rules/query?pxObjClass=Rule-HTML-Section&appliesTo=Rule-Declare-DecisionTable&pyRuleName=RuleFormLayout&RequestClass=Rule-HTML-Section&RequestAppliesTo=Rule-Declare-DecisionTable&RequestRuleName=RuleFormLayout Payload: "{\"RequestClass\":\"Rule-HTML-Section\",\"RequestAppliesTo\":\"Rule-Declare-DecisionTable\",\"RequestRuleName\":\"RuleFormLayout\"}" => HTTP 200 (304482 bytes)
[PegaHttpClient] 📡 POST https://zdk8budo.pegaacademy.net/prweb/api/CodeIntelligence/v1/rules/query?pxObjClass=Rule-HTML-Section&appliesTo=Rule-Declare-DecisionTable&pyRuleName=RuleFormSettings&RequestClass=Rule-HTML-Section&RequestAppliesTo=Rule-Declare-DecisionTable&RequestRuleName=RuleFormSettings Payload: "{\"RequestClass\":\"Rule-HTML-Section\",\"RequestAppliesTo\":\"Rule-Declare-DecisionTable\",\"RequestRuleName\":\"RuleFormSettings\"}" => HTTP 200 (20540 bytes)
[PegaHttpClient] 📡 POST https://zdk8budo.pegaacademy.net/prweb/api/CodeIntelligence/v1/rules/query?pxObjClass=Rule-HTML-Section&appliesTo=Rule-Declare-DecisionTable&pyRuleName=OpenAuthoring&RequestClass=Rule-HTML-Section&RequestAppliesTo=Rule-Declare-DecisionTable&RequestRuleName=OpenAuthoring Payload: "{\"RequestClass\":\"Rule-HTML-Section\",\"RequestAppliesTo\":\"Rule-Declare-DecisionTable\",\"RequestRuleName\":\"OpenAuthoring\"}" => HTTP 200 (23695 bytes)
[PegaHttpClient] 📡 POST https://zdk8budo.pegaacademy.net/prweb/api/CodeIntelligence/v1/rules/query?pxObjClass=Rule-HTML-Section&appliesTo=Rule-Declare-DecisionTable&pyRuleName=pyCustomHelp&RequestClass=Rule-HTML-Section&RequestAppliesTo=Rule-Declare-DecisionTable&RequestRuleName=pyCustomHelp Payload: "{\"RequestClass\":\"Rule-HTML-Section\",\"RequestAppliesTo\":\"Rule-Declare-DecisionTable\",\"RequestRuleName\":\"pyCustomHelp\"}" => HTTP 200 (17256 bytes)
[PegaHttpClient] 📡 POST https://zdk8budo.pegaacademy.net/prweb/api/CodeIntelligence/v1/rules/query?pxObjClass=Rule-HTML-Section&appliesTo=Rule-Declare-DecisionTable&pyRuleName=pzRuleformMainInclude&RequestClass=Rule-HTML-Section&RequestAppliesTo=Rule-Declare-DecisionTable&RequestRuleName=pzRuleformMainInclude Payload: "{\"RequestClass\":\"Rule-HTML-Section\",\"RequestAppliesTo\":\"Rule-Declare-DecisionTable\",\"RequestRuleName\":\"pzRuleformMainInclude\"}" => HTTP 200 (22375 bytes)
[PegaHttpClient] 📡 POST https://zdk8budo.pegaacademy.net/prweb/api/CodeIntelligence/v1/rules/query?pxObjClass=Rule-HTML-Section&appliesTo=Rule-Declare-DecisionTable&pyRuleName=pyAlternativeRuleFormStrategicAppExtension&RequestClass=Rule-HTML-Section&RequestAppliesTo=Rule-Declare-DecisionTable&RequestRuleName=pyAlternativeRuleFormStrategicAppExtension Payload: "{\"RequestClass\":\"Rule-HTML-Section\",\"RequestAppliesTo\":\"Rule-Declare-DecisionTable\",\"RequestRuleName\":\"pyAlternativeRuleFormStrategicAppExtension\"}" => HTTP 200 (25042 bytes)
[PegaHttpClient] 📡 POST https://zdk8budo.pegaacademy.net/prweb/api/CodeIntelligence/v1/rules/query?pxObjClass=Rule-HTML-Section&appliesTo=Rule-Declare-DecisionTable&pyRuleName=pyAlternativeRuleFormExtension&RequestClass=Rule-HTML-Section&RequestAppliesTo=Rule-Declare-DecisionTable&RequestRuleName=pyAlternativeRuleFormExtension Payload: "{\"RequestClass\":\"Rule-HTML-Section\",\"RequestAppliesTo\":\"Rule-Declare-DecisionTable\",\"RequestRuleName\":\"pyAlternativeRuleFormExtension\"}" => HTTP 200 (24863 bytes)
[PegaHttpClient] 📡 POST https://zdk8budo.pegaacademy.net/prweb/api/CodeIntelligence/v1/rules/query?pxObjClass=Rule-HTML-Section&appliesTo=Rule-Declare-DecisionTable&pyRuleName=RuleFormHeader&RequestClass=Rule-HTML-Section&RequestAppliesTo=Rule-Declare-DecisionTable&RequestRuleName=RuleFormHeader Payload: "{\"RequestClass\":\"Rule-HTML-Section\",\"RequestAppliesTo\":\"Rule-Declare-DecisionTable\",\"RequestRuleName\":\"RuleFormHeader\"}" => HTTP 200 (183800 bytes)
[PegaHttpClient] 📡 POST https://zdk8budo.pegaacademy.net/prweb/api/CodeIntelligence/v1/rules/query?pxObjClass=Rule-HTML-Section&appliesTo=Rule-Declare-DecisionTable&pyRuleName=pzDelegationExperience&RequestClass=Rule-HTML-Section&RequestAppliesTo=Rule-Declare-DecisionTable&RequestRuleName=pzDelegationExperience Payload: "{\"RequestClass\":\"Rule-HTML-Section\",\"RequestAppliesTo\":\"Rule-Declare-DecisionTable\",\"RequestRuleName\":\"pzDelegationExperience\"}" => HTTP 404 (126 bytes)
[PegaHttpClient] 📡 POST https://zdk8budo.pegaacademy.net/prweb/PRRestService/CodeIntelligence/v1/rules/query?pxObjClass=Rule-HTML-Section&appliesTo=Rule-Declare-DecisionTable&pyRuleName=pzDelegationExperience&RequestClass=Rule-HTML-Section&RequestAppliesTo=Rule-Declare-DecisionTable&RequestRuleName=pzDelegationExperience Payload: "{\"RequestClass\":\"Rule-HTML-Section\",\"RequestAppliesTo\":\"Rule-Declare-DecisionTable\",\"RequestRuleName\":\"pzDelegationExperience\"}" => HTTP 404 (126 bytes)
[PegaHttpClient] 📡 POST https://zdk8budo.pegaacademy.net/prweb/api/HRAppsV2Service/V1/rules/query?pxObjClass=Rule-HTML-Section&appliesTo=Rule-Declare-DecisionTable&pyRuleName=pzDelegationExperience&RequestClass=Rule-HTML-Section&RequestAppliesTo=Rule-Declare-DecisionTable&RequestRuleName=pzDelegationExperience Payload: "{\"RequestClass\":\"Rule-HTML-Section\",\"RequestAppliesTo\":\"Rule-Declare-DecisionTable\",\"RequestRuleName\":\"pzDelegationExperience\"}" => HTTP 404 (18 bytes)
[PegaHttpClient] 📡 POST https://zdk8budo.pegaacademy.net/prweb/PRRestService/HRAppsV2Service/V1/rules/query?pxObjClass=Rule-HTML-Section&appliesTo=Rule-Declare-DecisionTable&pyRuleName=pzDelegationExperience&RequestClass=Rule-HTML-Section&RequestAppliesTo=Rule-Declare-DecisionTable&RequestRuleName=pzDelegationExperience Payload: "{\"RequestClass\":\"Rule-HTML-Section\",\"RequestAppliesTo\":\"Rule-Declare-DecisionTable\",\"RequestRuleName\":\"pzDelegationExperience\"}" => HTTP 404 (18 bytes)
[PegaHttpClient] 📡 POST https://zdk8budo.pegaacademy.net/prweb/api/HRAppsV2/V1/rules/query?pxObjClass=Rule-HTML-Section&appliesTo=Rule-Declare-DecisionTable&pyRuleName=pzDelegationExperience&RequestClass=Rule-HTML-Section&RequestAppliesTo=Rule-Declare-DecisionTable&RequestRuleName=pzDelegationExperience Payload: "{\"RequestClass\":\"Rule-HTML-Section\",\"RequestAppliesTo\":\"Rule-Declare-DecisionTable\",\"RequestRuleName\":\"pzDelegationExperience\"}" => HTTP 404 (18 bytes)
[PegaHttpClient] 📡 POST https://zdk8budo.pegaacademy.net/prweb/PRRestService/HRAppsV2/V1/rules/query?pxObjClass=Rule-HTML-Section&appliesTo=Rule-Declare-DecisionTable&pyRuleName=pzDelegationExperience&RequestClass=Rule-HTML-Section&RequestAppliesTo=Rule-Declare-DecisionTable&RequestRuleName=pzDelegationExperience Payload: "{\"RequestClass\":\"Rule-HTML-Section\",\"RequestAppliesTo\":\"Rule-Declare-DecisionTable\",\"RequestRuleName\":\"pzDelegationExperience\"}" => HTTP 404 (18 bytes)
[PegaHttpClient] 📡 POST https://zdk8budo.pegaacademy.net/prweb/api/v1/rules/query?pxObjClass=Rule-HTML-Section&appliesTo=Rule-Declare-DecisionTable&pyRuleName=pzDelegationExperience&RequestClass=Rule-HTML-Section&RequestAppliesTo=Rule-Declare-DecisionTable&RequestRuleName=pzDelegationExperience Payload: "{\"RequestClass\":\"Rule-HTML-Section\",\"RequestAppliesTo\":\"Rule-Declare-DecisionTable\",\"RequestRuleName\":\"pzDelegationExperience\"}" => HTTP 404 (18 bytes)
[PegaHttpClient] 📡 POST https://zdk8budo.pegaacademy.net/prweb/PRRestService/v1/rules/query?pxObjClass=Rule-HTML-Section&appliesTo=Rule-Declare-DecisionTable&pyRuleName=pzDelegationExperience&RequestClass=Rule-HTML-Section&RequestAppliesTo=Rule-Declare-DecisionTable&RequestRuleName=pzDelegationExperience Payload: "{\"RequestClass\":\"Rule-HTML-Section\",\"RequestAppliesTo\":\"Rule-Declare-DecisionTable\",\"RequestRuleName\":\"pzDelegationExperience\"}" => HTTP 404 (18 bytes)
[PegaHttpClient] 📡 POST https://zdk8budo.pegaacademy.net/prweb/api/CodeIntelligence/v1/rules/query?pxObjClass=Rule-HTML-Section&appliesTo=Rule-Declare-DecisionTable&pyRuleName=pzDecisionTableWrapper&RequestClass=Rule-HTML-Section&RequestAppliesTo=Rule-Declare-DecisionTable&RequestRuleName=pzDecisionTableWrapper Payload: "{\"RequestClass\":\"Rule-HTML-Section\",\"RequestAppliesTo\":\"Rule-Declare-DecisionTable\",\"RequestRuleName\":\"pzDecisionTableWrapper\"}" => HTTP 200 (103971 bytes)
[PegaHttpClient] 📡 POST https://zdk8budo.pegaacademy.net/prweb/api/CodeIntelligence/v1/rules/query?pxObjClass=Rule-HTML-Section&appliesTo=Rule-Declare-DecisionTable&pyRuleName=pzResultsTab&RequestClass=Rule-HTML-Section&RequestAppliesTo=Rule-Declare-DecisionTable&RequestRuleName=pzResultsTab Payload: "{\"RequestClass\":\"Rule-HTML-Section\",\"RequestAppliesTo\":\"Rule-Declare-DecisionTable\",\"RequestRuleName\":\"pzResultsTab\"}" => HTTP 200 (26064 bytes)
[PegaHttpClient] 📡 POST https://zdk8budo.pegaacademy.net/prweb/api/CodeIntelligence/v1/rules/query?pxObjClass=Rule-HTML-Section&appliesTo=Rule-Declare-DecisionTable&pyRuleName=pzRuleFormParameters&RequestClass=Rule-HTML-Section&RequestAppliesTo=Rule-Declare-DecisionTable&RequestRuleName=pzRuleFormParameters Payload: "{\"RequestClass\":\"Rule-HTML-Section\",\"RequestAppliesTo\":\"Rule-Declare-DecisionTable\",\"RequestRuleName\":\"pzRuleFormParameters\"}" => HTTP 200 (73640 bytes)
[PegaHttpClient] 📡 POST https://zdk8budo.pegaacademy.net/prweb/api/CodeIntelligence/v1/rules/query?pxObjClass=Rule-HTML-Section&appliesTo=Rule-Declare-DecisionTable&pyRuleName=pzRuleFormPagesAndClasses&RequestClass=Rule-HTML-Section&RequestAppliesTo=Rule-Declare-DecisionTable&RequestRuleName=pzRuleFormPagesAndClasses Payload: "{\"RequestClass\":\"Rule-HTML-Section\",\"RequestAppliesTo\":\"Rule-Declare-DecisionTable\",\"RequestRuleName\":\"pzRuleFormPagesAndClasses\"}" => HTTP 200 (15991 bytes)
[PegaHttpClient] 📡 POST https://zdk8budo.pegaacademy.net/prweb/api/CodeIntelligence/v1/rules/query?pxObjClass=Rule-HTML-Section&appliesTo=Rule-Declare-DecisionTable&pyRuleName=pzTestCases&RequestClass=Rule-HTML-Section&RequestAppliesTo=Rule-Declare-DecisionTable&RequestRuleName=pzTestCases Payload: "{\"RequestClass\":\"Rule-HTML-Section\",\"RequestAppliesTo\":\"Rule-Declare-DecisionTable\",\"RequestRuleName\":\"pzTestCases\"}" => HTTP 200 (86599 bytes)
[PegaHttpClient] 📡 POST https://zdk8budo.pegaacademy.net/prweb/api/CodeIntelligence/v1/rules/query?pxObjClass=Rule-HTML-Section&appliesTo=Rule-Declare-DecisionTable&pyRuleName=pzUnitTestCases&RequestClass=Rule-HTML-Section&RequestAppliesTo=Rule-Declare-DecisionTable&RequestRuleName=pzUnitTestCases Payload: "{\"RequestClass\":\"Rule-HTML-Section\",\"RequestAppliesTo\":\"Rule-Declare-DecisionTable\",\"RequestRuleName\":\"pzUnitTestCases\"}" => HTTP 200 (285239 bytes)
[PegaHttpClient] 📡 POST https://zdk8budo.pegaacademy.net/prweb/api/CodeIntelligence/v1/rules/query?pxObjClass=Rule-HTML-Section&appliesTo=Rule-Declare-DecisionTable&pyRuleName=pzSpecifications&RequestClass=Rule-HTML-Section&RequestAppliesTo=Rule-Declare-DecisionTable&RequestRuleName=pzSpecifications Payload: "{\"RequestClass\":\"Rule-HTML-Section\",\"RequestAppliesTo\":\"Rule-Declare-DecisionTable\",\"RequestRuleName\":\"pzSpecifications\"}" => HTTP 200 (16577 bytes)
[PegaHttpClient] 📡 POST https://zdk8budo.pegaacademy.net/prweb/api/CodeIntelligence/v1/rules/query?pxObjClass=Rule-HTML-Section&appliesTo=Rule-Declare-DecisionTable&pyRuleName=RuleFormHistory&RequestClass=Rule-HTML-Section&RequestAppliesTo=Rule-Declare-DecisionTable&RequestRuleName=RuleFormHistory Payload: "{\"RequestClass\":\"Rule-HTML-Section\",\"RequestAppliesTo\":\"Rule-Declare-DecisionTable\",\"RequestRuleName\":\"RuleFormHistory\"}" => HTTP 200 (76091 bytes)
[PegaHttpClient] 📡 POST https://zdk8budo.pegaacademy.net/prweb/api/CodeIntelligence/v1/rules/query?pxObjClass=Rule-HTML-Section&appliesTo=Rule-Declare-DecisionTable&pyRuleName=pyCustomTab&RequestClass=Rule-HTML-Section&RequestAppliesTo=Rule-Declare-DecisionTable&RequestRuleName=pyCustomTab Payload: "{\"RequestClass\":\"Rule-HTML-Section\",\"RequestAppliesTo\":\"Rule-Declare-DecisionTable\",\"RequestRuleName\":\"pyCustomTab\"}" => HTTP 200 (14803 bytes)
[PegaHttpClient] 📡 POST https://zdk8budo.pegaacademy.net/prweb/api/CodeIntelligence/v1/rules/query?pxObjClass=Rule-HTML-Section&appliesTo=Rule-Declare-DecisionTable&pyRuleName=pzCustomHelp&RequestClass=Rule-HTML-Section&RequestAppliesTo=Rule-Declare-DecisionTable&RequestRuleName=pzCustomHelp Payload: "{\"RequestClass\":\"Rule-HTML-Section\",\"RequestAppliesTo\":\"Rule-Declare-DecisionTable\",\"RequestRuleName\":\"pzCustomHelp\"}" => HTTP 200 (31573 bytes)
[PegaHttpClient] 📡 POST https://zdk8budo.pegaacademy.net/prweb/api/CodeIntelligence/v1/rules/query?pxObjClass=Rule-HTML-Section&appliesTo=Rule-Declare-DecisionTable&pyRuleName=pzRuleFormKeysAndDescription&RequestClass=Rule-HTML-Section&RequestAppliesTo=Rule-Declare-DecisionTable&RequestRuleName=pzRuleFormKeysAndDescription Payload: "{\"RequestClass\":\"Rule-HTML-Section\",\"RequestAppliesTo\":\"Rule-Declare-DecisionTable\",\"RequestRuleName\":\"pzRuleFormKeysAndDescription\"}" => HTTP 200 (218057 bytes)
[PegaHttpClient] 📡 POST https://zdk8budo.pegaacademy.net/prweb/api/CodeIntelligence/v1/rules/query?pxObjClass=Rule-HTML-Section&appliesTo=Rule-Declare-DecisionTable&pyRuleName=pzRuleFormRuleset&RequestClass=Rule-HTML-Section&RequestAppliesTo=Rule-Declare-DecisionTable&RequestRuleName=pzRuleFormRuleset Payload: "{\"RequestClass\":\"Rule-HTML-Section\",\"RequestAppliesTo\":\"Rule-Declare-DecisionTable\",\"RequestRuleName\":\"pzRuleFormRuleset\"}" => HTTP 200 (33985 bytes)
[PegaHttpClient] 📡 POST https://zdk8budo.pegaacademy.net/prweb/api/CodeIntelligence/v1/rules/query?pxObjClass=Rule-HTML-Section&appliesTo=Rule-Declare-DecisionTable&pyRuleName=undefined&RequestClass=Rule-HTML-Section&RequestAppliesTo=Rule-Declare-DecisionTable&RequestRuleName=undefined Payload: "{\"RequestClass\":\"Rule-HTML-Section\",\"RequestAppliesTo\":\"Rule-Declare-DecisionTable\",\"RequestRuleName\":\"undefined\"}" => HTTP 404 (113 bytes)
[PegaHttpClient] 📡 POST https://zdk8budo.pegaacademy.net/prweb/PRRestService/CodeIntelligence/v1/rules/query?pxObjClass=Rule-HTML-Section&appliesTo=Rule-Declare-DecisionTable&pyRuleName=undefined&RequestClass=Rule-HTML-Section&RequestAppliesTo=Rule-Declare-DecisionTable&RequestRuleName=undefined Payload: "{\"RequestClass\":\"Rule-HTML-Section\",\"RequestAppliesTo\":\"Rule-Declare-DecisionTable\",\"RequestRuleName\":\"undefined\"}" => HTTP 404 (113 bytes)
[PegaHttpClient] 📡 POST https://zdk8budo.pegaacademy.net/prweb/api/HRAppsV2Service/V1/rules/query?pxObjClass=Rule-HTML-Section&appliesTo=Rule-Declare-DecisionTable&pyRuleName=undefined&RequestClass=Rule-HTML-Section&RequestAppliesTo=Rule-Declare-DecisionTable&RequestRuleName=undefined Payload: "{\"RequestClass\":\"Rule-HTML-Section\",\"RequestAppliesTo\":\"Rule-Declare-DecisionTable\",\"RequestRuleName\":\"undefined\"}" => HTTP 404 (18 bytes)
[PegaHttpClient] 📡 POST https://zdk8budo.pegaacademy.net/prweb/PRRestService/HRAppsV2Service/V1/rules/query?pxObjClass=Rule-HTML-Section&appliesTo=Rule-Declare-DecisionTable&pyRuleName=undefined&RequestClass=Rule-HTML-Section&RequestAppliesTo=Rule-Declare-DecisionTable&RequestRuleName=undefined Payload: "{\"RequestClass\":\"Rule-HTML-Section\",\"RequestAppliesTo\":\"Rule-Declare-DecisionTable\",\"RequestRuleName\":\"undefined\"}" => HTTP 404 (18 bytes)
[PegaHttpClient] 📡 POST https://zdk8budo.pegaacademy.net/prweb/api/HRAppsV2/V1/rules/query?pxObjClass=Rule-HTML-Section&appliesTo=Rule-Declare-DecisionTable&pyRuleName=undefined&RequestClass=Rule-HTML-Section&RequestAppliesTo=Rule-Declare-DecisionTable&RequestRuleName=undefined Payload: "{\"RequestClass\":\"Rule-HTML-Section\",\"RequestAppliesTo\":\"Rule-Declare-DecisionTable\",\"RequestRuleName\":\"undefined\"}" => HTTP 404 (18 bytes)
[PegaHttpClient] 📡 POST https://zdk8budo.pegaacademy.net/prweb/PRRestService/HRAppsV2/V1/rules/query?pxObjClass=Rule-HTML-Section&appliesTo=Rule-Declare-DecisionTable&pyRuleName=undefined&RequestClass=Rule-HTML-Section&RequestAppliesTo=Rule-Declare-DecisionTable&RequestRuleName=undefined Payload: "{\"RequestClass\":\"Rule-HTML-Section\",\"RequestAppliesTo\":\"Rule-Declare-DecisionTable\",\"RequestRuleName\":\"undefined\"}" => HTTP 404 (18 bytes)
[PegaHttpClient] 📡 POST https://zdk8budo.pegaacademy.net/prweb/api/v1/rules/query?pxObjClass=Rule-HTML-Section&appliesTo=Rule-Declare-DecisionTable&pyRuleName=undefined&RequestClass=Rule-HTML-Section&RequestAppliesTo=Rule-Declare-DecisionTable&RequestRuleName=undefined Payload: "{\"RequestClass\":\"Rule-HTML-Section\",\"RequestAppliesTo\":\"Rule-Declare-DecisionTable\",\"RequestRuleName\":\"undefined\"}" => HTTP 404 (18 bytes)
[PegaHttpClient] 📡 POST https://zdk8budo.pegaacademy.net/prweb/PRRestService/v1/rules/query?pxObjClass=Rule-HTML-Section&appliesTo=Rule-Declare-DecisionTable&pyRuleName=undefined&RequestClass=Rule-HTML-Section&RequestAppliesTo=Rule-Declare-DecisionTable&RequestRuleName=undefined Payload: "{\"RequestClass\":\"Rule-HTML-Section\",\"RequestAppliesTo\":\"Rule-Declare-DecisionTable\",\"RequestRuleName\":\"undefined\"}" => HTTP 404 (18 bytes)
[PegaHttpClient] 📡 POST https://zdk8budo.pegaacademy.net/prweb/api/CodeIntelligence/v1/rules/query?pxObjClass=Rule-HTML-Section&appliesTo=Rule-Declare-DecisionTable&pyRuleName=pzRuleFormToolbar&RequestClass=Rule-HTML-Section&RequestAppliesTo=Rule-Declare-DecisionTable&RequestRuleName=pzRuleFormToolbar Payload: "{\"RequestClass\":\"Rule-HTML-Section\",\"RequestAppliesTo\":\"Rule-Declare-DecisionTable\",\"RequestRuleName\":\"pzRuleFormToolbar\"}" => HTTP 200 (242691 bytes)
[PegaHttpClient] 📡 POST https://zdk8budo.pegaacademy.net/prweb/api/CodeIntelligence/v1/rules/query?pxObjClass=Rule-HTML-Section&appliesTo=Rule-Declare-DecisionTable&pyRuleName=pzRuleFormToolbarCompare&RequestClass=Rule-HTML-Section&RequestAppliesTo=Rule-Declare-DecisionTable&RequestRuleName=pzRuleFormToolbarCompare Payload: "{\"RequestClass\":\"Rule-HTML-Section\",\"RequestAppliesTo\":\"Rule-Declare-DecisionTable\",\"RequestRuleName\":\"pzRuleFormToolbarCompare\"}" => HTTP 200 (61925 bytes)
[PegaHttpClient] 📡 POST https://zdk8budo.pegaacademy.net/prweb/api/CodeIntelligence/v1/rules/query?pxObjClass=Rule-HTML-Section&appliesTo=Rule-Declare-DecisionTable&pyRuleName=RuleFormHeaderMessages&RequestClass=Rule-HTML-Section&RequestAppliesTo=Rule-Declare-DecisionTable&RequestRuleName=RuleFormHeaderMessages Payload: "{\"RequestClass\":\"Rule-HTML-Section\",\"RequestAppliesTo\":\"Rule-Declare-DecisionTable\",\"RequestRuleName\":\"RuleFormHeaderMessages\"}" => HTTP 200 (26518 bytes)
[PegaHttpClient] 📡 POST https://zdk8budo.pegaacademy.net/prweb/api/CodeIntelligence/v1/rules/query?pxObjClass=Rule-HTML-Section&appliesTo=Rule-Declare-DecisionTable&pyRuleName=pzDecisionTable&RequestClass=Rule-HTML-Section&RequestAppliesTo=Rule-Declare-DecisionTable&RequestRuleName=pzDecisionTable Payload: "{\"RequestClass\":\"Rule-HTML-Section\",\"RequestAppliesTo\":\"Rule-Declare-DecisionTable\",\"RequestRuleName\":\"pzDecisionTable\"}" => HTTP 200 (49890 bytes)
[PegaHttpClient] 📡 POST https://zdk8budo.pegaacademy.net/prweb/api/CodeIntelligence/v1/rules/query?pxObjClass=Rule-HTML-Section&appliesTo=Rule-Declare-DecisionTable&pyRuleName=pzDecisionTableResultsOptions&RequestClass=Rule-HTML-Section&RequestAppliesTo=Rule-Declare-DecisionTable&RequestRuleName=pzDecisionTableResultsOptions Payload: "{\"RequestClass\":\"Rule-HTML-Section\",\"RequestAppliesTo\":\"Rule-Declare-DecisionTable\",\"RequestRuleName\":\"pzDecisionTableResultsOptions\"}" => HTTP 200 (24900 bytes)
[PegaHttpClient] 📡 POST https://zdk8budo.pegaacademy.net/prweb/api/CodeIntelligence/v1/rules/query?pxObjClass=Rule-HTML-Section&appliesTo=Rule-Declare-DecisionTable&pyRuleName=pzResults&RequestClass=Rule-HTML-Section&RequestAppliesTo=Rule-Declare-DecisionTable&RequestRuleName=pzResults Payload: "{\"RequestClass\":\"Rule-HTML-Section\",\"RequestAppliesTo\":\"Rule-Declare-DecisionTable\",\"RequestRuleName\":\"pzResults\"}" => HTTP 200 (19375 bytes)
[PegaHttpClient] 📡 POST https://zdk8budo.pegaacademy.net/prweb/api/CodeIntelligence/v1/rules/query?pxObjClass=Rule-HTML-Section&appliesTo=Rule-Declare-DecisionTable&pyRuleName=RuleFormPagesAndClassesNoMode&RequestClass=Rule-HTML-Section&RequestAppliesTo=Rule-Declare-DecisionTable&RequestRuleName=RuleFormPagesAndClassesNoMode Payload: "{\"RequestClass\":\"Rule-HTML-Section\",\"RequestAppliesTo\":\"Rule-Declare-DecisionTable\",\"RequestRuleName\":\"RuleFormPagesAndClassesNoMode\"}" => HTTP 200 (64965 bytes)
[PegaHttpClient] 📡 POST https://zdk8budo.pegaacademy.net/prweb/api/CodeIntelligence/v1/rules/query?pxObjClass=Rule-HTML-Section&appliesTo=Rule-Declare-DecisionTable&pyRuleName=pzOldAUTWarningMessage&RequestClass=Rule-HTML-Section&RequestAppliesTo=Rule-Declare-DecisionTable&RequestRuleName=pzOldAUTWarningMessage Payload: "{\"RequestClass\":\"Rule-HTML-Section\",\"RequestAppliesTo\":\"Rule-Declare-DecisionTable\",\"RequestRuleName\":\"pzOldAUTWarningMessage\"}" => HTTP 200 (42077 bytes)
[PegaHttpClient] 📡 POST https://zdk8budo.pegaacademy.net/prweb/api/CodeIntelligence/v1/rules/query?pxObjClass=Rule-HTML-Section&appliesTo=Rule-Declare-DecisionTable&pyRuleName=pzRFSelectAllTestCases&RequestClass=Rule-HTML-Section&RequestAppliesTo=Rule-Declare-DecisionTable&RequestRuleName=pzRFSelectAllTestCases Payload: "{\"RequestClass\":\"Rule-HTML-Section\",\"RequestAppliesTo\":\"Rule-Declare-DecisionTable\",\"RequestRuleName\":\"pzRFSelectAllTestCases\"}" => HTTP 200 (83585 bytes)
[PegaHttpClient] 📡 POST https://zdk8budo.pegaacademy.net/prweb/api/CodeIntelligence/v1/rules/query?pxObjClass=Rule-HTML-Section&appliesTo=Rule-Declare-DecisionTable&pyRuleName=pzRFProgressbarWrapper&RequestClass=Rule-HTML-Section&RequestAppliesTo=Rule-Declare-DecisionTable&RequestRuleName=pzRFProgressbarWrapper Payload: "{\"RequestClass\":\"Rule-HTML-Section\",\"RequestAppliesTo\":\"Rule-Declare-DecisionTable\",\"RequestRuleName\":\"pzRFProgressbarWrapper\"}" => HTTP 200 (17204 bytes)
[PegaHttpClient] 📡 POST https://zdk8budo.pegaacademy.net/prweb/api/CodeIntelligence/v1/rules/query?pxObjClass=Rule-HTML-Section&appliesTo=Rule-Declare-DecisionTable&pyRuleName=pzRFRunSelected&RequestClass=Rule-HTML-Section&RequestAppliesTo=Rule-Declare-DecisionTable&RequestRuleName=pzRFRunSelected Payload: "{\"RequestClass\":\"Rule-HTML-Section\",\"RequestAppliesTo\":\"Rule-Declare-DecisionTable\",\"RequestRuleName\":\"pzRFRunSelected\"}" => HTTP 200 (19863 bytes)
[PegaHttpClient] 📡 POST https://zdk8budo.pegaacademy.net/prweb/api/CodeIntelligence/v1/rules/query?pxObjClass=Rule-HTML-Section&appliesTo=Rule-Declare-DecisionTable&pyRuleName=pzRuleSpecificButtons&RequestClass=Rule-HTML-Section&RequestAppliesTo=Rule-Declare-DecisionTable&RequestRuleName=pzRuleSpecificButtons Payload: "{\"RequestClass\":\"Rule-HTML-Section\",\"RequestAppliesTo\":\"Rule-Declare-DecisionTable\",\"RequestRuleName\":\"pzRuleSpecificButtons\"}" => HTTP 200 (15181 bytes)
[PegaHttpClient] 📡 POST https://zdk8budo.pegaacademy.net/prweb/api/CodeIntelligence/v1/rules/query?pxObjClass=Rule-HTML-Section&appliesTo=Rule-Declare-DecisionTable&pyRuleName=pzRFSelectATest&RequestClass=Rule-HTML-Section&RequestAppliesTo=Rule-Declare-DecisionTable&RequestRuleName=pzRFSelectATest Payload: "{\"RequestClass\":\"Rule-HTML-Section\",\"RequestAppliesTo\":\"Rule-Declare-DecisionTable\",\"RequestRuleName\":\"pzRFSelectATest\"}" => HTTP 200 (23363 bytes)
[PegaHttpClient] 📡 POST https://zdk8budo.pegaacademy.net/prweb/api/CodeIntelligence/v1/rules/query?pxObjClass=Rule-HTML-Section&appliesTo=Rule-Declare-DecisionTable&pyRuleName=pzTestCaseRunTimeWrapperLP&RequestClass=Rule-HTML-Section&RequestAppliesTo=Rule-Declare-DecisionTable&RequestRuleName=pzTestCaseRunTimeWrapperLP Payload: "{\"RequestClass\":\"Rule-HTML-Section\",\"RequestAppliesTo\":\"Rule-Declare-DecisionTable\",\"RequestRuleName\":\"pzTestCaseRunTimeWrapperLP\"}" => HTTP 200 (19734 bytes)
[PegaHttpClient] 📡 POST https://zdk8budo.pegaacademy.net/prweb/api/CodeIntelligence/v1/rules/query?pxObjClass=Rule-HTML-Section&appliesTo=Rule-Declare-DecisionTable&pyRuleName=pzShowRunAndExpectedTimeWrapper&RequestClass=Rule-HTML-Section&RequestAppliesTo=Rule-Declare-DecisionTable&RequestRuleName=pzShowRunAndExpectedTimeWrapper Payload: "{\"RequestClass\":\"Rule-HTML-Section\",\"RequestAppliesTo\":\"Rule-Declare-DecisionTable\",\"RequestRuleName\":\"pzShowRunAndExpectedTimeWrapper\"}" => HTTP 200 (30204 bytes)
[PegaHttpClient] 📡 POST https://zdk8budo.pegaacademy.net/prweb/api/CodeIntelligence/v1/rules/query?pxObjClass=Rule-HTML-Section&appliesTo=Rule-Declare-DecisionTable&pyRuleName=pzTestCaseRunStatusWrapperLP&RequestClass=Rule-HTML-Section&RequestAppliesTo=Rule-Declare-DecisionTable&RequestRuleName=pzTestCaseRunStatusWrapperLP Payload: "{\"RequestClass\":\"Rule-HTML-Section\",\"RequestAppliesTo\":\"Rule-Declare-DecisionTable\",\"RequestRuleName\":\"pzTestCaseRunStatusWrapperLP\"}" => HTTP 200 (56140 bytes)
[PegaHttpClient] 📡 POST https://zdk8budo.pegaacademy.net/prweb/api/CodeIntelligence/v1/rules/query?pxObjClass=Rule-HTML-Section&appliesTo=Rule-Declare-DecisionTable&pyRuleName=pzSpecificationsInner&RequestClass=Rule-HTML-Section&RequestAppliesTo=Rule-Declare-DecisionTable&RequestRuleName=pzSpecificationsInner Payload: "{\"RequestClass\":\"Rule-HTML-Section\",\"RequestAppliesTo\":\"Rule-Declare-DecisionTable\",\"RequestRuleName\":\"pzSpecificationsInner\"}" => HTTP 200 (142370 bytes)
[PegaHttpClient] 📡 POST https://zdk8budo.pegaacademy.net/prweb/api/CodeIntelligence/v1/rules/query?pxObjClass=Rule-HTML-Section&appliesTo=Rule-Declare-DecisionTable&pyRuleName=pzAlternateRuleInfo&RequestClass=Rule-HTML-Section&RequestAppliesTo=Rule-Declare-DecisionTable&RequestRuleName=pzAlternateRuleInfo Payload: "{\"RequestClass\":\"Rule-HTML-Section\",\"RequestAppliesTo\":\"Rule-Declare-DecisionTable\",\"RequestRuleName\":\"pzAlternateRuleInfo\"}" => HTTP 200 (140407 bytes)
[PegaHttpClient] 📡 POST https://zdk8budo.pegaacademy.net/prweb/api/CodeIntelligence/v1/rules/query?pxObjClass=Rule-HTML-Section&appliesTo=Rule-Declare-DecisionTable&pyRuleName=RuleFormHistory_Description&RequestClass=Rule-HTML-Section&RequestAppliesTo=Rule-Declare-DecisionTable&RequestRuleName=RuleFormHistory_Description Payload: "{\"RequestClass\":\"Rule-HTML-Section\",\"RequestAppliesTo\":\"Rule-Declare-DecisionTable\",\"RequestRuleName\":\"RuleFormHistory_Description\"}" => HTTP 200 (46242 bytes)
[PegaHttpClient] 📡 POST https://zdk8budo.pegaacademy.net/prweb/api/CodeIntelligence/v1/rules/query?pxObjClass=Rule-HTML-Section&appliesTo=Rule-Declare-DecisionTable&pyRuleName=RuleFormHistory_CustomFields&RequestClass=Rule-HTML-Section&RequestAppliesTo=Rule-Declare-DecisionTable&RequestRuleName=RuleFormHistory_CustomFields Payload: "{\"RequestClass\":\"Rule-HTML-Section\",\"RequestAppliesTo\":\"Rule-Declare-DecisionTable\",\"RequestRuleName\":\"RuleFormHistory_CustomFields\"}" => HTTP 200 (75856 bytes)
[PegaHttpClient] 📡 POST https://zdk8budo.pegaacademy.net/prweb/api/CodeIntelligence/v1/rules/query?pxObjClass=Rule-HTML-Section&appliesTo=Rule-Declare-DecisionTable&pyRuleName=RuleFormHistory_HistoryDetails&RequestClass=Rule-HTML-Section&RequestAppliesTo=Rule-Declare-DecisionTable&RequestRuleName=RuleFormHistory_HistoryDetails Payload: "{\"RequestClass\":\"Rule-HTML-Section\",\"RequestAppliesTo\":\"Rule-Declare-DecisionTable\",\"RequestRuleName\":\"RuleFormHistory_HistoryDetails\"}" => HTTP 200 (179535 bytes)
[PegaHttpClient] 📡 POST https://zdk8budo.pegaacademy.net/prweb/api/CodeIntelligence/v1/rules/query?pxObjClass=Rule-HTML-Section&appliesTo=Rule-Declare-DecisionTable&pyRuleName=pzRuleFormStatus&RequestClass=Rule-HTML-Section&RequestAppliesTo=Rule-Declare-DecisionTable&RequestRuleName=pzRuleFormStatus Payload: "{\"RequestClass\":\"Rule-HTML-Section\",\"RequestAppliesTo\":\"Rule-Declare-DecisionTable\",\"RequestRuleName\":\"pzRuleFormStatus\"}" => HTTP 200 (97627 bytes)
[PegaHttpClient] 📡 POST https://zdk8budo.pegaacademy.net/prweb/api/CodeIntelligence/v1/rules/query?pxObjClass=Rule-HTML-Section&appliesTo=Rule-Declare-DecisionTable&pyRuleName=pzRuleFormHeaderCompareWithDropDown&RequestClass=Rule-HTML-Section&RequestAppliesTo=Rule-Declare-DecisionTable&RequestRuleName=pzRuleFormHeaderCompareWithDropDown Payload: "{\"RequestClass\":\"Rule-HTML-Section\",\"RequestAppliesTo\":\"Rule-Declare-DecisionTable\",\"RequestRuleName\":\"pzRuleFormHeaderCompareWithDropDown\"}" => HTTP 200 (25396 bytes)
[PegaHttpClient] 📡 POST https://zdk8budo.pegaacademy.net/prweb/api/CodeIntelligence/v1/rules/query?pxObjClass=Rule-HTML-Section&appliesTo=Rule-Declare-DecisionTable&pyRuleName=undefined&RequestClass=Rule-HTML-Section&RequestAppliesTo=Rule-Declare-DecisionTable&RequestRuleName=undefined Payload: "{\"RequestClass\":\"Rule-HTML-Section\",\"RequestAppliesTo\":\"Rule-Declare-DecisionTable\",\"RequestRuleName\":\"undefined\"}" => HTTP 404 (113 bytes)
[PegaHttpClient] 📡 POST https://zdk8budo.pegaacademy.net/prweb/PRRestService/CodeIntelligence/v1/rules/query?pxObjClass=Rule-HTML-Section&appliesTo=Rule-Declare-DecisionTable&pyRuleName=undefined&RequestClass=Rule-HTML-Section&RequestAppliesTo=Rule-Declare-DecisionTable&RequestRuleName=undefined Payload: "{\"RequestClass\":\"Rule-HTML-Section\",\"RequestAppliesTo\":\"Rule-Declare-DecisionTable\",\"RequestRuleName\":\"undefined\"}" => HTTP 404 (113 bytes)
[PegaHttpClient] 📡 POST https://zdk8budo.pegaacademy.net/prweb/api/HRAppsV2Service/V1/rules/query?pxObjClass=Rule-HTML-Section&appliesTo=Rule-Declare-DecisionTable&pyRuleName=undefined&RequestClass=Rule-HTML-Section&RequestAppliesTo=Rule-Declare-DecisionTable&RequestRuleName=undefined Payload: "{\"RequestClass\":\"Rule-HTML-Section\",\"RequestAppliesTo\":\"Rule-Declare-DecisionTable\",\"RequestRuleName\":\"undefined\"}" => HTTP 404 (18 bytes)
[PegaHttpClient] 📡 POST https://zdk8budo.pegaacademy.net/prweb/PRRestService/HRAppsV2Service/V1/rules/query?pxObjClass=Rule-HTML-Section&appliesTo=Rule-Declare-DecisionTable&pyRuleName=undefined&RequestClass=Rule-HTML-Section&RequestAppliesTo=Rule-Declare-DecisionTable&RequestRuleName=undefined Payload: "{\"RequestClass\":\"Rule-HTML-Section\",\"RequestAppliesTo\":\"Rule-Declare-DecisionTable\",\"RequestRuleName\":\"undefined\"}" => HTTP 404 (18 bytes)
[PegaHttpClient] 📡 POST https://zdk8budo.pegaacademy.net/prweb/api/HRAppsV2/V1/rules/query?pxObjClass=Rule-HTML-Section&appliesTo=Rule-Declare-DecisionTable&pyRuleName=undefined&RequestClass=Rule-HTML-Section&RequestAppliesTo=Rule-Declare-DecisionTable&RequestRuleName=undefined Payload: "{\"RequestClass\":\"Rule-HTML-Section\",\"RequestAppliesTo\":\"Rule-Declare-DecisionTable\",\"RequestRuleName\":\"undefined\"}" => HTTP 404 (18 bytes)
[PegaHttpClient] 📡 POST https://zdk8budo.pegaacademy.net/prweb/PRRestService/HRAppsV2/V1/rules/query?pxObjClass=Rule-HTML-Section&appliesTo=Rule-Declare-DecisionTable&pyRuleName=undefined&RequestClass=Rule-HTML-Section&RequestAppliesTo=Rule-Declare-DecisionTable&RequestRuleName=undefined Payload: "{\"RequestClass\":\"Rule-HTML-Section\",\"RequestAppliesTo\":\"Rule-Declare-DecisionTable\",\"RequestRuleName\":\"undefined\"}" => HTTP 404 (18 bytes)
[PegaHttpClient] 📡 POST https://zdk8budo.pegaacademy.net/prweb/api/v1/rules/query?pxObjClass=Rule-HTML-Section&appliesTo=Rule-Declare-DecisionTable&pyRuleName=undefined&RequestClass=Rule-HTML-Section&RequestAppliesTo=Rule-Declare-DecisionTable&RequestRuleName=undefined Payload: "{\"RequestClass\":\"Rule-HTML-Section\",\"RequestAppliesTo\":\"Rule-Declare-DecisionTable\",\"RequestRuleName\":\"undefined\"}" => HTTP 404 (18 bytes)
[PegaHttpClient] 📡 POST https://zdk8budo.pegaacademy.net/prweb/PRRestService/v1/rules/query?pxObjClass=Rule-HTML-Section&appliesTo=Rule-Declare-DecisionTable&pyRuleName=undefined&RequestClass=Rule-HTML-Section&RequestAppliesTo=Rule-Declare-DecisionTable&RequestRuleName=undefined Payload: "{\"RequestClass\":\"Rule-HTML-Section\",\"RequestAppliesTo\":\"Rule-Declare-DecisionTable\",\"RequestRuleName\":\"undefined\"}" => HTTP 404 (18 bytes)
[PegaHttpClient] 📡 POST https://zdk8budo.pegaacademy.net/prweb/api/CodeIntelligence/v1/rules/query?pxObjClass=Rule-HTML-Section&appliesTo=Rule-Declare-DecisionTable&pyRuleName=pzRuleFormToolbarHotKeys&RequestClass=Rule-HTML-Section&RequestAppliesTo=Rule-Declare-DecisionTable&RequestRuleName=pzRuleFormToolbarHotKeys Payload: "{\"RequestClass\":\"Rule-HTML-Section\",\"RequestAppliesTo\":\"Rule-Declare-DecisionTable\",\"RequestRuleName\":\"pzRuleFormToolbarHotKeys\"}" => HTTP 200 (85058 bytes)
[PegaHttpClient] 📡 POST https://zdk8budo.pegaacademy.net/prweb/api/CodeIntelligence/v1/rules/query?pxObjClass=Rule-HTML-Section&appliesTo=Rule-Declare-DecisionTable&pyRuleName=pzRuleFormToolbarLockedIcon&RequestClass=Rule-HTML-Section&RequestAppliesTo=Rule-Declare-DecisionTable&RequestRuleName=pzRuleFormToolbarLockedIcon Payload: "{\"RequestClass\":\"Rule-HTML-Section\",\"RequestAppliesTo\":\"Rule-Declare-DecisionTable\",\"RequestRuleName\":\"pzRuleFormToolbarLockedIcon\"}" => HTTP 200 (24898 bytes)
[PegaHttpClient] 📡 POST https://zdk8budo.pegaacademy.net/prweb/api/CodeIntelligence/v1/rules/query?pxObjClass=Rule-HTML-Section&appliesTo=Rule-Declare-DecisionTable&pyRuleName=pzRuleFormToolbarCollaborators&RequestClass=Rule-HTML-Section&RequestAppliesTo=Rule-Declare-DecisionTable&RequestRuleName=pzRuleFormToolbarCollaborators Payload: "{\"RequestClass\":\"Rule-HTML-Section\",\"RequestAppliesTo\":\"Rule-Declare-DecisionTable\",\"RequestRuleName\":\"pzRuleFormToolbarCollaborators\"}" => HTTP 200 (15254 bytes)
[PegaHttpClient] 📡 POST https://zdk8budo.pegaacademy.net/prweb/api/CodeIntelligence/v1/rules/query?pxObjClass=Rule-HTML-Section&appliesTo=Rule-Declare-DecisionTable&pyRuleName=pzRuleFormToolbarSaveAs&RequestClass=Rule-HTML-Section&RequestAppliesTo=Rule-Declare-DecisionTable&RequestRuleName=pzRuleFormToolbarSaveAs Payload: "{\"RequestClass\":\"Rule-HTML-Section\",\"RequestAppliesTo\":\"Rule-Declare-DecisionTable\",\"RequestRuleName\":\"pzRuleFormToolbarSaveAs\"}" => HTTP 200 (64084 bytes)
[PegaHttpClient] 📡 POST https://zdk8budo.pegaacademy.net/prweb/api/CodeIntelligence/v1/rules/query?pxObjClass=Rule-HTML-Section&appliesTo=Rule-Declare-DecisionTable&pyRuleName=pzRuleFormToolbarCheckin&RequestClass=Rule-HTML-Section&RequestAppliesTo=Rule-Declare-DecisionTable&RequestRuleName=pzRuleFormToolbarCheckin Payload: "{\"RequestClass\":\"Rule-HTML-Section\",\"RequestAppliesTo\":\"Rule-Declare-DecisionTable\",\"RequestRuleName\":\"pzRuleFormToolbarCheckin\"}" => HTTP 200 (119096 bytes)
[PegaHttpClient] 📡 POST https://zdk8budo.pegaacademy.net/prweb/api/CodeIntelligence/v1/rules/query?pxObjClass=Rule-HTML-Section&appliesTo=Rule-Declare-DecisionTable&pyRuleName=pzRuleFormToolbarDelete&RequestClass=Rule-HTML-Section&RequestAppliesTo=Rule-Declare-DecisionTable&RequestRuleName=pzRuleFormToolbarDelete Payload: "{\"RequestClass\":\"Rule-HTML-Section\",\"RequestAppliesTo\":\"Rule-Declare-DecisionTable\",\"RequestRuleName\":\"pzRuleFormToolbarDelete\"}" => HTTP 200 (30249 bytes)
[PegaHttpClient] 📡 POST https://zdk8budo.pegaacademy.net/prweb/api/CodeIntelligence/v1/rules/query?pxObjClass=Rule-HTML-Section&appliesTo=Rule-Declare-DecisionTable&pyRuleName=pzRuleFormToolbarSave&RequestClass=Rule-HTML-Section&RequestAppliesTo=Rule-Declare-DecisionTable&RequestRuleName=pzRuleFormToolbarSave Payload: "{\"RequestClass\":\"Rule-HTML-Section\",\"RequestAppliesTo\":\"Rule-Declare-DecisionTable\",\"RequestRuleName\":\"pzRuleFormToolbarSave\"}" => HTTP 200 (293885 bytes)
[PegaHttpClient] 📡 POST https://zdk8budo.pegaacademy.net/prweb/api/CodeIntelligence/v1/rules/query?pxObjClass=Rule-HTML-Section&appliesTo=Rule-Declare-DecisionTable&pyRuleName=pzRuleFormToolbarCheckout&RequestClass=Rule-HTML-Section&RequestAppliesTo=Rule-Declare-DecisionTable&RequestRuleName=pzRuleFormToolbarCheckout Payload: "{\"RequestClass\":\"Rule-HTML-Section\",\"RequestAppliesTo\":\"Rule-Declare-DecisionTable\",\"RequestRuleName\":\"pzRuleFormToolbarCheckout\"}" => HTTP 200 (238148 bytes)
[PegaHttpClient] 📡 POST https://zdk8budo.pegaacademy.net/prweb/api/CodeIntelligence/v1/rules/query?pxObjClass=Rule-HTML-Section&appliesTo=Rule-Declare-DecisionTable&pyRuleName=pzRemoveErrorsDataPage&RequestClass=Rule-HTML-Section&RequestAppliesTo=Rule-Declare-DecisionTable&RequestRuleName=pzRemoveErrorsDataPage Payload: "{\"RequestClass\":\"Rule-HTML-Section\",\"RequestAppliesTo\":\"Rule-Declare-DecisionTable\",\"RequestRuleName\":\"pzRemoveErrorsDataPage\"}" => HTTP 200 (16733 bytes)
[PegaHttpClient] 📡 POST https://zdk8budo.pegaacademy.net/prweb/api/CodeIntelligence/v1/rules/query?pxObjClass=Rule-HTML-Section&appliesTo=Rule-Declare-DecisionTable&pyRuleName=pzRuleFormHeaderMessagesWrapper&RequestClass=Rule-HTML-Section&RequestAppliesTo=Rule-Declare-DecisionTable&RequestRuleName=pzRuleFormHeaderMessagesWrapper Payload: "{\"RequestClass\":\"Rule-HTML-Section\",\"RequestAppliesTo\":\"Rule-Declare-DecisionTable\",\"RequestRuleName\":\"pzRuleFormHeaderMessagesWrapper\"}" => HTTP 200 (16981 bytes)
[PegaHttpClient] 📡 POST https://zdk8budo.pegaacademy.net/prweb/api/CodeIntelligence/v1/rules/query?pxObjClass=Rule-HTML-Section&appliesTo=Rule-Declare-DecisionTable&pyRuleName=pzRedirectRules&RequestClass=Rule-HTML-Section&RequestAppliesTo=Rule-Declare-DecisionTable&RequestRuleName=pzRedirectRules Payload: "{\"RequestClass\":\"Rule-HTML-Section\",\"RequestAppliesTo\":\"Rule-Declare-DecisionTable\",\"RequestRuleName\":\"pzRedirectRules\"}" => HTTP 200 (63796 bytes)
[PegaHttpClient] 📡 POST https://zdk8budo.pegaacademy.net/prweb/api/CodeIntelligence/v1/rules/query?pxObjClass=Rule-HTML-Section&appliesTo=Rule-Declare-DecisionTable&pyRuleName=pzDecisionTableOptions&RequestClass=Rule-HTML-Section&RequestAppliesTo=Rule-Declare-DecisionTable&RequestRuleName=pzDecisionTableOptions Payload: "{\"RequestClass\":\"Rule-HTML-Section\",\"RequestAppliesTo\":\"Rule-Declare-DecisionTable\",\"RequestRuleName\":\"pzDecisionTableOptions\"}" => HTTP 200 (17647 bytes)
[PegaHttpClient] 📡 POST https://zdk8budo.pegaacademy.net/prweb/api/CodeIntelligence/v1/rules/query?pxObjClass=Rule-HTML-Section&appliesTo=Rule-Declare-DecisionTable&pyRuleName=pzAllowedResults&RequestClass=Rule-HTML-Section&RequestAppliesTo=Rule-Declare-DecisionTable&RequestRuleName=pzAllowedResults Payload: "{\"RequestClass\":\"Rule-HTML-Section\",\"RequestAppliesTo\":\"Rule-Declare-DecisionTable\",\"RequestRuleName\":\"pzAllowedResults\"}" => HTTP 200 (51232 bytes)
[PegaHttpClient] 📡 POST https://zdk8budo.pegaacademy.net/prweb/api/CodeIntelligence/v1/rules/query?pxObjClass=Rule-HTML-Section&appliesTo=Rule-Declare-DecisionTable&pyRuleName=pzPagesAndClassesScriptNoMode&RequestClass=Rule-HTML-Section&RequestAppliesTo=Rule-Declare-DecisionTable&RequestRuleName=pzPagesAndClassesScriptNoMode Payload: "{\"RequestClass\":\"Rule-HTML-Section\",\"RequestAppliesTo\":\"Rule-Declare-DecisionTable\",\"RequestRuleName\":\"pzPagesAndClassesScriptNoMode\"}" => HTTP 200 (25452 bytes)
[PegaHttpClient] 📡 POST https://zdk8budo.pegaacademy.net/prweb/api/CodeIntelligence/v1/rules/query?pxObjClass=Rule-HTML-Section&appliesTo=Rule-Declare-DecisionTable&pyRuleName=pzViewTestCases&RequestClass=Rule-HTML-Section&RequestAppliesTo=Rule-Declare-DecisionTable&RequestRuleName=pzViewTestCases Payload: "{\"RequestClass\":\"Rule-HTML-Section\",\"RequestAppliesTo\":\"Rule-Declare-DecisionTable\",\"RequestRuleName\":\"pzViewTestCases\"}" => HTTP 404 (119 bytes)
[PegaHttpClient] 📡 POST https://zdk8budo.pegaacademy.net/prweb/PRRestService/CodeIntelligence/v1/rules/query?pxObjClass=Rule-HTML-Section&appliesTo=Rule-Declare-DecisionTable&pyRuleName=pzViewTestCases&RequestClass=Rule-HTML-Section&RequestAppliesTo=Rule-Declare-DecisionTable&RequestRuleName=pzViewTestCases Payload: "{\"RequestClass\":\"Rule-HTML-Section\",\"RequestAppliesTo\":\"Rule-Declare-DecisionTable\",\"RequestRuleName\":\"pzViewTestCases\"}" => HTTP 404 (119 bytes)
[PegaHttpClient] 📡 POST https://zdk8budo.pegaacademy.net/prweb/api/HRAppsV2Service/V1/rules/query?pxObjClass=Rule-HTML-Section&appliesTo=Rule-Declare-DecisionTable&pyRuleName=pzViewTestCases&RequestClass=Rule-HTML-Section&RequestAppliesTo=Rule-Declare-DecisionTable&RequestRuleName=pzViewTestCases Payload: "{\"RequestClass\":\"Rule-HTML-Section\",\"RequestAppliesTo\":\"Rule-Declare-DecisionTable\",\"RequestRuleName\":\"pzViewTestCases\"}" => HTTP 404 (18 bytes)
[PegaHttpClient] 📡 POST https://zdk8budo.pegaacademy.net/prweb/PRRestService/HRAppsV2Service/V1/rules/query?pxObjClass=Rule-HTML-Section&appliesTo=Rule-Declare-DecisionTable&pyRuleName=pzViewTestCases&RequestClass=Rule-HTML-Section&RequestAppliesTo=Rule-Declare-DecisionTable&RequestRuleName=pzViewTestCases Payload: "{\"RequestClass\":\"Rule-HTML-Section\",\"RequestAppliesTo\":\"Rule-Declare-DecisionTable\",\"RequestRuleName\":\"pzViewTestCases\"}" => HTTP 404 (18 bytes)
[PegaHttpClient] 📡 POST https://zdk8budo.pegaacademy.net/prweb/api/HRAppsV2/V1/rules/query?pxObjClass=Rule-HTML-Section&appliesTo=Rule-Declare-DecisionTable&pyRuleName=pzViewTestCases&RequestClass=Rule-HTML-Section&RequestAppliesTo=Rule-Declare-DecisionTable&RequestRuleName=pzViewTestCases Payload: "{\"RequestClass\":\"Rule-HTML-Section\",\"RequestAppliesTo\":\"Rule-Declare-DecisionTable\",\"RequestRuleName\":\"pzViewTestCases\"}" => HTTP 404 (18 bytes)
[PegaHttpClient] 📡 POST https://zdk8budo.pegaacademy.net/prweb/PRRestService/HRAppsV2/V1/rules/query?pxObjClass=Rule-HTML-Section&appliesTo=Rule-Declare-DecisionTable&pyRuleName=pzViewTestCases&RequestClass=Rule-HTML-Section&RequestAppliesTo=Rule-Declare-DecisionTable&RequestRuleName=pzViewTestCases Payload: "{\"RequestClass\":\"Rule-HTML-Section\",\"RequestAppliesTo\":\"Rule-Declare-DecisionTable\",\"RequestRuleName\":\"pzViewTestCases\"}" => HTTP 404 (18 bytes)
[PegaHttpClient] 📡 POST https://zdk8budo.pegaacademy.net/prweb/api/v1/rules/query?pxObjClass=Rule-HTML-Section&appliesTo=Rule-Declare-DecisionTable&pyRuleName=pzViewTestCases&RequestClass=Rule-HTML-Section&RequestAppliesTo=Rule-Declare-DecisionTable&RequestRuleName=pzViewTestCases Payload: "{\"RequestClass\":\"Rule-HTML-Section\",\"RequestAppliesTo\":\"Rule-Declare-DecisionTable\",\"RequestRuleName\":\"pzViewTestCases\"}" => HTTP 404 (18 bytes)
[PegaHttpClient] 📡 POST https://zdk8budo.pegaacademy.net/prweb/PRRestService/v1/rules/query?pxObjClass=Rule-HTML-Section&appliesTo=Rule-Declare-DecisionTable&pyRuleName=pzViewTestCases&RequestClass=Rule-HTML-Section&RequestAppliesTo=Rule-Declare-DecisionTable&RequestRuleName=pzViewTestCases Payload: "{\"RequestClass\":\"Rule-HTML-Section\",\"RequestAppliesTo\":\"Rule-Declare-DecisionTable\",\"RequestRuleName\":\"pzViewTestCases\"}" => HTTP 404 (18 bytes)
[PegaHttpClient] 📡 POST https://zdk8budo.pegaacademy.net/prweb/api/CodeIntelligence/v1/rules/query?pxObjClass=Rule-HTML-Section&appliesTo=Rule-Declare-DecisionTable&pyRuleName=pzRunSelected&RequestClass=Rule-HTML-Section&RequestAppliesTo=Rule-Declare-DecisionTable&RequestRuleName=pzRunSelected Payload: "{\"RequestClass\":\"Rule-HTML-Section\",\"RequestAppliesTo\":\"Rule-Declare-DecisionTable\",\"RequestRuleName\":\"pzRunSelected\"}" => HTTP 404 (117 bytes)
[PegaHttpClient] 📡 POST https://zdk8budo.pegaacademy.net/prweb/PRRestService/CodeIntelligence/v1/rules/query?pxObjClass=Rule-HTML-Section&appliesTo=Rule-Declare-DecisionTable&pyRuleName=pzRunSelected&RequestClass=Rule-HTML-Section&RequestAppliesTo=Rule-Declare-DecisionTable&RequestRuleName=pzRunSelected Payload: "{\"RequestClass\":\"Rule-HTML-Section\",\"RequestAppliesTo\":\"Rule-Declare-DecisionTable\",\"RequestRuleName\":\"pzRunSelected\"}" => HTTP 404 (117 bytes)
[PegaHttpClient] 📡 POST https://zdk8budo.pegaacademy.net/prweb/api/HRAppsV2Service/V1/rules/query?pxObjClass=Rule-HTML-Section&appliesTo=Rule-Declare-DecisionTable&pyRuleName=pzRunSelected&RequestClass=Rule-HTML-Section&RequestAppliesTo=Rule-Declare-DecisionTable&RequestRuleName=pzRunSelected Payload: "{\"RequestClass\":\"Rule-HTML-Section\",\"RequestAppliesTo\":\"Rule-Declare-DecisionTable\",\"RequestRuleName\":\"pzRunSelected\"}" => HTTP 404 (18 bytes)
[PegaHttpClient] 📡 POST https://zdk8budo.pegaacademy.net/prweb/PRRestService/HRAppsV2Service/V1/rules/query?pxObjClass=Rule-HTML-Section&appliesTo=Rule-Declare-DecisionTable&pyRuleName=pzRunSelected&RequestClass=Rule-HTML-Section&RequestAppliesTo=Rule-Declare-DecisionTable&RequestRuleName=pzRunSelected Payload: "{\"RequestClass\":\"Rule-HTML-Section\",\"RequestAppliesTo\":\"Rule-Declare-DecisionTable\",\"RequestRuleName\":\"pzRunSelected\"}" => HTTP 404 (18 bytes)
[PegaHttpClient] 📡 POST https://zdk8budo.pegaacademy.net/prweb/api/HRAppsV2/V1/rules/query?pxObjClass=Rule-HTML-Section&appliesTo=Rule-Declare-DecisionTable&pyRuleName=pzRunSelected&RequestClass=Rule-HTML-Section&RequestAppliesTo=Rule-Declare-DecisionTable&RequestRuleName=pzRunSelected Payload: "{\"RequestClass\":\"Rule-HTML-Section\",\"RequestAppliesTo\":\"Rule-Declare-DecisionTable\",\"RequestRuleName\":\"pzRunSelected\"}" => HTTP 404 (18 bytes)
[PegaHttpClient] 📡 POST https://zdk8budo.pegaacademy.net/prweb/PRRestService/HRAppsV2/V1/rules/query?pxObjClass=Rule-HTML-Section&appliesTo=Rule-Declare-DecisionTable&pyRuleName=pzRunSelected&RequestClass=Rule-HTML-Section&RequestAppliesTo=Rule-Declare-DecisionTable&RequestRuleName=pzRunSelected Payload: "{\"RequestClass\":\"Rule-HTML-Section\",\"RequestAppliesTo\":\"Rule-Declare-DecisionTable\",\"RequestRuleName\":\"pzRunSelected\"}" => HTTP 404 (18 bytes)
[PegaHttpClient] 📡 POST https://zdk8budo.pegaacademy.net/prweb/api/v1/rules/query?pxObjClass=Rule-HTML-Section&appliesTo=Rule-Declare-DecisionTable&pyRuleName=pzRunSelected&RequestClass=Rule-HTML-Section&RequestAppliesTo=Rule-Declare-DecisionTable&RequestRuleName=pzRunSelected Payload: "{\"RequestClass\":\"Rule-HTML-Section\",\"RequestAppliesTo\":\"Rule-Declare-DecisionTable\",\"RequestRuleName\":\"pzRunSelected\"}" => HTTP 404 (18 bytes)
[PegaHttpClient] 📡 POST https://zdk8budo.pegaacademy.net/prweb/PRRestService/v1/rules/query?pxObjClass=Rule-HTML-Section&appliesTo=Rule-Declare-DecisionTable&pyRuleName=pzRunSelected&RequestClass=Rule-HTML-Section&RequestAppliesTo=Rule-Declare-DecisionTable&RequestRuleName=pzRunSelected Payload: "{\"RequestClass\":\"Rule-HTML-Section\",\"RequestAppliesTo\":\"Rule-Declare-DecisionTable\",\"RequestRuleName\":\"pzRunSelected\"}" => HTTP 404 (18 bytes)
[PegaHttpClient] 📡 POST https://zdk8budo.pegaacademy.net/prweb/api/CodeIntelligence/v1/rules/query?pxObjClass=Rule-HTML-Section&appliesTo=Rule-Declare-DecisionTable&pyRuleName=pzShowRunAndExpectedTime&RequestClass=Rule-HTML-Section&RequestAppliesTo=Rule-Declare-DecisionTable&RequestRuleName=pzShowRunAndExpectedTime Payload: "{\"RequestClass\":\"Rule-HTML-Section\",\"RequestAppliesTo\":\"Rule-Declare-DecisionTable\",\"RequestRuleName\":\"pzShowRunAndExpectedTime\"}" => HTTP 200 (98943 bytes)
[PegaHttpClient] 📡 POST https://zdk8budo.pegaacademy.net/prweb/api/CodeIntelligence/v1/rules/query?pxObjClass=Rule-HTML-Section&appliesTo=Rule-Declare-DecisionTable&pyRuleName=pzSpecificationName&RequestClass=Rule-HTML-Section&RequestAppliesTo=Rule-Declare-DecisionTable&RequestRuleName=pzSpecificationName Payload: "{\"RequestClass\":\"Rule-HTML-Section\",\"RequestAppliesTo\":\"Rule-Declare-DecisionTable\",\"RequestRuleName\":\"pzSpecificationName\"}" => HTTP 404 (123 bytes)
[PegaHttpClient] 📡 POST https://zdk8budo.pegaacademy.net/prweb/PRRestService/CodeIntelligence/v1/rules/query?pxObjClass=Rule-HTML-Section&appliesTo=Rule-Declare-DecisionTable&pyRuleName=pzSpecificationName&RequestClass=Rule-HTML-Section&RequestAppliesTo=Rule-Declare-DecisionTable&RequestRuleName=pzSpecificationName Payload: "{\"RequestClass\":\"Rule-HTML-Section\",\"RequestAppliesTo\":\"Rule-Declare-DecisionTable\",\"RequestRuleName\":\"pzSpecificationName\"}" => HTTP 404 (123 bytes)
[PegaHttpClient] 📡 POST https://zdk8budo.pegaacademy.net/prweb/api/HRAppsV2Service/V1/rules/query?pxObjClass=Rule-HTML-Section&appliesTo=Rule-Declare-DecisionTable&pyRuleName=pzSpecificationName&RequestClass=Rule-HTML-Section&RequestAppliesTo=Rule-Declare-DecisionTable&RequestRuleName=pzSpecificationName Payload: "{\"RequestClass\":\"Rule-HTML-Section\",\"RequestAppliesTo\":\"Rule-Declare-DecisionTable\",\"RequestRuleName\":\"pzSpecificationName\"}" => HTTP 404 (18 bytes)
[PegaHttpClient] 📡 POST https://zdk8budo.pegaacademy.net/prweb/PRRestService/HRAppsV2Service/V1/rules/query?pxObjClass=Rule-HTML-Section&appliesTo=Rule-Declare-DecisionTable&pyRuleName=pzSpecificationName&RequestClass=Rule-HTML-Section&RequestAppliesTo=Rule-Declare-DecisionTable&RequestRuleName=pzSpecificationName Payload: "{\"RequestClass\":\"Rule-HTML-Section\",\"RequestAppliesTo\":\"Rule-Declare-DecisionTable\",\"RequestRuleName\":\"pzSpecificationName\"}" => HTTP 404 (18 bytes)
[PegaHttpClient] 📡 POST https://zdk8budo.pegaacademy.net/prweb/api/HRAppsV2/V1/rules/query?pxObjClass=Rule-HTML-Section&appliesTo=Rule-Declare-DecisionTable&pyRuleName=pzSpecificationName&RequestClass=Rule-HTML-Section&RequestAppliesTo=Rule-Declare-DecisionTable&RequestRuleName=pzSpecificationName Payload: "{\"RequestClass\":\"Rule-HTML-Section\",\"RequestAppliesTo\":\"Rule-Declare-DecisionTable\",\"RequestRuleName\":\"pzSpecificationName\"}" => HTTP 404 (18 bytes)
[PegaHttpClient] 📡 POST https://zdk8budo.pegaacademy.net/prweb/PRRestService/HRAppsV2/V1/rules/query?pxObjClass=Rule-HTML-Section&appliesTo=Rule-Declare-DecisionTable&pyRuleName=pzSpecificationName&RequestClass=Rule-HTML-Section&RequestAppliesTo=Rule-Declare-DecisionTable&RequestRuleName=pzSpecificationName Payload: "{\"RequestClass\":\"Rule-HTML-Section\",\"RequestAppliesTo\":\"Rule-Declare-DecisionTable\",\"RequestRuleName\":\"pzSpecificationName\"}" => HTTP 404 (18 bytes)
[PegaHttpClient] 📡 POST https://zdk8budo.pegaacademy.net/prweb/api/v1/rules/query?pxObjClass=Rule-HTML-Section&appliesTo=Rule-Declare-DecisionTable&pyRuleName=pzSpecificationName&RequestClass=Rule-HTML-Section&RequestAppliesTo=Rule-Declare-DecisionTable&RequestRuleName=pzSpecificationName Payload: "{\"RequestClass\":\"Rule-HTML-Section\",\"RequestAppliesTo\":\"Rule-Declare-DecisionTable\",\"RequestRuleName\":\"pzSpecificationName\"}" => HTTP 404 (18 bytes)
[PegaHttpClient] 📡 POST https://zdk8budo.pegaacademy.net/prweb/PRRestService/v1/rules/query?pxObjClass=Rule-HTML-Section&appliesTo=Rule-Declare-DecisionTable&pyRuleName=pzSpecificationName&RequestClass=Rule-HTML-Section&RequestAppliesTo=Rule-Declare-DecisionTable&RequestRuleName=pzSpecificationName Payload: "{\"RequestClass\":\"Rule-HTML-Section\",\"RequestAppliesTo\":\"Rule-Declare-DecisionTable\",\"RequestRuleName\":\"pzSpecificationName\"}" => HTTP 404 (18 bytes)
[PegaHttpClient] 📡 POST https://zdk8budo.pegaacademy.net/prweb/api/CodeIntelligence/v1/rules/query?pxObjClass=Rule-HTML-Section&appliesTo=Rule-Declare-DecisionTable&pyRuleName=pzScm_RuleHistory&RequestClass=Rule-HTML-Section&RequestAppliesTo=Rule-Declare-DecisionTable&RequestRuleName=pzScm_RuleHistory Payload: "{\"RequestClass\":\"Rule-HTML-Section\",\"RequestAppliesTo\":\"Rule-Declare-DecisionTable\",\"RequestRuleName\":\"pzScm_RuleHistory\"}" => HTTP 200 (14682 bytes)
[PegaHttpClient] 📡 POST https://zdk8budo.pegaacademy.net/prweb/api/CodeIntelligence/v1/rules/query?pxObjClass=Rule-HTML-Section&appliesTo=Rule-Declare-DecisionTable&pyRuleName=pxDisplayCollaborators&RequestClass=Rule-HTML-Section&RequestAppliesTo=Rule-Declare-DecisionTable&RequestRuleName=pxDisplayCollaborators Payload: "{\"RequestClass\":\"Rule-HTML-Section\",\"RequestAppliesTo\":\"Rule-Declare-DecisionTable\",\"RequestRuleName\":\"pxDisplayCollaborators\"}" => HTTP 200 (94171 bytes)
[PegaHttpClient] 📡 POST https://zdk8budo.pegaacademy.net/prweb/api/CodeIntelligence/v1/rules/query?pxObjClass=Rule-HTML-Section&appliesTo=Rule-Declare-DecisionTable&pyRuleName=pzRuleFormToolbarDeleteCheckOut&RequestClass=Rule-HTML-Section&RequestAppliesTo=Rule-Declare-DecisionTable&RequestRuleName=pzRuleFormToolbarDeleteCheckOut Payload: "{\"RequestClass\":\"Rule-HTML-Section\",\"RequestAppliesTo\":\"Rule-Declare-DecisionTable\",\"RequestRuleName\":\"pzRuleFormToolbarDeleteCheckOut\"}" => HTTP 200 (29433 bytes)
[PegaHttpClient] 📡 POST https://zdk8budo.pegaacademy.net/prweb/api/CodeIntelligence/v1/rules/query?pxObjClass=Rule-HTML-Section&appliesTo=Rule-Declare-DecisionTable&pyRuleName=pzRuleFormToolbarDeleteRule&RequestClass=Rule-HTML-Section&RequestAppliesTo=Rule-Declare-DecisionTable&RequestRuleName=pzRuleFormToolbarDeleteRule Payload: "{\"RequestClass\":\"Rule-HTML-Section\",\"RequestAppliesTo\":\"Rule-Declare-DecisionTable\",\"RequestRuleName\":\"pzRuleFormToolbarDeleteRule\"}" => HTTP 200 (32314 bytes)
[PegaHttpClient] 📡 POST https://zdk8budo.pegaacademy.net/prweb/api/CodeIntelligence/v1/rules/query?pxObjClass=Rule-HTML-Section&appliesTo=Rule-Declare-DecisionTable&pyRuleName=pzRuleFormOptions&RequestClass=Rule-HTML-Section&RequestAppliesTo=Rule-Declare-DecisionTable&RequestRuleName=pzRuleFormOptions Payload: "{\"RequestClass\":\"Rule-HTML-Section\",\"RequestAppliesTo\":\"Rule-Declare-DecisionTable\",\"RequestRuleName\":\"pzRuleFormOptions\"}" => HTTP 404 (121 bytes)
[PegaHttpClient] 📡 POST https://zdk8budo.pegaacademy.net/prweb/PRRestService/CodeIntelligence/v1/rules/query?pxObjClass=Rule-HTML-Section&appliesTo=Rule-Declare-DecisionTable&pyRuleName=pzRuleFormOptions&RequestClass=Rule-HTML-Section&RequestAppliesTo=Rule-Declare-DecisionTable&RequestRuleName=pzRuleFormOptions Payload: "{\"RequestClass\":\"Rule-HTML-Section\",\"RequestAppliesTo\":\"Rule-Declare-DecisionTable\",\"RequestRuleName\":\"pzRuleFormOptions\"}" => HTTP 404 (121 bytes)
[PegaHttpClient] 📡 POST https://zdk8budo.pegaacademy.net/prweb/api/HRAppsV2Service/V1/rules/query?pxObjClass=Rule-HTML-Section&appliesTo=Rule-Declare-DecisionTable&pyRuleName=pzRuleFormOptions&RequestClass=Rule-HTML-Section&RequestAppliesTo=Rule-Declare-DecisionTable&RequestRuleName=pzRuleFormOptions Payload: "{\"RequestClass\":\"Rule-HTML-Section\",\"RequestAppliesTo\":\"Rule-Declare-DecisionTable\",\"RequestRuleName\":\"pzRuleFormOptions\"}" => HTTP 404 (18 bytes)
[PegaHttpClient] 📡 POST https://zdk8budo.pegaacademy.net/prweb/PRRestService/HRAppsV2Service/V1/rules/query?pxObjClass=Rule-HTML-Section&appliesTo=Rule-Declare-DecisionTable&pyRuleName=pzRuleFormOptions&RequestClass=Rule-HTML-Section&RequestAppliesTo=Rule-Declare-DecisionTable&RequestRuleName=pzRuleFormOptions Payload: "{\"RequestClass\":\"Rule-HTML-Section\",\"RequestAppliesTo\":\"Rule-Declare-DecisionTable\",\"RequestRuleName\":\"pzRuleFormOptions\"}" => HTTP 404 (18 bytes)
[PegaHttpClient] 📡 POST https://zdk8budo.pegaacademy.net/prweb/api/HRAppsV2/V1/rules/query?pxObjClass=Rule-HTML-Section&appliesTo=Rule-Declare-DecisionTable&pyRuleName=pzRuleFormOptions&RequestClass=Rule-HTML-Section&RequestAppliesTo=Rule-Declare-DecisionTable&RequestRuleName=pzRuleFormOptions Payload: "{\"RequestClass\":\"Rule-HTML-Section\",\"RequestAppliesTo\":\"Rule-Declare-DecisionTable\",\"RequestRuleName\":\"pzRuleFormOptions\"}" => HTTP 404 (18 bytes)
[PegaHttpClient] 📡 POST https://zdk8budo.pegaacademy.net/prweb/PRRestService/HRAppsV2/V1/rules/query?pxObjClass=Rule-HTML-Section&appliesTo=Rule-Declare-DecisionTable&pyRuleName=pzRuleFormOptions&RequestClass=Rule-HTML-Section&RequestAppliesTo=Rule-Declare-DecisionTable&RequestRuleName=pzRuleFormOptions Payload: "{\"RequestClass\":\"Rule-HTML-Section\",\"RequestAppliesTo\":\"Rule-Declare-DecisionTable\",\"RequestRuleName\":\"pzRuleFormOptions\"}" => HTTP 404 (18 bytes)
[PegaHttpClient] 📡 POST https://zdk8budo.pegaacademy.net/prweb/api/v1/rules/query?pxObjClass=Rule-HTML-Section&appliesTo=Rule-Declare-DecisionTable&pyRuleName=pzRuleFormOptions&RequestClass=Rule-HTML-Section&RequestAppliesTo=Rule-Declare-DecisionTable&RequestRuleName=pzRuleFormOptions Payload: "{\"RequestClass\":\"Rule-HTML-Section\",\"RequestAppliesTo\":\"Rule-Declare-DecisionTable\",\"RequestRuleName\":\"pzRuleFormOptions\"}" => HTTP 404 (18 bytes)
[PegaHttpClient] 📡 POST https://zdk8budo.pegaacademy.net/prweb/PRRestService/v1/rules/query?pxObjClass=Rule-HTML-Section&appliesTo=Rule-Declare-DecisionTable&pyRuleName=pzRuleFormOptions&RequestClass=Rule-HTML-Section&RequestAppliesTo=Rule-Declare-DecisionTable&RequestRuleName=pzRuleFormOptions Payload: "{\"RequestClass\":\"Rule-HTML-Section\",\"RequestAppliesTo\":\"Rule-Declare-DecisionTable\",\"RequestRuleName\":\"pzRuleFormOptions\"}" => HTTP 404 (18 bytes)
[PegaHttpClient] 📡 POST https://zdk8budo.pegaacademy.net/prweb/api/CodeIntelligence/v1/rules/query?pxObjClass=Rule-HTML-Section&appliesTo=Rule-Declare-DecisionTable&pyRuleName=pzAllowedResultValues&RequestClass=Rule-HTML-Section&RequestAppliesTo=Rule-Declare-DecisionTable&RequestRuleName=pzAllowedResultValues Payload: "{\"RequestClass\":\"Rule-HTML-Section\",\"RequestAppliesTo\":\"Rule-Declare-DecisionTable\",\"RequestRuleName\":\"pzAllowedResultValues\"}" => HTTP 200 (66833 bytes)
[PegaHttpClient] 📡 POST https://zdk8budo.pegaacademy.net/prweb/api/CodeIntelligence/v1/rules/query?pxObjClass=Rule-HTML-Section&appliesTo=Rule-Declare-DecisionTable&pyRuleName=pzResultsPresetPropertiesGrid&RequestClass=Rule-HTML-Section&RequestAppliesTo=Rule-Declare-DecisionTable&RequestRuleName=pzResultsPresetPropertiesGrid Payload: "{\"RequestClass\":\"Rule-HTML-Section\",\"RequestAppliesTo\":\"Rule-Declare-DecisionTable\",\"RequestRuleName\":\"pzResultsPresetPropertiesGrid\"}" => HTTP 200 (53094 bytes)
[PegaHttpClient] 📡 POST https://zdk8budo.pegaacademy.net/prweb/api/CodeIntelligence/v1/rules/query?pxObjClass=Rule-HTML-Section&appliesTo=Rule-Declare-DecisionTable&pyRuleName=pzLoadCollaborationScripts&RequestClass=Rule-HTML-Section&RequestAppliesTo=Rule-Declare-DecisionTable&RequestRuleName=pzLoadCollaborationScripts Payload: "{\"RequestClass\":\"Rule-HTML-Section\",\"RequestAppliesTo\":\"Rule-Declare-DecisionTable\",\"RequestRuleName\":\"pzLoadCollaborationScripts\"}" => HTTP 200 (23453 bytes)
[PegaHttpClient] 📡 POST https://zdk8budo.pegaacademy.net/prweb/api/CodeIntelligence/v1/rules/query?pxObjClass=Rule-HTML-Section&appliesTo=Rule-Declare-DecisionTable&pyRuleName=pzDisplayCollaboratorsList&RequestClass=Rule-HTML-Section&RequestAppliesTo=Rule-Declare-DecisionTable&RequestRuleName=pzDisplayCollaboratorsList Payload: "{\"RequestClass\":\"Rule-HTML-Section\",\"RequestAppliesTo\":\"Rule-Declare-DecisionTable\",\"RequestRuleName\":\"pzDisplayCollaboratorsList\"}" => HTTP 200 (105418 bytes)
[PegaHttpClient] 📡 POST https://zdk8budo.pegaacademy.net/prweb/api/CodeIntelligence/v1/rules/query?pxObjClass=Rule-HTML-Section&appliesTo=Rule-Declare-DecisionTable&pyRuleName=pzAllowedResultsandValues&RequestClass=Rule-HTML-Section&RequestAppliesTo=Rule-Declare-DecisionTable&RequestRuleName=pzAllowedResultsandValues Payload: "{\"RequestClass\":\"Rule-HTML-Section\",\"RequestAppliesTo\":\"Rule-Declare-DecisionTable\",\"RequestRuleName\":\"pzAllowedResultsandValues\"}" => HTTP 404 (129 bytes)
[PegaHttpClient] 📡 POST https://zdk8budo.pegaacademy.net/prweb/PRRestService/CodeIntelligence/v1/rules/query?pxObjClass=Rule-HTML-Section&appliesTo=Rule-Declare-DecisionTable&pyRuleName=pzAllowedResultsandValues&RequestClass=Rule-HTML-Section&RequestAppliesTo=Rule-Declare-DecisionTable&RequestRuleName=pzAllowedResultsandValues Payload: "{\"RequestClass\":\"Rule-HTML-Section\",\"RequestAppliesTo\":\"Rule-Declare-DecisionTable\",\"RequestRuleName\":\"pzAllowedResultsandValues\"}" => HTTP 404 (129 bytes)
[PegaHttpClient] 📡 POST https://zdk8budo.pegaacademy.net/prweb/api/HRAppsV2Service/V1/rules/query?pxObjClass=Rule-HTML-Section&appliesTo=Rule-Declare-DecisionTable&pyRuleName=pzAllowedResultsandValues&RequestClass=Rule-HTML-Section&RequestAppliesTo=Rule-Declare-DecisionTable&RequestRuleName=pzAllowedResultsandValues Payload: "{\"RequestClass\":\"Rule-HTML-Section\",\"RequestAppliesTo\":\"Rule-Declare-DecisionTable\",\"RequestRuleName\":\"pzAllowedResultsandValues\"}" => HTTP 404 (18 bytes)
[PegaHttpClient] 📡 POST https://zdk8budo.pegaacademy.net/prweb/PRRestService/HRAppsV2Service/V1/rules/query?pxObjClass=Rule-HTML-Section&appliesTo=Rule-Declare-DecisionTable&pyRuleName=pzAllowedResultsandValues&RequestClass=Rule-HTML-Section&RequestAppliesTo=Rule-Declare-DecisionTable&RequestRuleName=pzAllowedResultsandValues Payload: "{\"RequestClass\":\"Rule-HTML-Section\",\"RequestAppliesTo\":\"Rule-Declare-DecisionTable\",\"RequestRuleName\":\"pzAllowedResultsandValues\"}" => HTTP 404 (18 bytes)
[PegaHttpClient] 📡 POST https://zdk8budo.pegaacademy.net/prweb/api/HRAppsV2/V1/rules/query?pxObjClass=Rule-HTML-Section&appliesTo=Rule-Declare-DecisionTable&pyRuleName=pzAllowedResultsandValues&RequestClass=Rule-HTML-Section&RequestAppliesTo=Rule-Declare-DecisionTable&RequestRuleName=pzAllowedResultsandValues Payload: "{\"RequestClass\":\"Rule-HTML-Section\",\"RequestAppliesTo\":\"Rule-Declare-DecisionTable\",\"RequestRuleName\":\"pzAllowedResultsandValues\"}" => HTTP 404 (18 bytes)
[PegaHttpClient] 📡 POST https://zdk8budo.pegaacademy.net/prweb/PRRestService/HRAppsV2/V1/rules/query?pxObjClass=Rule-HTML-Section&appliesTo=Rule-Declare-DecisionTable&pyRuleName=pzAllowedResultsandValues&RequestClass=Rule-HTML-Section&RequestAppliesTo=Rule-Declare-DecisionTable&RequestRuleName=pzAllowedResultsandValues Payload: "{\"RequestClass\":\"Rule-HTML-Section\",\"RequestAppliesTo\":\"Rule-Declare-DecisionTable\",\"RequestRuleName\":\"pzAllowedResultsandValues\"}" => HTTP 404 (18 bytes)
[PegaHttpClient] 📡 POST https://zdk8budo.pegaacademy.net/prweb/api/v1/rules/query?pxObjClass=Rule-HTML-Section&appliesTo=Rule-Declare-DecisionTable&pyRuleName=pzAllowedResultsandValues&RequestClass=Rule-HTML-Section&RequestAppliesTo=Rule-Declare-DecisionTable&RequestRuleName=pzAllowedResultsandValues Payload: "{\"RequestClass\":\"Rule-HTML-Section\",\"RequestAppliesTo\":\"Rule-Declare-DecisionTable\",\"RequestRuleName\":\"pzAllowedResultsandValues\"}" => HTTP 404 (18 bytes)
[PegaHttpClient] 📡 POST https://zdk8budo.pegaacademy.net/prweb/PRRestService/v1/rules/query?pxObjClass=Rule-HTML-Section&appliesTo=Rule-Declare-DecisionTable&pyRuleName=pzAllowedResultsandValues&RequestClass=Rule-HTML-Section&RequestAppliesTo=Rule-Declare-DecisionTable&RequestRuleName=pzAllowedResultsandValues Payload: "{\"RequestClass\":\"Rule-HTML-Section\",\"RequestAppliesTo\":\"Rule-Declare-DecisionTable\",\"RequestRuleName\":\"pzAllowedResultsandValues\"}" => HTTP 404 (18 bytes)
[PegaHttpClient] 📡 POST https://zdk8budo.pegaacademy.net/prweb/api/CodeIntelligence/v1/rules/query?pxObjClass=Rule-HTML-Section&appliesTo=Rule-Declare-DecisionTable&pyRuleName=pzResultsPresetPropertiesGridInner&RequestClass=Rule-HTML-Section&RequestAppliesTo=Rule-Declare-DecisionTable&RequestRuleName=pzResultsPresetPropertiesGridInner Payload: "{\"RequestClass\":\"Rule-HTML-Section\",\"RequestAppliesTo\":\"Rule-Declare-DecisionTable\",\"RequestRuleName\":\"pzResultsPresetPropertiesGridInner\"}" => HTTP 404 (138 bytes)
[PegaHttpClient] 📡 POST https://zdk8budo.pegaacademy.net/prweb/PRRestService/CodeIntelligence/v1/rules/query?pxObjClass=Rule-HTML-Section&appliesTo=Rule-Declare-DecisionTable&pyRuleName=pzResultsPresetPropertiesGridInner&RequestClass=Rule-HTML-Section&RequestAppliesTo=Rule-Declare-DecisionTable&RequestRuleName=pzResultsPresetPropertiesGridInner Payload: "{\"RequestClass\":\"Rule-HTML-Section\",\"RequestAppliesTo\":\"Rule-Declare-DecisionTable\",\"RequestRuleName\":\"pzResultsPresetPropertiesGridInner\"}" => HTTP 404 (138 bytes)
[PegaHttpClient] 📡 POST https://zdk8budo.pegaacademy.net/prweb/api/HRAppsV2Service/V1/rules/query?pxObjClass=Rule-HTML-Section&appliesTo=Rule-Declare-DecisionTable&pyRuleName=pzResultsPresetPropertiesGridInner&RequestClass=Rule-HTML-Section&RequestAppliesTo=Rule-Declare-DecisionTable&RequestRuleName=pzResultsPresetPropertiesGridInner Payload: "{\"RequestClass\":\"Rule-HTML-Section\",\"RequestAppliesTo\":\"Rule-Declare-DecisionTable\",\"RequestRuleName\":\"pzResultsPresetPropertiesGridInner\"}" => HTTP 404 (18 bytes)
[PegaHttpClient] 📡 POST https://zdk8budo.pegaacademy.net/prweb/PRRestService/HRAppsV2Service/V1/rules/query?pxObjClass=Rule-HTML-Section&appliesTo=Rule-Declare-DecisionTable&pyRuleName=pzResultsPresetPropertiesGridInner&RequestClass=Rule-HTML-Section&RequestAppliesTo=Rule-Declare-DecisionTable&RequestRuleName=pzResultsPresetPropertiesGridInner Payload: "{\"RequestClass\":\"Rule-HTML-Section\",\"RequestAppliesTo\":\"Rule-Declare-DecisionTable\",\"RequestRuleName\":\"pzResultsPresetPropertiesGridInner\"}" => HTTP 404 (18 bytes)
[PegaHttpClient] 📡 POST https://zdk8budo.pegaacademy.net/prweb/api/HRAppsV2/V1/rules/query?pxObjClass=Rule-HTML-Section&appliesTo=Rule-Declare-DecisionTable&pyRuleName=pzResultsPresetPropertiesGridInner&RequestClass=Rule-HTML-Section&RequestAppliesTo=Rule-Declare-DecisionTable&RequestRuleName=pzResultsPresetPropertiesGridInner Payload: "{\"RequestClass\":\"Rule-HTML-Section\",\"RequestAppliesTo\":\"Rule-Declare-DecisionTable\",\"RequestRuleName\":\"pzResultsPresetPropertiesGridInner\"}" => HTTP 404 (18 bytes)
[PegaHttpClient] 📡 POST https://zdk8budo.pegaacademy.net/prweb/PRRestService/HRAppsV2/V1/rules/query?pxObjClass=Rule-HTML-Section&appliesTo=Rule-Declare-DecisionTable&pyRuleName=pzResultsPresetPropertiesGridInner&RequestClass=Rule-HTML-Section&RequestAppliesTo=Rule-Declare-DecisionTable&RequestRuleName=pzResultsPresetPropertiesGridInner Payload: "{\"RequestClass\":\"Rule-HTML-Section\",\"RequestAppliesTo\":\"Rule-Declare-DecisionTable\",\"RequestRuleName\":\"pzResultsPresetPropertiesGridInner\"}" => HTTP 404 (18 bytes)
[PegaHttpClient] 📡 POST https://zdk8budo.pegaacademy.net/prweb/api/v1/rules/query?pxObjClass=Rule-HTML-Section&appliesTo=Rule-Declare-DecisionTable&pyRuleName=pzResultsPresetPropertiesGridInner&RequestClass=Rule-HTML-Section&RequestAppliesTo=Rule-Declare-DecisionTable&RequestRuleName=pzResultsPresetPropertiesGridInner Payload: "{\"RequestClass\":\"Rule-HTML-Section\",\"RequestAppliesTo\":\"Rule-Declare-DecisionTable\",\"RequestRuleName\":\"pzResultsPresetPropertiesGridInner\"}" => HTTP 404 (18 bytes)
[PegaHttpClient] 📡 POST https://zdk8budo.pegaacademy.net/prweb/PRRestService/v1/rules/query?pxObjClass=Rule-HTML-Section&appliesTo=Rule-Declare-DecisionTable&pyRuleName=pzResultsPresetPropertiesGridInner&RequestClass=Rule-HTML-Section&RequestAppliesTo=Rule-Declare-DecisionTable&RequestRuleName=pzResultsPresetPropertiesGridInner Payload: "{\"RequestClass\":\"Rule-HTML-Section\",\"RequestAppliesTo\":\"Rule-Declare-DecisionTable\",\"RequestRuleName\":\"pzResultsPresetPropertiesGridInner\"}" => HTTP 404 (18 bytes)
[PegaHttpClient] 📡 POST https://zdk8budo.pegaacademy.net/prweb/api/CodeIntelligence/v1/rules/query?pxObjClass=Rule-HTML-Section&appliesTo=Rule-Declare-DecisionTable&pyRuleName=pyCollaborator&RequestClass=Rule-HTML-Section&RequestAppliesTo=Rule-Declare-DecisionTable&RequestRuleName=pyCollaborator Payload: "{\"RequestClass\":\"Rule-HTML-Section\",\"RequestAppliesTo\":\"Rule-Declare-DecisionTable\",\"RequestRuleName\":\"pyCollaborator\"}" => HTTP 404 (118 bytes)
[PegaHttpClient] 📡 POST https://zdk8budo.pegaacademy.net/prweb/PRRestService/CodeIntelligence/v1/rules/query?pxObjClass=Rule-HTML-Section&appliesTo=Rule-Declare-DecisionTable&pyRuleName=pyCollaborator&RequestClass=Rule-HTML-Section&RequestAppliesTo=Rule-Declare-DecisionTable&RequestRuleName=pyCollaborator Payload: "{\"RequestClass\":\"Rule-HTML-Section\",\"RequestAppliesTo\":\"Rule-Declare-DecisionTable\",\"RequestRuleName\":\"pyCollaborator\"}" => HTTP 404 (118 bytes)
[PegaHttpClient] 📡 POST https://zdk8budo.pegaacademy.net/prweb/api/HRAppsV2Service/V1/rules/query?pxObjClass=Rule-HTML-Section&appliesTo=Rule-Declare-DecisionTable&pyRuleName=pyCollaborator&RequestClass=Rule-HTML-Section&RequestAppliesTo=Rule-Declare-DecisionTable&RequestRuleName=pyCollaborator Payload: "{\"RequestClass\":\"Rule-HTML-Section\",\"RequestAppliesTo\":\"Rule-Declare-DecisionTable\",\"RequestRuleName\":\"pyCollaborator\"}" => HTTP 404 (18 bytes)
[PegaHttpClient] 📡 POST https://zdk8budo.pegaacademy.net/prweb/PRRestService/HRAppsV2Service/V1/rules/query?pxObjClass=Rule-HTML-Section&appliesTo=Rule-Declare-DecisionTable&pyRuleName=pyCollaborator&RequestClass=Rule-HTML-Section&RequestAppliesTo=Rule-Declare-DecisionTable&RequestRuleName=pyCollaborator Payload: "{\"RequestClass\":\"Rule-HTML-Section\",\"RequestAppliesTo\":\"Rule-Declare-DecisionTable\",\"RequestRuleName\":\"pyCollaborator\"}" => HTTP 404 (18 bytes)
[PegaHttpClient] 📡 POST https://zdk8budo.pegaacademy.net/prweb/api/HRAppsV2/V1/rules/query?pxObjClass=Rule-HTML-Section&appliesTo=Rule-Declare-DecisionTable&pyRuleName=pyCollaborator&RequestClass=Rule-HTML-Section&RequestAppliesTo=Rule-Declare-DecisionTable&RequestRuleName=pyCollaborator Payload: "{\"RequestClass\":\"Rule-HTML-Section\",\"RequestAppliesTo\":\"Rule-Declare-DecisionTable\",\"RequestRuleName\":\"pyCollaborator\"}" => HTTP 404 (18 bytes)
[PegaHttpClient] 📡 POST https://zdk8budo.pegaacademy.net/prweb/PRRestService/HRAppsV2/V1/rules/query?pxObjClass=Rule-HTML-Section&appliesTo=Rule-Declare-DecisionTable&pyRuleName=pyCollaborator&RequestClass=Rule-HTML-Section&RequestAppliesTo=Rule-Declare-DecisionTable&RequestRuleName=pyCollaborator Payload: "{\"RequestClass\":\"Rule-HTML-Section\",\"RequestAppliesTo\":\"Rule-Declare-DecisionTable\",\"RequestRuleName\":\"pyCollaborator\"}" => HTTP 404 (18 bytes)
[PegaHttpClient] 📡 POST https://zdk8budo.pegaacademy.net/prweb/api/v1/rules/query?pxObjClass=Rule-HTML-Section&appliesTo=Rule-Declare-DecisionTable&pyRuleName=pyCollaborator&RequestClass=Rule-HTML-Section&RequestAppliesTo=Rule-Declare-DecisionTable&RequestRuleName=pyCollaborator Payload: "{\"RequestClass\":\"Rule-HTML-Section\",\"RequestAppliesTo\":\"Rule-Declare-DecisionTable\",\"RequestRuleName\":\"pyCollaborator\"}" => HTTP 404 (18 bytes)
[PegaHttpClient] 📡 POST https://zdk8budo.pegaacademy.net/prweb/PRRestService/v1/rules/query?pxObjClass=Rule-HTML-Section&appliesTo=Rule-Declare-DecisionTable&pyRuleName=pyCollaborator&RequestClass=Rule-HTML-Section&RequestAppliesTo=Rule-Declare-DecisionTable&RequestRuleName=pyCollaborator Payload: "{\"RequestClass\":\"Rule-HTML-Section\",\"RequestAppliesTo\":\"Rule-Declare-DecisionTable\",\"RequestRuleName\":\"pyCollaborator\"}" => HTTP 404 (18 bytes)
[PegaHttpClient] 📡 POST https://zdk8budo.pegaacademy.net/prweb/api/CodeIntelligence/v1/rules/query?pxObjClass=Rule-HTML-Section&appliesTo=Rule-Declare-DecisionTable&pyRuleName=pzDisplayPartialCount&RequestClass=Rule-HTML-Section&RequestAppliesTo=Rule-Declare-DecisionTable&RequestRuleName=pzDisplayPartialCount Payload: "{\"RequestClass\":\"Rule-HTML-Section\",\"RequestAppliesTo\":\"Rule-Declare-DecisionTable\",\"RequestRuleName\":\"pzDisplayPartialCount\"}" => HTTP 404 (125 bytes)
[PegaHttpClient] 📡 POST https://zdk8budo.pegaacademy.net/prweb/PRRestService/CodeIntelligence/v1/rules/query?pxObjClass=Rule-HTML-Section&appliesTo=Rule-Declare-DecisionTable&pyRuleName=pzDisplayPartialCount&RequestClass=Rule-HTML-Section&RequestAppliesTo=Rule-Declare-DecisionTable&RequestRuleName=pzDisplayPartialCount Payload: "{\"RequestClass\":\"Rule-HTML-Section\",\"RequestAppliesTo\":\"Rule-Declare-DecisionTable\",\"RequestRuleName\":\"pzDisplayPartialCount\"}" => HTTP 404 (125 bytes)
[PegaHttpClient] 📡 POST https://zdk8budo.pegaacademy.net/prweb/api/HRAppsV2Service/V1/rules/query?pxObjClass=Rule-HTML-Section&appliesTo=Rule-Declare-DecisionTable&pyRuleName=pzDisplayPartialCount&RequestClass=Rule-HTML-Section&RequestAppliesTo=Rule-Declare-DecisionTable&RequestRuleName=pzDisplayPartialCount Payload: "{\"RequestClass\":\"Rule-HTML-Section\",\"RequestAppliesTo\":\"Rule-Declare-DecisionTable\",\"RequestRuleName\":\"pzDisplayPartialCount\"}" => HTTP 404 (18 bytes)
[PegaHttpClient] 📡 POST https://zdk8budo.pegaacademy.net/prweb/PRRestService/HRAppsV2Service/V1/rules/query?pxObjClass=Rule-HTML-Section&appliesTo=Rule-Declare-DecisionTable&pyRuleName=pzDisplayPartialCount&RequestClass=Rule-HTML-Section&RequestAppliesTo=Rule-Declare-DecisionTable&RequestRuleName=pzDisplayPartialCount Payload: "{\"RequestClass\":\"Rule-HTML-Section\",\"RequestAppliesTo\":\"Rule-Declare-DecisionTable\",\"RequestRuleName\":\"pzDisplayPartialCount\"}" => HTTP 404 (18 bytes)
[PegaHttpClient] 📡 POST https://zdk8budo.pegaacademy.net/prweb/api/HRAppsV2/V1/rules/query?pxObjClass=Rule-HTML-Section&appliesTo=Rule-Declare-DecisionTable&pyRuleName=pzDisplayPartialCount&RequestClass=Rule-HTML-Section&RequestAppliesTo=Rule-Declare-DecisionTable&RequestRuleName=pzDisplayPartialCount Payload: "{\"RequestClass\":\"Rule-HTML-Section\",\"RequestAppliesTo\":\"Rule-Declare-DecisionTable\",\"RequestRuleName\":\"pzDisplayPartialCount\"}" => HTTP 404 (18 bytes)
[PegaHttpClient] 📡 POST https://zdk8budo.pegaacademy.net/prweb/PRRestService/HRAppsV2/V1/rules/query?pxObjClass=Rule-HTML-Section&appliesTo=Rule-Declare-DecisionTable&pyRuleName=pzDisplayPartialCount&RequestClass=Rule-HTML-Section&RequestAppliesTo=Rule-Declare-DecisionTable&RequestRuleName=pzDisplayPartialCount Payload: "{\"RequestClass\":\"Rule-HTML-Section\",\"RequestAppliesTo\":\"Rule-Declare-DecisionTable\",\"RequestRuleName\":\"pzDisplayPartialCount\"}" => HTTP 404 (18 bytes)
[PegaHttpClient] 📡 POST https://zdk8budo.pegaacademy.net/prweb/api/v1/rules/query?pxObjClass=Rule-HTML-Section&appliesTo=Rule-Declare-DecisionTable&pyRuleName=pzDisplayPartialCount&RequestClass=Rule-HTML-Section&RequestAppliesTo=Rule-Declare-DecisionTable&RequestRuleName=pzDisplayPartialCount Payload: "{\"RequestClass\":\"Rule-HTML-Section\",\"RequestAppliesTo\":\"Rule-Declare-DecisionTable\",\"RequestRuleName\":\"pzDisplayPartialCount\"}" => HTTP 404 (18 bytes)
[PegaHttpClient] 📡 POST https://zdk8budo.pegaacademy.net/prweb/PRRestService/v1/rules/query?pxObjClass=Rule-HTML-Section&appliesTo=Rule-Declare-DecisionTable&pyRuleName=pzDisplayPartialCount&RequestClass=Rule-HTML-Section&RequestAppliesTo=Rule-Declare-DecisionTable&RequestRuleName=pzDisplayPartialCount Payload: "{\"RequestClass\":\"Rule-HTML-Section\",\"RequestAppliesTo\":\"Rule-Declare-DecisionTable\",\"RequestRuleName\":\"pzDisplayPartialCount\"}" => HTTP 404 (18 bytes)
[SchemaGen] ✅ Schema written for Rule-Declare-DecisionTable
[PegaHttpClient] 📡 GET https://zdk8budo.pegaacademy.net/prweb/api/CodeIntelligence/v1/rules/RULE-HTML-HARNESS%20RULE-DECLARE-COLLECTION%20RULEFORM%20%2320180713T140754.055%20GMT => HTTP 200 (54165 bytes)
[PegaHttpClient] 📡 POST https://zdk8budo.pegaacademy.net/prweb/api/CodeIntelligence/v1/rules/query?pxObjClass=Rule-HTML-Section&appliesTo=Rule-Declare-Collection&pyRuleName=RuleFormMain&RequestClass=Rule-HTML-Section&RequestAppliesTo=Rule-Declare-Collection&RequestRuleName=RuleFormMain Payload: "{\"RequestClass\":\"Rule-HTML-Section\",\"RequestAppliesTo\":\"Rule-Declare-Collection\",\"RequestRuleName\":\"RuleFormMain\"}" => HTTP 200 (156234 bytes)
[PegaHttpClient] 📡 POST https://zdk8budo.pegaacademy.net/prweb/api/CodeIntelligence/v1/rules/query?pxObjClass=Rule-HTML-Section&appliesTo=Rule-Declare-Collection&pyRuleName=pxAlternateRuleForm&RequestClass=Rule-HTML-Section&RequestAppliesTo=Rule-Declare-Collection&RequestRuleName=pxAlternateRuleForm Payload: "{\"RequestClass\":\"Rule-HTML-Section\",\"RequestAppliesTo\":\"Rule-Declare-Collection\",\"RequestRuleName\":\"pxAlternateRuleForm\"}" => HTTP 200 (66153 bytes)
[PegaHttpClient] 📡 POST https://zdk8budo.pegaacademy.net/prweb/api/CodeIntelligence/v1/rules/query?pxObjClass=Rule-HTML-Section&appliesTo=Rule-Declare-Collection&pyRuleName=pzRuleFormScripts&RequestClass=Rule-HTML-Section&RequestAppliesTo=Rule-Declare-Collection&RequestRuleName=pzRuleFormScripts Payload: "{\"RequestClass\":\"Rule-HTML-Section\",\"RequestAppliesTo\":\"Rule-Declare-Collection\",\"RequestRuleName\":\"pzRuleFormScripts\"}" => HTTP 200 (40822 bytes)
[PegaHttpClient] 📡 POST https://zdk8budo.pegaacademy.net/prweb/api/CodeIntelligence/v1/rules/query?pxObjClass=Rule-HTML-Section&appliesTo=Rule-Declare-Collection&pyRuleName=pzRuleFormLayoutDelegated&RequestClass=Rule-HTML-Section&RequestAppliesTo=Rule-Declare-Collection&RequestRuleName=pzRuleFormLayoutDelegated Payload: "{\"RequestClass\":\"Rule-HTML-Section\",\"RequestAppliesTo\":\"Rule-Declare-Collection\",\"RequestRuleName\":\"pzRuleFormLayoutDelegated\"}" => HTTP 200 (70998 bytes)
[PegaHttpClient] 📡 POST https://zdk8budo.pegaacademy.net/prweb/api/CodeIntelligence/v1/rules/query?pxObjClass=Rule-HTML-Section&appliesTo=Rule-Declare-Collection&pyRuleName=RuleFormLayout&RequestClass=Rule-HTML-Section&RequestAppliesTo=Rule-Declare-Collection&RequestRuleName=RuleFormLayout Payload: "{\"RequestClass\":\"Rule-HTML-Section\",\"RequestAppliesTo\":\"Rule-Declare-Collection\",\"RequestRuleName\":\"RuleFormLayout\"}" => HTTP 200 (97211 bytes)
[PegaHttpClient] 📡 POST https://zdk8budo.pegaacademy.net/prweb/api/CodeIntelligence/v1/rules/query?pxObjClass=Rule-HTML-Section&appliesTo=Rule-Declare-Collection&pyRuleName=RuleFormSettings&RequestClass=Rule-HTML-Section&RequestAppliesTo=Rule-Declare-Collection&RequestRuleName=RuleFormSettings Payload: "{\"RequestClass\":\"Rule-HTML-Section\",\"RequestAppliesTo\":\"Rule-Declare-Collection\",\"RequestRuleName\":\"RuleFormSettings\"}" => HTTP 200 (20540 bytes)
[PegaHttpClient] 📡 POST https://zdk8budo.pegaacademy.net/prweb/api/CodeIntelligence/v1/rules/query?pxObjClass=Rule-HTML-Section&appliesTo=Rule-Declare-Collection&pyRuleName=OpenAuthoring&RequestClass=Rule-HTML-Section&RequestAppliesTo=Rule-Declare-Collection&RequestRuleName=OpenAuthoring Payload: "{\"RequestClass\":\"Rule-HTML-Section\",\"RequestAppliesTo\":\"Rule-Declare-Collection\",\"RequestRuleName\":\"OpenAuthoring\"}" => HTTP 200 (23695 bytes)
[PegaHttpClient] 📡 POST https://zdk8budo.pegaacademy.net/prweb/api/CodeIntelligence/v1/rules/query?pxObjClass=Rule-HTML-Section&appliesTo=Rule-Declare-Collection&pyRuleName=pyCustomHelp&RequestClass=Rule-HTML-Section&RequestAppliesTo=Rule-Declare-Collection&RequestRuleName=pyCustomHelp Payload: "{\"RequestClass\":\"Rule-HTML-Section\",\"RequestAppliesTo\":\"Rule-Declare-Collection\",\"RequestRuleName\":\"pyCustomHelp\"}" => HTTP 200 (17256 bytes)
[PegaHttpClient] 📡 POST https://zdk8budo.pegaacademy.net/prweb/api/CodeIntelligence/v1/rules/query?pxObjClass=Rule-HTML-Section&appliesTo=Rule-Declare-Collection&pyRuleName=pzRuleformMainInclude&RequestClass=Rule-HTML-Section&RequestAppliesTo=Rule-Declare-Collection&RequestRuleName=pzRuleformMainInclude Payload: "{\"RequestClass\":\"Rule-HTML-Section\",\"RequestAppliesTo\":\"Rule-Declare-Collection\",\"RequestRuleName\":\"pzRuleformMainInclude\"}" => HTTP 200 (22375 bytes)
[PegaHttpClient] 📡 POST https://zdk8budo.pegaacademy.net/prweb/api/CodeIntelligence/v1/rules/query?pxObjClass=Rule-HTML-Section&appliesTo=Rule-Declare-Collection&pyRuleName=pyAlternativeRuleFormStrategicAppExtension&RequestClass=Rule-HTML-Section&RequestAppliesTo=Rule-Declare-Collection&RequestRuleName=pyAlternativeRuleFormStrategicAppExtension Payload: "{\"RequestClass\":\"Rule-HTML-Section\",\"RequestAppliesTo\":\"Rule-Declare-Collection\",\"RequestRuleName\":\"pyAlternativeRuleFormStrategicAppExtension\"}" => HTTP 200 (25042 bytes)
[PegaHttpClient] 📡 POST https://zdk8budo.pegaacademy.net/prweb/api/CodeIntelligence/v1/rules/query?pxObjClass=Rule-HTML-Section&appliesTo=Rule-Declare-Collection&pyRuleName=pyAlternativeRuleFormExtension&RequestClass=Rule-HTML-Section&RequestAppliesTo=Rule-Declare-Collection&RequestRuleName=pyAlternativeRuleFormExtension Payload: "{\"RequestClass\":\"Rule-HTML-Section\",\"RequestAppliesTo\":\"Rule-Declare-Collection\",\"RequestRuleName\":\"pyAlternativeRuleFormExtension\"}" => HTTP 200 (24863 bytes)
[PegaHttpClient] 📡 POST https://zdk8budo.pegaacademy.net/prweb/api/CodeIntelligence/v1/rules/query?pxObjClass=Rule-HTML-Section&appliesTo=Rule-Declare-Collection&pyRuleName=RuleFormHeader&RequestClass=Rule-HTML-Section&RequestAppliesTo=Rule-Declare-Collection&RequestRuleName=RuleFormHeader Payload: "{\"RequestClass\":\"Rule-HTML-Section\",\"RequestAppliesTo\":\"Rule-Declare-Collection\",\"RequestRuleName\":\"RuleFormHeader\"}" => HTTP 200 (183800 bytes)
[PegaHttpClient] 📡 POST https://zdk8budo.pegaacademy.net/prweb/api/CodeIntelligence/v1/rules/query?pxObjClass=Rule-HTML-Section&appliesTo=Rule-Declare-Collection&pyRuleName=pzDelegationExperience&RequestClass=Rule-HTML-Section&RequestAppliesTo=Rule-Declare-Collection&RequestRuleName=pzDelegationExperience Payload: "{\"RequestClass\":\"Rule-HTML-Section\",\"RequestAppliesTo\":\"Rule-Declare-Collection\",\"RequestRuleName\":\"pzDelegationExperience\"}" => HTTP 404 (123 bytes)
[PegaHttpClient] 📡 POST https://zdk8budo.pegaacademy.net/prweb/PRRestService/CodeIntelligence/v1/rules/query?pxObjClass=Rule-HTML-Section&appliesTo=Rule-Declare-Collection&pyRuleName=pzDelegationExperience&RequestClass=Rule-HTML-Section&RequestAppliesTo=Rule-Declare-Collection&RequestRuleName=pzDelegationExperience Payload: "{\"RequestClass\":\"Rule-HTML-Section\",\"RequestAppliesTo\":\"Rule-Declare-Collection\",\"RequestRuleName\":\"pzDelegationExperience\"}" => HTTP 404 (123 bytes)
[PegaHttpClient] 📡 POST https://zdk8budo.pegaacademy.net/prweb/api/HRAppsV2Service/V1/rules/query?pxObjClass=Rule-HTML-Section&appliesTo=Rule-Declare-Collection&pyRuleName=pzDelegationExperience&RequestClass=Rule-HTML-Section&RequestAppliesTo=Rule-Declare-Collection&RequestRuleName=pzDelegationExperience Payload: "{\"RequestClass\":\"Rule-HTML-Section\",\"RequestAppliesTo\":\"Rule-Declare-Collection\",\"RequestRuleName\":\"pzDelegationExperience\"}" => HTTP 404 (18 bytes)
[PegaHttpClient] 📡 POST https://zdk8budo.pegaacademy.net/prweb/PRRestService/HRAppsV2Service/V1/rules/query?pxObjClass=Rule-HTML-Section&appliesTo=Rule-Declare-Collection&pyRuleName=pzDelegationExperience&RequestClass=Rule-HTML-Section&RequestAppliesTo=Rule-Declare-Collection&RequestRuleName=pzDelegationExperience Payload: "{\"RequestClass\":\"Rule-HTML-Section\",\"RequestAppliesTo\":\"Rule-Declare-Collection\",\"RequestRuleName\":\"pzDelegationExperience\"}" => HTTP 404 (18 bytes)
[PegaHttpClient] 📡 POST https://zdk8budo.pegaacademy.net/prweb/api/HRAppsV2/V1/rules/query?pxObjClass=Rule-HTML-Section&appliesTo=Rule-Declare-Collection&pyRuleName=pzDelegationExperience&RequestClass=Rule-HTML-Section&RequestAppliesTo=Rule-Declare-Collection&RequestRuleName=pzDelegationExperience Payload: "{\"RequestClass\":\"Rule-HTML-Section\",\"RequestAppliesTo\":\"Rule-Declare-Collection\",\"RequestRuleName\":\"pzDelegationExperience\"}" => HTTP 404 (18 bytes)
[PegaHttpClient] 📡 POST https://zdk8budo.pegaacademy.net/prweb/PRRestService/HRAppsV2/V1/rules/query?pxObjClass=Rule-HTML-Section&appliesTo=Rule-Declare-Collection&pyRuleName=pzDelegationExperience&RequestClass=Rule-HTML-Section&RequestAppliesTo=Rule-Declare-Collection&RequestRuleName=pzDelegationExperience Payload: "{\"RequestClass\":\"Rule-HTML-Section\",\"RequestAppliesTo\":\"Rule-Declare-Collection\",\"RequestRuleName\":\"pzDelegationExperience\"}" => HTTP 404 (18 bytes)
[PegaHttpClient] 📡 POST https://zdk8budo.pegaacademy.net/prweb/api/v1/rules/query?pxObjClass=Rule-HTML-Section&appliesTo=Rule-Declare-Collection&pyRuleName=pzDelegationExperience&RequestClass=Rule-HTML-Section&RequestAppliesTo=Rule-Declare-Collection&RequestRuleName=pzDelegationExperience Payload: "{\"RequestClass\":\"Rule-HTML-Section\",\"RequestAppliesTo\":\"Rule-Declare-Collection\",\"RequestRuleName\":\"pzDelegationExperience\"}" => HTTP 404 (18 bytes)
[PegaHttpClient] 📡 POST https://zdk8budo.pegaacademy.net/prweb/PRRestService/v1/rules/query?pxObjClass=Rule-HTML-Section&appliesTo=Rule-Declare-Collection&pyRuleName=pzDelegationExperience&RequestClass=Rule-HTML-Section&RequestAppliesTo=Rule-Declare-Collection&RequestRuleName=pzDelegationExperience Payload: "{\"RequestClass\":\"Rule-HTML-Section\",\"RequestAppliesTo\":\"Rule-Declare-Collection\",\"RequestRuleName\":\"pzDelegationExperience\"}" => HTTP 404 (18 bytes)
[PegaHttpClient] 📡 POST https://zdk8budo.pegaacademy.net/prweb/api/CodeIntelligence/v1/rules/query?pxObjClass=Rule-HTML-Section&appliesTo=Rule-Declare-Collection&pyRuleName=RuleFormHistory&RequestClass=Rule-HTML-Section&RequestAppliesTo=Rule-Declare-Collection&RequestRuleName=RuleFormHistory Payload: "{\"RequestClass\":\"Rule-HTML-Section\",\"RequestAppliesTo\":\"Rule-Declare-Collection\",\"RequestRuleName\":\"RuleFormHistory\"}" => HTTP 200 (76091 bytes)
[PegaHttpClient] 📡 POST https://zdk8budo.pegaacademy.net/prweb/api/CodeIntelligence/v1/rules/query?pxObjClass=Rule-HTML-Section&appliesTo=Rule-Declare-Collection&pyRuleName=pzCustomHelp&RequestClass=Rule-HTML-Section&RequestAppliesTo=Rule-Declare-Collection&RequestRuleName=pzCustomHelp Payload: "{\"RequestClass\":\"Rule-HTML-Section\",\"RequestAppliesTo\":\"Rule-Declare-Collection\",\"RequestRuleName\":\"pzCustomHelp\"}" => HTTP 200 (31573 bytes)
[PegaHttpClient] 📡 POST https://zdk8budo.pegaacademy.net/prweb/api/CodeIntelligence/v1/rules/query?pxObjClass=Rule-HTML-Section&appliesTo=Rule-Declare-Collection&pyRuleName=pzRuleFormKeysAndDescription&RequestClass=Rule-HTML-Section&RequestAppliesTo=Rule-Declare-Collection&RequestRuleName=pzRuleFormKeysAndDescription Payload: "{\"RequestClass\":\"Rule-HTML-Section\",\"RequestAppliesTo\":\"Rule-Declare-Collection\",\"RequestRuleName\":\"pzRuleFormKeysAndDescription\"}" => HTTP 200 (218057 bytes)
[PegaHttpClient] 📡 POST https://zdk8budo.pegaacademy.net/prweb/api/CodeIntelligence/v1/rules/query?pxObjClass=Rule-HTML-Section&appliesTo=Rule-Declare-Collection&pyRuleName=pzRuleFormRuleset&RequestClass=Rule-HTML-Section&RequestAppliesTo=Rule-Declare-Collection&RequestRuleName=pzRuleFormRuleset Payload: "{\"RequestClass\":\"Rule-HTML-Section\",\"RequestAppliesTo\":\"Rule-Declare-Collection\",\"RequestRuleName\":\"pzRuleFormRuleset\"}" => HTTP 200 (33985 bytes)
[PegaHttpClient] 📡 POST https://zdk8budo.pegaacademy.net/prweb/api/CodeIntelligence/v1/rules/query?pxObjClass=Rule-HTML-Section&appliesTo=Rule-Declare-Collection&pyRuleName=undefined&RequestClass=Rule-HTML-Section&RequestAppliesTo=Rule-Declare-Collection&RequestRuleName=undefined Payload: "{\"RequestClass\":\"Rule-HTML-Section\",\"RequestAppliesTo\":\"Rule-Declare-Collection\",\"RequestRuleName\":\"undefined\"}" => HTTP 404 (110 bytes)
[PegaHttpClient] 📡 POST https://zdk8budo.pegaacademy.net/prweb/PRRestService/CodeIntelligence/v1/rules/query?pxObjClass=Rule-HTML-Section&appliesTo=Rule-Declare-Collection&pyRuleName=undefined&RequestClass=Rule-HTML-Section&RequestAppliesTo=Rule-Declare-Collection&RequestRuleName=undefined Payload: "{\"RequestClass\":\"Rule-HTML-Section\",\"RequestAppliesTo\":\"Rule-Declare-Collection\",\"RequestRuleName\":\"undefined\"}" => HTTP 404 (110 bytes)
[PegaHttpClient] 📡 POST https://zdk8budo.pegaacademy.net/prweb/api/HRAppsV2Service/V1/rules/query?pxObjClass=Rule-HTML-Section&appliesTo=Rule-Declare-Collection&pyRuleName=undefined&RequestClass=Rule-HTML-Section&RequestAppliesTo=Rule-Declare-Collection&RequestRuleName=undefined Payload: "{\"RequestClass\":\"Rule-HTML-Section\",\"RequestAppliesTo\":\"Rule-Declare-Collection\",\"RequestRuleName\":\"undefined\"}" => HTTP 404 (18 bytes)
[PegaHttpClient] 📡 POST https://zdk8budo.pegaacademy.net/prweb/PRRestService/HRAppsV2Service/V1/rules/query?pxObjClass=Rule-HTML-Section&appliesTo=Rule-Declare-Collection&pyRuleName=undefined&RequestClass=Rule-HTML-Section&RequestAppliesTo=Rule-Declare-Collection&RequestRuleName=undefined Payload: "{\"RequestClass\":\"Rule-HTML-Section\",\"RequestAppliesTo\":\"Rule-Declare-Collection\",\"RequestRuleName\":\"undefined\"}" => HTTP 404 (18 bytes)
[PegaHttpClient] 📡 POST https://zdk8budo.pegaacademy.net/prweb/api/HRAppsV2/V1/rules/query?pxObjClass=Rule-HTML-Section&appliesTo=Rule-Declare-Collection&pyRuleName=undefined&RequestClass=Rule-HTML-Section&RequestAppliesTo=Rule-Declare-Collection&RequestRuleName=undefined Payload: "{\"RequestClass\":\"Rule-HTML-Section\",\"RequestAppliesTo\":\"Rule-Declare-Collection\",\"RequestRuleName\":\"undefined\"}" => HTTP 404 (18 bytes)
[PegaHttpClient] 📡 POST https://zdk8budo.pegaacademy.net/prweb/PRRestService/HRAppsV2/V1/rules/query?pxObjClass=Rule-HTML-Section&appliesTo=Rule-Declare-Collection&pyRuleName=undefined&RequestClass=Rule-HTML-Section&RequestAppliesTo=Rule-Declare-Collection&RequestRuleName=undefined Payload: "{\"RequestClass\":\"Rule-HTML-Section\",\"RequestAppliesTo\":\"Rule-Declare-Collection\",\"RequestRuleName\":\"undefined\"}" => HTTP 404 (18 bytes)
[PegaHttpClient] 📡 POST https://zdk8budo.pegaacademy.net/prweb/api/v1/rules/query?pxObjClass=Rule-HTML-Section&appliesTo=Rule-Declare-Collection&pyRuleName=undefined&RequestClass=Rule-HTML-Section&RequestAppliesTo=Rule-Declare-Collection&RequestRuleName=undefined Payload: "{\"RequestClass\":\"Rule-HTML-Section\",\"RequestAppliesTo\":\"Rule-Declare-Collection\",\"RequestRuleName\":\"undefined\"}" => HTTP 404 (18 bytes)
[PegaHttpClient] 📡 POST https://zdk8budo.pegaacademy.net/prweb/PRRestService/v1/rules/query?pxObjClass=Rule-HTML-Section&appliesTo=Rule-Declare-Collection&pyRuleName=undefined&RequestClass=Rule-HTML-Section&RequestAppliesTo=Rule-Declare-Collection&RequestRuleName=undefined Payload: "{\"RequestClass\":\"Rule-HTML-Section\",\"RequestAppliesTo\":\"Rule-Declare-Collection\",\"RequestRuleName\":\"undefined\"}" => HTTP 404 (18 bytes)
[PegaHttpClient] 📡 POST https://zdk8budo.pegaacademy.net/prweb/api/CodeIntelligence/v1/rules/query?pxObjClass=Rule-HTML-Section&appliesTo=Rule-Declare-Collection&pyRuleName=pzRuleFormToolbar&RequestClass=Rule-HTML-Section&RequestAppliesTo=Rule-Declare-Collection&RequestRuleName=pzRuleFormToolbar Payload: "{\"RequestClass\":\"Rule-HTML-Section\",\"RequestAppliesTo\":\"Rule-Declare-Collection\",\"RequestRuleName\":\"pzRuleFormToolbar\"}" => HTTP 200 (242691 bytes)
[PegaHttpClient] 📡 POST https://zdk8budo.pegaacademy.net/prweb/api/CodeIntelligence/v1/rules/query?pxObjClass=Rule-HTML-Section&appliesTo=Rule-Declare-Collection&pyRuleName=pzRuleFormToolbarCompare&RequestClass=Rule-HTML-Section&RequestAppliesTo=Rule-Declare-Collection&RequestRuleName=pzRuleFormToolbarCompare Payload: "{\"RequestClass\":\"Rule-HTML-Section\",\"RequestAppliesTo\":\"Rule-Declare-Collection\",\"RequestRuleName\":\"pzRuleFormToolbarCompare\"}" => HTTP 200 (61925 bytes)
[PegaHttpClient] 📡 POST https://zdk8budo.pegaacademy.net/prweb/api/CodeIntelligence/v1/rules/query?pxObjClass=Rule-HTML-Section&appliesTo=Rule-Declare-Collection&pyRuleName=RuleFormHeaderMessages&RequestClass=Rule-HTML-Section&RequestAppliesTo=Rule-Declare-Collection&RequestRuleName=RuleFormHeaderMessages Payload: "{\"RequestClass\":\"Rule-HTML-Section\",\"RequestAppliesTo\":\"Rule-Declare-Collection\",\"RequestRuleName\":\"RuleFormHeaderMessages\"}" => HTTP 200 (26518 bytes)
[PegaHttpClient] 📡 POST https://zdk8budo.pegaacademy.net/prweb/api/CodeIntelligence/v1/rules/query?pxObjClass=Rule-HTML-Section&appliesTo=Rule-Declare-Collection&pyRuleName=pzAlternateRuleInfo&RequestClass=Rule-HTML-Section&RequestAppliesTo=Rule-Declare-Collection&RequestRuleName=pzAlternateRuleInfo Payload: "{\"RequestClass\":\"Rule-HTML-Section\",\"RequestAppliesTo\":\"Rule-Declare-Collection\",\"RequestRuleName\":\"pzAlternateRuleInfo\"}" => HTTP 200 (140407 bytes)
[PegaHttpClient] 📡 POST https://zdk8budo.pegaacademy.net/prweb/api/CodeIntelligence/v1/rules/query?pxObjClass=Rule-HTML-Section&appliesTo=Rule-Declare-Collection&pyRuleName=RuleFormHistory_Description&RequestClass=Rule-HTML-Section&RequestAppliesTo=Rule-Declare-Collection&RequestRuleName=RuleFormHistory_Description Payload: "{\"RequestClass\":\"Rule-HTML-Section\",\"RequestAppliesTo\":\"Rule-Declare-Collection\",\"RequestRuleName\":\"RuleFormHistory_Description\"}" => HTTP 200 (46242 bytes)
[PegaHttpClient] 📡 POST https://zdk8budo.pegaacademy.net/prweb/api/CodeIntelligence/v1/rules/query?pxObjClass=Rule-HTML-Section&appliesTo=Rule-Declare-Collection&pyRuleName=RuleFormHistory_CustomFields&RequestClass=Rule-HTML-Section&RequestAppliesTo=Rule-Declare-Collection&RequestRuleName=RuleFormHistory_CustomFields Payload: "{\"RequestClass\":\"Rule-HTML-Section\",\"RequestAppliesTo\":\"Rule-Declare-Collection\",\"RequestRuleName\":\"RuleFormHistory_CustomFields\"}" => HTTP 200 (75856 bytes)
[PegaHttpClient] 📡 POST https://zdk8budo.pegaacademy.net/prweb/api/CodeIntelligence/v1/rules/query?pxObjClass=Rule-HTML-Section&appliesTo=Rule-Declare-Collection&pyRuleName=RuleFormHistory_HistoryDetails&RequestClass=Rule-HTML-Section&RequestAppliesTo=Rule-Declare-Collection&RequestRuleName=RuleFormHistory_HistoryDetails Payload: "{\"RequestClass\":\"Rule-HTML-Section\",\"RequestAppliesTo\":\"Rule-Declare-Collection\",\"RequestRuleName\":\"RuleFormHistory_HistoryDetails\"}" => HTTP 200 (179535 bytes)
[PegaHttpClient] 📡 POST https://zdk8budo.pegaacademy.net/prweb/api/CodeIntelligence/v1/rules/query?pxObjClass=Rule-HTML-Section&appliesTo=Rule-Declare-Collection&pyRuleName=pzRuleFormStatus&RequestClass=Rule-HTML-Section&RequestAppliesTo=Rule-Declare-Collection&RequestRuleName=pzRuleFormStatus Payload: "{\"RequestClass\":\"Rule-HTML-Section\",\"RequestAppliesTo\":\"Rule-Declare-Collection\",\"RequestRuleName\":\"pzRuleFormStatus\"}" => HTTP 200 (97627 bytes)
[PegaHttpClient] 📡 POST https://zdk8budo.pegaacademy.net/prweb/api/CodeIntelligence/v1/rules/query?pxObjClass=Rule-HTML-Section&appliesTo=Rule-Declare-Collection&pyRuleName=pzRuleFormHeaderCompareWithDropDown&RequestClass=Rule-HTML-Section&RequestAppliesTo=Rule-Declare-Collection&RequestRuleName=pzRuleFormHeaderCompareWithDropDown Payload: "{\"RequestClass\":\"Rule-HTML-Section\",\"RequestAppliesTo\":\"Rule-Declare-Collection\",\"RequestRuleName\":\"pzRuleFormHeaderCompareWithDropDown\"}" => HTTP 200 (25396 bytes)
[PegaHttpClient] 📡 POST https://zdk8budo.pegaacademy.net/prweb/api/CodeIntelligence/v1/rules/query?pxObjClass=Rule-HTML-Section&appliesTo=Rule-Declare-Collection&pyRuleName=undefined&RequestClass=Rule-HTML-Section&RequestAppliesTo=Rule-Declare-Collection&RequestRuleName=undefined Payload: "{\"RequestClass\":\"Rule-HTML-Section\",\"RequestAppliesTo\":\"Rule-Declare-Collection\",\"RequestRuleName\":\"undefined\"}" => HTTP 404 (110 bytes)
[PegaHttpClient] 📡 POST https://zdk8budo.pegaacademy.net/prweb/PRRestService/CodeIntelligence/v1/rules/query?pxObjClass=Rule-HTML-Section&appliesTo=Rule-Declare-Collection&pyRuleName=undefined&RequestClass=Rule-HTML-Section&RequestAppliesTo=Rule-Declare-Collection&RequestRuleName=undefined Payload: "{\"RequestClass\":\"Rule-HTML-Section\",\"RequestAppliesTo\":\"Rule-Declare-Collection\",\"RequestRuleName\":\"undefined\"}" => HTTP 404 (110 bytes)
[PegaHttpClient] 📡 POST https://zdk8budo.pegaacademy.net/prweb/api/HRAppsV2Service/V1/rules/query?pxObjClass=Rule-HTML-Section&appliesTo=Rule-Declare-Collection&pyRuleName=undefined&RequestClass=Rule-HTML-Section&RequestAppliesTo=Rule-Declare-Collection&RequestRuleName=undefined Payload: "{\"RequestClass\":\"Rule-HTML-Section\",\"RequestAppliesTo\":\"Rule-Declare-Collection\",\"RequestRuleName\":\"undefined\"}" => HTTP 404 (18 bytes)
[PegaHttpClient] 📡 POST https://zdk8budo.pegaacademy.net/prweb/PRRestService/HRAppsV2Service/V1/rules/query?pxObjClass=Rule-HTML-Section&appliesTo=Rule-Declare-Collection&pyRuleName=undefined&RequestClass=Rule-HTML-Section&RequestAppliesTo=Rule-Declare-Collection&RequestRuleName=undefined Payload: "{\"RequestClass\":\"Rule-HTML-Section\",\"RequestAppliesTo\":\"Rule-Declare-Collection\",\"RequestRuleName\":\"undefined\"}" => HTTP 404 (18 bytes)
[PegaHttpClient] 📡 POST https://zdk8budo.pegaacademy.net/prweb/api/HRAppsV2/V1/rules/query?pxObjClass=Rule-HTML-Section&appliesTo=Rule-Declare-Collection&pyRuleName=undefined&RequestClass=Rule-HTML-Section&RequestAppliesTo=Rule-Declare-Collection&RequestRuleName=undefined Payload: "{\"RequestClass\":\"Rule-HTML-Section\",\"RequestAppliesTo\":\"Rule-Declare-Collection\",\"RequestRuleName\":\"undefined\"}" => HTTP 404 (18 bytes)
[PegaHttpClient] 📡 POST https://zdk8budo.pegaacademy.net/prweb/PRRestService/HRAppsV2/V1/rules/query?pxObjClass=Rule-HTML-Section&appliesTo=Rule-Declare-Collection&pyRuleName=undefined&RequestClass=Rule-HTML-Section&RequestAppliesTo=Rule-Declare-Collection&RequestRuleName=undefined Payload: "{\"RequestClass\":\"Rule-HTML-Section\",\"RequestAppliesTo\":\"Rule-Declare-Collection\",\"RequestRuleName\":\"undefined\"}" => HTTP 404 (18 bytes)
[PegaHttpClient] 📡 POST https://zdk8budo.pegaacademy.net/prweb/api/v1/rules/query?pxObjClass=Rule-HTML-Section&appliesTo=Rule-Declare-Collection&pyRuleName=undefined&RequestClass=Rule-HTML-Section&RequestAppliesTo=Rule-Declare-Collection&RequestRuleName=undefined Payload: "{\"RequestClass\":\"Rule-HTML-Section\",\"RequestAppliesTo\":\"Rule-Declare-Collection\",\"RequestRuleName\":\"undefined\"}" => HTTP 404 (18 bytes)
[PegaHttpClient] 📡 POST https://zdk8budo.pegaacademy.net/prweb/PRRestService/v1/rules/query?pxObjClass=Rule-HTML-Section&appliesTo=Rule-Declare-Collection&pyRuleName=undefined&RequestClass=Rule-HTML-Section&RequestAppliesTo=Rule-Declare-Collection&RequestRuleName=undefined Payload: "{\"RequestClass\":\"Rule-HTML-Section\",\"RequestAppliesTo\":\"Rule-Declare-Collection\",\"RequestRuleName\":\"undefined\"}" => HTTP 404 (18 bytes)
[PegaHttpClient] 📡 POST https://zdk8budo.pegaacademy.net/prweb/api/CodeIntelligence/v1/rules/query?pxObjClass=Rule-HTML-Section&appliesTo=Rule-Declare-Collection&pyRuleName=pzRuleFormToolbarHotKeys&RequestClass=Rule-HTML-Section&RequestAppliesTo=Rule-Declare-Collection&RequestRuleName=pzRuleFormToolbarHotKeys Payload: "{\"RequestClass\":\"Rule-HTML-Section\",\"RequestAppliesTo\":\"Rule-Declare-Collection\",\"RequestRuleName\":\"pzRuleFormToolbarHotKeys\"}" => HTTP 200 (85058 bytes)
[PegaHttpClient] 📡 POST https://zdk8budo.pegaacademy.net/prweb/api/CodeIntelligence/v1/rules/query?pxObjClass=Rule-HTML-Section&appliesTo=Rule-Declare-Collection&pyRuleName=pzRuleFormToolbarLockedIcon&RequestClass=Rule-HTML-Section&RequestAppliesTo=Rule-Declare-Collection&RequestRuleName=pzRuleFormToolbarLockedIcon Payload: "{\"RequestClass\":\"Rule-HTML-Section\",\"RequestAppliesTo\":\"Rule-Declare-Collection\",\"RequestRuleName\":\"pzRuleFormToolbarLockedIcon\"}" => HTTP 200 (24898 bytes)
[PegaHttpClient] 📡 POST https://zdk8budo.pegaacademy.net/prweb/api/CodeIntelligence/v1/rules/query?pxObjClass=Rule-HTML-Section&appliesTo=Rule-Declare-Collection&pyRuleName=pzRuleFormToolbarCollaborators&RequestClass=Rule-HTML-Section&RequestAppliesTo=Rule-Declare-Collection&RequestRuleName=pzRuleFormToolbarCollaborators Payload: "{\"RequestClass\":\"Rule-HTML-Section\",\"RequestAppliesTo\":\"Rule-Declare-Collection\",\"RequestRuleName\":\"pzRuleFormToolbarCollaborators\"}" => HTTP 200 (15254 bytes)
[PegaHttpClient] 📡 POST https://zdk8budo.pegaacademy.net/prweb/api/CodeIntelligence/v1/rules/query?pxObjClass=Rule-HTML-Section&appliesTo=Rule-Declare-Collection&pyRuleName=pzRuleFormToolbarSaveAs&RequestClass=Rule-HTML-Section&RequestAppliesTo=Rule-Declare-Collection&RequestRuleName=pzRuleFormToolbarSaveAs Payload: "{\"RequestClass\":\"Rule-HTML-Section\",\"RequestAppliesTo\":\"Rule-Declare-Collection\",\"RequestRuleName\":\"pzRuleFormToolbarSaveAs\"}" => HTTP 200 (64084 bytes)
[PegaHttpClient] 📡 POST https://zdk8budo.pegaacademy.net/prweb/api/CodeIntelligence/v1/rules/query?pxObjClass=Rule-HTML-Section&appliesTo=Rule-Declare-Collection&pyRuleName=pzRuleFormToolbarCheckin&RequestClass=Rule-HTML-Section&RequestAppliesTo=Rule-Declare-Collection&RequestRuleName=pzRuleFormToolbarCheckin Payload: "{\"RequestClass\":\"Rule-HTML-Section\",\"RequestAppliesTo\":\"Rule-Declare-Collection\",\"RequestRuleName\":\"pzRuleFormToolbarCheckin\"}" => HTTP 200 (119096 bytes)
[PegaHttpClient] 📡 POST https://zdk8budo.pegaacademy.net/prweb/api/CodeIntelligence/v1/rules/query?pxObjClass=Rule-HTML-Section&appliesTo=Rule-Declare-Collection&pyRuleName=pzRuleFormToolbarDelete&RequestClass=Rule-HTML-Section&RequestAppliesTo=Rule-Declare-Collection&RequestRuleName=pzRuleFormToolbarDelete Payload: "{\"RequestClass\":\"Rule-HTML-Section\",\"RequestAppliesTo\":\"Rule-Declare-Collection\",\"RequestRuleName\":\"pzRuleFormToolbarDelete\"}" => HTTP 200 (30249 bytes)
[PegaHttpClient] 📡 POST https://zdk8budo.pegaacademy.net/prweb/api/CodeIntelligence/v1/rules/query?pxObjClass=Rule-HTML-Section&appliesTo=Rule-Declare-Collection&pyRuleName=pzRuleFormToolbarSave&RequestClass=Rule-HTML-Section&RequestAppliesTo=Rule-Declare-Collection&RequestRuleName=pzRuleFormToolbarSave Payload: "{\"RequestClass\":\"Rule-HTML-Section\",\"RequestAppliesTo\":\"Rule-Declare-Collection\",\"RequestRuleName\":\"pzRuleFormToolbarSave\"}" => HTTP 200 (293885 bytes)
[PegaHttpClient] 📡 POST https://zdk8budo.pegaacademy.net/prweb/api/CodeIntelligence/v1/rules/query?pxObjClass=Rule-HTML-Section&appliesTo=Rule-Declare-Collection&pyRuleName=pzRuleFormToolbarCheckout&RequestClass=Rule-HTML-Section&RequestAppliesTo=Rule-Declare-Collection&RequestRuleName=pzRuleFormToolbarCheckout Payload: "{\"RequestClass\":\"Rule-HTML-Section\",\"RequestAppliesTo\":\"Rule-Declare-Collection\",\"RequestRuleName\":\"pzRuleFormToolbarCheckout\"}" => HTTP 200 (238148 bytes)
[PegaHttpClient] 📡 POST https://zdk8budo.pegaacademy.net/prweb/api/CodeIntelligence/v1/rules/query?pxObjClass=Rule-HTML-Section&appliesTo=Rule-Declare-Collection&pyRuleName=pzRemoveErrorsDataPage&RequestClass=Rule-HTML-Section&RequestAppliesTo=Rule-Declare-Collection&RequestRuleName=pzRemoveErrorsDataPage Payload: "{\"RequestClass\":\"Rule-HTML-Section\",\"RequestAppliesTo\":\"Rule-Declare-Collection\",\"RequestRuleName\":\"pzRemoveErrorsDataPage\"}" => HTTP 200 (16733 bytes)
[PegaHttpClient] 📡 POST https://zdk8budo.pegaacademy.net/prweb/api/CodeIntelligence/v1/rules/query?pxObjClass=Rule-HTML-Section&appliesTo=Rule-Declare-Collection&pyRuleName=pzRuleFormHeaderMessagesWrapper&RequestClass=Rule-HTML-Section&RequestAppliesTo=Rule-Declare-Collection&RequestRuleName=pzRuleFormHeaderMessagesWrapper Payload: "{\"RequestClass\":\"Rule-HTML-Section\",\"RequestAppliesTo\":\"Rule-Declare-Collection\",\"RequestRuleName\":\"pzRuleFormHeaderMessagesWrapper\"}" => HTTP 200 (16981 bytes)
[PegaHttpClient] 📡 POST https://zdk8budo.pegaacademy.net/prweb/api/CodeIntelligence/v1/rules/query?pxObjClass=Rule-HTML-Section&appliesTo=Rule-Declare-Collection&pyRuleName=pzScm_RuleHistory&RequestClass=Rule-HTML-Section&RequestAppliesTo=Rule-Declare-Collection&RequestRuleName=pzScm_RuleHistory Payload: "{\"RequestClass\":\"Rule-HTML-Section\",\"RequestAppliesTo\":\"Rule-Declare-Collection\",\"RequestRuleName\":\"pzScm_RuleHistory\"}" => HTTP 200 (14682 bytes)
[PegaHttpClient] 📡 POST https://zdk8budo.pegaacademy.net/prweb/api/CodeIntelligence/v1/rules/query?pxObjClass=Rule-HTML-Section&appliesTo=Rule-Declare-Collection&pyRuleName=pxDisplayCollaborators&RequestClass=Rule-HTML-Section&RequestAppliesTo=Rule-Declare-Collection&RequestRuleName=pxDisplayCollaborators Payload: "{\"RequestClass\":\"Rule-HTML-Section\",\"RequestAppliesTo\":\"Rule-Declare-Collection\",\"RequestRuleName\":\"pxDisplayCollaborators\"}" => HTTP 200 (94171 bytes)
[PegaHttpClient] 📡 POST https://zdk8budo.pegaacademy.net/prweb/api/CodeIntelligence/v1/rules/query?pxObjClass=Rule-HTML-Section&appliesTo=Rule-Declare-Collection&pyRuleName=pzRuleFormToolbarDeleteCheckOut&RequestClass=Rule-HTML-Section&RequestAppliesTo=Rule-Declare-Collection&RequestRuleName=pzRuleFormToolbarDeleteCheckOut Payload: "{\"RequestClass\":\"Rule-HTML-Section\",\"RequestAppliesTo\":\"Rule-Declare-Collection\",\"RequestRuleName\":\"pzRuleFormToolbarDeleteCheckOut\"}" => HTTP 200 (29433 bytes)
[PegaHttpClient] 📡 POST https://zdk8budo.pegaacademy.net/prweb/api/CodeIntelligence/v1/rules/query?pxObjClass=Rule-HTML-Section&appliesTo=Rule-Declare-Collection&pyRuleName=pzRuleFormToolbarDeleteRule&RequestClass=Rule-HTML-Section&RequestAppliesTo=Rule-Declare-Collection&RequestRuleName=pzRuleFormToolbarDeleteRule Payload: "{\"RequestClass\":\"Rule-HTML-Section\",\"RequestAppliesTo\":\"Rule-Declare-Collection\",\"RequestRuleName\":\"pzRuleFormToolbarDeleteRule\"}" => HTTP 200 (32314 bytes)
[PegaHttpClient] 📡 POST https://zdk8budo.pegaacademy.net/prweb/api/CodeIntelligence/v1/rules/query?pxObjClass=Rule-HTML-Section&appliesTo=Rule-Declare-Collection&pyRuleName=pzLoadCollaborationScripts&RequestClass=Rule-HTML-Section&RequestAppliesTo=Rule-Declare-Collection&RequestRuleName=pzLoadCollaborationScripts Payload: "{\"RequestClass\":\"Rule-HTML-Section\",\"RequestAppliesTo\":\"Rule-Declare-Collection\",\"RequestRuleName\":\"pzLoadCollaborationScripts\"}" => HTTP 200 (23453 bytes)
[PegaHttpClient] 📡 POST https://zdk8budo.pegaacademy.net/prweb/api/CodeIntelligence/v1/rules/query?pxObjClass=Rule-HTML-Section&appliesTo=Rule-Declare-Collection&pyRuleName=pzDisplayCollaboratorsList&RequestClass=Rule-HTML-Section&RequestAppliesTo=Rule-Declare-Collection&RequestRuleName=pzDisplayCollaboratorsList Payload: "{\"RequestClass\":\"Rule-HTML-Section\",\"RequestAppliesTo\":\"Rule-Declare-Collection\",\"RequestRuleName\":\"pzDisplayCollaboratorsList\"}" => HTTP 200 (105418 bytes)
[PegaHttpClient] 📡 POST https://zdk8budo.pegaacademy.net/prweb/api/CodeIntelligence/v1/rules/query?pxObjClass=Rule-HTML-Section&appliesTo=Rule-Declare-Collection&pyRuleName=pyCollaborator&RequestClass=Rule-HTML-Section&RequestAppliesTo=Rule-Declare-Collection&RequestRuleName=pyCollaborator Payload: "{\"RequestClass\":\"Rule-HTML-Section\",\"RequestAppliesTo\":\"Rule-Declare-Collection\",\"RequestRuleName\":\"pyCollaborator\"}" => HTTP 404 (115 bytes)
[PegaHttpClient] 📡 POST https://zdk8budo.pegaacademy.net/prweb/PRRestService/CodeIntelligence/v1/rules/query?pxObjClass=Rule-HTML-Section&appliesTo=Rule-Declare-Collection&pyRuleName=pyCollaborator&RequestClass=Rule-HTML-Section&RequestAppliesTo=Rule-Declare-Collection&RequestRuleName=pyCollaborator Payload: "{\"RequestClass\":\"Rule-HTML-Section\",\"RequestAppliesTo\":\"Rule-Declare-Collection\",\"RequestRuleName\":\"pyCollaborator\"}" => HTTP 404 (115 bytes)
[PegaHttpClient] 📡 POST https://zdk8budo.pegaacademy.net/prweb/api/HRAppsV2Service/V1/rules/query?pxObjClass=Rule-HTML-Section&appliesTo=Rule-Declare-Collection&pyRuleName=pyCollaborator&RequestClass=Rule-HTML-Section&RequestAppliesTo=Rule-Declare-Collection&RequestRuleName=pyCollaborator Payload: "{\"RequestClass\":\"Rule-HTML-Section\",\"RequestAppliesTo\":\"Rule-Declare-Collection\",\"RequestRuleName\":\"pyCollaborator\"}" => HTTP 404 (18 bytes)
[PegaHttpClient] 📡 POST https://zdk8budo.pegaacademy.net/prweb/PRRestService/HRAppsV2Service/V1/rules/query?pxObjClass=Rule-HTML-Section&appliesTo=Rule-Declare-Collection&pyRuleName=pyCollaborator&RequestClass=Rule-HTML-Section&RequestAppliesTo=Rule-Declare-Collection&RequestRuleName=pyCollaborator Payload: "{\"RequestClass\":\"Rule-HTML-Section\",\"RequestAppliesTo\":\"Rule-Declare-Collection\",\"RequestRuleName\":\"pyCollaborator\"}" => HTTP 404 (18 bytes)
[PegaHttpClient] 📡 POST https://zdk8budo.pegaacademy.net/prweb/api/HRAppsV2/V1/rules/query?pxObjClass=Rule-HTML-Section&appliesTo=Rule-Declare-Collection&pyRuleName=pyCollaborator&RequestClass=Rule-HTML-Section&RequestAppliesTo=Rule-Declare-Collection&RequestRuleName=pyCollaborator Payload: "{\"RequestClass\":\"Rule-HTML-Section\",\"RequestAppliesTo\":\"Rule-Declare-Collection\",\"RequestRuleName\":\"pyCollaborator\"}" => HTTP 404 (18 bytes)
[PegaHttpClient] 📡 POST https://zdk8budo.pegaacademy.net/prweb/PRRestService/HRAppsV2/V1/rules/query?pxObjClass=Rule-HTML-Section&appliesTo=Rule-Declare-Collection&pyRuleName=pyCollaborator&RequestClass=Rule-HTML-Section&RequestAppliesTo=Rule-Declare-Collection&RequestRuleName=pyCollaborator Payload: "{\"RequestClass\":\"Rule-HTML-Section\",\"RequestAppliesTo\":\"Rule-Declare-Collection\",\"RequestRuleName\":\"pyCollaborator\"}" => HTTP 404 (18 bytes)
[PegaHttpClient] 📡 POST https://zdk8budo.pegaacademy.net/prweb/api/v1/rules/query?pxObjClass=Rule-HTML-Section&appliesTo=Rule-Declare-Collection&pyRuleName=pyCollaborator&RequestClass=Rule-HTML-Section&RequestAppliesTo=Rule-Declare-Collection&RequestRuleName=pyCollaborator Payload: "{\"RequestClass\":\"Rule-HTML-Section\",\"RequestAppliesTo\":\"Rule-Declare-Collection\",\"RequestRuleName\":\"pyCollaborator\"}" => HTTP 404 (18 bytes)
[PegaHttpClient] 📡 POST https://zdk8budo.pegaacademy.net/prweb/PRRestService/v1/rules/query?pxObjClass=Rule-HTML-Section&appliesTo=Rule-Declare-Collection&pyRuleName=pyCollaborator&RequestClass=Rule-HTML-Section&RequestAppliesTo=Rule-Declare-Collection&RequestRuleName=pyCollaborator Payload: "{\"RequestClass\":\"Rule-HTML-Section\",\"RequestAppliesTo\":\"Rule-Declare-Collection\",\"RequestRuleName\":\"pyCollaborator\"}" => HTTP 404 (18 bytes)
[PegaHttpClient] 📡 POST https://zdk8budo.pegaacademy.net/prweb/api/CodeIntelligence/v1/rules/query?pxObjClass=Rule-HTML-Section&appliesTo=Rule-Declare-Collection&pyRuleName=pzDisplayPartialCount&RequestClass=Rule-HTML-Section&RequestAppliesTo=Rule-Declare-Collection&RequestRuleName=pzDisplayPartialCount Payload: "{\"RequestClass\":\"Rule-HTML-Section\",\"RequestAppliesTo\":\"Rule-Declare-Collection\",\"RequestRuleName\":\"pzDisplayPartialCount\"}" => HTTP 404 (122 bytes)
[PegaHttpClient] 📡 POST https://zdk8budo.pegaacademy.net/prweb/PRRestService/CodeIntelligence/v1/rules/query?pxObjClass=Rule-HTML-Section&appliesTo=Rule-Declare-Collection&pyRuleName=pzDisplayPartialCount&RequestClass=Rule-HTML-Section&RequestAppliesTo=Rule-Declare-Collection&RequestRuleName=pzDisplayPartialCount Payload: "{\"RequestClass\":\"Rule-HTML-Section\",\"RequestAppliesTo\":\"Rule-Declare-Collection\",\"RequestRuleName\":\"pzDisplayPartialCount\"}" => HTTP 404 (122 bytes)
[PegaHttpClient] 📡 POST https://zdk8budo.pegaacademy.net/prweb/api/HRAppsV2Service/V1/rules/query?pxObjClass=Rule-HTML-Section&appliesTo=Rule-Declare-Collection&pyRuleName=pzDisplayPartialCount&RequestClass=Rule-HTML-Section&RequestAppliesTo=Rule-Declare-Collection&RequestRuleName=pzDisplayPartialCount Payload: "{\"RequestClass\":\"Rule-HTML-Section\",\"RequestAppliesTo\":\"Rule-Declare-Collection\",\"RequestRuleName\":\"pzDisplayPartialCount\"}" => HTTP 404 (18 bytes)
[PegaHttpClient] 📡 POST https://zdk8budo.pegaacademy.net/prweb/PRRestService/HRAppsV2Service/V1/rules/query?pxObjClass=Rule-HTML-Section&appliesTo=Rule-Declare-Collection&pyRuleName=pzDisplayPartialCount&RequestClass=Rule-HTML-Section&RequestAppliesTo=Rule-Declare-Collection&RequestRuleName=pzDisplayPartialCount Payload: "{\"RequestClass\":\"Rule-HTML-Section\",\"RequestAppliesTo\":\"Rule-Declare-Collection\",\"RequestRuleName\":\"pzDisplayPartialCount\"}" => HTTP 404 (18 bytes)
[PegaHttpClient] 📡 POST https://zdk8budo.pegaacademy.net/prweb/api/HRAppsV2/V1/rules/query?pxObjClass=Rule-HTML-Section&appliesTo=Rule-Declare-Collection&pyRuleName=pzDisplayPartialCount&RequestClass=Rule-HTML-Section&RequestAppliesTo=Rule-Declare-Collection&RequestRuleName=pzDisplayPartialCount Payload: "{\"RequestClass\":\"Rule-HTML-Section\",\"RequestAppliesTo\":\"Rule-Declare-Collection\",\"RequestRuleName\":\"pzDisplayPartialCount\"}" => HTTP 404 (18 bytes)
[PegaHttpClient] 📡 POST https://zdk8budo.pegaacademy.net/prweb/PRRestService/HRAppsV2/V1/rules/query?pxObjClass=Rule-HTML-Section&appliesTo=Rule-Declare-Collection&pyRuleName=pzDisplayPartialCount&RequestClass=Rule-HTML-Section&RequestAppliesTo=Rule-Declare-Collection&RequestRuleName=pzDisplayPartialCount Payload: "{\"RequestClass\":\"Rule-HTML-Section\",\"RequestAppliesTo\":\"Rule-Declare-Collection\",\"RequestRuleName\":\"pzDisplayPartialCount\"}" => HTTP 404 (18 bytes)
[PegaHttpClient] 📡 POST https://zdk8budo.pegaacademy.net/prweb/api/v1/rules/query?pxObjClass=Rule-HTML-Section&appliesTo=Rule-Declare-Collection&pyRuleName=pzDisplayPartialCount&RequestClass=Rule-HTML-Section&RequestAppliesTo=Rule-Declare-Collection&RequestRuleName=pzDisplayPartialCount Payload: "{\"RequestClass\":\"Rule-HTML-Section\",\"RequestAppliesTo\":\"Rule-Declare-Collection\",\"RequestRuleName\":\"pzDisplayPartialCount\"}" => HTTP 404 (18 bytes)
[PegaHttpClient] 📡 POST https://zdk8budo.pegaacademy.net/prweb/PRRestService/v1/rules/query?pxObjClass=Rule-HTML-Section&appliesTo=Rule-Declare-Collection&pyRuleName=pzDisplayPartialCount&RequestClass=Rule-HTML-Section&RequestAppliesTo=Rule-Declare-Collection&RequestRuleName=pzDisplayPartialCount Payload: "{\"RequestClass\":\"Rule-HTML-Section\",\"RequestAppliesTo\":\"Rule-Declare-Collection\",\"RequestRuleName\":\"pzDisplayPartialCount\"}" => HTTP 404 (18 bytes)
[SchemaGen] ✅ Schema written for Rule-Declare-Collection
[PegaHttpClient] 📡 GET https://zdk8budo.pegaacademy.net/prweb/api/CodeIntelligence/v1/rules/RULE-HTML-HARNESS%20RULE-CIRCUMSTANCE-DEFINITION%20RULEFORM%20%2320180713T140753.877%20GMT => HTTP 200 (64428 bytes)
[PegaHttpClient] 📡 POST https://zdk8budo.pegaacademy.net/prweb/api/CodeIntelligence/v1/rules/query?pxObjClass=Rule-HTML-Section&appliesTo=Rule-Circumstance-Definition&pyRuleName=RuleFormMain&RequestClass=Rule-HTML-Section&RequestAppliesTo=Rule-Circumstance-Definition&RequestRuleName=RuleFormMain Payload: "{\"RequestClass\":\"Rule-HTML-Section\",\"RequestAppliesTo\":\"Rule-Circumstance-Definition\",\"RequestRuleName\":\"RuleFormMain\"}" => HTTP 200 (156234 bytes)
[PegaHttpClient] 📡 POST https://zdk8budo.pegaacademy.net/prweb/api/CodeIntelligence/v1/rules/query?pxObjClass=Rule-HTML-Section&appliesTo=Rule-Circumstance-Definition&pyRuleName=pxAlternateRuleForm&RequestClass=Rule-HTML-Section&RequestAppliesTo=Rule-Circumstance-Definition&RequestRuleName=pxAlternateRuleForm Payload: "{\"RequestClass\":\"Rule-HTML-Section\",\"RequestAppliesTo\":\"Rule-Circumstance-Definition\",\"RequestRuleName\":\"pxAlternateRuleForm\"}" => HTTP 200 (66153 bytes)
[PegaHttpClient] 📡 POST https://zdk8budo.pegaacademy.net/prweb/api/CodeIntelligence/v1/rules/query?pxObjClass=Rule-HTML-Section&appliesTo=Rule-Circumstance-Definition&pyRuleName=pzRuleFormScripts&RequestClass=Rule-HTML-Section&RequestAppliesTo=Rule-Circumstance-Definition&RequestRuleName=pzRuleFormScripts Payload: "{\"RequestClass\":\"Rule-HTML-Section\",\"RequestAppliesTo\":\"Rule-Circumstance-Definition\",\"RequestRuleName\":\"pzRuleFormScripts\"}" => HTTP 200 (40822 bytes)
[PegaHttpClient] 📡 POST https://zdk8budo.pegaacademy.net/prweb/api/CodeIntelligence/v1/rules/query?pxObjClass=Rule-HTML-Section&appliesTo=Rule-Circumstance-Definition&pyRuleName=pzRuleFormLayoutDelegated&RequestClass=Rule-HTML-Section&RequestAppliesTo=Rule-Circumstance-Definition&RequestRuleName=pzRuleFormLayoutDelegated Payload: "{\"RequestClass\":\"Rule-HTML-Section\",\"RequestAppliesTo\":\"Rule-Circumstance-Definition\",\"RequestRuleName\":\"pzRuleFormLayoutDelegated\"}" => HTTP 200 (70998 bytes)
[PegaHttpClient] 📡 POST https://zdk8budo.pegaacademy.net/prweb/api/CodeIntelligence/v1/rules/query?pxObjClass=Rule-HTML-Section&appliesTo=Rule-Circumstance-Definition&pyRuleName=RuleFormLayout&RequestClass=Rule-HTML-Section&RequestAppliesTo=Rule-Circumstance-Definition&RequestRuleName=RuleFormLayout Payload: "{\"RequestClass\":\"Rule-HTML-Section\",\"RequestAppliesTo\":\"Rule-Circumstance-Definition\",\"RequestRuleName\":\"RuleFormLayout\"}" => HTTP 200 (108935 bytes)
[PegaHttpClient] 📡 POST https://zdk8budo.pegaacademy.net/prweb/api/CodeIntelligence/v1/rules/query?pxObjClass=Rule-HTML-Section&appliesTo=Rule-Circumstance-Definition&pyRuleName=RuleFormSettings&RequestClass=Rule-HTML-Section&RequestAppliesTo=Rule-Circumstance-Definition&RequestRuleName=RuleFormSettings Payload: "{\"RequestClass\":\"Rule-HTML-Section\",\"RequestAppliesTo\":\"Rule-Circumstance-Definition\",\"RequestRuleName\":\"RuleFormSettings\"}" => HTTP 200 (20540 bytes)
[PegaHttpClient] 📡 POST https://zdk8budo.pegaacademy.net/prweb/api/CodeIntelligence/v1/rules/query?pxObjClass=Rule-HTML-Section&appliesTo=Rule-Circumstance-Definition&pyRuleName=OpenAuthoring&RequestClass=Rule-HTML-Section&RequestAppliesTo=Rule-Circumstance-Definition&RequestRuleName=OpenAuthoring Payload: "{\"RequestClass\":\"Rule-HTML-Section\",\"RequestAppliesTo\":\"Rule-Circumstance-Definition\",\"RequestRuleName\":\"OpenAuthoring\"}" => HTTP 200 (23695 bytes)
[PegaHttpClient] 📡 POST https://zdk8budo.pegaacademy.net/prweb/api/CodeIntelligence/v1/rules/query?pxObjClass=Rule-HTML-Section&appliesTo=Rule-Circumstance-Definition&pyRuleName=pyCustomHelp&RequestClass=Rule-HTML-Section&RequestAppliesTo=Rule-Circumstance-Definition&RequestRuleName=pyCustomHelp Payload: "{\"RequestClass\":\"Rule-HTML-Section\",\"RequestAppliesTo\":\"Rule-Circumstance-Definition\",\"RequestRuleName\":\"pyCustomHelp\"}" => HTTP 200 (17256 bytes)
[PegaHttpClient] 📡 POST https://zdk8budo.pegaacademy.net/prweb/api/CodeIntelligence/v1/rules/query?pxObjClass=Rule-HTML-Section&appliesTo=Rule-Circumstance-Definition&pyRuleName=pzRuleformMainInclude&RequestClass=Rule-HTML-Section&RequestAppliesTo=Rule-Circumstance-Definition&RequestRuleName=pzRuleformMainInclude Payload: "{\"RequestClass\":\"Rule-HTML-Section\",\"RequestAppliesTo\":\"Rule-Circumstance-Definition\",\"RequestRuleName\":\"pzRuleformMainInclude\"}" => HTTP 200 (22375 bytes)
[PegaHttpClient] 📡 POST https://zdk8budo.pegaacademy.net/prweb/api/CodeIntelligence/v1/rules/query?pxObjClass=Rule-HTML-Section&appliesTo=Rule-Circumstance-Definition&pyRuleName=pyAlternativeRuleFormStrategicAppExtension&RequestClass=Rule-HTML-Section&RequestAppliesTo=Rule-Circumstance-Definition&RequestRuleName=pyAlternativeRuleFormStrategicAppExtension Payload: "{\"RequestClass\":\"Rule-HTML-Section\",\"RequestAppliesTo\":\"Rule-Circumstance-Definition\",\"RequestRuleName\":\"pyAlternativeRuleFormStrategicAppExtension\"}" => HTTP 200 (25042 bytes)
[PegaHttpClient] 📡 POST https://zdk8budo.pegaacademy.net/prweb/api/CodeIntelligence/v1/rules/query?pxObjClass=Rule-HTML-Section&appliesTo=Rule-Circumstance-Definition&pyRuleName=pyAlternativeRuleFormExtension&RequestClass=Rule-HTML-Section&RequestAppliesTo=Rule-Circumstance-Definition&RequestRuleName=pyAlternativeRuleFormExtension Payload: "{\"RequestClass\":\"Rule-HTML-Section\",\"RequestAppliesTo\":\"Rule-Circumstance-Definition\",\"RequestRuleName\":\"pyAlternativeRuleFormExtension\"}" => HTTP 200 (24863 bytes)
[PegaHttpClient] 📡 POST https://zdk8budo.pegaacademy.net/prweb/api/CodeIntelligence/v1/rules/query?pxObjClass=Rule-HTML-Section&appliesTo=Rule-Circumstance-Definition&pyRuleName=RuleFormHeader&RequestClass=Rule-HTML-Section&RequestAppliesTo=Rule-Circumstance-Definition&RequestRuleName=RuleFormHeader Payload: "{\"RequestClass\":\"Rule-HTML-Section\",\"RequestAppliesTo\":\"Rule-Circumstance-Definition\",\"RequestRuleName\":\"RuleFormHeader\"}" => HTTP 200 (183800 bytes)
[PegaHttpClient] 📡 POST https://zdk8budo.pegaacademy.net/prweb/api/CodeIntelligence/v1/rules/query?pxObjClass=Rule-HTML-Section&appliesTo=Rule-Circumstance-Definition&pyRuleName=pzDelegationExperience&RequestClass=Rule-HTML-Section&RequestAppliesTo=Rule-Circumstance-Definition&RequestRuleName=pzDelegationExperience Payload: "{\"RequestClass\":\"Rule-HTML-Section\",\"RequestAppliesTo\":\"Rule-Circumstance-Definition\",\"RequestRuleName\":\"pzDelegationExperience\"}" => HTTP 404 (128 bytes)
[PegaHttpClient] 📡 POST https://zdk8budo.pegaacademy.net/prweb/PRRestService/CodeIntelligence/v1/rules/query?pxObjClass=Rule-HTML-Section&appliesTo=Rule-Circumstance-Definition&pyRuleName=pzDelegationExperience&RequestClass=Rule-HTML-Section&RequestAppliesTo=Rule-Circumstance-Definition&RequestRuleName=pzDelegationExperience Payload: "{\"RequestClass\":\"Rule-HTML-Section\",\"RequestAppliesTo\":\"Rule-Circumstance-Definition\",\"RequestRuleName\":\"pzDelegationExperience\"}" => HTTP 404 (128 bytes)
[PegaHttpClient] 📡 POST https://zdk8budo.pegaacademy.net/prweb/api/HRAppsV2Service/V1/rules/query?pxObjClass=Rule-HTML-Section&appliesTo=Rule-Circumstance-Definition&pyRuleName=pzDelegationExperience&RequestClass=Rule-HTML-Section&RequestAppliesTo=Rule-Circumstance-Definition&RequestRuleName=pzDelegationExperience Payload: "{\"RequestClass\":\"Rule-HTML-Section\",\"RequestAppliesTo\":\"Rule-Circumstance-Definition\",\"RequestRuleName\":\"pzDelegationExperience\"}" => HTTP 404 (18 bytes)
[PegaHttpClient] 📡 POST https://zdk8budo.pegaacademy.net/prweb/PRRestService/HRAppsV2Service/V1/rules/query?pxObjClass=Rule-HTML-Section&appliesTo=Rule-Circumstance-Definition&pyRuleName=pzDelegationExperience&RequestClass=Rule-HTML-Section&RequestAppliesTo=Rule-Circumstance-Definition&RequestRuleName=pzDelegationExperience Payload: "{\"RequestClass\":\"Rule-HTML-Section\",\"RequestAppliesTo\":\"Rule-Circumstance-Definition\",\"RequestRuleName\":\"pzDelegationExperience\"}" => HTTP 404 (18 bytes)
[PegaHttpClient] 📡 POST https://zdk8budo.pegaacademy.net/prweb/api/HRAppsV2/V1/rules/query?pxObjClass=Rule-HTML-Section&appliesTo=Rule-Circumstance-Definition&pyRuleName=pzDelegationExperience&RequestClass=Rule-HTML-Section&RequestAppliesTo=Rule-Circumstance-Definition&RequestRuleName=pzDelegationExperience Payload: "{\"RequestClass\":\"Rule-HTML-Section\",\"RequestAppliesTo\":\"Rule-Circumstance-Definition\",\"RequestRuleName\":\"pzDelegationExperience\"}" => HTTP 404 (18 bytes)
[PegaHttpClient] 📡 POST https://zdk8budo.pegaacademy.net/prweb/PRRestService/HRAppsV2/V1/rules/query?pxObjClass=Rule-HTML-Section&appliesTo=Rule-Circumstance-Definition&pyRuleName=pzDelegationExperience&RequestClass=Rule-HTML-Section&RequestAppliesTo=Rule-Circumstance-Definition&RequestRuleName=pzDelegationExperience Payload: "{\"RequestClass\":\"Rule-HTML-Section\",\"RequestAppliesTo\":\"Rule-Circumstance-Definition\",\"RequestRuleName\":\"pzDelegationExperience\"}" => HTTP 404 (18 bytes)
[PegaHttpClient] 📡 POST https://zdk8budo.pegaacademy.net/prweb/api/v1/rules/query?pxObjClass=Rule-HTML-Section&appliesTo=Rule-Circumstance-Definition&pyRuleName=pzDelegationExperience&RequestClass=Rule-HTML-Section&RequestAppliesTo=Rule-Circumstance-Definition&RequestRuleName=pzDelegationExperience Payload: "{\"RequestClass\":\"Rule-HTML-Section\",\"RequestAppliesTo\":\"Rule-Circumstance-Definition\",\"RequestRuleName\":\"pzDelegationExperience\"}" => HTTP 404 (18 bytes)
[PegaHttpClient] 📡 POST https://zdk8budo.pegaacademy.net/prweb/PRRestService/v1/rules/query?pxObjClass=Rule-HTML-Section&appliesTo=Rule-Circumstance-Definition&pyRuleName=pzDelegationExperience&RequestClass=Rule-HTML-Section&RequestAppliesTo=Rule-Circumstance-Definition&RequestRuleName=pzDelegationExperience Payload: "{\"RequestClass\":\"Rule-HTML-Section\",\"RequestAppliesTo\":\"Rule-Circumstance-Definition\",\"RequestRuleName\":\"pzDelegationExperience\"}" => HTTP 404 (18 bytes)
[PegaHttpClient] 📡 POST https://zdk8budo.pegaacademy.net/prweb/api/CodeIntelligence/v1/rules/query?pxObjClass=Rule-HTML-Section&appliesTo=Rule-Circumstance-Definition&pyRuleName=pzDefinitionTab&RequestClass=Rule-HTML-Section&RequestAppliesTo=Rule-Circumstance-Definition&RequestRuleName=pzDefinitionTab Payload: "{\"RequestClass\":\"Rule-HTML-Section\",\"RequestAppliesTo\":\"Rule-Circumstance-Definition\",\"RequestRuleName\":\"pzDefinitionTab\"}" => HTTP 200 (41019 bytes)
[PegaHttpClient] 📡 POST https://zdk8budo.pegaacademy.net/prweb/api/CodeIntelligence/v1/rules/query?pxObjClass=Rule-HTML-Section&appliesTo=Rule-Circumstance-Definition&pyRuleName=pzSpecifications&RequestClass=Rule-HTML-Section&RequestAppliesTo=Rule-Circumstance-Definition&RequestRuleName=pzSpecifications Payload: "{\"RequestClass\":\"Rule-HTML-Section\",\"RequestAppliesTo\":\"Rule-Circumstance-Definition\",\"RequestRuleName\":\"pzSpecifications\"}" => HTTP 200 (16577 bytes)
[PegaHttpClient] 📡 POST https://zdk8budo.pegaacademy.net/prweb/api/CodeIntelligence/v1/rules/query?pxObjClass=Rule-HTML-Section&appliesTo=Rule-Circumstance-Definition&pyRuleName=RuleFormHistory&RequestClass=Rule-HTML-Section&RequestAppliesTo=Rule-Circumstance-Definition&RequestRuleName=RuleFormHistory Payload: "{\"RequestClass\":\"Rule-HTML-Section\",\"RequestAppliesTo\":\"Rule-Circumstance-Definition\",\"RequestRuleName\":\"RuleFormHistory\"}" => HTTP 200 (76091 bytes)
[PegaHttpClient] 📡 POST https://zdk8budo.pegaacademy.net/prweb/api/CodeIntelligence/v1/rules/query?pxObjClass=Rule-HTML-Section&appliesTo=Rule-Circumstance-Definition&pyRuleName=pzCustomHelp&RequestClass=Rule-HTML-Section&RequestAppliesTo=Rule-Circumstance-Definition&RequestRuleName=pzCustomHelp Payload: "{\"RequestClass\":\"Rule-HTML-Section\",\"RequestAppliesTo\":\"Rule-Circumstance-Definition\",\"RequestRuleName\":\"pzCustomHelp\"}" => HTTP 200 (31573 bytes)
[PegaHttpClient] 📡 POST https://zdk8budo.pegaacademy.net/prweb/api/CodeIntelligence/v1/rules/query?pxObjClass=Rule-HTML-Section&appliesTo=Rule-Circumstance-Definition&pyRuleName=pzRuleFormKeysAndDescription&RequestClass=Rule-HTML-Section&RequestAppliesTo=Rule-Circumstance-Definition&RequestRuleName=pzRuleFormKeysAndDescription Payload: "{\"RequestClass\":\"Rule-HTML-Section\",\"RequestAppliesTo\":\"Rule-Circumstance-Definition\",\"RequestRuleName\":\"pzRuleFormKeysAndDescription\"}" => HTTP 200 (218057 bytes)
[PegaHttpClient] 📡 POST https://zdk8budo.pegaacademy.net/prweb/api/CodeIntelligence/v1/rules/query?pxObjClass=Rule-HTML-Section&appliesTo=Rule-Circumstance-Definition&pyRuleName=pzRuleFormRuleset&RequestClass=Rule-HTML-Section&RequestAppliesTo=Rule-Circumstance-Definition&RequestRuleName=pzRuleFormRuleset Payload: "{\"RequestClass\":\"Rule-HTML-Section\",\"RequestAppliesTo\":\"Rule-Circumstance-Definition\",\"RequestRuleName\":\"pzRuleFormRuleset\"}" => HTTP 200 (33985 bytes)
[PegaHttpClient] 📡 POST https://zdk8budo.pegaacademy.net/prweb/api/CodeIntelligence/v1/rules/query?pxObjClass=Rule-HTML-Section&appliesTo=Rule-Circumstance-Definition&pyRuleName=undefined&RequestClass=Rule-HTML-Section&RequestAppliesTo=Rule-Circumstance-Definition&RequestRuleName=undefined Payload: "{\"RequestClass\":\"Rule-HTML-Section\",\"RequestAppliesTo\":\"Rule-Circumstance-Definition\",\"RequestRuleName\":\"undefined\"}" => HTTP 404 (115 bytes)
[PegaHttpClient] 📡 POST https://zdk8budo.pegaacademy.net/prweb/PRRestService/CodeIntelligence/v1/rules/query?pxObjClass=Rule-HTML-Section&appliesTo=Rule-Circumstance-Definition&pyRuleName=undefined&RequestClass=Rule-HTML-Section&RequestAppliesTo=Rule-Circumstance-Definition&RequestRuleName=undefined Payload: "{\"RequestClass\":\"Rule-HTML-Section\",\"RequestAppliesTo\":\"Rule-Circumstance-Definition\",\"RequestRuleName\":\"undefined\"}" => HTTP 404 (115 bytes)
[PegaHttpClient] 📡 POST https://zdk8budo.pegaacademy.net/prweb/api/HRAppsV2Service/V1/rules/query?pxObjClass=Rule-HTML-Section&appliesTo=Rule-Circumstance-Definition&pyRuleName=undefined&RequestClass=Rule-HTML-Section&RequestAppliesTo=Rule-Circumstance-Definition&RequestRuleName=undefined Payload: "{\"RequestClass\":\"Rule-HTML-Section\",\"RequestAppliesTo\":\"Rule-Circumstance-Definition\",\"RequestRuleName\":\"undefined\"}" => HTTP 404 (18 bytes)
[PegaHttpClient] 📡 POST https://zdk8budo.pegaacademy.net/prweb/PRRestService/HRAppsV2Service/V1/rules/query?pxObjClass=Rule-HTML-Section&appliesTo=Rule-Circumstance-Definition&pyRuleName=undefined&RequestClass=Rule-HTML-Section&RequestAppliesTo=Rule-Circumstance-Definition&RequestRuleName=undefined Payload: "{\"RequestClass\":\"Rule-HTML-Section\",\"RequestAppliesTo\":\"Rule-Circumstance-Definition\",\"RequestRuleName\":\"undefined\"}" => HTTP 404 (18 bytes)
[PegaHttpClient] 📡 POST https://zdk8budo.pegaacademy.net/prweb/api/HRAppsV2/V1/rules/query?pxObjClass=Rule-HTML-Section&appliesTo=Rule-Circumstance-Definition&pyRuleName=undefined&RequestClass=Rule-HTML-Section&RequestAppliesTo=Rule-Circumstance-Definition&RequestRuleName=undefined Payload: "{\"RequestClass\":\"Rule-HTML-Section\",\"RequestAppliesTo\":\"Rule-Circumstance-Definition\",\"RequestRuleName\":\"undefined\"}" => HTTP 404 (18 bytes)
[PegaHttpClient] 📡 POST https://zdk8budo.pegaacademy.net/prweb/PRRestService/HRAppsV2/V1/rules/query?pxObjClass=Rule-HTML-Section&appliesTo=Rule-Circumstance-Definition&pyRuleName=undefined&RequestClass=Rule-HTML-Section&RequestAppliesTo=Rule-Circumstance-Definition&RequestRuleName=undefined Payload: "{\"RequestClass\":\"Rule-HTML-Section\",\"RequestAppliesTo\":\"Rule-Circumstance-Definition\",\"RequestRuleName\":\"undefined\"}" => HTTP 404 (18 bytes)
[PegaHttpClient] 📡 POST https://zdk8budo.pegaacademy.net/prweb/api/v1/rules/query?pxObjClass=Rule-HTML-Section&appliesTo=Rule-Circumstance-Definition&pyRuleName=undefined&RequestClass=Rule-HTML-Section&RequestAppliesTo=Rule-Circumstance-Definition&RequestRuleName=undefined Payload: "{\"RequestClass\":\"Rule-HTML-Section\",\"RequestAppliesTo\":\"Rule-Circumstance-Definition\",\"RequestRuleName\":\"undefined\"}" => HTTP 404 (18 bytes)
[PegaHttpClient] 📡 POST https://zdk8budo.pegaacademy.net/prweb/PRRestService/v1/rules/query?pxObjClass=Rule-HTML-Section&appliesTo=Rule-Circumstance-Definition&pyRuleName=undefined&RequestClass=Rule-HTML-Section&RequestAppliesTo=Rule-Circumstance-Definition&RequestRuleName=undefined Payload: "{\"RequestClass\":\"Rule-HTML-Section\",\"RequestAppliesTo\":\"Rule-Circumstance-Definition\",\"RequestRuleName\":\"undefined\"}" => HTTP 404 (18 bytes)
[PegaHttpClient] 📡 POST https://zdk8budo.pegaacademy.net/prweb/api/CodeIntelligence/v1/rules/query?pxObjClass=Rule-HTML-Section&appliesTo=Rule-Circumstance-Definition&pyRuleName=pzRuleFormToolbar&RequestClass=Rule-HTML-Section&RequestAppliesTo=Rule-Circumstance-Definition&RequestRuleName=pzRuleFormToolbar Payload: "{\"RequestClass\":\"Rule-HTML-Section\",\"RequestAppliesTo\":\"Rule-Circumstance-Definition\",\"RequestRuleName\":\"pzRuleFormToolbar\"}" => HTTP 200 (242691 bytes)
[PegaHttpClient] 📡 POST https://zdk8budo.pegaacademy.net/prweb/api/CodeIntelligence/v1/rules/query?pxObjClass=Rule-HTML-Section&appliesTo=Rule-Circumstance-Definition&pyRuleName=pzRuleFormToolbarCompare&RequestClass=Rule-HTML-Section&RequestAppliesTo=Rule-Circumstance-Definition&RequestRuleName=pzRuleFormToolbarCompare Payload: "{\"RequestClass\":\"Rule-HTML-Section\",\"RequestAppliesTo\":\"Rule-Circumstance-Definition\",\"RequestRuleName\":\"pzRuleFormToolbarCompare\"}" => HTTP 200 (61925 bytes)
[PegaHttpClient] 📡 POST https://zdk8budo.pegaacademy.net/prweb/api/CodeIntelligence/v1/rules/query?pxObjClass=Rule-HTML-Section&appliesTo=Rule-Circumstance-Definition&pyRuleName=RuleFormHeaderMessages&RequestClass=Rule-HTML-Section&RequestAppliesTo=Rule-Circumstance-Definition&RequestRuleName=RuleFormHeaderMessages Payload: "{\"RequestClass\":\"Rule-HTML-Section\",\"RequestAppliesTo\":\"Rule-Circumstance-Definition\",\"RequestRuleName\":\"RuleFormHeaderMessages\"}" => HTTP 200 (26518 bytes)
[PegaHttpClient] 📡 POST https://zdk8budo.pegaacademy.net/prweb/api/CodeIntelligence/v1/rules/query?pxObjClass=Rule-HTML-Section&appliesTo=Rule-Circumstance-Definition&pyRuleName=pzSpecificationsInner&RequestClass=Rule-HTML-Section&RequestAppliesTo=Rule-Circumstance-Definition&RequestRuleName=pzSpecificationsInner Payload: "{\"RequestClass\":\"Rule-HTML-Section\",\"RequestAppliesTo\":\"Rule-Circumstance-Definition\",\"RequestRuleName\":\"pzSpecificationsInner\"}" => HTTP 200 (142370 bytes)
[PegaHttpClient] 📡 POST https://zdk8budo.pegaacademy.net/prweb/api/CodeIntelligence/v1/rules/query?pxObjClass=Rule-HTML-Section&appliesTo=Rule-Circumstance-Definition&pyRuleName=pzAlternateRuleInfo&RequestClass=Rule-HTML-Section&RequestAppliesTo=Rule-Circumstance-Definition&RequestRuleName=pzAlternateRuleInfo Payload: "{\"RequestClass\":\"Rule-HTML-Section\",\"RequestAppliesTo\":\"Rule-Circumstance-Definition\",\"RequestRuleName\":\"pzAlternateRuleInfo\"}" => HTTP 200 (140407 bytes)
[PegaHttpClient] 📡 POST https://zdk8budo.pegaacademy.net/prweb/api/CodeIntelligence/v1/rules/query?pxObjClass=Rule-HTML-Section&appliesTo=Rule-Circumstance-Definition&pyRuleName=RuleFormHistory_Description&RequestClass=Rule-HTML-Section&RequestAppliesTo=Rule-Circumstance-Definition&RequestRuleName=RuleFormHistory_Description Payload: "{\"RequestClass\":\"Rule-HTML-Section\",\"RequestAppliesTo\":\"Rule-Circumstance-Definition\",\"RequestRuleName\":\"RuleFormHistory_Description\"}" => HTTP 200 (46242 bytes)
[PegaHttpClient] 📡 POST https://zdk8budo.pegaacademy.net/prweb/api/CodeIntelligence/v1/rules/query?pxObjClass=Rule-HTML-Section&appliesTo=Rule-Circumstance-Definition&pyRuleName=RuleFormHistory_CustomFields&RequestClass=Rule-HTML-Section&RequestAppliesTo=Rule-Circumstance-Definition&RequestRuleName=RuleFormHistory_CustomFields Payload: "{\"RequestClass\":\"Rule-HTML-Section\",\"RequestAppliesTo\":\"Rule-Circumstance-Definition\",\"RequestRuleName\":\"RuleFormHistory_CustomFields\"}" => HTTP 200 (75856 bytes)
[PegaHttpClient] 📡 POST https://zdk8budo.pegaacademy.net/prweb/api/CodeIntelligence/v1/rules/query?pxObjClass=Rule-HTML-Section&appliesTo=Rule-Circumstance-Definition&pyRuleName=RuleFormHistory_HistoryDetails&RequestClass=Rule-HTML-Section&RequestAppliesTo=Rule-Circumstance-Definition&RequestRuleName=RuleFormHistory_HistoryDetails Payload: "{\"RequestClass\":\"Rule-HTML-Section\",\"RequestAppliesTo\":\"Rule-Circumstance-Definition\",\"RequestRuleName\":\"RuleFormHistory_HistoryDetails\"}" => HTTP 200 (179535 bytes)
[PegaHttpClient] 📡 POST https://zdk8budo.pegaacademy.net/prweb/api/CodeIntelligence/v1/rules/query?pxObjClass=Rule-HTML-Section&appliesTo=Rule-Circumstance-Definition&pyRuleName=pzRuleFormStatus&RequestClass=Rule-HTML-Section&RequestAppliesTo=Rule-Circumstance-Definition&RequestRuleName=pzRuleFormStatus Payload: "{\"RequestClass\":\"Rule-HTML-Section\",\"RequestAppliesTo\":\"Rule-Circumstance-Definition\",\"RequestRuleName\":\"pzRuleFormStatus\"}" => HTTP 200 (97627 bytes)
[PegaHttpClient] 📡 POST https://zdk8budo.pegaacademy.net/prweb/api/CodeIntelligence/v1/rules/query?pxObjClass=Rule-HTML-Section&appliesTo=Rule-Circumstance-Definition&pyRuleName=pzRuleFormHeaderCompareWithDropDown&RequestClass=Rule-HTML-Section&RequestAppliesTo=Rule-Circumstance-Definition&RequestRuleName=pzRuleFormHeaderCompareWithDropDown Payload: "{\"RequestClass\":\"Rule-HTML-Section\",\"RequestAppliesTo\":\"Rule-Circumstance-Definition\",\"RequestRuleName\":\"pzRuleFormHeaderCompareWithDropDown\"}" => HTTP 200 (25396 bytes)
[PegaHttpClient] 📡 POST https://zdk8budo.pegaacademy.net/prweb/api/CodeIntelligence/v1/rules/query?pxObjClass=Rule-HTML-Section&appliesTo=Rule-Circumstance-Definition&pyRuleName=undefined&RequestClass=Rule-HTML-Section&RequestAppliesTo=Rule-Circumstance-Definition&RequestRuleName=undefined Payload: "{\"RequestClass\":\"Rule-HTML-Section\",\"RequestAppliesTo\":\"Rule-Circumstance-Definition\",\"RequestRuleName\":\"undefined\"}" => HTTP 404 (115 bytes)
[PegaHttpClient] 📡 POST https://zdk8budo.pegaacademy.net/prweb/PRRestService/CodeIntelligence/v1/rules/query?pxObjClass=Rule-HTML-Section&appliesTo=Rule-Circumstance-Definition&pyRuleName=undefined&RequestClass=Rule-HTML-Section&RequestAppliesTo=Rule-Circumstance-Definition&RequestRuleName=undefined Payload: "{\"RequestClass\":\"Rule-HTML-Section\",\"RequestAppliesTo\":\"Rule-Circumstance-Definition\",\"RequestRuleName\":\"undefined\"}" => HTTP 404 (115 bytes)
[PegaHttpClient] 📡 POST https://zdk8budo.pegaacademy.net/prweb/api/HRAppsV2Service/V1/rules/query?pxObjClass=Rule-HTML-Section&appliesTo=Rule-Circumstance-Definition&pyRuleName=undefined&RequestClass=Rule-HTML-Section&RequestAppliesTo=Rule-Circumstance-Definition&RequestRuleName=undefined Payload: "{\"RequestClass\":\"Rule-HTML-Section\",\"RequestAppliesTo\":\"Rule-Circumstance-Definition\",\"RequestRuleName\":\"undefined\"}" => HTTP 404 (18 bytes)
[PegaHttpClient] 📡 POST https://zdk8budo.pegaacademy.net/prweb/PRRestService/HRAppsV2Service/V1/rules/query?pxObjClass=Rule-HTML-Section&appliesTo=Rule-Circumstance-Definition&pyRuleName=undefined&RequestClass=Rule-HTML-Section&RequestAppliesTo=Rule-Circumstance-Definition&RequestRuleName=undefined Payload: "{\"RequestClass\":\"Rule-HTML-Section\",\"RequestAppliesTo\":\"Rule-Circumstance-Definition\",\"RequestRuleName\":\"undefined\"}" => HTTP 404 (18 bytes)
[PegaHttpClient] 📡 POST https://zdk8budo.pegaacademy.net/prweb/api/HRAppsV2/V1/rules/query?pxObjClass=Rule-HTML-Section&appliesTo=Rule-Circumstance-Definition&pyRuleName=undefined&RequestClass=Rule-HTML-Section&RequestAppliesTo=Rule-Circumstance-Definition&RequestRuleName=undefined Payload: "{\"RequestClass\":\"Rule-HTML-Section\",\"RequestAppliesTo\":\"Rule-Circumstance-Definition\",\"RequestRuleName\":\"undefined\"}" => HTTP 404 (18 bytes)
[PegaHttpClient] 📡 POST https://zdk8budo.pegaacademy.net/prweb/PRRestService/HRAppsV2/V1/rules/query?pxObjClass=Rule-HTML-Section&appliesTo=Rule-Circumstance-Definition&pyRuleName=undefined&RequestClass=Rule-HTML-Section&RequestAppliesTo=Rule-Circumstance-Definition&RequestRuleName=undefined Payload: "{\"RequestClass\":\"Rule-HTML-Section\",\"RequestAppliesTo\":\"Rule-Circumstance-Definition\",\"RequestRuleName\":\"undefined\"}" => HTTP 404 (18 bytes)
[PegaHttpClient] 📡 POST https://zdk8budo.pegaacademy.net/prweb/api/v1/rules/query?pxObjClass=Rule-HTML-Section&appliesTo=Rule-Circumstance-Definition&pyRuleName=undefined&RequestClass=Rule-HTML-Section&RequestAppliesTo=Rule-Circumstance-Definition&RequestRuleName=undefined Payload: "{\"RequestClass\":\"Rule-HTML-Section\",\"RequestAppliesTo\":\"Rule-Circumstance-Definition\",\"RequestRuleName\":\"undefined\"}" => HTTP 404 (18 bytes)
[PegaHttpClient] 📡 POST https://zdk8budo.pegaacademy.net/prweb/PRRestService/v1/rules/query?pxObjClass=Rule-HTML-Section&appliesTo=Rule-Circumstance-Definition&pyRuleName=undefined&RequestClass=Rule-HTML-Section&RequestAppliesTo=Rule-Circumstance-Definition&RequestRuleName=undefined Payload: "{\"RequestClass\":\"Rule-HTML-Section\",\"RequestAppliesTo\":\"Rule-Circumstance-Definition\",\"RequestRuleName\":\"undefined\"}" => HTTP 404 (18 bytes)
[PegaHttpClient] 📡 POST https://zdk8budo.pegaacademy.net/prweb/api/CodeIntelligence/v1/rules/query?pxObjClass=Rule-HTML-Section&appliesTo=Rule-Circumstance-Definition&pyRuleName=pzRuleFormToolbarHotKeys&RequestClass=Rule-HTML-Section&RequestAppliesTo=Rule-Circumstance-Definition&RequestRuleName=pzRuleFormToolbarHotKeys Payload: "{\"RequestClass\":\"Rule-HTML-Section\",\"RequestAppliesTo\":\"Rule-Circumstance-Definition\",\"RequestRuleName\":\"pzRuleFormToolbarHotKeys\"}" => HTTP 200 (85058 bytes)
[PegaHttpClient] 📡 POST https://zdk8budo.pegaacademy.net/prweb/api/CodeIntelligence/v1/rules/query?pxObjClass=Rule-HTML-Section&appliesTo=Rule-Circumstance-Definition&pyRuleName=pzRuleFormToolbarLockedIcon&RequestClass=Rule-HTML-Section&RequestAppliesTo=Rule-Circumstance-Definition&RequestRuleName=pzRuleFormToolbarLockedIcon Payload: "{\"RequestClass\":\"Rule-HTML-Section\",\"RequestAppliesTo\":\"Rule-Circumstance-Definition\",\"RequestRuleName\":\"pzRuleFormToolbarLockedIcon\"}" => HTTP 200 (24898 bytes)
[PegaHttpClient] 📡 POST https://zdk8budo.pegaacademy.net/prweb/api/CodeIntelligence/v1/rules/query?pxObjClass=Rule-HTML-Section&appliesTo=Rule-Circumstance-Definition&pyRuleName=pzRuleFormToolbarCollaborators&RequestClass=Rule-HTML-Section&RequestAppliesTo=Rule-Circumstance-Definition&RequestRuleName=pzRuleFormToolbarCollaborators Payload: "{\"RequestClass\":\"Rule-HTML-Section\",\"RequestAppliesTo\":\"Rule-Circumstance-Definition\",\"RequestRuleName\":\"pzRuleFormToolbarCollaborators\"}" => HTTP 200 (15254 bytes)
[PegaHttpClient] 📡 POST https://zdk8budo.pegaacademy.net/prweb/api/CodeIntelligence/v1/rules/query?pxObjClass=Rule-HTML-Section&appliesTo=Rule-Circumstance-Definition&pyRuleName=pzRuleFormToolbarSaveAs&RequestClass=Rule-HTML-Section&RequestAppliesTo=Rule-Circumstance-Definition&RequestRuleName=pzRuleFormToolbarSaveAs Payload: "{\"RequestClass\":\"Rule-HTML-Section\",\"RequestAppliesTo\":\"Rule-Circumstance-Definition\",\"RequestRuleName\":\"pzRuleFormToolbarSaveAs\"}" => HTTP 200 (64084 bytes)
[PegaHttpClient] 📡 POST https://zdk8budo.pegaacademy.net/prweb/api/CodeIntelligence/v1/rules/query?pxObjClass=Rule-HTML-Section&appliesTo=Rule-Circumstance-Definition&pyRuleName=pzRuleFormToolbarCheckin&RequestClass=Rule-HTML-Section&RequestAppliesTo=Rule-Circumstance-Definition&RequestRuleName=pzRuleFormToolbarCheckin Payload: "{\"RequestClass\":\"Rule-HTML-Section\",\"RequestAppliesTo\":\"Rule-Circumstance-Definition\",\"RequestRuleName\":\"pzRuleFormToolbarCheckin\"}" => HTTP 200 (119096 bytes)
[PegaHttpClient] 📡 POST https://zdk8budo.pegaacademy.net/prweb/api/CodeIntelligence/v1/rules/query?pxObjClass=Rule-HTML-Section&appliesTo=Rule-Circumstance-Definition&pyRuleName=pzRuleFormToolbarDelete&RequestClass=Rule-HTML-Section&RequestAppliesTo=Rule-Circumstance-Definition&RequestRuleName=pzRuleFormToolbarDelete Payload: "{\"RequestClass\":\"Rule-HTML-Section\",\"RequestAppliesTo\":\"Rule-Circumstance-Definition\",\"RequestRuleName\":\"pzRuleFormToolbarDelete\"}" => HTTP 200 (30249 bytes)
[PegaHttpClient] 📡 POST https://zdk8budo.pegaacademy.net/prweb/api/CodeIntelligence/v1/rules/query?pxObjClass=Rule-HTML-Section&appliesTo=Rule-Circumstance-Definition&pyRuleName=pzRuleFormToolbarSave&RequestClass=Rule-HTML-Section&RequestAppliesTo=Rule-Circumstance-Definition&RequestRuleName=pzRuleFormToolbarSave Payload: "{\"RequestClass\":\"Rule-HTML-Section\",\"RequestAppliesTo\":\"Rule-Circumstance-Definition\",\"RequestRuleName\":\"pzRuleFormToolbarSave\"}" => HTTP 200 (293885 bytes)
[PegaHttpClient] 📡 POST https://zdk8budo.pegaacademy.net/prweb/api/CodeIntelligence/v1/rules/query?pxObjClass=Rule-HTML-Section&appliesTo=Rule-Circumstance-Definition&pyRuleName=pzRuleFormToolbarCheckout&RequestClass=Rule-HTML-Section&RequestAppliesTo=Rule-Circumstance-Definition&RequestRuleName=pzRuleFormToolbarCheckout Payload: "{\"RequestClass\":\"Rule-HTML-Section\",\"RequestAppliesTo\":\"Rule-Circumstance-Definition\",\"RequestRuleName\":\"pzRuleFormToolbarCheckout\"}" => HTTP 200 (238148 bytes)
[PegaHttpClient] 📡 POST https://zdk8budo.pegaacademy.net/prweb/api/CodeIntelligence/v1/rules/query?pxObjClass=Rule-HTML-Section&appliesTo=Rule-Circumstance-Definition&pyRuleName=pzRemoveErrorsDataPage&RequestClass=Rule-HTML-Section&RequestAppliesTo=Rule-Circumstance-Definition&RequestRuleName=pzRemoveErrorsDataPage Payload: "{\"RequestClass\":\"Rule-HTML-Section\",\"RequestAppliesTo\":\"Rule-Circumstance-Definition\",\"RequestRuleName\":\"pzRemoveErrorsDataPage\"}" => HTTP 200 (16733 bytes)
[PegaHttpClient] 📡 POST https://zdk8budo.pegaacademy.net/prweb/api/CodeIntelligence/v1/rules/query?pxObjClass=Rule-HTML-Section&appliesTo=Rule-Circumstance-Definition&pyRuleName=pzRuleFormHeaderMessagesWrapper&RequestClass=Rule-HTML-Section&RequestAppliesTo=Rule-Circumstance-Definition&RequestRuleName=pzRuleFormHeaderMessagesWrapper Payload: "{\"RequestClass\":\"Rule-HTML-Section\",\"RequestAppliesTo\":\"Rule-Circumstance-Definition\",\"RequestRuleName\":\"pzRuleFormHeaderMessagesWrapper\"}" => HTTP 200 (16981 bytes)
[PegaHttpClient] 📡 POST https://zdk8budo.pegaacademy.net/prweb/api/CodeIntelligence/v1/rules/query?pxObjClass=Rule-HTML-Section&appliesTo=Rule-Circumstance-Definition&pyRuleName=pzSpecificationName&RequestClass=Rule-HTML-Section&RequestAppliesTo=Rule-Circumstance-Definition&RequestRuleName=pzSpecificationName Payload: "{\"RequestClass\":\"Rule-HTML-Section\",\"RequestAppliesTo\":\"Rule-Circumstance-Definition\",\"RequestRuleName\":\"pzSpecificationName\"}" => HTTP 404 (125 bytes)
[PegaHttpClient] 📡 POST https://zdk8budo.pegaacademy.net/prweb/PRRestService/CodeIntelligence/v1/rules/query?pxObjClass=Rule-HTML-Section&appliesTo=Rule-Circumstance-Definition&pyRuleName=pzSpecificationName&RequestClass=Rule-HTML-Section&RequestAppliesTo=Rule-Circumstance-Definition&RequestRuleName=pzSpecificationName Payload: "{\"RequestClass\":\"Rule-HTML-Section\",\"RequestAppliesTo\":\"Rule-Circumstance-Definition\",\"RequestRuleName\":\"pzSpecificationName\"}" => HTTP 404 (125 bytes)
[PegaHttpClient] 📡 POST https://zdk8budo.pegaacademy.net/prweb/api/HRAppsV2Service/V1/rules/query?pxObjClass=Rule-HTML-Section&appliesTo=Rule-Circumstance-Definition&pyRuleName=pzSpecificationName&RequestClass=Rule-HTML-Section&RequestAppliesTo=Rule-Circumstance-Definition&RequestRuleName=pzSpecificationName Payload: "{\"RequestClass\":\"Rule-HTML-Section\",\"RequestAppliesTo\":\"Rule-Circumstance-Definition\",\"RequestRuleName\":\"pzSpecificationName\"}" => HTTP 404 (18 bytes)
[PegaHttpClient] 📡 POST https://zdk8budo.pegaacademy.net/prweb/PRRestService/HRAppsV2Service/V1/rules/query?pxObjClass=Rule-HTML-Section&appliesTo=Rule-Circumstance-Definition&pyRuleName=pzSpecificationName&RequestClass=Rule-HTML-Section&RequestAppliesTo=Rule-Circumstance-Definition&RequestRuleName=pzSpecificationName Payload: "{\"RequestClass\":\"Rule-HTML-Section\",\"RequestAppliesTo\":\"Rule-Circumstance-Definition\",\"RequestRuleName\":\"pzSpecificationName\"}" => HTTP 404 (18 bytes)
[PegaHttpClient] 📡 POST https://zdk8budo.pegaacademy.net/prweb/api/HRAppsV2/V1/rules/query?pxObjClass=Rule-HTML-Section&appliesTo=Rule-Circumstance-Definition&pyRuleName=pzSpecificationName&RequestClass=Rule-HTML-Section&RequestAppliesTo=Rule-Circumstance-Definition&RequestRuleName=pzSpecificationName Payload: "{\"RequestClass\":\"Rule-HTML-Section\",\"RequestAppliesTo\":\"Rule-Circumstance-Definition\",\"RequestRuleName\":\"pzSpecificationName\"}" => HTTP 404 (18 bytes)
[PegaHttpClient] 📡 POST https://zdk8budo.pegaacademy.net/prweb/PRRestService/HRAppsV2/V1/rules/query?pxObjClass=Rule-HTML-Section&appliesTo=Rule-Circumstance-Definition&pyRuleName=pzSpecificationName&RequestClass=Rule-HTML-Section&RequestAppliesTo=Rule-Circumstance-Definition&RequestRuleName=pzSpecificationName Payload: "{\"RequestClass\":\"Rule-HTML-Section\",\"RequestAppliesTo\":\"Rule-Circumstance-Definition\",\"RequestRuleName\":\"pzSpecificationName\"}" => HTTP 404 (18 bytes)
[PegaHttpClient] 📡 POST https://zdk8budo.pegaacademy.net/prweb/api/v1/rules/query?pxObjClass=Rule-HTML-Section&appliesTo=Rule-Circumstance-Definition&pyRuleName=pzSpecificationName&RequestClass=Rule-HTML-Section&RequestAppliesTo=Rule-Circumstance-Definition&RequestRuleName=pzSpecificationName Payload: "{\"RequestClass\":\"Rule-HTML-Section\",\"RequestAppliesTo\":\"Rule-Circumstance-Definition\",\"RequestRuleName\":\"pzSpecificationName\"}" => HTTP 404 (18 bytes)
[PegaHttpClient] 📡 POST https://zdk8budo.pegaacademy.net/prweb/PRRestService/v1/rules/query?pxObjClass=Rule-HTML-Section&appliesTo=Rule-Circumstance-Definition&pyRuleName=pzSpecificationName&RequestClass=Rule-HTML-Section&RequestAppliesTo=Rule-Circumstance-Definition&RequestRuleName=pzSpecificationName Payload: "{\"RequestClass\":\"Rule-HTML-Section\",\"RequestAppliesTo\":\"Rule-Circumstance-Definition\",\"RequestRuleName\":\"pzSpecificationName\"}" => HTTP 404 (18 bytes)
[PegaHttpClient] 📡 POST https://zdk8budo.pegaacademy.net/prweb/api/CodeIntelligence/v1/rules/query?pxObjClass=Rule-HTML-Section&appliesTo=Rule-Circumstance-Definition&pyRuleName=pzScm_RuleHistory&RequestClass=Rule-HTML-Section&RequestAppliesTo=Rule-Circumstance-Definition&RequestRuleName=pzScm_RuleHistory Payload: "{\"RequestClass\":\"Rule-HTML-Section\",\"RequestAppliesTo\":\"Rule-Circumstance-Definition\",\"RequestRuleName\":\"pzScm_RuleHistory\"}" => HTTP 200 (14682 bytes)
[PegaHttpClient] 📡 POST https://zdk8budo.pegaacademy.net/prweb/api/CodeIntelligence/v1/rules/query?pxObjClass=Rule-HTML-Section&appliesTo=Rule-Circumstance-Definition&pyRuleName=pxDisplayCollaborators&RequestClass=Rule-HTML-Section&RequestAppliesTo=Rule-Circumstance-Definition&RequestRuleName=pxDisplayCollaborators Payload: "{\"RequestClass\":\"Rule-HTML-Section\",\"RequestAppliesTo\":\"Rule-Circumstance-Definition\",\"RequestRuleName\":\"pxDisplayCollaborators\"}" => HTTP 200 (94171 bytes)
[PegaHttpClient] 📡 POST https://zdk8budo.pegaacademy.net/prweb/api/CodeIntelligence/v1/rules/query?pxObjClass=Rule-HTML-Section&appliesTo=Rule-Circumstance-Definition&pyRuleName=pzRuleFormToolbarDeleteCheckOut&RequestClass=Rule-HTML-Section&RequestAppliesTo=Rule-Circumstance-Definition&RequestRuleName=pzRuleFormToolbarDeleteCheckOut Payload: "{\"RequestClass\":\"Rule-HTML-Section\",\"RequestAppliesTo\":\"Rule-Circumstance-Definition\",\"RequestRuleName\":\"pzRuleFormToolbarDeleteCheckOut\"}" => HTTP 200 (29433 bytes)
[PegaHttpClient] 📡 POST https://zdk8budo.pegaacademy.net/prweb/api/CodeIntelligence/v1/rules/query?pxObjClass=Rule-HTML-Section&appliesTo=Rule-Circumstance-Definition&pyRuleName=pzRuleFormToolbarDeleteRule&RequestClass=Rule-HTML-Section&RequestAppliesTo=Rule-Circumstance-Definition&RequestRuleName=pzRuleFormToolbarDeleteRule Payload: "{\"RequestClass\":\"Rule-HTML-Section\",\"RequestAppliesTo\":\"Rule-Circumstance-Definition\",\"RequestRuleName\":\"pzRuleFormToolbarDeleteRule\"}" => HTTP 200 (32314 bytes)
[PegaHttpClient] 📡 POST https://zdk8budo.pegaacademy.net/prweb/api/CodeIntelligence/v1/rules/query?pxObjClass=Rule-HTML-Section&appliesTo=Rule-Circumstance-Definition&pyRuleName=pzLoadCollaborationScripts&RequestClass=Rule-HTML-Section&RequestAppliesTo=Rule-Circumstance-Definition&RequestRuleName=pzLoadCollaborationScripts Payload: "{\"RequestClass\":\"Rule-HTML-Section\",\"RequestAppliesTo\":\"Rule-Circumstance-Definition\",\"RequestRuleName\":\"pzLoadCollaborationScripts\"}" => HTTP 200 (23453 bytes)
[PegaHttpClient] 📡 POST https://zdk8budo.pegaacademy.net/prweb/api/CodeIntelligence/v1/rules/query?pxObjClass=Rule-HTML-Section&appliesTo=Rule-Circumstance-Definition&pyRuleName=pzDisplayCollaboratorsList&RequestClass=Rule-HTML-Section&RequestAppliesTo=Rule-Circumstance-Definition&RequestRuleName=pzDisplayCollaboratorsList Payload: "{\"RequestClass\":\"Rule-HTML-Section\",\"RequestAppliesTo\":\"Rule-Circumstance-Definition\",\"RequestRuleName\":\"pzDisplayCollaboratorsList\"}" => HTTP 200 (105418 bytes)
[PegaHttpClient] 📡 POST https://zdk8budo.pegaacademy.net/prweb/api/CodeIntelligence/v1/rules/query?pxObjClass=Rule-HTML-Section&appliesTo=Rule-Circumstance-Definition&pyRuleName=pyCollaborator&RequestClass=Rule-HTML-Section&RequestAppliesTo=Rule-Circumstance-Definition&RequestRuleName=pyCollaborator Payload: "{\"RequestClass\":\"Rule-HTML-Section\",\"RequestAppliesTo\":\"Rule-Circumstance-Definition\",\"RequestRuleName\":\"pyCollaborator\"}" => HTTP 404 (120 bytes)
[PegaHttpClient] 📡 POST https://zdk8budo.pegaacademy.net/prweb/PRRestService/CodeIntelligence/v1/rules/query?pxObjClass=Rule-HTML-Section&appliesTo=Rule-Circumstance-Definition&pyRuleName=pyCollaborator&RequestClass=Rule-HTML-Section&RequestAppliesTo=Rule-Circumstance-Definition&RequestRuleName=pyCollaborator Payload: "{\"RequestClass\":\"Rule-HTML-Section\",\"RequestAppliesTo\":\"Rule-Circumstance-Definition\",\"RequestRuleName\":\"pyCollaborator\"}" => HTTP 404 (120 bytes)
[PegaHttpClient] 📡 POST https://zdk8budo.pegaacademy.net/prweb/api/HRAppsV2Service/V1/rules/query?pxObjClass=Rule-HTML-Section&appliesTo=Rule-Circumstance-Definition&pyRuleName=pyCollaborator&RequestClass=Rule-HTML-Section&RequestAppliesTo=Rule-Circumstance-Definition&RequestRuleName=pyCollaborator Payload: "{\"RequestClass\":\"Rule-HTML-Section\",\"RequestAppliesTo\":\"Rule-Circumstance-Definition\",\"RequestRuleName\":\"pyCollaborator\"}" => HTTP 404 (18 bytes)
[PegaHttpClient] 📡 POST https://zdk8budo.pegaacademy.net/prweb/PRRestService/HRAppsV2Service/V1/rules/query?pxObjClass=Rule-HTML-Section&appliesTo=Rule-Circumstance-Definition&pyRuleName=pyCollaborator&RequestClass=Rule-HTML-Section&RequestAppliesTo=Rule-Circumstance-Definition&RequestRuleName=pyCollaborator Payload: "{\"RequestClass\":\"Rule-HTML-Section\",\"RequestAppliesTo\":\"Rule-Circumstance-Definition\",\"RequestRuleName\":\"pyCollaborator\"}" => HTTP 404 (18 bytes)
[PegaHttpClient] 📡 POST https://zdk8budo.pegaacademy.net/prweb/api/HRAppsV2/V1/rules/query?pxObjClass=Rule-HTML-Section&appliesTo=Rule-Circumstance-Definition&pyRuleName=pyCollaborator&RequestClass=Rule-HTML-Section&RequestAppliesTo=Rule-Circumstance-Definition&RequestRuleName=pyCollaborator Payload: "{\"RequestClass\":\"Rule-HTML-Section\",\"RequestAppliesTo\":\"Rule-Circumstance-Definition\",\"RequestRuleName\":\"pyCollaborator\"}" => HTTP 404 (18 bytes)
[PegaHttpClient] 📡 POST https://zdk8budo.pegaacademy.net/prweb/PRRestService/HRAppsV2/V1/rules/query?pxObjClass=Rule-HTML-Section&appliesTo=Rule-Circumstance-Definition&pyRuleName=pyCollaborator&RequestClass=Rule-HTML-Section&RequestAppliesTo=Rule-Circumstance-Definition&RequestRuleName=pyCollaborator Payload: "{\"RequestClass\":\"Rule-HTML-Section\",\"RequestAppliesTo\":\"Rule-Circumstance-Definition\",\"RequestRuleName\":\"pyCollaborator\"}" => HTTP 404 (18 bytes)
[PegaHttpClient] 📡 POST https://zdk8budo.pegaacademy.net/prweb/api/v1/rules/query?pxObjClass=Rule-HTML-Section&appliesTo=Rule-Circumstance-Definition&pyRuleName=pyCollaborator&RequestClass=Rule-HTML-Section&RequestAppliesTo=Rule-Circumstance-Definition&RequestRuleName=pyCollaborator Payload: "{\"RequestClass\":\"Rule-HTML-Section\",\"RequestAppliesTo\":\"Rule-Circumstance-Definition\",\"RequestRuleName\":\"pyCollaborator\"}" => HTTP 404 (18 bytes)
[PegaHttpClient] 📡 POST https://zdk8budo.pegaacademy.net/prweb/PRRestService/v1/rules/query?pxObjClass=Rule-HTML-Section&appliesTo=Rule-Circumstance-Definition&pyRuleName=pyCollaborator&RequestClass=Rule-HTML-Section&RequestAppliesTo=Rule-Circumstance-Definition&RequestRuleName=pyCollaborator Payload: "{\"RequestClass\":\"Rule-HTML-Section\",\"RequestAppliesTo\":\"Rule-Circumstance-Definition\",\"RequestRuleName\":\"pyCollaborator\"}" => HTTP 404 (18 bytes)
[PegaHttpClient] 📡 POST https://zdk8budo.pegaacademy.net/prweb/api/CodeIntelligence/v1/rules/query?pxObjClass=Rule-HTML-Section&appliesTo=Rule-Circumstance-Definition&pyRuleName=pzDisplayPartialCount&RequestClass=Rule-HTML-Section&RequestAppliesTo=Rule-Circumstance-Definition&RequestRuleName=pzDisplayPartialCount Payload: "{\"RequestClass\":\"Rule-HTML-Section\",\"RequestAppliesTo\":\"Rule-Circumstance-Definition\",\"RequestRuleName\":\"pzDisplayPartialCount\"}" => HTTP 404 (127 bytes)
[PegaHttpClient] 📡 POST https://zdk8budo.pegaacademy.net/prweb/PRRestService/CodeIntelligence/v1/rules/query?pxObjClass=Rule-HTML-Section&appliesTo=Rule-Circumstance-Definition&pyRuleName=pzDisplayPartialCount&RequestClass=Rule-HTML-Section&RequestAppliesTo=Rule-Circumstance-Definition&RequestRuleName=pzDisplayPartialCount Payload: "{\"RequestClass\":\"Rule-HTML-Section\",\"RequestAppliesTo\":\"Rule-Circumstance-Definition\",\"RequestRuleName\":\"pzDisplayPartialCount\"}" => HTTP 404 (127 bytes)
[PegaHttpClient] 📡 POST https://zdk8budo.pegaacademy.net/prweb/api/HRAppsV2Service/V1/rules/query?pxObjClass=Rule-HTML-Section&appliesTo=Rule-Circumstance-Definition&pyRuleName=pzDisplayPartialCount&RequestClass=Rule-HTML-Section&RequestAppliesTo=Rule-Circumstance-Definition&RequestRuleName=pzDisplayPartialCount Payload: "{\"RequestClass\":\"Rule-HTML-Section\",\"RequestAppliesTo\":\"Rule-Circumstance-Definition\",\"RequestRuleName\":\"pzDisplayPartialCount\"}" => HTTP 404 (18 bytes)
[PegaHttpClient] 📡 POST https://zdk8budo.pegaacademy.net/prweb/PRRestService/HRAppsV2Service/V1/rules/query?pxObjClass=Rule-HTML-Section&appliesTo=Rule-Circumstance-Definition&pyRuleName=pzDisplayPartialCount&RequestClass=Rule-HTML-Section&RequestAppliesTo=Rule-Circumstance-Definition&RequestRuleName=pzDisplayPartialCount Payload: "{\"RequestClass\":\"Rule-HTML-Section\",\"RequestAppliesTo\":\"Rule-Circumstance-Definition\",\"RequestRuleName\":\"pzDisplayPartialCount\"}" => HTTP 404 (18 bytes)
[PegaHttpClient] 📡 POST https://zdk8budo.pegaacademy.net/prweb/api/HRAppsV2/V1/rules/query?pxObjClass=Rule-HTML-Section&appliesTo=Rule-Circumstance-Definition&pyRuleName=pzDisplayPartialCount&RequestClass=Rule-HTML-Section&RequestAppliesTo=Rule-Circumstance-Definition&RequestRuleName=pzDisplayPartialCount Payload: "{\"RequestClass\":\"Rule-HTML-Section\",\"RequestAppliesTo\":\"Rule-Circumstance-Definition\",\"RequestRuleName\":\"pzDisplayPartialCount\"}" => HTTP 404 (18 bytes)
[PegaHttpClient] 📡 POST https://zdk8budo.pegaacademy.net/prweb/PRRestService/HRAppsV2/V1/rules/query?pxObjClass=Rule-HTML-Section&appliesTo=Rule-Circumstance-Definition&pyRuleName=pzDisplayPartialCount&RequestClass=Rule-HTML-Section&RequestAppliesTo=Rule-Circumstance-Definition&RequestRuleName=pzDisplayPartialCount Payload: "{\"RequestClass\":\"Rule-HTML-Section\",\"RequestAppliesTo\":\"Rule-Circumstance-Definition\",\"RequestRuleName\":\"pzDisplayPartialCount\"}" => HTTP 404 (18 bytes)
[PegaHttpClient] 📡 POST https://zdk8budo.pegaacademy.net/prweb/api/v1/rules/query?pxObjClass=Rule-HTML-Section&appliesTo=Rule-Circumstance-Definition&pyRuleName=pzDisplayPartialCount&RequestClass=Rule-HTML-Section&RequestAppliesTo=Rule-Circumstance-Definition&RequestRuleName=pzDisplayPartialCount Payload: "{\"RequestClass\":\"Rule-HTML-Section\",\"RequestAppliesTo\":\"Rule-Circumstance-Definition\",\"RequestRuleName\":\"pzDisplayPartialCount\"}" => HTTP 404 (18 bytes)
[PegaHttpClient] 📡 POST https://zdk8budo.pegaacademy.net/prweb/PRRestService/v1/rules/query?pxObjClass=Rule-HTML-Section&appliesTo=Rule-Circumstance-Definition&pyRuleName=pzDisplayPartialCount&RequestClass=Rule-HTML-Section&RequestAppliesTo=Rule-Circumstance-Definition&RequestRuleName=pzDisplayPartialCount Payload: "{\"RequestClass\":\"Rule-HTML-Section\",\"RequestAppliesTo\":\"Rule-Circumstance-Definition\",\"RequestRuleName\":\"pzDisplayPartialCount\"}" => HTTP 404 (18 bytes)
[SchemaGen] ✅ Schema written for Rule-Circumstance-Definition
[PegaHttpClient] 📡 GET https://zdk8budo.pegaacademy.net/prweb/api/CodeIntelligence/v1/rules/RULE-HTML-HARNESS%20RULE-ACCESS-WHEN%20RULEFORM%20%2320180713T140753.729%20GMT => HTTP 200 (29230 bytes)
[PegaHttpClient] 📡 POST https://zdk8budo.pegaacademy.net/prweb/api/CodeIntelligence/v1/rules/query?pxObjClass=Rule-HTML-Section&appliesTo=Rule-Access-When&pyRuleName=RuleFormMain&RequestClass=Rule-HTML-Section&RequestAppliesTo=Rule-Access-When&RequestRuleName=RuleFormMain Payload: "{\"RequestClass\":\"Rule-HTML-Section\",\"RequestAppliesTo\":\"Rule-Access-When\",\"RequestRuleName\":\"RuleFormMain\"}" => HTTP 200 (156234 bytes)
[PegaHttpClient] 📡 POST https://zdk8budo.pegaacademy.net/prweb/api/CodeIntelligence/v1/rules/query?pxObjClass=Rule-HTML-Section&appliesTo=Rule-Access-When&pyRuleName=pxAlternateRuleForm&RequestClass=Rule-HTML-Section&RequestAppliesTo=Rule-Access-When&RequestRuleName=pxAlternateRuleForm Payload: "{\"RequestClass\":\"Rule-HTML-Section\",\"RequestAppliesTo\":\"Rule-Access-When\",\"RequestRuleName\":\"pxAlternateRuleForm\"}" => HTTP 200 (66153 bytes)
[PegaHttpClient] 📡 POST https://zdk8budo.pegaacademy.net/prweb/api/CodeIntelligence/v1/rules/query?pxObjClass=Rule-HTML-Section&appliesTo=Rule-Access-When&pyRuleName=pzRuleFormScripts&RequestClass=Rule-HTML-Section&RequestAppliesTo=Rule-Access-When&RequestRuleName=pzRuleFormScripts Payload: "{\"RequestClass\":\"Rule-HTML-Section\",\"RequestAppliesTo\":\"Rule-Access-When\",\"RequestRuleName\":\"pzRuleFormScripts\"}" => HTTP 200 (40822 bytes)
[PegaHttpClient] 📡 POST https://zdk8budo.pegaacademy.net/prweb/api/CodeIntelligence/v1/rules/query?pxObjClass=Rule-HTML-Section&appliesTo=Rule-Access-When&pyRuleName=pzRuleFormLayoutDelegated&RequestClass=Rule-HTML-Section&RequestAppliesTo=Rule-Access-When&RequestRuleName=pzRuleFormLayoutDelegated Payload: "{\"RequestClass\":\"Rule-HTML-Section\",\"RequestAppliesTo\":\"Rule-Access-When\",\"RequestRuleName\":\"pzRuleFormLayoutDelegated\"}" => HTTP 200 (70998 bytes)
[PegaHttpClient] 📡 POST https://zdk8budo.pegaacademy.net/prweb/api/CodeIntelligence/v1/rules/query?pxObjClass=Rule-HTML-Section&appliesTo=Rule-Access-When&pyRuleName=RuleFormLayout&RequestClass=Rule-HTML-Section&RequestAppliesTo=Rule-Access-When&RequestRuleName=RuleFormLayout Payload: "{\"RequestClass\":\"Rule-HTML-Section\",\"RequestAppliesTo\":\"Rule-Access-When\",\"RequestRuleName\":\"RuleFormLayout\"}" => HTTP 200 (108945 bytes)
[PegaHttpClient] 📡 POST https://zdk8budo.pegaacademy.net/prweb/api/CodeIntelligence/v1/rules/query?pxObjClass=Rule-HTML-Section&appliesTo=Rule-Access-When&pyRuleName=RuleFormSettings&RequestClass=Rule-HTML-Section&RequestAppliesTo=Rule-Access-When&RequestRuleName=RuleFormSettings Payload: "{\"RequestClass\":\"Rule-HTML-Section\",\"RequestAppliesTo\":\"Rule-Access-When\",\"RequestRuleName\":\"RuleFormSettings\"}" => HTTP 200 (20540 bytes)
[PegaHttpClient] 📡 POST https://zdk8budo.pegaacademy.net/prweb/api/CodeIntelligence/v1/rules/query?pxObjClass=Rule-HTML-Section&appliesTo=Rule-Access-When&pyRuleName=OpenAuthoring&RequestClass=Rule-HTML-Section&RequestAppliesTo=Rule-Access-When&RequestRuleName=OpenAuthoring Payload: "{\"RequestClass\":\"Rule-HTML-Section\",\"RequestAppliesTo\":\"Rule-Access-When\",\"RequestRuleName\":\"OpenAuthoring\"}" => HTTP 200 (23695 bytes)
[PegaHttpClient] 📡 POST https://zdk8budo.pegaacademy.net/prweb/api/CodeIntelligence/v1/rules/query?pxObjClass=Rule-HTML-Section&appliesTo=Rule-Access-When&pyRuleName=pyCustomHelp&RequestClass=Rule-HTML-Section&RequestAppliesTo=Rule-Access-When&RequestRuleName=pyCustomHelp Payload: "{\"RequestClass\":\"Rule-HTML-Section\",\"RequestAppliesTo\":\"Rule-Access-When\",\"RequestRuleName\":\"pyCustomHelp\"}" => HTTP 200 (17256 bytes)
[PegaHttpClient] 📡 POST https://zdk8budo.pegaacademy.net/prweb/api/CodeIntelligence/v1/rules/query?pxObjClass=Rule-HTML-Section&appliesTo=Rule-Access-When&pyRuleName=pzRuleformMainInclude&RequestClass=Rule-HTML-Section&RequestAppliesTo=Rule-Access-When&RequestRuleName=pzRuleformMainInclude Payload: "{\"RequestClass\":\"Rule-HTML-Section\",\"RequestAppliesTo\":\"Rule-Access-When\",\"RequestRuleName\":\"pzRuleformMainInclude\"}" => HTTP 200 (22375 bytes)
[PegaHttpClient] 📡 POST https://zdk8budo.pegaacademy.net/prweb/api/CodeIntelligence/v1/rules/query?pxObjClass=Rule-HTML-Section&appliesTo=Rule-Access-When&pyRuleName=pyAlternativeRuleFormStrategicAppExtension&RequestClass=Rule-HTML-Section&RequestAppliesTo=Rule-Access-When&RequestRuleName=pyAlternativeRuleFormStrategicAppExtension Payload: "{\"RequestClass\":\"Rule-HTML-Section\",\"RequestAppliesTo\":\"Rule-Access-When\",\"RequestRuleName\":\"pyAlternativeRuleFormStrategicAppExtension\"}" => HTTP 200 (25042 bytes)
[PegaHttpClient] 📡 POST https://zdk8budo.pegaacademy.net/prweb/api/CodeIntelligence/v1/rules/query?pxObjClass=Rule-HTML-Section&appliesTo=Rule-Access-When&pyRuleName=pyAlternativeRuleFormExtension&RequestClass=Rule-HTML-Section&RequestAppliesTo=Rule-Access-When&RequestRuleName=pyAlternativeRuleFormExtension Payload: "{\"RequestClass\":\"Rule-HTML-Section\",\"RequestAppliesTo\":\"Rule-Access-When\",\"RequestRuleName\":\"pyAlternativeRuleFormExtension\"}" => HTTP 200 (24863 bytes)
[PegaHttpClient] 📡 POST https://zdk8budo.pegaacademy.net/prweb/api/CodeIntelligence/v1/rules/query?pxObjClass=Rule-HTML-Section&appliesTo=Rule-Access-When&pyRuleName=RuleFormHeader&RequestClass=Rule-HTML-Section&RequestAppliesTo=Rule-Access-When&RequestRuleName=RuleFormHeader Payload: "{\"RequestClass\":\"Rule-HTML-Section\",\"RequestAppliesTo\":\"Rule-Access-When\",\"RequestRuleName\":\"RuleFormHeader\"}" => HTTP 200 (183800 bytes)
[PegaHttpClient] 📡 POST https://zdk8budo.pegaacademy.net/prweb/api/CodeIntelligence/v1/rules/query?pxObjClass=Rule-HTML-Section&appliesTo=Rule-Access-When&pyRuleName=pzDelegationExperience&RequestClass=Rule-HTML-Section&RequestAppliesTo=Rule-Access-When&RequestRuleName=pzDelegationExperience Payload: "{\"RequestClass\":\"Rule-HTML-Section\",\"RequestAppliesTo\":\"Rule-Access-When\",\"RequestRuleName\":\"pzDelegationExperience\"}" => HTTP 404 (116 bytes)
[PegaHttpClient] 📡 POST https://zdk8budo.pegaacademy.net/prweb/PRRestService/CodeIntelligence/v1/rules/query?pxObjClass=Rule-HTML-Section&appliesTo=Rule-Access-When&pyRuleName=pzDelegationExperience&RequestClass=Rule-HTML-Section&RequestAppliesTo=Rule-Access-When&RequestRuleName=pzDelegationExperience Payload: "{\"RequestClass\":\"Rule-HTML-Section\",\"RequestAppliesTo\":\"Rule-Access-When\",\"RequestRuleName\":\"pzDelegationExperience\"}" => HTTP 404 (116 bytes)
[PegaHttpClient] 📡 POST https://zdk8budo.pegaacademy.net/prweb/api/HRAppsV2Service/V1/rules/query?pxObjClass=Rule-HTML-Section&appliesTo=Rule-Access-When&pyRuleName=pzDelegationExperience&RequestClass=Rule-HTML-Section&RequestAppliesTo=Rule-Access-When&RequestRuleName=pzDelegationExperience Payload: "{\"RequestClass\":\"Rule-HTML-Section\",\"RequestAppliesTo\":\"Rule-Access-When\",\"RequestRuleName\":\"pzDelegationExperience\"}" => HTTP 404 (18 bytes)
[PegaHttpClient] 📡 POST https://zdk8budo.pegaacademy.net/prweb/PRRestService/HRAppsV2Service/V1/rules/query?pxObjClass=Rule-HTML-Section&appliesTo=Rule-Access-When&pyRuleName=pzDelegationExperience&RequestClass=Rule-HTML-Section&RequestAppliesTo=Rule-Access-When&RequestRuleName=pzDelegationExperience Payload: "{\"RequestClass\":\"Rule-HTML-Section\",\"RequestAppliesTo\":\"Rule-Access-When\",\"RequestRuleName\":\"pzDelegationExperience\"}" => HTTP 404 (18 bytes)
[PegaHttpClient] 📡 POST https://zdk8budo.pegaacademy.net/prweb/api/HRAppsV2/V1/rules/query?pxObjClass=Rule-HTML-Section&appliesTo=Rule-Access-When&pyRuleName=pzDelegationExperience&RequestClass=Rule-HTML-Section&RequestAppliesTo=Rule-Access-When&RequestRuleName=pzDelegationExperience Payload: "{\"RequestClass\":\"Rule-HTML-Section\",\"RequestAppliesTo\":\"Rule-Access-When\",\"RequestRuleName\":\"pzDelegationExperience\"}" => HTTP 404 (18 bytes)
[PegaHttpClient] 📡 POST https://zdk8budo.pegaacademy.net/prweb/PRRestService/HRAppsV2/V1/rules/query?pxObjClass=Rule-HTML-Section&appliesTo=Rule-Access-When&pyRuleName=pzDelegationExperience&RequestClass=Rule-HTML-Section&RequestAppliesTo=Rule-Access-When&RequestRuleName=pzDelegationExperience Payload: "{\"RequestClass\":\"Rule-HTML-Section\",\"RequestAppliesTo\":\"Rule-Access-When\",\"RequestRuleName\":\"pzDelegationExperience\"}" => HTTP 404 (18 bytes)
[PegaHttpClient] 📡 POST https://zdk8budo.pegaacademy.net/prweb/api/v1/rules/query?pxObjClass=Rule-HTML-Section&appliesTo=Rule-Access-When&pyRuleName=pzDelegationExperience&RequestClass=Rule-HTML-Section&RequestAppliesTo=Rule-Access-When&RequestRuleName=pzDelegationExperience Payload: "{\"RequestClass\":\"Rule-HTML-Section\",\"RequestAppliesTo\":\"Rule-Access-When\",\"RequestRuleName\":\"pzDelegationExperience\"}" => HTTP 404 (18 bytes)
[PegaHttpClient] 📡 POST https://zdk8budo.pegaacademy.net/prweb/PRRestService/v1/rules/query?pxObjClass=Rule-HTML-Section&appliesTo=Rule-Access-When&pyRuleName=pzDelegationExperience&RequestClass=Rule-HTML-Section&RequestAppliesTo=Rule-Access-When&RequestRuleName=pzDelegationExperience Payload: "{\"RequestClass\":\"Rule-HTML-Section\",\"RequestAppliesTo\":\"Rule-Access-When\",\"RequestRuleName\":\"pzDelegationExperience\"}" => HTTP 404 (18 bytes)
[PegaHttpClient] 📡 POST https://zdk8budo.pegaacademy.net/prweb/api/CodeIntelligence/v1/rules/query?pxObjClass=Rule-HTML-Section&appliesTo=Rule-Access-When&pyRuleName=pzConditions&RequestClass=Rule-HTML-Section&RequestAppliesTo=Rule-Access-When&RequestRuleName=pzConditions Payload: "{\"RequestClass\":\"Rule-HTML-Section\",\"RequestAppliesTo\":\"Rule-Access-When\",\"RequestRuleName\":\"pzConditions\"}" => HTTP 200 (33486 bytes)
[PegaHttpClient] 📡 POST https://zdk8budo.pegaacademy.net/prweb/api/CodeIntelligence/v1/rules/query?pxObjClass=Rule-HTML-Section&appliesTo=Rule-Access-When&pyRuleName=pzAdvanced&RequestClass=Rule-HTML-Section&RequestAppliesTo=Rule-Access-When&RequestRuleName=pzAdvanced Payload: "{\"RequestClass\":\"Rule-HTML-Section\",\"RequestAppliesTo\":\"Rule-Access-When\",\"RequestRuleName\":\"pzAdvanced\"}" => HTTP 200 (17415 bytes)
[PegaHttpClient] 📡 POST https://zdk8budo.pegaacademy.net/prweb/api/CodeIntelligence/v1/rules/query?pxObjClass=Rule-HTML-Section&appliesTo=Rule-Access-When&pyRuleName=pzRuleFormParameters&RequestClass=Rule-HTML-Section&RequestAppliesTo=Rule-Access-When&RequestRuleName=pzRuleFormParameters Payload: "{\"RequestClass\":\"Rule-HTML-Section\",\"RequestAppliesTo\":\"Rule-Access-When\",\"RequestRuleName\":\"pzRuleFormParameters\"}" => HTTP 200 (65506 bytes)
[PegaHttpClient] 📡 POST https://zdk8budo.pegaacademy.net/prweb/api/CodeIntelligence/v1/rules/query?pxObjClass=Rule-HTML-Section&appliesTo=Rule-Access-When&pyRuleName=pzRuleFormPagesAndClassesWithLocate&RequestClass=Rule-HTML-Section&RequestAppliesTo=Rule-Access-When&RequestRuleName=pzRuleFormPagesAndClassesWithLocate Payload: "{\"RequestClass\":\"Rule-HTML-Section\",\"RequestAppliesTo\":\"Rule-Access-When\",\"RequestRuleName\":\"pzRuleFormPagesAndClassesWithLocate\"}" => HTTP 200 (69641 bytes)
[PegaHttpClient] 📡 POST https://zdk8budo.pegaacademy.net/prweb/api/CodeIntelligence/v1/rules/query?pxObjClass=Rule-HTML-Section&appliesTo=Rule-Access-When&pyRuleName=pzSpecifications&RequestClass=Rule-HTML-Section&RequestAppliesTo=Rule-Access-When&RequestRuleName=pzSpecifications Payload: "{\"RequestClass\":\"Rule-HTML-Section\",\"RequestAppliesTo\":\"Rule-Access-When\",\"RequestRuleName\":\"pzSpecifications\"}" => HTTP 200 (16577 bytes)
[PegaHttpClient] 📡 POST https://zdk8budo.pegaacademy.net/prweb/api/CodeIntelligence/v1/rules/query?pxObjClass=Rule-HTML-Section&appliesTo=Rule-Access-When&pyRuleName=RuleFormHistory&RequestClass=Rule-HTML-Section&RequestAppliesTo=Rule-Access-When&RequestRuleName=RuleFormHistory Payload: "{\"RequestClass\":\"Rule-HTML-Section\",\"RequestAppliesTo\":\"Rule-Access-When\",\"RequestRuleName\":\"RuleFormHistory\"}" => HTTP 200 (76091 bytes)
[PegaHttpClient] 📡 POST https://zdk8budo.pegaacademy.net/prweb/api/CodeIntelligence/v1/rules/query?pxObjClass=Rule-HTML-Section&appliesTo=Rule-Access-When&pyRuleName=pzWhenTabListener&RequestClass=Rule-HTML-Section&RequestAppliesTo=Rule-Access-When&RequestRuleName=pzWhenTabListener Payload: "{\"RequestClass\":\"Rule-HTML-Section\",\"RequestAppliesTo\":\"Rule-Access-When\",\"RequestRuleName\":\"pzWhenTabListener\"}" => HTTP 404 (111 bytes)
[PegaHttpClient] 📡 POST https://zdk8budo.pegaacademy.net/prweb/PRRestService/CodeIntelligence/v1/rules/query?pxObjClass=Rule-HTML-Section&appliesTo=Rule-Access-When&pyRuleName=pzWhenTabListener&RequestClass=Rule-HTML-Section&RequestAppliesTo=Rule-Access-When&RequestRuleName=pzWhenTabListener Payload: "{\"RequestClass\":\"Rule-HTML-Section\",\"RequestAppliesTo\":\"Rule-Access-When\",\"RequestRuleName\":\"pzWhenTabListener\"}" => HTTP 404 (111 bytes)
[PegaHttpClient] 📡 POST https://zdk8budo.pegaacademy.net/prweb/api/HRAppsV2Service/V1/rules/query?pxObjClass=Rule-HTML-Section&appliesTo=Rule-Access-When&pyRuleName=pzWhenTabListener&RequestClass=Rule-HTML-Section&RequestAppliesTo=Rule-Access-When&RequestRuleName=pzWhenTabListener Payload: "{\"RequestClass\":\"Rule-HTML-Section\",\"RequestAppliesTo\":\"Rule-Access-When\",\"RequestRuleName\":\"pzWhenTabListener\"}" => HTTP 404 (18 bytes)
[PegaHttpClient] 📡 POST https://zdk8budo.pegaacademy.net/prweb/PRRestService/HRAppsV2Service/V1/rules/query?pxObjClass=Rule-HTML-Section&appliesTo=Rule-Access-When&pyRuleName=pzWhenTabListener&RequestClass=Rule-HTML-Section&RequestAppliesTo=Rule-Access-When&RequestRuleName=pzWhenTabListener Payload: "{\"RequestClass\":\"Rule-HTML-Section\",\"RequestAppliesTo\":\"Rule-Access-When\",\"RequestRuleName\":\"pzWhenTabListener\"}" => HTTP 404 (18 bytes)
[PegaHttpClient] 📡 POST https://zdk8budo.pegaacademy.net/prweb/api/HRAppsV2/V1/rules/query?pxObjClass=Rule-HTML-Section&appliesTo=Rule-Access-When&pyRuleName=pzWhenTabListener&RequestClass=Rule-HTML-Section&RequestAppliesTo=Rule-Access-When&RequestRuleName=pzWhenTabListener Payload: "{\"RequestClass\":\"Rule-HTML-Section\",\"RequestAppliesTo\":\"Rule-Access-When\",\"RequestRuleName\":\"pzWhenTabListener\"}" => HTTP 404 (18 bytes)
[PegaHttpClient] 📡 POST https://zdk8budo.pegaacademy.net/prweb/PRRestService/HRAppsV2/V1/rules/query?pxObjClass=Rule-HTML-Section&appliesTo=Rule-Access-When&pyRuleName=pzWhenTabListener&RequestClass=Rule-HTML-Section&RequestAppliesTo=Rule-Access-When&RequestRuleName=pzWhenTabListener Payload: "{\"RequestClass\":\"Rule-HTML-Section\",\"RequestAppliesTo\":\"Rule-Access-When\",\"RequestRuleName\":\"pzWhenTabListener\"}" => HTTP 404 (18 bytes)
[PegaHttpClient] 📡 POST https://zdk8budo.pegaacademy.net/prweb/api/v1/rules/query?pxObjClass=Rule-HTML-Section&appliesTo=Rule-Access-When&pyRuleName=pzWhenTabListener&RequestClass=Rule-HTML-Section&RequestAppliesTo=Rule-Access-When&RequestRuleName=pzWhenTabListener Payload: "{\"RequestClass\":\"Rule-HTML-Section\",\"RequestAppliesTo\":\"Rule-Access-When\",\"RequestRuleName\":\"pzWhenTabListener\"}" => HTTP 404 (18 bytes)
[PegaHttpClient] 📡 POST https://zdk8budo.pegaacademy.net/prweb/PRRestService/v1/rules/query?pxObjClass=Rule-HTML-Section&appliesTo=Rule-Access-When&pyRuleName=pzWhenTabListener&RequestClass=Rule-HTML-Section&RequestAppliesTo=Rule-Access-When&RequestRuleName=pzWhenTabListener Payload: "{\"RequestClass\":\"Rule-HTML-Section\",\"RequestAppliesTo\":\"Rule-Access-When\",\"RequestRuleName\":\"pzWhenTabListener\"}" => HTTP 404 (18 bytes)
[PegaHttpClient] 📡 POST https://zdk8budo.pegaacademy.net/prweb/api/CodeIntelligence/v1/rules/query?pxObjClass=Rule-HTML-Section&appliesTo=Rule-Access-When&pyRuleName=pzCustomHelp&RequestClass=Rule-HTML-Section&RequestAppliesTo=Rule-Access-When&RequestRuleName=pzCustomHelp Payload: "{\"RequestClass\":\"Rule-HTML-Section\",\"RequestAppliesTo\":\"Rule-Access-When\",\"RequestRuleName\":\"pzCustomHelp\"}" => HTTP 200 (31573 bytes)
[PegaHttpClient] 📡 POST https://zdk8budo.pegaacademy.net/prweb/api/CodeIntelligence/v1/rules/query?pxObjClass=Rule-HTML-Section&appliesTo=Rule-Access-When&pyRuleName=pzRuleFormKeysAndDescription&RequestClass=Rule-HTML-Section&RequestAppliesTo=Rule-Access-When&RequestRuleName=pzRuleFormKeysAndDescription Payload: "{\"RequestClass\":\"Rule-HTML-Section\",\"RequestAppliesTo\":\"Rule-Access-When\",\"RequestRuleName\":\"pzRuleFormKeysAndDescription\"}" => HTTP 200 (218057 bytes)
[PegaHttpClient] 📡 POST https://zdk8budo.pegaacademy.net/prweb/api/CodeIntelligence/v1/rules/query?pxObjClass=Rule-HTML-Section&appliesTo=Rule-Access-When&pyRuleName=pzRuleFormRuleset&RequestClass=Rule-HTML-Section&RequestAppliesTo=Rule-Access-When&RequestRuleName=pzRuleFormRuleset Payload: "{\"RequestClass\":\"Rule-HTML-Section\",\"RequestAppliesTo\":\"Rule-Access-When\",\"RequestRuleName\":\"pzRuleFormRuleset\"}" => HTTP 200 (33985 bytes)
[PegaHttpClient] 📡 POST https://zdk8budo.pegaacademy.net/prweb/api/CodeIntelligence/v1/rules/query?pxObjClass=Rule-HTML-Section&appliesTo=Rule-Access-When&pyRuleName=undefined&RequestClass=Rule-HTML-Section&RequestAppliesTo=Rule-Access-When&RequestRuleName=undefined Payload: "{\"RequestClass\":\"Rule-HTML-Section\",\"RequestAppliesTo\":\"Rule-Access-When\",\"RequestRuleName\":\"undefined\"}" => HTTP 404 (103 bytes)
[PegaHttpClient] 📡 POST https://zdk8budo.pegaacademy.net/prweb/PRRestService/CodeIntelligence/v1/rules/query?pxObjClass=Rule-HTML-Section&appliesTo=Rule-Access-When&pyRuleName=undefined&RequestClass=Rule-HTML-Section&RequestAppliesTo=Rule-Access-When&RequestRuleName=undefined Payload: "{\"RequestClass\":\"Rule-HTML-Section\",\"RequestAppliesTo\":\"Rule-Access-When\",\"RequestRuleName\":\"undefined\"}" => HTTP 404 (103 bytes)
[PegaHttpClient] 📡 POST https://zdk8budo.pegaacademy.net/prweb/api/HRAppsV2Service/V1/rules/query?pxObjClass=Rule-HTML-Section&appliesTo=Rule-Access-When&pyRuleName=undefined&RequestClass=Rule-HTML-Section&RequestAppliesTo=Rule-Access-When&RequestRuleName=undefined Payload: "{\"RequestClass\":\"Rule-HTML-Section\",\"RequestAppliesTo\":\"Rule-Access-When\",\"RequestRuleName\":\"undefined\"}" => HTTP 404 (18 bytes)
[PegaHttpClient] 📡 POST https://zdk8budo.pegaacademy.net/prweb/PRRestService/HRAppsV2Service/V1/rules/query?pxObjClass=Rule-HTML-Section&appliesTo=Rule-Access-When&pyRuleName=undefined&RequestClass=Rule-HTML-Section&RequestAppliesTo=Rule-Access-When&RequestRuleName=undefined Payload: "{\"RequestClass\":\"Rule-HTML-Section\",\"RequestAppliesTo\":\"Rule-Access-When\",\"RequestRuleName\":\"undefined\"}" => HTTP 404 (18 bytes)
[PegaHttpClient] 📡 POST https://zdk8budo.pegaacademy.net/prweb/api/HRAppsV2/V1/rules/query?pxObjClass=Rule-HTML-Section&appliesTo=Rule-Access-When&pyRuleName=undefined&RequestClass=Rule-HTML-Section&RequestAppliesTo=Rule-Access-When&RequestRuleName=undefined Payload: "{\"RequestClass\":\"Rule-HTML-Section\",\"RequestAppliesTo\":\"Rule-Access-When\",\"RequestRuleName\":\"undefined\"}" => HTTP 404 (18 bytes)
[PegaHttpClient] 📡 POST https://zdk8budo.pegaacademy.net/prweb/PRRestService/HRAppsV2/V1/rules/query?pxObjClass=Rule-HTML-Section&appliesTo=Rule-Access-When&pyRuleName=undefined&RequestClass=Rule-HTML-Section&RequestAppliesTo=Rule-Access-When&RequestRuleName=undefined Payload: "{\"RequestClass\":\"Rule-HTML-Section\",\"RequestAppliesTo\":\"Rule-Access-When\",\"RequestRuleName\":\"undefined\"}" => HTTP 404 (18 bytes)
[PegaHttpClient] 📡 POST https://zdk8budo.pegaacademy.net/prweb/api/v1/rules/query?pxObjClass=Rule-HTML-Section&appliesTo=Rule-Access-When&pyRuleName=undefined&RequestClass=Rule-HTML-Section&RequestAppliesTo=Rule-Access-When&RequestRuleName=undefined Payload: "{\"RequestClass\":\"Rule-HTML-Section\",\"RequestAppliesTo\":\"Rule-Access-When\",\"RequestRuleName\":\"undefined\"}" => HTTP 404 (18 bytes)
[PegaHttpClient] 📡 POST https://zdk8budo.pegaacademy.net/prweb/PRRestService/v1/rules/query?pxObjClass=Rule-HTML-Section&appliesTo=Rule-Access-When&pyRuleName=undefined&RequestClass=Rule-HTML-Section&RequestAppliesTo=Rule-Access-When&RequestRuleName=undefined Payload: "{\"RequestClass\":\"Rule-HTML-Section\",\"RequestAppliesTo\":\"Rule-Access-When\",\"RequestRuleName\":\"undefined\"}" => HTTP 404 (18 bytes)
[PegaHttpClient] 📡 POST https://zdk8budo.pegaacademy.net/prweb/api/CodeIntelligence/v1/rules/query?pxObjClass=Rule-HTML-Section&appliesTo=Rule-Access-When&pyRuleName=pzRuleFormToolbar&RequestClass=Rule-HTML-Section&RequestAppliesTo=Rule-Access-When&RequestRuleName=pzRuleFormToolbar Payload: "{\"RequestClass\":\"Rule-HTML-Section\",\"RequestAppliesTo\":\"Rule-Access-When\",\"RequestRuleName\":\"pzRuleFormToolbar\"}" => HTTP 200 (242691 bytes)
[PegaHttpClient] 📡 POST https://zdk8budo.pegaacademy.net/prweb/api/CodeIntelligence/v1/rules/query?pxObjClass=Rule-HTML-Section&appliesTo=Rule-Access-When&pyRuleName=pzRuleFormToolbarCompare&RequestClass=Rule-HTML-Section&RequestAppliesTo=Rule-Access-When&RequestRuleName=pzRuleFormToolbarCompare Payload: "{\"RequestClass\":\"Rule-HTML-Section\",\"RequestAppliesTo\":\"Rule-Access-When\",\"RequestRuleName\":\"pzRuleFormToolbarCompare\"}" => HTTP 200 (61925 bytes)
[PegaHttpClient] 📡 POST https://zdk8budo.pegaacademy.net/prweb/api/CodeIntelligence/v1/rules/query?pxObjClass=Rule-HTML-Section&appliesTo=Rule-Access-When&pyRuleName=RuleFormHeaderMessages&RequestClass=Rule-HTML-Section&RequestAppliesTo=Rule-Access-When&RequestRuleName=RuleFormHeaderMessages Payload: "{\"RequestClass\":\"Rule-HTML-Section\",\"RequestAppliesTo\":\"Rule-Access-When\",\"RequestRuleName\":\"RuleFormHeaderMessages\"}" => HTTP 200 (26518 bytes)
[PegaHttpClient] 📡 POST https://zdk8budo.pegaacademy.net/prweb/api/CodeIntelligence/v1/rules/query?pxObjClass=Rule-HTML-Section&appliesTo=Rule-Access-When&pyRuleName=pzConditionTree&RequestClass=Rule-HTML-Section&RequestAppliesTo=Rule-Access-When&RequestRuleName=pzConditionTree Payload: "{\"RequestClass\":\"Rule-HTML-Section\",\"RequestAppliesTo\":\"Rule-Access-When\",\"RequestRuleName\":\"pzConditionTree\"}" => HTTP 200 (70257 bytes)
[PegaHttpClient] 📡 POST https://zdk8budo.pegaacademy.net/prweb/api/CodeIntelligence/v1/rules/query?pxObjClass=Rule-HTML-Section&appliesTo=Rule-Access-When&pyRuleName=pzAdvancedConditions&RequestClass=Rule-HTML-Section&RequestAppliesTo=Rule-Access-When&RequestRuleName=pzAdvancedConditions Payload: "{\"RequestClass\":\"Rule-HTML-Section\",\"RequestAppliesTo\":\"Rule-Access-When\",\"RequestRuleName\":\"pzAdvancedConditions\"}" => HTTP 200 (108947 bytes)
[PegaHttpClient] 📡 POST https://zdk8budo.pegaacademy.net/prweb/api/CodeIntelligence/v1/rules/query?pxObjClass=Rule-HTML-Section&appliesTo=Rule-Access-When&pyRuleName=pzPagesAndClassesScriptNoMode&RequestClass=Rule-HTML-Section&RequestAppliesTo=Rule-Access-When&RequestRuleName=pzPagesAndClassesScriptNoMode Payload: "{\"RequestClass\":\"Rule-HTML-Section\",\"RequestAppliesTo\":\"Rule-Access-When\",\"RequestRuleName\":\"pzPagesAndClassesScriptNoMode\"}" => HTTP 200 (25452 bytes)
[PegaHttpClient] 📡 POST https://zdk8budo.pegaacademy.net/prweb/api/CodeIntelligence/v1/rules/query?pxObjClass=Rule-HTML-Section&appliesTo=Rule-Access-When&pyRuleName=RuleFormPagesAndClasses&RequestClass=Rule-HTML-Section&RequestAppliesTo=Rule-Access-When&RequestRuleName=RuleFormPagesAndClasses Payload: "{\"RequestClass\":\"Rule-HTML-Section\",\"RequestAppliesTo\":\"Rule-Access-When\",\"RequestRuleName\":\"RuleFormPagesAndClasses\"}" => HTTP 200 (34748 bytes)
[PegaHttpClient] 📡 POST https://zdk8budo.pegaacademy.net/prweb/api/CodeIntelligence/v1/rules/query?pxObjClass=Rule-HTML-Section&appliesTo=Rule-Access-When&pyRuleName=pzSpecificationsInner&RequestClass=Rule-HTML-Section&RequestAppliesTo=Rule-Access-When&RequestRuleName=pzSpecificationsInner Payload: "{\"RequestClass\":\"Rule-HTML-Section\",\"RequestAppliesTo\":\"Rule-Access-When\",\"RequestRuleName\":\"pzSpecificationsInner\"}" => HTTP 200 (142370 bytes)
[PegaHttpClient] 📡 POST https://zdk8budo.pegaacademy.net/prweb/api/CodeIntelligence/v1/rules/query?pxObjClass=Rule-HTML-Section&appliesTo=Rule-Access-When&pyRuleName=pzAlternateRuleInfo&RequestClass=Rule-HTML-Section&RequestAppliesTo=Rule-Access-When&RequestRuleName=pzAlternateRuleInfo Payload: "{\"RequestClass\":\"Rule-HTML-Section\",\"RequestAppliesTo\":\"Rule-Access-When\",\"RequestRuleName\":\"pzAlternateRuleInfo\"}" => HTTP 200 (140407 bytes)
[PegaHttpClient] 📡 POST https://zdk8budo.pegaacademy.net/prweb/api/CodeIntelligence/v1/rules/query?pxObjClass=Rule-HTML-Section&appliesTo=Rule-Access-When&pyRuleName=RuleFormHistory_Description&RequestClass=Rule-HTML-Section&RequestAppliesTo=Rule-Access-When&RequestRuleName=RuleFormHistory_Description Payload: "{\"RequestClass\":\"Rule-HTML-Section\",\"RequestAppliesTo\":\"Rule-Access-When\",\"RequestRuleName\":\"RuleFormHistory_Description\"}" => HTTP 200 (46242 bytes)
[PegaHttpClient] 📡 POST https://zdk8budo.pegaacademy.net/prweb/api/CodeIntelligence/v1/rules/query?pxObjClass=Rule-HTML-Section&appliesTo=Rule-Access-When&pyRuleName=RuleFormHistory_CustomFields&RequestClass=Rule-HTML-Section&RequestAppliesTo=Rule-Access-When&RequestRuleName=RuleFormHistory_CustomFields Payload: "{\"RequestClass\":\"Rule-HTML-Section\",\"RequestAppliesTo\":\"Rule-Access-When\",\"RequestRuleName\":\"RuleFormHistory_CustomFields\"}" => HTTP 200 (75856 bytes)
[PegaHttpClient] 📡 POST https://zdk8budo.pegaacademy.net/prweb/api/CodeIntelligence/v1/rules/query?pxObjClass=Rule-HTML-Section&appliesTo=Rule-Access-When&pyRuleName=RuleFormHistory_HistoryDetails&RequestClass=Rule-HTML-Section&RequestAppliesTo=Rule-Access-When&RequestRuleName=RuleFormHistory_HistoryDetails Payload: "{\"RequestClass\":\"Rule-HTML-Section\",\"RequestAppliesTo\":\"Rule-Access-When\",\"RequestRuleName\":\"RuleFormHistory_HistoryDetails\"}" => HTTP 200 (179535 bytes)
[PegaHttpClient] 📡 POST https://zdk8budo.pegaacademy.net/prweb/api/CodeIntelligence/v1/rules/query?pxObjClass=Rule-HTML-Section&appliesTo=Rule-Access-When&pyRuleName=pzRuleFormStatus&RequestClass=Rule-HTML-Section&RequestAppliesTo=Rule-Access-When&RequestRuleName=pzRuleFormStatus Payload: "{\"RequestClass\":\"Rule-HTML-Section\",\"RequestAppliesTo\":\"Rule-Access-When\",\"RequestRuleName\":\"pzRuleFormStatus\"}" => HTTP 200 (97627 bytes)
[PegaHttpClient] 📡 POST https://zdk8budo.pegaacademy.net/prweb/api/CodeIntelligence/v1/rules/query?pxObjClass=Rule-HTML-Section&appliesTo=Rule-Access-When&pyRuleName=pzRuleFormHeaderCompareWithDropDown&RequestClass=Rule-HTML-Section&RequestAppliesTo=Rule-Access-When&RequestRuleName=pzRuleFormHeaderCompareWithDropDown Payload: "{\"RequestClass\":\"Rule-HTML-Section\",\"RequestAppliesTo\":\"Rule-Access-When\",\"RequestRuleName\":\"pzRuleFormHeaderCompareWithDropDown\"}" => HTTP 200 (25396 bytes)
[PegaHttpClient] 📡 POST https://zdk8budo.pegaacademy.net/prweb/api/CodeIntelligence/v1/rules/query?pxObjClass=Rule-HTML-Section&appliesTo=Rule-Access-When&pyRuleName=undefined&RequestClass=Rule-HTML-Section&RequestAppliesTo=Rule-Access-When&RequestRuleName=undefined Payload: "{\"RequestClass\":\"Rule-HTML-Section\",\"RequestAppliesTo\":\"Rule-Access-When\",\"RequestRuleName\":\"undefined\"}" => HTTP 404 (103 bytes)
[PegaHttpClient] 📡 POST https://zdk8budo.pegaacademy.net/prweb/PRRestService/CodeIntelligence/v1/rules/query?pxObjClass=Rule-HTML-Section&appliesTo=Rule-Access-When&pyRuleName=undefined&RequestClass=Rule-HTML-Section&RequestAppliesTo=Rule-Access-When&RequestRuleName=undefined Payload: "{\"RequestClass\":\"Rule-HTML-Section\",\"RequestAppliesTo\":\"Rule-Access-When\",\"RequestRuleName\":\"undefined\"}" => HTTP 404 (103 bytes)
[PegaHttpClient] 📡 POST https://zdk8budo.pegaacademy.net/prweb/api/HRAppsV2Service/V1/rules/query?pxObjClass=Rule-HTML-Section&appliesTo=Rule-Access-When&pyRuleName=undefined&RequestClass=Rule-HTML-Section&RequestAppliesTo=Rule-Access-When&RequestRuleName=undefined Payload: "{\"RequestClass\":\"Rule-HTML-Section\",\"RequestAppliesTo\":\"Rule-Access-When\",\"RequestRuleName\":\"undefined\"}" => HTTP 404 (18 bytes)
[PegaHttpClient] 📡 POST https://zdk8budo.pegaacademy.net/prweb/PRRestService/HRAppsV2Service/V1/rules/query?pxObjClass=Rule-HTML-Section&appliesTo=Rule-Access-When&pyRuleName=undefined&RequestClass=Rule-HTML-Section&RequestAppliesTo=Rule-Access-When&RequestRuleName=undefined Payload: "{\"RequestClass\":\"Rule-HTML-Section\",\"RequestAppliesTo\":\"Rule-Access-When\",\"RequestRuleName\":\"undefined\"}" => HTTP 404 (18 bytes)
[PegaHttpClient] 📡 POST https://zdk8budo.pegaacademy.net/prweb/api/HRAppsV2/V1/rules/query?pxObjClass=Rule-HTML-Section&appliesTo=Rule-Access-When&pyRuleName=undefined&RequestClass=Rule-HTML-Section&RequestAppliesTo=Rule-Access-When&RequestRuleName=undefined Payload: "{\"RequestClass\":\"Rule-HTML-Section\",\"RequestAppliesTo\":\"Rule-Access-When\",\"RequestRuleName\":\"undefined\"}" => HTTP 404 (18 bytes)
[PegaHttpClient] 📡 POST https://zdk8budo.pegaacademy.net/prweb/PRRestService/HRAppsV2/V1/rules/query?pxObjClass=Rule-HTML-Section&appliesTo=Rule-Access-When&pyRuleName=undefined&RequestClass=Rule-HTML-Section&RequestAppliesTo=Rule-Access-When&RequestRuleName=undefined Payload: "{\"RequestClass\":\"Rule-HTML-Section\",\"RequestAppliesTo\":\"Rule-Access-When\",\"RequestRuleName\":\"undefined\"}" => HTTP 404 (18 bytes)
[PegaHttpClient] 📡 POST https://zdk8budo.pegaacademy.net/prweb/api/v1/rules/query?pxObjClass=Rule-HTML-Section&appliesTo=Rule-Access-When&pyRuleName=undefined&RequestClass=Rule-HTML-Section&RequestAppliesTo=Rule-Access-When&RequestRuleName=undefined Payload: "{\"RequestClass\":\"Rule-HTML-Section\",\"RequestAppliesTo\":\"Rule-Access-When\",\"RequestRuleName\":\"undefined\"}" => HTTP 404 (18 bytes)
[PegaHttpClient] 📡 POST https://zdk8budo.pegaacademy.net/prweb/PRRestService/v1/rules/query?pxObjClass=Rule-HTML-Section&appliesTo=Rule-Access-When&pyRuleName=undefined&RequestClass=Rule-HTML-Section&RequestAppliesTo=Rule-Access-When&RequestRuleName=undefined Payload: "{\"RequestClass\":\"Rule-HTML-Section\",\"RequestAppliesTo\":\"Rule-Access-When\",\"RequestRuleName\":\"undefined\"}" => HTTP 404 (18 bytes)
[PegaHttpClient] 📡 POST https://zdk8budo.pegaacademy.net/prweb/api/CodeIntelligence/v1/rules/query?pxObjClass=Rule-HTML-Section&appliesTo=Rule-Access-When&pyRuleName=pzRuleFormToolbarHotKeys&RequestClass=Rule-HTML-Section&RequestAppliesTo=Rule-Access-When&RequestRuleName=pzRuleFormToolbarHotKeys Payload: "{\"RequestClass\":\"Rule-HTML-Section\",\"RequestAppliesTo\":\"Rule-Access-When\",\"RequestRuleName\":\"pzRuleFormToolbarHotKeys\"}" => HTTP 200 (85058 bytes)
[PegaHttpClient] 📡 POST https://zdk8budo.pegaacademy.net/prweb/api/CodeIntelligence/v1/rules/query?pxObjClass=Rule-HTML-Section&appliesTo=Rule-Access-When&pyRuleName=pzRuleFormToolbarLockedIcon&RequestClass=Rule-HTML-Section&RequestAppliesTo=Rule-Access-When&RequestRuleName=pzRuleFormToolbarLockedIcon Payload: "{\"RequestClass\":\"Rule-HTML-Section\",\"RequestAppliesTo\":\"Rule-Access-When\",\"RequestRuleName\":\"pzRuleFormToolbarLockedIcon\"}" => HTTP 200 (24898 bytes)
[PegaHttpClient] 📡 POST https://zdk8budo.pegaacademy.net/prweb/api/CodeIntelligence/v1/rules/query?pxObjClass=Rule-HTML-Section&appliesTo=Rule-Access-When&pyRuleName=pzRuleFormToolbarCollaborators&RequestClass=Rule-HTML-Section&RequestAppliesTo=Rule-Access-When&RequestRuleName=pzRuleFormToolbarCollaborators Payload: "{\"RequestClass\":\"Rule-HTML-Section\",\"RequestAppliesTo\":\"Rule-Access-When\",\"RequestRuleName\":\"pzRuleFormToolbarCollaborators\"}" => HTTP 200 (15254 bytes)
[PegaHttpClient] 📡 POST https://zdk8budo.pegaacademy.net/prweb/api/CodeIntelligence/v1/rules/query?pxObjClass=Rule-HTML-Section&appliesTo=Rule-Access-When&pyRuleName=pzRuleFormToolbarSaveAs&RequestClass=Rule-HTML-Section&RequestAppliesTo=Rule-Access-When&RequestRuleName=pzRuleFormToolbarSaveAs Payload: "{\"RequestClass\":\"Rule-HTML-Section\",\"RequestAppliesTo\":\"Rule-Access-When\",\"RequestRuleName\":\"pzRuleFormToolbarSaveAs\"}" => HTTP 200 (64084 bytes)
[PegaHttpClient] 📡 POST https://zdk8budo.pegaacademy.net/prweb/api/CodeIntelligence/v1/rules/query?pxObjClass=Rule-HTML-Section&appliesTo=Rule-Access-When&pyRuleName=pzRuleFormToolbarCheckin&RequestClass=Rule-HTML-Section&RequestAppliesTo=Rule-Access-When&RequestRuleName=pzRuleFormToolbarCheckin Payload: "{\"RequestClass\":\"Rule-HTML-Section\",\"RequestAppliesTo\":\"Rule-Access-When\",\"RequestRuleName\":\"pzRuleFormToolbarCheckin\"}" => HTTP 200 (119096 bytes)
[PegaHttpClient] 📡 POST https://zdk8budo.pegaacademy.net/prweb/api/CodeIntelligence/v1/rules/query?pxObjClass=Rule-HTML-Section&appliesTo=Rule-Access-When&pyRuleName=pzRuleFormToolbarDelete&RequestClass=Rule-HTML-Section&RequestAppliesTo=Rule-Access-When&RequestRuleName=pzRuleFormToolbarDelete Payload: "{\"RequestClass\":\"Rule-HTML-Section\",\"RequestAppliesTo\":\"Rule-Access-When\",\"RequestRuleName\":\"pzRuleFormToolbarDelete\"}" => HTTP 200 (30249 bytes)
[PegaHttpClient] 📡 POST https://zdk8budo.pegaacademy.net/prweb/api/CodeIntelligence/v1/rules/query?pxObjClass=Rule-HTML-Section&appliesTo=Rule-Access-When&pyRuleName=pzRuleFormToolbarSave&RequestClass=Rule-HTML-Section&RequestAppliesTo=Rule-Access-When&RequestRuleName=pzRuleFormToolbarSave Payload: "{\"RequestClass\":\"Rule-HTML-Section\",\"RequestAppliesTo\":\"Rule-Access-When\",\"RequestRuleName\":\"pzRuleFormToolbarSave\"}" => HTTP 200 (293885 bytes)
[PegaHttpClient] 📡 POST https://zdk8budo.pegaacademy.net/prweb/api/CodeIntelligence/v1/rules/query?pxObjClass=Rule-HTML-Section&appliesTo=Rule-Access-When&pyRuleName=pzRuleFormToolbarCheckout&RequestClass=Rule-HTML-Section&RequestAppliesTo=Rule-Access-When&RequestRuleName=pzRuleFormToolbarCheckout Payload: "{\"RequestClass\":\"Rule-HTML-Section\",\"RequestAppliesTo\":\"Rule-Access-When\",\"RequestRuleName\":\"pzRuleFormToolbarCheckout\"}" => HTTP 200 (238148 bytes)
[PegaHttpClient] 📡 POST https://zdk8budo.pegaacademy.net/prweb/api/CodeIntelligence/v1/rules/query?pxObjClass=Rule-HTML-Section&appliesTo=Rule-Access-When&pyRuleName=pzRemoveErrorsDataPage&RequestClass=Rule-HTML-Section&RequestAppliesTo=Rule-Access-When&RequestRuleName=pzRemoveErrorsDataPage Payload: "{\"RequestClass\":\"Rule-HTML-Section\",\"RequestAppliesTo\":\"Rule-Access-When\",\"RequestRuleName\":\"pzRemoveErrorsDataPage\"}" => HTTP 200 (16733 bytes)
[PegaHttpClient] 📡 POST https://zdk8budo.pegaacademy.net/prweb/api/CodeIntelligence/v1/rules/query?pxObjClass=Rule-HTML-Section&appliesTo=Rule-Access-When&pyRuleName=pzRuleFormHeaderMessagesWrapper&RequestClass=Rule-HTML-Section&RequestAppliesTo=Rule-Access-When&RequestRuleName=pzRuleFormHeaderMessagesWrapper Payload: "{\"RequestClass\":\"Rule-HTML-Section\",\"RequestAppliesTo\":\"Rule-Access-When\",\"RequestRuleName\":\"pzRuleFormHeaderMessagesWrapper\"}" => HTTP 200 (16981 bytes)
[PegaHttpClient] 📡 POST https://zdk8budo.pegaacademy.net/prweb/api/CodeIntelligence/v1/rules/query?pxObjClass=Rule-HTML-Section&appliesTo=Rule-Access-When&pyRuleName=pzConditionBuilderView&RequestClass=Rule-HTML-Section&RequestAppliesTo=Rule-Access-When&RequestRuleName=pzConditionBuilderView Payload: "{\"RequestClass\":\"Rule-HTML-Section\",\"RequestAppliesTo\":\"Rule-Access-When\",\"RequestRuleName\":\"pzConditionBuilderView\"}" => HTTP 200 (30638 bytes)
[PegaHttpClient] 📡 POST https://zdk8budo.pegaacademy.net/prweb/api/CodeIntelligence/v1/rules/query?pxObjClass=Rule-HTML-Section&appliesTo=Rule-Access-When&pyRuleName=pzCopyMessagesToFB&RequestClass=Rule-HTML-Section&RequestAppliesTo=Rule-Access-When&RequestRuleName=pzCopyMessagesToFB Payload: "{\"RequestClass\":\"Rule-HTML-Section\",\"RequestAppliesTo\":\"Rule-Access-When\",\"RequestRuleName\":\"pzCopyMessagesToFB\"}" => HTTP 200 (14710 bytes)
[PegaHttpClient] 📡 POST https://zdk8budo.pegaacademy.net/prweb/api/CodeIntelligence/v1/rules/query?pxObjClass=Rule-HTML-Section&appliesTo=Rule-Access-When&pyRuleName=pzRuleFormPagesAndClassesScript&RequestClass=Rule-HTML-Section&RequestAppliesTo=Rule-Access-When&RequestRuleName=pzRuleFormPagesAndClassesScript Payload: "{\"RequestClass\":\"Rule-HTML-Section\",\"RequestAppliesTo\":\"Rule-Access-When\",\"RequestRuleName\":\"pzRuleFormPagesAndClassesScript\"}" => HTTP 200 (15730 bytes)
[PegaHttpClient] 📡 POST https://zdk8budo.pegaacademy.net/prweb/api/CodeIntelligence/v1/rules/query?pxObjClass=Rule-HTML-Section&appliesTo=Rule-Access-When&pyRuleName=pzPagesAndClassesNoMode&RequestClass=Rule-HTML-Section&RequestAppliesTo=Rule-Access-When&RequestRuleName=pzPagesAndClassesNoMode Payload: "{\"RequestClass\":\"Rule-HTML-Section\",\"RequestAppliesTo\":\"Rule-Access-When\",\"RequestRuleName\":\"pzPagesAndClassesNoMode\"}" => HTTP 200 (90057 bytes)
[PegaHttpClient] 📡 POST https://zdk8budo.pegaacademy.net/prweb/api/CodeIntelligence/v1/rules/query?pxObjClass=Rule-HTML-Section&appliesTo=Rule-Access-When&pyRuleName=pzPagesAndClassesWithMode&RequestClass=Rule-HTML-Section&RequestAppliesTo=Rule-Access-When&RequestRuleName=pzPagesAndClassesWithMode Payload: "{\"RequestClass\":\"Rule-HTML-Section\",\"RequestAppliesTo\":\"Rule-Access-When\",\"RequestRuleName\":\"pzPagesAndClassesWithMode\"}" => HTTP 200 (97424 bytes)
[PegaHttpClient] 📡 POST https://zdk8budo.pegaacademy.net/prweb/api/CodeIntelligence/v1/rules/query?pxObjClass=Rule-HTML-Section&appliesTo=Rule-Access-When&pyRuleName=pzSpecificationName&RequestClass=Rule-HTML-Section&RequestAppliesTo=Rule-Access-When&RequestRuleName=pzSpecificationName Payload: "{\"RequestClass\":\"Rule-HTML-Section\",\"RequestAppliesTo\":\"Rule-Access-When\",\"RequestRuleName\":\"pzSpecificationName\"}" => HTTP 404 (113 bytes)
[PegaHttpClient] 📡 POST https://zdk8budo.pegaacademy.net/prweb/PRRestService/CodeIntelligence/v1/rules/query?pxObjClass=Rule-HTML-Section&appliesTo=Rule-Access-When&pyRuleName=pzSpecificationName&RequestClass=Rule-HTML-Section&RequestAppliesTo=Rule-Access-When&RequestRuleName=pzSpecificationName Payload: "{\"RequestClass\":\"Rule-HTML-Section\",\"RequestAppliesTo\":\"Rule-Access-When\",\"RequestRuleName\":\"pzSpecificationName\"}" => HTTP 404 (113 bytes)
[PegaHttpClient] 📡 POST https://zdk8budo.pegaacademy.net/prweb/api/HRAppsV2Service/V1/rules/query?pxObjClass=Rule-HTML-Section&appliesTo=Rule-Access-When&pyRuleName=pzSpecificationName&RequestClass=Rule-HTML-Section&RequestAppliesTo=Rule-Access-When&RequestRuleName=pzSpecificationName Payload: "{\"RequestClass\":\"Rule-HTML-Section\",\"RequestAppliesTo\":\"Rule-Access-When\",\"RequestRuleName\":\"pzSpecificationName\"}" => HTTP 404 (18 bytes)
[PegaHttpClient] 📡 POST https://zdk8budo.pegaacademy.net/prweb/PRRestService/HRAppsV2Service/V1/rules/query?pxObjClass=Rule-HTML-Section&appliesTo=Rule-Access-When&pyRuleName=pzSpecificationName&RequestClass=Rule-HTML-Section&RequestAppliesTo=Rule-Access-When&RequestRuleName=pzSpecificationName Payload: "{\"RequestClass\":\"Rule-HTML-Section\",\"RequestAppliesTo\":\"Rule-Access-When\",\"RequestRuleName\":\"pzSpecificationName\"}" => HTTP 404 (18 bytes)
[PegaHttpClient] 📡 POST https://zdk8budo.pegaacademy.net/prweb/api/HRAppsV2/V1/rules/query?pxObjClass=Rule-HTML-Section&appliesTo=Rule-Access-When&pyRuleName=pzSpecificationName&RequestClass=Rule-HTML-Section&RequestAppliesTo=Rule-Access-When&RequestRuleName=pzSpecificationName Payload: "{\"RequestClass\":\"Rule-HTML-Section\",\"RequestAppliesTo\":\"Rule-Access-When\",\"RequestRuleName\":\"pzSpecificationName\"}" => HTTP 404 (18 bytes)
[PegaHttpClient] 📡 POST https://zdk8budo.pegaacademy.net/prweb/PRRestService/HRAppsV2/V1/rules/query?pxObjClass=Rule-HTML-Section&appliesTo=Rule-Access-When&pyRuleName=pzSpecificationName&RequestClass=Rule-HTML-Section&RequestAppliesTo=Rule-Access-When&RequestRuleName=pzSpecificationName Payload: "{\"RequestClass\":\"Rule-HTML-Section\",\"RequestAppliesTo\":\"Rule-Access-When\",\"RequestRuleName\":\"pzSpecificationName\"}" => HTTP 404 (18 bytes)
[PegaHttpClient] 📡 POST https://zdk8budo.pegaacademy.net/prweb/api/v1/rules/query?pxObjClass=Rule-HTML-Section&appliesTo=Rule-Access-When&pyRuleName=pzSpecificationName&RequestClass=Rule-HTML-Section&RequestAppliesTo=Rule-Access-When&RequestRuleName=pzSpecificationName Payload: "{\"RequestClass\":\"Rule-HTML-Section\",\"RequestAppliesTo\":\"Rule-Access-When\",\"RequestRuleName\":\"pzSpecificationName\"}" => HTTP 404 (18 bytes)
[PegaHttpClient] 📡 POST https://zdk8budo.pegaacademy.net/prweb/PRRestService/v1/rules/query?pxObjClass=Rule-HTML-Section&appliesTo=Rule-Access-When&pyRuleName=pzSpecificationName&RequestClass=Rule-HTML-Section&RequestAppliesTo=Rule-Access-When&RequestRuleName=pzSpecificationName Payload: "{\"RequestClass\":\"Rule-HTML-Section\",\"RequestAppliesTo\":\"Rule-Access-When\",\"RequestRuleName\":\"pzSpecificationName\"}" => HTTP 404 (18 bytes)
[PegaHttpClient] 📡 POST https://zdk8budo.pegaacademy.net/prweb/api/CodeIntelligence/v1/rules/query?pxObjClass=Rule-HTML-Section&appliesTo=Rule-Access-When&pyRuleName=pzScm_RuleHistory&RequestClass=Rule-HTML-Section&RequestAppliesTo=Rule-Access-When&RequestRuleName=pzScm_RuleHistory Payload: "{\"RequestClass\":\"Rule-HTML-Section\",\"RequestAppliesTo\":\"Rule-Access-When\",\"RequestRuleName\":\"pzScm_RuleHistory\"}" => HTTP 200 (14682 bytes)
[PegaHttpClient] 📡 POST https://zdk8budo.pegaacademy.net/prweb/api/CodeIntelligence/v1/rules/query?pxObjClass=Rule-HTML-Section&appliesTo=Rule-Access-When&pyRuleName=pxDisplayCollaborators&RequestClass=Rule-HTML-Section&RequestAppliesTo=Rule-Access-When&RequestRuleName=pxDisplayCollaborators Payload: "{\"RequestClass\":\"Rule-HTML-Section\",\"RequestAppliesTo\":\"Rule-Access-When\",\"RequestRuleName\":\"pxDisplayCollaborators\"}" => HTTP 200 (94171 bytes)
[PegaHttpClient] 📡 POST https://zdk8budo.pegaacademy.net/prweb/api/CodeIntelligence/v1/rules/query?pxObjClass=Rule-HTML-Section&appliesTo=Rule-Access-When&pyRuleName=pzRuleFormToolbarDeleteCheckOut&RequestClass=Rule-HTML-Section&RequestAppliesTo=Rule-Access-When&RequestRuleName=pzRuleFormToolbarDeleteCheckOut Payload: "{\"RequestClass\":\"Rule-HTML-Section\",\"RequestAppliesTo\":\"Rule-Access-When\",\"RequestRuleName\":\"pzRuleFormToolbarDeleteCheckOut\"}" => HTTP 200 (29433 bytes)
[PegaHttpClient] 📡 POST https://zdk8budo.pegaacademy.net/prweb/api/CodeIntelligence/v1/rules/query?pxObjClass=Rule-HTML-Section&appliesTo=Rule-Access-When&pyRuleName=pzRuleFormToolbarDeleteRule&RequestClass=Rule-HTML-Section&RequestAppliesTo=Rule-Access-When&RequestRuleName=pzRuleFormToolbarDeleteRule Payload: "{\"RequestClass\":\"Rule-HTML-Section\",\"RequestAppliesTo\":\"Rule-Access-When\",\"RequestRuleName\":\"pzRuleFormToolbarDeleteRule\"}" => HTTP 200 (32314 bytes)
[PegaHttpClient] 📡 POST https://zdk8budo.pegaacademy.net/prweb/api/CodeIntelligence/v1/rules/query?pxObjClass=Rule-HTML-Section&appliesTo=Rule-Access-When&pyRuleName=pzConfigureConditionsInner&RequestClass=Rule-HTML-Section&RequestAppliesTo=Rule-Access-When&RequestRuleName=pzConfigureConditionsInner Payload: "{\"RequestClass\":\"Rule-HTML-Section\",\"RequestAppliesTo\":\"Rule-Access-When\",\"RequestRuleName\":\"pzConfigureConditionsInner\"}" => HTTP 200 (111675 bytes)
[PegaHttpClient] 📡 POST https://zdk8budo.pegaacademy.net/prweb/api/CodeIntelligence/v1/rules/query?pxObjClass=Rule-HTML-Section&appliesTo=Rule-Access-When&pyRuleName=pzWhenRulePresentation&RequestClass=Rule-HTML-Section&RequestAppliesTo=Rule-Access-When&RequestRuleName=pzWhenRulePresentation Payload: "{\"RequestClass\":\"Rule-HTML-Section\",\"RequestAppliesTo\":\"Rule-Access-When\",\"RequestRuleName\":\"pzWhenRulePresentation\"}" => HTTP 200 (179584 bytes)
[PegaHttpClient] 📡 POST https://zdk8budo.pegaacademy.net/prweb/api/CodeIntelligence/v1/rules/query?pxObjClass=Rule-HTML-Section&appliesTo=Rule-Access-When&pyRuleName=pzPagesAndClassesScript&RequestClass=Rule-HTML-Section&RequestAppliesTo=Rule-Access-When&RequestRuleName=pzPagesAndClassesScript Payload: "{\"RequestClass\":\"Rule-HTML-Section\",\"RequestAppliesTo\":\"Rule-Access-When\",\"RequestRuleName\":\"pzPagesAndClassesScript\"}" => HTTP 200 (24224 bytes)
[PegaHttpClient] 📡 POST https://zdk8budo.pegaacademy.net/prweb/api/CodeIntelligence/v1/rules/query?pxObjClass=Rule-HTML-Section&appliesTo=Rule-Access-When&pyRuleName=pzLoadCollaborationScripts&RequestClass=Rule-HTML-Section&RequestAppliesTo=Rule-Access-When&RequestRuleName=pzLoadCollaborationScripts Payload: "{\"RequestClass\":\"Rule-HTML-Section\",\"RequestAppliesTo\":\"Rule-Access-When\",\"RequestRuleName\":\"pzLoadCollaborationScripts\"}" => HTTP 200 (23453 bytes)
[PegaHttpClient] 📡 POST https://zdk8budo.pegaacademy.net/prweb/api/CodeIntelligence/v1/rules/query?pxObjClass=Rule-HTML-Section&appliesTo=Rule-Access-When&pyRuleName=pzDisplayCollaboratorsList&RequestClass=Rule-HTML-Section&RequestAppliesTo=Rule-Access-When&RequestRuleName=pzDisplayCollaboratorsList Payload: "{\"RequestClass\":\"Rule-HTML-Section\",\"RequestAppliesTo\":\"Rule-Access-When\",\"RequestRuleName\":\"pzDisplayCollaboratorsList\"}" => HTTP 200 (105418 bytes)
[PegaHttpClient] 📡 POST https://zdk8budo.pegaacademy.net/prweb/api/CodeIntelligence/v1/rules/query?pxObjClass=Rule-HTML-Section&appliesTo=Rule-Access-When&pyRuleName=pzConfigureConditionsMenu&RequestClass=Rule-HTML-Section&RequestAppliesTo=Rule-Access-When&RequestRuleName=pzConfigureConditionsMenu Payload: "{\"RequestClass\":\"Rule-HTML-Section\",\"RequestAppliesTo\":\"Rule-Access-When\",\"RequestRuleName\":\"pzConfigureConditionsMenu\"}" => HTTP 200 (30579 bytes)
[PegaHttpClient] 📡 POST https://zdk8budo.pegaacademy.net/prweb/api/CodeIntelligence/v1/rules/query?pxObjClass=Rule-HTML-Section&appliesTo=Rule-Access-When&pyRuleName=pzConditionBuilderStyles&RequestClass=Rule-HTML-Section&RequestAppliesTo=Rule-Access-When&RequestRuleName=pzConditionBuilderStyles Payload: "{\"RequestClass\":\"Rule-HTML-Section\",\"RequestAppliesTo\":\"Rule-Access-When\",\"RequestRuleName\":\"pzConditionBuilderStyles\"}" => HTTP 200 (19790 bytes)
[PegaHttpClient] 📡 POST https://zdk8budo.pegaacademy.net/prweb/api/CodeIntelligence/v1/rules/query?pxObjClass=Rule-HTML-Section&appliesTo=Rule-Access-When&pyRuleName=pyLoadErrorMessagesForGdget&RequestClass=Rule-HTML-Section&RequestAppliesTo=Rule-Access-When&RequestRuleName=pyLoadErrorMessagesForGdget Payload: "{\"RequestClass\":\"Rule-HTML-Section\",\"RequestAppliesTo\":\"Rule-Access-When\",\"RequestRuleName\":\"pyLoadErrorMessagesForGdget\"}" => HTTP 200 (23027 bytes)
[PegaHttpClient] 📡 POST https://zdk8budo.pegaacademy.net/prweb/api/CodeIntelligence/v1/rules/query?pxObjClass=Rule-HTML-Section&appliesTo=Rule-Access-When&pyRuleName=pzDisplayNonAutoGenCondition&RequestClass=Rule-HTML-Section&RequestAppliesTo=Rule-Access-When&RequestRuleName=pzDisplayNonAutoGenCondition Payload: "{\"RequestClass\":\"Rule-HTML-Section\",\"RequestAppliesTo\":\"Rule-Access-When\",\"RequestRuleName\":\"pzDisplayNonAutoGenCondition\"}" => HTTP 200 (68658 bytes)
[PegaHttpClient] 📡 POST https://zdk8budo.pegaacademy.net/prweb/api/CodeIntelligence/v1/rules/query?pxObjClass=Rule-HTML-Section&appliesTo=Rule-Access-When&pyRuleName=pzInnerEmbedConditions&RequestClass=Rule-HTML-Section&RequestAppliesTo=Rule-Access-When&RequestRuleName=pzInnerEmbedConditions Payload: "{\"RequestClass\":\"Rule-HTML-Section\",\"RequestAppliesTo\":\"Rule-Access-When\",\"RequestRuleName\":\"pzInnerEmbedConditions\"}" => HTTP 404 (116 bytes)
[PegaHttpClient] 📡 POST https://zdk8budo.pegaacademy.net/prweb/PRRestService/CodeIntelligence/v1/rules/query?pxObjClass=Rule-HTML-Section&appliesTo=Rule-Access-When&pyRuleName=pzInnerEmbedConditions&RequestClass=Rule-HTML-Section&RequestAppliesTo=Rule-Access-When&RequestRuleName=pzInnerEmbedConditions Payload: "{\"RequestClass\":\"Rule-HTML-Section\",\"RequestAppliesTo\":\"Rule-Access-When\",\"RequestRuleName\":\"pzInnerEmbedConditions\"}" => HTTP 404 (116 bytes)
[PegaHttpClient] 📡 POST https://zdk8budo.pegaacademy.net/prweb/api/HRAppsV2Service/V1/rules/query?pxObjClass=Rule-HTML-Section&appliesTo=Rule-Access-When&pyRuleName=pzInnerEmbedConditions&RequestClass=Rule-HTML-Section&RequestAppliesTo=Rule-Access-When&RequestRuleName=pzInnerEmbedConditions Payload: "{\"RequestClass\":\"Rule-HTML-Section\",\"RequestAppliesTo\":\"Rule-Access-When\",\"RequestRuleName\":\"pzInnerEmbedConditions\"}" => HTTP 404 (18 bytes)
[PegaHttpClient] 📡 POST https://zdk8budo.pegaacademy.net/prweb/PRRestService/HRAppsV2Service/V1/rules/query?pxObjClass=Rule-HTML-Section&appliesTo=Rule-Access-When&pyRuleName=pzInnerEmbedConditions&RequestClass=Rule-HTML-Section&RequestAppliesTo=Rule-Access-When&RequestRuleName=pzInnerEmbedConditions Payload: "{\"RequestClass\":\"Rule-HTML-Section\",\"RequestAppliesTo\":\"Rule-Access-When\",\"RequestRuleName\":\"pzInnerEmbedConditions\"}" => HTTP 404 (18 bytes)
[PegaHttpClient] 📡 POST https://zdk8budo.pegaacademy.net/prweb/api/HRAppsV2/V1/rules/query?pxObjClass=Rule-HTML-Section&appliesTo=Rule-Access-When&pyRuleName=pzInnerEmbedConditions&RequestClass=Rule-HTML-Section&RequestAppliesTo=Rule-Access-When&RequestRuleName=pzInnerEmbedConditions Payload: "{\"RequestClass\":\"Rule-HTML-Section\",\"RequestAppliesTo\":\"Rule-Access-When\",\"RequestRuleName\":\"pzInnerEmbedConditions\"}" => HTTP 404 (18 bytes)
[PegaHttpClient] 📡 POST https://zdk8budo.pegaacademy.net/prweb/PRRestService/HRAppsV2/V1/rules/query?pxObjClass=Rule-HTML-Section&appliesTo=Rule-Access-When&pyRuleName=pzInnerEmbedConditions&RequestClass=Rule-HTML-Section&RequestAppliesTo=Rule-Access-When&RequestRuleName=pzInnerEmbedConditions Payload: "{\"RequestClass\":\"Rule-HTML-Section\",\"RequestAppliesTo\":\"Rule-Access-When\",\"RequestRuleName\":\"pzInnerEmbedConditions\"}" => HTTP 404 (18 bytes)
[PegaHttpClient] 📡 POST https://zdk8budo.pegaacademy.net/prweb/api/v1/rules/query?pxObjClass=Rule-HTML-Section&appliesTo=Rule-Access-When&pyRuleName=pzInnerEmbedConditions&RequestClass=Rule-HTML-Section&RequestAppliesTo=Rule-Access-When&RequestRuleName=pzInnerEmbedConditions Payload: "{\"RequestClass\":\"Rule-HTML-Section\",\"RequestAppliesTo\":\"Rule-Access-When\",\"RequestRuleName\":\"pzInnerEmbedConditions\"}" => HTTP 404 (18 bytes)
[PegaHttpClient] 📡 POST https://zdk8budo.pegaacademy.net/prweb/PRRestService/v1/rules/query?pxObjClass=Rule-HTML-Section&appliesTo=Rule-Access-When&pyRuleName=pzInnerEmbedConditions&RequestClass=Rule-HTML-Section&RequestAppliesTo=Rule-Access-When&RequestRuleName=pzInnerEmbedConditions Payload: "{\"RequestClass\":\"Rule-HTML-Section\",\"RequestAppliesTo\":\"Rule-Access-When\",\"RequestRuleName\":\"pzInnerEmbedConditions\"}" => HTTP 404 (18 bytes)
[PegaHttpClient] 📡 POST https://zdk8budo.pegaacademy.net/prweb/api/CodeIntelligence/v1/rules/query?pxObjClass=Rule-HTML-Section&appliesTo=Rule-Access-When&pyRuleName=pzDisplayAdvancedConditions&RequestClass=Rule-HTML-Section&RequestAppliesTo=Rule-Access-When&RequestRuleName=pzDisplayAdvancedConditions Payload: "{\"RequestClass\":\"Rule-HTML-Section\",\"RequestAppliesTo\":\"Rule-Access-When\",\"RequestRuleName\":\"pzDisplayAdvancedConditions\"}" => HTTP 200 (61534 bytes)
[PegaHttpClient] 📡 POST https://zdk8budo.pegaacademy.net/prweb/api/CodeIntelligence/v1/rules/query?pxObjClass=Rule-HTML-Section&appliesTo=Rule-Access-When&pyRuleName=pyCollaborator&RequestClass=Rule-HTML-Section&RequestAppliesTo=Rule-Access-When&RequestRuleName=pyCollaborator Payload: "{\"RequestClass\":\"Rule-HTML-Section\",\"RequestAppliesTo\":\"Rule-Access-When\",\"RequestRuleName\":\"pyCollaborator\"}" => HTTP 404 (108 bytes)
[PegaHttpClient] 📡 POST https://zdk8budo.pegaacademy.net/prweb/PRRestService/CodeIntelligence/v1/rules/query?pxObjClass=Rule-HTML-Section&appliesTo=Rule-Access-When&pyRuleName=pyCollaborator&RequestClass=Rule-HTML-Section&RequestAppliesTo=Rule-Access-When&RequestRuleName=pyCollaborator Payload: "{\"RequestClass\":\"Rule-HTML-Section\",\"RequestAppliesTo\":\"Rule-Access-When\",\"RequestRuleName\":\"pyCollaborator\"}" => HTTP 404 (108 bytes)
[PegaHttpClient] 📡 POST https://zdk8budo.pegaacademy.net/prweb/api/HRAppsV2Service/V1/rules/query?pxObjClass=Rule-HTML-Section&appliesTo=Rule-Access-When&pyRuleName=pyCollaborator&RequestClass=Rule-HTML-Section&RequestAppliesTo=Rule-Access-When&RequestRuleName=pyCollaborator Payload: "{\"RequestClass\":\"Rule-HTML-Section\",\"RequestAppliesTo\":\"Rule-Access-When\",\"RequestRuleName\":\"pyCollaborator\"}" => HTTP 404 (18 bytes)
[PegaHttpClient] 📡 POST https://zdk8budo.pegaacademy.net/prweb/PRRestService/HRAppsV2Service/V1/rules/query?pxObjClass=Rule-HTML-Section&appliesTo=Rule-Access-When&pyRuleName=pyCollaborator&RequestClass=Rule-HTML-Section&RequestAppliesTo=Rule-Access-When&RequestRuleName=pyCollaborator Payload: "{\"RequestClass\":\"Rule-HTML-Section\",\"RequestAppliesTo\":\"Rule-Access-When\",\"RequestRuleName\":\"pyCollaborator\"}" => HTTP 404 (18 bytes)
[PegaHttpClient] 📡 POST https://zdk8budo.pegaacademy.net/prweb/api/HRAppsV2/V1/rules/query?pxObjClass=Rule-HTML-Section&appliesTo=Rule-Access-When&pyRuleName=pyCollaborator&RequestClass=Rule-HTML-Section&RequestAppliesTo=Rule-Access-When&RequestRuleName=pyCollaborator Payload: "{\"RequestClass\":\"Rule-HTML-Section\",\"RequestAppliesTo\":\"Rule-Access-When\",\"RequestRuleName\":\"pyCollaborator\"}" => HTTP 404 (18 bytes)
[PegaHttpClient] 📡 POST https://zdk8budo.pegaacademy.net/prweb/PRRestService/HRAppsV2/V1/rules/query?pxObjClass=Rule-HTML-Section&appliesTo=Rule-Access-When&pyRuleName=pyCollaborator&RequestClass=Rule-HTML-Section&RequestAppliesTo=Rule-Access-When&RequestRuleName=pyCollaborator Payload: "{\"RequestClass\":\"Rule-HTML-Section\",\"RequestAppliesTo\":\"Rule-Access-When\",\"RequestRuleName\":\"pyCollaborator\"}" => HTTP 404 (18 bytes)
[PegaHttpClient] 📡 POST https://zdk8budo.pegaacademy.net/prweb/api/v1/rules/query?pxObjClass=Rule-HTML-Section&appliesTo=Rule-Access-When&pyRuleName=pyCollaborator&RequestClass=Rule-HTML-Section&RequestAppliesTo=Rule-Access-When&RequestRuleName=pyCollaborator Payload: "{\"RequestClass\":\"Rule-HTML-Section\",\"RequestAppliesTo\":\"Rule-Access-When\",\"RequestRuleName\":\"pyCollaborator\"}" => HTTP 404 (18 bytes)
[PegaHttpClient] 📡 POST https://zdk8budo.pegaacademy.net/prweb/PRRestService/v1/rules/query?pxObjClass=Rule-HTML-Section&appliesTo=Rule-Access-When&pyRuleName=pyCollaborator&RequestClass=Rule-HTML-Section&RequestAppliesTo=Rule-Access-When&RequestRuleName=pyCollaborator Payload: "{\"RequestClass\":\"Rule-HTML-Section\",\"RequestAppliesTo\":\"Rule-Access-When\",\"RequestRuleName\":\"pyCollaborator\"}" => HTTP 404 (18 bytes)
[PegaHttpClient] 📡 POST https://zdk8budo.pegaacademy.net/prweb/api/CodeIntelligence/v1/rules/query?pxObjClass=Rule-HTML-Section&appliesTo=Rule-Access-When&pyRuleName=pzDisplayPartialCount&RequestClass=Rule-HTML-Section&RequestAppliesTo=Rule-Access-When&RequestRuleName=pzDisplayPartialCount Payload: "{\"RequestClass\":\"Rule-HTML-Section\",\"RequestAppliesTo\":\"Rule-Access-When\",\"RequestRuleName\":\"pzDisplayPartialCount\"}" => HTTP 404 (115 bytes)
[PegaHttpClient] 📡 POST https://zdk8budo.pegaacademy.net/prweb/PRRestService/CodeIntelligence/v1/rules/query?pxObjClass=Rule-HTML-Section&appliesTo=Rule-Access-When&pyRuleName=pzDisplayPartialCount&RequestClass=Rule-HTML-Section&RequestAppliesTo=Rule-Access-When&RequestRuleName=pzDisplayPartialCount Payload: "{\"RequestClass\":\"Rule-HTML-Section\",\"RequestAppliesTo\":\"Rule-Access-When\",\"RequestRuleName\":\"pzDisplayPartialCount\"}" => HTTP 404 (115 bytes)
[PegaHttpClient] 📡 POST https://zdk8budo.pegaacademy.net/prweb/api/HRAppsV2Service/V1/rules/query?pxObjClass=Rule-HTML-Section&appliesTo=Rule-Access-When&pyRuleName=pzDisplayPartialCount&RequestClass=Rule-HTML-Section&RequestAppliesTo=Rule-Access-When&RequestRuleName=pzDisplayPartialCount Payload: "{\"RequestClass\":\"Rule-HTML-Section\",\"RequestAppliesTo\":\"Rule-Access-When\",\"RequestRuleName\":\"pzDisplayPartialCount\"}" => HTTP 404 (18 bytes)
[PegaHttpClient] 📡 POST https://zdk8budo.pegaacademy.net/prweb/PRRestService/HRAppsV2Service/V1/rules/query?pxObjClass=Rule-HTML-Section&appliesTo=Rule-Access-When&pyRuleName=pzDisplayPartialCount&RequestClass=Rule-HTML-Section&RequestAppliesTo=Rule-Access-When&RequestRuleName=pzDisplayPartialCount Payload: "{\"RequestClass\":\"Rule-HTML-Section\",\"RequestAppliesTo\":\"Rule-Access-When\",\"RequestRuleName\":\"pzDisplayPartialCount\"}" => HTTP 404 (18 bytes)
[PegaHttpClient] 📡 POST https://zdk8budo.pegaacademy.net/prweb/api/HRAppsV2/V1/rules/query?pxObjClass=Rule-HTML-Section&appliesTo=Rule-Access-When&pyRuleName=pzDisplayPartialCount&RequestClass=Rule-HTML-Section&RequestAppliesTo=Rule-Access-When&RequestRuleName=pzDisplayPartialCount Payload: "{\"RequestClass\":\"Rule-HTML-Section\",\"RequestAppliesTo\":\"Rule-Access-When\",\"RequestRuleName\":\"pzDisplayPartialCount\"}" => HTTP 404 (18 bytes)
[PegaHttpClient] 📡 POST https://zdk8budo.pegaacademy.net/prweb/PRRestService/HRAppsV2/V1/rules/query?pxObjClass=Rule-HTML-Section&appliesTo=Rule-Access-When&pyRuleName=pzDisplayPartialCount&RequestClass=Rule-HTML-Section&RequestAppliesTo=Rule-Access-When&RequestRuleName=pzDisplayPartialCount Payload: "{\"RequestClass\":\"Rule-HTML-Section\",\"RequestAppliesTo\":\"Rule-Access-When\",\"RequestRuleName\":\"pzDisplayPartialCount\"}" => HTTP 404 (18 bytes)
[PegaHttpClient] 📡 POST https://zdk8budo.pegaacademy.net/prweb/api/v1/rules/query?pxObjClass=Rule-HTML-Section&appliesTo=Rule-Access-When&pyRuleName=pzDisplayPartialCount&RequestClass=Rule-HTML-Section&RequestAppliesTo=Rule-Access-When&RequestRuleName=pzDisplayPartialCount Payload: "{\"RequestClass\":\"Rule-HTML-Section\",\"RequestAppliesTo\":\"Rule-Access-When\",\"RequestRuleName\":\"pzDisplayPartialCount\"}" => HTTP 404 (18 bytes)
[PegaHttpClient] 📡 POST https://zdk8budo.pegaacademy.net/prweb/PRRestService/v1/rules/query?pxObjClass=Rule-HTML-Section&appliesTo=Rule-Access-When&pyRuleName=pzDisplayPartialCount&RequestClass=Rule-HTML-Section&RequestAppliesTo=Rule-Access-When&RequestRuleName=pzDisplayPartialCount Payload: "{\"RequestClass\":\"Rule-HTML-Section\",\"RequestAppliesTo\":\"Rule-Access-When\",\"RequestRuleName\":\"pzDisplayPartialCount\"}" => HTTP 404 (18 bytes)
[PegaHttpClient] 📡 POST https://zdk8budo.pegaacademy.net/prweb/api/CodeIntelligence/v1/rules/query?pxObjClass=Rule-HTML-Section&appliesTo=Rule-Access-When&pyRuleName=pzOpenWhenRuleInDS&RequestClass=Rule-HTML-Section&RequestAppliesTo=Rule-Access-When&RequestRuleName=pzOpenWhenRuleInDS Payload: "{\"RequestClass\":\"Rule-HTML-Section\",\"RequestAppliesTo\":\"Rule-Access-When\",\"RequestRuleName\":\"pzOpenWhenRuleInDS\"}" => HTTP 200 (35681 bytes)
[PegaHttpClient] 📡 POST https://zdk8budo.pegaacademy.net/prweb/api/CodeIntelligence/v1/rules/query?pxObjClass=Rule-HTML-Section&appliesTo=Rule-Access-When&pyRuleName=pzInnerEmbedConditions&RequestClass=Rule-HTML-Section&RequestAppliesTo=Rule-Access-When&RequestRuleName=pzInnerEmbedConditions Payload: "{\"RequestClass\":\"Rule-HTML-Section\",\"RequestAppliesTo\":\"Rule-Access-When\",\"RequestRuleName\":\"pzInnerEmbedConditions\"}" => HTTP 404 (116 bytes)
[PegaHttpClient] 📡 POST https://zdk8budo.pegaacademy.net/prweb/PRRestService/CodeIntelligence/v1/rules/query?pxObjClass=Rule-HTML-Section&appliesTo=Rule-Access-When&pyRuleName=pzInnerEmbedConditions&RequestClass=Rule-HTML-Section&RequestAppliesTo=Rule-Access-When&RequestRuleName=pzInnerEmbedConditions Payload: "{\"RequestClass\":\"Rule-HTML-Section\",\"RequestAppliesTo\":\"Rule-Access-When\",\"RequestRuleName\":\"pzInnerEmbedConditions\"}" => HTTP 404 (116 bytes)
[PegaHttpClient] 📡 POST https://zdk8budo.pegaacademy.net/prweb/api/HRAppsV2Service/V1/rules/query?pxObjClass=Rule-HTML-Section&appliesTo=Rule-Access-When&pyRuleName=pzInnerEmbedConditions&RequestClass=Rule-HTML-Section&RequestAppliesTo=Rule-Access-When&RequestRuleName=pzInnerEmbedConditions Payload: "{\"RequestClass\":\"Rule-HTML-Section\",\"RequestAppliesTo\":\"Rule-Access-When\",\"RequestRuleName\":\"pzInnerEmbedConditions\"}" => HTTP 404 (18 bytes)
[PegaHttpClient] 📡 POST https://zdk8budo.pegaacademy.net/prweb/PRRestService/HRAppsV2Service/V1/rules/query?pxObjClass=Rule-HTML-Section&appliesTo=Rule-Access-When&pyRuleName=pzInnerEmbedConditions&RequestClass=Rule-HTML-Section&RequestAppliesTo=Rule-Access-When&RequestRuleName=pzInnerEmbedConditions Payload: "{\"RequestClass\":\"Rule-HTML-Section\",\"RequestAppliesTo\":\"Rule-Access-When\",\"RequestRuleName\":\"pzInnerEmbedConditions\"}" => HTTP 404 (18 bytes)
[PegaHttpClient] 📡 POST https://zdk8budo.pegaacademy.net/prweb/api/HRAppsV2/V1/rules/query?pxObjClass=Rule-HTML-Section&appliesTo=Rule-Access-When&pyRuleName=pzInnerEmbedConditions&RequestClass=Rule-HTML-Section&RequestAppliesTo=Rule-Access-When&RequestRuleName=pzInnerEmbedConditions Payload: "{\"RequestClass\":\"Rule-HTML-Section\",\"RequestAppliesTo\":\"Rule-Access-When\",\"RequestRuleName\":\"pzInnerEmbedConditions\"}" => HTTP 404 (18 bytes)
[PegaHttpClient] 📡 POST https://zdk8budo.pegaacademy.net/prweb/PRRestService/HRAppsV2/V1/rules/query?pxObjClass=Rule-HTML-Section&appliesTo=Rule-Access-When&pyRuleName=pzInnerEmbedConditions&RequestClass=Rule-HTML-Section&RequestAppliesTo=Rule-Access-When&RequestRuleName=pzInnerEmbedConditions Payload: "{\"RequestClass\":\"Rule-HTML-Section\",\"RequestAppliesTo\":\"Rule-Access-When\",\"RequestRuleName\":\"pzInnerEmbedConditions\"}" => HTTP 404 (18 bytes)
[PegaHttpClient] 📡 POST https://zdk8budo.pegaacademy.net/prweb/api/v1/rules/query?pxObjClass=Rule-HTML-Section&appliesTo=Rule-Access-When&pyRuleName=pzInnerEmbedConditions&RequestClass=Rule-HTML-Section&RequestAppliesTo=Rule-Access-When&RequestRuleName=pzInnerEmbedConditions Payload: "{\"RequestClass\":\"Rule-HTML-Section\",\"RequestAppliesTo\":\"Rule-Access-When\",\"RequestRuleName\":\"pzInnerEmbedConditions\"}" => HTTP 404 (18 bytes)
[PegaHttpClient] 📡 POST https://zdk8budo.pegaacademy.net/prweb/PRRestService/v1/rules/query?pxObjClass=Rule-HTML-Section&appliesTo=Rule-Access-When&pyRuleName=pzInnerEmbedConditions&RequestClass=Rule-HTML-Section&RequestAppliesTo=Rule-Access-When&RequestRuleName=pzInnerEmbedConditions Payload: "{\"RequestClass\":\"Rule-HTML-Section\",\"RequestAppliesTo\":\"Rule-Access-When\",\"RequestRuleName\":\"pzInnerEmbedConditions\"}" => HTTP 404 (18 bytes)
[PegaHttpClient] 📡 POST https://zdk8budo.pegaacademy.net/prweb/api/CodeIntelligence/v1/rules/query?pxObjClass=Rule-HTML-Section&appliesTo=Rule-Access-When&pyRuleName=pzDisplayLogicStringInCB&RequestClass=Rule-HTML-Section&RequestAppliesTo=Rule-Access-When&RequestRuleName=pzDisplayLogicStringInCB Payload: "{\"RequestClass\":\"Rule-HTML-Section\",\"RequestAppliesTo\":\"Rule-Access-When\",\"RequestRuleName\":\"pzDisplayLogicStringInCB\"}" => HTTP 200 (35234 bytes)
[SchemaGen] ✅ Schema written for Rule-Access-When
[PegaHttpClient] 📡 GET https://zdk8budo.pegaacademy.net/prweb/api/CodeIntelligence/v1/rules/RULE-HTML-HARNESS%20DATA-ADMIN-REMOTESYSTEM%20RULEFORM%20%2320180713T140753.589%20GMT => HTTP 200 (29454 bytes)
[PegaHttpClient] 📡 POST https://zdk8budo.pegaacademy.net/prweb/api/CodeIntelligence/v1/rules/query?pxObjClass=Rule-HTML-Section&appliesTo=Data-Admin-RemoteSystem&pyRuleName=RuleFormMain&RequestClass=Rule-HTML-Section&RequestAppliesTo=Data-Admin-RemoteSystem&RequestRuleName=RuleFormMain Payload: "{\"RequestClass\":\"Rule-HTML-Section\",\"RequestAppliesTo\":\"Data-Admin-RemoteSystem\",\"RequestRuleName\":\"RuleFormMain\"}" => HTTP 200 (156234 bytes)
[PegaHttpClient] 📡 POST https://zdk8budo.pegaacademy.net/prweb/api/CodeIntelligence/v1/rules/query?pxObjClass=Rule-HTML-Section&appliesTo=Data-Admin-RemoteSystem&pyRuleName=pxAlternateRuleForm&RequestClass=Rule-HTML-Section&RequestAppliesTo=Data-Admin-RemoteSystem&RequestRuleName=pxAlternateRuleForm Payload: "{\"RequestClass\":\"Rule-HTML-Section\",\"RequestAppliesTo\":\"Data-Admin-RemoteSystem\",\"RequestRuleName\":\"pxAlternateRuleForm\"}" => HTTP 200 (66153 bytes)
[PegaHttpClient] 📡 POST https://zdk8budo.pegaacademy.net/prweb/api/CodeIntelligence/v1/rules/query?pxObjClass=Rule-HTML-Section&appliesTo=Data-Admin-RemoteSystem&pyRuleName=pzRuleFormScripts&RequestClass=Rule-HTML-Section&RequestAppliesTo=Data-Admin-RemoteSystem&RequestRuleName=pzRuleFormScripts Payload: "{\"RequestClass\":\"Rule-HTML-Section\",\"RequestAppliesTo\":\"Data-Admin-RemoteSystem\",\"RequestRuleName\":\"pzRuleFormScripts\"}" => HTTP 200 (40822 bytes)
[PegaHttpClient] 📡 POST https://zdk8budo.pegaacademy.net/prweb/api/CodeIntelligence/v1/rules/query?pxObjClass=Rule-HTML-Section&appliesTo=Data-Admin-RemoteSystem&pyRuleName=pzRuleFormLayoutDelegated&RequestClass=Rule-HTML-Section&RequestAppliesTo=Data-Admin-RemoteSystem&RequestRuleName=pzRuleFormLayoutDelegated Payload: "{\"RequestClass\":\"Rule-HTML-Section\",\"RequestAppliesTo\":\"Data-Admin-RemoteSystem\",\"RequestRuleName\":\"pzRuleFormLayoutDelegated\"}" => HTTP 200 (70998 bytes)
[PegaHttpClient] 📡 POST https://zdk8budo.pegaacademy.net/prweb/api/CodeIntelligence/v1/rules/query?pxObjClass=Rule-HTML-Section&appliesTo=Data-Admin-RemoteSystem&pyRuleName=RuleFormLayout&RequestClass=Rule-HTML-Section&RequestAppliesTo=Data-Admin-RemoteSystem&RequestRuleName=RuleFormLayout Payload: "{\"RequestClass\":\"Rule-HTML-Section\",\"RequestAppliesTo\":\"Data-Admin-RemoteSystem\",\"RequestRuleName\":\"RuleFormLayout\"}" => HTTP 200 (56392 bytes)
[PegaHttpClient] 📡 POST https://zdk8budo.pegaacademy.net/prweb/api/CodeIntelligence/v1/rules/query?pxObjClass=Rule-HTML-Section&appliesTo=Data-Admin-RemoteSystem&pyRuleName=RuleFormSettings&RequestClass=Rule-HTML-Section&RequestAppliesTo=Data-Admin-RemoteSystem&RequestRuleName=RuleFormSettings Payload: "{\"RequestClass\":\"Rule-HTML-Section\",\"RequestAppliesTo\":\"Data-Admin-RemoteSystem\",\"RequestRuleName\":\"RuleFormSettings\"}" => HTTP 200 (21582 bytes)
[PegaHttpClient] 📡 POST https://zdk8budo.pegaacademy.net/prweb/api/CodeIntelligence/v1/rules/query?pxObjClass=Rule-HTML-Section&appliesTo=Data-Admin-RemoteSystem&pyRuleName=OpenAuthoring&RequestClass=Rule-HTML-Section&RequestAppliesTo=Data-Admin-RemoteSystem&RequestRuleName=OpenAuthoring Payload: "{\"RequestClass\":\"Rule-HTML-Section\",\"RequestAppliesTo\":\"Data-Admin-RemoteSystem\",\"RequestRuleName\":\"OpenAuthoring\"}" => HTTP 200 (20315 bytes)
[PegaHttpClient] 📡 POST https://zdk8budo.pegaacademy.net/prweb/api/CodeIntelligence/v1/rules/query?pxObjClass=Rule-HTML-Section&appliesTo=Data-Admin-RemoteSystem&pyRuleName=pyCustomHelp&RequestClass=Rule-HTML-Section&RequestAppliesTo=Data-Admin-RemoteSystem&RequestRuleName=pyCustomHelp Payload: "{\"RequestClass\":\"Rule-HTML-Section\",\"RequestAppliesTo\":\"Data-Admin-RemoteSystem\",\"RequestRuleName\":\"pyCustomHelp\"}" => HTTP 200 (17256 bytes)
[PegaHttpClient] 📡 POST https://zdk8budo.pegaacademy.net/prweb/api/CodeIntelligence/v1/rules/query?pxObjClass=Rule-HTML-Section&appliesTo=Data-Admin-RemoteSystem&pyRuleName=pzRuleformMainInclude&RequestClass=Rule-HTML-Section&RequestAppliesTo=Data-Admin-RemoteSystem&RequestRuleName=pzRuleformMainInclude Payload: "{\"RequestClass\":\"Rule-HTML-Section\",\"RequestAppliesTo\":\"Data-Admin-RemoteSystem\",\"RequestRuleName\":\"pzRuleformMainInclude\"}" => HTTP 200 (22375 bytes)
[PegaHttpClient] 📡 POST https://zdk8budo.pegaacademy.net/prweb/api/CodeIntelligence/v1/rules/query?pxObjClass=Rule-HTML-Section&appliesTo=Data-Admin-RemoteSystem&pyRuleName=pyAlternativeRuleFormStrategicAppExtension&RequestClass=Rule-HTML-Section&RequestAppliesTo=Data-Admin-RemoteSystem&RequestRuleName=pyAlternativeRuleFormStrategicAppExtension Payload: "{\"RequestClass\":\"Rule-HTML-Section\",\"RequestAppliesTo\":\"Data-Admin-RemoteSystem\",\"RequestRuleName\":\"pyAlternativeRuleFormStrategicAppExtension\"}" => HTTP 200 (25042 bytes)
[PegaHttpClient] 📡 POST https://zdk8budo.pegaacademy.net/prweb/api/CodeIntelligence/v1/rules/query?pxObjClass=Rule-HTML-Section&appliesTo=Data-Admin-RemoteSystem&pyRuleName=pyAlternativeRuleFormExtension&RequestClass=Rule-HTML-Section&RequestAppliesTo=Data-Admin-RemoteSystem&RequestRuleName=pyAlternativeRuleFormExtension Payload: "{\"RequestClass\":\"Rule-HTML-Section\",\"RequestAppliesTo\":\"Data-Admin-RemoteSystem\",\"RequestRuleName\":\"pyAlternativeRuleFormExtension\"}" => HTTP 200 (24863 bytes)
[PegaHttpClient] 📡 POST https://zdk8budo.pegaacademy.net/prweb/api/CodeIntelligence/v1/rules/query?pxObjClass=Rule-HTML-Section&appliesTo=Data-Admin-RemoteSystem&pyRuleName=RuleFormHeader&RequestClass=Rule-HTML-Section&RequestAppliesTo=Data-Admin-RemoteSystem&RequestRuleName=RuleFormHeader Payload: "{\"RequestClass\":\"Rule-HTML-Section\",\"RequestAppliesTo\":\"Data-Admin-RemoteSystem\",\"RequestRuleName\":\"RuleFormHeader\"}" => HTTP 200 (183800 bytes)
[PegaHttpClient] 📡 POST https://zdk8budo.pegaacademy.net/prweb/api/CodeIntelligence/v1/rules/query?pxObjClass=Rule-HTML-Section&appliesTo=Data-Admin-RemoteSystem&pyRuleName=pzDelegationExperience&RequestClass=Rule-HTML-Section&RequestAppliesTo=Data-Admin-RemoteSystem&RequestRuleName=pzDelegationExperience Payload: "{\"RequestClass\":\"Rule-HTML-Section\",\"RequestAppliesTo\":\"Data-Admin-RemoteSystem\",\"RequestRuleName\":\"pzDelegationExperience\"}" => HTTP 404 (123 bytes)
[PegaHttpClient] 📡 POST https://zdk8budo.pegaacademy.net/prweb/PRRestService/CodeIntelligence/v1/rules/query?pxObjClass=Rule-HTML-Section&appliesTo=Data-Admin-RemoteSystem&pyRuleName=pzDelegationExperience&RequestClass=Rule-HTML-Section&RequestAppliesTo=Data-Admin-RemoteSystem&RequestRuleName=pzDelegationExperience Payload: "{\"RequestClass\":\"Rule-HTML-Section\",\"RequestAppliesTo\":\"Data-Admin-RemoteSystem\",\"RequestRuleName\":\"pzDelegationExperience\"}" => HTTP 404 (123 bytes)
[PegaHttpClient] 📡 POST https://zdk8budo.pegaacademy.net/prweb/api/HRAppsV2Service/V1/rules/query?pxObjClass=Rule-HTML-Section&appliesTo=Data-Admin-RemoteSystem&pyRuleName=pzDelegationExperience&RequestClass=Rule-HTML-Section&RequestAppliesTo=Data-Admin-RemoteSystem&RequestRuleName=pzDelegationExperience Payload: "{\"RequestClass\":\"Rule-HTML-Section\",\"RequestAppliesTo\":\"Data-Admin-RemoteSystem\",\"RequestRuleName\":\"pzDelegationExperience\"}" => HTTP 404 (18 bytes)
[PegaHttpClient] 📡 POST https://zdk8budo.pegaacademy.net/prweb/PRRestService/HRAppsV2Service/V1/rules/query?pxObjClass=Rule-HTML-Section&appliesTo=Data-Admin-RemoteSystem&pyRuleName=pzDelegationExperience&RequestClass=Rule-HTML-Section&RequestAppliesTo=Data-Admin-RemoteSystem&RequestRuleName=pzDelegationExperience Payload: "{\"RequestClass\":\"Rule-HTML-Section\",\"RequestAppliesTo\":\"Data-Admin-RemoteSystem\",\"RequestRuleName\":\"pzDelegationExperience\"}" => HTTP 404 (18 bytes)
[PegaHttpClient] 📡 POST https://zdk8budo.pegaacademy.net/prweb/api/HRAppsV2/V1/rules/query?pxObjClass=Rule-HTML-Section&appliesTo=Data-Admin-RemoteSystem&pyRuleName=pzDelegationExperience&RequestClass=Rule-HTML-Section&RequestAppliesTo=Data-Admin-RemoteSystem&RequestRuleName=pzDelegationExperience Payload: "{\"RequestClass\":\"Rule-HTML-Section\",\"RequestAppliesTo\":\"Data-Admin-RemoteSystem\",\"RequestRuleName\":\"pzDelegationExperience\"}" => HTTP 404 (18 bytes)
[PegaHttpClient] 📡 POST https://zdk8budo.pegaacademy.net/prweb/PRRestService/HRAppsV2/V1/rules/query?pxObjClass=Rule-HTML-Section&appliesTo=Data-Admin-RemoteSystem&pyRuleName=pzDelegationExperience&RequestClass=Rule-HTML-Section&RequestAppliesTo=Data-Admin-RemoteSystem&RequestRuleName=pzDelegationExperience Payload: "{\"RequestClass\":\"Rule-HTML-Section\",\"RequestAppliesTo\":\"Data-Admin-RemoteSystem\",\"RequestRuleName\":\"pzDelegationExperience\"}" => HTTP 404 (18 bytes)
[PegaHttpClient] 📡 POST https://zdk8budo.pegaacademy.net/prweb/api/v1/rules/query?pxObjClass=Rule-HTML-Section&appliesTo=Data-Admin-RemoteSystem&pyRuleName=pzDelegationExperience&RequestClass=Rule-HTML-Section&RequestAppliesTo=Data-Admin-RemoteSystem&RequestRuleName=pzDelegationExperience Payload: "{\"RequestClass\":\"Rule-HTML-Section\",\"RequestAppliesTo\":\"Data-Admin-RemoteSystem\",\"RequestRuleName\":\"pzDelegationExperience\"}" => HTTP 404 (18 bytes)
[PegaHttpClient] 📡 POST https://zdk8budo.pegaacademy.net/prweb/PRRestService/v1/rules/query?pxObjClass=Rule-HTML-Section&appliesTo=Data-Admin-RemoteSystem&pyRuleName=pzDelegationExperience&RequestClass=Rule-HTML-Section&RequestAppliesTo=Data-Admin-RemoteSystem&RequestRuleName=pzDelegationExperience Payload: "{\"RequestClass\":\"Rule-HTML-Section\",\"RequestAppliesTo\":\"Data-Admin-RemoteSystem\",\"RequestRuleName\":\"pzDelegationExperience\"}" => HTTP 404 (18 bytes)
[PegaHttpClient] 📡 POST https://zdk8budo.pegaacademy.net/prweb/api/CodeIntelligence/v1/rules/query?pxObjClass=Rule-HTML-Section&appliesTo=Data-Admin-RemoteSystem&pyRuleName=pzRemoteEnvironmentDetails&RequestClass=Rule-HTML-Section&RequestAppliesTo=Data-Admin-RemoteSystem&RequestRuleName=pzRemoteEnvironmentDetails Payload: "{\"RequestClass\":\"Rule-HTML-Section\",\"RequestAppliesTo\":\"Data-Admin-RemoteSystem\",\"RequestRuleName\":\"pzRemoteEnvironmentDetails\"}" => HTTP 200 (144184 bytes)
[PegaHttpClient] 📡 POST https://zdk8budo.pegaacademy.net/prweb/api/CodeIntelligence/v1/rules/query?pxObjClass=Rule-HTML-Section&appliesTo=Data-Admin-RemoteSystem&pyRuleName=RuleFormHistory&RequestClass=Rule-HTML-Section&RequestAppliesTo=Data-Admin-RemoteSystem&RequestRuleName=RuleFormHistory Payload: "{\"RequestClass\":\"Rule-HTML-Section\",\"RequestAppliesTo\":\"Data-Admin-RemoteSystem\",\"RequestRuleName\":\"RuleFormHistory\"}" => HTTP 200 (18043 bytes)
[PegaHttpClient] 📡 POST https://zdk8budo.pegaacademy.net/prweb/api/CodeIntelligence/v1/rules/query?pxObjClass=Rule-HTML-Section&appliesTo=Data-Admin-RemoteSystem&pyRuleName=pzCustomHelp&RequestClass=Rule-HTML-Section&RequestAppliesTo=Data-Admin-RemoteSystem&RequestRuleName=pzCustomHelp Payload: "{\"RequestClass\":\"Rule-HTML-Section\",\"RequestAppliesTo\":\"Data-Admin-RemoteSystem\",\"RequestRuleName\":\"pzCustomHelp\"}" => HTTP 200 (31573 bytes)
[PegaHttpClient] 📡 POST https://zdk8budo.pegaacademy.net/prweb/api/CodeIntelligence/v1/rules/query?pxObjClass=Rule-HTML-Section&appliesTo=Data-Admin-RemoteSystem&pyRuleName=pzRuleFormKeysAndDescription&RequestClass=Rule-HTML-Section&RequestAppliesTo=Data-Admin-RemoteSystem&RequestRuleName=pzRuleFormKeysAndDescription Payload: "{\"RequestClass\":\"Rule-HTML-Section\",\"RequestAppliesTo\":\"Data-Admin-RemoteSystem\",\"RequestRuleName\":\"pzRuleFormKeysAndDescription\"}" => HTTP 200 (218057 bytes)
[PegaHttpClient] 📡 POST https://zdk8budo.pegaacademy.net/prweb/api/CodeIntelligence/v1/rules/query?pxObjClass=Rule-HTML-Section&appliesTo=Data-Admin-RemoteSystem&pyRuleName=pzRuleFormRuleset&RequestClass=Rule-HTML-Section&RequestAppliesTo=Data-Admin-RemoteSystem&RequestRuleName=pzRuleFormRuleset Payload: "{\"RequestClass\":\"Rule-HTML-Section\",\"RequestAppliesTo\":\"Data-Admin-RemoteSystem\",\"RequestRuleName\":\"pzRuleFormRuleset\"}" => HTTP 200 (29020 bytes)
[PegaHttpClient] 📡 POST https://zdk8budo.pegaacademy.net/prweb/api/CodeIntelligence/v1/rules/query?pxObjClass=Rule-HTML-Section&appliesTo=Data-Admin-RemoteSystem&pyRuleName=undefined&RequestClass=Rule-HTML-Section&RequestAppliesTo=Data-Admin-RemoteSystem&RequestRuleName=undefined Payload: "{\"RequestClass\":\"Rule-HTML-Section\",\"RequestAppliesTo\":\"Data-Admin-RemoteSystem\",\"RequestRuleName\":\"undefined\"}" => HTTP 404 (110 bytes)
[PegaHttpClient] 📡 POST https://zdk8budo.pegaacademy.net/prweb/PRRestService/CodeIntelligence/v1/rules/query?pxObjClass=Rule-HTML-Section&appliesTo=Data-Admin-RemoteSystem&pyRuleName=undefined&RequestClass=Rule-HTML-Section&RequestAppliesTo=Data-Admin-RemoteSystem&RequestRuleName=undefined Payload: "{\"RequestClass\":\"Rule-HTML-Section\",\"RequestAppliesTo\":\"Data-Admin-RemoteSystem\",\"RequestRuleName\":\"undefined\"}" => HTTP 404 (110 bytes)
[PegaHttpClient] 📡 POST https://zdk8budo.pegaacademy.net/prweb/api/HRAppsV2Service/V1/rules/query?pxObjClass=Rule-HTML-Section&appliesTo=Data-Admin-RemoteSystem&pyRuleName=undefined&RequestClass=Rule-HTML-Section&RequestAppliesTo=Data-Admin-RemoteSystem&RequestRuleName=undefined Payload: "{\"RequestClass\":\"Rule-HTML-Section\",\"RequestAppliesTo\":\"Data-Admin-RemoteSystem\",\"RequestRuleName\":\"undefined\"}" => HTTP 404 (18 bytes)
[PegaHttpClient] 📡 POST https://zdk8budo.pegaacademy.net/prweb/PRRestService/HRAppsV2Service/V1/rules/query?pxObjClass=Rule-HTML-Section&appliesTo=Data-Admin-RemoteSystem&pyRuleName=undefined&RequestClass=Rule-HTML-Section&RequestAppliesTo=Data-Admin-RemoteSystem&RequestRuleName=undefined Payload: "{\"RequestClass\":\"Rule-HTML-Section\",\"RequestAppliesTo\":\"Data-Admin-RemoteSystem\",\"RequestRuleName\":\"undefined\"}" => HTTP 404 (18 bytes)
[PegaHttpClient] 📡 POST https://zdk8budo.pegaacademy.net/prweb/api/HRAppsV2/V1/rules/query?pxObjClass=Rule-HTML-Section&appliesTo=Data-Admin-RemoteSystem&pyRuleName=undefined&RequestClass=Rule-HTML-Section&RequestAppliesTo=Data-Admin-RemoteSystem&RequestRuleName=undefined Payload: "{\"RequestClass\":\"Rule-HTML-Section\",\"RequestAppliesTo\":\"Data-Admin-RemoteSystem\",\"RequestRuleName\":\"undefined\"}" => HTTP 404 (18 bytes)
[PegaHttpClient] 📡 POST https://zdk8budo.pegaacademy.net/prweb/PRRestService/HRAppsV2/V1/rules/query?pxObjClass=Rule-HTML-Section&appliesTo=Data-Admin-RemoteSystem&pyRuleName=undefined&RequestClass=Rule-HTML-Section&RequestAppliesTo=Data-Admin-RemoteSystem&RequestRuleName=undefined Payload: "{\"RequestClass\":\"Rule-HTML-Section\",\"RequestAppliesTo\":\"Data-Admin-RemoteSystem\",\"RequestRuleName\":\"undefined\"}" => HTTP 404 (18 bytes)
[PegaHttpClient] 📡 POST https://zdk8budo.pegaacademy.net/prweb/api/v1/rules/query?pxObjClass=Rule-HTML-Section&appliesTo=Data-Admin-RemoteSystem&pyRuleName=undefined&RequestClass=Rule-HTML-Section&RequestAppliesTo=Data-Admin-RemoteSystem&RequestRuleName=undefined Payload: "{\"RequestClass\":\"Rule-HTML-Section\",\"RequestAppliesTo\":\"Data-Admin-RemoteSystem\",\"RequestRuleName\":\"undefined\"}" => HTTP 404 (18 bytes)
[PegaHttpClient] 📡 POST https://zdk8budo.pegaacademy.net/prweb/PRRestService/v1/rules/query?pxObjClass=Rule-HTML-Section&appliesTo=Data-Admin-RemoteSystem&pyRuleName=undefined&RequestClass=Rule-HTML-Section&RequestAppliesTo=Data-Admin-RemoteSystem&RequestRuleName=undefined Payload: "{\"RequestClass\":\"Rule-HTML-Section\",\"RequestAppliesTo\":\"Data-Admin-RemoteSystem\",\"RequestRuleName\":\"undefined\"}" => HTTP 404 (18 bytes)
[PegaHttpClient] 📡 POST https://zdk8budo.pegaacademy.net/prweb/api/CodeIntelligence/v1/rules/query?pxObjClass=Rule-HTML-Section&appliesTo=Data-Admin-RemoteSystem&pyRuleName=pzRuleFormToolbar&RequestClass=Rule-HTML-Section&RequestAppliesTo=Data-Admin-RemoteSystem&RequestRuleName=pzRuleFormToolbar Payload: "{\"RequestClass\":\"Rule-HTML-Section\",\"RequestAppliesTo\":\"Data-Admin-RemoteSystem\",\"RequestRuleName\":\"pzRuleFormToolbar\"}" => HTTP 200 (242691 bytes)
[PegaHttpClient] 📡 POST https://zdk8budo.pegaacademy.net/prweb/api/CodeIntelligence/v1/rules/query?pxObjClass=Rule-HTML-Section&appliesTo=Data-Admin-RemoteSystem&pyRuleName=pzRuleFormToolbarCompare&RequestClass=Rule-HTML-Section&RequestAppliesTo=Data-Admin-RemoteSystem&RequestRuleName=pzRuleFormToolbarCompare Payload: "{\"RequestClass\":\"Rule-HTML-Section\",\"RequestAppliesTo\":\"Data-Admin-RemoteSystem\",\"RequestRuleName\":\"pzRuleFormToolbarCompare\"}" => HTTP 200 (61925 bytes)
[PegaHttpClient] 📡 POST https://zdk8budo.pegaacademy.net/prweb/api/CodeIntelligence/v1/rules/query?pxObjClass=Rule-HTML-Section&appliesTo=Data-Admin-RemoteSystem&pyRuleName=RuleFormHeaderMessages&RequestClass=Rule-HTML-Section&RequestAppliesTo=Data-Admin-RemoteSystem&RequestRuleName=RuleFormHeaderMessages Payload: "{\"RequestClass\":\"Rule-HTML-Section\",\"RequestAppliesTo\":\"Data-Admin-RemoteSystem\",\"RequestRuleName\":\"RuleFormHeaderMessages\"}" => HTTP 200 (26518 bytes)
[PegaHttpClient] 📡 POST https://zdk8budo.pegaacademy.net/prweb/api/CodeIntelligence/v1/rules/query?pxObjClass=Rule-HTML-Section&appliesTo=Data-Admin-RemoteSystem&pyRuleName=pzRuleFormStatus&RequestClass=Rule-HTML-Section&RequestAppliesTo=Data-Admin-RemoteSystem&RequestRuleName=pzRuleFormStatus Payload: "{\"RequestClass\":\"Rule-HTML-Section\",\"RequestAppliesTo\":\"Data-Admin-RemoteSystem\",\"RequestRuleName\":\"pzRuleFormStatus\"}" => HTTP 200 (29579 bytes)
[PegaHttpClient] 📡 POST https://zdk8budo.pegaacademy.net/prweb/api/CodeIntelligence/v1/rules/query?pxObjClass=Rule-HTML-Section&appliesTo=Data-Admin-RemoteSystem&pyRuleName=pzRuleFormHeaderCompareWithDropDown&RequestClass=Rule-HTML-Section&RequestAppliesTo=Data-Admin-RemoteSystem&RequestRuleName=pzRuleFormHeaderCompareWithDropDown Payload: "{\"RequestClass\":\"Rule-HTML-Section\",\"RequestAppliesTo\":\"Data-Admin-RemoteSystem\",\"RequestRuleName\":\"pzRuleFormHeaderCompareWithDropDown\"}" => HTTP 200 (25396 bytes)
[PegaHttpClient] 📡 POST https://zdk8budo.pegaacademy.net/prweb/api/CodeIntelligence/v1/rules/query?pxObjClass=Rule-HTML-Section&appliesTo=Data-Admin-RemoteSystem&pyRuleName=undefined&RequestClass=Rule-HTML-Section&RequestAppliesTo=Data-Admin-RemoteSystem&RequestRuleName=undefined Payload: "{\"RequestClass\":\"Rule-HTML-Section\",\"RequestAppliesTo\":\"Data-Admin-RemoteSystem\",\"RequestRuleName\":\"undefined\"}" => HTTP 404 (110 bytes)
[PegaHttpClient] 📡 POST https://zdk8budo.pegaacademy.net/prweb/PRRestService/CodeIntelligence/v1/rules/query?pxObjClass=Rule-HTML-Section&appliesTo=Data-Admin-RemoteSystem&pyRuleName=undefined&RequestClass=Rule-HTML-Section&RequestAppliesTo=Data-Admin-RemoteSystem&RequestRuleName=undefined Payload: "{\"RequestClass\":\"Rule-HTML-Section\",\"RequestAppliesTo\":\"Data-Admin-RemoteSystem\",\"RequestRuleName\":\"undefined\"}" => HTTP 404 (110 bytes)
[PegaHttpClient] 📡 POST https://zdk8budo.pegaacademy.net/prweb/api/HRAppsV2Service/V1/rules/query?pxObjClass=Rule-HTML-Section&appliesTo=Data-Admin-RemoteSystem&pyRuleName=undefined&RequestClass=Rule-HTML-Section&RequestAppliesTo=Data-Admin-RemoteSystem&RequestRuleName=undefined Payload: "{\"RequestClass\":\"Rule-HTML-Section\",\"RequestAppliesTo\":\"Data-Admin-RemoteSystem\",\"RequestRuleName\":\"undefined\"}" => HTTP 404 (18 bytes)
[PegaHttpClient] 📡 POST https://zdk8budo.pegaacademy.net/prweb/PRRestService/HRAppsV2Service/V1/rules/query?pxObjClass=Rule-HTML-Section&appliesTo=Data-Admin-RemoteSystem&pyRuleName=undefined&RequestClass=Rule-HTML-Section&RequestAppliesTo=Data-Admin-RemoteSystem&RequestRuleName=undefined Payload: "{\"RequestClass\":\"Rule-HTML-Section\",\"RequestAppliesTo\":\"Data-Admin-RemoteSystem\",\"RequestRuleName\":\"undefined\"}" => HTTP 404 (18 bytes)
[PegaHttpClient] 📡 POST https://zdk8budo.pegaacademy.net/prweb/api/HRAppsV2/V1/rules/query?pxObjClass=Rule-HTML-Section&appliesTo=Data-Admin-RemoteSystem&pyRuleName=undefined&RequestClass=Rule-HTML-Section&RequestAppliesTo=Data-Admin-RemoteSystem&RequestRuleName=undefined Payload: "{\"RequestClass\":\"Rule-HTML-Section\",\"RequestAppliesTo\":\"Data-Admin-RemoteSystem\",\"RequestRuleName\":\"undefined\"}" => HTTP 404 (18 bytes)
[PegaHttpClient] 📡 POST https://zdk8budo.pegaacademy.net/prweb/PRRestService/HRAppsV2/V1/rules/query?pxObjClass=Rule-HTML-Section&appliesTo=Data-Admin-RemoteSystem&pyRuleName=undefined&RequestClass=Rule-HTML-Section&RequestAppliesTo=Data-Admin-RemoteSystem&RequestRuleName=undefined Payload: "{\"RequestClass\":\"Rule-HTML-Section\",\"RequestAppliesTo\":\"Data-Admin-RemoteSystem\",\"RequestRuleName\":\"undefined\"}" => HTTP 404 (18 bytes)
[PegaHttpClient] 📡 POST https://zdk8budo.pegaacademy.net/prweb/api/v1/rules/query?pxObjClass=Rule-HTML-Section&appliesTo=Data-Admin-RemoteSystem&pyRuleName=undefined&RequestClass=Rule-HTML-Section&RequestAppliesTo=Data-Admin-RemoteSystem&RequestRuleName=undefined Payload: "{\"RequestClass\":\"Rule-HTML-Section\",\"RequestAppliesTo\":\"Data-Admin-RemoteSystem\",\"RequestRuleName\":\"undefined\"}" => HTTP 404 (18 bytes)
[PegaHttpClient] 📡 POST https://zdk8budo.pegaacademy.net/prweb/PRRestService/v1/rules/query?pxObjClass=Rule-HTML-Section&appliesTo=Data-Admin-RemoteSystem&pyRuleName=undefined&RequestClass=Rule-HTML-Section&RequestAppliesTo=Data-Admin-RemoteSystem&RequestRuleName=undefined Payload: "{\"RequestClass\":\"Rule-HTML-Section\",\"RequestAppliesTo\":\"Data-Admin-RemoteSystem\",\"RequestRuleName\":\"undefined\"}" => HTTP 404 (18 bytes)
[PegaHttpClient] 📡 POST https://zdk8budo.pegaacademy.net/prweb/api/CodeIntelligence/v1/rules/query?pxObjClass=Rule-HTML-Section&appliesTo=Data-Admin-RemoteSystem&pyRuleName=pzRuleFormToolbarHotKeys&RequestClass=Rule-HTML-Section&RequestAppliesTo=Data-Admin-RemoteSystem&RequestRuleName=pzRuleFormToolbarHotKeys Payload: "{\"RequestClass\":\"Rule-HTML-Section\",\"RequestAppliesTo\":\"Data-Admin-RemoteSystem\",\"RequestRuleName\":\"pzRuleFormToolbarHotKeys\"}" => HTTP 200 (85058 bytes)
[PegaHttpClient] 📡 POST https://zdk8budo.pegaacademy.net/prweb/api/CodeIntelligence/v1/rules/query?pxObjClass=Rule-HTML-Section&appliesTo=Data-Admin-RemoteSystem&pyRuleName=pzRuleFormToolbarLockedIcon&RequestClass=Rule-HTML-Section&RequestAppliesTo=Data-Admin-RemoteSystem&RequestRuleName=pzRuleFormToolbarLockedIcon Payload: "{\"RequestClass\":\"Rule-HTML-Section\",\"RequestAppliesTo\":\"Data-Admin-RemoteSystem\",\"RequestRuleName\":\"pzRuleFormToolbarLockedIcon\"}" => HTTP 200 (19111 bytes)
[PegaHttpClient] 📡 POST https://zdk8budo.pegaacademy.net/prweb/api/CodeIntelligence/v1/rules/query?pxObjClass=Rule-HTML-Section&appliesTo=Data-Admin-RemoteSystem&pyRuleName=pzRuleFormToolbarCollaborators&RequestClass=Rule-HTML-Section&RequestAppliesTo=Data-Admin-RemoteSystem&RequestRuleName=pzRuleFormToolbarCollaborators Payload: "{\"RequestClass\":\"Rule-HTML-Section\",\"RequestAppliesTo\":\"Data-Admin-RemoteSystem\",\"RequestRuleName\":\"pzRuleFormToolbarCollaborators\"}" => HTTP 200 (15254 bytes)
[PegaHttpClient] 📡 POST https://zdk8budo.pegaacademy.net/prweb/api/CodeIntelligence/v1/rules/query?pxObjClass=Rule-HTML-Section&appliesTo=Data-Admin-RemoteSystem&pyRuleName=pzRuleFormToolbarSaveAs&RequestClass=Rule-HTML-Section&RequestAppliesTo=Data-Admin-RemoteSystem&RequestRuleName=pzRuleFormToolbarSaveAs Payload: "{\"RequestClass\":\"Rule-HTML-Section\",\"RequestAppliesTo\":\"Data-Admin-RemoteSystem\",\"RequestRuleName\":\"pzRuleFormToolbarSaveAs\"}" => HTTP 200 (64084 bytes)
[PegaHttpClient] 📡 POST https://zdk8budo.pegaacademy.net/prweb/api/CodeIntelligence/v1/rules/query?pxObjClass=Rule-HTML-Section&appliesTo=Data-Admin-RemoteSystem&pyRuleName=pzRuleFormToolbarCheckin&RequestClass=Rule-HTML-Section&RequestAppliesTo=Data-Admin-RemoteSystem&RequestRuleName=pzRuleFormToolbarCheckin Payload: "{\"RequestClass\":\"Rule-HTML-Section\",\"RequestAppliesTo\":\"Data-Admin-RemoteSystem\",\"RequestRuleName\":\"pzRuleFormToolbarCheckin\"}" => HTTP 200 (15601 bytes)
[PegaHttpClient] 📡 POST https://zdk8budo.pegaacademy.net/prweb/api/CodeIntelligence/v1/rules/query?pxObjClass=Rule-HTML-Section&appliesTo=Data-Admin-RemoteSystem&pyRuleName=pzRuleFormToolbarDelete&RequestClass=Rule-HTML-Section&RequestAppliesTo=Data-Admin-RemoteSystem&RequestRuleName=pzRuleFormToolbarDelete Payload: "{\"RequestClass\":\"Rule-HTML-Section\",\"RequestAppliesTo\":\"Data-Admin-RemoteSystem\",\"RequestRuleName\":\"pzRuleFormToolbarDelete\"}" => HTTP 200 (30249 bytes)
[PegaHttpClient] 📡 POST https://zdk8budo.pegaacademy.net/prweb/api/CodeIntelligence/v1/rules/query?pxObjClass=Rule-HTML-Section&appliesTo=Data-Admin-RemoteSystem&pyRuleName=pzRuleFormToolbarSave&RequestClass=Rule-HTML-Section&RequestAppliesTo=Data-Admin-RemoteSystem&RequestRuleName=pzRuleFormToolbarSave Payload: "{\"RequestClass\":\"Rule-HTML-Section\",\"RequestAppliesTo\":\"Data-Admin-RemoteSystem\",\"RequestRuleName\":\"pzRuleFormToolbarSave\"}" => HTTP 200 (293885 bytes)
[PegaHttpClient] 📡 POST https://zdk8budo.pegaacademy.net/prweb/api/CodeIntelligence/v1/rules/query?pxObjClass=Rule-HTML-Section&appliesTo=Data-Admin-RemoteSystem&pyRuleName=pzRuleFormToolbarCheckout&RequestClass=Rule-HTML-Section&RequestAppliesTo=Data-Admin-RemoteSystem&RequestRuleName=pzRuleFormToolbarCheckout Payload: "{\"RequestClass\":\"Rule-HTML-Section\",\"RequestAppliesTo\":\"Data-Admin-RemoteSystem\",\"RequestRuleName\":\"pzRuleFormToolbarCheckout\"}" => HTTP 200 (14854 bytes)
[PegaHttpClient] 📡 POST https://zdk8budo.pegaacademy.net/prweb/api/CodeIntelligence/v1/rules/query?pxObjClass=Rule-HTML-Section&appliesTo=Data-Admin-RemoteSystem&pyRuleName=pzRemoveErrorsDataPage&RequestClass=Rule-HTML-Section&RequestAppliesTo=Data-Admin-RemoteSystem&RequestRuleName=pzRemoveErrorsDataPage Payload: "{\"RequestClass\":\"Rule-HTML-Section\",\"RequestAppliesTo\":\"Data-Admin-RemoteSystem\",\"RequestRuleName\":\"pzRemoveErrorsDataPage\"}" => HTTP 200 (16733 bytes)
[PegaHttpClient] 📡 POST https://zdk8budo.pegaacademy.net/prweb/api/CodeIntelligence/v1/rules/query?pxObjClass=Rule-HTML-Section&appliesTo=Data-Admin-RemoteSystem&pyRuleName=pzRuleFormHeaderMessagesWrapper&RequestClass=Rule-HTML-Section&RequestAppliesTo=Data-Admin-RemoteSystem&RequestRuleName=pzRuleFormHeaderMessagesWrapper Payload: "{\"RequestClass\":\"Rule-HTML-Section\",\"RequestAppliesTo\":\"Data-Admin-RemoteSystem\",\"RequestRuleName\":\"pzRuleFormHeaderMessagesWrapper\"}" => HTTP 200 (16981 bytes)
[PegaHttpClient] 📡 POST https://zdk8budo.pegaacademy.net/prweb/api/CodeIntelligence/v1/rules/query?pxObjClass=Rule-HTML-Section&appliesTo=Data-Admin-RemoteSystem&pyRuleName=pxDisplayCollaborators&RequestClass=Rule-HTML-Section&RequestAppliesTo=Data-Admin-RemoteSystem&RequestRuleName=pxDisplayCollaborators Payload: "{\"RequestClass\":\"Rule-HTML-Section\",\"RequestAppliesTo\":\"Data-Admin-RemoteSystem\",\"RequestRuleName\":\"pxDisplayCollaborators\"}" => HTTP 200 (94171 bytes)
[PegaHttpClient] 📡 POST https://zdk8budo.pegaacademy.net/prweb/api/CodeIntelligence/v1/rules/query?pxObjClass=Rule-HTML-Section&appliesTo=Data-Admin-RemoteSystem&pyRuleName=pzRuleFormToolbarDeleteCheckOut&RequestClass=Rule-HTML-Section&RequestAppliesTo=Data-Admin-RemoteSystem&RequestRuleName=pzRuleFormToolbarDeleteCheckOut Payload: "{\"RequestClass\":\"Rule-HTML-Section\",\"RequestAppliesTo\":\"Data-Admin-RemoteSystem\",\"RequestRuleName\":\"pzRuleFormToolbarDeleteCheckOut\"}" => HTTP 404 (132 bytes)
[PegaHttpClient] 📡 POST https://zdk8budo.pegaacademy.net/prweb/PRRestService/CodeIntelligence/v1/rules/query?pxObjClass=Rule-HTML-Section&appliesTo=Data-Admin-RemoteSystem&pyRuleName=pzRuleFormToolbarDeleteCheckOut&RequestClass=Rule-HTML-Section&RequestAppliesTo=Data-Admin-RemoteSystem&RequestRuleName=pzRuleFormToolbarDeleteCheckOut Payload: "{\"RequestClass\":\"Rule-HTML-Section\",\"RequestAppliesTo\":\"Data-Admin-RemoteSystem\",\"RequestRuleName\":\"pzRuleFormToolbarDeleteCheckOut\"}" => HTTP 404 (132 bytes)
[PegaHttpClient] 📡 POST https://zdk8budo.pegaacademy.net/prweb/api/HRAppsV2Service/V1/rules/query?pxObjClass=Rule-HTML-Section&appliesTo=Data-Admin-RemoteSystem&pyRuleName=pzRuleFormToolbarDeleteCheckOut&RequestClass=Rule-HTML-Section&RequestAppliesTo=Data-Admin-RemoteSystem&RequestRuleName=pzRuleFormToolbarDeleteCheckOut Payload: "{\"RequestClass\":\"Rule-HTML-Section\",\"RequestAppliesTo\":\"Data-Admin-RemoteSystem\",\"RequestRuleName\":\"pzRuleFormToolbarDeleteCheckOut\"}" => HTTP 404 (18 bytes)
[PegaHttpClient] 📡 POST https://zdk8budo.pegaacademy.net/prweb/PRRestService/HRAppsV2Service/V1/rules/query?pxObjClass=Rule-HTML-Section&appliesTo=Data-Admin-RemoteSystem&pyRuleName=pzRuleFormToolbarDeleteCheckOut&RequestClass=Rule-HTML-Section&RequestAppliesTo=Data-Admin-RemoteSystem&RequestRuleName=pzRuleFormToolbarDeleteCheckOut Payload: "{\"RequestClass\":\"Rule-HTML-Section\",\"RequestAppliesTo\":\"Data-Admin-RemoteSystem\",\"RequestRuleName\":\"pzRuleFormToolbarDeleteCheckOut\"}" => HTTP 404 (18 bytes)
[PegaHttpClient] 📡 POST https://zdk8budo.pegaacademy.net/prweb/api/HRAppsV2/V1/rules/query?pxObjClass=Rule-HTML-Section&appliesTo=Data-Admin-RemoteSystem&pyRuleName=pzRuleFormToolbarDeleteCheckOut&RequestClass=Rule-HTML-Section&RequestAppliesTo=Data-Admin-RemoteSystem&RequestRuleName=pzRuleFormToolbarDeleteCheckOut Payload: "{\"RequestClass\":\"Rule-HTML-Section\",\"RequestAppliesTo\":\"Data-Admin-RemoteSystem\",\"RequestRuleName\":\"pzRuleFormToolbarDeleteCheckOut\"}" => HTTP 404 (18 bytes)
[PegaHttpClient] 📡 POST https://zdk8budo.pegaacademy.net/prweb/PRRestService/HRAppsV2/V1/rules/query?pxObjClass=Rule-HTML-Section&appliesTo=Data-Admin-RemoteSystem&pyRuleName=pzRuleFormToolbarDeleteCheckOut&RequestClass=Rule-HTML-Section&RequestAppliesTo=Data-Admin-RemoteSystem&RequestRuleName=pzRuleFormToolbarDeleteCheckOut Payload: "{\"RequestClass\":\"Rule-HTML-Section\",\"RequestAppliesTo\":\"Data-Admin-RemoteSystem\",\"RequestRuleName\":\"pzRuleFormToolbarDeleteCheckOut\"}" => HTTP 404 (18 bytes)
[PegaHttpClient] 📡 POST https://zdk8budo.pegaacademy.net/prweb/api/v1/rules/query?pxObjClass=Rule-HTML-Section&appliesTo=Data-Admin-RemoteSystem&pyRuleName=pzRuleFormToolbarDeleteCheckOut&RequestClass=Rule-HTML-Section&RequestAppliesTo=Data-Admin-RemoteSystem&RequestRuleName=pzRuleFormToolbarDeleteCheckOut Payload: "{\"RequestClass\":\"Rule-HTML-Section\",\"RequestAppliesTo\":\"Data-Admin-RemoteSystem\",\"RequestRuleName\":\"pzRuleFormToolbarDeleteCheckOut\"}" => HTTP 404 (18 bytes)
[PegaHttpClient] 📡 POST https://zdk8budo.pegaacademy.net/prweb/PRRestService/v1/rules/query?pxObjClass=Rule-HTML-Section&appliesTo=Data-Admin-RemoteSystem&pyRuleName=pzRuleFormToolbarDeleteCheckOut&RequestClass=Rule-HTML-Section&RequestAppliesTo=Data-Admin-RemoteSystem&RequestRuleName=pzRuleFormToolbarDeleteCheckOut Payload: "{\"RequestClass\":\"Rule-HTML-Section\",\"RequestAppliesTo\":\"Data-Admin-RemoteSystem\",\"RequestRuleName\":\"pzRuleFormToolbarDeleteCheckOut\"}" => HTTP 404 (18 bytes)
[PegaHttpClient] 📡 POST https://zdk8budo.pegaacademy.net/prweb/api/CodeIntelligence/v1/rules/query?pxObjClass=Rule-HTML-Section&appliesTo=Data-Admin-RemoteSystem&pyRuleName=pzRuleFormToolbarDeleteRule&RequestClass=Rule-HTML-Section&RequestAppliesTo=Data-Admin-RemoteSystem&RequestRuleName=pzRuleFormToolbarDeleteRule Payload: "{\"RequestClass\":\"Rule-HTML-Section\",\"RequestAppliesTo\":\"Data-Admin-RemoteSystem\",\"RequestRuleName\":\"pzRuleFormToolbarDeleteRule\"}" => HTTP 200 (32314 bytes)
[PegaHttpClient] 📡 POST https://zdk8budo.pegaacademy.net/prweb/api/CodeIntelligence/v1/rules/query?pxObjClass=Rule-HTML-Section&appliesTo=Data-Admin-RemoteSystem&pyRuleName=pzLoadCollaborationScripts&RequestClass=Rule-HTML-Section&RequestAppliesTo=Data-Admin-RemoteSystem&RequestRuleName=pzLoadCollaborationScripts Payload: "{\"RequestClass\":\"Rule-HTML-Section\",\"RequestAppliesTo\":\"Data-Admin-RemoteSystem\",\"RequestRuleName\":\"pzLoadCollaborationScripts\"}" => HTTP 200 (23453 bytes)
[PegaHttpClient] 📡 POST https://zdk8budo.pegaacademy.net/prweb/api/CodeIntelligence/v1/rules/query?pxObjClass=Rule-HTML-Section&appliesTo=Data-Admin-RemoteSystem&pyRuleName=pzDisplayCollaboratorsList&RequestClass=Rule-HTML-Section&RequestAppliesTo=Data-Admin-RemoteSystem&RequestRuleName=pzDisplayCollaboratorsList Payload: "{\"RequestClass\":\"Rule-HTML-Section\",\"RequestAppliesTo\":\"Data-Admin-RemoteSystem\",\"RequestRuleName\":\"pzDisplayCollaboratorsList\"}" => HTTP 200 (105418 bytes)
[PegaHttpClient] 📡 POST https://zdk8budo.pegaacademy.net/prweb/api/CodeIntelligence/v1/rules/query?pxObjClass=Rule-HTML-Section&appliesTo=Data-Admin-RemoteSystem&pyRuleName=pyCollaborator&RequestClass=Rule-HTML-Section&RequestAppliesTo=Data-Admin-RemoteSystem&RequestRuleName=pyCollaborator Payload: "{\"RequestClass\":\"Rule-HTML-Section\",\"RequestAppliesTo\":\"Data-Admin-RemoteSystem\",\"RequestRuleName\":\"pyCollaborator\"}" => HTTP 404 (115 bytes)
[PegaHttpClient] 📡 POST https://zdk8budo.pegaacademy.net/prweb/PRRestService/CodeIntelligence/v1/rules/query?pxObjClass=Rule-HTML-Section&appliesTo=Data-Admin-RemoteSystem&pyRuleName=pyCollaborator&RequestClass=Rule-HTML-Section&RequestAppliesTo=Data-Admin-RemoteSystem&RequestRuleName=pyCollaborator Payload: "{\"RequestClass\":\"Rule-HTML-Section\",\"RequestAppliesTo\":\"Data-Admin-RemoteSystem\",\"RequestRuleName\":\"pyCollaborator\"}" => HTTP 404 (115 bytes)
[PegaHttpClient] 📡 POST https://zdk8budo.pegaacademy.net/prweb/api/HRAppsV2Service/V1/rules/query?pxObjClass=Rule-HTML-Section&appliesTo=Data-Admin-RemoteSystem&pyRuleName=pyCollaborator&RequestClass=Rule-HTML-Section&RequestAppliesTo=Data-Admin-RemoteSystem&RequestRuleName=pyCollaborator Payload: "{\"RequestClass\":\"Rule-HTML-Section\",\"RequestAppliesTo\":\"Data-Admin-RemoteSystem\",\"RequestRuleName\":\"pyCollaborator\"}" => HTTP 404 (18 bytes)
[PegaHttpClient] 📡 POST https://zdk8budo.pegaacademy.net/prweb/PRRestService/HRAppsV2Service/V1/rules/query?pxObjClass=Rule-HTML-Section&appliesTo=Data-Admin-RemoteSystem&pyRuleName=pyCollaborator&RequestClass=Rule-HTML-Section&RequestAppliesTo=Data-Admin-RemoteSystem&RequestRuleName=pyCollaborator Payload: "{\"RequestClass\":\"Rule-HTML-Section\",\"RequestAppliesTo\":\"Data-Admin-RemoteSystem\",\"RequestRuleName\":\"pyCollaborator\"}" => HTTP 404 (18 bytes)
[PegaHttpClient] 📡 POST https://zdk8budo.pegaacademy.net/prweb/api/HRAppsV2/V1/rules/query?pxObjClass=Rule-HTML-Section&appliesTo=Data-Admin-RemoteSystem&pyRuleName=pyCollaborator&RequestClass=Rule-HTML-Section&RequestAppliesTo=Data-Admin-RemoteSystem&RequestRuleName=pyCollaborator Payload: "{\"RequestClass\":\"Rule-HTML-Section\",\"RequestAppliesTo\":\"Data-Admin-RemoteSystem\",\"RequestRuleName\":\"pyCollaborator\"}" => HTTP 404 (18 bytes)
[PegaHttpClient] 📡 POST https://zdk8budo.pegaacademy.net/prweb/PRRestService/HRAppsV2/V1/rules/query?pxObjClass=Rule-HTML-Section&appliesTo=Data-Admin-RemoteSystem&pyRuleName=pyCollaborator&RequestClass=Rule-HTML-Section&RequestAppliesTo=Data-Admin-RemoteSystem&RequestRuleName=pyCollaborator Payload: "{\"RequestClass\":\"Rule-HTML-Section\",\"RequestAppliesTo\":\"Data-Admin-RemoteSystem\",\"RequestRuleName\":\"pyCollaborator\"}" => HTTP 404 (18 bytes)
[PegaHttpClient] 📡 POST https://zdk8budo.pegaacademy.net/prweb/api/v1/rules/query?pxObjClass=Rule-HTML-Section&appliesTo=Data-Admin-RemoteSystem&pyRuleName=pyCollaborator&RequestClass=Rule-HTML-Section&RequestAppliesTo=Data-Admin-RemoteSystem&RequestRuleName=pyCollaborator Payload: "{\"RequestClass\":\"Rule-HTML-Section\",\"RequestAppliesTo\":\"Data-Admin-RemoteSystem\",\"RequestRuleName\":\"pyCollaborator\"}" => HTTP 404 (18 bytes)
[PegaHttpClient] 📡 POST https://zdk8budo.pegaacademy.net/prweb/PRRestService/v1/rules/query?pxObjClass=Rule-HTML-Section&appliesTo=Data-Admin-RemoteSystem&pyRuleName=pyCollaborator&RequestClass=Rule-HTML-Section&RequestAppliesTo=Data-Admin-RemoteSystem&RequestRuleName=pyCollaborator Payload: "{\"RequestClass\":\"Rule-HTML-Section\",\"RequestAppliesTo\":\"Data-Admin-RemoteSystem\",\"RequestRuleName\":\"pyCollaborator\"}" => HTTP 404 (18 bytes)
[PegaHttpClient] 📡 POST https://zdk8budo.pegaacademy.net/prweb/api/CodeIntelligence/v1/rules/query?pxObjClass=Rule-HTML-Section&appliesTo=Data-Admin-RemoteSystem&pyRuleName=pzDisplayPartialCount&RequestClass=Rule-HTML-Section&RequestAppliesTo=Data-Admin-RemoteSystem&RequestRuleName=pzDisplayPartialCount Payload: "{\"RequestClass\":\"Rule-HTML-Section\",\"RequestAppliesTo\":\"Data-Admin-RemoteSystem\",\"RequestRuleName\":\"pzDisplayPartialCount\"}" => HTTP 404 (122 bytes)
[PegaHttpClient] 📡 POST https://zdk8budo.pegaacademy.net/prweb/PRRestService/CodeIntelligence/v1/rules/query?pxObjClass=Rule-HTML-Section&appliesTo=Data-Admin-RemoteSystem&pyRuleName=pzDisplayPartialCount&RequestClass=Rule-HTML-Section&RequestAppliesTo=Data-Admin-RemoteSystem&RequestRuleName=pzDisplayPartialCount Payload: "{\"RequestClass\":\"Rule-HTML-Section\",\"RequestAppliesTo\":\"Data-Admin-RemoteSystem\",\"RequestRuleName\":\"pzDisplayPartialCount\"}" => HTTP 404 (122 bytes)
[PegaHttpClient] 📡 POST https://zdk8budo.pegaacademy.net/prweb/api/HRAppsV2Service/V1/rules/query?pxObjClass=Rule-HTML-Section&appliesTo=Data-Admin-RemoteSystem&pyRuleName=pzDisplayPartialCount&RequestClass=Rule-HTML-Section&RequestAppliesTo=Data-Admin-RemoteSystem&RequestRuleName=pzDisplayPartialCount Payload: "{\"RequestClass\":\"Rule-HTML-Section\",\"RequestAppliesTo\":\"Data-Admin-RemoteSystem\",\"RequestRuleName\":\"pzDisplayPartialCount\"}" => HTTP 404 (18 bytes)
[PegaHttpClient] 📡 POST https://zdk8budo.pegaacademy.net/prweb/PRRestService/HRAppsV2Service/V1/rules/query?pxObjClass=Rule-HTML-Section&appliesTo=Data-Admin-RemoteSystem&pyRuleName=pzDisplayPartialCount&RequestClass=Rule-HTML-Section&RequestAppliesTo=Data-Admin-RemoteSystem&RequestRuleName=pzDisplayPartialCount Payload: "{\"RequestClass\":\"Rule-HTML-Section\",\"RequestAppliesTo\":\"Data-Admin-RemoteSystem\",\"RequestRuleName\":\"pzDisplayPartialCount\"}" => HTTP 404 (18 bytes)
[PegaHttpClient] 📡 POST https://zdk8budo.pegaacademy.net/prweb/api/HRAppsV2/V1/rules/query?pxObjClass=Rule-HTML-Section&appliesTo=Data-Admin-RemoteSystem&pyRuleName=pzDisplayPartialCount&RequestClass=Rule-HTML-Section&RequestAppliesTo=Data-Admin-RemoteSystem&RequestRuleName=pzDisplayPartialCount Payload: "{\"RequestClass\":\"Rule-HTML-Section\",\"RequestAppliesTo\":\"Data-Admin-RemoteSystem\",\"RequestRuleName\":\"pzDisplayPartialCount\"}" => HTTP 404 (18 bytes)
[PegaHttpClient] 📡 POST https://zdk8budo.pegaacademy.net/prweb/PRRestService/HRAppsV2/V1/rules/query?pxObjClass=Rule-HTML-Section&appliesTo=Data-Admin-RemoteSystem&pyRuleName=pzDisplayPartialCount&RequestClass=Rule-HTML-Section&RequestAppliesTo=Data-Admin-RemoteSystem&RequestRuleName=pzDisplayPartialCount Payload: "{\"RequestClass\":\"Rule-HTML-Section\",\"RequestAppliesTo\":\"Data-Admin-RemoteSystem\",\"RequestRuleName\":\"pzDisplayPartialCount\"}" => HTTP 404 (18 bytes)
[PegaHttpClient] 📡 POST https://zdk8budo.pegaacademy.net/prweb/api/v1/rules/query?pxObjClass=Rule-HTML-Section&appliesTo=Data-Admin-RemoteSystem&pyRuleName=pzDisplayPartialCount&RequestClass=Rule-HTML-Section&RequestAppliesTo=Data-Admin-RemoteSystem&RequestRuleName=pzDisplayPartialCount Payload: "{\"RequestClass\":\"Rule-HTML-Section\",\"RequestAppliesTo\":\"Data-Admin-RemoteSystem\",\"RequestRuleName\":\"pzDisplayPartialCount\"}" => HTTP 404 (18 bytes)
[PegaHttpClient] 📡 POST https://zdk8budo.pegaacademy.net/prweb/PRRestService/v1/rules/query?pxObjClass=Rule-HTML-Section&appliesTo=Data-Admin-RemoteSystem&pyRuleName=pzDisplayPartialCount&RequestClass=Rule-HTML-Section&RequestAppliesTo=Data-Admin-RemoteSystem&RequestRuleName=pzDisplayPartialCount Payload: "{\"RequestClass\":\"Rule-HTML-Section\",\"RequestAppliesTo\":\"Data-Admin-RemoteSystem\",\"RequestRuleName\":\"pzDisplayPartialCount\"}" => HTTP 404 (18 bytes)
[SchemaGen] ✅ Schema written for Data-Admin-RemoteSystem
[PegaHttpClient] 📡 GET https://zdk8budo.pegaacademy.net/prweb/api/CodeIntelligence/v1/rules/RULE-HTML-HARNESS%20RULE-CONNECT-CMIS%20RULEFORM%20%2320180713T140604.926%20GMT => HTTP 200 (23365 bytes)
[PegaHttpClient] 📡 POST https://zdk8budo.pegaacademy.net/prweb/api/CodeIntelligence/v1/rules/query?pxObjClass=Rule-HTML-Section&appliesTo=Rule-Connect-CMIS&pyRuleName=RuleFormMain&RequestClass=Rule-HTML-Section&RequestAppliesTo=Rule-Connect-CMIS&RequestRuleName=RuleFormMain Payload: "{\"RequestClass\":\"Rule-HTML-Section\",\"RequestAppliesTo\":\"Rule-Connect-CMIS\",\"RequestRuleName\":\"RuleFormMain\"}" => HTTP 200 (156234 bytes)
[PegaHttpClient] 📡 POST https://zdk8budo.pegaacademy.net/prweb/api/CodeIntelligence/v1/rules/query?pxObjClass=Rule-HTML-Section&appliesTo=Rule-Connect-CMIS&pyRuleName=pxAlternateRuleForm&RequestClass=Rule-HTML-Section&RequestAppliesTo=Rule-Connect-CMIS&RequestRuleName=pxAlternateRuleForm Payload: "{\"RequestClass\":\"Rule-HTML-Section\",\"RequestAppliesTo\":\"Rule-Connect-CMIS\",\"RequestRuleName\":\"pxAlternateRuleForm\"}" => HTTP 200 (66153 bytes)
[PegaHttpClient] 📡 POST https://zdk8budo.pegaacademy.net/prweb/api/CodeIntelligence/v1/rules/query?pxObjClass=Rule-HTML-Section&appliesTo=Rule-Connect-CMIS&pyRuleName=pzRuleFormScripts&RequestClass=Rule-HTML-Section&RequestAppliesTo=Rule-Connect-CMIS&RequestRuleName=pzRuleFormScripts Payload: "{\"RequestClass\":\"Rule-HTML-Section\",\"RequestAppliesTo\":\"Rule-Connect-CMIS\",\"RequestRuleName\":\"pzRuleFormScripts\"}" => HTTP 200 (40822 bytes)
[PegaHttpClient] 📡 POST https://zdk8budo.pegaacademy.net/prweb/api/CodeIntelligence/v1/rules/query?pxObjClass=Rule-HTML-Section&appliesTo=Rule-Connect-CMIS&pyRuleName=pzRuleFormLayoutDelegated&RequestClass=Rule-HTML-Section&RequestAppliesTo=Rule-Connect-CMIS&RequestRuleName=pzRuleFormLayoutDelegated Payload: "{\"RequestClass\":\"Rule-HTML-Section\",\"RequestAppliesTo\":\"Rule-Connect-CMIS\",\"RequestRuleName\":\"pzRuleFormLayoutDelegated\"}" => HTTP 200 (70998 bytes)
[PegaHttpClient] 📡 POST https://zdk8budo.pegaacademy.net/prweb/api/CodeIntelligence/v1/rules/query?pxObjClass=Rule-HTML-Section&appliesTo=Rule-Connect-CMIS&pyRuleName=RuleFormLayout&RequestClass=Rule-HTML-Section&RequestAppliesTo=Rule-Connect-CMIS&RequestRuleName=RuleFormLayout Payload: "{\"RequestClass\":\"Rule-HTML-Section\",\"RequestAppliesTo\":\"Rule-Connect-CMIS\",\"RequestRuleName\":\"RuleFormLayout\"}" => HTTP 200 (54524 bytes)
[PegaHttpClient] 📡 POST https://zdk8budo.pegaacademy.net/prweb/api/CodeIntelligence/v1/rules/query?pxObjClass=Rule-HTML-Section&appliesTo=Rule-Connect-CMIS&pyRuleName=RuleFormSettings&RequestClass=Rule-HTML-Section&RequestAppliesTo=Rule-Connect-CMIS&RequestRuleName=RuleFormSettings Payload: "{\"RequestClass\":\"Rule-HTML-Section\",\"RequestAppliesTo\":\"Rule-Connect-CMIS\",\"RequestRuleName\":\"RuleFormSettings\"}" => HTTP 200 (20540 bytes)
[PegaHttpClient] 📡 POST https://zdk8budo.pegaacademy.net/prweb/api/CodeIntelligence/v1/rules/query?pxObjClass=Rule-HTML-Section&appliesTo=Rule-Connect-CMIS&pyRuleName=OpenAuthoring&RequestClass=Rule-HTML-Section&RequestAppliesTo=Rule-Connect-CMIS&RequestRuleName=OpenAuthoring Payload: "{\"RequestClass\":\"Rule-HTML-Section\",\"RequestAppliesTo\":\"Rule-Connect-CMIS\",\"RequestRuleName\":\"OpenAuthoring\"}" => HTTP 200 (23695 bytes)
[PegaHttpClient] 📡 POST https://zdk8budo.pegaacademy.net/prweb/api/CodeIntelligence/v1/rules/query?pxObjClass=Rule-HTML-Section&appliesTo=Rule-Connect-CMIS&pyRuleName=pyCustomHelp&RequestClass=Rule-HTML-Section&RequestAppliesTo=Rule-Connect-CMIS&RequestRuleName=pyCustomHelp Payload: "{\"RequestClass\":\"Rule-HTML-Section\",\"RequestAppliesTo\":\"Rule-Connect-CMIS\",\"RequestRuleName\":\"pyCustomHelp\"}" => HTTP 200 (17256 bytes)
[PegaHttpClient] 📡 POST https://zdk8budo.pegaacademy.net/prweb/api/CodeIntelligence/v1/rules/query?pxObjClass=Rule-HTML-Section&appliesTo=Rule-Connect-CMIS&pyRuleName=pzRuleformMainInclude&RequestClass=Rule-HTML-Section&RequestAppliesTo=Rule-Connect-CMIS&RequestRuleName=pzRuleformMainInclude Payload: "{\"RequestClass\":\"Rule-HTML-Section\",\"RequestAppliesTo\":\"Rule-Connect-CMIS\",\"RequestRuleName\":\"pzRuleformMainInclude\"}" => HTTP 200 (22375 bytes)
[PegaHttpClient] 📡 POST https://zdk8budo.pegaacademy.net/prweb/api/CodeIntelligence/v1/rules/query?pxObjClass=Rule-HTML-Section&appliesTo=Rule-Connect-CMIS&pyRuleName=pyAlternativeRuleFormStrategicAppExtension&RequestClass=Rule-HTML-Section&RequestAppliesTo=Rule-Connect-CMIS&RequestRuleName=pyAlternativeRuleFormStrategicAppExtension Payload: "{\"RequestClass\":\"Rule-HTML-Section\",\"RequestAppliesTo\":\"Rule-Connect-CMIS\",\"RequestRuleName\":\"pyAlternativeRuleFormStrategicAppExtension\"}" => HTTP 200 (25042 bytes)
[PegaHttpClient] 📡 POST https://zdk8budo.pegaacademy.net/prweb/api/CodeIntelligence/v1/rules/query?pxObjClass=Rule-HTML-Section&appliesTo=Rule-Connect-CMIS&pyRuleName=pyAlternativeRuleFormExtension&RequestClass=Rule-HTML-Section&RequestAppliesTo=Rule-Connect-CMIS&RequestRuleName=pyAlternativeRuleFormExtension Payload: "{\"RequestClass\":\"Rule-HTML-Section\",\"RequestAppliesTo\":\"Rule-Connect-CMIS\",\"RequestRuleName\":\"pyAlternativeRuleFormExtension\"}" => HTTP 200 (24863 bytes)
[PegaHttpClient] 📡 POST https://zdk8budo.pegaacademy.net/prweb/api/CodeIntelligence/v1/rules/query?pxObjClass=Rule-HTML-Section&appliesTo=Rule-Connect-CMIS&pyRuleName=RuleFormHeader&RequestClass=Rule-HTML-Section&RequestAppliesTo=Rule-Connect-CMIS&RequestRuleName=RuleFormHeader Payload: "{\"RequestClass\":\"Rule-HTML-Section\",\"RequestAppliesTo\":\"Rule-Connect-CMIS\",\"RequestRuleName\":\"RuleFormHeader\"}" => HTTP 200 (183800 bytes)
[PegaHttpClient] 📡 POST https://zdk8budo.pegaacademy.net/prweb/api/CodeIntelligence/v1/rules/query?pxObjClass=Rule-HTML-Section&appliesTo=Rule-Connect-CMIS&pyRuleName=pzDelegationExperience&RequestClass=Rule-HTML-Section&RequestAppliesTo=Rule-Connect-CMIS&RequestRuleName=pzDelegationExperience Payload: "{\"RequestClass\":\"Rule-HTML-Section\",\"RequestAppliesTo\":\"Rule-Connect-CMIS\",\"RequestRuleName\":\"pzDelegationExperience\"}" => HTTP 404 (117 bytes)
[PegaHttpClient] 📡 POST https://zdk8budo.pegaacademy.net/prweb/PRRestService/CodeIntelligence/v1/rules/query?pxObjClass=Rule-HTML-Section&appliesTo=Rule-Connect-CMIS&pyRuleName=pzDelegationExperience&RequestClass=Rule-HTML-Section&RequestAppliesTo=Rule-Connect-CMIS&RequestRuleName=pzDelegationExperience Payload: "{\"RequestClass\":\"Rule-HTML-Section\",\"RequestAppliesTo\":\"Rule-Connect-CMIS\",\"RequestRuleName\":\"pzDelegationExperience\"}" => HTTP 404 (117 bytes)
[PegaHttpClient] 📡 POST https://zdk8budo.pegaacademy.net/prweb/api/HRAppsV2Service/V1/rules/query?pxObjClass=Rule-HTML-Section&appliesTo=Rule-Connect-CMIS&pyRuleName=pzDelegationExperience&RequestClass=Rule-HTML-Section&RequestAppliesTo=Rule-Connect-CMIS&RequestRuleName=pzDelegationExperience Payload: "{\"RequestClass\":\"Rule-HTML-Section\",\"RequestAppliesTo\":\"Rule-Connect-CMIS\",\"RequestRuleName\":\"pzDelegationExperience\"}" => HTTP 404 (18 bytes)
[PegaHttpClient] 📡 POST https://zdk8budo.pegaacademy.net/prweb/PRRestService/HRAppsV2Service/V1/rules/query?pxObjClass=Rule-HTML-Section&appliesTo=Rule-Connect-CMIS&pyRuleName=pzDelegationExperience&RequestClass=Rule-HTML-Section&RequestAppliesTo=Rule-Connect-CMIS&RequestRuleName=pzDelegationExperience Payload: "{\"RequestClass\":\"Rule-HTML-Section\",\"RequestAppliesTo\":\"Rule-Connect-CMIS\",\"RequestRuleName\":\"pzDelegationExperience\"}" => HTTP 404 (18 bytes)
[PegaHttpClient] 📡 POST https://zdk8budo.pegaacademy.net/prweb/api/HRAppsV2/V1/rules/query?pxObjClass=Rule-HTML-Section&appliesTo=Rule-Connect-CMIS&pyRuleName=pzDelegationExperience&RequestClass=Rule-HTML-Section&RequestAppliesTo=Rule-Connect-CMIS&RequestRuleName=pzDelegationExperience Payload: "{\"RequestClass\":\"Rule-HTML-Section\",\"RequestAppliesTo\":\"Rule-Connect-CMIS\",\"RequestRuleName\":\"pzDelegationExperience\"}" => HTTP 404 (18 bytes)
[PegaHttpClient] 📡 POST https://zdk8budo.pegaacademy.net/prweb/PRRestService/HRAppsV2/V1/rules/query?pxObjClass=Rule-HTML-Section&appliesTo=Rule-Connect-CMIS&pyRuleName=pzDelegationExperience&RequestClass=Rule-HTML-Section&RequestAppliesTo=Rule-Connect-CMIS&RequestRuleName=pzDelegationExperience Payload: "{\"RequestClass\":\"Rule-HTML-Section\",\"RequestAppliesTo\":\"Rule-Connect-CMIS\",\"RequestRuleName\":\"pzDelegationExperience\"}" => HTTP 404 (18 bytes)
[PegaHttpClient] 📡 POST https://zdk8budo.pegaacademy.net/prweb/api/v1/rules/query?pxObjClass=Rule-HTML-Section&appliesTo=Rule-Connect-CMIS&pyRuleName=pzDelegationExperience&RequestClass=Rule-HTML-Section&RequestAppliesTo=Rule-Connect-CMIS&RequestRuleName=pzDelegationExperience Payload: "{\"RequestClass\":\"Rule-HTML-Section\",\"RequestAppliesTo\":\"Rule-Connect-CMIS\",\"RequestRuleName\":\"pzDelegationExperience\"}" => HTTP 404 (18 bytes)
[PegaHttpClient] 📡 POST https://zdk8budo.pegaacademy.net/prweb/PRRestService/v1/rules/query?pxObjClass=Rule-HTML-Section&appliesTo=Rule-Connect-CMIS&pyRuleName=pzDelegationExperience&RequestClass=Rule-HTML-Section&RequestAppliesTo=Rule-Connect-CMIS&RequestRuleName=pzDelegationExperience Payload: "{\"RequestClass\":\"Rule-HTML-Section\",\"RequestAppliesTo\":\"Rule-Connect-CMIS\",\"RequestRuleName\":\"pzDelegationExperience\"}" => HTTP 404 (18 bytes)
[PegaHttpClient] 📡 POST https://zdk8budo.pegaacademy.net/prweb/api/CodeIntelligence/v1/rules/query?pxObjClass=Rule-HTML-Section&appliesTo=Rule-Connect-CMIS&pyRuleName=pzMainLayout&RequestClass=Rule-HTML-Section&RequestAppliesTo=Rule-Connect-CMIS&RequestRuleName=pzMainLayout Payload: "{\"RequestClass\":\"Rule-HTML-Section\",\"RequestAppliesTo\":\"Rule-Connect-CMIS\",\"RequestRuleName\":\"pzMainLayout\"}" => HTTP 200 (54690 bytes)
[PegaHttpClient] 📡 POST https://zdk8budo.pegaacademy.net/prweb/api/CodeIntelligence/v1/rules/query?pxObjClass=Rule-HTML-Section&appliesTo=Rule-Connect-CMIS&pyRuleName=pzSpecifications&RequestClass=Rule-HTML-Section&RequestAppliesTo=Rule-Connect-CMIS&RequestRuleName=pzSpecifications Payload: "{\"RequestClass\":\"Rule-HTML-Section\",\"RequestAppliesTo\":\"Rule-Connect-CMIS\",\"RequestRuleName\":\"pzSpecifications\"}" => HTTP 200 (16577 bytes)
[PegaHttpClient] 📡 POST https://zdk8budo.pegaacademy.net/prweb/api/CodeIntelligence/v1/rules/query?pxObjClass=Rule-HTML-Section&appliesTo=Rule-Connect-CMIS&pyRuleName=RuleFormHistory&RequestClass=Rule-HTML-Section&RequestAppliesTo=Rule-Connect-CMIS&RequestRuleName=RuleFormHistory Payload: "{\"RequestClass\":\"Rule-HTML-Section\",\"RequestAppliesTo\":\"Rule-Connect-CMIS\",\"RequestRuleName\":\"RuleFormHistory\"}" => HTTP 200 (76091 bytes)
[PegaHttpClient] 📡 POST https://zdk8budo.pegaacademy.net/prweb/api/CodeIntelligence/v1/rules/query?pxObjClass=Rule-HTML-Section&appliesTo=Rule-Connect-CMIS&pyRuleName=pzCustomHelp&RequestClass=Rule-HTML-Section&RequestAppliesTo=Rule-Connect-CMIS&RequestRuleName=pzCustomHelp Payload: "{\"RequestClass\":\"Rule-HTML-Section\",\"RequestAppliesTo\":\"Rule-Connect-CMIS\",\"RequestRuleName\":\"pzCustomHelp\"}" => HTTP 200 (31573 bytes)
[PegaHttpClient] 📡 POST https://zdk8budo.pegaacademy.net/prweb/api/CodeIntelligence/v1/rules/query?pxObjClass=Rule-HTML-Section&appliesTo=Rule-Connect-CMIS&pyRuleName=pzRuleFormKeysAndDescription&RequestClass=Rule-HTML-Section&RequestAppliesTo=Rule-Connect-CMIS&RequestRuleName=pzRuleFormKeysAndDescription Payload: "{\"RequestClass\":\"Rule-HTML-Section\",\"RequestAppliesTo\":\"Rule-Connect-CMIS\",\"RequestRuleName\":\"pzRuleFormKeysAndDescription\"}" => HTTP 200 (218057 bytes)
[PegaHttpClient] 📡 POST https://zdk8budo.pegaacademy.net/prweb/api/CodeIntelligence/v1/rules/query?pxObjClass=Rule-HTML-Section&appliesTo=Rule-Connect-CMIS&pyRuleName=pzRuleFormRuleset&RequestClass=Rule-HTML-Section&RequestAppliesTo=Rule-Connect-CMIS&RequestRuleName=pzRuleFormRuleset Payload: "{\"RequestClass\":\"Rule-HTML-Section\",\"RequestAppliesTo\":\"Rule-Connect-CMIS\",\"RequestRuleName\":\"pzRuleFormRuleset\"}" => HTTP 200 (33985 bytes)
[PegaHttpClient] 📡 POST https://zdk8budo.pegaacademy.net/prweb/api/CodeIntelligence/v1/rules/query?pxObjClass=Rule-HTML-Section&appliesTo=Rule-Connect-CMIS&pyRuleName=undefined&RequestClass=Rule-HTML-Section&RequestAppliesTo=Rule-Connect-CMIS&RequestRuleName=undefined Payload: "{\"RequestClass\":\"Rule-HTML-Section\",\"RequestAppliesTo\":\"Rule-Connect-CMIS\",\"RequestRuleName\":\"undefined\"}" => HTTP 404 (104 bytes)
[PegaHttpClient] 📡 POST https://zdk8budo.pegaacademy.net/prweb/PRRestService/CodeIntelligence/v1/rules/query?pxObjClass=Rule-HTML-Section&appliesTo=Rule-Connect-CMIS&pyRuleName=undefined&RequestClass=Rule-HTML-Section&RequestAppliesTo=Rule-Connect-CMIS&RequestRuleName=undefined Payload: "{\"RequestClass\":\"Rule-HTML-Section\",\"RequestAppliesTo\":\"Rule-Connect-CMIS\",\"RequestRuleName\":\"undefined\"}" => HTTP 404 (104 bytes)
[PegaHttpClient] 📡 POST https://zdk8budo.pegaacademy.net/prweb/api/HRAppsV2Service/V1/rules/query?pxObjClass=Rule-HTML-Section&appliesTo=Rule-Connect-CMIS&pyRuleName=undefined&RequestClass=Rule-HTML-Section&RequestAppliesTo=Rule-Connect-CMIS&RequestRuleName=undefined Payload: "{\"RequestClass\":\"Rule-HTML-Section\",\"RequestAppliesTo\":\"Rule-Connect-CMIS\",\"RequestRuleName\":\"undefined\"}" => HTTP 404 (18 bytes)
[PegaHttpClient] 📡 POST https://zdk8budo.pegaacademy.net/prweb/PRRestService/HRAppsV2Service/V1/rules/query?pxObjClass=Rule-HTML-Section&appliesTo=Rule-Connect-CMIS&pyRuleName=undefined&RequestClass=Rule-HTML-Section&RequestAppliesTo=Rule-Connect-CMIS&RequestRuleName=undefined Payload: "{\"RequestClass\":\"Rule-HTML-Section\",\"RequestAppliesTo\":\"Rule-Connect-CMIS\",\"RequestRuleName\":\"undefined\"}" => HTTP 404 (18 bytes)
[PegaHttpClient] 📡 POST https://zdk8budo.pegaacademy.net/prweb/api/HRAppsV2/V1/rules/query?pxObjClass=Rule-HTML-Section&appliesTo=Rule-Connect-CMIS&pyRuleName=undefined&RequestClass=Rule-HTML-Section&RequestAppliesTo=Rule-Connect-CMIS&RequestRuleName=undefined Payload: "{\"RequestClass\":\"Rule-HTML-Section\",\"RequestAppliesTo\":\"Rule-Connect-CMIS\",\"RequestRuleName\":\"undefined\"}" => HTTP 404 (18 bytes)
[PegaHttpClient] 📡 POST https://zdk8budo.pegaacademy.net/prweb/PRRestService/HRAppsV2/V1/rules/query?pxObjClass=Rule-HTML-Section&appliesTo=Rule-Connect-CMIS&pyRuleName=undefined&RequestClass=Rule-HTML-Section&RequestAppliesTo=Rule-Connect-CMIS&RequestRuleName=undefined Payload: "{\"RequestClass\":\"Rule-HTML-Section\",\"RequestAppliesTo\":\"Rule-Connect-CMIS\",\"RequestRuleName\":\"undefined\"}" => HTTP 404 (18 bytes)
[PegaHttpClient] 📡 POST https://zdk8budo.pegaacademy.net/prweb/api/v1/rules/query?pxObjClass=Rule-HTML-Section&appliesTo=Rule-Connect-CMIS&pyRuleName=undefined&RequestClass=Rule-HTML-Section&RequestAppliesTo=Rule-Connect-CMIS&RequestRuleName=undefined Payload: "{\"RequestClass\":\"Rule-HTML-Section\",\"RequestAppliesTo\":\"Rule-Connect-CMIS\",\"RequestRuleName\":\"undefined\"}" => HTTP 404 (18 bytes)
[PegaHttpClient] 📡 POST https://zdk8budo.pegaacademy.net/prweb/PRRestService/v1/rules/query?pxObjClass=Rule-HTML-Section&appliesTo=Rule-Connect-CMIS&pyRuleName=undefined&RequestClass=Rule-HTML-Section&RequestAppliesTo=Rule-Connect-CMIS&RequestRuleName=undefined Payload: "{\"RequestClass\":\"Rule-HTML-Section\",\"RequestAppliesTo\":\"Rule-Connect-CMIS\",\"RequestRuleName\":\"undefined\"}" => HTTP 404 (18 bytes)
[PegaHttpClient] 📡 POST https://zdk8budo.pegaacademy.net/prweb/api/CodeIntelligence/v1/rules/query?pxObjClass=Rule-HTML-Section&appliesTo=Rule-Connect-CMIS&pyRuleName=pzRuleFormToolbar&RequestClass=Rule-HTML-Section&RequestAppliesTo=Rule-Connect-CMIS&RequestRuleName=pzRuleFormToolbar Payload: "{\"RequestClass\":\"Rule-HTML-Section\",\"RequestAppliesTo\":\"Rule-Connect-CMIS\",\"RequestRuleName\":\"pzRuleFormToolbar\"}" => HTTP 200 (242691 bytes)
[PegaHttpClient] 📡 POST https://zdk8budo.pegaacademy.net/prweb/api/CodeIntelligence/v1/rules/query?pxObjClass=Rule-HTML-Section&appliesTo=Rule-Connect-CMIS&pyRuleName=pzRuleFormToolbarCompare&RequestClass=Rule-HTML-Section&RequestAppliesTo=Rule-Connect-CMIS&RequestRuleName=pzRuleFormToolbarCompare Payload: "{\"RequestClass\":\"Rule-HTML-Section\",\"RequestAppliesTo\":\"Rule-Connect-CMIS\",\"RequestRuleName\":\"pzRuleFormToolbarCompare\"}" => HTTP 200 (61925 bytes)
[PegaHttpClient] 📡 POST https://zdk8budo.pegaacademy.net/prweb/api/CodeIntelligence/v1/rules/query?pxObjClass=Rule-HTML-Section&appliesTo=Rule-Connect-CMIS&pyRuleName=RuleFormHeaderMessages&RequestClass=Rule-HTML-Section&RequestAppliesTo=Rule-Connect-CMIS&RequestRuleName=RuleFormHeaderMessages Payload: "{\"RequestClass\":\"Rule-HTML-Section\",\"RequestAppliesTo\":\"Rule-Connect-CMIS\",\"RequestRuleName\":\"RuleFormHeaderMessages\"}" => HTTP 200 (26518 bytes)
[PegaHttpClient] 📡 POST https://zdk8budo.pegaacademy.net/prweb/api/CodeIntelligence/v1/rules/query?pxObjClass=Rule-HTML-Section&appliesTo=Rule-Connect-CMIS&pyRuleName=pzCMISServerLayout&RequestClass=Rule-HTML-Section&RequestAppliesTo=Rule-Connect-CMIS&RequestRuleName=pzCMISServerLayout Payload: "{\"RequestClass\":\"Rule-HTML-Section\",\"RequestAppliesTo\":\"Rule-Connect-CMIS\",\"RequestRuleName\":\"pzCMISServerLayout\"}" => HTTP 200 (145218 bytes)
[PegaHttpClient] 📡 POST https://zdk8budo.pegaacademy.net/prweb/api/CodeIntelligence/v1/rules/query?pxObjClass=Rule-HTML-Section&appliesTo=Rule-Connect-CMIS&pyRuleName=pzSimulationDetails&RequestClass=Rule-HTML-Section&RequestAppliesTo=Rule-Connect-CMIS&RequestRuleName=pzSimulationDetails Payload: "{\"RequestClass\":\"Rule-HTML-Section\",\"RequestAppliesTo\":\"Rule-Connect-CMIS\",\"RequestRuleName\":\"pzSimulationDetails\"}" => HTTP 200 (23151 bytes)
[PegaHttpClient] 📡 POST https://zdk8budo.pegaacademy.net/prweb/api/CodeIntelligence/v1/rules/query?pxObjClass=Rule-HTML-Section&appliesTo=Rule-Connect-CMIS&pyRuleName=pzSimulationButton&RequestClass=Rule-HTML-Section&RequestAppliesTo=Rule-Connect-CMIS&RequestRuleName=pzSimulationButton Payload: "{\"RequestClass\":\"Rule-HTML-Section\",\"RequestAppliesTo\":\"Rule-Connect-CMIS\",\"RequestRuleName\":\"pzSimulationButton\"}" => HTTP 200 (21583 bytes)
[PegaHttpClient] 📡 POST https://zdk8budo.pegaacademy.net/prweb/api/CodeIntelligence/v1/rules/query?pxObjClass=Rule-HTML-Section&appliesTo=Rule-Connect-CMIS&pyRuleName=pzSpecificationsInner&RequestClass=Rule-HTML-Section&RequestAppliesTo=Rule-Connect-CMIS&RequestRuleName=pzSpecificationsInner Payload: "{\"RequestClass\":\"Rule-HTML-Section\",\"RequestAppliesTo\":\"Rule-Connect-CMIS\",\"RequestRuleName\":\"pzSpecificationsInner\"}" => HTTP 200 (142370 bytes)
[PegaHttpClient] 📡 POST https://zdk8budo.pegaacademy.net/prweb/api/CodeIntelligence/v1/rules/query?pxObjClass=Rule-HTML-Section&appliesTo=Rule-Connect-CMIS&pyRuleName=pzAlternateRuleInfo&RequestClass=Rule-HTML-Section&RequestAppliesTo=Rule-Connect-CMIS&RequestRuleName=pzAlternateRuleInfo Payload: "{\"RequestClass\":\"Rule-HTML-Section\",\"RequestAppliesTo\":\"Rule-Connect-CMIS\",\"RequestRuleName\":\"pzAlternateRuleInfo\"}" => HTTP 200 (140407 bytes)
[PegaHttpClient] 📡 POST https://zdk8budo.pegaacademy.net/prweb/api/CodeIntelligence/v1/rules/query?pxObjClass=Rule-HTML-Section&appliesTo=Rule-Connect-CMIS&pyRuleName=RuleFormHistory_Description&RequestClass=Rule-HTML-Section&RequestAppliesTo=Rule-Connect-CMIS&RequestRuleName=RuleFormHistory_Description Payload: "{\"RequestClass\":\"Rule-HTML-Section\",\"RequestAppliesTo\":\"Rule-Connect-CMIS\",\"RequestRuleName\":\"RuleFormHistory_Description\"}" => HTTP 200 (46242 bytes)
[PegaHttpClient] 📡 POST https://zdk8budo.pegaacademy.net/prweb/api/CodeIntelligence/v1/rules/query?pxObjClass=Rule-HTML-Section&appliesTo=Rule-Connect-CMIS&pyRuleName=RuleFormHistory_CustomFields&RequestClass=Rule-HTML-Section&RequestAppliesTo=Rule-Connect-CMIS&RequestRuleName=RuleFormHistory_CustomFields Payload: "{\"RequestClass\":\"Rule-HTML-Section\",\"RequestAppliesTo\":\"Rule-Connect-CMIS\",\"RequestRuleName\":\"RuleFormHistory_CustomFields\"}" => HTTP 200 (75856 bytes)
[PegaHttpClient] 📡 POST https://zdk8budo.pegaacademy.net/prweb/api/CodeIntelligence/v1/rules/query?pxObjClass=Rule-HTML-Section&appliesTo=Rule-Connect-CMIS&pyRuleName=RuleFormHistory_HistoryDetails&RequestClass=Rule-HTML-Section&RequestAppliesTo=Rule-Connect-CMIS&RequestRuleName=RuleFormHistory_HistoryDetails Payload: "{\"RequestClass\":\"Rule-HTML-Section\",\"RequestAppliesTo\":\"Rule-Connect-CMIS\",\"RequestRuleName\":\"RuleFormHistory_HistoryDetails\"}" => HTTP 200 (179535 bytes)
[PegaHttpClient] 📡 POST https://zdk8budo.pegaacademy.net/prweb/api/CodeIntelligence/v1/rules/query?pxObjClass=Rule-HTML-Section&appliesTo=Rule-Connect-CMIS&pyRuleName=pzRuleFormStatus&RequestClass=Rule-HTML-Section&RequestAppliesTo=Rule-Connect-CMIS&RequestRuleName=pzRuleFormStatus Payload: "{\"RequestClass\":\"Rule-HTML-Section\",\"RequestAppliesTo\":\"Rule-Connect-CMIS\",\"RequestRuleName\":\"pzRuleFormStatus\"}" => HTTP 200 (97627 bytes)
[PegaHttpClient] 📡 POST https://zdk8budo.pegaacademy.net/prweb/api/CodeIntelligence/v1/rules/query?pxObjClass=Rule-HTML-Section&appliesTo=Rule-Connect-CMIS&pyRuleName=pzRuleFormHeaderCompareWithDropDown&RequestClass=Rule-HTML-Section&RequestAppliesTo=Rule-Connect-CMIS&RequestRuleName=pzRuleFormHeaderCompareWithDropDown Payload: "{\"RequestClass\":\"Rule-HTML-Section\",\"RequestAppliesTo\":\"Rule-Connect-CMIS\",\"RequestRuleName\":\"pzRuleFormHeaderCompareWithDropDown\"}" => HTTP 200 (25396 bytes)
[PegaHttpClient] 📡 POST https://zdk8budo.pegaacademy.net/prweb/api/CodeIntelligence/v1/rules/query?pxObjClass=Rule-HTML-Section&appliesTo=Rule-Connect-CMIS&pyRuleName=undefined&RequestClass=Rule-HTML-Section&RequestAppliesTo=Rule-Connect-CMIS&RequestRuleName=undefined Payload: "{\"RequestClass\":\"Rule-HTML-Section\",\"RequestAppliesTo\":\"Rule-Connect-CMIS\",\"RequestRuleName\":\"undefined\"}" => HTTP 404 (104 bytes)
[PegaHttpClient] 📡 POST https://zdk8budo.pegaacademy.net/prweb/PRRestService/CodeIntelligence/v1/rules/query?pxObjClass=Rule-HTML-Section&appliesTo=Rule-Connect-CMIS&pyRuleName=undefined&RequestClass=Rule-HTML-Section&RequestAppliesTo=Rule-Connect-CMIS&RequestRuleName=undefined Payload: "{\"RequestClass\":\"Rule-HTML-Section\",\"RequestAppliesTo\":\"Rule-Connect-CMIS\",\"RequestRuleName\":\"undefined\"}" => HTTP 404 (104 bytes)
[PegaHttpClient] 📡 POST https://zdk8budo.pegaacademy.net/prweb/api/HRAppsV2Service/V1/rules/query?pxObjClass=Rule-HTML-Section&appliesTo=Rule-Connect-CMIS&pyRuleName=undefined&RequestClass=Rule-HTML-Section&RequestAppliesTo=Rule-Connect-CMIS&RequestRuleName=undefined Payload: "{\"RequestClass\":\"Rule-HTML-Section\",\"RequestAppliesTo\":\"Rule-Connect-CMIS\",\"RequestRuleName\":\"undefined\"}" => HTTP 404 (18 bytes)
[PegaHttpClient] 📡 POST https://zdk8budo.pegaacademy.net/prweb/PRRestService/HRAppsV2Service/V1/rules/query?pxObjClass=Rule-HTML-Section&appliesTo=Rule-Connect-CMIS&pyRuleName=undefined&RequestClass=Rule-HTML-Section&RequestAppliesTo=Rule-Connect-CMIS&RequestRuleName=undefined Payload: "{\"RequestClass\":\"Rule-HTML-Section\",\"RequestAppliesTo\":\"Rule-Connect-CMIS\",\"RequestRuleName\":\"undefined\"}" => HTTP 404 (18 bytes)
[PegaHttpClient] 📡 POST https://zdk8budo.pegaacademy.net/prweb/api/HRAppsV2/V1/rules/query?pxObjClass=Rule-HTML-Section&appliesTo=Rule-Connect-CMIS&pyRuleName=undefined&RequestClass=Rule-HTML-Section&RequestAppliesTo=Rule-Connect-CMIS&RequestRuleName=undefined Payload: "{\"RequestClass\":\"Rule-HTML-Section\",\"RequestAppliesTo\":\"Rule-Connect-CMIS\",\"RequestRuleName\":\"undefined\"}" => HTTP 404 (18 bytes)
[PegaHttpClient] 📡 POST https://zdk8budo.pegaacademy.net/prweb/PRRestService/HRAppsV2/V1/rules/query?pxObjClass=Rule-HTML-Section&appliesTo=Rule-Connect-CMIS&pyRuleName=undefined&RequestClass=Rule-HTML-Section&RequestAppliesTo=Rule-Connect-CMIS&RequestRuleName=undefined Payload: "{\"RequestClass\":\"Rule-HTML-Section\",\"RequestAppliesTo\":\"Rule-Connect-CMIS\",\"RequestRuleName\":\"undefined\"}" => HTTP 404 (18 bytes)
[PegaHttpClient] 📡 POST https://zdk8budo.pegaacademy.net/prweb/api/v1/rules/query?pxObjClass=Rule-HTML-Section&appliesTo=Rule-Connect-CMIS&pyRuleName=undefined&RequestClass=Rule-HTML-Section&RequestAppliesTo=Rule-Connect-CMIS&RequestRuleName=undefined Payload: "{\"RequestClass\":\"Rule-HTML-Section\",\"RequestAppliesTo\":\"Rule-Connect-CMIS\",\"RequestRuleName\":\"undefined\"}" => HTTP 404 (18 bytes)
[PegaHttpClient] 📡 POST https://zdk8budo.pegaacademy.net/prweb/PRRestService/v1/rules/query?pxObjClass=Rule-HTML-Section&appliesTo=Rule-Connect-CMIS&pyRuleName=undefined&RequestClass=Rule-HTML-Section&RequestAppliesTo=Rule-Connect-CMIS&RequestRuleName=undefined Payload: "{\"RequestClass\":\"Rule-HTML-Section\",\"RequestAppliesTo\":\"Rule-Connect-CMIS\",\"RequestRuleName\":\"undefined\"}" => HTTP 404 (18 bytes)
[PegaHttpClient] 📡 POST https://zdk8budo.pegaacademy.net/prweb/api/CodeIntelligence/v1/rules/query?pxObjClass=Rule-HTML-Section&appliesTo=Rule-Connect-CMIS&pyRuleName=pzRuleFormToolbarHotKeys&RequestClass=Rule-HTML-Section&RequestAppliesTo=Rule-Connect-CMIS&RequestRuleName=pzRuleFormToolbarHotKeys Payload: "{\"RequestClass\":\"Rule-HTML-Section\",\"RequestAppliesTo\":\"Rule-Connect-CMIS\",\"RequestRuleName\":\"pzRuleFormToolbarHotKeys\"}" => HTTP 200 (85058 bytes)
[PegaHttpClient] 📡 POST https://zdk8budo.pegaacademy.net/prweb/api/CodeIntelligence/v1/rules/query?pxObjClass=Rule-HTML-Section&appliesTo=Rule-Connect-CMIS&pyRuleName=pzRuleFormToolbarLockedIcon&RequestClass=Rule-HTML-Section&RequestAppliesTo=Rule-Connect-CMIS&RequestRuleName=pzRuleFormToolbarLockedIcon Payload: "{\"RequestClass\":\"Rule-HTML-Section\",\"RequestAppliesTo\":\"Rule-Connect-CMIS\",\"RequestRuleName\":\"pzRuleFormToolbarLockedIcon\"}" => HTTP 200 (24898 bytes)
[PegaHttpClient] 📡 POST https://zdk8budo.pegaacademy.net/prweb/api/CodeIntelligence/v1/rules/query?pxObjClass=Rule-HTML-Section&appliesTo=Rule-Connect-CMIS&pyRuleName=pzRuleFormToolbarCollaborators&RequestClass=Rule-HTML-Section&RequestAppliesTo=Rule-Connect-CMIS&RequestRuleName=pzRuleFormToolbarCollaborators Payload: "{\"RequestClass\":\"Rule-HTML-Section\",\"RequestAppliesTo\":\"Rule-Connect-CMIS\",\"RequestRuleName\":\"pzRuleFormToolbarCollaborators\"}" => HTTP 200 (15254 bytes)
[PegaHttpClient] 📡 POST https://zdk8budo.pegaacademy.net/prweb/api/CodeIntelligence/v1/rules/query?pxObjClass=Rule-HTML-Section&appliesTo=Rule-Connect-CMIS&pyRuleName=pzRuleFormToolbarSaveAs&RequestClass=Rule-HTML-Section&RequestAppliesTo=Rule-Connect-CMIS&RequestRuleName=pzRuleFormToolbarSaveAs Payload: "{\"RequestClass\":\"Rule-HTML-Section\",\"RequestAppliesTo\":\"Rule-Connect-CMIS\",\"RequestRuleName\":\"pzRuleFormToolbarSaveAs\"}" => HTTP 200 (64084 bytes)
[PegaHttpClient] 📡 POST https://zdk8budo.pegaacademy.net/prweb/api/CodeIntelligence/v1/rules/query?pxObjClass=Rule-HTML-Section&appliesTo=Rule-Connect-CMIS&pyRuleName=pzRuleFormToolbarCheckin&RequestClass=Rule-HTML-Section&RequestAppliesTo=Rule-Connect-CMIS&RequestRuleName=pzRuleFormToolbarCheckin Payload: "{\"RequestClass\":\"Rule-HTML-Section\",\"RequestAppliesTo\":\"Rule-Connect-CMIS\",\"RequestRuleName\":\"pzRuleFormToolbarCheckin\"}" => HTTP 200 (119096 bytes)
[PegaHttpClient] 📡 POST https://zdk8budo.pegaacademy.net/prweb/api/CodeIntelligence/v1/rules/query?pxObjClass=Rule-HTML-Section&appliesTo=Rule-Connect-CMIS&pyRuleName=pzRuleFormToolbarDelete&RequestClass=Rule-HTML-Section&RequestAppliesTo=Rule-Connect-CMIS&RequestRuleName=pzRuleFormToolbarDelete Payload: "{\"RequestClass\":\"Rule-HTML-Section\",\"RequestAppliesTo\":\"Rule-Connect-CMIS\",\"RequestRuleName\":\"pzRuleFormToolbarDelete\"}" => HTTP 200 (30249 bytes)
[PegaHttpClient] 📡 POST https://zdk8budo.pegaacademy.net/prweb/api/CodeIntelligence/v1/rules/query?pxObjClass=Rule-HTML-Section&appliesTo=Rule-Connect-CMIS&pyRuleName=pzRuleFormToolbarSave&RequestClass=Rule-HTML-Section&RequestAppliesTo=Rule-Connect-CMIS&RequestRuleName=pzRuleFormToolbarSave Payload: "{\"RequestClass\":\"Rule-HTML-Section\",\"RequestAppliesTo\":\"Rule-Connect-CMIS\",\"RequestRuleName\":\"pzRuleFormToolbarSave\"}" => HTTP 200 (293885 bytes)
[PegaHttpClient] 📡 POST https://zdk8budo.pegaacademy.net/prweb/api/CodeIntelligence/v1/rules/query?pxObjClass=Rule-HTML-Section&appliesTo=Rule-Connect-CMIS&pyRuleName=pzRuleFormToolbarCheckout&RequestClass=Rule-HTML-Section&RequestAppliesTo=Rule-Connect-CMIS&RequestRuleName=pzRuleFormToolbarCheckout Payload: "{\"RequestClass\":\"Rule-HTML-Section\",\"RequestAppliesTo\":\"Rule-Connect-CMIS\",\"RequestRuleName\":\"pzRuleFormToolbarCheckout\"}" => HTTP 200 (238148 bytes)
[PegaHttpClient] 📡 POST https://zdk8budo.pegaacademy.net/prweb/api/CodeIntelligence/v1/rules/query?pxObjClass=Rule-HTML-Section&appliesTo=Rule-Connect-CMIS&pyRuleName=pzRemoveErrorsDataPage&RequestClass=Rule-HTML-Section&RequestAppliesTo=Rule-Connect-CMIS&RequestRuleName=pzRemoveErrorsDataPage Payload: "{\"RequestClass\":\"Rule-HTML-Section\",\"RequestAppliesTo\":\"Rule-Connect-CMIS\",\"RequestRuleName\":\"pzRemoveErrorsDataPage\"}" => HTTP 200 (16733 bytes)
[PegaHttpClient] 📡 POST https://zdk8budo.pegaacademy.net/prweb/api/CodeIntelligence/v1/rules/query?pxObjClass=Rule-HTML-Section&appliesTo=Rule-Connect-CMIS&pyRuleName=pzRuleFormHeaderMessagesWrapper&RequestClass=Rule-HTML-Section&RequestAppliesTo=Rule-Connect-CMIS&RequestRuleName=pzRuleFormHeaderMessagesWrapper Payload: "{\"RequestClass\":\"Rule-HTML-Section\",\"RequestAppliesTo\":\"Rule-Connect-CMIS\",\"RequestRuleName\":\"pzRuleFormHeaderMessagesWrapper\"}" => HTTP 200 (16981 bytes)
[PegaHttpClient] 📡 POST https://zdk8budo.pegaacademy.net/prweb/api/CodeIntelligence/v1/rules/query?pxObjClass=Rule-HTML-Section&appliesTo=Rule-Connect-CMIS&pyRuleName=ServerURILayout&RequestClass=Rule-HTML-Section&RequestAppliesTo=Rule-Connect-CMIS&RequestRuleName=ServerURILayout Payload: "{\"RequestClass\":\"Rule-HTML-Section\",\"RequestAppliesTo\":\"Rule-Connect-CMIS\",\"RequestRuleName\":\"ServerURILayout\"}" => HTTP 200 (27835 bytes)
[PegaHttpClient] 📡 POST https://zdk8budo.pegaacademy.net/prweb/api/CodeIntelligence/v1/rules/query?pxObjClass=Rule-HTML-Section&appliesTo=Rule-Connect-CMIS&pyRuleName=pyCMISServiceLayout&RequestClass=Rule-HTML-Section&RequestAppliesTo=Rule-Connect-CMIS&RequestRuleName=pyCMISServiceLayout Payload: "{\"RequestClass\":\"Rule-HTML-Section\",\"RequestAppliesTo\":\"Rule-Connect-CMIS\",\"RequestRuleName\":\"pyCMISServiceLayout\"}" => HTTP 200 (57901 bytes)
[PegaHttpClient] 📡 POST https://zdk8budo.pegaacademy.net/prweb/api/CodeIntelligence/v1/rules/query?pxObjClass=Rule-HTML-Section&appliesTo=Rule-Connect-CMIS&pyRuleName=pzSpecificationName&RequestClass=Rule-HTML-Section&RequestAppliesTo=Rule-Connect-CMIS&RequestRuleName=pzSpecificationName Payload: "{\"RequestClass\":\"Rule-HTML-Section\",\"RequestAppliesTo\":\"Rule-Connect-CMIS\",\"RequestRuleName\":\"pzSpecificationName\"}" => HTTP 404 (114 bytes)
[PegaHttpClient] 📡 POST https://zdk8budo.pegaacademy.net/prweb/PRRestService/CodeIntelligence/v1/rules/query?pxObjClass=Rule-HTML-Section&appliesTo=Rule-Connect-CMIS&pyRuleName=pzSpecificationName&RequestClass=Rule-HTML-Section&RequestAppliesTo=Rule-Connect-CMIS&RequestRuleName=pzSpecificationName Payload: "{\"RequestClass\":\"Rule-HTML-Section\",\"RequestAppliesTo\":\"Rule-Connect-CMIS\",\"RequestRuleName\":\"pzSpecificationName\"}" => HTTP 404 (114 bytes)
[PegaHttpClient] 📡 POST https://zdk8budo.pegaacademy.net/prweb/api/HRAppsV2Service/V1/rules/query?pxObjClass=Rule-HTML-Section&appliesTo=Rule-Connect-CMIS&pyRuleName=pzSpecificationName&RequestClass=Rule-HTML-Section&RequestAppliesTo=Rule-Connect-CMIS&RequestRuleName=pzSpecificationName Payload: "{\"RequestClass\":\"Rule-HTML-Section\",\"RequestAppliesTo\":\"Rule-Connect-CMIS\",\"RequestRuleName\":\"pzSpecificationName\"}" => HTTP 404 (18 bytes)
[PegaHttpClient] 📡 POST https://zdk8budo.pegaacademy.net/prweb/PRRestService/HRAppsV2Service/V1/rules/query?pxObjClass=Rule-HTML-Section&appliesTo=Rule-Connect-CMIS&pyRuleName=pzSpecificationName&RequestClass=Rule-HTML-Section&RequestAppliesTo=Rule-Connect-CMIS&RequestRuleName=pzSpecificationName Payload: "{\"RequestClass\":\"Rule-HTML-Section\",\"RequestAppliesTo\":\"Rule-Connect-CMIS\",\"RequestRuleName\":\"pzSpecificationName\"}" => HTTP 404 (18 bytes)
[PegaHttpClient] 📡 POST https://zdk8budo.pegaacademy.net/prweb/api/HRAppsV2/V1/rules/query?pxObjClass=Rule-HTML-Section&appliesTo=Rule-Connect-CMIS&pyRuleName=pzSpecificationName&RequestClass=Rule-HTML-Section&RequestAppliesTo=Rule-Connect-CMIS&RequestRuleName=pzSpecificationName Payload: "{\"RequestClass\":\"Rule-HTML-Section\",\"RequestAppliesTo\":\"Rule-Connect-CMIS\",\"RequestRuleName\":\"pzSpecificationName\"}" => HTTP 404 (18 bytes)
[PegaHttpClient] 📡 POST https://zdk8budo.pegaacademy.net/prweb/PRRestService/HRAppsV2/V1/rules/query?pxObjClass=Rule-HTML-Section&appliesTo=Rule-Connect-CMIS&pyRuleName=pzSpecificationName&RequestClass=Rule-HTML-Section&RequestAppliesTo=Rule-Connect-CMIS&RequestRuleName=pzSpecificationName Payload: "{\"RequestClass\":\"Rule-HTML-Section\",\"RequestAppliesTo\":\"Rule-Connect-CMIS\",\"RequestRuleName\":\"pzSpecificationName\"}" => HTTP 404 (18 bytes)
[PegaHttpClient] 📡 POST https://zdk8budo.pegaacademy.net/prweb/api/v1/rules/query?pxObjClass=Rule-HTML-Section&appliesTo=Rule-Connect-CMIS&pyRuleName=pzSpecificationName&RequestClass=Rule-HTML-Section&RequestAppliesTo=Rule-Connect-CMIS&RequestRuleName=pzSpecificationName Payload: "{\"RequestClass\":\"Rule-HTML-Section\",\"RequestAppliesTo\":\"Rule-Connect-CMIS\",\"RequestRuleName\":\"pzSpecificationName\"}" => HTTP 404 (18 bytes)
[PegaHttpClient] 📡 POST https://zdk8budo.pegaacademy.net/prweb/PRRestService/v1/rules/query?pxObjClass=Rule-HTML-Section&appliesTo=Rule-Connect-CMIS&pyRuleName=pzSpecificationName&RequestClass=Rule-HTML-Section&RequestAppliesTo=Rule-Connect-CMIS&RequestRuleName=pzSpecificationName Payload: "{\"RequestClass\":\"Rule-HTML-Section\",\"RequestAppliesTo\":\"Rule-Connect-CMIS\",\"RequestRuleName\":\"pzSpecificationName\"}" => HTTP 404 (18 bytes)
[PegaHttpClient] 📡 POST https://zdk8budo.pegaacademy.net/prweb/api/CodeIntelligence/v1/rules/query?pxObjClass=Rule-HTML-Section&appliesTo=Rule-Connect-CMIS&pyRuleName=pzScm_RuleHistory&RequestClass=Rule-HTML-Section&RequestAppliesTo=Rule-Connect-CMIS&RequestRuleName=pzScm_RuleHistory Payload: "{\"RequestClass\":\"Rule-HTML-Section\",\"RequestAppliesTo\":\"Rule-Connect-CMIS\",\"RequestRuleName\":\"pzScm_RuleHistory\"}" => HTTP 200 (14682 bytes)
[PegaHttpClient] 📡 POST https://zdk8budo.pegaacademy.net/prweb/api/CodeIntelligence/v1/rules/query?pxObjClass=Rule-HTML-Section&appliesTo=Rule-Connect-CMIS&pyRuleName=pxDisplayCollaborators&RequestClass=Rule-HTML-Section&RequestAppliesTo=Rule-Connect-CMIS&RequestRuleName=pxDisplayCollaborators Payload: "{\"RequestClass\":\"Rule-HTML-Section\",\"RequestAppliesTo\":\"Rule-Connect-CMIS\",\"RequestRuleName\":\"pxDisplayCollaborators\"}" => HTTP 200 (94171 bytes)
[PegaHttpClient] 📡 POST https://zdk8budo.pegaacademy.net/prweb/api/CodeIntelligence/v1/rules/query?pxObjClass=Rule-HTML-Section&appliesTo=Rule-Connect-CMIS&pyRuleName=pzRuleFormToolbarDeleteCheckOut&RequestClass=Rule-HTML-Section&RequestAppliesTo=Rule-Connect-CMIS&RequestRuleName=pzRuleFormToolbarDeleteCheckOut Payload: "{\"RequestClass\":\"Rule-HTML-Section\",\"RequestAppliesTo\":\"Rule-Connect-CMIS\",\"RequestRuleName\":\"pzRuleFormToolbarDeleteCheckOut\"}" => HTTP 200 (29433 bytes)
[PegaHttpClient] 📡 POST https://zdk8budo.pegaacademy.net/prweb/api/CodeIntelligence/v1/rules/query?pxObjClass=Rule-HTML-Section&appliesTo=Rule-Connect-CMIS&pyRuleName=pzRuleFormToolbarDeleteRule&RequestClass=Rule-HTML-Section&RequestAppliesTo=Rule-Connect-CMIS&RequestRuleName=pzRuleFormToolbarDeleteRule Payload: "{\"RequestClass\":\"Rule-HTML-Section\",\"RequestAppliesTo\":\"Rule-Connect-CMIS\",\"RequestRuleName\":\"pzRuleFormToolbarDeleteRule\"}" => HTTP 200 (32314 bytes)
[PegaHttpClient] 📡 POST https://zdk8budo.pegaacademy.net/prweb/api/CodeIntelligence/v1/rules/query?pxObjClass=Rule-HTML-Section&appliesTo=Rule-Connect-CMIS&pyRuleName=pzLoadCollaborationScripts&RequestClass=Rule-HTML-Section&RequestAppliesTo=Rule-Connect-CMIS&RequestRuleName=pzLoadCollaborationScripts Payload: "{\"RequestClass\":\"Rule-HTML-Section\",\"RequestAppliesTo\":\"Rule-Connect-CMIS\",\"RequestRuleName\":\"pzLoadCollaborationScripts\"}" => HTTP 200 (23453 bytes)
[PegaHttpClient] 📡 POST https://zdk8budo.pegaacademy.net/prweb/api/CodeIntelligence/v1/rules/query?pxObjClass=Rule-HTML-Section&appliesTo=Rule-Connect-CMIS&pyRuleName=pzDisplayCollaboratorsList&RequestClass=Rule-HTML-Section&RequestAppliesTo=Rule-Connect-CMIS&RequestRuleName=pzDisplayCollaboratorsList Payload: "{\"RequestClass\":\"Rule-HTML-Section\",\"RequestAppliesTo\":\"Rule-Connect-CMIS\",\"RequestRuleName\":\"pzDisplayCollaboratorsList\"}" => HTTP 200 (105418 bytes)
[PegaHttpClient] 📡 POST https://zdk8budo.pegaacademy.net/prweb/api/CodeIntelligence/v1/rules/query?pxObjClass=Rule-HTML-Section&appliesTo=Rule-Connect-CMIS&pyRuleName=pyCollaborator&RequestClass=Rule-HTML-Section&RequestAppliesTo=Rule-Connect-CMIS&RequestRuleName=pyCollaborator Payload: "{\"RequestClass\":\"Rule-HTML-Section\",\"RequestAppliesTo\":\"Rule-Connect-CMIS\",\"RequestRuleName\":\"pyCollaborator\"}" => HTTP 404 (109 bytes)
[PegaHttpClient] 📡 POST https://zdk8budo.pegaacademy.net/prweb/PRRestService/CodeIntelligence/v1/rules/query?pxObjClass=Rule-HTML-Section&appliesTo=Rule-Connect-CMIS&pyRuleName=pyCollaborator&RequestClass=Rule-HTML-Section&RequestAppliesTo=Rule-Connect-CMIS&RequestRuleName=pyCollaborator Payload: "{\"RequestClass\":\"Rule-HTML-Section\",\"RequestAppliesTo\":\"Rule-Connect-CMIS\",\"RequestRuleName\":\"pyCollaborator\"}" => HTTP 404 (109 bytes)
[PegaHttpClient] 📡 POST https://zdk8budo.pegaacademy.net/prweb/api/HRAppsV2Service/V1/rules/query?pxObjClass=Rule-HTML-Section&appliesTo=Rule-Connect-CMIS&pyRuleName=pyCollaborator&RequestClass=Rule-HTML-Section&RequestAppliesTo=Rule-Connect-CMIS&RequestRuleName=pyCollaborator Payload: "{\"RequestClass\":\"Rule-HTML-Section\",\"RequestAppliesTo\":\"Rule-Connect-CMIS\",\"RequestRuleName\":\"pyCollaborator\"}" => HTTP 404 (18 bytes)
[PegaHttpClient] 📡 POST https://zdk8budo.pegaacademy.net/prweb/PRRestService/HRAppsV2Service/V1/rules/query?pxObjClass=Rule-HTML-Section&appliesTo=Rule-Connect-CMIS&pyRuleName=pyCollaborator&RequestClass=Rule-HTML-Section&RequestAppliesTo=Rule-Connect-CMIS&RequestRuleName=pyCollaborator Payload: "{\"RequestClass\":\"Rule-HTML-Section\",\"RequestAppliesTo\":\"Rule-Connect-CMIS\",\"RequestRuleName\":\"pyCollaborator\"}" => HTTP 404 (18 bytes)
[PegaHttpClient] 📡 POST https://zdk8budo.pegaacademy.net/prweb/api/HRAppsV2/V1/rules/query?pxObjClass=Rule-HTML-Section&appliesTo=Rule-Connect-CMIS&pyRuleName=pyCollaborator&RequestClass=Rule-HTML-Section&RequestAppliesTo=Rule-Connect-CMIS&RequestRuleName=pyCollaborator Payload: "{\"RequestClass\":\"Rule-HTML-Section\",\"RequestAppliesTo\":\"Rule-Connect-CMIS\",\"RequestRuleName\":\"pyCollaborator\"}" => HTTP 404 (18 bytes)
[PegaHttpClient] 📡 POST https://zdk8budo.pegaacademy.net/prweb/PRRestService/HRAppsV2/V1/rules/query?pxObjClass=Rule-HTML-Section&appliesTo=Rule-Connect-CMIS&pyRuleName=pyCollaborator&RequestClass=Rule-HTML-Section&RequestAppliesTo=Rule-Connect-CMIS&RequestRuleName=pyCollaborator Payload: "{\"RequestClass\":\"Rule-HTML-Section\",\"RequestAppliesTo\":\"Rule-Connect-CMIS\",\"RequestRuleName\":\"pyCollaborator\"}" => HTTP 404 (18 bytes)
[PegaHttpClient] 📡 POST https://zdk8budo.pegaacademy.net/prweb/api/v1/rules/query?pxObjClass=Rule-HTML-Section&appliesTo=Rule-Connect-CMIS&pyRuleName=pyCollaborator&RequestClass=Rule-HTML-Section&RequestAppliesTo=Rule-Connect-CMIS&RequestRuleName=pyCollaborator Payload: "{\"RequestClass\":\"Rule-HTML-Section\",\"RequestAppliesTo\":\"Rule-Connect-CMIS\",\"RequestRuleName\":\"pyCollaborator\"}" => HTTP 404 (18 bytes)
[PegaHttpClient] 📡 POST https://zdk8budo.pegaacademy.net/prweb/PRRestService/v1/rules/query?pxObjClass=Rule-HTML-Section&appliesTo=Rule-Connect-CMIS&pyRuleName=pyCollaborator&RequestClass=Rule-HTML-Section&RequestAppliesTo=Rule-Connect-CMIS&RequestRuleName=pyCollaborator Payload: "{\"RequestClass\":\"Rule-HTML-Section\",\"RequestAppliesTo\":\"Rule-Connect-CMIS\",\"RequestRuleName\":\"pyCollaborator\"}" => HTTP 404 (18 bytes)
[PegaHttpClient] 📡 POST https://zdk8budo.pegaacademy.net/prweb/api/CodeIntelligence/v1/rules/query?pxObjClass=Rule-HTML-Section&appliesTo=Rule-Connect-CMIS&pyRuleName=pzDisplayPartialCount&RequestClass=Rule-HTML-Section&RequestAppliesTo=Rule-Connect-CMIS&RequestRuleName=pzDisplayPartialCount Payload: "{\"RequestClass\":\"Rule-HTML-Section\",\"RequestAppliesTo\":\"Rule-Connect-CMIS\",\"RequestRuleName\":\"pzDisplayPartialCount\"}" => HTTP 404 (116 bytes)
[PegaHttpClient] 📡 POST https://zdk8budo.pegaacademy.net/prweb/PRRestService/CodeIntelligence/v1/rules/query?pxObjClass=Rule-HTML-Section&appliesTo=Rule-Connect-CMIS&pyRuleName=pzDisplayPartialCount&RequestClass=Rule-HTML-Section&RequestAppliesTo=Rule-Connect-CMIS&RequestRuleName=pzDisplayPartialCount Payload: "{\"RequestClass\":\"Rule-HTML-Section\",\"RequestAppliesTo\":\"Rule-Connect-CMIS\",\"RequestRuleName\":\"pzDisplayPartialCount\"}" => HTTP 404 (116 bytes)
[PegaHttpClient] 📡 POST https://zdk8budo.pegaacademy.net/prweb/api/HRAppsV2Service/V1/rules/query?pxObjClass=Rule-HTML-Section&appliesTo=Rule-Connect-CMIS&pyRuleName=pzDisplayPartialCount&RequestClass=Rule-HTML-Section&RequestAppliesTo=Rule-Connect-CMIS&RequestRuleName=pzDisplayPartialCount Payload: "{\"RequestClass\":\"Rule-HTML-Section\",\"RequestAppliesTo\":\"Rule-Connect-CMIS\",\"RequestRuleName\":\"pzDisplayPartialCount\"}" => HTTP 404 (18 bytes)
[PegaHttpClient] 📡 POST https://zdk8budo.pegaacademy.net/prweb/PRRestService/HRAppsV2Service/V1/rules/query?pxObjClass=Rule-HTML-Section&appliesTo=Rule-Connect-CMIS&pyRuleName=pzDisplayPartialCount&RequestClass=Rule-HTML-Section&RequestAppliesTo=Rule-Connect-CMIS&RequestRuleName=pzDisplayPartialCount Payload: "{\"RequestClass\":\"Rule-HTML-Section\",\"RequestAppliesTo\":\"Rule-Connect-CMIS\",\"RequestRuleName\":\"pzDisplayPartialCount\"}" => HTTP 404 (18 bytes)
[PegaHttpClient] 📡 POST https://zdk8budo.pegaacademy.net/prweb/api/HRAppsV2/V1/rules/query?pxObjClass=Rule-HTML-Section&appliesTo=Rule-Connect-CMIS&pyRuleName=pzDisplayPartialCount&RequestClass=Rule-HTML-Section&RequestAppliesTo=Rule-Connect-CMIS&RequestRuleName=pzDisplayPartialCount Payload: "{\"RequestClass\":\"Rule-HTML-Section\",\"RequestAppliesTo\":\"Rule-Connect-CMIS\",\"RequestRuleName\":\"pzDisplayPartialCount\"}" => HTTP 404 (18 bytes)
[PegaHttpClient] 📡 POST https://zdk8budo.pegaacademy.net/prweb/PRRestService/HRAppsV2/V1/rules/query?pxObjClass=Rule-HTML-Section&appliesTo=Rule-Connect-CMIS&pyRuleName=pzDisplayPartialCount&RequestClass=Rule-HTML-Section&RequestAppliesTo=Rule-Connect-CMIS&RequestRuleName=pzDisplayPartialCount Payload: "{\"RequestClass\":\"Rule-HTML-Section\",\"RequestAppliesTo\":\"Rule-Connect-CMIS\",\"RequestRuleName\":\"pzDisplayPartialCount\"}" => HTTP 404 (18 bytes)
[PegaHttpClient] 📡 POST https://zdk8budo.pegaacademy.net/prweb/api/v1/rules/query?pxObjClass=Rule-HTML-Section&appliesTo=Rule-Connect-CMIS&pyRuleName=pzDisplayPartialCount&RequestClass=Rule-HTML-Section&RequestAppliesTo=Rule-Connect-CMIS&RequestRuleName=pzDisplayPartialCount Payload: "{\"RequestClass\":\"Rule-HTML-Section\",\"RequestAppliesTo\":\"Rule-Connect-CMIS\",\"RequestRuleName\":\"pzDisplayPartialCount\"}" => HTTP 404 (18 bytes)
[PegaHttpClient] 📡 POST https://zdk8budo.pegaacademy.net/prweb/PRRestService/v1/rules/query?pxObjClass=Rule-HTML-Section&appliesTo=Rule-Connect-CMIS&pyRuleName=pzDisplayPartialCount&RequestClass=Rule-HTML-Section&RequestAppliesTo=Rule-Connect-CMIS&RequestRuleName=pzDisplayPartialCount Payload: "{\"RequestClass\":\"Rule-HTML-Section\",\"RequestAppliesTo\":\"Rule-Connect-CMIS\",\"RequestRuleName\":\"pzDisplayPartialCount\"}" => HTTP 404 (18 bytes)
[SchemaGen] ✅ Schema written for Rule-Connect-CMIS
[PegaHttpClient] 📡 GET https://zdk8budo.pegaacademy.net/prweb/api/CodeIntelligence/v1/rules/RULE-HTML-HARNESS%20RULE-CONNECT-HBASE%20RULEFORM%20%2320180713T140529.375%20GMT => HTTP 200 (53683 bytes)
[PegaHttpClient] 📡 POST https://zdk8budo.pegaacademy.net/prweb/api/CodeIntelligence/v1/rules/query?pxObjClass=Rule-HTML-Section&appliesTo=Rule-Connect-HBase&pyRuleName=RuleFormMain&RequestClass=Rule-HTML-Section&RequestAppliesTo=Rule-Connect-HBase&RequestRuleName=RuleFormMain Payload: "{\"RequestClass\":\"Rule-HTML-Section\",\"RequestAppliesTo\":\"Rule-Connect-HBase\",\"RequestRuleName\":\"RuleFormMain\"}" => HTTP 200 (156234 bytes)
[PegaHttpClient] 📡 POST https://zdk8budo.pegaacademy.net/prweb/api/CodeIntelligence/v1/rules/query?pxObjClass=Rule-HTML-Section&appliesTo=Rule-Connect-HBase&pyRuleName=pxAlternateRuleForm&RequestClass=Rule-HTML-Section&RequestAppliesTo=Rule-Connect-HBase&RequestRuleName=pxAlternateRuleForm Payload: "{\"RequestClass\":\"Rule-HTML-Section\",\"RequestAppliesTo\":\"Rule-Connect-HBase\",\"RequestRuleName\":\"pxAlternateRuleForm\"}" => HTTP 200 (66153 bytes)
[PegaHttpClient] 📡 POST https://zdk8budo.pegaacademy.net/prweb/api/CodeIntelligence/v1/rules/query?pxObjClass=Rule-HTML-Section&appliesTo=Rule-Connect-HBase&pyRuleName=pzRuleFormScripts&RequestClass=Rule-HTML-Section&RequestAppliesTo=Rule-Connect-HBase&RequestRuleName=pzRuleFormScripts Payload: "{\"RequestClass\":\"Rule-HTML-Section\",\"RequestAppliesTo\":\"Rule-Connect-HBase\",\"RequestRuleName\":\"pzRuleFormScripts\"}" => HTTP 200 (40822 bytes)
[PegaHttpClient] 📡 POST https://zdk8budo.pegaacademy.net/prweb/api/CodeIntelligence/v1/rules/query?pxObjClass=Rule-HTML-Section&appliesTo=Rule-Connect-HBase&pyRuleName=pzRuleFormLayoutDelegated&RequestClass=Rule-HTML-Section&RequestAppliesTo=Rule-Connect-HBase&RequestRuleName=pzRuleFormLayoutDelegated Payload: "{\"RequestClass\":\"Rule-HTML-Section\",\"RequestAppliesTo\":\"Rule-Connect-HBase\",\"RequestRuleName\":\"pzRuleFormLayoutDelegated\"}" => HTTP 200 (70998 bytes)
[PegaHttpClient] 📡 POST https://zdk8budo.pegaacademy.net/prweb/api/CodeIntelligence/v1/rules/query?pxObjClass=Rule-HTML-Section&appliesTo=Rule-Connect-HBase&pyRuleName=RuleFormLayout&RequestClass=Rule-HTML-Section&RequestAppliesTo=Rule-Connect-HBase&RequestRuleName=RuleFormLayout Payload: "{\"RequestClass\":\"Rule-HTML-Section\",\"RequestAppliesTo\":\"Rule-Connect-HBase\",\"RequestRuleName\":\"RuleFormLayout\"}" => HTTP 200 (67223 bytes)
[PegaHttpClient] 📡 POST https://zdk8budo.pegaacademy.net/prweb/api/CodeIntelligence/v1/rules/query?pxObjClass=Rule-HTML-Section&appliesTo=Rule-Connect-HBase&pyRuleName=RuleFormSettings&RequestClass=Rule-HTML-Section&RequestAppliesTo=Rule-Connect-HBase&RequestRuleName=RuleFormSettings Payload: "{\"RequestClass\":\"Rule-HTML-Section\",\"RequestAppliesTo\":\"Rule-Connect-HBase\",\"RequestRuleName\":\"RuleFormSettings\"}" => HTTP 200 (20540 bytes)
[PegaHttpClient] 📡 POST https://zdk8budo.pegaacademy.net/prweb/api/CodeIntelligence/v1/rules/query?pxObjClass=Rule-HTML-Section&appliesTo=Rule-Connect-HBase&pyRuleName=OpenAuthoring&RequestClass=Rule-HTML-Section&RequestAppliesTo=Rule-Connect-HBase&RequestRuleName=OpenAuthoring Payload: "{\"RequestClass\":\"Rule-HTML-Section\",\"RequestAppliesTo\":\"Rule-Connect-HBase\",\"RequestRuleName\":\"OpenAuthoring\"}" => HTTP 200 (23695 bytes)
[PegaHttpClient] 📡 POST https://zdk8budo.pegaacademy.net/prweb/api/CodeIntelligence/v1/rules/query?pxObjClass=Rule-HTML-Section&appliesTo=Rule-Connect-HBase&pyRuleName=pyCustomHelp&RequestClass=Rule-HTML-Section&RequestAppliesTo=Rule-Connect-HBase&RequestRuleName=pyCustomHelp Payload: "{\"RequestClass\":\"Rule-HTML-Section\",\"RequestAppliesTo\":\"Rule-Connect-HBase\",\"RequestRuleName\":\"pyCustomHelp\"}" => HTTP 200 (17256 bytes)
[PegaHttpClient] 📡 POST https://zdk8budo.pegaacademy.net/prweb/api/CodeIntelligence/v1/rules/query?pxObjClass=Rule-HTML-Section&appliesTo=Rule-Connect-HBase&pyRuleName=pzRuleformMainInclude&RequestClass=Rule-HTML-Section&RequestAppliesTo=Rule-Connect-HBase&RequestRuleName=pzRuleformMainInclude Payload: "{\"RequestClass\":\"Rule-HTML-Section\",\"RequestAppliesTo\":\"Rule-Connect-HBase\",\"RequestRuleName\":\"pzRuleformMainInclude\"}" => HTTP 200 (22375 bytes)
[PegaHttpClient] 📡 POST https://zdk8budo.pegaacademy.net/prweb/api/CodeIntelligence/v1/rules/query?pxObjClass=Rule-HTML-Section&appliesTo=Rule-Connect-HBase&pyRuleName=pyAlternativeRuleFormStrategicAppExtension&RequestClass=Rule-HTML-Section&RequestAppliesTo=Rule-Connect-HBase&RequestRuleName=pyAlternativeRuleFormStrategicAppExtension Payload: "{\"RequestClass\":\"Rule-HTML-Section\",\"RequestAppliesTo\":\"Rule-Connect-HBase\",\"RequestRuleName\":\"pyAlternativeRuleFormStrategicAppExtension\"}" => HTTP 200 (25042 bytes)
[PegaHttpClient] 📡 POST https://zdk8budo.pegaacademy.net/prweb/api/CodeIntelligence/v1/rules/query?pxObjClass=Rule-HTML-Section&appliesTo=Rule-Connect-HBase&pyRuleName=pyAlternativeRuleFormExtension&RequestClass=Rule-HTML-Section&RequestAppliesTo=Rule-Connect-HBase&RequestRuleName=pyAlternativeRuleFormExtension Payload: "{\"RequestClass\":\"Rule-HTML-Section\",\"RequestAppliesTo\":\"Rule-Connect-HBase\",\"RequestRuleName\":\"pyAlternativeRuleFormExtension\"}" => HTTP 200 (24863 bytes)
[PegaHttpClient] 📡 POST https://zdk8budo.pegaacademy.net/prweb/api/CodeIntelligence/v1/rules/query?pxObjClass=Rule-HTML-Section&appliesTo=Rule-Connect-HBase&pyRuleName=RuleFormHeader&RequestClass=Rule-HTML-Section&RequestAppliesTo=Rule-Connect-HBase&RequestRuleName=RuleFormHeader Payload: "{\"RequestClass\":\"Rule-HTML-Section\",\"RequestAppliesTo\":\"Rule-Connect-HBase\",\"RequestRuleName\":\"RuleFormHeader\"}" => HTTP 200 (183800 bytes)
[PegaHttpClient] 📡 POST https://zdk8budo.pegaacademy.net/prweb/api/CodeIntelligence/v1/rules/query?pxObjClass=Rule-HTML-Section&appliesTo=Rule-Connect-HBase&pyRuleName=pzDelegationExperience&RequestClass=Rule-HTML-Section&RequestAppliesTo=Rule-Connect-HBase&RequestRuleName=pzDelegationExperience Payload: "{\"RequestClass\":\"Rule-HTML-Section\",\"RequestAppliesTo\":\"Rule-Connect-HBase\",\"RequestRuleName\":\"pzDelegationExperience\"}" => HTTP 404 (118 bytes)
[PegaHttpClient] 📡 POST https://zdk8budo.pegaacademy.net/prweb/PRRestService/CodeIntelligence/v1/rules/query?pxObjClass=Rule-HTML-Section&appliesTo=Rule-Connect-HBase&pyRuleName=pzDelegationExperience&RequestClass=Rule-HTML-Section&RequestAppliesTo=Rule-Connect-HBase&RequestRuleName=pzDelegationExperience Payload: "{\"RequestClass\":\"Rule-HTML-Section\",\"RequestAppliesTo\":\"Rule-Connect-HBase\",\"RequestRuleName\":\"pzDelegationExperience\"}" => HTTP 404 (118 bytes)
[PegaHttpClient] 📡 POST https://zdk8budo.pegaacademy.net/prweb/api/HRAppsV2Service/V1/rules/query?pxObjClass=Rule-HTML-Section&appliesTo=Rule-Connect-HBase&pyRuleName=pzDelegationExperience&RequestClass=Rule-HTML-Section&RequestAppliesTo=Rule-Connect-HBase&RequestRuleName=pzDelegationExperience Payload: "{\"RequestClass\":\"Rule-HTML-Section\",\"RequestAppliesTo\":\"Rule-Connect-HBase\",\"RequestRuleName\":\"pzDelegationExperience\"}" => HTTP 404 (18 bytes)
[PegaHttpClient] 📡 POST https://zdk8budo.pegaacademy.net/prweb/PRRestService/HRAppsV2Service/V1/rules/query?pxObjClass=Rule-HTML-Section&appliesTo=Rule-Connect-HBase&pyRuleName=pzDelegationExperience&RequestClass=Rule-HTML-Section&RequestAppliesTo=Rule-Connect-HBase&RequestRuleName=pzDelegationExperience Payload: "{\"RequestClass\":\"Rule-HTML-Section\",\"RequestAppliesTo\":\"Rule-Connect-HBase\",\"RequestRuleName\":\"pzDelegationExperience\"}" => HTTP 404 (18 bytes)
[PegaHttpClient] 📡 POST https://zdk8budo.pegaacademy.net/prweb/api/HRAppsV2/V1/rules/query?pxObjClass=Rule-HTML-Section&appliesTo=Rule-Connect-HBase&pyRuleName=pzDelegationExperience&RequestClass=Rule-HTML-Section&RequestAppliesTo=Rule-Connect-HBase&RequestRuleName=pzDelegationExperience Payload: "{\"RequestClass\":\"Rule-HTML-Section\",\"RequestAppliesTo\":\"Rule-Connect-HBase\",\"RequestRuleName\":\"pzDelegationExperience\"}" => HTTP 404 (18 bytes)
[PegaHttpClient] 📡 POST https://zdk8budo.pegaacademy.net/prweb/PRRestService/HRAppsV2/V1/rules/query?pxObjClass=Rule-HTML-Section&appliesTo=Rule-Connect-HBase&pyRuleName=pzDelegationExperience&RequestClass=Rule-HTML-Section&RequestAppliesTo=Rule-Connect-HBase&RequestRuleName=pzDelegationExperience Payload: "{\"RequestClass\":\"Rule-HTML-Section\",\"RequestAppliesTo\":\"Rule-Connect-HBase\",\"RequestRuleName\":\"pzDelegationExperience\"}" => HTTP 404 (18 bytes)
[PegaHttpClient] 📡 POST https://zdk8budo.pegaacademy.net/prweb/api/v1/rules/query?pxObjClass=Rule-HTML-Section&appliesTo=Rule-Connect-HBase&pyRuleName=pzDelegationExperience&RequestClass=Rule-HTML-Section&RequestAppliesTo=Rule-Connect-HBase&RequestRuleName=pzDelegationExperience Payload: "{\"RequestClass\":\"Rule-HTML-Section\",\"RequestAppliesTo\":\"Rule-Connect-HBase\",\"RequestRuleName\":\"pzDelegationExperience\"}" => HTTP 404 (18 bytes)
[PegaHttpClient] 📡 POST https://zdk8budo.pegaacademy.net/prweb/PRRestService/v1/rules/query?pxObjClass=Rule-HTML-Section&appliesTo=Rule-Connect-HBase&pyRuleName=pzDelegationExperience&RequestClass=Rule-HTML-Section&RequestAppliesTo=Rule-Connect-HBase&RequestRuleName=pzDelegationExperience Payload: "{\"RequestClass\":\"Rule-HTML-Section\",\"RequestAppliesTo\":\"Rule-Connect-HBase\",\"RequestRuleName\":\"pzDelegationExperience\"}" => HTTP 404 (18 bytes)
[PegaHttpClient] 📡 POST https://zdk8budo.pegaacademy.net/prweb/api/CodeIntelligence/v1/rules/query?pxObjClass=Rule-HTML-Section&appliesTo=Rule-Connect-HBase&pyRuleName=pzService&RequestClass=Rule-HTML-Section&RequestAppliesTo=Rule-Connect-HBase&RequestRuleName=pzService Payload: "{\"RequestClass\":\"Rule-HTML-Section\",\"RequestAppliesTo\":\"Rule-Connect-HBase\",\"RequestRuleName\":\"pzService\"}" => HTTP 200 (285073 bytes)
[PegaHttpClient] 📡 POST https://zdk8budo.pegaacademy.net/prweb/api/CodeIntelligence/v1/rules/query?pxObjClass=Rule-HTML-Section&appliesTo=Rule-Connect-HBase&pyRuleName=pzMappings&RequestClass=Rule-HTML-Section&RequestAppliesTo=Rule-Connect-HBase&RequestRuleName=pzMappings Payload: "{\"RequestClass\":\"Rule-HTML-Section\",\"RequestAppliesTo\":\"Rule-Connect-HBase\",\"RequestRuleName\":\"pzMappings\"}" => HTTP 200 (96851 bytes)
[PegaHttpClient] 📡 POST https://zdk8budo.pegaacademy.net/prweb/api/CodeIntelligence/v1/rules/query?pxObjClass=Rule-HTML-Section&appliesTo=Rule-Connect-HBase&pyRuleName=pzSpecifications&RequestClass=Rule-HTML-Section&RequestAppliesTo=Rule-Connect-HBase&RequestRuleName=pzSpecifications Payload: "{\"RequestClass\":\"Rule-HTML-Section\",\"RequestAppliesTo\":\"Rule-Connect-HBase\",\"RequestRuleName\":\"pzSpecifications\"}" => HTTP 200 (16577 bytes)
[PegaHttpClient] 📡 POST https://zdk8budo.pegaacademy.net/prweb/api/CodeIntelligence/v1/rules/query?pxObjClass=Rule-HTML-Section&appliesTo=Rule-Connect-HBase&pyRuleName=RuleFormHistory&RequestClass=Rule-HTML-Section&RequestAppliesTo=Rule-Connect-HBase&RequestRuleName=RuleFormHistory Payload: "{\"RequestClass\":\"Rule-HTML-Section\",\"RequestAppliesTo\":\"Rule-Connect-HBase\",\"RequestRuleName\":\"RuleFormHistory\"}" => HTTP 200 (76091 bytes)
[PegaHttpClient] 📡 POST https://zdk8budo.pegaacademy.net/prweb/api/CodeIntelligence/v1/rules/query?pxObjClass=Rule-HTML-Section&appliesTo=Rule-Connect-HBase&pyRuleName=pzCustomHelp&RequestClass=Rule-HTML-Section&RequestAppliesTo=Rule-Connect-HBase&RequestRuleName=pzCustomHelp Payload: "{\"RequestClass\":\"Rule-HTML-Section\",\"RequestAppliesTo\":\"Rule-Connect-HBase\",\"RequestRuleName\":\"pzCustomHelp\"}" => HTTP 200 (31573 bytes)
[PegaHttpClient] 📡 POST https://zdk8budo.pegaacademy.net/prweb/api/CodeIntelligence/v1/rules/query?pxObjClass=Rule-HTML-Section&appliesTo=Rule-Connect-HBase&pyRuleName=pzRuleFormKeysAndDescription&RequestClass=Rule-HTML-Section&RequestAppliesTo=Rule-Connect-HBase&RequestRuleName=pzRuleFormKeysAndDescription Payload: "{\"RequestClass\":\"Rule-HTML-Section\",\"RequestAppliesTo\":\"Rule-Connect-HBase\",\"RequestRuleName\":\"pzRuleFormKeysAndDescription\"}" => HTTP 200 (218057 bytes)
[PegaHttpClient] 📡 POST https://zdk8budo.pegaacademy.net/prweb/api/CodeIntelligence/v1/rules/query?pxObjClass=Rule-HTML-Section&appliesTo=Rule-Connect-HBase&pyRuleName=pzRuleFormRuleset&RequestClass=Rule-HTML-Section&RequestAppliesTo=Rule-Connect-HBase&RequestRuleName=pzRuleFormRuleset Payload: "{\"RequestClass\":\"Rule-HTML-Section\",\"RequestAppliesTo\":\"Rule-Connect-HBase\",\"RequestRuleName\":\"pzRuleFormRuleset\"}" => HTTP 200 (33985 bytes)
[PegaHttpClient] 📡 POST https://zdk8budo.pegaacademy.net/prweb/api/CodeIntelligence/v1/rules/query?pxObjClass=Rule-HTML-Section&appliesTo=Rule-Connect-HBase&pyRuleName=undefined&RequestClass=Rule-HTML-Section&RequestAppliesTo=Rule-Connect-HBase&RequestRuleName=undefined Payload: "{\"RequestClass\":\"Rule-HTML-Section\",\"RequestAppliesTo\":\"Rule-Connect-HBase\",\"RequestRuleName\":\"undefined\"}" => HTTP 404 (105 bytes)
[PegaHttpClient] 📡 POST https://zdk8budo.pegaacademy.net/prweb/PRRestService/CodeIntelligence/v1/rules/query?pxObjClass=Rule-HTML-Section&appliesTo=Rule-Connect-HBase&pyRuleName=undefined&RequestClass=Rule-HTML-Section&RequestAppliesTo=Rule-Connect-HBase&RequestRuleName=undefined Payload: "{\"RequestClass\":\"Rule-HTML-Section\",\"RequestAppliesTo\":\"Rule-Connect-HBase\",\"RequestRuleName\":\"undefined\"}" => HTTP 404 (105 bytes)
[PegaHttpClient] 📡 POST https://zdk8budo.pegaacademy.net/prweb/api/HRAppsV2Service/V1/rules/query?pxObjClass=Rule-HTML-Section&appliesTo=Rule-Connect-HBase&pyRuleName=undefined&RequestClass=Rule-HTML-Section&RequestAppliesTo=Rule-Connect-HBase&RequestRuleName=undefined Payload: "{\"RequestClass\":\"Rule-HTML-Section\",\"RequestAppliesTo\":\"Rule-Connect-HBase\",\"RequestRuleName\":\"undefined\"}" => HTTP 404 (18 bytes)
[PegaHttpClient] 📡 POST https://zdk8budo.pegaacademy.net/prweb/PRRestService/HRAppsV2Service/V1/rules/query?pxObjClass=Rule-HTML-Section&appliesTo=Rule-Connect-HBase&pyRuleName=undefined&RequestClass=Rule-HTML-Section&RequestAppliesTo=Rule-Connect-HBase&RequestRuleName=undefined Payload: "{\"RequestClass\":\"Rule-HTML-Section\",\"RequestAppliesTo\":\"Rule-Connect-HBase\",\"RequestRuleName\":\"undefined\"}" => HTTP 404 (18 bytes)
[PegaHttpClient] 📡 POST https://zdk8budo.pegaacademy.net/prweb/api/HRAppsV2/V1/rules/query?pxObjClass=Rule-HTML-Section&appliesTo=Rule-Connect-HBase&pyRuleName=undefined&RequestClass=Rule-HTML-Section&RequestAppliesTo=Rule-Connect-HBase&RequestRuleName=undefined Payload: "{\"RequestClass\":\"Rule-HTML-Section\",\"RequestAppliesTo\":\"Rule-Connect-HBase\",\"RequestRuleName\":\"undefined\"}" => HTTP 404 (18 bytes)
[PegaHttpClient] 📡 POST https://zdk8budo.pegaacademy.net/prweb/PRRestService/HRAppsV2/V1/rules/query?pxObjClass=Rule-HTML-Section&appliesTo=Rule-Connect-HBase&pyRuleName=undefined&RequestClass=Rule-HTML-Section&RequestAppliesTo=Rule-Connect-HBase&RequestRuleName=undefined Payload: "{\"RequestClass\":\"Rule-HTML-Section\",\"RequestAppliesTo\":\"Rule-Connect-HBase\",\"RequestRuleName\":\"undefined\"}" => HTTP 404 (18 bytes)
[PegaHttpClient] 📡 POST https://zdk8budo.pegaacademy.net/prweb/api/v1/rules/query?pxObjClass=Rule-HTML-Section&appliesTo=Rule-Connect-HBase&pyRuleName=undefined&RequestClass=Rule-HTML-Section&RequestAppliesTo=Rule-Connect-HBase&RequestRuleName=undefined Payload: "{\"RequestClass\":\"Rule-HTML-Section\",\"RequestAppliesTo\":\"Rule-Connect-HBase\",\"RequestRuleName\":\"undefined\"}" => HTTP 404 (18 bytes)
[PegaHttpClient] 📡 POST https://zdk8budo.pegaacademy.net/prweb/PRRestService/v1/rules/query?pxObjClass=Rule-HTML-Section&appliesTo=Rule-Connect-HBase&pyRuleName=undefined&RequestClass=Rule-HTML-Section&RequestAppliesTo=Rule-Connect-HBase&RequestRuleName=undefined Payload: "{\"RequestClass\":\"Rule-HTML-Section\",\"RequestAppliesTo\":\"Rule-Connect-HBase\",\"RequestRuleName\":\"undefined\"}" => HTTP 404 (18 bytes)
[PegaHttpClient] 📡 POST https://zdk8budo.pegaacademy.net/prweb/api/CodeIntelligence/v1/rules/query?pxObjClass=Rule-HTML-Section&appliesTo=Rule-Connect-HBase&pyRuleName=pzRuleFormToolbar&RequestClass=Rule-HTML-Section&RequestAppliesTo=Rule-Connect-HBase&RequestRuleName=pzRuleFormToolbar Payload: "{\"RequestClass\":\"Rule-HTML-Section\",\"RequestAppliesTo\":\"Rule-Connect-HBase\",\"RequestRuleName\":\"pzRuleFormToolbar\"}" => HTTP 200 (242691 bytes)
[PegaHttpClient] 📡 POST https://zdk8budo.pegaacademy.net/prweb/api/CodeIntelligence/v1/rules/query?pxObjClass=Rule-HTML-Section&appliesTo=Rule-Connect-HBase&pyRuleName=pzRuleFormToolbarCompare&RequestClass=Rule-HTML-Section&RequestAppliesTo=Rule-Connect-HBase&RequestRuleName=pzRuleFormToolbarCompare Payload: "{\"RequestClass\":\"Rule-HTML-Section\",\"RequestAppliesTo\":\"Rule-Connect-HBase\",\"RequestRuleName\":\"pzRuleFormToolbarCompare\"}" => HTTP 200 (61925 bytes)
[PegaHttpClient] 📡 POST https://zdk8budo.pegaacademy.net/prweb/api/CodeIntelligence/v1/rules/query?pxObjClass=Rule-HTML-Section&appliesTo=Rule-Connect-HBase&pyRuleName=RuleFormHeaderMessages&RequestClass=Rule-HTML-Section&RequestAppliesTo=Rule-Connect-HBase&RequestRuleName=RuleFormHeaderMessages Payload: "{\"RequestClass\":\"Rule-HTML-Section\",\"RequestAppliesTo\":\"Rule-Connect-HBase\",\"RequestRuleName\":\"RuleFormHeaderMessages\"}" => HTTP 200 (26518 bytes)
[PegaHttpClient] 📡 POST https://zdk8budo.pegaacademy.net/prweb/api/CodeIntelligence/v1/rules/query?pxObjClass=Rule-HTML-Section&appliesTo=Rule-Connect-HBase&pyRuleName=pzMessages&RequestClass=Rule-HTML-Section&RequestAppliesTo=Rule-Connect-HBase&RequestRuleName=pzMessages Payload: "{\"RequestClass\":\"Rule-HTML-Section\",\"RequestAppliesTo\":\"Rule-Connect-HBase\",\"RequestRuleName\":\"pzMessages\"}" => HTTP 200 (61672 bytes)
[PegaHttpClient] 📡 POST https://zdk8budo.pegaacademy.net/prweb/api/CodeIntelligence/v1/rules/query?pxObjClass=Rule-HTML-Section&appliesTo=Rule-Connect-HBase&pyRuleName=pzRestPort&RequestClass=Rule-HTML-Section&RequestAppliesTo=Rule-Connect-HBase&RequestRuleName=pzRestPort Payload: "{\"RequestClass\":\"Rule-HTML-Section\",\"RequestAppliesTo\":\"Rule-Connect-HBase\",\"RequestRuleName\":\"pzRestPort\"}" => HTTP 200 (22328 bytes)
[PegaHttpClient] 📡 POST https://zdk8budo.pegaacademy.net/prweb/api/CodeIntelligence/v1/rules/query?pxObjClass=Rule-HTML-Section&appliesTo=Rule-Connect-HBase&pyRuleName=pzJavaPort&RequestClass=Rule-HTML-Section&RequestAppliesTo=Rule-Connect-HBase&RequestRuleName=pzJavaPort Payload: "{\"RequestClass\":\"Rule-HTML-Section\",\"RequestAppliesTo\":\"Rule-Connect-HBase\",\"RequestRuleName\":\"pzJavaPort\"}" => HTTP 200 (22327 bytes)
[PegaHttpClient] 📡 POST https://zdk8budo.pegaacademy.net/prweb/api/CodeIntelligence/v1/rules/query?pxObjClass=Rule-HTML-Section&appliesTo=Rule-Connect-HBase&pyRuleName=pzSimulationDetails&RequestClass=Rule-HTML-Section&RequestAppliesTo=Rule-Connect-HBase&RequestRuleName=pzSimulationDetails Payload: "{\"RequestClass\":\"Rule-HTML-Section\",\"RequestAppliesTo\":\"Rule-Connect-HBase\",\"RequestRuleName\":\"pzSimulationDetails\"}" => HTTP 200 (23151 bytes)
[PegaHttpClient] 📡 POST https://zdk8budo.pegaacademy.net/prweb/api/CodeIntelligence/v1/rules/query?pxObjClass=Rule-HTML-Section&appliesTo=Rule-Connect-HBase&pyRuleName=pzBusyIndicator&RequestClass=Rule-HTML-Section&RequestAppliesTo=Rule-Connect-HBase&RequestRuleName=pzBusyIndicator Payload: "{\"RequestClass\":\"Rule-HTML-Section\",\"RequestAppliesTo\":\"Rule-Connect-HBase\",\"RequestRuleName\":\"pzBusyIndicator\"}" => HTTP 200 (18865 bytes)
[PegaHttpClient] 📡 POST https://zdk8budo.pegaacademy.net/prweb/api/CodeIntelligence/v1/rules/query?pxObjClass=Rule-HTML-Section&appliesTo=Rule-Connect-HBase&pyRuleName=pzSimulationButton&RequestClass=Rule-HTML-Section&RequestAppliesTo=Rule-Connect-HBase&RequestRuleName=pzSimulationButton Payload: "{\"RequestClass\":\"Rule-HTML-Section\",\"RequestAppliesTo\":\"Rule-Connect-HBase\",\"RequestRuleName\":\"pzSimulationButton\"}" => HTTP 200 (21583 bytes)
[PegaHttpClient] 📡 POST https://zdk8budo.pegaacademy.net/prweb/api/CodeIntelligence/v1/rules/query?pxObjClass=Rule-HTML-Section&appliesTo=Rule-Connect-HBase&pyRuleName=pySelectTableName&RequestClass=Rule-HTML-Section&RequestAppliesTo=Rule-Connect-HBase&RequestRuleName=pySelectTableName Payload: "{\"RequestClass\":\"Rule-HTML-Section\",\"RequestAppliesTo\":\"Rule-Connect-HBase\",\"RequestRuleName\":\"pySelectTableName\"}" => HTTP 404 (113 bytes)
[PegaHttpClient] 📡 POST https://zdk8budo.pegaacademy.net/prweb/PRRestService/CodeIntelligence/v1/rules/query?pxObjClass=Rule-HTML-Section&appliesTo=Rule-Connect-HBase&pyRuleName=pySelectTableName&RequestClass=Rule-HTML-Section&RequestAppliesTo=Rule-Connect-HBase&RequestRuleName=pySelectTableName Payload: "{\"RequestClass\":\"Rule-HTML-Section\",\"RequestAppliesTo\":\"Rule-Connect-HBase\",\"RequestRuleName\":\"pySelectTableName\"}" => HTTP 404 (113 bytes)
[PegaHttpClient] 📡 POST https://zdk8budo.pegaacademy.net/prweb/api/HRAppsV2Service/V1/rules/query?pxObjClass=Rule-HTML-Section&appliesTo=Rule-Connect-HBase&pyRuleName=pySelectTableName&RequestClass=Rule-HTML-Section&RequestAppliesTo=Rule-Connect-HBase&RequestRuleName=pySelectTableName Payload: "{\"RequestClass\":\"Rule-HTML-Section\",\"RequestAppliesTo\":\"Rule-Connect-HBase\",\"RequestRuleName\":\"pySelectTableName\"}" => HTTP 404 (18 bytes)
[PegaHttpClient] 📡 POST https://zdk8budo.pegaacademy.net/prweb/PRRestService/HRAppsV2Service/V1/rules/query?pxObjClass=Rule-HTML-Section&appliesTo=Rule-Connect-HBase&pyRuleName=pySelectTableName&RequestClass=Rule-HTML-Section&RequestAppliesTo=Rule-Connect-HBase&RequestRuleName=pySelectTableName Payload: "{\"RequestClass\":\"Rule-HTML-Section\",\"RequestAppliesTo\":\"Rule-Connect-HBase\",\"RequestRuleName\":\"pySelectTableName\"}" => HTTP 404 (18 bytes)
[PegaHttpClient] 📡 POST https://zdk8budo.pegaacademy.net/prweb/api/HRAppsV2/V1/rules/query?pxObjClass=Rule-HTML-Section&appliesTo=Rule-Connect-HBase&pyRuleName=pySelectTableName&RequestClass=Rule-HTML-Section&RequestAppliesTo=Rule-Connect-HBase&RequestRuleName=pySelectTableName Payload: "{\"RequestClass\":\"Rule-HTML-Section\",\"RequestAppliesTo\":\"Rule-Connect-HBase\",\"RequestRuleName\":\"pySelectTableName\"}" => HTTP 404 (18 bytes)
[PegaHttpClient] 📡 POST https://zdk8budo.pegaacademy.net/prweb/PRRestService/HRAppsV2/V1/rules/query?pxObjClass=Rule-HTML-Section&appliesTo=Rule-Connect-HBase&pyRuleName=pySelectTableName&RequestClass=Rule-HTML-Section&RequestAppliesTo=Rule-Connect-HBase&RequestRuleName=pySelectTableName Payload: "{\"RequestClass\":\"Rule-HTML-Section\",\"RequestAppliesTo\":\"Rule-Connect-HBase\",\"RequestRuleName\":\"pySelectTableName\"}" => HTTP 404 (18 bytes)
[PegaHttpClient] 📡 POST https://zdk8budo.pegaacademy.net/prweb/api/v1/rules/query?pxObjClass=Rule-HTML-Section&appliesTo=Rule-Connect-HBase&pyRuleName=pySelectTableName&RequestClass=Rule-HTML-Section&RequestAppliesTo=Rule-Connect-HBase&RequestRuleName=pySelectTableName Payload: "{\"RequestClass\":\"Rule-HTML-Section\",\"RequestAppliesTo\":\"Rule-Connect-HBase\",\"RequestRuleName\":\"pySelectTableName\"}" => HTTP 404 (18 bytes)
[PegaHttpClient] 📡 POST https://zdk8budo.pegaacademy.net/prweb/PRRestService/v1/rules/query?pxObjClass=Rule-HTML-Section&appliesTo=Rule-Connect-HBase&pyRuleName=pySelectTableName&RequestClass=Rule-HTML-Section&RequestAppliesTo=Rule-Connect-HBase&RequestRuleName=pySelectTableName Payload: "{\"RequestClass\":\"Rule-HTML-Section\",\"RequestAppliesTo\":\"Rule-Connect-HBase\",\"RequestRuleName\":\"pySelectTableName\"}" => HTTP 404 (18 bytes)
[PegaHttpClient] 📡 POST https://zdk8budo.pegaacademy.net/prweb/api/CodeIntelligence/v1/rules/query?pxObjClass=Rule-HTML-Section&appliesTo=Rule-Connect-HBase&pyRuleName=pyMappingsTable&RequestClass=Rule-HTML-Section&RequestAppliesTo=Rule-Connect-HBase&RequestRuleName=pyMappingsTable Payload: "{\"RequestClass\":\"Rule-HTML-Section\",\"RequestAppliesTo\":\"Rule-Connect-HBase\",\"RequestRuleName\":\"pyMappingsTable\"}" => HTTP 404 (111 bytes)
[PegaHttpClient] 📡 POST https://zdk8budo.pegaacademy.net/prweb/PRRestService/CodeIntelligence/v1/rules/query?pxObjClass=Rule-HTML-Section&appliesTo=Rule-Connect-HBase&pyRuleName=pyMappingsTable&RequestClass=Rule-HTML-Section&RequestAppliesTo=Rule-Connect-HBase&RequestRuleName=pyMappingsTable Payload: "{\"RequestClass\":\"Rule-HTML-Section\",\"RequestAppliesTo\":\"Rule-Connect-HBase\",\"RequestRuleName\":\"pyMappingsTable\"}" => HTTP 404 (111 bytes)
[PegaHttpClient] 📡 POST https://zdk8budo.pegaacademy.net/prweb/api/HRAppsV2Service/V1/rules/query?pxObjClass=Rule-HTML-Section&appliesTo=Rule-Connect-HBase&pyRuleName=pyMappingsTable&RequestClass=Rule-HTML-Section&RequestAppliesTo=Rule-Connect-HBase&RequestRuleName=pyMappingsTable Payload: "{\"RequestClass\":\"Rule-HTML-Section\",\"RequestAppliesTo\":\"Rule-Connect-HBase\",\"RequestRuleName\":\"pyMappingsTable\"}" => HTTP 404 (18 bytes)
[PegaHttpClient] 📡 POST https://zdk8budo.pegaacademy.net/prweb/PRRestService/HRAppsV2Service/V1/rules/query?pxObjClass=Rule-HTML-Section&appliesTo=Rule-Connect-HBase&pyRuleName=pyMappingsTable&RequestClass=Rule-HTML-Section&RequestAppliesTo=Rule-Connect-HBase&RequestRuleName=pyMappingsTable Payload: "{\"RequestClass\":\"Rule-HTML-Section\",\"RequestAppliesTo\":\"Rule-Connect-HBase\",\"RequestRuleName\":\"pyMappingsTable\"}" => HTTP 404 (18 bytes)
[PegaHttpClient] 📡 POST https://zdk8budo.pegaacademy.net/prweb/api/HRAppsV2/V1/rules/query?pxObjClass=Rule-HTML-Section&appliesTo=Rule-Connect-HBase&pyRuleName=pyMappingsTable&RequestClass=Rule-HTML-Section&RequestAppliesTo=Rule-Connect-HBase&RequestRuleName=pyMappingsTable Payload: "{\"RequestClass\":\"Rule-HTML-Section\",\"RequestAppliesTo\":\"Rule-Connect-HBase\",\"RequestRuleName\":\"pyMappingsTable\"}" => HTTP 404 (18 bytes)
[PegaHttpClient] 📡 POST https://zdk8budo.pegaacademy.net/prweb/PRRestService/HRAppsV2/V1/rules/query?pxObjClass=Rule-HTML-Section&appliesTo=Rule-Connect-HBase&pyRuleName=pyMappingsTable&RequestClass=Rule-HTML-Section&RequestAppliesTo=Rule-Connect-HBase&RequestRuleName=pyMappingsTable Payload: "{\"RequestClass\":\"Rule-HTML-Section\",\"RequestAppliesTo\":\"Rule-Connect-HBase\",\"RequestRuleName\":\"pyMappingsTable\"}" => HTTP 404 (18 bytes)
[PegaHttpClient] 📡 POST https://zdk8budo.pegaacademy.net/prweb/api/v1/rules/query?pxObjClass=Rule-HTML-Section&appliesTo=Rule-Connect-HBase&pyRuleName=pyMappingsTable&RequestClass=Rule-HTML-Section&RequestAppliesTo=Rule-Connect-HBase&RequestRuleName=pyMappingsTable Payload: "{\"RequestClass\":\"Rule-HTML-Section\",\"RequestAppliesTo\":\"Rule-Connect-HBase\",\"RequestRuleName\":\"pyMappingsTable\"}" => HTTP 404 (18 bytes)
[PegaHttpClient] 📡 POST https://zdk8budo.pegaacademy.net/prweb/PRRestService/v1/rules/query?pxObjClass=Rule-HTML-Section&appliesTo=Rule-Connect-HBase&pyRuleName=pyMappingsTable&RequestClass=Rule-HTML-Section&RequestAppliesTo=Rule-Connect-HBase&RequestRuleName=pyMappingsTable Payload: "{\"RequestClass\":\"Rule-HTML-Section\",\"RequestAppliesTo\":\"Rule-Connect-HBase\",\"RequestRuleName\":\"pyMappingsTable\"}" => HTTP 404 (18 bytes)
[PegaHttpClient] 📡 POST https://zdk8budo.pegaacademy.net/prweb/api/CodeIntelligence/v1/rules/query?pxObjClass=Rule-HTML-Section&appliesTo=Rule-Connect-HBase&pyRuleName=pzSpecificationsInner&RequestClass=Rule-HTML-Section&RequestAppliesTo=Rule-Connect-HBase&RequestRuleName=pzSpecificationsInner Payload: "{\"RequestClass\":\"Rule-HTML-Section\",\"RequestAppliesTo\":\"Rule-Connect-HBase\",\"RequestRuleName\":\"pzSpecificationsInner\"}" => HTTP 200 (142370 bytes)
[PegaHttpClient] 📡 POST https://zdk8budo.pegaacademy.net/prweb/api/CodeIntelligence/v1/rules/query?pxObjClass=Rule-HTML-Section&appliesTo=Rule-Connect-HBase&pyRuleName=pzAlternateRuleInfo&RequestClass=Rule-HTML-Section&RequestAppliesTo=Rule-Connect-HBase&RequestRuleName=pzAlternateRuleInfo Payload: "{\"RequestClass\":\"Rule-HTML-Section\",\"RequestAppliesTo\":\"Rule-Connect-HBase\",\"RequestRuleName\":\"pzAlternateRuleInfo\"}" => HTTP 200 (140407 bytes)
[PegaHttpClient] 📡 POST https://zdk8budo.pegaacademy.net/prweb/api/CodeIntelligence/v1/rules/query?pxObjClass=Rule-HTML-Section&appliesTo=Rule-Connect-HBase&pyRuleName=RuleFormHistory_Description&RequestClass=Rule-HTML-Section&RequestAppliesTo=Rule-Connect-HBase&RequestRuleName=RuleFormHistory_Description Payload: "{\"RequestClass\":\"Rule-HTML-Section\",\"RequestAppliesTo\":\"Rule-Connect-HBase\",\"RequestRuleName\":\"RuleFormHistory_Description\"}" => HTTP 200 (46242 bytes)
[PegaHttpClient] 📡 POST https://zdk8budo.pegaacademy.net/prweb/api/CodeIntelligence/v1/rules/query?pxObjClass=Rule-HTML-Section&appliesTo=Rule-Connect-HBase&pyRuleName=RuleFormHistory_CustomFields&RequestClass=Rule-HTML-Section&RequestAppliesTo=Rule-Connect-HBase&RequestRuleName=RuleFormHistory_CustomFields Payload: "{\"RequestClass\":\"Rule-HTML-Section\",\"RequestAppliesTo\":\"Rule-Connect-HBase\",\"RequestRuleName\":\"RuleFormHistory_CustomFields\"}" => HTTP 200 (75856 bytes)
[PegaHttpClient] 📡 POST https://zdk8budo.pegaacademy.net/prweb/api/CodeIntelligence/v1/rules/query?pxObjClass=Rule-HTML-Section&appliesTo=Rule-Connect-HBase&pyRuleName=RuleFormHistory_HistoryDetails&RequestClass=Rule-HTML-Section&RequestAppliesTo=Rule-Connect-HBase&RequestRuleName=RuleFormHistory_HistoryDetails Payload: "{\"RequestClass\":\"Rule-HTML-Section\",\"RequestAppliesTo\":\"Rule-Connect-HBase\",\"RequestRuleName\":\"RuleFormHistory_HistoryDetails\"}" => HTTP 200 (179535 bytes)
[PegaHttpClient] 📡 POST https://zdk8budo.pegaacademy.net/prweb/api/CodeIntelligence/v1/rules/query?pxObjClass=Rule-HTML-Section&appliesTo=Rule-Connect-HBase&pyRuleName=pzRuleFormStatus&RequestClass=Rule-HTML-Section&RequestAppliesTo=Rule-Connect-HBase&RequestRuleName=pzRuleFormStatus Payload: "{\"RequestClass\":\"Rule-HTML-Section\",\"RequestAppliesTo\":\"Rule-Connect-HBase\",\"RequestRuleName\":\"pzRuleFormStatus\"}" => HTTP 200 (97627 bytes)
[PegaHttpClient] 📡 POST https://zdk8budo.pegaacademy.net/prweb/api/CodeIntelligence/v1/rules/query?pxObjClass=Rule-HTML-Section&appliesTo=Rule-Connect-HBase&pyRuleName=pzRuleFormHeaderCompareWithDropDown&RequestClass=Rule-HTML-Section&RequestAppliesTo=Rule-Connect-HBase&RequestRuleName=pzRuleFormHeaderCompareWithDropDown Payload: "{\"RequestClass\":\"Rule-HTML-Section\",\"RequestAppliesTo\":\"Rule-Connect-HBase\",\"RequestRuleName\":\"pzRuleFormHeaderCompareWithDropDown\"}" => HTTP 200 (25396 bytes)
[PegaHttpClient] 📡 POST https://zdk8budo.pegaacademy.net/prweb/api/CodeIntelligence/v1/rules/query?pxObjClass=Rule-HTML-Section&appliesTo=Rule-Connect-HBase&pyRuleName=undefined&RequestClass=Rule-HTML-Section&RequestAppliesTo=Rule-Connect-HBase&RequestRuleName=undefined Payload: "{\"RequestClass\":\"Rule-HTML-Section\",\"RequestAppliesTo\":\"Rule-Connect-HBase\",\"RequestRuleName\":\"undefined\"}" => HTTP 404 (105 bytes)
[PegaHttpClient] 📡 POST https://zdk8budo.pegaacademy.net/prweb/PRRestService/CodeIntelligence/v1/rules/query?pxObjClass=Rule-HTML-Section&appliesTo=Rule-Connect-HBase&pyRuleName=undefined&RequestClass=Rule-HTML-Section&RequestAppliesTo=Rule-Connect-HBase&RequestRuleName=undefined Payload: "{\"RequestClass\":\"Rule-HTML-Section\",\"RequestAppliesTo\":\"Rule-Connect-HBase\",\"RequestRuleName\":\"undefined\"}" => HTTP 404 (105 bytes)
[PegaHttpClient] 📡 POST https://zdk8budo.pegaacademy.net/prweb/api/HRAppsV2Service/V1/rules/query?pxObjClass=Rule-HTML-Section&appliesTo=Rule-Connect-HBase&pyRuleName=undefined&RequestClass=Rule-HTML-Section&RequestAppliesTo=Rule-Connect-HBase&RequestRuleName=undefined Payload: "{\"RequestClass\":\"Rule-HTML-Section\",\"RequestAppliesTo\":\"Rule-Connect-HBase\",\"RequestRuleName\":\"undefined\"}" => HTTP 404 (18 bytes)
[PegaHttpClient] 📡 POST https://zdk8budo.pegaacademy.net/prweb/PRRestService/HRAppsV2Service/V1/rules/query?pxObjClass=Rule-HTML-Section&appliesTo=Rule-Connect-HBase&pyRuleName=undefined&RequestClass=Rule-HTML-Section&RequestAppliesTo=Rule-Connect-HBase&RequestRuleName=undefined Payload: "{\"RequestClass\":\"Rule-HTML-Section\",\"RequestAppliesTo\":\"Rule-Connect-HBase\",\"RequestRuleName\":\"undefined\"}" => HTTP 404 (18 bytes)
[PegaHttpClient] 📡 POST https://zdk8budo.pegaacademy.net/prweb/api/HRAppsV2/V1/rules/query?pxObjClass=Rule-HTML-Section&appliesTo=Rule-Connect-HBase&pyRuleName=undefined&RequestClass=Rule-HTML-Section&RequestAppliesTo=Rule-Connect-HBase&RequestRuleName=undefined Payload: "{\"RequestClass\":\"Rule-HTML-Section\",\"RequestAppliesTo\":\"Rule-Connect-HBase\",\"RequestRuleName\":\"undefined\"}" => HTTP 404 (18 bytes)
[PegaHttpClient] 📡 POST https://zdk8budo.pegaacademy.net/prweb/PRRestService/HRAppsV2/V1/rules/query?pxObjClass=Rule-HTML-Section&appliesTo=Rule-Connect-HBase&pyRuleName=undefined&RequestClass=Rule-HTML-Section&RequestAppliesTo=Rule-Connect-HBase&RequestRuleName=undefined Payload: "{\"RequestClass\":\"Rule-HTML-Section\",\"RequestAppliesTo\":\"Rule-Connect-HBase\",\"RequestRuleName\":\"undefined\"}" => HTTP 404 (18 bytes)
[PegaHttpClient] 📡 POST https://zdk8budo.pegaacademy.net/prweb/api/v1/rules/query?pxObjClass=Rule-HTML-Section&appliesTo=Rule-Connect-HBase&pyRuleName=undefined&RequestClass=Rule-HTML-Section&RequestAppliesTo=Rule-Connect-HBase&RequestRuleName=undefined Payload: "{\"RequestClass\":\"Rule-HTML-Section\",\"RequestAppliesTo\":\"Rule-Connect-HBase\",\"RequestRuleName\":\"undefined\"}" => HTTP 404 (18 bytes)
[PegaHttpClient] 📡 POST https://zdk8budo.pegaacademy.net/prweb/PRRestService/v1/rules/query?pxObjClass=Rule-HTML-Section&appliesTo=Rule-Connect-HBase&pyRuleName=undefined&RequestClass=Rule-HTML-Section&RequestAppliesTo=Rule-Connect-HBase&RequestRuleName=undefined Payload: "{\"RequestClass\":\"Rule-HTML-Section\",\"RequestAppliesTo\":\"Rule-Connect-HBase\",\"RequestRuleName\":\"undefined\"}" => HTTP 404 (18 bytes)
[PegaHttpClient] 📡 POST https://zdk8budo.pegaacademy.net/prweb/api/CodeIntelligence/v1/rules/query?pxObjClass=Rule-HTML-Section&appliesTo=Rule-Connect-HBase&pyRuleName=pzRuleFormToolbarHotKeys&RequestClass=Rule-HTML-Section&RequestAppliesTo=Rule-Connect-HBase&RequestRuleName=pzRuleFormToolbarHotKeys Payload: "{\"RequestClass\":\"Rule-HTML-Section\",\"RequestAppliesTo\":\"Rule-Connect-HBase\",\"RequestRuleName\":\"pzRuleFormToolbarHotKeys\"}" => HTTP 200 (85058 bytes)
[PegaHttpClient] 📡 POST https://zdk8budo.pegaacademy.net/prweb/api/CodeIntelligence/v1/rules/query?pxObjClass=Rule-HTML-Section&appliesTo=Rule-Connect-HBase&pyRuleName=pzRuleFormToolbarLockedIcon&RequestClass=Rule-HTML-Section&RequestAppliesTo=Rule-Connect-HBase&RequestRuleName=pzRuleFormToolbarLockedIcon Payload: "{\"RequestClass\":\"Rule-HTML-Section\",\"RequestAppliesTo\":\"Rule-Connect-HBase\",\"RequestRuleName\":\"pzRuleFormToolbarLockedIcon\"}" => HTTP 200 (24898 bytes)
[PegaHttpClient] 📡 POST https://zdk8budo.pegaacademy.net/prweb/api/CodeIntelligence/v1/rules/query?pxObjClass=Rule-HTML-Section&appliesTo=Rule-Connect-HBase&pyRuleName=pzRuleFormToolbarCollaborators&RequestClass=Rule-HTML-Section&RequestAppliesTo=Rule-Connect-HBase&RequestRuleName=pzRuleFormToolbarCollaborators Payload: "{\"RequestClass\":\"Rule-HTML-Section\",\"RequestAppliesTo\":\"Rule-Connect-HBase\",\"RequestRuleName\":\"pzRuleFormToolbarCollaborators\"}" => HTTP 200 (15254 bytes)
[PegaHttpClient] 📡 POST https://zdk8budo.pegaacademy.net/prweb/api/CodeIntelligence/v1/rules/query?pxObjClass=Rule-HTML-Section&appliesTo=Rule-Connect-HBase&pyRuleName=pzRuleFormToolbarSaveAs&RequestClass=Rule-HTML-Section&RequestAppliesTo=Rule-Connect-HBase&RequestRuleName=pzRuleFormToolbarSaveAs Payload: "{\"RequestClass\":\"Rule-HTML-Section\",\"RequestAppliesTo\":\"Rule-Connect-HBase\",\"RequestRuleName\":\"pzRuleFormToolbarSaveAs\"}" => HTTP 200 (64084 bytes)
[PegaHttpClient] 📡 POST https://zdk8budo.pegaacademy.net/prweb/api/CodeIntelligence/v1/rules/query?pxObjClass=Rule-HTML-Section&appliesTo=Rule-Connect-HBase&pyRuleName=pzRuleFormToolbarCheckin&RequestClass=Rule-HTML-Section&RequestAppliesTo=Rule-Connect-HBase&RequestRuleName=pzRuleFormToolbarCheckin Payload: "{\"RequestClass\":\"Rule-HTML-Section\",\"RequestAppliesTo\":\"Rule-Connect-HBase\",\"RequestRuleName\":\"pzRuleFormToolbarCheckin\"}" => HTTP 200 (119096 bytes)
[PegaHttpClient] 📡 POST https://zdk8budo.pegaacademy.net/prweb/api/CodeIntelligence/v1/rules/query?pxObjClass=Rule-HTML-Section&appliesTo=Rule-Connect-HBase&pyRuleName=pzRuleFormToolbarDelete&RequestClass=Rule-HTML-Section&RequestAppliesTo=Rule-Connect-HBase&RequestRuleName=pzRuleFormToolbarDelete Payload: "{\"RequestClass\":\"Rule-HTML-Section\",\"RequestAppliesTo\":\"Rule-Connect-HBase\",\"RequestRuleName\":\"pzRuleFormToolbarDelete\"}" => HTTP 200 (30249 bytes)
[PegaHttpClient] 📡 POST https://zdk8budo.pegaacademy.net/prweb/api/CodeIntelligence/v1/rules/query?pxObjClass=Rule-HTML-Section&appliesTo=Rule-Connect-HBase&pyRuleName=pzRuleFormToolbarSave&RequestClass=Rule-HTML-Section&RequestAppliesTo=Rule-Connect-HBase&RequestRuleName=pzRuleFormToolbarSave Payload: "{\"RequestClass\":\"Rule-HTML-Section\",\"RequestAppliesTo\":\"Rule-Connect-HBase\",\"RequestRuleName\":\"pzRuleFormToolbarSave\"}" => HTTP 200 (293885 bytes)
[PegaHttpClient] 📡 POST https://zdk8budo.pegaacademy.net/prweb/api/CodeIntelligence/v1/rules/query?pxObjClass=Rule-HTML-Section&appliesTo=Rule-Connect-HBase&pyRuleName=pzRuleFormToolbarCheckout&RequestClass=Rule-HTML-Section&RequestAppliesTo=Rule-Connect-HBase&RequestRuleName=pzRuleFormToolbarCheckout Payload: "{\"RequestClass\":\"Rule-HTML-Section\",\"RequestAppliesTo\":\"Rule-Connect-HBase\",\"RequestRuleName\":\"pzRuleFormToolbarCheckout\"}" => HTTP 200 (238148 bytes)
[PegaHttpClient] 📡 POST https://zdk8budo.pegaacademy.net/prweb/api/CodeIntelligence/v1/rules/query?pxObjClass=Rule-HTML-Section&appliesTo=Rule-Connect-HBase&pyRuleName=pzRemoveErrorsDataPage&RequestClass=Rule-HTML-Section&RequestAppliesTo=Rule-Connect-HBase&RequestRuleName=pzRemoveErrorsDataPage Payload: "{\"RequestClass\":\"Rule-HTML-Section\",\"RequestAppliesTo\":\"Rule-Connect-HBase\",\"RequestRuleName\":\"pzRemoveErrorsDataPage\"}" => HTTP 200 (16733 bytes)
[PegaHttpClient] 📡 POST https://zdk8budo.pegaacademy.net/prweb/api/CodeIntelligence/v1/rules/query?pxObjClass=Rule-HTML-Section&appliesTo=Rule-Connect-HBase&pyRuleName=pzRuleFormHeaderMessagesWrapper&RequestClass=Rule-HTML-Section&RequestAppliesTo=Rule-Connect-HBase&RequestRuleName=pzRuleFormHeaderMessagesWrapper Payload: "{\"RequestClass\":\"Rule-HTML-Section\",\"RequestAppliesTo\":\"Rule-Connect-HBase\",\"RequestRuleName\":\"pzRuleFormHeaderMessagesWrapper\"}" => HTTP 200 (16981 bytes)
[PegaHttpClient] 📡 POST https://zdk8budo.pegaacademy.net/prweb/api/CodeIntelligence/v1/rules/query?pxObjClass=Rule-HTML-Section&appliesTo=Rule-Connect-HBase&pyRuleName=pzSpecificationName&RequestClass=Rule-HTML-Section&RequestAppliesTo=Rule-Connect-HBase&RequestRuleName=pzSpecificationName Payload: "{\"RequestClass\":\"Rule-HTML-Section\",\"RequestAppliesTo\":\"Rule-Connect-HBase\",\"RequestRuleName\":\"pzSpecificationName\"}" => HTTP 404 (115 bytes)
[PegaHttpClient] 📡 POST https://zdk8budo.pegaacademy.net/prweb/PRRestService/CodeIntelligence/v1/rules/query?pxObjClass=Rule-HTML-Section&appliesTo=Rule-Connect-HBase&pyRuleName=pzSpecificationName&RequestClass=Rule-HTML-Section&RequestAppliesTo=Rule-Connect-HBase&RequestRuleName=pzSpecificationName Payload: "{\"RequestClass\":\"Rule-HTML-Section\",\"RequestAppliesTo\":\"Rule-Connect-HBase\",\"RequestRuleName\":\"pzSpecificationName\"}" => HTTP 404 (115 bytes)
[PegaHttpClient] 📡 POST https://zdk8budo.pegaacademy.net/prweb/api/HRAppsV2Service/V1/rules/query?pxObjClass=Rule-HTML-Section&appliesTo=Rule-Connect-HBase&pyRuleName=pzSpecificationName&RequestClass=Rule-HTML-Section&RequestAppliesTo=Rule-Connect-HBase&RequestRuleName=pzSpecificationName Payload: "{\"RequestClass\":\"Rule-HTML-Section\",\"RequestAppliesTo\":\"Rule-Connect-HBase\",\"RequestRuleName\":\"pzSpecificationName\"}" => HTTP 404 (18 bytes)
[PegaHttpClient] 📡 POST https://zdk8budo.pegaacademy.net/prweb/PRRestService/HRAppsV2Service/V1/rules/query?pxObjClass=Rule-HTML-Section&appliesTo=Rule-Connect-HBase&pyRuleName=pzSpecificationName&RequestClass=Rule-HTML-Section&RequestAppliesTo=Rule-Connect-HBase&RequestRuleName=pzSpecificationName Payload: "{\"RequestClass\":\"Rule-HTML-Section\",\"RequestAppliesTo\":\"Rule-Connect-HBase\",\"RequestRuleName\":\"pzSpecificationName\"}" => HTTP 404 (18 bytes)
[PegaHttpClient] 📡 POST https://zdk8budo.pegaacademy.net/prweb/api/HRAppsV2/V1/rules/query?pxObjClass=Rule-HTML-Section&appliesTo=Rule-Connect-HBase&pyRuleName=pzSpecificationName&RequestClass=Rule-HTML-Section&RequestAppliesTo=Rule-Connect-HBase&RequestRuleName=pzSpecificationName Payload: "{\"RequestClass\":\"Rule-HTML-Section\",\"RequestAppliesTo\":\"Rule-Connect-HBase\",\"RequestRuleName\":\"pzSpecificationName\"}" => HTTP 404 (18 bytes)
[PegaHttpClient] 📡 POST https://zdk8budo.pegaacademy.net/prweb/PRRestService/HRAppsV2/V1/rules/query?pxObjClass=Rule-HTML-Section&appliesTo=Rule-Connect-HBase&pyRuleName=pzSpecificationName&RequestClass=Rule-HTML-Section&RequestAppliesTo=Rule-Connect-HBase&RequestRuleName=pzSpecificationName Payload: "{\"RequestClass\":\"Rule-HTML-Section\",\"RequestAppliesTo\":\"Rule-Connect-HBase\",\"RequestRuleName\":\"pzSpecificationName\"}" => HTTP 404 (18 bytes)
[PegaHttpClient] 📡 POST https://zdk8budo.pegaacademy.net/prweb/api/v1/rules/query?pxObjClass=Rule-HTML-Section&appliesTo=Rule-Connect-HBase&pyRuleName=pzSpecificationName&RequestClass=Rule-HTML-Section&RequestAppliesTo=Rule-Connect-HBase&RequestRuleName=pzSpecificationName Payload: "{\"RequestClass\":\"Rule-HTML-Section\",\"RequestAppliesTo\":\"Rule-Connect-HBase\",\"RequestRuleName\":\"pzSpecificationName\"}" => HTTP 404 (18 bytes)
[PegaHttpClient] 📡 POST https://zdk8budo.pegaacademy.net/prweb/PRRestService/v1/rules/query?pxObjClass=Rule-HTML-Section&appliesTo=Rule-Connect-HBase&pyRuleName=pzSpecificationName&RequestClass=Rule-HTML-Section&RequestAppliesTo=Rule-Connect-HBase&RequestRuleName=pzSpecificationName Payload: "{\"RequestClass\":\"Rule-HTML-Section\",\"RequestAppliesTo\":\"Rule-Connect-HBase\",\"RequestRuleName\":\"pzSpecificationName\"}" => HTTP 404 (18 bytes)
[PegaHttpClient] 📡 POST https://zdk8budo.pegaacademy.net/prweb/api/CodeIntelligence/v1/rules/query?pxObjClass=Rule-HTML-Section&appliesTo=Rule-Connect-HBase&pyRuleName=pzScm_RuleHistory&RequestClass=Rule-HTML-Section&RequestAppliesTo=Rule-Connect-HBase&RequestRuleName=pzScm_RuleHistory Payload: "{\"RequestClass\":\"Rule-HTML-Section\",\"RequestAppliesTo\":\"Rule-Connect-HBase\",\"RequestRuleName\":\"pzScm_RuleHistory\"}" => HTTP 200 (14682 bytes)
[PegaHttpClient] 📡 POST https://zdk8budo.pegaacademy.net/prweb/api/CodeIntelligence/v1/rules/query?pxObjClass=Rule-HTML-Section&appliesTo=Rule-Connect-HBase&pyRuleName=pxDisplayCollaborators&RequestClass=Rule-HTML-Section&RequestAppliesTo=Rule-Connect-HBase&RequestRuleName=pxDisplayCollaborators Payload: "{\"RequestClass\":\"Rule-HTML-Section\",\"RequestAppliesTo\":\"Rule-Connect-HBase\",\"RequestRuleName\":\"pxDisplayCollaborators\"}" => HTTP 200 (94171 bytes)
[PegaHttpClient] 📡 POST https://zdk8budo.pegaacademy.net/prweb/api/CodeIntelligence/v1/rules/query?pxObjClass=Rule-HTML-Section&appliesTo=Rule-Connect-HBase&pyRuleName=pzRuleFormToolbarDeleteCheckOut&RequestClass=Rule-HTML-Section&RequestAppliesTo=Rule-Connect-HBase&RequestRuleName=pzRuleFormToolbarDeleteCheckOut Payload: "{\"RequestClass\":\"Rule-HTML-Section\",\"RequestAppliesTo\":\"Rule-Connect-HBase\",\"RequestRuleName\":\"pzRuleFormToolbarDeleteCheckOut\"}" => HTTP 200 (29433 bytes)
[PegaHttpClient] 📡 POST https://zdk8budo.pegaacademy.net/prweb/api/CodeIntelligence/v1/rules/query?pxObjClass=Rule-HTML-Section&appliesTo=Rule-Connect-HBase&pyRuleName=pzRuleFormToolbarDeleteRule&RequestClass=Rule-HTML-Section&RequestAppliesTo=Rule-Connect-HBase&RequestRuleName=pzRuleFormToolbarDeleteRule Payload: "{\"RequestClass\":\"Rule-HTML-Section\",\"RequestAppliesTo\":\"Rule-Connect-HBase\",\"RequestRuleName\":\"pzRuleFormToolbarDeleteRule\"}" => HTTP 200 (32314 bytes)
[PegaHttpClient] 📡 POST https://zdk8budo.pegaacademy.net/prweb/api/CodeIntelligence/v1/rules/query?pxObjClass=Rule-HTML-Section&appliesTo=Rule-Connect-HBase&pyRuleName=pzLoadCollaborationScripts&RequestClass=Rule-HTML-Section&RequestAppliesTo=Rule-Connect-HBase&RequestRuleName=pzLoadCollaborationScripts Payload: "{\"RequestClass\":\"Rule-HTML-Section\",\"RequestAppliesTo\":\"Rule-Connect-HBase\",\"RequestRuleName\":\"pzLoadCollaborationScripts\"}" => HTTP 200 (23453 bytes)
[PegaHttpClient] 📡 POST https://zdk8budo.pegaacademy.net/prweb/api/CodeIntelligence/v1/rules/query?pxObjClass=Rule-HTML-Section&appliesTo=Rule-Connect-HBase&pyRuleName=pzDisplayCollaboratorsList&RequestClass=Rule-HTML-Section&RequestAppliesTo=Rule-Connect-HBase&RequestRuleName=pzDisplayCollaboratorsList Payload: "{\"RequestClass\":\"Rule-HTML-Section\",\"RequestAppliesTo\":\"Rule-Connect-HBase\",\"RequestRuleName\":\"pzDisplayCollaboratorsList\"}" => HTTP 200 (105418 bytes)
[PegaHttpClient] 📡 POST https://zdk8budo.pegaacademy.net/prweb/api/CodeIntelligence/v1/rules/query?pxObjClass=Rule-HTML-Section&appliesTo=Rule-Connect-HBase&pyRuleName=pyCollaborator&RequestClass=Rule-HTML-Section&RequestAppliesTo=Rule-Connect-HBase&RequestRuleName=pyCollaborator Payload: "{\"RequestClass\":\"Rule-HTML-Section\",\"RequestAppliesTo\":\"Rule-Connect-HBase\",\"RequestRuleName\":\"pyCollaborator\"}" => HTTP 404 (110 bytes)
[PegaHttpClient] 📡 POST https://zdk8budo.pegaacademy.net/prweb/PRRestService/CodeIntelligence/v1/rules/query?pxObjClass=Rule-HTML-Section&appliesTo=Rule-Connect-HBase&pyRuleName=pyCollaborator&RequestClass=Rule-HTML-Section&RequestAppliesTo=Rule-Connect-HBase&RequestRuleName=pyCollaborator Payload: "{\"RequestClass\":\"Rule-HTML-Section\",\"RequestAppliesTo\":\"Rule-Connect-HBase\",\"RequestRuleName\":\"pyCollaborator\"}" => HTTP 404 (110 bytes)
[PegaHttpClient] 📡 POST https://zdk8budo.pegaacademy.net/prweb/api/HRAppsV2Service/V1/rules/query?pxObjClass=Rule-HTML-Section&appliesTo=Rule-Connect-HBase&pyRuleName=pyCollaborator&RequestClass=Rule-HTML-Section&RequestAppliesTo=Rule-Connect-HBase&RequestRuleName=pyCollaborator Payload: "{\"RequestClass\":\"Rule-HTML-Section\",\"RequestAppliesTo\":\"Rule-Connect-HBase\",\"RequestRuleName\":\"pyCollaborator\"}" => HTTP 404 (18 bytes)
[PegaHttpClient] 📡 POST https://zdk8budo.pegaacademy.net/prweb/PRRestService/HRAppsV2Service/V1/rules/query?pxObjClass=Rule-HTML-Section&appliesTo=Rule-Connect-HBase&pyRuleName=pyCollaborator&RequestClass=Rule-HTML-Section&RequestAppliesTo=Rule-Connect-HBase&RequestRuleName=pyCollaborator Payload: "{\"RequestClass\":\"Rule-HTML-Section\",\"RequestAppliesTo\":\"Rule-Connect-HBase\",\"RequestRuleName\":\"pyCollaborator\"}" => HTTP 404 (18 bytes)
[PegaHttpClient] 📡 POST https://zdk8budo.pegaacademy.net/prweb/api/HRAppsV2/V1/rules/query?pxObjClass=Rule-HTML-Section&appliesTo=Rule-Connect-HBase&pyRuleName=pyCollaborator&RequestClass=Rule-HTML-Section&RequestAppliesTo=Rule-Connect-HBase&RequestRuleName=pyCollaborator Payload: "{\"RequestClass\":\"Rule-HTML-Section\",\"RequestAppliesTo\":\"Rule-Connect-HBase\",\"RequestRuleName\":\"pyCollaborator\"}" => HTTP 404 (18 bytes)
[PegaHttpClient] 📡 POST https://zdk8budo.pegaacademy.net/prweb/PRRestService/HRAppsV2/V1/rules/query?pxObjClass=Rule-HTML-Section&appliesTo=Rule-Connect-HBase&pyRuleName=pyCollaborator&RequestClass=Rule-HTML-Section&RequestAppliesTo=Rule-Connect-HBase&RequestRuleName=pyCollaborator Payload: "{\"RequestClass\":\"Rule-HTML-Section\",\"RequestAppliesTo\":\"Rule-Connect-HBase\",\"RequestRuleName\":\"pyCollaborator\"}" => HTTP 404 (18 bytes)
[PegaHttpClient] 📡 POST https://zdk8budo.pegaacademy.net/prweb/api/v1/rules/query?pxObjClass=Rule-HTML-Section&appliesTo=Rule-Connect-HBase&pyRuleName=pyCollaborator&RequestClass=Rule-HTML-Section&RequestAppliesTo=Rule-Connect-HBase&RequestRuleName=pyCollaborator Payload: "{\"RequestClass\":\"Rule-HTML-Section\",\"RequestAppliesTo\":\"Rule-Connect-HBase\",\"RequestRuleName\":\"pyCollaborator\"}" => HTTP 404 (18 bytes)
[PegaHttpClient] 📡 POST https://zdk8budo.pegaacademy.net/prweb/PRRestService/v1/rules/query?pxObjClass=Rule-HTML-Section&appliesTo=Rule-Connect-HBase&pyRuleName=pyCollaborator&RequestClass=Rule-HTML-Section&RequestAppliesTo=Rule-Connect-HBase&RequestRuleName=pyCollaborator Payload: "{\"RequestClass\":\"Rule-HTML-Section\",\"RequestAppliesTo\":\"Rule-Connect-HBase\",\"RequestRuleName\":\"pyCollaborator\"}" => HTTP 404 (18 bytes)
[PegaHttpClient] 📡 POST https://zdk8budo.pegaacademy.net/prweb/api/CodeIntelligence/v1/rules/query?pxObjClass=Rule-HTML-Section&appliesTo=Rule-Connect-HBase&pyRuleName=pzDisplayPartialCount&RequestClass=Rule-HTML-Section&RequestAppliesTo=Rule-Connect-HBase&RequestRuleName=pzDisplayPartialCount Payload: "{\"RequestClass\":\"Rule-HTML-Section\",\"RequestAppliesTo\":\"Rule-Connect-HBase\",\"RequestRuleName\":\"pzDisplayPartialCount\"}" => HTTP 404 (117 bytes)
[PegaHttpClient] 📡 POST https://zdk8budo.pegaacademy.net/prweb/PRRestService/CodeIntelligence/v1/rules/query?pxObjClass=Rule-HTML-Section&appliesTo=Rule-Connect-HBase&pyRuleName=pzDisplayPartialCount&RequestClass=Rule-HTML-Section&RequestAppliesTo=Rule-Connect-HBase&RequestRuleName=pzDisplayPartialCount Payload: "{\"RequestClass\":\"Rule-HTML-Section\",\"RequestAppliesTo\":\"Rule-Connect-HBase\",\"RequestRuleName\":\"pzDisplayPartialCount\"}" => HTTP 404 (117 bytes)
[PegaHttpClient] 📡 POST https://zdk8budo.pegaacademy.net/prweb/api/HRAppsV2Service/V1/rules/query?pxObjClass=Rule-HTML-Section&appliesTo=Rule-Connect-HBase&pyRuleName=pzDisplayPartialCount&RequestClass=Rule-HTML-Section&RequestAppliesTo=Rule-Connect-HBase&RequestRuleName=pzDisplayPartialCount Payload: "{\"RequestClass\":\"Rule-HTML-Section\",\"RequestAppliesTo\":\"Rule-Connect-HBase\",\"RequestRuleName\":\"pzDisplayPartialCount\"}" => HTTP 404 (18 bytes)
[PegaHttpClient] 📡 POST https://zdk8budo.pegaacademy.net/prweb/PRRestService/HRAppsV2Service/V1/rules/query?pxObjClass=Rule-HTML-Section&appliesTo=Rule-Connect-HBase&pyRuleName=pzDisplayPartialCount&RequestClass=Rule-HTML-Section&RequestAppliesTo=Rule-Connect-HBase&RequestRuleName=pzDisplayPartialCount Payload: "{\"RequestClass\":\"Rule-HTML-Section\",\"RequestAppliesTo\":\"Rule-Connect-HBase\",\"RequestRuleName\":\"pzDisplayPartialCount\"}" => HTTP 404 (18 bytes)
[PegaHttpClient] 📡 POST https://zdk8budo.pegaacademy.net/prweb/api/HRAppsV2/V1/rules/query?pxObjClass=Rule-HTML-Section&appliesTo=Rule-Connect-HBase&pyRuleName=pzDisplayPartialCount&RequestClass=Rule-HTML-Section&RequestAppliesTo=Rule-Connect-HBase&RequestRuleName=pzDisplayPartialCount Payload: "{\"RequestClass\":\"Rule-HTML-Section\",\"RequestAppliesTo\":\"Rule-Connect-HBase\",\"RequestRuleName\":\"pzDisplayPartialCount\"}" => HTTP 404 (18 bytes)
[PegaHttpClient] 📡 POST https://zdk8budo.pegaacademy.net/prweb/PRRestService/HRAppsV2/V1/rules/query?pxObjClass=Rule-HTML-Section&appliesTo=Rule-Connect-HBase&pyRuleName=pzDisplayPartialCount&RequestClass=Rule-HTML-Section&RequestAppliesTo=Rule-Connect-HBase&RequestRuleName=pzDisplayPartialCount Payload: "{\"RequestClass\":\"Rule-HTML-Section\",\"RequestAppliesTo\":\"Rule-Connect-HBase\",\"RequestRuleName\":\"pzDisplayPartialCount\"}" => HTTP 404 (18 bytes)
[PegaHttpClient] 📡 POST https://zdk8budo.pegaacademy.net/prweb/api/v1/rules/query?pxObjClass=Rule-HTML-Section&appliesTo=Rule-Connect-HBase&pyRuleName=pzDisplayPartialCount&RequestClass=Rule-HTML-Section&RequestAppliesTo=Rule-Connect-HBase&RequestRuleName=pzDisplayPartialCount Payload: "{\"RequestClass\":\"Rule-HTML-Section\",\"RequestAppliesTo\":\"Rule-Connect-HBase\",\"RequestRuleName\":\"pzDisplayPartialCount\"}" => HTTP 404 (18 bytes)
[PegaHttpClient] 📡 POST https://zdk8budo.pegaacademy.net/prweb/PRRestService/v1/rules/query?pxObjClass=Rule-HTML-Section&appliesTo=Rule-Connect-HBase&pyRuleName=pzDisplayPartialCount&RequestClass=Rule-HTML-Section&RequestAppliesTo=Rule-Connect-HBase&RequestRuleName=pzDisplayPartialCount Payload: "{\"RequestClass\":\"Rule-HTML-Section\",\"RequestAppliesTo\":\"Rule-Connect-HBase\",\"RequestRuleName\":\"pzDisplayPartialCount\"}" => HTTP 404 (18 bytes)
[SchemaGen] ✅ Schema written for Rule-Connect-HBase
[PegaHttpClient] 📡 GET https://zdk8budo.pegaacademy.net/prweb/api/CodeIntelligence/v1/rules/RULE-HTML-HARNESS%20RULE-CONNECT-CASSANDRA%20RULEFORM%20%2320180713T140529.354%20GMT => HTTP 200 (42964 bytes)
[PegaHttpClient] 📡 POST https://zdk8budo.pegaacademy.net/prweb/api/CodeIntelligence/v1/rules/query?pxObjClass=Rule-HTML-Section&appliesTo=Rule-Connect-Cassandra&pyRuleName=RuleFormMain&RequestClass=Rule-HTML-Section&RequestAppliesTo=Rule-Connect-Cassandra&RequestRuleName=RuleFormMain Payload: "{\"RequestClass\":\"Rule-HTML-Section\",\"RequestAppliesTo\":\"Rule-Connect-Cassandra\",\"RequestRuleName\":\"RuleFormMain\"}" => HTTP 200 (156234 bytes)
[PegaHttpClient] 📡 POST https://zdk8budo.pegaacademy.net/prweb/api/CodeIntelligence/v1/rules/query?pxObjClass=Rule-HTML-Section&appliesTo=Rule-Connect-Cassandra&pyRuleName=pxAlternateRuleForm&RequestClass=Rule-HTML-Section&RequestAppliesTo=Rule-Connect-Cassandra&RequestRuleName=pxAlternateRuleForm Payload: "{\"RequestClass\":\"Rule-HTML-Section\",\"RequestAppliesTo\":\"Rule-Connect-Cassandra\",\"RequestRuleName\":\"pxAlternateRuleForm\"}" => HTTP 200 (66153 bytes)
[PegaHttpClient] 📡 POST https://zdk8budo.pegaacademy.net/prweb/api/CodeIntelligence/v1/rules/query?pxObjClass=Rule-HTML-Section&appliesTo=Rule-Connect-Cassandra&pyRuleName=pzRuleFormScripts&RequestClass=Rule-HTML-Section&RequestAppliesTo=Rule-Connect-Cassandra&RequestRuleName=pzRuleFormScripts Payload: "{\"RequestClass\":\"Rule-HTML-Section\",\"RequestAppliesTo\":\"Rule-Connect-Cassandra\",\"RequestRuleName\":\"pzRuleFormScripts\"}" => HTTP 200 (40822 bytes)
[PegaHttpClient] 📡 POST https://zdk8budo.pegaacademy.net/prweb/api/CodeIntelligence/v1/rules/query?pxObjClass=Rule-HTML-Section&appliesTo=Rule-Connect-Cassandra&pyRuleName=pzRuleFormLayoutDelegated&RequestClass=Rule-HTML-Section&RequestAppliesTo=Rule-Connect-Cassandra&RequestRuleName=pzRuleFormLayoutDelegated Payload: "{\"RequestClass\":\"Rule-HTML-Section\",\"RequestAppliesTo\":\"Rule-Connect-Cassandra\",\"RequestRuleName\":\"pzRuleFormLayoutDelegated\"}" => HTTP 200 (70998 bytes)
[PegaHttpClient] 📡 POST https://zdk8budo.pegaacademy.net/prweb/api/CodeIntelligence/v1/rules/query?pxObjClass=Rule-HTML-Section&appliesTo=Rule-Connect-Cassandra&pyRuleName=RuleFormLayout&RequestClass=Rule-HTML-Section&RequestAppliesTo=Rule-Connect-Cassandra&RequestRuleName=RuleFormLayout Payload: "{\"RequestClass\":\"Rule-HTML-Section\",\"RequestAppliesTo\":\"Rule-Connect-Cassandra\",\"RequestRuleName\":\"RuleFormLayout\"}" => HTTP 200 (66967 bytes)
[PegaHttpClient] 📡 POST https://zdk8budo.pegaacademy.net/prweb/api/CodeIntelligence/v1/rules/query?pxObjClass=Rule-HTML-Section&appliesTo=Rule-Connect-Cassandra&pyRuleName=RuleFormSettings&RequestClass=Rule-HTML-Section&RequestAppliesTo=Rule-Connect-Cassandra&RequestRuleName=RuleFormSettings Payload: "{\"RequestClass\":\"Rule-HTML-Section\",\"RequestAppliesTo\":\"Rule-Connect-Cassandra\",\"RequestRuleName\":\"RuleFormSettings\"}" => HTTP 200 (20540 bytes)
[PegaHttpClient] 📡 POST https://zdk8budo.pegaacademy.net/prweb/api/CodeIntelligence/v1/rules/query?pxObjClass=Rule-HTML-Section&appliesTo=Rule-Connect-Cassandra&pyRuleName=OpenAuthoring&RequestClass=Rule-HTML-Section&RequestAppliesTo=Rule-Connect-Cassandra&RequestRuleName=OpenAuthoring Payload: "{\"RequestClass\":\"Rule-HTML-Section\",\"RequestAppliesTo\":\"Rule-Connect-Cassandra\",\"RequestRuleName\":\"OpenAuthoring\"}" => HTTP 200 (23695 bytes)
[PegaHttpClient] 📡 POST https://zdk8budo.pegaacademy.net/prweb/api/CodeIntelligence/v1/rules/query?pxObjClass=Rule-HTML-Section&appliesTo=Rule-Connect-Cassandra&pyRuleName=pyCustomHelp&RequestClass=Rule-HTML-Section&RequestAppliesTo=Rule-Connect-Cassandra&RequestRuleName=pyCustomHelp Payload: "{\"RequestClass\":\"Rule-HTML-Section\",\"RequestAppliesTo\":\"Rule-Connect-Cassandra\",\"RequestRuleName\":\"pyCustomHelp\"}" => HTTP 200 (17256 bytes)
[PegaHttpClient] 📡 POST https://zdk8budo.pegaacademy.net/prweb/api/CodeIntelligence/v1/rules/query?pxObjClass=Rule-HTML-Section&appliesTo=Rule-Connect-Cassandra&pyRuleName=pzRuleformMainInclude&RequestClass=Rule-HTML-Section&RequestAppliesTo=Rule-Connect-Cassandra&RequestRuleName=pzRuleformMainInclude Payload: "{\"RequestClass\":\"Rule-HTML-Section\",\"RequestAppliesTo\":\"Rule-Connect-Cassandra\",\"RequestRuleName\":\"pzRuleformMainInclude\"}" => HTTP 200 (22375 bytes)
[PegaHttpClient] 📡 POST https://zdk8budo.pegaacademy.net/prweb/api/CodeIntelligence/v1/rules/query?pxObjClass=Rule-HTML-Section&appliesTo=Rule-Connect-Cassandra&pyRuleName=pyAlternativeRuleFormStrategicAppExtension&RequestClass=Rule-HTML-Section&RequestAppliesTo=Rule-Connect-Cassandra&RequestRuleName=pyAlternativeRuleFormStrategicAppExtension Payload: "{\"RequestClass\":\"Rule-HTML-Section\",\"RequestAppliesTo\":\"Rule-Connect-Cassandra\",\"RequestRuleName\":\"pyAlternativeRuleFormStrategicAppExtension\"}" => HTTP 200 (25042 bytes)
[PegaHttpClient] 📡 POST https://zdk8budo.pegaacademy.net/prweb/api/CodeIntelligence/v1/rules/query?pxObjClass=Rule-HTML-Section&appliesTo=Rule-Connect-Cassandra&pyRuleName=pyAlternativeRuleFormExtension&RequestClass=Rule-HTML-Section&RequestAppliesTo=Rule-Connect-Cassandra&RequestRuleName=pyAlternativeRuleFormExtension Payload: "{\"RequestClass\":\"Rule-HTML-Section\",\"RequestAppliesTo\":\"Rule-Connect-Cassandra\",\"RequestRuleName\":\"pyAlternativeRuleFormExtension\"}" => HTTP 200 (24863 bytes)
[PegaHttpClient] 📡 POST https://zdk8budo.pegaacademy.net/prweb/api/CodeIntelligence/v1/rules/query?pxObjClass=Rule-HTML-Section&appliesTo=Rule-Connect-Cassandra&pyRuleName=RuleFormHeader&RequestClass=Rule-HTML-Section&RequestAppliesTo=Rule-Connect-Cassandra&RequestRuleName=RuleFormHeader Payload: "{\"RequestClass\":\"Rule-HTML-Section\",\"RequestAppliesTo\":\"Rule-Connect-Cassandra\",\"RequestRuleName\":\"RuleFormHeader\"}" => HTTP 200 (183800 bytes)
[PegaHttpClient] 📡 POST https://zdk8budo.pegaacademy.net/prweb/api/CodeIntelligence/v1/rules/query?pxObjClass=Rule-HTML-Section&appliesTo=Rule-Connect-Cassandra&pyRuleName=pzDelegationExperience&RequestClass=Rule-HTML-Section&RequestAppliesTo=Rule-Connect-Cassandra&RequestRuleName=pzDelegationExperience Payload: "{\"RequestClass\":\"Rule-HTML-Section\",\"RequestAppliesTo\":\"Rule-Connect-Cassandra\",\"RequestRuleName\":\"pzDelegationExperience\"}" => HTTP 404 (122 bytes)
[PegaHttpClient] 📡 POST https://zdk8budo.pegaacademy.net/prweb/PRRestService/CodeIntelligence/v1/rules/query?pxObjClass=Rule-HTML-Section&appliesTo=Rule-Connect-Cassandra&pyRuleName=pzDelegationExperience&RequestClass=Rule-HTML-Section&RequestAppliesTo=Rule-Connect-Cassandra&RequestRuleName=pzDelegationExperience Payload: "{\"RequestClass\":\"Rule-HTML-Section\",\"RequestAppliesTo\":\"Rule-Connect-Cassandra\",\"RequestRuleName\":\"pzDelegationExperience\"}" => HTTP 404 (122 bytes)
[PegaHttpClient] 📡 POST https://zdk8budo.pegaacademy.net/prweb/api/HRAppsV2Service/V1/rules/query?pxObjClass=Rule-HTML-Section&appliesTo=Rule-Connect-Cassandra&pyRuleName=pzDelegationExperience&RequestClass=Rule-HTML-Section&RequestAppliesTo=Rule-Connect-Cassandra&RequestRuleName=pzDelegationExperience Payload: "{\"RequestClass\":\"Rule-HTML-Section\",\"RequestAppliesTo\":\"Rule-Connect-Cassandra\",\"RequestRuleName\":\"pzDelegationExperience\"}" => HTTP 404 (18 bytes)
[PegaHttpClient] 📡 POST https://zdk8budo.pegaacademy.net/prweb/PRRestService/HRAppsV2Service/V1/rules/query?pxObjClass=Rule-HTML-Section&appliesTo=Rule-Connect-Cassandra&pyRuleName=pzDelegationExperience&RequestClass=Rule-HTML-Section&RequestAppliesTo=Rule-Connect-Cassandra&RequestRuleName=pzDelegationExperience Payload: "{\"RequestClass\":\"Rule-HTML-Section\",\"RequestAppliesTo\":\"Rule-Connect-Cassandra\",\"RequestRuleName\":\"pzDelegationExperience\"}" => HTTP 404 (18 bytes)
[PegaHttpClient] 📡 POST https://zdk8budo.pegaacademy.net/prweb/api/HRAppsV2/V1/rules/query?pxObjClass=Rule-HTML-Section&appliesTo=Rule-Connect-Cassandra&pyRuleName=pzDelegationExperience&RequestClass=Rule-HTML-Section&RequestAppliesTo=Rule-Connect-Cassandra&RequestRuleName=pzDelegationExperience Payload: "{\"RequestClass\":\"Rule-HTML-Section\",\"RequestAppliesTo\":\"Rule-Connect-Cassandra\",\"RequestRuleName\":\"pzDelegationExperience\"}" => HTTP 404 (18 bytes)
[PegaHttpClient] 📡 POST https://zdk8budo.pegaacademy.net/prweb/PRRestService/HRAppsV2/V1/rules/query?pxObjClass=Rule-HTML-Section&appliesTo=Rule-Connect-Cassandra&pyRuleName=pzDelegationExperience&RequestClass=Rule-HTML-Section&RequestAppliesTo=Rule-Connect-Cassandra&RequestRuleName=pzDelegationExperience Payload: "{\"RequestClass\":\"Rule-HTML-Section\",\"RequestAppliesTo\":\"Rule-Connect-Cassandra\",\"RequestRuleName\":\"pzDelegationExperience\"}" => HTTP 404 (18 bytes)
[PegaHttpClient] 📡 POST https://zdk8budo.pegaacademy.net/prweb/api/v1/rules/query?pxObjClass=Rule-HTML-Section&appliesTo=Rule-Connect-Cassandra&pyRuleName=pzDelegationExperience&RequestClass=Rule-HTML-Section&RequestAppliesTo=Rule-Connect-Cassandra&RequestRuleName=pzDelegationExperience Payload: "{\"RequestClass\":\"Rule-HTML-Section\",\"RequestAppliesTo\":\"Rule-Connect-Cassandra\",\"RequestRuleName\":\"pzDelegationExperience\"}" => HTTP 404 (18 bytes)
[PegaHttpClient] 📡 POST https://zdk8budo.pegaacademy.net/prweb/PRRestService/v1/rules/query?pxObjClass=Rule-HTML-Section&appliesTo=Rule-Connect-Cassandra&pyRuleName=pzDelegationExperience&RequestClass=Rule-HTML-Section&RequestAppliesTo=Rule-Connect-Cassandra&RequestRuleName=pzDelegationExperience Payload: "{\"RequestClass\":\"Rule-HTML-Section\",\"RequestAppliesTo\":\"Rule-Connect-Cassandra\",\"RequestRuleName\":\"pzDelegationExperience\"}" => HTTP 404 (18 bytes)
[PegaHttpClient] 📡 POST https://zdk8budo.pegaacademy.net/prweb/api/CodeIntelligence/v1/rules/query?pxObjClass=Rule-HTML-Section&appliesTo=Rule-Connect-Cassandra&pyRuleName=pzService&RequestClass=Rule-HTML-Section&RequestAppliesTo=Rule-Connect-Cassandra&RequestRuleName=pzService Payload: "{\"RequestClass\":\"Rule-HTML-Section\",\"RequestAppliesTo\":\"Rule-Connect-Cassandra\",\"RequestRuleName\":\"pzService\"}" => HTTP 200 (249579 bytes)
[PegaHttpClient] 📡 POST https://zdk8budo.pegaacademy.net/prweb/api/CodeIntelligence/v1/rules/query?pxObjClass=Rule-HTML-Section&appliesTo=Rule-Connect-Cassandra&pyRuleName=pzMappings&RequestClass=Rule-HTML-Section&RequestAppliesTo=Rule-Connect-Cassandra&RequestRuleName=pzMappings Payload: "{\"RequestClass\":\"Rule-HTML-Section\",\"RequestAppliesTo\":\"Rule-Connect-Cassandra\",\"RequestRuleName\":\"pzMappings\"}" => HTTP 200 (87374 bytes)
[PegaHttpClient] 📡 POST https://zdk8budo.pegaacademy.net/prweb/api/CodeIntelligence/v1/rules/query?pxObjClass=Rule-HTML-Section&appliesTo=Rule-Connect-Cassandra&pyRuleName=pzSpecifications&RequestClass=Rule-HTML-Section&RequestAppliesTo=Rule-Connect-Cassandra&RequestRuleName=pzSpecifications Payload: "{\"RequestClass\":\"Rule-HTML-Section\",\"RequestAppliesTo\":\"Rule-Connect-Cassandra\",\"RequestRuleName\":\"pzSpecifications\"}" => HTTP 200 (16577 bytes)
[PegaHttpClient] 📡 POST https://zdk8budo.pegaacademy.net/prweb/api/CodeIntelligence/v1/rules/query?pxObjClass=Rule-HTML-Section&appliesTo=Rule-Connect-Cassandra&pyRuleName=RuleFormHistory&RequestClass=Rule-HTML-Section&RequestAppliesTo=Rule-Connect-Cassandra&RequestRuleName=RuleFormHistory Payload: "{\"RequestClass\":\"Rule-HTML-Section\",\"RequestAppliesTo\":\"Rule-Connect-Cassandra\",\"RequestRuleName\":\"RuleFormHistory\"}" => HTTP 200 (76091 bytes)
[PegaHttpClient] 📡 POST https://zdk8budo.pegaacademy.net/prweb/api/CodeIntelligence/v1/rules/query?pxObjClass=Rule-HTML-Section&appliesTo=Rule-Connect-Cassandra&pyRuleName=pzCustomHelp&RequestClass=Rule-HTML-Section&RequestAppliesTo=Rule-Connect-Cassandra&RequestRuleName=pzCustomHelp Payload: "{\"RequestClass\":\"Rule-HTML-Section\",\"RequestAppliesTo\":\"Rule-Connect-Cassandra\",\"RequestRuleName\":\"pzCustomHelp\"}" => HTTP 200 (31573 bytes)
[PegaHttpClient] 📡 POST https://zdk8budo.pegaacademy.net/prweb/api/CodeIntelligence/v1/rules/query?pxObjClass=Rule-HTML-Section&appliesTo=Rule-Connect-Cassandra&pyRuleName=pzRuleFormKeysAndDescription&RequestClass=Rule-HTML-Section&RequestAppliesTo=Rule-Connect-Cassandra&RequestRuleName=pzRuleFormKeysAndDescription Payload: "{\"RequestClass\":\"Rule-HTML-Section\",\"RequestAppliesTo\":\"Rule-Connect-Cassandra\",\"RequestRuleName\":\"pzRuleFormKeysAndDescription\"}" => HTTP 200 (218057 bytes)
[PegaHttpClient] 📡 POST https://zdk8budo.pegaacademy.net/prweb/api/CodeIntelligence/v1/rules/query?pxObjClass=Rule-HTML-Section&appliesTo=Rule-Connect-Cassandra&pyRuleName=pzRuleFormRuleset&RequestClass=Rule-HTML-Section&RequestAppliesTo=Rule-Connect-Cassandra&RequestRuleName=pzRuleFormRuleset Payload: "{\"RequestClass\":\"Rule-HTML-Section\",\"RequestAppliesTo\":\"Rule-Connect-Cassandra\",\"RequestRuleName\":\"pzRuleFormRuleset\"}" => HTTP 200 (33985 bytes)
[PegaHttpClient] 📡 POST https://zdk8budo.pegaacademy.net/prweb/api/CodeIntelligence/v1/rules/query?pxObjClass=Rule-HTML-Section&appliesTo=Rule-Connect-Cassandra&pyRuleName=undefined&RequestClass=Rule-HTML-Section&RequestAppliesTo=Rule-Connect-Cassandra&RequestRuleName=undefined Payload: "{\"RequestClass\":\"Rule-HTML-Section\",\"RequestAppliesTo\":\"Rule-Connect-Cassandra\",\"RequestRuleName\":\"undefined\"}" => HTTP 404 (109 bytes)
[PegaHttpClient] 📡 POST https://zdk8budo.pegaacademy.net/prweb/PRRestService/CodeIntelligence/v1/rules/query?pxObjClass=Rule-HTML-Section&appliesTo=Rule-Connect-Cassandra&pyRuleName=undefined&RequestClass=Rule-HTML-Section&RequestAppliesTo=Rule-Connect-Cassandra&RequestRuleName=undefined Payload: "{\"RequestClass\":\"Rule-HTML-Section\",\"RequestAppliesTo\":\"Rule-Connect-Cassandra\",\"RequestRuleName\":\"undefined\"}" => HTTP 404 (109 bytes)
[PegaHttpClient] 📡 POST https://zdk8budo.pegaacademy.net/prweb/api/HRAppsV2Service/V1/rules/query?pxObjClass=Rule-HTML-Section&appliesTo=Rule-Connect-Cassandra&pyRuleName=undefined&RequestClass=Rule-HTML-Section&RequestAppliesTo=Rule-Connect-Cassandra&RequestRuleName=undefined Payload: "{\"RequestClass\":\"Rule-HTML-Section\",\"RequestAppliesTo\":\"Rule-Connect-Cassandra\",\"RequestRuleName\":\"undefined\"}" => HTTP 404 (18 bytes)
[PegaHttpClient] 📡 POST https://zdk8budo.pegaacademy.net/prweb/PRRestService/HRAppsV2Service/V1/rules/query?pxObjClass=Rule-HTML-Section&appliesTo=Rule-Connect-Cassandra&pyRuleName=undefined&RequestClass=Rule-HTML-Section&RequestAppliesTo=Rule-Connect-Cassandra&RequestRuleName=undefined Payload: "{\"RequestClass\":\"Rule-HTML-Section\",\"RequestAppliesTo\":\"Rule-Connect-Cassandra\",\"RequestRuleName\":\"undefined\"}" => HTTP 404 (18 bytes)
[PegaHttpClient] 📡 POST https://zdk8budo.pegaacademy.net/prweb/api/HRAppsV2/V1/rules/query?pxObjClass=Rule-HTML-Section&appliesTo=Rule-Connect-Cassandra&pyRuleName=undefined&RequestClass=Rule-HTML-Section&RequestAppliesTo=Rule-Connect-Cassandra&RequestRuleName=undefined Payload: "{\"RequestClass\":\"Rule-HTML-Section\",\"RequestAppliesTo\":\"Rule-Connect-Cassandra\",\"RequestRuleName\":\"undefined\"}" => HTTP 404 (18 bytes)
[PegaHttpClient] 📡 POST https://zdk8budo.pegaacademy.net/prweb/PRRestService/HRAppsV2/V1/rules/query?pxObjClass=Rule-HTML-Section&appliesTo=Rule-Connect-Cassandra&pyRuleName=undefined&RequestClass=Rule-HTML-Section&RequestAppliesTo=Rule-Connect-Cassandra&RequestRuleName=undefined Payload: "{\"RequestClass\":\"Rule-HTML-Section\",\"RequestAppliesTo\":\"Rule-Connect-Cassandra\",\"RequestRuleName\":\"undefined\"}" => HTTP 404 (18 bytes)
[PegaHttpClient] 📡 POST https://zdk8budo.pegaacademy.net/prweb/api/v1/rules/query?pxObjClass=Rule-HTML-Section&appliesTo=Rule-Connect-Cassandra&pyRuleName=undefined&RequestClass=Rule-HTML-Section&RequestAppliesTo=Rule-Connect-Cassandra&RequestRuleName=undefined Payload: "{\"RequestClass\":\"Rule-HTML-Section\",\"RequestAppliesTo\":\"Rule-Connect-Cassandra\",\"RequestRuleName\":\"undefined\"}" => HTTP 404 (18 bytes)
[PegaHttpClient] 📡 POST https://zdk8budo.pegaacademy.net/prweb/PRRestService/v1/rules/query?pxObjClass=Rule-HTML-Section&appliesTo=Rule-Connect-Cassandra&pyRuleName=undefined&RequestClass=Rule-HTML-Section&RequestAppliesTo=Rule-Connect-Cassandra&RequestRuleName=undefined Payload: "{\"RequestClass\":\"Rule-HTML-Section\",\"RequestAppliesTo\":\"Rule-Connect-Cassandra\",\"RequestRuleName\":\"undefined\"}" => HTTP 404 (18 bytes)
[PegaHttpClient] 📡 POST https://zdk8budo.pegaacademy.net/prweb/api/CodeIntelligence/v1/rules/query?pxObjClass=Rule-HTML-Section&appliesTo=Rule-Connect-Cassandra&pyRuleName=pzRuleFormToolbar&RequestClass=Rule-HTML-Section&RequestAppliesTo=Rule-Connect-Cassandra&RequestRuleName=pzRuleFormToolbar Payload: "{\"RequestClass\":\"Rule-HTML-Section\",\"RequestAppliesTo\":\"Rule-Connect-Cassandra\",\"RequestRuleName\":\"pzRuleFormToolbar\"}" => HTTP 200 (242691 bytes)
[PegaHttpClient] 📡 POST https://zdk8budo.pegaacademy.net/prweb/api/CodeIntelligence/v1/rules/query?pxObjClass=Rule-HTML-Section&appliesTo=Rule-Connect-Cassandra&pyRuleName=pzRuleFormToolbarCompare&RequestClass=Rule-HTML-Section&RequestAppliesTo=Rule-Connect-Cassandra&RequestRuleName=pzRuleFormToolbarCompare Payload: "{\"RequestClass\":\"Rule-HTML-Section\",\"RequestAppliesTo\":\"Rule-Connect-Cassandra\",\"RequestRuleName\":\"pzRuleFormToolbarCompare\"}" => HTTP 200 (61925 bytes)
[PegaHttpClient] 📡 POST https://zdk8budo.pegaacademy.net/prweb/api/CodeIntelligence/v1/rules/query?pxObjClass=Rule-HTML-Section&appliesTo=Rule-Connect-Cassandra&pyRuleName=RuleFormHeaderMessages&RequestClass=Rule-HTML-Section&RequestAppliesTo=Rule-Connect-Cassandra&RequestRuleName=RuleFormHeaderMessages Payload: "{\"RequestClass\":\"Rule-HTML-Section\",\"RequestAppliesTo\":\"Rule-Connect-Cassandra\",\"RequestRuleName\":\"RuleFormHeaderMessages\"}" => HTTP 200 (26518 bytes)
[PegaHttpClient] 📡 POST https://zdk8budo.pegaacademy.net/prweb/api/CodeIntelligence/v1/rules/query?pxObjClass=Rule-HTML-Section&appliesTo=Rule-Connect-Cassandra&pyRuleName=pzMessages&RequestClass=Rule-HTML-Section&RequestAppliesTo=Rule-Connect-Cassandra&RequestRuleName=pzMessages Payload: "{\"RequestClass\":\"Rule-HTML-Section\",\"RequestAppliesTo\":\"Rule-Connect-Cassandra\",\"RequestRuleName\":\"pzMessages\"}" => HTTP 200 (45576 bytes)
[PegaHttpClient] 📡 POST https://zdk8budo.pegaacademy.net/prweb/api/CodeIntelligence/v1/rules/query?pxObjClass=Rule-HTML-Section&appliesTo=Rule-Connect-Cassandra&pyRuleName=pzSimulationDetails&RequestClass=Rule-HTML-Section&RequestAppliesTo=Rule-Connect-Cassandra&RequestRuleName=pzSimulationDetails Payload: "{\"RequestClass\":\"Rule-HTML-Section\",\"RequestAppliesTo\":\"Rule-Connect-Cassandra\",\"RequestRuleName\":\"pzSimulationDetails\"}" => HTTP 200 (23151 bytes)
[PegaHttpClient] 📡 POST https://zdk8budo.pegaacademy.net/prweb/api/CodeIntelligence/v1/rules/query?pxObjClass=Rule-HTML-Section&appliesTo=Rule-Connect-Cassandra&pyRuleName=pzBusyIndicator&RequestClass=Rule-HTML-Section&RequestAppliesTo=Rule-Connect-Cassandra&RequestRuleName=pzBusyIndicator Payload: "{\"RequestClass\":\"Rule-HTML-Section\",\"RequestAppliesTo\":\"Rule-Connect-Cassandra\",\"RequestRuleName\":\"pzBusyIndicator\"}" => HTTP 200 (18942 bytes)
[PegaHttpClient] 📡 POST https://zdk8budo.pegaacademy.net/prweb/api/CodeIntelligence/v1/rules/query?pxObjClass=Rule-HTML-Section&appliesTo=Rule-Connect-Cassandra&pyRuleName=pzSimulationButton&RequestClass=Rule-HTML-Section&RequestAppliesTo=Rule-Connect-Cassandra&RequestRuleName=pzSimulationButton Payload: "{\"RequestClass\":\"Rule-HTML-Section\",\"RequestAppliesTo\":\"Rule-Connect-Cassandra\",\"RequestRuleName\":\"pzSimulationButton\"}" => HTTP 200 (21583 bytes)
[PegaHttpClient] 📡 POST https://zdk8budo.pegaacademy.net/prweb/api/CodeIntelligence/v1/rules/query?pxObjClass=Rule-HTML-Section&appliesTo=Rule-Connect-Cassandra&pyRuleName=pyMappingsTable&RequestClass=Rule-HTML-Section&RequestAppliesTo=Rule-Connect-Cassandra&RequestRuleName=pyMappingsTable Payload: "{\"RequestClass\":\"Rule-HTML-Section\",\"RequestAppliesTo\":\"Rule-Connect-Cassandra\",\"RequestRuleName\":\"pyMappingsTable\"}" => HTTP 404 (115 bytes)
[PegaHttpClient] 📡 POST https://zdk8budo.pegaacademy.net/prweb/PRRestService/CodeIntelligence/v1/rules/query?pxObjClass=Rule-HTML-Section&appliesTo=Rule-Connect-Cassandra&pyRuleName=pyMappingsTable&RequestClass=Rule-HTML-Section&RequestAppliesTo=Rule-Connect-Cassandra&RequestRuleName=pyMappingsTable Payload: "{\"RequestClass\":\"Rule-HTML-Section\",\"RequestAppliesTo\":\"Rule-Connect-Cassandra\",\"RequestRuleName\":\"pyMappingsTable\"}" => HTTP 404 (115 bytes)
[PegaHttpClient] 📡 POST https://zdk8budo.pegaacademy.net/prweb/api/HRAppsV2Service/V1/rules/query?pxObjClass=Rule-HTML-Section&appliesTo=Rule-Connect-Cassandra&pyRuleName=pyMappingsTable&RequestClass=Rule-HTML-Section&RequestAppliesTo=Rule-Connect-Cassandra&RequestRuleName=pyMappingsTable Payload: "{\"RequestClass\":\"Rule-HTML-Section\",\"RequestAppliesTo\":\"Rule-Connect-Cassandra\",\"RequestRuleName\":\"pyMappingsTable\"}" => HTTP 404 (18 bytes)
[PegaHttpClient] 📡 POST https://zdk8budo.pegaacademy.net/prweb/PRRestService/HRAppsV2Service/V1/rules/query?pxObjClass=Rule-HTML-Section&appliesTo=Rule-Connect-Cassandra&pyRuleName=pyMappingsTable&RequestClass=Rule-HTML-Section&RequestAppliesTo=Rule-Connect-Cassandra&RequestRuleName=pyMappingsTable Payload: "{\"RequestClass\":\"Rule-HTML-Section\",\"RequestAppliesTo\":\"Rule-Connect-Cassandra\",\"RequestRuleName\":\"pyMappingsTable\"}" => HTTP 404 (18 bytes)
[PegaHttpClient] 📡 POST https://zdk8budo.pegaacademy.net/prweb/api/HRAppsV2/V1/rules/query?pxObjClass=Rule-HTML-Section&appliesTo=Rule-Connect-Cassandra&pyRuleName=pyMappingsTable&RequestClass=Rule-HTML-Section&RequestAppliesTo=Rule-Connect-Cassandra&RequestRuleName=pyMappingsTable Payload: "{\"RequestClass\":\"Rule-HTML-Section\",\"RequestAppliesTo\":\"Rule-Connect-Cassandra\",\"RequestRuleName\":\"pyMappingsTable\"}" => HTTP 404 (18 bytes)
[PegaHttpClient] 📡 POST https://zdk8budo.pegaacademy.net/prweb/PRRestService/HRAppsV2/V1/rules/query?pxObjClass=Rule-HTML-Section&appliesTo=Rule-Connect-Cassandra&pyRuleName=pyMappingsTable&RequestClass=Rule-HTML-Section&RequestAppliesTo=Rule-Connect-Cassandra&RequestRuleName=pyMappingsTable Payload: "{\"RequestClass\":\"Rule-HTML-Section\",\"RequestAppliesTo\":\"Rule-Connect-Cassandra\",\"RequestRuleName\":\"pyMappingsTable\"}" => HTTP 404 (18 bytes)
[PegaHttpClient] 📡 POST https://zdk8budo.pegaacademy.net/prweb/api/v1/rules/query?pxObjClass=Rule-HTML-Section&appliesTo=Rule-Connect-Cassandra&pyRuleName=pyMappingsTable&RequestClass=Rule-HTML-Section&RequestAppliesTo=Rule-Connect-Cassandra&RequestRuleName=pyMappingsTable Payload: "{\"RequestClass\":\"Rule-HTML-Section\",\"RequestAppliesTo\":\"Rule-Connect-Cassandra\",\"RequestRuleName\":\"pyMappingsTable\"}" => HTTP 404 (18 bytes)
[PegaHttpClient] 📡 POST https://zdk8budo.pegaacademy.net/prweb/PRRestService/v1/rules/query?pxObjClass=Rule-HTML-Section&appliesTo=Rule-Connect-Cassandra&pyRuleName=pyMappingsTable&RequestClass=Rule-HTML-Section&RequestAppliesTo=Rule-Connect-Cassandra&RequestRuleName=pyMappingsTable Payload: "{\"RequestClass\":\"Rule-HTML-Section\",\"RequestAppliesTo\":\"Rule-Connect-Cassandra\",\"RequestRuleName\":\"pyMappingsTable\"}" => HTTP 404 (18 bytes)
[PegaHttpClient] 📡 POST https://zdk8budo.pegaacademy.net/prweb/api/CodeIntelligence/v1/rules/query?pxObjClass=Rule-HTML-Section&appliesTo=Rule-Connect-Cassandra&pyRuleName=pzSpecificationsInner&RequestClass=Rule-HTML-Section&RequestAppliesTo=Rule-Connect-Cassandra&RequestRuleName=pzSpecificationsInner Payload: "{\"RequestClass\":\"Rule-HTML-Section\",\"RequestAppliesTo\":\"Rule-Connect-Cassandra\",\"RequestRuleName\":\"pzSpecificationsInner\"}" => HTTP 200 (142370 bytes)
[PegaHttpClient] 📡 POST https://zdk8budo.pegaacademy.net/prweb/api/CodeIntelligence/v1/rules/query?pxObjClass=Rule-HTML-Section&appliesTo=Rule-Connect-Cassandra&pyRuleName=pzAlternateRuleInfo&RequestClass=Rule-HTML-Section&RequestAppliesTo=Rule-Connect-Cassandra&RequestRuleName=pzAlternateRuleInfo Payload: "{\"RequestClass\":\"Rule-HTML-Section\",\"RequestAppliesTo\":\"Rule-Connect-Cassandra\",\"RequestRuleName\":\"pzAlternateRuleInfo\"}" => HTTP 200 (140407 bytes)
[PegaHttpClient] 📡 POST https://zdk8budo.pegaacademy.net/prweb/api/CodeIntelligence/v1/rules/query?pxObjClass=Rule-HTML-Section&appliesTo=Rule-Connect-Cassandra&pyRuleName=RuleFormHistory_Description&RequestClass=Rule-HTML-Section&RequestAppliesTo=Rule-Connect-Cassandra&RequestRuleName=RuleFormHistory_Description Payload: "{\"RequestClass\":\"Rule-HTML-Section\",\"RequestAppliesTo\":\"Rule-Connect-Cassandra\",\"RequestRuleName\":\"RuleFormHistory_Description\"}" => HTTP 200 (46242 bytes)
[PegaHttpClient] 📡 POST https://zdk8budo.pegaacademy.net/prweb/api/CodeIntelligence/v1/rules/query?pxObjClass=Rule-HTML-Section&appliesTo=Rule-Connect-Cassandra&pyRuleName=RuleFormHistory_CustomFields&RequestClass=Rule-HTML-Section&RequestAppliesTo=Rule-Connect-Cassandra&RequestRuleName=RuleFormHistory_CustomFields Payload: "{\"RequestClass\":\"Rule-HTML-Section\",\"RequestAppliesTo\":\"Rule-Connect-Cassandra\",\"RequestRuleName\":\"RuleFormHistory_CustomFields\"}" => HTTP 200 (75856 bytes)
[PegaHttpClient] 📡 POST https://zdk8budo.pegaacademy.net/prweb/api/CodeIntelligence/v1/rules/query?pxObjClass=Rule-HTML-Section&appliesTo=Rule-Connect-Cassandra&pyRuleName=RuleFormHistory_HistoryDetails&RequestClass=Rule-HTML-Section&RequestAppliesTo=Rule-Connect-Cassandra&RequestRuleName=RuleFormHistory_HistoryDetails Payload: "{\"RequestClass\":\"Rule-HTML-Section\",\"RequestAppliesTo\":\"Rule-Connect-Cassandra\",\"RequestRuleName\":\"RuleFormHistory_HistoryDetails\"}" => HTTP 200 (179535 bytes)
[PegaHttpClient] 📡 POST https://zdk8budo.pegaacademy.net/prweb/api/CodeIntelligence/v1/rules/query?pxObjClass=Rule-HTML-Section&appliesTo=Rule-Connect-Cassandra&pyRuleName=pzRuleFormStatus&RequestClass=Rule-HTML-Section&RequestAppliesTo=Rule-Connect-Cassandra&RequestRuleName=pzRuleFormStatus Payload: "{\"RequestClass\":\"Rule-HTML-Section\",\"RequestAppliesTo\":\"Rule-Connect-Cassandra\",\"RequestRuleName\":\"pzRuleFormStatus\"}" => HTTP 200 (97627 bytes)
[PegaHttpClient] 📡 POST https://zdk8budo.pegaacademy.net/prweb/api/CodeIntelligence/v1/rules/query?pxObjClass=Rule-HTML-Section&appliesTo=Rule-Connect-Cassandra&pyRuleName=pzRuleFormHeaderCompareWithDropDown&RequestClass=Rule-HTML-Section&RequestAppliesTo=Rule-Connect-Cassandra&RequestRuleName=pzRuleFormHeaderCompareWithDropDown Payload: "{\"RequestClass\":\"Rule-HTML-Section\",\"RequestAppliesTo\":\"Rule-Connect-Cassandra\",\"RequestRuleName\":\"pzRuleFormHeaderCompareWithDropDown\"}" => HTTP 200 (25396 bytes)
[PegaHttpClient] 📡 POST https://zdk8budo.pegaacademy.net/prweb/api/CodeIntelligence/v1/rules/query?pxObjClass=Rule-HTML-Section&appliesTo=Rule-Connect-Cassandra&pyRuleName=undefined&RequestClass=Rule-HTML-Section&RequestAppliesTo=Rule-Connect-Cassandra&RequestRuleName=undefined Payload: "{\"RequestClass\":\"Rule-HTML-Section\",\"RequestAppliesTo\":\"Rule-Connect-Cassandra\",\"RequestRuleName\":\"undefined\"}" => HTTP 404 (109 bytes)
[PegaHttpClient] 📡 POST https://zdk8budo.pegaacademy.net/prweb/PRRestService/CodeIntelligence/v1/rules/query?pxObjClass=Rule-HTML-Section&appliesTo=Rule-Connect-Cassandra&pyRuleName=undefined&RequestClass=Rule-HTML-Section&RequestAppliesTo=Rule-Connect-Cassandra&RequestRuleName=undefined Payload: "{\"RequestClass\":\"Rule-HTML-Section\",\"RequestAppliesTo\":\"Rule-Connect-Cassandra\",\"RequestRuleName\":\"undefined\"}" => HTTP 404 (109 bytes)
[PegaHttpClient] 📡 POST https://zdk8budo.pegaacademy.net/prweb/api/HRAppsV2Service/V1/rules/query?pxObjClass=Rule-HTML-Section&appliesTo=Rule-Connect-Cassandra&pyRuleName=undefined&RequestClass=Rule-HTML-Section&RequestAppliesTo=Rule-Connect-Cassandra&RequestRuleName=undefined Payload: "{\"RequestClass\":\"Rule-HTML-Section\",\"RequestAppliesTo\":\"Rule-Connect-Cassandra\",\"RequestRuleName\":\"undefined\"}" => HTTP 404 (18 bytes)
[PegaHttpClient] 📡 POST https://zdk8budo.pegaacademy.net/prweb/PRRestService/HRAppsV2Service/V1/rules/query?pxObjClass=Rule-HTML-Section&appliesTo=Rule-Connect-Cassandra&pyRuleName=undefined&RequestClass=Rule-HTML-Section&RequestAppliesTo=Rule-Connect-Cassandra&RequestRuleName=undefined Payload: "{\"RequestClass\":\"Rule-HTML-Section\",\"RequestAppliesTo\":\"Rule-Connect-Cassandra\",\"RequestRuleName\":\"undefined\"}" => HTTP 404 (18 bytes)
[PegaHttpClient] 📡 POST https://zdk8budo.pegaacademy.net/prweb/api/HRAppsV2/V1/rules/query?pxObjClass=Rule-HTML-Section&appliesTo=Rule-Connect-Cassandra&pyRuleName=undefined&RequestClass=Rule-HTML-Section&RequestAppliesTo=Rule-Connect-Cassandra&RequestRuleName=undefined Payload: "{\"RequestClass\":\"Rule-HTML-Section\",\"RequestAppliesTo\":\"Rule-Connect-Cassandra\",\"RequestRuleName\":\"undefined\"}" => HTTP 404 (18 bytes)
[PegaHttpClient] 📡 POST https://zdk8budo.pegaacademy.net/prweb/PRRestService/HRAppsV2/V1/rules/query?pxObjClass=Rule-HTML-Section&appliesTo=Rule-Connect-Cassandra&pyRuleName=undefined&RequestClass=Rule-HTML-Section&RequestAppliesTo=Rule-Connect-Cassandra&RequestRuleName=undefined Payload: "{\"RequestClass\":\"Rule-HTML-Section\",\"RequestAppliesTo\":\"Rule-Connect-Cassandra\",\"RequestRuleName\":\"undefined\"}" => HTTP 404 (18 bytes)
[PegaHttpClient] 📡 POST https://zdk8budo.pegaacademy.net/prweb/api/v1/rules/query?pxObjClass=Rule-HTML-Section&appliesTo=Rule-Connect-Cassandra&pyRuleName=undefined&RequestClass=Rule-HTML-Section&RequestAppliesTo=Rule-Connect-Cassandra&RequestRuleName=undefined Payload: "{\"RequestClass\":\"Rule-HTML-Section\",\"RequestAppliesTo\":\"Rule-Connect-Cassandra\",\"RequestRuleName\":\"undefined\"}" => HTTP 404 (18 bytes)
[PegaHttpClient] 📡 POST https://zdk8budo.pegaacademy.net/prweb/PRRestService/v1/rules/query?pxObjClass=Rule-HTML-Section&appliesTo=Rule-Connect-Cassandra&pyRuleName=undefined&RequestClass=Rule-HTML-Section&RequestAppliesTo=Rule-Connect-Cassandra&RequestRuleName=undefined Payload: "{\"RequestClass\":\"Rule-HTML-Section\",\"RequestAppliesTo\":\"Rule-Connect-Cassandra\",\"RequestRuleName\":\"undefined\"}" => HTTP 404 (18 bytes)
[PegaHttpClient] 📡 POST https://zdk8budo.pegaacademy.net/prweb/api/CodeIntelligence/v1/rules/query?pxObjClass=Rule-HTML-Section&appliesTo=Rule-Connect-Cassandra&pyRuleName=pzRuleFormToolbarHotKeys&RequestClass=Rule-HTML-Section&RequestAppliesTo=Rule-Connect-Cassandra&RequestRuleName=pzRuleFormToolbarHotKeys Payload: "{\"RequestClass\":\"Rule-HTML-Section\",\"RequestAppliesTo\":\"Rule-Connect-Cassandra\",\"RequestRuleName\":\"pzRuleFormToolbarHotKeys\"}" => HTTP 200 (85058 bytes)
[PegaHttpClient] 📡 POST https://zdk8budo.pegaacademy.net/prweb/api/CodeIntelligence/v1/rules/query?pxObjClass=Rule-HTML-Section&appliesTo=Rule-Connect-Cassandra&pyRuleName=pzRuleFormToolbarLockedIcon&RequestClass=Rule-HTML-Section&RequestAppliesTo=Rule-Connect-Cassandra&RequestRuleName=pzRuleFormToolbarLockedIcon Payload: "{\"RequestClass\":\"Rule-HTML-Section\",\"RequestAppliesTo\":\"Rule-Connect-Cassandra\",\"RequestRuleName\":\"pzRuleFormToolbarLockedIcon\"}" => HTTP 200 (24898 bytes)
[PegaHttpClient] 📡 POST https://zdk8budo.pegaacademy.net/prweb/api/CodeIntelligence/v1/rules/query?pxObjClass=Rule-HTML-Section&appliesTo=Rule-Connect-Cassandra&pyRuleName=pzRuleFormToolbarCollaborators&RequestClass=Rule-HTML-Section&RequestAppliesTo=Rule-Connect-Cassandra&RequestRuleName=pzRuleFormToolbarCollaborators Payload: "{\"RequestClass\":\"Rule-HTML-Section\",\"RequestAppliesTo\":\"Rule-Connect-Cassandra\",\"RequestRuleName\":\"pzRuleFormToolbarCollaborators\"}" => HTTP 200 (15254 bytes)
[PegaHttpClient] 📡 POST https://zdk8budo.pegaacademy.net/prweb/api/CodeIntelligence/v1/rules/query?pxObjClass=Rule-HTML-Section&appliesTo=Rule-Connect-Cassandra&pyRuleName=pzRuleFormToolbarSaveAs&RequestClass=Rule-HTML-Section&RequestAppliesTo=Rule-Connect-Cassandra&RequestRuleName=pzRuleFormToolbarSaveAs Payload: "{\"RequestClass\":\"Rule-HTML-Section\",\"RequestAppliesTo\":\"Rule-Connect-Cassandra\",\"RequestRuleName\":\"pzRuleFormToolbarSaveAs\"}" => HTTP 200 (64084 bytes)
[PegaHttpClient] 📡 POST https://zdk8budo.pegaacademy.net/prweb/api/CodeIntelligence/v1/rules/query?pxObjClass=Rule-HTML-Section&appliesTo=Rule-Connect-Cassandra&pyRuleName=pzRuleFormToolbarCheckin&RequestClass=Rule-HTML-Section&RequestAppliesTo=Rule-Connect-Cassandra&RequestRuleName=pzRuleFormToolbarCheckin Payload: "{\"RequestClass\":\"Rule-HTML-Section\",\"RequestAppliesTo\":\"Rule-Connect-Cassandra\",\"RequestRuleName\":\"pzRuleFormToolbarCheckin\"}" => HTTP 200 (119096 bytes)
[PegaHttpClient] 📡 POST https://zdk8budo.pegaacademy.net/prweb/api/CodeIntelligence/v1/rules/query?pxObjClass=Rule-HTML-Section&appliesTo=Rule-Connect-Cassandra&pyRuleName=pzRuleFormToolbarDelete&RequestClass=Rule-HTML-Section&RequestAppliesTo=Rule-Connect-Cassandra&RequestRuleName=pzRuleFormToolbarDelete Payload: "{\"RequestClass\":\"Rule-HTML-Section\",\"RequestAppliesTo\":\"Rule-Connect-Cassandra\",\"RequestRuleName\":\"pzRuleFormToolbarDelete\"}" => HTTP 200 (30249 bytes)
[PegaHttpClient] 📡 POST https://zdk8budo.pegaacademy.net/prweb/api/CodeIntelligence/v1/rules/query?pxObjClass=Rule-HTML-Section&appliesTo=Rule-Connect-Cassandra&pyRuleName=pzRuleFormToolbarSave&RequestClass=Rule-HTML-Section&RequestAppliesTo=Rule-Connect-Cassandra&RequestRuleName=pzRuleFormToolbarSave Payload: "{\"RequestClass\":\"Rule-HTML-Section\",\"RequestAppliesTo\":\"Rule-Connect-Cassandra\",\"RequestRuleName\":\"pzRuleFormToolbarSave\"}" => HTTP 200 (293885 bytes)
[PegaHttpClient] 📡 POST https://zdk8budo.pegaacademy.net/prweb/api/CodeIntelligence/v1/rules/query?pxObjClass=Rule-HTML-Section&appliesTo=Rule-Connect-Cassandra&pyRuleName=pzRuleFormToolbarCheckout&RequestClass=Rule-HTML-Section&RequestAppliesTo=Rule-Connect-Cassandra&RequestRuleName=pzRuleFormToolbarCheckout Payload: "{\"RequestClass\":\"Rule-HTML-Section\",\"RequestAppliesTo\":\"Rule-Connect-Cassandra\",\"RequestRuleName\":\"pzRuleFormToolbarCheckout\"}" => HTTP 200 (238148 bytes)
[PegaHttpClient] 📡 POST https://zdk8budo.pegaacademy.net/prweb/api/CodeIntelligence/v1/rules/query?pxObjClass=Rule-HTML-Section&appliesTo=Rule-Connect-Cassandra&pyRuleName=pzRemoveErrorsDataPage&RequestClass=Rule-HTML-Section&RequestAppliesTo=Rule-Connect-Cassandra&RequestRuleName=pzRemoveErrorsDataPage Payload: "{\"RequestClass\":\"Rule-HTML-Section\",\"RequestAppliesTo\":\"Rule-Connect-Cassandra\",\"RequestRuleName\":\"pzRemoveErrorsDataPage\"}" => HTTP 200 (16733 bytes)
[PegaHttpClient] 📡 POST https://zdk8budo.pegaacademy.net/prweb/api/CodeIntelligence/v1/rules/query?pxObjClass=Rule-HTML-Section&appliesTo=Rule-Connect-Cassandra&pyRuleName=pzRuleFormHeaderMessagesWrapper&RequestClass=Rule-HTML-Section&RequestAppliesTo=Rule-Connect-Cassandra&RequestRuleName=pzRuleFormHeaderMessagesWrapper Payload: "{\"RequestClass\":\"Rule-HTML-Section\",\"RequestAppliesTo\":\"Rule-Connect-Cassandra\",\"RequestRuleName\":\"pzRuleFormHeaderMessagesWrapper\"}" => HTTP 200 (16981 bytes)
[PegaHttpClient] 📡 POST https://zdk8budo.pegaacademy.net/prweb/api/CodeIntelligence/v1/rules/query?pxObjClass=Rule-HTML-Section&appliesTo=Rule-Connect-Cassandra&pyRuleName=pzSpecificationName&RequestClass=Rule-HTML-Section&RequestAppliesTo=Rule-Connect-Cassandra&RequestRuleName=pzSpecificationName Payload: "{\"RequestClass\":\"Rule-HTML-Section\",\"RequestAppliesTo\":\"Rule-Connect-Cassandra\",\"RequestRuleName\":\"pzSpecificationName\"}" => HTTP 404 (119 bytes)
[PegaHttpClient] 📡 POST https://zdk8budo.pegaacademy.net/prweb/PRRestService/CodeIntelligence/v1/rules/query?pxObjClass=Rule-HTML-Section&appliesTo=Rule-Connect-Cassandra&pyRuleName=pzSpecificationName&RequestClass=Rule-HTML-Section&RequestAppliesTo=Rule-Connect-Cassandra&RequestRuleName=pzSpecificationName Payload: "{\"RequestClass\":\"Rule-HTML-Section\",\"RequestAppliesTo\":\"Rule-Connect-Cassandra\",\"RequestRuleName\":\"pzSpecificationName\"}" => HTTP 404 (119 bytes)
[PegaHttpClient] 📡 POST https://zdk8budo.pegaacademy.net/prweb/api/HRAppsV2Service/V1/rules/query?pxObjClass=Rule-HTML-Section&appliesTo=Rule-Connect-Cassandra&pyRuleName=pzSpecificationName&RequestClass=Rule-HTML-Section&RequestAppliesTo=Rule-Connect-Cassandra&RequestRuleName=pzSpecificationName Payload: "{\"RequestClass\":\"Rule-HTML-Section\",\"RequestAppliesTo\":\"Rule-Connect-Cassandra\",\"RequestRuleName\":\"pzSpecificationName\"}" => HTTP 404 (18 bytes)
[PegaHttpClient] 📡 POST https://zdk8budo.pegaacademy.net/prweb/PRRestService/HRAppsV2Service/V1/rules/query?pxObjClass=Rule-HTML-Section&appliesTo=Rule-Connect-Cassandra&pyRuleName=pzSpecificationName&RequestClass=Rule-HTML-Section&RequestAppliesTo=Rule-Connect-Cassandra&RequestRuleName=pzSpecificationName Payload: "{\"RequestClass\":\"Rule-HTML-Section\",\"RequestAppliesTo\":\"Rule-Connect-Cassandra\",\"RequestRuleName\":\"pzSpecificationName\"}" => HTTP 404 (18 bytes)
[PegaHttpClient] 📡 POST https://zdk8budo.pegaacademy.net/prweb/api/HRAppsV2/V1/rules/query?pxObjClass=Rule-HTML-Section&appliesTo=Rule-Connect-Cassandra&pyRuleName=pzSpecificationName&RequestClass=Rule-HTML-Section&RequestAppliesTo=Rule-Connect-Cassandra&RequestRuleName=pzSpecificationName Payload: "{\"RequestClass\":\"Rule-HTML-Section\",\"RequestAppliesTo\":\"Rule-Connect-Cassandra\",\"RequestRuleName\":\"pzSpecificationName\"}" => HTTP 404 (18 bytes)
[PegaHttpClient] 📡 POST https://zdk8budo.pegaacademy.net/prweb/PRRestService/HRAppsV2/V1/rules/query?pxObjClass=Rule-HTML-Section&appliesTo=Rule-Connect-Cassandra&pyRuleName=pzSpecificationName&RequestClass=Rule-HTML-Section&RequestAppliesTo=Rule-Connect-Cassandra&RequestRuleName=pzSpecificationName Payload: "{\"RequestClass\":\"Rule-HTML-Section\",\"RequestAppliesTo\":\"Rule-Connect-Cassandra\",\"RequestRuleName\":\"pzSpecificationName\"}" => HTTP 404 (18 bytes)
[PegaHttpClient] 📡 POST https://zdk8budo.pegaacademy.net/prweb/api/v1/rules/query?pxObjClass=Rule-HTML-Section&appliesTo=Rule-Connect-Cassandra&pyRuleName=pzSpecificationName&RequestClass=Rule-HTML-Section&RequestAppliesTo=Rule-Connect-Cassandra&RequestRuleName=pzSpecificationName Payload: "{\"RequestClass\":\"Rule-HTML-Section\",\"RequestAppliesTo\":\"Rule-Connect-Cassandra\",\"RequestRuleName\":\"pzSpecificationName\"}" => HTTP 404 (18 bytes)
[PegaHttpClient] 📡 POST https://zdk8budo.pegaacademy.net/prweb/PRRestService/v1/rules/query?pxObjClass=Rule-HTML-Section&appliesTo=Rule-Connect-Cassandra&pyRuleName=pzSpecificationName&RequestClass=Rule-HTML-Section&RequestAppliesTo=Rule-Connect-Cassandra&RequestRuleName=pzSpecificationName Payload: "{\"RequestClass\":\"Rule-HTML-Section\",\"RequestAppliesTo\":\"Rule-Connect-Cassandra\",\"RequestRuleName\":\"pzSpecificationName\"}" => HTTP 404 (18 bytes)
[PegaHttpClient] 📡 POST https://zdk8budo.pegaacademy.net/prweb/api/CodeIntelligence/v1/rules/query?pxObjClass=Rule-HTML-Section&appliesTo=Rule-Connect-Cassandra&pyRuleName=pzScm_RuleHistory&RequestClass=Rule-HTML-Section&RequestAppliesTo=Rule-Connect-Cassandra&RequestRuleName=pzScm_RuleHistory Payload: "{\"RequestClass\":\"Rule-HTML-Section\",\"RequestAppliesTo\":\"Rule-Connect-Cassandra\",\"RequestRuleName\":\"pzScm_RuleHistory\"}" => HTTP 200 (14682 bytes)
[PegaHttpClient] 📡 POST https://zdk8budo.pegaacademy.net/prweb/api/CodeIntelligence/v1/rules/query?pxObjClass=Rule-HTML-Section&appliesTo=Rule-Connect-Cassandra&pyRuleName=pxDisplayCollaborators&RequestClass=Rule-HTML-Section&RequestAppliesTo=Rule-Connect-Cassandra&RequestRuleName=pxDisplayCollaborators Payload: "{\"RequestClass\":\"Rule-HTML-Section\",\"RequestAppliesTo\":\"Rule-Connect-Cassandra\",\"RequestRuleName\":\"pxDisplayCollaborators\"}" => HTTP 200 (94171 bytes)
[PegaHttpClient] 📡 POST https://zdk8budo.pegaacademy.net/prweb/api/CodeIntelligence/v1/rules/query?pxObjClass=Rule-HTML-Section&appliesTo=Rule-Connect-Cassandra&pyRuleName=pzRuleFormToolbarDeleteCheckOut&RequestClass=Rule-HTML-Section&RequestAppliesTo=Rule-Connect-Cassandra&RequestRuleName=pzRuleFormToolbarDeleteCheckOut Payload: "{\"RequestClass\":\"Rule-HTML-Section\",\"RequestAppliesTo\":\"Rule-Connect-Cassandra\",\"RequestRuleName\":\"pzRuleFormToolbarDeleteCheckOut\"}" => HTTP 200 (29433 bytes)
[PegaHttpClient] 📡 POST https://zdk8budo.pegaacademy.net/prweb/api/CodeIntelligence/v1/rules/query?pxObjClass=Rule-HTML-Section&appliesTo=Rule-Connect-Cassandra&pyRuleName=pzRuleFormToolbarDeleteRule&RequestClass=Rule-HTML-Section&RequestAppliesTo=Rule-Connect-Cassandra&RequestRuleName=pzRuleFormToolbarDeleteRule Payload: "{\"RequestClass\":\"Rule-HTML-Section\",\"RequestAppliesTo\":\"Rule-Connect-Cassandra\",\"RequestRuleName\":\"pzRuleFormToolbarDeleteRule\"}" => HTTP 200 (32314 bytes)
[PegaHttpClient] 📡 POST https://zdk8budo.pegaacademy.net/prweb/api/CodeIntelligence/v1/rules/query?pxObjClass=Rule-HTML-Section&appliesTo=Rule-Connect-Cassandra&pyRuleName=pzLoadCollaborationScripts&RequestClass=Rule-HTML-Section&RequestAppliesTo=Rule-Connect-Cassandra&RequestRuleName=pzLoadCollaborationScripts Payload: "{\"RequestClass\":\"Rule-HTML-Section\",\"RequestAppliesTo\":\"Rule-Connect-Cassandra\",\"RequestRuleName\":\"pzLoadCollaborationScripts\"}" => HTTP 200 (23453 bytes)
[PegaHttpClient] 📡 POST https://zdk8budo.pegaacademy.net/prweb/api/CodeIntelligence/v1/rules/query?pxObjClass=Rule-HTML-Section&appliesTo=Rule-Connect-Cassandra&pyRuleName=pzDisplayCollaboratorsList&RequestClass=Rule-HTML-Section&RequestAppliesTo=Rule-Connect-Cassandra&RequestRuleName=pzDisplayCollaboratorsList Payload: "{\"RequestClass\":\"Rule-HTML-Section\",\"RequestAppliesTo\":\"Rule-Connect-Cassandra\",\"RequestRuleName\":\"pzDisplayCollaboratorsList\"}" => HTTP 200 (105418 bytes)
[PegaHttpClient] 📡 POST https://zdk8budo.pegaacademy.net/prweb/api/CodeIntelligence/v1/rules/query?pxObjClass=Rule-HTML-Section&appliesTo=Rule-Connect-Cassandra&pyRuleName=pyCollaborator&RequestClass=Rule-HTML-Section&RequestAppliesTo=Rule-Connect-Cassandra&RequestRuleName=pyCollaborator Payload: "{\"RequestClass\":\"Rule-HTML-Section\",\"RequestAppliesTo\":\"Rule-Connect-Cassandra\",\"RequestRuleName\":\"pyCollaborator\"}" => HTTP 404 (114 bytes)
[PegaHttpClient] 📡 POST https://zdk8budo.pegaacademy.net/prweb/PRRestService/CodeIntelligence/v1/rules/query?pxObjClass=Rule-HTML-Section&appliesTo=Rule-Connect-Cassandra&pyRuleName=pyCollaborator&RequestClass=Rule-HTML-Section&RequestAppliesTo=Rule-Connect-Cassandra&RequestRuleName=pyCollaborator Payload: "{\"RequestClass\":\"Rule-HTML-Section\",\"RequestAppliesTo\":\"Rule-Connect-Cassandra\",\"RequestRuleName\":\"pyCollaborator\"}" => HTTP 404 (114 bytes)
[PegaHttpClient] 📡 POST https://zdk8budo.pegaacademy.net/prweb/api/HRAppsV2Service/V1/rules/query?pxObjClass=Rule-HTML-Section&appliesTo=Rule-Connect-Cassandra&pyRuleName=pyCollaborator&RequestClass=Rule-HTML-Section&RequestAppliesTo=Rule-Connect-Cassandra&RequestRuleName=pyCollaborator Payload: "{\"RequestClass\":\"Rule-HTML-Section\",\"RequestAppliesTo\":\"Rule-Connect-Cassandra\",\"RequestRuleName\":\"pyCollaborator\"}" => HTTP 404 (18 bytes)
[PegaHttpClient] 📡 POST https://zdk8budo.pegaacademy.net/prweb/PRRestService/HRAppsV2Service/V1/rules/query?pxObjClass=Rule-HTML-Section&appliesTo=Rule-Connect-Cassandra&pyRuleName=pyCollaborator&RequestClass=Rule-HTML-Section&RequestAppliesTo=Rule-Connect-Cassandra&RequestRuleName=pyCollaborator Payload: "{\"RequestClass\":\"Rule-HTML-Section\",\"RequestAppliesTo\":\"Rule-Connect-Cassandra\",\"RequestRuleName\":\"pyCollaborator\"}" => HTTP 404 (18 bytes)
[PegaHttpClient] 📡 POST https://zdk8budo.pegaacademy.net/prweb/api/HRAppsV2/V1/rules/query?pxObjClass=Rule-HTML-Section&appliesTo=Rule-Connect-Cassandra&pyRuleName=pyCollaborator&RequestClass=Rule-HTML-Section&RequestAppliesTo=Rule-Connect-Cassandra&RequestRuleName=pyCollaborator Payload: "{\"RequestClass\":\"Rule-HTML-Section\",\"RequestAppliesTo\":\"Rule-Connect-Cassandra\",\"RequestRuleName\":\"pyCollaborator\"}" => HTTP 404 (18 bytes)
[PegaHttpClient] 📡 POST https://zdk8budo.pegaacademy.net/prweb/PRRestService/HRAppsV2/V1/rules/query?pxObjClass=Rule-HTML-Section&appliesTo=Rule-Connect-Cassandra&pyRuleName=pyCollaborator&RequestClass=Rule-HTML-Section&RequestAppliesTo=Rule-Connect-Cassandra&RequestRuleName=pyCollaborator Payload: "{\"RequestClass\":\"Rule-HTML-Section\",\"RequestAppliesTo\":\"Rule-Connect-Cassandra\",\"RequestRuleName\":\"pyCollaborator\"}" => HTTP 404 (18 bytes)
[PegaHttpClient] 📡 POST https://zdk8budo.pegaacademy.net/prweb/api/v1/rules/query?pxObjClass=Rule-HTML-Section&appliesTo=Rule-Connect-Cassandra&pyRuleName=pyCollaborator&RequestClass=Rule-HTML-Section&RequestAppliesTo=Rule-Connect-Cassandra&RequestRuleName=pyCollaborator Payload: "{\"RequestClass\":\"Rule-HTML-Section\",\"RequestAppliesTo\":\"Rule-Connect-Cassandra\",\"RequestRuleName\":\"pyCollaborator\"}" => HTTP 404 (18 bytes)
[PegaHttpClient] 📡 POST https://zdk8budo.pegaacademy.net/prweb/PRRestService/v1/rules/query?pxObjClass=Rule-HTML-Section&appliesTo=Rule-Connect-Cassandra&pyRuleName=pyCollaborator&RequestClass=Rule-HTML-Section&RequestAppliesTo=Rule-Connect-Cassandra&RequestRuleName=pyCollaborator Payload: "{\"RequestClass\":\"Rule-HTML-Section\",\"RequestAppliesTo\":\"Rule-Connect-Cassandra\",\"RequestRuleName\":\"pyCollaborator\"}" => HTTP 404 (18 bytes)
[PegaHttpClient] 📡 POST https://zdk8budo.pegaacademy.net/prweb/api/CodeIntelligence/v1/rules/query?pxObjClass=Rule-HTML-Section&appliesTo=Rule-Connect-Cassandra&pyRuleName=pzDisplayPartialCount&RequestClass=Rule-HTML-Section&RequestAppliesTo=Rule-Connect-Cassandra&RequestRuleName=pzDisplayPartialCount Payload: "{\"RequestClass\":\"Rule-HTML-Section\",\"RequestAppliesTo\":\"Rule-Connect-Cassandra\",\"RequestRuleName\":\"pzDisplayPartialCount\"}" => HTTP 404 (121 bytes)
[PegaHttpClient] 📡 POST https://zdk8budo.pegaacademy.net/prweb/PRRestService/CodeIntelligence/v1/rules/query?pxObjClass=Rule-HTML-Section&appliesTo=Rule-Connect-Cassandra&pyRuleName=pzDisplayPartialCount&RequestClass=Rule-HTML-Section&RequestAppliesTo=Rule-Connect-Cassandra&RequestRuleName=pzDisplayPartialCount Payload: "{\"RequestClass\":\"Rule-HTML-Section\",\"RequestAppliesTo\":\"Rule-Connect-Cassandra\",\"RequestRuleName\":\"pzDisplayPartialCount\"}" => HTTP 404 (121 bytes)
[PegaHttpClient] 📡 POST https://zdk8budo.pegaacademy.net/prweb/api/HRAppsV2Service/V1/rules/query?pxObjClass=Rule-HTML-Section&appliesTo=Rule-Connect-Cassandra&pyRuleName=pzDisplayPartialCount&RequestClass=Rule-HTML-Section&RequestAppliesTo=Rule-Connect-Cassandra&RequestRuleName=pzDisplayPartialCount Payload: "{\"RequestClass\":\"Rule-HTML-Section\",\"RequestAppliesTo\":\"Rule-Connect-Cassandra\",\"RequestRuleName\":\"pzDisplayPartialCount\"}" => HTTP 404 (18 bytes)
[PegaHttpClient] 📡 POST https://zdk8budo.pegaacademy.net/prweb/PRRestService/HRAppsV2Service/V1/rules/query?pxObjClass=Rule-HTML-Section&appliesTo=Rule-Connect-Cassandra&pyRuleName=pzDisplayPartialCount&RequestClass=Rule-HTML-Section&RequestAppliesTo=Rule-Connect-Cassandra&RequestRuleName=pzDisplayPartialCount Payload: "{\"RequestClass\":\"Rule-HTML-Section\",\"RequestAppliesTo\":\"Rule-Connect-Cassandra\",\"RequestRuleName\":\"pzDisplayPartialCount\"}" => HTTP 404 (18 bytes)
[PegaHttpClient] 📡 POST https://zdk8budo.pegaacademy.net/prweb/api/HRAppsV2/V1/rules/query?pxObjClass=Rule-HTML-Section&appliesTo=Rule-Connect-Cassandra&pyRuleName=pzDisplayPartialCount&RequestClass=Rule-HTML-Section&RequestAppliesTo=Rule-Connect-Cassandra&RequestRuleName=pzDisplayPartialCount Payload: "{\"RequestClass\":\"Rule-HTML-Section\",\"RequestAppliesTo\":\"Rule-Connect-Cassandra\",\"RequestRuleName\":\"pzDisplayPartialCount\"}" => HTTP 404 (18 bytes)
[PegaHttpClient] 📡 POST https://zdk8budo.pegaacademy.net/prweb/PRRestService/HRAppsV2/V1/rules/query?pxObjClass=Rule-HTML-Section&appliesTo=Rule-Connect-Cassandra&pyRuleName=pzDisplayPartialCount&RequestClass=Rule-HTML-Section&RequestAppliesTo=Rule-Connect-Cassandra&RequestRuleName=pzDisplayPartialCount Payload: "{\"RequestClass\":\"Rule-HTML-Section\",\"RequestAppliesTo\":\"Rule-Connect-Cassandra\",\"RequestRuleName\":\"pzDisplayPartialCount\"}" => HTTP 404 (18 bytes)
[PegaHttpClient] 📡 POST https://zdk8budo.pegaacademy.net/prweb/api/v1/rules/query?pxObjClass=Rule-HTML-Section&appliesTo=Rule-Connect-Cassandra&pyRuleName=pzDisplayPartialCount&RequestClass=Rule-HTML-Section&RequestAppliesTo=Rule-Connect-Cassandra&RequestRuleName=pzDisplayPartialCount Payload: "{\"RequestClass\":\"Rule-HTML-Section\",\"RequestAppliesTo\":\"Rule-Connect-Cassandra\",\"RequestRuleName\":\"pzDisplayPartialCount\"}" => HTTP 404 (18 bytes)
[PegaHttpClient] 📡 POST https://zdk8budo.pegaacademy.net/prweb/PRRestService/v1/rules/query?pxObjClass=Rule-HTML-Section&appliesTo=Rule-Connect-Cassandra&pyRuleName=pzDisplayPartialCount&RequestClass=Rule-HTML-Section&RequestAppliesTo=Rule-Connect-Cassandra&RequestRuleName=pzDisplayPartialCount Payload: "{\"RequestClass\":\"Rule-HTML-Section\",\"RequestAppliesTo\":\"Rule-Connect-Cassandra\",\"RequestRuleName\":\"pzDisplayPartialCount\"}" => HTTP 404 (18 bytes)
[SchemaGen] ✅ Schema written for Rule-Connect-Cassandra
[PegaHttpClient] 📡 GET https://zdk8budo.pegaacademy.net/prweb/api/CodeIntelligence/v1/rules/RULE-HTML-HARNESS%20RULE-SERVICE-REST%20RULEFORM%20%2320180713T135821.294%20GMT => HTTP 200 (25623 bytes)
[PegaHttpClient] 📡 POST https://zdk8budo.pegaacademy.net/prweb/api/CodeIntelligence/v1/rules/query?pxObjClass=Rule-HTML-Section&appliesTo=Rule-Service-REST&pyRuleName=RuleFormMain&RequestClass=Rule-HTML-Section&RequestAppliesTo=Rule-Service-REST&RequestRuleName=RuleFormMain Payload: "{\"RequestClass\":\"Rule-HTML-Section\",\"RequestAppliesTo\":\"Rule-Service-REST\",\"RequestRuleName\":\"RuleFormMain\"}" => HTTP 200 (156234 bytes)
[PegaHttpClient] 📡 POST https://zdk8budo.pegaacademy.net/prweb/api/CodeIntelligence/v1/rules/query?pxObjClass=Rule-HTML-Section&appliesTo=Rule-Service-REST&pyRuleName=pxAlternateRuleForm&RequestClass=Rule-HTML-Section&RequestAppliesTo=Rule-Service-REST&RequestRuleName=pxAlternateRuleForm Payload: "{\"RequestClass\":\"Rule-HTML-Section\",\"RequestAppliesTo\":\"Rule-Service-REST\",\"RequestRuleName\":\"pxAlternateRuleForm\"}" => HTTP 200 (66153 bytes)
[PegaHttpClient] 📡 POST https://zdk8budo.pegaacademy.net/prweb/api/CodeIntelligence/v1/rules/query?pxObjClass=Rule-HTML-Section&appliesTo=Rule-Service-REST&pyRuleName=pzRuleFormScripts&RequestClass=Rule-HTML-Section&RequestAppliesTo=Rule-Service-REST&RequestRuleName=pzRuleFormScripts Payload: "{\"RequestClass\":\"Rule-HTML-Section\",\"RequestAppliesTo\":\"Rule-Service-REST\",\"RequestRuleName\":\"pzRuleFormScripts\"}" => HTTP 200 (40822 bytes)
[PegaHttpClient] 📡 POST https://zdk8budo.pegaacademy.net/prweb/api/CodeIntelligence/v1/rules/query?pxObjClass=Rule-HTML-Section&appliesTo=Rule-Service-REST&pyRuleName=pzRuleFormLayoutDelegated&RequestClass=Rule-HTML-Section&RequestAppliesTo=Rule-Service-REST&RequestRuleName=pzRuleFormLayoutDelegated Payload: "{\"RequestClass\":\"Rule-HTML-Section\",\"RequestAppliesTo\":\"Rule-Service-REST\",\"RequestRuleName\":\"pzRuleFormLayoutDelegated\"}" => HTTP 200 (70998 bytes)
[PegaHttpClient] 📡 POST https://zdk8budo.pegaacademy.net/prweb/api/CodeIntelligence/v1/rules/query?pxObjClass=Rule-HTML-Section&appliesTo=Rule-Service-REST&pyRuleName=RuleFormLayout&RequestClass=Rule-HTML-Section&RequestAppliesTo=Rule-Service-REST&RequestRuleName=RuleFormLayout Payload: "{\"RequestClass\":\"Rule-HTML-Section\",\"RequestAppliesTo\":\"Rule-Service-REST\",\"RequestRuleName\":\"RuleFormLayout\"}" => HTTP 200 (176358 bytes)
[PegaHttpClient] 📡 POST https://zdk8budo.pegaacademy.net/prweb/api/CodeIntelligence/v1/rules/query?pxObjClass=Rule-HTML-Section&appliesTo=Rule-Service-REST&pyRuleName=RuleFormSettings&RequestClass=Rule-HTML-Section&RequestAppliesTo=Rule-Service-REST&RequestRuleName=RuleFormSettings Payload: "{\"RequestClass\":\"Rule-HTML-Section\",\"RequestAppliesTo\":\"Rule-Service-REST\",\"RequestRuleName\":\"RuleFormSettings\"}" => HTTP 200 (20540 bytes)
[PegaHttpClient] 📡 POST https://zdk8budo.pegaacademy.net/prweb/api/CodeIntelligence/v1/rules/query?pxObjClass=Rule-HTML-Section&appliesTo=Rule-Service-REST&pyRuleName=OpenAuthoring&RequestClass=Rule-HTML-Section&RequestAppliesTo=Rule-Service-REST&RequestRuleName=OpenAuthoring Payload: "{\"RequestClass\":\"Rule-HTML-Section\",\"RequestAppliesTo\":\"Rule-Service-REST\",\"RequestRuleName\":\"OpenAuthoring\"}" => HTTP 200 (23695 bytes)
[PegaHttpClient] 📡 POST https://zdk8budo.pegaacademy.net/prweb/api/CodeIntelligence/v1/rules/query?pxObjClass=Rule-HTML-Section&appliesTo=Rule-Service-REST&pyRuleName=pyCustomHelp&RequestClass=Rule-HTML-Section&RequestAppliesTo=Rule-Service-REST&RequestRuleName=pyCustomHelp Payload: "{\"RequestClass\":\"Rule-HTML-Section\",\"RequestAppliesTo\":\"Rule-Service-REST\",\"RequestRuleName\":\"pyCustomHelp\"}" => HTTP 200 (17256 bytes)
[PegaHttpClient] 📡 POST https://zdk8budo.pegaacademy.net/prweb/api/CodeIntelligence/v1/rules/query?pxObjClass=Rule-HTML-Section&appliesTo=Rule-Service-REST&pyRuleName=pzRuleformMainInclude&RequestClass=Rule-HTML-Section&RequestAppliesTo=Rule-Service-REST&RequestRuleName=pzRuleformMainInclude Payload: "{\"RequestClass\":\"Rule-HTML-Section\",\"RequestAppliesTo\":\"Rule-Service-REST\",\"RequestRuleName\":\"pzRuleformMainInclude\"}" => HTTP 200 (22375 bytes)
[PegaHttpClient] 📡 POST https://zdk8budo.pegaacademy.net/prweb/api/CodeIntelligence/v1/rules/query?pxObjClass=Rule-HTML-Section&appliesTo=Rule-Service-REST&pyRuleName=pyAlternativeRuleFormStrategicAppExtension&RequestClass=Rule-HTML-Section&RequestAppliesTo=Rule-Service-REST&RequestRuleName=pyAlternativeRuleFormStrategicAppExtension Payload: "{\"RequestClass\":\"Rule-HTML-Section\",\"RequestAppliesTo\":\"Rule-Service-REST\",\"RequestRuleName\":\"pyAlternativeRuleFormStrategicAppExtension\"}" => HTTP 200 (25042 bytes)
[PegaHttpClient] 📡 POST https://zdk8budo.pegaacademy.net/prweb/api/CodeIntelligence/v1/rules/query?pxObjClass=Rule-HTML-Section&appliesTo=Rule-Service-REST&pyRuleName=pyAlternativeRuleFormExtension&RequestClass=Rule-HTML-Section&RequestAppliesTo=Rule-Service-REST&RequestRuleName=pyAlternativeRuleFormExtension Payload: "{\"RequestClass\":\"Rule-HTML-Section\",\"RequestAppliesTo\":\"Rule-Service-REST\",\"RequestRuleName\":\"pyAlternativeRuleFormExtension\"}" => HTTP 200 (24863 bytes)
[PegaHttpClient] 📡 POST https://zdk8budo.pegaacademy.net/prweb/api/CodeIntelligence/v1/rules/query?pxObjClass=Rule-HTML-Section&appliesTo=Rule-Service-REST&pyRuleName=RuleFormHeader&RequestClass=Rule-HTML-Section&RequestAppliesTo=Rule-Service-REST&RequestRuleName=RuleFormHeader Payload: "{\"RequestClass\":\"Rule-HTML-Section\",\"RequestAppliesTo\":\"Rule-Service-REST\",\"RequestRuleName\":\"RuleFormHeader\"}" => HTTP 200 (183800 bytes)
[PegaHttpClient] 📡 POST https://zdk8budo.pegaacademy.net/prweb/api/CodeIntelligence/v1/rules/query?pxObjClass=Rule-HTML-Section&appliesTo=Rule-Service-REST&pyRuleName=pzDelegationExperience&RequestClass=Rule-HTML-Section&RequestAppliesTo=Rule-Service-REST&RequestRuleName=pzDelegationExperience Payload: "{\"RequestClass\":\"Rule-HTML-Section\",\"RequestAppliesTo\":\"Rule-Service-REST\",\"RequestRuleName\":\"pzDelegationExperience\"}" => HTTP 404 (117 bytes)
[PegaHttpClient] 📡 POST https://zdk8budo.pegaacademy.net/prweb/PRRestService/CodeIntelligence/v1/rules/query?pxObjClass=Rule-HTML-Section&appliesTo=Rule-Service-REST&pyRuleName=pzDelegationExperience&RequestClass=Rule-HTML-Section&RequestAppliesTo=Rule-Service-REST&RequestRuleName=pzDelegationExperience Payload: "{\"RequestClass\":\"Rule-HTML-Section\",\"RequestAppliesTo\":\"Rule-Service-REST\",\"RequestRuleName\":\"pzDelegationExperience\"}" => HTTP 404 (117 bytes)
[PegaHttpClient] 📡 POST https://zdk8budo.pegaacademy.net/prweb/api/HRAppsV2Service/V1/rules/query?pxObjClass=Rule-HTML-Section&appliesTo=Rule-Service-REST&pyRuleName=pzDelegationExperience&RequestClass=Rule-HTML-Section&RequestAppliesTo=Rule-Service-REST&RequestRuleName=pzDelegationExperience Payload: "{\"RequestClass\":\"Rule-HTML-Section\",\"RequestAppliesTo\":\"Rule-Service-REST\",\"RequestRuleName\":\"pzDelegationExperience\"}" => HTTP 404 (18 bytes)
[PegaHttpClient] 📡 POST https://zdk8budo.pegaacademy.net/prweb/PRRestService/HRAppsV2Service/V1/rules/query?pxObjClass=Rule-HTML-Section&appliesTo=Rule-Service-REST&pyRuleName=pzDelegationExperience&RequestClass=Rule-HTML-Section&RequestAppliesTo=Rule-Service-REST&RequestRuleName=pzDelegationExperience Payload: "{\"RequestClass\":\"Rule-HTML-Section\",\"RequestAppliesTo\":\"Rule-Service-REST\",\"RequestRuleName\":\"pzDelegationExperience\"}" => HTTP 404 (18 bytes)
[PegaHttpClient] 📡 POST https://zdk8budo.pegaacademy.net/prweb/api/HRAppsV2/V1/rules/query?pxObjClass=Rule-HTML-Section&appliesTo=Rule-Service-REST&pyRuleName=pzDelegationExperience&RequestClass=Rule-HTML-Section&RequestAppliesTo=Rule-Service-REST&RequestRuleName=pzDelegationExperience Payload: "{\"RequestClass\":\"Rule-HTML-Section\",\"RequestAppliesTo\":\"Rule-Service-REST\",\"RequestRuleName\":\"pzDelegationExperience\"}" => HTTP 404 (18 bytes)
[PegaHttpClient] 📡 POST https://zdk8budo.pegaacademy.net/prweb/PRRestService/HRAppsV2/V1/rules/query?pxObjClass=Rule-HTML-Section&appliesTo=Rule-Service-REST&pyRuleName=pzDelegationExperience&RequestClass=Rule-HTML-Section&RequestAppliesTo=Rule-Service-REST&RequestRuleName=pzDelegationExperience Payload: "{\"RequestClass\":\"Rule-HTML-Section\",\"RequestAppliesTo\":\"Rule-Service-REST\",\"RequestRuleName\":\"pzDelegationExperience\"}" => HTTP 404 (18 bytes)
[PegaHttpClient] 📡 POST https://zdk8budo.pegaacademy.net/prweb/api/v1/rules/query?pxObjClass=Rule-HTML-Section&appliesTo=Rule-Service-REST&pyRuleName=pzDelegationExperience&RequestClass=Rule-HTML-Section&RequestAppliesTo=Rule-Service-REST&RequestRuleName=pzDelegationExperience Payload: "{\"RequestClass\":\"Rule-HTML-Section\",\"RequestAppliesTo\":\"Rule-Service-REST\",\"RequestRuleName\":\"pzDelegationExperience\"}" => HTTP 404 (18 bytes)
[PegaHttpClient] 📡 POST https://zdk8budo.pegaacademy.net/prweb/PRRestService/v1/rules/query?pxObjClass=Rule-HTML-Section&appliesTo=Rule-Service-REST&pyRuleName=pzDelegationExperience&RequestClass=Rule-HTML-Section&RequestAppliesTo=Rule-Service-REST&RequestRuleName=pzDelegationExperience Payload: "{\"RequestClass\":\"Rule-HTML-Section\",\"RequestAppliesTo\":\"Rule-Service-REST\",\"RequestRuleName\":\"pzDelegationExperience\"}" => HTTP 404 (18 bytes)
[PegaHttpClient] 📡 POST https://zdk8budo.pegaacademy.net/prweb/api/CodeIntelligence/v1/rules/query?pxObjClass=Rule-HTML-Section&appliesTo=Rule-Service-REST&pyRuleName=pyService&RequestClass=Rule-HTML-Section&RequestAppliesTo=Rule-Service-REST&RequestRuleName=pyService Payload: "{\"RequestClass\":\"Rule-HTML-Section\",\"RequestAppliesTo\":\"Rule-Service-REST\",\"RequestRuleName\":\"pyService\"}" => HTTP 200 (183529 bytes)
[PegaHttpClient] 📡 POST https://zdk8budo.pegaacademy.net/prweb/api/CodeIntelligence/v1/rules/query?pxObjClass=Rule-HTML-Section&appliesTo=Rule-Service-REST&pyRuleName=pyMethods&RequestClass=Rule-HTML-Section&RequestAppliesTo=Rule-Service-REST&RequestRuleName=pyMethods Payload: "{\"RequestClass\":\"Rule-HTML-Section\",\"RequestAppliesTo\":\"Rule-Service-REST\",\"RequestRuleName\":\"pyMethods\"}" => HTTP 200 (62128 bytes)
[PegaHttpClient] 📡 POST https://zdk8budo.pegaacademy.net/prweb/api/CodeIntelligence/v1/rules/query?pxObjClass=Rule-HTML-Section&appliesTo=Rule-Service-REST&pyRuleName=pzSpecifications&RequestClass=Rule-HTML-Section&RequestAppliesTo=Rule-Service-REST&RequestRuleName=pzSpecifications Payload: "{\"RequestClass\":\"Rule-HTML-Section\",\"RequestAppliesTo\":\"Rule-Service-REST\",\"RequestRuleName\":\"pzSpecifications\"}" => HTTP 200 (16577 bytes)
[PegaHttpClient] 📡 POST https://zdk8budo.pegaacademy.net/prweb/api/CodeIntelligence/v1/rules/query?pxObjClass=Rule-HTML-Section&appliesTo=Rule-Service-REST&pyRuleName=pyOpenAPIDefn&RequestClass=Rule-HTML-Section&RequestAppliesTo=Rule-Service-REST&RequestRuleName=pyOpenAPIDefn Payload: "{\"RequestClass\":\"Rule-HTML-Section\",\"RequestAppliesTo\":\"Rule-Service-REST\",\"RequestRuleName\":\"pyOpenAPIDefn\"}" => HTTP 200 (66933 bytes)
[PegaHttpClient] 📡 POST https://zdk8budo.pegaacademy.net/prweb/api/CodeIntelligence/v1/rules/query?pxObjClass=Rule-HTML-Section&appliesTo=Rule-Service-REST&pyRuleName=RuleFormHistory&RequestClass=Rule-HTML-Section&RequestAppliesTo=Rule-Service-REST&RequestRuleName=RuleFormHistory Payload: "{\"RequestClass\":\"Rule-HTML-Section\",\"RequestAppliesTo\":\"Rule-Service-REST\",\"RequestRuleName\":\"RuleFormHistory\"}" => HTTP 200 (76091 bytes)
[PegaHttpClient] 📡 POST https://zdk8budo.pegaacademy.net/prweb/api/CodeIntelligence/v1/rules/query?pxObjClass=Rule-HTML-Section&appliesTo=Rule-Service-REST&pyRuleName=pzCustomHelp&RequestClass=Rule-HTML-Section&RequestAppliesTo=Rule-Service-REST&RequestRuleName=pzCustomHelp Payload: "{\"RequestClass\":\"Rule-HTML-Section\",\"RequestAppliesTo\":\"Rule-Service-REST\",\"RequestRuleName\":\"pzCustomHelp\"}" => HTTP 200 (31573 bytes)
[PegaHttpClient] 📡 POST https://zdk8budo.pegaacademy.net/prweb/api/CodeIntelligence/v1/rules/query?pxObjClass=Rule-HTML-Section&appliesTo=Rule-Service-REST&pyRuleName=pzRuleFormKeysAndDescription&RequestClass=Rule-HTML-Section&RequestAppliesTo=Rule-Service-REST&RequestRuleName=pzRuleFormKeysAndDescription Payload: "{\"RequestClass\":\"Rule-HTML-Section\",\"RequestAppliesTo\":\"Rule-Service-REST\",\"RequestRuleName\":\"pzRuleFormKeysAndDescription\"}" => HTTP 200 (218057 bytes)
[PegaHttpClient] 📡 POST https://zdk8budo.pegaacademy.net/prweb/api/CodeIntelligence/v1/rules/query?pxObjClass=Rule-HTML-Section&appliesTo=Rule-Service-REST&pyRuleName=pzRuleFormRuleset&RequestClass=Rule-HTML-Section&RequestAppliesTo=Rule-Service-REST&RequestRuleName=pzRuleFormRuleset Payload: "{\"RequestClass\":\"Rule-HTML-Section\",\"RequestAppliesTo\":\"Rule-Service-REST\",\"RequestRuleName\":\"pzRuleFormRuleset\"}" => HTTP 200 (33985 bytes)
[PegaHttpClient] 📡 POST https://zdk8budo.pegaacademy.net/prweb/api/CodeIntelligence/v1/rules/query?pxObjClass=Rule-HTML-Section&appliesTo=Rule-Service-REST&pyRuleName=undefined&RequestClass=Rule-HTML-Section&RequestAppliesTo=Rule-Service-REST&RequestRuleName=undefined Payload: "{\"RequestClass\":\"Rule-HTML-Section\",\"RequestAppliesTo\":\"Rule-Service-REST\",\"RequestRuleName\":\"undefined\"}" => HTTP 404 (104 bytes)
[PegaHttpClient] 📡 POST https://zdk8budo.pegaacademy.net/prweb/PRRestService/CodeIntelligence/v1/rules/query?pxObjClass=Rule-HTML-Section&appliesTo=Rule-Service-REST&pyRuleName=undefined&RequestClass=Rule-HTML-Section&RequestAppliesTo=Rule-Service-REST&RequestRuleName=undefined Payload: "{\"RequestClass\":\"Rule-HTML-Section\",\"RequestAppliesTo\":\"Rule-Service-REST\",\"RequestRuleName\":\"undefined\"}" => HTTP 404 (104 bytes)
[PegaHttpClient] 📡 POST https://zdk8budo.pegaacademy.net/prweb/api/HRAppsV2Service/V1/rules/query?pxObjClass=Rule-HTML-Section&appliesTo=Rule-Service-REST&pyRuleName=undefined&RequestClass=Rule-HTML-Section&RequestAppliesTo=Rule-Service-REST&RequestRuleName=undefined Payload: "{\"RequestClass\":\"Rule-HTML-Section\",\"RequestAppliesTo\":\"Rule-Service-REST\",\"RequestRuleName\":\"undefined\"}" => HTTP 404 (18 bytes)
[PegaHttpClient] 📡 POST https://zdk8budo.pegaacademy.net/prweb/PRRestService/HRAppsV2Service/V1/rules/query?pxObjClass=Rule-HTML-Section&appliesTo=Rule-Service-REST&pyRuleName=undefined&RequestClass=Rule-HTML-Section&RequestAppliesTo=Rule-Service-REST&RequestRuleName=undefined Payload: "{\"RequestClass\":\"Rule-HTML-Section\",\"RequestAppliesTo\":\"Rule-Service-REST\",\"RequestRuleName\":\"undefined\"}" => HTTP 404 (18 bytes)
[PegaHttpClient] 📡 POST https://zdk8budo.pegaacademy.net/prweb/api/HRAppsV2/V1/rules/query?pxObjClass=Rule-HTML-Section&appliesTo=Rule-Service-REST&pyRuleName=undefined&RequestClass=Rule-HTML-Section&RequestAppliesTo=Rule-Service-REST&RequestRuleName=undefined Payload: "{\"RequestClass\":\"Rule-HTML-Section\",\"RequestAppliesTo\":\"Rule-Service-REST\",\"RequestRuleName\":\"undefined\"}" => HTTP 404 (18 bytes)
[PegaHttpClient] 📡 POST https://zdk8budo.pegaacademy.net/prweb/PRRestService/HRAppsV2/V1/rules/query?pxObjClass=Rule-HTML-Section&appliesTo=Rule-Service-REST&pyRuleName=undefined&RequestClass=Rule-HTML-Section&RequestAppliesTo=Rule-Service-REST&RequestRuleName=undefined Payload: "{\"RequestClass\":\"Rule-HTML-Section\",\"RequestAppliesTo\":\"Rule-Service-REST\",\"RequestRuleName\":\"undefined\"}" => HTTP 404 (18 bytes)
[PegaHttpClient] 📡 POST https://zdk8budo.pegaacademy.net/prweb/api/v1/rules/query?pxObjClass=Rule-HTML-Section&appliesTo=Rule-Service-REST&pyRuleName=undefined&RequestClass=Rule-HTML-Section&RequestAppliesTo=Rule-Service-REST&RequestRuleName=undefined Payload: "{\"RequestClass\":\"Rule-HTML-Section\",\"RequestAppliesTo\":\"Rule-Service-REST\",\"RequestRuleName\":\"undefined\"}" => HTTP 404 (18 bytes)
[PegaHttpClient] 📡 POST https://zdk8budo.pegaacademy.net/prweb/PRRestService/v1/rules/query?pxObjClass=Rule-HTML-Section&appliesTo=Rule-Service-REST&pyRuleName=undefined&RequestClass=Rule-HTML-Section&RequestAppliesTo=Rule-Service-REST&RequestRuleName=undefined Payload: "{\"RequestClass\":\"Rule-HTML-Section\",\"RequestAppliesTo\":\"Rule-Service-REST\",\"RequestRuleName\":\"undefined\"}" => HTTP 404 (18 bytes)
[PegaHttpClient] 📡 POST https://zdk8budo.pegaacademy.net/prweb/api/CodeIntelligence/v1/rules/query?pxObjClass=Rule-HTML-Section&appliesTo=Rule-Service-REST&pyRuleName=pzRuleFormToolbar&RequestClass=Rule-HTML-Section&RequestAppliesTo=Rule-Service-REST&RequestRuleName=pzRuleFormToolbar Payload: "{\"RequestClass\":\"Rule-HTML-Section\",\"RequestAppliesTo\":\"Rule-Service-REST\",\"RequestRuleName\":\"pzRuleFormToolbar\"}" => HTTP 200 (242691 bytes)
[PegaHttpClient] 📡 POST https://zdk8budo.pegaacademy.net/prweb/api/CodeIntelligence/v1/rules/query?pxObjClass=Rule-HTML-Section&appliesTo=Rule-Service-REST&pyRuleName=pzRuleFormToolbarCompare&RequestClass=Rule-HTML-Section&RequestAppliesTo=Rule-Service-REST&RequestRuleName=pzRuleFormToolbarCompare Payload: "{\"RequestClass\":\"Rule-HTML-Section\",\"RequestAppliesTo\":\"Rule-Service-REST\",\"RequestRuleName\":\"pzRuleFormToolbarCompare\"}" => HTTP 200 (61925 bytes)
[PegaHttpClient] 📡 POST https://zdk8budo.pegaacademy.net/prweb/api/CodeIntelligence/v1/rules/query?pxObjClass=Rule-HTML-Section&appliesTo=Rule-Service-REST&pyRuleName=RuleFormHeaderMessages&RequestClass=Rule-HTML-Section&RequestAppliesTo=Rule-Service-REST&RequestRuleName=RuleFormHeaderMessages Payload: "{\"RequestClass\":\"Rule-HTML-Section\",\"RequestAppliesTo\":\"Rule-Service-REST\",\"RequestRuleName\":\"RuleFormHeaderMessages\"}" => HTTP 200 (26518 bytes)
[PegaHttpClient] 📡 POST https://zdk8budo.pegaacademy.net/prweb/api/CodeIntelligence/v1/rules/query?pxObjClass=Rule-HTML-Section&appliesTo=Rule-Service-REST&pyRuleName=pyResourceProperties&RequestClass=Rule-HTML-Section&RequestAppliesTo=Rule-Service-REST&RequestRuleName=pyResourceProperties Payload: "{\"RequestClass\":\"Rule-HTML-Section\",\"RequestAppliesTo\":\"Rule-Service-REST\",\"RequestRuleName\":\"pyResourceProperties\"}" => HTTP 200 (186286 bytes)
[PegaHttpClient] 📡 POST https://zdk8budo.pegaacademy.net/prweb/api/CodeIntelligence/v1/rules/query?pxObjClass=Rule-HTML-Section&appliesTo=Rule-Service-REST&pyRuleName=pzTraceability&RequestClass=Rule-HTML-Section&RequestAppliesTo=Rule-Service-REST&RequestRuleName=pzTraceability Payload: "{\"RequestClass\":\"Rule-HTML-Section\",\"RequestAppliesTo\":\"Rule-Service-REST\",\"RequestRuleName\":\"pzTraceability\"}" => HTTP 200 (40203 bytes)
[PegaHttpClient] 📡 POST https://zdk8budo.pegaacademy.net/prweb/api/CodeIntelligence/v1/rules/query?pxObjClass=Rule-HTML-Section&appliesTo=Rule-Service-REST&pyRuleName=pzFallbackPolicyConfigurations&RequestClass=Rule-HTML-Section&RequestAppliesTo=Rule-Service-REST&RequestRuleName=pzFallbackPolicyConfigurations Payload: "{\"RequestClass\":\"Rule-HTML-Section\",\"RequestAppliesTo\":\"Rule-Service-REST\",\"RequestRuleName\":\"pzFallbackPolicyConfigurations\"}" => HTTP 200 (78038 bytes)
[PegaHttpClient] 📡 POST https://zdk8budo.pegaacademy.net/prweb/api/CodeIntelligence/v1/rules/query?pxObjClass=Rule-HTML-Section&appliesTo=Rule-Service-REST&pyRuleName=pzLightweightClipboardMode&RequestClass=Rule-HTML-Section&RequestAppliesTo=Rule-Service-REST&RequestRuleName=pzLightweightClipboardMode Payload: "{\"RequestClass\":\"Rule-HTML-Section\",\"RequestAppliesTo\":\"Rule-Service-REST\",\"RequestRuleName\":\"pzLightweightClipboardMode\"}" => HTTP 200 (52237 bytes)
[PegaHttpClient] 📡 POST https://zdk8budo.pegaacademy.net/prweb/api/CodeIntelligence/v1/rules/query?pxObjClass=Rule-HTML-Section&appliesTo=Rule-Service-REST&pyRuleName=pzRESTMethodSection&RequestClass=Rule-HTML-Section&RequestAppliesTo=Rule-Service-REST&RequestRuleName=pzRESTMethodSection Payload: "{\"RequestClass\":\"Rule-HTML-Section\",\"RequestAppliesTo\":\"Rule-Service-REST\",\"RequestRuleName\":\"pzRESTMethodSection\"}" => HTTP 404 (114 bytes)
[PegaHttpClient] 📡 POST https://zdk8budo.pegaacademy.net/prweb/PRRestService/CodeIntelligence/v1/rules/query?pxObjClass=Rule-HTML-Section&appliesTo=Rule-Service-REST&pyRuleName=pzRESTMethodSection&RequestClass=Rule-HTML-Section&RequestAppliesTo=Rule-Service-REST&RequestRuleName=pzRESTMethodSection Payload: "{\"RequestClass\":\"Rule-HTML-Section\",\"RequestAppliesTo\":\"Rule-Service-REST\",\"RequestRuleName\":\"pzRESTMethodSection\"}" => HTTP 404 (114 bytes)
[PegaHttpClient] 📡 POST https://zdk8budo.pegaacademy.net/prweb/api/HRAppsV2Service/V1/rules/query?pxObjClass=Rule-HTML-Section&appliesTo=Rule-Service-REST&pyRuleName=pzRESTMethodSection&RequestClass=Rule-HTML-Section&RequestAppliesTo=Rule-Service-REST&RequestRuleName=pzRESTMethodSection Payload: "{\"RequestClass\":\"Rule-HTML-Section\",\"RequestAppliesTo\":\"Rule-Service-REST\",\"RequestRuleName\":\"pzRESTMethodSection\"}" => HTTP 404 (18 bytes)
[PegaHttpClient] 📡 POST https://zdk8budo.pegaacademy.net/prweb/PRRestService/HRAppsV2Service/V1/rules/query?pxObjClass=Rule-HTML-Section&appliesTo=Rule-Service-REST&pyRuleName=pzRESTMethodSection&RequestClass=Rule-HTML-Section&RequestAppliesTo=Rule-Service-REST&RequestRuleName=pzRESTMethodSection Payload: "{\"RequestClass\":\"Rule-HTML-Section\",\"RequestAppliesTo\":\"Rule-Service-REST\",\"RequestRuleName\":\"pzRESTMethodSection\"}" => HTTP 404 (18 bytes)
[PegaHttpClient] 📡 POST https://zdk8budo.pegaacademy.net/prweb/api/HRAppsV2/V1/rules/query?pxObjClass=Rule-HTML-Section&appliesTo=Rule-Service-REST&pyRuleName=pzRESTMethodSection&RequestClass=Rule-HTML-Section&RequestAppliesTo=Rule-Service-REST&RequestRuleName=pzRESTMethodSection Payload: "{\"RequestClass\":\"Rule-HTML-Section\",\"RequestAppliesTo\":\"Rule-Service-REST\",\"RequestRuleName\":\"pzRESTMethodSection\"}" => HTTP 404 (18 bytes)
[PegaHttpClient] 📡 POST https://zdk8budo.pegaacademy.net/prweb/PRRestService/HRAppsV2/V1/rules/query?pxObjClass=Rule-HTML-Section&appliesTo=Rule-Service-REST&pyRuleName=pzRESTMethodSection&RequestClass=Rule-HTML-Section&RequestAppliesTo=Rule-Service-REST&RequestRuleName=pzRESTMethodSection Payload: "{\"RequestClass\":\"Rule-HTML-Section\",\"RequestAppliesTo\":\"Rule-Service-REST\",\"RequestRuleName\":\"pzRESTMethodSection\"}" => HTTP 404 (18 bytes)
[PegaHttpClient] 📡 POST https://zdk8budo.pegaacademy.net/prweb/api/v1/rules/query?pxObjClass=Rule-HTML-Section&appliesTo=Rule-Service-REST&pyRuleName=pzRESTMethodSection&RequestClass=Rule-HTML-Section&RequestAppliesTo=Rule-Service-REST&RequestRuleName=pzRESTMethodSection Payload: "{\"RequestClass\":\"Rule-HTML-Section\",\"RequestAppliesTo\":\"Rule-Service-REST\",\"RequestRuleName\":\"pzRESTMethodSection\"}" => HTTP 404 (18 bytes)
[PegaHttpClient] 📡 POST https://zdk8budo.pegaacademy.net/prweb/PRRestService/v1/rules/query?pxObjClass=Rule-HTML-Section&appliesTo=Rule-Service-REST&pyRuleName=pzRESTMethodSection&RequestClass=Rule-HTML-Section&RequestAppliesTo=Rule-Service-REST&RequestRuleName=pzRESTMethodSection Payload: "{\"RequestClass\":\"Rule-HTML-Section\",\"RequestAppliesTo\":\"Rule-Service-REST\",\"RequestRuleName\":\"pzRESTMethodSection\"}" => HTTP 404 (18 bytes)
[PegaHttpClient] 📡 POST https://zdk8budo.pegaacademy.net/prweb/api/CodeIntelligence/v1/rules/query?pxObjClass=Rule-HTML-Section&appliesTo=Rule-Service-REST&pyRuleName=pzSpecificationsInner&RequestClass=Rule-HTML-Section&RequestAppliesTo=Rule-Service-REST&RequestRuleName=pzSpecificationsInner Payload: "{\"RequestClass\":\"Rule-HTML-Section\",\"RequestAppliesTo\":\"Rule-Service-REST\",\"RequestRuleName\":\"pzSpecificationsInner\"}" => HTTP 200 (142370 bytes)
[PegaHttpClient] 📡 POST https://zdk8budo.pegaacademy.net/prweb/api/CodeIntelligence/v1/rules/query?pxObjClass=Rule-HTML-Section&appliesTo=Rule-Service-REST&pyRuleName=pzServicesSwaggerUI&RequestClass=Rule-HTML-Section&RequestAppliesTo=Rule-Service-REST&RequestRuleName=pzServicesSwaggerUI Payload: "{\"RequestClass\":\"Rule-HTML-Section\",\"RequestAppliesTo\":\"Rule-Service-REST\",\"RequestRuleName\":\"pzServicesSwaggerUI\"}" => HTTP 200 (19996 bytes)
[PegaHttpClient] 📡 POST https://zdk8budo.pegaacademy.net/prweb/api/CodeIntelligence/v1/rules/query?pxObjClass=Rule-HTML-Section&appliesTo=Rule-Service-REST&pyRuleName=pzAlternateRuleInfo&RequestClass=Rule-HTML-Section&RequestAppliesTo=Rule-Service-REST&RequestRuleName=pzAlternateRuleInfo Payload: "{\"RequestClass\":\"Rule-HTML-Section\",\"RequestAppliesTo\":\"Rule-Service-REST\",\"RequestRuleName\":\"pzAlternateRuleInfo\"}" => HTTP 200 (140407 bytes)
[PegaHttpClient] 📡 POST https://zdk8budo.pegaacademy.net/prweb/api/CodeIntelligence/v1/rules/query?pxObjClass=Rule-HTML-Section&appliesTo=Rule-Service-REST&pyRuleName=RuleFormHistory_Description&RequestClass=Rule-HTML-Section&RequestAppliesTo=Rule-Service-REST&RequestRuleName=RuleFormHistory_Description Payload: "{\"RequestClass\":\"Rule-HTML-Section\",\"RequestAppliesTo\":\"Rule-Service-REST\",\"RequestRuleName\":\"RuleFormHistory_Description\"}" => HTTP 200 (46242 bytes)
[PegaHttpClient] 📡 POST https://zdk8budo.pegaacademy.net/prweb/api/CodeIntelligence/v1/rules/query?pxObjClass=Rule-HTML-Section&appliesTo=Rule-Service-REST&pyRuleName=RuleFormHistory_CustomFields&RequestClass=Rule-HTML-Section&RequestAppliesTo=Rule-Service-REST&RequestRuleName=RuleFormHistory_CustomFields Payload: "{\"RequestClass\":\"Rule-HTML-Section\",\"RequestAppliesTo\":\"Rule-Service-REST\",\"RequestRuleName\":\"RuleFormHistory_CustomFields\"}" => HTTP 200 (75856 bytes)
[PegaHttpClient] 📡 POST https://zdk8budo.pegaacademy.net/prweb/api/CodeIntelligence/v1/rules/query?pxObjClass=Rule-HTML-Section&appliesTo=Rule-Service-REST&pyRuleName=RuleFormHistory_HistoryDetails&RequestClass=Rule-HTML-Section&RequestAppliesTo=Rule-Service-REST&RequestRuleName=RuleFormHistory_HistoryDetails Payload: "{\"RequestClass\":\"Rule-HTML-Section\",\"RequestAppliesTo\":\"Rule-Service-REST\",\"RequestRuleName\":\"RuleFormHistory_HistoryDetails\"}" => HTTP 200 (179535 bytes)
[PegaHttpClient] 📡 POST https://zdk8budo.pegaacademy.net/prweb/api/CodeIntelligence/v1/rules/query?pxObjClass=Rule-HTML-Section&appliesTo=Rule-Service-REST&pyRuleName=pzRuleFormStatus&RequestClass=Rule-HTML-Section&RequestAppliesTo=Rule-Service-REST&RequestRuleName=pzRuleFormStatus Payload: "{\"RequestClass\":\"Rule-HTML-Section\",\"RequestAppliesTo\":\"Rule-Service-REST\",\"RequestRuleName\":\"pzRuleFormStatus\"}" => HTTP 200 (97627 bytes)
[PegaHttpClient] 📡 POST https://zdk8budo.pegaacademy.net/prweb/api/CodeIntelligence/v1/rules/query?pxObjClass=Rule-HTML-Section&appliesTo=Rule-Service-REST&pyRuleName=pzRuleFormHeaderCompareWithDropDown&RequestClass=Rule-HTML-Section&RequestAppliesTo=Rule-Service-REST&RequestRuleName=pzRuleFormHeaderCompareWithDropDown Payload: "{\"RequestClass\":\"Rule-HTML-Section\",\"RequestAppliesTo\":\"Rule-Service-REST\",\"RequestRuleName\":\"pzRuleFormHeaderCompareWithDropDown\"}" => HTTP 200 (25396 bytes)
[PegaHttpClient] 📡 POST https://zdk8budo.pegaacademy.net/prweb/api/CodeIntelligence/v1/rules/query?pxObjClass=Rule-HTML-Section&appliesTo=Rule-Service-REST&pyRuleName=undefined&RequestClass=Rule-HTML-Section&RequestAppliesTo=Rule-Service-REST&RequestRuleName=undefined Payload: "{\"RequestClass\":\"Rule-HTML-Section\",\"RequestAppliesTo\":\"Rule-Service-REST\",\"RequestRuleName\":\"undefined\"}" => HTTP 404 (104 bytes)
[PegaHttpClient] 📡 POST https://zdk8budo.pegaacademy.net/prweb/PRRestService/CodeIntelligence/v1/rules/query?pxObjClass=Rule-HTML-Section&appliesTo=Rule-Service-REST&pyRuleName=undefined&RequestClass=Rule-HTML-Section&RequestAppliesTo=Rule-Service-REST&RequestRuleName=undefined Payload: "{\"RequestClass\":\"Rule-HTML-Section\",\"RequestAppliesTo\":\"Rule-Service-REST\",\"RequestRuleName\":\"undefined\"}" => HTTP 404 (104 bytes)
[PegaHttpClient] 📡 POST https://zdk8budo.pegaacademy.net/prweb/api/HRAppsV2Service/V1/rules/query?pxObjClass=Rule-HTML-Section&appliesTo=Rule-Service-REST&pyRuleName=undefined&RequestClass=Rule-HTML-Section&RequestAppliesTo=Rule-Service-REST&RequestRuleName=undefined Payload: "{\"RequestClass\":\"Rule-HTML-Section\",\"RequestAppliesTo\":\"Rule-Service-REST\",\"RequestRuleName\":\"undefined\"}" => HTTP 404 (18 bytes)
[PegaHttpClient] 📡 POST https://zdk8budo.pegaacademy.net/prweb/PRRestService/HRAppsV2Service/V1/rules/query?pxObjClass=Rule-HTML-Section&appliesTo=Rule-Service-REST&pyRuleName=undefined&RequestClass=Rule-HTML-Section&RequestAppliesTo=Rule-Service-REST&RequestRuleName=undefined Payload: "{\"RequestClass\":\"Rule-HTML-Section\",\"RequestAppliesTo\":\"Rule-Service-REST\",\"RequestRuleName\":\"undefined\"}" => HTTP 404 (18 bytes)
[PegaHttpClient] 📡 POST https://zdk8budo.pegaacademy.net/prweb/api/HRAppsV2/V1/rules/query?pxObjClass=Rule-HTML-Section&appliesTo=Rule-Service-REST&pyRuleName=undefined&RequestClass=Rule-HTML-Section&RequestAppliesTo=Rule-Service-REST&RequestRuleName=undefined Payload: "{\"RequestClass\":\"Rule-HTML-Section\",\"RequestAppliesTo\":\"Rule-Service-REST\",\"RequestRuleName\":\"undefined\"}" => HTTP 404 (18 bytes)
[PegaHttpClient] 📡 POST https://zdk8budo.pegaacademy.net/prweb/PRRestService/HRAppsV2/V1/rules/query?pxObjClass=Rule-HTML-Section&appliesTo=Rule-Service-REST&pyRuleName=undefined&RequestClass=Rule-HTML-Section&RequestAppliesTo=Rule-Service-REST&RequestRuleName=undefined Payload: "{\"RequestClass\":\"Rule-HTML-Section\",\"RequestAppliesTo\":\"Rule-Service-REST\",\"RequestRuleName\":\"undefined\"}" => HTTP 404 (18 bytes)
[PegaHttpClient] 📡 POST https://zdk8budo.pegaacademy.net/prweb/api/v1/rules/query?pxObjClass=Rule-HTML-Section&appliesTo=Rule-Service-REST&pyRuleName=undefined&RequestClass=Rule-HTML-Section&RequestAppliesTo=Rule-Service-REST&RequestRuleName=undefined Payload: "{\"RequestClass\":\"Rule-HTML-Section\",\"RequestAppliesTo\":\"Rule-Service-REST\",\"RequestRuleName\":\"undefined\"}" => HTTP 404 (18 bytes)
[PegaHttpClient] 📡 POST https://zdk8budo.pegaacademy.net/prweb/PRRestService/v1/rules/query?pxObjClass=Rule-HTML-Section&appliesTo=Rule-Service-REST&pyRuleName=undefined&RequestClass=Rule-HTML-Section&RequestAppliesTo=Rule-Service-REST&RequestRuleName=undefined Payload: "{\"RequestClass\":\"Rule-HTML-Section\",\"RequestAppliesTo\":\"Rule-Service-REST\",\"RequestRuleName\":\"undefined\"}" => HTTP 404 (18 bytes)
[PegaHttpClient] 📡 POST https://zdk8budo.pegaacademy.net/prweb/api/CodeIntelligence/v1/rules/query?pxObjClass=Rule-HTML-Section&appliesTo=Rule-Service-REST&pyRuleName=pzRuleFormToolbarHotKeys&RequestClass=Rule-HTML-Section&RequestAppliesTo=Rule-Service-REST&RequestRuleName=pzRuleFormToolbarHotKeys Payload: "{\"RequestClass\":\"Rule-HTML-Section\",\"RequestAppliesTo\":\"Rule-Service-REST\",\"RequestRuleName\":\"pzRuleFormToolbarHotKeys\"}" => HTTP 200 (85058 bytes)
[PegaHttpClient] 📡 POST https://zdk8budo.pegaacademy.net/prweb/api/CodeIntelligence/v1/rules/query?pxObjClass=Rule-HTML-Section&appliesTo=Rule-Service-REST&pyRuleName=pzRuleFormToolbarLockedIcon&RequestClass=Rule-HTML-Section&RequestAppliesTo=Rule-Service-REST&RequestRuleName=pzRuleFormToolbarLockedIcon Payload: "{\"RequestClass\":\"Rule-HTML-Section\",\"RequestAppliesTo\":\"Rule-Service-REST\",\"RequestRuleName\":\"pzRuleFormToolbarLockedIcon\"}" => HTTP 200 (24898 bytes)
[PegaHttpClient] 📡 POST https://zdk8budo.pegaacademy.net/prweb/api/CodeIntelligence/v1/rules/query?pxObjClass=Rule-HTML-Section&appliesTo=Rule-Service-REST&pyRuleName=pzRuleFormToolbarCollaborators&RequestClass=Rule-HTML-Section&RequestAppliesTo=Rule-Service-REST&RequestRuleName=pzRuleFormToolbarCollaborators Payload: "{\"RequestClass\":\"Rule-HTML-Section\",\"RequestAppliesTo\":\"Rule-Service-REST\",\"RequestRuleName\":\"pzRuleFormToolbarCollaborators\"}" => HTTP 200 (15254 bytes)
[PegaHttpClient] 📡 POST https://zdk8budo.pegaacademy.net/prweb/api/CodeIntelligence/v1/rules/query?pxObjClass=Rule-HTML-Section&appliesTo=Rule-Service-REST&pyRuleName=pzRuleFormToolbarSaveAs&RequestClass=Rule-HTML-Section&RequestAppliesTo=Rule-Service-REST&RequestRuleName=pzRuleFormToolbarSaveAs Payload: "{\"RequestClass\":\"Rule-HTML-Section\",\"RequestAppliesTo\":\"Rule-Service-REST\",\"RequestRuleName\":\"pzRuleFormToolbarSaveAs\"}" => HTTP 200 (64084 bytes)
[PegaHttpClient] 📡 POST https://zdk8budo.pegaacademy.net/prweb/api/CodeIntelligence/v1/rules/query?pxObjClass=Rule-HTML-Section&appliesTo=Rule-Service-REST&pyRuleName=pzRuleFormToolbarCheckin&RequestClass=Rule-HTML-Section&RequestAppliesTo=Rule-Service-REST&RequestRuleName=pzRuleFormToolbarCheckin Payload: "{\"RequestClass\":\"Rule-HTML-Section\",\"RequestAppliesTo\":\"Rule-Service-REST\",\"RequestRuleName\":\"pzRuleFormToolbarCheckin\"}" => HTTP 200 (119096 bytes)
[PegaHttpClient] 📡 POST https://zdk8budo.pegaacademy.net/prweb/api/CodeIntelligence/v1/rules/query?pxObjClass=Rule-HTML-Section&appliesTo=Rule-Service-REST&pyRuleName=pzRuleFormToolbarDelete&RequestClass=Rule-HTML-Section&RequestAppliesTo=Rule-Service-REST&RequestRuleName=pzRuleFormToolbarDelete Payload: "{\"RequestClass\":\"Rule-HTML-Section\",\"RequestAppliesTo\":\"Rule-Service-REST\",\"RequestRuleName\":\"pzRuleFormToolbarDelete\"}" => HTTP 200 (30249 bytes)
[PegaHttpClient] 📡 POST https://zdk8budo.pegaacademy.net/prweb/api/CodeIntelligence/v1/rules/query?pxObjClass=Rule-HTML-Section&appliesTo=Rule-Service-REST&pyRuleName=pzRuleFormToolbarSave&RequestClass=Rule-HTML-Section&RequestAppliesTo=Rule-Service-REST&RequestRuleName=pzRuleFormToolbarSave Payload: "{\"RequestClass\":\"Rule-HTML-Section\",\"RequestAppliesTo\":\"Rule-Service-REST\",\"RequestRuleName\":\"pzRuleFormToolbarSave\"}" => HTTP 200 (293885 bytes)
[PegaHttpClient] 📡 POST https://zdk8budo.pegaacademy.net/prweb/api/CodeIntelligence/v1/rules/query?pxObjClass=Rule-HTML-Section&appliesTo=Rule-Service-REST&pyRuleName=pzRuleFormToolbarCheckout&RequestClass=Rule-HTML-Section&RequestAppliesTo=Rule-Service-REST&RequestRuleName=pzRuleFormToolbarCheckout Payload: "{\"RequestClass\":\"Rule-HTML-Section\",\"RequestAppliesTo\":\"Rule-Service-REST\",\"RequestRuleName\":\"pzRuleFormToolbarCheckout\"}" => HTTP 200 (238148 bytes)
[PegaHttpClient] 📡 POST https://zdk8budo.pegaacademy.net/prweb/api/CodeIntelligence/v1/rules/query?pxObjClass=Rule-HTML-Section&appliesTo=Rule-Service-REST&pyRuleName=pzRemoveErrorsDataPage&RequestClass=Rule-HTML-Section&RequestAppliesTo=Rule-Service-REST&RequestRuleName=pzRemoveErrorsDataPage Payload: "{\"RequestClass\":\"Rule-HTML-Section\",\"RequestAppliesTo\":\"Rule-Service-REST\",\"RequestRuleName\":\"pzRemoveErrorsDataPage\"}" => HTTP 200 (16733 bytes)
[PegaHttpClient] 📡 POST https://zdk8budo.pegaacademy.net/prweb/api/CodeIntelligence/v1/rules/query?pxObjClass=Rule-HTML-Section&appliesTo=Rule-Service-REST&pyRuleName=pzRuleFormHeaderMessagesWrapper&RequestClass=Rule-HTML-Section&RequestAppliesTo=Rule-Service-REST&RequestRuleName=pzRuleFormHeaderMessagesWrapper Payload: "{\"RequestClass\":\"Rule-HTML-Section\",\"RequestAppliesTo\":\"Rule-Service-REST\",\"RequestRuleName\":\"pzRuleFormHeaderMessagesWrapper\"}" => HTTP 200 (16981 bytes)
[PegaHttpClient] 📡 POST https://zdk8budo.pegaacademy.net/prweb/api/CodeIntelligence/v1/rules/query?pxObjClass=Rule-HTML-Section&appliesTo=Rule-Service-REST&pyRuleName=pzPopulateEndpoint&RequestClass=Rule-HTML-Section&RequestAppliesTo=Rule-Service-REST&RequestRuleName=pzPopulateEndpoint Payload: "{\"RequestClass\":\"Rule-HTML-Section\",\"RequestAppliesTo\":\"Rule-Service-REST\",\"RequestRuleName\":\"pzPopulateEndpoint\"}" => HTTP 200 (23498 bytes)
[PegaHttpClient] 📡 POST https://zdk8budo.pegaacademy.net/prweb/api/CodeIntelligence/v1/rules/query?pxObjClass=Rule-HTML-Section&appliesTo=Rule-Service-REST&pyRuleName=pzRESTMethodResourcePathParams&RequestClass=Rule-HTML-Section&RequestAppliesTo=Rule-Service-REST&RequestRuleName=pzRESTMethodResourcePathParams Payload: "{\"RequestClass\":\"Rule-HTML-Section\",\"RequestAppliesTo\":\"Rule-Service-REST\",\"RequestRuleName\":\"pzRESTMethodResourcePathParams\"}" => HTTP 404 (125 bytes)
[PegaHttpClient] 📡 POST https://zdk8budo.pegaacademy.net/prweb/PRRestService/CodeIntelligence/v1/rules/query?pxObjClass=Rule-HTML-Section&appliesTo=Rule-Service-REST&pyRuleName=pzRESTMethodResourcePathParams&RequestClass=Rule-HTML-Section&RequestAppliesTo=Rule-Service-REST&RequestRuleName=pzRESTMethodResourcePathParams Payload: "{\"RequestClass\":\"Rule-HTML-Section\",\"RequestAppliesTo\":\"Rule-Service-REST\",\"RequestRuleName\":\"pzRESTMethodResourcePathParams\"}" => HTTP 404 (125 bytes)
[PegaHttpClient] 📡 POST https://zdk8budo.pegaacademy.net/prweb/api/HRAppsV2Service/V1/rules/query?pxObjClass=Rule-HTML-Section&appliesTo=Rule-Service-REST&pyRuleName=pzRESTMethodResourcePathParams&RequestClass=Rule-HTML-Section&RequestAppliesTo=Rule-Service-REST&RequestRuleName=pzRESTMethodResourcePathParams Payload: "{\"RequestClass\":\"Rule-HTML-Section\",\"RequestAppliesTo\":\"Rule-Service-REST\",\"RequestRuleName\":\"pzRESTMethodResourcePathParams\"}" => HTTP 404 (18 bytes)
[PegaHttpClient] 📡 POST https://zdk8budo.pegaacademy.net/prweb/PRRestService/HRAppsV2Service/V1/rules/query?pxObjClass=Rule-HTML-Section&appliesTo=Rule-Service-REST&pyRuleName=pzRESTMethodResourcePathParams&RequestClass=Rule-HTML-Section&RequestAppliesTo=Rule-Service-REST&RequestRuleName=pzRESTMethodResourcePathParams Payload: "{\"RequestClass\":\"Rule-HTML-Section\",\"RequestAppliesTo\":\"Rule-Service-REST\",\"RequestRuleName\":\"pzRESTMethodResourcePathParams\"}" => HTTP 404 (18 bytes)
[PegaHttpClient] 📡 POST https://zdk8budo.pegaacademy.net/prweb/api/HRAppsV2/V1/rules/query?pxObjClass=Rule-HTML-Section&appliesTo=Rule-Service-REST&pyRuleName=pzRESTMethodResourcePathParams&RequestClass=Rule-HTML-Section&RequestAppliesTo=Rule-Service-REST&RequestRuleName=pzRESTMethodResourcePathParams Payload: "{\"RequestClass\":\"Rule-HTML-Section\",\"RequestAppliesTo\":\"Rule-Service-REST\",\"RequestRuleName\":\"pzRESTMethodResourcePathParams\"}" => HTTP 404 (18 bytes)
[PegaHttpClient] 📡 POST https://zdk8budo.pegaacademy.net/prweb/PRRestService/HRAppsV2/V1/rules/query?pxObjClass=Rule-HTML-Section&appliesTo=Rule-Service-REST&pyRuleName=pzRESTMethodResourcePathParams&RequestClass=Rule-HTML-Section&RequestAppliesTo=Rule-Service-REST&RequestRuleName=pzRESTMethodResourcePathParams Payload: "{\"RequestClass\":\"Rule-HTML-Section\",\"RequestAppliesTo\":\"Rule-Service-REST\",\"RequestRuleName\":\"pzRESTMethodResourcePathParams\"}" => HTTP 404 (18 bytes)
[PegaHttpClient] 📡 POST https://zdk8budo.pegaacademy.net/prweb/api/v1/rules/query?pxObjClass=Rule-HTML-Section&appliesTo=Rule-Service-REST&pyRuleName=pzRESTMethodResourcePathParams&RequestClass=Rule-HTML-Section&RequestAppliesTo=Rule-Service-REST&RequestRuleName=pzRESTMethodResourcePathParams Payload: "{\"RequestClass\":\"Rule-HTML-Section\",\"RequestAppliesTo\":\"Rule-Service-REST\",\"RequestRuleName\":\"pzRESTMethodResourcePathParams\"}" => HTTP 404 (18 bytes)
[PegaHttpClient] 📡 POST https://zdk8budo.pegaacademy.net/prweb/PRRestService/v1/rules/query?pxObjClass=Rule-HTML-Section&appliesTo=Rule-Service-REST&pyRuleName=pzRESTMethodResourcePathParams&RequestClass=Rule-HTML-Section&RequestAppliesTo=Rule-Service-REST&RequestRuleName=pzRESTMethodResourcePathParams Payload: "{\"RequestClass\":\"Rule-HTML-Section\",\"RequestAppliesTo\":\"Rule-Service-REST\",\"RequestRuleName\":\"pzRESTMethodResourcePathParams\"}" => HTTP 404 (18 bytes)
[PegaHttpClient] 📡 POST https://zdk8budo.pegaacademy.net/prweb/api/CodeIntelligence/v1/rules/query?pxObjClass=Rule-HTML-Section&appliesTo=Rule-Service-REST&pyRuleName=pzSpecificationName&RequestClass=Rule-HTML-Section&RequestAppliesTo=Rule-Service-REST&RequestRuleName=pzSpecificationName Payload: "{\"RequestClass\":\"Rule-HTML-Section\",\"RequestAppliesTo\":\"Rule-Service-REST\",\"RequestRuleName\":\"pzSpecificationName\"}" => HTTP 404 (114 bytes)
[PegaHttpClient] 📡 POST https://zdk8budo.pegaacademy.net/prweb/PRRestService/CodeIntelligence/v1/rules/query?pxObjClass=Rule-HTML-Section&appliesTo=Rule-Service-REST&pyRuleName=pzSpecificationName&RequestClass=Rule-HTML-Section&RequestAppliesTo=Rule-Service-REST&RequestRuleName=pzSpecificationName Payload: "{\"RequestClass\":\"Rule-HTML-Section\",\"RequestAppliesTo\":\"Rule-Service-REST\",\"RequestRuleName\":\"pzSpecificationName\"}" => HTTP 404 (114 bytes)
[PegaHttpClient] 📡 POST https://zdk8budo.pegaacademy.net/prweb/api/HRAppsV2Service/V1/rules/query?pxObjClass=Rule-HTML-Section&appliesTo=Rule-Service-REST&pyRuleName=pzSpecificationName&RequestClass=Rule-HTML-Section&RequestAppliesTo=Rule-Service-REST&RequestRuleName=pzSpecificationName Payload: "{\"RequestClass\":\"Rule-HTML-Section\",\"RequestAppliesTo\":\"Rule-Service-REST\",\"RequestRuleName\":\"pzSpecificationName\"}" => HTTP 404 (18 bytes)
[PegaHttpClient] 📡 POST https://zdk8budo.pegaacademy.net/prweb/PRRestService/HRAppsV2Service/V1/rules/query?pxObjClass=Rule-HTML-Section&appliesTo=Rule-Service-REST&pyRuleName=pzSpecificationName&RequestClass=Rule-HTML-Section&RequestAppliesTo=Rule-Service-REST&RequestRuleName=pzSpecificationName Payload: "{\"RequestClass\":\"Rule-HTML-Section\",\"RequestAppliesTo\":\"Rule-Service-REST\",\"RequestRuleName\":\"pzSpecificationName\"}" => HTTP 404 (18 bytes)
[PegaHttpClient] 📡 POST https://zdk8budo.pegaacademy.net/prweb/api/HRAppsV2/V1/rules/query?pxObjClass=Rule-HTML-Section&appliesTo=Rule-Service-REST&pyRuleName=pzSpecificationName&RequestClass=Rule-HTML-Section&RequestAppliesTo=Rule-Service-REST&RequestRuleName=pzSpecificationName Payload: "{\"RequestClass\":\"Rule-HTML-Section\",\"RequestAppliesTo\":\"Rule-Service-REST\",\"RequestRuleName\":\"pzSpecificationName\"}" => HTTP 404 (18 bytes)
[PegaHttpClient] 📡 POST https://zdk8budo.pegaacademy.net/prweb/PRRestService/HRAppsV2/V1/rules/query?pxObjClass=Rule-HTML-Section&appliesTo=Rule-Service-REST&pyRuleName=pzSpecificationName&RequestClass=Rule-HTML-Section&RequestAppliesTo=Rule-Service-REST&RequestRuleName=pzSpecificationName Payload: "{\"RequestClass\":\"Rule-HTML-Section\",\"RequestAppliesTo\":\"Rule-Service-REST\",\"RequestRuleName\":\"pzSpecificationName\"}" => HTTP 404 (18 bytes)
[PegaHttpClient] 📡 POST https://zdk8budo.pegaacademy.net/prweb/api/v1/rules/query?pxObjClass=Rule-HTML-Section&appliesTo=Rule-Service-REST&pyRuleName=pzSpecificationName&RequestClass=Rule-HTML-Section&RequestAppliesTo=Rule-Service-REST&RequestRuleName=pzSpecificationName Payload: "{\"RequestClass\":\"Rule-HTML-Section\",\"RequestAppliesTo\":\"Rule-Service-REST\",\"RequestRuleName\":\"pzSpecificationName\"}" => HTTP 404 (18 bytes)
[PegaHttpClient] 📡 POST https://zdk8budo.pegaacademy.net/prweb/PRRestService/v1/rules/query?pxObjClass=Rule-HTML-Section&appliesTo=Rule-Service-REST&pyRuleName=pzSpecificationName&RequestClass=Rule-HTML-Section&RequestAppliesTo=Rule-Service-REST&RequestRuleName=pzSpecificationName Payload: "{\"RequestClass\":\"Rule-HTML-Section\",\"RequestAppliesTo\":\"Rule-Service-REST\",\"RequestRuleName\":\"pzSpecificationName\"}" => HTTP 404 (18 bytes)
[PegaHttpClient] 📡 POST https://zdk8budo.pegaacademy.net/prweb/api/CodeIntelligence/v1/rules/query?pxObjClass=Rule-HTML-Section&appliesTo=Rule-Service-REST&pyRuleName=pzScm_RuleHistory&RequestClass=Rule-HTML-Section&RequestAppliesTo=Rule-Service-REST&RequestRuleName=pzScm_RuleHistory Payload: "{\"RequestClass\":\"Rule-HTML-Section\",\"RequestAppliesTo\":\"Rule-Service-REST\",\"RequestRuleName\":\"pzScm_RuleHistory\"}" => HTTP 200 (14682 bytes)
[PegaHttpClient] 📡 POST https://zdk8budo.pegaacademy.net/prweb/api/CodeIntelligence/v1/rules/query?pxObjClass=Rule-HTML-Section&appliesTo=Rule-Service-REST&pyRuleName=pxDisplayCollaborators&RequestClass=Rule-HTML-Section&RequestAppliesTo=Rule-Service-REST&RequestRuleName=pxDisplayCollaborators Payload: "{\"RequestClass\":\"Rule-HTML-Section\",\"RequestAppliesTo\":\"Rule-Service-REST\",\"RequestRuleName\":\"pxDisplayCollaborators\"}" => HTTP 200 (94171 bytes)
[PegaHttpClient] 📡 POST https://zdk8budo.pegaacademy.net/prweb/api/CodeIntelligence/v1/rules/query?pxObjClass=Rule-HTML-Section&appliesTo=Rule-Service-REST&pyRuleName=pzRuleFormToolbarDeleteCheckOut&RequestClass=Rule-HTML-Section&RequestAppliesTo=Rule-Service-REST&RequestRuleName=pzRuleFormToolbarDeleteCheckOut Payload: "{\"RequestClass\":\"Rule-HTML-Section\",\"RequestAppliesTo\":\"Rule-Service-REST\",\"RequestRuleName\":\"pzRuleFormToolbarDeleteCheckOut\"}" => HTTP 200 (29433 bytes)
[PegaHttpClient] 📡 POST https://zdk8budo.pegaacademy.net/prweb/api/CodeIntelligence/v1/rules/query?pxObjClass=Rule-HTML-Section&appliesTo=Rule-Service-REST&pyRuleName=pzRuleFormToolbarDeleteRule&RequestClass=Rule-HTML-Section&RequestAppliesTo=Rule-Service-REST&RequestRuleName=pzRuleFormToolbarDeleteRule Payload: "{\"RequestClass\":\"Rule-HTML-Section\",\"RequestAppliesTo\":\"Rule-Service-REST\",\"RequestRuleName\":\"pzRuleFormToolbarDeleteRule\"}" => HTTP 200 (32314 bytes)
[PegaHttpClient] 📡 POST https://zdk8budo.pegaacademy.net/prweb/api/CodeIntelligence/v1/rules/query?pxObjClass=Rule-HTML-Section&appliesTo=Rule-Service-REST&pyRuleName=pzLoadCollaborationScripts&RequestClass=Rule-HTML-Section&RequestAppliesTo=Rule-Service-REST&RequestRuleName=pzLoadCollaborationScripts Payload: "{\"RequestClass\":\"Rule-HTML-Section\",\"RequestAppliesTo\":\"Rule-Service-REST\",\"RequestRuleName\":\"pzLoadCollaborationScripts\"}" => HTTP 200 (23453 bytes)
[PegaHttpClient] 📡 POST https://zdk8budo.pegaacademy.net/prweb/api/CodeIntelligence/v1/rules/query?pxObjClass=Rule-HTML-Section&appliesTo=Rule-Service-REST&pyRuleName=pzDisplayCollaboratorsList&RequestClass=Rule-HTML-Section&RequestAppliesTo=Rule-Service-REST&RequestRuleName=pzDisplayCollaboratorsList Payload: "{\"RequestClass\":\"Rule-HTML-Section\",\"RequestAppliesTo\":\"Rule-Service-REST\",\"RequestRuleName\":\"pzDisplayCollaboratorsList\"}" => HTTP 200 (105418 bytes)
[PegaHttpClient] 📡 POST https://zdk8budo.pegaacademy.net/prweb/api/CodeIntelligence/v1/rules/query?pxObjClass=Rule-HTML-Section&appliesTo=Rule-Service-REST&pyRuleName=pyCollaborator&RequestClass=Rule-HTML-Section&RequestAppliesTo=Rule-Service-REST&RequestRuleName=pyCollaborator Payload: "{\"RequestClass\":\"Rule-HTML-Section\",\"RequestAppliesTo\":\"Rule-Service-REST\",\"RequestRuleName\":\"pyCollaborator\"}" => HTTP 404 (109 bytes)
[PegaHttpClient] 📡 POST https://zdk8budo.pegaacademy.net/prweb/PRRestService/CodeIntelligence/v1/rules/query?pxObjClass=Rule-HTML-Section&appliesTo=Rule-Service-REST&pyRuleName=pyCollaborator&RequestClass=Rule-HTML-Section&RequestAppliesTo=Rule-Service-REST&RequestRuleName=pyCollaborator Payload: "{\"RequestClass\":\"Rule-HTML-Section\",\"RequestAppliesTo\":\"Rule-Service-REST\",\"RequestRuleName\":\"pyCollaborator\"}" => HTTP 404 (109 bytes)
[PegaHttpClient] 📡 POST https://zdk8budo.pegaacademy.net/prweb/api/HRAppsV2Service/V1/rules/query?pxObjClass=Rule-HTML-Section&appliesTo=Rule-Service-REST&pyRuleName=pyCollaborator&RequestClass=Rule-HTML-Section&RequestAppliesTo=Rule-Service-REST&RequestRuleName=pyCollaborator Payload: "{\"RequestClass\":\"Rule-HTML-Section\",\"RequestAppliesTo\":\"Rule-Service-REST\",\"RequestRuleName\":\"pyCollaborator\"}" => HTTP 404 (18 bytes)
[PegaHttpClient] 📡 POST https://zdk8budo.pegaacademy.net/prweb/PRRestService/HRAppsV2Service/V1/rules/query?pxObjClass=Rule-HTML-Section&appliesTo=Rule-Service-REST&pyRuleName=pyCollaborator&RequestClass=Rule-HTML-Section&RequestAppliesTo=Rule-Service-REST&RequestRuleName=pyCollaborator Payload: "{\"RequestClass\":\"Rule-HTML-Section\",\"RequestAppliesTo\":\"Rule-Service-REST\",\"RequestRuleName\":\"pyCollaborator\"}" => HTTP 404 (18 bytes)
[PegaHttpClient] 📡 POST https://zdk8budo.pegaacademy.net/prweb/api/HRAppsV2/V1/rules/query?pxObjClass=Rule-HTML-Section&appliesTo=Rule-Service-REST&pyRuleName=pyCollaborator&RequestClass=Rule-HTML-Section&RequestAppliesTo=Rule-Service-REST&RequestRuleName=pyCollaborator Payload: "{\"RequestClass\":\"Rule-HTML-Section\",\"RequestAppliesTo\":\"Rule-Service-REST\",\"RequestRuleName\":\"pyCollaborator\"}" => HTTP 404 (18 bytes)
[PegaHttpClient] 📡 POST https://zdk8budo.pegaacademy.net/prweb/PRRestService/HRAppsV2/V1/rules/query?pxObjClass=Rule-HTML-Section&appliesTo=Rule-Service-REST&pyRuleName=pyCollaborator&RequestClass=Rule-HTML-Section&RequestAppliesTo=Rule-Service-REST&RequestRuleName=pyCollaborator Payload: "{\"RequestClass\":\"Rule-HTML-Section\",\"RequestAppliesTo\":\"Rule-Service-REST\",\"RequestRuleName\":\"pyCollaborator\"}" => HTTP 404 (18 bytes)
[PegaHttpClient] 📡 POST https://zdk8budo.pegaacademy.net/prweb/api/v1/rules/query?pxObjClass=Rule-HTML-Section&appliesTo=Rule-Service-REST&pyRuleName=pyCollaborator&RequestClass=Rule-HTML-Section&RequestAppliesTo=Rule-Service-REST&RequestRuleName=pyCollaborator Payload: "{\"RequestClass\":\"Rule-HTML-Section\",\"RequestAppliesTo\":\"Rule-Service-REST\",\"RequestRuleName\":\"pyCollaborator\"}" => HTTP 404 (18 bytes)
[PegaHttpClient] 📡 POST https://zdk8budo.pegaacademy.net/prweb/PRRestService/v1/rules/query?pxObjClass=Rule-HTML-Section&appliesTo=Rule-Service-REST&pyRuleName=pyCollaborator&RequestClass=Rule-HTML-Section&RequestAppliesTo=Rule-Service-REST&RequestRuleName=pyCollaborator Payload: "{\"RequestClass\":\"Rule-HTML-Section\",\"RequestAppliesTo\":\"Rule-Service-REST\",\"RequestRuleName\":\"pyCollaborator\"}" => HTTP 404 (18 bytes)
[PegaHttpClient] 📡 POST https://zdk8budo.pegaacademy.net/prweb/api/CodeIntelligence/v1/rules/query?pxObjClass=Rule-HTML-Section&appliesTo=Rule-Service-REST&pyRuleName=pzDisplayPartialCount&RequestClass=Rule-HTML-Section&RequestAppliesTo=Rule-Service-REST&RequestRuleName=pzDisplayPartialCount Payload: "{\"RequestClass\":\"Rule-HTML-Section\",\"RequestAppliesTo\":\"Rule-Service-REST\",\"RequestRuleName\":\"pzDisplayPartialCount\"}" => HTTP 404 (116 bytes)
[PegaHttpClient] 📡 POST https://zdk8budo.pegaacademy.net/prweb/PRRestService/CodeIntelligence/v1/rules/query?pxObjClass=Rule-HTML-Section&appliesTo=Rule-Service-REST&pyRuleName=pzDisplayPartialCount&RequestClass=Rule-HTML-Section&RequestAppliesTo=Rule-Service-REST&RequestRuleName=pzDisplayPartialCount Payload: "{\"RequestClass\":\"Rule-HTML-Section\",\"RequestAppliesTo\":\"Rule-Service-REST\",\"RequestRuleName\":\"pzDisplayPartialCount\"}" => HTTP 404 (116 bytes)
[PegaHttpClient] 📡 POST https://zdk8budo.pegaacademy.net/prweb/api/HRAppsV2Service/V1/rules/query?pxObjClass=Rule-HTML-Section&appliesTo=Rule-Service-REST&pyRuleName=pzDisplayPartialCount&RequestClass=Rule-HTML-Section&RequestAppliesTo=Rule-Service-REST&RequestRuleName=pzDisplayPartialCount Payload: "{\"RequestClass\":\"Rule-HTML-Section\",\"RequestAppliesTo\":\"Rule-Service-REST\",\"RequestRuleName\":\"pzDisplayPartialCount\"}" => HTTP 404 (18 bytes)
[PegaHttpClient] 📡 POST https://zdk8budo.pegaacademy.net/prweb/PRRestService/HRAppsV2Service/V1/rules/query?pxObjClass=Rule-HTML-Section&appliesTo=Rule-Service-REST&pyRuleName=pzDisplayPartialCount&RequestClass=Rule-HTML-Section&RequestAppliesTo=Rule-Service-REST&RequestRuleName=pzDisplayPartialCount Payload: "{\"RequestClass\":\"Rule-HTML-Section\",\"RequestAppliesTo\":\"Rule-Service-REST\",\"RequestRuleName\":\"pzDisplayPartialCount\"}" => HTTP 404 (18 bytes)
[PegaHttpClient] 📡 POST https://zdk8budo.pegaacademy.net/prweb/api/HRAppsV2/V1/rules/query?pxObjClass=Rule-HTML-Section&appliesTo=Rule-Service-REST&pyRuleName=pzDisplayPartialCount&RequestClass=Rule-HTML-Section&RequestAppliesTo=Rule-Service-REST&RequestRuleName=pzDisplayPartialCount Payload: "{\"RequestClass\":\"Rule-HTML-Section\",\"RequestAppliesTo\":\"Rule-Service-REST\",\"RequestRuleName\":\"pzDisplayPartialCount\"}" => HTTP 404 (18 bytes)
[PegaHttpClient] 📡 POST https://zdk8budo.pegaacademy.net/prweb/PRRestService/HRAppsV2/V1/rules/query?pxObjClass=Rule-HTML-Section&appliesTo=Rule-Service-REST&pyRuleName=pzDisplayPartialCount&RequestClass=Rule-HTML-Section&RequestAppliesTo=Rule-Service-REST&RequestRuleName=pzDisplayPartialCount Payload: "{\"RequestClass\":\"Rule-HTML-Section\",\"RequestAppliesTo\":\"Rule-Service-REST\",\"RequestRuleName\":\"pzDisplayPartialCount\"}" => HTTP 404 (18 bytes)
[PegaHttpClient] 📡 POST https://zdk8budo.pegaacademy.net/prweb/api/v1/rules/query?pxObjClass=Rule-HTML-Section&appliesTo=Rule-Service-REST&pyRuleName=pzDisplayPartialCount&RequestClass=Rule-HTML-Section&RequestAppliesTo=Rule-Service-REST&RequestRuleName=pzDisplayPartialCount Payload: "{\"RequestClass\":\"Rule-HTML-Section\",\"RequestAppliesTo\":\"Rule-Service-REST\",\"RequestRuleName\":\"pzDisplayPartialCount\"}" => HTTP 404 (18 bytes)
[PegaHttpClient] 📡 POST https://zdk8budo.pegaacademy.net/prweb/PRRestService/v1/rules/query?pxObjClass=Rule-HTML-Section&appliesTo=Rule-Service-REST&pyRuleName=pzDisplayPartialCount&RequestClass=Rule-HTML-Section&RequestAppliesTo=Rule-Service-REST&RequestRuleName=pzDisplayPartialCount Payload: "{\"RequestClass\":\"Rule-HTML-Section\",\"RequestAppliesTo\":\"Rule-Service-REST\",\"RequestRuleName\":\"pzDisplayPartialCount\"}" => HTTP 404 (18 bytes)
[SchemaGen] ✅ Schema written for Rule-Service-REST
[PegaHttpClient] 📡 GET https://zdk8budo.pegaacademy.net/prweb/api/CodeIntelligence/v1/rules/RULE-HTML-HARNESS%20RULE-PARSE-XML%20RULEFORM%20%2320180713T135821.260%20GMT => HTTP 200 (43386 bytes)
[PegaHttpClient] 📡 POST https://zdk8budo.pegaacademy.net/prweb/api/CodeIntelligence/v1/rules/query?pxObjClass=Rule-HTML-Section&appliesTo=Rule-Parse-XML&pyRuleName=RuleFormMain&RequestClass=Rule-HTML-Section&RequestAppliesTo=Rule-Parse-XML&RequestRuleName=RuleFormMain Payload: "{\"RequestClass\":\"Rule-HTML-Section\",\"RequestAppliesTo\":\"Rule-Parse-XML\",\"RequestRuleName\":\"RuleFormMain\"}" => HTTP 200 (156234 bytes)
[PegaHttpClient] 📡 POST https://zdk8budo.pegaacademy.net/prweb/api/CodeIntelligence/v1/rules/query?pxObjClass=Rule-HTML-Section&appliesTo=Rule-Parse-XML&pyRuleName=pxAlternateRuleForm&RequestClass=Rule-HTML-Section&RequestAppliesTo=Rule-Parse-XML&RequestRuleName=pxAlternateRuleForm Payload: "{\"RequestClass\":\"Rule-HTML-Section\",\"RequestAppliesTo\":\"Rule-Parse-XML\",\"RequestRuleName\":\"pxAlternateRuleForm\"}" => HTTP 200 (66153 bytes)
[PegaHttpClient] 📡 POST https://zdk8budo.pegaacademy.net/prweb/api/CodeIntelligence/v1/rules/query?pxObjClass=Rule-HTML-Section&appliesTo=Rule-Parse-XML&pyRuleName=pzRuleFormScripts&RequestClass=Rule-HTML-Section&RequestAppliesTo=Rule-Parse-XML&RequestRuleName=pzRuleFormScripts Payload: "{\"RequestClass\":\"Rule-HTML-Section\",\"RequestAppliesTo\":\"Rule-Parse-XML\",\"RequestRuleName\":\"pzRuleFormScripts\"}" => HTTP 200 (40822 bytes)
[PegaHttpClient] 📡 POST https://zdk8budo.pegaacademy.net/prweb/api/CodeIntelligence/v1/rules/query?pxObjClass=Rule-HTML-Section&appliesTo=Rule-Parse-XML&pyRuleName=pzRuleFormLayoutDelegated&RequestClass=Rule-HTML-Section&RequestAppliesTo=Rule-Parse-XML&RequestRuleName=pzRuleFormLayoutDelegated Payload: "{\"RequestClass\":\"Rule-HTML-Section\",\"RequestAppliesTo\":\"Rule-Parse-XML\",\"RequestRuleName\":\"pzRuleFormLayoutDelegated\"}" => HTTP 200 (70998 bytes)
[PegaHttpClient] 📡 POST https://zdk8budo.pegaacademy.net/prweb/api/CodeIntelligence/v1/rules/query?pxObjClass=Rule-HTML-Section&appliesTo=Rule-Parse-XML&pyRuleName=RuleFormLayout&RequestClass=Rule-HTML-Section&RequestAppliesTo=Rule-Parse-XML&RequestRuleName=RuleFormLayout Payload: "{\"RequestClass\":\"Rule-HTML-Section\",\"RequestAppliesTo\":\"Rule-Parse-XML\",\"RequestRuleName\":\"RuleFormLayout\"}" => HTTP 200 (74760 bytes)
[PegaHttpClient] 📡 POST https://zdk8budo.pegaacademy.net/prweb/api/CodeIntelligence/v1/rules/query?pxObjClass=Rule-HTML-Section&appliesTo=Rule-Parse-XML&pyRuleName=RuleFormSettings&RequestClass=Rule-HTML-Section&RequestAppliesTo=Rule-Parse-XML&RequestRuleName=RuleFormSettings Payload: "{\"RequestClass\":\"Rule-HTML-Section\",\"RequestAppliesTo\":\"Rule-Parse-XML\",\"RequestRuleName\":\"RuleFormSettings\"}" => HTTP 200 (20540 bytes)
[PegaHttpClient] 📡 POST https://zdk8budo.pegaacademy.net/prweb/api/CodeIntelligence/v1/rules/query?pxObjClass=Rule-HTML-Section&appliesTo=Rule-Parse-XML&pyRuleName=OpenAuthoring&RequestClass=Rule-HTML-Section&RequestAppliesTo=Rule-Parse-XML&RequestRuleName=OpenAuthoring Payload: "{\"RequestClass\":\"Rule-HTML-Section\",\"RequestAppliesTo\":\"Rule-Parse-XML\",\"RequestRuleName\":\"OpenAuthoring\"}" => HTTP 200 (23695 bytes)
[PegaHttpClient] 📡 POST https://zdk8budo.pegaacademy.net/prweb/api/CodeIntelligence/v1/rules/query?pxObjClass=Rule-HTML-Section&appliesTo=Rule-Parse-XML&pyRuleName=pyCustomHelp&RequestClass=Rule-HTML-Section&RequestAppliesTo=Rule-Parse-XML&RequestRuleName=pyCustomHelp Payload: "{\"RequestClass\":\"Rule-HTML-Section\",\"RequestAppliesTo\":\"Rule-Parse-XML\",\"RequestRuleName\":\"pyCustomHelp\"}" => HTTP 200 (17256 bytes)
[PegaHttpClient] 📡 POST https://zdk8budo.pegaacademy.net/prweb/api/CodeIntelligence/v1/rules/query?pxObjClass=Rule-HTML-Section&appliesTo=Rule-Parse-XML&pyRuleName=pzRuleformMainInclude&RequestClass=Rule-HTML-Section&RequestAppliesTo=Rule-Parse-XML&RequestRuleName=pzRuleformMainInclude Payload: "{\"RequestClass\":\"Rule-HTML-Section\",\"RequestAppliesTo\":\"Rule-Parse-XML\",\"RequestRuleName\":\"pzRuleformMainInclude\"}" => HTTP 200 (22375 bytes)
[PegaHttpClient] 📡 POST https://zdk8budo.pegaacademy.net/prweb/api/CodeIntelligence/v1/rules/query?pxObjClass=Rule-HTML-Section&appliesTo=Rule-Parse-XML&pyRuleName=pyAlternativeRuleFormStrategicAppExtension&RequestClass=Rule-HTML-Section&RequestAppliesTo=Rule-Parse-XML&RequestRuleName=pyAlternativeRuleFormStrategicAppExtension Payload: "{\"RequestClass\":\"Rule-HTML-Section\",\"RequestAppliesTo\":\"Rule-Parse-XML\",\"RequestRuleName\":\"pyAlternativeRuleFormStrategicAppExtension\"}" => HTTP 200 (25042 bytes)
[PegaHttpClient] 📡 POST https://zdk8budo.pegaacademy.net/prweb/api/CodeIntelligence/v1/rules/query?pxObjClass=Rule-HTML-Section&appliesTo=Rule-Parse-XML&pyRuleName=pyAlternativeRuleFormExtension&RequestClass=Rule-HTML-Section&RequestAppliesTo=Rule-Parse-XML&RequestRuleName=pyAlternativeRuleFormExtension Payload: "{\"RequestClass\":\"Rule-HTML-Section\",\"RequestAppliesTo\":\"Rule-Parse-XML\",\"RequestRuleName\":\"pyAlternativeRuleFormExtension\"}" => HTTP 200 (24863 bytes)
[PegaHttpClient] 📡 POST https://zdk8budo.pegaacademy.net/prweb/api/CodeIntelligence/v1/rules/query?pxObjClass=Rule-HTML-Section&appliesTo=Rule-Parse-XML&pyRuleName=RuleFormHeader&RequestClass=Rule-HTML-Section&RequestAppliesTo=Rule-Parse-XML&RequestRuleName=RuleFormHeader Payload: "{\"RequestClass\":\"Rule-HTML-Section\",\"RequestAppliesTo\":\"Rule-Parse-XML\",\"RequestRuleName\":\"RuleFormHeader\"}" => HTTP 200 (183800 bytes)
[PegaHttpClient] 📡 POST https://zdk8budo.pegaacademy.net/prweb/api/CodeIntelligence/v1/rules/query?pxObjClass=Rule-HTML-Section&appliesTo=Rule-Parse-XML&pyRuleName=pzDelegationExperience&RequestClass=Rule-HTML-Section&RequestAppliesTo=Rule-Parse-XML&RequestRuleName=pzDelegationExperience Payload: "{\"RequestClass\":\"Rule-HTML-Section\",\"RequestAppliesTo\":\"Rule-Parse-XML\",\"RequestRuleName\":\"pzDelegationExperience\"}" => HTTP 404 (114 bytes)
[PegaHttpClient] 📡 POST https://zdk8budo.pegaacademy.net/prweb/PRRestService/CodeIntelligence/v1/rules/query?pxObjClass=Rule-HTML-Section&appliesTo=Rule-Parse-XML&pyRuleName=pzDelegationExperience&RequestClass=Rule-HTML-Section&RequestAppliesTo=Rule-Parse-XML&RequestRuleName=pzDelegationExperience Payload: "{\"RequestClass\":\"Rule-HTML-Section\",\"RequestAppliesTo\":\"Rule-Parse-XML\",\"RequestRuleName\":\"pzDelegationExperience\"}" => HTTP 404 (114 bytes)
[PegaHttpClient] 📡 POST https://zdk8budo.pegaacademy.net/prweb/api/HRAppsV2Service/V1/rules/query?pxObjClass=Rule-HTML-Section&appliesTo=Rule-Parse-XML&pyRuleName=pzDelegationExperience&RequestClass=Rule-HTML-Section&RequestAppliesTo=Rule-Parse-XML&RequestRuleName=pzDelegationExperience Payload: "{\"RequestClass\":\"Rule-HTML-Section\",\"RequestAppliesTo\":\"Rule-Parse-XML\",\"RequestRuleName\":\"pzDelegationExperience\"}" => HTTP 404 (18 bytes)
[PegaHttpClient] 📡 POST https://zdk8budo.pegaacademy.net/prweb/PRRestService/HRAppsV2Service/V1/rules/query?pxObjClass=Rule-HTML-Section&appliesTo=Rule-Parse-XML&pyRuleName=pzDelegationExperience&RequestClass=Rule-HTML-Section&RequestAppliesTo=Rule-Parse-XML&RequestRuleName=pzDelegationExperience Payload: "{\"RequestClass\":\"Rule-HTML-Section\",\"RequestAppliesTo\":\"Rule-Parse-XML\",\"RequestRuleName\":\"pzDelegationExperience\"}" => HTTP 404 (18 bytes)
[PegaHttpClient] 📡 POST https://zdk8budo.pegaacademy.net/prweb/api/HRAppsV2/V1/rules/query?pxObjClass=Rule-HTML-Section&appliesTo=Rule-Parse-XML&pyRuleName=pzDelegationExperience&RequestClass=Rule-HTML-Section&RequestAppliesTo=Rule-Parse-XML&RequestRuleName=pzDelegationExperience Payload: "{\"RequestClass\":\"Rule-HTML-Section\",\"RequestAppliesTo\":\"Rule-Parse-XML\",\"RequestRuleName\":\"pzDelegationExperience\"}" => HTTP 404 (18 bytes)
[PegaHttpClient] 📡 POST https://zdk8budo.pegaacademy.net/prweb/PRRestService/HRAppsV2/V1/rules/query?pxObjClass=Rule-HTML-Section&appliesTo=Rule-Parse-XML&pyRuleName=pzDelegationExperience&RequestClass=Rule-HTML-Section&RequestAppliesTo=Rule-Parse-XML&RequestRuleName=pzDelegationExperience Payload: "{\"RequestClass\":\"Rule-HTML-Section\",\"RequestAppliesTo\":\"Rule-Parse-XML\",\"RequestRuleName\":\"pzDelegationExperience\"}" => HTTP 404 (18 bytes)
[PegaHttpClient] 📡 POST https://zdk8budo.pegaacademy.net/prweb/api/v1/rules/query?pxObjClass=Rule-HTML-Section&appliesTo=Rule-Parse-XML&pyRuleName=pzDelegationExperience&RequestClass=Rule-HTML-Section&RequestAppliesTo=Rule-Parse-XML&RequestRuleName=pzDelegationExperience Payload: "{\"RequestClass\":\"Rule-HTML-Section\",\"RequestAppliesTo\":\"Rule-Parse-XML\",\"RequestRuleName\":\"pzDelegationExperience\"}" => HTTP 404 (18 bytes)
[PegaHttpClient] 📡 POST https://zdk8budo.pegaacademy.net/prweb/PRRestService/v1/rules/query?pxObjClass=Rule-HTML-Section&appliesTo=Rule-Parse-XML&pyRuleName=pzDelegationExperience&RequestClass=Rule-HTML-Section&RequestAppliesTo=Rule-Parse-XML&RequestRuleName=pzDelegationExperience Payload: "{\"RequestClass\":\"Rule-HTML-Section\",\"RequestAppliesTo\":\"Rule-Parse-XML\",\"RequestRuleName\":\"pzDelegationExperience\"}" => HTTP 404 (18 bytes)
[PegaHttpClient] 📡 POST https://zdk8budo.pegaacademy.net/prweb/api/CodeIntelligence/v1/rules/query?pxObjClass=Rule-HTML-Section&appliesTo=Rule-Parse-XML&pyRuleName=Mapping&RequestClass=Rule-HTML-Section&RequestAppliesTo=Rule-Parse-XML&RequestRuleName=Mapping Payload: "{\"RequestClass\":\"Rule-HTML-Section\",\"RequestAppliesTo\":\"Rule-Parse-XML\",\"RequestRuleName\":\"Mapping\"}" => HTTP 200 (24812 bytes)
[PegaHttpClient] 📡 POST https://zdk8budo.pegaacademy.net/prweb/api/CodeIntelligence/v1/rules/query?pxObjClass=Rule-HTML-Section&appliesTo=Rule-Parse-XML&pyRuleName=pzPagesAndClassesNoMode&RequestClass=Rule-HTML-Section&RequestAppliesTo=Rule-Parse-XML&RequestRuleName=pzPagesAndClassesNoMode Payload: "{\"RequestClass\":\"Rule-HTML-Section\",\"RequestAppliesTo\":\"Rule-Parse-XML\",\"RequestRuleName\":\"pzPagesAndClassesNoMode\"}" => HTTP 200 (90057 bytes)
[PegaHttpClient] 📡 POST https://zdk8budo.pegaacademy.net/prweb/api/CodeIntelligence/v1/rules/query?pxObjClass=Rule-HTML-Section&appliesTo=Rule-Parse-XML&pyRuleName=XML&RequestClass=Rule-HTML-Section&RequestAppliesTo=Rule-Parse-XML&RequestRuleName=XML Payload: "{\"RequestClass\":\"Rule-HTML-Section\",\"RequestAppliesTo\":\"Rule-Parse-XML\",\"RequestRuleName\":\"XML\"}" => HTTP 200 (175205 bytes)
[PegaHttpClient] 📡 POST https://zdk8budo.pegaacademy.net/prweb/api/CodeIntelligence/v1/rules/query?pxObjClass=Rule-HTML-Section&appliesTo=Rule-Parse-XML&pyRuleName=pzSpecifications&RequestClass=Rule-HTML-Section&RequestAppliesTo=Rule-Parse-XML&RequestRuleName=pzSpecifications Payload: "{\"RequestClass\":\"Rule-HTML-Section\",\"RequestAppliesTo\":\"Rule-Parse-XML\",\"RequestRuleName\":\"pzSpecifications\"}" => HTTP 200 (16577 bytes)
[PegaHttpClient] 📡 POST https://zdk8budo.pegaacademy.net/prweb/api/CodeIntelligence/v1/rules/query?pxObjClass=Rule-HTML-Section&appliesTo=Rule-Parse-XML&pyRuleName=RuleFormHistory&RequestClass=Rule-HTML-Section&RequestAppliesTo=Rule-Parse-XML&RequestRuleName=RuleFormHistory Payload: "{\"RequestClass\":\"Rule-HTML-Section\",\"RequestAppliesTo\":\"Rule-Parse-XML\",\"RequestRuleName\":\"RuleFormHistory\"}" => HTTP 200 (76091 bytes)
[PegaHttpClient] 📡 POST https://zdk8budo.pegaacademy.net/prweb/api/CodeIntelligence/v1/rules/query?pxObjClass=Rule-HTML-Section&appliesTo=Rule-Parse-XML&pyRuleName=pzCustomHelp&RequestClass=Rule-HTML-Section&RequestAppliesTo=Rule-Parse-XML&RequestRuleName=pzCustomHelp Payload: "{\"RequestClass\":\"Rule-HTML-Section\",\"RequestAppliesTo\":\"Rule-Parse-XML\",\"RequestRuleName\":\"pzCustomHelp\"}" => HTTP 200 (31573 bytes)
[PegaHttpClient] 📡 POST https://zdk8budo.pegaacademy.net/prweb/api/CodeIntelligence/v1/rules/query?pxObjClass=Rule-HTML-Section&appliesTo=Rule-Parse-XML&pyRuleName=pzRuleFormKeysAndDescription&RequestClass=Rule-HTML-Section&RequestAppliesTo=Rule-Parse-XML&RequestRuleName=pzRuleFormKeysAndDescription Payload: "{\"RequestClass\":\"Rule-HTML-Section\",\"RequestAppliesTo\":\"Rule-Parse-XML\",\"RequestRuleName\":\"pzRuleFormKeysAndDescription\"}" => HTTP 200 (218057 bytes)
[PegaHttpClient] 📡 POST https://zdk8budo.pegaacademy.net/prweb/api/CodeIntelligence/v1/rules/query?pxObjClass=Rule-HTML-Section&appliesTo=Rule-Parse-XML&pyRuleName=pzRuleFormRuleset&RequestClass=Rule-HTML-Section&RequestAppliesTo=Rule-Parse-XML&RequestRuleName=pzRuleFormRuleset Payload: "{\"RequestClass\":\"Rule-HTML-Section\",\"RequestAppliesTo\":\"Rule-Parse-XML\",\"RequestRuleName\":\"pzRuleFormRuleset\"}" => HTTP 200 (33985 bytes)
[PegaHttpClient] 📡 POST https://zdk8budo.pegaacademy.net/prweb/api/CodeIntelligence/v1/rules/query?pxObjClass=Rule-HTML-Section&appliesTo=Rule-Parse-XML&pyRuleName=undefined&RequestClass=Rule-HTML-Section&RequestAppliesTo=Rule-Parse-XML&RequestRuleName=undefined Payload: "{\"RequestClass\":\"Rule-HTML-Section\",\"RequestAppliesTo\":\"Rule-Parse-XML\",\"RequestRuleName\":\"undefined\"}" => HTTP 404 (101 bytes)
[PegaHttpClient] 📡 POST https://zdk8budo.pegaacademy.net/prweb/PRRestService/CodeIntelligence/v1/rules/query?pxObjClass=Rule-HTML-Section&appliesTo=Rule-Parse-XML&pyRuleName=undefined&RequestClass=Rule-HTML-Section&RequestAppliesTo=Rule-Parse-XML&RequestRuleName=undefined Payload: "{\"RequestClass\":\"Rule-HTML-Section\",\"RequestAppliesTo\":\"Rule-Parse-XML\",\"RequestRuleName\":\"undefined\"}" => HTTP 404 (101 bytes)
[PegaHttpClient] 📡 POST https://zdk8budo.pegaacademy.net/prweb/api/HRAppsV2Service/V1/rules/query?pxObjClass=Rule-HTML-Section&appliesTo=Rule-Parse-XML&pyRuleName=undefined&RequestClass=Rule-HTML-Section&RequestAppliesTo=Rule-Parse-XML&RequestRuleName=undefined Payload: "{\"RequestClass\":\"Rule-HTML-Section\",\"RequestAppliesTo\":\"Rule-Parse-XML\",\"RequestRuleName\":\"undefined\"}" => HTTP 404 (18 bytes)
[PegaHttpClient] 📡 POST https://zdk8budo.pegaacademy.net/prweb/PRRestService/HRAppsV2Service/V1/rules/query?pxObjClass=Rule-HTML-Section&appliesTo=Rule-Parse-XML&pyRuleName=undefined&RequestClass=Rule-HTML-Section&RequestAppliesTo=Rule-Parse-XML&RequestRuleName=undefined Payload: "{\"RequestClass\":\"Rule-HTML-Section\",\"RequestAppliesTo\":\"Rule-Parse-XML\",\"RequestRuleName\":\"undefined\"}" => HTTP 404 (18 bytes)
[PegaHttpClient] 📡 POST https://zdk8budo.pegaacademy.net/prweb/api/HRAppsV2/V1/rules/query?pxObjClass=Rule-HTML-Section&appliesTo=Rule-Parse-XML&pyRuleName=undefined&RequestClass=Rule-HTML-Section&RequestAppliesTo=Rule-Parse-XML&RequestRuleName=undefined Payload: "{\"RequestClass\":\"Rule-HTML-Section\",\"RequestAppliesTo\":\"Rule-Parse-XML\",\"RequestRuleName\":\"undefined\"}" => HTTP 404 (18 bytes)
[PegaHttpClient] 📡 POST https://zdk8budo.pegaacademy.net/prweb/PRRestService/HRAppsV2/V1/rules/query?pxObjClass=Rule-HTML-Section&appliesTo=Rule-Parse-XML&pyRuleName=undefined&RequestClass=Rule-HTML-Section&RequestAppliesTo=Rule-Parse-XML&RequestRuleName=undefined Payload: "{\"RequestClass\":\"Rule-HTML-Section\",\"RequestAppliesTo\":\"Rule-Parse-XML\",\"RequestRuleName\":\"undefined\"}" => HTTP 404 (18 bytes)
[PegaHttpClient] 📡 POST https://zdk8budo.pegaacademy.net/prweb/api/v1/rules/query?pxObjClass=Rule-HTML-Section&appliesTo=Rule-Parse-XML&pyRuleName=undefined&RequestClass=Rule-HTML-Section&RequestAppliesTo=Rule-Parse-XML&RequestRuleName=undefined Payload: "{\"RequestClass\":\"Rule-HTML-Section\",\"RequestAppliesTo\":\"Rule-Parse-XML\",\"RequestRuleName\":\"undefined\"}" => HTTP 404 (18 bytes)
[PegaHttpClient] 📡 POST https://zdk8budo.pegaacademy.net/prweb/PRRestService/v1/rules/query?pxObjClass=Rule-HTML-Section&appliesTo=Rule-Parse-XML&pyRuleName=undefined&RequestClass=Rule-HTML-Section&RequestAppliesTo=Rule-Parse-XML&RequestRuleName=undefined Payload: "{\"RequestClass\":\"Rule-HTML-Section\",\"RequestAppliesTo\":\"Rule-Parse-XML\",\"RequestRuleName\":\"undefined\"}" => HTTP 404 (18 bytes)
[PegaHttpClient] 📡 POST https://zdk8budo.pegaacademy.net/prweb/api/CodeIntelligence/v1/rules/query?pxObjClass=Rule-HTML-Section&appliesTo=Rule-Parse-XML&pyRuleName=pzRuleFormToolbar&RequestClass=Rule-HTML-Section&RequestAppliesTo=Rule-Parse-XML&RequestRuleName=pzRuleFormToolbar Payload: "{\"RequestClass\":\"Rule-HTML-Section\",\"RequestAppliesTo\":\"Rule-Parse-XML\",\"RequestRuleName\":\"pzRuleFormToolbar\"}" => HTTP 200 (242691 bytes)
[PegaHttpClient] 📡 POST https://zdk8budo.pegaacademy.net/prweb/api/CodeIntelligence/v1/rules/query?pxObjClass=Rule-HTML-Section&appliesTo=Rule-Parse-XML&pyRuleName=pzRuleFormToolbarCompare&RequestClass=Rule-HTML-Section&RequestAppliesTo=Rule-Parse-XML&RequestRuleName=pzRuleFormToolbarCompare Payload: "{\"RequestClass\":\"Rule-HTML-Section\",\"RequestAppliesTo\":\"Rule-Parse-XML\",\"RequestRuleName\":\"pzRuleFormToolbarCompare\"}" => HTTP 200 (61925 bytes)
[PegaHttpClient] 📡 POST https://zdk8budo.pegaacademy.net/prweb/api/CodeIntelligence/v1/rules/query?pxObjClass=Rule-HTML-Section&appliesTo=Rule-Parse-XML&pyRuleName=RuleFormHeaderMessages&RequestClass=Rule-HTML-Section&RequestAppliesTo=Rule-Parse-XML&RequestRuleName=RuleFormHeaderMessages Payload: "{\"RequestClass\":\"Rule-HTML-Section\",\"RequestAppliesTo\":\"Rule-Parse-XML\",\"RequestRuleName\":\"RuleFormHeaderMessages\"}" => HTTP 200 (26518 bytes)
[PegaHttpClient] 📡 POST https://zdk8budo.pegaacademy.net/prweb/api/CodeIntelligence/v1/rules/query?pxObjClass=Rule-HTML-Section&appliesTo=Rule-Parse-XML&pyRuleName=pzNonAutoGenratedParseXML&RequestClass=Rule-HTML-Section&RequestAppliesTo=Rule-Parse-XML&RequestRuleName=pzNonAutoGenratedParseXML Payload: "{\"RequestClass\":\"Rule-HTML-Section\",\"RequestAppliesTo\":\"Rule-Parse-XML\",\"RequestRuleName\":\"pzNonAutoGenratedParseXML\"}" => HTTP 200 (106489 bytes)
[PegaHttpClient] 📡 POST https://zdk8budo.pegaacademy.net/prweb/api/CodeIntelligence/v1/rules/query?pxObjClass=Rule-HTML-Section&appliesTo=Rule-Parse-XML&pyRuleName=pzMappingForAutoGeneratedParseXML&RequestClass=Rule-HTML-Section&RequestAppliesTo=Rule-Parse-XML&RequestRuleName=pzMappingForAutoGeneratedParseXML Payload: "{\"RequestClass\":\"Rule-HTML-Section\",\"RequestAppliesTo\":\"Rule-Parse-XML\",\"RequestRuleName\":\"pzMappingForAutoGeneratedParseXML\"}" => HTTP 200 (74645 bytes)
[PegaHttpClient] 📡 POST https://zdk8budo.pegaacademy.net/prweb/api/CodeIntelligence/v1/rules/query?pxObjClass=Rule-HTML-Section&appliesTo=Rule-Parse-XML&pyRuleName=pzPagesAndClassesScriptNoMode&RequestClass=Rule-HTML-Section&RequestAppliesTo=Rule-Parse-XML&RequestRuleName=pzPagesAndClassesScriptNoMode Payload: "{\"RequestClass\":\"Rule-HTML-Section\",\"RequestAppliesTo\":\"Rule-Parse-XML\",\"RequestRuleName\":\"pzPagesAndClassesScriptNoMode\"}" => HTTP 200 (25452 bytes)
[PegaHttpClient] 📡 POST https://zdk8budo.pegaacademy.net/prweb/api/CodeIntelligence/v1/rules/query?pxObjClass=Rule-HTML-Section&appliesTo=Rule-Parse-XML&pyRuleName=pzSpecificationsInner&RequestClass=Rule-HTML-Section&RequestAppliesTo=Rule-Parse-XML&RequestRuleName=pzSpecificationsInner Payload: "{\"RequestClass\":\"Rule-HTML-Section\",\"RequestAppliesTo\":\"Rule-Parse-XML\",\"RequestRuleName\":\"pzSpecificationsInner\"}" => HTTP 200 (142370 bytes)
[PegaHttpClient] 📡 POST https://zdk8budo.pegaacademy.net/prweb/api/CodeIntelligence/v1/rules/query?pxObjClass=Rule-HTML-Section&appliesTo=Rule-Parse-XML&pyRuleName=pzAlternateRuleInfo&RequestClass=Rule-HTML-Section&RequestAppliesTo=Rule-Parse-XML&RequestRuleName=pzAlternateRuleInfo Payload: "{\"RequestClass\":\"Rule-HTML-Section\",\"RequestAppliesTo\":\"Rule-Parse-XML\",\"RequestRuleName\":\"pzAlternateRuleInfo\"}" => HTTP 200 (140407 bytes)
[PegaHttpClient] 📡 POST https://zdk8budo.pegaacademy.net/prweb/api/CodeIntelligence/v1/rules/query?pxObjClass=Rule-HTML-Section&appliesTo=Rule-Parse-XML&pyRuleName=RuleFormHistory_Description&RequestClass=Rule-HTML-Section&RequestAppliesTo=Rule-Parse-XML&RequestRuleName=RuleFormHistory_Description Payload: "{\"RequestClass\":\"Rule-HTML-Section\",\"RequestAppliesTo\":\"Rule-Parse-XML\",\"RequestRuleName\":\"RuleFormHistory_Description\"}" => HTTP 200 (46242 bytes)
[PegaHttpClient] 📡 POST https://zdk8budo.pegaacademy.net/prweb/api/CodeIntelligence/v1/rules/query?pxObjClass=Rule-HTML-Section&appliesTo=Rule-Parse-XML&pyRuleName=RuleFormHistory_CustomFields&RequestClass=Rule-HTML-Section&RequestAppliesTo=Rule-Parse-XML&RequestRuleName=RuleFormHistory_CustomFields Payload: "{\"RequestClass\":\"Rule-HTML-Section\",\"RequestAppliesTo\":\"Rule-Parse-XML\",\"RequestRuleName\":\"RuleFormHistory_CustomFields\"}" => HTTP 200 (75856 bytes)
[PegaHttpClient] 📡 POST https://zdk8budo.pegaacademy.net/prweb/api/CodeIntelligence/v1/rules/query?pxObjClass=Rule-HTML-Section&appliesTo=Rule-Parse-XML&pyRuleName=RuleFormHistory_HistoryDetails&RequestClass=Rule-HTML-Section&RequestAppliesTo=Rule-Parse-XML&RequestRuleName=RuleFormHistory_HistoryDetails Payload: "{\"RequestClass\":\"Rule-HTML-Section\",\"RequestAppliesTo\":\"Rule-Parse-XML\",\"RequestRuleName\":\"RuleFormHistory_HistoryDetails\"}" => HTTP 200 (179535 bytes)
[PegaHttpClient] 📡 POST https://zdk8budo.pegaacademy.net/prweb/api/CodeIntelligence/v1/rules/query?pxObjClass=Rule-HTML-Section&appliesTo=Rule-Parse-XML&pyRuleName=pzRuleFormStatus&RequestClass=Rule-HTML-Section&RequestAppliesTo=Rule-Parse-XML&RequestRuleName=pzRuleFormStatus Payload: "{\"RequestClass\":\"Rule-HTML-Section\",\"RequestAppliesTo\":\"Rule-Parse-XML\",\"RequestRuleName\":\"pzRuleFormStatus\"}" => HTTP 200 (97627 bytes)
[PegaHttpClient] 📡 POST https://zdk8budo.pegaacademy.net/prweb/api/CodeIntelligence/v1/rules/query?pxObjClass=Rule-HTML-Section&appliesTo=Rule-Parse-XML&pyRuleName=pzRuleFormHeaderCompareWithDropDown&RequestClass=Rule-HTML-Section&RequestAppliesTo=Rule-Parse-XML&RequestRuleName=pzRuleFormHeaderCompareWithDropDown Payload: "{\"RequestClass\":\"Rule-HTML-Section\",\"RequestAppliesTo\":\"Rule-Parse-XML\",\"RequestRuleName\":\"pzRuleFormHeaderCompareWithDropDown\"}" => HTTP 200 (25396 bytes)
[PegaHttpClient] 📡 POST https://zdk8budo.pegaacademy.net/prweb/api/CodeIntelligence/v1/rules/query?pxObjClass=Rule-HTML-Section&appliesTo=Rule-Parse-XML&pyRuleName=undefined&RequestClass=Rule-HTML-Section&RequestAppliesTo=Rule-Parse-XML&RequestRuleName=undefined Payload: "{\"RequestClass\":\"Rule-HTML-Section\",\"RequestAppliesTo\":\"Rule-Parse-XML\",\"RequestRuleName\":\"undefined\"}" => HTTP 404 (101 bytes)
[PegaHttpClient] 📡 POST https://zdk8budo.pegaacademy.net/prweb/PRRestService/CodeIntelligence/v1/rules/query?pxObjClass=Rule-HTML-Section&appliesTo=Rule-Parse-XML&pyRuleName=undefined&RequestClass=Rule-HTML-Section&RequestAppliesTo=Rule-Parse-XML&RequestRuleName=undefined Payload: "{\"RequestClass\":\"Rule-HTML-Section\",\"RequestAppliesTo\":\"Rule-Parse-XML\",\"RequestRuleName\":\"undefined\"}" => HTTP 404 (101 bytes)
[PegaHttpClient] 📡 POST https://zdk8budo.pegaacademy.net/prweb/api/HRAppsV2Service/V1/rules/query?pxObjClass=Rule-HTML-Section&appliesTo=Rule-Parse-XML&pyRuleName=undefined&RequestClass=Rule-HTML-Section&RequestAppliesTo=Rule-Parse-XML&RequestRuleName=undefined Payload: "{\"RequestClass\":\"Rule-HTML-Section\",\"RequestAppliesTo\":\"Rule-Parse-XML\",\"RequestRuleName\":\"undefined\"}" => HTTP 404 (18 bytes)
[PegaHttpClient] 📡 POST https://zdk8budo.pegaacademy.net/prweb/PRRestService/HRAppsV2Service/V1/rules/query?pxObjClass=Rule-HTML-Section&appliesTo=Rule-Parse-XML&pyRuleName=undefined&RequestClass=Rule-HTML-Section&RequestAppliesTo=Rule-Parse-XML&RequestRuleName=undefined Payload: "{\"RequestClass\":\"Rule-HTML-Section\",\"RequestAppliesTo\":\"Rule-Parse-XML\",\"RequestRuleName\":\"undefined\"}" => HTTP 404 (18 bytes)
[PegaHttpClient] 📡 POST https://zdk8budo.pegaacademy.net/prweb/api/HRAppsV2/V1/rules/query?pxObjClass=Rule-HTML-Section&appliesTo=Rule-Parse-XML&pyRuleName=undefined&RequestClass=Rule-HTML-Section&RequestAppliesTo=Rule-Parse-XML&RequestRuleName=undefined Payload: "{\"RequestClass\":\"Rule-HTML-Section\",\"RequestAppliesTo\":\"Rule-Parse-XML\",\"RequestRuleName\":\"undefined\"}" => HTTP 404 (18 bytes)
[PegaHttpClient] 📡 POST https://zdk8budo.pegaacademy.net/prweb/PRRestService/HRAppsV2/V1/rules/query?pxObjClass=Rule-HTML-Section&appliesTo=Rule-Parse-XML&pyRuleName=undefined&RequestClass=Rule-HTML-Section&RequestAppliesTo=Rule-Parse-XML&RequestRuleName=undefined Payload: "{\"RequestClass\":\"Rule-HTML-Section\",\"RequestAppliesTo\":\"Rule-Parse-XML\",\"RequestRuleName\":\"undefined\"}" => HTTP 404 (18 bytes)
[PegaHttpClient] 📡 POST https://zdk8budo.pegaacademy.net/prweb/api/v1/rules/query?pxObjClass=Rule-HTML-Section&appliesTo=Rule-Parse-XML&pyRuleName=undefined&RequestClass=Rule-HTML-Section&RequestAppliesTo=Rule-Parse-XML&RequestRuleName=undefined Payload: "{\"RequestClass\":\"Rule-HTML-Section\",\"RequestAppliesTo\":\"Rule-Parse-XML\",\"RequestRuleName\":\"undefined\"}" => HTTP 404 (18 bytes)
[PegaHttpClient] 📡 POST https://zdk8budo.pegaacademy.net/prweb/PRRestService/v1/rules/query?pxObjClass=Rule-HTML-Section&appliesTo=Rule-Parse-XML&pyRuleName=undefined&RequestClass=Rule-HTML-Section&RequestAppliesTo=Rule-Parse-XML&RequestRuleName=undefined Payload: "{\"RequestClass\":\"Rule-HTML-Section\",\"RequestAppliesTo\":\"Rule-Parse-XML\",\"RequestRuleName\":\"undefined\"}" => HTTP 404 (18 bytes)
[PegaHttpClient] 📡 POST https://zdk8budo.pegaacademy.net/prweb/api/CodeIntelligence/v1/rules/query?pxObjClass=Rule-HTML-Section&appliesTo=Rule-Parse-XML&pyRuleName=pzRuleFormToolbarHotKeys&RequestClass=Rule-HTML-Section&RequestAppliesTo=Rule-Parse-XML&RequestRuleName=pzRuleFormToolbarHotKeys Payload: "{\"RequestClass\":\"Rule-HTML-Section\",\"RequestAppliesTo\":\"Rule-Parse-XML\",\"RequestRuleName\":\"pzRuleFormToolbarHotKeys\"}" => HTTP 200 (85058 bytes)
[PegaHttpClient] 📡 POST https://zdk8budo.pegaacademy.net/prweb/api/CodeIntelligence/v1/rules/query?pxObjClass=Rule-HTML-Section&appliesTo=Rule-Parse-XML&pyRuleName=pzRuleFormToolbarLockedIcon&RequestClass=Rule-HTML-Section&RequestAppliesTo=Rule-Parse-XML&RequestRuleName=pzRuleFormToolbarLockedIcon Payload: "{\"RequestClass\":\"Rule-HTML-Section\",\"RequestAppliesTo\":\"Rule-Parse-XML\",\"RequestRuleName\":\"pzRuleFormToolbarLockedIcon\"}" => HTTP 200 (24898 bytes)
[PegaHttpClient] 📡 POST https://zdk8budo.pegaacademy.net/prweb/api/CodeIntelligence/v1/rules/query?pxObjClass=Rule-HTML-Section&appliesTo=Rule-Parse-XML&pyRuleName=pzRuleFormToolbarCollaborators&RequestClass=Rule-HTML-Section&RequestAppliesTo=Rule-Parse-XML&RequestRuleName=pzRuleFormToolbarCollaborators Payload: "{\"RequestClass\":\"Rule-HTML-Section\",\"RequestAppliesTo\":\"Rule-Parse-XML\",\"RequestRuleName\":\"pzRuleFormToolbarCollaborators\"}" => HTTP 200 (15254 bytes)
[PegaHttpClient] 📡 POST https://zdk8budo.pegaacademy.net/prweb/api/CodeIntelligence/v1/rules/query?pxObjClass=Rule-HTML-Section&appliesTo=Rule-Parse-XML&pyRuleName=pzRuleFormToolbarSaveAs&RequestClass=Rule-HTML-Section&RequestAppliesTo=Rule-Parse-XML&RequestRuleName=pzRuleFormToolbarSaveAs Payload: "{\"RequestClass\":\"Rule-HTML-Section\",\"RequestAppliesTo\":\"Rule-Parse-XML\",\"RequestRuleName\":\"pzRuleFormToolbarSaveAs\"}" => HTTP 200 (64084 bytes)
[PegaHttpClient] 📡 POST https://zdk8budo.pegaacademy.net/prweb/api/CodeIntelligence/v1/rules/query?pxObjClass=Rule-HTML-Section&appliesTo=Rule-Parse-XML&pyRuleName=pzRuleFormToolbarCheckin&RequestClass=Rule-HTML-Section&RequestAppliesTo=Rule-Parse-XML&RequestRuleName=pzRuleFormToolbarCheckin Payload: "{\"RequestClass\":\"Rule-HTML-Section\",\"RequestAppliesTo\":\"Rule-Parse-XML\",\"RequestRuleName\":\"pzRuleFormToolbarCheckin\"}" => HTTP 200 (119096 bytes)
[PegaHttpClient] 📡 POST https://zdk8budo.pegaacademy.net/prweb/api/CodeIntelligence/v1/rules/query?pxObjClass=Rule-HTML-Section&appliesTo=Rule-Parse-XML&pyRuleName=pzRuleFormToolbarDelete&RequestClass=Rule-HTML-Section&RequestAppliesTo=Rule-Parse-XML&RequestRuleName=pzRuleFormToolbarDelete Payload: "{\"RequestClass\":\"Rule-HTML-Section\",\"RequestAppliesTo\":\"Rule-Parse-XML\",\"RequestRuleName\":\"pzRuleFormToolbarDelete\"}" => HTTP 200 (30249 bytes)
[PegaHttpClient] 📡 POST https://zdk8budo.pegaacademy.net/prweb/api/CodeIntelligence/v1/rules/query?pxObjClass=Rule-HTML-Section&appliesTo=Rule-Parse-XML&pyRuleName=pzRuleFormToolbarSave&RequestClass=Rule-HTML-Section&RequestAppliesTo=Rule-Parse-XML&RequestRuleName=pzRuleFormToolbarSave Payload: "{\"RequestClass\":\"Rule-HTML-Section\",\"RequestAppliesTo\":\"Rule-Parse-XML\",\"RequestRuleName\":\"pzRuleFormToolbarSave\"}" => HTTP 200 (293885 bytes)
[PegaHttpClient] 📡 POST https://zdk8budo.pegaacademy.net/prweb/api/CodeIntelligence/v1/rules/query?pxObjClass=Rule-HTML-Section&appliesTo=Rule-Parse-XML&pyRuleName=pzRuleFormToolbarCheckout&RequestClass=Rule-HTML-Section&RequestAppliesTo=Rule-Parse-XML&RequestRuleName=pzRuleFormToolbarCheckout Payload: "{\"RequestClass\":\"Rule-HTML-Section\",\"RequestAppliesTo\":\"Rule-Parse-XML\",\"RequestRuleName\":\"pzRuleFormToolbarCheckout\"}" => HTTP 200 (238148 bytes)
[PegaHttpClient] 📡 POST https://zdk8budo.pegaacademy.net/prweb/api/CodeIntelligence/v1/rules/query?pxObjClass=Rule-HTML-Section&appliesTo=Rule-Parse-XML&pyRuleName=pzRemoveErrorsDataPage&RequestClass=Rule-HTML-Section&RequestAppliesTo=Rule-Parse-XML&RequestRuleName=pzRemoveErrorsDataPage Payload: "{\"RequestClass\":\"Rule-HTML-Section\",\"RequestAppliesTo\":\"Rule-Parse-XML\",\"RequestRuleName\":\"pzRemoveErrorsDataPage\"}" => HTTP 200 (16733 bytes)
[PegaHttpClient] 📡 POST https://zdk8budo.pegaacademy.net/prweb/api/CodeIntelligence/v1/rules/query?pxObjClass=Rule-HTML-Section&appliesTo=Rule-Parse-XML&pyRuleName=pzRuleFormHeaderMessagesWrapper&RequestClass=Rule-HTML-Section&RequestAppliesTo=Rule-Parse-XML&RequestRuleName=pzRuleFormHeaderMessagesWrapper Payload: "{\"RequestClass\":\"Rule-HTML-Section\",\"RequestAppliesTo\":\"Rule-Parse-XML\",\"RequestRuleName\":\"pzRuleFormHeaderMessagesWrapper\"}" => HTTP 200 (16981 bytes)
[PegaHttpClient] 📡 POST https://zdk8budo.pegaacademy.net/prweb/api/CodeIntelligence/v1/rules/query?pxObjClass=Rule-HTML-Section&appliesTo=Rule-Parse-XML&pyRuleName=pyTreeEditable&RequestClass=Rule-HTML-Section&RequestAppliesTo=Rule-Parse-XML&RequestRuleName=pyTreeEditable Payload: "{\"RequestClass\":\"Rule-HTML-Section\",\"RequestAppliesTo\":\"Rule-Parse-XML\",\"RequestRuleName\":\"pyTreeEditable\"}" => HTTP 404 (106 bytes)
[PegaHttpClient] 📡 POST https://zdk8budo.pegaacademy.net/prweb/PRRestService/CodeIntelligence/v1/rules/query?pxObjClass=Rule-HTML-Section&appliesTo=Rule-Parse-XML&pyRuleName=pyTreeEditable&RequestClass=Rule-HTML-Section&RequestAppliesTo=Rule-Parse-XML&RequestRuleName=pyTreeEditable Payload: "{\"RequestClass\":\"Rule-HTML-Section\",\"RequestAppliesTo\":\"Rule-Parse-XML\",\"RequestRuleName\":\"pyTreeEditable\"}" => HTTP 404 (106 bytes)
[PegaHttpClient] 📡 POST https://zdk8budo.pegaacademy.net/prweb/api/HRAppsV2Service/V1/rules/query?pxObjClass=Rule-HTML-Section&appliesTo=Rule-Parse-XML&pyRuleName=pyTreeEditable&RequestClass=Rule-HTML-Section&RequestAppliesTo=Rule-Parse-XML&RequestRuleName=pyTreeEditable Payload: "{\"RequestClass\":\"Rule-HTML-Section\",\"RequestAppliesTo\":\"Rule-Parse-XML\",\"RequestRuleName\":\"pyTreeEditable\"}" => HTTP 404 (18 bytes)
[PegaHttpClient] 📡 POST https://zdk8budo.pegaacademy.net/prweb/PRRestService/HRAppsV2Service/V1/rules/query?pxObjClass=Rule-HTML-Section&appliesTo=Rule-Parse-XML&pyRuleName=pyTreeEditable&RequestClass=Rule-HTML-Section&RequestAppliesTo=Rule-Parse-XML&RequestRuleName=pyTreeEditable Payload: "{\"RequestClass\":\"Rule-HTML-Section\",\"RequestAppliesTo\":\"Rule-Parse-XML\",\"RequestRuleName\":\"pyTreeEditable\"}" => HTTP 404 (18 bytes)
[PegaHttpClient] 📡 POST https://zdk8budo.pegaacademy.net/prweb/api/HRAppsV2/V1/rules/query?pxObjClass=Rule-HTML-Section&appliesTo=Rule-Parse-XML&pyRuleName=pyTreeEditable&RequestClass=Rule-HTML-Section&RequestAppliesTo=Rule-Parse-XML&RequestRuleName=pyTreeEditable Payload: "{\"RequestClass\":\"Rule-HTML-Section\",\"RequestAppliesTo\":\"Rule-Parse-XML\",\"RequestRuleName\":\"pyTreeEditable\"}" => HTTP 404 (18 bytes)
[PegaHttpClient] 📡 POST https://zdk8budo.pegaacademy.net/prweb/PRRestService/HRAppsV2/V1/rules/query?pxObjClass=Rule-HTML-Section&appliesTo=Rule-Parse-XML&pyRuleName=pyTreeEditable&RequestClass=Rule-HTML-Section&RequestAppliesTo=Rule-Parse-XML&RequestRuleName=pyTreeEditable Payload: "{\"RequestClass\":\"Rule-HTML-Section\",\"RequestAppliesTo\":\"Rule-Parse-XML\",\"RequestRuleName\":\"pyTreeEditable\"}" => HTTP 404 (18 bytes)
[PegaHttpClient] 📡 POST https://zdk8budo.pegaacademy.net/prweb/api/v1/rules/query?pxObjClass=Rule-HTML-Section&appliesTo=Rule-Parse-XML&pyRuleName=pyTreeEditable&RequestClass=Rule-HTML-Section&RequestAppliesTo=Rule-Parse-XML&RequestRuleName=pyTreeEditable Payload: "{\"RequestClass\":\"Rule-HTML-Section\",\"RequestAppliesTo\":\"Rule-Parse-XML\",\"RequestRuleName\":\"pyTreeEditable\"}" => HTTP 404 (18 bytes)
[PegaHttpClient] 📡 POST https://zdk8budo.pegaacademy.net/prweb/PRRestService/v1/rules/query?pxObjClass=Rule-HTML-Section&appliesTo=Rule-Parse-XML&pyRuleName=pyTreeEditable&RequestClass=Rule-HTML-Section&RequestAppliesTo=Rule-Parse-XML&RequestRuleName=pyTreeEditable Payload: "{\"RequestClass\":\"Rule-HTML-Section\",\"RequestAppliesTo\":\"Rule-Parse-XML\",\"RequestRuleName\":\"pyTreeEditable\"}" => HTTP 404 (18 bytes)
[PegaHttpClient] 📡 POST https://zdk8budo.pegaacademy.net/prweb/api/CodeIntelligence/v1/rules/query?pxObjClass=Rule-HTML-Section&appliesTo=Rule-Parse-XML&pyRuleName=pzSpecificationName&RequestClass=Rule-HTML-Section&RequestAppliesTo=Rule-Parse-XML&RequestRuleName=pzSpecificationName Payload: "{\"RequestClass\":\"Rule-HTML-Section\",\"RequestAppliesTo\":\"Rule-Parse-XML\",\"RequestRuleName\":\"pzSpecificationName\"}" => HTTP 404 (111 bytes)
[PegaHttpClient] 📡 POST https://zdk8budo.pegaacademy.net/prweb/PRRestService/CodeIntelligence/v1/rules/query?pxObjClass=Rule-HTML-Section&appliesTo=Rule-Parse-XML&pyRuleName=pzSpecificationName&RequestClass=Rule-HTML-Section&RequestAppliesTo=Rule-Parse-XML&RequestRuleName=pzSpecificationName Payload: "{\"RequestClass\":\"Rule-HTML-Section\",\"RequestAppliesTo\":\"Rule-Parse-XML\",\"RequestRuleName\":\"pzSpecificationName\"}" => HTTP 404 (111 bytes)
[PegaHttpClient] 📡 POST https://zdk8budo.pegaacademy.net/prweb/api/HRAppsV2Service/V1/rules/query?pxObjClass=Rule-HTML-Section&appliesTo=Rule-Parse-XML&pyRuleName=pzSpecificationName&RequestClass=Rule-HTML-Section&RequestAppliesTo=Rule-Parse-XML&RequestRuleName=pzSpecificationName Payload: "{\"RequestClass\":\"Rule-HTML-Section\",\"RequestAppliesTo\":\"Rule-Parse-XML\",\"RequestRuleName\":\"pzSpecificationName\"}" => HTTP 404 (18 bytes)
[PegaHttpClient] 📡 POST https://zdk8budo.pegaacademy.net/prweb/PRRestService/HRAppsV2Service/V1/rules/query?pxObjClass=Rule-HTML-Section&appliesTo=Rule-Parse-XML&pyRuleName=pzSpecificationName&RequestClass=Rule-HTML-Section&RequestAppliesTo=Rule-Parse-XML&RequestRuleName=pzSpecificationName Payload: "{\"RequestClass\":\"Rule-HTML-Section\",\"RequestAppliesTo\":\"Rule-Parse-XML\",\"RequestRuleName\":\"pzSpecificationName\"}" => HTTP 404 (18 bytes)
[PegaHttpClient] 📡 POST https://zdk8budo.pegaacademy.net/prweb/api/HRAppsV2/V1/rules/query?pxObjClass=Rule-HTML-Section&appliesTo=Rule-Parse-XML&pyRuleName=pzSpecificationName&RequestClass=Rule-HTML-Section&RequestAppliesTo=Rule-Parse-XML&RequestRuleName=pzSpecificationName Payload: "{\"RequestClass\":\"Rule-HTML-Section\",\"RequestAppliesTo\":\"Rule-Parse-XML\",\"RequestRuleName\":\"pzSpecificationName\"}" => HTTP 404 (18 bytes)
[PegaHttpClient] 📡 POST https://zdk8budo.pegaacademy.net/prweb/PRRestService/HRAppsV2/V1/rules/query?pxObjClass=Rule-HTML-Section&appliesTo=Rule-Parse-XML&pyRuleName=pzSpecificationName&RequestClass=Rule-HTML-Section&RequestAppliesTo=Rule-Parse-XML&RequestRuleName=pzSpecificationName Payload: "{\"RequestClass\":\"Rule-HTML-Section\",\"RequestAppliesTo\":\"Rule-Parse-XML\",\"RequestRuleName\":\"pzSpecificationName\"}" => HTTP 404 (18 bytes)
[PegaHttpClient] 📡 POST https://zdk8budo.pegaacademy.net/prweb/api/v1/rules/query?pxObjClass=Rule-HTML-Section&appliesTo=Rule-Parse-XML&pyRuleName=pzSpecificationName&RequestClass=Rule-HTML-Section&RequestAppliesTo=Rule-Parse-XML&RequestRuleName=pzSpecificationName Payload: "{\"RequestClass\":\"Rule-HTML-Section\",\"RequestAppliesTo\":\"Rule-Parse-XML\",\"RequestRuleName\":\"pzSpecificationName\"}" => HTTP 404 (18 bytes)
[PegaHttpClient] 📡 POST https://zdk8budo.pegaacademy.net/prweb/PRRestService/v1/rules/query?pxObjClass=Rule-HTML-Section&appliesTo=Rule-Parse-XML&pyRuleName=pzSpecificationName&RequestClass=Rule-HTML-Section&RequestAppliesTo=Rule-Parse-XML&RequestRuleName=pzSpecificationName Payload: "{\"RequestClass\":\"Rule-HTML-Section\",\"RequestAppliesTo\":\"Rule-Parse-XML\",\"RequestRuleName\":\"pzSpecificationName\"}" => HTTP 404 (18 bytes)
[PegaHttpClient] 📡 POST https://zdk8budo.pegaacademy.net/prweb/api/CodeIntelligence/v1/rules/query?pxObjClass=Rule-HTML-Section&appliesTo=Rule-Parse-XML&pyRuleName=pzScm_RuleHistory&RequestClass=Rule-HTML-Section&RequestAppliesTo=Rule-Parse-XML&RequestRuleName=pzScm_RuleHistory Payload: "{\"RequestClass\":\"Rule-HTML-Section\",\"RequestAppliesTo\":\"Rule-Parse-XML\",\"RequestRuleName\":\"pzScm_RuleHistory\"}" => HTTP 200 (14682 bytes)
[PegaHttpClient] 📡 POST https://zdk8budo.pegaacademy.net/prweb/api/CodeIntelligence/v1/rules/query?pxObjClass=Rule-HTML-Section&appliesTo=Rule-Parse-XML&pyRuleName=pxDisplayCollaborators&RequestClass=Rule-HTML-Section&RequestAppliesTo=Rule-Parse-XML&RequestRuleName=pxDisplayCollaborators Payload: "{\"RequestClass\":\"Rule-HTML-Section\",\"RequestAppliesTo\":\"Rule-Parse-XML\",\"RequestRuleName\":\"pxDisplayCollaborators\"}" => HTTP 200 (94171 bytes)
[PegaHttpClient] 📡 POST https://zdk8budo.pegaacademy.net/prweb/api/CodeIntelligence/v1/rules/query?pxObjClass=Rule-HTML-Section&appliesTo=Rule-Parse-XML&pyRuleName=pzRuleFormToolbarDeleteCheckOut&RequestClass=Rule-HTML-Section&RequestAppliesTo=Rule-Parse-XML&RequestRuleName=pzRuleFormToolbarDeleteCheckOut Payload: "{\"RequestClass\":\"Rule-HTML-Section\",\"RequestAppliesTo\":\"Rule-Parse-XML\",\"RequestRuleName\":\"pzRuleFormToolbarDeleteCheckOut\"}" => HTTP 200 (29433 bytes)
[PegaHttpClient] 📡 POST https://zdk8budo.pegaacademy.net/prweb/api/CodeIntelligence/v1/rules/query?pxObjClass=Rule-HTML-Section&appliesTo=Rule-Parse-XML&pyRuleName=pzRuleFormToolbarDeleteRule&RequestClass=Rule-HTML-Section&RequestAppliesTo=Rule-Parse-XML&RequestRuleName=pzRuleFormToolbarDeleteRule Payload: "{\"RequestClass\":\"Rule-HTML-Section\",\"RequestAppliesTo\":\"Rule-Parse-XML\",\"RequestRuleName\":\"pzRuleFormToolbarDeleteRule\"}" => HTTP 200 (32314 bytes)
[PegaHttpClient] 📡 POST https://zdk8budo.pegaacademy.net/prweb/api/CodeIntelligence/v1/rules/query?pxObjClass=Rule-HTML-Section&appliesTo=Rule-Parse-XML&pyRuleName=pzLoadCollaborationScripts&RequestClass=Rule-HTML-Section&RequestAppliesTo=Rule-Parse-XML&RequestRuleName=pzLoadCollaborationScripts Payload: "{\"RequestClass\":\"Rule-HTML-Section\",\"RequestAppliesTo\":\"Rule-Parse-XML\",\"RequestRuleName\":\"pzLoadCollaborationScripts\"}" => HTTP 200 (23453 bytes)
[PegaHttpClient] 📡 POST https://zdk8budo.pegaacademy.net/prweb/api/CodeIntelligence/v1/rules/query?pxObjClass=Rule-HTML-Section&appliesTo=Rule-Parse-XML&pyRuleName=pzDisplayCollaboratorsList&RequestClass=Rule-HTML-Section&RequestAppliesTo=Rule-Parse-XML&RequestRuleName=pzDisplayCollaboratorsList Payload: "{\"RequestClass\":\"Rule-HTML-Section\",\"RequestAppliesTo\":\"Rule-Parse-XML\",\"RequestRuleName\":\"pzDisplayCollaboratorsList\"}" => HTTP 200 (105418 bytes)
[PegaHttpClient] 📡 POST https://zdk8budo.pegaacademy.net/prweb/api/CodeIntelligence/v1/rules/query?pxObjClass=Rule-HTML-Section&appliesTo=Rule-Parse-XML&pyRuleName=pyCollaborator&RequestClass=Rule-HTML-Section&RequestAppliesTo=Rule-Parse-XML&RequestRuleName=pyCollaborator Payload: "{\"RequestClass\":\"Rule-HTML-Section\",\"RequestAppliesTo\":\"Rule-Parse-XML\",\"RequestRuleName\":\"pyCollaborator\"}" => HTTP 404 (106 bytes)
[PegaHttpClient] 📡 POST https://zdk8budo.pegaacademy.net/prweb/PRRestService/CodeIntelligence/v1/rules/query?pxObjClass=Rule-HTML-Section&appliesTo=Rule-Parse-XML&pyRuleName=pyCollaborator&RequestClass=Rule-HTML-Section&RequestAppliesTo=Rule-Parse-XML&RequestRuleName=pyCollaborator Payload: "{\"RequestClass\":\"Rule-HTML-Section\",\"RequestAppliesTo\":\"Rule-Parse-XML\",\"RequestRuleName\":\"pyCollaborator\"}" => HTTP 404 (106 bytes)
[PegaHttpClient] 📡 POST https://zdk8budo.pegaacademy.net/prweb/api/HRAppsV2Service/V1/rules/query?pxObjClass=Rule-HTML-Section&appliesTo=Rule-Parse-XML&pyRuleName=pyCollaborator&RequestClass=Rule-HTML-Section&RequestAppliesTo=Rule-Parse-XML&RequestRuleName=pyCollaborator Payload: "{\"RequestClass\":\"Rule-HTML-Section\",\"RequestAppliesTo\":\"Rule-Parse-XML\",\"RequestRuleName\":\"pyCollaborator\"}" => HTTP 404 (18 bytes)
[PegaHttpClient] 📡 POST https://zdk8budo.pegaacademy.net/prweb/PRRestService/HRAppsV2Service/V1/rules/query?pxObjClass=Rule-HTML-Section&appliesTo=Rule-Parse-XML&pyRuleName=pyCollaborator&RequestClass=Rule-HTML-Section&RequestAppliesTo=Rule-Parse-XML&RequestRuleName=pyCollaborator Payload: "{\"RequestClass\":\"Rule-HTML-Section\",\"RequestAppliesTo\":\"Rule-Parse-XML\",\"RequestRuleName\":\"pyCollaborator\"}" => HTTP 404 (18 bytes)
[PegaHttpClient] 📡 POST https://zdk8budo.pegaacademy.net/prweb/api/HRAppsV2/V1/rules/query?pxObjClass=Rule-HTML-Section&appliesTo=Rule-Parse-XML&pyRuleName=pyCollaborator&RequestClass=Rule-HTML-Section&RequestAppliesTo=Rule-Parse-XML&RequestRuleName=pyCollaborator Payload: "{\"RequestClass\":\"Rule-HTML-Section\",\"RequestAppliesTo\":\"Rule-Parse-XML\",\"RequestRuleName\":\"pyCollaborator\"}" => HTTP 404 (18 bytes)
[PegaHttpClient] 📡 POST https://zdk8budo.pegaacademy.net/prweb/PRRestService/HRAppsV2/V1/rules/query?pxObjClass=Rule-HTML-Section&appliesTo=Rule-Parse-XML&pyRuleName=pyCollaborator&RequestClass=Rule-HTML-Section&RequestAppliesTo=Rule-Parse-XML&RequestRuleName=pyCollaborator Payload: "{\"RequestClass\":\"Rule-HTML-Section\",\"RequestAppliesTo\":\"Rule-Parse-XML\",\"RequestRuleName\":\"pyCollaborator\"}" => HTTP 404 (18 bytes)
[PegaHttpClient] 📡 POST https://zdk8budo.pegaacademy.net/prweb/api/v1/rules/query?pxObjClass=Rule-HTML-Section&appliesTo=Rule-Parse-XML&pyRuleName=pyCollaborator&RequestClass=Rule-HTML-Section&RequestAppliesTo=Rule-Parse-XML&RequestRuleName=pyCollaborator Payload: "{\"RequestClass\":\"Rule-HTML-Section\",\"RequestAppliesTo\":\"Rule-Parse-XML\",\"RequestRuleName\":\"pyCollaborator\"}" => HTTP 404 (18 bytes)
[PegaHttpClient] 📡 POST https://zdk8budo.pegaacademy.net/prweb/PRRestService/v1/rules/query?pxObjClass=Rule-HTML-Section&appliesTo=Rule-Parse-XML&pyRuleName=pyCollaborator&RequestClass=Rule-HTML-Section&RequestAppliesTo=Rule-Parse-XML&RequestRuleName=pyCollaborator Payload: "{\"RequestClass\":\"Rule-HTML-Section\",\"RequestAppliesTo\":\"Rule-Parse-XML\",\"RequestRuleName\":\"pyCollaborator\"}" => HTTP 404 (18 bytes)
[PegaHttpClient] 📡 POST https://zdk8budo.pegaacademy.net/prweb/api/CodeIntelligence/v1/rules/query?pxObjClass=Rule-HTML-Section&appliesTo=Rule-Parse-XML&pyRuleName=pzDisplayPartialCount&RequestClass=Rule-HTML-Section&RequestAppliesTo=Rule-Parse-XML&RequestRuleName=pzDisplayPartialCount Payload: "{\"RequestClass\":\"Rule-HTML-Section\",\"RequestAppliesTo\":\"Rule-Parse-XML\",\"RequestRuleName\":\"pzDisplayPartialCount\"}" => HTTP 404 (113 bytes)
[PegaHttpClient] 📡 POST https://zdk8budo.pegaacademy.net/prweb/PRRestService/CodeIntelligence/v1/rules/query?pxObjClass=Rule-HTML-Section&appliesTo=Rule-Parse-XML&pyRuleName=pzDisplayPartialCount&RequestClass=Rule-HTML-Section&RequestAppliesTo=Rule-Parse-XML&RequestRuleName=pzDisplayPartialCount Payload: "{\"RequestClass\":\"Rule-HTML-Section\",\"RequestAppliesTo\":\"Rule-Parse-XML\",\"RequestRuleName\":\"pzDisplayPartialCount\"}" => HTTP 404 (113 bytes)
[PegaHttpClient] 📡 POST https://zdk8budo.pegaacademy.net/prweb/api/HRAppsV2Service/V1/rules/query?pxObjClass=Rule-HTML-Section&appliesTo=Rule-Parse-XML&pyRuleName=pzDisplayPartialCount&RequestClass=Rule-HTML-Section&RequestAppliesTo=Rule-Parse-XML&RequestRuleName=pzDisplayPartialCount Payload: "{\"RequestClass\":\"Rule-HTML-Section\",\"RequestAppliesTo\":\"Rule-Parse-XML\",\"RequestRuleName\":\"pzDisplayPartialCount\"}" => HTTP 404 (18 bytes)
[PegaHttpClient] 📡 POST https://zdk8budo.pegaacademy.net/prweb/PRRestService/HRAppsV2Service/V1/rules/query?pxObjClass=Rule-HTML-Section&appliesTo=Rule-Parse-XML&pyRuleName=pzDisplayPartialCount&RequestClass=Rule-HTML-Section&RequestAppliesTo=Rule-Parse-XML&RequestRuleName=pzDisplayPartialCount Payload: "{\"RequestClass\":\"Rule-HTML-Section\",\"RequestAppliesTo\":\"Rule-Parse-XML\",\"RequestRuleName\":\"pzDisplayPartialCount\"}" => HTTP 404 (18 bytes)
[PegaHttpClient] 📡 POST https://zdk8budo.pegaacademy.net/prweb/api/HRAppsV2/V1/rules/query?pxObjClass=Rule-HTML-Section&appliesTo=Rule-Parse-XML&pyRuleName=pzDisplayPartialCount&RequestClass=Rule-HTML-Section&RequestAppliesTo=Rule-Parse-XML&RequestRuleName=pzDisplayPartialCount Payload: "{\"RequestClass\":\"Rule-HTML-Section\",\"RequestAppliesTo\":\"Rule-Parse-XML\",\"RequestRuleName\":\"pzDisplayPartialCount\"}" => HTTP 404 (18 bytes)
[PegaHttpClient] 📡 POST https://zdk8budo.pegaacademy.net/prweb/PRRestService/HRAppsV2/V1/rules/query?pxObjClass=Rule-HTML-Section&appliesTo=Rule-Parse-XML&pyRuleName=pzDisplayPartialCount&RequestClass=Rule-HTML-Section&RequestAppliesTo=Rule-Parse-XML&RequestRuleName=pzDisplayPartialCount Payload: "{\"RequestClass\":\"Rule-HTML-Section\",\"RequestAppliesTo\":\"Rule-Parse-XML\",\"RequestRuleName\":\"pzDisplayPartialCount\"}" => HTTP 404 (18 bytes)
[PegaHttpClient] 📡 POST https://zdk8budo.pegaacademy.net/prweb/api/v1/rules/query?pxObjClass=Rule-HTML-Section&appliesTo=Rule-Parse-XML&pyRuleName=pzDisplayPartialCount&RequestClass=Rule-HTML-Section&RequestAppliesTo=Rule-Parse-XML&RequestRuleName=pzDisplayPartialCount Payload: "{\"RequestClass\":\"Rule-HTML-Section\",\"RequestAppliesTo\":\"Rule-Parse-XML\",\"RequestRuleName\":\"pzDisplayPartialCount\"}" => HTTP 404 (18 bytes)
[PegaHttpClient] 📡 POST https://zdk8budo.pegaacademy.net/prweb/PRRestService/v1/rules/query?pxObjClass=Rule-HTML-Section&appliesTo=Rule-Parse-XML&pyRuleName=pzDisplayPartialCount&RequestClass=Rule-HTML-Section&RequestAppliesTo=Rule-Parse-XML&RequestRuleName=pzDisplayPartialCount Payload: "{\"RequestClass\":\"Rule-HTML-Section\",\"RequestAppliesTo\":\"Rule-Parse-XML\",\"RequestRuleName\":\"pzDisplayPartialCount\"}" => HTTP 404 (18 bytes)
[SchemaGen] ✅ Schema written for Rule-Parse-XML
[PegaHttpClient] 📡 GET https://zdk8budo.pegaacademy.net/prweb/api/CodeIntelligence/v1/rules/RULE-HTML-HARNESS%20RULE-OBJ-XML%20RULEFORM%20%2320180713T135821.232%20GMT => HTTP 200 (57946 bytes)
[PegaHttpClient] 📡 POST https://zdk8budo.pegaacademy.net/prweb/api/CodeIntelligence/v1/rules/query?pxObjClass=Rule-HTML-Section&appliesTo=Rule-Obj-XML&pyRuleName=pzOpenAuthHTML&RequestClass=Rule-HTML-Section&RequestAppliesTo=Rule-Obj-XML&RequestRuleName=pzOpenAuthHTML Payload: "{\"RequestClass\":\"Rule-HTML-Section\",\"RequestAppliesTo\":\"Rule-Obj-XML\",\"RequestRuleName\":\"pzOpenAuthHTML\"}" => HTTP 200 (14893 bytes)
[PegaHttpClient] 📡 POST https://zdk8budo.pegaacademy.net/prweb/api/CodeIntelligence/v1/rules/query?pxObjClass=Rule-HTML-Section&appliesTo=Rule-Obj-XML&pyRuleName=RuleFormMain&RequestClass=Rule-HTML-Section&RequestAppliesTo=Rule-Obj-XML&RequestRuleName=RuleFormMain Payload: "{\"RequestClass\":\"Rule-HTML-Section\",\"RequestAppliesTo\":\"Rule-Obj-XML\",\"RequestRuleName\":\"RuleFormMain\"}" => HTTP 200 (156234 bytes)
[PegaHttpClient] 📡 POST https://zdk8budo.pegaacademy.net/prweb/api/CodeIntelligence/v1/rules/query?pxObjClass=Rule-HTML-Section&appliesTo=Rule-Obj-XML&pyRuleName=pxAlternateRuleForm&RequestClass=Rule-HTML-Section&RequestAppliesTo=Rule-Obj-XML&RequestRuleName=pxAlternateRuleForm Payload: "{\"RequestClass\":\"Rule-HTML-Section\",\"RequestAppliesTo\":\"Rule-Obj-XML\",\"RequestRuleName\":\"pxAlternateRuleForm\"}" => HTTP 200 (66153 bytes)
[PegaHttpClient] 📡 POST https://zdk8budo.pegaacademy.net/prweb/api/CodeIntelligence/v1/rules/query?pxObjClass=Rule-HTML-Section&appliesTo=Rule-Obj-XML&pyRuleName=pzRuleFormScripts&RequestClass=Rule-HTML-Section&RequestAppliesTo=Rule-Obj-XML&RequestRuleName=pzRuleFormScripts Payload: "{\"RequestClass\":\"Rule-HTML-Section\",\"RequestAppliesTo\":\"Rule-Obj-XML\",\"RequestRuleName\":\"pzRuleFormScripts\"}" => HTTP 200 (40822 bytes)
[PegaHttpClient] 📡 POST https://zdk8budo.pegaacademy.net/prweb/api/CodeIntelligence/v1/rules/query?pxObjClass=Rule-HTML-Section&appliesTo=Rule-Obj-XML&pyRuleName=pzRuleFormLayoutDelegated&RequestClass=Rule-HTML-Section&RequestAppliesTo=Rule-Obj-XML&RequestRuleName=pzRuleFormLayoutDelegated Payload: "{\"RequestClass\":\"Rule-HTML-Section\",\"RequestAppliesTo\":\"Rule-Obj-XML\",\"RequestRuleName\":\"pzRuleFormLayoutDelegated\"}" => HTTP 200 (70998 bytes)
[PegaHttpClient] 📡 POST https://zdk8budo.pegaacademy.net/prweb/api/CodeIntelligence/v1/rules/query?pxObjClass=Rule-HTML-Section&appliesTo=Rule-Obj-XML&pyRuleName=RuleFormLayout&RequestClass=Rule-HTML-Section&RequestAppliesTo=Rule-Obj-XML&RequestRuleName=RuleFormLayout Payload: "{\"RequestClass\":\"Rule-HTML-Section\",\"RequestAppliesTo\":\"Rule-Obj-XML\",\"RequestRuleName\":\"RuleFormLayout\"}" => HTTP 200 (74574 bytes)
[PegaHttpClient] 📡 POST https://zdk8budo.pegaacademy.net/prweb/api/CodeIntelligence/v1/rules/query?pxObjClass=Rule-HTML-Section&appliesTo=Rule-Obj-XML&pyRuleName=RuleFormSettings&RequestClass=Rule-HTML-Section&RequestAppliesTo=Rule-Obj-XML&RequestRuleName=RuleFormSettings Payload: "{\"RequestClass\":\"Rule-HTML-Section\",\"RequestAppliesTo\":\"Rule-Obj-XML\",\"RequestRuleName\":\"RuleFormSettings\"}" => HTTP 200 (20540 bytes)
[PegaHttpClient] 📡 POST https://zdk8budo.pegaacademy.net/prweb/api/CodeIntelligence/v1/rules/query?pxObjClass=Rule-HTML-Section&appliesTo=Rule-Obj-XML&pyRuleName=OpenAuthoring&RequestClass=Rule-HTML-Section&RequestAppliesTo=Rule-Obj-XML&RequestRuleName=OpenAuthoring Payload: "{\"RequestClass\":\"Rule-HTML-Section\",\"RequestAppliesTo\":\"Rule-Obj-XML\",\"RequestRuleName\":\"OpenAuthoring\"}" => HTTP 200 (23695 bytes)
[PegaHttpClient] 📡 POST https://zdk8budo.pegaacademy.net/prweb/api/CodeIntelligence/v1/rules/query?pxObjClass=Rule-HTML-Section&appliesTo=Rule-Obj-XML&pyRuleName=pyCustomHelp&RequestClass=Rule-HTML-Section&RequestAppliesTo=Rule-Obj-XML&RequestRuleName=pyCustomHelp Payload: "{\"RequestClass\":\"Rule-HTML-Section\",\"RequestAppliesTo\":\"Rule-Obj-XML\",\"RequestRuleName\":\"pyCustomHelp\"}" => HTTP 200 (17256 bytes)
[PegaHttpClient] 📡 POST https://zdk8budo.pegaacademy.net/prweb/api/CodeIntelligence/v1/rules/query?pxObjClass=Rule-HTML-Section&appliesTo=Rule-Obj-XML&pyRuleName=pzRuleformMainInclude&RequestClass=Rule-HTML-Section&RequestAppliesTo=Rule-Obj-XML&RequestRuleName=pzRuleformMainInclude Payload: "{\"RequestClass\":\"Rule-HTML-Section\",\"RequestAppliesTo\":\"Rule-Obj-XML\",\"RequestRuleName\":\"pzRuleformMainInclude\"}" => HTTP 200 (22375 bytes)
[PegaHttpClient] 📡 POST https://zdk8budo.pegaacademy.net/prweb/api/CodeIntelligence/v1/rules/query?pxObjClass=Rule-HTML-Section&appliesTo=Rule-Obj-XML&pyRuleName=pyAlternativeRuleFormStrategicAppExtension&RequestClass=Rule-HTML-Section&RequestAppliesTo=Rule-Obj-XML&RequestRuleName=pyAlternativeRuleFormStrategicAppExtension Payload: "{\"RequestClass\":\"Rule-HTML-Section\",\"RequestAppliesTo\":\"Rule-Obj-XML\",\"RequestRuleName\":\"pyAlternativeRuleFormStrategicAppExtension\"}" => HTTP 200 (25042 bytes)
[PegaHttpClient] 📡 POST https://zdk8budo.pegaacademy.net/prweb/api/CodeIntelligence/v1/rules/query?pxObjClass=Rule-HTML-Section&appliesTo=Rule-Obj-XML&pyRuleName=pyAlternativeRuleFormExtension&RequestClass=Rule-HTML-Section&RequestAppliesTo=Rule-Obj-XML&RequestRuleName=pyAlternativeRuleFormExtension Payload: "{\"RequestClass\":\"Rule-HTML-Section\",\"RequestAppliesTo\":\"Rule-Obj-XML\",\"RequestRuleName\":\"pyAlternativeRuleFormExtension\"}" => HTTP 200 (24863 bytes)
[PegaHttpClient] 📡 POST https://zdk8budo.pegaacademy.net/prweb/api/CodeIntelligence/v1/rules/query?pxObjClass=Rule-HTML-Section&appliesTo=Rule-Obj-XML&pyRuleName=RuleFormHeader&RequestClass=Rule-HTML-Section&RequestAppliesTo=Rule-Obj-XML&RequestRuleName=RuleFormHeader Payload: "{\"RequestClass\":\"Rule-HTML-Section\",\"RequestAppliesTo\":\"Rule-Obj-XML\",\"RequestRuleName\":\"RuleFormHeader\"}" => HTTP 200 (183800 bytes)
[PegaHttpClient] 📡 POST https://zdk8budo.pegaacademy.net/prweb/api/CodeIntelligence/v1/rules/query?pxObjClass=Rule-HTML-Section&appliesTo=Rule-Obj-XML&pyRuleName=pzDelegationExperience&RequestClass=Rule-HTML-Section&RequestAppliesTo=Rule-Obj-XML&RequestRuleName=pzDelegationExperience Payload: "{\"RequestClass\":\"Rule-HTML-Section\",\"RequestAppliesTo\":\"Rule-Obj-XML\",\"RequestRuleName\":\"pzDelegationExperience\"}" => HTTP 404 (112 bytes)
[PegaHttpClient] 📡 POST https://zdk8budo.pegaacademy.net/prweb/PRRestService/CodeIntelligence/v1/rules/query?pxObjClass=Rule-HTML-Section&appliesTo=Rule-Obj-XML&pyRuleName=pzDelegationExperience&RequestClass=Rule-HTML-Section&RequestAppliesTo=Rule-Obj-XML&RequestRuleName=pzDelegationExperience Payload: "{\"RequestClass\":\"Rule-HTML-Section\",\"RequestAppliesTo\":\"Rule-Obj-XML\",\"RequestRuleName\":\"pzDelegationExperience\"}" => HTTP 404 (112 bytes)
[PegaHttpClient] 📡 POST https://zdk8budo.pegaacademy.net/prweb/api/HRAppsV2Service/V1/rules/query?pxObjClass=Rule-HTML-Section&appliesTo=Rule-Obj-XML&pyRuleName=pzDelegationExperience&RequestClass=Rule-HTML-Section&RequestAppliesTo=Rule-Obj-XML&RequestRuleName=pzDelegationExperience Payload: "{\"RequestClass\":\"Rule-HTML-Section\",\"RequestAppliesTo\":\"Rule-Obj-XML\",\"RequestRuleName\":\"pzDelegationExperience\"}" => HTTP 404 (18 bytes)
[PegaHttpClient] 📡 POST https://zdk8budo.pegaacademy.net/prweb/PRRestService/HRAppsV2Service/V1/rules/query?pxObjClass=Rule-HTML-Section&appliesTo=Rule-Obj-XML&pyRuleName=pzDelegationExperience&RequestClass=Rule-HTML-Section&RequestAppliesTo=Rule-Obj-XML&RequestRuleName=pzDelegationExperience Payload: "{\"RequestClass\":\"Rule-HTML-Section\",\"RequestAppliesTo\":\"Rule-Obj-XML\",\"RequestRuleName\":\"pzDelegationExperience\"}" => HTTP 404 (18 bytes)
[PegaHttpClient] 📡 POST https://zdk8budo.pegaacademy.net/prweb/api/HRAppsV2/V1/rules/query?pxObjClass=Rule-HTML-Section&appliesTo=Rule-Obj-XML&pyRuleName=pzDelegationExperience&RequestClass=Rule-HTML-Section&RequestAppliesTo=Rule-Obj-XML&RequestRuleName=pzDelegationExperience Payload: "{\"RequestClass\":\"Rule-HTML-Section\",\"RequestAppliesTo\":\"Rule-Obj-XML\",\"RequestRuleName\":\"pzDelegationExperience\"}" => HTTP 404 (18 bytes)
[PegaHttpClient] 📡 POST https://zdk8budo.pegaacademy.net/prweb/PRRestService/HRAppsV2/V1/rules/query?pxObjClass=Rule-HTML-Section&appliesTo=Rule-Obj-XML&pyRuleName=pzDelegationExperience&RequestClass=Rule-HTML-Section&RequestAppliesTo=Rule-Obj-XML&RequestRuleName=pzDelegationExperience Payload: "{\"RequestClass\":\"Rule-HTML-Section\",\"RequestAppliesTo\":\"Rule-Obj-XML\",\"RequestRuleName\":\"pzDelegationExperience\"}" => HTTP 404 (18 bytes)
[PegaHttpClient] 📡 POST https://zdk8budo.pegaacademy.net/prweb/api/v1/rules/query?pxObjClass=Rule-HTML-Section&appliesTo=Rule-Obj-XML&pyRuleName=pzDelegationExperience&RequestClass=Rule-HTML-Section&RequestAppliesTo=Rule-Obj-XML&RequestRuleName=pzDelegationExperience Payload: "{\"RequestClass\":\"Rule-HTML-Section\",\"RequestAppliesTo\":\"Rule-Obj-XML\",\"RequestRuleName\":\"pzDelegationExperience\"}" => HTTP 404 (18 bytes)
[PegaHttpClient] 📡 POST https://zdk8budo.pegaacademy.net/prweb/PRRestService/v1/rules/query?pxObjClass=Rule-HTML-Section&appliesTo=Rule-Obj-XML&pyRuleName=pzDelegationExperience&RequestClass=Rule-HTML-Section&RequestAppliesTo=Rule-Obj-XML&RequestRuleName=pzDelegationExperience Payload: "{\"RequestClass\":\"Rule-HTML-Section\",\"RequestAppliesTo\":\"Rule-Obj-XML\",\"RequestRuleName\":\"pzDelegationExperience\"}" => HTTP 404 (18 bytes)
[PegaHttpClient] 📡 POST https://zdk8budo.pegaacademy.net/prweb/api/CodeIntelligence/v1/rules/query?pxObjClass=Rule-HTML-Section&appliesTo=Rule-Obj-XML&pyRuleName=Mapping&RequestClass=Rule-HTML-Section&RequestAppliesTo=Rule-Obj-XML&RequestRuleName=Mapping Payload: "{\"RequestClass\":\"Rule-HTML-Section\",\"RequestAppliesTo\":\"Rule-Obj-XML\",\"RequestRuleName\":\"Mapping\"}" => HTTP 200 (24932 bytes)
[PegaHttpClient] 📡 POST https://zdk8budo.pegaacademy.net/prweb/api/CodeIntelligence/v1/rules/query?pxObjClass=Rule-HTML-Section&appliesTo=Rule-Obj-XML&pyRuleName=pzPagesAndClassesNoMode&RequestClass=Rule-HTML-Section&RequestAppliesTo=Rule-Obj-XML&RequestRuleName=pzPagesAndClassesNoMode Payload: "{\"RequestClass\":\"Rule-HTML-Section\",\"RequestAppliesTo\":\"Rule-Obj-XML\",\"RequestRuleName\":\"pzPagesAndClassesNoMode\"}" => HTTP 200 (90057 bytes)
[PegaHttpClient] 📡 POST https://zdk8budo.pegaacademy.net/prweb/api/CodeIntelligence/v1/rules/query?pxObjClass=Rule-HTML-Section&appliesTo=Rule-Obj-XML&pyRuleName=XML&RequestClass=Rule-HTML-Section&RequestAppliesTo=Rule-Obj-XML&RequestRuleName=XML Payload: "{\"RequestClass\":\"Rule-HTML-Section\",\"RequestAppliesTo\":\"Rule-Obj-XML\",\"RequestRuleName\":\"XML\"}" => HTTP 200 (83763 bytes)
[PegaHttpClient] 📡 POST https://zdk8budo.pegaacademy.net/prweb/api/CodeIntelligence/v1/rules/query?pxObjClass=Rule-HTML-Section&appliesTo=Rule-Obj-XML&pyRuleName=pzSpecifications&RequestClass=Rule-HTML-Section&RequestAppliesTo=Rule-Obj-XML&RequestRuleName=pzSpecifications Payload: "{\"RequestClass\":\"Rule-HTML-Section\",\"RequestAppliesTo\":\"Rule-Obj-XML\",\"RequestRuleName\":\"pzSpecifications\"}" => HTTP 200 (16577 bytes)
[PegaHttpClient] 📡 POST https://zdk8budo.pegaacademy.net/prweb/api/CodeIntelligence/v1/rules/query?pxObjClass=Rule-HTML-Section&appliesTo=Rule-Obj-XML&pyRuleName=RuleFormHistory&RequestClass=Rule-HTML-Section&RequestAppliesTo=Rule-Obj-XML&RequestRuleName=RuleFormHistory Payload: "{\"RequestClass\":\"Rule-HTML-Section\",\"RequestAppliesTo\":\"Rule-Obj-XML\",\"RequestRuleName\":\"RuleFormHistory\"}" => HTTP 200 (76091 bytes)
[PegaHttpClient] 📡 POST https://zdk8budo.pegaacademy.net/prweb/api/CodeIntelligence/v1/rules/query?pxObjClass=Rule-HTML-Section&appliesTo=Rule-Obj-XML&pyRuleName=pzCustomHelp&RequestClass=Rule-HTML-Section&RequestAppliesTo=Rule-Obj-XML&RequestRuleName=pzCustomHelp Payload: "{\"RequestClass\":\"Rule-HTML-Section\",\"RequestAppliesTo\":\"Rule-Obj-XML\",\"RequestRuleName\":\"pzCustomHelp\"}" => HTTP 200 (31573 bytes)
[PegaHttpClient] 📡 POST https://zdk8budo.pegaacademy.net/prweb/api/CodeIntelligence/v1/rules/query?pxObjClass=Rule-HTML-Section&appliesTo=Rule-Obj-XML&pyRuleName=pzRuleFormKeysAndDescription&RequestClass=Rule-HTML-Section&RequestAppliesTo=Rule-Obj-XML&RequestRuleName=pzRuleFormKeysAndDescription Payload: "{\"RequestClass\":\"Rule-HTML-Section\",\"RequestAppliesTo\":\"Rule-Obj-XML\",\"RequestRuleName\":\"pzRuleFormKeysAndDescription\"}" => HTTP 200 (218057 bytes)
[PegaHttpClient] 📡 POST https://zdk8budo.pegaacademy.net/prweb/api/CodeIntelligence/v1/rules/query?pxObjClass=Rule-HTML-Section&appliesTo=Rule-Obj-XML&pyRuleName=pzRuleFormRuleset&RequestClass=Rule-HTML-Section&RequestAppliesTo=Rule-Obj-XML&RequestRuleName=pzRuleFormRuleset Payload: "{\"RequestClass\":\"Rule-HTML-Section\",\"RequestAppliesTo\":\"Rule-Obj-XML\",\"RequestRuleName\":\"pzRuleFormRuleset\"}" => HTTP 200 (33985 bytes)
[PegaHttpClient] 📡 POST https://zdk8budo.pegaacademy.net/prweb/api/CodeIntelligence/v1/rules/query?pxObjClass=Rule-HTML-Section&appliesTo=Rule-Obj-XML&pyRuleName=undefined&RequestClass=Rule-HTML-Section&RequestAppliesTo=Rule-Obj-XML&RequestRuleName=undefined Payload: "{\"RequestClass\":\"Rule-HTML-Section\",\"RequestAppliesTo\":\"Rule-Obj-XML\",\"RequestRuleName\":\"undefined\"}" => HTTP 404 (99 bytes)
[PegaHttpClient] 📡 POST https://zdk8budo.pegaacademy.net/prweb/PRRestService/CodeIntelligence/v1/rules/query?pxObjClass=Rule-HTML-Section&appliesTo=Rule-Obj-XML&pyRuleName=undefined&RequestClass=Rule-HTML-Section&RequestAppliesTo=Rule-Obj-XML&RequestRuleName=undefined Payload: "{\"RequestClass\":\"Rule-HTML-Section\",\"RequestAppliesTo\":\"Rule-Obj-XML\",\"RequestRuleName\":\"undefined\"}" => HTTP 404 (99 bytes)
[PegaHttpClient] 📡 POST https://zdk8budo.pegaacademy.net/prweb/api/HRAppsV2Service/V1/rules/query?pxObjClass=Rule-HTML-Section&appliesTo=Rule-Obj-XML&pyRuleName=undefined&RequestClass=Rule-HTML-Section&RequestAppliesTo=Rule-Obj-XML&RequestRuleName=undefined Payload: "{\"RequestClass\":\"Rule-HTML-Section\",\"RequestAppliesTo\":\"Rule-Obj-XML\",\"RequestRuleName\":\"undefined\"}" => HTTP 404 (18 bytes)
[PegaHttpClient] 📡 POST https://zdk8budo.pegaacademy.net/prweb/PRRestService/HRAppsV2Service/V1/rules/query?pxObjClass=Rule-HTML-Section&appliesTo=Rule-Obj-XML&pyRuleName=undefined&RequestClass=Rule-HTML-Section&RequestAppliesTo=Rule-Obj-XML&RequestRuleName=undefined Payload: "{\"RequestClass\":\"Rule-HTML-Section\",\"RequestAppliesTo\":\"Rule-Obj-XML\",\"RequestRuleName\":\"undefined\"}" => HTTP 404 (18 bytes)
[PegaHttpClient] 📡 POST https://zdk8budo.pegaacademy.net/prweb/api/HRAppsV2/V1/rules/query?pxObjClass=Rule-HTML-Section&appliesTo=Rule-Obj-XML&pyRuleName=undefined&RequestClass=Rule-HTML-Section&RequestAppliesTo=Rule-Obj-XML&RequestRuleName=undefined Payload: "{\"RequestClass\":\"Rule-HTML-Section\",\"RequestAppliesTo\":\"Rule-Obj-XML\",\"RequestRuleName\":\"undefined\"}" => HTTP 404 (18 bytes)
[PegaHttpClient] 📡 POST https://zdk8budo.pegaacademy.net/prweb/PRRestService/HRAppsV2/V1/rules/query?pxObjClass=Rule-HTML-Section&appliesTo=Rule-Obj-XML&pyRuleName=undefined&RequestClass=Rule-HTML-Section&RequestAppliesTo=Rule-Obj-XML&RequestRuleName=undefined Payload: "{\"RequestClass\":\"Rule-HTML-Section\",\"RequestAppliesTo\":\"Rule-Obj-XML\",\"RequestRuleName\":\"undefined\"}" => HTTP 404 (18 bytes)
[PegaHttpClient] 📡 POST https://zdk8budo.pegaacademy.net/prweb/api/v1/rules/query?pxObjClass=Rule-HTML-Section&appliesTo=Rule-Obj-XML&pyRuleName=undefined&RequestClass=Rule-HTML-Section&RequestAppliesTo=Rule-Obj-XML&RequestRuleName=undefined Payload: "{\"RequestClass\":\"Rule-HTML-Section\",\"RequestAppliesTo\":\"Rule-Obj-XML\",\"RequestRuleName\":\"undefined\"}" => HTTP 404 (18 bytes)
[PegaHttpClient] 📡 POST https://zdk8budo.pegaacademy.net/prweb/PRRestService/v1/rules/query?pxObjClass=Rule-HTML-Section&appliesTo=Rule-Obj-XML&pyRuleName=undefined&RequestClass=Rule-HTML-Section&RequestAppliesTo=Rule-Obj-XML&RequestRuleName=undefined Payload: "{\"RequestClass\":\"Rule-HTML-Section\",\"RequestAppliesTo\":\"Rule-Obj-XML\",\"RequestRuleName\":\"undefined\"}" => HTTP 404 (18 bytes)
[PegaHttpClient] 📡 POST https://zdk8budo.pegaacademy.net/prweb/api/CodeIntelligence/v1/rules/query?pxObjClass=Rule-HTML-Section&appliesTo=Rule-Obj-XML&pyRuleName=pzRuleFormToolbar&RequestClass=Rule-HTML-Section&RequestAppliesTo=Rule-Obj-XML&RequestRuleName=pzRuleFormToolbar Payload: "{\"RequestClass\":\"Rule-HTML-Section\",\"RequestAppliesTo\":\"Rule-Obj-XML\",\"RequestRuleName\":\"pzRuleFormToolbar\"}" => HTTP 200 (242691 bytes)
[PegaHttpClient] 📡 POST https://zdk8budo.pegaacademy.net/prweb/api/CodeIntelligence/v1/rules/query?pxObjClass=Rule-HTML-Section&appliesTo=Rule-Obj-XML&pyRuleName=pzRuleFormToolbarCompare&RequestClass=Rule-HTML-Section&RequestAppliesTo=Rule-Obj-XML&RequestRuleName=pzRuleFormToolbarCompare Payload: "{\"RequestClass\":\"Rule-HTML-Section\",\"RequestAppliesTo\":\"Rule-Obj-XML\",\"RequestRuleName\":\"pzRuleFormToolbarCompare\"}" => HTTP 200 (61925 bytes)
[PegaHttpClient] 📡 POST https://zdk8budo.pegaacademy.net/prweb/api/CodeIntelligence/v1/rules/query?pxObjClass=Rule-HTML-Section&appliesTo=Rule-Obj-XML&pyRuleName=RuleFormHeaderMessages&RequestClass=Rule-HTML-Section&RequestAppliesTo=Rule-Obj-XML&RequestRuleName=RuleFormHeaderMessages Payload: "{\"RequestClass\":\"Rule-HTML-Section\",\"RequestAppliesTo\":\"Rule-Obj-XML\",\"RequestRuleName\":\"RuleFormHeaderMessages\"}" => HTTP 200 (26518 bytes)
[PegaHttpClient] 📡 POST https://zdk8budo.pegaacademy.net/prweb/api/CodeIntelligence/v1/rules/query?pxObjClass=Rule-HTML-Section&appliesTo=Rule-Obj-XML&pyRuleName=pzMappingForAutoGeneratedXMLStream&RequestClass=Rule-HTML-Section&RequestAppliesTo=Rule-Obj-XML&RequestRuleName=pzMappingForAutoGeneratedXMLStream Payload: "{\"RequestClass\":\"Rule-HTML-Section\",\"RequestAppliesTo\":\"Rule-Obj-XML\",\"RequestRuleName\":\"pzMappingForAutoGeneratedXMLStream\"}" => HTTP 200 (74646 bytes)
[PegaHttpClient] 📡 POST https://zdk8budo.pegaacademy.net/prweb/api/CodeIntelligence/v1/rules/query?pxObjClass=Rule-HTML-Section&appliesTo=Rule-Obj-XML&pyRuleName=pzPagesAndClassesScriptNoMode&RequestClass=Rule-HTML-Section&RequestAppliesTo=Rule-Obj-XML&RequestRuleName=pzPagesAndClassesScriptNoMode Payload: "{\"RequestClass\":\"Rule-HTML-Section\",\"RequestAppliesTo\":\"Rule-Obj-XML\",\"RequestRuleName\":\"pzPagesAndClassesScriptNoMode\"}" => HTTP 200 (25452 bytes)
[PegaHttpClient] 📡 POST https://zdk8budo.pegaacademy.net/prweb/api/CodeIntelligence/v1/rules/query?pxObjClass=Rule-HTML-Section&appliesTo=Rule-Obj-XML&pyRuleName=pzSpecificationsInner&RequestClass=Rule-HTML-Section&RequestAppliesTo=Rule-Obj-XML&RequestRuleName=pzSpecificationsInner Payload: "{\"RequestClass\":\"Rule-HTML-Section\",\"RequestAppliesTo\":\"Rule-Obj-XML\",\"RequestRuleName\":\"pzSpecificationsInner\"}" => HTTP 200 (142370 bytes)
[PegaHttpClient] 📡 POST https://zdk8budo.pegaacademy.net/prweb/api/CodeIntelligence/v1/rules/query?pxObjClass=Rule-HTML-Section&appliesTo=Rule-Obj-XML&pyRuleName=pzAlternateRuleInfo&RequestClass=Rule-HTML-Section&RequestAppliesTo=Rule-Obj-XML&RequestRuleName=pzAlternateRuleInfo Payload: "{\"RequestClass\":\"Rule-HTML-Section\",\"RequestAppliesTo\":\"Rule-Obj-XML\",\"RequestRuleName\":\"pzAlternateRuleInfo\"}" => HTTP 200 (140407 bytes)
[PegaHttpClient] 📡 POST https://zdk8budo.pegaacademy.net/prweb/api/CodeIntelligence/v1/rules/query?pxObjClass=Rule-HTML-Section&appliesTo=Rule-Obj-XML&pyRuleName=RuleFormHistory_Description&RequestClass=Rule-HTML-Section&RequestAppliesTo=Rule-Obj-XML&RequestRuleName=RuleFormHistory_Description Payload: "{\"RequestClass\":\"Rule-HTML-Section\",\"RequestAppliesTo\":\"Rule-Obj-XML\",\"RequestRuleName\":\"RuleFormHistory_Description\"}" => HTTP 200 (46242 bytes)
[PegaHttpClient] 📡 POST https://zdk8budo.pegaacademy.net/prweb/api/CodeIntelligence/v1/rules/query?pxObjClass=Rule-HTML-Section&appliesTo=Rule-Obj-XML&pyRuleName=RuleFormHistory_CustomFields&RequestClass=Rule-HTML-Section&RequestAppliesTo=Rule-Obj-XML&RequestRuleName=RuleFormHistory_CustomFields Payload: "{\"RequestClass\":\"Rule-HTML-Section\",\"RequestAppliesTo\":\"Rule-Obj-XML\",\"RequestRuleName\":\"RuleFormHistory_CustomFields\"}" => HTTP 200 (75856 bytes)
[PegaHttpClient] 📡 POST https://zdk8budo.pegaacademy.net/prweb/api/CodeIntelligence/v1/rules/query?pxObjClass=Rule-HTML-Section&appliesTo=Rule-Obj-XML&pyRuleName=RuleFormHistory_HistoryDetails&RequestClass=Rule-HTML-Section&RequestAppliesTo=Rule-Obj-XML&RequestRuleName=RuleFormHistory_HistoryDetails Payload: "{\"RequestClass\":\"Rule-HTML-Section\",\"RequestAppliesTo\":\"Rule-Obj-XML\",\"RequestRuleName\":\"RuleFormHistory_HistoryDetails\"}" => HTTP 200 (179535 bytes)
[PegaHttpClient] 📡 POST https://zdk8budo.pegaacademy.net/prweb/api/CodeIntelligence/v1/rules/query?pxObjClass=Rule-HTML-Section&appliesTo=Rule-Obj-XML&pyRuleName=pzRuleFormStatus&RequestClass=Rule-HTML-Section&RequestAppliesTo=Rule-Obj-XML&RequestRuleName=pzRuleFormStatus Payload: "{\"RequestClass\":\"Rule-HTML-Section\",\"RequestAppliesTo\":\"Rule-Obj-XML\",\"RequestRuleName\":\"pzRuleFormStatus\"}" => HTTP 200 (97627 bytes)
[PegaHttpClient] 📡 POST https://zdk8budo.pegaacademy.net/prweb/api/CodeIntelligence/v1/rules/query?pxObjClass=Rule-HTML-Section&appliesTo=Rule-Obj-XML&pyRuleName=pzRuleFormHeaderCompareWithDropDown&RequestClass=Rule-HTML-Section&RequestAppliesTo=Rule-Obj-XML&RequestRuleName=pzRuleFormHeaderCompareWithDropDown Payload: "{\"RequestClass\":\"Rule-HTML-Section\",\"RequestAppliesTo\":\"Rule-Obj-XML\",\"RequestRuleName\":\"pzRuleFormHeaderCompareWithDropDown\"}" => HTTP 200 (25396 bytes)
[PegaHttpClient] 📡 POST https://zdk8budo.pegaacademy.net/prweb/api/CodeIntelligence/v1/rules/query?pxObjClass=Rule-HTML-Section&appliesTo=Rule-Obj-XML&pyRuleName=undefined&RequestClass=Rule-HTML-Section&RequestAppliesTo=Rule-Obj-XML&RequestRuleName=undefined Payload: "{\"RequestClass\":\"Rule-HTML-Section\",\"RequestAppliesTo\":\"Rule-Obj-XML\",\"RequestRuleName\":\"undefined\"}" => HTTP 404 (99 bytes)
[PegaHttpClient] 📡 POST https://zdk8budo.pegaacademy.net/prweb/PRRestService/CodeIntelligence/v1/rules/query?pxObjClass=Rule-HTML-Section&appliesTo=Rule-Obj-XML&pyRuleName=undefined&RequestClass=Rule-HTML-Section&RequestAppliesTo=Rule-Obj-XML&RequestRuleName=undefined Payload: "{\"RequestClass\":\"Rule-HTML-Section\",\"RequestAppliesTo\":\"Rule-Obj-XML\",\"RequestRuleName\":\"undefined\"}" => HTTP 404 (99 bytes)
[PegaHttpClient] 📡 POST https://zdk8budo.pegaacademy.net/prweb/api/HRAppsV2Service/V1/rules/query?pxObjClass=Rule-HTML-Section&appliesTo=Rule-Obj-XML&pyRuleName=undefined&RequestClass=Rule-HTML-Section&RequestAppliesTo=Rule-Obj-XML&RequestRuleName=undefined Payload: "{\"RequestClass\":\"Rule-HTML-Section\",\"RequestAppliesTo\":\"Rule-Obj-XML\",\"RequestRuleName\":\"undefined\"}" => HTTP 404 (18 bytes)
[PegaHttpClient] 📡 POST https://zdk8budo.pegaacademy.net/prweb/PRRestService/HRAppsV2Service/V1/rules/query?pxObjClass=Rule-HTML-Section&appliesTo=Rule-Obj-XML&pyRuleName=undefined&RequestClass=Rule-HTML-Section&RequestAppliesTo=Rule-Obj-XML&RequestRuleName=undefined Payload: "{\"RequestClass\":\"Rule-HTML-Section\",\"RequestAppliesTo\":\"Rule-Obj-XML\",\"RequestRuleName\":\"undefined\"}" => HTTP 404 (18 bytes)
[PegaHttpClient] 📡 POST https://zdk8budo.pegaacademy.net/prweb/api/HRAppsV2/V1/rules/query?pxObjClass=Rule-HTML-Section&appliesTo=Rule-Obj-XML&pyRuleName=undefined&RequestClass=Rule-HTML-Section&RequestAppliesTo=Rule-Obj-XML&RequestRuleName=undefined Payload: "{\"RequestClass\":\"Rule-HTML-Section\",\"RequestAppliesTo\":\"Rule-Obj-XML\",\"RequestRuleName\":\"undefined\"}" => HTTP 404 (18 bytes)
[PegaHttpClient] 📡 POST https://zdk8budo.pegaacademy.net/prweb/PRRestService/HRAppsV2/V1/rules/query?pxObjClass=Rule-HTML-Section&appliesTo=Rule-Obj-XML&pyRuleName=undefined&RequestClass=Rule-HTML-Section&RequestAppliesTo=Rule-Obj-XML&RequestRuleName=undefined Payload: "{\"RequestClass\":\"Rule-HTML-Section\",\"RequestAppliesTo\":\"Rule-Obj-XML\",\"RequestRuleName\":\"undefined\"}" => HTTP 404 (18 bytes)
[PegaHttpClient] 📡 POST https://zdk8budo.pegaacademy.net/prweb/api/v1/rules/query?pxObjClass=Rule-HTML-Section&appliesTo=Rule-Obj-XML&pyRuleName=undefined&RequestClass=Rule-HTML-Section&RequestAppliesTo=Rule-Obj-XML&RequestRuleName=undefined Payload: "{\"RequestClass\":\"Rule-HTML-Section\",\"RequestAppliesTo\":\"Rule-Obj-XML\",\"RequestRuleName\":\"undefined\"}" => HTTP 404 (18 bytes)
[PegaHttpClient] 📡 POST https://zdk8budo.pegaacademy.net/prweb/PRRestService/v1/rules/query?pxObjClass=Rule-HTML-Section&appliesTo=Rule-Obj-XML&pyRuleName=undefined&RequestClass=Rule-HTML-Section&RequestAppliesTo=Rule-Obj-XML&RequestRuleName=undefined Payload: "{\"RequestClass\":\"Rule-HTML-Section\",\"RequestAppliesTo\":\"Rule-Obj-XML\",\"RequestRuleName\":\"undefined\"}" => HTTP 404 (18 bytes)
[PegaHttpClient] 📡 POST https://zdk8budo.pegaacademy.net/prweb/api/CodeIntelligence/v1/rules/query?pxObjClass=Rule-HTML-Section&appliesTo=Rule-Obj-XML&pyRuleName=pzRuleFormToolbarHotKeys&RequestClass=Rule-HTML-Section&RequestAppliesTo=Rule-Obj-XML&RequestRuleName=pzRuleFormToolbarHotKeys Payload: "{\"RequestClass\":\"Rule-HTML-Section\",\"RequestAppliesTo\":\"Rule-Obj-XML\",\"RequestRuleName\":\"pzRuleFormToolbarHotKeys\"}" => HTTP 200 (85058 bytes)
[PegaHttpClient] 📡 POST https://zdk8budo.pegaacademy.net/prweb/api/CodeIntelligence/v1/rules/query?pxObjClass=Rule-HTML-Section&appliesTo=Rule-Obj-XML&pyRuleName=pzRuleFormToolbarLockedIcon&RequestClass=Rule-HTML-Section&RequestAppliesTo=Rule-Obj-XML&RequestRuleName=pzRuleFormToolbarLockedIcon Payload: "{\"RequestClass\":\"Rule-HTML-Section\",\"RequestAppliesTo\":\"Rule-Obj-XML\",\"RequestRuleName\":\"pzRuleFormToolbarLockedIcon\"}" => HTTP 200 (24898 bytes)
[PegaHttpClient] 📡 POST https://zdk8budo.pegaacademy.net/prweb/api/CodeIntelligence/v1/rules/query?pxObjClass=Rule-HTML-Section&appliesTo=Rule-Obj-XML&pyRuleName=pzRuleFormToolbarCollaborators&RequestClass=Rule-HTML-Section&RequestAppliesTo=Rule-Obj-XML&RequestRuleName=pzRuleFormToolbarCollaborators Payload: "{\"RequestClass\":\"Rule-HTML-Section\",\"RequestAppliesTo\":\"Rule-Obj-XML\",\"RequestRuleName\":\"pzRuleFormToolbarCollaborators\"}" => HTTP 200 (15254 bytes)
[PegaHttpClient] 📡 POST https://zdk8budo.pegaacademy.net/prweb/api/CodeIntelligence/v1/rules/query?pxObjClass=Rule-HTML-Section&appliesTo=Rule-Obj-XML&pyRuleName=pzRuleFormToolbarSaveAs&RequestClass=Rule-HTML-Section&RequestAppliesTo=Rule-Obj-XML&RequestRuleName=pzRuleFormToolbarSaveAs Payload: "{\"RequestClass\":\"Rule-HTML-Section\",\"RequestAppliesTo\":\"Rule-Obj-XML\",\"RequestRuleName\":\"pzRuleFormToolbarSaveAs\"}" => HTTP 200 (64084 bytes)
[PegaHttpClient] 📡 POST https://zdk8budo.pegaacademy.net/prweb/api/CodeIntelligence/v1/rules/query?pxObjClass=Rule-HTML-Section&appliesTo=Rule-Obj-XML&pyRuleName=pzRuleFormToolbarCheckin&RequestClass=Rule-HTML-Section&RequestAppliesTo=Rule-Obj-XML&RequestRuleName=pzRuleFormToolbarCheckin Payload: "{\"RequestClass\":\"Rule-HTML-Section\",\"RequestAppliesTo\":\"Rule-Obj-XML\",\"RequestRuleName\":\"pzRuleFormToolbarCheckin\"}" => HTTP 200 (119096 bytes)
[PegaHttpClient] 📡 POST https://zdk8budo.pegaacademy.net/prweb/api/CodeIntelligence/v1/rules/query?pxObjClass=Rule-HTML-Section&appliesTo=Rule-Obj-XML&pyRuleName=pzRuleFormToolbarDelete&RequestClass=Rule-HTML-Section&RequestAppliesTo=Rule-Obj-XML&RequestRuleName=pzRuleFormToolbarDelete Payload: "{\"RequestClass\":\"Rule-HTML-Section\",\"RequestAppliesTo\":\"Rule-Obj-XML\",\"RequestRuleName\":\"pzRuleFormToolbarDelete\"}" => HTTP 200 (30249 bytes)
[PegaHttpClient] 📡 POST https://zdk8budo.pegaacademy.net/prweb/api/CodeIntelligence/v1/rules/query?pxObjClass=Rule-HTML-Section&appliesTo=Rule-Obj-XML&pyRuleName=pzRuleFormToolbarSave&RequestClass=Rule-HTML-Section&RequestAppliesTo=Rule-Obj-XML&RequestRuleName=pzRuleFormToolbarSave Payload: "{\"RequestClass\":\"Rule-HTML-Section\",\"RequestAppliesTo\":\"Rule-Obj-XML\",\"RequestRuleName\":\"pzRuleFormToolbarSave\"}" => HTTP 200 (293885 bytes)
[PegaHttpClient] 📡 POST https://zdk8budo.pegaacademy.net/prweb/api/CodeIntelligence/v1/rules/query?pxObjClass=Rule-HTML-Section&appliesTo=Rule-Obj-XML&pyRuleName=pzRuleFormToolbarCheckout&RequestClass=Rule-HTML-Section&RequestAppliesTo=Rule-Obj-XML&RequestRuleName=pzRuleFormToolbarCheckout Payload: "{\"RequestClass\":\"Rule-HTML-Section\",\"RequestAppliesTo\":\"Rule-Obj-XML\",\"RequestRuleName\":\"pzRuleFormToolbarCheckout\"}" => HTTP 200 (238148 bytes)
[PegaHttpClient] 📡 POST https://zdk8budo.pegaacademy.net/prweb/api/CodeIntelligence/v1/rules/query?pxObjClass=Rule-HTML-Section&appliesTo=Rule-Obj-XML&pyRuleName=pzRemoveErrorsDataPage&RequestClass=Rule-HTML-Section&RequestAppliesTo=Rule-Obj-XML&RequestRuleName=pzRemoveErrorsDataPage Payload: "{\"RequestClass\":\"Rule-HTML-Section\",\"RequestAppliesTo\":\"Rule-Obj-XML\",\"RequestRuleName\":\"pzRemoveErrorsDataPage\"}" => HTTP 200 (16733 bytes)
[PegaHttpClient] 📡 POST https://zdk8budo.pegaacademy.net/prweb/api/CodeIntelligence/v1/rules/query?pxObjClass=Rule-HTML-Section&appliesTo=Rule-Obj-XML&pyRuleName=pzRuleFormHeaderMessagesWrapper&RequestClass=Rule-HTML-Section&RequestAppliesTo=Rule-Obj-XML&RequestRuleName=pzRuleFormHeaderMessagesWrapper Payload: "{\"RequestClass\":\"Rule-HTML-Section\",\"RequestAppliesTo\":\"Rule-Obj-XML\",\"RequestRuleName\":\"pzRuleFormHeaderMessagesWrapper\"}" => HTTP 200 (16981 bytes)
[PegaHttpClient] 📡 POST https://zdk8budo.pegaacademy.net/prweb/api/CodeIntelligence/v1/rules/query?pxObjClass=Rule-HTML-Section&appliesTo=Rule-Obj-XML&pyRuleName=pyTreeEditable&RequestClass=Rule-HTML-Section&RequestAppliesTo=Rule-Obj-XML&RequestRuleName=pyTreeEditable Payload: "{\"RequestClass\":\"Rule-HTML-Section\",\"RequestAppliesTo\":\"Rule-Obj-XML\",\"RequestRuleName\":\"pyTreeEditable\"}" => HTTP 404 (104 bytes)
[PegaHttpClient] 📡 POST https://zdk8budo.pegaacademy.net/prweb/PRRestService/CodeIntelligence/v1/rules/query?pxObjClass=Rule-HTML-Section&appliesTo=Rule-Obj-XML&pyRuleName=pyTreeEditable&RequestClass=Rule-HTML-Section&RequestAppliesTo=Rule-Obj-XML&RequestRuleName=pyTreeEditable Payload: "{\"RequestClass\":\"Rule-HTML-Section\",\"RequestAppliesTo\":\"Rule-Obj-XML\",\"RequestRuleName\":\"pyTreeEditable\"}" => HTTP 404 (104 bytes)
[PegaHttpClient] 📡 POST https://zdk8budo.pegaacademy.net/prweb/api/HRAppsV2Service/V1/rules/query?pxObjClass=Rule-HTML-Section&appliesTo=Rule-Obj-XML&pyRuleName=pyTreeEditable&RequestClass=Rule-HTML-Section&RequestAppliesTo=Rule-Obj-XML&RequestRuleName=pyTreeEditable Payload: "{\"RequestClass\":\"Rule-HTML-Section\",\"RequestAppliesTo\":\"Rule-Obj-XML\",\"RequestRuleName\":\"pyTreeEditable\"}" => HTTP 404 (18 bytes)
[PegaHttpClient] 📡 POST https://zdk8budo.pegaacademy.net/prweb/PRRestService/HRAppsV2Service/V1/rules/query?pxObjClass=Rule-HTML-Section&appliesTo=Rule-Obj-XML&pyRuleName=pyTreeEditable&RequestClass=Rule-HTML-Section&RequestAppliesTo=Rule-Obj-XML&RequestRuleName=pyTreeEditable Payload: "{\"RequestClass\":\"Rule-HTML-Section\",\"RequestAppliesTo\":\"Rule-Obj-XML\",\"RequestRuleName\":\"pyTreeEditable\"}" => HTTP 404 (18 bytes)
[PegaHttpClient] 📡 POST https://zdk8budo.pegaacademy.net/prweb/api/HRAppsV2/V1/rules/query?pxObjClass=Rule-HTML-Section&appliesTo=Rule-Obj-XML&pyRuleName=pyTreeEditable&RequestClass=Rule-HTML-Section&RequestAppliesTo=Rule-Obj-XML&RequestRuleName=pyTreeEditable Payload: "{\"RequestClass\":\"Rule-HTML-Section\",\"RequestAppliesTo\":\"Rule-Obj-XML\",\"RequestRuleName\":\"pyTreeEditable\"}" => HTTP 404 (18 bytes)
[PegaHttpClient] 📡 POST https://zdk8budo.pegaacademy.net/prweb/PRRestService/HRAppsV2/V1/rules/query?pxObjClass=Rule-HTML-Section&appliesTo=Rule-Obj-XML&pyRuleName=pyTreeEditable&RequestClass=Rule-HTML-Section&RequestAppliesTo=Rule-Obj-XML&RequestRuleName=pyTreeEditable Payload: "{\"RequestClass\":\"Rule-HTML-Section\",\"RequestAppliesTo\":\"Rule-Obj-XML\",\"RequestRuleName\":\"pyTreeEditable\"}" => HTTP 404 (18 bytes)
[PegaHttpClient] 📡 POST https://zdk8budo.pegaacademy.net/prweb/api/v1/rules/query?pxObjClass=Rule-HTML-Section&appliesTo=Rule-Obj-XML&pyRuleName=pyTreeEditable&RequestClass=Rule-HTML-Section&RequestAppliesTo=Rule-Obj-XML&RequestRuleName=pyTreeEditable Payload: "{\"RequestClass\":\"Rule-HTML-Section\",\"RequestAppliesTo\":\"Rule-Obj-XML\",\"RequestRuleName\":\"pyTreeEditable\"}" => HTTP 404 (18 bytes)
[PegaHttpClient] 📡 POST https://zdk8budo.pegaacademy.net/prweb/PRRestService/v1/rules/query?pxObjClass=Rule-HTML-Section&appliesTo=Rule-Obj-XML&pyRuleName=pyTreeEditable&RequestClass=Rule-HTML-Section&RequestAppliesTo=Rule-Obj-XML&RequestRuleName=pyTreeEditable Payload: "{\"RequestClass\":\"Rule-HTML-Section\",\"RequestAppliesTo\":\"Rule-Obj-XML\",\"RequestRuleName\":\"pyTreeEditable\"}" => HTTP 404 (18 bytes)
[PegaHttpClient] 📡 POST https://zdk8budo.pegaacademy.net/prweb/api/CodeIntelligence/v1/rules/query?pxObjClass=Rule-HTML-Section&appliesTo=Rule-Obj-XML&pyRuleName=pzSpecificationName&RequestClass=Rule-HTML-Section&RequestAppliesTo=Rule-Obj-XML&RequestRuleName=pzSpecificationName Payload: "{\"RequestClass\":\"Rule-HTML-Section\",\"RequestAppliesTo\":\"Rule-Obj-XML\",\"RequestRuleName\":\"pzSpecificationName\"}" => HTTP 404 (109 bytes)
[PegaHttpClient] 📡 POST https://zdk8budo.pegaacademy.net/prweb/PRRestService/CodeIntelligence/v1/rules/query?pxObjClass=Rule-HTML-Section&appliesTo=Rule-Obj-XML&pyRuleName=pzSpecificationName&RequestClass=Rule-HTML-Section&RequestAppliesTo=Rule-Obj-XML&RequestRuleName=pzSpecificationName Payload: "{\"RequestClass\":\"Rule-HTML-Section\",\"RequestAppliesTo\":\"Rule-Obj-XML\",\"RequestRuleName\":\"pzSpecificationName\"}" => HTTP 404 (109 bytes)
[PegaHttpClient] 📡 POST https://zdk8budo.pegaacademy.net/prweb/api/HRAppsV2Service/V1/rules/query?pxObjClass=Rule-HTML-Section&appliesTo=Rule-Obj-XML&pyRuleName=pzSpecificationName&RequestClass=Rule-HTML-Section&RequestAppliesTo=Rule-Obj-XML&RequestRuleName=pzSpecificationName Payload: "{\"RequestClass\":\"Rule-HTML-Section\",\"RequestAppliesTo\":\"Rule-Obj-XML\",\"RequestRuleName\":\"pzSpecificationName\"}" => HTTP 404 (18 bytes)
[PegaHttpClient] 📡 POST https://zdk8budo.pegaacademy.net/prweb/PRRestService/HRAppsV2Service/V1/rules/query?pxObjClass=Rule-HTML-Section&appliesTo=Rule-Obj-XML&pyRuleName=pzSpecificationName&RequestClass=Rule-HTML-Section&RequestAppliesTo=Rule-Obj-XML&RequestRuleName=pzSpecificationName Payload: "{\"RequestClass\":\"Rule-HTML-Section\",\"RequestAppliesTo\":\"Rule-Obj-XML\",\"RequestRuleName\":\"pzSpecificationName\"}" => HTTP 404 (18 bytes)
[PegaHttpClient] 📡 POST https://zdk8budo.pegaacademy.net/prweb/api/HRAppsV2/V1/rules/query?pxObjClass=Rule-HTML-Section&appliesTo=Rule-Obj-XML&pyRuleName=pzSpecificationName&RequestClass=Rule-HTML-Section&RequestAppliesTo=Rule-Obj-XML&RequestRuleName=pzSpecificationName Payload: "{\"RequestClass\":\"Rule-HTML-Section\",\"RequestAppliesTo\":\"Rule-Obj-XML\",\"RequestRuleName\":\"pzSpecificationName\"}" => HTTP 404 (18 bytes)
[PegaHttpClient] 📡 POST https://zdk8budo.pegaacademy.net/prweb/PRRestService/HRAppsV2/V1/rules/query?pxObjClass=Rule-HTML-Section&appliesTo=Rule-Obj-XML&pyRuleName=pzSpecificationName&RequestClass=Rule-HTML-Section&RequestAppliesTo=Rule-Obj-XML&RequestRuleName=pzSpecificationName Payload: "{\"RequestClass\":\"Rule-HTML-Section\",\"RequestAppliesTo\":\"Rule-Obj-XML\",\"RequestRuleName\":\"pzSpecificationName\"}" => HTTP 404 (18 bytes)
[PegaHttpClient] 📡 POST https://zdk8budo.pegaacademy.net/prweb/api/v1/rules/query?pxObjClass=Rule-HTML-Section&appliesTo=Rule-Obj-XML&pyRuleName=pzSpecificationName&RequestClass=Rule-HTML-Section&RequestAppliesTo=Rule-Obj-XML&RequestRuleName=pzSpecificationName Payload: "{\"RequestClass\":\"Rule-HTML-Section\",\"RequestAppliesTo\":\"Rule-Obj-XML\",\"RequestRuleName\":\"pzSpecificationName\"}" => HTTP 404 (18 bytes)
[PegaHttpClient] 📡 POST https://zdk8budo.pegaacademy.net/prweb/PRRestService/v1/rules/query?pxObjClass=Rule-HTML-Section&appliesTo=Rule-Obj-XML&pyRuleName=pzSpecificationName&RequestClass=Rule-HTML-Section&RequestAppliesTo=Rule-Obj-XML&RequestRuleName=pzSpecificationName Payload: "{\"RequestClass\":\"Rule-HTML-Section\",\"RequestAppliesTo\":\"Rule-Obj-XML\",\"RequestRuleName\":\"pzSpecificationName\"}" => HTTP 404 (18 bytes)
[PegaHttpClient] 📡 POST https://zdk8budo.pegaacademy.net/prweb/api/CodeIntelligence/v1/rules/query?pxObjClass=Rule-HTML-Section&appliesTo=Rule-Obj-XML&pyRuleName=pzScm_RuleHistory&RequestClass=Rule-HTML-Section&RequestAppliesTo=Rule-Obj-XML&RequestRuleName=pzScm_RuleHistory Payload: "{\"RequestClass\":\"Rule-HTML-Section\",\"RequestAppliesTo\":\"Rule-Obj-XML\",\"RequestRuleName\":\"pzScm_RuleHistory\"}" => HTTP 200 (14682 bytes)
[PegaHttpClient] 📡 POST https://zdk8budo.pegaacademy.net/prweb/api/CodeIntelligence/v1/rules/query?pxObjClass=Rule-HTML-Section&appliesTo=Rule-Obj-XML&pyRuleName=pxDisplayCollaborators&RequestClass=Rule-HTML-Section&RequestAppliesTo=Rule-Obj-XML&RequestRuleName=pxDisplayCollaborators Payload: "{\"RequestClass\":\"Rule-HTML-Section\",\"RequestAppliesTo\":\"Rule-Obj-XML\",\"RequestRuleName\":\"pxDisplayCollaborators\"}" => HTTP 200 (94171 bytes)
[PegaHttpClient] 📡 POST https://zdk8budo.pegaacademy.net/prweb/api/CodeIntelligence/v1/rules/query?pxObjClass=Rule-HTML-Section&appliesTo=Rule-Obj-XML&pyRuleName=pzRuleFormToolbarDeleteCheckOut&RequestClass=Rule-HTML-Section&RequestAppliesTo=Rule-Obj-XML&RequestRuleName=pzRuleFormToolbarDeleteCheckOut Payload: "{\"RequestClass\":\"Rule-HTML-Section\",\"RequestAppliesTo\":\"Rule-Obj-XML\",\"RequestRuleName\":\"pzRuleFormToolbarDeleteCheckOut\"}" => HTTP 200 (29433 bytes)
[PegaHttpClient] 📡 POST https://zdk8budo.pegaacademy.net/prweb/api/CodeIntelligence/v1/rules/query?pxObjClass=Rule-HTML-Section&appliesTo=Rule-Obj-XML&pyRuleName=pzRuleFormToolbarDeleteRule&RequestClass=Rule-HTML-Section&RequestAppliesTo=Rule-Obj-XML&RequestRuleName=pzRuleFormToolbarDeleteRule Payload: "{\"RequestClass\":\"Rule-HTML-Section\",\"RequestAppliesTo\":\"Rule-Obj-XML\",\"RequestRuleName\":\"pzRuleFormToolbarDeleteRule\"}" => HTTP 200 (32314 bytes)
[PegaHttpClient] 📡 POST https://zdk8budo.pegaacademy.net/prweb/api/CodeIntelligence/v1/rules/query?pxObjClass=Rule-HTML-Section&appliesTo=Rule-Obj-XML&pyRuleName=pzLoadCollaborationScripts&RequestClass=Rule-HTML-Section&RequestAppliesTo=Rule-Obj-XML&RequestRuleName=pzLoadCollaborationScripts Payload: "{\"RequestClass\":\"Rule-HTML-Section\",\"RequestAppliesTo\":\"Rule-Obj-XML\",\"RequestRuleName\":\"pzLoadCollaborationScripts\"}" => HTTP 200 (23453 bytes)
[PegaHttpClient] 📡 POST https://zdk8budo.pegaacademy.net/prweb/api/CodeIntelligence/v1/rules/query?pxObjClass=Rule-HTML-Section&appliesTo=Rule-Obj-XML&pyRuleName=pzDisplayCollaboratorsList&RequestClass=Rule-HTML-Section&RequestAppliesTo=Rule-Obj-XML&RequestRuleName=pzDisplayCollaboratorsList Payload: "{\"RequestClass\":\"Rule-HTML-Section\",\"RequestAppliesTo\":\"Rule-Obj-XML\",\"RequestRuleName\":\"pzDisplayCollaboratorsList\"}" => HTTP 200 (105418 bytes)
[PegaHttpClient] 📡 POST https://zdk8budo.pegaacademy.net/prweb/api/CodeIntelligence/v1/rules/query?pxObjClass=Rule-HTML-Section&appliesTo=Rule-Obj-XML&pyRuleName=pyCollaborator&RequestClass=Rule-HTML-Section&RequestAppliesTo=Rule-Obj-XML&RequestRuleName=pyCollaborator Payload: "{\"RequestClass\":\"Rule-HTML-Section\",\"RequestAppliesTo\":\"Rule-Obj-XML\",\"RequestRuleName\":\"pyCollaborator\"}" => HTTP 404 (104 bytes)
[PegaHttpClient] 📡 POST https://zdk8budo.pegaacademy.net/prweb/PRRestService/CodeIntelligence/v1/rules/query?pxObjClass=Rule-HTML-Section&appliesTo=Rule-Obj-XML&pyRuleName=pyCollaborator&RequestClass=Rule-HTML-Section&RequestAppliesTo=Rule-Obj-XML&RequestRuleName=pyCollaborator Payload: "{\"RequestClass\":\"Rule-HTML-Section\",\"RequestAppliesTo\":\"Rule-Obj-XML\",\"RequestRuleName\":\"pyCollaborator\"}" => HTTP 404 (104 bytes)
[PegaHttpClient] 📡 POST https://zdk8budo.pegaacademy.net/prweb/api/HRAppsV2Service/V1/rules/query?pxObjClass=Rule-HTML-Section&appliesTo=Rule-Obj-XML&pyRuleName=pyCollaborator&RequestClass=Rule-HTML-Section&RequestAppliesTo=Rule-Obj-XML&RequestRuleName=pyCollaborator Payload: "{\"RequestClass\":\"Rule-HTML-Section\",\"RequestAppliesTo\":\"Rule-Obj-XML\",\"RequestRuleName\":\"pyCollaborator\"}" => HTTP 404 (18 bytes)
[PegaHttpClient] 📡 POST https://zdk8budo.pegaacademy.net/prweb/PRRestService/HRAppsV2Service/V1/rules/query?pxObjClass=Rule-HTML-Section&appliesTo=Rule-Obj-XML&pyRuleName=pyCollaborator&RequestClass=Rule-HTML-Section&RequestAppliesTo=Rule-Obj-XML&RequestRuleName=pyCollaborator Payload: "{\"RequestClass\":\"Rule-HTML-Section\",\"RequestAppliesTo\":\"Rule-Obj-XML\",\"RequestRuleName\":\"pyCollaborator\"}" => HTTP 404 (18 bytes)
[PegaHttpClient] 📡 POST https://zdk8budo.pegaacademy.net/prweb/api/HRAppsV2/V1/rules/query?pxObjClass=Rule-HTML-Section&appliesTo=Rule-Obj-XML&pyRuleName=pyCollaborator&RequestClass=Rule-HTML-Section&RequestAppliesTo=Rule-Obj-XML&RequestRuleName=pyCollaborator Payload: "{\"RequestClass\":\"Rule-HTML-Section\",\"RequestAppliesTo\":\"Rule-Obj-XML\",\"RequestRuleName\":\"pyCollaborator\"}" => HTTP 404 (18 bytes)
[PegaHttpClient] 📡 POST https://zdk8budo.pegaacademy.net/prweb/PRRestService/HRAppsV2/V1/rules/query?pxObjClass=Rule-HTML-Section&appliesTo=Rule-Obj-XML&pyRuleName=pyCollaborator&RequestClass=Rule-HTML-Section&RequestAppliesTo=Rule-Obj-XML&RequestRuleName=pyCollaborator Payload: "{\"RequestClass\":\"Rule-HTML-Section\",\"RequestAppliesTo\":\"Rule-Obj-XML\",\"RequestRuleName\":\"pyCollaborator\"}" => HTTP 404 (18 bytes)
[PegaHttpClient] 📡 POST https://zdk8budo.pegaacademy.net/prweb/api/v1/rules/query?pxObjClass=Rule-HTML-Section&appliesTo=Rule-Obj-XML&pyRuleName=pyCollaborator&RequestClass=Rule-HTML-Section&RequestAppliesTo=Rule-Obj-XML&RequestRuleName=pyCollaborator Payload: "{\"RequestClass\":\"Rule-HTML-Section\",\"RequestAppliesTo\":\"Rule-Obj-XML\",\"RequestRuleName\":\"pyCollaborator\"}" => HTTP 404 (18 bytes)
[PegaHttpClient] 📡 POST https://zdk8budo.pegaacademy.net/prweb/PRRestService/v1/rules/query?pxObjClass=Rule-HTML-Section&appliesTo=Rule-Obj-XML&pyRuleName=pyCollaborator&RequestClass=Rule-HTML-Section&RequestAppliesTo=Rule-Obj-XML&RequestRuleName=pyCollaborator Payload: "{\"RequestClass\":\"Rule-HTML-Section\",\"RequestAppliesTo\":\"Rule-Obj-XML\",\"RequestRuleName\":\"pyCollaborator\"}" => HTTP 404 (18 bytes)
[PegaHttpClient] 📡 POST https://zdk8budo.pegaacademy.net/prweb/api/CodeIntelligence/v1/rules/query?pxObjClass=Rule-HTML-Section&appliesTo=Rule-Obj-XML&pyRuleName=pzDisplayPartialCount&RequestClass=Rule-HTML-Section&RequestAppliesTo=Rule-Obj-XML&RequestRuleName=pzDisplayPartialCount Payload: "{\"RequestClass\":\"Rule-HTML-Section\",\"RequestAppliesTo\":\"Rule-Obj-XML\",\"RequestRuleName\":\"pzDisplayPartialCount\"}" => HTTP 404 (111 bytes)
[PegaHttpClient] 📡 POST https://zdk8budo.pegaacademy.net/prweb/PRRestService/CodeIntelligence/v1/rules/query?pxObjClass=Rule-HTML-Section&appliesTo=Rule-Obj-XML&pyRuleName=pzDisplayPartialCount&RequestClass=Rule-HTML-Section&RequestAppliesTo=Rule-Obj-XML&RequestRuleName=pzDisplayPartialCount Payload: "{\"RequestClass\":\"Rule-HTML-Section\",\"RequestAppliesTo\":\"Rule-Obj-XML\",\"RequestRuleName\":\"pzDisplayPartialCount\"}" => HTTP 404 (111 bytes)
[PegaHttpClient] 📡 POST https://zdk8budo.pegaacademy.net/prweb/api/HRAppsV2Service/V1/rules/query?pxObjClass=Rule-HTML-Section&appliesTo=Rule-Obj-XML&pyRuleName=pzDisplayPartialCount&RequestClass=Rule-HTML-Section&RequestAppliesTo=Rule-Obj-XML&RequestRuleName=pzDisplayPartialCount Payload: "{\"RequestClass\":\"Rule-HTML-Section\",\"RequestAppliesTo\":\"Rule-Obj-XML\",\"RequestRuleName\":\"pzDisplayPartialCount\"}" => HTTP 404 (18 bytes)
[PegaHttpClient] 📡 POST https://zdk8budo.pegaacademy.net/prweb/PRRestService/HRAppsV2Service/V1/rules/query?pxObjClass=Rule-HTML-Section&appliesTo=Rule-Obj-XML&pyRuleName=pzDisplayPartialCount&RequestClass=Rule-HTML-Section&RequestAppliesTo=Rule-Obj-XML&RequestRuleName=pzDisplayPartialCount Payload: "{\"RequestClass\":\"Rule-HTML-Section\",\"RequestAppliesTo\":\"Rule-Obj-XML\",\"RequestRuleName\":\"pzDisplayPartialCount\"}" => HTTP 404 (18 bytes)
[PegaHttpClient] 📡 POST https://zdk8budo.pegaacademy.net/prweb/api/HRAppsV2/V1/rules/query?pxObjClass=Rule-HTML-Section&appliesTo=Rule-Obj-XML&pyRuleName=pzDisplayPartialCount&RequestClass=Rule-HTML-Section&RequestAppliesTo=Rule-Obj-XML&RequestRuleName=pzDisplayPartialCount Payload: "{\"RequestClass\":\"Rule-HTML-Section\",\"RequestAppliesTo\":\"Rule-Obj-XML\",\"RequestRuleName\":\"pzDisplayPartialCount\"}" => HTTP 404 (18 bytes)
[PegaHttpClient] 📡 POST https://zdk8budo.pegaacademy.net/prweb/PRRestService/HRAppsV2/V1/rules/query?pxObjClass=Rule-HTML-Section&appliesTo=Rule-Obj-XML&pyRuleName=pzDisplayPartialCount&RequestClass=Rule-HTML-Section&RequestAppliesTo=Rule-Obj-XML&RequestRuleName=pzDisplayPartialCount Payload: "{\"RequestClass\":\"Rule-HTML-Section\",\"RequestAppliesTo\":\"Rule-Obj-XML\",\"RequestRuleName\":\"pzDisplayPartialCount\"}" => HTTP 404 (18 bytes)
[PegaHttpClient] 📡 POST https://zdk8budo.pegaacademy.net/prweb/api/v1/rules/query?pxObjClass=Rule-HTML-Section&appliesTo=Rule-Obj-XML&pyRuleName=pzDisplayPartialCount&RequestClass=Rule-HTML-Section&RequestAppliesTo=Rule-Obj-XML&RequestRuleName=pzDisplayPartialCount Payload: "{\"RequestClass\":\"Rule-HTML-Section\",\"RequestAppliesTo\":\"Rule-Obj-XML\",\"RequestRuleName\":\"pzDisplayPartialCount\"}" => HTTP 404 (18 bytes)
[PegaHttpClient] 📡 POST https://zdk8budo.pegaacademy.net/prweb/PRRestService/v1/rules/query?pxObjClass=Rule-HTML-Section&appliesTo=Rule-Obj-XML&pyRuleName=pzDisplayPartialCount&RequestClass=Rule-HTML-Section&RequestAppliesTo=Rule-Obj-XML&RequestRuleName=pzDisplayPartialCount Payload: "{\"RequestClass\":\"Rule-HTML-Section\",\"RequestAppliesTo\":\"Rule-Obj-XML\",\"RequestRuleName\":\"pzDisplayPartialCount\"}" => HTTP 404 (18 bytes)
[SchemaGen] ✅ Schema written for Rule-Obj-XML
[PegaHttpClient] 📡 GET https://zdk8budo.pegaacademy.net/prweb/api/CodeIntelligence/v1/rules/RULE-HTML-HARNESS%20RULE-CONNECT-ATOM%20RULEFORM%20%2320180713T135821.143%20GMT => HTTP 200 (23666 bytes)
[PegaHttpClient] 📡 POST https://zdk8budo.pegaacademy.net/prweb/api/CodeIntelligence/v1/rules/query?pxObjClass=Rule-HTML-Section&appliesTo=Rule-Connect-Atom&pyRuleName=RuleFormMain&RequestClass=Rule-HTML-Section&RequestAppliesTo=Rule-Connect-Atom&RequestRuleName=RuleFormMain Payload: "{\"RequestClass\":\"Rule-HTML-Section\",\"RequestAppliesTo\":\"Rule-Connect-Atom\",\"RequestRuleName\":\"RuleFormMain\"}" => HTTP 200 (156234 bytes)
[PegaHttpClient] 📡 POST https://zdk8budo.pegaacademy.net/prweb/api/CodeIntelligence/v1/rules/query?pxObjClass=Rule-HTML-Section&appliesTo=Rule-Connect-Atom&pyRuleName=pxAlternateRuleForm&RequestClass=Rule-HTML-Section&RequestAppliesTo=Rule-Connect-Atom&RequestRuleName=pxAlternateRuleForm Payload: "{\"RequestClass\":\"Rule-HTML-Section\",\"RequestAppliesTo\":\"Rule-Connect-Atom\",\"RequestRuleName\":\"pxAlternateRuleForm\"}" => HTTP 200 (66153 bytes)
[PegaHttpClient] 📡 POST https://zdk8budo.pegaacademy.net/prweb/api/CodeIntelligence/v1/rules/query?pxObjClass=Rule-HTML-Section&appliesTo=Rule-Connect-Atom&pyRuleName=pzRuleFormScripts&RequestClass=Rule-HTML-Section&RequestAppliesTo=Rule-Connect-Atom&RequestRuleName=pzRuleFormScripts Payload: "{\"RequestClass\":\"Rule-HTML-Section\",\"RequestAppliesTo\":\"Rule-Connect-Atom\",\"RequestRuleName\":\"pzRuleFormScripts\"}" => HTTP 200 (40822 bytes)
[PegaHttpClient] 📡 POST https://zdk8budo.pegaacademy.net/prweb/api/CodeIntelligence/v1/rules/query?pxObjClass=Rule-HTML-Section&appliesTo=Rule-Connect-Atom&pyRuleName=pzRuleFormLayoutDelegated&RequestClass=Rule-HTML-Section&RequestAppliesTo=Rule-Connect-Atom&RequestRuleName=pzRuleFormLayoutDelegated Payload: "{\"RequestClass\":\"Rule-HTML-Section\",\"RequestAppliesTo\":\"Rule-Connect-Atom\",\"RequestRuleName\":\"pzRuleFormLayoutDelegated\"}" => HTTP 200 (70998 bytes)
[PegaHttpClient] 📡 POST https://zdk8budo.pegaacademy.net/prweb/api/CodeIntelligence/v1/rules/query?pxObjClass=Rule-HTML-Section&appliesTo=Rule-Connect-Atom&pyRuleName=RuleFormLayout&RequestClass=Rule-HTML-Section&RequestAppliesTo=Rule-Connect-Atom&RequestRuleName=RuleFormLayout Payload: "{\"RequestClass\":\"Rule-HTML-Section\",\"RequestAppliesTo\":\"Rule-Connect-Atom\",\"RequestRuleName\":\"RuleFormLayout\"}" => HTTP 200 (72049 bytes)
[PegaHttpClient] 📡 POST https://zdk8budo.pegaacademy.net/prweb/api/CodeIntelligence/v1/rules/query?pxObjClass=Rule-HTML-Section&appliesTo=Rule-Connect-Atom&pyRuleName=RuleFormSettings&RequestClass=Rule-HTML-Section&RequestAppliesTo=Rule-Connect-Atom&RequestRuleName=RuleFormSettings Payload: "{\"RequestClass\":\"Rule-HTML-Section\",\"RequestAppliesTo\":\"Rule-Connect-Atom\",\"RequestRuleName\":\"RuleFormSettings\"}" => HTTP 200 (20540 bytes)
[PegaHttpClient] 📡 POST https://zdk8budo.pegaacademy.net/prweb/api/CodeIntelligence/v1/rules/query?pxObjClass=Rule-HTML-Section&appliesTo=Rule-Connect-Atom&pyRuleName=OpenAuthoring&RequestClass=Rule-HTML-Section&RequestAppliesTo=Rule-Connect-Atom&RequestRuleName=OpenAuthoring Payload: "{\"RequestClass\":\"Rule-HTML-Section\",\"RequestAppliesTo\":\"Rule-Connect-Atom\",\"RequestRuleName\":\"OpenAuthoring\"}" => HTTP 200 (23695 bytes)
[PegaHttpClient] 📡 POST https://zdk8budo.pegaacademy.net/prweb/api/CodeIntelligence/v1/rules/query?pxObjClass=Rule-HTML-Section&appliesTo=Rule-Connect-Atom&pyRuleName=pyCustomHelp&RequestClass=Rule-HTML-Section&RequestAppliesTo=Rule-Connect-Atom&RequestRuleName=pyCustomHelp Payload: "{\"RequestClass\":\"Rule-HTML-Section\",\"RequestAppliesTo\":\"Rule-Connect-Atom\",\"RequestRuleName\":\"pyCustomHelp\"}" => HTTP 200 (17256 bytes)
[PegaHttpClient] 📡 POST https://zdk8budo.pegaacademy.net/prweb/api/CodeIntelligence/v1/rules/query?pxObjClass=Rule-HTML-Section&appliesTo=Rule-Connect-Atom&pyRuleName=pzRuleformMainInclude&RequestClass=Rule-HTML-Section&RequestAppliesTo=Rule-Connect-Atom&RequestRuleName=pzRuleformMainInclude Payload: "{\"RequestClass\":\"Rule-HTML-Section\",\"RequestAppliesTo\":\"Rule-Connect-Atom\",\"RequestRuleName\":\"pzRuleformMainInclude\"}" => HTTP 200 (22375 bytes)
[PegaHttpClient] 📡 POST https://zdk8budo.pegaacademy.net/prweb/api/CodeIntelligence/v1/rules/query?pxObjClass=Rule-HTML-Section&appliesTo=Rule-Connect-Atom&pyRuleName=pyAlternativeRuleFormStrategicAppExtension&RequestClass=Rule-HTML-Section&RequestAppliesTo=Rule-Connect-Atom&RequestRuleName=pyAlternativeRuleFormStrategicAppExtension Payload: "{\"RequestClass\":\"Rule-HTML-Section\",\"RequestAppliesTo\":\"Rule-Connect-Atom\",\"RequestRuleName\":\"pyAlternativeRuleFormStrategicAppExtension\"}" => HTTP 200 (25042 bytes)
[PegaHttpClient] 📡 POST https://zdk8budo.pegaacademy.net/prweb/api/CodeIntelligence/v1/rules/query?pxObjClass=Rule-HTML-Section&appliesTo=Rule-Connect-Atom&pyRuleName=pyAlternativeRuleFormExtension&RequestClass=Rule-HTML-Section&RequestAppliesTo=Rule-Connect-Atom&RequestRuleName=pyAlternativeRuleFormExtension Payload: "{\"RequestClass\":\"Rule-HTML-Section\",\"RequestAppliesTo\":\"Rule-Connect-Atom\",\"RequestRuleName\":\"pyAlternativeRuleFormExtension\"}" => HTTP 200 (24863 bytes)
[PegaHttpClient] 📡 POST https://zdk8budo.pegaacademy.net/prweb/api/CodeIntelligence/v1/rules/query?pxObjClass=Rule-HTML-Section&appliesTo=Rule-Connect-Atom&pyRuleName=RuleFormHeader&RequestClass=Rule-HTML-Section&RequestAppliesTo=Rule-Connect-Atom&RequestRuleName=RuleFormHeader Payload: "{\"RequestClass\":\"Rule-HTML-Section\",\"RequestAppliesTo\":\"Rule-Connect-Atom\",\"RequestRuleName\":\"RuleFormHeader\"}" => HTTP 200 (183800 bytes)
[PegaHttpClient] 📡 POST https://zdk8budo.pegaacademy.net/prweb/api/CodeIntelligence/v1/rules/query?pxObjClass=Rule-HTML-Section&appliesTo=Rule-Connect-Atom&pyRuleName=pzDelegationExperience&RequestClass=Rule-HTML-Section&RequestAppliesTo=Rule-Connect-Atom&RequestRuleName=pzDelegationExperience Payload: "{\"RequestClass\":\"Rule-HTML-Section\",\"RequestAppliesTo\":\"Rule-Connect-Atom\",\"RequestRuleName\":\"pzDelegationExperience\"}" => HTTP 404 (117 bytes)
[PegaHttpClient] 📡 POST https://zdk8budo.pegaacademy.net/prweb/PRRestService/CodeIntelligence/v1/rules/query?pxObjClass=Rule-HTML-Section&appliesTo=Rule-Connect-Atom&pyRuleName=pzDelegationExperience&RequestClass=Rule-HTML-Section&RequestAppliesTo=Rule-Connect-Atom&RequestRuleName=pzDelegationExperience Payload: "{\"RequestClass\":\"Rule-HTML-Section\",\"RequestAppliesTo\":\"Rule-Connect-Atom\",\"RequestRuleName\":\"pzDelegationExperience\"}" => HTTP 404 (117 bytes)
[PegaHttpClient] 📡 POST https://zdk8budo.pegaacademy.net/prweb/api/HRAppsV2Service/V1/rules/query?pxObjClass=Rule-HTML-Section&appliesTo=Rule-Connect-Atom&pyRuleName=pzDelegationExperience&RequestClass=Rule-HTML-Section&RequestAppliesTo=Rule-Connect-Atom&RequestRuleName=pzDelegationExperience Payload: "{\"RequestClass\":\"Rule-HTML-Section\",\"RequestAppliesTo\":\"Rule-Connect-Atom\",\"RequestRuleName\":\"pzDelegationExperience\"}" => HTTP 404 (18 bytes)
[PegaHttpClient] 📡 POST https://zdk8budo.pegaacademy.net/prweb/PRRestService/HRAppsV2Service/V1/rules/query?pxObjClass=Rule-HTML-Section&appliesTo=Rule-Connect-Atom&pyRuleName=pzDelegationExperience&RequestClass=Rule-HTML-Section&RequestAppliesTo=Rule-Connect-Atom&RequestRuleName=pzDelegationExperience Payload: "{\"RequestClass\":\"Rule-HTML-Section\",\"RequestAppliesTo\":\"Rule-Connect-Atom\",\"RequestRuleName\":\"pzDelegationExperience\"}" => HTTP 404 (18 bytes)
[PegaHttpClient] 📡 POST https://zdk8budo.pegaacademy.net/prweb/api/HRAppsV2/V1/rules/query?pxObjClass=Rule-HTML-Section&appliesTo=Rule-Connect-Atom&pyRuleName=pzDelegationExperience&RequestClass=Rule-HTML-Section&RequestAppliesTo=Rule-Connect-Atom&RequestRuleName=pzDelegationExperience Payload: "{\"RequestClass\":\"Rule-HTML-Section\",\"RequestAppliesTo\":\"Rule-Connect-Atom\",\"RequestRuleName\":\"pzDelegationExperience\"}" => HTTP 404 (18 bytes)
[PegaHttpClient] 📡 POST https://zdk8budo.pegaacademy.net/prweb/PRRestService/HRAppsV2/V1/rules/query?pxObjClass=Rule-HTML-Section&appliesTo=Rule-Connect-Atom&pyRuleName=pzDelegationExperience&RequestClass=Rule-HTML-Section&RequestAppliesTo=Rule-Connect-Atom&RequestRuleName=pzDelegationExperience Payload: "{\"RequestClass\":\"Rule-HTML-Section\",\"RequestAppliesTo\":\"Rule-Connect-Atom\",\"RequestRuleName\":\"pzDelegationExperience\"}" => HTTP 404 (18 bytes)
[PegaHttpClient] 📡 POST https://zdk8budo.pegaacademy.net/prweb/api/v1/rules/query?pxObjClass=Rule-HTML-Section&appliesTo=Rule-Connect-Atom&pyRuleName=pzDelegationExperience&RequestClass=Rule-HTML-Section&RequestAppliesTo=Rule-Connect-Atom&RequestRuleName=pzDelegationExperience Payload: "{\"RequestClass\":\"Rule-HTML-Section\",\"RequestAppliesTo\":\"Rule-Connect-Atom\",\"RequestRuleName\":\"pzDelegationExperience\"}" => HTTP 404 (18 bytes)
[PegaHttpClient] 📡 POST https://zdk8budo.pegaacademy.net/prweb/PRRestService/v1/rules/query?pxObjClass=Rule-HTML-Section&appliesTo=Rule-Connect-Atom&pyRuleName=pzDelegationExperience&RequestClass=Rule-HTML-Section&RequestAppliesTo=Rule-Connect-Atom&RequestRuleName=pzDelegationExperience Payload: "{\"RequestClass\":\"Rule-HTML-Section\",\"RequestAppliesTo\":\"Rule-Connect-Atom\",\"RequestRuleName\":\"pzDelegationExperience\"}" => HTTP 404 (18 bytes)
[PegaHttpClient] 📡 POST https://zdk8budo.pegaacademy.net/prweb/api/CodeIntelligence/v1/rules/query?pxObjClass=Rule-HTML-Section&appliesTo=Rule-Connect-Atom&pyRuleName=pzRequestAtomLayout&RequestClass=Rule-HTML-Section&RequestAppliesTo=Rule-Connect-Atom&RequestRuleName=pzRequestAtomLayout Payload: "{\"RequestClass\":\"Rule-HTML-Section\",\"RequestAppliesTo\":\"Rule-Connect-Atom\",\"RequestRuleName\":\"pzRequestAtomLayout\"}" => HTTP 200 (34111 bytes)
[PegaHttpClient] 📡 POST https://zdk8budo.pegaacademy.net/prweb/api/CodeIntelligence/v1/rules/query?pxObjClass=Rule-HTML-Section&appliesTo=Rule-Connect-Atom&pyRuleName=pzResponseAtomLayout&RequestClass=Rule-HTML-Section&RequestAppliesTo=Rule-Connect-Atom&RequestRuleName=pzResponseAtomLayout Payload: "{\"RequestClass\":\"Rule-HTML-Section\",\"RequestAppliesTo\":\"Rule-Connect-Atom\",\"RequestRuleName\":\"pzResponseAtomLayout\"}" => HTTP 200 (80254 bytes)
[PegaHttpClient] 📡 POST https://zdk8budo.pegaacademy.net/prweb/api/CodeIntelligence/v1/rules/query?pxObjClass=Rule-HTML-Section&appliesTo=Rule-Connect-Atom&pyRuleName=RuleFormHistory&RequestClass=Rule-HTML-Section&RequestAppliesTo=Rule-Connect-Atom&RequestRuleName=RuleFormHistory Payload: "{\"RequestClass\":\"Rule-HTML-Section\",\"RequestAppliesTo\":\"Rule-Connect-Atom\",\"RequestRuleName\":\"RuleFormHistory\"}" => HTTP 200 (76091 bytes)
[PegaHttpClient] 📡 POST https://zdk8budo.pegaacademy.net/prweb/api/CodeIntelligence/v1/rules/query?pxObjClass=Rule-HTML-Section&appliesTo=Rule-Connect-Atom&pyRuleName=pzCustomHelp&RequestClass=Rule-HTML-Section&RequestAppliesTo=Rule-Connect-Atom&RequestRuleName=pzCustomHelp Payload: "{\"RequestClass\":\"Rule-HTML-Section\",\"RequestAppliesTo\":\"Rule-Connect-Atom\",\"RequestRuleName\":\"pzCustomHelp\"}" => HTTP 200 (31573 bytes)
[PegaHttpClient] 📡 POST https://zdk8budo.pegaacademy.net/prweb/api/CodeIntelligence/v1/rules/query?pxObjClass=Rule-HTML-Section&appliesTo=Rule-Connect-Atom&pyRuleName=pzRuleFormKeysAndDescription&RequestClass=Rule-HTML-Section&RequestAppliesTo=Rule-Connect-Atom&RequestRuleName=pzRuleFormKeysAndDescription Payload: "{\"RequestClass\":\"Rule-HTML-Section\",\"RequestAppliesTo\":\"Rule-Connect-Atom\",\"RequestRuleName\":\"pzRuleFormKeysAndDescription\"}" => HTTP 200 (218057 bytes)
[PegaHttpClient] 📡 POST https://zdk8budo.pegaacademy.net/prweb/api/CodeIntelligence/v1/rules/query?pxObjClass=Rule-HTML-Section&appliesTo=Rule-Connect-Atom&pyRuleName=pzRuleFormRuleset&RequestClass=Rule-HTML-Section&RequestAppliesTo=Rule-Connect-Atom&RequestRuleName=pzRuleFormRuleset Payload: "{\"RequestClass\":\"Rule-HTML-Section\",\"RequestAppliesTo\":\"Rule-Connect-Atom\",\"RequestRuleName\":\"pzRuleFormRuleset\"}" => HTTP 200 (33985 bytes)
[PegaHttpClient] 📡 POST https://zdk8budo.pegaacademy.net/prweb/api/CodeIntelligence/v1/rules/query?pxObjClass=Rule-HTML-Section&appliesTo=Rule-Connect-Atom&pyRuleName=undefined&RequestClass=Rule-HTML-Section&RequestAppliesTo=Rule-Connect-Atom&RequestRuleName=undefined Payload: "{\"RequestClass\":\"Rule-HTML-Section\",\"RequestAppliesTo\":\"Rule-Connect-Atom\",\"RequestRuleName\":\"undefined\"}" => HTTP 404 (104 bytes)
[PegaHttpClient] 📡 POST https://zdk8budo.pegaacademy.net/prweb/PRRestService/CodeIntelligence/v1/rules/query?pxObjClass=Rule-HTML-Section&appliesTo=Rule-Connect-Atom&pyRuleName=undefined&RequestClass=Rule-HTML-Section&RequestAppliesTo=Rule-Connect-Atom&RequestRuleName=undefined Payload: "{\"RequestClass\":\"Rule-HTML-Section\",\"RequestAppliesTo\":\"Rule-Connect-Atom\",\"RequestRuleName\":\"undefined\"}" => HTTP 404 (104 bytes)
[PegaHttpClient] 📡 POST https://zdk8budo.pegaacademy.net/prweb/api/HRAppsV2Service/V1/rules/query?pxObjClass=Rule-HTML-Section&appliesTo=Rule-Connect-Atom&pyRuleName=undefined&RequestClass=Rule-HTML-Section&RequestAppliesTo=Rule-Connect-Atom&RequestRuleName=undefined Payload: "{\"RequestClass\":\"Rule-HTML-Section\",\"RequestAppliesTo\":\"Rule-Connect-Atom\",\"RequestRuleName\":\"undefined\"}" => HTTP 404 (18 bytes)
[PegaHttpClient] 📡 POST https://zdk8budo.pegaacademy.net/prweb/PRRestService/HRAppsV2Service/V1/rules/query?pxObjClass=Rule-HTML-Section&appliesTo=Rule-Connect-Atom&pyRuleName=undefined&RequestClass=Rule-HTML-Section&RequestAppliesTo=Rule-Connect-Atom&RequestRuleName=undefined Payload: "{\"RequestClass\":\"Rule-HTML-Section\",\"RequestAppliesTo\":\"Rule-Connect-Atom\",\"RequestRuleName\":\"undefined\"}" => HTTP 404 (18 bytes)
[PegaHttpClient] 📡 POST https://zdk8budo.pegaacademy.net/prweb/api/HRAppsV2/V1/rules/query?pxObjClass=Rule-HTML-Section&appliesTo=Rule-Connect-Atom&pyRuleName=undefined&RequestClass=Rule-HTML-Section&RequestAppliesTo=Rule-Connect-Atom&RequestRuleName=undefined Payload: "{\"RequestClass\":\"Rule-HTML-Section\",\"RequestAppliesTo\":\"Rule-Connect-Atom\",\"RequestRuleName\":\"undefined\"}" => HTTP 404 (18 bytes)
[PegaHttpClient] 📡 POST https://zdk8budo.pegaacademy.net/prweb/PRRestService/HRAppsV2/V1/rules/query?pxObjClass=Rule-HTML-Section&appliesTo=Rule-Connect-Atom&pyRuleName=undefined&RequestClass=Rule-HTML-Section&RequestAppliesTo=Rule-Connect-Atom&RequestRuleName=undefined Payload: "{\"RequestClass\":\"Rule-HTML-Section\",\"RequestAppliesTo\":\"Rule-Connect-Atom\",\"RequestRuleName\":\"undefined\"}" => HTTP 404 (18 bytes)
[PegaHttpClient] 📡 POST https://zdk8budo.pegaacademy.net/prweb/api/v1/rules/query?pxObjClass=Rule-HTML-Section&appliesTo=Rule-Connect-Atom&pyRuleName=undefined&RequestClass=Rule-HTML-Section&RequestAppliesTo=Rule-Connect-Atom&RequestRuleName=undefined Payload: "{\"RequestClass\":\"Rule-HTML-Section\",\"RequestAppliesTo\":\"Rule-Connect-Atom\",\"RequestRuleName\":\"undefined\"}" => HTTP 404 (18 bytes)
[PegaHttpClient] 📡 POST https://zdk8budo.pegaacademy.net/prweb/PRRestService/v1/rules/query?pxObjClass=Rule-HTML-Section&appliesTo=Rule-Connect-Atom&pyRuleName=undefined&RequestClass=Rule-HTML-Section&RequestAppliesTo=Rule-Connect-Atom&RequestRuleName=undefined Payload: "{\"RequestClass\":\"Rule-HTML-Section\",\"RequestAppliesTo\":\"Rule-Connect-Atom\",\"RequestRuleName\":\"undefined\"}" => HTTP 404 (18 bytes)
[PegaHttpClient] 📡 POST https://zdk8budo.pegaacademy.net/prweb/api/CodeIntelligence/v1/rules/query?pxObjClass=Rule-HTML-Section&appliesTo=Rule-Connect-Atom&pyRuleName=pzRuleFormToolbar&RequestClass=Rule-HTML-Section&RequestAppliesTo=Rule-Connect-Atom&RequestRuleName=pzRuleFormToolbar Payload: "{\"RequestClass\":\"Rule-HTML-Section\",\"RequestAppliesTo\":\"Rule-Connect-Atom\",\"RequestRuleName\":\"pzRuleFormToolbar\"}" => HTTP 200 (242691 bytes)
[PegaHttpClient] 📡 POST https://zdk8budo.pegaacademy.net/prweb/api/CodeIntelligence/v1/rules/query?pxObjClass=Rule-HTML-Section&appliesTo=Rule-Connect-Atom&pyRuleName=pzRuleFormToolbarCompare&RequestClass=Rule-HTML-Section&RequestAppliesTo=Rule-Connect-Atom&RequestRuleName=pzRuleFormToolbarCompare Payload: "{\"RequestClass\":\"Rule-HTML-Section\",\"RequestAppliesTo\":\"Rule-Connect-Atom\",\"RequestRuleName\":\"pzRuleFormToolbarCompare\"}" => HTTP 200 (61925 bytes)
[PegaHttpClient] 📡 POST https://zdk8budo.pegaacademy.net/prweb/api/CodeIntelligence/v1/rules/query?pxObjClass=Rule-HTML-Section&appliesTo=Rule-Connect-Atom&pyRuleName=RuleFormHeaderMessages&RequestClass=Rule-HTML-Section&RequestAppliesTo=Rule-Connect-Atom&RequestRuleName=RuleFormHeaderMessages Payload: "{\"RequestClass\":\"Rule-HTML-Section\",\"RequestAppliesTo\":\"Rule-Connect-Atom\",\"RequestRuleName\":\"RuleFormHeaderMessages\"}" => HTTP 200 (26518 bytes)
[PegaHttpClient] 📡 POST https://zdk8budo.pegaacademy.net/prweb/api/CodeIntelligence/v1/rules/query?pxObjClass=Rule-HTML-Section&appliesTo=Rule-Connect-Atom&pyRuleName=pzAlternateRuleInfo&RequestClass=Rule-HTML-Section&RequestAppliesTo=Rule-Connect-Atom&RequestRuleName=pzAlternateRuleInfo Payload: "{\"RequestClass\":\"Rule-HTML-Section\",\"RequestAppliesTo\":\"Rule-Connect-Atom\",\"RequestRuleName\":\"pzAlternateRuleInfo\"}" => HTTP 200 (140407 bytes)
[PegaHttpClient] 📡 POST https://zdk8budo.pegaacademy.net/prweb/api/CodeIntelligence/v1/rules/query?pxObjClass=Rule-HTML-Section&appliesTo=Rule-Connect-Atom&pyRuleName=RuleFormHistory_Description&RequestClass=Rule-HTML-Section&RequestAppliesTo=Rule-Connect-Atom&RequestRuleName=RuleFormHistory_Description Payload: "{\"RequestClass\":\"Rule-HTML-Section\",\"RequestAppliesTo\":\"Rule-Connect-Atom\",\"RequestRuleName\":\"RuleFormHistory_Description\"}" => HTTP 200 (46242 bytes)
[PegaHttpClient] 📡 POST https://zdk8budo.pegaacademy.net/prweb/api/CodeIntelligence/v1/rules/query?pxObjClass=Rule-HTML-Section&appliesTo=Rule-Connect-Atom&pyRuleName=RuleFormHistory_CustomFields&RequestClass=Rule-HTML-Section&RequestAppliesTo=Rule-Connect-Atom&RequestRuleName=RuleFormHistory_CustomFields Payload: "{\"RequestClass\":\"Rule-HTML-Section\",\"RequestAppliesTo\":\"Rule-Connect-Atom\",\"RequestRuleName\":\"RuleFormHistory_CustomFields\"}" => HTTP 200 (75856 bytes)
[PegaHttpClient] 📡 POST https://zdk8budo.pegaacademy.net/prweb/api/CodeIntelligence/v1/rules/query?pxObjClass=Rule-HTML-Section&appliesTo=Rule-Connect-Atom&pyRuleName=RuleFormHistory_HistoryDetails&RequestClass=Rule-HTML-Section&RequestAppliesTo=Rule-Connect-Atom&RequestRuleName=RuleFormHistory_HistoryDetails Payload: "{\"RequestClass\":\"Rule-HTML-Section\",\"RequestAppliesTo\":\"Rule-Connect-Atom\",\"RequestRuleName\":\"RuleFormHistory_HistoryDetails\"}" => HTTP 200 (179535 bytes)
[PegaHttpClient] 📡 POST https://zdk8budo.pegaacademy.net/prweb/api/CodeIntelligence/v1/rules/query?pxObjClass=Rule-HTML-Section&appliesTo=Rule-Connect-Atom&pyRuleName=pzRuleFormStatus&RequestClass=Rule-HTML-Section&RequestAppliesTo=Rule-Connect-Atom&RequestRuleName=pzRuleFormStatus Payload: "{\"RequestClass\":\"Rule-HTML-Section\",\"RequestAppliesTo\":\"Rule-Connect-Atom\",\"RequestRuleName\":\"pzRuleFormStatus\"}" => HTTP 200 (97627 bytes)
[PegaHttpClient] 📡 POST https://zdk8budo.pegaacademy.net/prweb/api/CodeIntelligence/v1/rules/query?pxObjClass=Rule-HTML-Section&appliesTo=Rule-Connect-Atom&pyRuleName=pzRuleFormHeaderCompareWithDropDown&RequestClass=Rule-HTML-Section&RequestAppliesTo=Rule-Connect-Atom&RequestRuleName=pzRuleFormHeaderCompareWithDropDown Payload: "{\"RequestClass\":\"Rule-HTML-Section\",\"RequestAppliesTo\":\"Rule-Connect-Atom\",\"RequestRuleName\":\"pzRuleFormHeaderCompareWithDropDown\"}" => HTTP 200 (25396 bytes)
[PegaHttpClient] 📡 POST https://zdk8budo.pegaacademy.net/prweb/api/CodeIntelligence/v1/rules/query?pxObjClass=Rule-HTML-Section&appliesTo=Rule-Connect-Atom&pyRuleName=undefined&RequestClass=Rule-HTML-Section&RequestAppliesTo=Rule-Connect-Atom&RequestRuleName=undefined Payload: "{\"RequestClass\":\"Rule-HTML-Section\",\"RequestAppliesTo\":\"Rule-Connect-Atom\",\"RequestRuleName\":\"undefined\"}" => HTTP 404 (104 bytes)
[PegaHttpClient] 📡 POST https://zdk8budo.pegaacademy.net/prweb/PRRestService/CodeIntelligence/v1/rules/query?pxObjClass=Rule-HTML-Section&appliesTo=Rule-Connect-Atom&pyRuleName=undefined&RequestClass=Rule-HTML-Section&RequestAppliesTo=Rule-Connect-Atom&RequestRuleName=undefined Payload: "{\"RequestClass\":\"Rule-HTML-Section\",\"RequestAppliesTo\":\"Rule-Connect-Atom\",\"RequestRuleName\":\"undefined\"}" => HTTP 404 (104 bytes)
[PegaHttpClient] 📡 POST https://zdk8budo.pegaacademy.net/prweb/api/HRAppsV2Service/V1/rules/query?pxObjClass=Rule-HTML-Section&appliesTo=Rule-Connect-Atom&pyRuleName=undefined&RequestClass=Rule-HTML-Section&RequestAppliesTo=Rule-Connect-Atom&RequestRuleName=undefined Payload: "{\"RequestClass\":\"Rule-HTML-Section\",\"RequestAppliesTo\":\"Rule-Connect-Atom\",\"RequestRuleName\":\"undefined\"}" => HTTP 404 (18 bytes)
[PegaHttpClient] 📡 POST https://zdk8budo.pegaacademy.net/prweb/PRRestService/HRAppsV2Service/V1/rules/query?pxObjClass=Rule-HTML-Section&appliesTo=Rule-Connect-Atom&pyRuleName=undefined&RequestClass=Rule-HTML-Section&RequestAppliesTo=Rule-Connect-Atom&RequestRuleName=undefined Payload: "{\"RequestClass\":\"Rule-HTML-Section\",\"RequestAppliesTo\":\"Rule-Connect-Atom\",\"RequestRuleName\":\"undefined\"}" => HTTP 404 (18 bytes)
[PegaHttpClient] 📡 POST https://zdk8budo.pegaacademy.net/prweb/api/HRAppsV2/V1/rules/query?pxObjClass=Rule-HTML-Section&appliesTo=Rule-Connect-Atom&pyRuleName=undefined&RequestClass=Rule-HTML-Section&RequestAppliesTo=Rule-Connect-Atom&RequestRuleName=undefined Payload: "{\"RequestClass\":\"Rule-HTML-Section\",\"RequestAppliesTo\":\"Rule-Connect-Atom\",\"RequestRuleName\":\"undefined\"}" => HTTP 404 (18 bytes)
[PegaHttpClient] 📡 POST https://zdk8budo.pegaacademy.net/prweb/PRRestService/HRAppsV2/V1/rules/query?pxObjClass=Rule-HTML-Section&appliesTo=Rule-Connect-Atom&pyRuleName=undefined&RequestClass=Rule-HTML-Section&RequestAppliesTo=Rule-Connect-Atom&RequestRuleName=undefined Payload: "{\"RequestClass\":\"Rule-HTML-Section\",\"RequestAppliesTo\":\"Rule-Connect-Atom\",\"RequestRuleName\":\"undefined\"}" => HTTP 404 (18 bytes)
[PegaHttpClient] 📡 POST https://zdk8budo.pegaacademy.net/prweb/api/v1/rules/query?pxObjClass=Rule-HTML-Section&appliesTo=Rule-Connect-Atom&pyRuleName=undefined&RequestClass=Rule-HTML-Section&RequestAppliesTo=Rule-Connect-Atom&RequestRuleName=undefined Payload: "{\"RequestClass\":\"Rule-HTML-Section\",\"RequestAppliesTo\":\"Rule-Connect-Atom\",\"RequestRuleName\":\"undefined\"}" => HTTP 404 (18 bytes)
[PegaHttpClient] 📡 POST https://zdk8budo.pegaacademy.net/prweb/PRRestService/v1/rules/query?pxObjClass=Rule-HTML-Section&appliesTo=Rule-Connect-Atom&pyRuleName=undefined&RequestClass=Rule-HTML-Section&RequestAppliesTo=Rule-Connect-Atom&RequestRuleName=undefined Payload: "{\"RequestClass\":\"Rule-HTML-Section\",\"RequestAppliesTo\":\"Rule-Connect-Atom\",\"RequestRuleName\":\"undefined\"}" => HTTP 404 (18 bytes)
[PegaHttpClient] 📡 POST https://zdk8budo.pegaacademy.net/prweb/api/CodeIntelligence/v1/rules/query?pxObjClass=Rule-HTML-Section&appliesTo=Rule-Connect-Atom&pyRuleName=pzRuleFormToolbarHotKeys&RequestClass=Rule-HTML-Section&RequestAppliesTo=Rule-Connect-Atom&RequestRuleName=pzRuleFormToolbarHotKeys Payload: "{\"RequestClass\":\"Rule-HTML-Section\",\"RequestAppliesTo\":\"Rule-Connect-Atom\",\"RequestRuleName\":\"pzRuleFormToolbarHotKeys\"}" => HTTP 200 (85058 bytes)
[PegaHttpClient] 📡 POST https://zdk8budo.pegaacademy.net/prweb/api/CodeIntelligence/v1/rules/query?pxObjClass=Rule-HTML-Section&appliesTo=Rule-Connect-Atom&pyRuleName=pzRuleFormToolbarLockedIcon&RequestClass=Rule-HTML-Section&RequestAppliesTo=Rule-Connect-Atom&RequestRuleName=pzRuleFormToolbarLockedIcon Payload: "{\"RequestClass\":\"Rule-HTML-Section\",\"RequestAppliesTo\":\"Rule-Connect-Atom\",\"RequestRuleName\":\"pzRuleFormToolbarLockedIcon\"}" => HTTP 200 (24898 bytes)
[PegaHttpClient] 📡 POST https://zdk8budo.pegaacademy.net/prweb/api/CodeIntelligence/v1/rules/query?pxObjClass=Rule-HTML-Section&appliesTo=Rule-Connect-Atom&pyRuleName=pzRuleFormToolbarCollaborators&RequestClass=Rule-HTML-Section&RequestAppliesTo=Rule-Connect-Atom&RequestRuleName=pzRuleFormToolbarCollaborators Payload: "{\"RequestClass\":\"Rule-HTML-Section\",\"RequestAppliesTo\":\"Rule-Connect-Atom\",\"RequestRuleName\":\"pzRuleFormToolbarCollaborators\"}" => HTTP 200 (15254 bytes)
[PegaHttpClient] 📡 POST https://zdk8budo.pegaacademy.net/prweb/api/CodeIntelligence/v1/rules/query?pxObjClass=Rule-HTML-Section&appliesTo=Rule-Connect-Atom&pyRuleName=pzRuleFormToolbarSaveAs&RequestClass=Rule-HTML-Section&RequestAppliesTo=Rule-Connect-Atom&RequestRuleName=pzRuleFormToolbarSaveAs Payload: "{\"RequestClass\":\"Rule-HTML-Section\",\"RequestAppliesTo\":\"Rule-Connect-Atom\",\"RequestRuleName\":\"pzRuleFormToolbarSaveAs\"}" => HTTP 200 (64084 bytes)
[PegaHttpClient] 📡 POST https://zdk8budo.pegaacademy.net/prweb/api/CodeIntelligence/v1/rules/query?pxObjClass=Rule-HTML-Section&appliesTo=Rule-Connect-Atom&pyRuleName=pzRuleFormToolbarCheckin&RequestClass=Rule-HTML-Section&RequestAppliesTo=Rule-Connect-Atom&RequestRuleName=pzRuleFormToolbarCheckin Payload: "{\"RequestClass\":\"Rule-HTML-Section\",\"RequestAppliesTo\":\"Rule-Connect-Atom\",\"RequestRuleName\":\"pzRuleFormToolbarCheckin\"}" => HTTP 200 (119096 bytes)
[PegaHttpClient] 📡 POST https://zdk8budo.pegaacademy.net/prweb/api/CodeIntelligence/v1/rules/query?pxObjClass=Rule-HTML-Section&appliesTo=Rule-Connect-Atom&pyRuleName=pzRuleFormToolbarDelete&RequestClass=Rule-HTML-Section&RequestAppliesTo=Rule-Connect-Atom&RequestRuleName=pzRuleFormToolbarDelete Payload: "{\"RequestClass\":\"Rule-HTML-Section\",\"RequestAppliesTo\":\"Rule-Connect-Atom\",\"RequestRuleName\":\"pzRuleFormToolbarDelete\"}" => HTTP 200 (30249 bytes)
[PegaHttpClient] 📡 POST https://zdk8budo.pegaacademy.net/prweb/api/CodeIntelligence/v1/rules/query?pxObjClass=Rule-HTML-Section&appliesTo=Rule-Connect-Atom&pyRuleName=pzRuleFormToolbarSave&RequestClass=Rule-HTML-Section&RequestAppliesTo=Rule-Connect-Atom&RequestRuleName=pzRuleFormToolbarSave Payload: "{\"RequestClass\":\"Rule-HTML-Section\",\"RequestAppliesTo\":\"Rule-Connect-Atom\",\"RequestRuleName\":\"pzRuleFormToolbarSave\"}" => HTTP 200 (293885 bytes)
[PegaHttpClient] 📡 POST https://zdk8budo.pegaacademy.net/prweb/api/CodeIntelligence/v1/rules/query?pxObjClass=Rule-HTML-Section&appliesTo=Rule-Connect-Atom&pyRuleName=pzRuleFormToolbarCheckout&RequestClass=Rule-HTML-Section&RequestAppliesTo=Rule-Connect-Atom&RequestRuleName=pzRuleFormToolbarCheckout Payload: "{\"RequestClass\":\"Rule-HTML-Section\",\"RequestAppliesTo\":\"Rule-Connect-Atom\",\"RequestRuleName\":\"pzRuleFormToolbarCheckout\"}" => HTTP 200 (238148 bytes)
[PegaHttpClient] 📡 POST https://zdk8budo.pegaacademy.net/prweb/api/CodeIntelligence/v1/rules/query?pxObjClass=Rule-HTML-Section&appliesTo=Rule-Connect-Atom&pyRuleName=pzRemoveErrorsDataPage&RequestClass=Rule-HTML-Section&RequestAppliesTo=Rule-Connect-Atom&RequestRuleName=pzRemoveErrorsDataPage Payload: "{\"RequestClass\":\"Rule-HTML-Section\",\"RequestAppliesTo\":\"Rule-Connect-Atom\",\"RequestRuleName\":\"pzRemoveErrorsDataPage\"}" => HTTP 200 (16733 bytes)
[PegaHttpClient] 📡 POST https://zdk8budo.pegaacademy.net/prweb/api/CodeIntelligence/v1/rules/query?pxObjClass=Rule-HTML-Section&appliesTo=Rule-Connect-Atom&pyRuleName=pzRuleFormHeaderMessagesWrapper&RequestClass=Rule-HTML-Section&RequestAppliesTo=Rule-Connect-Atom&RequestRuleName=pzRuleFormHeaderMessagesWrapper Payload: "{\"RequestClass\":\"Rule-HTML-Section\",\"RequestAppliesTo\":\"Rule-Connect-Atom\",\"RequestRuleName\":\"pzRuleFormHeaderMessagesWrapper\"}" => HTTP 200 (16981 bytes)
[PegaHttpClient] 📡 POST https://zdk8budo.pegaacademy.net/prweb/api/CodeIntelligence/v1/rules/query?pxObjClass=Rule-HTML-Section&appliesTo=Rule-Connect-Atom&pyRuleName=pzScm_RuleHistory&RequestClass=Rule-HTML-Section&RequestAppliesTo=Rule-Connect-Atom&RequestRuleName=pzScm_RuleHistory Payload: "{\"RequestClass\":\"Rule-HTML-Section\",\"RequestAppliesTo\":\"Rule-Connect-Atom\",\"RequestRuleName\":\"pzScm_RuleHistory\"}" => HTTP 200 (14682 bytes)
[PegaHttpClient] 📡 POST https://zdk8budo.pegaacademy.net/prweb/api/CodeIntelligence/v1/rules/query?pxObjClass=Rule-HTML-Section&appliesTo=Rule-Connect-Atom&pyRuleName=pxDisplayCollaborators&RequestClass=Rule-HTML-Section&RequestAppliesTo=Rule-Connect-Atom&RequestRuleName=pxDisplayCollaborators Payload: "{\"RequestClass\":\"Rule-HTML-Section\",\"RequestAppliesTo\":\"Rule-Connect-Atom\",\"RequestRuleName\":\"pxDisplayCollaborators\"}" => HTTP 200 (94171 bytes)
[PegaHttpClient] 📡 POST https://zdk8budo.pegaacademy.net/prweb/api/CodeIntelligence/v1/rules/query?pxObjClass=Rule-HTML-Section&appliesTo=Rule-Connect-Atom&pyRuleName=pzRuleFormToolbarDeleteCheckOut&RequestClass=Rule-HTML-Section&RequestAppliesTo=Rule-Connect-Atom&RequestRuleName=pzRuleFormToolbarDeleteCheckOut Payload: "{\"RequestClass\":\"Rule-HTML-Section\",\"RequestAppliesTo\":\"Rule-Connect-Atom\",\"RequestRuleName\":\"pzRuleFormToolbarDeleteCheckOut\"}" => HTTP 200 (29433 bytes)
[PegaHttpClient] 📡 POST https://zdk8budo.pegaacademy.net/prweb/api/CodeIntelligence/v1/rules/query?pxObjClass=Rule-HTML-Section&appliesTo=Rule-Connect-Atom&pyRuleName=pzRuleFormToolbarDeleteRule&RequestClass=Rule-HTML-Section&RequestAppliesTo=Rule-Connect-Atom&RequestRuleName=pzRuleFormToolbarDeleteRule Payload: "{\"RequestClass\":\"Rule-HTML-Section\",\"RequestAppliesTo\":\"Rule-Connect-Atom\",\"RequestRuleName\":\"pzRuleFormToolbarDeleteRule\"}" => HTTP 200 (32314 bytes)
[PegaHttpClient] 📡 POST https://zdk8budo.pegaacademy.net/prweb/api/CodeIntelligence/v1/rules/query?pxObjClass=Rule-HTML-Section&appliesTo=Rule-Connect-Atom&pyRuleName=pzLoadCollaborationScripts&RequestClass=Rule-HTML-Section&RequestAppliesTo=Rule-Connect-Atom&RequestRuleName=pzLoadCollaborationScripts Payload: "{\"RequestClass\":\"Rule-HTML-Section\",\"RequestAppliesTo\":\"Rule-Connect-Atom\",\"RequestRuleName\":\"pzLoadCollaborationScripts\"}" => HTTP 200 (23453 bytes)
[PegaHttpClient] 📡 POST https://zdk8budo.pegaacademy.net/prweb/api/CodeIntelligence/v1/rules/query?pxObjClass=Rule-HTML-Section&appliesTo=Rule-Connect-Atom&pyRuleName=pzDisplayCollaboratorsList&RequestClass=Rule-HTML-Section&RequestAppliesTo=Rule-Connect-Atom&RequestRuleName=pzDisplayCollaboratorsList Payload: "{\"RequestClass\":\"Rule-HTML-Section\",\"RequestAppliesTo\":\"Rule-Connect-Atom\",\"RequestRuleName\":\"pzDisplayCollaboratorsList\"}" => HTTP 200 (105418 bytes)
[PegaHttpClient] 📡 POST https://zdk8budo.pegaacademy.net/prweb/api/CodeIntelligence/v1/rules/query?pxObjClass=Rule-HTML-Section&appliesTo=Rule-Connect-Atom&pyRuleName=pyCollaborator&RequestClass=Rule-HTML-Section&RequestAppliesTo=Rule-Connect-Atom&RequestRuleName=pyCollaborator Payload: "{\"RequestClass\":\"Rule-HTML-Section\",\"RequestAppliesTo\":\"Rule-Connect-Atom\",\"RequestRuleName\":\"pyCollaborator\"}" => HTTP 404 (109 bytes)
[PegaHttpClient] 📡 POST https://zdk8budo.pegaacademy.net/prweb/PRRestService/CodeIntelligence/v1/rules/query?pxObjClass=Rule-HTML-Section&appliesTo=Rule-Connect-Atom&pyRuleName=pyCollaborator&RequestClass=Rule-HTML-Section&RequestAppliesTo=Rule-Connect-Atom&RequestRuleName=pyCollaborator Payload: "{\"RequestClass\":\"Rule-HTML-Section\",\"RequestAppliesTo\":\"Rule-Connect-Atom\",\"RequestRuleName\":\"pyCollaborator\"}" => HTTP 404 (109 bytes)
[PegaHttpClient] 📡 POST https://zdk8budo.pegaacademy.net/prweb/api/HRAppsV2Service/V1/rules/query?pxObjClass=Rule-HTML-Section&appliesTo=Rule-Connect-Atom&pyRuleName=pyCollaborator&RequestClass=Rule-HTML-Section&RequestAppliesTo=Rule-Connect-Atom&RequestRuleName=pyCollaborator Payload: "{\"RequestClass\":\"Rule-HTML-Section\",\"RequestAppliesTo\":\"Rule-Connect-Atom\",\"RequestRuleName\":\"pyCollaborator\"}" => HTTP 404 (18 bytes)
[PegaHttpClient] 📡 POST https://zdk8budo.pegaacademy.net/prweb/PRRestService/HRAppsV2Service/V1/rules/query?pxObjClass=Rule-HTML-Section&appliesTo=Rule-Connect-Atom&pyRuleName=pyCollaborator&RequestClass=Rule-HTML-Section&RequestAppliesTo=Rule-Connect-Atom&RequestRuleName=pyCollaborator Payload: "{\"RequestClass\":\"Rule-HTML-Section\",\"RequestAppliesTo\":\"Rule-Connect-Atom\",\"RequestRuleName\":\"pyCollaborator\"}" => HTTP 404 (18 bytes)
[PegaHttpClient] 📡 POST https://zdk8budo.pegaacademy.net/prweb/api/HRAppsV2/V1/rules/query?pxObjClass=Rule-HTML-Section&appliesTo=Rule-Connect-Atom&pyRuleName=pyCollaborator&RequestClass=Rule-HTML-Section&RequestAppliesTo=Rule-Connect-Atom&RequestRuleName=pyCollaborator Payload: "{\"RequestClass\":\"Rule-HTML-Section\",\"RequestAppliesTo\":\"Rule-Connect-Atom\",\"RequestRuleName\":\"pyCollaborator\"}" => HTTP 404 (18 bytes)
[PegaHttpClient] 📡 POST https://zdk8budo.pegaacademy.net/prweb/PRRestService/HRAppsV2/V1/rules/query?pxObjClass=Rule-HTML-Section&appliesTo=Rule-Connect-Atom&pyRuleName=pyCollaborator&RequestClass=Rule-HTML-Section&RequestAppliesTo=Rule-Connect-Atom&RequestRuleName=pyCollaborator Payload: "{\"RequestClass\":\"Rule-HTML-Section\",\"RequestAppliesTo\":\"Rule-Connect-Atom\",\"RequestRuleName\":\"pyCollaborator\"}" => HTTP 404 (18 bytes)
[PegaHttpClient] 📡 POST https://zdk8budo.pegaacademy.net/prweb/api/v1/rules/query?pxObjClass=Rule-HTML-Section&appliesTo=Rule-Connect-Atom&pyRuleName=pyCollaborator&RequestClass=Rule-HTML-Section&RequestAppliesTo=Rule-Connect-Atom&RequestRuleName=pyCollaborator Payload: "{\"RequestClass\":\"Rule-HTML-Section\",\"RequestAppliesTo\":\"Rule-Connect-Atom\",\"RequestRuleName\":\"pyCollaborator\"}" => HTTP 404 (18 bytes)
[PegaHttpClient] 📡 POST https://zdk8budo.pegaacademy.net/prweb/PRRestService/v1/rules/query?pxObjClass=Rule-HTML-Section&appliesTo=Rule-Connect-Atom&pyRuleName=pyCollaborator&RequestClass=Rule-HTML-Section&RequestAppliesTo=Rule-Connect-Atom&RequestRuleName=pyCollaborator Payload: "{\"RequestClass\":\"Rule-HTML-Section\",\"RequestAppliesTo\":\"Rule-Connect-Atom\",\"RequestRuleName\":\"pyCollaborator\"}" => HTTP 404 (18 bytes)
[PegaHttpClient] 📡 POST https://zdk8budo.pegaacademy.net/prweb/api/CodeIntelligence/v1/rules/query?pxObjClass=Rule-HTML-Section&appliesTo=Rule-Connect-Atom&pyRuleName=pzDisplayPartialCount&RequestClass=Rule-HTML-Section&RequestAppliesTo=Rule-Connect-Atom&RequestRuleName=pzDisplayPartialCount Payload: "{\"RequestClass\":\"Rule-HTML-Section\",\"RequestAppliesTo\":\"Rule-Connect-Atom\",\"RequestRuleName\":\"pzDisplayPartialCount\"}" => HTTP 404 (116 bytes)
[PegaHttpClient] 📡 POST https://zdk8budo.pegaacademy.net/prweb/PRRestService/CodeIntelligence/v1/rules/query?pxObjClass=Rule-HTML-Section&appliesTo=Rule-Connect-Atom&pyRuleName=pzDisplayPartialCount&RequestClass=Rule-HTML-Section&RequestAppliesTo=Rule-Connect-Atom&RequestRuleName=pzDisplayPartialCount Payload: "{\"RequestClass\":\"Rule-HTML-Section\",\"RequestAppliesTo\":\"Rule-Connect-Atom\",\"RequestRuleName\":\"pzDisplayPartialCount\"}" => HTTP 404 (116 bytes)
[PegaHttpClient] 📡 POST https://zdk8budo.pegaacademy.net/prweb/api/HRAppsV2Service/V1/rules/query?pxObjClass=Rule-HTML-Section&appliesTo=Rule-Connect-Atom&pyRuleName=pzDisplayPartialCount&RequestClass=Rule-HTML-Section&RequestAppliesTo=Rule-Connect-Atom&RequestRuleName=pzDisplayPartialCount Payload: "{\"RequestClass\":\"Rule-HTML-Section\",\"RequestAppliesTo\":\"Rule-Connect-Atom\",\"RequestRuleName\":\"pzDisplayPartialCount\"}" => HTTP 404 (18 bytes)
[PegaHttpClient] 📡 POST https://zdk8budo.pegaacademy.net/prweb/PRRestService/HRAppsV2Service/V1/rules/query?pxObjClass=Rule-HTML-Section&appliesTo=Rule-Connect-Atom&pyRuleName=pzDisplayPartialCount&RequestClass=Rule-HTML-Section&RequestAppliesTo=Rule-Connect-Atom&RequestRuleName=pzDisplayPartialCount Payload: "{\"RequestClass\":\"Rule-HTML-Section\",\"RequestAppliesTo\":\"Rule-Connect-Atom\",\"RequestRuleName\":\"pzDisplayPartialCount\"}" => HTTP 404 (18 bytes)
[PegaHttpClient] 📡 POST https://zdk8budo.pegaacademy.net/prweb/api/HRAppsV2/V1/rules/query?pxObjClass=Rule-HTML-Section&appliesTo=Rule-Connect-Atom&pyRuleName=pzDisplayPartialCount&RequestClass=Rule-HTML-Section&RequestAppliesTo=Rule-Connect-Atom&RequestRuleName=pzDisplayPartialCount Payload: "{\"RequestClass\":\"Rule-HTML-Section\",\"RequestAppliesTo\":\"Rule-Connect-Atom\",\"RequestRuleName\":\"pzDisplayPartialCount\"}" => HTTP 404 (18 bytes)
[PegaHttpClient] 📡 POST https://zdk8budo.pegaacademy.net/prweb/PRRestService/HRAppsV2/V1/rules/query?pxObjClass=Rule-HTML-Section&appliesTo=Rule-Connect-Atom&pyRuleName=pzDisplayPartialCount&RequestClass=Rule-HTML-Section&RequestAppliesTo=Rule-Connect-Atom&RequestRuleName=pzDisplayPartialCount Payload: "{\"RequestClass\":\"Rule-HTML-Section\",\"RequestAppliesTo\":\"Rule-Connect-Atom\",\"RequestRuleName\":\"pzDisplayPartialCount\"}" => HTTP 404 (18 bytes)
[PegaHttpClient] 📡 POST https://zdk8budo.pegaacademy.net/prweb/api/v1/rules/query?pxObjClass=Rule-HTML-Section&appliesTo=Rule-Connect-Atom&pyRuleName=pzDisplayPartialCount&RequestClass=Rule-HTML-Section&RequestAppliesTo=Rule-Connect-Atom&RequestRuleName=pzDisplayPartialCount Payload: "{\"RequestClass\":\"Rule-HTML-Section\",\"RequestAppliesTo\":\"Rule-Connect-Atom\",\"RequestRuleName\":\"pzDisplayPartialCount\"}" => HTTP 404 (18 bytes)
[PegaHttpClient] 📡 POST https://zdk8budo.pegaacademy.net/prweb/PRRestService/v1/rules/query?pxObjClass=Rule-HTML-Section&appliesTo=Rule-Connect-Atom&pyRuleName=pzDisplayPartialCount&RequestClass=Rule-HTML-Section&RequestAppliesTo=Rule-Connect-Atom&RequestRuleName=pzDisplayPartialCount Payload: "{\"RequestClass\":\"Rule-HTML-Section\",\"RequestAppliesTo\":\"Rule-Connect-Atom\",\"RequestRuleName\":\"pzDisplayPartialCount\"}" => HTTP 404 (18 bytes)
[SchemaGen] ✅ Schema written for Rule-Connect-Atom
[PegaHttpClient] 📡 GET https://zdk8budo.pegaacademy.net/prweb/api/CodeIntelligence/v1/rules/RULE-HTML-HARNESS%20DATA-ADMIN-WEBSERVICES-POLICY%20RULEFORM%20%2320180713T135820.605%20GMT => HTTP 200 (34728 bytes)
[PegaHttpClient] 📡 POST https://zdk8budo.pegaacademy.net/prweb/api/CodeIntelligence/v1/rules/query?pxObjClass=Rule-HTML-Section&appliesTo=Data-Admin-WebServices-Policy&pyRuleName=RuleFormMain&RequestClass=Rule-HTML-Section&RequestAppliesTo=Data-Admin-WebServices-Policy&RequestRuleName=RuleFormMain Payload: "{\"RequestClass\":\"Rule-HTML-Section\",\"RequestAppliesTo\":\"Data-Admin-WebServices-Policy\",\"RequestRuleName\":\"RuleFormMain\"}" => HTTP 200 (156234 bytes)
[PegaHttpClient] 📡 POST https://zdk8budo.pegaacademy.net/prweb/api/CodeIntelligence/v1/rules/query?pxObjClass=Rule-HTML-Section&appliesTo=Data-Admin-WebServices-Policy&pyRuleName=pxAlternateRuleForm&RequestClass=Rule-HTML-Section&RequestAppliesTo=Data-Admin-WebServices-Policy&RequestRuleName=pxAlternateRuleForm Payload: "{\"RequestClass\":\"Rule-HTML-Section\",\"RequestAppliesTo\":\"Data-Admin-WebServices-Policy\",\"RequestRuleName\":\"pxAlternateRuleForm\"}" => HTTP 200 (66153 bytes)
[PegaHttpClient] 📡 POST https://zdk8budo.pegaacademy.net/prweb/api/CodeIntelligence/v1/rules/query?pxObjClass=Rule-HTML-Section&appliesTo=Data-Admin-WebServices-Policy&pyRuleName=pzRuleFormScripts&RequestClass=Rule-HTML-Section&RequestAppliesTo=Data-Admin-WebServices-Policy&RequestRuleName=pzRuleFormScripts Payload: "{\"RequestClass\":\"Rule-HTML-Section\",\"RequestAppliesTo\":\"Data-Admin-WebServices-Policy\",\"RequestRuleName\":\"pzRuleFormScripts\"}" => HTTP 200 (40822 bytes)
[PegaHttpClient] 📡 POST https://zdk8budo.pegaacademy.net/prweb/api/CodeIntelligence/v1/rules/query?pxObjClass=Rule-HTML-Section&appliesTo=Data-Admin-WebServices-Policy&pyRuleName=pzRuleFormLayoutDelegated&RequestClass=Rule-HTML-Section&RequestAppliesTo=Data-Admin-WebServices-Policy&RequestRuleName=pzRuleFormLayoutDelegated Payload: "{\"RequestClass\":\"Rule-HTML-Section\",\"RequestAppliesTo\":\"Data-Admin-WebServices-Policy\",\"RequestRuleName\":\"pzRuleFormLayoutDelegated\"}" => HTTP 200 (70998 bytes)
[PegaHttpClient] 📡 POST https://zdk8budo.pegaacademy.net/prweb/api/CodeIntelligence/v1/rules/query?pxObjClass=Rule-HTML-Section&appliesTo=Data-Admin-WebServices-Policy&pyRuleName=RuleFormLayout&RequestClass=Rule-HTML-Section&RequestAppliesTo=Data-Admin-WebServices-Policy&RequestRuleName=RuleFormLayout Payload: "{\"RequestClass\":\"Rule-HTML-Section\",\"RequestAppliesTo\":\"Data-Admin-WebServices-Policy\",\"RequestRuleName\":\"RuleFormLayout\"}" => HTTP 200 (86808 bytes)
[PegaHttpClient] 📡 POST https://zdk8budo.pegaacademy.net/prweb/api/CodeIntelligence/v1/rules/query?pxObjClass=Rule-HTML-Section&appliesTo=Data-Admin-WebServices-Policy&pyRuleName=RuleFormSettings&RequestClass=Rule-HTML-Section&RequestAppliesTo=Data-Admin-WebServices-Policy&RequestRuleName=RuleFormSettings Payload: "{\"RequestClass\":\"Rule-HTML-Section\",\"RequestAppliesTo\":\"Data-Admin-WebServices-Policy\",\"RequestRuleName\":\"RuleFormSettings\"}" => HTTP 200 (21582 bytes)
[PegaHttpClient] 📡 POST https://zdk8budo.pegaacademy.net/prweb/api/CodeIntelligence/v1/rules/query?pxObjClass=Rule-HTML-Section&appliesTo=Data-Admin-WebServices-Policy&pyRuleName=OpenAuthoring&RequestClass=Rule-HTML-Section&RequestAppliesTo=Data-Admin-WebServices-Policy&RequestRuleName=OpenAuthoring Payload: "{\"RequestClass\":\"Rule-HTML-Section\",\"RequestAppliesTo\":\"Data-Admin-WebServices-Policy\",\"RequestRuleName\":\"OpenAuthoring\"}" => HTTP 200 (20315 bytes)
[PegaHttpClient] 📡 POST https://zdk8budo.pegaacademy.net/prweb/api/CodeIntelligence/v1/rules/query?pxObjClass=Rule-HTML-Section&appliesTo=Data-Admin-WebServices-Policy&pyRuleName=pyCustomHelp&RequestClass=Rule-HTML-Section&RequestAppliesTo=Data-Admin-WebServices-Policy&RequestRuleName=pyCustomHelp Payload: "{\"RequestClass\":\"Rule-HTML-Section\",\"RequestAppliesTo\":\"Data-Admin-WebServices-Policy\",\"RequestRuleName\":\"pyCustomHelp\"}" => HTTP 200 (17256 bytes)
[PegaHttpClient] 📡 POST https://zdk8budo.pegaacademy.net/prweb/api/CodeIntelligence/v1/rules/query?pxObjClass=Rule-HTML-Section&appliesTo=Data-Admin-WebServices-Policy&pyRuleName=pzRuleformMainInclude&RequestClass=Rule-HTML-Section&RequestAppliesTo=Data-Admin-WebServices-Policy&RequestRuleName=pzRuleformMainInclude Payload: "{\"RequestClass\":\"Rule-HTML-Section\",\"RequestAppliesTo\":\"Data-Admin-WebServices-Policy\",\"RequestRuleName\":\"pzRuleformMainInclude\"}" => HTTP 200 (22375 bytes)
[PegaHttpClient] 📡 POST https://zdk8budo.pegaacademy.net/prweb/api/CodeIntelligence/v1/rules/query?pxObjClass=Rule-HTML-Section&appliesTo=Data-Admin-WebServices-Policy&pyRuleName=pyAlternativeRuleFormStrategicAppExtension&RequestClass=Rule-HTML-Section&RequestAppliesTo=Data-Admin-WebServices-Policy&RequestRuleName=pyAlternativeRuleFormStrategicAppExtension Payload: "{\"RequestClass\":\"Rule-HTML-Section\",\"RequestAppliesTo\":\"Data-Admin-WebServices-Policy\",\"RequestRuleName\":\"pyAlternativeRuleFormStrategicAppExtension\"}" => HTTP 200 (25042 bytes)
[PegaHttpClient] 📡 POST https://zdk8budo.pegaacademy.net/prweb/api/CodeIntelligence/v1/rules/query?pxObjClass=Rule-HTML-Section&appliesTo=Data-Admin-WebServices-Policy&pyRuleName=pyAlternativeRuleFormExtension&RequestClass=Rule-HTML-Section&RequestAppliesTo=Data-Admin-WebServices-Policy&RequestRuleName=pyAlternativeRuleFormExtension Payload: "{\"RequestClass\":\"Rule-HTML-Section\",\"RequestAppliesTo\":\"Data-Admin-WebServices-Policy\",\"RequestRuleName\":\"pyAlternativeRuleFormExtension\"}" => HTTP 200 (24863 bytes)
[PegaHttpClient] 📡 POST https://zdk8budo.pegaacademy.net/prweb/api/CodeIntelligence/v1/rules/query?pxObjClass=Rule-HTML-Section&appliesTo=Data-Admin-WebServices-Policy&pyRuleName=RuleFormHeader&RequestClass=Rule-HTML-Section&RequestAppliesTo=Data-Admin-WebServices-Policy&RequestRuleName=RuleFormHeader Payload: "{\"RequestClass\":\"Rule-HTML-Section\",\"RequestAppliesTo\":\"Data-Admin-WebServices-Policy\",\"RequestRuleName\":\"RuleFormHeader\"}" => HTTP 200 (183800 bytes)
[PegaHttpClient] 📡 POST https://zdk8budo.pegaacademy.net/prweb/api/CodeIntelligence/v1/rules/query?pxObjClass=Rule-HTML-Section&appliesTo=Data-Admin-WebServices-Policy&pyRuleName=pzDelegationExperience&RequestClass=Rule-HTML-Section&RequestAppliesTo=Data-Admin-WebServices-Policy&RequestRuleName=pzDelegationExperience Payload: "{\"RequestClass\":\"Rule-HTML-Section\",\"RequestAppliesTo\":\"Data-Admin-WebServices-Policy\",\"RequestRuleName\":\"pzDelegationExperience\"}" => HTTP 404 (129 bytes)
[PegaHttpClient] 📡 POST https://zdk8budo.pegaacademy.net/prweb/PRRestService/CodeIntelligence/v1/rules/query?pxObjClass=Rule-HTML-Section&appliesTo=Data-Admin-WebServices-Policy&pyRuleName=pzDelegationExperience&RequestClass=Rule-HTML-Section&RequestAppliesTo=Data-Admin-WebServices-Policy&RequestRuleName=pzDelegationExperience Payload: "{\"RequestClass\":\"Rule-HTML-Section\",\"RequestAppliesTo\":\"Data-Admin-WebServices-Policy\",\"RequestRuleName\":\"pzDelegationExperience\"}" => HTTP 404 (129 bytes)
[PegaHttpClient] 📡 POST https://zdk8budo.pegaacademy.net/prweb/api/HRAppsV2Service/V1/rules/query?pxObjClass=Rule-HTML-Section&appliesTo=Data-Admin-WebServices-Policy&pyRuleName=pzDelegationExperience&RequestClass=Rule-HTML-Section&RequestAppliesTo=Data-Admin-WebServices-Policy&RequestRuleName=pzDelegationExperience Payload: "{\"RequestClass\":\"Rule-HTML-Section\",\"RequestAppliesTo\":\"Data-Admin-WebServices-Policy\",\"RequestRuleName\":\"pzDelegationExperience\"}" => HTTP 404 (18 bytes)
[PegaHttpClient] 📡 POST https://zdk8budo.pegaacademy.net/prweb/PRRestService/HRAppsV2Service/V1/rules/query?pxObjClass=Rule-HTML-Section&appliesTo=Data-Admin-WebServices-Policy&pyRuleName=pzDelegationExperience&RequestClass=Rule-HTML-Section&RequestAppliesTo=Data-Admin-WebServices-Policy&RequestRuleName=pzDelegationExperience Payload: "{\"RequestClass\":\"Rule-HTML-Section\",\"RequestAppliesTo\":\"Data-Admin-WebServices-Policy\",\"RequestRuleName\":\"pzDelegationExperience\"}" => HTTP 404 (18 bytes)
[PegaHttpClient] 📡 POST https://zdk8budo.pegaacademy.net/prweb/api/HRAppsV2/V1/rules/query?pxObjClass=Rule-HTML-Section&appliesTo=Data-Admin-WebServices-Policy&pyRuleName=pzDelegationExperience&RequestClass=Rule-HTML-Section&RequestAppliesTo=Data-Admin-WebServices-Policy&RequestRuleName=pzDelegationExperience Payload: "{\"RequestClass\":\"Rule-HTML-Section\",\"RequestAppliesTo\":\"Data-Admin-WebServices-Policy\",\"RequestRuleName\":\"pzDelegationExperience\"}" => HTTP 404 (18 bytes)
[PegaHttpClient] 📡 POST https://zdk8budo.pegaacademy.net/prweb/PRRestService/HRAppsV2/V1/rules/query?pxObjClass=Rule-HTML-Section&appliesTo=Data-Admin-WebServices-Policy&pyRuleName=pzDelegationExperience&RequestClass=Rule-HTML-Section&RequestAppliesTo=Data-Admin-WebServices-Policy&RequestRuleName=pzDelegationExperience Payload: "{\"RequestClass\":\"Rule-HTML-Section\",\"RequestAppliesTo\":\"Data-Admin-WebServices-Policy\",\"RequestRuleName\":\"pzDelegationExperience\"}" => HTTP 404 (18 bytes)
[PegaHttpClient] 📡 POST https://zdk8budo.pegaacademy.net/prweb/api/v1/rules/query?pxObjClass=Rule-HTML-Section&appliesTo=Data-Admin-WebServices-Policy&pyRuleName=pzDelegationExperience&RequestClass=Rule-HTML-Section&RequestAppliesTo=Data-Admin-WebServices-Policy&RequestRuleName=pzDelegationExperience Payload: "{\"RequestClass\":\"Rule-HTML-Section\",\"RequestAppliesTo\":\"Data-Admin-WebServices-Policy\",\"RequestRuleName\":\"pzDelegationExperience\"}" => HTTP 404 (18 bytes)
[PegaHttpClient] 📡 POST https://zdk8budo.pegaacademy.net/prweb/PRRestService/v1/rules/query?pxObjClass=Rule-HTML-Section&appliesTo=Data-Admin-WebServices-Policy&pyRuleName=pzDelegationExperience&RequestClass=Rule-HTML-Section&RequestAppliesTo=Data-Admin-WebServices-Policy&RequestRuleName=pzDelegationExperience Payload: "{\"RequestClass\":\"Rule-HTML-Section\",\"RequestAppliesTo\":\"Data-Admin-WebServices-Policy\",\"RequestRuleName\":\"pzDelegationExperience\"}" => HTTP 404 (18 bytes)
[PegaHttpClient] 📡 POST https://zdk8budo.pegaacademy.net/prweb/api/CodeIntelligence/v1/rules/query?pxObjClass=Rule-HTML-Section&appliesTo=Data-Admin-WebServices-Policy&pyRuleName=pzMasterPolicySectionLayout&RequestClass=Rule-HTML-Section&RequestAppliesTo=Data-Admin-WebServices-Policy&RequestRuleName=pzMasterPolicySectionLayout Payload: "{\"RequestClass\":\"Rule-HTML-Section\",\"RequestAppliesTo\":\"Data-Admin-WebServices-Policy\",\"RequestRuleName\":\"pzMasterPolicySectionLayout\"}" => HTTP 200 (73862 bytes)
[PegaHttpClient] 📡 POST https://zdk8budo.pegaacademy.net/prweb/api/CodeIntelligence/v1/rules/query?pxObjClass=Rule-HTML-Section&appliesTo=Data-Admin-WebServices-Policy&pyRuleName=Keystore&RequestClass=Rule-HTML-Section&RequestAppliesTo=Data-Admin-WebServices-Policy&RequestRuleName=Keystore Payload: "{\"RequestClass\":\"Rule-HTML-Section\",\"RequestAppliesTo\":\"Data-Admin-WebServices-Policy\",\"RequestRuleName\":\"Keystore\"}" => HTTP 200 (20371 bytes)
[PegaHttpClient] 📡 POST https://zdk8budo.pegaacademy.net/prweb/api/CodeIntelligence/v1/rules/query?pxObjClass=Rule-HTML-Section&appliesTo=Data-Admin-WebServices-Policy&pyRuleName=RuleFormHistory&RequestClass=Rule-HTML-Section&RequestAppliesTo=Data-Admin-WebServices-Policy&RequestRuleName=RuleFormHistory Payload: "{\"RequestClass\":\"Rule-HTML-Section\",\"RequestAppliesTo\":\"Data-Admin-WebServices-Policy\",\"RequestRuleName\":\"RuleFormHistory\"}" => HTTP 200 (18043 bytes)
[PegaHttpClient] 📡 POST https://zdk8budo.pegaacademy.net/prweb/api/CodeIntelligence/v1/rules/query?pxObjClass=Rule-HTML-Section&appliesTo=Data-Admin-WebServices-Policy&pyRuleName=pzCustomHelp&RequestClass=Rule-HTML-Section&RequestAppliesTo=Data-Admin-WebServices-Policy&RequestRuleName=pzCustomHelp Payload: "{\"RequestClass\":\"Rule-HTML-Section\",\"RequestAppliesTo\":\"Data-Admin-WebServices-Policy\",\"RequestRuleName\":\"pzCustomHelp\"}" => HTTP 200 (31573 bytes)
[PegaHttpClient] 📡 POST https://zdk8budo.pegaacademy.net/prweb/api/CodeIntelligence/v1/rules/query?pxObjClass=Rule-HTML-Section&appliesTo=Data-Admin-WebServices-Policy&pyRuleName=pzRuleFormKeysAndDescription&RequestClass=Rule-HTML-Section&RequestAppliesTo=Data-Admin-WebServices-Policy&RequestRuleName=pzRuleFormKeysAndDescription Payload: "{\"RequestClass\":\"Rule-HTML-Section\",\"RequestAppliesTo\":\"Data-Admin-WebServices-Policy\",\"RequestRuleName\":\"pzRuleFormKeysAndDescription\"}" => HTTP 200 (218057 bytes)
[PegaHttpClient] 📡 POST https://zdk8budo.pegaacademy.net/prweb/api/CodeIntelligence/v1/rules/query?pxObjClass=Rule-HTML-Section&appliesTo=Data-Admin-WebServices-Policy&pyRuleName=pzRuleFormRuleset&RequestClass=Rule-HTML-Section&RequestAppliesTo=Data-Admin-WebServices-Policy&RequestRuleName=pzRuleFormRuleset Payload: "{\"RequestClass\":\"Rule-HTML-Section\",\"RequestAppliesTo\":\"Data-Admin-WebServices-Policy\",\"RequestRuleName\":\"pzRuleFormRuleset\"}" => HTTP 200 (29020 bytes)
[PegaHttpClient] 📡 POST https://zdk8budo.pegaacademy.net/prweb/api/CodeIntelligence/v1/rules/query?pxObjClass=Rule-HTML-Section&appliesTo=Data-Admin-WebServices-Policy&pyRuleName=undefined&RequestClass=Rule-HTML-Section&RequestAppliesTo=Data-Admin-WebServices-Policy&RequestRuleName=undefined Payload: "{\"RequestClass\":\"Rule-HTML-Section\",\"RequestAppliesTo\":\"Data-Admin-WebServices-Policy\",\"RequestRuleName\":\"undefined\"}" => HTTP 404 (116 bytes)
[PegaHttpClient] 📡 POST https://zdk8budo.pegaacademy.net/prweb/PRRestService/CodeIntelligence/v1/rules/query?pxObjClass=Rule-HTML-Section&appliesTo=Data-Admin-WebServices-Policy&pyRuleName=undefined&RequestClass=Rule-HTML-Section&RequestAppliesTo=Data-Admin-WebServices-Policy&RequestRuleName=undefined Payload: "{\"RequestClass\":\"Rule-HTML-Section\",\"RequestAppliesTo\":\"Data-Admin-WebServices-Policy\",\"RequestRuleName\":\"undefined\"}" => HTTP 404 (116 bytes)
[PegaHttpClient] 📡 POST https://zdk8budo.pegaacademy.net/prweb/api/HRAppsV2Service/V1/rules/query?pxObjClass=Rule-HTML-Section&appliesTo=Data-Admin-WebServices-Policy&pyRuleName=undefined&RequestClass=Rule-HTML-Section&RequestAppliesTo=Data-Admin-WebServices-Policy&RequestRuleName=undefined Payload: "{\"RequestClass\":\"Rule-HTML-Section\",\"RequestAppliesTo\":\"Data-Admin-WebServices-Policy\",\"RequestRuleName\":\"undefined\"}" => HTTP 404 (18 bytes)
[PegaHttpClient] 📡 POST https://zdk8budo.pegaacademy.net/prweb/PRRestService/HRAppsV2Service/V1/rules/query?pxObjClass=Rule-HTML-Section&appliesTo=Data-Admin-WebServices-Policy&pyRuleName=undefined&RequestClass=Rule-HTML-Section&RequestAppliesTo=Data-Admin-WebServices-Policy&RequestRuleName=undefined Payload: "{\"RequestClass\":\"Rule-HTML-Section\",\"RequestAppliesTo\":\"Data-Admin-WebServices-Policy\",\"RequestRuleName\":\"undefined\"}" => HTTP 404 (18 bytes)
[PegaHttpClient] 📡 POST https://zdk8budo.pegaacademy.net/prweb/api/HRAppsV2/V1/rules/query?pxObjClass=Rule-HTML-Section&appliesTo=Data-Admin-WebServices-Policy&pyRuleName=undefined&RequestClass=Rule-HTML-Section&RequestAppliesTo=Data-Admin-WebServices-Policy&RequestRuleName=undefined Payload: "{\"RequestClass\":\"Rule-HTML-Section\",\"RequestAppliesTo\":\"Data-Admin-WebServices-Policy\",\"RequestRuleName\":\"undefined\"}" => HTTP 404 (18 bytes)
[PegaHttpClient] 📡 POST https://zdk8budo.pegaacademy.net/prweb/PRRestService/HRAppsV2/V1/rules/query?pxObjClass=Rule-HTML-Section&appliesTo=Data-Admin-WebServices-Policy&pyRuleName=undefined&RequestClass=Rule-HTML-Section&RequestAppliesTo=Data-Admin-WebServices-Policy&RequestRuleName=undefined Payload: "{\"RequestClass\":\"Rule-HTML-Section\",\"RequestAppliesTo\":\"Data-Admin-WebServices-Policy\",\"RequestRuleName\":\"undefined\"}" => HTTP 404 (18 bytes)
[PegaHttpClient] 📡 POST https://zdk8budo.pegaacademy.net/prweb/api/v1/rules/query?pxObjClass=Rule-HTML-Section&appliesTo=Data-Admin-WebServices-Policy&pyRuleName=undefined&RequestClass=Rule-HTML-Section&RequestAppliesTo=Data-Admin-WebServices-Policy&RequestRuleName=undefined Payload: "{\"RequestClass\":\"Rule-HTML-Section\",\"RequestAppliesTo\":\"Data-Admin-WebServices-Policy\",\"RequestRuleName\":\"undefined\"}" => HTTP 404 (18 bytes)
[PegaHttpClient] 📡 POST https://zdk8budo.pegaacademy.net/prweb/PRRestService/v1/rules/query?pxObjClass=Rule-HTML-Section&appliesTo=Data-Admin-WebServices-Policy&pyRuleName=undefined&RequestClass=Rule-HTML-Section&RequestAppliesTo=Data-Admin-WebServices-Policy&RequestRuleName=undefined Payload: "{\"RequestClass\":\"Rule-HTML-Section\",\"RequestAppliesTo\":\"Data-Admin-WebServices-Policy\",\"RequestRuleName\":\"undefined\"}" => HTTP 404 (18 bytes)
[PegaHttpClient] 📡 POST https://zdk8budo.pegaacademy.net/prweb/api/CodeIntelligence/v1/rules/query?pxObjClass=Rule-HTML-Section&appliesTo=Data-Admin-WebServices-Policy&pyRuleName=pzRuleFormToolbar&RequestClass=Rule-HTML-Section&RequestAppliesTo=Data-Admin-WebServices-Policy&RequestRuleName=pzRuleFormToolbar Payload: "{\"RequestClass\":\"Rule-HTML-Section\",\"RequestAppliesTo\":\"Data-Admin-WebServices-Policy\",\"RequestRuleName\":\"pzRuleFormToolbar\"}" => HTTP 200 (242691 bytes)
[PegaHttpClient] 📡 POST https://zdk8budo.pegaacademy.net/prweb/api/CodeIntelligence/v1/rules/query?pxObjClass=Rule-HTML-Section&appliesTo=Data-Admin-WebServices-Policy&pyRuleName=pzRuleFormToolbarCompare&RequestClass=Rule-HTML-Section&RequestAppliesTo=Data-Admin-WebServices-Policy&RequestRuleName=pzRuleFormToolbarCompare Payload: "{\"RequestClass\":\"Rule-HTML-Section\",\"RequestAppliesTo\":\"Data-Admin-WebServices-Policy\",\"RequestRuleName\":\"pzRuleFormToolbarCompare\"}" => HTTP 200 (61925 bytes)
[PegaHttpClient] 📡 POST https://zdk8budo.pegaacademy.net/prweb/api/CodeIntelligence/v1/rules/query?pxObjClass=Rule-HTML-Section&appliesTo=Data-Admin-WebServices-Policy&pyRuleName=RuleFormHeaderMessages&RequestClass=Rule-HTML-Section&RequestAppliesTo=Data-Admin-WebServices-Policy&RequestRuleName=RuleFormHeaderMessages Payload: "{\"RequestClass\":\"Rule-HTML-Section\",\"RequestAppliesTo\":\"Data-Admin-WebServices-Policy\",\"RequestRuleName\":\"RuleFormHeaderMessages\"}" => HTTP 200 (26518 bytes)
[PegaHttpClient] 📡 POST https://zdk8budo.pegaacademy.net/prweb/api/CodeIntelligence/v1/rules/query?pxObjClass=Rule-HTML-Section&appliesTo=Data-Admin-WebServices-Policy&pyRuleName=pzPolicySectionLayout&RequestClass=Rule-HTML-Section&RequestAppliesTo=Data-Admin-WebServices-Policy&RequestRuleName=pzPolicySectionLayout Payload: "{\"RequestClass\":\"Rule-HTML-Section\",\"RequestAppliesTo\":\"Data-Admin-WebServices-Policy\",\"RequestRuleName\":\"pzPolicySectionLayout\"}" => HTTP 200 (62299 bytes)
[PegaHttpClient] 📡 POST https://zdk8budo.pegaacademy.net/prweb/api/CodeIntelligence/v1/rules/query?pxObjClass=Rule-HTML-Section&appliesTo=Data-Admin-WebServices-Policy&pyRuleName=pzMessageInputPolicySectionLayout&RequestClass=Rule-HTML-Section&RequestAppliesTo=Data-Admin-WebServices-Policy&RequestRuleName=pzMessageInputPolicySectionLayout Payload: "{\"RequestClass\":\"Rule-HTML-Section\",\"RequestAppliesTo\":\"Data-Admin-WebServices-Policy\",\"RequestRuleName\":\"pzMessageInputPolicySectionLayout\"}" => HTTP 200 (62569 bytes)
[PegaHttpClient] 📡 POST https://zdk8budo.pegaacademy.net/prweb/api/CodeIntelligence/v1/rules/query?pxObjClass=Rule-HTML-Section&appliesTo=Data-Admin-WebServices-Policy&pyRuleName=pzMessageOutputPolicySectionLayout&RequestClass=Rule-HTML-Section&RequestAppliesTo=Data-Admin-WebServices-Policy&RequestRuleName=pzMessageOutputPolicySectionLayout Payload: "{\"RequestClass\":\"Rule-HTML-Section\",\"RequestAppliesTo\":\"Data-Admin-WebServices-Policy\",\"RequestRuleName\":\"pzMessageOutputPolicySectionLayout\"}" => HTTP 200 (62676 bytes)
[PegaHttpClient] 📡 POST https://zdk8budo.pegaacademy.net/prweb/api/CodeIntelligence/v1/rules/query?pxObjClass=Rule-HTML-Section&appliesTo=Data-Admin-WebServices-Policy&pyRuleName=pzRuleFormStatus&RequestClass=Rule-HTML-Section&RequestAppliesTo=Data-Admin-WebServices-Policy&RequestRuleName=pzRuleFormStatus Payload: "{\"RequestClass\":\"Rule-HTML-Section\",\"RequestAppliesTo\":\"Data-Admin-WebServices-Policy\",\"RequestRuleName\":\"pzRuleFormStatus\"}" => HTTP 200 (29579 bytes)
[PegaHttpClient] 📡 POST https://zdk8budo.pegaacademy.net/prweb/api/CodeIntelligence/v1/rules/query?pxObjClass=Rule-HTML-Section&appliesTo=Data-Admin-WebServices-Policy&pyRuleName=pzRuleFormHeaderCompareWithDropDown&RequestClass=Rule-HTML-Section&RequestAppliesTo=Data-Admin-WebServices-Policy&RequestRuleName=pzRuleFormHeaderCompareWithDropDown Payload: "{\"RequestClass\":\"Rule-HTML-Section\",\"RequestAppliesTo\":\"Data-Admin-WebServices-Policy\",\"RequestRuleName\":\"pzRuleFormHeaderCompareWithDropDown\"}" => HTTP 200 (25396 bytes)
[PegaHttpClient] 📡 POST https://zdk8budo.pegaacademy.net/prweb/api/CodeIntelligence/v1/rules/query?pxObjClass=Rule-HTML-Section&appliesTo=Data-Admin-WebServices-Policy&pyRuleName=undefined&RequestClass=Rule-HTML-Section&RequestAppliesTo=Data-Admin-WebServices-Policy&RequestRuleName=undefined Payload: "{\"RequestClass\":\"Rule-HTML-Section\",\"RequestAppliesTo\":\"Data-Admin-WebServices-Policy\",\"RequestRuleName\":\"undefined\"}" => HTTP 404 (116 bytes)
[PegaHttpClient] 📡 POST https://zdk8budo.pegaacademy.net/prweb/PRRestService/CodeIntelligence/v1/rules/query?pxObjClass=Rule-HTML-Section&appliesTo=Data-Admin-WebServices-Policy&pyRuleName=undefined&RequestClass=Rule-HTML-Section&RequestAppliesTo=Data-Admin-WebServices-Policy&RequestRuleName=undefined Payload: "{\"RequestClass\":\"Rule-HTML-Section\",\"RequestAppliesTo\":\"Data-Admin-WebServices-Policy\",\"RequestRuleName\":\"undefined\"}" => HTTP 404 (116 bytes)
[PegaHttpClient] 📡 POST https://zdk8budo.pegaacademy.net/prweb/api/HRAppsV2Service/V1/rules/query?pxObjClass=Rule-HTML-Section&appliesTo=Data-Admin-WebServices-Policy&pyRuleName=undefined&RequestClass=Rule-HTML-Section&RequestAppliesTo=Data-Admin-WebServices-Policy&RequestRuleName=undefined Payload: "{\"RequestClass\":\"Rule-HTML-Section\",\"RequestAppliesTo\":\"Data-Admin-WebServices-Policy\",\"RequestRuleName\":\"undefined\"}" => HTTP 404 (18 bytes)
[PegaHttpClient] 📡 POST https://zdk8budo.pegaacademy.net/prweb/PRRestService/HRAppsV2Service/V1/rules/query?pxObjClass=Rule-HTML-Section&appliesTo=Data-Admin-WebServices-Policy&pyRuleName=undefined&RequestClass=Rule-HTML-Section&RequestAppliesTo=Data-Admin-WebServices-Policy&RequestRuleName=undefined Payload: "{\"RequestClass\":\"Rule-HTML-Section\",\"RequestAppliesTo\":\"Data-Admin-WebServices-Policy\",\"RequestRuleName\":\"undefined\"}" => HTTP 404 (18 bytes)
[PegaHttpClient] 📡 POST https://zdk8budo.pegaacademy.net/prweb/api/HRAppsV2/V1/rules/query?pxObjClass=Rule-HTML-Section&appliesTo=Data-Admin-WebServices-Policy&pyRuleName=undefined&RequestClass=Rule-HTML-Section&RequestAppliesTo=Data-Admin-WebServices-Policy&RequestRuleName=undefined Payload: "{\"RequestClass\":\"Rule-HTML-Section\",\"RequestAppliesTo\":\"Data-Admin-WebServices-Policy\",\"RequestRuleName\":\"undefined\"}" => HTTP 404 (18 bytes)
[PegaHttpClient] 📡 POST https://zdk8budo.pegaacademy.net/prweb/PRRestService/HRAppsV2/V1/rules/query?pxObjClass=Rule-HTML-Section&appliesTo=Data-Admin-WebServices-Policy&pyRuleName=undefined&RequestClass=Rule-HTML-Section&RequestAppliesTo=Data-Admin-WebServices-Policy&RequestRuleName=undefined Payload: "{\"RequestClass\":\"Rule-HTML-Section\",\"RequestAppliesTo\":\"Data-Admin-WebServices-Policy\",\"RequestRuleName\":\"undefined\"}" => HTTP 404 (18 bytes)
[PegaHttpClient] 📡 POST https://zdk8budo.pegaacademy.net/prweb/api/v1/rules/query?pxObjClass=Rule-HTML-Section&appliesTo=Data-Admin-WebServices-Policy&pyRuleName=undefined&RequestClass=Rule-HTML-Section&RequestAppliesTo=Data-Admin-WebServices-Policy&RequestRuleName=undefined Payload: "{\"RequestClass\":\"Rule-HTML-Section\",\"RequestAppliesTo\":\"Data-Admin-WebServices-Policy\",\"RequestRuleName\":\"undefined\"}" => HTTP 404 (18 bytes)
[PegaHttpClient] 📡 POST https://zdk8budo.pegaacademy.net/prweb/PRRestService/v1/rules/query?pxObjClass=Rule-HTML-Section&appliesTo=Data-Admin-WebServices-Policy&pyRuleName=undefined&RequestClass=Rule-HTML-Section&RequestAppliesTo=Data-Admin-WebServices-Policy&RequestRuleName=undefined Payload: "{\"RequestClass\":\"Rule-HTML-Section\",\"RequestAppliesTo\":\"Data-Admin-WebServices-Policy\",\"RequestRuleName\":\"undefined\"}" => HTTP 404 (18 bytes)
[PegaHttpClient] 📡 POST https://zdk8budo.pegaacademy.net/prweb/api/CodeIntelligence/v1/rules/query?pxObjClass=Rule-HTML-Section&appliesTo=Data-Admin-WebServices-Policy&pyRuleName=pzRuleFormToolbarHotKeys&RequestClass=Rule-HTML-Section&RequestAppliesTo=Data-Admin-WebServices-Policy&RequestRuleName=pzRuleFormToolbarHotKeys Payload: "{\"RequestClass\":\"Rule-HTML-Section\",\"RequestAppliesTo\":\"Data-Admin-WebServices-Policy\",\"RequestRuleName\":\"pzRuleFormToolbarHotKeys\"}" => HTTP 200 (85058 bytes)
[PegaHttpClient] 📡 POST https://zdk8budo.pegaacademy.net/prweb/api/CodeIntelligence/v1/rules/query?pxObjClass=Rule-HTML-Section&appliesTo=Data-Admin-WebServices-Policy&pyRuleName=pzRuleFormToolbarLockedIcon&RequestClass=Rule-HTML-Section&RequestAppliesTo=Data-Admin-WebServices-Policy&RequestRuleName=pzRuleFormToolbarLockedIcon Payload: "{\"RequestClass\":\"Rule-HTML-Section\",\"RequestAppliesTo\":\"Data-Admin-WebServices-Policy\",\"RequestRuleName\":\"pzRuleFormToolbarLockedIcon\"}" => HTTP 200 (19111 bytes)
[PegaHttpClient] 📡 POST https://zdk8budo.pegaacademy.net/prweb/api/CodeIntelligence/v1/rules/query?pxObjClass=Rule-HTML-Section&appliesTo=Data-Admin-WebServices-Policy&pyRuleName=pzRuleFormToolbarCollaborators&RequestClass=Rule-HTML-Section&RequestAppliesTo=Data-Admin-WebServices-Policy&RequestRuleName=pzRuleFormToolbarCollaborators Payload: "{\"RequestClass\":\"Rule-HTML-Section\",\"RequestAppliesTo\":\"Data-Admin-WebServices-Policy\",\"RequestRuleName\":\"pzRuleFormToolbarCollaborators\"}" => HTTP 200 (15254 bytes)
[PegaHttpClient] 📡 POST https://zdk8budo.pegaacademy.net/prweb/api/CodeIntelligence/v1/rules/query?pxObjClass=Rule-HTML-Section&appliesTo=Data-Admin-WebServices-Policy&pyRuleName=pzRuleFormToolbarSaveAs&RequestClass=Rule-HTML-Section&RequestAppliesTo=Data-Admin-WebServices-Policy&RequestRuleName=pzRuleFormToolbarSaveAs Payload: "{\"RequestClass\":\"Rule-HTML-Section\",\"RequestAppliesTo\":\"Data-Admin-WebServices-Policy\",\"RequestRuleName\":\"pzRuleFormToolbarSaveAs\"}" => HTTP 200 (64084 bytes)
[PegaHttpClient] 📡 POST https://zdk8budo.pegaacademy.net/prweb/api/CodeIntelligence/v1/rules/query?pxObjClass=Rule-HTML-Section&appliesTo=Data-Admin-WebServices-Policy&pyRuleName=pzRuleFormToolbarCheckin&RequestClass=Rule-HTML-Section&RequestAppliesTo=Data-Admin-WebServices-Policy&RequestRuleName=pzRuleFormToolbarCheckin Payload: "{\"RequestClass\":\"Rule-HTML-Section\",\"RequestAppliesTo\":\"Data-Admin-WebServices-Policy\",\"RequestRuleName\":\"pzRuleFormToolbarCheckin\"}" => HTTP 200 (15601 bytes)
[PegaHttpClient] 📡 POST https://zdk8budo.pegaacademy.net/prweb/api/CodeIntelligence/v1/rules/query?pxObjClass=Rule-HTML-Section&appliesTo=Data-Admin-WebServices-Policy&pyRuleName=pzRuleFormToolbarDelete&RequestClass=Rule-HTML-Section&RequestAppliesTo=Data-Admin-WebServices-Policy&RequestRuleName=pzRuleFormToolbarDelete Payload: "{\"RequestClass\":\"Rule-HTML-Section\",\"RequestAppliesTo\":\"Data-Admin-WebServices-Policy\",\"RequestRuleName\":\"pzRuleFormToolbarDelete\"}" => HTTP 200 (30249 bytes)
[PegaHttpClient] 📡 POST https://zdk8budo.pegaacademy.net/prweb/api/CodeIntelligence/v1/rules/query?pxObjClass=Rule-HTML-Section&appliesTo=Data-Admin-WebServices-Policy&pyRuleName=pzRuleFormToolbarSave&RequestClass=Rule-HTML-Section&RequestAppliesTo=Data-Admin-WebServices-Policy&RequestRuleName=pzRuleFormToolbarSave Payload: "{\"RequestClass\":\"Rule-HTML-Section\",\"RequestAppliesTo\":\"Data-Admin-WebServices-Policy\",\"RequestRuleName\":\"pzRuleFormToolbarSave\"}" => HTTP 200 (293885 bytes)
[PegaHttpClient] 📡 POST https://zdk8budo.pegaacademy.net/prweb/api/CodeIntelligence/v1/rules/query?pxObjClass=Rule-HTML-Section&appliesTo=Data-Admin-WebServices-Policy&pyRuleName=pzRuleFormToolbarCheckout&RequestClass=Rule-HTML-Section&RequestAppliesTo=Data-Admin-WebServices-Policy&RequestRuleName=pzRuleFormToolbarCheckout Payload: "{\"RequestClass\":\"Rule-HTML-Section\",\"RequestAppliesTo\":\"Data-Admin-WebServices-Policy\",\"RequestRuleName\":\"pzRuleFormToolbarCheckout\"}" => HTTP 200 (14854 bytes)
[PegaHttpClient] 📡 POST https://zdk8budo.pegaacademy.net/prweb/api/CodeIntelligence/v1/rules/query?pxObjClass=Rule-HTML-Section&appliesTo=Data-Admin-WebServices-Policy&pyRuleName=pzRemoveErrorsDataPage&RequestClass=Rule-HTML-Section&RequestAppliesTo=Data-Admin-WebServices-Policy&RequestRuleName=pzRemoveErrorsDataPage Payload: "{\"RequestClass\":\"Rule-HTML-Section\",\"RequestAppliesTo\":\"Data-Admin-WebServices-Policy\",\"RequestRuleName\":\"pzRemoveErrorsDataPage\"}" => HTTP 200 (16733 bytes)
[PegaHttpClient] 📡 POST https://zdk8budo.pegaacademy.net/prweb/api/CodeIntelligence/v1/rules/query?pxObjClass=Rule-HTML-Section&appliesTo=Data-Admin-WebServices-Policy&pyRuleName=pzRuleFormHeaderMessagesWrapper&RequestClass=Rule-HTML-Section&RequestAppliesTo=Data-Admin-WebServices-Policy&RequestRuleName=pzRuleFormHeaderMessagesWrapper Payload: "{\"RequestClass\":\"Rule-HTML-Section\",\"RequestAppliesTo\":\"Data-Admin-WebServices-Policy\",\"RequestRuleName\":\"pzRuleFormHeaderMessagesWrapper\"}" => HTTP 200 (16981 bytes)
[PegaHttpClient] 📡 POST https://zdk8budo.pegaacademy.net/prweb/api/CodeIntelligence/v1/rules/query?pxObjClass=Rule-HTML-Section&appliesTo=Data-Admin-WebServices-Policy&pyRuleName=pzPolicySourceView&RequestClass=Rule-HTML-Section&RequestAppliesTo=Data-Admin-WebServices-Policy&RequestRuleName=pzPolicySourceView Payload: "{\"RequestClass\":\"Rule-HTML-Section\",\"RequestAppliesTo\":\"Data-Admin-WebServices-Policy\",\"RequestRuleName\":\"pzPolicySourceView\"}" => HTTP 200 (27710 bytes)
[PegaHttpClient] 📡 POST https://zdk8budo.pegaacademy.net/prweb/api/CodeIntelligence/v1/rules/query?pxObjClass=Rule-HTML-Section&appliesTo=Data-Admin-WebServices-Policy&pyRuleName=pzPolicyDesignView&RequestClass=Rule-HTML-Section&RequestAppliesTo=Data-Admin-WebServices-Policy&RequestRuleName=pzPolicyDesignView Payload: "{\"RequestClass\":\"Rule-HTML-Section\",\"RequestAppliesTo\":\"Data-Admin-WebServices-Policy\",\"RequestRuleName\":\"pzPolicyDesignView\"}" => HTTP 200 (21214 bytes)
[PegaHttpClient] 📡 POST https://zdk8budo.pegaacademy.net/prweb/api/CodeIntelligence/v1/rules/query?pxObjClass=Rule-HTML-Section&appliesTo=Data-Admin-WebServices-Policy&pyRuleName=pzMessageInputPolicySourceView&RequestClass=Rule-HTML-Section&RequestAppliesTo=Data-Admin-WebServices-Policy&RequestRuleName=pzMessageInputPolicySourceView Payload: "{\"RequestClass\":\"Rule-HTML-Section\",\"RequestAppliesTo\":\"Data-Admin-WebServices-Policy\",\"RequestRuleName\":\"pzMessageInputPolicySourceView\"}" => HTTP 200 (24351 bytes)
[PegaHttpClient] 📡 POST https://zdk8budo.pegaacademy.net/prweb/api/CodeIntelligence/v1/rules/query?pxObjClass=Rule-HTML-Section&appliesTo=Data-Admin-WebServices-Policy&pyRuleName=pzMessageInputPolicyDesignView&RequestClass=Rule-HTML-Section&RequestAppliesTo=Data-Admin-WebServices-Policy&RequestRuleName=pzMessageInputPolicyDesignView Payload: "{\"RequestClass\":\"Rule-HTML-Section\",\"RequestAppliesTo\":\"Data-Admin-WebServices-Policy\",\"RequestRuleName\":\"pzMessageInputPolicyDesignView\"}" => HTTP 200 (21259 bytes)
[PegaHttpClient] 📡 POST https://zdk8budo.pegaacademy.net/prweb/api/CodeIntelligence/v1/rules/query?pxObjClass=Rule-HTML-Section&appliesTo=Data-Admin-WebServices-Policy&pyRuleName=pzMessageOutputPolicySourceView&RequestClass=Rule-HTML-Section&RequestAppliesTo=Data-Admin-WebServices-Policy&RequestRuleName=pzMessageOutputPolicySourceView Payload: "{\"RequestClass\":\"Rule-HTML-Section\",\"RequestAppliesTo\":\"Data-Admin-WebServices-Policy\",\"RequestRuleName\":\"pzMessageOutputPolicySourceView\"}" => HTTP 200 (23668 bytes)
[PegaHttpClient] 📡 POST https://zdk8budo.pegaacademy.net/prweb/api/CodeIntelligence/v1/rules/query?pxObjClass=Rule-HTML-Section&appliesTo=Data-Admin-WebServices-Policy&pyRuleName=pzMessageOutputPolicyDesignView&RequestClass=Rule-HTML-Section&RequestAppliesTo=Data-Admin-WebServices-Policy&RequestRuleName=pzMessageOutputPolicyDesignView Payload: "{\"RequestClass\":\"Rule-HTML-Section\",\"RequestAppliesTo\":\"Data-Admin-WebServices-Policy\",\"RequestRuleName\":\"pzMessageOutputPolicyDesignView\"}" => HTTP 200 (21370 bytes)
[PegaHttpClient] 📡 POST https://zdk8budo.pegaacademy.net/prweb/api/CodeIntelligence/v1/rules/query?pxObjClass=Rule-HTML-Section&appliesTo=Data-Admin-WebServices-Policy&pyRuleName=pxDisplayCollaborators&RequestClass=Rule-HTML-Section&RequestAppliesTo=Data-Admin-WebServices-Policy&RequestRuleName=pxDisplayCollaborators Payload: "{\"RequestClass\":\"Rule-HTML-Section\",\"RequestAppliesTo\":\"Data-Admin-WebServices-Policy\",\"RequestRuleName\":\"pxDisplayCollaborators\"}" => HTTP 200 (94171 bytes)
[PegaHttpClient] 📡 POST https://zdk8budo.pegaacademy.net/prweb/api/CodeIntelligence/v1/rules/query?pxObjClass=Rule-HTML-Section&appliesTo=Data-Admin-WebServices-Policy&pyRuleName=pzRuleFormToolbarDeleteCheckOut&RequestClass=Rule-HTML-Section&RequestAppliesTo=Data-Admin-WebServices-Policy&RequestRuleName=pzRuleFormToolbarDeleteCheckOut Payload: "{\"RequestClass\":\"Rule-HTML-Section\",\"RequestAppliesTo\":\"Data-Admin-WebServices-Policy\",\"RequestRuleName\":\"pzRuleFormToolbarDeleteCheckOut\"}" => HTTP 404 (138 bytes)
[PegaHttpClient] 📡 POST https://zdk8budo.pegaacademy.net/prweb/PRRestService/CodeIntelligence/v1/rules/query?pxObjClass=Rule-HTML-Section&appliesTo=Data-Admin-WebServices-Policy&pyRuleName=pzRuleFormToolbarDeleteCheckOut&RequestClass=Rule-HTML-Section&RequestAppliesTo=Data-Admin-WebServices-Policy&RequestRuleName=pzRuleFormToolbarDeleteCheckOut Payload: "{\"RequestClass\":\"Rule-HTML-Section\",\"RequestAppliesTo\":\"Data-Admin-WebServices-Policy\",\"RequestRuleName\":\"pzRuleFormToolbarDeleteCheckOut\"}" => HTTP 404 (138 bytes)
[PegaHttpClient] 📡 POST https://zdk8budo.pegaacademy.net/prweb/api/HRAppsV2Service/V1/rules/query?pxObjClass=Rule-HTML-Section&appliesTo=Data-Admin-WebServices-Policy&pyRuleName=pzRuleFormToolbarDeleteCheckOut&RequestClass=Rule-HTML-Section&RequestAppliesTo=Data-Admin-WebServices-Policy&RequestRuleName=pzRuleFormToolbarDeleteCheckOut Payload: "{\"RequestClass\":\"Rule-HTML-Section\",\"RequestAppliesTo\":\"Data-Admin-WebServices-Policy\",\"RequestRuleName\":\"pzRuleFormToolbarDeleteCheckOut\"}" => HTTP 404 (18 bytes)
[PegaHttpClient] 📡 POST https://zdk8budo.pegaacademy.net/prweb/PRRestService/HRAppsV2Service/V1/rules/query?pxObjClass=Rule-HTML-Section&appliesTo=Data-Admin-WebServices-Policy&pyRuleName=pzRuleFormToolbarDeleteCheckOut&RequestClass=Rule-HTML-Section&RequestAppliesTo=Data-Admin-WebServices-Policy&RequestRuleName=pzRuleFormToolbarDeleteCheckOut Payload: "{\"RequestClass\":\"Rule-HTML-Section\",\"RequestAppliesTo\":\"Data-Admin-WebServices-Policy\",\"RequestRuleName\":\"pzRuleFormToolbarDeleteCheckOut\"}" => HTTP 404 (18 bytes)
[PegaHttpClient] 📡 POST https://zdk8budo.pegaacademy.net/prweb/api/HRAppsV2/V1/rules/query?pxObjClass=Rule-HTML-Section&appliesTo=Data-Admin-WebServices-Policy&pyRuleName=pzRuleFormToolbarDeleteCheckOut&RequestClass=Rule-HTML-Section&RequestAppliesTo=Data-Admin-WebServices-Policy&RequestRuleName=pzRuleFormToolbarDeleteCheckOut Payload: "{\"RequestClass\":\"Rule-HTML-Section\",\"RequestAppliesTo\":\"Data-Admin-WebServices-Policy\",\"RequestRuleName\":\"pzRuleFormToolbarDeleteCheckOut\"}" => HTTP 404 (18 bytes)
[PegaHttpClient] 📡 POST https://zdk8budo.pegaacademy.net/prweb/PRRestService/HRAppsV2/V1/rules/query?pxObjClass=Rule-HTML-Section&appliesTo=Data-Admin-WebServices-Policy&pyRuleName=pzRuleFormToolbarDeleteCheckOut&RequestClass=Rule-HTML-Section&RequestAppliesTo=Data-Admin-WebServices-Policy&RequestRuleName=pzRuleFormToolbarDeleteCheckOut Payload: "{\"RequestClass\":\"Rule-HTML-Section\",\"RequestAppliesTo\":\"Data-Admin-WebServices-Policy\",\"RequestRuleName\":\"pzRuleFormToolbarDeleteCheckOut\"}" => HTTP 404 (18 bytes)
[PegaHttpClient] 📡 POST https://zdk8budo.pegaacademy.net/prweb/api/v1/rules/query?pxObjClass=Rule-HTML-Section&appliesTo=Data-Admin-WebServices-Policy&pyRuleName=pzRuleFormToolbarDeleteCheckOut&RequestClass=Rule-HTML-Section&RequestAppliesTo=Data-Admin-WebServices-Policy&RequestRuleName=pzRuleFormToolbarDeleteCheckOut Payload: "{\"RequestClass\":\"Rule-HTML-Section\",\"RequestAppliesTo\":\"Data-Admin-WebServices-Policy\",\"RequestRuleName\":\"pzRuleFormToolbarDeleteCheckOut\"}" => HTTP 404 (18 bytes)
[PegaHttpClient] 📡 POST https://zdk8budo.pegaacademy.net/prweb/PRRestService/v1/rules/query?pxObjClass=Rule-HTML-Section&appliesTo=Data-Admin-WebServices-Policy&pyRuleName=pzRuleFormToolbarDeleteCheckOut&RequestClass=Rule-HTML-Section&RequestAppliesTo=Data-Admin-WebServices-Policy&RequestRuleName=pzRuleFormToolbarDeleteCheckOut Payload: "{\"RequestClass\":\"Rule-HTML-Section\",\"RequestAppliesTo\":\"Data-Admin-WebServices-Policy\",\"RequestRuleName\":\"pzRuleFormToolbarDeleteCheckOut\"}" => HTTP 404 (18 bytes)
[PegaHttpClient] 📡 POST https://zdk8budo.pegaacademy.net/prweb/api/CodeIntelligence/v1/rules/query?pxObjClass=Rule-HTML-Section&appliesTo=Data-Admin-WebServices-Policy&pyRuleName=pzRuleFormToolbarDeleteRule&RequestClass=Rule-HTML-Section&RequestAppliesTo=Data-Admin-WebServices-Policy&RequestRuleName=pzRuleFormToolbarDeleteRule Payload: "{\"RequestClass\":\"Rule-HTML-Section\",\"RequestAppliesTo\":\"Data-Admin-WebServices-Policy\",\"RequestRuleName\":\"pzRuleFormToolbarDeleteRule\"}" => HTTP 200 (32314 bytes)
[PegaHttpClient] 📡 POST https://zdk8budo.pegaacademy.net/prweb/api/CodeIntelligence/v1/rules/query?pxObjClass=Rule-HTML-Section&appliesTo=Data-Admin-WebServices-Policy&pyRuleName=pyPolicyTree&RequestClass=Rule-HTML-Section&RequestAppliesTo=Data-Admin-WebServices-Policy&RequestRuleName=pyPolicyTree Payload: "{\"RequestClass\":\"Rule-HTML-Section\",\"RequestAppliesTo\":\"Data-Admin-WebServices-Policy\",\"RequestRuleName\":\"pyPolicyTree\"}" => HTTP 200 (70188 bytes)
[PegaHttpClient] 📡 POST https://zdk8budo.pegaacademy.net/prweb/api/CodeIntelligence/v1/rules/query?pxObjClass=Rule-HTML-Section&appliesTo=Data-Admin-WebServices-Policy&pyRuleName=pyMessageInputPolicyTree&RequestClass=Rule-HTML-Section&RequestAppliesTo=Data-Admin-WebServices-Policy&RequestRuleName=pyMessageInputPolicyTree Payload: "{\"RequestClass\":\"Rule-HTML-Section\",\"RequestAppliesTo\":\"Data-Admin-WebServices-Policy\",\"RequestRuleName\":\"pyMessageInputPolicyTree\"}" => HTTP 200 (70041 bytes)
[PegaHttpClient] 📡 POST https://zdk8budo.pegaacademy.net/prweb/api/CodeIntelligence/v1/rules/query?pxObjClass=Rule-HTML-Section&appliesTo=Data-Admin-WebServices-Policy&pyRuleName=pyMessageOutputPolicyTree&RequestClass=Rule-HTML-Section&RequestAppliesTo=Data-Admin-WebServices-Policy&RequestRuleName=pyMessageOutputPolicyTree Payload: "{\"RequestClass\":\"Rule-HTML-Section\",\"RequestAppliesTo\":\"Data-Admin-WebServices-Policy\",\"RequestRuleName\":\"pyMessageOutputPolicyTree\"}" => HTTP 200 (70072 bytes)
[PegaHttpClient] 📡 POST https://zdk8budo.pegaacademy.net/prweb/api/CodeIntelligence/v1/rules/query?pxObjClass=Rule-HTML-Section&appliesTo=Data-Admin-WebServices-Policy&pyRuleName=pzLoadCollaborationScripts&RequestClass=Rule-HTML-Section&RequestAppliesTo=Data-Admin-WebServices-Policy&RequestRuleName=pzLoadCollaborationScripts Payload: "{\"RequestClass\":\"Rule-HTML-Section\",\"RequestAppliesTo\":\"Data-Admin-WebServices-Policy\",\"RequestRuleName\":\"pzLoadCollaborationScripts\"}" => HTTP 200 (23453 bytes)
[PegaHttpClient] 📡 POST https://zdk8budo.pegaacademy.net/prweb/api/CodeIntelligence/v1/rules/query?pxObjClass=Rule-HTML-Section&appliesTo=Data-Admin-WebServices-Policy&pyRuleName=pzDisplayCollaboratorsList&RequestClass=Rule-HTML-Section&RequestAppliesTo=Data-Admin-WebServices-Policy&RequestRuleName=pzDisplayCollaboratorsList Payload: "{\"RequestClass\":\"Rule-HTML-Section\",\"RequestAppliesTo\":\"Data-Admin-WebServices-Policy\",\"RequestRuleName\":\"pzDisplayCollaboratorsList\"}" => HTTP 200 (105418 bytes)
[PegaHttpClient] 📡 POST https://zdk8budo.pegaacademy.net/prweb/api/CodeIntelligence/v1/rules/query?pxObjClass=Rule-HTML-Section&appliesTo=Data-Admin-WebServices-Policy&pyRuleName=pyCollaborator&RequestClass=Rule-HTML-Section&RequestAppliesTo=Data-Admin-WebServices-Policy&RequestRuleName=pyCollaborator Payload: "{\"RequestClass\":\"Rule-HTML-Section\",\"RequestAppliesTo\":\"Data-Admin-WebServices-Policy\",\"RequestRuleName\":\"pyCollaborator\"}" => HTTP 404 (121 bytes)
[PegaHttpClient] 📡 POST https://zdk8budo.pegaacademy.net/prweb/PRRestService/CodeIntelligence/v1/rules/query?pxObjClass=Rule-HTML-Section&appliesTo=Data-Admin-WebServices-Policy&pyRuleName=pyCollaborator&RequestClass=Rule-HTML-Section&RequestAppliesTo=Data-Admin-WebServices-Policy&RequestRuleName=pyCollaborator Payload: "{\"RequestClass\":\"Rule-HTML-Section\",\"RequestAppliesTo\":\"Data-Admin-WebServices-Policy\",\"RequestRuleName\":\"pyCollaborator\"}" => HTTP 404 (121 bytes)
[PegaHttpClient] 📡 POST https://zdk8budo.pegaacademy.net/prweb/api/HRAppsV2Service/V1/rules/query?pxObjClass=Rule-HTML-Section&appliesTo=Data-Admin-WebServices-Policy&pyRuleName=pyCollaborator&RequestClass=Rule-HTML-Section&RequestAppliesTo=Data-Admin-WebServices-Policy&RequestRuleName=pyCollaborator Payload: "{\"RequestClass\":\"Rule-HTML-Section\",\"RequestAppliesTo\":\"Data-Admin-WebServices-Policy\",\"RequestRuleName\":\"pyCollaborator\"}" => HTTP 404 (18 bytes)
[PegaHttpClient] 📡 POST https://zdk8budo.pegaacademy.net/prweb/PRRestService/HRAppsV2Service/V1/rules/query?pxObjClass=Rule-HTML-Section&appliesTo=Data-Admin-WebServices-Policy&pyRuleName=pyCollaborator&RequestClass=Rule-HTML-Section&RequestAppliesTo=Data-Admin-WebServices-Policy&RequestRuleName=pyCollaborator Payload: "{\"RequestClass\":\"Rule-HTML-Section\",\"RequestAppliesTo\":\"Data-Admin-WebServices-Policy\",\"RequestRuleName\":\"pyCollaborator\"}" => HTTP 404 (18 bytes)
[PegaHttpClient] 📡 POST https://zdk8budo.pegaacademy.net/prweb/api/HRAppsV2/V1/rules/query?pxObjClass=Rule-HTML-Section&appliesTo=Data-Admin-WebServices-Policy&pyRuleName=pyCollaborator&RequestClass=Rule-HTML-Section&RequestAppliesTo=Data-Admin-WebServices-Policy&RequestRuleName=pyCollaborator Payload: "{\"RequestClass\":\"Rule-HTML-Section\",\"RequestAppliesTo\":\"Data-Admin-WebServices-Policy\",\"RequestRuleName\":\"pyCollaborator\"}" => HTTP 404 (18 bytes)
[PegaHttpClient] 📡 POST https://zdk8budo.pegaacademy.net/prweb/PRRestService/HRAppsV2/V1/rules/query?pxObjClass=Rule-HTML-Section&appliesTo=Data-Admin-WebServices-Policy&pyRuleName=pyCollaborator&RequestClass=Rule-HTML-Section&RequestAppliesTo=Data-Admin-WebServices-Policy&RequestRuleName=pyCollaborator Payload: "{\"RequestClass\":\"Rule-HTML-Section\",\"RequestAppliesTo\":\"Data-Admin-WebServices-Policy\",\"RequestRuleName\":\"pyCollaborator\"}" => HTTP 404 (18 bytes)
[PegaHttpClient] 📡 POST https://zdk8budo.pegaacademy.net/prweb/api/v1/rules/query?pxObjClass=Rule-HTML-Section&appliesTo=Data-Admin-WebServices-Policy&pyRuleName=pyCollaborator&RequestClass=Rule-HTML-Section&RequestAppliesTo=Data-Admin-WebServices-Policy&RequestRuleName=pyCollaborator Payload: "{\"RequestClass\":\"Rule-HTML-Section\",\"RequestAppliesTo\":\"Data-Admin-WebServices-Policy\",\"RequestRuleName\":\"pyCollaborator\"}" => HTTP 404 (18 bytes)
[PegaHttpClient] 📡 POST https://zdk8budo.pegaacademy.net/prweb/PRRestService/v1/rules/query?pxObjClass=Rule-HTML-Section&appliesTo=Data-Admin-WebServices-Policy&pyRuleName=pyCollaborator&RequestClass=Rule-HTML-Section&RequestAppliesTo=Data-Admin-WebServices-Policy&RequestRuleName=pyCollaborator Payload: "{\"RequestClass\":\"Rule-HTML-Section\",\"RequestAppliesTo\":\"Data-Admin-WebServices-Policy\",\"RequestRuleName\":\"pyCollaborator\"}" => HTTP 404 (18 bytes)
[PegaHttpClient] 📡 POST https://zdk8budo.pegaacademy.net/prweb/api/CodeIntelligence/v1/rules/query?pxObjClass=Rule-HTML-Section&appliesTo=Data-Admin-WebServices-Policy&pyRuleName=pzDisplayPartialCount&RequestClass=Rule-HTML-Section&RequestAppliesTo=Data-Admin-WebServices-Policy&RequestRuleName=pzDisplayPartialCount Payload: "{\"RequestClass\":\"Rule-HTML-Section\",\"RequestAppliesTo\":\"Data-Admin-WebServices-Policy\",\"RequestRuleName\":\"pzDisplayPartialCount\"}" => HTTP 404 (128 bytes)
[PegaHttpClient] 📡 POST https://zdk8budo.pegaacademy.net/prweb/PRRestService/CodeIntelligence/v1/rules/query?pxObjClass=Rule-HTML-Section&appliesTo=Data-Admin-WebServices-Policy&pyRuleName=pzDisplayPartialCount&RequestClass=Rule-HTML-Section&RequestAppliesTo=Data-Admin-WebServices-Policy&RequestRuleName=pzDisplayPartialCount Payload: "{\"RequestClass\":\"Rule-HTML-Section\",\"RequestAppliesTo\":\"Data-Admin-WebServices-Policy\",\"RequestRuleName\":\"pzDisplayPartialCount\"}" => HTTP 404 (128 bytes)
[PegaHttpClient] 📡 POST https://zdk8budo.pegaacademy.net/prweb/api/HRAppsV2Service/V1/rules/query?pxObjClass=Rule-HTML-Section&appliesTo=Data-Admin-WebServices-Policy&pyRuleName=pzDisplayPartialCount&RequestClass=Rule-HTML-Section&RequestAppliesTo=Data-Admin-WebServices-Policy&RequestRuleName=pzDisplayPartialCount Payload: "{\"RequestClass\":\"Rule-HTML-Section\",\"RequestAppliesTo\":\"Data-Admin-WebServices-Policy\",\"RequestRuleName\":\"pzDisplayPartialCount\"}" => HTTP 404 (18 bytes)
[PegaHttpClient] 📡 POST https://zdk8budo.pegaacademy.net/prweb/PRRestService/HRAppsV2Service/V1/rules/query?pxObjClass=Rule-HTML-Section&appliesTo=Data-Admin-WebServices-Policy&pyRuleName=pzDisplayPartialCount&RequestClass=Rule-HTML-Section&RequestAppliesTo=Data-Admin-WebServices-Policy&RequestRuleName=pzDisplayPartialCount Payload: "{\"RequestClass\":\"Rule-HTML-Section\",\"RequestAppliesTo\":\"Data-Admin-WebServices-Policy\",\"RequestRuleName\":\"pzDisplayPartialCount\"}" => HTTP 404 (18 bytes)
[PegaHttpClient] 📡 POST https://zdk8budo.pegaacademy.net/prweb/api/HRAppsV2/V1/rules/query?pxObjClass=Rule-HTML-Section&appliesTo=Data-Admin-WebServices-Policy&pyRuleName=pzDisplayPartialCount&RequestClass=Rule-HTML-Section&RequestAppliesTo=Data-Admin-WebServices-Policy&RequestRuleName=pzDisplayPartialCount Payload: "{\"RequestClass\":\"Rule-HTML-Section\",\"RequestAppliesTo\":\"Data-Admin-WebServices-Policy\",\"RequestRuleName\":\"pzDisplayPartialCount\"}" => HTTP 404 (18 bytes)
[PegaHttpClient] 📡 POST https://zdk8budo.pegaacademy.net/prweb/PRRestService/HRAppsV2/V1/rules/query?pxObjClass=Rule-HTML-Section&appliesTo=Data-Admin-WebServices-Policy&pyRuleName=pzDisplayPartialCount&RequestClass=Rule-HTML-Section&RequestAppliesTo=Data-Admin-WebServices-Policy&RequestRuleName=pzDisplayPartialCount Payload: "{\"RequestClass\":\"Rule-HTML-Section\",\"RequestAppliesTo\":\"Data-Admin-WebServices-Policy\",\"RequestRuleName\":\"pzDisplayPartialCount\"}" => HTTP 404 (18 bytes)
[PegaHttpClient] 📡 POST https://zdk8budo.pegaacademy.net/prweb/api/v1/rules/query?pxObjClass=Rule-HTML-Section&appliesTo=Data-Admin-WebServices-Policy&pyRuleName=pzDisplayPartialCount&RequestClass=Rule-HTML-Section&RequestAppliesTo=Data-Admin-WebServices-Policy&RequestRuleName=pzDisplayPartialCount Payload: "{\"RequestClass\":\"Rule-HTML-Section\",\"RequestAppliesTo\":\"Data-Admin-WebServices-Policy\",\"RequestRuleName\":\"pzDisplayPartialCount\"}" => HTTP 404 (18 bytes)
[PegaHttpClient] 📡 POST https://zdk8budo.pegaacademy.net/prweb/PRRestService/v1/rules/query?pxObjClass=Rule-HTML-Section&appliesTo=Data-Admin-WebServices-Policy&pyRuleName=pzDisplayPartialCount&RequestClass=Rule-HTML-Section&RequestAppliesTo=Data-Admin-WebServices-Policy&RequestRuleName=pzDisplayPartialCount Payload: "{\"RequestClass\":\"Rule-HTML-Section\",\"RequestAppliesTo\":\"Data-Admin-WebServices-Policy\",\"RequestRuleName\":\"pzDisplayPartialCount\"}" => HTTP 404 (18 bytes)
[SchemaGen] ✅ Schema written for Data-Admin-WebServices-Policy
[PegaHttpClient] 📡 GET https://zdk8budo.pegaacademy.net/prweb/api/CodeIntelligence/v1/rules/RULE-HTML-HARNESS%20DATA-ADMIN-SECURITY-WSSECURITYPROFILE%20RULEFORM%20%2320180713T135820.575%20GMT => HTTP 200 (35040 bytes)
[PegaHttpClient] 📡 POST https://zdk8budo.pegaacademy.net/prweb/api/CodeIntelligence/v1/rules/query?pxObjClass=Rule-HTML-Section&appliesTo=Data-Admin-Security-WSSecurityProfile&pyRuleName=RuleFormMain&RequestClass=Rule-HTML-Section&RequestAppliesTo=Data-Admin-Security-WSSecurityProfile&RequestRuleName=RuleFormMain Payload: "{\"RequestClass\":\"Rule-HTML-Section\",\"RequestAppliesTo\":\"Data-Admin-Security-WSSecurityProfile\",\"RequestRuleName\":\"RuleFormMain\"}" => HTTP 200 (156234 bytes)
[PegaHttpClient] 📡 POST https://zdk8budo.pegaacademy.net/prweb/api/CodeIntelligence/v1/rules/query?pxObjClass=Rule-HTML-Section&appliesTo=Data-Admin-Security-WSSecurityProfile&pyRuleName=pxAlternateRuleForm&RequestClass=Rule-HTML-Section&RequestAppliesTo=Data-Admin-Security-WSSecurityProfile&RequestRuleName=pxAlternateRuleForm Payload: "{\"RequestClass\":\"Rule-HTML-Section\",\"RequestAppliesTo\":\"Data-Admin-Security-WSSecurityProfile\",\"RequestRuleName\":\"pxAlternateRuleForm\"}" => HTTP 200 (66153 bytes)
[PegaHttpClient] 📡 POST https://zdk8budo.pegaacademy.net/prweb/api/CodeIntelligence/v1/rules/query?pxObjClass=Rule-HTML-Section&appliesTo=Data-Admin-Security-WSSecurityProfile&pyRuleName=pzRuleFormScripts&RequestClass=Rule-HTML-Section&RequestAppliesTo=Data-Admin-Security-WSSecurityProfile&RequestRuleName=pzRuleFormScripts Payload: "{\"RequestClass\":\"Rule-HTML-Section\",\"RequestAppliesTo\":\"Data-Admin-Security-WSSecurityProfile\",\"RequestRuleName\":\"pzRuleFormScripts\"}" => HTTP 200 (40822 bytes)
[PegaHttpClient] 📡 POST https://zdk8budo.pegaacademy.net/prweb/api/CodeIntelligence/v1/rules/query?pxObjClass=Rule-HTML-Section&appliesTo=Data-Admin-Security-WSSecurityProfile&pyRuleName=pzRuleFormLayoutDelegated&RequestClass=Rule-HTML-Section&RequestAppliesTo=Data-Admin-Security-WSSecurityProfile&RequestRuleName=pzRuleFormLayoutDelegated Payload: "{\"RequestClass\":\"Rule-HTML-Section\",\"RequestAppliesTo\":\"Data-Admin-Security-WSSecurityProfile\",\"RequestRuleName\":\"pzRuleFormLayoutDelegated\"}" => HTTP 200 (70998 bytes)
[PegaHttpClient] 📡 POST https://zdk8budo.pegaacademy.net/prweb/api/CodeIntelligence/v1/rules/query?pxObjClass=Rule-HTML-Section&appliesTo=Data-Admin-Security-WSSecurityProfile&pyRuleName=RuleFormLayout&RequestClass=Rule-HTML-Section&RequestAppliesTo=Data-Admin-Security-WSSecurityProfile&RequestRuleName=RuleFormLayout Payload: "{\"RequestClass\":\"Rule-HTML-Section\",\"RequestAppliesTo\":\"Data-Admin-Security-WSSecurityProfile\",\"RequestRuleName\":\"RuleFormLayout\"}" => HTTP 200 (71662 bytes)
[PegaHttpClient] 📡 POST https://zdk8budo.pegaacademy.net/prweb/api/CodeIntelligence/v1/rules/query?pxObjClass=Rule-HTML-Section&appliesTo=Data-Admin-Security-WSSecurityProfile&pyRuleName=RuleFormSettings&RequestClass=Rule-HTML-Section&RequestAppliesTo=Data-Admin-Security-WSSecurityProfile&RequestRuleName=RuleFormSettings Payload: "{\"RequestClass\":\"Rule-HTML-Section\",\"RequestAppliesTo\":\"Data-Admin-Security-WSSecurityProfile\",\"RequestRuleName\":\"RuleFormSettings\"}" => HTTP 200 (21582 bytes)
[PegaHttpClient] 📡 POST https://zdk8budo.pegaacademy.net/prweb/api/CodeIntelligence/v1/rules/query?pxObjClass=Rule-HTML-Section&appliesTo=Data-Admin-Security-WSSecurityProfile&pyRuleName=OpenAuthoring&RequestClass=Rule-HTML-Section&RequestAppliesTo=Data-Admin-Security-WSSecurityProfile&RequestRuleName=OpenAuthoring Payload: "{\"RequestClass\":\"Rule-HTML-Section\",\"RequestAppliesTo\":\"Data-Admin-Security-WSSecurityProfile\",\"RequestRuleName\":\"OpenAuthoring\"}" => HTTP 200 (20315 bytes)
[PegaHttpClient] 📡 POST https://zdk8budo.pegaacademy.net/prweb/api/CodeIntelligence/v1/rules/query?pxObjClass=Rule-HTML-Section&appliesTo=Data-Admin-Security-WSSecurityProfile&pyRuleName=pyCustomHelp&RequestClass=Rule-HTML-Section&RequestAppliesTo=Data-Admin-Security-WSSecurityProfile&RequestRuleName=pyCustomHelp Payload: "{\"RequestClass\":\"Rule-HTML-Section\",\"RequestAppliesTo\":\"Data-Admin-Security-WSSecurityProfile\",\"RequestRuleName\":\"pyCustomHelp\"}" => HTTP 200 (17256 bytes)
[PegaHttpClient] 📡 POST https://zdk8budo.pegaacademy.net/prweb/api/CodeIntelligence/v1/rules/query?pxObjClass=Rule-HTML-Section&appliesTo=Data-Admin-Security-WSSecurityProfile&pyRuleName=pzRuleformMainInclude&RequestClass=Rule-HTML-Section&RequestAppliesTo=Data-Admin-Security-WSSecurityProfile&RequestRuleName=pzRuleformMainInclude Payload: "{\"RequestClass\":\"Rule-HTML-Section\",\"RequestAppliesTo\":\"Data-Admin-Security-WSSecurityProfile\",\"RequestRuleName\":\"pzRuleformMainInclude\"}" => HTTP 200 (22375 bytes)
[PegaHttpClient] 📡 POST https://zdk8budo.pegaacademy.net/prweb/api/CodeIntelligence/v1/rules/query?pxObjClass=Rule-HTML-Section&appliesTo=Data-Admin-Security-WSSecurityProfile&pyRuleName=pyAlternativeRuleFormStrategicAppExtension&RequestClass=Rule-HTML-Section&RequestAppliesTo=Data-Admin-Security-WSSecurityProfile&RequestRuleName=pyAlternativeRuleFormStrategicAppExtension Payload: "{\"RequestClass\":\"Rule-HTML-Section\",\"RequestAppliesTo\":\"Data-Admin-Security-WSSecurityProfile\",\"RequestRuleName\":\"pyAlternativeRuleFormStrategicAppExtension\"}" => HTTP 200 (25042 bytes)
[PegaHttpClient] 📡 POST https://zdk8budo.pegaacademy.net/prweb/api/CodeIntelligence/v1/rules/query?pxObjClass=Rule-HTML-Section&appliesTo=Data-Admin-Security-WSSecurityProfile&pyRuleName=pyAlternativeRuleFormExtension&RequestClass=Rule-HTML-Section&RequestAppliesTo=Data-Admin-Security-WSSecurityProfile&RequestRuleName=pyAlternativeRuleFormExtension Payload: "{\"RequestClass\":\"Rule-HTML-Section\",\"RequestAppliesTo\":\"Data-Admin-Security-WSSecurityProfile\",\"RequestRuleName\":\"pyAlternativeRuleFormExtension\"}" => HTTP 200 (24863 bytes)
[PegaHttpClient] 📡 POST https://zdk8budo.pegaacademy.net/prweb/api/CodeIntelligence/v1/rules/query?pxObjClass=Rule-HTML-Section&appliesTo=Data-Admin-Security-WSSecurityProfile&pyRuleName=RuleFormHeader&RequestClass=Rule-HTML-Section&RequestAppliesTo=Data-Admin-Security-WSSecurityProfile&RequestRuleName=RuleFormHeader Payload: "{\"RequestClass\":\"Rule-HTML-Section\",\"RequestAppliesTo\":\"Data-Admin-Security-WSSecurityProfile\",\"RequestRuleName\":\"RuleFormHeader\"}" => HTTP 200 (183800 bytes)
[PegaHttpClient] 📡 POST https://zdk8budo.pegaacademy.net/prweb/api/CodeIntelligence/v1/rules/query?pxObjClass=Rule-HTML-Section&appliesTo=Data-Admin-Security-WSSecurityProfile&pyRuleName=pzDelegationExperience&RequestClass=Rule-HTML-Section&RequestAppliesTo=Data-Admin-Security-WSSecurityProfile&RequestRuleName=pzDelegationExperience Payload: "{\"RequestClass\":\"Rule-HTML-Section\",\"RequestAppliesTo\":\"Data-Admin-Security-WSSecurityProfile\",\"RequestRuleName\":\"pzDelegationExperience\"}" => HTTP 404 (137 bytes)
[PegaHttpClient] 📡 POST https://zdk8budo.pegaacademy.net/prweb/PRRestService/CodeIntelligence/v1/rules/query?pxObjClass=Rule-HTML-Section&appliesTo=Data-Admin-Security-WSSecurityProfile&pyRuleName=pzDelegationExperience&RequestClass=Rule-HTML-Section&RequestAppliesTo=Data-Admin-Security-WSSecurityProfile&RequestRuleName=pzDelegationExperience Payload: "{\"RequestClass\":\"Rule-HTML-Section\",\"RequestAppliesTo\":\"Data-Admin-Security-WSSecurityProfile\",\"RequestRuleName\":\"pzDelegationExperience\"}" => HTTP 404 (137 bytes)
[PegaHttpClient] 📡 POST https://zdk8budo.pegaacademy.net/prweb/api/HRAppsV2Service/V1/rules/query?pxObjClass=Rule-HTML-Section&appliesTo=Data-Admin-Security-WSSecurityProfile&pyRuleName=pzDelegationExperience&RequestClass=Rule-HTML-Section&RequestAppliesTo=Data-Admin-Security-WSSecurityProfile&RequestRuleName=pzDelegationExperience Payload: "{\"RequestClass\":\"Rule-HTML-Section\",\"RequestAppliesTo\":\"Data-Admin-Security-WSSecurityProfile\",\"RequestRuleName\":\"pzDelegationExperience\"}" => HTTP 404 (18 bytes)
[PegaHttpClient] 📡 POST https://zdk8budo.pegaacademy.net/prweb/PRRestService/HRAppsV2Service/V1/rules/query?pxObjClass=Rule-HTML-Section&appliesTo=Data-Admin-Security-WSSecurityProfile&pyRuleName=pzDelegationExperience&RequestClass=Rule-HTML-Section&RequestAppliesTo=Data-Admin-Security-WSSecurityProfile&RequestRuleName=pzDelegationExperience Payload: "{\"RequestClass\":\"Rule-HTML-Section\",\"RequestAppliesTo\":\"Data-Admin-Security-WSSecurityProfile\",\"RequestRuleName\":\"pzDelegationExperience\"}" => HTTP 404 (18 bytes)
[PegaHttpClient] 📡 POST https://zdk8budo.pegaacademy.net/prweb/api/HRAppsV2/V1/rules/query?pxObjClass=Rule-HTML-Section&appliesTo=Data-Admin-Security-WSSecurityProfile&pyRuleName=pzDelegationExperience&RequestClass=Rule-HTML-Section&RequestAppliesTo=Data-Admin-Security-WSSecurityProfile&RequestRuleName=pzDelegationExperience Payload: "{\"RequestClass\":\"Rule-HTML-Section\",\"RequestAppliesTo\":\"Data-Admin-Security-WSSecurityProfile\",\"RequestRuleName\":\"pzDelegationExperience\"}" => HTTP 404 (18 bytes)
[PegaHttpClient] 📡 POST https://zdk8budo.pegaacademy.net/prweb/PRRestService/HRAppsV2/V1/rules/query?pxObjClass=Rule-HTML-Section&appliesTo=Data-Admin-Security-WSSecurityProfile&pyRuleName=pzDelegationExperience&RequestClass=Rule-HTML-Section&RequestAppliesTo=Data-Admin-Security-WSSecurityProfile&RequestRuleName=pzDelegationExperience Payload: "{\"RequestClass\":\"Rule-HTML-Section\",\"RequestAppliesTo\":\"Data-Admin-Security-WSSecurityProfile\",\"RequestRuleName\":\"pzDelegationExperience\"}" => HTTP 404 (18 bytes)
[PegaHttpClient] 📡 POST https://zdk8budo.pegaacademy.net/prweb/api/v1/rules/query?pxObjClass=Rule-HTML-Section&appliesTo=Data-Admin-Security-WSSecurityProfile&pyRuleName=pzDelegationExperience&RequestClass=Rule-HTML-Section&RequestAppliesTo=Data-Admin-Security-WSSecurityProfile&RequestRuleName=pzDelegationExperience Payload: "{\"RequestClass\":\"Rule-HTML-Section\",\"RequestAppliesTo\":\"Data-Admin-Security-WSSecurityProfile\",\"RequestRuleName\":\"pzDelegationExperience\"}" => HTTP 404 (18 bytes)
[PegaHttpClient] 📡 POST https://zdk8budo.pegaacademy.net/prweb/PRRestService/v1/rules/query?pxObjClass=Rule-HTML-Section&appliesTo=Data-Admin-Security-WSSecurityProfile&pyRuleName=pzDelegationExperience&RequestClass=Rule-HTML-Section&RequestAppliesTo=Data-Admin-Security-WSSecurityProfile&RequestRuleName=pzDelegationExperience Payload: "{\"RequestClass\":\"Rule-HTML-Section\",\"RequestAppliesTo\":\"Data-Admin-Security-WSSecurityProfile\",\"RequestRuleName\":\"pzDelegationExperience\"}" => HTTP 404 (18 bytes)
[PegaHttpClient] 📡 POST https://zdk8budo.pegaacademy.net/prweb/api/CodeIntelligence/v1/rules/query?pxObjClass=Rule-HTML-Section&appliesTo=Data-Admin-Security-WSSecurityProfile&pyRuleName=WSSecurityProfile&RequestClass=Rule-HTML-Section&RequestAppliesTo=Data-Admin-Security-WSSecurityProfile&RequestRuleName=WSSecurityProfile Payload: "{\"RequestClass\":\"Rule-HTML-Section\",\"RequestAppliesTo\":\"Data-Admin-Security-WSSecurityProfile\",\"RequestRuleName\":\"WSSecurityProfile\"}" => HTTP 200 (53737 bytes)
[PegaHttpClient] 📡 POST https://zdk8budo.pegaacademy.net/prweb/api/CodeIntelligence/v1/rules/query?pxObjClass=Rule-HTML-Section&appliesTo=Data-Admin-Security-WSSecurityProfile&pyRuleName=WSSecurityProfileInFlow&RequestClass=Rule-HTML-Section&RequestAppliesTo=Data-Admin-Security-WSSecurityProfile&RequestRuleName=WSSecurityProfileInFlow Payload: "{\"RequestClass\":\"Rule-HTML-Section\",\"RequestAppliesTo\":\"Data-Admin-Security-WSSecurityProfile\",\"RequestRuleName\":\"WSSecurityProfileInFlow\"}" => HTTP 200 (51766 bytes)
[PegaHttpClient] 📡 POST https://zdk8budo.pegaacademy.net/prweb/api/CodeIntelligence/v1/rules/query?pxObjClass=Rule-HTML-Section&appliesTo=Data-Admin-Security-WSSecurityProfile&pyRuleName=Keystore&RequestClass=Rule-HTML-Section&RequestAppliesTo=Data-Admin-Security-WSSecurityProfile&RequestRuleName=Keystore Payload: "{\"RequestClass\":\"Rule-HTML-Section\",\"RequestAppliesTo\":\"Data-Admin-Security-WSSecurityProfile\",\"RequestRuleName\":\"Keystore\"}" => HTTP 200 (23005 bytes)
[PegaHttpClient] 📡 POST https://zdk8budo.pegaacademy.net/prweb/api/CodeIntelligence/v1/rules/query?pxObjClass=Rule-HTML-Section&appliesTo=Data-Admin-Security-WSSecurityProfile&pyRuleName=RuleFormHistory&RequestClass=Rule-HTML-Section&RequestAppliesTo=Data-Admin-Security-WSSecurityProfile&RequestRuleName=RuleFormHistory Payload: "{\"RequestClass\":\"Rule-HTML-Section\",\"RequestAppliesTo\":\"Data-Admin-Security-WSSecurityProfile\",\"RequestRuleName\":\"RuleFormHistory\"}" => HTTP 200 (18043 bytes)
[PegaHttpClient] 📡 POST https://zdk8budo.pegaacademy.net/prweb/api/CodeIntelligence/v1/rules/query?pxObjClass=Rule-HTML-Section&appliesTo=Data-Admin-Security-WSSecurityProfile&pyRuleName=pzCustomHelp&RequestClass=Rule-HTML-Section&RequestAppliesTo=Data-Admin-Security-WSSecurityProfile&RequestRuleName=pzCustomHelp Payload: "{\"RequestClass\":\"Rule-HTML-Section\",\"RequestAppliesTo\":\"Data-Admin-Security-WSSecurityProfile\",\"RequestRuleName\":\"pzCustomHelp\"}" => HTTP 200 (31573 bytes)
[PegaHttpClient] 📡 POST https://zdk8budo.pegaacademy.net/prweb/api/CodeIntelligence/v1/rules/query?pxObjClass=Rule-HTML-Section&appliesTo=Data-Admin-Security-WSSecurityProfile&pyRuleName=pzRuleFormKeysAndDescription&RequestClass=Rule-HTML-Section&RequestAppliesTo=Data-Admin-Security-WSSecurityProfile&RequestRuleName=pzRuleFormKeysAndDescription Payload: "{\"RequestClass\":\"Rule-HTML-Section\",\"RequestAppliesTo\":\"Data-Admin-Security-WSSecurityProfile\",\"RequestRuleName\":\"pzRuleFormKeysAndDescription\"}" => HTTP 200 (218057 bytes)
[PegaHttpClient] 📡 POST https://zdk8budo.pegaacademy.net/prweb/api/CodeIntelligence/v1/rules/query?pxObjClass=Rule-HTML-Section&appliesTo=Data-Admin-Security-WSSecurityProfile&pyRuleName=pzRuleFormRuleset&RequestClass=Rule-HTML-Section&RequestAppliesTo=Data-Admin-Security-WSSecurityProfile&RequestRuleName=pzRuleFormRuleset Payload: "{\"RequestClass\":\"Rule-HTML-Section\",\"RequestAppliesTo\":\"Data-Admin-Security-WSSecurityProfile\",\"RequestRuleName\":\"pzRuleFormRuleset\"}" => HTTP 200 (29020 bytes)
[PegaHttpClient] 📡 POST https://zdk8budo.pegaacademy.net/prweb/api/CodeIntelligence/v1/rules/query?pxObjClass=Rule-HTML-Section&appliesTo=Data-Admin-Security-WSSecurityProfile&pyRuleName=undefined&RequestClass=Rule-HTML-Section&RequestAppliesTo=Data-Admin-Security-WSSecurityProfile&RequestRuleName=undefined Payload: "{\"RequestClass\":\"Rule-HTML-Section\",\"RequestAppliesTo\":\"Data-Admin-Security-WSSecurityProfile\",\"RequestRuleName\":\"undefined\"}" => HTTP 404 (124 bytes)
[PegaHttpClient] 📡 POST https://zdk8budo.pegaacademy.net/prweb/PRRestService/CodeIntelligence/v1/rules/query?pxObjClass=Rule-HTML-Section&appliesTo=Data-Admin-Security-WSSecurityProfile&pyRuleName=undefined&RequestClass=Rule-HTML-Section&RequestAppliesTo=Data-Admin-Security-WSSecurityProfile&RequestRuleName=undefined Payload: "{\"RequestClass\":\"Rule-HTML-Section\",\"RequestAppliesTo\":\"Data-Admin-Security-WSSecurityProfile\",\"RequestRuleName\":\"undefined\"}" => HTTP 404 (124 bytes)
[PegaHttpClient] 📡 POST https://zdk8budo.pegaacademy.net/prweb/api/HRAppsV2Service/V1/rules/query?pxObjClass=Rule-HTML-Section&appliesTo=Data-Admin-Security-WSSecurityProfile&pyRuleName=undefined&RequestClass=Rule-HTML-Section&RequestAppliesTo=Data-Admin-Security-WSSecurityProfile&RequestRuleName=undefined Payload: "{\"RequestClass\":\"Rule-HTML-Section\",\"RequestAppliesTo\":\"Data-Admin-Security-WSSecurityProfile\",\"RequestRuleName\":\"undefined\"}" => HTTP 404 (18 bytes)
[PegaHttpClient] 📡 POST https://zdk8budo.pegaacademy.net/prweb/PRRestService/HRAppsV2Service/V1/rules/query?pxObjClass=Rule-HTML-Section&appliesTo=Data-Admin-Security-WSSecurityProfile&pyRuleName=undefined&RequestClass=Rule-HTML-Section&RequestAppliesTo=Data-Admin-Security-WSSecurityProfile&RequestRuleName=undefined Payload: "{\"RequestClass\":\"Rule-HTML-Section\",\"RequestAppliesTo\":\"Data-Admin-Security-WSSecurityProfile\",\"RequestRuleName\":\"undefined\"}" => HTTP 404 (18 bytes)
[PegaHttpClient] 📡 POST https://zdk8budo.pegaacademy.net/prweb/api/HRAppsV2/V1/rules/query?pxObjClass=Rule-HTML-Section&appliesTo=Data-Admin-Security-WSSecurityProfile&pyRuleName=undefined&RequestClass=Rule-HTML-Section&RequestAppliesTo=Data-Admin-Security-WSSecurityProfile&RequestRuleName=undefined Payload: "{\"RequestClass\":\"Rule-HTML-Section\",\"RequestAppliesTo\":\"Data-Admin-Security-WSSecurityProfile\",\"RequestRuleName\":\"undefined\"}" => HTTP 404 (18 bytes)
[PegaHttpClient] 📡 POST https://zdk8budo.pegaacademy.net/prweb/PRRestService/HRAppsV2/V1/rules/query?pxObjClass=Rule-HTML-Section&appliesTo=Data-Admin-Security-WSSecurityProfile&pyRuleName=undefined&RequestClass=Rule-HTML-Section&RequestAppliesTo=Data-Admin-Security-WSSecurityProfile&RequestRuleName=undefined Payload: "{\"RequestClass\":\"Rule-HTML-Section\",\"RequestAppliesTo\":\"Data-Admin-Security-WSSecurityProfile\",\"RequestRuleName\":\"undefined\"}" => HTTP 404 (18 bytes)
[PegaHttpClient] 📡 POST https://zdk8budo.pegaacademy.net/prweb/api/v1/rules/query?pxObjClass=Rule-HTML-Section&appliesTo=Data-Admin-Security-WSSecurityProfile&pyRuleName=undefined&RequestClass=Rule-HTML-Section&RequestAppliesTo=Data-Admin-Security-WSSecurityProfile&RequestRuleName=undefined Payload: "{\"RequestClass\":\"Rule-HTML-Section\",\"RequestAppliesTo\":\"Data-Admin-Security-WSSecurityProfile\",\"RequestRuleName\":\"undefined\"}" => HTTP 404 (18 bytes)
[PegaHttpClient] 📡 POST https://zdk8budo.pegaacademy.net/prweb/PRRestService/v1/rules/query?pxObjClass=Rule-HTML-Section&appliesTo=Data-Admin-Security-WSSecurityProfile&pyRuleName=undefined&RequestClass=Rule-HTML-Section&RequestAppliesTo=Data-Admin-Security-WSSecurityProfile&RequestRuleName=undefined Payload: "{\"RequestClass\":\"Rule-HTML-Section\",\"RequestAppliesTo\":\"Data-Admin-Security-WSSecurityProfile\",\"RequestRuleName\":\"undefined\"}" => HTTP 404 (18 bytes)
[PegaHttpClient] 📡 POST https://zdk8budo.pegaacademy.net/prweb/api/CodeIntelligence/v1/rules/query?pxObjClass=Rule-HTML-Section&appliesTo=Data-Admin-Security-WSSecurityProfile&pyRuleName=pzRuleFormToolbar&RequestClass=Rule-HTML-Section&RequestAppliesTo=Data-Admin-Security-WSSecurityProfile&RequestRuleName=pzRuleFormToolbar Payload: "{\"RequestClass\":\"Rule-HTML-Section\",\"RequestAppliesTo\":\"Data-Admin-Security-WSSecurityProfile\",\"RequestRuleName\":\"pzRuleFormToolbar\"}" => HTTP 200 (242691 bytes)
[PegaHttpClient] 📡 POST https://zdk8budo.pegaacademy.net/prweb/api/CodeIntelligence/v1/rules/query?pxObjClass=Rule-HTML-Section&appliesTo=Data-Admin-Security-WSSecurityProfile&pyRuleName=pzRuleFormToolbarCompare&RequestClass=Rule-HTML-Section&RequestAppliesTo=Data-Admin-Security-WSSecurityProfile&RequestRuleName=pzRuleFormToolbarCompare Payload: "{\"RequestClass\":\"Rule-HTML-Section\",\"RequestAppliesTo\":\"Data-Admin-Security-WSSecurityProfile\",\"RequestRuleName\":\"pzRuleFormToolbarCompare\"}" => HTTP 200 (61925 bytes)
[PegaHttpClient] 📡 POST https://zdk8budo.pegaacademy.net/prweb/api/CodeIntelligence/v1/rules/query?pxObjClass=Rule-HTML-Section&appliesTo=Data-Admin-Security-WSSecurityProfile&pyRuleName=RuleFormHeaderMessages&RequestClass=Rule-HTML-Section&RequestAppliesTo=Data-Admin-Security-WSSecurityProfile&RequestRuleName=RuleFormHeaderMessages Payload: "{\"RequestClass\":\"Rule-HTML-Section\",\"RequestAppliesTo\":\"Data-Admin-Security-WSSecurityProfile\",\"RequestRuleName\":\"RuleFormHeaderMessages\"}" => HTTP 200 (26518 bytes)
[PegaHttpClient] 📡 POST https://zdk8budo.pegaacademy.net/prweb/api/CodeIntelligence/v1/rules/query?pxObjClass=Rule-HTML-Section&appliesTo=Data-Admin-Security-WSSecurityProfile&pyRuleName=pzConfigTypeRO&RequestClass=Rule-HTML-Section&RequestAppliesTo=Data-Admin-Security-WSSecurityProfile&RequestRuleName=pzConfigTypeRO Payload: "{\"RequestClass\":\"Rule-HTML-Section\",\"RequestAppliesTo\":\"Data-Admin-Security-WSSecurityProfile\",\"RequestRuleName\":\"pzConfigTypeRO\"}" => HTTP 404 (129 bytes)
[PegaHttpClient] 📡 POST https://zdk8budo.pegaacademy.net/prweb/PRRestService/CodeIntelligence/v1/rules/query?pxObjClass=Rule-HTML-Section&appliesTo=Data-Admin-Security-WSSecurityProfile&pyRuleName=pzConfigTypeRO&RequestClass=Rule-HTML-Section&RequestAppliesTo=Data-Admin-Security-WSSecurityProfile&RequestRuleName=pzConfigTypeRO Payload: "{\"RequestClass\":\"Rule-HTML-Section\",\"RequestAppliesTo\":\"Data-Admin-Security-WSSecurityProfile\",\"RequestRuleName\":\"pzConfigTypeRO\"}" => HTTP 404 (129 bytes)
[PegaHttpClient] 📡 POST https://zdk8budo.pegaacademy.net/prweb/api/HRAppsV2Service/V1/rules/query?pxObjClass=Rule-HTML-Section&appliesTo=Data-Admin-Security-WSSecurityProfile&pyRuleName=pzConfigTypeRO&RequestClass=Rule-HTML-Section&RequestAppliesTo=Data-Admin-Security-WSSecurityProfile&RequestRuleName=pzConfigTypeRO Payload: "{\"RequestClass\":\"Rule-HTML-Section\",\"RequestAppliesTo\":\"Data-Admin-Security-WSSecurityProfile\",\"RequestRuleName\":\"pzConfigTypeRO\"}" => HTTP 404 (18 bytes)
[PegaHttpClient] 📡 POST https://zdk8budo.pegaacademy.net/prweb/PRRestService/HRAppsV2Service/V1/rules/query?pxObjClass=Rule-HTML-Section&appliesTo=Data-Admin-Security-WSSecurityProfile&pyRuleName=pzConfigTypeRO&RequestClass=Rule-HTML-Section&RequestAppliesTo=Data-Admin-Security-WSSecurityProfile&RequestRuleName=pzConfigTypeRO Payload: "{\"RequestClass\":\"Rule-HTML-Section\",\"RequestAppliesTo\":\"Data-Admin-Security-WSSecurityProfile\",\"RequestRuleName\":\"pzConfigTypeRO\"}" => HTTP 404 (18 bytes)
[PegaHttpClient] 📡 POST https://zdk8budo.pegaacademy.net/prweb/api/HRAppsV2/V1/rules/query?pxObjClass=Rule-HTML-Section&appliesTo=Data-Admin-Security-WSSecurityProfile&pyRuleName=pzConfigTypeRO&RequestClass=Rule-HTML-Section&RequestAppliesTo=Data-Admin-Security-WSSecurityProfile&RequestRuleName=pzConfigTypeRO Payload: "{\"RequestClass\":\"Rule-HTML-Section\",\"RequestAppliesTo\":\"Data-Admin-Security-WSSecurityProfile\",\"RequestRuleName\":\"pzConfigTypeRO\"}" => HTTP 404 (18 bytes)
[PegaHttpClient] 📡 POST https://zdk8budo.pegaacademy.net/prweb/PRRestService/HRAppsV2/V1/rules/query?pxObjClass=Rule-HTML-Section&appliesTo=Data-Admin-Security-WSSecurityProfile&pyRuleName=pzConfigTypeRO&RequestClass=Rule-HTML-Section&RequestAppliesTo=Data-Admin-Security-WSSecurityProfile&RequestRuleName=pzConfigTypeRO Payload: "{\"RequestClass\":\"Rule-HTML-Section\",\"RequestAppliesTo\":\"Data-Admin-Security-WSSecurityProfile\",\"RequestRuleName\":\"pzConfigTypeRO\"}" => HTTP 404 (18 bytes)
[PegaHttpClient] 📡 POST https://zdk8budo.pegaacademy.net/prweb/api/v1/rules/query?pxObjClass=Rule-HTML-Section&appliesTo=Data-Admin-Security-WSSecurityProfile&pyRuleName=pzConfigTypeRO&RequestClass=Rule-HTML-Section&RequestAppliesTo=Data-Admin-Security-WSSecurityProfile&RequestRuleName=pzConfigTypeRO Payload: "{\"RequestClass\":\"Rule-HTML-Section\",\"RequestAppliesTo\":\"Data-Admin-Security-WSSecurityProfile\",\"RequestRuleName\":\"pzConfigTypeRO\"}" => HTTP 404 (18 bytes)
[PegaHttpClient] 📡 POST https://zdk8budo.pegaacademy.net/prweb/PRRestService/v1/rules/query?pxObjClass=Rule-HTML-Section&appliesTo=Data-Admin-Security-WSSecurityProfile&pyRuleName=pzConfigTypeRO&RequestClass=Rule-HTML-Section&RequestAppliesTo=Data-Admin-Security-WSSecurityProfile&RequestRuleName=pzConfigTypeRO Payload: "{\"RequestClass\":\"Rule-HTML-Section\",\"RequestAppliesTo\":\"Data-Admin-Security-WSSecurityProfile\",\"RequestRuleName\":\"pzConfigTypeRO\"}" => HTTP 404 (18 bytes)
[PegaHttpClient] 📡 POST https://zdk8budo.pegaacademy.net/prweb/api/CodeIntelligence/v1/rules/query?pxObjClass=Rule-HTML-Section&appliesTo=Data-Admin-Security-WSSecurityProfile&pyRuleName=pzInFlowConfigTypeRO&RequestClass=Rule-HTML-Section&RequestAppliesTo=Data-Admin-Security-WSSecurityProfile&RequestRuleName=pzInFlowConfigTypeRO Payload: "{\"RequestClass\":\"Rule-HTML-Section\",\"RequestAppliesTo\":\"Data-Admin-Security-WSSecurityProfile\",\"RequestRuleName\":\"pzInFlowConfigTypeRO\"}" => HTTP 404 (135 bytes)
[PegaHttpClient] 📡 POST https://zdk8budo.pegaacademy.net/prweb/PRRestService/CodeIntelligence/v1/rules/query?pxObjClass=Rule-HTML-Section&appliesTo=Data-Admin-Security-WSSecurityProfile&pyRuleName=pzInFlowConfigTypeRO&RequestClass=Rule-HTML-Section&RequestAppliesTo=Data-Admin-Security-WSSecurityProfile&RequestRuleName=pzInFlowConfigTypeRO Payload: "{\"RequestClass\":\"Rule-HTML-Section\",\"RequestAppliesTo\":\"Data-Admin-Security-WSSecurityProfile\",\"RequestRuleName\":\"pzInFlowConfigTypeRO\"}" => HTTP 404 (135 bytes)
[PegaHttpClient] 📡 POST https://zdk8budo.pegaacademy.net/prweb/api/HRAppsV2Service/V1/rules/query?pxObjClass=Rule-HTML-Section&appliesTo=Data-Admin-Security-WSSecurityProfile&pyRuleName=pzInFlowConfigTypeRO&RequestClass=Rule-HTML-Section&RequestAppliesTo=Data-Admin-Security-WSSecurityProfile&RequestRuleName=pzInFlowConfigTypeRO Payload: "{\"RequestClass\":\"Rule-HTML-Section\",\"RequestAppliesTo\":\"Data-Admin-Security-WSSecurityProfile\",\"RequestRuleName\":\"pzInFlowConfigTypeRO\"}" => HTTP 404 (18 bytes)
[PegaHttpClient] 📡 POST https://zdk8budo.pegaacademy.net/prweb/PRRestService/HRAppsV2Service/V1/rules/query?pxObjClass=Rule-HTML-Section&appliesTo=Data-Admin-Security-WSSecurityProfile&pyRuleName=pzInFlowConfigTypeRO&RequestClass=Rule-HTML-Section&RequestAppliesTo=Data-Admin-Security-WSSecurityProfile&RequestRuleName=pzInFlowConfigTypeRO Payload: "{\"RequestClass\":\"Rule-HTML-Section\",\"RequestAppliesTo\":\"Data-Admin-Security-WSSecurityProfile\",\"RequestRuleName\":\"pzInFlowConfigTypeRO\"}" => HTTP 404 (18 bytes)
[PegaHttpClient] 📡 POST https://zdk8budo.pegaacademy.net/prweb/api/HRAppsV2/V1/rules/query?pxObjClass=Rule-HTML-Section&appliesTo=Data-Admin-Security-WSSecurityProfile&pyRuleName=pzInFlowConfigTypeRO&RequestClass=Rule-HTML-Section&RequestAppliesTo=Data-Admin-Security-WSSecurityProfile&RequestRuleName=pzInFlowConfigTypeRO Payload: "{\"RequestClass\":\"Rule-HTML-Section\",\"RequestAppliesTo\":\"Data-Admin-Security-WSSecurityProfile\",\"RequestRuleName\":\"pzInFlowConfigTypeRO\"}" => HTTP 404 (18 bytes)
[PegaHttpClient] 📡 POST https://zdk8budo.pegaacademy.net/prweb/PRRestService/HRAppsV2/V1/rules/query?pxObjClass=Rule-HTML-Section&appliesTo=Data-Admin-Security-WSSecurityProfile&pyRuleName=pzInFlowConfigTypeRO&RequestClass=Rule-HTML-Section&RequestAppliesTo=Data-Admin-Security-WSSecurityProfile&RequestRuleName=pzInFlowConfigTypeRO Payload: "{\"RequestClass\":\"Rule-HTML-Section\",\"RequestAppliesTo\":\"Data-Admin-Security-WSSecurityProfile\",\"RequestRuleName\":\"pzInFlowConfigTypeRO\"}" => HTTP 404 (18 bytes)
[PegaHttpClient] 📡 POST https://zdk8budo.pegaacademy.net/prweb/api/v1/rules/query?pxObjClass=Rule-HTML-Section&appliesTo=Data-Admin-Security-WSSecurityProfile&pyRuleName=pzInFlowConfigTypeRO&RequestClass=Rule-HTML-Section&RequestAppliesTo=Data-Admin-Security-WSSecurityProfile&RequestRuleName=pzInFlowConfigTypeRO Payload: "{\"RequestClass\":\"Rule-HTML-Section\",\"RequestAppliesTo\":\"Data-Admin-Security-WSSecurityProfile\",\"RequestRuleName\":\"pzInFlowConfigTypeRO\"}" => HTTP 404 (18 bytes)
[PegaHttpClient] 📡 POST https://zdk8budo.pegaacademy.net/prweb/PRRestService/v1/rules/query?pxObjClass=Rule-HTML-Section&appliesTo=Data-Admin-Security-WSSecurityProfile&pyRuleName=pzInFlowConfigTypeRO&RequestClass=Rule-HTML-Section&RequestAppliesTo=Data-Admin-Security-WSSecurityProfile&RequestRuleName=pzInFlowConfigTypeRO Payload: "{\"RequestClass\":\"Rule-HTML-Section\",\"RequestAppliesTo\":\"Data-Admin-Security-WSSecurityProfile\",\"RequestRuleName\":\"pzInFlowConfigTypeRO\"}" => HTTP 404 (18 bytes)
[PegaHttpClient] 📡 POST https://zdk8budo.pegaacademy.net/prweb/api/CodeIntelligence/v1/rules/query?pxObjClass=Rule-HTML-Section&appliesTo=Data-Admin-Security-WSSecurityProfile&pyRuleName=pzRuleFormStatus&RequestClass=Rule-HTML-Section&RequestAppliesTo=Data-Admin-Security-WSSecurityProfile&RequestRuleName=pzRuleFormStatus Payload: "{\"RequestClass\":\"Rule-HTML-Section\",\"RequestAppliesTo\":\"Data-Admin-Security-WSSecurityProfile\",\"RequestRuleName\":\"pzRuleFormStatus\"}" => HTTP 200 (29579 bytes)
[PegaHttpClient] 📡 POST https://zdk8budo.pegaacademy.net/prweb/api/CodeIntelligence/v1/rules/query?pxObjClass=Rule-HTML-Section&appliesTo=Data-Admin-Security-WSSecurityProfile&pyRuleName=pzRuleFormHeaderCompareWithDropDown&RequestClass=Rule-HTML-Section&RequestAppliesTo=Data-Admin-Security-WSSecurityProfile&RequestRuleName=pzRuleFormHeaderCompareWithDropDown Payload: "{\"RequestClass\":\"Rule-HTML-Section\",\"RequestAppliesTo\":\"Data-Admin-Security-WSSecurityProfile\",\"RequestRuleName\":\"pzRuleFormHeaderCompareWithDropDown\"}" => HTTP 200 (25396 bytes)
[PegaHttpClient] 📡 POST https://zdk8budo.pegaacademy.net/prweb/api/CodeIntelligence/v1/rules/query?pxObjClass=Rule-HTML-Section&appliesTo=Data-Admin-Security-WSSecurityProfile&pyRuleName=undefined&RequestClass=Rule-HTML-Section&RequestAppliesTo=Data-Admin-Security-WSSecurityProfile&RequestRuleName=undefined Payload: "{\"RequestClass\":\"Rule-HTML-Section\",\"RequestAppliesTo\":\"Data-Admin-Security-WSSecurityProfile\",\"RequestRuleName\":\"undefined\"}" => HTTP 404 (124 bytes)
[PegaHttpClient] 📡 POST https://zdk8budo.pegaacademy.net/prweb/PRRestService/CodeIntelligence/v1/rules/query?pxObjClass=Rule-HTML-Section&appliesTo=Data-Admin-Security-WSSecurityProfile&pyRuleName=undefined&RequestClass=Rule-HTML-Section&RequestAppliesTo=Data-Admin-Security-WSSecurityProfile&RequestRuleName=undefined Payload: "{\"RequestClass\":\"Rule-HTML-Section\",\"RequestAppliesTo\":\"Data-Admin-Security-WSSecurityProfile\",\"RequestRuleName\":\"undefined\"}" => HTTP 404 (124 bytes)
[PegaHttpClient] 📡 POST https://zdk8budo.pegaacademy.net/prweb/api/HRAppsV2Service/V1/rules/query?pxObjClass=Rule-HTML-Section&appliesTo=Data-Admin-Security-WSSecurityProfile&pyRuleName=undefined&RequestClass=Rule-HTML-Section&RequestAppliesTo=Data-Admin-Security-WSSecurityProfile&RequestRuleName=undefined Payload: "{\"RequestClass\":\"Rule-HTML-Section\",\"RequestAppliesTo\":\"Data-Admin-Security-WSSecurityProfile\",\"RequestRuleName\":\"undefined\"}" => HTTP 404 (18 bytes)
[PegaHttpClient] 📡 POST https://zdk8budo.pegaacademy.net/prweb/PRRestService/HRAppsV2Service/V1/rules/query?pxObjClass=Rule-HTML-Section&appliesTo=Data-Admin-Security-WSSecurityProfile&pyRuleName=undefined&RequestClass=Rule-HTML-Section&RequestAppliesTo=Data-Admin-Security-WSSecurityProfile&RequestRuleName=undefined Payload: "{\"RequestClass\":\"Rule-HTML-Section\",\"RequestAppliesTo\":\"Data-Admin-Security-WSSecurityProfile\",\"RequestRuleName\":\"undefined\"}" => HTTP 404 (18 bytes)
[PegaHttpClient] 📡 POST https://zdk8budo.pegaacademy.net/prweb/api/HRAppsV2/V1/rules/query?pxObjClass=Rule-HTML-Section&appliesTo=Data-Admin-Security-WSSecurityProfile&pyRuleName=undefined&RequestClass=Rule-HTML-Section&RequestAppliesTo=Data-Admin-Security-WSSecurityProfile&RequestRuleName=undefined Payload: "{\"RequestClass\":\"Rule-HTML-Section\",\"RequestAppliesTo\":\"Data-Admin-Security-WSSecurityProfile\",\"RequestRuleName\":\"undefined\"}" => HTTP 404 (18 bytes)
[PegaHttpClient] 📡 POST https://zdk8budo.pegaacademy.net/prweb/PRRestService/HRAppsV2/V1/rules/query?pxObjClass=Rule-HTML-Section&appliesTo=Data-Admin-Security-WSSecurityProfile&pyRuleName=undefined&RequestClass=Rule-HTML-Section&RequestAppliesTo=Data-Admin-Security-WSSecurityProfile&RequestRuleName=undefined Payload: "{\"RequestClass\":\"Rule-HTML-Section\",\"RequestAppliesTo\":\"Data-Admin-Security-WSSecurityProfile\",\"RequestRuleName\":\"undefined\"}" => HTTP 404 (18 bytes)
[PegaHttpClient] 📡 POST https://zdk8budo.pegaacademy.net/prweb/api/v1/rules/query?pxObjClass=Rule-HTML-Section&appliesTo=Data-Admin-Security-WSSecurityProfile&pyRuleName=undefined&RequestClass=Rule-HTML-Section&RequestAppliesTo=Data-Admin-Security-WSSecurityProfile&RequestRuleName=undefined Payload: "{\"RequestClass\":\"Rule-HTML-Section\",\"RequestAppliesTo\":\"Data-Admin-Security-WSSecurityProfile\",\"RequestRuleName\":\"undefined\"}" => HTTP 404 (18 bytes)
[PegaHttpClient] 📡 POST https://zdk8budo.pegaacademy.net/prweb/PRRestService/v1/rules/query?pxObjClass=Rule-HTML-Section&appliesTo=Data-Admin-Security-WSSecurityProfile&pyRuleName=undefined&RequestClass=Rule-HTML-Section&RequestAppliesTo=Data-Admin-Security-WSSecurityProfile&RequestRuleName=undefined Payload: "{\"RequestClass\":\"Rule-HTML-Section\",\"RequestAppliesTo\":\"Data-Admin-Security-WSSecurityProfile\",\"RequestRuleName\":\"undefined\"}" => HTTP 404 (18 bytes)
[PegaHttpClient] 📡 POST https://zdk8budo.pegaacademy.net/prweb/api/CodeIntelligence/v1/rules/query?pxObjClass=Rule-HTML-Section&appliesTo=Data-Admin-Security-WSSecurityProfile&pyRuleName=pzRuleFormToolbarHotKeys&RequestClass=Rule-HTML-Section&RequestAppliesTo=Data-Admin-Security-WSSecurityProfile&RequestRuleName=pzRuleFormToolbarHotKeys Payload: "{\"RequestClass\":\"Rule-HTML-Section\",\"RequestAppliesTo\":\"Data-Admin-Security-WSSecurityProfile\",\"RequestRuleName\":\"pzRuleFormToolbarHotKeys\"}" => HTTP 200 (85058 bytes)
[PegaHttpClient] 📡 POST https://zdk8budo.pegaacademy.net/prweb/api/CodeIntelligence/v1/rules/query?pxObjClass=Rule-HTML-Section&appliesTo=Data-Admin-Security-WSSecurityProfile&pyRuleName=pzRuleFormToolbarLockedIcon&RequestClass=Rule-HTML-Section&RequestAppliesTo=Data-Admin-Security-WSSecurityProfile&RequestRuleName=pzRuleFormToolbarLockedIcon Payload: "{\"RequestClass\":\"Rule-HTML-Section\",\"RequestAppliesTo\":\"Data-Admin-Security-WSSecurityProfile\",\"RequestRuleName\":\"pzRuleFormToolbarLockedIcon\"}" => HTTP 200 (19111 bytes)
[PegaHttpClient] 📡 POST https://zdk8budo.pegaacademy.net/prweb/api/CodeIntelligence/v1/rules/query?pxObjClass=Rule-HTML-Section&appliesTo=Data-Admin-Security-WSSecurityProfile&pyRuleName=pzRuleFormToolbarCollaborators&RequestClass=Rule-HTML-Section&RequestAppliesTo=Data-Admin-Security-WSSecurityProfile&RequestRuleName=pzRuleFormToolbarCollaborators Payload: "{\"RequestClass\":\"Rule-HTML-Section\",\"RequestAppliesTo\":\"Data-Admin-Security-WSSecurityProfile\",\"RequestRuleName\":\"pzRuleFormToolbarCollaborators\"}" => HTTP 200 (15254 bytes)
[PegaHttpClient] 📡 POST https://zdk8budo.pegaacademy.net/prweb/api/CodeIntelligence/v1/rules/query?pxObjClass=Rule-HTML-Section&appliesTo=Data-Admin-Security-WSSecurityProfile&pyRuleName=pzRuleFormToolbarSaveAs&RequestClass=Rule-HTML-Section&RequestAppliesTo=Data-Admin-Security-WSSecurityProfile&RequestRuleName=pzRuleFormToolbarSaveAs Payload: "{\"RequestClass\":\"Rule-HTML-Section\",\"RequestAppliesTo\":\"Data-Admin-Security-WSSecurityProfile\",\"RequestRuleName\":\"pzRuleFormToolbarSaveAs\"}" => HTTP 200 (64084 bytes)
[PegaHttpClient] 📡 POST https://zdk8budo.pegaacademy.net/prweb/api/CodeIntelligence/v1/rules/query?pxObjClass=Rule-HTML-Section&appliesTo=Data-Admin-Security-WSSecurityProfile&pyRuleName=pzRuleFormToolbarCheckin&RequestClass=Rule-HTML-Section&RequestAppliesTo=Data-Admin-Security-WSSecurityProfile&RequestRuleName=pzRuleFormToolbarCheckin Payload: "{\"RequestClass\":\"Rule-HTML-Section\",\"RequestAppliesTo\":\"Data-Admin-Security-WSSecurityProfile\",\"RequestRuleName\":\"pzRuleFormToolbarCheckin\"}" => HTTP 200 (15601 bytes)
[PegaHttpClient] 📡 POST https://zdk8budo.pegaacademy.net/prweb/api/CodeIntelligence/v1/rules/query?pxObjClass=Rule-HTML-Section&appliesTo=Data-Admin-Security-WSSecurityProfile&pyRuleName=pzRuleFormToolbarDelete&RequestClass=Rule-HTML-Section&RequestAppliesTo=Data-Admin-Security-WSSecurityProfile&RequestRuleName=pzRuleFormToolbarDelete Payload: "{\"RequestClass\":\"Rule-HTML-Section\",\"RequestAppliesTo\":\"Data-Admin-Security-WSSecurityProfile\",\"RequestRuleName\":\"pzRuleFormToolbarDelete\"}" => HTTP 200 (30249 bytes)
[PegaHttpClient] 📡 POST https://zdk8budo.pegaacademy.net/prweb/api/CodeIntelligence/v1/rules/query?pxObjClass=Rule-HTML-Section&appliesTo=Data-Admin-Security-WSSecurityProfile&pyRuleName=pzRuleFormToolbarSave&RequestClass=Rule-HTML-Section&RequestAppliesTo=Data-Admin-Security-WSSecurityProfile&RequestRuleName=pzRuleFormToolbarSave Payload: "{\"RequestClass\":\"Rule-HTML-Section\",\"RequestAppliesTo\":\"Data-Admin-Security-WSSecurityProfile\",\"RequestRuleName\":\"pzRuleFormToolbarSave\"}" => HTTP 200 (293885 bytes)
[PegaHttpClient] 📡 POST https://zdk8budo.pegaacademy.net/prweb/api/CodeIntelligence/v1/rules/query?pxObjClass=Rule-HTML-Section&appliesTo=Data-Admin-Security-WSSecurityProfile&pyRuleName=pzRuleFormToolbarCheckout&RequestClass=Rule-HTML-Section&RequestAppliesTo=Data-Admin-Security-WSSecurityProfile&RequestRuleName=pzRuleFormToolbarCheckout Payload: "{\"RequestClass\":\"Rule-HTML-Section\",\"RequestAppliesTo\":\"Data-Admin-Security-WSSecurityProfile\",\"RequestRuleName\":\"pzRuleFormToolbarCheckout\"}" => HTTP 200 (14854 bytes)
[PegaHttpClient] 📡 POST https://zdk8budo.pegaacademy.net/prweb/api/CodeIntelligence/v1/rules/query?pxObjClass=Rule-HTML-Section&appliesTo=Data-Admin-Security-WSSecurityProfile&pyRuleName=pzRemoveErrorsDataPage&RequestClass=Rule-HTML-Section&RequestAppliesTo=Data-Admin-Security-WSSecurityProfile&RequestRuleName=pzRemoveErrorsDataPage Payload: "{\"RequestClass\":\"Rule-HTML-Section\",\"RequestAppliesTo\":\"Data-Admin-Security-WSSecurityProfile\",\"RequestRuleName\":\"pzRemoveErrorsDataPage\"}" => HTTP 200 (16733 bytes)
[PegaHttpClient] 📡 POST https://zdk8budo.pegaacademy.net/prweb/api/CodeIntelligence/v1/rules/query?pxObjClass=Rule-HTML-Section&appliesTo=Data-Admin-Security-WSSecurityProfile&pyRuleName=pzRuleFormHeaderMessagesWrapper&RequestClass=Rule-HTML-Section&RequestAppliesTo=Data-Admin-Security-WSSecurityProfile&RequestRuleName=pzRuleFormHeaderMessagesWrapper Payload: "{\"RequestClass\":\"Rule-HTML-Section\",\"RequestAppliesTo\":\"Data-Admin-Security-WSSecurityProfile\",\"RequestRuleName\":\"pzRuleFormHeaderMessagesWrapper\"}" => HTTP 200 (16981 bytes)
[PegaHttpClient] 📡 POST https://zdk8budo.pegaacademy.net/prweb/api/CodeIntelligence/v1/rules/query?pxObjClass=Rule-HTML-Section&appliesTo=Data-Admin-Security-WSSecurityProfile&pyRuleName=pxDisplayCollaborators&RequestClass=Rule-HTML-Section&RequestAppliesTo=Data-Admin-Security-WSSecurityProfile&RequestRuleName=pxDisplayCollaborators Payload: "{\"RequestClass\":\"Rule-HTML-Section\",\"RequestAppliesTo\":\"Data-Admin-Security-WSSecurityProfile\",\"RequestRuleName\":\"pxDisplayCollaborators\"}" => HTTP 200 (94171 bytes)
[PegaHttpClient] 📡 POST https://zdk8budo.pegaacademy.net/prweb/api/CodeIntelligence/v1/rules/query?pxObjClass=Rule-HTML-Section&appliesTo=Data-Admin-Security-WSSecurityProfile&pyRuleName=pzRuleFormToolbarDeleteCheckOut&RequestClass=Rule-HTML-Section&RequestAppliesTo=Data-Admin-Security-WSSecurityProfile&RequestRuleName=pzRuleFormToolbarDeleteCheckOut Payload: "{\"RequestClass\":\"Rule-HTML-Section\",\"RequestAppliesTo\":\"Data-Admin-Security-WSSecurityProfile\",\"RequestRuleName\":\"pzRuleFormToolbarDeleteCheckOut\"}" => HTTP 404 (146 bytes)
[PegaHttpClient] 📡 POST https://zdk8budo.pegaacademy.net/prweb/PRRestService/CodeIntelligence/v1/rules/query?pxObjClass=Rule-HTML-Section&appliesTo=Data-Admin-Security-WSSecurityProfile&pyRuleName=pzRuleFormToolbarDeleteCheckOut&RequestClass=Rule-HTML-Section&RequestAppliesTo=Data-Admin-Security-WSSecurityProfile&RequestRuleName=pzRuleFormToolbarDeleteCheckOut Payload: "{\"RequestClass\":\"Rule-HTML-Section\",\"RequestAppliesTo\":\"Data-Admin-Security-WSSecurityProfile\",\"RequestRuleName\":\"pzRuleFormToolbarDeleteCheckOut\"}" => HTTP 404 (146 bytes)
[PegaHttpClient] 📡 POST https://zdk8budo.pegaacademy.net/prweb/api/HRAppsV2Service/V1/rules/query?pxObjClass=Rule-HTML-Section&appliesTo=Data-Admin-Security-WSSecurityProfile&pyRuleName=pzRuleFormToolbarDeleteCheckOut&RequestClass=Rule-HTML-Section&RequestAppliesTo=Data-Admin-Security-WSSecurityProfile&RequestRuleName=pzRuleFormToolbarDeleteCheckOut Payload: "{\"RequestClass\":\"Rule-HTML-Section\",\"RequestAppliesTo\":\"Data-Admin-Security-WSSecurityProfile\",\"RequestRuleName\":\"pzRuleFormToolbarDeleteCheckOut\"}" => HTTP 404 (18 bytes)
[PegaHttpClient] 📡 POST https://zdk8budo.pegaacademy.net/prweb/PRRestService/HRAppsV2Service/V1/rules/query?pxObjClass=Rule-HTML-Section&appliesTo=Data-Admin-Security-WSSecurityProfile&pyRuleName=pzRuleFormToolbarDeleteCheckOut&RequestClass=Rule-HTML-Section&RequestAppliesTo=Data-Admin-Security-WSSecurityProfile&RequestRuleName=pzRuleFormToolbarDeleteCheckOut Payload: "{\"RequestClass\":\"Rule-HTML-Section\",\"RequestAppliesTo\":\"Data-Admin-Security-WSSecurityProfile\",\"RequestRuleName\":\"pzRuleFormToolbarDeleteCheckOut\"}" => HTTP 404 (18 bytes)
[PegaHttpClient] 📡 POST https://zdk8budo.pegaacademy.net/prweb/api/HRAppsV2/V1/rules/query?pxObjClass=Rule-HTML-Section&appliesTo=Data-Admin-Security-WSSecurityProfile&pyRuleName=pzRuleFormToolbarDeleteCheckOut&RequestClass=Rule-HTML-Section&RequestAppliesTo=Data-Admin-Security-WSSecurityProfile&RequestRuleName=pzRuleFormToolbarDeleteCheckOut Payload: "{\"RequestClass\":\"Rule-HTML-Section\",\"RequestAppliesTo\":\"Data-Admin-Security-WSSecurityProfile\",\"RequestRuleName\":\"pzRuleFormToolbarDeleteCheckOut\"}" => HTTP 404 (18 bytes)
[PegaHttpClient] 📡 POST https://zdk8budo.pegaacademy.net/prweb/PRRestService/HRAppsV2/V1/rules/query?pxObjClass=Rule-HTML-Section&appliesTo=Data-Admin-Security-WSSecurityProfile&pyRuleName=pzRuleFormToolbarDeleteCheckOut&RequestClass=Rule-HTML-Section&RequestAppliesTo=Data-Admin-Security-WSSecurityProfile&RequestRuleName=pzRuleFormToolbarDeleteCheckOut Payload: "{\"RequestClass\":\"Rule-HTML-Section\",\"RequestAppliesTo\":\"Data-Admin-Security-WSSecurityProfile\",\"RequestRuleName\":\"pzRuleFormToolbarDeleteCheckOut\"}" => HTTP 404 (18 bytes)
[PegaHttpClient] 📡 POST https://zdk8budo.pegaacademy.net/prweb/api/v1/rules/query?pxObjClass=Rule-HTML-Section&appliesTo=Data-Admin-Security-WSSecurityProfile&pyRuleName=pzRuleFormToolbarDeleteCheckOut&RequestClass=Rule-HTML-Section&RequestAppliesTo=Data-Admin-Security-WSSecurityProfile&RequestRuleName=pzRuleFormToolbarDeleteCheckOut Payload: "{\"RequestClass\":\"Rule-HTML-Section\",\"RequestAppliesTo\":\"Data-Admin-Security-WSSecurityProfile\",\"RequestRuleName\":\"pzRuleFormToolbarDeleteCheckOut\"}" => HTTP 404 (18 bytes)
[PegaHttpClient] 📡 POST https://zdk8budo.pegaacademy.net/prweb/PRRestService/v1/rules/query?pxObjClass=Rule-HTML-Section&appliesTo=Data-Admin-Security-WSSecurityProfile&pyRuleName=pzRuleFormToolbarDeleteCheckOut&RequestClass=Rule-HTML-Section&RequestAppliesTo=Data-Admin-Security-WSSecurityProfile&RequestRuleName=pzRuleFormToolbarDeleteCheckOut Payload: "{\"RequestClass\":\"Rule-HTML-Section\",\"RequestAppliesTo\":\"Data-Admin-Security-WSSecurityProfile\",\"RequestRuleName\":\"pzRuleFormToolbarDeleteCheckOut\"}" => HTTP 404 (18 bytes)
[PegaHttpClient] 📡 POST https://zdk8budo.pegaacademy.net/prweb/api/CodeIntelligence/v1/rules/query?pxObjClass=Rule-HTML-Section&appliesTo=Data-Admin-Security-WSSecurityProfile&pyRuleName=pzRuleFormToolbarDeleteRule&RequestClass=Rule-HTML-Section&RequestAppliesTo=Data-Admin-Security-WSSecurityProfile&RequestRuleName=pzRuleFormToolbarDeleteRule Payload: "{\"RequestClass\":\"Rule-HTML-Section\",\"RequestAppliesTo\":\"Data-Admin-Security-WSSecurityProfile\",\"RequestRuleName\":\"pzRuleFormToolbarDeleteRule\"}" => HTTP 200 (32314 bytes)
[PegaHttpClient] 📡 POST https://zdk8budo.pegaacademy.net/prweb/api/CodeIntelligence/v1/rules/query?pxObjClass=Rule-HTML-Section&appliesTo=Data-Admin-Security-WSSecurityProfile&pyRuleName=pzLoadCollaborationScripts&RequestClass=Rule-HTML-Section&RequestAppliesTo=Data-Admin-Security-WSSecurityProfile&RequestRuleName=pzLoadCollaborationScripts Payload: "{\"RequestClass\":\"Rule-HTML-Section\",\"RequestAppliesTo\":\"Data-Admin-Security-WSSecurityProfile\",\"RequestRuleName\":\"pzLoadCollaborationScripts\"}" => HTTP 200 (23453 bytes)
[PegaHttpClient] 📡 POST https://zdk8budo.pegaacademy.net/prweb/api/CodeIntelligence/v1/rules/query?pxObjClass=Rule-HTML-Section&appliesTo=Data-Admin-Security-WSSecurityProfile&pyRuleName=pzDisplayCollaboratorsList&RequestClass=Rule-HTML-Section&RequestAppliesTo=Data-Admin-Security-WSSecurityProfile&RequestRuleName=pzDisplayCollaboratorsList Payload: "{\"RequestClass\":\"Rule-HTML-Section\",\"RequestAppliesTo\":\"Data-Admin-Security-WSSecurityProfile\",\"RequestRuleName\":\"pzDisplayCollaboratorsList\"}" => HTTP 200 (105418 bytes)
[PegaHttpClient] 📡 POST https://zdk8budo.pegaacademy.net/prweb/api/CodeIntelligence/v1/rules/query?pxObjClass=Rule-HTML-Section&appliesTo=Data-Admin-Security-WSSecurityProfile&pyRuleName=pyCollaborator&RequestClass=Rule-HTML-Section&RequestAppliesTo=Data-Admin-Security-WSSecurityProfile&RequestRuleName=pyCollaborator Payload: "{\"RequestClass\":\"Rule-HTML-Section\",\"RequestAppliesTo\":\"Data-Admin-Security-WSSecurityProfile\",\"RequestRuleName\":\"pyCollaborator\"}" => HTTP 404 (129 bytes)
[PegaHttpClient] 📡 POST https://zdk8budo.pegaacademy.net/prweb/PRRestService/CodeIntelligence/v1/rules/query?pxObjClass=Rule-HTML-Section&appliesTo=Data-Admin-Security-WSSecurityProfile&pyRuleName=pyCollaborator&RequestClass=Rule-HTML-Section&RequestAppliesTo=Data-Admin-Security-WSSecurityProfile&RequestRuleName=pyCollaborator Payload: "{\"RequestClass\":\"Rule-HTML-Section\",\"RequestAppliesTo\":\"Data-Admin-Security-WSSecurityProfile\",\"RequestRuleName\":\"pyCollaborator\"}" => HTTP 404 (129 bytes)
[PegaHttpClient] 📡 POST https://zdk8budo.pegaacademy.net/prweb/api/HRAppsV2Service/V1/rules/query?pxObjClass=Rule-HTML-Section&appliesTo=Data-Admin-Security-WSSecurityProfile&pyRuleName=pyCollaborator&RequestClass=Rule-HTML-Section&RequestAppliesTo=Data-Admin-Security-WSSecurityProfile&RequestRuleName=pyCollaborator Payload: "{\"RequestClass\":\"Rule-HTML-Section\",\"RequestAppliesTo\":\"Data-Admin-Security-WSSecurityProfile\",\"RequestRuleName\":\"pyCollaborator\"}" => HTTP 404 (18 bytes)
[PegaHttpClient] 📡 POST https://zdk8budo.pegaacademy.net/prweb/PRRestService/HRAppsV2Service/V1/rules/query?pxObjClass=Rule-HTML-Section&appliesTo=Data-Admin-Security-WSSecurityProfile&pyRuleName=pyCollaborator&RequestClass=Rule-HTML-Section&RequestAppliesTo=Data-Admin-Security-WSSecurityProfile&RequestRuleName=pyCollaborator Payload: "{\"RequestClass\":\"Rule-HTML-Section\",\"RequestAppliesTo\":\"Data-Admin-Security-WSSecurityProfile\",\"RequestRuleName\":\"pyCollaborator\"}" => HTTP 404 (18 bytes)
[PegaHttpClient] 📡 POST https://zdk8budo.pegaacademy.net/prweb/api/HRAppsV2/V1/rules/query?pxObjClass=Rule-HTML-Section&appliesTo=Data-Admin-Security-WSSecurityProfile&pyRuleName=pyCollaborator&RequestClass=Rule-HTML-Section&RequestAppliesTo=Data-Admin-Security-WSSecurityProfile&RequestRuleName=pyCollaborator Payload: "{\"RequestClass\":\"Rule-HTML-Section\",\"RequestAppliesTo\":\"Data-Admin-Security-WSSecurityProfile\",\"RequestRuleName\":\"pyCollaborator\"}" => HTTP 404 (18 bytes)
[PegaHttpClient] 📡 POST https://zdk8budo.pegaacademy.net/prweb/PRRestService/HRAppsV2/V1/rules/query?pxObjClass=Rule-HTML-Section&appliesTo=Data-Admin-Security-WSSecurityProfile&pyRuleName=pyCollaborator&RequestClass=Rule-HTML-Section&RequestAppliesTo=Data-Admin-Security-WSSecurityProfile&RequestRuleName=pyCollaborator Payload: "{\"RequestClass\":\"Rule-HTML-Section\",\"RequestAppliesTo\":\"Data-Admin-Security-WSSecurityProfile\",\"RequestRuleName\":\"pyCollaborator\"}" => HTTP 404 (18 bytes)
[PegaHttpClient] 📡 POST https://zdk8budo.pegaacademy.net/prweb/api/v1/rules/query?pxObjClass=Rule-HTML-Section&appliesTo=Data-Admin-Security-WSSecurityProfile&pyRuleName=pyCollaborator&RequestClass=Rule-HTML-Section&RequestAppliesTo=Data-Admin-Security-WSSecurityProfile&RequestRuleName=pyCollaborator Payload: "{\"RequestClass\":\"Rule-HTML-Section\",\"RequestAppliesTo\":\"Data-Admin-Security-WSSecurityProfile\",\"RequestRuleName\":\"pyCollaborator\"}" => HTTP 404 (18 bytes)
[PegaHttpClient] 📡 POST https://zdk8budo.pegaacademy.net/prweb/PRRestService/v1/rules/query?pxObjClass=Rule-HTML-Section&appliesTo=Data-Admin-Security-WSSecurityProfile&pyRuleName=pyCollaborator&RequestClass=Rule-HTML-Section&RequestAppliesTo=Data-Admin-Security-WSSecurityProfile&RequestRuleName=pyCollaborator Payload: "{\"RequestClass\":\"Rule-HTML-Section\",\"RequestAppliesTo\":\"Data-Admin-Security-WSSecurityProfile\",\"RequestRuleName\":\"pyCollaborator\"}" => HTTP 404 (18 bytes)
[PegaHttpClient] 📡 POST https://zdk8budo.pegaacademy.net/prweb/api/CodeIntelligence/v1/rules/query?pxObjClass=Rule-HTML-Section&appliesTo=Data-Admin-Security-WSSecurityProfile&pyRuleName=pzDisplayPartialCount&RequestClass=Rule-HTML-Section&RequestAppliesTo=Data-Admin-Security-WSSecurityProfile&RequestRuleName=pzDisplayPartialCount Payload: "{\"RequestClass\":\"Rule-HTML-Section\",\"RequestAppliesTo\":\"Data-Admin-Security-WSSecurityProfile\",\"RequestRuleName\":\"pzDisplayPartialCount\"}" => HTTP 404 (136 bytes)
[PegaHttpClient] 📡 POST https://zdk8budo.pegaacademy.net/prweb/PRRestService/CodeIntelligence/v1/rules/query?pxObjClass=Rule-HTML-Section&appliesTo=Data-Admin-Security-WSSecurityProfile&pyRuleName=pzDisplayPartialCount&RequestClass=Rule-HTML-Section&RequestAppliesTo=Data-Admin-Security-WSSecurityProfile&RequestRuleName=pzDisplayPartialCount Payload: "{\"RequestClass\":\"Rule-HTML-Section\",\"RequestAppliesTo\":\"Data-Admin-Security-WSSecurityProfile\",\"RequestRuleName\":\"pzDisplayPartialCount\"}" => HTTP 404 (136 bytes)
[PegaHttpClient] 📡 POST https://zdk8budo.pegaacademy.net/prweb/api/HRAppsV2Service/V1/rules/query?pxObjClass=Rule-HTML-Section&appliesTo=Data-Admin-Security-WSSecurityProfile&pyRuleName=pzDisplayPartialCount&RequestClass=Rule-HTML-Section&RequestAppliesTo=Data-Admin-Security-WSSecurityProfile&RequestRuleName=pzDisplayPartialCount Payload: "{\"RequestClass\":\"Rule-HTML-Section\",\"RequestAppliesTo\":\"Data-Admin-Security-WSSecurityProfile\",\"RequestRuleName\":\"pzDisplayPartialCount\"}" => HTTP 404 (18 bytes)
[PegaHttpClient] 📡 POST https://zdk8budo.pegaacademy.net/prweb/PRRestService/HRAppsV2Service/V1/rules/query?pxObjClass=Rule-HTML-Section&appliesTo=Data-Admin-Security-WSSecurityProfile&pyRuleName=pzDisplayPartialCount&RequestClass=Rule-HTML-Section&RequestAppliesTo=Data-Admin-Security-WSSecurityProfile&RequestRuleName=pzDisplayPartialCount Payload: "{\"RequestClass\":\"Rule-HTML-Section\",\"RequestAppliesTo\":\"Data-Admin-Security-WSSecurityProfile\",\"RequestRuleName\":\"pzDisplayPartialCount\"}" => HTTP 404 (18 bytes)
[PegaHttpClient] 📡 POST https://zdk8budo.pegaacademy.net/prweb/api/HRAppsV2/V1/rules/query?pxObjClass=Rule-HTML-Section&appliesTo=Data-Admin-Security-WSSecurityProfile&pyRuleName=pzDisplayPartialCount&RequestClass=Rule-HTML-Section&RequestAppliesTo=Data-Admin-Security-WSSecurityProfile&RequestRuleName=pzDisplayPartialCount Payload: "{\"RequestClass\":\"Rule-HTML-Section\",\"RequestAppliesTo\":\"Data-Admin-Security-WSSecurityProfile\",\"RequestRuleName\":\"pzDisplayPartialCount\"}" => HTTP 404 (18 bytes)
[PegaHttpClient] 📡 POST https://zdk8budo.pegaacademy.net/prweb/PRRestService/HRAppsV2/V1/rules/query?pxObjClass=Rule-HTML-Section&appliesTo=Data-Admin-Security-WSSecurityProfile&pyRuleName=pzDisplayPartialCount&RequestClass=Rule-HTML-Section&RequestAppliesTo=Data-Admin-Security-WSSecurityProfile&RequestRuleName=pzDisplayPartialCount Payload: "{\"RequestClass\":\"Rule-HTML-Section\",\"RequestAppliesTo\":\"Data-Admin-Security-WSSecurityProfile\",\"RequestRuleName\":\"pzDisplayPartialCount\"}" => HTTP 404 (18 bytes)
[PegaHttpClient] 📡 POST https://zdk8budo.pegaacademy.net/prweb/api/v1/rules/query?pxObjClass=Rule-HTML-Section&appliesTo=Data-Admin-Security-WSSecurityProfile&pyRuleName=pzDisplayPartialCount&RequestClass=Rule-HTML-Section&RequestAppliesTo=Data-Admin-Security-WSSecurityProfile&RequestRuleName=pzDisplayPartialCount Payload: "{\"RequestClass\":\"Rule-HTML-Section\",\"RequestAppliesTo\":\"Data-Admin-Security-WSSecurityProfile\",\"RequestRuleName\":\"pzDisplayPartialCount\"}" => HTTP 404 (18 bytes)
[PegaHttpClient] 📡 POST https://zdk8budo.pegaacademy.net/prweb/PRRestService/v1/rules/query?pxObjClass=Rule-HTML-Section&appliesTo=Data-Admin-Security-WSSecurityProfile&pyRuleName=pzDisplayPartialCount&RequestClass=Rule-HTML-Section&RequestAppliesTo=Data-Admin-Security-WSSecurityProfile&RequestRuleName=pzDisplayPartialCount Payload: "{\"RequestClass\":\"Rule-HTML-Section\",\"RequestAppliesTo\":\"Data-Admin-Security-WSSecurityProfile\",\"RequestRuleName\":\"pzDisplayPartialCount\"}" => HTTP 404 (18 bytes)
[SchemaGen] ✅ Schema written for Data-Admin-Security-WSSecurityProfile
[PegaHttpClient] 📡 GET https://zdk8budo.pegaacademy.net/prweb/api/CodeIntelligence/v1/rules/RULE-HTML-HARNESS%20DATA-ADMIN-SECURITY-TOKEN%20RULEFORM%20%2320180713T135820.552%20GMT => HTTP 200 (21394 bytes)
[PegaHttpClient] 📡 POST https://zdk8budo.pegaacademy.net/prweb/api/CodeIntelligence/v1/rules/query?pxObjClass=Rule-HTML-Section&appliesTo=Data-Admin-Security-Token&pyRuleName=RuleFormMain&RequestClass=Rule-HTML-Section&RequestAppliesTo=Data-Admin-Security-Token&RequestRuleName=RuleFormMain Payload: "{\"RequestClass\":\"Rule-HTML-Section\",\"RequestAppliesTo\":\"Data-Admin-Security-Token\",\"RequestRuleName\":\"RuleFormMain\"}" => HTTP 200 (156234 bytes)
[PegaHttpClient] 📡 POST https://zdk8budo.pegaacademy.net/prweb/api/CodeIntelligence/v1/rules/query?pxObjClass=Rule-HTML-Section&appliesTo=Data-Admin-Security-Token&pyRuleName=pxAlternateRuleForm&RequestClass=Rule-HTML-Section&RequestAppliesTo=Data-Admin-Security-Token&RequestRuleName=pxAlternateRuleForm Payload: "{\"RequestClass\":\"Rule-HTML-Section\",\"RequestAppliesTo\":\"Data-Admin-Security-Token\",\"RequestRuleName\":\"pxAlternateRuleForm\"}" => HTTP 200 (66153 bytes)
[PegaHttpClient] 📡 POST https://zdk8budo.pegaacademy.net/prweb/api/CodeIntelligence/v1/rules/query?pxObjClass=Rule-HTML-Section&appliesTo=Data-Admin-Security-Token&pyRuleName=pzRuleFormScripts&RequestClass=Rule-HTML-Section&RequestAppliesTo=Data-Admin-Security-Token&RequestRuleName=pzRuleFormScripts Payload: "{\"RequestClass\":\"Rule-HTML-Section\",\"RequestAppliesTo\":\"Data-Admin-Security-Token\",\"RequestRuleName\":\"pzRuleFormScripts\"}" => HTTP 200 (40822 bytes)
[PegaHttpClient] 📡 POST https://zdk8budo.pegaacademy.net/prweb/api/CodeIntelligence/v1/rules/query?pxObjClass=Rule-HTML-Section&appliesTo=Data-Admin-Security-Token&pyRuleName=pzRuleFormLayoutDelegated&RequestClass=Rule-HTML-Section&RequestAppliesTo=Data-Admin-Security-Token&RequestRuleName=pzRuleFormLayoutDelegated Payload: "{\"RequestClass\":\"Rule-HTML-Section\",\"RequestAppliesTo\":\"Data-Admin-Security-Token\",\"RequestRuleName\":\"pzRuleFormLayoutDelegated\"}" => HTTP 200 (70998 bytes)
[PegaHttpClient] 📡 POST https://zdk8budo.pegaacademy.net/prweb/api/CodeIntelligence/v1/rules/query?pxObjClass=Rule-HTML-Section&appliesTo=Data-Admin-Security-Token&pyRuleName=RuleFormLayout&RequestClass=Rule-HTML-Section&RequestAppliesTo=Data-Admin-Security-Token&RequestRuleName=RuleFormLayout Payload: "{\"RequestClass\":\"Rule-HTML-Section\",\"RequestAppliesTo\":\"Data-Admin-Security-Token\",\"RequestRuleName\":\"RuleFormLayout\"}" => HTTP 200 (130165 bytes)
[PegaHttpClient] 📡 POST https://zdk8budo.pegaacademy.net/prweb/api/CodeIntelligence/v1/rules/query?pxObjClass=Rule-HTML-Section&appliesTo=Data-Admin-Security-Token&pyRuleName=RuleFormSettings&RequestClass=Rule-HTML-Section&RequestAppliesTo=Data-Admin-Security-Token&RequestRuleName=RuleFormSettings Payload: "{\"RequestClass\":\"Rule-HTML-Section\",\"RequestAppliesTo\":\"Data-Admin-Security-Token\",\"RequestRuleName\":\"RuleFormSettings\"}" => HTTP 200 (21582 bytes)
[PegaHttpClient] 📡 POST https://zdk8budo.pegaacademy.net/prweb/api/CodeIntelligence/v1/rules/query?pxObjClass=Rule-HTML-Section&appliesTo=Data-Admin-Security-Token&pyRuleName=OpenAuthoring&RequestClass=Rule-HTML-Section&RequestAppliesTo=Data-Admin-Security-Token&RequestRuleName=OpenAuthoring Payload: "{\"RequestClass\":\"Rule-HTML-Section\",\"RequestAppliesTo\":\"Data-Admin-Security-Token\",\"RequestRuleName\":\"OpenAuthoring\"}" => HTTP 200 (20315 bytes)
[PegaHttpClient] 📡 POST https://zdk8budo.pegaacademy.net/prweb/api/CodeIntelligence/v1/rules/query?pxObjClass=Rule-HTML-Section&appliesTo=Data-Admin-Security-Token&pyRuleName=pyCustomHelp&RequestClass=Rule-HTML-Section&RequestAppliesTo=Data-Admin-Security-Token&RequestRuleName=pyCustomHelp Payload: "{\"RequestClass\":\"Rule-HTML-Section\",\"RequestAppliesTo\":\"Data-Admin-Security-Token\",\"RequestRuleName\":\"pyCustomHelp\"}" => HTTP 200 (17256 bytes)
[PegaHttpClient] 📡 POST https://zdk8budo.pegaacademy.net/prweb/api/CodeIntelligence/v1/rules/query?pxObjClass=Rule-HTML-Section&appliesTo=Data-Admin-Security-Token&pyRuleName=pzRuleformMainInclude&RequestClass=Rule-HTML-Section&RequestAppliesTo=Data-Admin-Security-Token&RequestRuleName=pzRuleformMainInclude Payload: "{\"RequestClass\":\"Rule-HTML-Section\",\"RequestAppliesTo\":\"Data-Admin-Security-Token\",\"RequestRuleName\":\"pzRuleformMainInclude\"}" => HTTP 200 (22375 bytes)
[PegaHttpClient] 📡 POST https://zdk8budo.pegaacademy.net/prweb/api/CodeIntelligence/v1/rules/query?pxObjClass=Rule-HTML-Section&appliesTo=Data-Admin-Security-Token&pyRuleName=pyAlternativeRuleFormStrategicAppExtension&RequestClass=Rule-HTML-Section&RequestAppliesTo=Data-Admin-Security-Token&RequestRuleName=pyAlternativeRuleFormStrategicAppExtension Payload: "{\"RequestClass\":\"Rule-HTML-Section\",\"RequestAppliesTo\":\"Data-Admin-Security-Token\",\"RequestRuleName\":\"pyAlternativeRuleFormStrategicAppExtension\"}" => HTTP 200 (25042 bytes)
[PegaHttpClient] 📡 POST https://zdk8budo.pegaacademy.net/prweb/api/CodeIntelligence/v1/rules/query?pxObjClass=Rule-HTML-Section&appliesTo=Data-Admin-Security-Token&pyRuleName=pyAlternativeRuleFormExtension&RequestClass=Rule-HTML-Section&RequestAppliesTo=Data-Admin-Security-Token&RequestRuleName=pyAlternativeRuleFormExtension Payload: "{\"RequestClass\":\"Rule-HTML-Section\",\"RequestAppliesTo\":\"Data-Admin-Security-Token\",\"RequestRuleName\":\"pyAlternativeRuleFormExtension\"}" => HTTP 200 (24863 bytes)
[PegaHttpClient] 📡 POST https://zdk8budo.pegaacademy.net/prweb/api/CodeIntelligence/v1/rules/query?pxObjClass=Rule-HTML-Section&appliesTo=Data-Admin-Security-Token&pyRuleName=RuleFormHeader&RequestClass=Rule-HTML-Section&RequestAppliesTo=Data-Admin-Security-Token&RequestRuleName=RuleFormHeader Payload: "{\"RequestClass\":\"Rule-HTML-Section\",\"RequestAppliesTo\":\"Data-Admin-Security-Token\",\"RequestRuleName\":\"RuleFormHeader\"}" => HTTP 200 (183800 bytes)
[PegaHttpClient] 📡 POST https://zdk8budo.pegaacademy.net/prweb/api/CodeIntelligence/v1/rules/query?pxObjClass=Rule-HTML-Section&appliesTo=Data-Admin-Security-Token&pyRuleName=pzDelegationExperience&RequestClass=Rule-HTML-Section&RequestAppliesTo=Data-Admin-Security-Token&RequestRuleName=pzDelegationExperience Payload: "{\"RequestClass\":\"Rule-HTML-Section\",\"RequestAppliesTo\":\"Data-Admin-Security-Token\",\"RequestRuleName\":\"pzDelegationExperience\"}" => HTTP 404 (125 bytes)
[PegaHttpClient] 📡 POST https://zdk8budo.pegaacademy.net/prweb/PRRestService/CodeIntelligence/v1/rules/query?pxObjClass=Rule-HTML-Section&appliesTo=Data-Admin-Security-Token&pyRuleName=pzDelegationExperience&RequestClass=Rule-HTML-Section&RequestAppliesTo=Data-Admin-Security-Token&RequestRuleName=pzDelegationExperience Payload: "{\"RequestClass\":\"Rule-HTML-Section\",\"RequestAppliesTo\":\"Data-Admin-Security-Token\",\"RequestRuleName\":\"pzDelegationExperience\"}" => HTTP 404 (125 bytes)
[PegaHttpClient] 📡 POST https://zdk8budo.pegaacademy.net/prweb/api/HRAppsV2Service/V1/rules/query?pxObjClass=Rule-HTML-Section&appliesTo=Data-Admin-Security-Token&pyRuleName=pzDelegationExperience&RequestClass=Rule-HTML-Section&RequestAppliesTo=Data-Admin-Security-Token&RequestRuleName=pzDelegationExperience Payload: "{\"RequestClass\":\"Rule-HTML-Section\",\"RequestAppliesTo\":\"Data-Admin-Security-Token\",\"RequestRuleName\":\"pzDelegationExperience\"}" => HTTP 404 (18 bytes)
[PegaHttpClient] 📡 POST https://zdk8budo.pegaacademy.net/prweb/PRRestService/HRAppsV2Service/V1/rules/query?pxObjClass=Rule-HTML-Section&appliesTo=Data-Admin-Security-Token&pyRuleName=pzDelegationExperience&RequestClass=Rule-HTML-Section&RequestAppliesTo=Data-Admin-Security-Token&RequestRuleName=pzDelegationExperience Payload: "{\"RequestClass\":\"Rule-HTML-Section\",\"RequestAppliesTo\":\"Data-Admin-Security-Token\",\"RequestRuleName\":\"pzDelegationExperience\"}" => HTTP 404 (18 bytes)
[PegaHttpClient] 📡 POST https://zdk8budo.pegaacademy.net/prweb/api/HRAppsV2/V1/rules/query?pxObjClass=Rule-HTML-Section&appliesTo=Data-Admin-Security-Token&pyRuleName=pzDelegationExperience&RequestClass=Rule-HTML-Section&RequestAppliesTo=Data-Admin-Security-Token&RequestRuleName=pzDelegationExperience Payload: "{\"RequestClass\":\"Rule-HTML-Section\",\"RequestAppliesTo\":\"Data-Admin-Security-Token\",\"RequestRuleName\":\"pzDelegationExperience\"}" => HTTP 404 (18 bytes)
[PegaHttpClient] 📡 POST https://zdk8budo.pegaacademy.net/prweb/PRRestService/HRAppsV2/V1/rules/query?pxObjClass=Rule-HTML-Section&appliesTo=Data-Admin-Security-Token&pyRuleName=pzDelegationExperience&RequestClass=Rule-HTML-Section&RequestAppliesTo=Data-Admin-Security-Token&RequestRuleName=pzDelegationExperience Payload: "{\"RequestClass\":\"Rule-HTML-Section\",\"RequestAppliesTo\":\"Data-Admin-Security-Token\",\"RequestRuleName\":\"pzDelegationExperience\"}" => HTTP 404 (18 bytes)
[PegaHttpClient] 📡 POST https://zdk8budo.pegaacademy.net/prweb/api/v1/rules/query?pxObjClass=Rule-HTML-Section&appliesTo=Data-Admin-Security-Token&pyRuleName=pzDelegationExperience&RequestClass=Rule-HTML-Section&RequestAppliesTo=Data-Admin-Security-Token&RequestRuleName=pzDelegationExperience Payload: "{\"RequestClass\":\"Rule-HTML-Section\",\"RequestAppliesTo\":\"Data-Admin-Security-Token\",\"RequestRuleName\":\"pzDelegationExperience\"}" => HTTP 404 (18 bytes)
[PegaHttpClient] 📡 POST https://zdk8budo.pegaacademy.net/prweb/PRRestService/v1/rules/query?pxObjClass=Rule-HTML-Section&appliesTo=Data-Admin-Security-Token&pyRuleName=pzDelegationExperience&RequestClass=Rule-HTML-Section&RequestAppliesTo=Data-Admin-Security-Token&RequestRuleName=pzDelegationExperience Payload: "{\"RequestClass\":\"Rule-HTML-Section\",\"RequestAppliesTo\":\"Data-Admin-Security-Token\",\"RequestRuleName\":\"pzDelegationExperience\"}" => HTTP 404 (18 bytes)
[PegaHttpClient] 📡 POST https://zdk8budo.pegaacademy.net/prweb/api/CodeIntelligence/v1/rules/query?pxObjClass=Rule-HTML-Section&appliesTo=Data-Admin-Security-Token&pyRuleName=pzTokenGenerator&RequestClass=Rule-HTML-Section&RequestAppliesTo=Data-Admin-Security-Token&RequestRuleName=pzTokenGenerator Payload: "{\"RequestClass\":\"Rule-HTML-Section\",\"RequestAppliesTo\":\"Data-Admin-Security-Token\",\"RequestRuleName\":\"pzTokenGenerator\"}" => HTTP 200 (638621 bytes)
[PegaHttpClient] 📡 POST https://zdk8budo.pegaacademy.net/prweb/api/CodeIntelligence/v1/rules/query?pxObjClass=Rule-HTML-Section&appliesTo=Data-Admin-Security-Token&pyRuleName=pzTokenProcessor&RequestClass=Rule-HTML-Section&RequestAppliesTo=Data-Admin-Security-Token&RequestRuleName=pzTokenProcessor Payload: "{\"RequestClass\":\"Rule-HTML-Section\",\"RequestAppliesTo\":\"Data-Admin-Security-Token\",\"RequestRuleName\":\"pzTokenProcessor\"}" => HTTP 200 (430887 bytes)
[PegaHttpClient] 📡 POST https://zdk8budo.pegaacademy.net/prweb/api/CodeIntelligence/v1/rules/query?pxObjClass=Rule-HTML-Section&appliesTo=Data-Admin-Security-Token&pyRuleName=pyPagesAndClasses&RequestClass=Rule-HTML-Section&RequestAppliesTo=Data-Admin-Security-Token&RequestRuleName=pyPagesAndClasses Payload: "{\"RequestClass\":\"Rule-HTML-Section\",\"RequestAppliesTo\":\"Data-Admin-Security-Token\",\"RequestRuleName\":\"pyPagesAndClasses\"}" => HTTP 200 (77925 bytes)
[PegaHttpClient] 📡 POST https://zdk8budo.pegaacademy.net/prweb/api/CodeIntelligence/v1/rules/query?pxObjClass=Rule-HTML-Section&appliesTo=Data-Admin-Security-Token&pyRuleName=pzRuleFormPagesAndClassesScript&RequestClass=Rule-HTML-Section&RequestAppliesTo=Data-Admin-Security-Token&RequestRuleName=pzRuleFormPagesAndClassesScript Payload: "{\"RequestClass\":\"Rule-HTML-Section\",\"RequestAppliesTo\":\"Data-Admin-Security-Token\",\"RequestRuleName\":\"pzRuleFormPagesAndClassesScript\"}" => HTTP 200 (17514 bytes)
[PegaHttpClient] 📡 POST https://zdk8budo.pegaacademy.net/prweb/api/CodeIntelligence/v1/rules/query?pxObjClass=Rule-HTML-Section&appliesTo=Data-Admin-Security-Token&pyRuleName=RuleFormHistory&RequestClass=Rule-HTML-Section&RequestAppliesTo=Data-Admin-Security-Token&RequestRuleName=RuleFormHistory Payload: "{\"RequestClass\":\"Rule-HTML-Section\",\"RequestAppliesTo\":\"Data-Admin-Security-Token\",\"RequestRuleName\":\"RuleFormHistory\"}" => HTTP 200 (18043 bytes)
[PegaHttpClient] 📡 POST https://zdk8budo.pegaacademy.net/prweb/api/CodeIntelligence/v1/rules/query?pxObjClass=Rule-HTML-Section&appliesTo=Data-Admin-Security-Token&pyRuleName=pzCustomHelp&RequestClass=Rule-HTML-Section&RequestAppliesTo=Data-Admin-Security-Token&RequestRuleName=pzCustomHelp Payload: "{\"RequestClass\":\"Rule-HTML-Section\",\"RequestAppliesTo\":\"Data-Admin-Security-Token\",\"RequestRuleName\":\"pzCustomHelp\"}" => HTTP 200 (31573 bytes)
[PegaHttpClient] 📡 POST https://zdk8budo.pegaacademy.net/prweb/api/CodeIntelligence/v1/rules/query?pxObjClass=Rule-HTML-Section&appliesTo=Data-Admin-Security-Token&pyRuleName=pzRuleFormKeysAndDescription&RequestClass=Rule-HTML-Section&RequestAppliesTo=Data-Admin-Security-Token&RequestRuleName=pzRuleFormKeysAndDescription Payload: "{\"RequestClass\":\"Rule-HTML-Section\",\"RequestAppliesTo\":\"Data-Admin-Security-Token\",\"RequestRuleName\":\"pzRuleFormKeysAndDescription\"}" => HTTP 200 (218057 bytes)
[PegaHttpClient] 📡 POST https://zdk8budo.pegaacademy.net/prweb/api/CodeIntelligence/v1/rules/query?pxObjClass=Rule-HTML-Section&appliesTo=Data-Admin-Security-Token&pyRuleName=pzRuleFormRuleset&RequestClass=Rule-HTML-Section&RequestAppliesTo=Data-Admin-Security-Token&RequestRuleName=pzRuleFormRuleset Payload: "{\"RequestClass\":\"Rule-HTML-Section\",\"RequestAppliesTo\":\"Data-Admin-Security-Token\",\"RequestRuleName\":\"pzRuleFormRuleset\"}" => HTTP 200 (29020 bytes)
[PegaHttpClient] 📡 POST https://zdk8budo.pegaacademy.net/prweb/api/CodeIntelligence/v1/rules/query?pxObjClass=Rule-HTML-Section&appliesTo=Data-Admin-Security-Token&pyRuleName=undefined&RequestClass=Rule-HTML-Section&RequestAppliesTo=Data-Admin-Security-Token&RequestRuleName=undefined Payload: "{\"RequestClass\":\"Rule-HTML-Section\",\"RequestAppliesTo\":\"Data-Admin-Security-Token\",\"RequestRuleName\":\"undefined\"}" => HTTP 404 (112 bytes)
[PegaHttpClient] 📡 POST https://zdk8budo.pegaacademy.net/prweb/PRRestService/CodeIntelligence/v1/rules/query?pxObjClass=Rule-HTML-Section&appliesTo=Data-Admin-Security-Token&pyRuleName=undefined&RequestClass=Rule-HTML-Section&RequestAppliesTo=Data-Admin-Security-Token&RequestRuleName=undefined Payload: "{\"RequestClass\":\"Rule-HTML-Section\",\"RequestAppliesTo\":\"Data-Admin-Security-Token\",\"RequestRuleName\":\"undefined\"}" => HTTP 404 (112 bytes)
[PegaHttpClient] 📡 POST https://zdk8budo.pegaacademy.net/prweb/api/HRAppsV2Service/V1/rules/query?pxObjClass=Rule-HTML-Section&appliesTo=Data-Admin-Security-Token&pyRuleName=undefined&RequestClass=Rule-HTML-Section&RequestAppliesTo=Data-Admin-Security-Token&RequestRuleName=undefined Payload: "{\"RequestClass\":\"Rule-HTML-Section\",\"RequestAppliesTo\":\"Data-Admin-Security-Token\",\"RequestRuleName\":\"undefined\"}" => HTTP 404 (18 bytes)
[PegaHttpClient] 📡 POST https://zdk8budo.pegaacademy.net/prweb/PRRestService/HRAppsV2Service/V1/rules/query?pxObjClass=Rule-HTML-Section&appliesTo=Data-Admin-Security-Token&pyRuleName=undefined&RequestClass=Rule-HTML-Section&RequestAppliesTo=Data-Admin-Security-Token&RequestRuleName=undefined Payload: "{\"RequestClass\":\"Rule-HTML-Section\",\"RequestAppliesTo\":\"Data-Admin-Security-Token\",\"RequestRuleName\":\"undefined\"}" => HTTP 404 (18 bytes)
[PegaHttpClient] 📡 POST https://zdk8budo.pegaacademy.net/prweb/api/HRAppsV2/V1/rules/query?pxObjClass=Rule-HTML-Section&appliesTo=Data-Admin-Security-Token&pyRuleName=undefined&RequestClass=Rule-HTML-Section&RequestAppliesTo=Data-Admin-Security-Token&RequestRuleName=undefined Payload: "{\"RequestClass\":\"Rule-HTML-Section\",\"RequestAppliesTo\":\"Data-Admin-Security-Token\",\"RequestRuleName\":\"undefined\"}" => HTTP 404 (18 bytes)
[PegaHttpClient] 📡 POST https://zdk8budo.pegaacademy.net/prweb/PRRestService/HRAppsV2/V1/rules/query?pxObjClass=Rule-HTML-Section&appliesTo=Data-Admin-Security-Token&pyRuleName=undefined&RequestClass=Rule-HTML-Section&RequestAppliesTo=Data-Admin-Security-Token&RequestRuleName=undefined Payload: "{\"RequestClass\":\"Rule-HTML-Section\",\"RequestAppliesTo\":\"Data-Admin-Security-Token\",\"RequestRuleName\":\"undefined\"}" => HTTP 404 (18 bytes)
[PegaHttpClient] 📡 POST https://zdk8budo.pegaacademy.net/prweb/api/v1/rules/query?pxObjClass=Rule-HTML-Section&appliesTo=Data-Admin-Security-Token&pyRuleName=undefined&RequestClass=Rule-HTML-Section&RequestAppliesTo=Data-Admin-Security-Token&RequestRuleName=undefined Payload: "{\"RequestClass\":\"Rule-HTML-Section\",\"RequestAppliesTo\":\"Data-Admin-Security-Token\",\"RequestRuleName\":\"undefined\"}" => HTTP 404 (18 bytes)
[PegaHttpClient] 📡 POST https://zdk8budo.pegaacademy.net/prweb/PRRestService/v1/rules/query?pxObjClass=Rule-HTML-Section&appliesTo=Data-Admin-Security-Token&pyRuleName=undefined&RequestClass=Rule-HTML-Section&RequestAppliesTo=Data-Admin-Security-Token&RequestRuleName=undefined Payload: "{\"RequestClass\":\"Rule-HTML-Section\",\"RequestAppliesTo\":\"Data-Admin-Security-Token\",\"RequestRuleName\":\"undefined\"}" => HTTP 404 (18 bytes)
[PegaHttpClient] 📡 POST https://zdk8budo.pegaacademy.net/prweb/api/CodeIntelligence/v1/rules/query?pxObjClass=Rule-HTML-Section&appliesTo=Data-Admin-Security-Token&pyRuleName=pzRuleFormToolbar&RequestClass=Rule-HTML-Section&RequestAppliesTo=Data-Admin-Security-Token&RequestRuleName=pzRuleFormToolbar Payload: "{\"RequestClass\":\"Rule-HTML-Section\",\"RequestAppliesTo\":\"Data-Admin-Security-Token\",\"RequestRuleName\":\"pzRuleFormToolbar\"}" => HTTP 200 (242691 bytes)
[PegaHttpClient] 📡 POST https://zdk8budo.pegaacademy.net/prweb/api/CodeIntelligence/v1/rules/query?pxObjClass=Rule-HTML-Section&appliesTo=Data-Admin-Security-Token&pyRuleName=pzRuleFormToolbarCompare&RequestClass=Rule-HTML-Section&RequestAppliesTo=Data-Admin-Security-Token&RequestRuleName=pzRuleFormToolbarCompare Payload: "{\"RequestClass\":\"Rule-HTML-Section\",\"RequestAppliesTo\":\"Data-Admin-Security-Token\",\"RequestRuleName\":\"pzRuleFormToolbarCompare\"}" => HTTP 200 (61925 bytes)
[PegaHttpClient] 📡 POST https://zdk8budo.pegaacademy.net/prweb/api/CodeIntelligence/v1/rules/query?pxObjClass=Rule-HTML-Section&appliesTo=Data-Admin-Security-Token&pyRuleName=RuleFormHeaderMessages&RequestClass=Rule-HTML-Section&RequestAppliesTo=Data-Admin-Security-Token&RequestRuleName=RuleFormHeaderMessages Payload: "{\"RequestClass\":\"Rule-HTML-Section\",\"RequestAppliesTo\":\"Data-Admin-Security-Token\",\"RequestRuleName\":\"RuleFormHeaderMessages\"}" => HTTP 200 (26518 bytes)
[PegaHttpClient] 📡 POST https://zdk8budo.pegaacademy.net/prweb/api/CodeIntelligence/v1/rules/query?pxObjClass=Rule-HTML-Section&appliesTo=Data-Admin-Security-Token&pyRuleName=pzPreviewButton&RequestClass=Rule-HTML-Section&RequestAppliesTo=Data-Admin-Security-Token&RequestRuleName=pzPreviewButton Payload: "{\"RequestClass\":\"Rule-HTML-Section\",\"RequestAppliesTo\":\"Data-Admin-Security-Token\",\"RequestRuleName\":\"pzPreviewButton\"}" => HTTP 200 (37226 bytes)
[PegaHttpClient] 📡 POST https://zdk8budo.pegaacademy.net/prweb/api/CodeIntelligence/v1/rules/query?pxObjClass=Rule-HTML-Section&appliesTo=Data-Admin-Security-Token&pyRuleName=pzJWTMapFromKey&RequestClass=Rule-HTML-Section&RequestAppliesTo=Data-Admin-Security-Token&RequestRuleName=pzJWTMapFromKey Payload: "{\"RequestClass\":\"Rule-HTML-Section\",\"RequestAppliesTo\":\"Data-Admin-Security-Token\",\"RequestRuleName\":\"pzJWTMapFromKey\"}" => HTTP 404 (118 bytes)
[PegaHttpClient] 📡 POST https://zdk8budo.pegaacademy.net/prweb/PRRestService/CodeIntelligence/v1/rules/query?pxObjClass=Rule-HTML-Section&appliesTo=Data-Admin-Security-Token&pyRuleName=pzJWTMapFromKey&RequestClass=Rule-HTML-Section&RequestAppliesTo=Data-Admin-Security-Token&RequestRuleName=pzJWTMapFromKey Payload: "{\"RequestClass\":\"Rule-HTML-Section\",\"RequestAppliesTo\":\"Data-Admin-Security-Token\",\"RequestRuleName\":\"pzJWTMapFromKey\"}" => HTTP 404 (118 bytes)
[PegaHttpClient] 📡 POST https://zdk8budo.pegaacademy.net/prweb/api/HRAppsV2Service/V1/rules/query?pxObjClass=Rule-HTML-Section&appliesTo=Data-Admin-Security-Token&pyRuleName=pzJWTMapFromKey&RequestClass=Rule-HTML-Section&RequestAppliesTo=Data-Admin-Security-Token&RequestRuleName=pzJWTMapFromKey Payload: "{\"RequestClass\":\"Rule-HTML-Section\",\"RequestAppliesTo\":\"Data-Admin-Security-Token\",\"RequestRuleName\":\"pzJWTMapFromKey\"}" => HTTP 404 (18 bytes)
[PegaHttpClient] 📡 POST https://zdk8budo.pegaacademy.net/prweb/PRRestService/HRAppsV2Service/V1/rules/query?pxObjClass=Rule-HTML-Section&appliesTo=Data-Admin-Security-Token&pyRuleName=pzJWTMapFromKey&RequestClass=Rule-HTML-Section&RequestAppliesTo=Data-Admin-Security-Token&RequestRuleName=pzJWTMapFromKey Payload: "{\"RequestClass\":\"Rule-HTML-Section\",\"RequestAppliesTo\":\"Data-Admin-Security-Token\",\"RequestRuleName\":\"pzJWTMapFromKey\"}" => HTTP 404 (18 bytes)
[PegaHttpClient] 📡 POST https://zdk8budo.pegaacademy.net/prweb/api/HRAppsV2/V1/rules/query?pxObjClass=Rule-HTML-Section&appliesTo=Data-Admin-Security-Token&pyRuleName=pzJWTMapFromKey&RequestClass=Rule-HTML-Section&RequestAppliesTo=Data-Admin-Security-Token&RequestRuleName=pzJWTMapFromKey Payload: "{\"RequestClass\":\"Rule-HTML-Section\",\"RequestAppliesTo\":\"Data-Admin-Security-Token\",\"RequestRuleName\":\"pzJWTMapFromKey\"}" => HTTP 404 (18 bytes)
[PegaHttpClient] 📡 POST https://zdk8budo.pegaacademy.net/prweb/PRRestService/HRAppsV2/V1/rules/query?pxObjClass=Rule-HTML-Section&appliesTo=Data-Admin-Security-Token&pyRuleName=pzJWTMapFromKey&RequestClass=Rule-HTML-Section&RequestAppliesTo=Data-Admin-Security-Token&RequestRuleName=pzJWTMapFromKey Payload: "{\"RequestClass\":\"Rule-HTML-Section\",\"RequestAppliesTo\":\"Data-Admin-Security-Token\",\"RequestRuleName\":\"pzJWTMapFromKey\"}" => HTTP 404 (18 bytes)
[PegaHttpClient] 📡 POST https://zdk8budo.pegaacademy.net/prweb/api/v1/rules/query?pxObjClass=Rule-HTML-Section&appliesTo=Data-Admin-Security-Token&pyRuleName=pzJWTMapFromKey&RequestClass=Rule-HTML-Section&RequestAppliesTo=Data-Admin-Security-Token&RequestRuleName=pzJWTMapFromKey Payload: "{\"RequestClass\":\"Rule-HTML-Section\",\"RequestAppliesTo\":\"Data-Admin-Security-Token\",\"RequestRuleName\":\"pzJWTMapFromKey\"}" => HTTP 404 (18 bytes)
[PegaHttpClient] 📡 POST https://zdk8budo.pegaacademy.net/prweb/PRRestService/v1/rules/query?pxObjClass=Rule-HTML-Section&appliesTo=Data-Admin-Security-Token&pyRuleName=pzJWTMapFromKey&RequestClass=Rule-HTML-Section&RequestAppliesTo=Data-Admin-Security-Token&RequestRuleName=pzJWTMapFromKey Payload: "{\"RequestClass\":\"Rule-HTML-Section\",\"RequestAppliesTo\":\"Data-Admin-Security-Token\",\"RequestRuleName\":\"pzJWTMapFromKey\"}" => HTTP 404 (18 bytes)
[PegaHttpClient] 📡 POST https://zdk8budo.pegaacademy.net/prweb/api/CodeIntelligence/v1/rules/query?pxObjClass=Rule-HTML-Section&appliesTo=Data-Admin-Security-Token&pyRuleName=pzClaimsLayouts&RequestClass=Rule-HTML-Section&RequestAppliesTo=Data-Admin-Security-Token&RequestRuleName=pzClaimsLayouts Payload: "{\"RequestClass\":\"Rule-HTML-Section\",\"RequestAppliesTo\":\"Data-Admin-Security-Token\",\"RequestRuleName\":\"pzClaimsLayouts\"}" => HTTP 200 (175116 bytes)
[PegaHttpClient] 📡 POST https://zdk8budo.pegaacademy.net/prweb/api/CodeIntelligence/v1/rules/query?pxObjClass=Rule-HTML-Section&appliesTo=Data-Admin-Security-Token&pyRuleName=pzGenerationTokenLifetime&RequestClass=Rule-HTML-Section&RequestAppliesTo=Data-Admin-Security-Token&RequestRuleName=pzGenerationTokenLifetime Payload: "{\"RequestClass\":\"Rule-HTML-Section\",\"RequestAppliesTo\":\"Data-Admin-Security-Token\",\"RequestRuleName\":\"pzGenerationTokenLifetime\"}" => HTTP 200 (38682 bytes)
[PegaHttpClient] 📡 POST https://zdk8budo.pegaacademy.net/prweb/api/CodeIntelligence/v1/rules/query?pxObjClass=Rule-HTML-Section&appliesTo=Data-Admin-Security-Token&pyRuleName=pzTestPanel&RequestClass=Rule-HTML-Section&RequestAppliesTo=Data-Admin-Security-Token&RequestRuleName=pzTestPanel Payload: "{\"RequestClass\":\"Rule-HTML-Section\",\"RequestAppliesTo\":\"Data-Admin-Security-Token\",\"RequestRuleName\":\"pzTestPanel\"}" => HTTP 200 (111222 bytes)
[PegaHttpClient] 📡 POST https://zdk8budo.pegaacademy.net/prweb/api/CodeIntelligence/v1/rules/query?pxObjClass=Rule-HTML-Section&appliesTo=Data-Admin-Security-Token&pyRuleName=pzJWTMapFromKey&RequestClass=Rule-HTML-Section&RequestAppliesTo=Data-Admin-Security-Token&RequestRuleName=pzJWTMapFromKey Payload: "{\"RequestClass\":\"Rule-HTML-Section\",\"RequestAppliesTo\":\"Data-Admin-Security-Token\",\"RequestRuleName\":\"pzJWTMapFromKey\"}" => HTTP 404 (118 bytes)
[PegaHttpClient] 📡 POST https://zdk8budo.pegaacademy.net/prweb/PRRestService/CodeIntelligence/v1/rules/query?pxObjClass=Rule-HTML-Section&appliesTo=Data-Admin-Security-Token&pyRuleName=pzJWTMapFromKey&RequestClass=Rule-HTML-Section&RequestAppliesTo=Data-Admin-Security-Token&RequestRuleName=pzJWTMapFromKey Payload: "{\"RequestClass\":\"Rule-HTML-Section\",\"RequestAppliesTo\":\"Data-Admin-Security-Token\",\"RequestRuleName\":\"pzJWTMapFromKey\"}" => HTTP 404 (118 bytes)
[PegaHttpClient] 📡 POST https://zdk8budo.pegaacademy.net/prweb/api/HRAppsV2Service/V1/rules/query?pxObjClass=Rule-HTML-Section&appliesTo=Data-Admin-Security-Token&pyRuleName=pzJWTMapFromKey&RequestClass=Rule-HTML-Section&RequestAppliesTo=Data-Admin-Security-Token&RequestRuleName=pzJWTMapFromKey Payload: "{\"RequestClass\":\"Rule-HTML-Section\",\"RequestAppliesTo\":\"Data-Admin-Security-Token\",\"RequestRuleName\":\"pzJWTMapFromKey\"}" => HTTP 404 (18 bytes)
[PegaHttpClient] 📡 POST https://zdk8budo.pegaacademy.net/prweb/PRRestService/HRAppsV2Service/V1/rules/query?pxObjClass=Rule-HTML-Section&appliesTo=Data-Admin-Security-Token&pyRuleName=pzJWTMapFromKey&RequestClass=Rule-HTML-Section&RequestAppliesTo=Data-Admin-Security-Token&RequestRuleName=pzJWTMapFromKey Payload: "{\"RequestClass\":\"Rule-HTML-Section\",\"RequestAppliesTo\":\"Data-Admin-Security-Token\",\"RequestRuleName\":\"pzJWTMapFromKey\"}" => HTTP 404 (18 bytes)
[PegaHttpClient] 📡 POST https://zdk8budo.pegaacademy.net/prweb/api/HRAppsV2/V1/rules/query?pxObjClass=Rule-HTML-Section&appliesTo=Data-Admin-Security-Token&pyRuleName=pzJWTMapFromKey&RequestClass=Rule-HTML-Section&RequestAppliesTo=Data-Admin-Security-Token&RequestRuleName=pzJWTMapFromKey Payload: "{\"RequestClass\":\"Rule-HTML-Section\",\"RequestAppliesTo\":\"Data-Admin-Security-Token\",\"RequestRuleName\":\"pzJWTMapFromKey\"}" => HTTP 404 (18 bytes)
[PegaHttpClient] 📡 POST https://zdk8budo.pegaacademy.net/prweb/PRRestService/HRAppsV2/V1/rules/query?pxObjClass=Rule-HTML-Section&appliesTo=Data-Admin-Security-Token&pyRuleName=pzJWTMapFromKey&RequestClass=Rule-HTML-Section&RequestAppliesTo=Data-Admin-Security-Token&RequestRuleName=pzJWTMapFromKey Payload: "{\"RequestClass\":\"Rule-HTML-Section\",\"RequestAppliesTo\":\"Data-Admin-Security-Token\",\"RequestRuleName\":\"pzJWTMapFromKey\"}" => HTTP 404 (18 bytes)
[PegaHttpClient] 📡 POST https://zdk8budo.pegaacademy.net/prweb/api/v1/rules/query?pxObjClass=Rule-HTML-Section&appliesTo=Data-Admin-Security-Token&pyRuleName=pzJWTMapFromKey&RequestClass=Rule-HTML-Section&RequestAppliesTo=Data-Admin-Security-Token&RequestRuleName=pzJWTMapFromKey Payload: "{\"RequestClass\":\"Rule-HTML-Section\",\"RequestAppliesTo\":\"Data-Admin-Security-Token\",\"RequestRuleName\":\"pzJWTMapFromKey\"}" => HTTP 404 (18 bytes)
[PegaHttpClient] 📡 POST https://zdk8budo.pegaacademy.net/prweb/PRRestService/v1/rules/query?pxObjClass=Rule-HTML-Section&appliesTo=Data-Admin-Security-Token&pyRuleName=pzJWTMapFromKey&RequestClass=Rule-HTML-Section&RequestAppliesTo=Data-Admin-Security-Token&RequestRuleName=pzJWTMapFromKey Payload: "{\"RequestClass\":\"Rule-HTML-Section\",\"RequestAppliesTo\":\"Data-Admin-Security-Token\",\"RequestRuleName\":\"pzJWTMapFromKey\"}" => HTTP 404 (18 bytes)
[PegaHttpClient] 📡 POST https://zdk8budo.pegaacademy.net/prweb/api/CodeIntelligence/v1/rules/query?pxObjClass=Rule-HTML-Section&appliesTo=Data-Admin-Security-Token&pyRuleName=pzPagesAndClassesScriptNoMode&RequestClass=Rule-HTML-Section&RequestAppliesTo=Data-Admin-Security-Token&RequestRuleName=pzPagesAndClassesScriptNoMode Payload: "{\"RequestClass\":\"Rule-HTML-Section\",\"RequestAppliesTo\":\"Data-Admin-Security-Token\",\"RequestRuleName\":\"pzPagesAndClassesScriptNoMode\"}" => HTTP 200 (23722 bytes)
[PegaHttpClient] 📡 POST https://zdk8budo.pegaacademy.net/prweb/api/CodeIntelligence/v1/rules/query?pxObjClass=Rule-HTML-Section&appliesTo=Data-Admin-Security-Token&pyRuleName=pzRuleFormStatus&RequestClass=Rule-HTML-Section&RequestAppliesTo=Data-Admin-Security-Token&RequestRuleName=pzRuleFormStatus Payload: "{\"RequestClass\":\"Rule-HTML-Section\",\"RequestAppliesTo\":\"Data-Admin-Security-Token\",\"RequestRuleName\":\"pzRuleFormStatus\"}" => HTTP 200 (29579 bytes)
[PegaHttpClient] 📡 POST https://zdk8budo.pegaacademy.net/prweb/api/CodeIntelligence/v1/rules/query?pxObjClass=Rule-HTML-Section&appliesTo=Data-Admin-Security-Token&pyRuleName=pzRuleFormHeaderCompareWithDropDown&RequestClass=Rule-HTML-Section&RequestAppliesTo=Data-Admin-Security-Token&RequestRuleName=pzRuleFormHeaderCompareWithDropDown Payload: "{\"RequestClass\":\"Rule-HTML-Section\",\"RequestAppliesTo\":\"Data-Admin-Security-Token\",\"RequestRuleName\":\"pzRuleFormHeaderCompareWithDropDown\"}" => HTTP 200 (25396 bytes)
[PegaHttpClient] 📡 POST https://zdk8budo.pegaacademy.net/prweb/api/CodeIntelligence/v1/rules/query?pxObjClass=Rule-HTML-Section&appliesTo=Data-Admin-Security-Token&pyRuleName=undefined&RequestClass=Rule-HTML-Section&RequestAppliesTo=Data-Admin-Security-Token&RequestRuleName=undefined Payload: "{\"RequestClass\":\"Rule-HTML-Section\",\"RequestAppliesTo\":\"Data-Admin-Security-Token\",\"RequestRuleName\":\"undefined\"}" => HTTP 404 (112 bytes)
[PegaHttpClient] 📡 POST https://zdk8budo.pegaacademy.net/prweb/PRRestService/CodeIntelligence/v1/rules/query?pxObjClass=Rule-HTML-Section&appliesTo=Data-Admin-Security-Token&pyRuleName=undefined&RequestClass=Rule-HTML-Section&RequestAppliesTo=Data-Admin-Security-Token&RequestRuleName=undefined Payload: "{\"RequestClass\":\"Rule-HTML-Section\",\"RequestAppliesTo\":\"Data-Admin-Security-Token\",\"RequestRuleName\":\"undefined\"}" => HTTP 404 (112 bytes)
[PegaHttpClient] 📡 POST https://zdk8budo.pegaacademy.net/prweb/api/HRAppsV2Service/V1/rules/query?pxObjClass=Rule-HTML-Section&appliesTo=Data-Admin-Security-Token&pyRuleName=undefined&RequestClass=Rule-HTML-Section&RequestAppliesTo=Data-Admin-Security-Token&RequestRuleName=undefined Payload: "{\"RequestClass\":\"Rule-HTML-Section\",\"RequestAppliesTo\":\"Data-Admin-Security-Token\",\"RequestRuleName\":\"undefined\"}" => HTTP 404 (18 bytes)
[PegaHttpClient] 📡 POST https://zdk8budo.pegaacademy.net/prweb/PRRestService/HRAppsV2Service/V1/rules/query?pxObjClass=Rule-HTML-Section&appliesTo=Data-Admin-Security-Token&pyRuleName=undefined&RequestClass=Rule-HTML-Section&RequestAppliesTo=Data-Admin-Security-Token&RequestRuleName=undefined Payload: "{\"RequestClass\":\"Rule-HTML-Section\",\"RequestAppliesTo\":\"Data-Admin-Security-Token\",\"RequestRuleName\":\"undefined\"}" => HTTP 404 (18 bytes)
[PegaHttpClient] 📡 POST https://zdk8budo.pegaacademy.net/prweb/api/HRAppsV2/V1/rules/query?pxObjClass=Rule-HTML-Section&appliesTo=Data-Admin-Security-Token&pyRuleName=undefined&RequestClass=Rule-HTML-Section&RequestAppliesTo=Data-Admin-Security-Token&RequestRuleName=undefined Payload: "{\"RequestClass\":\"Rule-HTML-Section\",\"RequestAppliesTo\":\"Data-Admin-Security-Token\",\"RequestRuleName\":\"undefined\"}" => HTTP 404 (18 bytes)
[PegaHttpClient] 📡 POST https://zdk8budo.pegaacademy.net/prweb/PRRestService/HRAppsV2/V1/rules/query?pxObjClass=Rule-HTML-Section&appliesTo=Data-Admin-Security-Token&pyRuleName=undefined&RequestClass=Rule-HTML-Section&RequestAppliesTo=Data-Admin-Security-Token&RequestRuleName=undefined Payload: "{\"RequestClass\":\"Rule-HTML-Section\",\"RequestAppliesTo\":\"Data-Admin-Security-Token\",\"RequestRuleName\":\"undefined\"}" => HTTP 404 (18 bytes)
[PegaHttpClient] 📡 POST https://zdk8budo.pegaacademy.net/prweb/api/v1/rules/query?pxObjClass=Rule-HTML-Section&appliesTo=Data-Admin-Security-Token&pyRuleName=undefined&RequestClass=Rule-HTML-Section&RequestAppliesTo=Data-Admin-Security-Token&RequestRuleName=undefined Payload: "{\"RequestClass\":\"Rule-HTML-Section\",\"RequestAppliesTo\":\"Data-Admin-Security-Token\",\"RequestRuleName\":\"undefined\"}" => HTTP 404 (18 bytes)
[PegaHttpClient] 📡 POST https://zdk8budo.pegaacademy.net/prweb/PRRestService/v1/rules/query?pxObjClass=Rule-HTML-Section&appliesTo=Data-Admin-Security-Token&pyRuleName=undefined&RequestClass=Rule-HTML-Section&RequestAppliesTo=Data-Admin-Security-Token&RequestRuleName=undefined Payload: "{\"RequestClass\":\"Rule-HTML-Section\",\"RequestAppliesTo\":\"Data-Admin-Security-Token\",\"RequestRuleName\":\"undefined\"}" => HTTP 404 (18 bytes)
[PegaHttpClient] 📡 POST https://zdk8budo.pegaacademy.net/prweb/api/CodeIntelligence/v1/rules/query?pxObjClass=Rule-HTML-Section&appliesTo=Data-Admin-Security-Token&pyRuleName=pzRuleFormToolbarHotKeys&RequestClass=Rule-HTML-Section&RequestAppliesTo=Data-Admin-Security-Token&RequestRuleName=pzRuleFormToolbarHotKeys Payload: "{\"RequestClass\":\"Rule-HTML-Section\",\"RequestAppliesTo\":\"Data-Admin-Security-Token\",\"RequestRuleName\":\"pzRuleFormToolbarHotKeys\"}" => HTTP 200 (85058 bytes)
[PegaHttpClient] 📡 POST https://zdk8budo.pegaacademy.net/prweb/api/CodeIntelligence/v1/rules/query?pxObjClass=Rule-HTML-Section&appliesTo=Data-Admin-Security-Token&pyRuleName=pzRuleFormToolbarLockedIcon&RequestClass=Rule-HTML-Section&RequestAppliesTo=Data-Admin-Security-Token&RequestRuleName=pzRuleFormToolbarLockedIcon Payload: "{\"RequestClass\":\"Rule-HTML-Section\",\"RequestAppliesTo\":\"Data-Admin-Security-Token\",\"RequestRuleName\":\"pzRuleFormToolbarLockedIcon\"}" => HTTP 200 (19111 bytes)
[PegaHttpClient] 📡 POST https://zdk8budo.pegaacademy.net/prweb/api/CodeIntelligence/v1/rules/query?pxObjClass=Rule-HTML-Section&appliesTo=Data-Admin-Security-Token&pyRuleName=pzRuleFormToolbarCollaborators&RequestClass=Rule-HTML-Section&RequestAppliesTo=Data-Admin-Security-Token&RequestRuleName=pzRuleFormToolbarCollaborators Payload: "{\"RequestClass\":\"Rule-HTML-Section\",\"RequestAppliesTo\":\"Data-Admin-Security-Token\",\"RequestRuleName\":\"pzRuleFormToolbarCollaborators\"}" => HTTP 200 (15254 bytes)
[PegaHttpClient] 📡 POST https://zdk8budo.pegaacademy.net/prweb/api/CodeIntelligence/v1/rules/query?pxObjClass=Rule-HTML-Section&appliesTo=Data-Admin-Security-Token&pyRuleName=pzRuleFormToolbarSaveAs&RequestClass=Rule-HTML-Section&RequestAppliesTo=Data-Admin-Security-Token&RequestRuleName=pzRuleFormToolbarSaveAs Payload: "{\"RequestClass\":\"Rule-HTML-Section\",\"RequestAppliesTo\":\"Data-Admin-Security-Token\",\"RequestRuleName\":\"pzRuleFormToolbarSaveAs\"}" => HTTP 200 (64084 bytes)
[PegaHttpClient] 📡 POST https://zdk8budo.pegaacademy.net/prweb/api/CodeIntelligence/v1/rules/query?pxObjClass=Rule-HTML-Section&appliesTo=Data-Admin-Security-Token&pyRuleName=pzRuleFormToolbarCheckin&RequestClass=Rule-HTML-Section&RequestAppliesTo=Data-Admin-Security-Token&RequestRuleName=pzRuleFormToolbarCheckin Payload: "{\"RequestClass\":\"Rule-HTML-Section\",\"RequestAppliesTo\":\"Data-Admin-Security-Token\",\"RequestRuleName\":\"pzRuleFormToolbarCheckin\"}" => HTTP 200 (15601 bytes)
[PegaHttpClient] 📡 POST https://zdk8budo.pegaacademy.net/prweb/api/CodeIntelligence/v1/rules/query?pxObjClass=Rule-HTML-Section&appliesTo=Data-Admin-Security-Token&pyRuleName=pzRuleFormToolbarDelete&RequestClass=Rule-HTML-Section&RequestAppliesTo=Data-Admin-Security-Token&RequestRuleName=pzRuleFormToolbarDelete Payload: "{\"RequestClass\":\"Rule-HTML-Section\",\"RequestAppliesTo\":\"Data-Admin-Security-Token\",\"RequestRuleName\":\"pzRuleFormToolbarDelete\"}" => HTTP 200 (30249 bytes)
[PegaHttpClient] 📡 POST https://zdk8budo.pegaacademy.net/prweb/api/CodeIntelligence/v1/rules/query?pxObjClass=Rule-HTML-Section&appliesTo=Data-Admin-Security-Token&pyRuleName=pzRuleFormToolbarSave&RequestClass=Rule-HTML-Section&RequestAppliesTo=Data-Admin-Security-Token&RequestRuleName=pzRuleFormToolbarSave Payload: "{\"RequestClass\":\"Rule-HTML-Section\",\"RequestAppliesTo\":\"Data-Admin-Security-Token\",\"RequestRuleName\":\"pzRuleFormToolbarSave\"}" => HTTP 200 (293885 bytes)
[PegaHttpClient] 📡 POST https://zdk8budo.pegaacademy.net/prweb/api/CodeIntelligence/v1/rules/query?pxObjClass=Rule-HTML-Section&appliesTo=Data-Admin-Security-Token&pyRuleName=pzRuleFormToolbarCheckout&RequestClass=Rule-HTML-Section&RequestAppliesTo=Data-Admin-Security-Token&RequestRuleName=pzRuleFormToolbarCheckout Payload: "{\"RequestClass\":\"Rule-HTML-Section\",\"RequestAppliesTo\":\"Data-Admin-Security-Token\",\"RequestRuleName\":\"pzRuleFormToolbarCheckout\"}" => HTTP 200 (14854 bytes)
[PegaHttpClient] 📡 POST https://zdk8budo.pegaacademy.net/prweb/api/CodeIntelligence/v1/rules/query?pxObjClass=Rule-HTML-Section&appliesTo=Data-Admin-Security-Token&pyRuleName=pzRemoveErrorsDataPage&RequestClass=Rule-HTML-Section&RequestAppliesTo=Data-Admin-Security-Token&RequestRuleName=pzRemoveErrorsDataPage Payload: "{\"RequestClass\":\"Rule-HTML-Section\",\"RequestAppliesTo\":\"Data-Admin-Security-Token\",\"RequestRuleName\":\"pzRemoveErrorsDataPage\"}" => HTTP 200 (16733 bytes)
[PegaHttpClient] 📡 POST https://zdk8budo.pegaacademy.net/prweb/api/CodeIntelligence/v1/rules/query?pxObjClass=Rule-HTML-Section&appliesTo=Data-Admin-Security-Token&pyRuleName=pzRuleFormHeaderMessagesWrapper&RequestClass=Rule-HTML-Section&RequestAppliesTo=Data-Admin-Security-Token&RequestRuleName=pzRuleFormHeaderMessagesWrapper Payload: "{\"RequestClass\":\"Rule-HTML-Section\",\"RequestAppliesTo\":\"Data-Admin-Security-Token\",\"RequestRuleName\":\"pzRuleFormHeaderMessagesWrapper\"}" => HTTP 200 (16981 bytes)
[PegaHttpClient] 📡 POST https://zdk8budo.pegaacademy.net/prweb/api/CodeIntelligence/v1/rules/query?pxObjClass=Rule-HTML-Section&appliesTo=Data-Admin-Security-Token&pyRuleName=pzJWTMapFromKey&RequestClass=Rule-HTML-Section&RequestAppliesTo=Data-Admin-Security-Token&RequestRuleName=pzJWTMapFromKey Payload: "{\"RequestClass\":\"Rule-HTML-Section\",\"RequestAppliesTo\":\"Data-Admin-Security-Token\",\"RequestRuleName\":\"pzJWTMapFromKey\"}" => HTTP 404 (118 bytes)
[PegaHttpClient] 📡 POST https://zdk8budo.pegaacademy.net/prweb/PRRestService/CodeIntelligence/v1/rules/query?pxObjClass=Rule-HTML-Section&appliesTo=Data-Admin-Security-Token&pyRuleName=pzJWTMapFromKey&RequestClass=Rule-HTML-Section&RequestAppliesTo=Data-Admin-Security-Token&RequestRuleName=pzJWTMapFromKey Payload: "{\"RequestClass\":\"Rule-HTML-Section\",\"RequestAppliesTo\":\"Data-Admin-Security-Token\",\"RequestRuleName\":\"pzJWTMapFromKey\"}" => HTTP 404 (118 bytes)
[PegaHttpClient] 📡 POST https://zdk8budo.pegaacademy.net/prweb/api/HRAppsV2Service/V1/rules/query?pxObjClass=Rule-HTML-Section&appliesTo=Data-Admin-Security-Token&pyRuleName=pzJWTMapFromKey&RequestClass=Rule-HTML-Section&RequestAppliesTo=Data-Admin-Security-Token&RequestRuleName=pzJWTMapFromKey Payload: "{\"RequestClass\":\"Rule-HTML-Section\",\"RequestAppliesTo\":\"Data-Admin-Security-Token\",\"RequestRuleName\":\"pzJWTMapFromKey\"}" => HTTP 404 (18 bytes)
[PegaHttpClient] 📡 POST https://zdk8budo.pegaacademy.net/prweb/PRRestService/HRAppsV2Service/V1/rules/query?pxObjClass=Rule-HTML-Section&appliesTo=Data-Admin-Security-Token&pyRuleName=pzJWTMapFromKey&RequestClass=Rule-HTML-Section&RequestAppliesTo=Data-Admin-Security-Token&RequestRuleName=pzJWTMapFromKey Payload: "{\"RequestClass\":\"Rule-HTML-Section\",\"RequestAppliesTo\":\"Data-Admin-Security-Token\",\"RequestRuleName\":\"pzJWTMapFromKey\"}" => HTTP 404 (18 bytes)
[PegaHttpClient] 📡 POST https://zdk8budo.pegaacademy.net/prweb/api/HRAppsV2/V1/rules/query?pxObjClass=Rule-HTML-Section&appliesTo=Data-Admin-Security-Token&pyRuleName=pzJWTMapFromKey&RequestClass=Rule-HTML-Section&RequestAppliesTo=Data-Admin-Security-Token&RequestRuleName=pzJWTMapFromKey Payload: "{\"RequestClass\":\"Rule-HTML-Section\",\"RequestAppliesTo\":\"Data-Admin-Security-Token\",\"RequestRuleName\":\"pzJWTMapFromKey\"}" => HTTP 404 (18 bytes)
[PegaHttpClient] 📡 POST https://zdk8budo.pegaacademy.net/prweb/PRRestService/HRAppsV2/V1/rules/query?pxObjClass=Rule-HTML-Section&appliesTo=Data-Admin-Security-Token&pyRuleName=pzJWTMapFromKey&RequestClass=Rule-HTML-Section&RequestAppliesTo=Data-Admin-Security-Token&RequestRuleName=pzJWTMapFromKey Payload: "{\"RequestClass\":\"Rule-HTML-Section\",\"RequestAppliesTo\":\"Data-Admin-Security-Token\",\"RequestRuleName\":\"pzJWTMapFromKey\"}" => HTTP 404 (18 bytes)
[PegaHttpClient] 📡 POST https://zdk8budo.pegaacademy.net/prweb/api/v1/rules/query?pxObjClass=Rule-HTML-Section&appliesTo=Data-Admin-Security-Token&pyRuleName=pzJWTMapFromKey&RequestClass=Rule-HTML-Section&RequestAppliesTo=Data-Admin-Security-Token&RequestRuleName=pzJWTMapFromKey Payload: "{\"RequestClass\":\"Rule-HTML-Section\",\"RequestAppliesTo\":\"Data-Admin-Security-Token\",\"RequestRuleName\":\"pzJWTMapFromKey\"}" => HTTP 404 (18 bytes)
[PegaHttpClient] 📡 POST https://zdk8budo.pegaacademy.net/prweb/PRRestService/v1/rules/query?pxObjClass=Rule-HTML-Section&appliesTo=Data-Admin-Security-Token&pyRuleName=pzJWTMapFromKey&RequestClass=Rule-HTML-Section&RequestAppliesTo=Data-Admin-Security-Token&RequestRuleName=pzJWTMapFromKey Payload: "{\"RequestClass\":\"Rule-HTML-Section\",\"RequestAppliesTo\":\"Data-Admin-Security-Token\",\"RequestRuleName\":\"pzJWTMapFromKey\"}" => HTTP 404 (18 bytes)
[PegaHttpClient] 📡 POST https://zdk8budo.pegaacademy.net/prweb/api/CodeIntelligence/v1/rules/query?pxObjClass=Rule-HTML-Section&appliesTo=Data-Admin-Security-Token&pyRuleName=pxDisplayCollaborators&RequestClass=Rule-HTML-Section&RequestAppliesTo=Data-Admin-Security-Token&RequestRuleName=pxDisplayCollaborators Payload: "{\"RequestClass\":\"Rule-HTML-Section\",\"RequestAppliesTo\":\"Data-Admin-Security-Token\",\"RequestRuleName\":\"pxDisplayCollaborators\"}" => HTTP 200 (94171 bytes)
[PegaHttpClient] 📡 POST https://zdk8budo.pegaacademy.net/prweb/api/CodeIntelligence/v1/rules/query?pxObjClass=Rule-HTML-Section&appliesTo=Data-Admin-Security-Token&pyRuleName=pzRuleFormToolbarDeleteCheckOut&RequestClass=Rule-HTML-Section&RequestAppliesTo=Data-Admin-Security-Token&RequestRuleName=pzRuleFormToolbarDeleteCheckOut Payload: "{\"RequestClass\":\"Rule-HTML-Section\",\"RequestAppliesTo\":\"Data-Admin-Security-Token\",\"RequestRuleName\":\"pzRuleFormToolbarDeleteCheckOut\"}" => HTTP 404 (134 bytes)
[PegaHttpClient] 📡 POST https://zdk8budo.pegaacademy.net/prweb/PRRestService/CodeIntelligence/v1/rules/query?pxObjClass=Rule-HTML-Section&appliesTo=Data-Admin-Security-Token&pyRuleName=pzRuleFormToolbarDeleteCheckOut&RequestClass=Rule-HTML-Section&RequestAppliesTo=Data-Admin-Security-Token&RequestRuleName=pzRuleFormToolbarDeleteCheckOut Payload: "{\"RequestClass\":\"Rule-HTML-Section\",\"RequestAppliesTo\":\"Data-Admin-Security-Token\",\"RequestRuleName\":\"pzRuleFormToolbarDeleteCheckOut\"}" => HTTP 404 (134 bytes)
[PegaHttpClient] 📡 POST https://zdk8budo.pegaacademy.net/prweb/api/HRAppsV2Service/V1/rules/query?pxObjClass=Rule-HTML-Section&appliesTo=Data-Admin-Security-Token&pyRuleName=pzRuleFormToolbarDeleteCheckOut&RequestClass=Rule-HTML-Section&RequestAppliesTo=Data-Admin-Security-Token&RequestRuleName=pzRuleFormToolbarDeleteCheckOut Payload: "{\"RequestClass\":\"Rule-HTML-Section\",\"RequestAppliesTo\":\"Data-Admin-Security-Token\",\"RequestRuleName\":\"pzRuleFormToolbarDeleteCheckOut\"}" => HTTP 404 (18 bytes)
[PegaHttpClient] 📡 POST https://zdk8budo.pegaacademy.net/prweb/PRRestService/HRAppsV2Service/V1/rules/query?pxObjClass=Rule-HTML-Section&appliesTo=Data-Admin-Security-Token&pyRuleName=pzRuleFormToolbarDeleteCheckOut&RequestClass=Rule-HTML-Section&RequestAppliesTo=Data-Admin-Security-Token&RequestRuleName=pzRuleFormToolbarDeleteCheckOut Payload: "{\"RequestClass\":\"Rule-HTML-Section\",\"RequestAppliesTo\":\"Data-Admin-Security-Token\",\"RequestRuleName\":\"pzRuleFormToolbarDeleteCheckOut\"}" => HTTP 404 (18 bytes)
[PegaHttpClient] 📡 POST https://zdk8budo.pegaacademy.net/prweb/api/HRAppsV2/V1/rules/query?pxObjClass=Rule-HTML-Section&appliesTo=Data-Admin-Security-Token&pyRuleName=pzRuleFormToolbarDeleteCheckOut&RequestClass=Rule-HTML-Section&RequestAppliesTo=Data-Admin-Security-Token&RequestRuleName=pzRuleFormToolbarDeleteCheckOut Payload: "{\"RequestClass\":\"Rule-HTML-Section\",\"RequestAppliesTo\":\"Data-Admin-Security-Token\",\"RequestRuleName\":\"pzRuleFormToolbarDeleteCheckOut\"}" => HTTP 404 (18 bytes)
[PegaHttpClient] 📡 POST https://zdk8budo.pegaacademy.net/prweb/PRRestService/HRAppsV2/V1/rules/query?pxObjClass=Rule-HTML-Section&appliesTo=Data-Admin-Security-Token&pyRuleName=pzRuleFormToolbarDeleteCheckOut&RequestClass=Rule-HTML-Section&RequestAppliesTo=Data-Admin-Security-Token&RequestRuleName=pzRuleFormToolbarDeleteCheckOut Payload: "{\"RequestClass\":\"Rule-HTML-Section\",\"RequestAppliesTo\":\"Data-Admin-Security-Token\",\"RequestRuleName\":\"pzRuleFormToolbarDeleteCheckOut\"}" => HTTP 404 (18 bytes)
[PegaHttpClient] 📡 POST https://zdk8budo.pegaacademy.net/prweb/api/v1/rules/query?pxObjClass=Rule-HTML-Section&appliesTo=Data-Admin-Security-Token&pyRuleName=pzRuleFormToolbarDeleteCheckOut&RequestClass=Rule-HTML-Section&RequestAppliesTo=Data-Admin-Security-Token&RequestRuleName=pzRuleFormToolbarDeleteCheckOut Payload: "{\"RequestClass\":\"Rule-HTML-Section\",\"RequestAppliesTo\":\"Data-Admin-Security-Token\",\"RequestRuleName\":\"pzRuleFormToolbarDeleteCheckOut\"}" => HTTP 404 (18 bytes)
[PegaHttpClient] 📡 POST https://zdk8budo.pegaacademy.net/prweb/PRRestService/v1/rules/query?pxObjClass=Rule-HTML-Section&appliesTo=Data-Admin-Security-Token&pyRuleName=pzRuleFormToolbarDeleteCheckOut&RequestClass=Rule-HTML-Section&RequestAppliesTo=Data-Admin-Security-Token&RequestRuleName=pzRuleFormToolbarDeleteCheckOut Payload: "{\"RequestClass\":\"Rule-HTML-Section\",\"RequestAppliesTo\":\"Data-Admin-Security-Token\",\"RequestRuleName\":\"pzRuleFormToolbarDeleteCheckOut\"}" => HTTP 404 (18 bytes)
[PegaHttpClient] 📡 POST https://zdk8budo.pegaacademy.net/prweb/api/CodeIntelligence/v1/rules/query?pxObjClass=Rule-HTML-Section&appliesTo=Data-Admin-Security-Token&pyRuleName=pzRuleFormToolbarDeleteRule&RequestClass=Rule-HTML-Section&RequestAppliesTo=Data-Admin-Security-Token&RequestRuleName=pzRuleFormToolbarDeleteRule Payload: "{\"RequestClass\":\"Rule-HTML-Section\",\"RequestAppliesTo\":\"Data-Admin-Security-Token\",\"RequestRuleName\":\"pzRuleFormToolbarDeleteRule\"}" => HTTP 200 (32314 bytes)
[PegaHttpClient] 📡 POST https://zdk8budo.pegaacademy.net/prweb/api/CodeIntelligence/v1/rules/query?pxObjClass=Rule-HTML-Section&appliesTo=Data-Admin-Security-Token&pyRuleName=pzLoadCollaborationScripts&RequestClass=Rule-HTML-Section&RequestAppliesTo=Data-Admin-Security-Token&RequestRuleName=pzLoadCollaborationScripts Payload: "{\"RequestClass\":\"Rule-HTML-Section\",\"RequestAppliesTo\":\"Data-Admin-Security-Token\",\"RequestRuleName\":\"pzLoadCollaborationScripts\"}" => HTTP 200 (23453 bytes)
[PegaHttpClient] 📡 POST https://zdk8budo.pegaacademy.net/prweb/api/CodeIntelligence/v1/rules/query?pxObjClass=Rule-HTML-Section&appliesTo=Data-Admin-Security-Token&pyRuleName=pzDisplayCollaboratorsList&RequestClass=Rule-HTML-Section&RequestAppliesTo=Data-Admin-Security-Token&RequestRuleName=pzDisplayCollaboratorsList Payload: "{\"RequestClass\":\"Rule-HTML-Section\",\"RequestAppliesTo\":\"Data-Admin-Security-Token\",\"RequestRuleName\":\"pzDisplayCollaboratorsList\"}" => HTTP 200 (105418 bytes)
[PegaHttpClient] 📡 POST https://zdk8budo.pegaacademy.net/prweb/api/CodeIntelligence/v1/rules/query?pxObjClass=Rule-HTML-Section&appliesTo=Data-Admin-Security-Token&pyRuleName=pyCollaborator&RequestClass=Rule-HTML-Section&RequestAppliesTo=Data-Admin-Security-Token&RequestRuleName=pyCollaborator Payload: "{\"RequestClass\":\"Rule-HTML-Section\",\"RequestAppliesTo\":\"Data-Admin-Security-Token\",\"RequestRuleName\":\"pyCollaborator\"}" => HTTP 404 (117 bytes)
[PegaHttpClient] 📡 POST https://zdk8budo.pegaacademy.net/prweb/PRRestService/CodeIntelligence/v1/rules/query?pxObjClass=Rule-HTML-Section&appliesTo=Data-Admin-Security-Token&pyRuleName=pyCollaborator&RequestClass=Rule-HTML-Section&RequestAppliesTo=Data-Admin-Security-Token&RequestRuleName=pyCollaborator Payload: "{\"RequestClass\":\"Rule-HTML-Section\",\"RequestAppliesTo\":\"Data-Admin-Security-Token\",\"RequestRuleName\":\"pyCollaborator\"}" => HTTP 404 (117 bytes)
[PegaHttpClient] 📡 POST https://zdk8budo.pegaacademy.net/prweb/api/HRAppsV2Service/V1/rules/query?pxObjClass=Rule-HTML-Section&appliesTo=Data-Admin-Security-Token&pyRuleName=pyCollaborator&RequestClass=Rule-HTML-Section&RequestAppliesTo=Data-Admin-Security-Token&RequestRuleName=pyCollaborator Payload: "{\"RequestClass\":\"Rule-HTML-Section\",\"RequestAppliesTo\":\"Data-Admin-Security-Token\",\"RequestRuleName\":\"pyCollaborator\"}" => HTTP 404 (18 bytes)
[PegaHttpClient] 📡 POST https://zdk8budo.pegaacademy.net/prweb/PRRestService/HRAppsV2Service/V1/rules/query?pxObjClass=Rule-HTML-Section&appliesTo=Data-Admin-Security-Token&pyRuleName=pyCollaborator&RequestClass=Rule-HTML-Section&RequestAppliesTo=Data-Admin-Security-Token&RequestRuleName=pyCollaborator Payload: "{\"RequestClass\":\"Rule-HTML-Section\",\"RequestAppliesTo\":\"Data-Admin-Security-Token\",\"RequestRuleName\":\"pyCollaborator\"}" => HTTP 404 (18 bytes)
[PegaHttpClient] 📡 POST https://zdk8budo.pegaacademy.net/prweb/api/HRAppsV2/V1/rules/query?pxObjClass=Rule-HTML-Section&appliesTo=Data-Admin-Security-Token&pyRuleName=pyCollaborator&RequestClass=Rule-HTML-Section&RequestAppliesTo=Data-Admin-Security-Token&RequestRuleName=pyCollaborator Payload: "{\"RequestClass\":\"Rule-HTML-Section\",\"RequestAppliesTo\":\"Data-Admin-Security-Token\",\"RequestRuleName\":\"pyCollaborator\"}" => HTTP 404 (18 bytes)
[PegaHttpClient] 📡 POST https://zdk8budo.pegaacademy.net/prweb/PRRestService/HRAppsV2/V1/rules/query?pxObjClass=Rule-HTML-Section&appliesTo=Data-Admin-Security-Token&pyRuleName=pyCollaborator&RequestClass=Rule-HTML-Section&RequestAppliesTo=Data-Admin-Security-Token&RequestRuleName=pyCollaborator Payload: "{\"RequestClass\":\"Rule-HTML-Section\",\"RequestAppliesTo\":\"Data-Admin-Security-Token\",\"RequestRuleName\":\"pyCollaborator\"}" => HTTP 404 (18 bytes)
[PegaHttpClient] 📡 POST https://zdk8budo.pegaacademy.net/prweb/api/v1/rules/query?pxObjClass=Rule-HTML-Section&appliesTo=Data-Admin-Security-Token&pyRuleName=pyCollaborator&RequestClass=Rule-HTML-Section&RequestAppliesTo=Data-Admin-Security-Token&RequestRuleName=pyCollaborator Payload: "{\"RequestClass\":\"Rule-HTML-Section\",\"RequestAppliesTo\":\"Data-Admin-Security-Token\",\"RequestRuleName\":\"pyCollaborator\"}" => HTTP 404 (18 bytes)
[PegaHttpClient] 📡 POST https://zdk8budo.pegaacademy.net/prweb/PRRestService/v1/rules/query?pxObjClass=Rule-HTML-Section&appliesTo=Data-Admin-Security-Token&pyRuleName=pyCollaborator&RequestClass=Rule-HTML-Section&RequestAppliesTo=Data-Admin-Security-Token&RequestRuleName=pyCollaborator Payload: "{\"RequestClass\":\"Rule-HTML-Section\",\"RequestAppliesTo\":\"Data-Admin-Security-Token\",\"RequestRuleName\":\"pyCollaborator\"}" => HTTP 404 (18 bytes)
[PegaHttpClient] 📡 POST https://zdk8budo.pegaacademy.net/prweb/api/CodeIntelligence/v1/rules/query?pxObjClass=Rule-HTML-Section&appliesTo=Data-Admin-Security-Token&pyRuleName=pzDisplayPartialCount&RequestClass=Rule-HTML-Section&RequestAppliesTo=Data-Admin-Security-Token&RequestRuleName=pzDisplayPartialCount Payload: "{\"RequestClass\":\"Rule-HTML-Section\",\"RequestAppliesTo\":\"Data-Admin-Security-Token\",\"RequestRuleName\":\"pzDisplayPartialCount\"}" => HTTP 404 (124 bytes)
[PegaHttpClient] 📡 POST https://zdk8budo.pegaacademy.net/prweb/PRRestService/CodeIntelligence/v1/rules/query?pxObjClass=Rule-HTML-Section&appliesTo=Data-Admin-Security-Token&pyRuleName=pzDisplayPartialCount&RequestClass=Rule-HTML-Section&RequestAppliesTo=Data-Admin-Security-Token&RequestRuleName=pzDisplayPartialCount Payload: "{\"RequestClass\":\"Rule-HTML-Section\",\"RequestAppliesTo\":\"Data-Admin-Security-Token\",\"RequestRuleName\":\"pzDisplayPartialCount\"}" => HTTP 404 (124 bytes)
[PegaHttpClient] 📡 POST https://zdk8budo.pegaacademy.net/prweb/api/HRAppsV2Service/V1/rules/query?pxObjClass=Rule-HTML-Section&appliesTo=Data-Admin-Security-Token&pyRuleName=pzDisplayPartialCount&RequestClass=Rule-HTML-Section&RequestAppliesTo=Data-Admin-Security-Token&RequestRuleName=pzDisplayPartialCount Payload: "{\"RequestClass\":\"Rule-HTML-Section\",\"RequestAppliesTo\":\"Data-Admin-Security-Token\",\"RequestRuleName\":\"pzDisplayPartialCount\"}" => HTTP 404 (18 bytes)
[PegaHttpClient] 📡 POST https://zdk8budo.pegaacademy.net/prweb/PRRestService/HRAppsV2Service/V1/rules/query?pxObjClass=Rule-HTML-Section&appliesTo=Data-Admin-Security-Token&pyRuleName=pzDisplayPartialCount&RequestClass=Rule-HTML-Section&RequestAppliesTo=Data-Admin-Security-Token&RequestRuleName=pzDisplayPartialCount Payload: "{\"RequestClass\":\"Rule-HTML-Section\",\"RequestAppliesTo\":\"Data-Admin-Security-Token\",\"RequestRuleName\":\"pzDisplayPartialCount\"}" => HTTP 404 (18 bytes)
[PegaHttpClient] 📡 POST https://zdk8budo.pegaacademy.net/prweb/api/HRAppsV2/V1/rules/query?pxObjClass=Rule-HTML-Section&appliesTo=Data-Admin-Security-Token&pyRuleName=pzDisplayPartialCount&RequestClass=Rule-HTML-Section&RequestAppliesTo=Data-Admin-Security-Token&RequestRuleName=pzDisplayPartialCount Payload: "{\"RequestClass\":\"Rule-HTML-Section\",\"RequestAppliesTo\":\"Data-Admin-Security-Token\",\"RequestRuleName\":\"pzDisplayPartialCount\"}" => HTTP 404 (18 bytes)
[PegaHttpClient] 📡 POST https://zdk8budo.pegaacademy.net/prweb/PRRestService/HRAppsV2/V1/rules/query?pxObjClass=Rule-HTML-Section&appliesTo=Data-Admin-Security-Token&pyRuleName=pzDisplayPartialCount&RequestClass=Rule-HTML-Section&RequestAppliesTo=Data-Admin-Security-Token&RequestRuleName=pzDisplayPartialCount Payload: "{\"RequestClass\":\"Rule-HTML-Section\",\"RequestAppliesTo\":\"Data-Admin-Security-Token\",\"RequestRuleName\":\"pzDisplayPartialCount\"}" => HTTP 404 (18 bytes)
[PegaHttpClient] 📡 POST https://zdk8budo.pegaacademy.net/prweb/api/v1/rules/query?pxObjClass=Rule-HTML-Section&appliesTo=Data-Admin-Security-Token&pyRuleName=pzDisplayPartialCount&RequestClass=Rule-HTML-Section&RequestAppliesTo=Data-Admin-Security-Token&RequestRuleName=pzDisplayPartialCount Payload: "{\"RequestClass\":\"Rule-HTML-Section\",\"RequestAppliesTo\":\"Data-Admin-Security-Token\",\"RequestRuleName\":\"pzDisplayPartialCount\"}" => HTTP 404 (18 bytes)
[PegaHttpClient] 📡 POST https://zdk8budo.pegaacademy.net/prweb/PRRestService/v1/rules/query?pxObjClass=Rule-HTML-Section&appliesTo=Data-Admin-Security-Token&pyRuleName=pzDisplayPartialCount&RequestClass=Rule-HTML-Section&RequestAppliesTo=Data-Admin-Security-Token&RequestRuleName=pzDisplayPartialCount Payload: "{\"RequestClass\":\"Rule-HTML-Section\",\"RequestAppliesTo\":\"Data-Admin-Security-Token\",\"RequestRuleName\":\"pzDisplayPartialCount\"}" => HTTP 404 (18 bytes)
[SchemaGen] ✅ Schema written for Data-Admin-Security-Token
[PegaHttpClient] 📡 GET https://zdk8budo.pegaacademy.net/prweb/api/CodeIntelligence/v1/rules/RULE-HTML-HARNESS%20DATA-ADMIN-SECURITY-OAUTH-CLIENT%20RULEFORM%20%2320180713T135820.543%20GMT => HTTP 200 (22843 bytes)
[PegaHttpClient] 📡 POST https://zdk8budo.pegaacademy.net/prweb/api/CodeIntelligence/v1/rules/query?pxObjClass=Rule-HTML-Section&appliesTo=Data-Admin-Security-OAuth-Client&pyRuleName=RuleFormMain&RequestClass=Rule-HTML-Section&RequestAppliesTo=Data-Admin-Security-OAuth-Client&RequestRuleName=RuleFormMain Payload: "{\"RequestClass\":\"Rule-HTML-Section\",\"RequestAppliesTo\":\"Data-Admin-Security-OAuth-Client\",\"RequestRuleName\":\"RuleFormMain\"}" => HTTP 200 (156234 bytes)
[PegaHttpClient] 📡 POST https://zdk8budo.pegaacademy.net/prweb/api/CodeIntelligence/v1/rules/query?pxObjClass=Rule-HTML-Section&appliesTo=Data-Admin-Security-OAuth-Client&pyRuleName=pxAlternateRuleForm&RequestClass=Rule-HTML-Section&RequestAppliesTo=Data-Admin-Security-OAuth-Client&RequestRuleName=pxAlternateRuleForm Payload: "{\"RequestClass\":\"Rule-HTML-Section\",\"RequestAppliesTo\":\"Data-Admin-Security-OAuth-Client\",\"RequestRuleName\":\"pxAlternateRuleForm\"}" => HTTP 200 (66153 bytes)
[PegaHttpClient] 📡 POST https://zdk8budo.pegaacademy.net/prweb/api/CodeIntelligence/v1/rules/query?pxObjClass=Rule-HTML-Section&appliesTo=Data-Admin-Security-OAuth-Client&pyRuleName=pzRuleFormScripts&RequestClass=Rule-HTML-Section&RequestAppliesTo=Data-Admin-Security-OAuth-Client&RequestRuleName=pzRuleFormScripts Payload: "{\"RequestClass\":\"Rule-HTML-Section\",\"RequestAppliesTo\":\"Data-Admin-Security-OAuth-Client\",\"RequestRuleName\":\"pzRuleFormScripts\"}" => HTTP 200 (40822 bytes)
[PegaHttpClient] 📡 POST https://zdk8budo.pegaacademy.net/prweb/api/CodeIntelligence/v1/rules/query?pxObjClass=Rule-HTML-Section&appliesTo=Data-Admin-Security-OAuth-Client&pyRuleName=pzRuleFormLayoutDelegated&RequestClass=Rule-HTML-Section&RequestAppliesTo=Data-Admin-Security-OAuth-Client&RequestRuleName=pzRuleFormLayoutDelegated Payload: "{\"RequestClass\":\"Rule-HTML-Section\",\"RequestAppliesTo\":\"Data-Admin-Security-OAuth-Client\",\"RequestRuleName\":\"pzRuleFormLayoutDelegated\"}" => HTTP 200 (70998 bytes)
[PegaHttpClient] 📡 POST https://zdk8budo.pegaacademy.net/prweb/api/CodeIntelligence/v1/rules/query?pxObjClass=Rule-HTML-Section&appliesTo=Data-Admin-Security-OAuth-Client&pyRuleName=RuleFormLayout&RequestClass=Rule-HTML-Section&RequestAppliesTo=Data-Admin-Security-OAuth-Client&RequestRuleName=RuleFormLayout Payload: "{\"RequestClass\":\"Rule-HTML-Section\",\"RequestAppliesTo\":\"Data-Admin-Security-OAuth-Client\",\"RequestRuleName\":\"RuleFormLayout\"}" => HTTP 200 (52786 bytes)
[PegaHttpClient] 📡 POST https://zdk8budo.pegaacademy.net/prweb/api/CodeIntelligence/v1/rules/query?pxObjClass=Rule-HTML-Section&appliesTo=Data-Admin-Security-OAuth-Client&pyRuleName=RuleFormSettings&RequestClass=Rule-HTML-Section&RequestAppliesTo=Data-Admin-Security-OAuth-Client&RequestRuleName=RuleFormSettings Payload: "{\"RequestClass\":\"Rule-HTML-Section\",\"RequestAppliesTo\":\"Data-Admin-Security-OAuth-Client\",\"RequestRuleName\":\"RuleFormSettings\"}" => HTTP 200 (21582 bytes)
[PegaHttpClient] 📡 POST https://zdk8budo.pegaacademy.net/prweb/api/CodeIntelligence/v1/rules/query?pxObjClass=Rule-HTML-Section&appliesTo=Data-Admin-Security-OAuth-Client&pyRuleName=OpenAuthoring&RequestClass=Rule-HTML-Section&RequestAppliesTo=Data-Admin-Security-OAuth-Client&RequestRuleName=OpenAuthoring Payload: "{\"RequestClass\":\"Rule-HTML-Section\",\"RequestAppliesTo\":\"Data-Admin-Security-OAuth-Client\",\"RequestRuleName\":\"OpenAuthoring\"}" => HTTP 200 (20315 bytes)
[PegaHttpClient] 📡 POST https://zdk8budo.pegaacademy.net/prweb/api/CodeIntelligence/v1/rules/query?pxObjClass=Rule-HTML-Section&appliesTo=Data-Admin-Security-OAuth-Client&pyRuleName=pyCustomHelp&RequestClass=Rule-HTML-Section&RequestAppliesTo=Data-Admin-Security-OAuth-Client&RequestRuleName=pyCustomHelp Payload: "{\"RequestClass\":\"Rule-HTML-Section\",\"RequestAppliesTo\":\"Data-Admin-Security-OAuth-Client\",\"RequestRuleName\":\"pyCustomHelp\"}" => HTTP 200 (17256 bytes)
[PegaHttpClient] 📡 POST https://zdk8budo.pegaacademy.net/prweb/api/CodeIntelligence/v1/rules/query?pxObjClass=Rule-HTML-Section&appliesTo=Data-Admin-Security-OAuth-Client&pyRuleName=pzRuleformMainInclude&RequestClass=Rule-HTML-Section&RequestAppliesTo=Data-Admin-Security-OAuth-Client&RequestRuleName=pzRuleformMainInclude Payload: "{\"RequestClass\":\"Rule-HTML-Section\",\"RequestAppliesTo\":\"Data-Admin-Security-OAuth-Client\",\"RequestRuleName\":\"pzRuleformMainInclude\"}" => HTTP 200 (22375 bytes)
[PegaHttpClient] 📡 POST https://zdk8budo.pegaacademy.net/prweb/api/CodeIntelligence/v1/rules/query?pxObjClass=Rule-HTML-Section&appliesTo=Data-Admin-Security-OAuth-Client&pyRuleName=pyAlternativeRuleFormStrategicAppExtension&RequestClass=Rule-HTML-Section&RequestAppliesTo=Data-Admin-Security-OAuth-Client&RequestRuleName=pyAlternativeRuleFormStrategicAppExtension Payload: "{\"RequestClass\":\"Rule-HTML-Section\",\"RequestAppliesTo\":\"Data-Admin-Security-OAuth-Client\",\"RequestRuleName\":\"pyAlternativeRuleFormStrategicAppExtension\"}" => HTTP 200 (25042 bytes)
[PegaHttpClient] 📡 POST https://zdk8budo.pegaacademy.net/prweb/api/CodeIntelligence/v1/rules/query?pxObjClass=Rule-HTML-Section&appliesTo=Data-Admin-Security-OAuth-Client&pyRuleName=pyAlternativeRuleFormExtension&RequestClass=Rule-HTML-Section&RequestAppliesTo=Data-Admin-Security-OAuth-Client&RequestRuleName=pyAlternativeRuleFormExtension Payload: "{\"RequestClass\":\"Rule-HTML-Section\",\"RequestAppliesTo\":\"Data-Admin-Security-OAuth-Client\",\"RequestRuleName\":\"pyAlternativeRuleFormExtension\"}" => HTTP 200 (24863 bytes)
[PegaHttpClient] 📡 POST https://zdk8budo.pegaacademy.net/prweb/api/CodeIntelligence/v1/rules/query?pxObjClass=Rule-HTML-Section&appliesTo=Data-Admin-Security-OAuth-Client&pyRuleName=RuleFormHeader&RequestClass=Rule-HTML-Section&RequestAppliesTo=Data-Admin-Security-OAuth-Client&RequestRuleName=RuleFormHeader Payload: "{\"RequestClass\":\"Rule-HTML-Section\",\"RequestAppliesTo\":\"Data-Admin-Security-OAuth-Client\",\"RequestRuleName\":\"RuleFormHeader\"}" => HTTP 200 (183800 bytes)
[PegaHttpClient] 📡 POST https://zdk8budo.pegaacademy.net/prweb/api/CodeIntelligence/v1/rules/query?pxObjClass=Rule-HTML-Section&appliesTo=Data-Admin-Security-OAuth-Client&pyRuleName=pzDelegationExperience&RequestClass=Rule-HTML-Section&RequestAppliesTo=Data-Admin-Security-OAuth-Client&RequestRuleName=pzDelegationExperience Payload: "{\"RequestClass\":\"Rule-HTML-Section\",\"RequestAppliesTo\":\"Data-Admin-Security-OAuth-Client\",\"RequestRuleName\":\"pzDelegationExperience\"}" => HTTP 404 (132 bytes)
[PegaHttpClient] 📡 POST https://zdk8budo.pegaacademy.net/prweb/PRRestService/CodeIntelligence/v1/rules/query?pxObjClass=Rule-HTML-Section&appliesTo=Data-Admin-Security-OAuth-Client&pyRuleName=pzDelegationExperience&RequestClass=Rule-HTML-Section&RequestAppliesTo=Data-Admin-Security-OAuth-Client&RequestRuleName=pzDelegationExperience Payload: "{\"RequestClass\":\"Rule-HTML-Section\",\"RequestAppliesTo\":\"Data-Admin-Security-OAuth-Client\",\"RequestRuleName\":\"pzDelegationExperience\"}" => HTTP 404 (132 bytes)
[PegaHttpClient] 📡 POST https://zdk8budo.pegaacademy.net/prweb/api/HRAppsV2Service/V1/rules/query?pxObjClass=Rule-HTML-Section&appliesTo=Data-Admin-Security-OAuth-Client&pyRuleName=pzDelegationExperience&RequestClass=Rule-HTML-Section&RequestAppliesTo=Data-Admin-Security-OAuth-Client&RequestRuleName=pzDelegationExperience Payload: "{\"RequestClass\":\"Rule-HTML-Section\",\"RequestAppliesTo\":\"Data-Admin-Security-OAuth-Client\",\"RequestRuleName\":\"pzDelegationExperience\"}" => HTTP 404 (18 bytes)
[PegaHttpClient] 📡 POST https://zdk8budo.pegaacademy.net/prweb/PRRestService/HRAppsV2Service/V1/rules/query?pxObjClass=Rule-HTML-Section&appliesTo=Data-Admin-Security-OAuth-Client&pyRuleName=pzDelegationExperience&RequestClass=Rule-HTML-Section&RequestAppliesTo=Data-Admin-Security-OAuth-Client&RequestRuleName=pzDelegationExperience Payload: "{\"RequestClass\":\"Rule-HTML-Section\",\"RequestAppliesTo\":\"Data-Admin-Security-OAuth-Client\",\"RequestRuleName\":\"pzDelegationExperience\"}" => HTTP 404 (18 bytes)
[PegaHttpClient] 📡 POST https://zdk8budo.pegaacademy.net/prweb/api/HRAppsV2/V1/rules/query?pxObjClass=Rule-HTML-Section&appliesTo=Data-Admin-Security-OAuth-Client&pyRuleName=pzDelegationExperience&RequestClass=Rule-HTML-Section&RequestAppliesTo=Data-Admin-Security-OAuth-Client&RequestRuleName=pzDelegationExperience Payload: "{\"RequestClass\":\"Rule-HTML-Section\",\"RequestAppliesTo\":\"Data-Admin-Security-OAuth-Client\",\"RequestRuleName\":\"pzDelegationExperience\"}" => HTTP 404 (18 bytes)
[PegaHttpClient] 📡 POST https://zdk8budo.pegaacademy.net/prweb/PRRestService/HRAppsV2/V1/rules/query?pxObjClass=Rule-HTML-Section&appliesTo=Data-Admin-Security-OAuth-Client&pyRuleName=pzDelegationExperience&RequestClass=Rule-HTML-Section&RequestAppliesTo=Data-Admin-Security-OAuth-Client&RequestRuleName=pzDelegationExperience Payload: "{\"RequestClass\":\"Rule-HTML-Section\",\"RequestAppliesTo\":\"Data-Admin-Security-OAuth-Client\",\"RequestRuleName\":\"pzDelegationExperience\"}" => HTTP 404 (18 bytes)
[PegaHttpClient] 📡 POST https://zdk8budo.pegaacademy.net/prweb/api/v1/rules/query?pxObjClass=Rule-HTML-Section&appliesTo=Data-Admin-Security-OAuth-Client&pyRuleName=pzDelegationExperience&RequestClass=Rule-HTML-Section&RequestAppliesTo=Data-Admin-Security-OAuth-Client&RequestRuleName=pzDelegationExperience Payload: "{\"RequestClass\":\"Rule-HTML-Section\",\"RequestAppliesTo\":\"Data-Admin-Security-OAuth-Client\",\"RequestRuleName\":\"pzDelegationExperience\"}" => HTTP 404 (18 bytes)
[PegaHttpClient] 📡 POST https://zdk8budo.pegaacademy.net/prweb/PRRestService/v1/rules/query?pxObjClass=Rule-HTML-Section&appliesTo=Data-Admin-Security-OAuth-Client&pyRuleName=pzDelegationExperience&RequestClass=Rule-HTML-Section&RequestAppliesTo=Data-Admin-Security-OAuth-Client&RequestRuleName=pzDelegationExperience Payload: "{\"RequestClass\":\"Rule-HTML-Section\",\"RequestAppliesTo\":\"Data-Admin-Security-OAuth-Client\",\"RequestRuleName\":\"pzDelegationExperience\"}" => HTTP 404 (18 bytes)
[PegaHttpClient] 📡 POST https://zdk8budo.pegaacademy.net/prweb/api/CodeIntelligence/v1/rules/query?pxObjClass=Rule-HTML-Section&appliesTo=Data-Admin-Security-OAuth-Client&pyRuleName=pyOAuthClientData&RequestClass=Rule-HTML-Section&RequestAppliesTo=Data-Admin-Security-OAuth-Client&RequestRuleName=pyOAuthClientData Payload: "{\"RequestClass\":\"Rule-HTML-Section\",\"RequestAppliesTo\":\"Data-Admin-Security-OAuth-Client\",\"RequestRuleName\":\"pyOAuthClientData\"}" => HTTP 200 (54571 bytes)
[PegaHttpClient] 📡 POST https://zdk8budo.pegaacademy.net/prweb/api/CodeIntelligence/v1/rules/query?pxObjClass=Rule-HTML-Section&appliesTo=Data-Admin-Security-OAuth-Client&pyRuleName=RuleFormHistory&RequestClass=Rule-HTML-Section&RequestAppliesTo=Data-Admin-Security-OAuth-Client&RequestRuleName=RuleFormHistory Payload: "{\"RequestClass\":\"Rule-HTML-Section\",\"RequestAppliesTo\":\"Data-Admin-Security-OAuth-Client\",\"RequestRuleName\":\"RuleFormHistory\"}" => HTTP 200 (18043 bytes)
[PegaHttpClient] 📡 POST https://zdk8budo.pegaacademy.net/prweb/api/CodeIntelligence/v1/rules/query?pxObjClass=Rule-HTML-Section&appliesTo=Data-Admin-Security-OAuth-Client&pyRuleName=pzCustomHelp&RequestClass=Rule-HTML-Section&RequestAppliesTo=Data-Admin-Security-OAuth-Client&RequestRuleName=pzCustomHelp Payload: "{\"RequestClass\":\"Rule-HTML-Section\",\"RequestAppliesTo\":\"Data-Admin-Security-OAuth-Client\",\"RequestRuleName\":\"pzCustomHelp\"}" => HTTP 200 (31573 bytes)
[PegaHttpClient] 📡 POST https://zdk8budo.pegaacademy.net/prweb/api/CodeIntelligence/v1/rules/query?pxObjClass=Rule-HTML-Section&appliesTo=Data-Admin-Security-OAuth-Client&pyRuleName=pzRuleFormKeysAndDescription&RequestClass=Rule-HTML-Section&RequestAppliesTo=Data-Admin-Security-OAuth-Client&RequestRuleName=pzRuleFormKeysAndDescription Payload: "{\"RequestClass\":\"Rule-HTML-Section\",\"RequestAppliesTo\":\"Data-Admin-Security-OAuth-Client\",\"RequestRuleName\":\"pzRuleFormKeysAndDescription\"}" => HTTP 200 (218057 bytes)
[PegaHttpClient] 📡 POST https://zdk8budo.pegaacademy.net/prweb/api/CodeIntelligence/v1/rules/query?pxObjClass=Rule-HTML-Section&appliesTo=Data-Admin-Security-OAuth-Client&pyRuleName=pzRuleFormRuleset&RequestClass=Rule-HTML-Section&RequestAppliesTo=Data-Admin-Security-OAuth-Client&RequestRuleName=pzRuleFormRuleset Payload: "{\"RequestClass\":\"Rule-HTML-Section\",\"RequestAppliesTo\":\"Data-Admin-Security-OAuth-Client\",\"RequestRuleName\":\"pzRuleFormRuleset\"}" => HTTP 200 (29020 bytes)
[PegaHttpClient] 📡 POST https://zdk8budo.pegaacademy.net/prweb/api/CodeIntelligence/v1/rules/query?pxObjClass=Rule-HTML-Section&appliesTo=Data-Admin-Security-OAuth-Client&pyRuleName=undefined&RequestClass=Rule-HTML-Section&RequestAppliesTo=Data-Admin-Security-OAuth-Client&RequestRuleName=undefined Payload: "{\"RequestClass\":\"Rule-HTML-Section\",\"RequestAppliesTo\":\"Data-Admin-Security-OAuth-Client\",\"RequestRuleName\":\"undefined\"}" => HTTP 404 (119 bytes)
[PegaHttpClient] 📡 POST https://zdk8budo.pegaacademy.net/prweb/PRRestService/CodeIntelligence/v1/rules/query?pxObjClass=Rule-HTML-Section&appliesTo=Data-Admin-Security-OAuth-Client&pyRuleName=undefined&RequestClass=Rule-HTML-Section&RequestAppliesTo=Data-Admin-Security-OAuth-Client&RequestRuleName=undefined Payload: "{\"RequestClass\":\"Rule-HTML-Section\",\"RequestAppliesTo\":\"Data-Admin-Security-OAuth-Client\",\"RequestRuleName\":\"undefined\"}" => HTTP 404 (119 bytes)
[PegaHttpClient] 📡 POST https://zdk8budo.pegaacademy.net/prweb/api/HRAppsV2Service/V1/rules/query?pxObjClass=Rule-HTML-Section&appliesTo=Data-Admin-Security-OAuth-Client&pyRuleName=undefined&RequestClass=Rule-HTML-Section&RequestAppliesTo=Data-Admin-Security-OAuth-Client&RequestRuleName=undefined Payload: "{\"RequestClass\":\"Rule-HTML-Section\",\"RequestAppliesTo\":\"Data-Admin-Security-OAuth-Client\",\"RequestRuleName\":\"undefined\"}" => HTTP 404 (18 bytes)
[PegaHttpClient] 📡 POST https://zdk8budo.pegaacademy.net/prweb/PRRestService/HRAppsV2Service/V1/rules/query?pxObjClass=Rule-HTML-Section&appliesTo=Data-Admin-Security-OAuth-Client&pyRuleName=undefined&RequestClass=Rule-HTML-Section&RequestAppliesTo=Data-Admin-Security-OAuth-Client&RequestRuleName=undefined Payload: "{\"RequestClass\":\"Rule-HTML-Section\",\"RequestAppliesTo\":\"Data-Admin-Security-OAuth-Client\",\"RequestRuleName\":\"undefined\"}" => HTTP 404 (18 bytes)
[PegaHttpClient] 📡 POST https://zdk8budo.pegaacademy.net/prweb/api/HRAppsV2/V1/rules/query?pxObjClass=Rule-HTML-Section&appliesTo=Data-Admin-Security-OAuth-Client&pyRuleName=undefined&RequestClass=Rule-HTML-Section&RequestAppliesTo=Data-Admin-Security-OAuth-Client&RequestRuleName=undefined Payload: "{\"RequestClass\":\"Rule-HTML-Section\",\"RequestAppliesTo\":\"Data-Admin-Security-OAuth-Client\",\"RequestRuleName\":\"undefined\"}" => HTTP 404 (18 bytes)
[PegaHttpClient] 📡 POST https://zdk8budo.pegaacademy.net/prweb/PRRestService/HRAppsV2/V1/rules/query?pxObjClass=Rule-HTML-Section&appliesTo=Data-Admin-Security-OAuth-Client&pyRuleName=undefined&RequestClass=Rule-HTML-Section&RequestAppliesTo=Data-Admin-Security-OAuth-Client&RequestRuleName=undefined Payload: "{\"RequestClass\":\"Rule-HTML-Section\",\"RequestAppliesTo\":\"Data-Admin-Security-OAuth-Client\",\"RequestRuleName\":\"undefined\"}" => HTTP 404 (18 bytes)
[PegaHttpClient] 📡 POST https://zdk8budo.pegaacademy.net/prweb/api/v1/rules/query?pxObjClass=Rule-HTML-Section&appliesTo=Data-Admin-Security-OAuth-Client&pyRuleName=undefined&RequestClass=Rule-HTML-Section&RequestAppliesTo=Data-Admin-Security-OAuth-Client&RequestRuleName=undefined Payload: "{\"RequestClass\":\"Rule-HTML-Section\",\"RequestAppliesTo\":\"Data-Admin-Security-OAuth-Client\",\"RequestRuleName\":\"undefined\"}" => HTTP 404 (18 bytes)
[PegaHttpClient] 📡 POST https://zdk8budo.pegaacademy.net/prweb/PRRestService/v1/rules/query?pxObjClass=Rule-HTML-Section&appliesTo=Data-Admin-Security-OAuth-Client&pyRuleName=undefined&RequestClass=Rule-HTML-Section&RequestAppliesTo=Data-Admin-Security-OAuth-Client&RequestRuleName=undefined Payload: "{\"RequestClass\":\"Rule-HTML-Section\",\"RequestAppliesTo\":\"Data-Admin-Security-OAuth-Client\",\"RequestRuleName\":\"undefined\"}" => HTTP 404 (18 bytes)
[PegaHttpClient] 📡 POST https://zdk8budo.pegaacademy.net/prweb/api/CodeIntelligence/v1/rules/query?pxObjClass=Rule-HTML-Section&appliesTo=Data-Admin-Security-OAuth-Client&pyRuleName=pzRuleFormToolbar&RequestClass=Rule-HTML-Section&RequestAppliesTo=Data-Admin-Security-OAuth-Client&RequestRuleName=pzRuleFormToolbar Payload: "{\"RequestClass\":\"Rule-HTML-Section\",\"RequestAppliesTo\":\"Data-Admin-Security-OAuth-Client\",\"RequestRuleName\":\"pzRuleFormToolbar\"}" => HTTP 200 (242691 bytes)
[PegaHttpClient] 📡 POST https://zdk8budo.pegaacademy.net/prweb/api/CodeIntelligence/v1/rules/query?pxObjClass=Rule-HTML-Section&appliesTo=Data-Admin-Security-OAuth-Client&pyRuleName=pzRuleFormToolbarCompare&RequestClass=Rule-HTML-Section&RequestAppliesTo=Data-Admin-Security-OAuth-Client&RequestRuleName=pzRuleFormToolbarCompare Payload: "{\"RequestClass\":\"Rule-HTML-Section\",\"RequestAppliesTo\":\"Data-Admin-Security-OAuth-Client\",\"RequestRuleName\":\"pzRuleFormToolbarCompare\"}" => HTTP 200 (61925 bytes)
[PegaHttpClient] 📡 POST https://zdk8budo.pegaacademy.net/prweb/api/CodeIntelligence/v1/rules/query?pxObjClass=Rule-HTML-Section&appliesTo=Data-Admin-Security-OAuth-Client&pyRuleName=RuleFormHeaderMessages&RequestClass=Rule-HTML-Section&RequestAppliesTo=Data-Admin-Security-OAuth-Client&RequestRuleName=RuleFormHeaderMessages Payload: "{\"RequestClass\":\"Rule-HTML-Section\",\"RequestAppliesTo\":\"Data-Admin-Security-OAuth-Client\",\"RequestRuleName\":\"RuleFormHeaderMessages\"}" => HTTP 200 (26518 bytes)
[PegaHttpClient] 📡 POST https://zdk8budo.pegaacademy.net/prweb/api/CodeIntelligence/v1/rules/query?pxObjClass=Rule-HTML-Section&appliesTo=Data-Admin-Security-OAuth-Client&pyRuleName=pzRuleFormStatus&RequestClass=Rule-HTML-Section&RequestAppliesTo=Data-Admin-Security-OAuth-Client&RequestRuleName=pzRuleFormStatus Payload: "{\"RequestClass\":\"Rule-HTML-Section\",\"RequestAppliesTo\":\"Data-Admin-Security-OAuth-Client\",\"RequestRuleName\":\"pzRuleFormStatus\"}" => HTTP 200 (29579 bytes)
[PegaHttpClient] 📡 POST https://zdk8budo.pegaacademy.net/prweb/api/CodeIntelligence/v1/rules/query?pxObjClass=Rule-HTML-Section&appliesTo=Data-Admin-Security-OAuth-Client&pyRuleName=pzRuleFormHeaderCompareWithDropDown&RequestClass=Rule-HTML-Section&RequestAppliesTo=Data-Admin-Security-OAuth-Client&RequestRuleName=pzRuleFormHeaderCompareWithDropDown Payload: "{\"RequestClass\":\"Rule-HTML-Section\",\"RequestAppliesTo\":\"Data-Admin-Security-OAuth-Client\",\"RequestRuleName\":\"pzRuleFormHeaderCompareWithDropDown\"}" => HTTP 200 (25396 bytes)
[PegaHttpClient] 📡 POST https://zdk8budo.pegaacademy.net/prweb/api/CodeIntelligence/v1/rules/query?pxObjClass=Rule-HTML-Section&appliesTo=Data-Admin-Security-OAuth-Client&pyRuleName=undefined&RequestClass=Rule-HTML-Section&RequestAppliesTo=Data-Admin-Security-OAuth-Client&RequestRuleName=undefined Payload: "{\"RequestClass\":\"Rule-HTML-Section\",\"RequestAppliesTo\":\"Data-Admin-Security-OAuth-Client\",\"RequestRuleName\":\"undefined\"}" => HTTP 404 (119 bytes)
[PegaHttpClient] 📡 POST https://zdk8budo.pegaacademy.net/prweb/PRRestService/CodeIntelligence/v1/rules/query?pxObjClass=Rule-HTML-Section&appliesTo=Data-Admin-Security-OAuth-Client&pyRuleName=undefined&RequestClass=Rule-HTML-Section&RequestAppliesTo=Data-Admin-Security-OAuth-Client&RequestRuleName=undefined Payload: "{\"RequestClass\":\"Rule-HTML-Section\",\"RequestAppliesTo\":\"Data-Admin-Security-OAuth-Client\",\"RequestRuleName\":\"undefined\"}" => HTTP 404 (119 bytes)
[PegaHttpClient] 📡 POST https://zdk8budo.pegaacademy.net/prweb/api/HRAppsV2Service/V1/rules/query?pxObjClass=Rule-HTML-Section&appliesTo=Data-Admin-Security-OAuth-Client&pyRuleName=undefined&RequestClass=Rule-HTML-Section&RequestAppliesTo=Data-Admin-Security-OAuth-Client&RequestRuleName=undefined Payload: "{\"RequestClass\":\"Rule-HTML-Section\",\"RequestAppliesTo\":\"Data-Admin-Security-OAuth-Client\",\"RequestRuleName\":\"undefined\"}" => HTTP 404 (18 bytes)
[PegaHttpClient] 📡 POST https://zdk8budo.pegaacademy.net/prweb/PRRestService/HRAppsV2Service/V1/rules/query?pxObjClass=Rule-HTML-Section&appliesTo=Data-Admin-Security-OAuth-Client&pyRuleName=undefined&RequestClass=Rule-HTML-Section&RequestAppliesTo=Data-Admin-Security-OAuth-Client&RequestRuleName=undefined Payload: "{\"RequestClass\":\"Rule-HTML-Section\",\"RequestAppliesTo\":\"Data-Admin-Security-OAuth-Client\",\"RequestRuleName\":\"undefined\"}" => HTTP 404 (18 bytes)
[PegaHttpClient] 📡 POST https://zdk8budo.pegaacademy.net/prweb/api/HRAppsV2/V1/rules/query?pxObjClass=Rule-HTML-Section&appliesTo=Data-Admin-Security-OAuth-Client&pyRuleName=undefined&RequestClass=Rule-HTML-Section&RequestAppliesTo=Data-Admin-Security-OAuth-Client&RequestRuleName=undefined Payload: "{\"RequestClass\":\"Rule-HTML-Section\",\"RequestAppliesTo\":\"Data-Admin-Security-OAuth-Client\",\"RequestRuleName\":\"undefined\"}" => HTTP 404 (18 bytes)
[PegaHttpClient] 📡 POST https://zdk8budo.pegaacademy.net/prweb/PRRestService/HRAppsV2/V1/rules/query?pxObjClass=Rule-HTML-Section&appliesTo=Data-Admin-Security-OAuth-Client&pyRuleName=undefined&RequestClass=Rule-HTML-Section&RequestAppliesTo=Data-Admin-Security-OAuth-Client&RequestRuleName=undefined Payload: "{\"RequestClass\":\"Rule-HTML-Section\",\"RequestAppliesTo\":\"Data-Admin-Security-OAuth-Client\",\"RequestRuleName\":\"undefined\"}" => HTTP 404 (18 bytes)
[PegaHttpClient] 📡 POST https://zdk8budo.pegaacademy.net/prweb/api/v1/rules/query?pxObjClass=Rule-HTML-Section&appliesTo=Data-Admin-Security-OAuth-Client&pyRuleName=undefined&RequestClass=Rule-HTML-Section&RequestAppliesTo=Data-Admin-Security-OAuth-Client&RequestRuleName=undefined Payload: "{\"RequestClass\":\"Rule-HTML-Section\",\"RequestAppliesTo\":\"Data-Admin-Security-OAuth-Client\",\"RequestRuleName\":\"undefined\"}" => HTTP 404 (18 bytes)
[PegaHttpClient] 📡 POST https://zdk8budo.pegaacademy.net/prweb/PRRestService/v1/rules/query?pxObjClass=Rule-HTML-Section&appliesTo=Data-Admin-Security-OAuth-Client&pyRuleName=undefined&RequestClass=Rule-HTML-Section&RequestAppliesTo=Data-Admin-Security-OAuth-Client&RequestRuleName=undefined Payload: "{\"RequestClass\":\"Rule-HTML-Section\",\"RequestAppliesTo\":\"Data-Admin-Security-OAuth-Client\",\"RequestRuleName\":\"undefined\"}" => HTTP 404 (18 bytes)
[PegaHttpClient] 📡 POST https://zdk8budo.pegaacademy.net/prweb/api/CodeIntelligence/v1/rules/query?pxObjClass=Rule-HTML-Section&appliesTo=Data-Admin-Security-OAuth-Client&pyRuleName=pzRuleFormToolbarHotKeys&RequestClass=Rule-HTML-Section&RequestAppliesTo=Data-Admin-Security-OAuth-Client&RequestRuleName=pzRuleFormToolbarHotKeys Payload: "{\"RequestClass\":\"Rule-HTML-Section\",\"RequestAppliesTo\":\"Data-Admin-Security-OAuth-Client\",\"RequestRuleName\":\"pzRuleFormToolbarHotKeys\"}" => HTTP 200 (85058 bytes)
[PegaHttpClient] 📡 POST https://zdk8budo.pegaacademy.net/prweb/api/CodeIntelligence/v1/rules/query?pxObjClass=Rule-HTML-Section&appliesTo=Data-Admin-Security-OAuth-Client&pyRuleName=pzRuleFormToolbarLockedIcon&RequestClass=Rule-HTML-Section&RequestAppliesTo=Data-Admin-Security-OAuth-Client&RequestRuleName=pzRuleFormToolbarLockedIcon Payload: "{\"RequestClass\":\"Rule-HTML-Section\",\"RequestAppliesTo\":\"Data-Admin-Security-OAuth-Client\",\"RequestRuleName\":\"pzRuleFormToolbarLockedIcon\"}" => HTTP 200 (19111 bytes)
[PegaHttpClient] 📡 POST https://zdk8budo.pegaacademy.net/prweb/api/CodeIntelligence/v1/rules/query?pxObjClass=Rule-HTML-Section&appliesTo=Data-Admin-Security-OAuth-Client&pyRuleName=pzRuleFormToolbarCollaborators&RequestClass=Rule-HTML-Section&RequestAppliesTo=Data-Admin-Security-OAuth-Client&RequestRuleName=pzRuleFormToolbarCollaborators Payload: "{\"RequestClass\":\"Rule-HTML-Section\",\"RequestAppliesTo\":\"Data-Admin-Security-OAuth-Client\",\"RequestRuleName\":\"pzRuleFormToolbarCollaborators\"}" => HTTP 200 (15254 bytes)
[PegaHttpClient] 📡 POST https://zdk8budo.pegaacademy.net/prweb/api/CodeIntelligence/v1/rules/query?pxObjClass=Rule-HTML-Section&appliesTo=Data-Admin-Security-OAuth-Client&pyRuleName=pzRuleFormToolbarSaveAs&RequestClass=Rule-HTML-Section&RequestAppliesTo=Data-Admin-Security-OAuth-Client&RequestRuleName=pzRuleFormToolbarSaveAs Payload: "{\"RequestClass\":\"Rule-HTML-Section\",\"RequestAppliesTo\":\"Data-Admin-Security-OAuth-Client\",\"RequestRuleName\":\"pzRuleFormToolbarSaveAs\"}" => HTTP 200 (64084 bytes)
[PegaHttpClient] 📡 POST https://zdk8budo.pegaacademy.net/prweb/api/CodeIntelligence/v1/rules/query?pxObjClass=Rule-HTML-Section&appliesTo=Data-Admin-Security-OAuth-Client&pyRuleName=pzRuleFormToolbarCheckin&RequestClass=Rule-HTML-Section&RequestAppliesTo=Data-Admin-Security-OAuth-Client&RequestRuleName=pzRuleFormToolbarCheckin Payload: "{\"RequestClass\":\"Rule-HTML-Section\",\"RequestAppliesTo\":\"Data-Admin-Security-OAuth-Client\",\"RequestRuleName\":\"pzRuleFormToolbarCheckin\"}" => HTTP 200 (15601 bytes)
[PegaHttpClient] 📡 POST https://zdk8budo.pegaacademy.net/prweb/api/CodeIntelligence/v1/rules/query?pxObjClass=Rule-HTML-Section&appliesTo=Data-Admin-Security-OAuth-Client&pyRuleName=pzRuleFormToolbarDelete&RequestClass=Rule-HTML-Section&RequestAppliesTo=Data-Admin-Security-OAuth-Client&RequestRuleName=pzRuleFormToolbarDelete Payload: "{\"RequestClass\":\"Rule-HTML-Section\",\"RequestAppliesTo\":\"Data-Admin-Security-OAuth-Client\",\"RequestRuleName\":\"pzRuleFormToolbarDelete\"}" => HTTP 200 (30249 bytes)
[PegaHttpClient] 📡 POST https://zdk8budo.pegaacademy.net/prweb/api/CodeIntelligence/v1/rules/query?pxObjClass=Rule-HTML-Section&appliesTo=Data-Admin-Security-OAuth-Client&pyRuleName=pzRuleFormToolbarSave&RequestClass=Rule-HTML-Section&RequestAppliesTo=Data-Admin-Security-OAuth-Client&RequestRuleName=pzRuleFormToolbarSave Payload: "{\"RequestClass\":\"Rule-HTML-Section\",\"RequestAppliesTo\":\"Data-Admin-Security-OAuth-Client\",\"RequestRuleName\":\"pzRuleFormToolbarSave\"}" => HTTP 200 (293885 bytes)
[PegaHttpClient] 📡 POST https://zdk8budo.pegaacademy.net/prweb/api/CodeIntelligence/v1/rules/query?pxObjClass=Rule-HTML-Section&appliesTo=Data-Admin-Security-OAuth-Client&pyRuleName=pzRuleFormToolbarCheckout&RequestClass=Rule-HTML-Section&RequestAppliesTo=Data-Admin-Security-OAuth-Client&RequestRuleName=pzRuleFormToolbarCheckout Payload: "{\"RequestClass\":\"Rule-HTML-Section\",\"RequestAppliesTo\":\"Data-Admin-Security-OAuth-Client\",\"RequestRuleName\":\"pzRuleFormToolbarCheckout\"}" => HTTP 200 (14854 bytes)
[PegaHttpClient] 📡 POST https://zdk8budo.pegaacademy.net/prweb/api/CodeIntelligence/v1/rules/query?pxObjClass=Rule-HTML-Section&appliesTo=Data-Admin-Security-OAuth-Client&pyRuleName=pzRemoveErrorsDataPage&RequestClass=Rule-HTML-Section&RequestAppliesTo=Data-Admin-Security-OAuth-Client&RequestRuleName=pzRemoveErrorsDataPage Payload: "{\"RequestClass\":\"Rule-HTML-Section\",\"RequestAppliesTo\":\"Data-Admin-Security-OAuth-Client\",\"RequestRuleName\":\"pzRemoveErrorsDataPage\"}" => HTTP 200 (16733 bytes)
[PegaHttpClient] 📡 POST https://zdk8budo.pegaacademy.net/prweb/api/CodeIntelligence/v1/rules/query?pxObjClass=Rule-HTML-Section&appliesTo=Data-Admin-Security-OAuth-Client&pyRuleName=pzRuleFormHeaderMessagesWrapper&RequestClass=Rule-HTML-Section&RequestAppliesTo=Data-Admin-Security-OAuth-Client&RequestRuleName=pzRuleFormHeaderMessagesWrapper Payload: "{\"RequestClass\":\"Rule-HTML-Section\",\"RequestAppliesTo\":\"Data-Admin-Security-OAuth-Client\",\"RequestRuleName\":\"pzRuleFormHeaderMessagesWrapper\"}" => HTTP 200 (16981 bytes)
[PegaHttpClient] 📡 POST https://zdk8budo.pegaacademy.net/prweb/api/CodeIntelligence/v1/rules/query?pxObjClass=Rule-HTML-Section&appliesTo=Data-Admin-Security-OAuth-Client&pyRuleName=pxDisplayCollaborators&RequestClass=Rule-HTML-Section&RequestAppliesTo=Data-Admin-Security-OAuth-Client&RequestRuleName=pxDisplayCollaborators Payload: "{\"RequestClass\":\"Rule-HTML-Section\",\"RequestAppliesTo\":\"Data-Admin-Security-OAuth-Client\",\"RequestRuleName\":\"pxDisplayCollaborators\"}" => HTTP 200 (94171 bytes)
[PegaHttpClient] 📡 POST https://zdk8budo.pegaacademy.net/prweb/api/CodeIntelligence/v1/rules/query?pxObjClass=Rule-HTML-Section&appliesTo=Data-Admin-Security-OAuth-Client&pyRuleName=pzRuleFormToolbarDeleteCheckOut&RequestClass=Rule-HTML-Section&RequestAppliesTo=Data-Admin-Security-OAuth-Client&RequestRuleName=pzRuleFormToolbarDeleteCheckOut Payload: "{\"RequestClass\":\"Rule-HTML-Section\",\"RequestAppliesTo\":\"Data-Admin-Security-OAuth-Client\",\"RequestRuleName\":\"pzRuleFormToolbarDeleteCheckOut\"}" => HTTP 404 (141 bytes)
[PegaHttpClient] 📡 POST https://zdk8budo.pegaacademy.net/prweb/PRRestService/CodeIntelligence/v1/rules/query?pxObjClass=Rule-HTML-Section&appliesTo=Data-Admin-Security-OAuth-Client&pyRuleName=pzRuleFormToolbarDeleteCheckOut&RequestClass=Rule-HTML-Section&RequestAppliesTo=Data-Admin-Security-OAuth-Client&RequestRuleName=pzRuleFormToolbarDeleteCheckOut Payload: "{\"RequestClass\":\"Rule-HTML-Section\",\"RequestAppliesTo\":\"Data-Admin-Security-OAuth-Client\",\"RequestRuleName\":\"pzRuleFormToolbarDeleteCheckOut\"}" => HTTP 404 (141 bytes)
[PegaHttpClient] 📡 POST https://zdk8budo.pegaacademy.net/prweb/api/HRAppsV2Service/V1/rules/query?pxObjClass=Rule-HTML-Section&appliesTo=Data-Admin-Security-OAuth-Client&pyRuleName=pzRuleFormToolbarDeleteCheckOut&RequestClass=Rule-HTML-Section&RequestAppliesTo=Data-Admin-Security-OAuth-Client&RequestRuleName=pzRuleFormToolbarDeleteCheckOut Payload: "{\"RequestClass\":\"Rule-HTML-Section\",\"RequestAppliesTo\":\"Data-Admin-Security-OAuth-Client\",\"RequestRuleName\":\"pzRuleFormToolbarDeleteCheckOut\"}" => HTTP 404 (18 bytes)
[PegaHttpClient] 📡 POST https://zdk8budo.pegaacademy.net/prweb/PRRestService/HRAppsV2Service/V1/rules/query?pxObjClass=Rule-HTML-Section&appliesTo=Data-Admin-Security-OAuth-Client&pyRuleName=pzRuleFormToolbarDeleteCheckOut&RequestClass=Rule-HTML-Section&RequestAppliesTo=Data-Admin-Security-OAuth-Client&RequestRuleName=pzRuleFormToolbarDeleteCheckOut Payload: "{\"RequestClass\":\"Rule-HTML-Section\",\"RequestAppliesTo\":\"Data-Admin-Security-OAuth-Client\",\"RequestRuleName\":\"pzRuleFormToolbarDeleteCheckOut\"}" => HTTP 404 (18 bytes)
[PegaHttpClient] 📡 POST https://zdk8budo.pegaacademy.net/prweb/api/HRAppsV2/V1/rules/query?pxObjClass=Rule-HTML-Section&appliesTo=Data-Admin-Security-OAuth-Client&pyRuleName=pzRuleFormToolbarDeleteCheckOut&RequestClass=Rule-HTML-Section&RequestAppliesTo=Data-Admin-Security-OAuth-Client&RequestRuleName=pzRuleFormToolbarDeleteCheckOut Payload: "{\"RequestClass\":\"Rule-HTML-Section\",\"RequestAppliesTo\":\"Data-Admin-Security-OAuth-Client\",\"RequestRuleName\":\"pzRuleFormToolbarDeleteCheckOut\"}" => HTTP 404 (18 bytes)
[PegaHttpClient] 📡 POST https://zdk8budo.pegaacademy.net/prweb/PRRestService/HRAppsV2/V1/rules/query?pxObjClass=Rule-HTML-Section&appliesTo=Data-Admin-Security-OAuth-Client&pyRuleName=pzRuleFormToolbarDeleteCheckOut&RequestClass=Rule-HTML-Section&RequestAppliesTo=Data-Admin-Security-OAuth-Client&RequestRuleName=pzRuleFormToolbarDeleteCheckOut Payload: "{\"RequestClass\":\"Rule-HTML-Section\",\"RequestAppliesTo\":\"Data-Admin-Security-OAuth-Client\",\"RequestRuleName\":\"pzRuleFormToolbarDeleteCheckOut\"}" => HTTP 404 (18 bytes)
[PegaHttpClient] 📡 POST https://zdk8budo.pegaacademy.net/prweb/api/v1/rules/query?pxObjClass=Rule-HTML-Section&appliesTo=Data-Admin-Security-OAuth-Client&pyRuleName=pzRuleFormToolbarDeleteCheckOut&RequestClass=Rule-HTML-Section&RequestAppliesTo=Data-Admin-Security-OAuth-Client&RequestRuleName=pzRuleFormToolbarDeleteCheckOut Payload: "{\"RequestClass\":\"Rule-HTML-Section\",\"RequestAppliesTo\":\"Data-Admin-Security-OAuth-Client\",\"RequestRuleName\":\"pzRuleFormToolbarDeleteCheckOut\"}" => HTTP 404 (18 bytes)
[PegaHttpClient] 📡 POST https://zdk8budo.pegaacademy.net/prweb/PRRestService/v1/rules/query?pxObjClass=Rule-HTML-Section&appliesTo=Data-Admin-Security-OAuth-Client&pyRuleName=pzRuleFormToolbarDeleteCheckOut&RequestClass=Rule-HTML-Section&RequestAppliesTo=Data-Admin-Security-OAuth-Client&RequestRuleName=pzRuleFormToolbarDeleteCheckOut Payload: "{\"RequestClass\":\"Rule-HTML-Section\",\"RequestAppliesTo\":\"Data-Admin-Security-OAuth-Client\",\"RequestRuleName\":\"pzRuleFormToolbarDeleteCheckOut\"}" => HTTP 404 (18 bytes)
[PegaHttpClient] 📡 POST https://zdk8budo.pegaacademy.net/prweb/api/CodeIntelligence/v1/rules/query?pxObjClass=Rule-HTML-Section&appliesTo=Data-Admin-Security-OAuth-Client&pyRuleName=pzRuleFormToolbarDeleteRule&RequestClass=Rule-HTML-Section&RequestAppliesTo=Data-Admin-Security-OAuth-Client&RequestRuleName=pzRuleFormToolbarDeleteRule Payload: "{\"RequestClass\":\"Rule-HTML-Section\",\"RequestAppliesTo\":\"Data-Admin-Security-OAuth-Client\",\"RequestRuleName\":\"pzRuleFormToolbarDeleteRule\"}" => HTTP 200 (32314 bytes)
[PegaHttpClient] 📡 POST https://zdk8budo.pegaacademy.net/prweb/api/CodeIntelligence/v1/rules/query?pxObjClass=Rule-HTML-Section&appliesTo=Data-Admin-Security-OAuth-Client&pyRuleName=pzLoadCollaborationScripts&RequestClass=Rule-HTML-Section&RequestAppliesTo=Data-Admin-Security-OAuth-Client&RequestRuleName=pzLoadCollaborationScripts Payload: "{\"RequestClass\":\"Rule-HTML-Section\",\"RequestAppliesTo\":\"Data-Admin-Security-OAuth-Client\",\"RequestRuleName\":\"pzLoadCollaborationScripts\"}" => HTTP 200 (23453 bytes)
[PegaHttpClient] 📡 POST https://zdk8budo.pegaacademy.net/prweb/api/CodeIntelligence/v1/rules/query?pxObjClass=Rule-HTML-Section&appliesTo=Data-Admin-Security-OAuth-Client&pyRuleName=pzDisplayCollaboratorsList&RequestClass=Rule-HTML-Section&RequestAppliesTo=Data-Admin-Security-OAuth-Client&RequestRuleName=pzDisplayCollaboratorsList Payload: "{\"RequestClass\":\"Rule-HTML-Section\",\"RequestAppliesTo\":\"Data-Admin-Security-OAuth-Client\",\"RequestRuleName\":\"pzDisplayCollaboratorsList\"}" => HTTP 200 (105418 bytes)
[PegaHttpClient] 📡 POST https://zdk8budo.pegaacademy.net/prweb/api/CodeIntelligence/v1/rules/query?pxObjClass=Rule-HTML-Section&appliesTo=Data-Admin-Security-OAuth-Client&pyRuleName=pyCollaborator&RequestClass=Rule-HTML-Section&RequestAppliesTo=Data-Admin-Security-OAuth-Client&RequestRuleName=pyCollaborator Payload: "{\"RequestClass\":\"Rule-HTML-Section\",\"RequestAppliesTo\":\"Data-Admin-Security-OAuth-Client\",\"RequestRuleName\":\"pyCollaborator\"}" => HTTP 404 (124 bytes)
[PegaHttpClient] 📡 POST https://zdk8budo.pegaacademy.net/prweb/PRRestService/CodeIntelligence/v1/rules/query?pxObjClass=Rule-HTML-Section&appliesTo=Data-Admin-Security-OAuth-Client&pyRuleName=pyCollaborator&RequestClass=Rule-HTML-Section&RequestAppliesTo=Data-Admin-Security-OAuth-Client&RequestRuleName=pyCollaborator Payload: "{\"RequestClass\":\"Rule-HTML-Section\",\"RequestAppliesTo\":\"Data-Admin-Security-OAuth-Client\",\"RequestRuleName\":\"pyCollaborator\"}" => HTTP 404 (124 bytes)
[PegaHttpClient] 📡 POST https://zdk8budo.pegaacademy.net/prweb/api/HRAppsV2Service/V1/rules/query?pxObjClass=Rule-HTML-Section&appliesTo=Data-Admin-Security-OAuth-Client&pyRuleName=pyCollaborator&RequestClass=Rule-HTML-Section&RequestAppliesTo=Data-Admin-Security-OAuth-Client&RequestRuleName=pyCollaborator Payload: "{\"RequestClass\":\"Rule-HTML-Section\",\"RequestAppliesTo\":\"Data-Admin-Security-OAuth-Client\",\"RequestRuleName\":\"pyCollaborator\"}" => HTTP 404 (18 bytes)
[PegaHttpClient] 📡 POST https://zdk8budo.pegaacademy.net/prweb/PRRestService/HRAppsV2Service/V1/rules/query?pxObjClass=Rule-HTML-Section&appliesTo=Data-Admin-Security-OAuth-Client&pyRuleName=pyCollaborator&RequestClass=Rule-HTML-Section&RequestAppliesTo=Data-Admin-Security-OAuth-Client&RequestRuleName=pyCollaborator Payload: "{\"RequestClass\":\"Rule-HTML-Section\",\"RequestAppliesTo\":\"Data-Admin-Security-OAuth-Client\",\"RequestRuleName\":\"pyCollaborator\"}" => HTTP 404 (18 bytes)
[PegaHttpClient] 📡 POST https://zdk8budo.pegaacademy.net/prweb/api/HRAppsV2/V1/rules/query?pxObjClass=Rule-HTML-Section&appliesTo=Data-Admin-Security-OAuth-Client&pyRuleName=pyCollaborator&RequestClass=Rule-HTML-Section&RequestAppliesTo=Data-Admin-Security-OAuth-Client&RequestRuleName=pyCollaborator Payload: "{\"RequestClass\":\"Rule-HTML-Section\",\"RequestAppliesTo\":\"Data-Admin-Security-OAuth-Client\",\"RequestRuleName\":\"pyCollaborator\"}" => HTTP 404 (18 bytes)
[PegaHttpClient] 📡 POST https://zdk8budo.pegaacademy.net/prweb/PRRestService/HRAppsV2/V1/rules/query?pxObjClass=Rule-HTML-Section&appliesTo=Data-Admin-Security-OAuth-Client&pyRuleName=pyCollaborator&RequestClass=Rule-HTML-Section&RequestAppliesTo=Data-Admin-Security-OAuth-Client&RequestRuleName=pyCollaborator Payload: "{\"RequestClass\":\"Rule-HTML-Section\",\"RequestAppliesTo\":\"Data-Admin-Security-OAuth-Client\",\"RequestRuleName\":\"pyCollaborator\"}" => HTTP 404 (18 bytes)
[PegaHttpClient] 📡 POST https://zdk8budo.pegaacademy.net/prweb/api/v1/rules/query?pxObjClass=Rule-HTML-Section&appliesTo=Data-Admin-Security-OAuth-Client&pyRuleName=pyCollaborator&RequestClass=Rule-HTML-Section&RequestAppliesTo=Data-Admin-Security-OAuth-Client&RequestRuleName=pyCollaborator Payload: "{\"RequestClass\":\"Rule-HTML-Section\",\"RequestAppliesTo\":\"Data-Admin-Security-OAuth-Client\",\"RequestRuleName\":\"pyCollaborator\"}" => HTTP 404 (18 bytes)
[PegaHttpClient] 📡 POST https://zdk8budo.pegaacademy.net/prweb/PRRestService/v1/rules/query?pxObjClass=Rule-HTML-Section&appliesTo=Data-Admin-Security-OAuth-Client&pyRuleName=pyCollaborator&RequestClass=Rule-HTML-Section&RequestAppliesTo=Data-Admin-Security-OAuth-Client&RequestRuleName=pyCollaborator Payload: "{\"RequestClass\":\"Rule-HTML-Section\",\"RequestAppliesTo\":\"Data-Admin-Security-OAuth-Client\",\"RequestRuleName\":\"pyCollaborator\"}" => HTTP 404 (18 bytes)
[PegaHttpClient] 📡 POST https://zdk8budo.pegaacademy.net/prweb/api/CodeIntelligence/v1/rules/query?pxObjClass=Rule-HTML-Section&appliesTo=Data-Admin-Security-OAuth-Client&pyRuleName=pzDisplayPartialCount&RequestClass=Rule-HTML-Section&RequestAppliesTo=Data-Admin-Security-OAuth-Client&RequestRuleName=pzDisplayPartialCount Payload: "{\"RequestClass\":\"Rule-HTML-Section\",\"RequestAppliesTo\":\"Data-Admin-Security-OAuth-Client\",\"RequestRuleName\":\"pzDisplayPartialCount\"}" => HTTP 404 (131 bytes)
[PegaHttpClient] 📡 POST https://zdk8budo.pegaacademy.net/prweb/PRRestService/CodeIntelligence/v1/rules/query?pxObjClass=Rule-HTML-Section&appliesTo=Data-Admin-Security-OAuth-Client&pyRuleName=pzDisplayPartialCount&RequestClass=Rule-HTML-Section&RequestAppliesTo=Data-Admin-Security-OAuth-Client&RequestRuleName=pzDisplayPartialCount Payload: "{\"RequestClass\":\"Rule-HTML-Section\",\"RequestAppliesTo\":\"Data-Admin-Security-OAuth-Client\",\"RequestRuleName\":\"pzDisplayPartialCount\"}" => HTTP 404 (131 bytes)
[PegaHttpClient] 📡 POST https://zdk8budo.pegaacademy.net/prweb/api/HRAppsV2Service/V1/rules/query?pxObjClass=Rule-HTML-Section&appliesTo=Data-Admin-Security-OAuth-Client&pyRuleName=pzDisplayPartialCount&RequestClass=Rule-HTML-Section&RequestAppliesTo=Data-Admin-Security-OAuth-Client&RequestRuleName=pzDisplayPartialCount Payload: "{\"RequestClass\":\"Rule-HTML-Section\",\"RequestAppliesTo\":\"Data-Admin-Security-OAuth-Client\",\"RequestRuleName\":\"pzDisplayPartialCount\"}" => HTTP 404 (18 bytes)
[PegaHttpClient] 📡 POST https://zdk8budo.pegaacademy.net/prweb/PRRestService/HRAppsV2Service/V1/rules/query?pxObjClass=Rule-HTML-Section&appliesTo=Data-Admin-Security-OAuth-Client&pyRuleName=pzDisplayPartialCount&RequestClass=Rule-HTML-Section&RequestAppliesTo=Data-Admin-Security-OAuth-Client&RequestRuleName=pzDisplayPartialCount Payload: "{\"RequestClass\":\"Rule-HTML-Section\",\"RequestAppliesTo\":\"Data-Admin-Security-OAuth-Client\",\"RequestRuleName\":\"pzDisplayPartialCount\"}" => HTTP 404 (18 bytes)
[PegaHttpClient] 📡 POST https://zdk8budo.pegaacademy.net/prweb/api/HRAppsV2/V1/rules/query?pxObjClass=Rule-HTML-Section&appliesTo=Data-Admin-Security-OAuth-Client&pyRuleName=pzDisplayPartialCount&RequestClass=Rule-HTML-Section&RequestAppliesTo=Data-Admin-Security-OAuth-Client&RequestRuleName=pzDisplayPartialCount Payload: "{\"RequestClass\":\"Rule-HTML-Section\",\"RequestAppliesTo\":\"Data-Admin-Security-OAuth-Client\",\"RequestRuleName\":\"pzDisplayPartialCount\"}" => HTTP 404 (18 bytes)
[PegaHttpClient] 📡 POST https://zdk8budo.pegaacademy.net/prweb/PRRestService/HRAppsV2/V1/rules/query?pxObjClass=Rule-HTML-Section&appliesTo=Data-Admin-Security-OAuth-Client&pyRuleName=pzDisplayPartialCount&RequestClass=Rule-HTML-Section&RequestAppliesTo=Data-Admin-Security-OAuth-Client&RequestRuleName=pzDisplayPartialCount Payload: "{\"RequestClass\":\"Rule-HTML-Section\",\"RequestAppliesTo\":\"Data-Admin-Security-OAuth-Client\",\"RequestRuleName\":\"pzDisplayPartialCount\"}" => HTTP 404 (18 bytes)
[PegaHttpClient] 📡 POST https://zdk8budo.pegaacademy.net/prweb/api/v1/rules/query?pxObjClass=Rule-HTML-Section&appliesTo=Data-Admin-Security-OAuth-Client&pyRuleName=pzDisplayPartialCount&RequestClass=Rule-HTML-Section&RequestAppliesTo=Data-Admin-Security-OAuth-Client&RequestRuleName=pzDisplayPartialCount Payload: "{\"RequestClass\":\"Rule-HTML-Section\",\"RequestAppliesTo\":\"Data-Admin-Security-OAuth-Client\",\"RequestRuleName\":\"pzDisplayPartialCount\"}" => HTTP 404 (18 bytes)
[PegaHttpClient] 📡 POST https://zdk8budo.pegaacademy.net/prweb/PRRestService/v1/rules/query?pxObjClass=Rule-HTML-Section&appliesTo=Data-Admin-Security-OAuth-Client&pyRuleName=pzDisplayPartialCount&RequestClass=Rule-HTML-Section&RequestAppliesTo=Data-Admin-Security-OAuth-Client&RequestRuleName=pzDisplayPartialCount Payload: "{\"RequestClass\":\"Rule-HTML-Section\",\"RequestAppliesTo\":\"Data-Admin-Security-OAuth-Client\",\"RequestRuleName\":\"pzDisplayPartialCount\"}" => HTTP 404 (18 bytes)
[SchemaGen] ✅ Schema written for Data-Admin-Security-OAuth-Client
[PegaHttpClient] 📡 GET https://zdk8budo.pegaacademy.net/prweb/api/CodeIntelligence/v1/rules/RULE-HTML-HARNESS%20DATA-ADMIN-SECURITY-AUTHENTICATIONPROFILE%20RULEFORM%20%2320180713T135820.486%20GMT => HTTP 200 (58073 bytes)
[PegaHttpClient] 📡 POST https://zdk8budo.pegaacademy.net/prweb/api/CodeIntelligence/v1/rules/query?pxObjClass=Rule-HTML-Section&appliesTo=Data-Admin-Security-AuthenticationProfile&pyRuleName=RuleFormMain&RequestClass=Rule-HTML-Section&RequestAppliesTo=Data-Admin-Security-AuthenticationProfile&RequestRuleName=RuleFormMain Payload: "{\"RequestClass\":\"Rule-HTML-Section\",\"RequestAppliesTo\":\"Data-Admin-Security-AuthenticationProfile\",\"RequestRuleName\":\"RuleFormMain\"}" => HTTP 200 (156234 bytes)
[PegaHttpClient] 📡 POST https://zdk8budo.pegaacademy.net/prweb/api/CodeIntelligence/v1/rules/query?pxObjClass=Rule-HTML-Section&appliesTo=Data-Admin-Security-AuthenticationProfile&pyRuleName=pxAlternateRuleForm&RequestClass=Rule-HTML-Section&RequestAppliesTo=Data-Admin-Security-AuthenticationProfile&RequestRuleName=pxAlternateRuleForm Payload: "{\"RequestClass\":\"Rule-HTML-Section\",\"RequestAppliesTo\":\"Data-Admin-Security-AuthenticationProfile\",\"RequestRuleName\":\"pxAlternateRuleForm\"}" => HTTP 200 (66153 bytes)
[PegaHttpClient] 📡 POST https://zdk8budo.pegaacademy.net/prweb/api/CodeIntelligence/v1/rules/query?pxObjClass=Rule-HTML-Section&appliesTo=Data-Admin-Security-AuthenticationProfile&pyRuleName=pzRuleFormScripts&RequestClass=Rule-HTML-Section&RequestAppliesTo=Data-Admin-Security-AuthenticationProfile&RequestRuleName=pzRuleFormScripts Payload: "{\"RequestClass\":\"Rule-HTML-Section\",\"RequestAppliesTo\":\"Data-Admin-Security-AuthenticationProfile\",\"RequestRuleName\":\"pzRuleFormScripts\"}" => HTTP 200 (40822 bytes)
[PegaHttpClient] 📡 POST https://zdk8budo.pegaacademy.net/prweb/api/CodeIntelligence/v1/rules/query?pxObjClass=Rule-HTML-Section&appliesTo=Data-Admin-Security-AuthenticationProfile&pyRuleName=pzRuleFormLayoutDelegated&RequestClass=Rule-HTML-Section&RequestAppliesTo=Data-Admin-Security-AuthenticationProfile&RequestRuleName=pzRuleFormLayoutDelegated Payload: "{\"RequestClass\":\"Rule-HTML-Section\",\"RequestAppliesTo\":\"Data-Admin-Security-AuthenticationProfile\",\"RequestRuleName\":\"pzRuleFormLayoutDelegated\"}" => HTTP 200 (70998 bytes)
[PegaHttpClient] 📡 POST https://zdk8budo.pegaacademy.net/prweb/api/CodeIntelligence/v1/rules/query?pxObjClass=Rule-HTML-Section&appliesTo=Data-Admin-Security-AuthenticationProfile&pyRuleName=RuleFormLayout&RequestClass=Rule-HTML-Section&RequestAppliesTo=Data-Admin-Security-AuthenticationProfile&RequestRuleName=RuleFormLayout Payload: "{\"RequestClass\":\"Rule-HTML-Section\",\"RequestAppliesTo\":\"Data-Admin-Security-AuthenticationProfile\",\"RequestRuleName\":\"RuleFormLayout\"}" => HTTP 200 (177282 bytes)
[PegaHttpClient] 📡 POST https://zdk8budo.pegaacademy.net/prweb/api/CodeIntelligence/v1/rules/query?pxObjClass=Rule-HTML-Section&appliesTo=Data-Admin-Security-AuthenticationProfile&pyRuleName=RuleFormSettings&RequestClass=Rule-HTML-Section&RequestAppliesTo=Data-Admin-Security-AuthenticationProfile&RequestRuleName=RuleFormSettings Payload: "{\"RequestClass\":\"Rule-HTML-Section\",\"RequestAppliesTo\":\"Data-Admin-Security-AuthenticationProfile\",\"RequestRuleName\":\"RuleFormSettings\"}" => HTTP 200 (21582 bytes)
[PegaHttpClient] 📡 POST https://zdk8budo.pegaacademy.net/prweb/api/CodeIntelligence/v1/rules/query?pxObjClass=Rule-HTML-Section&appliesTo=Data-Admin-Security-AuthenticationProfile&pyRuleName=OpenAuthoring&RequestClass=Rule-HTML-Section&RequestAppliesTo=Data-Admin-Security-AuthenticationProfile&RequestRuleName=OpenAuthoring Payload: "{\"RequestClass\":\"Rule-HTML-Section\",\"RequestAppliesTo\":\"Data-Admin-Security-AuthenticationProfile\",\"RequestRuleName\":\"OpenAuthoring\"}" => HTTP 200 (20315 bytes)
[PegaHttpClient] 📡 POST https://zdk8budo.pegaacademy.net/prweb/api/CodeIntelligence/v1/rules/query?pxObjClass=Rule-HTML-Section&appliesTo=Data-Admin-Security-AuthenticationProfile&pyRuleName=pyCustomHelp&RequestClass=Rule-HTML-Section&RequestAppliesTo=Data-Admin-Security-AuthenticationProfile&RequestRuleName=pyCustomHelp Payload: "{\"RequestClass\":\"Rule-HTML-Section\",\"RequestAppliesTo\":\"Data-Admin-Security-AuthenticationProfile\",\"RequestRuleName\":\"pyCustomHelp\"}" => HTTP 200 (17256 bytes)
[PegaHttpClient] 📡 POST https://zdk8budo.pegaacademy.net/prweb/api/CodeIntelligence/v1/rules/query?pxObjClass=Rule-HTML-Section&appliesTo=Data-Admin-Security-AuthenticationProfile&pyRuleName=pzRuleformMainInclude&RequestClass=Rule-HTML-Section&RequestAppliesTo=Data-Admin-Security-AuthenticationProfile&RequestRuleName=pzRuleformMainInclude Payload: "{\"RequestClass\":\"Rule-HTML-Section\",\"RequestAppliesTo\":\"Data-Admin-Security-AuthenticationProfile\",\"RequestRuleName\":\"pzRuleformMainInclude\"}" => HTTP 200 (22375 bytes)
[PegaHttpClient] 📡 POST https://zdk8budo.pegaacademy.net/prweb/api/CodeIntelligence/v1/rules/query?pxObjClass=Rule-HTML-Section&appliesTo=Data-Admin-Security-AuthenticationProfile&pyRuleName=pyAlternativeRuleFormStrategicAppExtension&RequestClass=Rule-HTML-Section&RequestAppliesTo=Data-Admin-Security-AuthenticationProfile&RequestRuleName=pyAlternativeRuleFormStrategicAppExtension Payload: "{\"RequestClass\":\"Rule-HTML-Section\",\"RequestAppliesTo\":\"Data-Admin-Security-AuthenticationProfile\",\"RequestRuleName\":\"pyAlternativeRuleFormStrategicAppExtension\"}" => HTTP 200 (25042 bytes)
[PegaHttpClient] 📡 POST https://zdk8budo.pegaacademy.net/prweb/api/CodeIntelligence/v1/rules/query?pxObjClass=Rule-HTML-Section&appliesTo=Data-Admin-Security-AuthenticationProfile&pyRuleName=pyAlternativeRuleFormExtension&RequestClass=Rule-HTML-Section&RequestAppliesTo=Data-Admin-Security-AuthenticationProfile&RequestRuleName=pyAlternativeRuleFormExtension Payload: "{\"RequestClass\":\"Rule-HTML-Section\",\"RequestAppliesTo\":\"Data-Admin-Security-AuthenticationProfile\",\"RequestRuleName\":\"pyAlternativeRuleFormExtension\"}" => HTTP 200 (24863 bytes)
[PegaHttpClient] 📡 POST https://zdk8budo.pegaacademy.net/prweb/api/CodeIntelligence/v1/rules/query?pxObjClass=Rule-HTML-Section&appliesTo=Data-Admin-Security-AuthenticationProfile&pyRuleName=RuleFormHeader&RequestClass=Rule-HTML-Section&RequestAppliesTo=Data-Admin-Security-AuthenticationProfile&RequestRuleName=RuleFormHeader Payload: "{\"RequestClass\":\"Rule-HTML-Section\",\"RequestAppliesTo\":\"Data-Admin-Security-AuthenticationProfile\",\"RequestRuleName\":\"RuleFormHeader\"}" => HTTP 200 (183800 bytes)
[PegaHttpClient] 📡 POST https://zdk8budo.pegaacademy.net/prweb/api/CodeIntelligence/v1/rules/query?pxObjClass=Rule-HTML-Section&appliesTo=Data-Admin-Security-AuthenticationProfile&pyRuleName=pzDelegationExperience&RequestClass=Rule-HTML-Section&RequestAppliesTo=Data-Admin-Security-AuthenticationProfile&RequestRuleName=pzDelegationExperience Payload: "{\"RequestClass\":\"Rule-HTML-Section\",\"RequestAppliesTo\":\"Data-Admin-Security-AuthenticationProfile\",\"RequestRuleName\":\"pzDelegationExperience\"}" => HTTP 404 (141 bytes)
[PegaHttpClient] 📡 POST https://zdk8budo.pegaacademy.net/prweb/PRRestService/CodeIntelligence/v1/rules/query?pxObjClass=Rule-HTML-Section&appliesTo=Data-Admin-Security-AuthenticationProfile&pyRuleName=pzDelegationExperience&RequestClass=Rule-HTML-Section&RequestAppliesTo=Data-Admin-Security-AuthenticationProfile&RequestRuleName=pzDelegationExperience Payload: "{\"RequestClass\":\"Rule-HTML-Section\",\"RequestAppliesTo\":\"Data-Admin-Security-AuthenticationProfile\",\"RequestRuleName\":\"pzDelegationExperience\"}" => HTTP 404 (141 bytes)
[PegaHttpClient] 📡 POST https://zdk8budo.pegaacademy.net/prweb/api/HRAppsV2Service/V1/rules/query?pxObjClass=Rule-HTML-Section&appliesTo=Data-Admin-Security-AuthenticationProfile&pyRuleName=pzDelegationExperience&RequestClass=Rule-HTML-Section&RequestAppliesTo=Data-Admin-Security-AuthenticationProfile&RequestRuleName=pzDelegationExperience Payload: "{\"RequestClass\":\"Rule-HTML-Section\",\"RequestAppliesTo\":\"Data-Admin-Security-AuthenticationProfile\",\"RequestRuleName\":\"pzDelegationExperience\"}" => HTTP 404 (18 bytes)
[PegaHttpClient] 📡 POST https://zdk8budo.pegaacademy.net/prweb/PRRestService/HRAppsV2Service/V1/rules/query?pxObjClass=Rule-HTML-Section&appliesTo=Data-Admin-Security-AuthenticationProfile&pyRuleName=pzDelegationExperience&RequestClass=Rule-HTML-Section&RequestAppliesTo=Data-Admin-Security-AuthenticationProfile&RequestRuleName=pzDelegationExperience Payload: "{\"RequestClass\":\"Rule-HTML-Section\",\"RequestAppliesTo\":\"Data-Admin-Security-AuthenticationProfile\",\"RequestRuleName\":\"pzDelegationExperience\"}" => HTTP 404 (18 bytes)
[PegaHttpClient] 📡 POST https://zdk8budo.pegaacademy.net/prweb/api/HRAppsV2/V1/rules/query?pxObjClass=Rule-HTML-Section&appliesTo=Data-Admin-Security-AuthenticationProfile&pyRuleName=pzDelegationExperience&RequestClass=Rule-HTML-Section&RequestAppliesTo=Data-Admin-Security-AuthenticationProfile&RequestRuleName=pzDelegationExperience Payload: "{\"RequestClass\":\"Rule-HTML-Section\",\"RequestAppliesTo\":\"Data-Admin-Security-AuthenticationProfile\",\"RequestRuleName\":\"pzDelegationExperience\"}" => HTTP 404 (18 bytes)
[PegaHttpClient] 📡 POST https://zdk8budo.pegaacademy.net/prweb/PRRestService/HRAppsV2/V1/rules/query?pxObjClass=Rule-HTML-Section&appliesTo=Data-Admin-Security-AuthenticationProfile&pyRuleName=pzDelegationExperience&RequestClass=Rule-HTML-Section&RequestAppliesTo=Data-Admin-Security-AuthenticationProfile&RequestRuleName=pzDelegationExperience Payload: "{\"RequestClass\":\"Rule-HTML-Section\",\"RequestAppliesTo\":\"Data-Admin-Security-AuthenticationProfile\",\"RequestRuleName\":\"pzDelegationExperience\"}" => HTTP 404 (18 bytes)
[PegaHttpClient] 📡 POST https://zdk8budo.pegaacademy.net/prweb/api/v1/rules/query?pxObjClass=Rule-HTML-Section&appliesTo=Data-Admin-Security-AuthenticationProfile&pyRuleName=pzDelegationExperience&RequestClass=Rule-HTML-Section&RequestAppliesTo=Data-Admin-Security-AuthenticationProfile&RequestRuleName=pzDelegationExperience Payload: "{\"RequestClass\":\"Rule-HTML-Section\",\"RequestAppliesTo\":\"Data-Admin-Security-AuthenticationProfile\",\"RequestRuleName\":\"pzDelegationExperience\"}" => HTTP 404 (18 bytes)
[PegaHttpClient] 📡 POST https://zdk8budo.pegaacademy.net/prweb/PRRestService/v1/rules/query?pxObjClass=Rule-HTML-Section&appliesTo=Data-Admin-Security-AuthenticationProfile&pyRuleName=pzDelegationExperience&RequestClass=Rule-HTML-Section&RequestAppliesTo=Data-Admin-Security-AuthenticationProfile&RequestRuleName=pzDelegationExperience Payload: "{\"RequestClass\":\"Rule-HTML-Section\",\"RequestAppliesTo\":\"Data-Admin-Security-AuthenticationProfile\",\"RequestRuleName\":\"pzDelegationExperience\"}" => HTTP 404 (18 bytes)
[PegaHttpClient] 📡 POST https://zdk8budo.pegaacademy.net/prweb/api/CodeIntelligence/v1/rules/query?pxObjClass=Rule-HTML-Section&appliesTo=Data-Admin-Security-AuthenticationProfile&pyRuleName=pyBasicNTLM&RequestClass=Rule-HTML-Section&RequestAppliesTo=Data-Admin-Security-AuthenticationProfile&RequestRuleName=pyBasicNTLM Payload: "{\"RequestClass\":\"Rule-HTML-Section\",\"RequestAppliesTo\":\"Data-Admin-Security-AuthenticationProfile\",\"RequestRuleName\":\"pyBasicNTLM\"}" => HTTP 200 (63605 bytes)
[PegaHttpClient] 📡 POST https://zdk8budo.pegaacademy.net/prweb/api/CodeIntelligence/v1/rules/query?pxObjClass=Rule-HTML-Section&appliesTo=Data-Admin-Security-AuthenticationProfile&pyRuleName=pyOAuth10a&RequestClass=Rule-HTML-Section&RequestAppliesTo=Data-Admin-Security-AuthenticationProfile&RequestRuleName=pyOAuth10a Payload: "{\"RequestClass\":\"Rule-HTML-Section\",\"RequestAppliesTo\":\"Data-Admin-Security-AuthenticationProfile\",\"RequestRuleName\":\"pyOAuth10a\"}" => HTTP 200 (47752 bytes)
[PegaHttpClient] 📡 POST https://zdk8budo.pegaacademy.net/prweb/api/CodeIntelligence/v1/rules/query?pxObjClass=Rule-HTML-Section&appliesTo=Data-Admin-Security-AuthenticationProfile&pyRuleName=pyOAuth20&RequestClass=Rule-HTML-Section&RequestAppliesTo=Data-Admin-Security-AuthenticationProfile&RequestRuleName=pyOAuth20 Payload: "{\"RequestClass\":\"Rule-HTML-Section\",\"RequestAppliesTo\":\"Data-Admin-Security-AuthenticationProfile\",\"RequestRuleName\":\"pyOAuth20\"}" => HTTP 200 (41872 bytes)
[PegaHttpClient] 📡 POST https://zdk8budo.pegaacademy.net/prweb/api/CodeIntelligence/v1/rules/query?pxObjClass=Rule-HTML-Section&appliesTo=Data-Admin-Security-AuthenticationProfile&pyRuleName=pyAzure&RequestClass=Rule-HTML-Section&RequestAppliesTo=Data-Admin-Security-AuthenticationProfile&RequestRuleName=pyAzure Payload: "{\"RequestClass\":\"Rule-HTML-Section\",\"RequestAppliesTo\":\"Data-Admin-Security-AuthenticationProfile\",\"RequestRuleName\":\"pyAzure\"}" => HTTP 200 (36004 bytes)
[PegaHttpClient] 📡 POST https://zdk8budo.pegaacademy.net/prweb/api/CodeIntelligence/v1/rules/query?pxObjClass=Rule-HTML-Section&appliesTo=Data-Admin-Security-AuthenticationProfile&pyRuleName=pyAWS&RequestClass=Rule-HTML-Section&RequestAppliesTo=Data-Admin-Security-AuthenticationProfile&RequestRuleName=pyAWS Payload: "{\"RequestClass\":\"Rule-HTML-Section\",\"RequestAppliesTo\":\"Data-Admin-Security-AuthenticationProfile\",\"RequestRuleName\":\"pyAWS\"}" => HTTP 200 (29456 bytes)
[PegaHttpClient] 📡 POST https://zdk8budo.pegaacademy.net/prweb/api/CodeIntelligence/v1/rules/query?pxObjClass=Rule-HTML-Section&appliesTo=Data-Admin-Security-AuthenticationProfile&pyRuleName=pyGCP&RequestClass=Rule-HTML-Section&RequestAppliesTo=Data-Admin-Security-AuthenticationProfile&RequestRuleName=pyGCP Payload: "{\"RequestClass\":\"Rule-HTML-Section\",\"RequestAppliesTo\":\"Data-Admin-Security-AuthenticationProfile\",\"RequestRuleName\":\"pyGCP\"}" => HTTP 200 (29822 bytes)
[PegaHttpClient] 📡 POST https://zdk8budo.pegaacademy.net/prweb/api/CodeIntelligence/v1/rules/query?pxObjClass=Rule-HTML-Section&appliesTo=Data-Admin-Security-AuthenticationProfile&pyRuleName=pyPagesAndClasses&RequestClass=Rule-HTML-Section&RequestAppliesTo=Data-Admin-Security-AuthenticationProfile&RequestRuleName=pyPagesAndClasses Payload: "{\"RequestClass\":\"Rule-HTML-Section\",\"RequestAppliesTo\":\"Data-Admin-Security-AuthenticationProfile\",\"RequestRuleName\":\"pyPagesAndClasses\"}" => HTTP 200 (77925 bytes)
[PegaHttpClient] 📡 POST https://zdk8budo.pegaacademy.net/prweb/api/CodeIntelligence/v1/rules/query?pxObjClass=Rule-HTML-Section&appliesTo=Data-Admin-Security-AuthenticationProfile&pyRuleName=RuleFormHistory&RequestClass=Rule-HTML-Section&RequestAppliesTo=Data-Admin-Security-AuthenticationProfile&RequestRuleName=RuleFormHistory Payload: "{\"RequestClass\":\"Rule-HTML-Section\",\"RequestAppliesTo\":\"Data-Admin-Security-AuthenticationProfile\",\"RequestRuleName\":\"RuleFormHistory\"}" => HTTP 200 (18043 bytes)
[PegaHttpClient] 📡 POST https://zdk8budo.pegaacademy.net/prweb/api/CodeIntelligence/v1/rules/query?pxObjClass=Rule-HTML-Section&appliesTo=Data-Admin-Security-AuthenticationProfile&pyRuleName=pzCustomHelp&RequestClass=Rule-HTML-Section&RequestAppliesTo=Data-Admin-Security-AuthenticationProfile&RequestRuleName=pzCustomHelp Payload: "{\"RequestClass\":\"Rule-HTML-Section\",\"RequestAppliesTo\":\"Data-Admin-Security-AuthenticationProfile\",\"RequestRuleName\":\"pzCustomHelp\"}" => HTTP 200 (31573 bytes)
[PegaHttpClient] 📡 POST https://zdk8budo.pegaacademy.net/prweb/api/CodeIntelligence/v1/rules/query?pxObjClass=Rule-HTML-Section&appliesTo=Data-Admin-Security-AuthenticationProfile&pyRuleName=pzRuleFormKeysAndDescription&RequestClass=Rule-HTML-Section&RequestAppliesTo=Data-Admin-Security-AuthenticationProfile&RequestRuleName=pzRuleFormKeysAndDescription Payload: "{\"RequestClass\":\"Rule-HTML-Section\",\"RequestAppliesTo\":\"Data-Admin-Security-AuthenticationProfile\",\"RequestRuleName\":\"pzRuleFormKeysAndDescription\"}" => HTTP 200 (218057 bytes)
[PegaHttpClient] 📡 POST https://zdk8budo.pegaacademy.net/prweb/api/CodeIntelligence/v1/rules/query?pxObjClass=Rule-HTML-Section&appliesTo=Data-Admin-Security-AuthenticationProfile&pyRuleName=pzRuleFormRuleset&RequestClass=Rule-HTML-Section&RequestAppliesTo=Data-Admin-Security-AuthenticationProfile&RequestRuleName=pzRuleFormRuleset Payload: "{\"RequestClass\":\"Rule-HTML-Section\",\"RequestAppliesTo\":\"Data-Admin-Security-AuthenticationProfile\",\"RequestRuleName\":\"pzRuleFormRuleset\"}" => HTTP 200 (29020 bytes)
[PegaHttpClient] 📡 POST https://zdk8budo.pegaacademy.net/prweb/api/CodeIntelligence/v1/rules/query?pxObjClass=Rule-HTML-Section&appliesTo=Data-Admin-Security-AuthenticationProfile&pyRuleName=undefined&RequestClass=Rule-HTML-Section&RequestAppliesTo=Data-Admin-Security-AuthenticationProfile&RequestRuleName=undefined Payload: "{\"RequestClass\":\"Rule-HTML-Section\",\"RequestAppliesTo\":\"Data-Admin-Security-AuthenticationProfile\",\"RequestRuleName\":\"undefined\"}" => HTTP 404 (128 bytes)
[PegaHttpClient] 📡 POST https://zdk8budo.pegaacademy.net/prweb/PRRestService/CodeIntelligence/v1/rules/query?pxObjClass=Rule-HTML-Section&appliesTo=Data-Admin-Security-AuthenticationProfile&pyRuleName=undefined&RequestClass=Rule-HTML-Section&RequestAppliesTo=Data-Admin-Security-AuthenticationProfile&RequestRuleName=undefined Payload: "{\"RequestClass\":\"Rule-HTML-Section\",\"RequestAppliesTo\":\"Data-Admin-Security-AuthenticationProfile\",\"RequestRuleName\":\"undefined\"}" => HTTP 404 (128 bytes)
[PegaHttpClient] 📡 POST https://zdk8budo.pegaacademy.net/prweb/api/HRAppsV2Service/V1/rules/query?pxObjClass=Rule-HTML-Section&appliesTo=Data-Admin-Security-AuthenticationProfile&pyRuleName=undefined&RequestClass=Rule-HTML-Section&RequestAppliesTo=Data-Admin-Security-AuthenticationProfile&RequestRuleName=undefined Payload: "{\"RequestClass\":\"Rule-HTML-Section\",\"RequestAppliesTo\":\"Data-Admin-Security-AuthenticationProfile\",\"RequestRuleName\":\"undefined\"}" => HTTP 404 (18 bytes)
[PegaHttpClient] 📡 POST https://zdk8budo.pegaacademy.net/prweb/PRRestService/HRAppsV2Service/V1/rules/query?pxObjClass=Rule-HTML-Section&appliesTo=Data-Admin-Security-AuthenticationProfile&pyRuleName=undefined&RequestClass=Rule-HTML-Section&RequestAppliesTo=Data-Admin-Security-AuthenticationProfile&RequestRuleName=undefined Payload: "{\"RequestClass\":\"Rule-HTML-Section\",\"RequestAppliesTo\":\"Data-Admin-Security-AuthenticationProfile\",\"RequestRuleName\":\"undefined\"}" => HTTP 404 (18 bytes)
[PegaHttpClient] 📡 POST https://zdk8budo.pegaacademy.net/prweb/api/HRAppsV2/V1/rules/query?pxObjClass=Rule-HTML-Section&appliesTo=Data-Admin-Security-AuthenticationProfile&pyRuleName=undefined&RequestClass=Rule-HTML-Section&RequestAppliesTo=Data-Admin-Security-AuthenticationProfile&RequestRuleName=undefined Payload: "{\"RequestClass\":\"Rule-HTML-Section\",\"RequestAppliesTo\":\"Data-Admin-Security-AuthenticationProfile\",\"RequestRuleName\":\"undefined\"}" => HTTP 404 (18 bytes)
[PegaHttpClient] 📡 POST https://zdk8budo.pegaacademy.net/prweb/PRRestService/HRAppsV2/V1/rules/query?pxObjClass=Rule-HTML-Section&appliesTo=Data-Admin-Security-AuthenticationProfile&pyRuleName=undefined&RequestClass=Rule-HTML-Section&RequestAppliesTo=Data-Admin-Security-AuthenticationProfile&RequestRuleName=undefined Payload: "{\"RequestClass\":\"Rule-HTML-Section\",\"RequestAppliesTo\":\"Data-Admin-Security-AuthenticationProfile\",\"RequestRuleName\":\"undefined\"}" => HTTP 404 (18 bytes)
[PegaHttpClient] 📡 POST https://zdk8budo.pegaacademy.net/prweb/api/v1/rules/query?pxObjClass=Rule-HTML-Section&appliesTo=Data-Admin-Security-AuthenticationProfile&pyRuleName=undefined&RequestClass=Rule-HTML-Section&RequestAppliesTo=Data-Admin-Security-AuthenticationProfile&RequestRuleName=undefined Payload: "{\"RequestClass\":\"Rule-HTML-Section\",\"RequestAppliesTo\":\"Data-Admin-Security-AuthenticationProfile\",\"RequestRuleName\":\"undefined\"}" => HTTP 404 (18 bytes)
[PegaHttpClient] 📡 POST https://zdk8budo.pegaacademy.net/prweb/PRRestService/v1/rules/query?pxObjClass=Rule-HTML-Section&appliesTo=Data-Admin-Security-AuthenticationProfile&pyRuleName=undefined&RequestClass=Rule-HTML-Section&RequestAppliesTo=Data-Admin-Security-AuthenticationProfile&RequestRuleName=undefined Payload: "{\"RequestClass\":\"Rule-HTML-Section\",\"RequestAppliesTo\":\"Data-Admin-Security-AuthenticationProfile\",\"RequestRuleName\":\"undefined\"}" => HTTP 404 (18 bytes)
[PegaHttpClient] 📡 POST https://zdk8budo.pegaacademy.net/prweb/api/CodeIntelligence/v1/rules/query?pxObjClass=Rule-HTML-Section&appliesTo=Data-Admin-Security-AuthenticationProfile&pyRuleName=pzRuleFormToolbar&RequestClass=Rule-HTML-Section&RequestAppliesTo=Data-Admin-Security-AuthenticationProfile&RequestRuleName=pzRuleFormToolbar Payload: "{\"RequestClass\":\"Rule-HTML-Section\",\"RequestAppliesTo\":\"Data-Admin-Security-AuthenticationProfile\",\"RequestRuleName\":\"pzRuleFormToolbar\"}" => HTTP 200 (242691 bytes)
[PegaHttpClient] 📡 POST https://zdk8budo.pegaacademy.net/prweb/api/CodeIntelligence/v1/rules/query?pxObjClass=Rule-HTML-Section&appliesTo=Data-Admin-Security-AuthenticationProfile&pyRuleName=pzRuleFormToolbarCompare&RequestClass=Rule-HTML-Section&RequestAppliesTo=Data-Admin-Security-AuthenticationProfile&RequestRuleName=pzRuleFormToolbarCompare Payload: "{\"RequestClass\":\"Rule-HTML-Section\",\"RequestAppliesTo\":\"Data-Admin-Security-AuthenticationProfile\",\"RequestRuleName\":\"pzRuleFormToolbarCompare\"}" => HTTP 200 (61925 bytes)
[PegaHttpClient] 📡 POST https://zdk8budo.pegaacademy.net/prweb/api/CodeIntelligence/v1/rules/query?pxObjClass=Rule-HTML-Section&appliesTo=Data-Admin-Security-AuthenticationProfile&pyRuleName=RuleFormHeaderMessages&RequestClass=Rule-HTML-Section&RequestAppliesTo=Data-Admin-Security-AuthenticationProfile&RequestRuleName=RuleFormHeaderMessages Payload: "{\"RequestClass\":\"Rule-HTML-Section\",\"RequestAppliesTo\":\"Data-Admin-Security-AuthenticationProfile\",\"RequestRuleName\":\"RuleFormHeaderMessages\"}" => HTTP 200 (26518 bytes)
[PegaHttpClient] 📡 POST https://zdk8budo.pegaacademy.net/prweb/api/CodeIntelligence/v1/rules/query?pxObjClass=Rule-HTML-Section&appliesTo=Data-Admin-Security-AuthenticationProfile&pyRuleName=pyUserAndPass&RequestClass=Rule-HTML-Section&RequestAppliesTo=Data-Admin-Security-AuthenticationProfile&RequestRuleName=pyUserAndPass Payload: "{\"RequestClass\":\"Rule-HTML-Section\",\"RequestAppliesTo\":\"Data-Admin-Security-AuthenticationProfile\",\"RequestRuleName\":\"pyUserAndPass\"}" => HTTP 200 (29769 bytes)
[PegaHttpClient] 📡 POST https://zdk8budo.pegaacademy.net/prweb/api/CodeIntelligence/v1/rules/query?pxObjClass=Rule-HTML-Section&appliesTo=Data-Admin-Security-AuthenticationProfile&pyRuleName=pyOAuthClientData&RequestClass=Rule-HTML-Section&RequestAppliesTo=Data-Admin-Security-AuthenticationProfile&RequestRuleName=pyOAuthClientData Payload: "{\"RequestClass\":\"Rule-HTML-Section\",\"RequestAppliesTo\":\"Data-Admin-Security-AuthenticationProfile\",\"RequestRuleName\":\"pyOAuthClientData\"}" => HTTP 404 (136 bytes)
[PegaHttpClient] 📡 POST https://zdk8budo.pegaacademy.net/prweb/PRRestService/CodeIntelligence/v1/rules/query?pxObjClass=Rule-HTML-Section&appliesTo=Data-Admin-Security-AuthenticationProfile&pyRuleName=pyOAuthClientData&RequestClass=Rule-HTML-Section&RequestAppliesTo=Data-Admin-Security-AuthenticationProfile&RequestRuleName=pyOAuthClientData Payload: "{\"RequestClass\":\"Rule-HTML-Section\",\"RequestAppliesTo\":\"Data-Admin-Security-AuthenticationProfile\",\"RequestRuleName\":\"pyOAuthClientData\"}" => HTTP 404 (136 bytes)
[PegaHttpClient] 📡 POST https://zdk8budo.pegaacademy.net/prweb/api/HRAppsV2Service/V1/rules/query?pxObjClass=Rule-HTML-Section&appliesTo=Data-Admin-Security-AuthenticationProfile&pyRuleName=pyOAuthClientData&RequestClass=Rule-HTML-Section&RequestAppliesTo=Data-Admin-Security-AuthenticationProfile&RequestRuleName=pyOAuthClientData Payload: "{\"RequestClass\":\"Rule-HTML-Section\",\"RequestAppliesTo\":\"Data-Admin-Security-AuthenticationProfile\",\"RequestRuleName\":\"pyOAuthClientData\"}" => HTTP 404 (18 bytes)
[PegaHttpClient] 📡 POST https://zdk8budo.pegaacademy.net/prweb/PRRestService/HRAppsV2Service/V1/rules/query?pxObjClass=Rule-HTML-Section&appliesTo=Data-Admin-Security-AuthenticationProfile&pyRuleName=pyOAuthClientData&RequestClass=Rule-HTML-Section&RequestAppliesTo=Data-Admin-Security-AuthenticationProfile&RequestRuleName=pyOAuthClientData Payload: "{\"RequestClass\":\"Rule-HTML-Section\",\"RequestAppliesTo\":\"Data-Admin-Security-AuthenticationProfile\",\"RequestRuleName\":\"pyOAuthClientData\"}" => HTTP 404 (18 bytes)
[PegaHttpClient] 📡 POST https://zdk8budo.pegaacademy.net/prweb/api/HRAppsV2/V1/rules/query?pxObjClass=Rule-HTML-Section&appliesTo=Data-Admin-Security-AuthenticationProfile&pyRuleName=pyOAuthClientData&RequestClass=Rule-HTML-Section&RequestAppliesTo=Data-Admin-Security-AuthenticationProfile&RequestRuleName=pyOAuthClientData Payload: "{\"RequestClass\":\"Rule-HTML-Section\",\"RequestAppliesTo\":\"Data-Admin-Security-AuthenticationProfile\",\"RequestRuleName\":\"pyOAuthClientData\"}" => HTTP 404 (18 bytes)
[PegaHttpClient] 📡 POST https://zdk8budo.pegaacademy.net/prweb/PRRestService/HRAppsV2/V1/rules/query?pxObjClass=Rule-HTML-Section&appliesTo=Data-Admin-Security-AuthenticationProfile&pyRuleName=pyOAuthClientData&RequestClass=Rule-HTML-Section&RequestAppliesTo=Data-Admin-Security-AuthenticationProfile&RequestRuleName=pyOAuthClientData Payload: "{\"RequestClass\":\"Rule-HTML-Section\",\"RequestAppliesTo\":\"Data-Admin-Security-AuthenticationProfile\",\"RequestRuleName\":\"pyOAuthClientData\"}" => HTTP 404 (18 bytes)
[PegaHttpClient] 📡 POST https://zdk8budo.pegaacademy.net/prweb/api/v1/rules/query?pxObjClass=Rule-HTML-Section&appliesTo=Data-Admin-Security-AuthenticationProfile&pyRuleName=pyOAuthClientData&RequestClass=Rule-HTML-Section&RequestAppliesTo=Data-Admin-Security-AuthenticationProfile&RequestRuleName=pyOAuthClientData Payload: "{\"RequestClass\":\"Rule-HTML-Section\",\"RequestAppliesTo\":\"Data-Admin-Security-AuthenticationProfile\",\"RequestRuleName\":\"pyOAuthClientData\"}" => HTTP 404 (18 bytes)
[PegaHttpClient] 📡 POST https://zdk8budo.pegaacademy.net/prweb/PRRestService/v1/rules/query?pxObjClass=Rule-HTML-Section&appliesTo=Data-Admin-Security-AuthenticationProfile&pyRuleName=pyOAuthClientData&RequestClass=Rule-HTML-Section&RequestAppliesTo=Data-Admin-Security-AuthenticationProfile&RequestRuleName=pyOAuthClientData Payload: "{\"RequestClass\":\"Rule-HTML-Section\",\"RequestAppliesTo\":\"Data-Admin-Security-AuthenticationProfile\",\"RequestRuleName\":\"pyOAuthClientData\"}" => HTTP 404 (18 bytes)
[PegaHttpClient] 📡 POST https://zdk8budo.pegaacademy.net/prweb/api/CodeIntelligence/v1/rules/query?pxObjClass=Rule-HTML-Section&appliesTo=Data-Admin-Security-AuthenticationProfile&pyRuleName=pzAuthenticationProfile&RequestClass=Rule-HTML-Section&RequestAppliesTo=Data-Admin-Security-AuthenticationProfile&RequestRuleName=pzAuthenticationProfile Payload: "{\"RequestClass\":\"Rule-HTML-Section\",\"RequestAppliesTo\":\"Data-Admin-Security-AuthenticationProfile\",\"RequestRuleName\":\"pzAuthenticationProfile\"}" => HTTP 200 (14646 bytes)
[PegaHttpClient] 📡 POST https://zdk8budo.pegaacademy.net/prweb/api/CodeIntelligence/v1/rules/query?pxObjClass=Rule-HTML-Section&appliesTo=Data-Admin-Security-AuthenticationProfile&pyRuleName=pzPagesAndClassesScriptNoMode&RequestClass=Rule-HTML-Section&RequestAppliesTo=Data-Admin-Security-AuthenticationProfile&RequestRuleName=pzPagesAndClassesScriptNoMode Payload: "{\"RequestClass\":\"Rule-HTML-Section\",\"RequestAppliesTo\":\"Data-Admin-Security-AuthenticationProfile\",\"RequestRuleName\":\"pzPagesAndClassesScriptNoMode\"}" => HTTP 200 (23722 bytes)
[PegaHttpClient] 📡 POST https://zdk8budo.pegaacademy.net/prweb/api/CodeIntelligence/v1/rules/query?pxObjClass=Rule-HTML-Section&appliesTo=Data-Admin-Security-AuthenticationProfile&pyRuleName=pzRuleFormStatus&RequestClass=Rule-HTML-Section&RequestAppliesTo=Data-Admin-Security-AuthenticationProfile&RequestRuleName=pzRuleFormStatus Payload: "{\"RequestClass\":\"Rule-HTML-Section\",\"RequestAppliesTo\":\"Data-Admin-Security-AuthenticationProfile\",\"RequestRuleName\":\"pzRuleFormStatus\"}" => HTTP 200 (29579 bytes)
[PegaHttpClient] 📡 POST https://zdk8budo.pegaacademy.net/prweb/api/CodeIntelligence/v1/rules/query?pxObjClass=Rule-HTML-Section&appliesTo=Data-Admin-Security-AuthenticationProfile&pyRuleName=pzRuleFormHeaderCompareWithDropDown&RequestClass=Rule-HTML-Section&RequestAppliesTo=Data-Admin-Security-AuthenticationProfile&RequestRuleName=pzRuleFormHeaderCompareWithDropDown Payload: "{\"RequestClass\":\"Rule-HTML-Section\",\"RequestAppliesTo\":\"Data-Admin-Security-AuthenticationProfile\",\"RequestRuleName\":\"pzRuleFormHeaderCompareWithDropDown\"}" => HTTP 200 (25396 bytes)
[PegaHttpClient] 📡 POST https://zdk8budo.pegaacademy.net/prweb/api/CodeIntelligence/v1/rules/query?pxObjClass=Rule-HTML-Section&appliesTo=Data-Admin-Security-AuthenticationProfile&pyRuleName=undefined&RequestClass=Rule-HTML-Section&RequestAppliesTo=Data-Admin-Security-AuthenticationProfile&RequestRuleName=undefined Payload: "{\"RequestClass\":\"Rule-HTML-Section\",\"RequestAppliesTo\":\"Data-Admin-Security-AuthenticationProfile\",\"RequestRuleName\":\"undefined\"}" => HTTP 404 (128 bytes)
[PegaHttpClient] 📡 POST https://zdk8budo.pegaacademy.net/prweb/PRRestService/CodeIntelligence/v1/rules/query?pxObjClass=Rule-HTML-Section&appliesTo=Data-Admin-Security-AuthenticationProfile&pyRuleName=undefined&RequestClass=Rule-HTML-Section&RequestAppliesTo=Data-Admin-Security-AuthenticationProfile&RequestRuleName=undefined Payload: "{\"RequestClass\":\"Rule-HTML-Section\",\"RequestAppliesTo\":\"Data-Admin-Security-AuthenticationProfile\",\"RequestRuleName\":\"undefined\"}" => HTTP 404 (128 bytes)
[PegaHttpClient] 📡 POST https://zdk8budo.pegaacademy.net/prweb/api/HRAppsV2Service/V1/rules/query?pxObjClass=Rule-HTML-Section&appliesTo=Data-Admin-Security-AuthenticationProfile&pyRuleName=undefined&RequestClass=Rule-HTML-Section&RequestAppliesTo=Data-Admin-Security-AuthenticationProfile&RequestRuleName=undefined Payload: "{\"RequestClass\":\"Rule-HTML-Section\",\"RequestAppliesTo\":\"Data-Admin-Security-AuthenticationProfile\",\"RequestRuleName\":\"undefined\"}" => HTTP 404 (18 bytes)
[PegaHttpClient] 📡 POST https://zdk8budo.pegaacademy.net/prweb/PRRestService/HRAppsV2Service/V1/rules/query?pxObjClass=Rule-HTML-Section&appliesTo=Data-Admin-Security-AuthenticationProfile&pyRuleName=undefined&RequestClass=Rule-HTML-Section&RequestAppliesTo=Data-Admin-Security-AuthenticationProfile&RequestRuleName=undefined Payload: "{\"RequestClass\":\"Rule-HTML-Section\",\"RequestAppliesTo\":\"Data-Admin-Security-AuthenticationProfile\",\"RequestRuleName\":\"undefined\"}" => HTTP 404 (18 bytes)
[PegaHttpClient] 📡 POST https://zdk8budo.pegaacademy.net/prweb/api/HRAppsV2/V1/rules/query?pxObjClass=Rule-HTML-Section&appliesTo=Data-Admin-Security-AuthenticationProfile&pyRuleName=undefined&RequestClass=Rule-HTML-Section&RequestAppliesTo=Data-Admin-Security-AuthenticationProfile&RequestRuleName=undefined Payload: "{\"RequestClass\":\"Rule-HTML-Section\",\"RequestAppliesTo\":\"Data-Admin-Security-AuthenticationProfile\",\"RequestRuleName\":\"undefined\"}" => HTTP 404 (18 bytes)
[PegaHttpClient] 📡 POST https://zdk8budo.pegaacademy.net/prweb/PRRestService/HRAppsV2/V1/rules/query?pxObjClass=Rule-HTML-Section&appliesTo=Data-Admin-Security-AuthenticationProfile&pyRuleName=undefined&RequestClass=Rule-HTML-Section&RequestAppliesTo=Data-Admin-Security-AuthenticationProfile&RequestRuleName=undefined Payload: "{\"RequestClass\":\"Rule-HTML-Section\",\"RequestAppliesTo\":\"Data-Admin-Security-AuthenticationProfile\",\"RequestRuleName\":\"undefined\"}" => HTTP 404 (18 bytes)
[PegaHttpClient] 📡 POST https://zdk8budo.pegaacademy.net/prweb/api/v1/rules/query?pxObjClass=Rule-HTML-Section&appliesTo=Data-Admin-Security-AuthenticationProfile&pyRuleName=undefined&RequestClass=Rule-HTML-Section&RequestAppliesTo=Data-Admin-Security-AuthenticationProfile&RequestRuleName=undefined Payload: "{\"RequestClass\":\"Rule-HTML-Section\",\"RequestAppliesTo\":\"Data-Admin-Security-AuthenticationProfile\",\"RequestRuleName\":\"undefined\"}" => HTTP 404 (18 bytes)
[PegaHttpClient] 📡 POST https://zdk8budo.pegaacademy.net/prweb/PRRestService/v1/rules/query?pxObjClass=Rule-HTML-Section&appliesTo=Data-Admin-Security-AuthenticationProfile&pyRuleName=undefined&RequestClass=Rule-HTML-Section&RequestAppliesTo=Data-Admin-Security-AuthenticationProfile&RequestRuleName=undefined Payload: "{\"RequestClass\":\"Rule-HTML-Section\",\"RequestAppliesTo\":\"Data-Admin-Security-AuthenticationProfile\",\"RequestRuleName\":\"undefined\"}" => HTTP 404 (18 bytes)
[PegaHttpClient] 📡 POST https://zdk8budo.pegaacademy.net/prweb/api/CodeIntelligence/v1/rules/query?pxObjClass=Rule-HTML-Section&appliesTo=Data-Admin-Security-AuthenticationProfile&pyRuleName=pzRuleFormToolbarHotKeys&RequestClass=Rule-HTML-Section&RequestAppliesTo=Data-Admin-Security-AuthenticationProfile&RequestRuleName=pzRuleFormToolbarHotKeys Payload: "{\"RequestClass\":\"Rule-HTML-Section\",\"RequestAppliesTo\":\"Data-Admin-Security-AuthenticationProfile\",\"RequestRuleName\":\"pzRuleFormToolbarHotKeys\"}" => HTTP 200 (85058 bytes)
[PegaHttpClient] 📡 POST https://zdk8budo.pegaacademy.net/prweb/api/CodeIntelligence/v1/rules/query?pxObjClass=Rule-HTML-Section&appliesTo=Data-Admin-Security-AuthenticationProfile&pyRuleName=pzRuleFormToolbarLockedIcon&RequestClass=Rule-HTML-Section&RequestAppliesTo=Data-Admin-Security-AuthenticationProfile&RequestRuleName=pzRuleFormToolbarLockedIcon Payload: "{\"RequestClass\":\"Rule-HTML-Section\",\"RequestAppliesTo\":\"Data-Admin-Security-AuthenticationProfile\",\"RequestRuleName\":\"pzRuleFormToolbarLockedIcon\"}" => HTTP 200 (19111 bytes)
[PegaHttpClient] 📡 POST https://zdk8budo.pegaacademy.net/prweb/api/CodeIntelligence/v1/rules/query?pxObjClass=Rule-HTML-Section&appliesTo=Data-Admin-Security-AuthenticationProfile&pyRuleName=pzRuleFormToolbarCollaborators&RequestClass=Rule-HTML-Section&RequestAppliesTo=Data-Admin-Security-AuthenticationProfile&RequestRuleName=pzRuleFormToolbarCollaborators Payload: "{\"RequestClass\":\"Rule-HTML-Section\",\"RequestAppliesTo\":\"Data-Admin-Security-AuthenticationProfile\",\"RequestRuleName\":\"pzRuleFormToolbarCollaborators\"}" => HTTP 200 (15254 bytes)
[PegaHttpClient] 📡 POST https://zdk8budo.pegaacademy.net/prweb/api/CodeIntelligence/v1/rules/query?pxObjClass=Rule-HTML-Section&appliesTo=Data-Admin-Security-AuthenticationProfile&pyRuleName=pzRuleFormToolbarSaveAs&RequestClass=Rule-HTML-Section&RequestAppliesTo=Data-Admin-Security-AuthenticationProfile&RequestRuleName=pzRuleFormToolbarSaveAs Payload: "{\"RequestClass\":\"Rule-HTML-Section\",\"RequestAppliesTo\":\"Data-Admin-Security-AuthenticationProfile\",\"RequestRuleName\":\"pzRuleFormToolbarSaveAs\"}" => HTTP 200 (64084 bytes)
[PegaHttpClient] 📡 POST https://zdk8budo.pegaacademy.net/prweb/api/CodeIntelligence/v1/rules/query?pxObjClass=Rule-HTML-Section&appliesTo=Data-Admin-Security-AuthenticationProfile&pyRuleName=pzRuleFormToolbarCheckin&RequestClass=Rule-HTML-Section&RequestAppliesTo=Data-Admin-Security-AuthenticationProfile&RequestRuleName=pzRuleFormToolbarCheckin Payload: "{\"RequestClass\":\"Rule-HTML-Section\",\"RequestAppliesTo\":\"Data-Admin-Security-AuthenticationProfile\",\"RequestRuleName\":\"pzRuleFormToolbarCheckin\"}" => HTTP 200 (15601 bytes)
[PegaHttpClient] 📡 POST https://zdk8budo.pegaacademy.net/prweb/api/CodeIntelligence/v1/rules/query?pxObjClass=Rule-HTML-Section&appliesTo=Data-Admin-Security-AuthenticationProfile&pyRuleName=pzRuleFormToolbarDelete&RequestClass=Rule-HTML-Section&RequestAppliesTo=Data-Admin-Security-AuthenticationProfile&RequestRuleName=pzRuleFormToolbarDelete Payload: "{\"RequestClass\":\"Rule-HTML-Section\",\"RequestAppliesTo\":\"Data-Admin-Security-AuthenticationProfile\",\"RequestRuleName\":\"pzRuleFormToolbarDelete\"}" => HTTP 200 (30249 bytes)
[PegaHttpClient] 📡 POST https://zdk8budo.pegaacademy.net/prweb/api/CodeIntelligence/v1/rules/query?pxObjClass=Rule-HTML-Section&appliesTo=Data-Admin-Security-AuthenticationProfile&pyRuleName=pzRuleFormToolbarSave&RequestClass=Rule-HTML-Section&RequestAppliesTo=Data-Admin-Security-AuthenticationProfile&RequestRuleName=pzRuleFormToolbarSave Payload: "{\"RequestClass\":\"Rule-HTML-Section\",\"RequestAppliesTo\":\"Data-Admin-Security-AuthenticationProfile\",\"RequestRuleName\":\"pzRuleFormToolbarSave\"}" => HTTP 200 (293885 bytes)
[PegaHttpClient] 📡 POST https://zdk8budo.pegaacademy.net/prweb/api/CodeIntelligence/v1/rules/query?pxObjClass=Rule-HTML-Section&appliesTo=Data-Admin-Security-AuthenticationProfile&pyRuleName=pzRuleFormToolbarCheckout&RequestClass=Rule-HTML-Section&RequestAppliesTo=Data-Admin-Security-AuthenticationProfile&RequestRuleName=pzRuleFormToolbarCheckout Payload: "{\"RequestClass\":\"Rule-HTML-Section\",\"RequestAppliesTo\":\"Data-Admin-Security-AuthenticationProfile\",\"RequestRuleName\":\"pzRuleFormToolbarCheckout\"}" => HTTP 200 (14854 bytes)
[PegaHttpClient] 📡 POST https://zdk8budo.pegaacademy.net/prweb/api/CodeIntelligence/v1/rules/query?pxObjClass=Rule-HTML-Section&appliesTo=Data-Admin-Security-AuthenticationProfile&pyRuleName=pzRemoveErrorsDataPage&RequestClass=Rule-HTML-Section&RequestAppliesTo=Data-Admin-Security-AuthenticationProfile&RequestRuleName=pzRemoveErrorsDataPage Payload: "{\"RequestClass\":\"Rule-HTML-Section\",\"RequestAppliesTo\":\"Data-Admin-Security-AuthenticationProfile\",\"RequestRuleName\":\"pzRemoveErrorsDataPage\"}" => HTTP 200 (16733 bytes)
[PegaHttpClient] 📡 POST https://zdk8budo.pegaacademy.net/prweb/api/CodeIntelligence/v1/rules/query?pxObjClass=Rule-HTML-Section&appliesTo=Data-Admin-Security-AuthenticationProfile&pyRuleName=pzRuleFormHeaderMessagesWrapper&RequestClass=Rule-HTML-Section&RequestAppliesTo=Data-Admin-Security-AuthenticationProfile&RequestRuleName=pzRuleFormHeaderMessagesWrapper Payload: "{\"RequestClass\":\"Rule-HTML-Section\",\"RequestAppliesTo\":\"Data-Admin-Security-AuthenticationProfile\",\"RequestRuleName\":\"pzRuleFormHeaderMessagesWrapper\"}" => HTTP 200 (16981 bytes)
[PegaHttpClient] 📡 POST https://zdk8budo.pegaacademy.net/prweb/api/CodeIntelligence/v1/rules/query?pxObjClass=Rule-HTML-Section&appliesTo=Data-Admin-Security-AuthenticationProfile&pyRuleName=pxDisplayCollaborators&RequestClass=Rule-HTML-Section&RequestAppliesTo=Data-Admin-Security-AuthenticationProfile&RequestRuleName=pxDisplayCollaborators Payload: "{\"RequestClass\":\"Rule-HTML-Section\",\"RequestAppliesTo\":\"Data-Admin-Security-AuthenticationProfile\",\"RequestRuleName\":\"pxDisplayCollaborators\"}" => HTTP 200 (94171 bytes)
[PegaHttpClient] 📡 POST https://zdk8budo.pegaacademy.net/prweb/api/CodeIntelligence/v1/rules/query?pxObjClass=Rule-HTML-Section&appliesTo=Data-Admin-Security-AuthenticationProfile&pyRuleName=pzRuleFormToolbarDeleteCheckOut&RequestClass=Rule-HTML-Section&RequestAppliesTo=Data-Admin-Security-AuthenticationProfile&RequestRuleName=pzRuleFormToolbarDeleteCheckOut Payload: "{\"RequestClass\":\"Rule-HTML-Section\",\"RequestAppliesTo\":\"Data-Admin-Security-AuthenticationProfile\",\"RequestRuleName\":\"pzRuleFormToolbarDeleteCheckOut\"}" => HTTP 404 (150 bytes)
[PegaHttpClient] 📡 POST https://zdk8budo.pegaacademy.net/prweb/PRRestService/CodeIntelligence/v1/rules/query?pxObjClass=Rule-HTML-Section&appliesTo=Data-Admin-Security-AuthenticationProfile&pyRuleName=pzRuleFormToolbarDeleteCheckOut&RequestClass=Rule-HTML-Section&RequestAppliesTo=Data-Admin-Security-AuthenticationProfile&RequestRuleName=pzRuleFormToolbarDeleteCheckOut Payload: "{\"RequestClass\":\"Rule-HTML-Section\",\"RequestAppliesTo\":\"Data-Admin-Security-AuthenticationProfile\",\"RequestRuleName\":\"pzRuleFormToolbarDeleteCheckOut\"}" => HTTP 404 (150 bytes)
[PegaHttpClient] 📡 POST https://zdk8budo.pegaacademy.net/prweb/api/HRAppsV2Service/V1/rules/query?pxObjClass=Rule-HTML-Section&appliesTo=Data-Admin-Security-AuthenticationProfile&pyRuleName=pzRuleFormToolbarDeleteCheckOut&RequestClass=Rule-HTML-Section&RequestAppliesTo=Data-Admin-Security-AuthenticationProfile&RequestRuleName=pzRuleFormToolbarDeleteCheckOut Payload: "{\"RequestClass\":\"Rule-HTML-Section\",\"RequestAppliesTo\":\"Data-Admin-Security-AuthenticationProfile\",\"RequestRuleName\":\"pzRuleFormToolbarDeleteCheckOut\"}" => HTTP 404 (18 bytes)
[PegaHttpClient] 📡 POST https://zdk8budo.pegaacademy.net/prweb/PRRestService/HRAppsV2Service/V1/rules/query?pxObjClass=Rule-HTML-Section&appliesTo=Data-Admin-Security-AuthenticationProfile&pyRuleName=pzRuleFormToolbarDeleteCheckOut&RequestClass=Rule-HTML-Section&RequestAppliesTo=Data-Admin-Security-AuthenticationProfile&RequestRuleName=pzRuleFormToolbarDeleteCheckOut Payload: "{\"RequestClass\":\"Rule-HTML-Section\",\"RequestAppliesTo\":\"Data-Admin-Security-AuthenticationProfile\",\"RequestRuleName\":\"pzRuleFormToolbarDeleteCheckOut\"}" => HTTP 404 (18 bytes)
[PegaHttpClient] 📡 POST https://zdk8budo.pegaacademy.net/prweb/api/HRAppsV2/V1/rules/query?pxObjClass=Rule-HTML-Section&appliesTo=Data-Admin-Security-AuthenticationProfile&pyRuleName=pzRuleFormToolbarDeleteCheckOut&RequestClass=Rule-HTML-Section&RequestAppliesTo=Data-Admin-Security-AuthenticationProfile&RequestRuleName=pzRuleFormToolbarDeleteCheckOut Payload: "{\"RequestClass\":\"Rule-HTML-Section\",\"RequestAppliesTo\":\"Data-Admin-Security-AuthenticationProfile\",\"RequestRuleName\":\"pzRuleFormToolbarDeleteCheckOut\"}" => HTTP 404 (18 bytes)
[PegaHttpClient] 📡 POST https://zdk8budo.pegaacademy.net/prweb/PRRestService/HRAppsV2/V1/rules/query?pxObjClass=Rule-HTML-Section&appliesTo=Data-Admin-Security-AuthenticationProfile&pyRuleName=pzRuleFormToolbarDeleteCheckOut&RequestClass=Rule-HTML-Section&RequestAppliesTo=Data-Admin-Security-AuthenticationProfile&RequestRuleName=pzRuleFormToolbarDeleteCheckOut Payload: "{\"RequestClass\":\"Rule-HTML-Section\",\"RequestAppliesTo\":\"Data-Admin-Security-AuthenticationProfile\",\"RequestRuleName\":\"pzRuleFormToolbarDeleteCheckOut\"}" => HTTP 404 (18 bytes)
[PegaHttpClient] 📡 POST https://zdk8budo.pegaacademy.net/prweb/api/v1/rules/query?pxObjClass=Rule-HTML-Section&appliesTo=Data-Admin-Security-AuthenticationProfile&pyRuleName=pzRuleFormToolbarDeleteCheckOut&RequestClass=Rule-HTML-Section&RequestAppliesTo=Data-Admin-Security-AuthenticationProfile&RequestRuleName=pzRuleFormToolbarDeleteCheckOut Payload: "{\"RequestClass\":\"Rule-HTML-Section\",\"RequestAppliesTo\":\"Data-Admin-Security-AuthenticationProfile\",\"RequestRuleName\":\"pzRuleFormToolbarDeleteCheckOut\"}" => HTTP 404 (18 bytes)
[PegaHttpClient] 📡 POST https://zdk8budo.pegaacademy.net/prweb/PRRestService/v1/rules/query?pxObjClass=Rule-HTML-Section&appliesTo=Data-Admin-Security-AuthenticationProfile&pyRuleName=pzRuleFormToolbarDeleteCheckOut&RequestClass=Rule-HTML-Section&RequestAppliesTo=Data-Admin-Security-AuthenticationProfile&RequestRuleName=pzRuleFormToolbarDeleteCheckOut Payload: "{\"RequestClass\":\"Rule-HTML-Section\",\"RequestAppliesTo\":\"Data-Admin-Security-AuthenticationProfile\",\"RequestRuleName\":\"pzRuleFormToolbarDeleteCheckOut\"}" => HTTP 404 (18 bytes)
[PegaHttpClient] 📡 POST https://zdk8budo.pegaacademy.net/prweb/api/CodeIntelligence/v1/rules/query?pxObjClass=Rule-HTML-Section&appliesTo=Data-Admin-Security-AuthenticationProfile&pyRuleName=pzRuleFormToolbarDeleteRule&RequestClass=Rule-HTML-Section&RequestAppliesTo=Data-Admin-Security-AuthenticationProfile&RequestRuleName=pzRuleFormToolbarDeleteRule Payload: "{\"RequestClass\":\"Rule-HTML-Section\",\"RequestAppliesTo\":\"Data-Admin-Security-AuthenticationProfile\",\"RequestRuleName\":\"pzRuleFormToolbarDeleteRule\"}" => HTTP 200 (32314 bytes)
[PegaHttpClient] 📡 POST https://zdk8budo.pegaacademy.net/prweb/api/CodeIntelligence/v1/rules/query?pxObjClass=Rule-HTML-Section&appliesTo=Data-Admin-Security-AuthenticationProfile&pyRuleName=pzLoadCollaborationScripts&RequestClass=Rule-HTML-Section&RequestAppliesTo=Data-Admin-Security-AuthenticationProfile&RequestRuleName=pzLoadCollaborationScripts Payload: "{\"RequestClass\":\"Rule-HTML-Section\",\"RequestAppliesTo\":\"Data-Admin-Security-AuthenticationProfile\",\"RequestRuleName\":\"pzLoadCollaborationScripts\"}" => HTTP 200 (23453 bytes)
[PegaHttpClient] 📡 POST https://zdk8budo.pegaacademy.net/prweb/api/CodeIntelligence/v1/rules/query?pxObjClass=Rule-HTML-Section&appliesTo=Data-Admin-Security-AuthenticationProfile&pyRuleName=pzDisplayCollaboratorsList&RequestClass=Rule-HTML-Section&RequestAppliesTo=Data-Admin-Security-AuthenticationProfile&RequestRuleName=pzDisplayCollaboratorsList Payload: "{\"RequestClass\":\"Rule-HTML-Section\",\"RequestAppliesTo\":\"Data-Admin-Security-AuthenticationProfile\",\"RequestRuleName\":\"pzDisplayCollaboratorsList\"}" => HTTP 200 (105418 bytes)
[PegaHttpClient] 📡 POST https://zdk8budo.pegaacademy.net/prweb/api/CodeIntelligence/v1/rules/query?pxObjClass=Rule-HTML-Section&appliesTo=Data-Admin-Security-AuthenticationProfile&pyRuleName=pyCollaborator&RequestClass=Rule-HTML-Section&RequestAppliesTo=Data-Admin-Security-AuthenticationProfile&RequestRuleName=pyCollaborator Payload: "{\"RequestClass\":\"Rule-HTML-Section\",\"RequestAppliesTo\":\"Data-Admin-Security-AuthenticationProfile\",\"RequestRuleName\":\"pyCollaborator\"}" => HTTP 404 (133 bytes)
[PegaHttpClient] 📡 POST https://zdk8budo.pegaacademy.net/prweb/PRRestService/CodeIntelligence/v1/rules/query?pxObjClass=Rule-HTML-Section&appliesTo=Data-Admin-Security-AuthenticationProfile&pyRuleName=pyCollaborator&RequestClass=Rule-HTML-Section&RequestAppliesTo=Data-Admin-Security-AuthenticationProfile&RequestRuleName=pyCollaborator Payload: "{\"RequestClass\":\"Rule-HTML-Section\",\"RequestAppliesTo\":\"Data-Admin-Security-AuthenticationProfile\",\"RequestRuleName\":\"pyCollaborator\"}" => HTTP 404 (133 bytes)
[PegaHttpClient] 📡 POST https://zdk8budo.pegaacademy.net/prweb/api/HRAppsV2Service/V1/rules/query?pxObjClass=Rule-HTML-Section&appliesTo=Data-Admin-Security-AuthenticationProfile&pyRuleName=pyCollaborator&RequestClass=Rule-HTML-Section&RequestAppliesTo=Data-Admin-Security-AuthenticationProfile&RequestRuleName=pyCollaborator Payload: "{\"RequestClass\":\"Rule-HTML-Section\",\"RequestAppliesTo\":\"Data-Admin-Security-AuthenticationProfile\",\"RequestRuleName\":\"pyCollaborator\"}" => HTTP 404 (18 bytes)
[PegaHttpClient] 📡 POST https://zdk8budo.pegaacademy.net/prweb/PRRestService/HRAppsV2Service/V1/rules/query?pxObjClass=Rule-HTML-Section&appliesTo=Data-Admin-Security-AuthenticationProfile&pyRuleName=pyCollaborator&RequestClass=Rule-HTML-Section&RequestAppliesTo=Data-Admin-Security-AuthenticationProfile&RequestRuleName=pyCollaborator Payload: "{\"RequestClass\":\"Rule-HTML-Section\",\"RequestAppliesTo\":\"Data-Admin-Security-AuthenticationProfile\",\"RequestRuleName\":\"pyCollaborator\"}" => HTTP 404 (18 bytes)
[PegaHttpClient] 📡 POST https://zdk8budo.pegaacademy.net/prweb/api/HRAppsV2/V1/rules/query?pxObjClass=Rule-HTML-Section&appliesTo=Data-Admin-Security-AuthenticationProfile&pyRuleName=pyCollaborator&RequestClass=Rule-HTML-Section&RequestAppliesTo=Data-Admin-Security-AuthenticationProfile&RequestRuleName=pyCollaborator Payload: "{\"RequestClass\":\"Rule-HTML-Section\",\"RequestAppliesTo\":\"Data-Admin-Security-AuthenticationProfile\",\"RequestRuleName\":\"pyCollaborator\"}" => HTTP 404 (18 bytes)
[PegaHttpClient] 📡 POST https://zdk8budo.pegaacademy.net/prweb/PRRestService/HRAppsV2/V1/rules/query?pxObjClass=Rule-HTML-Section&appliesTo=Data-Admin-Security-AuthenticationProfile&pyRuleName=pyCollaborator&RequestClass=Rule-HTML-Section&RequestAppliesTo=Data-Admin-Security-AuthenticationProfile&RequestRuleName=pyCollaborator Payload: "{\"RequestClass\":\"Rule-HTML-Section\",\"RequestAppliesTo\":\"Data-Admin-Security-AuthenticationProfile\",\"RequestRuleName\":\"pyCollaborator\"}" => HTTP 404 (18 bytes)
[PegaHttpClient] 📡 POST https://zdk8budo.pegaacademy.net/prweb/api/v1/rules/query?pxObjClass=Rule-HTML-Section&appliesTo=Data-Admin-Security-AuthenticationProfile&pyRuleName=pyCollaborator&RequestClass=Rule-HTML-Section&RequestAppliesTo=Data-Admin-Security-AuthenticationProfile&RequestRuleName=pyCollaborator Payload: "{\"RequestClass\":\"Rule-HTML-Section\",\"RequestAppliesTo\":\"Data-Admin-Security-AuthenticationProfile\",\"RequestRuleName\":\"pyCollaborator\"}" => HTTP 404 (18 bytes)
[PegaHttpClient] 📡 POST https://zdk8budo.pegaacademy.net/prweb/PRRestService/v1/rules/query?pxObjClass=Rule-HTML-Section&appliesTo=Data-Admin-Security-AuthenticationProfile&pyRuleName=pyCollaborator&RequestClass=Rule-HTML-Section&RequestAppliesTo=Data-Admin-Security-AuthenticationProfile&RequestRuleName=pyCollaborator Payload: "{\"RequestClass\":\"Rule-HTML-Section\",\"RequestAppliesTo\":\"Data-Admin-Security-AuthenticationProfile\",\"RequestRuleName\":\"pyCollaborator\"}" => HTTP 404 (18 bytes)
[PegaHttpClient] 📡 POST https://zdk8budo.pegaacademy.net/prweb/api/CodeIntelligence/v1/rules/query?pxObjClass=Rule-HTML-Section&appliesTo=Data-Admin-Security-AuthenticationProfile&pyRuleName=pzDisplayPartialCount&RequestClass=Rule-HTML-Section&RequestAppliesTo=Data-Admin-Security-AuthenticationProfile&RequestRuleName=pzDisplayPartialCount Payload: "{\"RequestClass\":\"Rule-HTML-Section\",\"RequestAppliesTo\":\"Data-Admin-Security-AuthenticationProfile\",\"RequestRuleName\":\"pzDisplayPartialCount\"}" => HTTP 404 (140 bytes)
[PegaHttpClient] 📡 POST https://zdk8budo.pegaacademy.net/prweb/PRRestService/CodeIntelligence/v1/rules/query?pxObjClass=Rule-HTML-Section&appliesTo=Data-Admin-Security-AuthenticationProfile&pyRuleName=pzDisplayPartialCount&RequestClass=Rule-HTML-Section&RequestAppliesTo=Data-Admin-Security-AuthenticationProfile&RequestRuleName=pzDisplayPartialCount Payload: "{\"RequestClass\":\"Rule-HTML-Section\",\"RequestAppliesTo\":\"Data-Admin-Security-AuthenticationProfile\",\"RequestRuleName\":\"pzDisplayPartialCount\"}" => HTTP 404 (140 bytes)
[PegaHttpClient] 📡 POST https://zdk8budo.pegaacademy.net/prweb/api/HRAppsV2Service/V1/rules/query?pxObjClass=Rule-HTML-Section&appliesTo=Data-Admin-Security-AuthenticationProfile&pyRuleName=pzDisplayPartialCount&RequestClass=Rule-HTML-Section&RequestAppliesTo=Data-Admin-Security-AuthenticationProfile&RequestRuleName=pzDisplayPartialCount Payload: "{\"RequestClass\":\"Rule-HTML-Section\",\"RequestAppliesTo\":\"Data-Admin-Security-AuthenticationProfile\",\"RequestRuleName\":\"pzDisplayPartialCount\"}" => HTTP 404 (18 bytes)
[PegaHttpClient] 📡 POST https://zdk8budo.pegaacademy.net/prweb/PRRestService/HRAppsV2Service/V1/rules/query?pxObjClass=Rule-HTML-Section&appliesTo=Data-Admin-Security-AuthenticationProfile&pyRuleName=pzDisplayPartialCount&RequestClass=Rule-HTML-Section&RequestAppliesTo=Data-Admin-Security-AuthenticationProfile&RequestRuleName=pzDisplayPartialCount Payload: "{\"RequestClass\":\"Rule-HTML-Section\",\"RequestAppliesTo\":\"Data-Admin-Security-AuthenticationProfile\",\"RequestRuleName\":\"pzDisplayPartialCount\"}" => HTTP 404 (18 bytes)
[PegaHttpClient] 📡 POST https://zdk8budo.pegaacademy.net/prweb/api/HRAppsV2/V1/rules/query?pxObjClass=Rule-HTML-Section&appliesTo=Data-Admin-Security-AuthenticationProfile&pyRuleName=pzDisplayPartialCount&RequestClass=Rule-HTML-Section&RequestAppliesTo=Data-Admin-Security-AuthenticationProfile&RequestRuleName=pzDisplayPartialCount Payload: "{\"RequestClass\":\"Rule-HTML-Section\",\"RequestAppliesTo\":\"Data-Admin-Security-AuthenticationProfile\",\"RequestRuleName\":\"pzDisplayPartialCount\"}" => HTTP 404 (18 bytes)
[PegaHttpClient] 📡 POST https://zdk8budo.pegaacademy.net/prweb/PRRestService/HRAppsV2/V1/rules/query?pxObjClass=Rule-HTML-Section&appliesTo=Data-Admin-Security-AuthenticationProfile&pyRuleName=pzDisplayPartialCount&RequestClass=Rule-HTML-Section&RequestAppliesTo=Data-Admin-Security-AuthenticationProfile&RequestRuleName=pzDisplayPartialCount Payload: "{\"RequestClass\":\"Rule-HTML-Section\",\"RequestAppliesTo\":\"Data-Admin-Security-AuthenticationProfile\",\"RequestRuleName\":\"pzDisplayPartialCount\"}" => HTTP 404 (18 bytes)
[PegaHttpClient] 📡 POST https://zdk8budo.pegaacademy.net/prweb/api/v1/rules/query?pxObjClass=Rule-HTML-Section&appliesTo=Data-Admin-Security-AuthenticationProfile&pyRuleName=pzDisplayPartialCount&RequestClass=Rule-HTML-Section&RequestAppliesTo=Data-Admin-Security-AuthenticationProfile&RequestRuleName=pzDisplayPartialCount Payload: "{\"RequestClass\":\"Rule-HTML-Section\",\"RequestAppliesTo\":\"Data-Admin-Security-AuthenticationProfile\",\"RequestRuleName\":\"pzDisplayPartialCount\"}" => HTTP 404 (18 bytes)
[PegaHttpClient] 📡 POST https://zdk8budo.pegaacademy.net/prweb/PRRestService/v1/rules/query?pxObjClass=Rule-HTML-Section&appliesTo=Data-Admin-Security-AuthenticationProfile&pyRuleName=pzDisplayPartialCount&RequestClass=Rule-HTML-Section&RequestAppliesTo=Data-Admin-Security-AuthenticationProfile&RequestRuleName=pzDisplayPartialCount Payload: "{\"RequestClass\":\"Rule-HTML-Section\",\"RequestAppliesTo\":\"Data-Admin-Security-AuthenticationProfile\",\"RequestRuleName\":\"pzDisplayPartialCount\"}" => HTTP 404 (18 bytes)
[SchemaGen] ✅ Schema written for Data-Admin-Security-AuthenticationProfile
[PegaHttpClient] 📡 GET https://zdk8budo.pegaacademy.net/prweb/api/CodeIntelligence/v1/rules/RULE-HTML-HARNESS%20DATA-ADMIN-OAUTH2-IDENTITYMAPPING%20RULEFORM%20%2320180713T135820.477%20GMT => HTTP 200 (22808 bytes)
[PegaHttpClient] 📡 POST https://zdk8budo.pegaacademy.net/prweb/api/CodeIntelligence/v1/rules/query?pxObjClass=Rule-HTML-Section&appliesTo=Data-Admin-OAuth2-IdentityMapping&pyRuleName=RuleFormMain&RequestClass=Rule-HTML-Section&RequestAppliesTo=Data-Admin-OAuth2-IdentityMapping&RequestRuleName=RuleFormMain Payload: "{\"RequestClass\":\"Rule-HTML-Section\",\"RequestAppliesTo\":\"Data-Admin-OAuth2-IdentityMapping\",\"RequestRuleName\":\"RuleFormMain\"}" => HTTP 200 (156234 bytes)
[PegaHttpClient] 📡 POST https://zdk8budo.pegaacademy.net/prweb/api/CodeIntelligence/v1/rules/query?pxObjClass=Rule-HTML-Section&appliesTo=Data-Admin-OAuth2-IdentityMapping&pyRuleName=pxAlternateRuleForm&RequestClass=Rule-HTML-Section&RequestAppliesTo=Data-Admin-OAuth2-IdentityMapping&RequestRuleName=pxAlternateRuleForm Payload: "{\"RequestClass\":\"Rule-HTML-Section\",\"RequestAppliesTo\":\"Data-Admin-OAuth2-IdentityMapping\",\"RequestRuleName\":\"pxAlternateRuleForm\"}" => HTTP 200 (66153 bytes)
[PegaHttpClient] 📡 POST https://zdk8budo.pegaacademy.net/prweb/api/CodeIntelligence/v1/rules/query?pxObjClass=Rule-HTML-Section&appliesTo=Data-Admin-OAuth2-IdentityMapping&pyRuleName=pzRuleFormScripts&RequestClass=Rule-HTML-Section&RequestAppliesTo=Data-Admin-OAuth2-IdentityMapping&RequestRuleName=pzRuleFormScripts Payload: "{\"RequestClass\":\"Rule-HTML-Section\",\"RequestAppliesTo\":\"Data-Admin-OAuth2-IdentityMapping\",\"RequestRuleName\":\"pzRuleFormScripts\"}" => HTTP 200 (40822 bytes)
[PegaHttpClient] 📡 POST https://zdk8budo.pegaacademy.net/prweb/api/CodeIntelligence/v1/rules/query?pxObjClass=Rule-HTML-Section&appliesTo=Data-Admin-OAuth2-IdentityMapping&pyRuleName=pzRuleFormLayoutDelegated&RequestClass=Rule-HTML-Section&RequestAppliesTo=Data-Admin-OAuth2-IdentityMapping&RequestRuleName=pzRuleFormLayoutDelegated Payload: "{\"RequestClass\":\"Rule-HTML-Section\",\"RequestAppliesTo\":\"Data-Admin-OAuth2-IdentityMapping\",\"RequestRuleName\":\"pzRuleFormLayoutDelegated\"}" => HTTP 200 (70998 bytes)
[PegaHttpClient] 📡 POST https://zdk8budo.pegaacademy.net/prweb/api/CodeIntelligence/v1/rules/query?pxObjClass=Rule-HTML-Section&appliesTo=Data-Admin-OAuth2-IdentityMapping&pyRuleName=RuleFormLayout&RequestClass=Rule-HTML-Section&RequestAppliesTo=Data-Admin-OAuth2-IdentityMapping&RequestRuleName=RuleFormLayout Payload: "{\"RequestClass\":\"Rule-HTML-Section\",\"RequestAppliesTo\":\"Data-Admin-OAuth2-IdentityMapping\",\"RequestRuleName\":\"RuleFormLayout\"}" => HTTP 200 (159276 bytes)
[PegaHttpClient] 📡 POST https://zdk8budo.pegaacademy.net/prweb/api/CodeIntelligence/v1/rules/query?pxObjClass=Rule-HTML-Section&appliesTo=Data-Admin-OAuth2-IdentityMapping&pyRuleName=RuleFormSettings&RequestClass=Rule-HTML-Section&RequestAppliesTo=Data-Admin-OAuth2-IdentityMapping&RequestRuleName=RuleFormSettings Payload: "{\"RequestClass\":\"Rule-HTML-Section\",\"RequestAppliesTo\":\"Data-Admin-OAuth2-IdentityMapping\",\"RequestRuleName\":\"RuleFormSettings\"}" => HTTP 200 (21582 bytes)
[PegaHttpClient] 📡 POST https://zdk8budo.pegaacademy.net/prweb/api/CodeIntelligence/v1/rules/query?pxObjClass=Rule-HTML-Section&appliesTo=Data-Admin-OAuth2-IdentityMapping&pyRuleName=OpenAuthoring&RequestClass=Rule-HTML-Section&RequestAppliesTo=Data-Admin-OAuth2-IdentityMapping&RequestRuleName=OpenAuthoring Payload: "{\"RequestClass\":\"Rule-HTML-Section\",\"RequestAppliesTo\":\"Data-Admin-OAuth2-IdentityMapping\",\"RequestRuleName\":\"OpenAuthoring\"}" => HTTP 200 (20315 bytes)
[PegaHttpClient] 📡 POST https://zdk8budo.pegaacademy.net/prweb/api/CodeIntelligence/v1/rules/query?pxObjClass=Rule-HTML-Section&appliesTo=Data-Admin-OAuth2-IdentityMapping&pyRuleName=pyCustomHelp&RequestClass=Rule-HTML-Section&RequestAppliesTo=Data-Admin-OAuth2-IdentityMapping&RequestRuleName=pyCustomHelp Payload: "{\"RequestClass\":\"Rule-HTML-Section\",\"RequestAppliesTo\":\"Data-Admin-OAuth2-IdentityMapping\",\"RequestRuleName\":\"pyCustomHelp\"}" => HTTP 200 (17256 bytes)
[PegaHttpClient] 📡 POST https://zdk8budo.pegaacademy.net/prweb/api/CodeIntelligence/v1/rules/query?pxObjClass=Rule-HTML-Section&appliesTo=Data-Admin-OAuth2-IdentityMapping&pyRuleName=pzRuleformMainInclude&RequestClass=Rule-HTML-Section&RequestAppliesTo=Data-Admin-OAuth2-IdentityMapping&RequestRuleName=pzRuleformMainInclude Payload: "{\"RequestClass\":\"Rule-HTML-Section\",\"RequestAppliesTo\":\"Data-Admin-OAuth2-IdentityMapping\",\"RequestRuleName\":\"pzRuleformMainInclude\"}" => HTTP 200 (22375 bytes)
[PegaHttpClient] 📡 POST https://zdk8budo.pegaacademy.net/prweb/api/CodeIntelligence/v1/rules/query?pxObjClass=Rule-HTML-Section&appliesTo=Data-Admin-OAuth2-IdentityMapping&pyRuleName=pyAlternativeRuleFormStrategicAppExtension&RequestClass=Rule-HTML-Section&RequestAppliesTo=Data-Admin-OAuth2-IdentityMapping&RequestRuleName=pyAlternativeRuleFormStrategicAppExtension Payload: "{\"RequestClass\":\"Rule-HTML-Section\",\"RequestAppliesTo\":\"Data-Admin-OAuth2-IdentityMapping\",\"RequestRuleName\":\"pyAlternativeRuleFormStrategicAppExtension\"}" => HTTP 200 (25042 bytes)
[PegaHttpClient] 📡 POST https://zdk8budo.pegaacademy.net/prweb/api/CodeIntelligence/v1/rules/query?pxObjClass=Rule-HTML-Section&appliesTo=Data-Admin-OAuth2-IdentityMapping&pyRuleName=pyAlternativeRuleFormExtension&RequestClass=Rule-HTML-Section&RequestAppliesTo=Data-Admin-OAuth2-IdentityMapping&RequestRuleName=pyAlternativeRuleFormExtension Payload: "{\"RequestClass\":\"Rule-HTML-Section\",\"RequestAppliesTo\":\"Data-Admin-OAuth2-IdentityMapping\",\"RequestRuleName\":\"pyAlternativeRuleFormExtension\"}" => HTTP 200 (24863 bytes)
[PegaHttpClient] 📡 POST https://zdk8budo.pegaacademy.net/prweb/api/CodeIntelligence/v1/rules/query?pxObjClass=Rule-HTML-Section&appliesTo=Data-Admin-OAuth2-IdentityMapping&pyRuleName=RuleFormHeader&RequestClass=Rule-HTML-Section&RequestAppliesTo=Data-Admin-OAuth2-IdentityMapping&RequestRuleName=RuleFormHeader Payload: "{\"RequestClass\":\"Rule-HTML-Section\",\"RequestAppliesTo\":\"Data-Admin-OAuth2-IdentityMapping\",\"RequestRuleName\":\"RuleFormHeader\"}" => HTTP 200 (183800 bytes)
[PegaHttpClient] 📡 POST https://zdk8budo.pegaacademy.net/prweb/api/CodeIntelligence/v1/rules/query?pxObjClass=Rule-HTML-Section&appliesTo=Data-Admin-OAuth2-IdentityMapping&pyRuleName=pzDelegationExperience&RequestClass=Rule-HTML-Section&RequestAppliesTo=Data-Admin-OAuth2-IdentityMapping&RequestRuleName=pzDelegationExperience Payload: "{\"RequestClass\":\"Rule-HTML-Section\",\"RequestAppliesTo\":\"Data-Admin-OAuth2-IdentityMapping\",\"RequestRuleName\":\"pzDelegationExperience\"}" => HTTP 404 (133 bytes)
[PegaHttpClient] 📡 POST https://zdk8budo.pegaacademy.net/prweb/PRRestService/CodeIntelligence/v1/rules/query?pxObjClass=Rule-HTML-Section&appliesTo=Data-Admin-OAuth2-IdentityMapping&pyRuleName=pzDelegationExperience&RequestClass=Rule-HTML-Section&RequestAppliesTo=Data-Admin-OAuth2-IdentityMapping&RequestRuleName=pzDelegationExperience Payload: "{\"RequestClass\":\"Rule-HTML-Section\",\"RequestAppliesTo\":\"Data-Admin-OAuth2-IdentityMapping\",\"RequestRuleName\":\"pzDelegationExperience\"}" => HTTP 404 (133 bytes)
[PegaHttpClient] 📡 POST https://zdk8budo.pegaacademy.net/prweb/api/HRAppsV2Service/V1/rules/query?pxObjClass=Rule-HTML-Section&appliesTo=Data-Admin-OAuth2-IdentityMapping&pyRuleName=pzDelegationExperience&RequestClass=Rule-HTML-Section&RequestAppliesTo=Data-Admin-OAuth2-IdentityMapping&RequestRuleName=pzDelegationExperience Payload: "{\"RequestClass\":\"Rule-HTML-Section\",\"RequestAppliesTo\":\"Data-Admin-OAuth2-IdentityMapping\",\"RequestRuleName\":\"pzDelegationExperience\"}" => HTTP 404 (18 bytes)
[PegaHttpClient] 📡 POST https://zdk8budo.pegaacademy.net/prweb/PRRestService/HRAppsV2Service/V1/rules/query?pxObjClass=Rule-HTML-Section&appliesTo=Data-Admin-OAuth2-IdentityMapping&pyRuleName=pzDelegationExperience&RequestClass=Rule-HTML-Section&RequestAppliesTo=Data-Admin-OAuth2-IdentityMapping&RequestRuleName=pzDelegationExperience Payload: "{\"RequestClass\":\"Rule-HTML-Section\",\"RequestAppliesTo\":\"Data-Admin-OAuth2-IdentityMapping\",\"RequestRuleName\":\"pzDelegationExperience\"}" => HTTP 404 (18 bytes)
[PegaHttpClient] 📡 POST https://zdk8budo.pegaacademy.net/prweb/api/HRAppsV2/V1/rules/query?pxObjClass=Rule-HTML-Section&appliesTo=Data-Admin-OAuth2-IdentityMapping&pyRuleName=pzDelegationExperience&RequestClass=Rule-HTML-Section&RequestAppliesTo=Data-Admin-OAuth2-IdentityMapping&RequestRuleName=pzDelegationExperience Payload: "{\"RequestClass\":\"Rule-HTML-Section\",\"RequestAppliesTo\":\"Data-Admin-OAuth2-IdentityMapping\",\"RequestRuleName\":\"pzDelegationExperience\"}" => HTTP 404 (18 bytes)
[PegaHttpClient] 📡 POST https://zdk8budo.pegaacademy.net/prweb/PRRestService/HRAppsV2/V1/rules/query?pxObjClass=Rule-HTML-Section&appliesTo=Data-Admin-OAuth2-IdentityMapping&pyRuleName=pzDelegationExperience&RequestClass=Rule-HTML-Section&RequestAppliesTo=Data-Admin-OAuth2-IdentityMapping&RequestRuleName=pzDelegationExperience Payload: "{\"RequestClass\":\"Rule-HTML-Section\",\"RequestAppliesTo\":\"Data-Admin-OAuth2-IdentityMapping\",\"RequestRuleName\":\"pzDelegationExperience\"}" => HTTP 404 (18 bytes)
[PegaHttpClient] 📡 POST https://zdk8budo.pegaacademy.net/prweb/api/v1/rules/query?pxObjClass=Rule-HTML-Section&appliesTo=Data-Admin-OAuth2-IdentityMapping&pyRuleName=pzDelegationExperience&RequestClass=Rule-HTML-Section&RequestAppliesTo=Data-Admin-OAuth2-IdentityMapping&RequestRuleName=pzDelegationExperience Payload: "{\"RequestClass\":\"Rule-HTML-Section\",\"RequestAppliesTo\":\"Data-Admin-OAuth2-IdentityMapping\",\"RequestRuleName\":\"pzDelegationExperience\"}" => HTTP 404 (18 bytes)
[PegaHttpClient] 📡 POST https://zdk8budo.pegaacademy.net/prweb/PRRestService/v1/rules/query?pxObjClass=Rule-HTML-Section&appliesTo=Data-Admin-OAuth2-IdentityMapping&pyRuleName=pzDelegationExperience&RequestClass=Rule-HTML-Section&RequestAppliesTo=Data-Admin-OAuth2-IdentityMapping&RequestRuleName=pzDelegationExperience Payload: "{\"RequestClass\":\"Rule-HTML-Section\",\"RequestAppliesTo\":\"Data-Admin-OAuth2-IdentityMapping\",\"RequestRuleName\":\"pzDelegationExperience\"}" => HTTP 404 (18 bytes)
[PegaHttpClient] 📡 POST https://zdk8budo.pegaacademy.net/prweb/api/CodeIntelligence/v1/rules/query?pxObjClass=Rule-HTML-Section&appliesTo=Data-Admin-OAuth2-IdentityMapping&pyRuleName=pzSAMLIdentityMapping&RequestClass=Rule-HTML-Section&RequestAppliesTo=Data-Admin-OAuth2-IdentityMapping&RequestRuleName=pzSAMLIdentityMapping Payload: "{\"RequestClass\":\"Rule-HTML-Section\",\"RequestAppliesTo\":\"Data-Admin-OAuth2-IdentityMapping\",\"RequestRuleName\":\"pzSAMLIdentityMapping\"}" => HTTP 200 (145818 bytes)
[PegaHttpClient] 📡 POST https://zdk8budo.pegaacademy.net/prweb/api/CodeIntelligence/v1/rules/query?pxObjClass=Rule-HTML-Section&appliesTo=Data-Admin-OAuth2-IdentityMapping&pyRuleName=pzJWTIdentityMapping&RequestClass=Rule-HTML-Section&RequestAppliesTo=Data-Admin-OAuth2-IdentityMapping&RequestRuleName=pzJWTIdentityMapping Payload: "{\"RequestClass\":\"Rule-HTML-Section\",\"RequestAppliesTo\":\"Data-Admin-OAuth2-IdentityMapping\",\"RequestRuleName\":\"pzJWTIdentityMapping\"}" => HTTP 200 (96859 bytes)
[PegaHttpClient] 📡 POST https://zdk8budo.pegaacademy.net/prweb/api/CodeIntelligence/v1/rules/query?pxObjClass=Rule-HTML-Section&appliesTo=Data-Admin-OAuth2-IdentityMapping&pyRuleName=pzOperatorMapping&RequestClass=Rule-HTML-Section&RequestAppliesTo=Data-Admin-OAuth2-IdentityMapping&RequestRuleName=pzOperatorMapping Payload: "{\"RequestClass\":\"Rule-HTML-Section\",\"RequestAppliesTo\":\"Data-Admin-OAuth2-IdentityMapping\",\"RequestRuleName\":\"pzOperatorMapping\"}" => HTTP 200 (26080 bytes)
[PegaHttpClient] 📡 POST https://zdk8budo.pegaacademy.net/prweb/api/CodeIntelligence/v1/rules/query?pxObjClass=Rule-HTML-Section&appliesTo=Data-Admin-OAuth2-IdentityMapping&pyRuleName=pyPagesAndClasses&RequestClass=Rule-HTML-Section&RequestAppliesTo=Data-Admin-OAuth2-IdentityMapping&RequestRuleName=pyPagesAndClasses Payload: "{\"RequestClass\":\"Rule-HTML-Section\",\"RequestAppliesTo\":\"Data-Admin-OAuth2-IdentityMapping\",\"RequestRuleName\":\"pyPagesAndClasses\"}" => HTTP 200 (77925 bytes)
[PegaHttpClient] 📡 POST https://zdk8budo.pegaacademy.net/prweb/api/CodeIntelligence/v1/rules/query?pxObjClass=Rule-HTML-Section&appliesTo=Data-Admin-OAuth2-IdentityMapping&pyRuleName=RuleFormHistory_Description&RequestClass=Rule-HTML-Section&RequestAppliesTo=Data-Admin-OAuth2-IdentityMapping&RequestRuleName=RuleFormHistory_Description Payload: "{\"RequestClass\":\"Rule-HTML-Section\",\"RequestAppliesTo\":\"Data-Admin-OAuth2-IdentityMapping\",\"RequestRuleName\":\"RuleFormHistory_Description\"}" => HTTP 200 (46242 bytes)
[PegaHttpClient] 📡 POST https://zdk8budo.pegaacademy.net/prweb/api/CodeIntelligence/v1/rules/query?pxObjClass=Rule-HTML-Section&appliesTo=Data-Admin-OAuth2-IdentityMapping&pyRuleName=RuleFormHistory_HistoryDetails&RequestClass=Rule-HTML-Section&RequestAppliesTo=Data-Admin-OAuth2-IdentityMapping&RequestRuleName=RuleFormHistory_HistoryDetails Payload: "{\"RequestClass\":\"Rule-HTML-Section\",\"RequestAppliesTo\":\"Data-Admin-OAuth2-IdentityMapping\",\"RequestRuleName\":\"RuleFormHistory_HistoryDetails\"}" => HTTP 200 (179535 bytes)
[PegaHttpClient] 📡 POST https://zdk8budo.pegaacademy.net/prweb/api/CodeIntelligence/v1/rules/query?pxObjClass=Rule-HTML-Section&appliesTo=Data-Admin-OAuth2-IdentityMapping&pyRuleName=pzCustomHelp&RequestClass=Rule-HTML-Section&RequestAppliesTo=Data-Admin-OAuth2-IdentityMapping&RequestRuleName=pzCustomHelp Payload: "{\"RequestClass\":\"Rule-HTML-Section\",\"RequestAppliesTo\":\"Data-Admin-OAuth2-IdentityMapping\",\"RequestRuleName\":\"pzCustomHelp\"}" => HTTP 200 (31573 bytes)
[PegaHttpClient] 📡 POST https://zdk8budo.pegaacademy.net/prweb/api/CodeIntelligence/v1/rules/query?pxObjClass=Rule-HTML-Section&appliesTo=Data-Admin-OAuth2-IdentityMapping&pyRuleName=pzRuleFormKeysAndDescription&RequestClass=Rule-HTML-Section&RequestAppliesTo=Data-Admin-OAuth2-IdentityMapping&RequestRuleName=pzRuleFormKeysAndDescription Payload: "{\"RequestClass\":\"Rule-HTML-Section\",\"RequestAppliesTo\":\"Data-Admin-OAuth2-IdentityMapping\",\"RequestRuleName\":\"pzRuleFormKeysAndDescription\"}" => HTTP 200 (218057 bytes)
[PegaHttpClient] 📡 POST https://zdk8budo.pegaacademy.net/prweb/api/CodeIntelligence/v1/rules/query?pxObjClass=Rule-HTML-Section&appliesTo=Data-Admin-OAuth2-IdentityMapping&pyRuleName=pzRuleFormRuleset&RequestClass=Rule-HTML-Section&RequestAppliesTo=Data-Admin-OAuth2-IdentityMapping&RequestRuleName=pzRuleFormRuleset Payload: "{\"RequestClass\":\"Rule-HTML-Section\",\"RequestAppliesTo\":\"Data-Admin-OAuth2-IdentityMapping\",\"RequestRuleName\":\"pzRuleFormRuleset\"}" => HTTP 200 (29020 bytes)
[PegaHttpClient] 📡 POST https://zdk8budo.pegaacademy.net/prweb/api/CodeIntelligence/v1/rules/query?pxObjClass=Rule-HTML-Section&appliesTo=Data-Admin-OAuth2-IdentityMapping&pyRuleName=undefined&RequestClass=Rule-HTML-Section&RequestAppliesTo=Data-Admin-OAuth2-IdentityMapping&RequestRuleName=undefined Payload: "{\"RequestClass\":\"Rule-HTML-Section\",\"RequestAppliesTo\":\"Data-Admin-OAuth2-IdentityMapping\",\"RequestRuleName\":\"undefined\"}" => HTTP 404 (120 bytes)
[PegaHttpClient] 📡 POST https://zdk8budo.pegaacademy.net/prweb/PRRestService/CodeIntelligence/v1/rules/query?pxObjClass=Rule-HTML-Section&appliesTo=Data-Admin-OAuth2-IdentityMapping&pyRuleName=undefined&RequestClass=Rule-HTML-Section&RequestAppliesTo=Data-Admin-OAuth2-IdentityMapping&RequestRuleName=undefined Payload: "{\"RequestClass\":\"Rule-HTML-Section\",\"RequestAppliesTo\":\"Data-Admin-OAuth2-IdentityMapping\",\"RequestRuleName\":\"undefined\"}" => HTTP 404 (120 bytes)
[PegaHttpClient] 📡 POST https://zdk8budo.pegaacademy.net/prweb/api/HRAppsV2Service/V1/rules/query?pxObjClass=Rule-HTML-Section&appliesTo=Data-Admin-OAuth2-IdentityMapping&pyRuleName=undefined&RequestClass=Rule-HTML-Section&RequestAppliesTo=Data-Admin-OAuth2-IdentityMapping&RequestRuleName=undefined Payload: "{\"RequestClass\":\"Rule-HTML-Section\",\"RequestAppliesTo\":\"Data-Admin-OAuth2-IdentityMapping\",\"RequestRuleName\":\"undefined\"}" => HTTP 404 (18 bytes)
[PegaHttpClient] 📡 POST https://zdk8budo.pegaacademy.net/prweb/PRRestService/HRAppsV2Service/V1/rules/query?pxObjClass=Rule-HTML-Section&appliesTo=Data-Admin-OAuth2-IdentityMapping&pyRuleName=undefined&RequestClass=Rule-HTML-Section&RequestAppliesTo=Data-Admin-OAuth2-IdentityMapping&RequestRuleName=undefined Payload: "{\"RequestClass\":\"Rule-HTML-Section\",\"RequestAppliesTo\":\"Data-Admin-OAuth2-IdentityMapping\",\"RequestRuleName\":\"undefined\"}" => HTTP 404 (18 bytes)
[PegaHttpClient] 📡 POST https://zdk8budo.pegaacademy.net/prweb/api/HRAppsV2/V1/rules/query?pxObjClass=Rule-HTML-Section&appliesTo=Data-Admin-OAuth2-IdentityMapping&pyRuleName=undefined&RequestClass=Rule-HTML-Section&RequestAppliesTo=Data-Admin-OAuth2-IdentityMapping&RequestRuleName=undefined Payload: "{\"RequestClass\":\"Rule-HTML-Section\",\"RequestAppliesTo\":\"Data-Admin-OAuth2-IdentityMapping\",\"RequestRuleName\":\"undefined\"}" => HTTP 404 (18 bytes)
[PegaHttpClient] 📡 POST https://zdk8budo.pegaacademy.net/prweb/PRRestService/HRAppsV2/V1/rules/query?pxObjClass=Rule-HTML-Section&appliesTo=Data-Admin-OAuth2-IdentityMapping&pyRuleName=undefined&RequestClass=Rule-HTML-Section&RequestAppliesTo=Data-Admin-OAuth2-IdentityMapping&RequestRuleName=undefined Payload: "{\"RequestClass\":\"Rule-HTML-Section\",\"RequestAppliesTo\":\"Data-Admin-OAuth2-IdentityMapping\",\"RequestRuleName\":\"undefined\"}" => HTTP 404 (18 bytes)
[PegaHttpClient] 📡 POST https://zdk8budo.pegaacademy.net/prweb/api/v1/rules/query?pxObjClass=Rule-HTML-Section&appliesTo=Data-Admin-OAuth2-IdentityMapping&pyRuleName=undefined&RequestClass=Rule-HTML-Section&RequestAppliesTo=Data-Admin-OAuth2-IdentityMapping&RequestRuleName=undefined Payload: "{\"RequestClass\":\"Rule-HTML-Section\",\"RequestAppliesTo\":\"Data-Admin-OAuth2-IdentityMapping\",\"RequestRuleName\":\"undefined\"}" => HTTP 404 (18 bytes)
[PegaHttpClient] 📡 POST https://zdk8budo.pegaacademy.net/prweb/PRRestService/v1/rules/query?pxObjClass=Rule-HTML-Section&appliesTo=Data-Admin-OAuth2-IdentityMapping&pyRuleName=undefined&RequestClass=Rule-HTML-Section&RequestAppliesTo=Data-Admin-OAuth2-IdentityMapping&RequestRuleName=undefined Payload: "{\"RequestClass\":\"Rule-HTML-Section\",\"RequestAppliesTo\":\"Data-Admin-OAuth2-IdentityMapping\",\"RequestRuleName\":\"undefined\"}" => HTTP 404 (18 bytes)
[PegaHttpClient] 📡 POST https://zdk8budo.pegaacademy.net/prweb/api/CodeIntelligence/v1/rules/query?pxObjClass=Rule-HTML-Section&appliesTo=Data-Admin-OAuth2-IdentityMapping&pyRuleName=pzRuleFormToolbar&RequestClass=Rule-HTML-Section&RequestAppliesTo=Data-Admin-OAuth2-IdentityMapping&RequestRuleName=pzRuleFormToolbar Payload: "{\"RequestClass\":\"Rule-HTML-Section\",\"RequestAppliesTo\":\"Data-Admin-OAuth2-IdentityMapping\",\"RequestRuleName\":\"pzRuleFormToolbar\"}" => HTTP 200 (242691 bytes)
[PegaHttpClient] 📡 POST https://zdk8budo.pegaacademy.net/prweb/api/CodeIntelligence/v1/rules/query?pxObjClass=Rule-HTML-Section&appliesTo=Data-Admin-OAuth2-IdentityMapping&pyRuleName=pzRuleFormToolbarCompare&RequestClass=Rule-HTML-Section&RequestAppliesTo=Data-Admin-OAuth2-IdentityMapping&RequestRuleName=pzRuleFormToolbarCompare Payload: "{\"RequestClass\":\"Rule-HTML-Section\",\"RequestAppliesTo\":\"Data-Admin-OAuth2-IdentityMapping\",\"RequestRuleName\":\"pzRuleFormToolbarCompare\"}" => HTTP 200 (61925 bytes)
[PegaHttpClient] 📡 POST https://zdk8budo.pegaacademy.net/prweb/api/CodeIntelligence/v1/rules/query?pxObjClass=Rule-HTML-Section&appliesTo=Data-Admin-OAuth2-IdentityMapping&pyRuleName=RuleFormHeaderMessages&RequestClass=Rule-HTML-Section&RequestAppliesTo=Data-Admin-OAuth2-IdentityMapping&RequestRuleName=RuleFormHeaderMessages Payload: "{\"RequestClass\":\"Rule-HTML-Section\",\"RequestAppliesTo\":\"Data-Admin-OAuth2-IdentityMapping\",\"RequestRuleName\":\"RuleFormHeaderMessages\"}" => HTTP 200 (26518 bytes)
[PegaHttpClient] 📡 POST https://zdk8budo.pegaacademy.net/prweb/api/CodeIntelligence/v1/rules/query?pxObjClass=Rule-HTML-Section&appliesTo=Data-Admin-OAuth2-IdentityMapping&pyRuleName=pzOperatorIdentification&RequestClass=Rule-HTML-Section&RequestAppliesTo=Data-Admin-OAuth2-IdentityMapping&RequestRuleName=pzOperatorIdentification Payload: "{\"RequestClass\":\"Rule-HTML-Section\",\"RequestAppliesTo\":\"Data-Admin-OAuth2-IdentityMapping\",\"RequestRuleName\":\"pzOperatorIdentification\"}" => HTTP 404 (135 bytes)
[PegaHttpClient] 📡 POST https://zdk8budo.pegaacademy.net/prweb/PRRestService/CodeIntelligence/v1/rules/query?pxObjClass=Rule-HTML-Section&appliesTo=Data-Admin-OAuth2-IdentityMapping&pyRuleName=pzOperatorIdentification&RequestClass=Rule-HTML-Section&RequestAppliesTo=Data-Admin-OAuth2-IdentityMapping&RequestRuleName=pzOperatorIdentification Payload: "{\"RequestClass\":\"Rule-HTML-Section\",\"RequestAppliesTo\":\"Data-Admin-OAuth2-IdentityMapping\",\"RequestRuleName\":\"pzOperatorIdentification\"}" => HTTP 404 (135 bytes)
[PegaHttpClient] 📡 POST https://zdk8budo.pegaacademy.net/prweb/api/HRAppsV2Service/V1/rules/query?pxObjClass=Rule-HTML-Section&appliesTo=Data-Admin-OAuth2-IdentityMapping&pyRuleName=pzOperatorIdentification&RequestClass=Rule-HTML-Section&RequestAppliesTo=Data-Admin-OAuth2-IdentityMapping&RequestRuleName=pzOperatorIdentification Payload: "{\"RequestClass\":\"Rule-HTML-Section\",\"RequestAppliesTo\":\"Data-Admin-OAuth2-IdentityMapping\",\"RequestRuleName\":\"pzOperatorIdentification\"}" => HTTP 404 (18 bytes)
[PegaHttpClient] 📡 POST https://zdk8budo.pegaacademy.net/prweb/PRRestService/HRAppsV2Service/V1/rules/query?pxObjClass=Rule-HTML-Section&appliesTo=Data-Admin-OAuth2-IdentityMapping&pyRuleName=pzOperatorIdentification&RequestClass=Rule-HTML-Section&RequestAppliesTo=Data-Admin-OAuth2-IdentityMapping&RequestRuleName=pzOperatorIdentification Payload: "{\"RequestClass\":\"Rule-HTML-Section\",\"RequestAppliesTo\":\"Data-Admin-OAuth2-IdentityMapping\",\"RequestRuleName\":\"pzOperatorIdentification\"}" => HTTP 404 (18 bytes)
[PegaHttpClient] 📡 POST https://zdk8budo.pegaacademy.net/prweb/api/HRAppsV2/V1/rules/query?pxObjClass=Rule-HTML-Section&appliesTo=Data-Admin-OAuth2-IdentityMapping&pyRuleName=pzOperatorIdentification&RequestClass=Rule-HTML-Section&RequestAppliesTo=Data-Admin-OAuth2-IdentityMapping&RequestRuleName=pzOperatorIdentification Payload: "{\"RequestClass\":\"Rule-HTML-Section\",\"RequestAppliesTo\":\"Data-Admin-OAuth2-IdentityMapping\",\"RequestRuleName\":\"pzOperatorIdentification\"}" => HTTP 404 (18 bytes)
[PegaHttpClient] 📡 POST https://zdk8budo.pegaacademy.net/prweb/PRRestService/HRAppsV2/V1/rules/query?pxObjClass=Rule-HTML-Section&appliesTo=Data-Admin-OAuth2-IdentityMapping&pyRuleName=pzOperatorIdentification&RequestClass=Rule-HTML-Section&RequestAppliesTo=Data-Admin-OAuth2-IdentityMapping&RequestRuleName=pzOperatorIdentification Payload: "{\"RequestClass\":\"Rule-HTML-Section\",\"RequestAppliesTo\":\"Data-Admin-OAuth2-IdentityMapping\",\"RequestRuleName\":\"pzOperatorIdentification\"}" => HTTP 404 (18 bytes)
[PegaHttpClient] 📡 POST https://zdk8budo.pegaacademy.net/prweb/api/v1/rules/query?pxObjClass=Rule-HTML-Section&appliesTo=Data-Admin-OAuth2-IdentityMapping&pyRuleName=pzOperatorIdentification&RequestClass=Rule-HTML-Section&RequestAppliesTo=Data-Admin-OAuth2-IdentityMapping&RequestRuleName=pzOperatorIdentification Payload: "{\"RequestClass\":\"Rule-HTML-Section\",\"RequestAppliesTo\":\"Data-Admin-OAuth2-IdentityMapping\",\"RequestRuleName\":\"pzOperatorIdentification\"}" => HTTP 404 (18 bytes)
[PegaHttpClient] 📡 POST https://zdk8budo.pegaacademy.net/prweb/PRRestService/v1/rules/query?pxObjClass=Rule-HTML-Section&appliesTo=Data-Admin-OAuth2-IdentityMapping&pyRuleName=pzOperatorIdentification&RequestClass=Rule-HTML-Section&RequestAppliesTo=Data-Admin-OAuth2-IdentityMapping&RequestRuleName=pzOperatorIdentification Payload: "{\"RequestClass\":\"Rule-HTML-Section\",\"RequestAppliesTo\":\"Data-Admin-OAuth2-IdentityMapping\",\"RequestRuleName\":\"pzOperatorIdentification\"}" => HTTP 404 (18 bytes)
[PegaHttpClient] 📡 POST https://zdk8budo.pegaacademy.net/prweb/api/CodeIntelligence/v1/rules/query?pxObjClass=Rule-HTML-Section&appliesTo=Data-Admin-OAuth2-IdentityMapping&pyRuleName=pyMapSourceExpression&RequestClass=Rule-HTML-Section&RequestAppliesTo=Data-Admin-OAuth2-IdentityMapping&RequestRuleName=pyMapSourceExpression Payload: "{\"RequestClass\":\"Rule-HTML-Section\",\"RequestAppliesTo\":\"Data-Admin-OAuth2-IdentityMapping\",\"RequestRuleName\":\"pyMapSourceExpression\"}" => HTTP 404 (132 bytes)
[PegaHttpClient] 📡 POST https://zdk8budo.pegaacademy.net/prweb/PRRestService/CodeIntelligence/v1/rules/query?pxObjClass=Rule-HTML-Section&appliesTo=Data-Admin-OAuth2-IdentityMapping&pyRuleName=pyMapSourceExpression&RequestClass=Rule-HTML-Section&RequestAppliesTo=Data-Admin-OAuth2-IdentityMapping&RequestRuleName=pyMapSourceExpression Payload: "{\"RequestClass\":\"Rule-HTML-Section\",\"RequestAppliesTo\":\"Data-Admin-OAuth2-IdentityMapping\",\"RequestRuleName\":\"pyMapSourceExpression\"}" => HTTP 404 (132 bytes)
[PegaHttpClient] 📡 POST https://zdk8budo.pegaacademy.net/prweb/api/HRAppsV2Service/V1/rules/query?pxObjClass=Rule-HTML-Section&appliesTo=Data-Admin-OAuth2-IdentityMapping&pyRuleName=pyMapSourceExpression&RequestClass=Rule-HTML-Section&RequestAppliesTo=Data-Admin-OAuth2-IdentityMapping&RequestRuleName=pyMapSourceExpression Payload: "{\"RequestClass\":\"Rule-HTML-Section\",\"RequestAppliesTo\":\"Data-Admin-OAuth2-IdentityMapping\",\"RequestRuleName\":\"pyMapSourceExpression\"}" => HTTP 404 (18 bytes)
[PegaHttpClient] 📡 POST https://zdk8budo.pegaacademy.net/prweb/PRRestService/HRAppsV2Service/V1/rules/query?pxObjClass=Rule-HTML-Section&appliesTo=Data-Admin-OAuth2-IdentityMapping&pyRuleName=pyMapSourceExpression&RequestClass=Rule-HTML-Section&RequestAppliesTo=Data-Admin-OAuth2-IdentityMapping&RequestRuleName=pyMapSourceExpression Payload: "{\"RequestClass\":\"Rule-HTML-Section\",\"RequestAppliesTo\":\"Data-Admin-OAuth2-IdentityMapping\",\"RequestRuleName\":\"pyMapSourceExpression\"}" => HTTP 404 (18 bytes)
[PegaHttpClient] 📡 POST https://zdk8budo.pegaacademy.net/prweb/api/HRAppsV2/V1/rules/query?pxObjClass=Rule-HTML-Section&appliesTo=Data-Admin-OAuth2-IdentityMapping&pyRuleName=pyMapSourceExpression&RequestClass=Rule-HTML-Section&RequestAppliesTo=Data-Admin-OAuth2-IdentityMapping&RequestRuleName=pyMapSourceExpression Payload: "{\"RequestClass\":\"Rule-HTML-Section\",\"RequestAppliesTo\":\"Data-Admin-OAuth2-IdentityMapping\",\"RequestRuleName\":\"pyMapSourceExpression\"}" => HTTP 404 (18 bytes)
[PegaHttpClient] 📡 POST https://zdk8budo.pegaacademy.net/prweb/PRRestService/HRAppsV2/V1/rules/query?pxObjClass=Rule-HTML-Section&appliesTo=Data-Admin-OAuth2-IdentityMapping&pyRuleName=pyMapSourceExpression&RequestClass=Rule-HTML-Section&RequestAppliesTo=Data-Admin-OAuth2-IdentityMapping&RequestRuleName=pyMapSourceExpression Payload: "{\"RequestClass\":\"Rule-HTML-Section\",\"RequestAppliesTo\":\"Data-Admin-OAuth2-IdentityMapping\",\"RequestRuleName\":\"pyMapSourceExpression\"}" => HTTP 404 (18 bytes)
[PegaHttpClient] 📡 POST https://zdk8budo.pegaacademy.net/prweb/api/v1/rules/query?pxObjClass=Rule-HTML-Section&appliesTo=Data-Admin-OAuth2-IdentityMapping&pyRuleName=pyMapSourceExpression&RequestClass=Rule-HTML-Section&RequestAppliesTo=Data-Admin-OAuth2-IdentityMapping&RequestRuleName=pyMapSourceExpression Payload: "{\"RequestClass\":\"Rule-HTML-Section\",\"RequestAppliesTo\":\"Data-Admin-OAuth2-IdentityMapping\",\"RequestRuleName\":\"pyMapSourceExpression\"}" => HTTP 404 (18 bytes)
[PegaHttpClient] 📡 POST https://zdk8budo.pegaacademy.net/prweb/PRRestService/v1/rules/query?pxObjClass=Rule-HTML-Section&appliesTo=Data-Admin-OAuth2-IdentityMapping&pyRuleName=pyMapSourceExpression&RequestClass=Rule-HTML-Section&RequestAppliesTo=Data-Admin-OAuth2-IdentityMapping&RequestRuleName=pyMapSourceExpression Payload: "{\"RequestClass\":\"Rule-HTML-Section\",\"RequestAppliesTo\":\"Data-Admin-OAuth2-IdentityMapping\",\"RequestRuleName\":\"pyMapSourceExpression\"}" => HTTP 404 (18 bytes)
[PegaHttpClient] 📡 POST https://zdk8budo.pegaacademy.net/prweb/api/CodeIntelligence/v1/rules/query?pxObjClass=Rule-HTML-Section&appliesTo=Data-Admin-OAuth2-IdentityMapping&pyRuleName=pxExpressionBuilder&RequestClass=Rule-HTML-Section&RequestAppliesTo=Data-Admin-OAuth2-IdentityMapping&RequestRuleName=pxExpressionBuilder Payload: "{\"RequestClass\":\"Rule-HTML-Section\",\"RequestAppliesTo\":\"Data-Admin-OAuth2-IdentityMapping\",\"RequestRuleName\":\"pxExpressionBuilder\"}" => HTTP 200 (26796 bytes)
[PegaHttpClient] 📡 POST https://zdk8budo.pegaacademy.net/prweb/api/CodeIntelligence/v1/rules/query?pxObjClass=Rule-HTML-Section&appliesTo=Data-Admin-OAuth2-IdentityMapping&pyRuleName=pzPagesAndClassesScriptNoMode&RequestClass=Rule-HTML-Section&RequestAppliesTo=Data-Admin-OAuth2-IdentityMapping&RequestRuleName=pzPagesAndClassesScriptNoMode Payload: "{\"RequestClass\":\"Rule-HTML-Section\",\"RequestAppliesTo\":\"Data-Admin-OAuth2-IdentityMapping\",\"RequestRuleName\":\"pzPagesAndClassesScriptNoMode\"}" => HTTP 200 (23722 bytes)
[PegaHttpClient] 📡 POST https://zdk8budo.pegaacademy.net/prweb/api/CodeIntelligence/v1/rules/query?pxObjClass=Rule-HTML-Section&appliesTo=Data-Admin-OAuth2-IdentityMapping&pyRuleName=pzScm_RuleHistory&RequestClass=Rule-HTML-Section&RequestAppliesTo=Data-Admin-OAuth2-IdentityMapping&RequestRuleName=pzScm_RuleHistory Payload: "{\"RequestClass\":\"Rule-HTML-Section\",\"RequestAppliesTo\":\"Data-Admin-OAuth2-IdentityMapping\",\"RequestRuleName\":\"pzScm_RuleHistory\"}" => HTTP 200 (14682 bytes)
[PegaHttpClient] 📡 POST https://zdk8budo.pegaacademy.net/prweb/api/CodeIntelligence/v1/rules/query?pxObjClass=Rule-HTML-Section&appliesTo=Data-Admin-OAuth2-IdentityMapping&pyRuleName=pzRuleFormStatus&RequestClass=Rule-HTML-Section&RequestAppliesTo=Data-Admin-OAuth2-IdentityMapping&RequestRuleName=pzRuleFormStatus Payload: "{\"RequestClass\":\"Rule-HTML-Section\",\"RequestAppliesTo\":\"Data-Admin-OAuth2-IdentityMapping\",\"RequestRuleName\":\"pzRuleFormStatus\"}" => HTTP 200 (29579 bytes)
[PegaHttpClient] 📡 POST https://zdk8budo.pegaacademy.net/prweb/api/CodeIntelligence/v1/rules/query?pxObjClass=Rule-HTML-Section&appliesTo=Data-Admin-OAuth2-IdentityMapping&pyRuleName=pzRuleFormHeaderCompareWithDropDown&RequestClass=Rule-HTML-Section&RequestAppliesTo=Data-Admin-OAuth2-IdentityMapping&RequestRuleName=pzRuleFormHeaderCompareWithDropDown Payload: "{\"RequestClass\":\"Rule-HTML-Section\",\"RequestAppliesTo\":\"Data-Admin-OAuth2-IdentityMapping\",\"RequestRuleName\":\"pzRuleFormHeaderCompareWithDropDown\"}" => HTTP 200 (25396 bytes)
[PegaHttpClient] 📡 POST https://zdk8budo.pegaacademy.net/prweb/api/CodeIntelligence/v1/rules/query?pxObjClass=Rule-HTML-Section&appliesTo=Data-Admin-OAuth2-IdentityMapping&pyRuleName=undefined&RequestClass=Rule-HTML-Section&RequestAppliesTo=Data-Admin-OAuth2-IdentityMapping&RequestRuleName=undefined Payload: "{\"RequestClass\":\"Rule-HTML-Section\",\"RequestAppliesTo\":\"Data-Admin-OAuth2-IdentityMapping\",\"RequestRuleName\":\"undefined\"}" => HTTP 404 (120 bytes)
[PegaHttpClient] 📡 POST https://zdk8budo.pegaacademy.net/prweb/PRRestService/CodeIntelligence/v1/rules/query?pxObjClass=Rule-HTML-Section&appliesTo=Data-Admin-OAuth2-IdentityMapping&pyRuleName=undefined&RequestClass=Rule-HTML-Section&RequestAppliesTo=Data-Admin-OAuth2-IdentityMapping&RequestRuleName=undefined Payload: "{\"RequestClass\":\"Rule-HTML-Section\",\"RequestAppliesTo\":\"Data-Admin-OAuth2-IdentityMapping\",\"RequestRuleName\":\"undefined\"}" => HTTP 404 (120 bytes)
[PegaHttpClient] 📡 POST https://zdk8budo.pegaacademy.net/prweb/api/HRAppsV2Service/V1/rules/query?pxObjClass=Rule-HTML-Section&appliesTo=Data-Admin-OAuth2-IdentityMapping&pyRuleName=undefined&RequestClass=Rule-HTML-Section&RequestAppliesTo=Data-Admin-OAuth2-IdentityMapping&RequestRuleName=undefined Payload: "{\"RequestClass\":\"Rule-HTML-Section\",\"RequestAppliesTo\":\"Data-Admin-OAuth2-IdentityMapping\",\"RequestRuleName\":\"undefined\"}" => HTTP 404 (18 bytes)
[PegaHttpClient] 📡 POST https://zdk8budo.pegaacademy.net/prweb/PRRestService/HRAppsV2Service/V1/rules/query?pxObjClass=Rule-HTML-Section&appliesTo=Data-Admin-OAuth2-IdentityMapping&pyRuleName=undefined&RequestClass=Rule-HTML-Section&RequestAppliesTo=Data-Admin-OAuth2-IdentityMapping&RequestRuleName=undefined Payload: "{\"RequestClass\":\"Rule-HTML-Section\",\"RequestAppliesTo\":\"Data-Admin-OAuth2-IdentityMapping\",\"RequestRuleName\":\"undefined\"}" => HTTP 404 (18 bytes)
[PegaHttpClient] 📡 POST https://zdk8budo.pegaacademy.net/prweb/api/HRAppsV2/V1/rules/query?pxObjClass=Rule-HTML-Section&appliesTo=Data-Admin-OAuth2-IdentityMapping&pyRuleName=undefined&RequestClass=Rule-HTML-Section&RequestAppliesTo=Data-Admin-OAuth2-IdentityMapping&RequestRuleName=undefined Payload: "{\"RequestClass\":\"Rule-HTML-Section\",\"RequestAppliesTo\":\"Data-Admin-OAuth2-IdentityMapping\",\"RequestRuleName\":\"undefined\"}" => HTTP 404 (18 bytes)
[PegaHttpClient] 📡 POST https://zdk8budo.pegaacademy.net/prweb/PRRestService/HRAppsV2/V1/rules/query?pxObjClass=Rule-HTML-Section&appliesTo=Data-Admin-OAuth2-IdentityMapping&pyRuleName=undefined&RequestClass=Rule-HTML-Section&RequestAppliesTo=Data-Admin-OAuth2-IdentityMapping&RequestRuleName=undefined Payload: "{\"RequestClass\":\"Rule-HTML-Section\",\"RequestAppliesTo\":\"Data-Admin-OAuth2-IdentityMapping\",\"RequestRuleName\":\"undefined\"}" => HTTP 404 (18 bytes)
[PegaHttpClient] 📡 POST https://zdk8budo.pegaacademy.net/prweb/api/v1/rules/query?pxObjClass=Rule-HTML-Section&appliesTo=Data-Admin-OAuth2-IdentityMapping&pyRuleName=undefined&RequestClass=Rule-HTML-Section&RequestAppliesTo=Data-Admin-OAuth2-IdentityMapping&RequestRuleName=undefined Payload: "{\"RequestClass\":\"Rule-HTML-Section\",\"RequestAppliesTo\":\"Data-Admin-OAuth2-IdentityMapping\",\"RequestRuleName\":\"undefined\"}" => HTTP 404 (18 bytes)
[PegaHttpClient] 📡 POST https://zdk8budo.pegaacademy.net/prweb/PRRestService/v1/rules/query?pxObjClass=Rule-HTML-Section&appliesTo=Data-Admin-OAuth2-IdentityMapping&pyRuleName=undefined&RequestClass=Rule-HTML-Section&RequestAppliesTo=Data-Admin-OAuth2-IdentityMapping&RequestRuleName=undefined Payload: "{\"RequestClass\":\"Rule-HTML-Section\",\"RequestAppliesTo\":\"Data-Admin-OAuth2-IdentityMapping\",\"RequestRuleName\":\"undefined\"}" => HTTP 404 (18 bytes)
[PegaHttpClient] 📡 POST https://zdk8budo.pegaacademy.net/prweb/api/CodeIntelligence/v1/rules/query?pxObjClass=Rule-HTML-Section&appliesTo=Data-Admin-OAuth2-IdentityMapping&pyRuleName=pzRuleFormToolbarHotKeys&RequestClass=Rule-HTML-Section&RequestAppliesTo=Data-Admin-OAuth2-IdentityMapping&RequestRuleName=pzRuleFormToolbarHotKeys Payload: "{\"RequestClass\":\"Rule-HTML-Section\",\"RequestAppliesTo\":\"Data-Admin-OAuth2-IdentityMapping\",\"RequestRuleName\":\"pzRuleFormToolbarHotKeys\"}" => HTTP 200 (85058 bytes)
[PegaHttpClient] 📡 POST https://zdk8budo.pegaacademy.net/prweb/api/CodeIntelligence/v1/rules/query?pxObjClass=Rule-HTML-Section&appliesTo=Data-Admin-OAuth2-IdentityMapping&pyRuleName=pzRuleFormToolbarLockedIcon&RequestClass=Rule-HTML-Section&RequestAppliesTo=Data-Admin-OAuth2-IdentityMapping&RequestRuleName=pzRuleFormToolbarLockedIcon Payload: "{\"RequestClass\":\"Rule-HTML-Section\",\"RequestAppliesTo\":\"Data-Admin-OAuth2-IdentityMapping\",\"RequestRuleName\":\"pzRuleFormToolbarLockedIcon\"}" => HTTP 200 (19111 bytes)
[PegaHttpClient] 📡 POST https://zdk8budo.pegaacademy.net/prweb/api/CodeIntelligence/v1/rules/query?pxObjClass=Rule-HTML-Section&appliesTo=Data-Admin-OAuth2-IdentityMapping&pyRuleName=pzRuleFormToolbarCollaborators&RequestClass=Rule-HTML-Section&RequestAppliesTo=Data-Admin-OAuth2-IdentityMapping&RequestRuleName=pzRuleFormToolbarCollaborators Payload: "{\"RequestClass\":\"Rule-HTML-Section\",\"RequestAppliesTo\":\"Data-Admin-OAuth2-IdentityMapping\",\"RequestRuleName\":\"pzRuleFormToolbarCollaborators\"}" => HTTP 200 (15254 bytes)
[PegaHttpClient] 📡 POST https://zdk8budo.pegaacademy.net/prweb/api/CodeIntelligence/v1/rules/query?pxObjClass=Rule-HTML-Section&appliesTo=Data-Admin-OAuth2-IdentityMapping&pyRuleName=pzRuleFormToolbarSaveAs&RequestClass=Rule-HTML-Section&RequestAppliesTo=Data-Admin-OAuth2-IdentityMapping&RequestRuleName=pzRuleFormToolbarSaveAs Payload: "{\"RequestClass\":\"Rule-HTML-Section\",\"RequestAppliesTo\":\"Data-Admin-OAuth2-IdentityMapping\",\"RequestRuleName\":\"pzRuleFormToolbarSaveAs\"}" => HTTP 200 (64084 bytes)
[PegaHttpClient] 📡 POST https://zdk8budo.pegaacademy.net/prweb/api/CodeIntelligence/v1/rules/query?pxObjClass=Rule-HTML-Section&appliesTo=Data-Admin-OAuth2-IdentityMapping&pyRuleName=pzRuleFormToolbarCheckin&RequestClass=Rule-HTML-Section&RequestAppliesTo=Data-Admin-OAuth2-IdentityMapping&RequestRuleName=pzRuleFormToolbarCheckin Payload: "{\"RequestClass\":\"Rule-HTML-Section\",\"RequestAppliesTo\":\"Data-Admin-OAuth2-IdentityMapping\",\"RequestRuleName\":\"pzRuleFormToolbarCheckin\"}" => HTTP 200 (15601 bytes)
[PegaHttpClient] 📡 POST https://zdk8budo.pegaacademy.net/prweb/api/CodeIntelligence/v1/rules/query?pxObjClass=Rule-HTML-Section&appliesTo=Data-Admin-OAuth2-IdentityMapping&pyRuleName=pzRuleFormToolbarDelete&RequestClass=Rule-HTML-Section&RequestAppliesTo=Data-Admin-OAuth2-IdentityMapping&RequestRuleName=pzRuleFormToolbarDelete Payload: "{\"RequestClass\":\"Rule-HTML-Section\",\"RequestAppliesTo\":\"Data-Admin-OAuth2-IdentityMapping\",\"RequestRuleName\":\"pzRuleFormToolbarDelete\"}" => HTTP 200 (30249 bytes)
[PegaHttpClient] 📡 POST https://zdk8budo.pegaacademy.net/prweb/api/CodeIntelligence/v1/rules/query?pxObjClass=Rule-HTML-Section&appliesTo=Data-Admin-OAuth2-IdentityMapping&pyRuleName=pzRuleFormToolbarSave&RequestClass=Rule-HTML-Section&RequestAppliesTo=Data-Admin-OAuth2-IdentityMapping&RequestRuleName=pzRuleFormToolbarSave Payload: "{\"RequestClass\":\"Rule-HTML-Section\",\"RequestAppliesTo\":\"Data-Admin-OAuth2-IdentityMapping\",\"RequestRuleName\":\"pzRuleFormToolbarSave\"}" => HTTP 200 (293885 bytes)
[PegaHttpClient] 📡 POST https://zdk8budo.pegaacademy.net/prweb/api/CodeIntelligence/v1/rules/query?pxObjClass=Rule-HTML-Section&appliesTo=Data-Admin-OAuth2-IdentityMapping&pyRuleName=pzRuleFormToolbarCheckout&RequestClass=Rule-HTML-Section&RequestAppliesTo=Data-Admin-OAuth2-IdentityMapping&RequestRuleName=pzRuleFormToolbarCheckout Payload: "{\"RequestClass\":\"Rule-HTML-Section\",\"RequestAppliesTo\":\"Data-Admin-OAuth2-IdentityMapping\",\"RequestRuleName\":\"pzRuleFormToolbarCheckout\"}" => HTTP 200 (14854 bytes)
[PegaHttpClient] 📡 POST https://zdk8budo.pegaacademy.net/prweb/api/CodeIntelligence/v1/rules/query?pxObjClass=Rule-HTML-Section&appliesTo=Data-Admin-OAuth2-IdentityMapping&pyRuleName=pzRemoveErrorsDataPage&RequestClass=Rule-HTML-Section&RequestAppliesTo=Data-Admin-OAuth2-IdentityMapping&RequestRuleName=pzRemoveErrorsDataPage Payload: "{\"RequestClass\":\"Rule-HTML-Section\",\"RequestAppliesTo\":\"Data-Admin-OAuth2-IdentityMapping\",\"RequestRuleName\":\"pzRemoveErrorsDataPage\"}" => HTTP 200 (16733 bytes)
[PegaHttpClient] 📡 POST https://zdk8budo.pegaacademy.net/prweb/api/CodeIntelligence/v1/rules/query?pxObjClass=Rule-HTML-Section&appliesTo=Data-Admin-OAuth2-IdentityMapping&pyRuleName=pzRuleFormHeaderMessagesWrapper&RequestClass=Rule-HTML-Section&RequestAppliesTo=Data-Admin-OAuth2-IdentityMapping&RequestRuleName=pzRuleFormHeaderMessagesWrapper Payload: "{\"RequestClass\":\"Rule-HTML-Section\",\"RequestAppliesTo\":\"Data-Admin-OAuth2-IdentityMapping\",\"RequestRuleName\":\"pzRuleFormHeaderMessagesWrapper\"}" => HTTP 200 (16981 bytes)
[PegaHttpClient] 📡 POST https://zdk8budo.pegaacademy.net/prweb/api/CodeIntelligence/v1/rules/query?pxObjClass=Rule-HTML-Section&appliesTo=Data-Admin-OAuth2-IdentityMapping&pyRuleName=pzExpressionBuilderGadgetInit&RequestClass=Rule-HTML-Section&RequestAppliesTo=Data-Admin-OAuth2-IdentityMapping&RequestRuleName=pzExpressionBuilderGadgetInit Payload: "{\"RequestClass\":\"Rule-HTML-Section\",\"RequestAppliesTo\":\"Data-Admin-OAuth2-IdentityMapping\",\"RequestRuleName\":\"pzExpressionBuilderGadgetInit\"}" => HTTP 200 (20544 bytes)
[PegaHttpClient] 📡 POST https://zdk8budo.pegaacademy.net/prweb/api/CodeIntelligence/v1/rules/query?pxObjClass=Rule-HTML-Section&appliesTo=Data-Admin-OAuth2-IdentityMapping&pyRuleName=pzEBIconHolder&RequestClass=Rule-HTML-Section&RequestAppliesTo=Data-Admin-OAuth2-IdentityMapping&RequestRuleName=pzEBIconHolder Payload: "{\"RequestClass\":\"Rule-HTML-Section\",\"RequestAppliesTo\":\"Data-Admin-OAuth2-IdentityMapping\",\"RequestRuleName\":\"pzEBIconHolder\"}" => HTTP 404 (125 bytes)
[PegaHttpClient] 📡 POST https://zdk8budo.pegaacademy.net/prweb/PRRestService/CodeIntelligence/v1/rules/query?pxObjClass=Rule-HTML-Section&appliesTo=Data-Admin-OAuth2-IdentityMapping&pyRuleName=pzEBIconHolder&RequestClass=Rule-HTML-Section&RequestAppliesTo=Data-Admin-OAuth2-IdentityMapping&RequestRuleName=pzEBIconHolder Payload: "{\"RequestClass\":\"Rule-HTML-Section\",\"RequestAppliesTo\":\"Data-Admin-OAuth2-IdentityMapping\",\"RequestRuleName\":\"pzEBIconHolder\"}" => HTTP 404 (125 bytes)
[PegaHttpClient] 📡 POST https://zdk8budo.pegaacademy.net/prweb/api/HRAppsV2Service/V1/rules/query?pxObjClass=Rule-HTML-Section&appliesTo=Data-Admin-OAuth2-IdentityMapping&pyRuleName=pzEBIconHolder&RequestClass=Rule-HTML-Section&RequestAppliesTo=Data-Admin-OAuth2-IdentityMapping&RequestRuleName=pzEBIconHolder Payload: "{\"RequestClass\":\"Rule-HTML-Section\",\"RequestAppliesTo\":\"Data-Admin-OAuth2-IdentityMapping\",\"RequestRuleName\":\"pzEBIconHolder\"}" => HTTP 404 (18 bytes)
[PegaHttpClient] 📡 POST https://zdk8budo.pegaacademy.net/prweb/PRRestService/HRAppsV2Service/V1/rules/query?pxObjClass=Rule-HTML-Section&appliesTo=Data-Admin-OAuth2-IdentityMapping&pyRuleName=pzEBIconHolder&RequestClass=Rule-HTML-Section&RequestAppliesTo=Data-Admin-OAuth2-IdentityMapping&RequestRuleName=pzEBIconHolder Payload: "{\"RequestClass\":\"Rule-HTML-Section\",\"RequestAppliesTo\":\"Data-Admin-OAuth2-IdentityMapping\",\"RequestRuleName\":\"pzEBIconHolder\"}" => HTTP 404 (18 bytes)
[PegaHttpClient] 📡 POST https://zdk8budo.pegaacademy.net/prweb/api/HRAppsV2/V1/rules/query?pxObjClass=Rule-HTML-Section&appliesTo=Data-Admin-OAuth2-IdentityMapping&pyRuleName=pzEBIconHolder&RequestClass=Rule-HTML-Section&RequestAppliesTo=Data-Admin-OAuth2-IdentityMapping&RequestRuleName=pzEBIconHolder Payload: "{\"RequestClass\":\"Rule-HTML-Section\",\"RequestAppliesTo\":\"Data-Admin-OAuth2-IdentityMapping\",\"RequestRuleName\":\"pzEBIconHolder\"}" => HTTP 404 (18 bytes)
[PegaHttpClient] 📡 POST https://zdk8budo.pegaacademy.net/prweb/PRRestService/HRAppsV2/V1/rules/query?pxObjClass=Rule-HTML-Section&appliesTo=Data-Admin-OAuth2-IdentityMapping&pyRuleName=pzEBIconHolder&RequestClass=Rule-HTML-Section&RequestAppliesTo=Data-Admin-OAuth2-IdentityMapping&RequestRuleName=pzEBIconHolder Payload: "{\"RequestClass\":\"Rule-HTML-Section\",\"RequestAppliesTo\":\"Data-Admin-OAuth2-IdentityMapping\",\"RequestRuleName\":\"pzEBIconHolder\"}" => HTTP 404 (18 bytes)
[PegaHttpClient] 📡 POST https://zdk8budo.pegaacademy.net/prweb/api/v1/rules/query?pxObjClass=Rule-HTML-Section&appliesTo=Data-Admin-OAuth2-IdentityMapping&pyRuleName=pzEBIconHolder&RequestClass=Rule-HTML-Section&RequestAppliesTo=Data-Admin-OAuth2-IdentityMapping&RequestRuleName=pzEBIconHolder Payload: "{\"RequestClass\":\"Rule-HTML-Section\",\"RequestAppliesTo\":\"Data-Admin-OAuth2-IdentityMapping\",\"RequestRuleName\":\"pzEBIconHolder\"}" => HTTP 404 (18 bytes)
[PegaHttpClient] 📡 POST https://zdk8budo.pegaacademy.net/prweb/PRRestService/v1/rules/query?pxObjClass=Rule-HTML-Section&appliesTo=Data-Admin-OAuth2-IdentityMapping&pyRuleName=pzEBIconHolder&RequestClass=Rule-HTML-Section&RequestAppliesTo=Data-Admin-OAuth2-IdentityMapping&RequestRuleName=pzEBIconHolder Payload: "{\"RequestClass\":\"Rule-HTML-Section\",\"RequestAppliesTo\":\"Data-Admin-OAuth2-IdentityMapping\",\"RequestRuleName\":\"pzEBIconHolder\"}" => HTTP 404 (18 bytes)
[PegaHttpClient] 📡 POST https://zdk8budo.pegaacademy.net/prweb/api/CodeIntelligence/v1/rules/query?pxObjClass=Rule-HTML-Section&appliesTo=Data-Admin-OAuth2-IdentityMapping&pyRuleName=pxDisplayCollaborators&RequestClass=Rule-HTML-Section&RequestAppliesTo=Data-Admin-OAuth2-IdentityMapping&RequestRuleName=pxDisplayCollaborators Payload: "{\"RequestClass\":\"Rule-HTML-Section\",\"RequestAppliesTo\":\"Data-Admin-OAuth2-IdentityMapping\",\"RequestRuleName\":\"pxDisplayCollaborators\"}" => HTTP 200 (94171 bytes)
[PegaHttpClient] 📡 POST https://zdk8budo.pegaacademy.net/prweb/api/CodeIntelligence/v1/rules/query?pxObjClass=Rule-HTML-Section&appliesTo=Data-Admin-OAuth2-IdentityMapping&pyRuleName=pzRuleFormToolbarDeleteCheckOut&RequestClass=Rule-HTML-Section&RequestAppliesTo=Data-Admin-OAuth2-IdentityMapping&RequestRuleName=pzRuleFormToolbarDeleteCheckOut Payload: "{\"RequestClass\":\"Rule-HTML-Section\",\"RequestAppliesTo\":\"Data-Admin-OAuth2-IdentityMapping\",\"RequestRuleName\":\"pzRuleFormToolbarDeleteCheckOut\"}" => HTTP 404 (142 bytes)
[PegaHttpClient] 📡 POST https://zdk8budo.pegaacademy.net/prweb/PRRestService/CodeIntelligence/v1/rules/query?pxObjClass=Rule-HTML-Section&appliesTo=Data-Admin-OAuth2-IdentityMapping&pyRuleName=pzRuleFormToolbarDeleteCheckOut&RequestClass=Rule-HTML-Section&RequestAppliesTo=Data-Admin-OAuth2-IdentityMapping&RequestRuleName=pzRuleFormToolbarDeleteCheckOut Payload: "{\"RequestClass\":\"Rule-HTML-Section\",\"RequestAppliesTo\":\"Data-Admin-OAuth2-IdentityMapping\",\"RequestRuleName\":\"pzRuleFormToolbarDeleteCheckOut\"}" => HTTP 404 (142 bytes)
[PegaHttpClient] 📡 POST https://zdk8budo.pegaacademy.net/prweb/api/HRAppsV2Service/V1/rules/query?pxObjClass=Rule-HTML-Section&appliesTo=Data-Admin-OAuth2-IdentityMapping&pyRuleName=pzRuleFormToolbarDeleteCheckOut&RequestClass=Rule-HTML-Section&RequestAppliesTo=Data-Admin-OAuth2-IdentityMapping&RequestRuleName=pzRuleFormToolbarDeleteCheckOut Payload: "{\"RequestClass\":\"Rule-HTML-Section\",\"RequestAppliesTo\":\"Data-Admin-OAuth2-IdentityMapping\",\"RequestRuleName\":\"pzRuleFormToolbarDeleteCheckOut\"}" => HTTP 404 (18 bytes)
[PegaHttpClient] 📡 POST https://zdk8budo.pegaacademy.net/prweb/PRRestService/HRAppsV2Service/V1/rules/query?pxObjClass=Rule-HTML-Section&appliesTo=Data-Admin-OAuth2-IdentityMapping&pyRuleName=pzRuleFormToolbarDeleteCheckOut&RequestClass=Rule-HTML-Section&RequestAppliesTo=Data-Admin-OAuth2-IdentityMapping&RequestRuleName=pzRuleFormToolbarDeleteCheckOut Payload: "{\"RequestClass\":\"Rule-HTML-Section\",\"RequestAppliesTo\":\"Data-Admin-OAuth2-IdentityMapping\",\"RequestRuleName\":\"pzRuleFormToolbarDeleteCheckOut\"}" => HTTP 404 (18 bytes)
[PegaHttpClient] 📡 POST https://zdk8budo.pegaacademy.net/prweb/api/HRAppsV2/V1/rules/query?pxObjClass=Rule-HTML-Section&appliesTo=Data-Admin-OAuth2-IdentityMapping&pyRuleName=pzRuleFormToolbarDeleteCheckOut&RequestClass=Rule-HTML-Section&RequestAppliesTo=Data-Admin-OAuth2-IdentityMapping&RequestRuleName=pzRuleFormToolbarDeleteCheckOut Payload: "{\"RequestClass\":\"Rule-HTML-Section\",\"RequestAppliesTo\":\"Data-Admin-OAuth2-IdentityMapping\",\"RequestRuleName\":\"pzRuleFormToolbarDeleteCheckOut\"}" => HTTP 404 (18 bytes)
[PegaHttpClient] 📡 POST https://zdk8budo.pegaacademy.net/prweb/PRRestService/HRAppsV2/V1/rules/query?pxObjClass=Rule-HTML-Section&appliesTo=Data-Admin-OAuth2-IdentityMapping&pyRuleName=pzRuleFormToolbarDeleteCheckOut&RequestClass=Rule-HTML-Section&RequestAppliesTo=Data-Admin-OAuth2-IdentityMapping&RequestRuleName=pzRuleFormToolbarDeleteCheckOut Payload: "{\"RequestClass\":\"Rule-HTML-Section\",\"RequestAppliesTo\":\"Data-Admin-OAuth2-IdentityMapping\",\"RequestRuleName\":\"pzRuleFormToolbarDeleteCheckOut\"}" => HTTP 404 (18 bytes)
[PegaHttpClient] 📡 POST https://zdk8budo.pegaacademy.net/prweb/api/v1/rules/query?pxObjClass=Rule-HTML-Section&appliesTo=Data-Admin-OAuth2-IdentityMapping&pyRuleName=pzRuleFormToolbarDeleteCheckOut&RequestClass=Rule-HTML-Section&RequestAppliesTo=Data-Admin-OAuth2-IdentityMapping&RequestRuleName=pzRuleFormToolbarDeleteCheckOut Payload: "{\"RequestClass\":\"Rule-HTML-Section\",\"RequestAppliesTo\":\"Data-Admin-OAuth2-IdentityMapping\",\"RequestRuleName\":\"pzRuleFormToolbarDeleteCheckOut\"}" => HTTP 404 (18 bytes)
[PegaHttpClient] 📡 POST https://zdk8budo.pegaacademy.net/prweb/PRRestService/v1/rules/query?pxObjClass=Rule-HTML-Section&appliesTo=Data-Admin-OAuth2-IdentityMapping&pyRuleName=pzRuleFormToolbarDeleteCheckOut&RequestClass=Rule-HTML-Section&RequestAppliesTo=Data-Admin-OAuth2-IdentityMapping&RequestRuleName=pzRuleFormToolbarDeleteCheckOut Payload: "{\"RequestClass\":\"Rule-HTML-Section\",\"RequestAppliesTo\":\"Data-Admin-OAuth2-IdentityMapping\",\"RequestRuleName\":\"pzRuleFormToolbarDeleteCheckOut\"}" => HTTP 404 (18 bytes)
[PegaHttpClient] 📡 POST https://zdk8budo.pegaacademy.net/prweb/api/CodeIntelligence/v1/rules/query?pxObjClass=Rule-HTML-Section&appliesTo=Data-Admin-OAuth2-IdentityMapping&pyRuleName=pzRuleFormToolbarDeleteRule&RequestClass=Rule-HTML-Section&RequestAppliesTo=Data-Admin-OAuth2-IdentityMapping&RequestRuleName=pzRuleFormToolbarDeleteRule Payload: "{\"RequestClass\":\"Rule-HTML-Section\",\"RequestAppliesTo\":\"Data-Admin-OAuth2-IdentityMapping\",\"RequestRuleName\":\"pzRuleFormToolbarDeleteRule\"}" => HTTP 200 (32314 bytes)
[PegaHttpClient] 📡 POST https://zdk8budo.pegaacademy.net/prweb/api/CodeIntelligence/v1/rules/query?pxObjClass=Rule-HTML-Section&appliesTo=Data-Admin-OAuth2-IdentityMapping&pyRuleName=pzLoadCollaborationScripts&RequestClass=Rule-HTML-Section&RequestAppliesTo=Data-Admin-OAuth2-IdentityMapping&RequestRuleName=pzLoadCollaborationScripts Payload: "{\"RequestClass\":\"Rule-HTML-Section\",\"RequestAppliesTo\":\"Data-Admin-OAuth2-IdentityMapping\",\"RequestRuleName\":\"pzLoadCollaborationScripts\"}" => HTTP 200 (23453 bytes)
[PegaHttpClient] 📡 POST https://zdk8budo.pegaacademy.net/prweb/api/CodeIntelligence/v1/rules/query?pxObjClass=Rule-HTML-Section&appliesTo=Data-Admin-OAuth2-IdentityMapping&pyRuleName=pzDisplayCollaboratorsList&RequestClass=Rule-HTML-Section&RequestAppliesTo=Data-Admin-OAuth2-IdentityMapping&RequestRuleName=pzDisplayCollaboratorsList Payload: "{\"RequestClass\":\"Rule-HTML-Section\",\"RequestAppliesTo\":\"Data-Admin-OAuth2-IdentityMapping\",\"RequestRuleName\":\"pzDisplayCollaboratorsList\"}" => HTTP 200 (105418 bytes)
[PegaHttpClient] 📡 POST https://zdk8budo.pegaacademy.net/prweb/api/CodeIntelligence/v1/rules/query?pxObjClass=Rule-HTML-Section&appliesTo=Data-Admin-OAuth2-IdentityMapping&pyRuleName=pyCollaborator&RequestClass=Rule-HTML-Section&RequestAppliesTo=Data-Admin-OAuth2-IdentityMapping&RequestRuleName=pyCollaborator Payload: "{\"RequestClass\":\"Rule-HTML-Section\",\"RequestAppliesTo\":\"Data-Admin-OAuth2-IdentityMapping\",\"RequestRuleName\":\"pyCollaborator\"}" => HTTP 404 (125 bytes)
[PegaHttpClient] 📡 POST https://zdk8budo.pegaacademy.net/prweb/PRRestService/CodeIntelligence/v1/rules/query?pxObjClass=Rule-HTML-Section&appliesTo=Data-Admin-OAuth2-IdentityMapping&pyRuleName=pyCollaborator&RequestClass=Rule-HTML-Section&RequestAppliesTo=Data-Admin-OAuth2-IdentityMapping&RequestRuleName=pyCollaborator Payload: "{\"RequestClass\":\"Rule-HTML-Section\",\"RequestAppliesTo\":\"Data-Admin-OAuth2-IdentityMapping\",\"RequestRuleName\":\"pyCollaborator\"}" => HTTP 404 (125 bytes)
[PegaHttpClient] 📡 POST https://zdk8budo.pegaacademy.net/prweb/api/HRAppsV2Service/V1/rules/query?pxObjClass=Rule-HTML-Section&appliesTo=Data-Admin-OAuth2-IdentityMapping&pyRuleName=pyCollaborator&RequestClass=Rule-HTML-Section&RequestAppliesTo=Data-Admin-OAuth2-IdentityMapping&RequestRuleName=pyCollaborator Payload: "{\"RequestClass\":\"Rule-HTML-Section\",\"RequestAppliesTo\":\"Data-Admin-OAuth2-IdentityMapping\",\"RequestRuleName\":\"pyCollaborator\"}" => HTTP 404 (18 bytes)
[PegaHttpClient] 📡 POST https://zdk8budo.pegaacademy.net/prweb/PRRestService/HRAppsV2Service/V1/rules/query?pxObjClass=Rule-HTML-Section&appliesTo=Data-Admin-OAuth2-IdentityMapping&pyRuleName=pyCollaborator&RequestClass=Rule-HTML-Section&RequestAppliesTo=Data-Admin-OAuth2-IdentityMapping&RequestRuleName=pyCollaborator Payload: "{\"RequestClass\":\"Rule-HTML-Section\",\"RequestAppliesTo\":\"Data-Admin-OAuth2-IdentityMapping\",\"RequestRuleName\":\"pyCollaborator\"}" => HTTP 404 (18 bytes)
[PegaHttpClient] 📡 POST https://zdk8budo.pegaacademy.net/prweb/api/HRAppsV2/V1/rules/query?pxObjClass=Rule-HTML-Section&appliesTo=Data-Admin-OAuth2-IdentityMapping&pyRuleName=pyCollaborator&RequestClass=Rule-HTML-Section&RequestAppliesTo=Data-Admin-OAuth2-IdentityMapping&RequestRuleName=pyCollaborator Payload: "{\"RequestClass\":\"Rule-HTML-Section\",\"RequestAppliesTo\":\"Data-Admin-OAuth2-IdentityMapping\",\"RequestRuleName\":\"pyCollaborator\"}" => HTTP 404 (18 bytes)
[PegaHttpClient] 📡 POST https://zdk8budo.pegaacademy.net/prweb/PRRestService/HRAppsV2/V1/rules/query?pxObjClass=Rule-HTML-Section&appliesTo=Data-Admin-OAuth2-IdentityMapping&pyRuleName=pyCollaborator&RequestClass=Rule-HTML-Section&RequestAppliesTo=Data-Admin-OAuth2-IdentityMapping&RequestRuleName=pyCollaborator Payload: "{\"RequestClass\":\"Rule-HTML-Section\",\"RequestAppliesTo\":\"Data-Admin-OAuth2-IdentityMapping\",\"RequestRuleName\":\"pyCollaborator\"}" => HTTP 404 (18 bytes)
[PegaHttpClient] 📡 POST https://zdk8budo.pegaacademy.net/prweb/api/v1/rules/query?pxObjClass=Rule-HTML-Section&appliesTo=Data-Admin-OAuth2-IdentityMapping&pyRuleName=pyCollaborator&RequestClass=Rule-HTML-Section&RequestAppliesTo=Data-Admin-OAuth2-IdentityMapping&RequestRuleName=pyCollaborator Payload: "{\"RequestClass\":\"Rule-HTML-Section\",\"RequestAppliesTo\":\"Data-Admin-OAuth2-IdentityMapping\",\"RequestRuleName\":\"pyCollaborator\"}" => HTTP 404 (18 bytes)
[PegaHttpClient] 📡 POST https://zdk8budo.pegaacademy.net/prweb/PRRestService/v1/rules/query?pxObjClass=Rule-HTML-Section&appliesTo=Data-Admin-OAuth2-IdentityMapping&pyRuleName=pyCollaborator&RequestClass=Rule-HTML-Section&RequestAppliesTo=Data-Admin-OAuth2-IdentityMapping&RequestRuleName=pyCollaborator Payload: "{\"RequestClass\":\"Rule-HTML-Section\",\"RequestAppliesTo\":\"Data-Admin-OAuth2-IdentityMapping\",\"RequestRuleName\":\"pyCollaborator\"}" => HTTP 404 (18 bytes)
[PegaHttpClient] 📡 POST https://zdk8budo.pegaacademy.net/prweb/api/CodeIntelligence/v1/rules/query?pxObjClass=Rule-HTML-Section&appliesTo=Data-Admin-OAuth2-IdentityMapping&pyRuleName=pzDisplayPartialCount&RequestClass=Rule-HTML-Section&RequestAppliesTo=Data-Admin-OAuth2-IdentityMapping&RequestRuleName=pzDisplayPartialCount Payload: "{\"RequestClass\":\"Rule-HTML-Section\",\"RequestAppliesTo\":\"Data-Admin-OAuth2-IdentityMapping\",\"RequestRuleName\":\"pzDisplayPartialCount\"}" => HTTP 404 (132 bytes)
[PegaHttpClient] 📡 POST https://zdk8budo.pegaacademy.net/prweb/PRRestService/CodeIntelligence/v1/rules/query?pxObjClass=Rule-HTML-Section&appliesTo=Data-Admin-OAuth2-IdentityMapping&pyRuleName=pzDisplayPartialCount&RequestClass=Rule-HTML-Section&RequestAppliesTo=Data-Admin-OAuth2-IdentityMapping&RequestRuleName=pzDisplayPartialCount Payload: "{\"RequestClass\":\"Rule-HTML-Section\",\"RequestAppliesTo\":\"Data-Admin-OAuth2-IdentityMapping\",\"RequestRuleName\":\"pzDisplayPartialCount\"}" => HTTP 404 (132 bytes)
[PegaHttpClient] 📡 POST https://zdk8budo.pegaacademy.net/prweb/api/HRAppsV2Service/V1/rules/query?pxObjClass=Rule-HTML-Section&appliesTo=Data-Admin-OAuth2-IdentityMapping&pyRuleName=pzDisplayPartialCount&RequestClass=Rule-HTML-Section&RequestAppliesTo=Data-Admin-OAuth2-IdentityMapping&RequestRuleName=pzDisplayPartialCount Payload: "{\"RequestClass\":\"Rule-HTML-Section\",\"RequestAppliesTo\":\"Data-Admin-OAuth2-IdentityMapping\",\"RequestRuleName\":\"pzDisplayPartialCount\"}" => HTTP 404 (18 bytes)
[PegaHttpClient] 📡 POST https://zdk8budo.pegaacademy.net/prweb/PRRestService/HRAppsV2Service/V1/rules/query?pxObjClass=Rule-HTML-Section&appliesTo=Data-Admin-OAuth2-IdentityMapping&pyRuleName=pzDisplayPartialCount&RequestClass=Rule-HTML-Section&RequestAppliesTo=Data-Admin-OAuth2-IdentityMapping&RequestRuleName=pzDisplayPartialCount Payload: "{\"RequestClass\":\"Rule-HTML-Section\",\"RequestAppliesTo\":\"Data-Admin-OAuth2-IdentityMapping\",\"RequestRuleName\":\"pzDisplayPartialCount\"}" => HTTP 404 (18 bytes)
[PegaHttpClient] 📡 POST https://zdk8budo.pegaacademy.net/prweb/api/HRAppsV2/V1/rules/query?pxObjClass=Rule-HTML-Section&appliesTo=Data-Admin-OAuth2-IdentityMapping&pyRuleName=pzDisplayPartialCount&RequestClass=Rule-HTML-Section&RequestAppliesTo=Data-Admin-OAuth2-IdentityMapping&RequestRuleName=pzDisplayPartialCount Payload: "{\"RequestClass\":\"Rule-HTML-Section\",\"RequestAppliesTo\":\"Data-Admin-OAuth2-IdentityMapping\",\"RequestRuleName\":\"pzDisplayPartialCount\"}" => HTTP 404 (18 bytes)
[PegaHttpClient] 📡 POST https://zdk8budo.pegaacademy.net/prweb/PRRestService/HRAppsV2/V1/rules/query?pxObjClass=Rule-HTML-Section&appliesTo=Data-Admin-OAuth2-IdentityMapping&pyRuleName=pzDisplayPartialCount&RequestClass=Rule-HTML-Section&RequestAppliesTo=Data-Admin-OAuth2-IdentityMapping&RequestRuleName=pzDisplayPartialCount Payload: "{\"RequestClass\":\"Rule-HTML-Section\",\"RequestAppliesTo\":\"Data-Admin-OAuth2-IdentityMapping\",\"RequestRuleName\":\"pzDisplayPartialCount\"}" => HTTP 404 (18 bytes)
[PegaHttpClient] 📡 POST https://zdk8budo.pegaacademy.net/prweb/api/v1/rules/query?pxObjClass=Rule-HTML-Section&appliesTo=Data-Admin-OAuth2-IdentityMapping&pyRuleName=pzDisplayPartialCount&RequestClass=Rule-HTML-Section&RequestAppliesTo=Data-Admin-OAuth2-IdentityMapping&RequestRuleName=pzDisplayPartialCount Payload: "{\"RequestClass\":\"Rule-HTML-Section\",\"RequestAppliesTo\":\"Data-Admin-OAuth2-IdentityMapping\",\"RequestRuleName\":\"pzDisplayPartialCount\"}" => HTTP 404 (18 bytes)
[PegaHttpClient] 📡 POST https://zdk8budo.pegaacademy.net/prweb/PRRestService/v1/rules/query?pxObjClass=Rule-HTML-Section&appliesTo=Data-Admin-OAuth2-IdentityMapping&pyRuleName=pzDisplayPartialCount&RequestClass=Rule-HTML-Section&RequestAppliesTo=Data-Admin-OAuth2-IdentityMapping&RequestRuleName=pzDisplayPartialCount Payload: "{\"RequestClass\":\"Rule-HTML-Section\",\"RequestAppliesTo\":\"Data-Admin-OAuth2-IdentityMapping\",\"RequestRuleName\":\"pzDisplayPartialCount\"}" => HTTP 404 (18 bytes)
[SchemaGen] ✅ Schema written for Data-Admin-OAuth2-IdentityMapping
[PegaHttpClient] 📡 GET https://zdk8budo.pegaacademy.net/prweb/api/CodeIntelligence/v1/rules/RULE-HTML-HARNESS%20DATA-ADMIN-CONNECT-SOAPSERVER%20RULEFORM%20%2320180713T135820.445%20GMT => HTTP 200 (24225 bytes)
[PegaHttpClient] 📡 POST https://zdk8budo.pegaacademy.net/prweb/api/CodeIntelligence/v1/rules/query?pxObjClass=Rule-HTML-Section&appliesTo=Data-Admin-Connect-SOAPServer&pyRuleName=RuleFormMain&RequestClass=Rule-HTML-Section&RequestAppliesTo=Data-Admin-Connect-SOAPServer&RequestRuleName=RuleFormMain Payload: "{\"RequestClass\":\"Rule-HTML-Section\",\"RequestAppliesTo\":\"Data-Admin-Connect-SOAPServer\",\"RequestRuleName\":\"RuleFormMain\"}" => HTTP 200 (156234 bytes)
[PegaHttpClient] 📡 POST https://zdk8budo.pegaacademy.net/prweb/api/CodeIntelligence/v1/rules/query?pxObjClass=Rule-HTML-Section&appliesTo=Data-Admin-Connect-SOAPServer&pyRuleName=pxAlternateRuleForm&RequestClass=Rule-HTML-Section&RequestAppliesTo=Data-Admin-Connect-SOAPServer&RequestRuleName=pxAlternateRuleForm Payload: "{\"RequestClass\":\"Rule-HTML-Section\",\"RequestAppliesTo\":\"Data-Admin-Connect-SOAPServer\",\"RequestRuleName\":\"pxAlternateRuleForm\"}" => HTTP 200 (66153 bytes)
[PegaHttpClient] 📡 POST https://zdk8budo.pegaacademy.net/prweb/api/CodeIntelligence/v1/rules/query?pxObjClass=Rule-HTML-Section&appliesTo=Data-Admin-Connect-SOAPServer&pyRuleName=pzRuleFormScripts&RequestClass=Rule-HTML-Section&RequestAppliesTo=Data-Admin-Connect-SOAPServer&RequestRuleName=pzRuleFormScripts Payload: "{\"RequestClass\":\"Rule-HTML-Section\",\"RequestAppliesTo\":\"Data-Admin-Connect-SOAPServer\",\"RequestRuleName\":\"pzRuleFormScripts\"}" => HTTP 200 (40822 bytes)
[PegaHttpClient] 📡 POST https://zdk8budo.pegaacademy.net/prweb/api/CodeIntelligence/v1/rules/query?pxObjClass=Rule-HTML-Section&appliesTo=Data-Admin-Connect-SOAPServer&pyRuleName=pzRuleFormLayoutDelegated&RequestClass=Rule-HTML-Section&RequestAppliesTo=Data-Admin-Connect-SOAPServer&RequestRuleName=pzRuleFormLayoutDelegated Payload: "{\"RequestClass\":\"Rule-HTML-Section\",\"RequestAppliesTo\":\"Data-Admin-Connect-SOAPServer\",\"RequestRuleName\":\"pzRuleFormLayoutDelegated\"}" => HTTP 200 (70998 bytes)
[PegaHttpClient] 📡 POST https://zdk8budo.pegaacademy.net/prweb/api/CodeIntelligence/v1/rules/query?pxObjClass=Rule-HTML-Section&appliesTo=Data-Admin-Connect-SOAPServer&pyRuleName=RuleFormLayout&RequestClass=Rule-HTML-Section&RequestAppliesTo=Data-Admin-Connect-SOAPServer&RequestRuleName=RuleFormLayout Payload: "{\"RequestClass\":\"Rule-HTML-Section\",\"RequestAppliesTo\":\"Data-Admin-Connect-SOAPServer\",\"RequestRuleName\":\"RuleFormLayout\"}" => HTTP 200 (48665 bytes)
[PegaHttpClient] 📡 POST https://zdk8budo.pegaacademy.net/prweb/api/CodeIntelligence/v1/rules/query?pxObjClass=Rule-HTML-Section&appliesTo=Data-Admin-Connect-SOAPServer&pyRuleName=RuleFormSettings&RequestClass=Rule-HTML-Section&RequestAppliesTo=Data-Admin-Connect-SOAPServer&RequestRuleName=RuleFormSettings Payload: "{\"RequestClass\":\"Rule-HTML-Section\",\"RequestAppliesTo\":\"Data-Admin-Connect-SOAPServer\",\"RequestRuleName\":\"RuleFormSettings\"}" => HTTP 200 (21582 bytes)
[PegaHttpClient] 📡 POST https://zdk8budo.pegaacademy.net/prweb/api/CodeIntelligence/v1/rules/query?pxObjClass=Rule-HTML-Section&appliesTo=Data-Admin-Connect-SOAPServer&pyRuleName=OpenAuthoring&RequestClass=Rule-HTML-Section&RequestAppliesTo=Data-Admin-Connect-SOAPServer&RequestRuleName=OpenAuthoring Payload: "{\"RequestClass\":\"Rule-HTML-Section\",\"RequestAppliesTo\":\"Data-Admin-Connect-SOAPServer\",\"RequestRuleName\":\"OpenAuthoring\"}" => HTTP 200 (20315 bytes)
[PegaHttpClient] 📡 POST https://zdk8budo.pegaacademy.net/prweb/api/CodeIntelligence/v1/rules/query?pxObjClass=Rule-HTML-Section&appliesTo=Data-Admin-Connect-SOAPServer&pyRuleName=pyCustomHelp&RequestClass=Rule-HTML-Section&RequestAppliesTo=Data-Admin-Connect-SOAPServer&RequestRuleName=pyCustomHelp Payload: "{\"RequestClass\":\"Rule-HTML-Section\",\"RequestAppliesTo\":\"Data-Admin-Connect-SOAPServer\",\"RequestRuleName\":\"pyCustomHelp\"}" => HTTP 200 (17256 bytes)
[PegaHttpClient] 📡 POST https://zdk8budo.pegaacademy.net/prweb/api/CodeIntelligence/v1/rules/query?pxObjClass=Rule-HTML-Section&appliesTo=Data-Admin-Connect-SOAPServer&pyRuleName=pzRuleformMainInclude&RequestClass=Rule-HTML-Section&RequestAppliesTo=Data-Admin-Connect-SOAPServer&RequestRuleName=pzRuleformMainInclude Payload: "{\"RequestClass\":\"Rule-HTML-Section\",\"RequestAppliesTo\":\"Data-Admin-Connect-SOAPServer\",\"RequestRuleName\":\"pzRuleformMainInclude\"}" => HTTP 200 (22375 bytes)
[PegaHttpClient] 📡 POST https://zdk8budo.pegaacademy.net/prweb/api/CodeIntelligence/v1/rules/query?pxObjClass=Rule-HTML-Section&appliesTo=Data-Admin-Connect-SOAPServer&pyRuleName=pyAlternativeRuleFormStrategicAppExtension&RequestClass=Rule-HTML-Section&RequestAppliesTo=Data-Admin-Connect-SOAPServer&RequestRuleName=pyAlternativeRuleFormStrategicAppExtension Payload: "{\"RequestClass\":\"Rule-HTML-Section\",\"RequestAppliesTo\":\"Data-Admin-Connect-SOAPServer\",\"RequestRuleName\":\"pyAlternativeRuleFormStrategicAppExtension\"}" => HTTP 200 (25042 bytes)
[PegaHttpClient] 📡 POST https://zdk8budo.pegaacademy.net/prweb/api/CodeIntelligence/v1/rules/query?pxObjClass=Rule-HTML-Section&appliesTo=Data-Admin-Connect-SOAPServer&pyRuleName=pyAlternativeRuleFormExtension&RequestClass=Rule-HTML-Section&RequestAppliesTo=Data-Admin-Connect-SOAPServer&RequestRuleName=pyAlternativeRuleFormExtension Payload: "{\"RequestClass\":\"Rule-HTML-Section\",\"RequestAppliesTo\":\"Data-Admin-Connect-SOAPServer\",\"RequestRuleName\":\"pyAlternativeRuleFormExtension\"}" => HTTP 200 (24863 bytes)
[PegaHttpClient] 📡 POST https://zdk8budo.pegaacademy.net/prweb/api/CodeIntelligence/v1/rules/query?pxObjClass=Rule-HTML-Section&appliesTo=Data-Admin-Connect-SOAPServer&pyRuleName=RuleFormHeader&RequestClass=Rule-HTML-Section&RequestAppliesTo=Data-Admin-Connect-SOAPServer&RequestRuleName=RuleFormHeader Payload: "{\"RequestClass\":\"Rule-HTML-Section\",\"RequestAppliesTo\":\"Data-Admin-Connect-SOAPServer\",\"RequestRuleName\":\"RuleFormHeader\"}" => HTTP 200 (183800 bytes)
[PegaHttpClient] 📡 POST https://zdk8budo.pegaacademy.net/prweb/api/CodeIntelligence/v1/rules/query?pxObjClass=Rule-HTML-Section&appliesTo=Data-Admin-Connect-SOAPServer&pyRuleName=pzDelegationExperience&RequestClass=Rule-HTML-Section&RequestAppliesTo=Data-Admin-Connect-SOAPServer&RequestRuleName=pzDelegationExperience Payload: "{\"RequestClass\":\"Rule-HTML-Section\",\"RequestAppliesTo\":\"Data-Admin-Connect-SOAPServer\",\"RequestRuleName\":\"pzDelegationExperience\"}" => HTTP 404 (129 bytes)
[PegaHttpClient] 📡 POST https://zdk8budo.pegaacademy.net/prweb/PRRestService/CodeIntelligence/v1/rules/query?pxObjClass=Rule-HTML-Section&appliesTo=Data-Admin-Connect-SOAPServer&pyRuleName=pzDelegationExperience&RequestClass=Rule-HTML-Section&RequestAppliesTo=Data-Admin-Connect-SOAPServer&RequestRuleName=pzDelegationExperience Payload: "{\"RequestClass\":\"Rule-HTML-Section\",\"RequestAppliesTo\":\"Data-Admin-Connect-SOAPServer\",\"RequestRuleName\":\"pzDelegationExperience\"}" => HTTP 404 (129 bytes)
[PegaHttpClient] 📡 POST https://zdk8budo.pegaacademy.net/prweb/api/HRAppsV2Service/V1/rules/query?pxObjClass=Rule-HTML-Section&appliesTo=Data-Admin-Connect-SOAPServer&pyRuleName=pzDelegationExperience&RequestClass=Rule-HTML-Section&RequestAppliesTo=Data-Admin-Connect-SOAPServer&RequestRuleName=pzDelegationExperience Payload: "{\"RequestClass\":\"Rule-HTML-Section\",\"RequestAppliesTo\":\"Data-Admin-Connect-SOAPServer\",\"RequestRuleName\":\"pzDelegationExperience\"}" => HTTP 404 (18 bytes)
[PegaHttpClient] 📡 POST https://zdk8budo.pegaacademy.net/prweb/PRRestService/HRAppsV2Service/V1/rules/query?pxObjClass=Rule-HTML-Section&appliesTo=Data-Admin-Connect-SOAPServer&pyRuleName=pzDelegationExperience&RequestClass=Rule-HTML-Section&RequestAppliesTo=Data-Admin-Connect-SOAPServer&RequestRuleName=pzDelegationExperience Payload: "{\"RequestClass\":\"Rule-HTML-Section\",\"RequestAppliesTo\":\"Data-Admin-Connect-SOAPServer\",\"RequestRuleName\":\"pzDelegationExperience\"}" => HTTP 404 (18 bytes)
[PegaHttpClient] 📡 POST https://zdk8budo.pegaacademy.net/prweb/api/HRAppsV2/V1/rules/query?pxObjClass=Rule-HTML-Section&appliesTo=Data-Admin-Connect-SOAPServer&pyRuleName=pzDelegationExperience&RequestClass=Rule-HTML-Section&RequestAppliesTo=Data-Admin-Connect-SOAPServer&RequestRuleName=pzDelegationExperience Payload: "{\"RequestClass\":\"Rule-HTML-Section\",\"RequestAppliesTo\":\"Data-Admin-Connect-SOAPServer\",\"RequestRuleName\":\"pzDelegationExperience\"}" => HTTP 404 (18 bytes)
[PegaHttpClient] 📡 POST https://zdk8budo.pegaacademy.net/prweb/PRRestService/HRAppsV2/V1/rules/query?pxObjClass=Rule-HTML-Section&appliesTo=Data-Admin-Connect-SOAPServer&pyRuleName=pzDelegationExperience&RequestClass=Rule-HTML-Section&RequestAppliesTo=Data-Admin-Connect-SOAPServer&RequestRuleName=pzDelegationExperience Payload: "{\"RequestClass\":\"Rule-HTML-Section\",\"RequestAppliesTo\":\"Data-Admin-Connect-SOAPServer\",\"RequestRuleName\":\"pzDelegationExperience\"}" => HTTP 404 (18 bytes)
[PegaHttpClient] 📡 POST https://zdk8budo.pegaacademy.net/prweb/api/v1/rules/query?pxObjClass=Rule-HTML-Section&appliesTo=Data-Admin-Connect-SOAPServer&pyRuleName=pzDelegationExperience&RequestClass=Rule-HTML-Section&RequestAppliesTo=Data-Admin-Connect-SOAPServer&RequestRuleName=pzDelegationExperience Payload: "{\"RequestClass\":\"Rule-HTML-Section\",\"RequestAppliesTo\":\"Data-Admin-Connect-SOAPServer\",\"RequestRuleName\":\"pzDelegationExperience\"}" => HTTP 404 (18 bytes)
[PegaHttpClient] 📡 POST https://zdk8budo.pegaacademy.net/prweb/PRRestService/v1/rules/query?pxObjClass=Rule-HTML-Section&appliesTo=Data-Admin-Connect-SOAPServer&pyRuleName=pzDelegationExperience&RequestClass=Rule-HTML-Section&RequestAppliesTo=Data-Admin-Connect-SOAPServer&RequestRuleName=pzDelegationExperience Payload: "{\"RequestClass\":\"Rule-HTML-Section\",\"RequestAppliesTo\":\"Data-Admin-Connect-SOAPServer\",\"RequestRuleName\":\"pzDelegationExperience\"}" => HTTP 404 (18 bytes)
[PegaHttpClient] 📡 POST https://zdk8budo.pegaacademy.net/prweb/api/CodeIntelligence/v1/rules/query?pxObjClass=Rule-HTML-Section&appliesTo=Data-Admin-Connect-SOAPServer&pyRuleName=pzEnvironment&RequestClass=Rule-HTML-Section&RequestAppliesTo=Data-Admin-Connect-SOAPServer&RequestRuleName=pzEnvironment Payload: "{\"RequestClass\":\"Rule-HTML-Section\",\"RequestAppliesTo\":\"Data-Admin-Connect-SOAPServer\",\"RequestRuleName\":\"pzEnvironment\"}" => HTTP 200 (66150 bytes)
[PegaHttpClient] 📡 POST https://zdk8budo.pegaacademy.net/prweb/api/CodeIntelligence/v1/rules/query?pxObjClass=Rule-HTML-Section&appliesTo=Data-Admin-Connect-SOAPServer&pyRuleName=RuleFormHistory&RequestClass=Rule-HTML-Section&RequestAppliesTo=Data-Admin-Connect-SOAPServer&RequestRuleName=RuleFormHistory Payload: "{\"RequestClass\":\"Rule-HTML-Section\",\"RequestAppliesTo\":\"Data-Admin-Connect-SOAPServer\",\"RequestRuleName\":\"RuleFormHistory\"}" => HTTP 200 (18043 bytes)
[PegaHttpClient] 📡 POST https://zdk8budo.pegaacademy.net/prweb/api/CodeIntelligence/v1/rules/query?pxObjClass=Rule-HTML-Section&appliesTo=Data-Admin-Connect-SOAPServer&pyRuleName=pzCustomHelp&RequestClass=Rule-HTML-Section&RequestAppliesTo=Data-Admin-Connect-SOAPServer&RequestRuleName=pzCustomHelp Payload: "{\"RequestClass\":\"Rule-HTML-Section\",\"RequestAppliesTo\":\"Data-Admin-Connect-SOAPServer\",\"RequestRuleName\":\"pzCustomHelp\"}" => HTTP 200 (31573 bytes)
[PegaHttpClient] 📡 POST https://zdk8budo.pegaacademy.net/prweb/api/CodeIntelligence/v1/rules/query?pxObjClass=Rule-HTML-Section&appliesTo=Data-Admin-Connect-SOAPServer&pyRuleName=pzRuleFormKeysAndDescription&RequestClass=Rule-HTML-Section&RequestAppliesTo=Data-Admin-Connect-SOAPServer&RequestRuleName=pzRuleFormKeysAndDescription Payload: "{\"RequestClass\":\"Rule-HTML-Section\",\"RequestAppliesTo\":\"Data-Admin-Connect-SOAPServer\",\"RequestRuleName\":\"pzRuleFormKeysAndDescription\"}" => HTTP 200 (218057 bytes)
[PegaHttpClient] 📡 POST https://zdk8budo.pegaacademy.net/prweb/api/CodeIntelligence/v1/rules/query?pxObjClass=Rule-HTML-Section&appliesTo=Data-Admin-Connect-SOAPServer&pyRuleName=pzRuleFormRuleset&RequestClass=Rule-HTML-Section&RequestAppliesTo=Data-Admin-Connect-SOAPServer&RequestRuleName=pzRuleFormRuleset Payload: "{\"RequestClass\":\"Rule-HTML-Section\",\"RequestAppliesTo\":\"Data-Admin-Connect-SOAPServer\",\"RequestRuleName\":\"pzRuleFormRuleset\"}" => HTTP 200 (29020 bytes)
[PegaHttpClient] 📡 POST https://zdk8budo.pegaacademy.net/prweb/api/CodeIntelligence/v1/rules/query?pxObjClass=Rule-HTML-Section&appliesTo=Data-Admin-Connect-SOAPServer&pyRuleName=undefined&RequestClass=Rule-HTML-Section&RequestAppliesTo=Data-Admin-Connect-SOAPServer&RequestRuleName=undefined Payload: "{\"RequestClass\":\"Rule-HTML-Section\",\"RequestAppliesTo\":\"Data-Admin-Connect-SOAPServer\",\"RequestRuleName\":\"undefined\"}" => HTTP 404 (116 bytes)
[PegaHttpClient] 📡 POST https://zdk8budo.pegaacademy.net/prweb/PRRestService/CodeIntelligence/v1/rules/query?pxObjClass=Rule-HTML-Section&appliesTo=Data-Admin-Connect-SOAPServer&pyRuleName=undefined&RequestClass=Rule-HTML-Section&RequestAppliesTo=Data-Admin-Connect-SOAPServer&RequestRuleName=undefined Payload: "{\"RequestClass\":\"Rule-HTML-Section\",\"RequestAppliesTo\":\"Data-Admin-Connect-SOAPServer\",\"RequestRuleName\":\"undefined\"}" => HTTP 404 (116 bytes)
[PegaHttpClient] 📡 POST https://zdk8budo.pegaacademy.net/prweb/api/HRAppsV2Service/V1/rules/query?pxObjClass=Rule-HTML-Section&appliesTo=Data-Admin-Connect-SOAPServer&pyRuleName=undefined&RequestClass=Rule-HTML-Section&RequestAppliesTo=Data-Admin-Connect-SOAPServer&RequestRuleName=undefined Payload: "{\"RequestClass\":\"Rule-HTML-Section\",\"RequestAppliesTo\":\"Data-Admin-Connect-SOAPServer\",\"RequestRuleName\":\"undefined\"}" => HTTP 404 (18 bytes)
[PegaHttpClient] 📡 POST https://zdk8budo.pegaacademy.net/prweb/PRRestService/HRAppsV2Service/V1/rules/query?pxObjClass=Rule-HTML-Section&appliesTo=Data-Admin-Connect-SOAPServer&pyRuleName=undefined&RequestClass=Rule-HTML-Section&RequestAppliesTo=Data-Admin-Connect-SOAPServer&RequestRuleName=undefined Payload: "{\"RequestClass\":\"Rule-HTML-Section\",\"RequestAppliesTo\":\"Data-Admin-Connect-SOAPServer\",\"RequestRuleName\":\"undefined\"}" => HTTP 404 (18 bytes)
[PegaHttpClient] 📡 POST https://zdk8budo.pegaacademy.net/prweb/api/HRAppsV2/V1/rules/query?pxObjClass=Rule-HTML-Section&appliesTo=Data-Admin-Connect-SOAPServer&pyRuleName=undefined&RequestClass=Rule-HTML-Section&RequestAppliesTo=Data-Admin-Connect-SOAPServer&RequestRuleName=undefined Payload: "{\"RequestClass\":\"Rule-HTML-Section\",\"RequestAppliesTo\":\"Data-Admin-Connect-SOAPServer\",\"RequestRuleName\":\"undefined\"}" => HTTP 404 (18 bytes)
[PegaHttpClient] 📡 POST https://zdk8budo.pegaacademy.net/prweb/PRRestService/HRAppsV2/V1/rules/query?pxObjClass=Rule-HTML-Section&appliesTo=Data-Admin-Connect-SOAPServer&pyRuleName=undefined&RequestClass=Rule-HTML-Section&RequestAppliesTo=Data-Admin-Connect-SOAPServer&RequestRuleName=undefined Payload: "{\"RequestClass\":\"Rule-HTML-Section\",\"RequestAppliesTo\":\"Data-Admin-Connect-SOAPServer\",\"RequestRuleName\":\"undefined\"}" => HTTP 404 (18 bytes)
[PegaHttpClient] 📡 POST https://zdk8budo.pegaacademy.net/prweb/api/v1/rules/query?pxObjClass=Rule-HTML-Section&appliesTo=Data-Admin-Connect-SOAPServer&pyRuleName=undefined&RequestClass=Rule-HTML-Section&RequestAppliesTo=Data-Admin-Connect-SOAPServer&RequestRuleName=undefined Payload: "{\"RequestClass\":\"Rule-HTML-Section\",\"RequestAppliesTo\":\"Data-Admin-Connect-SOAPServer\",\"RequestRuleName\":\"undefined\"}" => HTTP 404 (18 bytes)
[PegaHttpClient] 📡 POST https://zdk8budo.pegaacademy.net/prweb/PRRestService/v1/rules/query?pxObjClass=Rule-HTML-Section&appliesTo=Data-Admin-Connect-SOAPServer&pyRuleName=undefined&RequestClass=Rule-HTML-Section&RequestAppliesTo=Data-Admin-Connect-SOAPServer&RequestRuleName=undefined Payload: "{\"RequestClass\":\"Rule-HTML-Section\",\"RequestAppliesTo\":\"Data-Admin-Connect-SOAPServer\",\"RequestRuleName\":\"undefined\"}" => HTTP 404 (18 bytes)
[PegaHttpClient] 📡 POST https://zdk8budo.pegaacademy.net/prweb/api/CodeIntelligence/v1/rules/query?pxObjClass=Rule-HTML-Section&appliesTo=Data-Admin-Connect-SOAPServer&pyRuleName=pzRuleFormToolbar&RequestClass=Rule-HTML-Section&RequestAppliesTo=Data-Admin-Connect-SOAPServer&RequestRuleName=pzRuleFormToolbar Payload: "{\"RequestClass\":\"Rule-HTML-Section\",\"RequestAppliesTo\":\"Data-Admin-Connect-SOAPServer\",\"RequestRuleName\":\"pzRuleFormToolbar\"}" => HTTP 200 (242691 bytes)
[PegaHttpClient] 📡 POST https://zdk8budo.pegaacademy.net/prweb/api/CodeIntelligence/v1/rules/query?pxObjClass=Rule-HTML-Section&appliesTo=Data-Admin-Connect-SOAPServer&pyRuleName=pzRuleFormToolbarCompare&RequestClass=Rule-HTML-Section&RequestAppliesTo=Data-Admin-Connect-SOAPServer&RequestRuleName=pzRuleFormToolbarCompare Payload: "{\"RequestClass\":\"Rule-HTML-Section\",\"RequestAppliesTo\":\"Data-Admin-Connect-SOAPServer\",\"RequestRuleName\":\"pzRuleFormToolbarCompare\"}" => HTTP 200 (61925 bytes)
[PegaHttpClient] 📡 POST https://zdk8budo.pegaacademy.net/prweb/api/CodeIntelligence/v1/rules/query?pxObjClass=Rule-HTML-Section&appliesTo=Data-Admin-Connect-SOAPServer&pyRuleName=RuleFormHeaderMessages&RequestClass=Rule-HTML-Section&RequestAppliesTo=Data-Admin-Connect-SOAPServer&RequestRuleName=RuleFormHeaderMessages Payload: "{\"RequestClass\":\"Rule-HTML-Section\",\"RequestAppliesTo\":\"Data-Admin-Connect-SOAPServer\",\"RequestRuleName\":\"RuleFormHeaderMessages\"}" => HTTP 200 (26518 bytes)
[PegaHttpClient] 📡 POST https://zdk8budo.pegaacademy.net/prweb/api/CodeIntelligence/v1/rules/query?pxObjClass=Rule-HTML-Section&appliesTo=Data-Admin-Connect-SOAPServer&pyRuleName=pyNTLM&RequestClass=Rule-HTML-Section&RequestAppliesTo=Data-Admin-Connect-SOAPServer&RequestRuleName=pyNTLM Payload: "{\"RequestClass\":\"Rule-HTML-Section\",\"RequestAppliesTo\":\"Data-Admin-Connect-SOAPServer\",\"RequestRuleName\":\"pyNTLM\"}" => HTTP 200 (19614 bytes)
[PegaHttpClient] 📡 POST https://zdk8budo.pegaacademy.net/prweb/api/CodeIntelligence/v1/rules/query?pxObjClass=Rule-HTML-Section&appliesTo=Data-Admin-Connect-SOAPServer&pyRuleName=pzRuleFormStatus&RequestClass=Rule-HTML-Section&RequestAppliesTo=Data-Admin-Connect-SOAPServer&RequestRuleName=pzRuleFormStatus Payload: "{\"RequestClass\":\"Rule-HTML-Section\",\"RequestAppliesTo\":\"Data-Admin-Connect-SOAPServer\",\"RequestRuleName\":\"pzRuleFormStatus\"}" => HTTP 200 (29579 bytes)
[PegaHttpClient] 📡 POST https://zdk8budo.pegaacademy.net/prweb/api/CodeIntelligence/v1/rules/query?pxObjClass=Rule-HTML-Section&appliesTo=Data-Admin-Connect-SOAPServer&pyRuleName=pzRuleFormHeaderCompareWithDropDown&RequestClass=Rule-HTML-Section&RequestAppliesTo=Data-Admin-Connect-SOAPServer&RequestRuleName=pzRuleFormHeaderCompareWithDropDown Payload: "{\"RequestClass\":\"Rule-HTML-Section\",\"RequestAppliesTo\":\"Data-Admin-Connect-SOAPServer\",\"RequestRuleName\":\"pzRuleFormHeaderCompareWithDropDown\"}" => HTTP 200 (25396 bytes)
[PegaHttpClient] 📡 POST https://zdk8budo.pegaacademy.net/prweb/api/CodeIntelligence/v1/rules/query?pxObjClass=Rule-HTML-Section&appliesTo=Data-Admin-Connect-SOAPServer&pyRuleName=undefined&RequestClass=Rule-HTML-Section&RequestAppliesTo=Data-Admin-Connect-SOAPServer&RequestRuleName=undefined Payload: "{\"RequestClass\":\"Rule-HTML-Section\",\"RequestAppliesTo\":\"Data-Admin-Connect-SOAPServer\",\"RequestRuleName\":\"undefined\"}" => HTTP 404 (116 bytes)
[PegaHttpClient] 📡 POST https://zdk8budo.pegaacademy.net/prweb/PRRestService/CodeIntelligence/v1/rules/query?pxObjClass=Rule-HTML-Section&appliesTo=Data-Admin-Connect-SOAPServer&pyRuleName=undefined&RequestClass=Rule-HTML-Section&RequestAppliesTo=Data-Admin-Connect-SOAPServer&RequestRuleName=undefined Payload: "{\"RequestClass\":\"Rule-HTML-Section\",\"RequestAppliesTo\":\"Data-Admin-Connect-SOAPServer\",\"RequestRuleName\":\"undefined\"}" => HTTP 404 (116 bytes)
[PegaHttpClient] 📡 POST https://zdk8budo.pegaacademy.net/prweb/api/HRAppsV2Service/V1/rules/query?pxObjClass=Rule-HTML-Section&appliesTo=Data-Admin-Connect-SOAPServer&pyRuleName=undefined&RequestClass=Rule-HTML-Section&RequestAppliesTo=Data-Admin-Connect-SOAPServer&RequestRuleName=undefined Payload: "{\"RequestClass\":\"Rule-HTML-Section\",\"RequestAppliesTo\":\"Data-Admin-Connect-SOAPServer\",\"RequestRuleName\":\"undefined\"}" => HTTP 404 (18 bytes)
[PegaHttpClient] 📡 POST https://zdk8budo.pegaacademy.net/prweb/PRRestService/HRAppsV2Service/V1/rules/query?pxObjClass=Rule-HTML-Section&appliesTo=Data-Admin-Connect-SOAPServer&pyRuleName=undefined&RequestClass=Rule-HTML-Section&RequestAppliesTo=Data-Admin-Connect-SOAPServer&RequestRuleName=undefined Payload: "{\"RequestClass\":\"Rule-HTML-Section\",\"RequestAppliesTo\":\"Data-Admin-Connect-SOAPServer\",\"RequestRuleName\":\"undefined\"}" => HTTP 404 (18 bytes)
[PegaHttpClient] 📡 POST https://zdk8budo.pegaacademy.net/prweb/api/HRAppsV2/V1/rules/query?pxObjClass=Rule-HTML-Section&appliesTo=Data-Admin-Connect-SOAPServer&pyRuleName=undefined&RequestClass=Rule-HTML-Section&RequestAppliesTo=Data-Admin-Connect-SOAPServer&RequestRuleName=undefined Payload: "{\"RequestClass\":\"Rule-HTML-Section\",\"RequestAppliesTo\":\"Data-Admin-Connect-SOAPServer\",\"RequestRuleName\":\"undefined\"}" => HTTP 404 (18 bytes)
[PegaHttpClient] 📡 POST https://zdk8budo.pegaacademy.net/prweb/PRRestService/HRAppsV2/V1/rules/query?pxObjClass=Rule-HTML-Section&appliesTo=Data-Admin-Connect-SOAPServer&pyRuleName=undefined&RequestClass=Rule-HTML-Section&RequestAppliesTo=Data-Admin-Connect-SOAPServer&RequestRuleName=undefined Payload: "{\"RequestClass\":\"Rule-HTML-Section\",\"RequestAppliesTo\":\"Data-Admin-Connect-SOAPServer\",\"RequestRuleName\":\"undefined\"}" => HTTP 404 (18 bytes)
[PegaHttpClient] 📡 POST https://zdk8budo.pegaacademy.net/prweb/api/v1/rules/query?pxObjClass=Rule-HTML-Section&appliesTo=Data-Admin-Connect-SOAPServer&pyRuleName=undefined&RequestClass=Rule-HTML-Section&RequestAppliesTo=Data-Admin-Connect-SOAPServer&RequestRuleName=undefined Payload: "{\"RequestClass\":\"Rule-HTML-Section\",\"RequestAppliesTo\":\"Data-Admin-Connect-SOAPServer\",\"RequestRuleName\":\"undefined\"}" => HTTP 404 (18 bytes)
[PegaHttpClient] 📡 POST https://zdk8budo.pegaacademy.net/prweb/PRRestService/v1/rules/query?pxObjClass=Rule-HTML-Section&appliesTo=Data-Admin-Connect-SOAPServer&pyRuleName=undefined&RequestClass=Rule-HTML-Section&RequestAppliesTo=Data-Admin-Connect-SOAPServer&RequestRuleName=undefined Payload: "{\"RequestClass\":\"Rule-HTML-Section\",\"RequestAppliesTo\":\"Data-Admin-Connect-SOAPServer\",\"RequestRuleName\":\"undefined\"}" => HTTP 404 (18 bytes)
[PegaHttpClient] 📡 POST https://zdk8budo.pegaacademy.net/prweb/api/CodeIntelligence/v1/rules/query?pxObjClass=Rule-HTML-Section&appliesTo=Data-Admin-Connect-SOAPServer&pyRuleName=pzRuleFormToolbarHotKeys&RequestClass=Rule-HTML-Section&RequestAppliesTo=Data-Admin-Connect-SOAPServer&RequestRuleName=pzRuleFormToolbarHotKeys Payload: "{\"RequestClass\":\"Rule-HTML-Section\",\"RequestAppliesTo\":\"Data-Admin-Connect-SOAPServer\",\"RequestRuleName\":\"pzRuleFormToolbarHotKeys\"}" => HTTP 200 (85058 bytes)
[PegaHttpClient] 📡 POST https://zdk8budo.pegaacademy.net/prweb/api/CodeIntelligence/v1/rules/query?pxObjClass=Rule-HTML-Section&appliesTo=Data-Admin-Connect-SOAPServer&pyRuleName=pzRuleFormToolbarLockedIcon&RequestClass=Rule-HTML-Section&RequestAppliesTo=Data-Admin-Connect-SOAPServer&RequestRuleName=pzRuleFormToolbarLockedIcon Payload: "{\"RequestClass\":\"Rule-HTML-Section\",\"RequestAppliesTo\":\"Data-Admin-Connect-SOAPServer\",\"RequestRuleName\":\"pzRuleFormToolbarLockedIcon\"}" => HTTP 200 (19111 bytes)
[PegaHttpClient] 📡 POST https://zdk8budo.pegaacademy.net/prweb/api/CodeIntelligence/v1/rules/query?pxObjClass=Rule-HTML-Section&appliesTo=Data-Admin-Connect-SOAPServer&pyRuleName=pzRuleFormToolbarCollaborators&RequestClass=Rule-HTML-Section&RequestAppliesTo=Data-Admin-Connect-SOAPServer&RequestRuleName=pzRuleFormToolbarCollaborators Payload: "{\"RequestClass\":\"Rule-HTML-Section\",\"RequestAppliesTo\":\"Data-Admin-Connect-SOAPServer\",\"RequestRuleName\":\"pzRuleFormToolbarCollaborators\"}" => HTTP 200 (15254 bytes)
[PegaHttpClient] 📡 POST https://zdk8budo.pegaacademy.net/prweb/api/CodeIntelligence/v1/rules/query?pxObjClass=Rule-HTML-Section&appliesTo=Data-Admin-Connect-SOAPServer&pyRuleName=pzRuleFormToolbarSaveAs&RequestClass=Rule-HTML-Section&RequestAppliesTo=Data-Admin-Connect-SOAPServer&RequestRuleName=pzRuleFormToolbarSaveAs Payload: "{\"RequestClass\":\"Rule-HTML-Section\",\"RequestAppliesTo\":\"Data-Admin-Connect-SOAPServer\",\"RequestRuleName\":\"pzRuleFormToolbarSaveAs\"}" => HTTP 200 (64084 bytes)
[PegaHttpClient] 📡 POST https://zdk8budo.pegaacademy.net/prweb/api/CodeIntelligence/v1/rules/query?pxObjClass=Rule-HTML-Section&appliesTo=Data-Admin-Connect-SOAPServer&pyRuleName=pzRuleFormToolbarCheckin&RequestClass=Rule-HTML-Section&RequestAppliesTo=Data-Admin-Connect-SOAPServer&RequestRuleName=pzRuleFormToolbarCheckin Payload: "{\"RequestClass\":\"Rule-HTML-Section\",\"RequestAppliesTo\":\"Data-Admin-Connect-SOAPServer\",\"RequestRuleName\":\"pzRuleFormToolbarCheckin\"}" => HTTP 200 (15601 bytes)
[PegaHttpClient] 📡 POST https://zdk8budo.pegaacademy.net/prweb/api/CodeIntelligence/v1/rules/query?pxObjClass=Rule-HTML-Section&appliesTo=Data-Admin-Connect-SOAPServer&pyRuleName=pzRuleFormToolbarDelete&RequestClass=Rule-HTML-Section&RequestAppliesTo=Data-Admin-Connect-SOAPServer&RequestRuleName=pzRuleFormToolbarDelete Payload: "{\"RequestClass\":\"Rule-HTML-Section\",\"RequestAppliesTo\":\"Data-Admin-Connect-SOAPServer\",\"RequestRuleName\":\"pzRuleFormToolbarDelete\"}" => HTTP 200 (30249 bytes)
[PegaHttpClient] 📡 POST https://zdk8budo.pegaacademy.net/prweb/api/CodeIntelligence/v1/rules/query?pxObjClass=Rule-HTML-Section&appliesTo=Data-Admin-Connect-SOAPServer&pyRuleName=pzRuleFormToolbarSave&RequestClass=Rule-HTML-Section&RequestAppliesTo=Data-Admin-Connect-SOAPServer&RequestRuleName=pzRuleFormToolbarSave Payload: "{\"RequestClass\":\"Rule-HTML-Section\",\"RequestAppliesTo\":\"Data-Admin-Connect-SOAPServer\",\"RequestRuleName\":\"pzRuleFormToolbarSave\"}" => HTTP 200 (293885 bytes)
[PegaHttpClient] 📡 POST https://zdk8budo.pegaacademy.net/prweb/api/CodeIntelligence/v1/rules/query?pxObjClass=Rule-HTML-Section&appliesTo=Data-Admin-Connect-SOAPServer&pyRuleName=pzRuleFormToolbarCheckout&RequestClass=Rule-HTML-Section&RequestAppliesTo=Data-Admin-Connect-SOAPServer&RequestRuleName=pzRuleFormToolbarCheckout Payload: "{\"RequestClass\":\"Rule-HTML-Section\",\"RequestAppliesTo\":\"Data-Admin-Connect-SOAPServer\",\"RequestRuleName\":\"pzRuleFormToolbarCheckout\"}" => HTTP 200 (14854 bytes)
[PegaHttpClient] 📡 POST https://zdk8budo.pegaacademy.net/prweb/api/CodeIntelligence/v1/rules/query?pxObjClass=Rule-HTML-Section&appliesTo=Data-Admin-Connect-SOAPServer&pyRuleName=pzRemoveErrorsDataPage&RequestClass=Rule-HTML-Section&RequestAppliesTo=Data-Admin-Connect-SOAPServer&RequestRuleName=pzRemoveErrorsDataPage Payload: "{\"RequestClass\":\"Rule-HTML-Section\",\"RequestAppliesTo\":\"Data-Admin-Connect-SOAPServer\",\"RequestRuleName\":\"pzRemoveErrorsDataPage\"}" => HTTP 200 (16733 bytes)
[PegaHttpClient] 📡 POST https://zdk8budo.pegaacademy.net/prweb/api/CodeIntelligence/v1/rules/query?pxObjClass=Rule-HTML-Section&appliesTo=Data-Admin-Connect-SOAPServer&pyRuleName=pzRuleFormHeaderMessagesWrapper&RequestClass=Rule-HTML-Section&RequestAppliesTo=Data-Admin-Connect-SOAPServer&RequestRuleName=pzRuleFormHeaderMessagesWrapper Payload: "{\"RequestClass\":\"Rule-HTML-Section\",\"RequestAppliesTo\":\"Data-Admin-Connect-SOAPServer\",\"RequestRuleName\":\"pzRuleFormHeaderMessagesWrapper\"}" => HTTP 200 (16981 bytes)
[PegaHttpClient] 📡 POST https://zdk8budo.pegaacademy.net/prweb/api/CodeIntelligence/v1/rules/query?pxObjClass=Rule-HTML-Section&appliesTo=Data-Admin-Connect-SOAPServer&pyRuleName=pxDisplayCollaborators&RequestClass=Rule-HTML-Section&RequestAppliesTo=Data-Admin-Connect-SOAPServer&RequestRuleName=pxDisplayCollaborators Payload: "{\"RequestClass\":\"Rule-HTML-Section\",\"RequestAppliesTo\":\"Data-Admin-Connect-SOAPServer\",\"RequestRuleName\":\"pxDisplayCollaborators\"}" => HTTP 200 (94171 bytes)
[PegaHttpClient] 📡 POST https://zdk8budo.pegaacademy.net/prweb/api/CodeIntelligence/v1/rules/query?pxObjClass=Rule-HTML-Section&appliesTo=Data-Admin-Connect-SOAPServer&pyRuleName=pzRuleFormToolbarDeleteCheckOut&RequestClass=Rule-HTML-Section&RequestAppliesTo=Data-Admin-Connect-SOAPServer&RequestRuleName=pzRuleFormToolbarDeleteCheckOut Payload: "{\"RequestClass\":\"Rule-HTML-Section\",\"RequestAppliesTo\":\"Data-Admin-Connect-SOAPServer\",\"RequestRuleName\":\"pzRuleFormToolbarDeleteCheckOut\"}" => HTTP 404 (138 bytes)
[PegaHttpClient] 📡 POST https://zdk8budo.pegaacademy.net/prweb/PRRestService/CodeIntelligence/v1/rules/query?pxObjClass=Rule-HTML-Section&appliesTo=Data-Admin-Connect-SOAPServer&pyRuleName=pzRuleFormToolbarDeleteCheckOut&RequestClass=Rule-HTML-Section&RequestAppliesTo=Data-Admin-Connect-SOAPServer&RequestRuleName=pzRuleFormToolbarDeleteCheckOut Payload: "{\"RequestClass\":\"Rule-HTML-Section\",\"RequestAppliesTo\":\"Data-Admin-Connect-SOAPServer\",\"RequestRuleName\":\"pzRuleFormToolbarDeleteCheckOut\"}" => HTTP 404 (138 bytes)
[PegaHttpClient] 📡 POST https://zdk8budo.pegaacademy.net/prweb/api/HRAppsV2Service/V1/rules/query?pxObjClass=Rule-HTML-Section&appliesTo=Data-Admin-Connect-SOAPServer&pyRuleName=pzRuleFormToolbarDeleteCheckOut&RequestClass=Rule-HTML-Section&RequestAppliesTo=Data-Admin-Connect-SOAPServer&RequestRuleName=pzRuleFormToolbarDeleteCheckOut Payload: "{\"RequestClass\":\"Rule-HTML-Section\",\"RequestAppliesTo\":\"Data-Admin-Connect-SOAPServer\",\"RequestRuleName\":\"pzRuleFormToolbarDeleteCheckOut\"}" => HTTP 404 (18 bytes)
[PegaHttpClient] 📡 POST https://zdk8budo.pegaacademy.net/prweb/PRRestService/HRAppsV2Service/V1/rules/query?pxObjClass=Rule-HTML-Section&appliesTo=Data-Admin-Connect-SOAPServer&pyRuleName=pzRuleFormToolbarDeleteCheckOut&RequestClass=Rule-HTML-Section&RequestAppliesTo=Data-Admin-Connect-SOAPServer&RequestRuleName=pzRuleFormToolbarDeleteCheckOut Payload: "{\"RequestClass\":\"Rule-HTML-Section\",\"RequestAppliesTo\":\"Data-Admin-Connect-SOAPServer\",\"RequestRuleName\":\"pzRuleFormToolbarDeleteCheckOut\"}" => HTTP 404 (18 bytes)
[PegaHttpClient] 📡 POST https://zdk8budo.pegaacademy.net/prweb/api/HRAppsV2/V1/rules/query?pxObjClass=Rule-HTML-Section&appliesTo=Data-Admin-Connect-SOAPServer&pyRuleName=pzRuleFormToolbarDeleteCheckOut&RequestClass=Rule-HTML-Section&RequestAppliesTo=Data-Admin-Connect-SOAPServer&RequestRuleName=pzRuleFormToolbarDeleteCheckOut Payload: "{\"RequestClass\":\"Rule-HTML-Section\",\"RequestAppliesTo\":\"Data-Admin-Connect-SOAPServer\",\"RequestRuleName\":\"pzRuleFormToolbarDeleteCheckOut\"}" => HTTP 404 (18 bytes)
[PegaHttpClient] 📡 POST https://zdk8budo.pegaacademy.net/prweb/PRRestService/HRAppsV2/V1/rules/query?pxObjClass=Rule-HTML-Section&appliesTo=Data-Admin-Connect-SOAPServer&pyRuleName=pzRuleFormToolbarDeleteCheckOut&RequestClass=Rule-HTML-Section&RequestAppliesTo=Data-Admin-Connect-SOAPServer&RequestRuleName=pzRuleFormToolbarDeleteCheckOut Payload: "{\"RequestClass\":\"Rule-HTML-Section\",\"RequestAppliesTo\":\"Data-Admin-Connect-SOAPServer\",\"RequestRuleName\":\"pzRuleFormToolbarDeleteCheckOut\"}" => HTTP 404 (18 bytes)
[PegaHttpClient] 📡 POST https://zdk8budo.pegaacademy.net/prweb/api/v1/rules/query?pxObjClass=Rule-HTML-Section&appliesTo=Data-Admin-Connect-SOAPServer&pyRuleName=pzRuleFormToolbarDeleteCheckOut&RequestClass=Rule-HTML-Section&RequestAppliesTo=Data-Admin-Connect-SOAPServer&RequestRuleName=pzRuleFormToolbarDeleteCheckOut Payload: "{\"RequestClass\":\"Rule-HTML-Section\",\"RequestAppliesTo\":\"Data-Admin-Connect-SOAPServer\",\"RequestRuleName\":\"pzRuleFormToolbarDeleteCheckOut\"}" => HTTP 404 (18 bytes)
[PegaHttpClient] 📡 POST https://zdk8budo.pegaacademy.net/prweb/PRRestService/v1/rules/query?pxObjClass=Rule-HTML-Section&appliesTo=Data-Admin-Connect-SOAPServer&pyRuleName=pzRuleFormToolbarDeleteCheckOut&RequestClass=Rule-HTML-Section&RequestAppliesTo=Data-Admin-Connect-SOAPServer&RequestRuleName=pzRuleFormToolbarDeleteCheckOut Payload: "{\"RequestClass\":\"Rule-HTML-Section\",\"RequestAppliesTo\":\"Data-Admin-Connect-SOAPServer\",\"RequestRuleName\":\"pzRuleFormToolbarDeleteCheckOut\"}" => HTTP 404 (18 bytes)
[PegaHttpClient] 📡 POST https://zdk8budo.pegaacademy.net/prweb/api/CodeIntelligence/v1/rules/query?pxObjClass=Rule-HTML-Section&appliesTo=Data-Admin-Connect-SOAPServer&pyRuleName=pzRuleFormToolbarDeleteRule&RequestClass=Rule-HTML-Section&RequestAppliesTo=Data-Admin-Connect-SOAPServer&RequestRuleName=pzRuleFormToolbarDeleteRule Payload: "{\"RequestClass\":\"Rule-HTML-Section\",\"RequestAppliesTo\":\"Data-Admin-Connect-SOAPServer\",\"RequestRuleName\":\"pzRuleFormToolbarDeleteRule\"}" => HTTP 200 (32314 bytes)
[PegaHttpClient] 📡 POST https://zdk8budo.pegaacademy.net/prweb/api/CodeIntelligence/v1/rules/query?pxObjClass=Rule-HTML-Section&appliesTo=Data-Admin-Connect-SOAPServer&pyRuleName=pzLoadCollaborationScripts&RequestClass=Rule-HTML-Section&RequestAppliesTo=Data-Admin-Connect-SOAPServer&RequestRuleName=pzLoadCollaborationScripts Payload: "{\"RequestClass\":\"Rule-HTML-Section\",\"RequestAppliesTo\":\"Data-Admin-Connect-SOAPServer\",\"RequestRuleName\":\"pzLoadCollaborationScripts\"}" => HTTP 200 (23453 bytes)
[PegaHttpClient] 📡 POST https://zdk8budo.pegaacademy.net/prweb/api/CodeIntelligence/v1/rules/query?pxObjClass=Rule-HTML-Section&appliesTo=Data-Admin-Connect-SOAPServer&pyRuleName=pzDisplayCollaboratorsList&RequestClass=Rule-HTML-Section&RequestAppliesTo=Data-Admin-Connect-SOAPServer&RequestRuleName=pzDisplayCollaboratorsList Payload: "{\"RequestClass\":\"Rule-HTML-Section\",\"RequestAppliesTo\":\"Data-Admin-Connect-SOAPServer\",\"RequestRuleName\":\"pzDisplayCollaboratorsList\"}" => HTTP 200 (105418 bytes)
[PegaHttpClient] 📡 POST https://zdk8budo.pegaacademy.net/prweb/api/CodeIntelligence/v1/rules/query?pxObjClass=Rule-HTML-Section&appliesTo=Data-Admin-Connect-SOAPServer&pyRuleName=pyCollaborator&RequestClass=Rule-HTML-Section&RequestAppliesTo=Data-Admin-Connect-SOAPServer&RequestRuleName=pyCollaborator Payload: "{\"RequestClass\":\"Rule-HTML-Section\",\"RequestAppliesTo\":\"Data-Admin-Connect-SOAPServer\",\"RequestRuleName\":\"pyCollaborator\"}" => HTTP 404 (121 bytes)
[PegaHttpClient] 📡 POST https://zdk8budo.pegaacademy.net/prweb/PRRestService/CodeIntelligence/v1/rules/query?pxObjClass=Rule-HTML-Section&appliesTo=Data-Admin-Connect-SOAPServer&pyRuleName=pyCollaborator&RequestClass=Rule-HTML-Section&RequestAppliesTo=Data-Admin-Connect-SOAPServer&RequestRuleName=pyCollaborator Payload: "{\"RequestClass\":\"Rule-HTML-Section\",\"RequestAppliesTo\":\"Data-Admin-Connect-SOAPServer\",\"RequestRuleName\":\"pyCollaborator\"}" => HTTP 404 (121 bytes)
[PegaHttpClient] 📡 POST https://zdk8budo.pegaacademy.net/prweb/api/HRAppsV2Service/V1/rules/query?pxObjClass=Rule-HTML-Section&appliesTo=Data-Admin-Connect-SOAPServer&pyRuleName=pyCollaborator&RequestClass=Rule-HTML-Section&RequestAppliesTo=Data-Admin-Connect-SOAPServer&RequestRuleName=pyCollaborator Payload: "{\"RequestClass\":\"Rule-HTML-Section\",\"RequestAppliesTo\":\"Data-Admin-Connect-SOAPServer\",\"RequestRuleName\":\"pyCollaborator\"}" => HTTP 404 (18 bytes)
[PegaHttpClient] 📡 POST https://zdk8budo.pegaacademy.net/prweb/PRRestService/HRAppsV2Service/V1/rules/query?pxObjClass=Rule-HTML-Section&appliesTo=Data-Admin-Connect-SOAPServer&pyRuleName=pyCollaborator&RequestClass=Rule-HTML-Section&RequestAppliesTo=Data-Admin-Connect-SOAPServer&RequestRuleName=pyCollaborator Payload: "{\"RequestClass\":\"Rule-HTML-Section\",\"RequestAppliesTo\":\"Data-Admin-Connect-SOAPServer\",\"RequestRuleName\":\"pyCollaborator\"}" => HTTP 404 (18 bytes)
[PegaHttpClient] 📡 POST https://zdk8budo.pegaacademy.net/prweb/api/HRAppsV2/V1/rules/query?pxObjClass=Rule-HTML-Section&appliesTo=Data-Admin-Connect-SOAPServer&pyRuleName=pyCollaborator&RequestClass=Rule-HTML-Section&RequestAppliesTo=Data-Admin-Connect-SOAPServer&RequestRuleName=pyCollaborator Payload: "{\"RequestClass\":\"Rule-HTML-Section\",\"RequestAppliesTo\":\"Data-Admin-Connect-SOAPServer\",\"RequestRuleName\":\"pyCollaborator\"}" => HTTP 404 (18 bytes)
[PegaHttpClient] 📡 POST https://zdk8budo.pegaacademy.net/prweb/PRRestService/HRAppsV2/V1/rules/query?pxObjClass=Rule-HTML-Section&appliesTo=Data-Admin-Connect-SOAPServer&pyRuleName=pyCollaborator&RequestClass=Rule-HTML-Section&RequestAppliesTo=Data-Admin-Connect-SOAPServer&RequestRuleName=pyCollaborator Payload: "{\"RequestClass\":\"Rule-HTML-Section\",\"RequestAppliesTo\":\"Data-Admin-Connect-SOAPServer\",\"RequestRuleName\":\"pyCollaborator\"}" => HTTP 404 (18 bytes)
[PegaHttpClient] 📡 POST https://zdk8budo.pegaacademy.net/prweb/api/v1/rules/query?pxObjClass=Rule-HTML-Section&appliesTo=Data-Admin-Connect-SOAPServer&pyRuleName=pyCollaborator&RequestClass=Rule-HTML-Section&RequestAppliesTo=Data-Admin-Connect-SOAPServer&RequestRuleName=pyCollaborator Payload: "{\"RequestClass\":\"Rule-HTML-Section\",\"RequestAppliesTo\":\"Data-Admin-Connect-SOAPServer\",\"RequestRuleName\":\"pyCollaborator\"}" => HTTP 404 (18 bytes)
[PegaHttpClient] 📡 POST https://zdk8budo.pegaacademy.net/prweb/PRRestService/v1/rules/query?pxObjClass=Rule-HTML-Section&appliesTo=Data-Admin-Connect-SOAPServer&pyRuleName=pyCollaborator&RequestClass=Rule-HTML-Section&RequestAppliesTo=Data-Admin-Connect-SOAPServer&RequestRuleName=pyCollaborator Payload: "{\"RequestClass\":\"Rule-HTML-Section\",\"RequestAppliesTo\":\"Data-Admin-Connect-SOAPServer\",\"RequestRuleName\":\"pyCollaborator\"}" => HTTP 404 (18 bytes)
[PegaHttpClient] 📡 POST https://zdk8budo.pegaacademy.net/prweb/api/CodeIntelligence/v1/rules/query?pxObjClass=Rule-HTML-Section&appliesTo=Data-Admin-Connect-SOAPServer&pyRuleName=pzDisplayPartialCount&RequestClass=Rule-HTML-Section&RequestAppliesTo=Data-Admin-Connect-SOAPServer&RequestRuleName=pzDisplayPartialCount Payload: "{\"RequestClass\":\"Rule-HTML-Section\",\"RequestAppliesTo\":\"Data-Admin-Connect-SOAPServer\",\"RequestRuleName\":\"pzDisplayPartialCount\"}" => HTTP 404 (128 bytes)
[PegaHttpClient] 📡 POST https://zdk8budo.pegaacademy.net/prweb/PRRestService/CodeIntelligence/v1/rules/query?pxObjClass=Rule-HTML-Section&appliesTo=Data-Admin-Connect-SOAPServer&pyRuleName=pzDisplayPartialCount&RequestClass=Rule-HTML-Section&RequestAppliesTo=Data-Admin-Connect-SOAPServer&RequestRuleName=pzDisplayPartialCount Payload: "{\"RequestClass\":\"Rule-HTML-Section\",\"RequestAppliesTo\":\"Data-Admin-Connect-SOAPServer\",\"RequestRuleName\":\"pzDisplayPartialCount\"}" => HTTP 404 (128 bytes)
[PegaHttpClient] 📡 POST https://zdk8budo.pegaacademy.net/prweb/api/HRAppsV2Service/V1/rules/query?pxObjClass=Rule-HTML-Section&appliesTo=Data-Admin-Connect-SOAPServer&pyRuleName=pzDisplayPartialCount&RequestClass=Rule-HTML-Section&RequestAppliesTo=Data-Admin-Connect-SOAPServer&RequestRuleName=pzDisplayPartialCount Payload: "{\"RequestClass\":\"Rule-HTML-Section\",\"RequestAppliesTo\":\"Data-Admin-Connect-SOAPServer\",\"RequestRuleName\":\"pzDisplayPartialCount\"}" => HTTP 404 (18 bytes)
[PegaHttpClient] 📡 POST https://zdk8budo.pegaacademy.net/prweb/PRRestService/HRAppsV2Service/V1/rules/query?pxObjClass=Rule-HTML-Section&appliesTo=Data-Admin-Connect-SOAPServer&pyRuleName=pzDisplayPartialCount&RequestClass=Rule-HTML-Section&RequestAppliesTo=Data-Admin-Connect-SOAPServer&RequestRuleName=pzDisplayPartialCount Payload: "{\"RequestClass\":\"Rule-HTML-Section\",\"RequestAppliesTo\":\"Data-Admin-Connect-SOAPServer\",\"RequestRuleName\":\"pzDisplayPartialCount\"}" => HTTP 404 (18 bytes)
[PegaHttpClient] 📡 POST https://zdk8budo.pegaacademy.net/prweb/api/HRAppsV2/V1/rules/query?pxObjClass=Rule-HTML-Section&appliesTo=Data-Admin-Connect-SOAPServer&pyRuleName=pzDisplayPartialCount&RequestClass=Rule-HTML-Section&RequestAppliesTo=Data-Admin-Connect-SOAPServer&RequestRuleName=pzDisplayPartialCount Payload: "{\"RequestClass\":\"Rule-HTML-Section\",\"RequestAppliesTo\":\"Data-Admin-Connect-SOAPServer\",\"RequestRuleName\":\"pzDisplayPartialCount\"}" => HTTP 404 (18 bytes)
[PegaHttpClient] 📡 POST https://zdk8budo.pegaacademy.net/prweb/PRRestService/HRAppsV2/V1/rules/query?pxObjClass=Rule-HTML-Section&appliesTo=Data-Admin-Connect-SOAPServer&pyRuleName=pzDisplayPartialCount&RequestClass=Rule-HTML-Section&RequestAppliesTo=Data-Admin-Connect-SOAPServer&RequestRuleName=pzDisplayPartialCount Payload: "{\"RequestClass\":\"Rule-HTML-Section\",\"RequestAppliesTo\":\"Data-Admin-Connect-SOAPServer\",\"RequestRuleName\":\"pzDisplayPartialCount\"}" => HTTP 404 (18 bytes)
[PegaHttpClient] 📡 POST https://zdk8budo.pegaacademy.net/prweb/api/v1/rules/query?pxObjClass=Rule-HTML-Section&appliesTo=Data-Admin-Connect-SOAPServer&pyRuleName=pzDisplayPartialCount&RequestClass=Rule-HTML-Section&RequestAppliesTo=Data-Admin-Connect-SOAPServer&RequestRuleName=pzDisplayPartialCount Payload: "{\"RequestClass\":\"Rule-HTML-Section\",\"RequestAppliesTo\":\"Data-Admin-Connect-SOAPServer\",\"RequestRuleName\":\"pzDisplayPartialCount\"}" => HTTP 404 (18 bytes)
[PegaHttpClient] 📡 POST https://zdk8budo.pegaacademy.net/prweb/PRRestService/v1/rules/query?pxObjClass=Rule-HTML-Section&appliesTo=Data-Admin-Connect-SOAPServer&pyRuleName=pzDisplayPartialCount&RequestClass=Rule-HTML-Section&RequestAppliesTo=Data-Admin-Connect-SOAPServer&RequestRuleName=pzDisplayPartialCount Payload: "{\"RequestClass\":\"Rule-HTML-Section\",\"RequestAppliesTo\":\"Data-Admin-Connect-SOAPServer\",\"RequestRuleName\":\"pzDisplayPartialCount\"}" => HTTP 404 (18 bytes)
[SchemaGen] ✅ Schema written for Data-Admin-Connect-SOAPServer
[PegaHttpClient] 📡 GET https://zdk8budo.pegaacademy.net/prweb/api/CodeIntelligence/v1/rules/RULE-HTML-HARNESS%20DATA-ADMIN-CONNECT-ATOMSERVER%20RULEFORM%20%2320180713T135820.431%20GMT => HTTP 200 (24250 bytes)
[PegaHttpClient] 📡 POST https://zdk8budo.pegaacademy.net/prweb/api/CodeIntelligence/v1/rules/query?pxObjClass=Rule-HTML-Section&appliesTo=Data-Admin-Connect-AtomServer&pyRuleName=RuleFormMain&RequestClass=Rule-HTML-Section&RequestAppliesTo=Data-Admin-Connect-AtomServer&RequestRuleName=RuleFormMain Payload: "{\"RequestClass\":\"Rule-HTML-Section\",\"RequestAppliesTo\":\"Data-Admin-Connect-AtomServer\",\"RequestRuleName\":\"RuleFormMain\"}" => HTTP 200 (156234 bytes)
[PegaHttpClient] 📡 POST https://zdk8budo.pegaacademy.net/prweb/api/CodeIntelligence/v1/rules/query?pxObjClass=Rule-HTML-Section&appliesTo=Data-Admin-Connect-AtomServer&pyRuleName=pxAlternateRuleForm&RequestClass=Rule-HTML-Section&RequestAppliesTo=Data-Admin-Connect-AtomServer&RequestRuleName=pxAlternateRuleForm Payload: "{\"RequestClass\":\"Rule-HTML-Section\",\"RequestAppliesTo\":\"Data-Admin-Connect-AtomServer\",\"RequestRuleName\":\"pxAlternateRuleForm\"}" => HTTP 200 (66153 bytes)
[PegaHttpClient] 📡 POST https://zdk8budo.pegaacademy.net/prweb/api/CodeIntelligence/v1/rules/query?pxObjClass=Rule-HTML-Section&appliesTo=Data-Admin-Connect-AtomServer&pyRuleName=pzRuleFormScripts&RequestClass=Rule-HTML-Section&RequestAppliesTo=Data-Admin-Connect-AtomServer&RequestRuleName=pzRuleFormScripts Payload: "{\"RequestClass\":\"Rule-HTML-Section\",\"RequestAppliesTo\":\"Data-Admin-Connect-AtomServer\",\"RequestRuleName\":\"pzRuleFormScripts\"}" => HTTP 200 (40822 bytes)
[PegaHttpClient] 📡 POST https://zdk8budo.pegaacademy.net/prweb/api/CodeIntelligence/v1/rules/query?pxObjClass=Rule-HTML-Section&appliesTo=Data-Admin-Connect-AtomServer&pyRuleName=pzRuleFormLayoutDelegated&RequestClass=Rule-HTML-Section&RequestAppliesTo=Data-Admin-Connect-AtomServer&RequestRuleName=pzRuleFormLayoutDelegated Payload: "{\"RequestClass\":\"Rule-HTML-Section\",\"RequestAppliesTo\":\"Data-Admin-Connect-AtomServer\",\"RequestRuleName\":\"pzRuleFormLayoutDelegated\"}" => HTTP 200 (70998 bytes)
[PegaHttpClient] 📡 POST https://zdk8budo.pegaacademy.net/prweb/api/CodeIntelligence/v1/rules/query?pxObjClass=Rule-HTML-Section&appliesTo=Data-Admin-Connect-AtomServer&pyRuleName=RuleFormLayout&RequestClass=Rule-HTML-Section&RequestAppliesTo=Data-Admin-Connect-AtomServer&RequestRuleName=RuleFormLayout Payload: "{\"RequestClass\":\"Rule-HTML-Section\",\"RequestAppliesTo\":\"Data-Admin-Connect-AtomServer\",\"RequestRuleName\":\"RuleFormLayout\"}" => HTTP 200 (48553 bytes)
[PegaHttpClient] 📡 POST https://zdk8budo.pegaacademy.net/prweb/api/CodeIntelligence/v1/rules/query?pxObjClass=Rule-HTML-Section&appliesTo=Data-Admin-Connect-AtomServer&pyRuleName=RuleFormSettings&RequestClass=Rule-HTML-Section&RequestAppliesTo=Data-Admin-Connect-AtomServer&RequestRuleName=RuleFormSettings Payload: "{\"RequestClass\":\"Rule-HTML-Section\",\"RequestAppliesTo\":\"Data-Admin-Connect-AtomServer\",\"RequestRuleName\":\"RuleFormSettings\"}" => HTTP 200 (21582 bytes)
[PegaHttpClient] 📡 POST https://zdk8budo.pegaacademy.net/prweb/api/CodeIntelligence/v1/rules/query?pxObjClass=Rule-HTML-Section&appliesTo=Data-Admin-Connect-AtomServer&pyRuleName=OpenAuthoring&RequestClass=Rule-HTML-Section&RequestAppliesTo=Data-Admin-Connect-AtomServer&RequestRuleName=OpenAuthoring Payload: "{\"RequestClass\":\"Rule-HTML-Section\",\"RequestAppliesTo\":\"Data-Admin-Connect-AtomServer\",\"RequestRuleName\":\"OpenAuthoring\"}" => HTTP 200 (20315 bytes)
[PegaHttpClient] 📡 POST https://zdk8budo.pegaacademy.net/prweb/api/CodeIntelligence/v1/rules/query?pxObjClass=Rule-HTML-Section&appliesTo=Data-Admin-Connect-AtomServer&pyRuleName=pyCustomHelp&RequestClass=Rule-HTML-Section&RequestAppliesTo=Data-Admin-Connect-AtomServer&RequestRuleName=pyCustomHelp Payload: "{\"RequestClass\":\"Rule-HTML-Section\",\"RequestAppliesTo\":\"Data-Admin-Connect-AtomServer\",\"RequestRuleName\":\"pyCustomHelp\"}" => HTTP 200 (17256 bytes)
[PegaHttpClient] 📡 POST https://zdk8budo.pegaacademy.net/prweb/api/CodeIntelligence/v1/rules/query?pxObjClass=Rule-HTML-Section&appliesTo=Data-Admin-Connect-AtomServer&pyRuleName=pzRuleformMainInclude&RequestClass=Rule-HTML-Section&RequestAppliesTo=Data-Admin-Connect-AtomServer&RequestRuleName=pzRuleformMainInclude Payload: "{\"RequestClass\":\"Rule-HTML-Section\",\"RequestAppliesTo\":\"Data-Admin-Connect-AtomServer\",\"RequestRuleName\":\"pzRuleformMainInclude\"}" => HTTP 200 (22375 bytes)
[PegaHttpClient] 📡 POST https://zdk8budo.pegaacademy.net/prweb/api/CodeIntelligence/v1/rules/query?pxObjClass=Rule-HTML-Section&appliesTo=Data-Admin-Connect-AtomServer&pyRuleName=pyAlternativeRuleFormStrategicAppExtension&RequestClass=Rule-HTML-Section&RequestAppliesTo=Data-Admin-Connect-AtomServer&RequestRuleName=pyAlternativeRuleFormStrategicAppExtension Payload: "{\"RequestClass\":\"Rule-HTML-Section\",\"RequestAppliesTo\":\"Data-Admin-Connect-AtomServer\",\"RequestRuleName\":\"pyAlternativeRuleFormStrategicAppExtension\"}" => HTTP 200 (25042 bytes)
[PegaHttpClient] 📡 POST https://zdk8budo.pegaacademy.net/prweb/api/CodeIntelligence/v1/rules/query?pxObjClass=Rule-HTML-Section&appliesTo=Data-Admin-Connect-AtomServer&pyRuleName=pyAlternativeRuleFormExtension&RequestClass=Rule-HTML-Section&RequestAppliesTo=Data-Admin-Connect-AtomServer&RequestRuleName=pyAlternativeRuleFormExtension Payload: "{\"RequestClass\":\"Rule-HTML-Section\",\"RequestAppliesTo\":\"Data-Admin-Connect-AtomServer\",\"RequestRuleName\":\"pyAlternativeRuleFormExtension\"}" => HTTP 200 (24863 bytes)
[PegaHttpClient] 📡 POST https://zdk8budo.pegaacademy.net/prweb/api/CodeIntelligence/v1/rules/query?pxObjClass=Rule-HTML-Section&appliesTo=Data-Admin-Connect-AtomServer&pyRuleName=RuleFormHeader&RequestClass=Rule-HTML-Section&RequestAppliesTo=Data-Admin-Connect-AtomServer&RequestRuleName=RuleFormHeader Payload: "{\"RequestClass\":\"Rule-HTML-Section\",\"RequestAppliesTo\":\"Data-Admin-Connect-AtomServer\",\"RequestRuleName\":\"RuleFormHeader\"}" => HTTP 200 (183800 bytes)
[PegaHttpClient] 📡 POST https://zdk8budo.pegaacademy.net/prweb/api/CodeIntelligence/v1/rules/query?pxObjClass=Rule-HTML-Section&appliesTo=Data-Admin-Connect-AtomServer&pyRuleName=pzDelegationExperience&RequestClass=Rule-HTML-Section&RequestAppliesTo=Data-Admin-Connect-AtomServer&RequestRuleName=pzDelegationExperience Payload: "{\"RequestClass\":\"Rule-HTML-Section\",\"RequestAppliesTo\":\"Data-Admin-Connect-AtomServer\",\"RequestRuleName\":\"pzDelegationExperience\"}" => HTTP 404 (129 bytes)
[PegaHttpClient] 📡 POST https://zdk8budo.pegaacademy.net/prweb/PRRestService/CodeIntelligence/v1/rules/query?pxObjClass=Rule-HTML-Section&appliesTo=Data-Admin-Connect-AtomServer&pyRuleName=pzDelegationExperience&RequestClass=Rule-HTML-Section&RequestAppliesTo=Data-Admin-Connect-AtomServer&RequestRuleName=pzDelegationExperience Payload: "{\"RequestClass\":\"Rule-HTML-Section\",\"RequestAppliesTo\":\"Data-Admin-Connect-AtomServer\",\"RequestRuleName\":\"pzDelegationExperience\"}" => HTTP 404 (129 bytes)
[PegaHttpClient] 📡 POST https://zdk8budo.pegaacademy.net/prweb/api/HRAppsV2Service/V1/rules/query?pxObjClass=Rule-HTML-Section&appliesTo=Data-Admin-Connect-AtomServer&pyRuleName=pzDelegationExperience&RequestClass=Rule-HTML-Section&RequestAppliesTo=Data-Admin-Connect-AtomServer&RequestRuleName=pzDelegationExperience Payload: "{\"RequestClass\":\"Rule-HTML-Section\",\"RequestAppliesTo\":\"Data-Admin-Connect-AtomServer\",\"RequestRuleName\":\"pzDelegationExperience\"}" => HTTP 404 (18 bytes)
[PegaHttpClient] 📡 POST https://zdk8budo.pegaacademy.net/prweb/PRRestService/HRAppsV2Service/V1/rules/query?pxObjClass=Rule-HTML-Section&appliesTo=Data-Admin-Connect-AtomServer&pyRuleName=pzDelegationExperience&RequestClass=Rule-HTML-Section&RequestAppliesTo=Data-Admin-Connect-AtomServer&RequestRuleName=pzDelegationExperience Payload: "{\"RequestClass\":\"Rule-HTML-Section\",\"RequestAppliesTo\":\"Data-Admin-Connect-AtomServer\",\"RequestRuleName\":\"pzDelegationExperience\"}" => HTTP 404 (18 bytes)
[PegaHttpClient] 📡 POST https://zdk8budo.pegaacademy.net/prweb/api/HRAppsV2/V1/rules/query?pxObjClass=Rule-HTML-Section&appliesTo=Data-Admin-Connect-AtomServer&pyRuleName=pzDelegationExperience&RequestClass=Rule-HTML-Section&RequestAppliesTo=Data-Admin-Connect-AtomServer&RequestRuleName=pzDelegationExperience Payload: "{\"RequestClass\":\"Rule-HTML-Section\",\"RequestAppliesTo\":\"Data-Admin-Connect-AtomServer\",\"RequestRuleName\":\"pzDelegationExperience\"}" => HTTP 404 (18 bytes)
[PegaHttpClient] 📡 POST https://zdk8budo.pegaacademy.net/prweb/PRRestService/HRAppsV2/V1/rules/query?pxObjClass=Rule-HTML-Section&appliesTo=Data-Admin-Connect-AtomServer&pyRuleName=pzDelegationExperience&RequestClass=Rule-HTML-Section&RequestAppliesTo=Data-Admin-Connect-AtomServer&RequestRuleName=pzDelegationExperience Payload: "{\"RequestClass\":\"Rule-HTML-Section\",\"RequestAppliesTo\":\"Data-Admin-Connect-AtomServer\",\"RequestRuleName\":\"pzDelegationExperience\"}" => HTTP 404 (18 bytes)
[PegaHttpClient] 📡 POST https://zdk8budo.pegaacademy.net/prweb/api/v1/rules/query?pxObjClass=Rule-HTML-Section&appliesTo=Data-Admin-Connect-AtomServer&pyRuleName=pzDelegationExperience&RequestClass=Rule-HTML-Section&RequestAppliesTo=Data-Admin-Connect-AtomServer&RequestRuleName=pzDelegationExperience Payload: "{\"RequestClass\":\"Rule-HTML-Section\",\"RequestAppliesTo\":\"Data-Admin-Connect-AtomServer\",\"RequestRuleName\":\"pzDelegationExperience\"}" => HTTP 404 (18 bytes)
[PegaHttpClient] 📡 POST https://zdk8budo.pegaacademy.net/prweb/PRRestService/v1/rules/query?pxObjClass=Rule-HTML-Section&appliesTo=Data-Admin-Connect-AtomServer&pyRuleName=pzDelegationExperience&RequestClass=Rule-HTML-Section&RequestAppliesTo=Data-Admin-Connect-AtomServer&RequestRuleName=pzDelegationExperience Payload: "{\"RequestClass\":\"Rule-HTML-Section\",\"RequestAppliesTo\":\"Data-Admin-Connect-AtomServer\",\"RequestRuleName\":\"pzDelegationExperience\"}" => HTTP 404 (18 bytes)
[PegaHttpClient] 📡 POST https://zdk8budo.pegaacademy.net/prweb/api/CodeIntelligence/v1/rules/query?pxObjClass=Rule-HTML-Section&appliesTo=Data-Admin-Connect-AtomServer&pyRuleName=pzEnvironment&RequestClass=Rule-HTML-Section&RequestAppliesTo=Data-Admin-Connect-AtomServer&RequestRuleName=pzEnvironment Payload: "{\"RequestClass\":\"Rule-HTML-Section\",\"RequestAppliesTo\":\"Data-Admin-Connect-AtomServer\",\"RequestRuleName\":\"pzEnvironment\"}" => HTTP 200 (56382 bytes)
[PegaHttpClient] 📡 POST https://zdk8budo.pegaacademy.net/prweb/api/CodeIntelligence/v1/rules/query?pxObjClass=Rule-HTML-Section&appliesTo=Data-Admin-Connect-AtomServer&pyRuleName=RuleFormHistory&RequestClass=Rule-HTML-Section&RequestAppliesTo=Data-Admin-Connect-AtomServer&RequestRuleName=RuleFormHistory Payload: "{\"RequestClass\":\"Rule-HTML-Section\",\"RequestAppliesTo\":\"Data-Admin-Connect-AtomServer\",\"RequestRuleName\":\"RuleFormHistory\"}" => HTTP 200 (18043 bytes)
[PegaHttpClient] 📡 POST https://zdk8budo.pegaacademy.net/prweb/api/CodeIntelligence/v1/rules/query?pxObjClass=Rule-HTML-Section&appliesTo=Data-Admin-Connect-AtomServer&pyRuleName=pzCustomHelp&RequestClass=Rule-HTML-Section&RequestAppliesTo=Data-Admin-Connect-AtomServer&RequestRuleName=pzCustomHelp Payload: "{\"RequestClass\":\"Rule-HTML-Section\",\"RequestAppliesTo\":\"Data-Admin-Connect-AtomServer\",\"RequestRuleName\":\"pzCustomHelp\"}" => HTTP 200 (31573 bytes)
[PegaHttpClient] 📡 POST https://zdk8budo.pegaacademy.net/prweb/api/CodeIntelligence/v1/rules/query?pxObjClass=Rule-HTML-Section&appliesTo=Data-Admin-Connect-AtomServer&pyRuleName=pzRuleFormKeysAndDescription&RequestClass=Rule-HTML-Section&RequestAppliesTo=Data-Admin-Connect-AtomServer&RequestRuleName=pzRuleFormKeysAndDescription Payload: "{\"RequestClass\":\"Rule-HTML-Section\",\"RequestAppliesTo\":\"Data-Admin-Connect-AtomServer\",\"RequestRuleName\":\"pzRuleFormKeysAndDescription\"}" => HTTP 200 (218057 bytes)
[PegaHttpClient] 📡 POST https://zdk8budo.pegaacademy.net/prweb/api/CodeIntelligence/v1/rules/query?pxObjClass=Rule-HTML-Section&appliesTo=Data-Admin-Connect-AtomServer&pyRuleName=pzRuleFormRuleset&RequestClass=Rule-HTML-Section&RequestAppliesTo=Data-Admin-Connect-AtomServer&RequestRuleName=pzRuleFormRuleset Payload: "{\"RequestClass\":\"Rule-HTML-Section\",\"RequestAppliesTo\":\"Data-Admin-Connect-AtomServer\",\"RequestRuleName\":\"pzRuleFormRuleset\"}" => HTTP 200 (29020 bytes)
[PegaHttpClient] 📡 POST https://zdk8budo.pegaacademy.net/prweb/api/CodeIntelligence/v1/rules/query?pxObjClass=Rule-HTML-Section&appliesTo=Data-Admin-Connect-AtomServer&pyRuleName=undefined&RequestClass=Rule-HTML-Section&RequestAppliesTo=Data-Admin-Connect-AtomServer&RequestRuleName=undefined Payload: "{\"RequestClass\":\"Rule-HTML-Section\",\"RequestAppliesTo\":\"Data-Admin-Connect-AtomServer\",\"RequestRuleName\":\"undefined\"}" => HTTP 404 (116 bytes)
[PegaHttpClient] 📡 POST https://zdk8budo.pegaacademy.net/prweb/PRRestService/CodeIntelligence/v1/rules/query?pxObjClass=Rule-HTML-Section&appliesTo=Data-Admin-Connect-AtomServer&pyRuleName=undefined&RequestClass=Rule-HTML-Section&RequestAppliesTo=Data-Admin-Connect-AtomServer&RequestRuleName=undefined Payload: "{\"RequestClass\":\"Rule-HTML-Section\",\"RequestAppliesTo\":\"Data-Admin-Connect-AtomServer\",\"RequestRuleName\":\"undefined\"}" => HTTP 404 (116 bytes)
[PegaHttpClient] 📡 POST https://zdk8budo.pegaacademy.net/prweb/api/HRAppsV2Service/V1/rules/query?pxObjClass=Rule-HTML-Section&appliesTo=Data-Admin-Connect-AtomServer&pyRuleName=undefined&RequestClass=Rule-HTML-Section&RequestAppliesTo=Data-Admin-Connect-AtomServer&RequestRuleName=undefined Payload: "{\"RequestClass\":\"Rule-HTML-Section\",\"RequestAppliesTo\":\"Data-Admin-Connect-AtomServer\",\"RequestRuleName\":\"undefined\"}" => HTTP 404 (18 bytes)
[PegaHttpClient] 📡 POST https://zdk8budo.pegaacademy.net/prweb/PRRestService/HRAppsV2Service/V1/rules/query?pxObjClass=Rule-HTML-Section&appliesTo=Data-Admin-Connect-AtomServer&pyRuleName=undefined&RequestClass=Rule-HTML-Section&RequestAppliesTo=Data-Admin-Connect-AtomServer&RequestRuleName=undefined Payload: "{\"RequestClass\":\"Rule-HTML-Section\",\"RequestAppliesTo\":\"Data-Admin-Connect-AtomServer\",\"RequestRuleName\":\"undefined\"}" => HTTP 404 (18 bytes)
[PegaHttpClient] 📡 POST https://zdk8budo.pegaacademy.net/prweb/api/HRAppsV2/V1/rules/query?pxObjClass=Rule-HTML-Section&appliesTo=Data-Admin-Connect-AtomServer&pyRuleName=undefined&RequestClass=Rule-HTML-Section&RequestAppliesTo=Data-Admin-Connect-AtomServer&RequestRuleName=undefined Payload: "{\"RequestClass\":\"Rule-HTML-Section\",\"RequestAppliesTo\":\"Data-Admin-Connect-AtomServer\",\"RequestRuleName\":\"undefined\"}" => HTTP 404 (18 bytes)
[PegaHttpClient] 📡 POST https://zdk8budo.pegaacademy.net/prweb/PRRestService/HRAppsV2/V1/rules/query?pxObjClass=Rule-HTML-Section&appliesTo=Data-Admin-Connect-AtomServer&pyRuleName=undefined&RequestClass=Rule-HTML-Section&RequestAppliesTo=Data-Admin-Connect-AtomServer&RequestRuleName=undefined Payload: "{\"RequestClass\":\"Rule-HTML-Section\",\"RequestAppliesTo\":\"Data-Admin-Connect-AtomServer\",\"RequestRuleName\":\"undefined\"}" => HTTP 404 (18 bytes)
[PegaHttpClient] 📡 POST https://zdk8budo.pegaacademy.net/prweb/api/v1/rules/query?pxObjClass=Rule-HTML-Section&appliesTo=Data-Admin-Connect-AtomServer&pyRuleName=undefined&RequestClass=Rule-HTML-Section&RequestAppliesTo=Data-Admin-Connect-AtomServer&RequestRuleName=undefined Payload: "{\"RequestClass\":\"Rule-HTML-Section\",\"RequestAppliesTo\":\"Data-Admin-Connect-AtomServer\",\"RequestRuleName\":\"undefined\"}" => HTTP 404 (18 bytes)
[PegaHttpClient] 📡 POST https://zdk8budo.pegaacademy.net/prweb/PRRestService/v1/rules/query?pxObjClass=Rule-HTML-Section&appliesTo=Data-Admin-Connect-AtomServer&pyRuleName=undefined&RequestClass=Rule-HTML-Section&RequestAppliesTo=Data-Admin-Connect-AtomServer&RequestRuleName=undefined Payload: "{\"RequestClass\":\"Rule-HTML-Section\",\"RequestAppliesTo\":\"Data-Admin-Connect-AtomServer\",\"RequestRuleName\":\"undefined\"}" => HTTP 404 (18 bytes)
[PegaHttpClient] 📡 POST https://zdk8budo.pegaacademy.net/prweb/api/CodeIntelligence/v1/rules/query?pxObjClass=Rule-HTML-Section&appliesTo=Data-Admin-Connect-AtomServer&pyRuleName=pzRuleFormToolbar&RequestClass=Rule-HTML-Section&RequestAppliesTo=Data-Admin-Connect-AtomServer&RequestRuleName=pzRuleFormToolbar Payload: "{\"RequestClass\":\"Rule-HTML-Section\",\"RequestAppliesTo\":\"Data-Admin-Connect-AtomServer\",\"RequestRuleName\":\"pzRuleFormToolbar\"}" => HTTP 200 (242691 bytes)
[PegaHttpClient] 📡 POST https://zdk8budo.pegaacademy.net/prweb/api/CodeIntelligence/v1/rules/query?pxObjClass=Rule-HTML-Section&appliesTo=Data-Admin-Connect-AtomServer&pyRuleName=pzRuleFormToolbarCompare&RequestClass=Rule-HTML-Section&RequestAppliesTo=Data-Admin-Connect-AtomServer&RequestRuleName=pzRuleFormToolbarCompare Payload: "{\"RequestClass\":\"Rule-HTML-Section\",\"RequestAppliesTo\":\"Data-Admin-Connect-AtomServer\",\"RequestRuleName\":\"pzRuleFormToolbarCompare\"}" => HTTP 200 (61925 bytes)
[PegaHttpClient] 📡 POST https://zdk8budo.pegaacademy.net/prweb/api/CodeIntelligence/v1/rules/query?pxObjClass=Rule-HTML-Section&appliesTo=Data-Admin-Connect-AtomServer&pyRuleName=RuleFormHeaderMessages&RequestClass=Rule-HTML-Section&RequestAppliesTo=Data-Admin-Connect-AtomServer&RequestRuleName=RuleFormHeaderMessages Payload: "{\"RequestClass\":\"Rule-HTML-Section\",\"RequestAppliesTo\":\"Data-Admin-Connect-AtomServer\",\"RequestRuleName\":\"RuleFormHeaderMessages\"}" => HTTP 200 (26518 bytes)
[PegaHttpClient] 📡 POST https://zdk8budo.pegaacademy.net/prweb/api/CodeIntelligence/v1/rules/query?pxObjClass=Rule-HTML-Section&appliesTo=Data-Admin-Connect-AtomServer&pyRuleName=pyNTLM&RequestClass=Rule-HTML-Section&RequestAppliesTo=Data-Admin-Connect-AtomServer&RequestRuleName=pyNTLM Payload: "{\"RequestClass\":\"Rule-HTML-Section\",\"RequestAppliesTo\":\"Data-Admin-Connect-AtomServer\",\"RequestRuleName\":\"pyNTLM\"}" => HTTP 200 (19614 bytes)
[PegaHttpClient] 📡 POST https://zdk8budo.pegaacademy.net/prweb/api/CodeIntelligence/v1/rules/query?pxObjClass=Rule-HTML-Section&appliesTo=Data-Admin-Connect-AtomServer&pyRuleName=pzRuleFormStatus&RequestClass=Rule-HTML-Section&RequestAppliesTo=Data-Admin-Connect-AtomServer&RequestRuleName=pzRuleFormStatus Payload: "{\"RequestClass\":\"Rule-HTML-Section\",\"RequestAppliesTo\":\"Data-Admin-Connect-AtomServer\",\"RequestRuleName\":\"pzRuleFormStatus\"}" => HTTP 200 (29579 bytes)
[PegaHttpClient] 📡 POST https://zdk8budo.pegaacademy.net/prweb/api/CodeIntelligence/v1/rules/query?pxObjClass=Rule-HTML-Section&appliesTo=Data-Admin-Connect-AtomServer&pyRuleName=pzRuleFormHeaderCompareWithDropDown&RequestClass=Rule-HTML-Section&RequestAppliesTo=Data-Admin-Connect-AtomServer&RequestRuleName=pzRuleFormHeaderCompareWithDropDown Payload: "{\"RequestClass\":\"Rule-HTML-Section\",\"RequestAppliesTo\":\"Data-Admin-Connect-AtomServer\",\"RequestRuleName\":\"pzRuleFormHeaderCompareWithDropDown\"}" => HTTP 200 (25396 bytes)
[PegaHttpClient] 📡 POST https://zdk8budo.pegaacademy.net/prweb/api/CodeIntelligence/v1/rules/query?pxObjClass=Rule-HTML-Section&appliesTo=Data-Admin-Connect-AtomServer&pyRuleName=undefined&RequestClass=Rule-HTML-Section&RequestAppliesTo=Data-Admin-Connect-AtomServer&RequestRuleName=undefined Payload: "{\"RequestClass\":\"Rule-HTML-Section\",\"RequestAppliesTo\":\"Data-Admin-Connect-AtomServer\",\"RequestRuleName\":\"undefined\"}" => HTTP 404 (116 bytes)
[PegaHttpClient] 📡 POST https://zdk8budo.pegaacademy.net/prweb/PRRestService/CodeIntelligence/v1/rules/query?pxObjClass=Rule-HTML-Section&appliesTo=Data-Admin-Connect-AtomServer&pyRuleName=undefined&RequestClass=Rule-HTML-Section&RequestAppliesTo=Data-Admin-Connect-AtomServer&RequestRuleName=undefined Payload: "{\"RequestClass\":\"Rule-HTML-Section\",\"RequestAppliesTo\":\"Data-Admin-Connect-AtomServer\",\"RequestRuleName\":\"undefined\"}" => HTTP 404 (116 bytes)
[PegaHttpClient] 📡 POST https://zdk8budo.pegaacademy.net/prweb/api/HRAppsV2Service/V1/rules/query?pxObjClass=Rule-HTML-Section&appliesTo=Data-Admin-Connect-AtomServer&pyRuleName=undefined&RequestClass=Rule-HTML-Section&RequestAppliesTo=Data-Admin-Connect-AtomServer&RequestRuleName=undefined Payload: "{\"RequestClass\":\"Rule-HTML-Section\",\"RequestAppliesTo\":\"Data-Admin-Connect-AtomServer\",\"RequestRuleName\":\"undefined\"}" => HTTP 404 (18 bytes)
[PegaHttpClient] 📡 POST https://zdk8budo.pegaacademy.net/prweb/PRRestService/HRAppsV2Service/V1/rules/query?pxObjClass=Rule-HTML-Section&appliesTo=Data-Admin-Connect-AtomServer&pyRuleName=undefined&RequestClass=Rule-HTML-Section&RequestAppliesTo=Data-Admin-Connect-AtomServer&RequestRuleName=undefined Payload: "{\"RequestClass\":\"Rule-HTML-Section\",\"RequestAppliesTo\":\"Data-Admin-Connect-AtomServer\",\"RequestRuleName\":\"undefined\"}" => HTTP 404 (18 bytes)
[PegaHttpClient] 📡 POST https://zdk8budo.pegaacademy.net/prweb/api/HRAppsV2/V1/rules/query?pxObjClass=Rule-HTML-Section&appliesTo=Data-Admin-Connect-AtomServer&pyRuleName=undefined&RequestClass=Rule-HTML-Section&RequestAppliesTo=Data-Admin-Connect-AtomServer&RequestRuleName=undefined Payload: "{\"RequestClass\":\"Rule-HTML-Section\",\"RequestAppliesTo\":\"Data-Admin-Connect-AtomServer\",\"RequestRuleName\":\"undefined\"}" => HTTP 404 (18 bytes)
[PegaHttpClient] 📡 POST https://zdk8budo.pegaacademy.net/prweb/PRRestService/HRAppsV2/V1/rules/query?pxObjClass=Rule-HTML-Section&appliesTo=Data-Admin-Connect-AtomServer&pyRuleName=undefined&RequestClass=Rule-HTML-Section&RequestAppliesTo=Data-Admin-Connect-AtomServer&RequestRuleName=undefined Payload: "{\"RequestClass\":\"Rule-HTML-Section\",\"RequestAppliesTo\":\"Data-Admin-Connect-AtomServer\",\"RequestRuleName\":\"undefined\"}" => HTTP 404 (18 bytes)
[PegaHttpClient] 📡 POST https://zdk8budo.pegaacademy.net/prweb/api/v1/rules/query?pxObjClass=Rule-HTML-Section&appliesTo=Data-Admin-Connect-AtomServer&pyRuleName=undefined&RequestClass=Rule-HTML-Section&RequestAppliesTo=Data-Admin-Connect-AtomServer&RequestRuleName=undefined Payload: "{\"RequestClass\":\"Rule-HTML-Section\",\"RequestAppliesTo\":\"Data-Admin-Connect-AtomServer\",\"RequestRuleName\":\"undefined\"}" => HTTP 404 (18 bytes)
[PegaHttpClient] 📡 POST https://zdk8budo.pegaacademy.net/prweb/PRRestService/v1/rules/query?pxObjClass=Rule-HTML-Section&appliesTo=Data-Admin-Connect-AtomServer&pyRuleName=undefined&RequestClass=Rule-HTML-Section&RequestAppliesTo=Data-Admin-Connect-AtomServer&RequestRuleName=undefined Payload: "{\"RequestClass\":\"Rule-HTML-Section\",\"RequestAppliesTo\":\"Data-Admin-Connect-AtomServer\",\"RequestRuleName\":\"undefined\"}" => HTTP 404 (18 bytes)
[PegaHttpClient] 📡 POST https://zdk8budo.pegaacademy.net/prweb/api/CodeIntelligence/v1/rules/query?pxObjClass=Rule-HTML-Section&appliesTo=Data-Admin-Connect-AtomServer&pyRuleName=pzRuleFormToolbarHotKeys&RequestClass=Rule-HTML-Section&RequestAppliesTo=Data-Admin-Connect-AtomServer&RequestRuleName=pzRuleFormToolbarHotKeys Payload: "{\"RequestClass\":\"Rule-HTML-Section\",\"RequestAppliesTo\":\"Data-Admin-Connect-AtomServer\",\"RequestRuleName\":\"pzRuleFormToolbarHotKeys\"}" => HTTP 200 (85058 bytes)
[PegaHttpClient] 📡 POST https://zdk8budo.pegaacademy.net/prweb/api/CodeIntelligence/v1/rules/query?pxObjClass=Rule-HTML-Section&appliesTo=Data-Admin-Connect-AtomServer&pyRuleName=pzRuleFormToolbarLockedIcon&RequestClass=Rule-HTML-Section&RequestAppliesTo=Data-Admin-Connect-AtomServer&RequestRuleName=pzRuleFormToolbarLockedIcon Payload: "{\"RequestClass\":\"Rule-HTML-Section\",\"RequestAppliesTo\":\"Data-Admin-Connect-AtomServer\",\"RequestRuleName\":\"pzRuleFormToolbarLockedIcon\"}" => HTTP 200 (19111 bytes)
[PegaHttpClient] 📡 POST https://zdk8budo.pegaacademy.net/prweb/api/CodeIntelligence/v1/rules/query?pxObjClass=Rule-HTML-Section&appliesTo=Data-Admin-Connect-AtomServer&pyRuleName=pzRuleFormToolbarCollaborators&RequestClass=Rule-HTML-Section&RequestAppliesTo=Data-Admin-Connect-AtomServer&RequestRuleName=pzRuleFormToolbarCollaborators Payload: "{\"RequestClass\":\"Rule-HTML-Section\",\"RequestAppliesTo\":\"Data-Admin-Connect-AtomServer\",\"RequestRuleName\":\"pzRuleFormToolbarCollaborators\"}" => HTTP 200 (15254 bytes)
[PegaHttpClient] 📡 POST https://zdk8budo.pegaacademy.net/prweb/api/CodeIntelligence/v1/rules/query?pxObjClass=Rule-HTML-Section&appliesTo=Data-Admin-Connect-AtomServer&pyRuleName=pzRuleFormToolbarSaveAs&RequestClass=Rule-HTML-Section&RequestAppliesTo=Data-Admin-Connect-AtomServer&RequestRuleName=pzRuleFormToolbarSaveAs Payload: "{\"RequestClass\":\"Rule-HTML-Section\",\"RequestAppliesTo\":\"Data-Admin-Connect-AtomServer\",\"RequestRuleName\":\"pzRuleFormToolbarSaveAs\"}" => HTTP 200 (64084 bytes)
[PegaHttpClient] 📡 POST https://zdk8budo.pegaacademy.net/prweb/api/CodeIntelligence/v1/rules/query?pxObjClass=Rule-HTML-Section&appliesTo=Data-Admin-Connect-AtomServer&pyRuleName=pzRuleFormToolbarCheckin&RequestClass=Rule-HTML-Section&RequestAppliesTo=Data-Admin-Connect-AtomServer&RequestRuleName=pzRuleFormToolbarCheckin Payload: "{\"RequestClass\":\"Rule-HTML-Section\",\"RequestAppliesTo\":\"Data-Admin-Connect-AtomServer\",\"RequestRuleName\":\"pzRuleFormToolbarCheckin\"}" => HTTP 200 (15601 bytes)
[PegaHttpClient] 📡 POST https://zdk8budo.pegaacademy.net/prweb/api/CodeIntelligence/v1/rules/query?pxObjClass=Rule-HTML-Section&appliesTo=Data-Admin-Connect-AtomServer&pyRuleName=pzRuleFormToolbarDelete&RequestClass=Rule-HTML-Section&RequestAppliesTo=Data-Admin-Connect-AtomServer&RequestRuleName=pzRuleFormToolbarDelete Payload: "{\"RequestClass\":\"Rule-HTML-Section\",\"RequestAppliesTo\":\"Data-Admin-Connect-AtomServer\",\"RequestRuleName\":\"pzRuleFormToolbarDelete\"}" => HTTP 200 (30249 bytes)
[PegaHttpClient] 📡 POST https://zdk8budo.pegaacademy.net/prweb/api/CodeIntelligence/v1/rules/query?pxObjClass=Rule-HTML-Section&appliesTo=Data-Admin-Connect-AtomServer&pyRuleName=pzRuleFormToolbarSave&RequestClass=Rule-HTML-Section&RequestAppliesTo=Data-Admin-Connect-AtomServer&RequestRuleName=pzRuleFormToolbarSave Payload: "{\"RequestClass\":\"Rule-HTML-Section\",\"RequestAppliesTo\":\"Data-Admin-Connect-AtomServer\",\"RequestRuleName\":\"pzRuleFormToolbarSave\"}" => HTTP 200 (293885 bytes)
[PegaHttpClient] 📡 POST https://zdk8budo.pegaacademy.net/prweb/api/CodeIntelligence/v1/rules/query?pxObjClass=Rule-HTML-Section&appliesTo=Data-Admin-Connect-AtomServer&pyRuleName=pzRuleFormToolbarCheckout&RequestClass=Rule-HTML-Section&RequestAppliesTo=Data-Admin-Connect-AtomServer&RequestRuleName=pzRuleFormToolbarCheckout Payload: "{\"RequestClass\":\"Rule-HTML-Section\",\"RequestAppliesTo\":\"Data-Admin-Connect-AtomServer\",\"RequestRuleName\":\"pzRuleFormToolbarCheckout\"}" => HTTP 200 (14854 bytes)
[PegaHttpClient] 📡 POST https://zdk8budo.pegaacademy.net/prweb/api/CodeIntelligence/v1/rules/query?pxObjClass=Rule-HTML-Section&appliesTo=Data-Admin-Connect-AtomServer&pyRuleName=pzRemoveErrorsDataPage&RequestClass=Rule-HTML-Section&RequestAppliesTo=Data-Admin-Connect-AtomServer&RequestRuleName=pzRemoveErrorsDataPage Payload: "{\"RequestClass\":\"Rule-HTML-Section\",\"RequestAppliesTo\":\"Data-Admin-Connect-AtomServer\",\"RequestRuleName\":\"pzRemoveErrorsDataPage\"}" => HTTP 200 (16733 bytes)
[PegaHttpClient] 📡 POST https://zdk8budo.pegaacademy.net/prweb/api/CodeIntelligence/v1/rules/query?pxObjClass=Rule-HTML-Section&appliesTo=Data-Admin-Connect-AtomServer&pyRuleName=pzRuleFormHeaderMessagesWrapper&RequestClass=Rule-HTML-Section&RequestAppliesTo=Data-Admin-Connect-AtomServer&RequestRuleName=pzRuleFormHeaderMessagesWrapper Payload: "{\"RequestClass\":\"Rule-HTML-Section\",\"RequestAppliesTo\":\"Data-Admin-Connect-AtomServer\",\"RequestRuleName\":\"pzRuleFormHeaderMessagesWrapper\"}" => HTTP 200 (16981 bytes)
[PegaHttpClient] 📡 POST https://zdk8budo.pegaacademy.net/prweb/api/CodeIntelligence/v1/rules/query?pxObjClass=Rule-HTML-Section&appliesTo=Data-Admin-Connect-AtomServer&pyRuleName=pxDisplayCollaborators&RequestClass=Rule-HTML-Section&RequestAppliesTo=Data-Admin-Connect-AtomServer&RequestRuleName=pxDisplayCollaborators Payload: "{\"RequestClass\":\"Rule-HTML-Section\",\"RequestAppliesTo\":\"Data-Admin-Connect-AtomServer\",\"RequestRuleName\":\"pxDisplayCollaborators\"}" => HTTP 200 (94171 bytes)
[PegaHttpClient] 📡 POST https://zdk8budo.pegaacademy.net/prweb/api/CodeIntelligence/v1/rules/query?pxObjClass=Rule-HTML-Section&appliesTo=Data-Admin-Connect-AtomServer&pyRuleName=pzRuleFormToolbarDeleteCheckOut&RequestClass=Rule-HTML-Section&RequestAppliesTo=Data-Admin-Connect-AtomServer&RequestRuleName=pzRuleFormToolbarDeleteCheckOut Payload: "{\"RequestClass\":\"Rule-HTML-Section\",\"RequestAppliesTo\":\"Data-Admin-Connect-AtomServer\",\"RequestRuleName\":\"pzRuleFormToolbarDeleteCheckOut\"}" => HTTP 404 (138 bytes)
[PegaHttpClient] 📡 POST https://zdk8budo.pegaacademy.net/prweb/PRRestService/CodeIntelligence/v1/rules/query?pxObjClass=Rule-HTML-Section&appliesTo=Data-Admin-Connect-AtomServer&pyRuleName=pzRuleFormToolbarDeleteCheckOut&RequestClass=Rule-HTML-Section&RequestAppliesTo=Data-Admin-Connect-AtomServer&RequestRuleName=pzRuleFormToolbarDeleteCheckOut Payload: "{\"RequestClass\":\"Rule-HTML-Section\",\"RequestAppliesTo\":\"Data-Admin-Connect-AtomServer\",\"RequestRuleName\":\"pzRuleFormToolbarDeleteCheckOut\"}" => HTTP 404 (138 bytes)
[PegaHttpClient] 📡 POST https://zdk8budo.pegaacademy.net/prweb/api/HRAppsV2Service/V1/rules/query?pxObjClass=Rule-HTML-Section&appliesTo=Data-Admin-Connect-AtomServer&pyRuleName=pzRuleFormToolbarDeleteCheckOut&RequestClass=Rule-HTML-Section&RequestAppliesTo=Data-Admin-Connect-AtomServer&RequestRuleName=pzRuleFormToolbarDeleteCheckOut Payload: "{\"RequestClass\":\"Rule-HTML-Section\",\"RequestAppliesTo\":\"Data-Admin-Connect-AtomServer\",\"RequestRuleName\":\"pzRuleFormToolbarDeleteCheckOut\"}" => HTTP 404 (18 bytes)
[PegaHttpClient] 📡 POST https://zdk8budo.pegaacademy.net/prweb/PRRestService/HRAppsV2Service/V1/rules/query?pxObjClass=Rule-HTML-Section&appliesTo=Data-Admin-Connect-AtomServer&pyRuleName=pzRuleFormToolbarDeleteCheckOut&RequestClass=Rule-HTML-Section&RequestAppliesTo=Data-Admin-Connect-AtomServer&RequestRuleName=pzRuleFormToolbarDeleteCheckOut Payload: "{\"RequestClass\":\"Rule-HTML-Section\",\"RequestAppliesTo\":\"Data-Admin-Connect-AtomServer\",\"RequestRuleName\":\"pzRuleFormToolbarDeleteCheckOut\"}" => HTTP 404 (18 bytes)
[PegaHttpClient] 📡 POST https://zdk8budo.pegaacademy.net/prweb/api/HRAppsV2/V1/rules/query?pxObjClass=Rule-HTML-Section&appliesTo=Data-Admin-Connect-AtomServer&pyRuleName=pzRuleFormToolbarDeleteCheckOut&RequestClass=Rule-HTML-Section&RequestAppliesTo=Data-Admin-Connect-AtomServer&RequestRuleName=pzRuleFormToolbarDeleteCheckOut Payload: "{\"RequestClass\":\"Rule-HTML-Section\",\"RequestAppliesTo\":\"Data-Admin-Connect-AtomServer\",\"RequestRuleName\":\"pzRuleFormToolbarDeleteCheckOut\"}" => HTTP 404 (18 bytes)
[PegaHttpClient] 📡 POST https://zdk8budo.pegaacademy.net/prweb/PRRestService/HRAppsV2/V1/rules/query?pxObjClass=Rule-HTML-Section&appliesTo=Data-Admin-Connect-AtomServer&pyRuleName=pzRuleFormToolbarDeleteCheckOut&RequestClass=Rule-HTML-Section&RequestAppliesTo=Data-Admin-Connect-AtomServer&RequestRuleName=pzRuleFormToolbarDeleteCheckOut Payload: "{\"RequestClass\":\"Rule-HTML-Section\",\"RequestAppliesTo\":\"Data-Admin-Connect-AtomServer\",\"RequestRuleName\":\"pzRuleFormToolbarDeleteCheckOut\"}" => HTTP 404 (18 bytes)
[PegaHttpClient] 📡 POST https://zdk8budo.pegaacademy.net/prweb/api/v1/rules/query?pxObjClass=Rule-HTML-Section&appliesTo=Data-Admin-Connect-AtomServer&pyRuleName=pzRuleFormToolbarDeleteCheckOut&RequestClass=Rule-HTML-Section&RequestAppliesTo=Data-Admin-Connect-AtomServer&RequestRuleName=pzRuleFormToolbarDeleteCheckOut Payload: "{\"RequestClass\":\"Rule-HTML-Section\",\"RequestAppliesTo\":\"Data-Admin-Connect-AtomServer\",\"RequestRuleName\":\"pzRuleFormToolbarDeleteCheckOut\"}" => HTTP 404 (18 bytes)
[PegaHttpClient] 📡 POST https://zdk8budo.pegaacademy.net/prweb/PRRestService/v1/rules/query?pxObjClass=Rule-HTML-Section&appliesTo=Data-Admin-Connect-AtomServer&pyRuleName=pzRuleFormToolbarDeleteCheckOut&RequestClass=Rule-HTML-Section&RequestAppliesTo=Data-Admin-Connect-AtomServer&RequestRuleName=pzRuleFormToolbarDeleteCheckOut Payload: "{\"RequestClass\":\"Rule-HTML-Section\",\"RequestAppliesTo\":\"Data-Admin-Connect-AtomServer\",\"RequestRuleName\":\"pzRuleFormToolbarDeleteCheckOut\"}" => HTTP 404 (18 bytes)
[PegaHttpClient] 📡 POST https://zdk8budo.pegaacademy.net/prweb/api/CodeIntelligence/v1/rules/query?pxObjClass=Rule-HTML-Section&appliesTo=Data-Admin-Connect-AtomServer&pyRuleName=pzRuleFormToolbarDeleteRule&RequestClass=Rule-HTML-Section&RequestAppliesTo=Data-Admin-Connect-AtomServer&RequestRuleName=pzRuleFormToolbarDeleteRule Payload: "{\"RequestClass\":\"Rule-HTML-Section\",\"RequestAppliesTo\":\"Data-Admin-Connect-AtomServer\",\"RequestRuleName\":\"pzRuleFormToolbarDeleteRule\"}" => HTTP 200 (32314 bytes)
[PegaHttpClient] 📡 POST https://zdk8budo.pegaacademy.net/prweb/api/CodeIntelligence/v1/rules/query?pxObjClass=Rule-HTML-Section&appliesTo=Data-Admin-Connect-AtomServer&pyRuleName=pzLoadCollaborationScripts&RequestClass=Rule-HTML-Section&RequestAppliesTo=Data-Admin-Connect-AtomServer&RequestRuleName=pzLoadCollaborationScripts Payload: "{\"RequestClass\":\"Rule-HTML-Section\",\"RequestAppliesTo\":\"Data-Admin-Connect-AtomServer\",\"RequestRuleName\":\"pzLoadCollaborationScripts\"}" => HTTP 200 (23453 bytes)
[PegaHttpClient] 📡 POST https://zdk8budo.pegaacademy.net/prweb/api/CodeIntelligence/v1/rules/query?pxObjClass=Rule-HTML-Section&appliesTo=Data-Admin-Connect-AtomServer&pyRuleName=pzDisplayCollaboratorsList&RequestClass=Rule-HTML-Section&RequestAppliesTo=Data-Admin-Connect-AtomServer&RequestRuleName=pzDisplayCollaboratorsList Payload: "{\"RequestClass\":\"Rule-HTML-Section\",\"RequestAppliesTo\":\"Data-Admin-Connect-AtomServer\",\"RequestRuleName\":\"pzDisplayCollaboratorsList\"}" => HTTP 200 (105418 bytes)
[PegaHttpClient] 📡 POST https://zdk8budo.pegaacademy.net/prweb/api/CodeIntelligence/v1/rules/query?pxObjClass=Rule-HTML-Section&appliesTo=Data-Admin-Connect-AtomServer&pyRuleName=pyCollaborator&RequestClass=Rule-HTML-Section&RequestAppliesTo=Data-Admin-Connect-AtomServer&RequestRuleName=pyCollaborator Payload: "{\"RequestClass\":\"Rule-HTML-Section\",\"RequestAppliesTo\":\"Data-Admin-Connect-AtomServer\",\"RequestRuleName\":\"pyCollaborator\"}" => HTTP 404 (121 bytes)
[PegaHttpClient] 📡 POST https://zdk8budo.pegaacademy.net/prweb/PRRestService/CodeIntelligence/v1/rules/query?pxObjClass=Rule-HTML-Section&appliesTo=Data-Admin-Connect-AtomServer&pyRuleName=pyCollaborator&RequestClass=Rule-HTML-Section&RequestAppliesTo=Data-Admin-Connect-AtomServer&RequestRuleName=pyCollaborator Payload: "{\"RequestClass\":\"Rule-HTML-Section\",\"RequestAppliesTo\":\"Data-Admin-Connect-AtomServer\",\"RequestRuleName\":\"pyCollaborator\"}" => HTTP 404 (121 bytes)
[PegaHttpClient] 📡 POST https://zdk8budo.pegaacademy.net/prweb/api/HRAppsV2Service/V1/rules/query?pxObjClass=Rule-HTML-Section&appliesTo=Data-Admin-Connect-AtomServer&pyRuleName=pyCollaborator&RequestClass=Rule-HTML-Section&RequestAppliesTo=Data-Admin-Connect-AtomServer&RequestRuleName=pyCollaborator Payload: "{\"RequestClass\":\"Rule-HTML-Section\",\"RequestAppliesTo\":\"Data-Admin-Connect-AtomServer\",\"RequestRuleName\":\"pyCollaborator\"}" => HTTP 404 (18 bytes)
[PegaHttpClient] 📡 POST https://zdk8budo.pegaacademy.net/prweb/PRRestService/HRAppsV2Service/V1/rules/query?pxObjClass=Rule-HTML-Section&appliesTo=Data-Admin-Connect-AtomServer&pyRuleName=pyCollaborator&RequestClass=Rule-HTML-Section&RequestAppliesTo=Data-Admin-Connect-AtomServer&RequestRuleName=pyCollaborator Payload: "{\"RequestClass\":\"Rule-HTML-Section\",\"RequestAppliesTo\":\"Data-Admin-Connect-AtomServer\",\"RequestRuleName\":\"pyCollaborator\"}" => HTTP 404 (18 bytes)
[PegaHttpClient] 📡 POST https://zdk8budo.pegaacademy.net/prweb/api/HRAppsV2/V1/rules/query?pxObjClass=Rule-HTML-Section&appliesTo=Data-Admin-Connect-AtomServer&pyRuleName=pyCollaborator&RequestClass=Rule-HTML-Section&RequestAppliesTo=Data-Admin-Connect-AtomServer&RequestRuleName=pyCollaborator Payload: "{\"RequestClass\":\"Rule-HTML-Section\",\"RequestAppliesTo\":\"Data-Admin-Connect-AtomServer\",\"RequestRuleName\":\"pyCollaborator\"}" => HTTP 404 (18 bytes)
[PegaHttpClient] 📡 POST https://zdk8budo.pegaacademy.net/prweb/PRRestService/HRAppsV2/V1/rules/query?pxObjClass=Rule-HTML-Section&appliesTo=Data-Admin-Connect-AtomServer&pyRuleName=pyCollaborator&RequestClass=Rule-HTML-Section&RequestAppliesTo=Data-Admin-Connect-AtomServer&RequestRuleName=pyCollaborator Payload: "{\"RequestClass\":\"Rule-HTML-Section\",\"RequestAppliesTo\":\"Data-Admin-Connect-AtomServer\",\"RequestRuleName\":\"pyCollaborator\"}" => HTTP 404 (18 bytes)
[PegaHttpClient] 📡 POST https://zdk8budo.pegaacademy.net/prweb/api/v1/rules/query?pxObjClass=Rule-HTML-Section&appliesTo=Data-Admin-Connect-AtomServer&pyRuleName=pyCollaborator&RequestClass=Rule-HTML-Section&RequestAppliesTo=Data-Admin-Connect-AtomServer&RequestRuleName=pyCollaborator Payload: "{\"RequestClass\":\"Rule-HTML-Section\",\"RequestAppliesTo\":\"Data-Admin-Connect-AtomServer\",\"RequestRuleName\":\"pyCollaborator\"}" => HTTP 404 (18 bytes)
[PegaHttpClient] 📡 POST https://zdk8budo.pegaacademy.net/prweb/PRRestService/v1/rules/query?pxObjClass=Rule-HTML-Section&appliesTo=Data-Admin-Connect-AtomServer&pyRuleName=pyCollaborator&RequestClass=Rule-HTML-Section&RequestAppliesTo=Data-Admin-Connect-AtomServer&RequestRuleName=pyCollaborator Payload: "{\"RequestClass\":\"Rule-HTML-Section\",\"RequestAppliesTo\":\"Data-Admin-Connect-AtomServer\",\"RequestRuleName\":\"pyCollaborator\"}" => HTTP 404 (18 bytes)
[PegaHttpClient] 📡 POST https://zdk8budo.pegaacademy.net/prweb/api/CodeIntelligence/v1/rules/query?pxObjClass=Rule-HTML-Section&appliesTo=Data-Admin-Connect-AtomServer&pyRuleName=pzDisplayPartialCount&RequestClass=Rule-HTML-Section&RequestAppliesTo=Data-Admin-Connect-AtomServer&RequestRuleName=pzDisplayPartialCount Payload: "{\"RequestClass\":\"Rule-HTML-Section\",\"RequestAppliesTo\":\"Data-Admin-Connect-AtomServer\",\"RequestRuleName\":\"pzDisplayPartialCount\"}" => HTTP 404 (128 bytes)
[PegaHttpClient] 📡 POST https://zdk8budo.pegaacademy.net/prweb/PRRestService/CodeIntelligence/v1/rules/query?pxObjClass=Rule-HTML-Section&appliesTo=Data-Admin-Connect-AtomServer&pyRuleName=pzDisplayPartialCount&RequestClass=Rule-HTML-Section&RequestAppliesTo=Data-Admin-Connect-AtomServer&RequestRuleName=pzDisplayPartialCount Payload: "{\"RequestClass\":\"Rule-HTML-Section\",\"RequestAppliesTo\":\"Data-Admin-Connect-AtomServer\",\"RequestRuleName\":\"pzDisplayPartialCount\"}" => HTTP 404 (128 bytes)
[PegaHttpClient] 📡 POST https://zdk8budo.pegaacademy.net/prweb/api/HRAppsV2Service/V1/rules/query?pxObjClass=Rule-HTML-Section&appliesTo=Data-Admin-Connect-AtomServer&pyRuleName=pzDisplayPartialCount&RequestClass=Rule-HTML-Section&RequestAppliesTo=Data-Admin-Connect-AtomServer&RequestRuleName=pzDisplayPartialCount Payload: "{\"RequestClass\":\"Rule-HTML-Section\",\"RequestAppliesTo\":\"Data-Admin-Connect-AtomServer\",\"RequestRuleName\":\"pzDisplayPartialCount\"}" => HTTP 404 (18 bytes)
[PegaHttpClient] 📡 POST https://zdk8budo.pegaacademy.net/prweb/PRRestService/HRAppsV2Service/V1/rules/query?pxObjClass=Rule-HTML-Section&appliesTo=Data-Admin-Connect-AtomServer&pyRuleName=pzDisplayPartialCount&RequestClass=Rule-HTML-Section&RequestAppliesTo=Data-Admin-Connect-AtomServer&RequestRuleName=pzDisplayPartialCount Payload: "{\"RequestClass\":\"Rule-HTML-Section\",\"RequestAppliesTo\":\"Data-Admin-Connect-AtomServer\",\"RequestRuleName\":\"pzDisplayPartialCount\"}" => HTTP 404 (18 bytes)
[PegaHttpClient] 📡 POST https://zdk8budo.pegaacademy.net/prweb/api/HRAppsV2/V1/rules/query?pxObjClass=Rule-HTML-Section&appliesTo=Data-Admin-Connect-AtomServer&pyRuleName=pzDisplayPartialCount&RequestClass=Rule-HTML-Section&RequestAppliesTo=Data-Admin-Connect-AtomServer&RequestRuleName=pzDisplayPartialCount Payload: "{\"RequestClass\":\"Rule-HTML-Section\",\"RequestAppliesTo\":\"Data-Admin-Connect-AtomServer\",\"RequestRuleName\":\"pzDisplayPartialCount\"}" => HTTP 404 (18 bytes)
[PegaHttpClient] 📡 POST https://zdk8budo.pegaacademy.net/prweb/PRRestService/HRAppsV2/V1/rules/query?pxObjClass=Rule-HTML-Section&appliesTo=Data-Admin-Connect-AtomServer&pyRuleName=pzDisplayPartialCount&RequestClass=Rule-HTML-Section&RequestAppliesTo=Data-Admin-Connect-AtomServer&RequestRuleName=pzDisplayPartialCount Payload: "{\"RequestClass\":\"Rule-HTML-Section\",\"RequestAppliesTo\":\"Data-Admin-Connect-AtomServer\",\"RequestRuleName\":\"pzDisplayPartialCount\"}" => HTTP 404 (18 bytes)
[PegaHttpClient] 📡 POST https://zdk8budo.pegaacademy.net/prweb/api/v1/rules/query?pxObjClass=Rule-HTML-Section&appliesTo=Data-Admin-Connect-AtomServer&pyRuleName=pzDisplayPartialCount&RequestClass=Rule-HTML-Section&RequestAppliesTo=Data-Admin-Connect-AtomServer&RequestRuleName=pzDisplayPartialCount Payload: "{\"RequestClass\":\"Rule-HTML-Section\",\"RequestAppliesTo\":\"Data-Admin-Connect-AtomServer\",\"RequestRuleName\":\"pzDisplayPartialCount\"}" => HTTP 404 (18 bytes)
[PegaHttpClient] 📡 POST https://zdk8budo.pegaacademy.net/prweb/PRRestService/v1/rules/query?pxObjClass=Rule-HTML-Section&appliesTo=Data-Admin-Connect-AtomServer&pyRuleName=pzDisplayPartialCount&RequestClass=Rule-HTML-Section&RequestAppliesTo=Data-Admin-Connect-AtomServer&RequestRuleName=pzDisplayPartialCount Payload: "{\"RequestClass\":\"Rule-HTML-Section\",\"RequestAppliesTo\":\"Data-Admin-Connect-AtomServer\",\"RequestRuleName\":\"pzDisplayPartialCount\"}" => HTTP 404 (18 bytes)
[SchemaGen] ✅ Schema written for Data-Admin-Connect-AtomServer
[PegaHttpClient] 📡 GET https://zdk8budo.pegaacademy.net/prweb/api/CodeIntelligence/v1/rules/RULE-HTML-HARNESS%20RULE-RULESET-VERSION%20RULEFORM%20%2320180713T135638.329%20GMT => HTTP 200 (41179 bytes)
[PegaHttpClient] 📡 POST https://zdk8budo.pegaacademy.net/prweb/api/CodeIntelligence/v1/rules/query?pxObjClass=Rule-HTML-Section&appliesTo=Rule-RuleSet-Version&pyRuleName=RuleFormMain&RequestClass=Rule-HTML-Section&RequestAppliesTo=Rule-RuleSet-Version&RequestRuleName=RuleFormMain Payload: "{\"RequestClass\":\"Rule-HTML-Section\",\"RequestAppliesTo\":\"Rule-RuleSet-Version\",\"RequestRuleName\":\"RuleFormMain\"}" => HTTP 200 (156234 bytes)
[PegaHttpClient] 📡 POST https://zdk8budo.pegaacademy.net/prweb/api/CodeIntelligence/v1/rules/query?pxObjClass=Rule-HTML-Section&appliesTo=Rule-RuleSet-Version&pyRuleName=pxAlternateRuleForm&RequestClass=Rule-HTML-Section&RequestAppliesTo=Rule-RuleSet-Version&RequestRuleName=pxAlternateRuleForm Payload: "{\"RequestClass\":\"Rule-HTML-Section\",\"RequestAppliesTo\":\"Rule-RuleSet-Version\",\"RequestRuleName\":\"pxAlternateRuleForm\"}" => HTTP 200 (66153 bytes)
[PegaHttpClient] 📡 POST https://zdk8budo.pegaacademy.net/prweb/api/CodeIntelligence/v1/rules/query?pxObjClass=Rule-HTML-Section&appliesTo=Rule-RuleSet-Version&pyRuleName=pzRuleFormScripts&RequestClass=Rule-HTML-Section&RequestAppliesTo=Rule-RuleSet-Version&RequestRuleName=pzRuleFormScripts Payload: "{\"RequestClass\":\"Rule-HTML-Section\",\"RequestAppliesTo\":\"Rule-RuleSet-Version\",\"RequestRuleName\":\"pzRuleFormScripts\"}" => HTTP 200 (40822 bytes)
[PegaHttpClient] 📡 POST https://zdk8budo.pegaacademy.net/prweb/api/CodeIntelligence/v1/rules/query?pxObjClass=Rule-HTML-Section&appliesTo=Rule-RuleSet-Version&pyRuleName=pzRuleFormLayoutDelegated&RequestClass=Rule-HTML-Section&RequestAppliesTo=Rule-RuleSet-Version&RequestRuleName=pzRuleFormLayoutDelegated Payload: "{\"RequestClass\":\"Rule-HTML-Section\",\"RequestAppliesTo\":\"Rule-RuleSet-Version\",\"RequestRuleName\":\"pzRuleFormLayoutDelegated\"}" => HTTP 200 (70998 bytes)
[PegaHttpClient] 📡 POST https://zdk8budo.pegaacademy.net/prweb/api/CodeIntelligence/v1/rules/query?pxObjClass=Rule-HTML-Section&appliesTo=Rule-RuleSet-Version&pyRuleName=RuleFormLayout&RequestClass=Rule-HTML-Section&RequestAppliesTo=Rule-RuleSet-Version&RequestRuleName=RuleFormLayout Payload: "{\"RequestClass\":\"Rule-HTML-Section\",\"RequestAppliesTo\":\"Rule-RuleSet-Version\",\"RequestRuleName\":\"RuleFormLayout\"}" => HTTP 200 (46663 bytes)
[PegaHttpClient] 📡 POST https://zdk8budo.pegaacademy.net/prweb/api/CodeIntelligence/v1/rules/query?pxObjClass=Rule-HTML-Section&appliesTo=Rule-RuleSet-Version&pyRuleName=RuleFormSettings&RequestClass=Rule-HTML-Section&RequestAppliesTo=Rule-RuleSet-Version&RequestRuleName=RuleFormSettings Payload: "{\"RequestClass\":\"Rule-HTML-Section\",\"RequestAppliesTo\":\"Rule-RuleSet-Version\",\"RequestRuleName\":\"RuleFormSettings\"}" => HTTP 200 (20540 bytes)
[PegaHttpClient] 📡 POST https://zdk8budo.pegaacademy.net/prweb/api/CodeIntelligence/v1/rules/query?pxObjClass=Rule-HTML-Section&appliesTo=Rule-RuleSet-Version&pyRuleName=OpenAuthoring&RequestClass=Rule-HTML-Section&RequestAppliesTo=Rule-RuleSet-Version&RequestRuleName=OpenAuthoring Payload: "{\"RequestClass\":\"Rule-HTML-Section\",\"RequestAppliesTo\":\"Rule-RuleSet-Version\",\"RequestRuleName\":\"OpenAuthoring\"}" => HTTP 200 (23695 bytes)
[PegaHttpClient] 📡 POST https://zdk8budo.pegaacademy.net/prweb/api/CodeIntelligence/v1/rules/query?pxObjClass=Rule-HTML-Section&appliesTo=Rule-RuleSet-Version&pyRuleName=pyCustomHelp&RequestClass=Rule-HTML-Section&RequestAppliesTo=Rule-RuleSet-Version&RequestRuleName=pyCustomHelp Payload: "{\"RequestClass\":\"Rule-HTML-Section\",\"RequestAppliesTo\":\"Rule-RuleSet-Version\",\"RequestRuleName\":\"pyCustomHelp\"}" => HTTP 200 (17256 bytes)
[PegaHttpClient] 📡 POST https://zdk8budo.pegaacademy.net/prweb/api/CodeIntelligence/v1/rules/query?pxObjClass=Rule-HTML-Section&appliesTo=Rule-RuleSet-Version&pyRuleName=pzRuleformMainInclude&RequestClass=Rule-HTML-Section&RequestAppliesTo=Rule-RuleSet-Version&RequestRuleName=pzRuleformMainInclude Payload: "{\"RequestClass\":\"Rule-HTML-Section\",\"RequestAppliesTo\":\"Rule-RuleSet-Version\",\"RequestRuleName\":\"pzRuleformMainInclude\"}" => HTTP 200 (22375 bytes)
[PegaHttpClient] 📡 POST https://zdk8budo.pegaacademy.net/prweb/api/CodeIntelligence/v1/rules/query?pxObjClass=Rule-HTML-Section&appliesTo=Rule-RuleSet-Version&pyRuleName=pyAlternativeRuleFormStrategicAppExtension&RequestClass=Rule-HTML-Section&RequestAppliesTo=Rule-RuleSet-Version&RequestRuleName=pyAlternativeRuleFormStrategicAppExtension Payload: "{\"RequestClass\":\"Rule-HTML-Section\",\"RequestAppliesTo\":\"Rule-RuleSet-Version\",\"RequestRuleName\":\"pyAlternativeRuleFormStrategicAppExtension\"}" => HTTP 200 (25042 bytes)
[PegaHttpClient] 📡 POST https://zdk8budo.pegaacademy.net/prweb/api/CodeIntelligence/v1/rules/query?pxObjClass=Rule-HTML-Section&appliesTo=Rule-RuleSet-Version&pyRuleName=pyAlternativeRuleFormExtension&RequestClass=Rule-HTML-Section&RequestAppliesTo=Rule-RuleSet-Version&RequestRuleName=pyAlternativeRuleFormExtension Payload: "{\"RequestClass\":\"Rule-HTML-Section\",\"RequestAppliesTo\":\"Rule-RuleSet-Version\",\"RequestRuleName\":\"pyAlternativeRuleFormExtension\"}" => HTTP 200 (24863 bytes)
[PegaHttpClient] 📡 POST https://zdk8budo.pegaacademy.net/prweb/api/CodeIntelligence/v1/rules/query?pxObjClass=Rule-HTML-Section&appliesTo=Rule-RuleSet-Version&pyRuleName=RuleFormHeader&RequestClass=Rule-HTML-Section&RequestAppliesTo=Rule-RuleSet-Version&RequestRuleName=RuleFormHeader Payload: "{\"RequestClass\":\"Rule-HTML-Section\",\"RequestAppliesTo\":\"Rule-RuleSet-Version\",\"RequestRuleName\":\"RuleFormHeader\"}" => HTTP 200 (183800 bytes)
[PegaHttpClient] 📡 POST https://zdk8budo.pegaacademy.net/prweb/api/CodeIntelligence/v1/rules/query?pxObjClass=Rule-HTML-Section&appliesTo=Rule-RuleSet-Version&pyRuleName=pzDelegationExperience&RequestClass=Rule-HTML-Section&RequestAppliesTo=Rule-RuleSet-Version&RequestRuleName=pzDelegationExperience Payload: "{\"RequestClass\":\"Rule-HTML-Section\",\"RequestAppliesTo\":\"Rule-RuleSet-Version\",\"RequestRuleName\":\"pzDelegationExperience\"}" => HTTP 404 (120 bytes)
[PegaHttpClient] 📡 POST https://zdk8budo.pegaacademy.net/prweb/PRRestService/CodeIntelligence/v1/rules/query?pxObjClass=Rule-HTML-Section&appliesTo=Rule-RuleSet-Version&pyRuleName=pzDelegationExperience&RequestClass=Rule-HTML-Section&RequestAppliesTo=Rule-RuleSet-Version&RequestRuleName=pzDelegationExperience Payload: "{\"RequestClass\":\"Rule-HTML-Section\",\"RequestAppliesTo\":\"Rule-RuleSet-Version\",\"RequestRuleName\":\"pzDelegationExperience\"}" => HTTP 404 (120 bytes)
[PegaHttpClient] 📡 POST https://zdk8budo.pegaacademy.net/prweb/api/HRAppsV2Service/V1/rules/query?pxObjClass=Rule-HTML-Section&appliesTo=Rule-RuleSet-Version&pyRuleName=pzDelegationExperience&RequestClass=Rule-HTML-Section&RequestAppliesTo=Rule-RuleSet-Version&RequestRuleName=pzDelegationExperience Payload: "{\"RequestClass\":\"Rule-HTML-Section\",\"RequestAppliesTo\":\"Rule-RuleSet-Version\",\"RequestRuleName\":\"pzDelegationExperience\"}" => HTTP 404 (18 bytes)
[PegaHttpClient] 📡 POST https://zdk8budo.pegaacademy.net/prweb/PRRestService/HRAppsV2Service/V1/rules/query?pxObjClass=Rule-HTML-Section&appliesTo=Rule-RuleSet-Version&pyRuleName=pzDelegationExperience&RequestClass=Rule-HTML-Section&RequestAppliesTo=Rule-RuleSet-Version&RequestRuleName=pzDelegationExperience Payload: "{\"RequestClass\":\"Rule-HTML-Section\",\"RequestAppliesTo\":\"Rule-RuleSet-Version\",\"RequestRuleName\":\"pzDelegationExperience\"}" => HTTP 404 (18 bytes)
[PegaHttpClient] 📡 POST https://zdk8budo.pegaacademy.net/prweb/api/HRAppsV2/V1/rules/query?pxObjClass=Rule-HTML-Section&appliesTo=Rule-RuleSet-Version&pyRuleName=pzDelegationExperience&RequestClass=Rule-HTML-Section&RequestAppliesTo=Rule-RuleSet-Version&RequestRuleName=pzDelegationExperience Payload: "{\"RequestClass\":\"Rule-HTML-Section\",\"RequestAppliesTo\":\"Rule-RuleSet-Version\",\"RequestRuleName\":\"pzDelegationExperience\"}" => HTTP 404 (18 bytes)
[PegaHttpClient] 📡 POST https://zdk8budo.pegaacademy.net/prweb/PRRestService/HRAppsV2/V1/rules/query?pxObjClass=Rule-HTML-Section&appliesTo=Rule-RuleSet-Version&pyRuleName=pzDelegationExperience&RequestClass=Rule-HTML-Section&RequestAppliesTo=Rule-RuleSet-Version&RequestRuleName=pzDelegationExperience Payload: "{\"RequestClass\":\"Rule-HTML-Section\",\"RequestAppliesTo\":\"Rule-RuleSet-Version\",\"RequestRuleName\":\"pzDelegationExperience\"}" => HTTP 404 (18 bytes)
[PegaHttpClient] 📡 POST https://zdk8budo.pegaacademy.net/prweb/api/v1/rules/query?pxObjClass=Rule-HTML-Section&appliesTo=Rule-RuleSet-Version&pyRuleName=pzDelegationExperience&RequestClass=Rule-HTML-Section&RequestAppliesTo=Rule-RuleSet-Version&RequestRuleName=pzDelegationExperience Payload: "{\"RequestClass\":\"Rule-HTML-Section\",\"RequestAppliesTo\":\"Rule-RuleSet-Version\",\"RequestRuleName\":\"pzDelegationExperience\"}" => HTTP 404 (18 bytes)
[PegaHttpClient] 📡 POST https://zdk8budo.pegaacademy.net/prweb/PRRestService/v1/rules/query?pxObjClass=Rule-HTML-Section&appliesTo=Rule-RuleSet-Version&pyRuleName=pzDelegationExperience&RequestClass=Rule-HTML-Section&RequestAppliesTo=Rule-RuleSet-Version&RequestRuleName=pzDelegationExperience Payload: "{\"RequestClass\":\"Rule-HTML-Section\",\"RequestAppliesTo\":\"Rule-RuleSet-Version\",\"RequestRuleName\":\"pzDelegationExperience\"}" => HTTP 404 (18 bytes)
[PegaHttpClient] 📡 POST https://zdk8budo.pegaacademy.net/prweb/api/CodeIntelligence/v1/rules/query?pxObjClass=Rule-HTML-Section&appliesTo=Rule-RuleSet-Version&pyRuleName=pzSingleVersion&RequestClass=Rule-HTML-Section&RequestAppliesTo=Rule-RuleSet-Version&RequestRuleName=pzSingleVersion Payload: "{\"RequestClass\":\"Rule-HTML-Section\",\"RequestAppliesTo\":\"Rule-RuleSet-Version\",\"RequestRuleName\":\"pzSingleVersion\"}" => HTTP 200 (35341 bytes)
[PegaHttpClient] 📡 POST https://zdk8budo.pegaacademy.net/prweb/api/CodeIntelligence/v1/rules/query?pxObjClass=Rule-HTML-Section&appliesTo=Rule-RuleSet-Version&pyRuleName=RuleFormHistory&RequestClass=Rule-HTML-Section&RequestAppliesTo=Rule-RuleSet-Version&RequestRuleName=RuleFormHistory Payload: "{\"RequestClass\":\"Rule-HTML-Section\",\"RequestAppliesTo\":\"Rule-RuleSet-Version\",\"RequestRuleName\":\"RuleFormHistory\"}" => HTTP 200 (76091 bytes)
[PegaHttpClient] 📡 POST https://zdk8budo.pegaacademy.net/prweb/api/CodeIntelligence/v1/rules/query?pxObjClass=Rule-HTML-Section&appliesTo=Rule-RuleSet-Version&pyRuleName=pzCustomHelp&RequestClass=Rule-HTML-Section&RequestAppliesTo=Rule-RuleSet-Version&RequestRuleName=pzCustomHelp Payload: "{\"RequestClass\":\"Rule-HTML-Section\",\"RequestAppliesTo\":\"Rule-RuleSet-Version\",\"RequestRuleName\":\"pzCustomHelp\"}" => HTTP 200 (31573 bytes)
[PegaHttpClient] 📡 POST https://zdk8budo.pegaacademy.net/prweb/api/CodeIntelligence/v1/rules/query?pxObjClass=Rule-HTML-Section&appliesTo=Rule-RuleSet-Version&pyRuleName=pzRuleFormKeysAndDescription&RequestClass=Rule-HTML-Section&RequestAppliesTo=Rule-RuleSet-Version&RequestRuleName=pzRuleFormKeysAndDescription Payload: "{\"RequestClass\":\"Rule-HTML-Section\",\"RequestAppliesTo\":\"Rule-RuleSet-Version\",\"RequestRuleName\":\"pzRuleFormKeysAndDescription\"}" => HTTP 200 (218057 bytes)
[PegaHttpClient] 📡 POST https://zdk8budo.pegaacademy.net/prweb/api/CodeIntelligence/v1/rules/query?pxObjClass=Rule-HTML-Section&appliesTo=Rule-RuleSet-Version&pyRuleName=pzRuleFormRuleset&RequestClass=Rule-HTML-Section&RequestAppliesTo=Rule-RuleSet-Version&RequestRuleName=pzRuleFormRuleset Payload: "{\"RequestClass\":\"Rule-HTML-Section\",\"RequestAppliesTo\":\"Rule-RuleSet-Version\",\"RequestRuleName\":\"pzRuleFormRuleset\"}" => HTTP 200 (33985 bytes)
[PegaHttpClient] 📡 POST https://zdk8budo.pegaacademy.net/prweb/api/CodeIntelligence/v1/rules/query?pxObjClass=Rule-HTML-Section&appliesTo=Rule-RuleSet-Version&pyRuleName=undefined&RequestClass=Rule-HTML-Section&RequestAppliesTo=Rule-RuleSet-Version&RequestRuleName=undefined Payload: "{\"RequestClass\":\"Rule-HTML-Section\",\"RequestAppliesTo\":\"Rule-RuleSet-Version\",\"RequestRuleName\":\"undefined\"}" => HTTP 404 (107 bytes)
[PegaHttpClient] 📡 POST https://zdk8budo.pegaacademy.net/prweb/PRRestService/CodeIntelligence/v1/rules/query?pxObjClass=Rule-HTML-Section&appliesTo=Rule-RuleSet-Version&pyRuleName=undefined&RequestClass=Rule-HTML-Section&RequestAppliesTo=Rule-RuleSet-Version&RequestRuleName=undefined Payload: "{\"RequestClass\":\"Rule-HTML-Section\",\"RequestAppliesTo\":\"Rule-RuleSet-Version\",\"RequestRuleName\":\"undefined\"}" => HTTP 404 (107 bytes)
[PegaHttpClient] 📡 POST https://zdk8budo.pegaacademy.net/prweb/api/HRAppsV2Service/V1/rules/query?pxObjClass=Rule-HTML-Section&appliesTo=Rule-RuleSet-Version&pyRuleName=undefined&RequestClass=Rule-HTML-Section&RequestAppliesTo=Rule-RuleSet-Version&RequestRuleName=undefined Payload: "{\"RequestClass\":\"Rule-HTML-Section\",\"RequestAppliesTo\":\"Rule-RuleSet-Version\",\"RequestRuleName\":\"undefined\"}" => HTTP 404 (18 bytes)
[PegaHttpClient] 📡 POST https://zdk8budo.pegaacademy.net/prweb/PRRestService/HRAppsV2Service/V1/rules/query?pxObjClass=Rule-HTML-Section&appliesTo=Rule-RuleSet-Version&pyRuleName=undefined&RequestClass=Rule-HTML-Section&RequestAppliesTo=Rule-RuleSet-Version&RequestRuleName=undefined Payload: "{\"RequestClass\":\"Rule-HTML-Section\",\"RequestAppliesTo\":\"Rule-RuleSet-Version\",\"RequestRuleName\":\"undefined\"}" => HTTP 404 (18 bytes)
[PegaHttpClient] 📡 POST https://zdk8budo.pegaacademy.net/prweb/api/HRAppsV2/V1/rules/query?pxObjClass=Rule-HTML-Section&appliesTo=Rule-RuleSet-Version&pyRuleName=undefined&RequestClass=Rule-HTML-Section&RequestAppliesTo=Rule-RuleSet-Version&RequestRuleName=undefined Payload: "{\"RequestClass\":\"Rule-HTML-Section\",\"RequestAppliesTo\":\"Rule-RuleSet-Version\",\"RequestRuleName\":\"undefined\"}" => HTTP 404 (18 bytes)
[PegaHttpClient] 📡 POST https://zdk8budo.pegaacademy.net/prweb/PRRestService/HRAppsV2/V1/rules/query?pxObjClass=Rule-HTML-Section&appliesTo=Rule-RuleSet-Version&pyRuleName=undefined&RequestClass=Rule-HTML-Section&RequestAppliesTo=Rule-RuleSet-Version&RequestRuleName=undefined Payload: "{\"RequestClass\":\"Rule-HTML-Section\",\"RequestAppliesTo\":\"Rule-RuleSet-Version\",\"RequestRuleName\":\"undefined\"}" => HTTP 404 (18 bytes)
[PegaHttpClient] 📡 POST https://zdk8budo.pegaacademy.net/prweb/api/v1/rules/query?pxObjClass=Rule-HTML-Section&appliesTo=Rule-RuleSet-Version&pyRuleName=undefined&RequestClass=Rule-HTML-Section&RequestAppliesTo=Rule-RuleSet-Version&RequestRuleName=undefined Payload: "{\"RequestClass\":\"Rule-HTML-Section\",\"RequestAppliesTo\":\"Rule-RuleSet-Version\",\"RequestRuleName\":\"undefined\"}" => HTTP 404 (18 bytes)
[PegaHttpClient] 📡 POST https://zdk8budo.pegaacademy.net/prweb/PRRestService/v1/rules/query?pxObjClass=Rule-HTML-Section&appliesTo=Rule-RuleSet-Version&pyRuleName=undefined&RequestClass=Rule-HTML-Section&RequestAppliesTo=Rule-RuleSet-Version&RequestRuleName=undefined Payload: "{\"RequestClass\":\"Rule-HTML-Section\",\"RequestAppliesTo\":\"Rule-RuleSet-Version\",\"RequestRuleName\":\"undefined\"}" => HTTP 404 (18 bytes)
[PegaHttpClient] 📡 POST https://zdk8budo.pegaacademy.net/prweb/api/CodeIntelligence/v1/rules/query?pxObjClass=Rule-HTML-Section&appliesTo=Rule-RuleSet-Version&pyRuleName=pzRuleFormToolbar&RequestClass=Rule-HTML-Section&RequestAppliesTo=Rule-RuleSet-Version&RequestRuleName=pzRuleFormToolbar Payload: "{\"RequestClass\":\"Rule-HTML-Section\",\"RequestAppliesTo\":\"Rule-RuleSet-Version\",\"RequestRuleName\":\"pzRuleFormToolbar\"}" => HTTP 200 (242691 bytes)
[PegaHttpClient] 📡 POST https://zdk8budo.pegaacademy.net/prweb/api/CodeIntelligence/v1/rules/query?pxObjClass=Rule-HTML-Section&appliesTo=Rule-RuleSet-Version&pyRuleName=pzRuleFormToolbarCompare&RequestClass=Rule-HTML-Section&RequestAppliesTo=Rule-RuleSet-Version&RequestRuleName=pzRuleFormToolbarCompare Payload: "{\"RequestClass\":\"Rule-HTML-Section\",\"RequestAppliesTo\":\"Rule-RuleSet-Version\",\"RequestRuleName\":\"pzRuleFormToolbarCompare\"}" => HTTP 200 (61925 bytes)
[PegaHttpClient] 📡 POST https://zdk8budo.pegaacademy.net/prweb/api/CodeIntelligence/v1/rules/query?pxObjClass=Rule-HTML-Section&appliesTo=Rule-RuleSet-Version&pyRuleName=RuleFormHeaderMessages&RequestClass=Rule-HTML-Section&RequestAppliesTo=Rule-RuleSet-Version&RequestRuleName=RuleFormHeaderMessages Payload: "{\"RequestClass\":\"Rule-HTML-Section\",\"RequestAppliesTo\":\"Rule-RuleSet-Version\",\"RequestRuleName\":\"RuleFormHeaderMessages\"}" => HTTP 200 (26518 bytes)
[PegaHttpClient] 📡 POST https://zdk8budo.pegaacademy.net/prweb/api/CodeIntelligence/v1/rules/query?pxObjClass=Rule-HTML-Section&appliesTo=Rule-RuleSet-Version&pyRuleName=pzAlternateRuleInfo&RequestClass=Rule-HTML-Section&RequestAppliesTo=Rule-RuleSet-Version&RequestRuleName=pzAlternateRuleInfo Payload: "{\"RequestClass\":\"Rule-HTML-Section\",\"RequestAppliesTo\":\"Rule-RuleSet-Version\",\"RequestRuleName\":\"pzAlternateRuleInfo\"}" => HTTP 200 (140407 bytes)
[PegaHttpClient] 📡 POST https://zdk8budo.pegaacademy.net/prweb/api/CodeIntelligence/v1/rules/query?pxObjClass=Rule-HTML-Section&appliesTo=Rule-RuleSet-Version&pyRuleName=RuleFormHistory_Description&RequestClass=Rule-HTML-Section&RequestAppliesTo=Rule-RuleSet-Version&RequestRuleName=RuleFormHistory_Description Payload: "{\"RequestClass\":\"Rule-HTML-Section\",\"RequestAppliesTo\":\"Rule-RuleSet-Version\",\"RequestRuleName\":\"RuleFormHistory_Description\"}" => HTTP 200 (46242 bytes)
[PegaHttpClient] 📡 POST https://zdk8budo.pegaacademy.net/prweb/api/CodeIntelligence/v1/rules/query?pxObjClass=Rule-HTML-Section&appliesTo=Rule-RuleSet-Version&pyRuleName=RuleFormHistory_CustomFields&RequestClass=Rule-HTML-Section&RequestAppliesTo=Rule-RuleSet-Version&RequestRuleName=RuleFormHistory_CustomFields Payload: "{\"RequestClass\":\"Rule-HTML-Section\",\"RequestAppliesTo\":\"Rule-RuleSet-Version\",\"RequestRuleName\":\"RuleFormHistory_CustomFields\"}" => HTTP 200 (75856 bytes)
[PegaHttpClient] 📡 POST https://zdk8budo.pegaacademy.net/prweb/api/CodeIntelligence/v1/rules/query?pxObjClass=Rule-HTML-Section&appliesTo=Rule-RuleSet-Version&pyRuleName=RuleFormHistory_HistoryDetails&RequestClass=Rule-HTML-Section&RequestAppliesTo=Rule-RuleSet-Version&RequestRuleName=RuleFormHistory_HistoryDetails Payload: "{\"RequestClass\":\"Rule-HTML-Section\",\"RequestAppliesTo\":\"Rule-RuleSet-Version\",\"RequestRuleName\":\"RuleFormHistory_HistoryDetails\"}" => HTTP 200 (179535 bytes)
[PegaHttpClient] 📡 POST https://zdk8budo.pegaacademy.net/prweb/api/CodeIntelligence/v1/rules/query?pxObjClass=Rule-HTML-Section&appliesTo=Rule-RuleSet-Version&pyRuleName=pzRuleFormStatus&RequestClass=Rule-HTML-Section&RequestAppliesTo=Rule-RuleSet-Version&RequestRuleName=pzRuleFormStatus Payload: "{\"RequestClass\":\"Rule-HTML-Section\",\"RequestAppliesTo\":\"Rule-RuleSet-Version\",\"RequestRuleName\":\"pzRuleFormStatus\"}" => HTTP 200 (97627 bytes)
[PegaHttpClient] 📡 POST https://zdk8budo.pegaacademy.net/prweb/api/CodeIntelligence/v1/rules/query?pxObjClass=Rule-HTML-Section&appliesTo=Rule-RuleSet-Version&pyRuleName=pzRuleFormHeaderCompareWithDropDown&RequestClass=Rule-HTML-Section&RequestAppliesTo=Rule-RuleSet-Version&RequestRuleName=pzRuleFormHeaderCompareWithDropDown Payload: "{\"RequestClass\":\"Rule-HTML-Section\",\"RequestAppliesTo\":\"Rule-RuleSet-Version\",\"RequestRuleName\":\"pzRuleFormHeaderCompareWithDropDown\"}" => HTTP 200 (25396 bytes)
[PegaHttpClient] 📡 POST https://zdk8budo.pegaacademy.net/prweb/api/CodeIntelligence/v1/rules/query?pxObjClass=Rule-HTML-Section&appliesTo=Rule-RuleSet-Version&pyRuleName=undefined&RequestClass=Rule-HTML-Section&RequestAppliesTo=Rule-RuleSet-Version&RequestRuleName=undefined Payload: "{\"RequestClass\":\"Rule-HTML-Section\",\"RequestAppliesTo\":\"Rule-RuleSet-Version\",\"RequestRuleName\":\"undefined\"}" => HTTP 404 (107 bytes)
[PegaHttpClient] 📡 POST https://zdk8budo.pegaacademy.net/prweb/PRRestService/CodeIntelligence/v1/rules/query?pxObjClass=Rule-HTML-Section&appliesTo=Rule-RuleSet-Version&pyRuleName=undefined&RequestClass=Rule-HTML-Section&RequestAppliesTo=Rule-RuleSet-Version&RequestRuleName=undefined Payload: "{\"RequestClass\":\"Rule-HTML-Section\",\"RequestAppliesTo\":\"Rule-RuleSet-Version\",\"RequestRuleName\":\"undefined\"}" => HTTP 404 (107 bytes)
[PegaHttpClient] 📡 POST https://zdk8budo.pegaacademy.net/prweb/api/HRAppsV2Service/V1/rules/query?pxObjClass=Rule-HTML-Section&appliesTo=Rule-RuleSet-Version&pyRuleName=undefined&RequestClass=Rule-HTML-Section&RequestAppliesTo=Rule-RuleSet-Version&RequestRuleName=undefined Payload: "{\"RequestClass\":\"Rule-HTML-Section\",\"RequestAppliesTo\":\"Rule-RuleSet-Version\",\"RequestRuleName\":\"undefined\"}" => HTTP 404 (18 bytes)
[PegaHttpClient] 📡 POST https://zdk8budo.pegaacademy.net/prweb/PRRestService/HRAppsV2Service/V1/rules/query?pxObjClass=Rule-HTML-Section&appliesTo=Rule-RuleSet-Version&pyRuleName=undefined&RequestClass=Rule-HTML-Section&RequestAppliesTo=Rule-RuleSet-Version&RequestRuleName=undefined Payload: "{\"RequestClass\":\"Rule-HTML-Section\",\"RequestAppliesTo\":\"Rule-RuleSet-Version\",\"RequestRuleName\":\"undefined\"}" => HTTP 404 (18 bytes)
[PegaHttpClient] 📡 POST https://zdk8budo.pegaacademy.net/prweb/api/HRAppsV2/V1/rules/query?pxObjClass=Rule-HTML-Section&appliesTo=Rule-RuleSet-Version&pyRuleName=undefined&RequestClass=Rule-HTML-Section&RequestAppliesTo=Rule-RuleSet-Version&RequestRuleName=undefined Payload: "{\"RequestClass\":\"Rule-HTML-Section\",\"RequestAppliesTo\":\"Rule-RuleSet-Version\",\"RequestRuleName\":\"undefined\"}" => HTTP 404 (18 bytes)
[PegaHttpClient] 📡 POST https://zdk8budo.pegaacademy.net/prweb/PRRestService/HRAppsV2/V1/rules/query?pxObjClass=Rule-HTML-Section&appliesTo=Rule-RuleSet-Version&pyRuleName=undefined&RequestClass=Rule-HTML-Section&RequestAppliesTo=Rule-RuleSet-Version&RequestRuleName=undefined Payload: "{\"RequestClass\":\"Rule-HTML-Section\",\"RequestAppliesTo\":\"Rule-RuleSet-Version\",\"RequestRuleName\":\"undefined\"}" => HTTP 404 (18 bytes)
[PegaHttpClient] 📡 POST https://zdk8budo.pegaacademy.net/prweb/api/v1/rules/query?pxObjClass=Rule-HTML-Section&appliesTo=Rule-RuleSet-Version&pyRuleName=undefined&RequestClass=Rule-HTML-Section&RequestAppliesTo=Rule-RuleSet-Version&RequestRuleName=undefined Payload: "{\"RequestClass\":\"Rule-HTML-Section\",\"RequestAppliesTo\":\"Rule-RuleSet-Version\",\"RequestRuleName\":\"undefined\"}" => HTTP 404 (18 bytes)
[PegaHttpClient] 📡 POST https://zdk8budo.pegaacademy.net/prweb/PRRestService/v1/rules/query?pxObjClass=Rule-HTML-Section&appliesTo=Rule-RuleSet-Version&pyRuleName=undefined&RequestClass=Rule-HTML-Section&RequestAppliesTo=Rule-RuleSet-Version&RequestRuleName=undefined Payload: "{\"RequestClass\":\"Rule-HTML-Section\",\"RequestAppliesTo\":\"Rule-RuleSet-Version\",\"RequestRuleName\":\"undefined\"}" => HTTP 404 (18 bytes)
[PegaHttpClient] 📡 POST https://zdk8budo.pegaacademy.net/prweb/api/CodeIntelligence/v1/rules/query?pxObjClass=Rule-HTML-Section&appliesTo=Rule-RuleSet-Version&pyRuleName=pzRuleFormToolbarHotKeys&RequestClass=Rule-HTML-Section&RequestAppliesTo=Rule-RuleSet-Version&RequestRuleName=pzRuleFormToolbarHotKeys Payload: "{\"RequestClass\":\"Rule-HTML-Section\",\"RequestAppliesTo\":\"Rule-RuleSet-Version\",\"RequestRuleName\":\"pzRuleFormToolbarHotKeys\"}" => HTTP 200 (85058 bytes)
[PegaHttpClient] 📡 POST https://zdk8budo.pegaacademy.net/prweb/api/CodeIntelligence/v1/rules/query?pxObjClass=Rule-HTML-Section&appliesTo=Rule-RuleSet-Version&pyRuleName=pzRuleFormToolbarLockedIcon&RequestClass=Rule-HTML-Section&RequestAppliesTo=Rule-RuleSet-Version&RequestRuleName=pzRuleFormToolbarLockedIcon Payload: "{\"RequestClass\":\"Rule-HTML-Section\",\"RequestAppliesTo\":\"Rule-RuleSet-Version\",\"RequestRuleName\":\"pzRuleFormToolbarLockedIcon\"}" => HTTP 200 (24898 bytes)
[PegaHttpClient] 📡 POST https://zdk8budo.pegaacademy.net/prweb/api/CodeIntelligence/v1/rules/query?pxObjClass=Rule-HTML-Section&appliesTo=Rule-RuleSet-Version&pyRuleName=pzRuleFormToolbarCollaborators&RequestClass=Rule-HTML-Section&RequestAppliesTo=Rule-RuleSet-Version&RequestRuleName=pzRuleFormToolbarCollaborators Payload: "{\"RequestClass\":\"Rule-HTML-Section\",\"RequestAppliesTo\":\"Rule-RuleSet-Version\",\"RequestRuleName\":\"pzRuleFormToolbarCollaborators\"}" => HTTP 200 (15254 bytes)
[PegaHttpClient] 📡 POST https://zdk8budo.pegaacademy.net/prweb/api/CodeIntelligence/v1/rules/query?pxObjClass=Rule-HTML-Section&appliesTo=Rule-RuleSet-Version&pyRuleName=pzRuleFormToolbarSaveAs&RequestClass=Rule-HTML-Section&RequestAppliesTo=Rule-RuleSet-Version&RequestRuleName=pzRuleFormToolbarSaveAs Payload: "{\"RequestClass\":\"Rule-HTML-Section\",\"RequestAppliesTo\":\"Rule-RuleSet-Version\",\"RequestRuleName\":\"pzRuleFormToolbarSaveAs\"}" => HTTP 200 (64084 bytes)
[PegaHttpClient] 📡 POST https://zdk8budo.pegaacademy.net/prweb/api/CodeIntelligence/v1/rules/query?pxObjClass=Rule-HTML-Section&appliesTo=Rule-RuleSet-Version&pyRuleName=pzRuleFormToolbarCheckin&RequestClass=Rule-HTML-Section&RequestAppliesTo=Rule-RuleSet-Version&RequestRuleName=pzRuleFormToolbarCheckin Payload: "{\"RequestClass\":\"Rule-HTML-Section\",\"RequestAppliesTo\":\"Rule-RuleSet-Version\",\"RequestRuleName\":\"pzRuleFormToolbarCheckin\"}" => HTTP 200 (119096 bytes)
[PegaHttpClient] 📡 POST https://zdk8budo.pegaacademy.net/prweb/api/CodeIntelligence/v1/rules/query?pxObjClass=Rule-HTML-Section&appliesTo=Rule-RuleSet-Version&pyRuleName=pzRuleFormToolbarDelete&RequestClass=Rule-HTML-Section&RequestAppliesTo=Rule-RuleSet-Version&RequestRuleName=pzRuleFormToolbarDelete Payload: "{\"RequestClass\":\"Rule-HTML-Section\",\"RequestAppliesTo\":\"Rule-RuleSet-Version\",\"RequestRuleName\":\"pzRuleFormToolbarDelete\"}" => HTTP 200 (30249 bytes)
[PegaHttpClient] 📡 POST https://zdk8budo.pegaacademy.net/prweb/api/CodeIntelligence/v1/rules/query?pxObjClass=Rule-HTML-Section&appliesTo=Rule-RuleSet-Version&pyRuleName=pzRuleFormToolbarSave&RequestClass=Rule-HTML-Section&RequestAppliesTo=Rule-RuleSet-Version&RequestRuleName=pzRuleFormToolbarSave Payload: "{\"RequestClass\":\"Rule-HTML-Section\",\"RequestAppliesTo\":\"Rule-RuleSet-Version\",\"RequestRuleName\":\"pzRuleFormToolbarSave\"}" => HTTP 200 (293885 bytes)
[PegaHttpClient] 📡 POST https://zdk8budo.pegaacademy.net/prweb/api/CodeIntelligence/v1/rules/query?pxObjClass=Rule-HTML-Section&appliesTo=Rule-RuleSet-Version&pyRuleName=pzRuleFormToolbarCheckout&RequestClass=Rule-HTML-Section&RequestAppliesTo=Rule-RuleSet-Version&RequestRuleName=pzRuleFormToolbarCheckout Payload: "{\"RequestClass\":\"Rule-HTML-Section\",\"RequestAppliesTo\":\"Rule-RuleSet-Version\",\"RequestRuleName\":\"pzRuleFormToolbarCheckout\"}" => HTTP 200 (238148 bytes)
[PegaHttpClient] 📡 POST https://zdk8budo.pegaacademy.net/prweb/api/CodeIntelligence/v1/rules/query?pxObjClass=Rule-HTML-Section&appliesTo=Rule-RuleSet-Version&pyRuleName=pzRemoveErrorsDataPage&RequestClass=Rule-HTML-Section&RequestAppliesTo=Rule-RuleSet-Version&RequestRuleName=pzRemoveErrorsDataPage Payload: "{\"RequestClass\":\"Rule-HTML-Section\",\"RequestAppliesTo\":\"Rule-RuleSet-Version\",\"RequestRuleName\":\"pzRemoveErrorsDataPage\"}" => HTTP 200 (16733 bytes)
[PegaHttpClient] 📡 POST https://zdk8budo.pegaacademy.net/prweb/api/CodeIntelligence/v1/rules/query?pxObjClass=Rule-HTML-Section&appliesTo=Rule-RuleSet-Version&pyRuleName=pzRuleFormHeaderMessagesWrapper&RequestClass=Rule-HTML-Section&RequestAppliesTo=Rule-RuleSet-Version&RequestRuleName=pzRuleFormHeaderMessagesWrapper Payload: "{\"RequestClass\":\"Rule-HTML-Section\",\"RequestAppliesTo\":\"Rule-RuleSet-Version\",\"RequestRuleName\":\"pzRuleFormHeaderMessagesWrapper\"}" => HTTP 200 (16981 bytes)
[PegaHttpClient] 📡 POST https://zdk8budo.pegaacademy.net/prweb/api/CodeIntelligence/v1/rules/query?pxObjClass=Rule-HTML-Section&appliesTo=Rule-RuleSet-Version&pyRuleName=pzScm_RuleHistory&RequestClass=Rule-HTML-Section&RequestAppliesTo=Rule-RuleSet-Version&RequestRuleName=pzScm_RuleHistory Payload: "{\"RequestClass\":\"Rule-HTML-Section\",\"RequestAppliesTo\":\"Rule-RuleSet-Version\",\"RequestRuleName\":\"pzScm_RuleHistory\"}" => HTTP 200 (14682 bytes)
[PegaHttpClient] 📡 POST https://zdk8budo.pegaacademy.net/prweb/api/CodeIntelligence/v1/rules/query?pxObjClass=Rule-HTML-Section&appliesTo=Rule-RuleSet-Version&pyRuleName=pxDisplayCollaborators&RequestClass=Rule-HTML-Section&RequestAppliesTo=Rule-RuleSet-Version&RequestRuleName=pxDisplayCollaborators Payload: "{\"RequestClass\":\"Rule-HTML-Section\",\"RequestAppliesTo\":\"Rule-RuleSet-Version\",\"RequestRuleName\":\"pxDisplayCollaborators\"}" => HTTP 200 (94171 bytes)
[PegaHttpClient] 📡 POST https://zdk8budo.pegaacademy.net/prweb/api/CodeIntelligence/v1/rules/query?pxObjClass=Rule-HTML-Section&appliesTo=Rule-RuleSet-Version&pyRuleName=pzRuleFormToolbarDeleteCheckOut&RequestClass=Rule-HTML-Section&RequestAppliesTo=Rule-RuleSet-Version&RequestRuleName=pzRuleFormToolbarDeleteCheckOut Payload: "{\"RequestClass\":\"Rule-HTML-Section\",\"RequestAppliesTo\":\"Rule-RuleSet-Version\",\"RequestRuleName\":\"pzRuleFormToolbarDeleteCheckOut\"}" => HTTP 200 (29433 bytes)
[PegaHttpClient] 📡 POST https://zdk8budo.pegaacademy.net/prweb/api/CodeIntelligence/v1/rules/query?pxObjClass=Rule-HTML-Section&appliesTo=Rule-RuleSet-Version&pyRuleName=pzRuleFormToolbarDeleteRule&RequestClass=Rule-HTML-Section&RequestAppliesTo=Rule-RuleSet-Version&RequestRuleName=pzRuleFormToolbarDeleteRule Payload: "{\"RequestClass\":\"Rule-HTML-Section\",\"RequestAppliesTo\":\"Rule-RuleSet-Version\",\"RequestRuleName\":\"pzRuleFormToolbarDeleteRule\"}" => HTTP 200 (32314 bytes)
[PegaHttpClient] 📡 POST https://zdk8budo.pegaacademy.net/prweb/api/CodeIntelligence/v1/rules/query?pxObjClass=Rule-HTML-Section&appliesTo=Rule-RuleSet-Version&pyRuleName=pzLoadCollaborationScripts&RequestClass=Rule-HTML-Section&RequestAppliesTo=Rule-RuleSet-Version&RequestRuleName=pzLoadCollaborationScripts Payload: "{\"RequestClass\":\"Rule-HTML-Section\",\"RequestAppliesTo\":\"Rule-RuleSet-Version\",\"RequestRuleName\":\"pzLoadCollaborationScripts\"}" => HTTP 200 (23453 bytes)
[PegaHttpClient] 📡 POST https://zdk8budo.pegaacademy.net/prweb/api/CodeIntelligence/v1/rules/query?pxObjClass=Rule-HTML-Section&appliesTo=Rule-RuleSet-Version&pyRuleName=pzDisplayCollaboratorsList&RequestClass=Rule-HTML-Section&RequestAppliesTo=Rule-RuleSet-Version&RequestRuleName=pzDisplayCollaboratorsList Payload: "{\"RequestClass\":\"Rule-HTML-Section\",\"RequestAppliesTo\":\"Rule-RuleSet-Version\",\"RequestRuleName\":\"pzDisplayCollaboratorsList\"}" => HTTP 200 (105418 bytes)
[PegaHttpClient] 📡 POST https://zdk8budo.pegaacademy.net/prweb/api/CodeIntelligence/v1/rules/query?pxObjClass=Rule-HTML-Section&appliesTo=Rule-RuleSet-Version&pyRuleName=pyCollaborator&RequestClass=Rule-HTML-Section&RequestAppliesTo=Rule-RuleSet-Version&RequestRuleName=pyCollaborator Payload: "{\"RequestClass\":\"Rule-HTML-Section\",\"RequestAppliesTo\":\"Rule-RuleSet-Version\",\"RequestRuleName\":\"pyCollaborator\"}" => HTTP 404 (112 bytes)
[PegaHttpClient] 📡 POST https://zdk8budo.pegaacademy.net/prweb/PRRestService/CodeIntelligence/v1/rules/query?pxObjClass=Rule-HTML-Section&appliesTo=Rule-RuleSet-Version&pyRuleName=pyCollaborator&RequestClass=Rule-HTML-Section&RequestAppliesTo=Rule-RuleSet-Version&RequestRuleName=pyCollaborator Payload: "{\"RequestClass\":\"Rule-HTML-Section\",\"RequestAppliesTo\":\"Rule-RuleSet-Version\",\"RequestRuleName\":\"pyCollaborator\"}" => HTTP 404 (112 bytes)
[PegaHttpClient] 📡 POST https://zdk8budo.pegaacademy.net/prweb/api/HRAppsV2Service/V1/rules/query?pxObjClass=Rule-HTML-Section&appliesTo=Rule-RuleSet-Version&pyRuleName=pyCollaborator&RequestClass=Rule-HTML-Section&RequestAppliesTo=Rule-RuleSet-Version&RequestRuleName=pyCollaborator Payload: "{\"RequestClass\":\"Rule-HTML-Section\",\"RequestAppliesTo\":\"Rule-RuleSet-Version\",\"RequestRuleName\":\"pyCollaborator\"}" => HTTP 404 (18 bytes)
[PegaHttpClient] 📡 POST https://zdk8budo.pegaacademy.net/prweb/PRRestService/HRAppsV2Service/V1/rules/query?pxObjClass=Rule-HTML-Section&appliesTo=Rule-RuleSet-Version&pyRuleName=pyCollaborator&RequestClass=Rule-HTML-Section&RequestAppliesTo=Rule-RuleSet-Version&RequestRuleName=pyCollaborator Payload: "{\"RequestClass\":\"Rule-HTML-Section\",\"RequestAppliesTo\":\"Rule-RuleSet-Version\",\"RequestRuleName\":\"pyCollaborator\"}" => HTTP 404 (18 bytes)
[PegaHttpClient] 📡 POST https://zdk8budo.pegaacademy.net/prweb/api/HRAppsV2/V1/rules/query?pxObjClass=Rule-HTML-Section&appliesTo=Rule-RuleSet-Version&pyRuleName=pyCollaborator&RequestClass=Rule-HTML-Section&RequestAppliesTo=Rule-RuleSet-Version&RequestRuleName=pyCollaborator Payload: "{\"RequestClass\":\"Rule-HTML-Section\",\"RequestAppliesTo\":\"Rule-RuleSet-Version\",\"RequestRuleName\":\"pyCollaborator\"}" => HTTP 404 (18 bytes)
[PegaHttpClient] 📡 POST https://zdk8budo.pegaacademy.net/prweb/PRRestService/HRAppsV2/V1/rules/query?pxObjClass=Rule-HTML-Section&appliesTo=Rule-RuleSet-Version&pyRuleName=pyCollaborator&RequestClass=Rule-HTML-Section&RequestAppliesTo=Rule-RuleSet-Version&RequestRuleName=pyCollaborator Payload: "{\"RequestClass\":\"Rule-HTML-Section\",\"RequestAppliesTo\":\"Rule-RuleSet-Version\",\"RequestRuleName\":\"pyCollaborator\"}" => HTTP 404 (18 bytes)
[PegaHttpClient] 📡 POST https://zdk8budo.pegaacademy.net/prweb/api/v1/rules/query?pxObjClass=Rule-HTML-Section&appliesTo=Rule-RuleSet-Version&pyRuleName=pyCollaborator&RequestClass=Rule-HTML-Section&RequestAppliesTo=Rule-RuleSet-Version&RequestRuleName=pyCollaborator Payload: "{\"RequestClass\":\"Rule-HTML-Section\",\"RequestAppliesTo\":\"Rule-RuleSet-Version\",\"RequestRuleName\":\"pyCollaborator\"}" => HTTP 404 (18 bytes)
[PegaHttpClient] 📡 POST https://zdk8budo.pegaacademy.net/prweb/PRRestService/v1/rules/query?pxObjClass=Rule-HTML-Section&appliesTo=Rule-RuleSet-Version&pyRuleName=pyCollaborator&RequestClass=Rule-HTML-Section&RequestAppliesTo=Rule-RuleSet-Version&RequestRuleName=pyCollaborator Payload: "{\"RequestClass\":\"Rule-HTML-Section\",\"RequestAppliesTo\":\"Rule-RuleSet-Version\",\"RequestRuleName\":\"pyCollaborator\"}" => HTTP 404 (18 bytes)
[PegaHttpClient] 📡 POST https://zdk8budo.pegaacademy.net/prweb/api/CodeIntelligence/v1/rules/query?pxObjClass=Rule-HTML-Section&appliesTo=Rule-RuleSet-Version&pyRuleName=pzDisplayPartialCount&RequestClass=Rule-HTML-Section&RequestAppliesTo=Rule-RuleSet-Version&RequestRuleName=pzDisplayPartialCount Payload: "{\"RequestClass\":\"Rule-HTML-Section\",\"RequestAppliesTo\":\"Rule-RuleSet-Version\",\"RequestRuleName\":\"pzDisplayPartialCount\"}" => HTTP 404 (119 bytes)
[PegaHttpClient] 📡 POST https://zdk8budo.pegaacademy.net/prweb/PRRestService/CodeIntelligence/v1/rules/query?pxObjClass=Rule-HTML-Section&appliesTo=Rule-RuleSet-Version&pyRuleName=pzDisplayPartialCount&RequestClass=Rule-HTML-Section&RequestAppliesTo=Rule-RuleSet-Version&RequestRuleName=pzDisplayPartialCount Payload: "{\"RequestClass\":\"Rule-HTML-Section\",\"RequestAppliesTo\":\"Rule-RuleSet-Version\",\"RequestRuleName\":\"pzDisplayPartialCount\"}" => HTTP 404 (119 bytes)
[PegaHttpClient] 📡 POST https://zdk8budo.pegaacademy.net/prweb/api/HRAppsV2Service/V1/rules/query?pxObjClass=Rule-HTML-Section&appliesTo=Rule-RuleSet-Version&pyRuleName=pzDisplayPartialCount&RequestClass=Rule-HTML-Section&RequestAppliesTo=Rule-RuleSet-Version&RequestRuleName=pzDisplayPartialCount Payload: "{\"RequestClass\":\"Rule-HTML-Section\",\"RequestAppliesTo\":\"Rule-RuleSet-Version\",\"RequestRuleName\":\"pzDisplayPartialCount\"}" => HTTP 404 (18 bytes)
[PegaHttpClient] 📡 POST https://zdk8budo.pegaacademy.net/prweb/PRRestService/HRAppsV2Service/V1/rules/query?pxObjClass=Rule-HTML-Section&appliesTo=Rule-RuleSet-Version&pyRuleName=pzDisplayPartialCount&RequestClass=Rule-HTML-Section&RequestAppliesTo=Rule-RuleSet-Version&RequestRuleName=pzDisplayPartialCount Payload: "{\"RequestClass\":\"Rule-HTML-Section\",\"RequestAppliesTo\":\"Rule-RuleSet-Version\",\"RequestRuleName\":\"pzDisplayPartialCount\"}" => HTTP 404 (18 bytes)
[PegaHttpClient] 📡 POST https://zdk8budo.pegaacademy.net/prweb/api/HRAppsV2/V1/rules/query?pxObjClass=Rule-HTML-Section&appliesTo=Rule-RuleSet-Version&pyRuleName=pzDisplayPartialCount&RequestClass=Rule-HTML-Section&RequestAppliesTo=Rule-RuleSet-Version&RequestRuleName=pzDisplayPartialCount Payload: "{\"RequestClass\":\"Rule-HTML-Section\",\"RequestAppliesTo\":\"Rule-RuleSet-Version\",\"RequestRuleName\":\"pzDisplayPartialCount\"}" => HTTP 404 (18 bytes)
[PegaHttpClient] 📡 POST https://zdk8budo.pegaacademy.net/prweb/PRRestService/HRAppsV2/V1/rules/query?pxObjClass=Rule-HTML-Section&appliesTo=Rule-RuleSet-Version&pyRuleName=pzDisplayPartialCount&RequestClass=Rule-HTML-Section&RequestAppliesTo=Rule-RuleSet-Version&RequestRuleName=pzDisplayPartialCount Payload: "{\"RequestClass\":\"Rule-HTML-Section\",\"RequestAppliesTo\":\"Rule-RuleSet-Version\",\"RequestRuleName\":\"pzDisplayPartialCount\"}" => HTTP 404 (18 bytes)
[PegaHttpClient] 📡 POST https://zdk8budo.pegaacademy.net/prweb/api/v1/rules/query?pxObjClass=Rule-HTML-Section&appliesTo=Rule-RuleSet-Version&pyRuleName=pzDisplayPartialCount&RequestClass=Rule-HTML-Section&RequestAppliesTo=Rule-RuleSet-Version&RequestRuleName=pzDisplayPartialCount Payload: "{\"RequestClass\":\"Rule-HTML-Section\",\"RequestAppliesTo\":\"Rule-RuleSet-Version\",\"RequestRuleName\":\"pzDisplayPartialCount\"}" => HTTP 404 (18 bytes)
[PegaHttpClient] 📡 POST https://zdk8budo.pegaacademy.net/prweb/PRRestService/v1/rules/query?pxObjClass=Rule-HTML-Section&appliesTo=Rule-RuleSet-Version&pyRuleName=pzDisplayPartialCount&RequestClass=Rule-HTML-Section&RequestAppliesTo=Rule-RuleSet-Version&RequestRuleName=pzDisplayPartialCount Payload: "{\"RequestClass\":\"Rule-HTML-Section\",\"RequestAppliesTo\":\"Rule-RuleSet-Version\",\"RequestRuleName\":\"pzDisplayPartialCount\"}" => HTTP 404 (18 bytes)
[SchemaGen] ✅ Schema written for Rule-RuleSet-Version
[PegaHttpClient] 📡 GET https://zdk8budo.pegaacademy.net/prweb/api/CodeIntelligence/v1/rules/RULE-HTML-HARNESS%20RULE-RULESET-NAME%20RULEFORM%20%2320180713T135638.312%20GMT => HTTP 200 (41184 bytes)
[PegaHttpClient] 📡 POST https://zdk8budo.pegaacademy.net/prweb/api/CodeIntelligence/v1/rules/query?pxObjClass=Rule-HTML-Section&appliesTo=Rule-RuleSet-Name&pyRuleName=RuleFormMain&RequestClass=Rule-HTML-Section&RequestAppliesTo=Rule-RuleSet-Name&RequestRuleName=RuleFormMain Payload: "{\"RequestClass\":\"Rule-HTML-Section\",\"RequestAppliesTo\":\"Rule-RuleSet-Name\",\"RequestRuleName\":\"RuleFormMain\"}" => HTTP 200 (156234 bytes)
[PegaHttpClient] 📡 POST https://zdk8budo.pegaacademy.net/prweb/api/CodeIntelligence/v1/rules/query?pxObjClass=Rule-HTML-Section&appliesTo=Rule-RuleSet-Name&pyRuleName=pxAlternateRuleForm&RequestClass=Rule-HTML-Section&RequestAppliesTo=Rule-RuleSet-Name&RequestRuleName=pxAlternateRuleForm Payload: "{\"RequestClass\":\"Rule-HTML-Section\",\"RequestAppliesTo\":\"Rule-RuleSet-Name\",\"RequestRuleName\":\"pxAlternateRuleForm\"}" => HTTP 200 (66153 bytes)
[PegaHttpClient] 📡 POST https://zdk8budo.pegaacademy.net/prweb/api/CodeIntelligence/v1/rules/query?pxObjClass=Rule-HTML-Section&appliesTo=Rule-RuleSet-Name&pyRuleName=pzRuleFormScripts&RequestClass=Rule-HTML-Section&RequestAppliesTo=Rule-RuleSet-Name&RequestRuleName=pzRuleFormScripts Payload: "{\"RequestClass\":\"Rule-HTML-Section\",\"RequestAppliesTo\":\"Rule-RuleSet-Name\",\"RequestRuleName\":\"pzRuleFormScripts\"}" => HTTP 200 (40822 bytes)
[PegaHttpClient] 📡 POST https://zdk8budo.pegaacademy.net/prweb/api/CodeIntelligence/v1/rules/query?pxObjClass=Rule-HTML-Section&appliesTo=Rule-RuleSet-Name&pyRuleName=pzRuleFormLayoutDelegated&RequestClass=Rule-HTML-Section&RequestAppliesTo=Rule-RuleSet-Name&RequestRuleName=pzRuleFormLayoutDelegated Payload: "{\"RequestClass\":\"Rule-HTML-Section\",\"RequestAppliesTo\":\"Rule-RuleSet-Name\",\"RequestRuleName\":\"pzRuleFormLayoutDelegated\"}" => HTTP 200 (70998 bytes)
[PegaHttpClient] 📡 POST https://zdk8budo.pegaacademy.net/prweb/api/CodeIntelligence/v1/rules/query?pxObjClass=Rule-HTML-Section&appliesTo=Rule-RuleSet-Name&pyRuleName=RuleFormLayout&RequestClass=Rule-HTML-Section&RequestAppliesTo=Rule-RuleSet-Name&RequestRuleName=RuleFormLayout Payload: "{\"RequestClass\":\"Rule-HTML-Section\",\"RequestAppliesTo\":\"Rule-RuleSet-Name\",\"RequestRuleName\":\"RuleFormLayout\"}" => HTTP 200 (112697 bytes)
[PegaHttpClient] 📡 POST https://zdk8budo.pegaacademy.net/prweb/api/CodeIntelligence/v1/rules/query?pxObjClass=Rule-HTML-Section&appliesTo=Rule-RuleSet-Name&pyRuleName=RuleFormSettings&RequestClass=Rule-HTML-Section&RequestAppliesTo=Rule-RuleSet-Name&RequestRuleName=RuleFormSettings Payload: "{\"RequestClass\":\"Rule-HTML-Section\",\"RequestAppliesTo\":\"Rule-RuleSet-Name\",\"RequestRuleName\":\"RuleFormSettings\"}" => HTTP 200 (20540 bytes)
[PegaHttpClient] 📡 POST https://zdk8budo.pegaacademy.net/prweb/api/CodeIntelligence/v1/rules/query?pxObjClass=Rule-HTML-Section&appliesTo=Rule-RuleSet-Name&pyRuleName=OpenAuthoring&RequestClass=Rule-HTML-Section&RequestAppliesTo=Rule-RuleSet-Name&RequestRuleName=OpenAuthoring Payload: "{\"RequestClass\":\"Rule-HTML-Section\",\"RequestAppliesTo\":\"Rule-RuleSet-Name\",\"RequestRuleName\":\"OpenAuthoring\"}" => HTTP 200 (23695 bytes)
[PegaHttpClient] 📡 POST https://zdk8budo.pegaacademy.net/prweb/api/CodeIntelligence/v1/rules/query?pxObjClass=Rule-HTML-Section&appliesTo=Rule-RuleSet-Name&pyRuleName=pyCustomHelp&RequestClass=Rule-HTML-Section&RequestAppliesTo=Rule-RuleSet-Name&RequestRuleName=pyCustomHelp Payload: "{\"RequestClass\":\"Rule-HTML-Section\",\"RequestAppliesTo\":\"Rule-RuleSet-Name\",\"RequestRuleName\":\"pyCustomHelp\"}" => HTTP 200 (17256 bytes)
[PegaHttpClient] 📡 POST https://zdk8budo.pegaacademy.net/prweb/api/CodeIntelligence/v1/rules/query?pxObjClass=Rule-HTML-Section&appliesTo=Rule-RuleSet-Name&pyRuleName=pzRuleformMainInclude&RequestClass=Rule-HTML-Section&RequestAppliesTo=Rule-RuleSet-Name&RequestRuleName=pzRuleformMainInclude Payload: "{\"RequestClass\":\"Rule-HTML-Section\",\"RequestAppliesTo\":\"Rule-RuleSet-Name\",\"RequestRuleName\":\"pzRuleformMainInclude\"}" => HTTP 200 (22375 bytes)
[PegaHttpClient] 📡 POST https://zdk8budo.pegaacademy.net/prweb/api/CodeIntelligence/v1/rules/query?pxObjClass=Rule-HTML-Section&appliesTo=Rule-RuleSet-Name&pyRuleName=pyAlternativeRuleFormStrategicAppExtension&RequestClass=Rule-HTML-Section&RequestAppliesTo=Rule-RuleSet-Name&RequestRuleName=pyAlternativeRuleFormStrategicAppExtension Payload: "{\"RequestClass\":\"Rule-HTML-Section\",\"RequestAppliesTo\":\"Rule-RuleSet-Name\",\"RequestRuleName\":\"pyAlternativeRuleFormStrategicAppExtension\"}" => HTTP 200 (25042 bytes)
[PegaHttpClient] 📡 POST https://zdk8budo.pegaacademy.net/prweb/api/CodeIntelligence/v1/rules/query?pxObjClass=Rule-HTML-Section&appliesTo=Rule-RuleSet-Name&pyRuleName=pyAlternativeRuleFormExtension&RequestClass=Rule-HTML-Section&RequestAppliesTo=Rule-RuleSet-Name&RequestRuleName=pyAlternativeRuleFormExtension Payload: "{\"RequestClass\":\"Rule-HTML-Section\",\"RequestAppliesTo\":\"Rule-RuleSet-Name\",\"RequestRuleName\":\"pyAlternativeRuleFormExtension\"}" => HTTP 200 (24863 bytes)
[PegaHttpClient] 📡 POST https://zdk8budo.pegaacademy.net/prweb/api/CodeIntelligence/v1/rules/query?pxObjClass=Rule-HTML-Section&appliesTo=Rule-RuleSet-Name&pyRuleName=RuleFormHeader&RequestClass=Rule-HTML-Section&RequestAppliesTo=Rule-RuleSet-Name&RequestRuleName=RuleFormHeader Payload: "{\"RequestClass\":\"Rule-HTML-Section\",\"RequestAppliesTo\":\"Rule-RuleSet-Name\",\"RequestRuleName\":\"RuleFormHeader\"}" => HTTP 200 (183800 bytes)
[PegaHttpClient] 📡 POST https://zdk8budo.pegaacademy.net/prweb/api/CodeIntelligence/v1/rules/query?pxObjClass=Rule-HTML-Section&appliesTo=Rule-RuleSet-Name&pyRuleName=pzDelegationExperience&RequestClass=Rule-HTML-Section&RequestAppliesTo=Rule-RuleSet-Name&RequestRuleName=pzDelegationExperience Payload: "{\"RequestClass\":\"Rule-HTML-Section\",\"RequestAppliesTo\":\"Rule-RuleSet-Name\",\"RequestRuleName\":\"pzDelegationExperience\"}" => HTTP 404 (117 bytes)
[PegaHttpClient] 📡 POST https://zdk8budo.pegaacademy.net/prweb/PRRestService/CodeIntelligence/v1/rules/query?pxObjClass=Rule-HTML-Section&appliesTo=Rule-RuleSet-Name&pyRuleName=pzDelegationExperience&RequestClass=Rule-HTML-Section&RequestAppliesTo=Rule-RuleSet-Name&RequestRuleName=pzDelegationExperience Payload: "{\"RequestClass\":\"Rule-HTML-Section\",\"RequestAppliesTo\":\"Rule-RuleSet-Name\",\"RequestRuleName\":\"pzDelegationExperience\"}" => HTTP 404 (117 bytes)
[PegaHttpClient] 📡 POST https://zdk8budo.pegaacademy.net/prweb/api/HRAppsV2Service/V1/rules/query?pxObjClass=Rule-HTML-Section&appliesTo=Rule-RuleSet-Name&pyRuleName=pzDelegationExperience&RequestClass=Rule-HTML-Section&RequestAppliesTo=Rule-RuleSet-Name&RequestRuleName=pzDelegationExperience Payload: "{\"RequestClass\":\"Rule-HTML-Section\",\"RequestAppliesTo\":\"Rule-RuleSet-Name\",\"RequestRuleName\":\"pzDelegationExperience\"}" => HTTP 404 (18 bytes)
[PegaHttpClient] 📡 POST https://zdk8budo.pegaacademy.net/prweb/PRRestService/HRAppsV2Service/V1/rules/query?pxObjClass=Rule-HTML-Section&appliesTo=Rule-RuleSet-Name&pyRuleName=pzDelegationExperience&RequestClass=Rule-HTML-Section&RequestAppliesTo=Rule-RuleSet-Name&RequestRuleName=pzDelegationExperience Payload: "{\"RequestClass\":\"Rule-HTML-Section\",\"RequestAppliesTo\":\"Rule-RuleSet-Name\",\"RequestRuleName\":\"pzDelegationExperience\"}" => HTTP 404 (18 bytes)
[PegaHttpClient] 📡 POST https://zdk8budo.pegaacademy.net/prweb/api/HRAppsV2/V1/rules/query?pxObjClass=Rule-HTML-Section&appliesTo=Rule-RuleSet-Name&pyRuleName=pzDelegationExperience&RequestClass=Rule-HTML-Section&RequestAppliesTo=Rule-RuleSet-Name&RequestRuleName=pzDelegationExperience Payload: "{\"RequestClass\":\"Rule-HTML-Section\",\"RequestAppliesTo\":\"Rule-RuleSet-Name\",\"RequestRuleName\":\"pzDelegationExperience\"}" => HTTP 404 (18 bytes)
[PegaHttpClient] 📡 POST https://zdk8budo.pegaacademy.net/prweb/PRRestService/HRAppsV2/V1/rules/query?pxObjClass=Rule-HTML-Section&appliesTo=Rule-RuleSet-Name&pyRuleName=pzDelegationExperience&RequestClass=Rule-HTML-Section&RequestAppliesTo=Rule-RuleSet-Name&RequestRuleName=pzDelegationExperience Payload: "{\"RequestClass\":\"Rule-HTML-Section\",\"RequestAppliesTo\":\"Rule-RuleSet-Name\",\"RequestRuleName\":\"pzDelegationExperience\"}" => HTTP 404 (18 bytes)
[PegaHttpClient] 📡 POST https://zdk8budo.pegaacademy.net/prweb/api/v1/rules/query?pxObjClass=Rule-HTML-Section&appliesTo=Rule-RuleSet-Name&pyRuleName=pzDelegationExperience&RequestClass=Rule-HTML-Section&RequestAppliesTo=Rule-RuleSet-Name&RequestRuleName=pzDelegationExperience Payload: "{\"RequestClass\":\"Rule-HTML-Section\",\"RequestAppliesTo\":\"Rule-RuleSet-Name\",\"RequestRuleName\":\"pzDelegationExperience\"}" => HTTP 404 (18 bytes)
[PegaHttpClient] 📡 POST https://zdk8budo.pegaacademy.net/prweb/PRRestService/v1/rules/query?pxObjClass=Rule-HTML-Section&appliesTo=Rule-RuleSet-Name&pyRuleName=pzDelegationExperience&RequestClass=Rule-HTML-Section&RequestAppliesTo=Rule-RuleSet-Name&RequestRuleName=pzDelegationExperience Payload: "{\"RequestClass\":\"Rule-HTML-Section\",\"RequestAppliesTo\":\"Rule-RuleSet-Name\",\"RequestRuleName\":\"pzDelegationExperience\"}" => HTTP 404 (18 bytes)
[PegaHttpClient] 📡 POST https://zdk8budo.pegaacademy.net/prweb/api/CodeIntelligence/v1/rules/query?pxObjClass=Rule-HTML-Section&appliesTo=Rule-RuleSet-Name&pyRuleName=pzRuleSet_ListRuleSetVersions&RequestClass=Rule-HTML-Section&RequestAppliesTo=Rule-RuleSet-Name&RequestRuleName=pzRuleSet_ListRuleSetVersions Payload: "{\"RequestClass\":\"Rule-HTML-Section\",\"RequestAppliesTo\":\"Rule-RuleSet-Name\",\"RequestRuleName\":\"pzRuleSet_ListRuleSetVersions\"}" => HTTP 200 (218555 bytes)
[PegaHttpClient] 📡 POST https://zdk8budo.pegaacademy.net/prweb/api/CodeIntelligence/v1/rules/query?pxObjClass=Rule-HTML-Section&appliesTo=Rule-RuleSet-Name&pyRuleName=pzRuleSet_Security&RequestClass=Rule-HTML-Section&RequestAppliesTo=Rule-RuleSet-Name&RequestRuleName=pzRuleSet_Security Payload: "{\"RequestClass\":\"Rule-HTML-Section\",\"RequestAppliesTo\":\"Rule-RuleSet-Name\",\"RequestRuleName\":\"pzRuleSet_Security\"}" => HTTP 200 (18568 bytes)
[PegaHttpClient] 📡 POST https://zdk8budo.pegaacademy.net/prweb/api/CodeIntelligence/v1/rules/query?pxObjClass=Rule-HTML-Section&appliesTo=Rule-RuleSet-Name&pyRuleName=pzRuleSet_Category&RequestClass=Rule-HTML-Section&RequestAppliesTo=Rule-RuleSet-Name&RequestRuleName=pzRuleSet_Category Payload: "{\"RequestClass\":\"Rule-HTML-Section\",\"RequestAppliesTo\":\"Rule-RuleSet-Name\",\"RequestRuleName\":\"pzRuleSet_Category\"}" => HTTP 200 (197976 bytes)
[PegaHttpClient] 📡 POST https://zdk8budo.pegaacademy.net/prweb/api/CodeIntelligence/v1/rules/query?pxObjClass=Rule-HTML-Section&appliesTo=Rule-RuleSet-Name&pyRuleName=RuleFormHistory&RequestClass=Rule-HTML-Section&RequestAppliesTo=Rule-RuleSet-Name&RequestRuleName=RuleFormHistory Payload: "{\"RequestClass\":\"Rule-HTML-Section\",\"RequestAppliesTo\":\"Rule-RuleSet-Name\",\"RequestRuleName\":\"RuleFormHistory\"}" => HTTP 200 (76091 bytes)
[PegaHttpClient] 📡 POST https://zdk8budo.pegaacademy.net/prweb/api/CodeIntelligence/v1/rules/query?pxObjClass=Rule-HTML-Section&appliesTo=Rule-RuleSet-Name&pyRuleName=pzRuleSet_SecurityScript&RequestClass=Rule-HTML-Section&RequestAppliesTo=Rule-RuleSet-Name&RequestRuleName=pzRuleSet_SecurityScript Payload: "{\"RequestClass\":\"Rule-HTML-Section\",\"RequestAppliesTo\":\"Rule-RuleSet-Name\",\"RequestRuleName\":\"pzRuleSet_SecurityScript\"}" => HTTP 200 (42764 bytes)
[PegaHttpClient] 📡 POST https://zdk8budo.pegaacademy.net/prweb/api/CodeIntelligence/v1/rules/query?pxObjClass=Rule-HTML-Section&appliesTo=Rule-RuleSet-Name&pyRuleName=pzCustomHelp&RequestClass=Rule-HTML-Section&RequestAppliesTo=Rule-RuleSet-Name&RequestRuleName=pzCustomHelp Payload: "{\"RequestClass\":\"Rule-HTML-Section\",\"RequestAppliesTo\":\"Rule-RuleSet-Name\",\"RequestRuleName\":\"pzCustomHelp\"}" => HTTP 200 (31573 bytes)
[PegaHttpClient] 📡 POST https://zdk8budo.pegaacademy.net/prweb/api/CodeIntelligence/v1/rules/query?pxObjClass=Rule-HTML-Section&appliesTo=Rule-RuleSet-Name&pyRuleName=pzRuleFormKeysAndDescription&RequestClass=Rule-HTML-Section&RequestAppliesTo=Rule-RuleSet-Name&RequestRuleName=pzRuleFormKeysAndDescription Payload: "{\"RequestClass\":\"Rule-HTML-Section\",\"RequestAppliesTo\":\"Rule-RuleSet-Name\",\"RequestRuleName\":\"pzRuleFormKeysAndDescription\"}" => HTTP 200 (218057 bytes)
[PegaHttpClient] 📡 POST https://zdk8budo.pegaacademy.net/prweb/api/CodeIntelligence/v1/rules/query?pxObjClass=Rule-HTML-Section&appliesTo=Rule-RuleSet-Name&pyRuleName=pzRuleFormRuleset&RequestClass=Rule-HTML-Section&RequestAppliesTo=Rule-RuleSet-Name&RequestRuleName=pzRuleFormRuleset Payload: "{\"RequestClass\":\"Rule-HTML-Section\",\"RequestAppliesTo\":\"Rule-RuleSet-Name\",\"RequestRuleName\":\"pzRuleFormRuleset\"}" => HTTP 200 (33985 bytes)
[PegaHttpClient] 📡 POST https://zdk8budo.pegaacademy.net/prweb/api/CodeIntelligence/v1/rules/query?pxObjClass=Rule-HTML-Section&appliesTo=Rule-RuleSet-Name&pyRuleName=undefined&RequestClass=Rule-HTML-Section&RequestAppliesTo=Rule-RuleSet-Name&RequestRuleName=undefined Payload: "{\"RequestClass\":\"Rule-HTML-Section\",\"RequestAppliesTo\":\"Rule-RuleSet-Name\",\"RequestRuleName\":\"undefined\"}" => HTTP 404 (104 bytes)
[PegaHttpClient] 📡 POST https://zdk8budo.pegaacademy.net/prweb/PRRestService/CodeIntelligence/v1/rules/query?pxObjClass=Rule-HTML-Section&appliesTo=Rule-RuleSet-Name&pyRuleName=undefined&RequestClass=Rule-HTML-Section&RequestAppliesTo=Rule-RuleSet-Name&RequestRuleName=undefined Payload: "{\"RequestClass\":\"Rule-HTML-Section\",\"RequestAppliesTo\":\"Rule-RuleSet-Name\",\"RequestRuleName\":\"undefined\"}" => HTTP 404 (104 bytes)
[PegaHttpClient] 📡 POST https://zdk8budo.pegaacademy.net/prweb/api/HRAppsV2Service/V1/rules/query?pxObjClass=Rule-HTML-Section&appliesTo=Rule-RuleSet-Name&pyRuleName=undefined&RequestClass=Rule-HTML-Section&RequestAppliesTo=Rule-RuleSet-Name&RequestRuleName=undefined Payload: "{\"RequestClass\":\"Rule-HTML-Section\",\"RequestAppliesTo\":\"Rule-RuleSet-Name\",\"RequestRuleName\":\"undefined\"}" => HTTP 404 (18 bytes)
[PegaHttpClient] 📡 POST https://zdk8budo.pegaacademy.net/prweb/PRRestService/HRAppsV2Service/V1/rules/query?pxObjClass=Rule-HTML-Section&appliesTo=Rule-RuleSet-Name&pyRuleName=undefined&RequestClass=Rule-HTML-Section&RequestAppliesTo=Rule-RuleSet-Name&RequestRuleName=undefined Payload: "{\"RequestClass\":\"Rule-HTML-Section\",\"RequestAppliesTo\":\"Rule-RuleSet-Name\",\"RequestRuleName\":\"undefined\"}" => HTTP 404 (18 bytes)
[PegaHttpClient] 📡 POST https://zdk8budo.pegaacademy.net/prweb/api/HRAppsV2/V1/rules/query?pxObjClass=Rule-HTML-Section&appliesTo=Rule-RuleSet-Name&pyRuleName=undefined&RequestClass=Rule-HTML-Section&RequestAppliesTo=Rule-RuleSet-Name&RequestRuleName=undefined Payload: "{\"RequestClass\":\"Rule-HTML-Section\",\"RequestAppliesTo\":\"Rule-RuleSet-Name\",\"RequestRuleName\":\"undefined\"}" => HTTP 404 (18 bytes)
[PegaHttpClient] 📡 POST https://zdk8budo.pegaacademy.net/prweb/PRRestService/HRAppsV2/V1/rules/query?pxObjClass=Rule-HTML-Section&appliesTo=Rule-RuleSet-Name&pyRuleName=undefined&RequestClass=Rule-HTML-Section&RequestAppliesTo=Rule-RuleSet-Name&RequestRuleName=undefined Payload: "{\"RequestClass\":\"Rule-HTML-Section\",\"RequestAppliesTo\":\"Rule-RuleSet-Name\",\"RequestRuleName\":\"undefined\"}" => HTTP 404 (18 bytes)
[PegaHttpClient] 📡 POST https://zdk8budo.pegaacademy.net/prweb/api/v1/rules/query?pxObjClass=Rule-HTML-Section&appliesTo=Rule-RuleSet-Name&pyRuleName=undefined&RequestClass=Rule-HTML-Section&RequestAppliesTo=Rule-RuleSet-Name&RequestRuleName=undefined Payload: "{\"RequestClass\":\"Rule-HTML-Section\",\"RequestAppliesTo\":\"Rule-RuleSet-Name\",\"RequestRuleName\":\"undefined\"}" => HTTP 404 (18 bytes)
[PegaHttpClient] 📡 POST https://zdk8budo.pegaacademy.net/prweb/PRRestService/v1/rules/query?pxObjClass=Rule-HTML-Section&appliesTo=Rule-RuleSet-Name&pyRuleName=undefined&RequestClass=Rule-HTML-Section&RequestAppliesTo=Rule-RuleSet-Name&RequestRuleName=undefined Payload: "{\"RequestClass\":\"Rule-HTML-Section\",\"RequestAppliesTo\":\"Rule-RuleSet-Name\",\"RequestRuleName\":\"undefined\"}" => HTTP 404 (18 bytes)
[PegaHttpClient] 📡 POST https://zdk8budo.pegaacademy.net/prweb/api/CodeIntelligence/v1/rules/query?pxObjClass=Rule-HTML-Section&appliesTo=Rule-RuleSet-Name&pyRuleName=pzRuleFormToolbar&RequestClass=Rule-HTML-Section&RequestAppliesTo=Rule-RuleSet-Name&RequestRuleName=pzRuleFormToolbar Payload: "{\"RequestClass\":\"Rule-HTML-Section\",\"RequestAppliesTo\":\"Rule-RuleSet-Name\",\"RequestRuleName\":\"pzRuleFormToolbar\"}" => HTTP 200 (242691 bytes)
[PegaHttpClient] 📡 POST https://zdk8budo.pegaacademy.net/prweb/api/CodeIntelligence/v1/rules/query?pxObjClass=Rule-HTML-Section&appliesTo=Rule-RuleSet-Name&pyRuleName=pzRuleFormToolbarCompare&RequestClass=Rule-HTML-Section&RequestAppliesTo=Rule-RuleSet-Name&RequestRuleName=pzRuleFormToolbarCompare Payload: "{\"RequestClass\":\"Rule-HTML-Section\",\"RequestAppliesTo\":\"Rule-RuleSet-Name\",\"RequestRuleName\":\"pzRuleFormToolbarCompare\"}" => HTTP 200 (61925 bytes)
[PegaHttpClient] 📡 POST https://zdk8budo.pegaacademy.net/prweb/api/CodeIntelligence/v1/rules/query?pxObjClass=Rule-HTML-Section&appliesTo=Rule-RuleSet-Name&pyRuleName=RuleFormHeaderMessages&RequestClass=Rule-HTML-Section&RequestAppliesTo=Rule-RuleSet-Name&RequestRuleName=RuleFormHeaderMessages Payload: "{\"RequestClass\":\"Rule-HTML-Section\",\"RequestAppliesTo\":\"Rule-RuleSet-Name\",\"RequestRuleName\":\"RuleFormHeaderMessages\"}" => HTTP 200 (26518 bytes)
[PegaHttpClient] 📡 POST https://zdk8budo.pegaacademy.net/prweb/api/CodeIntelligence/v1/rules/query?pxObjClass=Rule-HTML-Section&appliesTo=Rule-RuleSet-Name&pyRuleName=pzRuleset_ShowRuleSetVersion&RequestClass=Rule-HTML-Section&RequestAppliesTo=Rule-RuleSet-Name&RequestRuleName=pzRuleset_ShowRuleSetVersion Payload: "{\"RequestClass\":\"Rule-HTML-Section\",\"RequestAppliesTo\":\"Rule-RuleSet-Name\",\"RequestRuleName\":\"pzRuleset_ShowRuleSetVersion\"}" => HTTP 404 (123 bytes)
[PegaHttpClient] 📡 POST https://zdk8budo.pegaacademy.net/prweb/PRRestService/CodeIntelligence/v1/rules/query?pxObjClass=Rule-HTML-Section&appliesTo=Rule-RuleSet-Name&pyRuleName=pzRuleset_ShowRuleSetVersion&RequestClass=Rule-HTML-Section&RequestAppliesTo=Rule-RuleSet-Name&RequestRuleName=pzRuleset_ShowRuleSetVersion Payload: "{\"RequestClass\":\"Rule-HTML-Section\",\"RequestAppliesTo\":\"Rule-RuleSet-Name\",\"RequestRuleName\":\"pzRuleset_ShowRuleSetVersion\"}" => HTTP 404 (123 bytes)
[PegaHttpClient] 📡 POST https://zdk8budo.pegaacademy.net/prweb/api/HRAppsV2Service/V1/rules/query?pxObjClass=Rule-HTML-Section&appliesTo=Rule-RuleSet-Name&pyRuleName=pzRuleset_ShowRuleSetVersion&RequestClass=Rule-HTML-Section&RequestAppliesTo=Rule-RuleSet-Name&RequestRuleName=pzRuleset_ShowRuleSetVersion Payload: "{\"RequestClass\":\"Rule-HTML-Section\",\"RequestAppliesTo\":\"Rule-RuleSet-Name\",\"RequestRuleName\":\"pzRuleset_ShowRuleSetVersion\"}" => HTTP 404 (18 bytes)
[PegaHttpClient] 📡 POST https://zdk8budo.pegaacademy.net/prweb/PRRestService/HRAppsV2Service/V1/rules/query?pxObjClass=Rule-HTML-Section&appliesTo=Rule-RuleSet-Name&pyRuleName=pzRuleset_ShowRuleSetVersion&RequestClass=Rule-HTML-Section&RequestAppliesTo=Rule-RuleSet-Name&RequestRuleName=pzRuleset_ShowRuleSetVersion Payload: "{\"RequestClass\":\"Rule-HTML-Section\",\"RequestAppliesTo\":\"Rule-RuleSet-Name\",\"RequestRuleName\":\"pzRuleset_ShowRuleSetVersion\"}" => HTTP 404 (18 bytes)
[PegaHttpClient] 📡 POST https://zdk8budo.pegaacademy.net/prweb/api/HRAppsV2/V1/rules/query?pxObjClass=Rule-HTML-Section&appliesTo=Rule-RuleSet-Name&pyRuleName=pzRuleset_ShowRuleSetVersion&RequestClass=Rule-HTML-Section&RequestAppliesTo=Rule-RuleSet-Name&RequestRuleName=pzRuleset_ShowRuleSetVersion Payload: "{\"RequestClass\":\"Rule-HTML-Section\",\"RequestAppliesTo\":\"Rule-RuleSet-Name\",\"RequestRuleName\":\"pzRuleset_ShowRuleSetVersion\"}" => HTTP 404 (18 bytes)
[PegaHttpClient] 📡 POST https://zdk8budo.pegaacademy.net/prweb/PRRestService/HRAppsV2/V1/rules/query?pxObjClass=Rule-HTML-Section&appliesTo=Rule-RuleSet-Name&pyRuleName=pzRuleset_ShowRuleSetVersion&RequestClass=Rule-HTML-Section&RequestAppliesTo=Rule-RuleSet-Name&RequestRuleName=pzRuleset_ShowRuleSetVersion Payload: "{\"RequestClass\":\"Rule-HTML-Section\",\"RequestAppliesTo\":\"Rule-RuleSet-Name\",\"RequestRuleName\":\"pzRuleset_ShowRuleSetVersion\"}" => HTTP 404 (18 bytes)
[PegaHttpClient] 📡 POST https://zdk8budo.pegaacademy.net/prweb/api/v1/rules/query?pxObjClass=Rule-HTML-Section&appliesTo=Rule-RuleSet-Name&pyRuleName=pzRuleset_ShowRuleSetVersion&RequestClass=Rule-HTML-Section&RequestAppliesTo=Rule-RuleSet-Name&RequestRuleName=pzRuleset_ShowRuleSetVersion Payload: "{\"RequestClass\":\"Rule-HTML-Section\",\"RequestAppliesTo\":\"Rule-RuleSet-Name\",\"RequestRuleName\":\"pzRuleset_ShowRuleSetVersion\"}" => HTTP 404 (18 bytes)
[PegaHttpClient] 📡 POST https://zdk8budo.pegaacademy.net/prweb/PRRestService/v1/rules/query?pxObjClass=Rule-HTML-Section&appliesTo=Rule-RuleSet-Name&pyRuleName=pzRuleset_ShowRuleSetVersion&RequestClass=Rule-HTML-Section&RequestAppliesTo=Rule-RuleSet-Name&RequestRuleName=pzRuleset_ShowRuleSetVersion Payload: "{\"RequestClass\":\"Rule-HTML-Section\",\"RequestAppliesTo\":\"Rule-RuleSet-Name\",\"RequestRuleName\":\"pzRuleset_ShowRuleSetVersion\"}" => HTTP 404 (18 bytes)
[PegaHttpClient] 📡 POST https://zdk8budo.pegaacademy.net/prweb/api/CodeIntelligence/v1/rules/query?pxObjClass=Rule-HTML-Section&appliesTo=Rule-RuleSet-Name&pyRuleName=pzRuleSet_RuleSetRequired&RequestClass=Rule-HTML-Section&RequestAppliesTo=Rule-RuleSet-Name&RequestRuleName=pzRuleSet_RuleSetRequired Payload: "{\"RequestClass\":\"Rule-HTML-Section\",\"RequestAppliesTo\":\"Rule-RuleSet-Name\",\"RequestRuleName\":\"pzRuleSet_RuleSetRequired\"}" => HTTP 404 (120 bytes)
[PegaHttpClient] 📡 POST https://zdk8budo.pegaacademy.net/prweb/PRRestService/CodeIntelligence/v1/rules/query?pxObjClass=Rule-HTML-Section&appliesTo=Rule-RuleSet-Name&pyRuleName=pzRuleSet_RuleSetRequired&RequestClass=Rule-HTML-Section&RequestAppliesTo=Rule-RuleSet-Name&RequestRuleName=pzRuleSet_RuleSetRequired Payload: "{\"RequestClass\":\"Rule-HTML-Section\",\"RequestAppliesTo\":\"Rule-RuleSet-Name\",\"RequestRuleName\":\"pzRuleSet_RuleSetRequired\"}" => HTTP 404 (120 bytes)
[PegaHttpClient] 📡 POST https://zdk8budo.pegaacademy.net/prweb/api/HRAppsV2Service/V1/rules/query?pxObjClass=Rule-HTML-Section&appliesTo=Rule-RuleSet-Name&pyRuleName=pzRuleSet_RuleSetRequired&RequestClass=Rule-HTML-Section&RequestAppliesTo=Rule-RuleSet-Name&RequestRuleName=pzRuleSet_RuleSetRequired Payload: "{\"RequestClass\":\"Rule-HTML-Section\",\"RequestAppliesTo\":\"Rule-RuleSet-Name\",\"RequestRuleName\":\"pzRuleSet_RuleSetRequired\"}" => HTTP 404 (18 bytes)
[PegaHttpClient] 📡 POST https://zdk8budo.pegaacademy.net/prweb/PRRestService/HRAppsV2Service/V1/rules/query?pxObjClass=Rule-HTML-Section&appliesTo=Rule-RuleSet-Name&pyRuleName=pzRuleSet_RuleSetRequired&RequestClass=Rule-HTML-Section&RequestAppliesTo=Rule-RuleSet-Name&RequestRuleName=pzRuleSet_RuleSetRequired Payload: "{\"RequestClass\":\"Rule-HTML-Section\",\"RequestAppliesTo\":\"Rule-RuleSet-Name\",\"RequestRuleName\":\"pzRuleSet_RuleSetRequired\"}" => HTTP 404 (18 bytes)
[PegaHttpClient] 📡 POST https://zdk8budo.pegaacademy.net/prweb/api/HRAppsV2/V1/rules/query?pxObjClass=Rule-HTML-Section&appliesTo=Rule-RuleSet-Name&pyRuleName=pzRuleSet_RuleSetRequired&RequestClass=Rule-HTML-Section&RequestAppliesTo=Rule-RuleSet-Name&RequestRuleName=pzRuleSet_RuleSetRequired Payload: "{\"RequestClass\":\"Rule-HTML-Section\",\"RequestAppliesTo\":\"Rule-RuleSet-Name\",\"RequestRuleName\":\"pzRuleSet_RuleSetRequired\"}" => HTTP 404 (18 bytes)
[PegaHttpClient] 📡 POST https://zdk8budo.pegaacademy.net/prweb/PRRestService/HRAppsV2/V1/rules/query?pxObjClass=Rule-HTML-Section&appliesTo=Rule-RuleSet-Name&pyRuleName=pzRuleSet_RuleSetRequired&RequestClass=Rule-HTML-Section&RequestAppliesTo=Rule-RuleSet-Name&RequestRuleName=pzRuleSet_RuleSetRequired Payload: "{\"RequestClass\":\"Rule-HTML-Section\",\"RequestAppliesTo\":\"Rule-RuleSet-Name\",\"RequestRuleName\":\"pzRuleSet_RuleSetRequired\"}" => HTTP 404 (18 bytes)
[PegaHttpClient] 📡 POST https://zdk8budo.pegaacademy.net/prweb/api/v1/rules/query?pxObjClass=Rule-HTML-Section&appliesTo=Rule-RuleSet-Name&pyRuleName=pzRuleSet_RuleSetRequired&RequestClass=Rule-HTML-Section&RequestAppliesTo=Rule-RuleSet-Name&RequestRuleName=pzRuleSet_RuleSetRequired Payload: "{\"RequestClass\":\"Rule-HTML-Section\",\"RequestAppliesTo\":\"Rule-RuleSet-Name\",\"RequestRuleName\":\"pzRuleSet_RuleSetRequired\"}" => HTTP 404 (18 bytes)
[PegaHttpClient] 📡 POST https://zdk8budo.pegaacademy.net/prweb/PRRestService/v1/rules/query?pxObjClass=Rule-HTML-Section&appliesTo=Rule-RuleSet-Name&pyRuleName=pzRuleSet_RuleSetRequired&RequestClass=Rule-HTML-Section&RequestAppliesTo=Rule-RuleSet-Name&RequestRuleName=pzRuleSet_RuleSetRequired Payload: "{\"RequestClass\":\"Rule-HTML-Section\",\"RequestAppliesTo\":\"Rule-RuleSet-Name\",\"RequestRuleName\":\"pzRuleSet_RuleSetRequired\"}" => HTTP 404 (18 bytes)
[PegaHttpClient] 📡 POST https://zdk8budo.pegaacademy.net/prweb/api/CodeIntelligence/v1/rules/query?pxObjClass=Rule-HTML-Section&appliesTo=Rule-RuleSet-Name&pyRuleName=pyGridPaginator&RequestClass=Rule-HTML-Section&RequestAppliesTo=Rule-RuleSet-Name&RequestRuleName=pyGridPaginator Payload: "{\"RequestClass\":\"Rule-HTML-Section\",\"RequestAppliesTo\":\"Rule-RuleSet-Name\",\"RequestRuleName\":\"pyGridPaginator\"}" => HTTP 200 (170469 bytes)
[PegaHttpClient] 📡 POST https://zdk8budo.pegaacademy.net/prweb/api/CodeIntelligence/v1/rules/query?pxObjClass=Rule-HTML-Section&appliesTo=Rule-RuleSet-Name&pyRuleName=pzAlternateRuleInfo&RequestClass=Rule-HTML-Section&RequestAppliesTo=Rule-RuleSet-Name&RequestRuleName=pzAlternateRuleInfo Payload: "{\"RequestClass\":\"Rule-HTML-Section\",\"RequestAppliesTo\":\"Rule-RuleSet-Name\",\"RequestRuleName\":\"pzAlternateRuleInfo\"}" => HTTP 200 (140407 bytes)
[PegaHttpClient] 📡 POST https://zdk8budo.pegaacademy.net/prweb/api/CodeIntelligence/v1/rules/query?pxObjClass=Rule-HTML-Section&appliesTo=Rule-RuleSet-Name&pyRuleName=RuleFormHistory_Description&RequestClass=Rule-HTML-Section&RequestAppliesTo=Rule-RuleSet-Name&RequestRuleName=RuleFormHistory_Description Payload: "{\"RequestClass\":\"Rule-HTML-Section\",\"RequestAppliesTo\":\"Rule-RuleSet-Name\",\"RequestRuleName\":\"RuleFormHistory_Description\"}" => HTTP 200 (46242 bytes)
[PegaHttpClient] 📡 POST https://zdk8budo.pegaacademy.net/prweb/api/CodeIntelligence/v1/rules/query?pxObjClass=Rule-HTML-Section&appliesTo=Rule-RuleSet-Name&pyRuleName=RuleFormHistory_CustomFields&RequestClass=Rule-HTML-Section&RequestAppliesTo=Rule-RuleSet-Name&RequestRuleName=RuleFormHistory_CustomFields Payload: "{\"RequestClass\":\"Rule-HTML-Section\",\"RequestAppliesTo\":\"Rule-RuleSet-Name\",\"RequestRuleName\":\"RuleFormHistory_CustomFields\"}" => HTTP 200 (75856 bytes)
[PegaHttpClient] 📡 POST https://zdk8budo.pegaacademy.net/prweb/api/CodeIntelligence/v1/rules/query?pxObjClass=Rule-HTML-Section&appliesTo=Rule-RuleSet-Name&pyRuleName=RuleFormHistory_HistoryDetails&RequestClass=Rule-HTML-Section&RequestAppliesTo=Rule-RuleSet-Name&RequestRuleName=RuleFormHistory_HistoryDetails Payload: "{\"RequestClass\":\"Rule-HTML-Section\",\"RequestAppliesTo\":\"Rule-RuleSet-Name\",\"RequestRuleName\":\"RuleFormHistory_HistoryDetails\"}" => HTTP 200 (179535 bytes)
[PegaHttpClient] 📡 POST https://zdk8budo.pegaacademy.net/prweb/api/CodeIntelligence/v1/rules/query?pxObjClass=Rule-HTML-Section&appliesTo=Rule-RuleSet-Name&pyRuleName=pzRuleFormStatus&RequestClass=Rule-HTML-Section&RequestAppliesTo=Rule-RuleSet-Name&RequestRuleName=pzRuleFormStatus Payload: "{\"RequestClass\":\"Rule-HTML-Section\",\"RequestAppliesTo\":\"Rule-RuleSet-Name\",\"RequestRuleName\":\"pzRuleFormStatus\"}" => HTTP 200 (97627 bytes)
[PegaHttpClient] 📡 POST https://zdk8budo.pegaacademy.net/prweb/api/CodeIntelligence/v1/rules/query?pxObjClass=Rule-HTML-Section&appliesTo=Rule-RuleSet-Name&pyRuleName=pzRuleFormHeaderCompareWithDropDown&RequestClass=Rule-HTML-Section&RequestAppliesTo=Rule-RuleSet-Name&RequestRuleName=pzRuleFormHeaderCompareWithDropDown Payload: "{\"RequestClass\":\"Rule-HTML-Section\",\"RequestAppliesTo\":\"Rule-RuleSet-Name\",\"RequestRuleName\":\"pzRuleFormHeaderCompareWithDropDown\"}" => HTTP 200 (25396 bytes)
[PegaHttpClient] 📡 POST https://zdk8budo.pegaacademy.net/prweb/api/CodeIntelligence/v1/rules/query?pxObjClass=Rule-HTML-Section&appliesTo=Rule-RuleSet-Name&pyRuleName=undefined&RequestClass=Rule-HTML-Section&RequestAppliesTo=Rule-RuleSet-Name&RequestRuleName=undefined Payload: "{\"RequestClass\":\"Rule-HTML-Section\",\"RequestAppliesTo\":\"Rule-RuleSet-Name\",\"RequestRuleName\":\"undefined\"}" => HTTP 404 (104 bytes)
[PegaHttpClient] 📡 POST https://zdk8budo.pegaacademy.net/prweb/PRRestService/CodeIntelligence/v1/rules/query?pxObjClass=Rule-HTML-Section&appliesTo=Rule-RuleSet-Name&pyRuleName=undefined&RequestClass=Rule-HTML-Section&RequestAppliesTo=Rule-RuleSet-Name&RequestRuleName=undefined Payload: "{\"RequestClass\":\"Rule-HTML-Section\",\"RequestAppliesTo\":\"Rule-RuleSet-Name\",\"RequestRuleName\":\"undefined\"}" => HTTP 404 (104 bytes)
[PegaHttpClient] 📡 POST https://zdk8budo.pegaacademy.net/prweb/api/HRAppsV2Service/V1/rules/query?pxObjClass=Rule-HTML-Section&appliesTo=Rule-RuleSet-Name&pyRuleName=undefined&RequestClass=Rule-HTML-Section&RequestAppliesTo=Rule-RuleSet-Name&RequestRuleName=undefined Payload: "{\"RequestClass\":\"Rule-HTML-Section\",\"RequestAppliesTo\":\"Rule-RuleSet-Name\",\"RequestRuleName\":\"undefined\"}" => HTTP 404 (18 bytes)
[PegaHttpClient] 📡 POST https://zdk8budo.pegaacademy.net/prweb/PRRestService/HRAppsV2Service/V1/rules/query?pxObjClass=Rule-HTML-Section&appliesTo=Rule-RuleSet-Name&pyRuleName=undefined&RequestClass=Rule-HTML-Section&RequestAppliesTo=Rule-RuleSet-Name&RequestRuleName=undefined Payload: "{\"RequestClass\":\"Rule-HTML-Section\",\"RequestAppliesTo\":\"Rule-RuleSet-Name\",\"RequestRuleName\":\"undefined\"}" => HTTP 404 (18 bytes)
[PegaHttpClient] 📡 POST https://zdk8budo.pegaacademy.net/prweb/api/HRAppsV2/V1/rules/query?pxObjClass=Rule-HTML-Section&appliesTo=Rule-RuleSet-Name&pyRuleName=undefined&RequestClass=Rule-HTML-Section&RequestAppliesTo=Rule-RuleSet-Name&RequestRuleName=undefined Payload: "{\"RequestClass\":\"Rule-HTML-Section\",\"RequestAppliesTo\":\"Rule-RuleSet-Name\",\"RequestRuleName\":\"undefined\"}" => HTTP 404 (18 bytes)
[PegaHttpClient] 📡 POST https://zdk8budo.pegaacademy.net/prweb/PRRestService/HRAppsV2/V1/rules/query?pxObjClass=Rule-HTML-Section&appliesTo=Rule-RuleSet-Name&pyRuleName=undefined&RequestClass=Rule-HTML-Section&RequestAppliesTo=Rule-RuleSet-Name&RequestRuleName=undefined Payload: "{\"RequestClass\":\"Rule-HTML-Section\",\"RequestAppliesTo\":\"Rule-RuleSet-Name\",\"RequestRuleName\":\"undefined\"}" => HTTP 404 (18 bytes)
[PegaHttpClient] 📡 POST https://zdk8budo.pegaacademy.net/prweb/api/v1/rules/query?pxObjClass=Rule-HTML-Section&appliesTo=Rule-RuleSet-Name&pyRuleName=undefined&RequestClass=Rule-HTML-Section&RequestAppliesTo=Rule-RuleSet-Name&RequestRuleName=undefined Payload: "{\"RequestClass\":\"Rule-HTML-Section\",\"RequestAppliesTo\":\"Rule-RuleSet-Name\",\"RequestRuleName\":\"undefined\"}" => HTTP 404 (18 bytes)
[PegaHttpClient] 📡 POST https://zdk8budo.pegaacademy.net/prweb/PRRestService/v1/rules/query?pxObjClass=Rule-HTML-Section&appliesTo=Rule-RuleSet-Name&pyRuleName=undefined&RequestClass=Rule-HTML-Section&RequestAppliesTo=Rule-RuleSet-Name&RequestRuleName=undefined Payload: "{\"RequestClass\":\"Rule-HTML-Section\",\"RequestAppliesTo\":\"Rule-RuleSet-Name\",\"RequestRuleName\":\"undefined\"}" => HTTP 404 (18 bytes)
[PegaHttpClient] 📡 POST https://zdk8budo.pegaacademy.net/prweb/api/CodeIntelligence/v1/rules/query?pxObjClass=Rule-HTML-Section&appliesTo=Rule-RuleSet-Name&pyRuleName=pzRuleFormToolbarHotKeys&RequestClass=Rule-HTML-Section&RequestAppliesTo=Rule-RuleSet-Name&RequestRuleName=pzRuleFormToolbarHotKeys Payload: "{\"RequestClass\":\"Rule-HTML-Section\",\"RequestAppliesTo\":\"Rule-RuleSet-Name\",\"RequestRuleName\":\"pzRuleFormToolbarHotKeys\"}" => HTTP 200 (85058 bytes)
[PegaHttpClient] 📡 POST https://zdk8budo.pegaacademy.net/prweb/api/CodeIntelligence/v1/rules/query?pxObjClass=Rule-HTML-Section&appliesTo=Rule-RuleSet-Name&pyRuleName=pzRuleFormToolbarLockedIcon&RequestClass=Rule-HTML-Section&RequestAppliesTo=Rule-RuleSet-Name&RequestRuleName=pzRuleFormToolbarLockedIcon Payload: "{\"RequestClass\":\"Rule-HTML-Section\",\"RequestAppliesTo\":\"Rule-RuleSet-Name\",\"RequestRuleName\":\"pzRuleFormToolbarLockedIcon\"}" => HTTP 200 (24898 bytes)
[PegaHttpClient] 📡 POST https://zdk8budo.pegaacademy.net/prweb/api/CodeIntelligence/v1/rules/query?pxObjClass=Rule-HTML-Section&appliesTo=Rule-RuleSet-Name&pyRuleName=pzRuleFormToolbarCollaborators&RequestClass=Rule-HTML-Section&RequestAppliesTo=Rule-RuleSet-Name&RequestRuleName=pzRuleFormToolbarCollaborators Payload: "{\"RequestClass\":\"Rule-HTML-Section\",\"RequestAppliesTo\":\"Rule-RuleSet-Name\",\"RequestRuleName\":\"pzRuleFormToolbarCollaborators\"}" => HTTP 200 (15254 bytes)
[PegaHttpClient] 📡 POST https://zdk8budo.pegaacademy.net/prweb/api/CodeIntelligence/v1/rules/query?pxObjClass=Rule-HTML-Section&appliesTo=Rule-RuleSet-Name&pyRuleName=pzRuleFormToolbarSaveAs&RequestClass=Rule-HTML-Section&RequestAppliesTo=Rule-RuleSet-Name&RequestRuleName=pzRuleFormToolbarSaveAs Payload: "{\"RequestClass\":\"Rule-HTML-Section\",\"RequestAppliesTo\":\"Rule-RuleSet-Name\",\"RequestRuleName\":\"pzRuleFormToolbarSaveAs\"}" => HTTP 200 (64084 bytes)
[PegaHttpClient] 📡 POST https://zdk8budo.pegaacademy.net/prweb/api/CodeIntelligence/v1/rules/query?pxObjClass=Rule-HTML-Section&appliesTo=Rule-RuleSet-Name&pyRuleName=pzRuleFormToolbarCheckin&RequestClass=Rule-HTML-Section&RequestAppliesTo=Rule-RuleSet-Name&RequestRuleName=pzRuleFormToolbarCheckin Payload: "{\"RequestClass\":\"Rule-HTML-Section\",\"RequestAppliesTo\":\"Rule-RuleSet-Name\",\"RequestRuleName\":\"pzRuleFormToolbarCheckin\"}" => HTTP 200 (119096 bytes)
[PegaHttpClient] 📡 POST https://zdk8budo.pegaacademy.net/prweb/api/CodeIntelligence/v1/rules/query?pxObjClass=Rule-HTML-Section&appliesTo=Rule-RuleSet-Name&pyRuleName=pzRuleFormToolbarDelete&RequestClass=Rule-HTML-Section&RequestAppliesTo=Rule-RuleSet-Name&RequestRuleName=pzRuleFormToolbarDelete Payload: "{\"RequestClass\":\"Rule-HTML-Section\",\"RequestAppliesTo\":\"Rule-RuleSet-Name\",\"RequestRuleName\":\"pzRuleFormToolbarDelete\"}" => HTTP 200 (30249 bytes)
[PegaHttpClient] 📡 POST https://zdk8budo.pegaacademy.net/prweb/api/CodeIntelligence/v1/rules/query?pxObjClass=Rule-HTML-Section&appliesTo=Rule-RuleSet-Name&pyRuleName=pzRuleFormToolbarSave&RequestClass=Rule-HTML-Section&RequestAppliesTo=Rule-RuleSet-Name&RequestRuleName=pzRuleFormToolbarSave Payload: "{\"RequestClass\":\"Rule-HTML-Section\",\"RequestAppliesTo\":\"Rule-RuleSet-Name\",\"RequestRuleName\":\"pzRuleFormToolbarSave\"}" => HTTP 200 (293885 bytes)
[PegaHttpClient] 📡 POST https://zdk8budo.pegaacademy.net/prweb/api/CodeIntelligence/v1/rules/query?pxObjClass=Rule-HTML-Section&appliesTo=Rule-RuleSet-Name&pyRuleName=pzRuleFormToolbarCheckout&RequestClass=Rule-HTML-Section&RequestAppliesTo=Rule-RuleSet-Name&RequestRuleName=pzRuleFormToolbarCheckout Payload: "{\"RequestClass\":\"Rule-HTML-Section\",\"RequestAppliesTo\":\"Rule-RuleSet-Name\",\"RequestRuleName\":\"pzRuleFormToolbarCheckout\"}" => HTTP 200 (238148 bytes)
[PegaHttpClient] 📡 POST https://zdk8budo.pegaacademy.net/prweb/api/CodeIntelligence/v1/rules/query?pxObjClass=Rule-HTML-Section&appliesTo=Rule-RuleSet-Name&pyRuleName=pzRemoveErrorsDataPage&RequestClass=Rule-HTML-Section&RequestAppliesTo=Rule-RuleSet-Name&RequestRuleName=pzRemoveErrorsDataPage Payload: "{\"RequestClass\":\"Rule-HTML-Section\",\"RequestAppliesTo\":\"Rule-RuleSet-Name\",\"RequestRuleName\":\"pzRemoveErrorsDataPage\"}" => HTTP 200 (16733 bytes)
[PegaHttpClient] 📡 POST https://zdk8budo.pegaacademy.net/prweb/api/CodeIntelligence/v1/rules/query?pxObjClass=Rule-HTML-Section&appliesTo=Rule-RuleSet-Name&pyRuleName=pzRuleFormHeaderMessagesWrapper&RequestClass=Rule-HTML-Section&RequestAppliesTo=Rule-RuleSet-Name&RequestRuleName=pzRuleFormHeaderMessagesWrapper Payload: "{\"RequestClass\":\"Rule-HTML-Section\",\"RequestAppliesTo\":\"Rule-RuleSet-Name\",\"RequestRuleName\":\"pzRuleFormHeaderMessagesWrapper\"}" => HTTP 200 (16981 bytes)
[PegaHttpClient] 📡 POST https://zdk8budo.pegaacademy.net/prweb/api/CodeIntelligence/v1/rules/query?pxObjClass=Rule-HTML-Section&appliesTo=Rule-RuleSet-Name&pyRuleName=pzScm_RuleHistory&RequestClass=Rule-HTML-Section&RequestAppliesTo=Rule-RuleSet-Name&RequestRuleName=pzScm_RuleHistory Payload: "{\"RequestClass\":\"Rule-HTML-Section\",\"RequestAppliesTo\":\"Rule-RuleSet-Name\",\"RequestRuleName\":\"pzScm_RuleHistory\"}" => HTTP 200 (14682 bytes)
[PegaHttpClient] 📡 POST https://zdk8budo.pegaacademy.net/prweb/api/CodeIntelligence/v1/rules/query?pxObjClass=Rule-HTML-Section&appliesTo=Rule-RuleSet-Name&pyRuleName=pxDisplayCollaborators&RequestClass=Rule-HTML-Section&RequestAppliesTo=Rule-RuleSet-Name&RequestRuleName=pxDisplayCollaborators Payload: "{\"RequestClass\":\"Rule-HTML-Section\",\"RequestAppliesTo\":\"Rule-RuleSet-Name\",\"RequestRuleName\":\"pxDisplayCollaborators\"}" => HTTP 200 (94171 bytes)
[PegaHttpClient] 📡 POST https://zdk8budo.pegaacademy.net/prweb/api/CodeIntelligence/v1/rules/query?pxObjClass=Rule-HTML-Section&appliesTo=Rule-RuleSet-Name&pyRuleName=pzRuleFormToolbarDeleteCheckOut&RequestClass=Rule-HTML-Section&RequestAppliesTo=Rule-RuleSet-Name&RequestRuleName=pzRuleFormToolbarDeleteCheckOut Payload: "{\"RequestClass\":\"Rule-HTML-Section\",\"RequestAppliesTo\":\"Rule-RuleSet-Name\",\"RequestRuleName\":\"pzRuleFormToolbarDeleteCheckOut\"}" => HTTP 200 (29433 bytes)
[PegaHttpClient] 📡 POST https://zdk8budo.pegaacademy.net/prweb/api/CodeIntelligence/v1/rules/query?pxObjClass=Rule-HTML-Section&appliesTo=Rule-RuleSet-Name&pyRuleName=pzRuleFormToolbarDeleteRule&RequestClass=Rule-HTML-Section&RequestAppliesTo=Rule-RuleSet-Name&RequestRuleName=pzRuleFormToolbarDeleteRule Payload: "{\"RequestClass\":\"Rule-HTML-Section\",\"RequestAppliesTo\":\"Rule-RuleSet-Name\",\"RequestRuleName\":\"pzRuleFormToolbarDeleteRule\"}" => HTTP 200 (32314 bytes)
[PegaHttpClient] 📡 POST https://zdk8budo.pegaacademy.net/prweb/api/CodeIntelligence/v1/rules/query?pxObjClass=Rule-HTML-Section&appliesTo=Rule-RuleSet-Name&pyRuleName=pzLoadCollaborationScripts&RequestClass=Rule-HTML-Section&RequestAppliesTo=Rule-RuleSet-Name&RequestRuleName=pzLoadCollaborationScripts Payload: "{\"RequestClass\":\"Rule-HTML-Section\",\"RequestAppliesTo\":\"Rule-RuleSet-Name\",\"RequestRuleName\":\"pzLoadCollaborationScripts\"}" => HTTP 200 (23453 bytes)
[PegaHttpClient] 📡 POST https://zdk8budo.pegaacademy.net/prweb/api/CodeIntelligence/v1/rules/query?pxObjClass=Rule-HTML-Section&appliesTo=Rule-RuleSet-Name&pyRuleName=pzDisplayCollaboratorsList&RequestClass=Rule-HTML-Section&RequestAppliesTo=Rule-RuleSet-Name&RequestRuleName=pzDisplayCollaboratorsList Payload: "{\"RequestClass\":\"Rule-HTML-Section\",\"RequestAppliesTo\":\"Rule-RuleSet-Name\",\"RequestRuleName\":\"pzDisplayCollaboratorsList\"}" => HTTP 200 (105418 bytes)
[PegaHttpClient] 📡 POST https://zdk8budo.pegaacademy.net/prweb/api/CodeIntelligence/v1/rules/query?pxObjClass=Rule-HTML-Section&appliesTo=Rule-RuleSet-Name&pyRuleName=pyCollaborator&RequestClass=Rule-HTML-Section&RequestAppliesTo=Rule-RuleSet-Name&RequestRuleName=pyCollaborator Payload: "{\"RequestClass\":\"Rule-HTML-Section\",\"RequestAppliesTo\":\"Rule-RuleSet-Name\",\"RequestRuleName\":\"pyCollaborator\"}" => HTTP 404 (109 bytes)
[PegaHttpClient] 📡 POST https://zdk8budo.pegaacademy.net/prweb/PRRestService/CodeIntelligence/v1/rules/query?pxObjClass=Rule-HTML-Section&appliesTo=Rule-RuleSet-Name&pyRuleName=pyCollaborator&RequestClass=Rule-HTML-Section&RequestAppliesTo=Rule-RuleSet-Name&RequestRuleName=pyCollaborator Payload: "{\"RequestClass\":\"Rule-HTML-Section\",\"RequestAppliesTo\":\"Rule-RuleSet-Name\",\"RequestRuleName\":\"pyCollaborator\"}" => HTTP 404 (109 bytes)
[PegaHttpClient] 📡 POST https://zdk8budo.pegaacademy.net/prweb/api/HRAppsV2Service/V1/rules/query?pxObjClass=Rule-HTML-Section&appliesTo=Rule-RuleSet-Name&pyRuleName=pyCollaborator&RequestClass=Rule-HTML-Section&RequestAppliesTo=Rule-RuleSet-Name&RequestRuleName=pyCollaborator Payload: "{\"RequestClass\":\"Rule-HTML-Section\",\"RequestAppliesTo\":\"Rule-RuleSet-Name\",\"RequestRuleName\":\"pyCollaborator\"}" => HTTP 404 (18 bytes)
[PegaHttpClient] 📡 POST https://zdk8budo.pegaacademy.net/prweb/PRRestService/HRAppsV2Service/V1/rules/query?pxObjClass=Rule-HTML-Section&appliesTo=Rule-RuleSet-Name&pyRuleName=pyCollaborator&RequestClass=Rule-HTML-Section&RequestAppliesTo=Rule-RuleSet-Name&RequestRuleName=pyCollaborator Payload: "{\"RequestClass\":\"Rule-HTML-Section\",\"RequestAppliesTo\":\"Rule-RuleSet-Name\",\"RequestRuleName\":\"pyCollaborator\"}" => HTTP 404 (18 bytes)
[PegaHttpClient] 📡 POST https://zdk8budo.pegaacademy.net/prweb/api/HRAppsV2/V1/rules/query?pxObjClass=Rule-HTML-Section&appliesTo=Rule-RuleSet-Name&pyRuleName=pyCollaborator&RequestClass=Rule-HTML-Section&RequestAppliesTo=Rule-RuleSet-Name&RequestRuleName=pyCollaborator Payload: "{\"RequestClass\":\"Rule-HTML-Section\",\"RequestAppliesTo\":\"Rule-RuleSet-Name\",\"RequestRuleName\":\"pyCollaborator\"}" => HTTP 404 (18 bytes)
[PegaHttpClient] 📡 POST https://zdk8budo.pegaacademy.net/prweb/PRRestService/HRAppsV2/V1/rules/query?pxObjClass=Rule-HTML-Section&appliesTo=Rule-RuleSet-Name&pyRuleName=pyCollaborator&RequestClass=Rule-HTML-Section&RequestAppliesTo=Rule-RuleSet-Name&RequestRuleName=pyCollaborator Payload: "{\"RequestClass\":\"Rule-HTML-Section\",\"RequestAppliesTo\":\"Rule-RuleSet-Name\",\"RequestRuleName\":\"pyCollaborator\"}" => HTTP 404 (18 bytes)
[PegaHttpClient] 📡 POST https://zdk8budo.pegaacademy.net/prweb/api/v1/rules/query?pxObjClass=Rule-HTML-Section&appliesTo=Rule-RuleSet-Name&pyRuleName=pyCollaborator&RequestClass=Rule-HTML-Section&RequestAppliesTo=Rule-RuleSet-Name&RequestRuleName=pyCollaborator Payload: "{\"RequestClass\":\"Rule-HTML-Section\",\"RequestAppliesTo\":\"Rule-RuleSet-Name\",\"RequestRuleName\":\"pyCollaborator\"}" => HTTP 404 (18 bytes)
[PegaHttpClient] 📡 POST https://zdk8budo.pegaacademy.net/prweb/PRRestService/v1/rules/query?pxObjClass=Rule-HTML-Section&appliesTo=Rule-RuleSet-Name&pyRuleName=pyCollaborator&RequestClass=Rule-HTML-Section&RequestAppliesTo=Rule-RuleSet-Name&RequestRuleName=pyCollaborator Payload: "{\"RequestClass\":\"Rule-HTML-Section\",\"RequestAppliesTo\":\"Rule-RuleSet-Name\",\"RequestRuleName\":\"pyCollaborator\"}" => HTTP 404 (18 bytes)
[PegaHttpClient] 📡 POST https://zdk8budo.pegaacademy.net/prweb/api/CodeIntelligence/v1/rules/query?pxObjClass=Rule-HTML-Section&appliesTo=Rule-RuleSet-Name&pyRuleName=pzDisplayPartialCount&RequestClass=Rule-HTML-Section&RequestAppliesTo=Rule-RuleSet-Name&RequestRuleName=pzDisplayPartialCount Payload: "{\"RequestClass\":\"Rule-HTML-Section\",\"RequestAppliesTo\":\"Rule-RuleSet-Name\",\"RequestRuleName\":\"pzDisplayPartialCount\"}" => HTTP 404 (116 bytes)
[PegaHttpClient] 📡 POST https://zdk8budo.pegaacademy.net/prweb/PRRestService/CodeIntelligence/v1/rules/query?pxObjClass=Rule-HTML-Section&appliesTo=Rule-RuleSet-Name&pyRuleName=pzDisplayPartialCount&RequestClass=Rule-HTML-Section&RequestAppliesTo=Rule-RuleSet-Name&RequestRuleName=pzDisplayPartialCount Payload: "{\"RequestClass\":\"Rule-HTML-Section\",\"RequestAppliesTo\":\"Rule-RuleSet-Name\",\"RequestRuleName\":\"pzDisplayPartialCount\"}" => HTTP 404 (116 bytes)
[PegaHttpClient] 📡 POST https://zdk8budo.pegaacademy.net/prweb/api/HRAppsV2Service/V1/rules/query?pxObjClass=Rule-HTML-Section&appliesTo=Rule-RuleSet-Name&pyRuleName=pzDisplayPartialCount&RequestClass=Rule-HTML-Section&RequestAppliesTo=Rule-RuleSet-Name&RequestRuleName=pzDisplayPartialCount Payload: "{\"RequestClass\":\"Rule-HTML-Section\",\"RequestAppliesTo\":\"Rule-RuleSet-Name\",\"RequestRuleName\":\"pzDisplayPartialCount\"}" => HTTP 404 (18 bytes)
[PegaHttpClient] 📡 POST https://zdk8budo.pegaacademy.net/prweb/PRRestService/HRAppsV2Service/V1/rules/query?pxObjClass=Rule-HTML-Section&appliesTo=Rule-RuleSet-Name&pyRuleName=pzDisplayPartialCount&RequestClass=Rule-HTML-Section&RequestAppliesTo=Rule-RuleSet-Name&RequestRuleName=pzDisplayPartialCount Payload: "{\"RequestClass\":\"Rule-HTML-Section\",\"RequestAppliesTo\":\"Rule-RuleSet-Name\",\"RequestRuleName\":\"pzDisplayPartialCount\"}" => HTTP 404 (18 bytes)
[PegaHttpClient] 📡 POST https://zdk8budo.pegaacademy.net/prweb/api/HRAppsV2/V1/rules/query?pxObjClass=Rule-HTML-Section&appliesTo=Rule-RuleSet-Name&pyRuleName=pzDisplayPartialCount&RequestClass=Rule-HTML-Section&RequestAppliesTo=Rule-RuleSet-Name&RequestRuleName=pzDisplayPartialCount Payload: "{\"RequestClass\":\"Rule-HTML-Section\",\"RequestAppliesTo\":\"Rule-RuleSet-Name\",\"RequestRuleName\":\"pzDisplayPartialCount\"}" => HTTP 404 (18 bytes)
[PegaHttpClient] 📡 POST https://zdk8budo.pegaacademy.net/prweb/PRRestService/HRAppsV2/V1/rules/query?pxObjClass=Rule-HTML-Section&appliesTo=Rule-RuleSet-Name&pyRuleName=pzDisplayPartialCount&RequestClass=Rule-HTML-Section&RequestAppliesTo=Rule-RuleSet-Name&RequestRuleName=pzDisplayPartialCount Payload: "{\"RequestClass\":\"Rule-HTML-Section\",\"RequestAppliesTo\":\"Rule-RuleSet-Name\",\"RequestRuleName\":\"pzDisplayPartialCount\"}" => HTTP 404 (18 bytes)
[PegaHttpClient] 📡 POST https://zdk8budo.pegaacademy.net/prweb/api/v1/rules/query?pxObjClass=Rule-HTML-Section&appliesTo=Rule-RuleSet-Name&pyRuleName=pzDisplayPartialCount&RequestClass=Rule-HTML-Section&RequestAppliesTo=Rule-RuleSet-Name&RequestRuleName=pzDisplayPartialCount Payload: "{\"RequestClass\":\"Rule-HTML-Section\",\"RequestAppliesTo\":\"Rule-RuleSet-Name\",\"RequestRuleName\":\"pzDisplayPartialCount\"}" => HTTP 404 (18 bytes)
[PegaHttpClient] 📡 POST https://zdk8budo.pegaacademy.net/prweb/PRRestService/v1/rules/query?pxObjClass=Rule-HTML-Section&appliesTo=Rule-RuleSet-Name&pyRuleName=pzDisplayPartialCount&RequestClass=Rule-HTML-Section&RequestAppliesTo=Rule-RuleSet-Name&RequestRuleName=pzDisplayPartialCount Payload: "{\"RequestClass\":\"Rule-HTML-Section\",\"RequestAppliesTo\":\"Rule-RuleSet-Name\",\"RequestRuleName\":\"pzDisplayPartialCount\"}" => HTTP 404 (18 bytes)
[SchemaGen] ✅ Schema written for Rule-RuleSet-Name
[PegaHttpClient] 📡 GET https://zdk8budo.pegaacademy.net/prweb/api/CodeIntelligence/v1/rules/RULE-HTML-HARNESS%20RULE-FILE-BUNDLE%20RULEFORM%20%2320180713T135638.261%20GMT => HTTP 200 (36047 bytes)
[PegaHttpClient] 📡 POST https://zdk8budo.pegaacademy.net/prweb/api/CodeIntelligence/v1/rules/query?pxObjClass=Rule-HTML-Section&appliesTo=Rule-File-Bundle&pyRuleName=RuleFormMain&RequestClass=Rule-HTML-Section&RequestAppliesTo=Rule-File-Bundle&RequestRuleName=RuleFormMain Payload: "{\"RequestClass\":\"Rule-HTML-Section\",\"RequestAppliesTo\":\"Rule-File-Bundle\",\"RequestRuleName\":\"RuleFormMain\"}" => HTTP 200 (156234 bytes)
[PegaHttpClient] 📡 POST https://zdk8budo.pegaacademy.net/prweb/api/CodeIntelligence/v1/rules/query?pxObjClass=Rule-HTML-Section&appliesTo=Rule-File-Bundle&pyRuleName=pxAlternateRuleForm&RequestClass=Rule-HTML-Section&RequestAppliesTo=Rule-File-Bundle&RequestRuleName=pxAlternateRuleForm Payload: "{\"RequestClass\":\"Rule-HTML-Section\",\"RequestAppliesTo\":\"Rule-File-Bundle\",\"RequestRuleName\":\"pxAlternateRuleForm\"}" => HTTP 200 (66153 bytes)
[PegaHttpClient] 📡 POST https://zdk8budo.pegaacademy.net/prweb/api/CodeIntelligence/v1/rules/query?pxObjClass=Rule-HTML-Section&appliesTo=Rule-File-Bundle&pyRuleName=pzRuleFormScripts&RequestClass=Rule-HTML-Section&RequestAppliesTo=Rule-File-Bundle&RequestRuleName=pzRuleFormScripts Payload: "{\"RequestClass\":\"Rule-HTML-Section\",\"RequestAppliesTo\":\"Rule-File-Bundle\",\"RequestRuleName\":\"pzRuleFormScripts\"}" => HTTP 200 (40822 bytes)
[PegaHttpClient] 📡 POST https://zdk8budo.pegaacademy.net/prweb/api/CodeIntelligence/v1/rules/query?pxObjClass=Rule-HTML-Section&appliesTo=Rule-File-Bundle&pyRuleName=pzRuleFormLayoutDelegated&RequestClass=Rule-HTML-Section&RequestAppliesTo=Rule-File-Bundle&RequestRuleName=pzRuleFormLayoutDelegated Payload: "{\"RequestClass\":\"Rule-HTML-Section\",\"RequestAppliesTo\":\"Rule-File-Bundle\",\"RequestRuleName\":\"pzRuleFormLayoutDelegated\"}" => HTTP 200 (70998 bytes)
[PegaHttpClient] 📡 POST https://zdk8budo.pegaacademy.net/prweb/api/CodeIntelligence/v1/rules/query?pxObjClass=Rule-HTML-Section&appliesTo=Rule-File-Bundle&pyRuleName=RuleFormLayout&RequestClass=Rule-HTML-Section&RequestAppliesTo=Rule-File-Bundle&RequestRuleName=RuleFormLayout Payload: "{\"RequestClass\":\"Rule-HTML-Section\",\"RequestAppliesTo\":\"Rule-File-Bundle\",\"RequestRuleName\":\"RuleFormLayout\"}" => HTTP 200 (57207 bytes)
[PegaHttpClient] 📡 POST https://zdk8budo.pegaacademy.net/prweb/api/CodeIntelligence/v1/rules/query?pxObjClass=Rule-HTML-Section&appliesTo=Rule-File-Bundle&pyRuleName=RuleFormSettings&RequestClass=Rule-HTML-Section&RequestAppliesTo=Rule-File-Bundle&RequestRuleName=RuleFormSettings Payload: "{\"RequestClass\":\"Rule-HTML-Section\",\"RequestAppliesTo\":\"Rule-File-Bundle\",\"RequestRuleName\":\"RuleFormSettings\"}" => HTTP 200 (20540 bytes)
[PegaHttpClient] 📡 POST https://zdk8budo.pegaacademy.net/prweb/api/CodeIntelligence/v1/rules/query?pxObjClass=Rule-HTML-Section&appliesTo=Rule-File-Bundle&pyRuleName=OpenAuthoring&RequestClass=Rule-HTML-Section&RequestAppliesTo=Rule-File-Bundle&RequestRuleName=OpenAuthoring Payload: "{\"RequestClass\":\"Rule-HTML-Section\",\"RequestAppliesTo\":\"Rule-File-Bundle\",\"RequestRuleName\":\"OpenAuthoring\"}" => HTTP 200 (23695 bytes)
[PegaHttpClient] 📡 POST https://zdk8budo.pegaacademy.net/prweb/api/CodeIntelligence/v1/rules/query?pxObjClass=Rule-HTML-Section&appliesTo=Rule-File-Bundle&pyRuleName=pyCustomHelp&RequestClass=Rule-HTML-Section&RequestAppliesTo=Rule-File-Bundle&RequestRuleName=pyCustomHelp Payload: "{\"RequestClass\":\"Rule-HTML-Section\",\"RequestAppliesTo\":\"Rule-File-Bundle\",\"RequestRuleName\":\"pyCustomHelp\"}" => HTTP 200 (17256 bytes)
[PegaHttpClient] 📡 POST https://zdk8budo.pegaacademy.net/prweb/api/CodeIntelligence/v1/rules/query?pxObjClass=Rule-HTML-Section&appliesTo=Rule-File-Bundle&pyRuleName=pzRuleformMainInclude&RequestClass=Rule-HTML-Section&RequestAppliesTo=Rule-File-Bundle&RequestRuleName=pzRuleformMainInclude Payload: "{\"RequestClass\":\"Rule-HTML-Section\",\"RequestAppliesTo\":\"Rule-File-Bundle\",\"RequestRuleName\":\"pzRuleformMainInclude\"}" => HTTP 200 (22375 bytes)
[PegaHttpClient] 📡 POST https://zdk8budo.pegaacademy.net/prweb/api/CodeIntelligence/v1/rules/query?pxObjClass=Rule-HTML-Section&appliesTo=Rule-File-Bundle&pyRuleName=pyAlternativeRuleFormStrategicAppExtension&RequestClass=Rule-HTML-Section&RequestAppliesTo=Rule-File-Bundle&RequestRuleName=pyAlternativeRuleFormStrategicAppExtension Payload: "{\"RequestClass\":\"Rule-HTML-Section\",\"RequestAppliesTo\":\"Rule-File-Bundle\",\"RequestRuleName\":\"pyAlternativeRuleFormStrategicAppExtension\"}" => HTTP 200 (25042 bytes)
[PegaHttpClient] 📡 POST https://zdk8budo.pegaacademy.net/prweb/api/CodeIntelligence/v1/rules/query?pxObjClass=Rule-HTML-Section&appliesTo=Rule-File-Bundle&pyRuleName=pyAlternativeRuleFormExtension&RequestClass=Rule-HTML-Section&RequestAppliesTo=Rule-File-Bundle&RequestRuleName=pyAlternativeRuleFormExtension Payload: "{\"RequestClass\":\"Rule-HTML-Section\",\"RequestAppliesTo\":\"Rule-File-Bundle\",\"RequestRuleName\":\"pyAlternativeRuleFormExtension\"}" => HTTP 200 (24863 bytes)
[PegaHttpClient] 📡 POST https://zdk8budo.pegaacademy.net/prweb/api/CodeIntelligence/v1/rules/query?pxObjClass=Rule-HTML-Section&appliesTo=Rule-File-Bundle&pyRuleName=RuleFormHeader&RequestClass=Rule-HTML-Section&RequestAppliesTo=Rule-File-Bundle&RequestRuleName=RuleFormHeader Payload: "{\"RequestClass\":\"Rule-HTML-Section\",\"RequestAppliesTo\":\"Rule-File-Bundle\",\"RequestRuleName\":\"RuleFormHeader\"}" => HTTP 200 (183800 bytes)
[PegaHttpClient] 📡 POST https://zdk8budo.pegaacademy.net/prweb/api/CodeIntelligence/v1/rules/query?pxObjClass=Rule-HTML-Section&appliesTo=Rule-File-Bundle&pyRuleName=pzDelegationExperience&RequestClass=Rule-HTML-Section&RequestAppliesTo=Rule-File-Bundle&RequestRuleName=pzDelegationExperience Payload: "{\"RequestClass\":\"Rule-HTML-Section\",\"RequestAppliesTo\":\"Rule-File-Bundle\",\"RequestRuleName\":\"pzDelegationExperience\"}" => HTTP 404 (116 bytes)
[PegaHttpClient] 📡 POST https://zdk8budo.pegaacademy.net/prweb/PRRestService/CodeIntelligence/v1/rules/query?pxObjClass=Rule-HTML-Section&appliesTo=Rule-File-Bundle&pyRuleName=pzDelegationExperience&RequestClass=Rule-HTML-Section&RequestAppliesTo=Rule-File-Bundle&RequestRuleName=pzDelegationExperience Payload: "{\"RequestClass\":\"Rule-HTML-Section\",\"RequestAppliesTo\":\"Rule-File-Bundle\",\"RequestRuleName\":\"pzDelegationExperience\"}" => HTTP 404 (116 bytes)
[PegaHttpClient] 📡 POST https://zdk8budo.pegaacademy.net/prweb/api/HRAppsV2Service/V1/rules/query?pxObjClass=Rule-HTML-Section&appliesTo=Rule-File-Bundle&pyRuleName=pzDelegationExperience&RequestClass=Rule-HTML-Section&RequestAppliesTo=Rule-File-Bundle&RequestRuleName=pzDelegationExperience Payload: "{\"RequestClass\":\"Rule-HTML-Section\",\"RequestAppliesTo\":\"Rule-File-Bundle\",\"RequestRuleName\":\"pzDelegationExperience\"}" => HTTP 404 (18 bytes)
[PegaHttpClient] 📡 POST https://zdk8budo.pegaacademy.net/prweb/PRRestService/HRAppsV2Service/V1/rules/query?pxObjClass=Rule-HTML-Section&appliesTo=Rule-File-Bundle&pyRuleName=pzDelegationExperience&RequestClass=Rule-HTML-Section&RequestAppliesTo=Rule-File-Bundle&RequestRuleName=pzDelegationExperience Payload: "{\"RequestClass\":\"Rule-HTML-Section\",\"RequestAppliesTo\":\"Rule-File-Bundle\",\"RequestRuleName\":\"pzDelegationExperience\"}" => HTTP 404 (18 bytes)
[PegaHttpClient] 📡 POST https://zdk8budo.pegaacademy.net/prweb/api/HRAppsV2/V1/rules/query?pxObjClass=Rule-HTML-Section&appliesTo=Rule-File-Bundle&pyRuleName=pzDelegationExperience&RequestClass=Rule-HTML-Section&RequestAppliesTo=Rule-File-Bundle&RequestRuleName=pzDelegationExperience Payload: "{\"RequestClass\":\"Rule-HTML-Section\",\"RequestAppliesTo\":\"Rule-File-Bundle\",\"RequestRuleName\":\"pzDelegationExperience\"}" => HTTP 404 (18 bytes)
[PegaHttpClient] 📡 POST https://zdk8budo.pegaacademy.net/prweb/PRRestService/HRAppsV2/V1/rules/query?pxObjClass=Rule-HTML-Section&appliesTo=Rule-File-Bundle&pyRuleName=pzDelegationExperience&RequestClass=Rule-HTML-Section&RequestAppliesTo=Rule-File-Bundle&RequestRuleName=pzDelegationExperience Payload: "{\"RequestClass\":\"Rule-HTML-Section\",\"RequestAppliesTo\":\"Rule-File-Bundle\",\"RequestRuleName\":\"pzDelegationExperience\"}" => HTTP 404 (18 bytes)
[PegaHttpClient] 📡 POST https://zdk8budo.pegaacademy.net/prweb/api/v1/rules/query?pxObjClass=Rule-HTML-Section&appliesTo=Rule-File-Bundle&pyRuleName=pzDelegationExperience&RequestClass=Rule-HTML-Section&RequestAppliesTo=Rule-File-Bundle&RequestRuleName=pzDelegationExperience Payload: "{\"RequestClass\":\"Rule-HTML-Section\",\"RequestAppliesTo\":\"Rule-File-Bundle\",\"RequestRuleName\":\"pzDelegationExperience\"}" => HTTP 404 (18 bytes)
[PegaHttpClient] 📡 POST https://zdk8budo.pegaacademy.net/prweb/PRRestService/v1/rules/query?pxObjClass=Rule-HTML-Section&appliesTo=Rule-File-Bundle&pyRuleName=pzDelegationExperience&RequestClass=Rule-HTML-Section&RequestAppliesTo=Rule-File-Bundle&RequestRuleName=pzDelegationExperience Payload: "{\"RequestClass\":\"Rule-HTML-Section\",\"RequestAppliesTo\":\"Rule-File-Bundle\",\"RequestRuleName\":\"pzDelegationExperience\"}" => HTTP 404 (18 bytes)
[PegaHttpClient] 📡 POST https://zdk8budo.pegaacademy.net/prweb/api/CodeIntelligence/v1/rules/query?pxObjClass=Rule-HTML-Section&appliesTo=Rule-File-Bundle&pyRuleName=Definition&RequestClass=Rule-HTML-Section&RequestAppliesTo=Rule-File-Bundle&RequestRuleName=Definition Payload: "{\"RequestClass\":\"Rule-HTML-Section\",\"RequestAppliesTo\":\"Rule-File-Bundle\",\"RequestRuleName\":\"Definition\"}" => HTTP 200 (61328 bytes)
[PegaHttpClient] 📡 POST https://zdk8budo.pegaacademy.net/prweb/api/CodeIntelligence/v1/rules/query?pxObjClass=Rule-HTML-Section&appliesTo=Rule-File-Bundle&pyRuleName=pzSpecifications&RequestClass=Rule-HTML-Section&RequestAppliesTo=Rule-File-Bundle&RequestRuleName=pzSpecifications Payload: "{\"RequestClass\":\"Rule-HTML-Section\",\"RequestAppliesTo\":\"Rule-File-Bundle\",\"RequestRuleName\":\"pzSpecifications\"}" => HTTP 200 (16577 bytes)
[PegaHttpClient] 📡 POST https://zdk8budo.pegaacademy.net/prweb/api/CodeIntelligence/v1/rules/query?pxObjClass=Rule-HTML-Section&appliesTo=Rule-File-Bundle&pyRuleName=RuleFormHistory&RequestClass=Rule-HTML-Section&RequestAppliesTo=Rule-File-Bundle&RequestRuleName=RuleFormHistory Payload: "{\"RequestClass\":\"Rule-HTML-Section\",\"RequestAppliesTo\":\"Rule-File-Bundle\",\"RequestRuleName\":\"RuleFormHistory\"}" => HTTP 200 (76091 bytes)
[PegaHttpClient] 📡 POST https://zdk8budo.pegaacademy.net/prweb/api/CodeIntelligence/v1/rules/query?pxObjClass=Rule-HTML-Section&appliesTo=Rule-File-Bundle&pyRuleName=pzCustomHelp&RequestClass=Rule-HTML-Section&RequestAppliesTo=Rule-File-Bundle&RequestRuleName=pzCustomHelp Payload: "{\"RequestClass\":\"Rule-HTML-Section\",\"RequestAppliesTo\":\"Rule-File-Bundle\",\"RequestRuleName\":\"pzCustomHelp\"}" => HTTP 200 (31573 bytes)
[PegaHttpClient] 📡 POST https://zdk8budo.pegaacademy.net/prweb/api/CodeIntelligence/v1/rules/query?pxObjClass=Rule-HTML-Section&appliesTo=Rule-File-Bundle&pyRuleName=pzRuleFormKeysAndDescription&RequestClass=Rule-HTML-Section&RequestAppliesTo=Rule-File-Bundle&RequestRuleName=pzRuleFormKeysAndDescription Payload: "{\"RequestClass\":\"Rule-HTML-Section\",\"RequestAppliesTo\":\"Rule-File-Bundle\",\"RequestRuleName\":\"pzRuleFormKeysAndDescription\"}" => HTTP 200 (218057 bytes)
[PegaHttpClient] 📡 POST https://zdk8budo.pegaacademy.net/prweb/api/CodeIntelligence/v1/rules/query?pxObjClass=Rule-HTML-Section&appliesTo=Rule-File-Bundle&pyRuleName=pzRuleFormRuleset&RequestClass=Rule-HTML-Section&RequestAppliesTo=Rule-File-Bundle&RequestRuleName=pzRuleFormRuleset Payload: "{\"RequestClass\":\"Rule-HTML-Section\",\"RequestAppliesTo\":\"Rule-File-Bundle\",\"RequestRuleName\":\"pzRuleFormRuleset\"}" => HTTP 200 (33985 bytes)
[PegaHttpClient] 📡 POST https://zdk8budo.pegaacademy.net/prweb/api/CodeIntelligence/v1/rules/query?pxObjClass=Rule-HTML-Section&appliesTo=Rule-File-Bundle&pyRuleName=undefined&RequestClass=Rule-HTML-Section&RequestAppliesTo=Rule-File-Bundle&RequestRuleName=undefined Payload: "{\"RequestClass\":\"Rule-HTML-Section\",\"RequestAppliesTo\":\"Rule-File-Bundle\",\"RequestRuleName\":\"undefined\"}" => HTTP 404 (103 bytes)
[PegaHttpClient] 📡 POST https://zdk8budo.pegaacademy.net/prweb/PRRestService/CodeIntelligence/v1/rules/query?pxObjClass=Rule-HTML-Section&appliesTo=Rule-File-Bundle&pyRuleName=undefined&RequestClass=Rule-HTML-Section&RequestAppliesTo=Rule-File-Bundle&RequestRuleName=undefined Payload: "{\"RequestClass\":\"Rule-HTML-Section\",\"RequestAppliesTo\":\"Rule-File-Bundle\",\"RequestRuleName\":\"undefined\"}" => HTTP 404 (103 bytes)
[PegaHttpClient] 📡 POST https://zdk8budo.pegaacademy.net/prweb/api/HRAppsV2Service/V1/rules/query?pxObjClass=Rule-HTML-Section&appliesTo=Rule-File-Bundle&pyRuleName=undefined&RequestClass=Rule-HTML-Section&RequestAppliesTo=Rule-File-Bundle&RequestRuleName=undefined Payload: "{\"RequestClass\":\"Rule-HTML-Section\",\"RequestAppliesTo\":\"Rule-File-Bundle\",\"RequestRuleName\":\"undefined\"}" => HTTP 404 (18 bytes)
[PegaHttpClient] 📡 POST https://zdk8budo.pegaacademy.net/prweb/PRRestService/HRAppsV2Service/V1/rules/query?pxObjClass=Rule-HTML-Section&appliesTo=Rule-File-Bundle&pyRuleName=undefined&RequestClass=Rule-HTML-Section&RequestAppliesTo=Rule-File-Bundle&RequestRuleName=undefined Payload: "{\"RequestClass\":\"Rule-HTML-Section\",\"RequestAppliesTo\":\"Rule-File-Bundle\",\"RequestRuleName\":\"undefined\"}" => HTTP 404 (18 bytes)
[PegaHttpClient] 📡 POST https://zdk8budo.pegaacademy.net/prweb/api/HRAppsV2/V1/rules/query?pxObjClass=Rule-HTML-Section&appliesTo=Rule-File-Bundle&pyRuleName=undefined&RequestClass=Rule-HTML-Section&RequestAppliesTo=Rule-File-Bundle&RequestRuleName=undefined Payload: "{\"RequestClass\":\"Rule-HTML-Section\",\"RequestAppliesTo\":\"Rule-File-Bundle\",\"RequestRuleName\":\"undefined\"}" => HTTP 404 (18 bytes)
[PegaHttpClient] 📡 POST https://zdk8budo.pegaacademy.net/prweb/PRRestService/HRAppsV2/V1/rules/query?pxObjClass=Rule-HTML-Section&appliesTo=Rule-File-Bundle&pyRuleName=undefined&RequestClass=Rule-HTML-Section&RequestAppliesTo=Rule-File-Bundle&RequestRuleName=undefined Payload: "{\"RequestClass\":\"Rule-HTML-Section\",\"RequestAppliesTo\":\"Rule-File-Bundle\",\"RequestRuleName\":\"undefined\"}" => HTTP 404 (18 bytes)
[PegaHttpClient] 📡 POST https://zdk8budo.pegaacademy.net/prweb/api/v1/rules/query?pxObjClass=Rule-HTML-Section&appliesTo=Rule-File-Bundle&pyRuleName=undefined&RequestClass=Rule-HTML-Section&RequestAppliesTo=Rule-File-Bundle&RequestRuleName=undefined Payload: "{\"RequestClass\":\"Rule-HTML-Section\",\"RequestAppliesTo\":\"Rule-File-Bundle\",\"RequestRuleName\":\"undefined\"}" => HTTP 404 (18 bytes)
[PegaHttpClient] 📡 POST https://zdk8budo.pegaacademy.net/prweb/PRRestService/v1/rules/query?pxObjClass=Rule-HTML-Section&appliesTo=Rule-File-Bundle&pyRuleName=undefined&RequestClass=Rule-HTML-Section&RequestAppliesTo=Rule-File-Bundle&RequestRuleName=undefined Payload: "{\"RequestClass\":\"Rule-HTML-Section\",\"RequestAppliesTo\":\"Rule-File-Bundle\",\"RequestRuleName\":\"undefined\"}" => HTTP 404 (18 bytes)
[PegaHttpClient] 📡 POST https://zdk8budo.pegaacademy.net/prweb/api/CodeIntelligence/v1/rules/query?pxObjClass=Rule-HTML-Section&appliesTo=Rule-File-Bundle&pyRuleName=pzRuleFormToolbar&RequestClass=Rule-HTML-Section&RequestAppliesTo=Rule-File-Bundle&RequestRuleName=pzRuleFormToolbar Payload: "{\"RequestClass\":\"Rule-HTML-Section\",\"RequestAppliesTo\":\"Rule-File-Bundle\",\"RequestRuleName\":\"pzRuleFormToolbar\"}" => HTTP 200 (242691 bytes)
[PegaHttpClient] 📡 POST https://zdk8budo.pegaacademy.net/prweb/api/CodeIntelligence/v1/rules/query?pxObjClass=Rule-HTML-Section&appliesTo=Rule-File-Bundle&pyRuleName=pzRuleFormToolbarCompare&RequestClass=Rule-HTML-Section&RequestAppliesTo=Rule-File-Bundle&RequestRuleName=pzRuleFormToolbarCompare Payload: "{\"RequestClass\":\"Rule-HTML-Section\",\"RequestAppliesTo\":\"Rule-File-Bundle\",\"RequestRuleName\":\"pzRuleFormToolbarCompare\"}" => HTTP 200 (61925 bytes)
[PegaHttpClient] 📡 POST https://zdk8budo.pegaacademy.net/prweb/api/CodeIntelligence/v1/rules/query?pxObjClass=Rule-HTML-Section&appliesTo=Rule-File-Bundle&pyRuleName=RuleFormHeaderMessages&RequestClass=Rule-HTML-Section&RequestAppliesTo=Rule-File-Bundle&RequestRuleName=RuleFormHeaderMessages Payload: "{\"RequestClass\":\"Rule-HTML-Section\",\"RequestAppliesTo\":\"Rule-File-Bundle\",\"RequestRuleName\":\"RuleFormHeaderMessages\"}" => HTTP 200 (26518 bytes)
[PegaHttpClient] 📡 POST https://zdk8budo.pegaacademy.net/prweb/api/CodeIntelligence/v1/rules/query?pxObjClass=Rule-HTML-Section&appliesTo=Rule-File-Bundle&pyRuleName=pzSpecificationsInner&RequestClass=Rule-HTML-Section&RequestAppliesTo=Rule-File-Bundle&RequestRuleName=pzSpecificationsInner Payload: "{\"RequestClass\":\"Rule-HTML-Section\",\"RequestAppliesTo\":\"Rule-File-Bundle\",\"RequestRuleName\":\"pzSpecificationsInner\"}" => HTTP 200 (142370 bytes)
[PegaHttpClient] 📡 POST https://zdk8budo.pegaacademy.net/prweb/api/CodeIntelligence/v1/rules/query?pxObjClass=Rule-HTML-Section&appliesTo=Rule-File-Bundle&pyRuleName=pzAlternateRuleInfo&RequestClass=Rule-HTML-Section&RequestAppliesTo=Rule-File-Bundle&RequestRuleName=pzAlternateRuleInfo Payload: "{\"RequestClass\":\"Rule-HTML-Section\",\"RequestAppliesTo\":\"Rule-File-Bundle\",\"RequestRuleName\":\"pzAlternateRuleInfo\"}" => HTTP 200 (140407 bytes)
[PegaHttpClient] 📡 POST https://zdk8budo.pegaacademy.net/prweb/api/CodeIntelligence/v1/rules/query?pxObjClass=Rule-HTML-Section&appliesTo=Rule-File-Bundle&pyRuleName=RuleFormHistory_Description&RequestClass=Rule-HTML-Section&RequestAppliesTo=Rule-File-Bundle&RequestRuleName=RuleFormHistory_Description Payload: "{\"RequestClass\":\"Rule-HTML-Section\",\"RequestAppliesTo\":\"Rule-File-Bundle\",\"RequestRuleName\":\"RuleFormHistory_Description\"}" => HTTP 200 (46242 bytes)
[PegaHttpClient] 📡 POST https://zdk8budo.pegaacademy.net/prweb/api/CodeIntelligence/v1/rules/query?pxObjClass=Rule-HTML-Section&appliesTo=Rule-File-Bundle&pyRuleName=RuleFormHistory_CustomFields&RequestClass=Rule-HTML-Section&RequestAppliesTo=Rule-File-Bundle&RequestRuleName=RuleFormHistory_CustomFields Payload: "{\"RequestClass\":\"Rule-HTML-Section\",\"RequestAppliesTo\":\"Rule-File-Bundle\",\"RequestRuleName\":\"RuleFormHistory_CustomFields\"}" => HTTP 200 (75856 bytes)
[PegaHttpClient] 📡 POST https://zdk8budo.pegaacademy.net/prweb/api/CodeIntelligence/v1/rules/query?pxObjClass=Rule-HTML-Section&appliesTo=Rule-File-Bundle&pyRuleName=RuleFormHistory_HistoryDetails&RequestClass=Rule-HTML-Section&RequestAppliesTo=Rule-File-Bundle&RequestRuleName=RuleFormHistory_HistoryDetails Payload: "{\"RequestClass\":\"Rule-HTML-Section\",\"RequestAppliesTo\":\"Rule-File-Bundle\",\"RequestRuleName\":\"RuleFormHistory_HistoryDetails\"}" => HTTP 200 (179535 bytes)
[PegaHttpClient] 📡 POST https://zdk8budo.pegaacademy.net/prweb/api/CodeIntelligence/v1/rules/query?pxObjClass=Rule-HTML-Section&appliesTo=Rule-File-Bundle&pyRuleName=pzRuleFormStatus&RequestClass=Rule-HTML-Section&RequestAppliesTo=Rule-File-Bundle&RequestRuleName=pzRuleFormStatus Payload: "{\"RequestClass\":\"Rule-HTML-Section\",\"RequestAppliesTo\":\"Rule-File-Bundle\",\"RequestRuleName\":\"pzRuleFormStatus\"}" => HTTP 200 (97627 bytes)
[PegaHttpClient] 📡 POST https://zdk8budo.pegaacademy.net/prweb/api/CodeIntelligence/v1/rules/query?pxObjClass=Rule-HTML-Section&appliesTo=Rule-File-Bundle&pyRuleName=pzRuleFormHeaderCompareWithDropDown&RequestClass=Rule-HTML-Section&RequestAppliesTo=Rule-File-Bundle&RequestRuleName=pzRuleFormHeaderCompareWithDropDown Payload: "{\"RequestClass\":\"Rule-HTML-Section\",\"RequestAppliesTo\":\"Rule-File-Bundle\",\"RequestRuleName\":\"pzRuleFormHeaderCompareWithDropDown\"}" => HTTP 200 (25396 bytes)
[PegaHttpClient] 📡 POST https://zdk8budo.pegaacademy.net/prweb/api/CodeIntelligence/v1/rules/query?pxObjClass=Rule-HTML-Section&appliesTo=Rule-File-Bundle&pyRuleName=undefined&RequestClass=Rule-HTML-Section&RequestAppliesTo=Rule-File-Bundle&RequestRuleName=undefined Payload: "{\"RequestClass\":\"Rule-HTML-Section\",\"RequestAppliesTo\":\"Rule-File-Bundle\",\"RequestRuleName\":\"undefined\"}" => HTTP 404 (103 bytes)
[PegaHttpClient] 📡 POST https://zdk8budo.pegaacademy.net/prweb/PRRestService/CodeIntelligence/v1/rules/query?pxObjClass=Rule-HTML-Section&appliesTo=Rule-File-Bundle&pyRuleName=undefined&RequestClass=Rule-HTML-Section&RequestAppliesTo=Rule-File-Bundle&RequestRuleName=undefined Payload: "{\"RequestClass\":\"Rule-HTML-Section\",\"RequestAppliesTo\":\"Rule-File-Bundle\",\"RequestRuleName\":\"undefined\"}" => HTTP 404 (103 bytes)
[PegaHttpClient] 📡 POST https://zdk8budo.pegaacademy.net/prweb/api/HRAppsV2Service/V1/rules/query?pxObjClass=Rule-HTML-Section&appliesTo=Rule-File-Bundle&pyRuleName=undefined&RequestClass=Rule-HTML-Section&RequestAppliesTo=Rule-File-Bundle&RequestRuleName=undefined Payload: "{\"RequestClass\":\"Rule-HTML-Section\",\"RequestAppliesTo\":\"Rule-File-Bundle\",\"RequestRuleName\":\"undefined\"}" => HTTP 404 (18 bytes)
[PegaHttpClient] 📡 POST https://zdk8budo.pegaacademy.net/prweb/PRRestService/HRAppsV2Service/V1/rules/query?pxObjClass=Rule-HTML-Section&appliesTo=Rule-File-Bundle&pyRuleName=undefined&RequestClass=Rule-HTML-Section&RequestAppliesTo=Rule-File-Bundle&RequestRuleName=undefined Payload: "{\"RequestClass\":\"Rule-HTML-Section\",\"RequestAppliesTo\":\"Rule-File-Bundle\",\"RequestRuleName\":\"undefined\"}" => HTTP 404 (18 bytes)
[PegaHttpClient] 📡 POST https://zdk8budo.pegaacademy.net/prweb/api/HRAppsV2/V1/rules/query?pxObjClass=Rule-HTML-Section&appliesTo=Rule-File-Bundle&pyRuleName=undefined&RequestClass=Rule-HTML-Section&RequestAppliesTo=Rule-File-Bundle&RequestRuleName=undefined Payload: "{\"RequestClass\":\"Rule-HTML-Section\",\"RequestAppliesTo\":\"Rule-File-Bundle\",\"RequestRuleName\":\"undefined\"}" => HTTP 404 (18 bytes)
[PegaHttpClient] 📡 POST https://zdk8budo.pegaacademy.net/prweb/PRRestService/HRAppsV2/V1/rules/query?pxObjClass=Rule-HTML-Section&appliesTo=Rule-File-Bundle&pyRuleName=undefined&RequestClass=Rule-HTML-Section&RequestAppliesTo=Rule-File-Bundle&RequestRuleName=undefined Payload: "{\"RequestClass\":\"Rule-HTML-Section\",\"RequestAppliesTo\":\"Rule-File-Bundle\",\"RequestRuleName\":\"undefined\"}" => HTTP 404 (18 bytes)
[PegaHttpClient] 📡 POST https://zdk8budo.pegaacademy.net/prweb/api/v1/rules/query?pxObjClass=Rule-HTML-Section&appliesTo=Rule-File-Bundle&pyRuleName=undefined&RequestClass=Rule-HTML-Section&RequestAppliesTo=Rule-File-Bundle&RequestRuleName=undefined Payload: "{\"RequestClass\":\"Rule-HTML-Section\",\"RequestAppliesTo\":\"Rule-File-Bundle\",\"RequestRuleName\":\"undefined\"}" => HTTP 404 (18 bytes)
[PegaHttpClient] 📡 POST https://zdk8budo.pegaacademy.net/prweb/PRRestService/v1/rules/query?pxObjClass=Rule-HTML-Section&appliesTo=Rule-File-Bundle&pyRuleName=undefined&RequestClass=Rule-HTML-Section&RequestAppliesTo=Rule-File-Bundle&RequestRuleName=undefined Payload: "{\"RequestClass\":\"Rule-HTML-Section\",\"RequestAppliesTo\":\"Rule-File-Bundle\",\"RequestRuleName\":\"undefined\"}" => HTTP 404 (18 bytes)
[PegaHttpClient] 📡 POST https://zdk8budo.pegaacademy.net/prweb/api/CodeIntelligence/v1/rules/query?pxObjClass=Rule-HTML-Section&appliesTo=Rule-File-Bundle&pyRuleName=pzRuleFormToolbarHotKeys&RequestClass=Rule-HTML-Section&RequestAppliesTo=Rule-File-Bundle&RequestRuleName=pzRuleFormToolbarHotKeys Payload: "{\"RequestClass\":\"Rule-HTML-Section\",\"RequestAppliesTo\":\"Rule-File-Bundle\",\"RequestRuleName\":\"pzRuleFormToolbarHotKeys\"}" => HTTP 200 (85058 bytes)
[PegaHttpClient] 📡 POST https://zdk8budo.pegaacademy.net/prweb/api/CodeIntelligence/v1/rules/query?pxObjClass=Rule-HTML-Section&appliesTo=Rule-File-Bundle&pyRuleName=pzRuleFormToolbarLockedIcon&RequestClass=Rule-HTML-Section&RequestAppliesTo=Rule-File-Bundle&RequestRuleName=pzRuleFormToolbarLockedIcon Payload: "{\"RequestClass\":\"Rule-HTML-Section\",\"RequestAppliesTo\":\"Rule-File-Bundle\",\"RequestRuleName\":\"pzRuleFormToolbarLockedIcon\"}" => HTTP 200 (24898 bytes)
[PegaHttpClient] 📡 POST https://zdk8budo.pegaacademy.net/prweb/api/CodeIntelligence/v1/rules/query?pxObjClass=Rule-HTML-Section&appliesTo=Rule-File-Bundle&pyRuleName=pzRuleFormToolbarCollaborators&RequestClass=Rule-HTML-Section&RequestAppliesTo=Rule-File-Bundle&RequestRuleName=pzRuleFormToolbarCollaborators Payload: "{\"RequestClass\":\"Rule-HTML-Section\",\"RequestAppliesTo\":\"Rule-File-Bundle\",\"RequestRuleName\":\"pzRuleFormToolbarCollaborators\"}" => HTTP 200 (15254 bytes)
[PegaHttpClient] 📡 POST https://zdk8budo.pegaacademy.net/prweb/api/CodeIntelligence/v1/rules/query?pxObjClass=Rule-HTML-Section&appliesTo=Rule-File-Bundle&pyRuleName=pzRuleFormToolbarSaveAs&RequestClass=Rule-HTML-Section&RequestAppliesTo=Rule-File-Bundle&RequestRuleName=pzRuleFormToolbarSaveAs Payload: "{\"RequestClass\":\"Rule-HTML-Section\",\"RequestAppliesTo\":\"Rule-File-Bundle\",\"RequestRuleName\":\"pzRuleFormToolbarSaveAs\"}" => HTTP 200 (64084 bytes)
[PegaHttpClient] 📡 POST https://zdk8budo.pegaacademy.net/prweb/api/CodeIntelligence/v1/rules/query?pxObjClass=Rule-HTML-Section&appliesTo=Rule-File-Bundle&pyRuleName=pzRuleFormToolbarCheckin&RequestClass=Rule-HTML-Section&RequestAppliesTo=Rule-File-Bundle&RequestRuleName=pzRuleFormToolbarCheckin Payload: "{\"RequestClass\":\"Rule-HTML-Section\",\"RequestAppliesTo\":\"Rule-File-Bundle\",\"RequestRuleName\":\"pzRuleFormToolbarCheckin\"}" => HTTP 200 (119096 bytes)
[PegaHttpClient] 📡 POST https://zdk8budo.pegaacademy.net/prweb/api/CodeIntelligence/v1/rules/query?pxObjClass=Rule-HTML-Section&appliesTo=Rule-File-Bundle&pyRuleName=pzRuleFormToolbarDelete&RequestClass=Rule-HTML-Section&RequestAppliesTo=Rule-File-Bundle&RequestRuleName=pzRuleFormToolbarDelete Payload: "{\"RequestClass\":\"Rule-HTML-Section\",\"RequestAppliesTo\":\"Rule-File-Bundle\",\"RequestRuleName\":\"pzRuleFormToolbarDelete\"}" => HTTP 200 (30249 bytes)
[PegaHttpClient] 📡 POST https://zdk8budo.pegaacademy.net/prweb/api/CodeIntelligence/v1/rules/query?pxObjClass=Rule-HTML-Section&appliesTo=Rule-File-Bundle&pyRuleName=pzRuleFormToolbarSave&RequestClass=Rule-HTML-Section&RequestAppliesTo=Rule-File-Bundle&RequestRuleName=pzRuleFormToolbarSave Payload: "{\"RequestClass\":\"Rule-HTML-Section\",\"RequestAppliesTo\":\"Rule-File-Bundle\",\"RequestRuleName\":\"pzRuleFormToolbarSave\"}" => HTTP 200 (293885 bytes)
[PegaHttpClient] 📡 POST https://zdk8budo.pegaacademy.net/prweb/api/CodeIntelligence/v1/rules/query?pxObjClass=Rule-HTML-Section&appliesTo=Rule-File-Bundle&pyRuleName=pzRuleFormToolbarCheckout&RequestClass=Rule-HTML-Section&RequestAppliesTo=Rule-File-Bundle&RequestRuleName=pzRuleFormToolbarCheckout Payload: "{\"RequestClass\":\"Rule-HTML-Section\",\"RequestAppliesTo\":\"Rule-File-Bundle\",\"RequestRuleName\":\"pzRuleFormToolbarCheckout\"}" => HTTP 200 (238148 bytes)
[PegaHttpClient] 📡 POST https://zdk8budo.pegaacademy.net/prweb/api/CodeIntelligence/v1/rules/query?pxObjClass=Rule-HTML-Section&appliesTo=Rule-File-Bundle&pyRuleName=pzRemoveErrorsDataPage&RequestClass=Rule-HTML-Section&RequestAppliesTo=Rule-File-Bundle&RequestRuleName=pzRemoveErrorsDataPage Payload: "{\"RequestClass\":\"Rule-HTML-Section\",\"RequestAppliesTo\":\"Rule-File-Bundle\",\"RequestRuleName\":\"pzRemoveErrorsDataPage\"}" => HTTP 200 (16733 bytes)
[PegaHttpClient] 📡 POST https://zdk8budo.pegaacademy.net/prweb/api/CodeIntelligence/v1/rules/query?pxObjClass=Rule-HTML-Section&appliesTo=Rule-File-Bundle&pyRuleName=pzRuleFormHeaderMessagesWrapper&RequestClass=Rule-HTML-Section&RequestAppliesTo=Rule-File-Bundle&RequestRuleName=pzRuleFormHeaderMessagesWrapper Payload: "{\"RequestClass\":\"Rule-HTML-Section\",\"RequestAppliesTo\":\"Rule-File-Bundle\",\"RequestRuleName\":\"pzRuleFormHeaderMessagesWrapper\"}" => HTTP 200 (16981 bytes)
[PegaHttpClient] 📡 POST https://zdk8budo.pegaacademy.net/prweb/api/CodeIntelligence/v1/rules/query?pxObjClass=Rule-HTML-Section&appliesTo=Rule-File-Bundle&pyRuleName=pzSpecificationName&RequestClass=Rule-HTML-Section&RequestAppliesTo=Rule-File-Bundle&RequestRuleName=pzSpecificationName Payload: "{\"RequestClass\":\"Rule-HTML-Section\",\"RequestAppliesTo\":\"Rule-File-Bundle\",\"RequestRuleName\":\"pzSpecificationName\"}" => HTTP 404 (113 bytes)
[PegaHttpClient] 📡 POST https://zdk8budo.pegaacademy.net/prweb/PRRestService/CodeIntelligence/v1/rules/query?pxObjClass=Rule-HTML-Section&appliesTo=Rule-File-Bundle&pyRuleName=pzSpecificationName&RequestClass=Rule-HTML-Section&RequestAppliesTo=Rule-File-Bundle&RequestRuleName=pzSpecificationName Payload: "{\"RequestClass\":\"Rule-HTML-Section\",\"RequestAppliesTo\":\"Rule-File-Bundle\",\"RequestRuleName\":\"pzSpecificationName\"}" => HTTP 404 (113 bytes)
[PegaHttpClient] 📡 POST https://zdk8budo.pegaacademy.net/prweb/api/HRAppsV2Service/V1/rules/query?pxObjClass=Rule-HTML-Section&appliesTo=Rule-File-Bundle&pyRuleName=pzSpecificationName&RequestClass=Rule-HTML-Section&RequestAppliesTo=Rule-File-Bundle&RequestRuleName=pzSpecificationName Payload: "{\"RequestClass\":\"Rule-HTML-Section\",\"RequestAppliesTo\":\"Rule-File-Bundle\",\"RequestRuleName\":\"pzSpecificationName\"}" => HTTP 404 (18 bytes)
[PegaHttpClient] 📡 POST https://zdk8budo.pegaacademy.net/prweb/PRRestService/HRAppsV2Service/V1/rules/query?pxObjClass=Rule-HTML-Section&appliesTo=Rule-File-Bundle&pyRuleName=pzSpecificationName&RequestClass=Rule-HTML-Section&RequestAppliesTo=Rule-File-Bundle&RequestRuleName=pzSpecificationName Payload: "{\"RequestClass\":\"Rule-HTML-Section\",\"RequestAppliesTo\":\"Rule-File-Bundle\",\"RequestRuleName\":\"pzSpecificationName\"}" => HTTP 404 (18 bytes)
[PegaHttpClient] 📡 POST https://zdk8budo.pegaacademy.net/prweb/api/HRAppsV2/V1/rules/query?pxObjClass=Rule-HTML-Section&appliesTo=Rule-File-Bundle&pyRuleName=pzSpecificationName&RequestClass=Rule-HTML-Section&RequestAppliesTo=Rule-File-Bundle&RequestRuleName=pzSpecificationName Payload: "{\"RequestClass\":\"Rule-HTML-Section\",\"RequestAppliesTo\":\"Rule-File-Bundle\",\"RequestRuleName\":\"pzSpecificationName\"}" => HTTP 404 (18 bytes)
[PegaHttpClient] 📡 POST https://zdk8budo.pegaacademy.net/prweb/PRRestService/HRAppsV2/V1/rules/query?pxObjClass=Rule-HTML-Section&appliesTo=Rule-File-Bundle&pyRuleName=pzSpecificationName&RequestClass=Rule-HTML-Section&RequestAppliesTo=Rule-File-Bundle&RequestRuleName=pzSpecificationName Payload: "{\"RequestClass\":\"Rule-HTML-Section\",\"RequestAppliesTo\":\"Rule-File-Bundle\",\"RequestRuleName\":\"pzSpecificationName\"}" => HTTP 404 (18 bytes)
[PegaHttpClient] 📡 POST https://zdk8budo.pegaacademy.net/prweb/api/v1/rules/query?pxObjClass=Rule-HTML-Section&appliesTo=Rule-File-Bundle&pyRuleName=pzSpecificationName&RequestClass=Rule-HTML-Section&RequestAppliesTo=Rule-File-Bundle&RequestRuleName=pzSpecificationName Payload: "{\"RequestClass\":\"Rule-HTML-Section\",\"RequestAppliesTo\":\"Rule-File-Bundle\",\"RequestRuleName\":\"pzSpecificationName\"}" => HTTP 404 (18 bytes)
[PegaHttpClient] 📡 POST https://zdk8budo.pegaacademy.net/prweb/PRRestService/v1/rules/query?pxObjClass=Rule-HTML-Section&appliesTo=Rule-File-Bundle&pyRuleName=pzSpecificationName&RequestClass=Rule-HTML-Section&RequestAppliesTo=Rule-File-Bundle&RequestRuleName=pzSpecificationName Payload: "{\"RequestClass\":\"Rule-HTML-Section\",\"RequestAppliesTo\":\"Rule-File-Bundle\",\"RequestRuleName\":\"pzSpecificationName\"}" => HTTP 404 (18 bytes)
[PegaHttpClient] 📡 POST https://zdk8budo.pegaacademy.net/prweb/api/CodeIntelligence/v1/rules/query?pxObjClass=Rule-HTML-Section&appliesTo=Rule-File-Bundle&pyRuleName=pzScm_RuleHistory&RequestClass=Rule-HTML-Section&RequestAppliesTo=Rule-File-Bundle&RequestRuleName=pzScm_RuleHistory Payload: "{\"RequestClass\":\"Rule-HTML-Section\",\"RequestAppliesTo\":\"Rule-File-Bundle\",\"RequestRuleName\":\"pzScm_RuleHistory\"}" => HTTP 200 (14682 bytes)
[PegaHttpClient] 📡 POST https://zdk8budo.pegaacademy.net/prweb/api/CodeIntelligence/v1/rules/query?pxObjClass=Rule-HTML-Section&appliesTo=Rule-File-Bundle&pyRuleName=pxDisplayCollaborators&RequestClass=Rule-HTML-Section&RequestAppliesTo=Rule-File-Bundle&RequestRuleName=pxDisplayCollaborators Payload: "{\"RequestClass\":\"Rule-HTML-Section\",\"RequestAppliesTo\":\"Rule-File-Bundle\",\"RequestRuleName\":\"pxDisplayCollaborators\"}" => HTTP 200 (94171 bytes)
[PegaHttpClient] 📡 POST https://zdk8budo.pegaacademy.net/prweb/api/CodeIntelligence/v1/rules/query?pxObjClass=Rule-HTML-Section&appliesTo=Rule-File-Bundle&pyRuleName=pzRuleFormToolbarDeleteCheckOut&RequestClass=Rule-HTML-Section&RequestAppliesTo=Rule-File-Bundle&RequestRuleName=pzRuleFormToolbarDeleteCheckOut Payload: "{\"RequestClass\":\"Rule-HTML-Section\",\"RequestAppliesTo\":\"Rule-File-Bundle\",\"RequestRuleName\":\"pzRuleFormToolbarDeleteCheckOut\"}" => HTTP 200 (29433 bytes)
[PegaHttpClient] 📡 POST https://zdk8budo.pegaacademy.net/prweb/api/CodeIntelligence/v1/rules/query?pxObjClass=Rule-HTML-Section&appliesTo=Rule-File-Bundle&pyRuleName=pzRuleFormToolbarDeleteRule&RequestClass=Rule-HTML-Section&RequestAppliesTo=Rule-File-Bundle&RequestRuleName=pzRuleFormToolbarDeleteRule Payload: "{\"RequestClass\":\"Rule-HTML-Section\",\"RequestAppliesTo\":\"Rule-File-Bundle\",\"RequestRuleName\":\"pzRuleFormToolbarDeleteRule\"}" => HTTP 200 (32314 bytes)
[PegaHttpClient] 📡 POST https://zdk8budo.pegaacademy.net/prweb/api/CodeIntelligence/v1/rules/query?pxObjClass=Rule-HTML-Section&appliesTo=Rule-File-Bundle&pyRuleName=pzLoadCollaborationScripts&RequestClass=Rule-HTML-Section&RequestAppliesTo=Rule-File-Bundle&RequestRuleName=pzLoadCollaborationScripts Payload: "{\"RequestClass\":\"Rule-HTML-Section\",\"RequestAppliesTo\":\"Rule-File-Bundle\",\"RequestRuleName\":\"pzLoadCollaborationScripts\"}" => HTTP 200 (23453 bytes)
[PegaHttpClient] 📡 POST https://zdk8budo.pegaacademy.net/prweb/api/CodeIntelligence/v1/rules/query?pxObjClass=Rule-HTML-Section&appliesTo=Rule-File-Bundle&pyRuleName=pzDisplayCollaboratorsList&RequestClass=Rule-HTML-Section&RequestAppliesTo=Rule-File-Bundle&RequestRuleName=pzDisplayCollaboratorsList Payload: "{\"RequestClass\":\"Rule-HTML-Section\",\"RequestAppliesTo\":\"Rule-File-Bundle\",\"RequestRuleName\":\"pzDisplayCollaboratorsList\"}" => HTTP 200 (105418 bytes)
[PegaHttpClient] 📡 POST https://zdk8budo.pegaacademy.net/prweb/api/CodeIntelligence/v1/rules/query?pxObjClass=Rule-HTML-Section&appliesTo=Rule-File-Bundle&pyRuleName=pyCollaborator&RequestClass=Rule-HTML-Section&RequestAppliesTo=Rule-File-Bundle&RequestRuleName=pyCollaborator Payload: "{\"RequestClass\":\"Rule-HTML-Section\",\"RequestAppliesTo\":\"Rule-File-Bundle\",\"RequestRuleName\":\"pyCollaborator\"}" => HTTP 404 (108 bytes)
[PegaHttpClient] 📡 POST https://zdk8budo.pegaacademy.net/prweb/PRRestService/CodeIntelligence/v1/rules/query?pxObjClass=Rule-HTML-Section&appliesTo=Rule-File-Bundle&pyRuleName=pyCollaborator&RequestClass=Rule-HTML-Section&RequestAppliesTo=Rule-File-Bundle&RequestRuleName=pyCollaborator Payload: "{\"RequestClass\":\"Rule-HTML-Section\",\"RequestAppliesTo\":\"Rule-File-Bundle\",\"RequestRuleName\":\"pyCollaborator\"}" => HTTP 404 (108 bytes)
[PegaHttpClient] 📡 POST https://zdk8budo.pegaacademy.net/prweb/api/HRAppsV2Service/V1/rules/query?pxObjClass=Rule-HTML-Section&appliesTo=Rule-File-Bundle&pyRuleName=pyCollaborator&RequestClass=Rule-HTML-Section&RequestAppliesTo=Rule-File-Bundle&RequestRuleName=pyCollaborator Payload: "{\"RequestClass\":\"Rule-HTML-Section\",\"RequestAppliesTo\":\"Rule-File-Bundle\",\"RequestRuleName\":\"pyCollaborator\"}" => HTTP 404 (18 bytes)
[PegaHttpClient] 📡 POST https://zdk8budo.pegaacademy.net/prweb/PRRestService/HRAppsV2Service/V1/rules/query?pxObjClass=Rule-HTML-Section&appliesTo=Rule-File-Bundle&pyRuleName=pyCollaborator&RequestClass=Rule-HTML-Section&RequestAppliesTo=Rule-File-Bundle&RequestRuleName=pyCollaborator Payload: "{\"RequestClass\":\"Rule-HTML-Section\",\"RequestAppliesTo\":\"Rule-File-Bundle\",\"RequestRuleName\":\"pyCollaborator\"}" => HTTP 404 (18 bytes)
[PegaHttpClient] 📡 POST https://zdk8budo.pegaacademy.net/prweb/api/HRAppsV2/V1/rules/query?pxObjClass=Rule-HTML-Section&appliesTo=Rule-File-Bundle&pyRuleName=pyCollaborator&RequestClass=Rule-HTML-Section&RequestAppliesTo=Rule-File-Bundle&RequestRuleName=pyCollaborator Payload: "{\"RequestClass\":\"Rule-HTML-Section\",\"RequestAppliesTo\":\"Rule-File-Bundle\",\"RequestRuleName\":\"pyCollaborator\"}" => HTTP 404 (18 bytes)
[PegaHttpClient] 📡 POST https://zdk8budo.pegaacademy.net/prweb/PRRestService/HRAppsV2/V1/rules/query?pxObjClass=Rule-HTML-Section&appliesTo=Rule-File-Bundle&pyRuleName=pyCollaborator&RequestClass=Rule-HTML-Section&RequestAppliesTo=Rule-File-Bundle&RequestRuleName=pyCollaborator Payload: "{\"RequestClass\":\"Rule-HTML-Section\",\"RequestAppliesTo\":\"Rule-File-Bundle\",\"RequestRuleName\":\"pyCollaborator\"}" => HTTP 404 (18 bytes)
[PegaHttpClient] 📡 POST https://zdk8budo.pegaacademy.net/prweb/api/v1/rules/query?pxObjClass=Rule-HTML-Section&appliesTo=Rule-File-Bundle&pyRuleName=pyCollaborator&RequestClass=Rule-HTML-Section&RequestAppliesTo=Rule-File-Bundle&RequestRuleName=pyCollaborator Payload: "{\"RequestClass\":\"Rule-HTML-Section\",\"RequestAppliesTo\":\"Rule-File-Bundle\",\"RequestRuleName\":\"pyCollaborator\"}" => HTTP 404 (18 bytes)
[PegaHttpClient] 📡 POST https://zdk8budo.pegaacademy.net/prweb/PRRestService/v1/rules/query?pxObjClass=Rule-HTML-Section&appliesTo=Rule-File-Bundle&pyRuleName=pyCollaborator&RequestClass=Rule-HTML-Section&RequestAppliesTo=Rule-File-Bundle&RequestRuleName=pyCollaborator Payload: "{\"RequestClass\":\"Rule-HTML-Section\",\"RequestAppliesTo\":\"Rule-File-Bundle\",\"RequestRuleName\":\"pyCollaborator\"}" => HTTP 404 (18 bytes)
[PegaHttpClient] 📡 POST https://zdk8budo.pegaacademy.net/prweb/api/CodeIntelligence/v1/rules/query?pxObjClass=Rule-HTML-Section&appliesTo=Rule-File-Bundle&pyRuleName=pzDisplayPartialCount&RequestClass=Rule-HTML-Section&RequestAppliesTo=Rule-File-Bundle&RequestRuleName=pzDisplayPartialCount Payload: "{\"RequestClass\":\"Rule-HTML-Section\",\"RequestAppliesTo\":\"Rule-File-Bundle\",\"RequestRuleName\":\"pzDisplayPartialCount\"}" => HTTP 404 (115 bytes)
[PegaHttpClient] 📡 POST https://zdk8budo.pegaacademy.net/prweb/PRRestService/CodeIntelligence/v1/rules/query?pxObjClass=Rule-HTML-Section&appliesTo=Rule-File-Bundle&pyRuleName=pzDisplayPartialCount&RequestClass=Rule-HTML-Section&RequestAppliesTo=Rule-File-Bundle&RequestRuleName=pzDisplayPartialCount Payload: "{\"RequestClass\":\"Rule-HTML-Section\",\"RequestAppliesTo\":\"Rule-File-Bundle\",\"RequestRuleName\":\"pzDisplayPartialCount\"}" => HTTP 404 (115 bytes)
[PegaHttpClient] 📡 POST https://zdk8budo.pegaacademy.net/prweb/api/HRAppsV2Service/V1/rules/query?pxObjClass=Rule-HTML-Section&appliesTo=Rule-File-Bundle&pyRuleName=pzDisplayPartialCount&RequestClass=Rule-HTML-Section&RequestAppliesTo=Rule-File-Bundle&RequestRuleName=pzDisplayPartialCount Payload: "{\"RequestClass\":\"Rule-HTML-Section\",\"RequestAppliesTo\":\"Rule-File-Bundle\",\"RequestRuleName\":\"pzDisplayPartialCount\"}" => HTTP 404 (18 bytes)
[PegaHttpClient] 📡 POST https://zdk8budo.pegaacademy.net/prweb/PRRestService/HRAppsV2Service/V1/rules/query?pxObjClass=Rule-HTML-Section&appliesTo=Rule-File-Bundle&pyRuleName=pzDisplayPartialCount&RequestClass=Rule-HTML-Section&RequestAppliesTo=Rule-File-Bundle&RequestRuleName=pzDisplayPartialCount Payload: "{\"RequestClass\":\"Rule-HTML-Section\",\"RequestAppliesTo\":\"Rule-File-Bundle\",\"RequestRuleName\":\"pzDisplayPartialCount\"}" => HTTP 404 (18 bytes)
[PegaHttpClient] 📡 POST https://zdk8budo.pegaacademy.net/prweb/api/HRAppsV2/V1/rules/query?pxObjClass=Rule-HTML-Section&appliesTo=Rule-File-Bundle&pyRuleName=pzDisplayPartialCount&RequestClass=Rule-HTML-Section&RequestAppliesTo=Rule-File-Bundle&RequestRuleName=pzDisplayPartialCount Payload: "{\"RequestClass\":\"Rule-HTML-Section\",\"RequestAppliesTo\":\"Rule-File-Bundle\",\"RequestRuleName\":\"pzDisplayPartialCount\"}" => HTTP 404 (18 bytes)
[PegaHttpClient] 📡 POST https://zdk8budo.pegaacademy.net/prweb/PRRestService/HRAppsV2/V1/rules/query?pxObjClass=Rule-HTML-Section&appliesTo=Rule-File-Bundle&pyRuleName=pzDisplayPartialCount&RequestClass=Rule-HTML-Section&RequestAppliesTo=Rule-File-Bundle&RequestRuleName=pzDisplayPartialCount Payload: "{\"RequestClass\":\"Rule-HTML-Section\",\"RequestAppliesTo\":\"Rule-File-Bundle\",\"RequestRuleName\":\"pzDisplayPartialCount\"}" => HTTP 404 (18 bytes)
[PegaHttpClient] 📡 POST https://zdk8budo.pegaacademy.net/prweb/api/v1/rules/query?pxObjClass=Rule-HTML-Section&appliesTo=Rule-File-Bundle&pyRuleName=pzDisplayPartialCount&RequestClass=Rule-HTML-Section&RequestAppliesTo=Rule-File-Bundle&RequestRuleName=pzDisplayPartialCount Payload: "{\"RequestClass\":\"Rule-HTML-Section\",\"RequestAppliesTo\":\"Rule-File-Bundle\",\"RequestRuleName\":\"pzDisplayPartialCount\"}" => HTTP 404 (18 bytes)
[PegaHttpClient] 📡 POST https://zdk8budo.pegaacademy.net/prweb/PRRestService/v1/rules/query?pxObjClass=Rule-HTML-Section&appliesTo=Rule-File-Bundle&pyRuleName=pzDisplayPartialCount&RequestClass=Rule-HTML-Section&RequestAppliesTo=Rule-File-Bundle&RequestRuleName=pzDisplayPartialCount Payload: "{\"RequestClass\":\"Rule-HTML-Section\",\"RequestAppliesTo\":\"Rule-File-Bundle\",\"RequestRuleName\":\"pzDisplayPartialCount\"}" => HTTP 404 (18 bytes)
[SchemaGen] ✅ Schema written for Rule-File-Bundle
[PegaHttpClient] 📡 GET https://zdk8budo.pegaacademy.net/prweb/api/CodeIntelligence/v1/rules/RULE-HTML-HARNESS%20RULE-EDIT-%20RULEFORM%20%2320180713T135638.239%20GMT => HTTP 200 (60194 bytes)
[PegaHttpClient] 📡 POST https://zdk8budo.pegaacademy.net/prweb/api/CodeIntelligence/v1/rules/query?pxObjClass=Rule-HTML-Section&appliesTo=Rule-Edit-&pyRuleName=pzOpenAuthoringHTML&RequestClass=Rule-HTML-Section&RequestAppliesTo=Rule-Edit-&RequestRuleName=pzOpenAuthoringHTML Payload: "{\"RequestClass\":\"Rule-HTML-Section\",\"RequestAppliesTo\":\"Rule-Edit-\",\"RequestRuleName\":\"pzOpenAuthoringHTML\"}" => HTTP 200 (26467 bytes)
[PegaHttpClient] 📡 POST https://zdk8budo.pegaacademy.net/prweb/api/CodeIntelligence/v1/rules/query?pxObjClass=Rule-HTML-Section&appliesTo=Rule-Edit-&pyRuleName=RuleFormMain&RequestClass=Rule-HTML-Section&RequestAppliesTo=Rule-Edit-&RequestRuleName=RuleFormMain Payload: "{\"RequestClass\":\"Rule-HTML-Section\",\"RequestAppliesTo\":\"Rule-Edit-\",\"RequestRuleName\":\"RuleFormMain\"}" => HTTP 200 (156234 bytes)
[PegaHttpClient] 📡 POST https://zdk8budo.pegaacademy.net/prweb/api/CodeIntelligence/v1/rules/query?pxObjClass=Rule-HTML-Section&appliesTo=Rule-Edit-&pyRuleName=pxAlternateRuleForm&RequestClass=Rule-HTML-Section&RequestAppliesTo=Rule-Edit-&RequestRuleName=pxAlternateRuleForm Payload: "{\"RequestClass\":\"Rule-HTML-Section\",\"RequestAppliesTo\":\"Rule-Edit-\",\"RequestRuleName\":\"pxAlternateRuleForm\"}" => HTTP 200 (66153 bytes)
[PegaHttpClient] 📡 POST https://zdk8budo.pegaacademy.net/prweb/api/CodeIntelligence/v1/rules/query?pxObjClass=Rule-HTML-Section&appliesTo=Rule-Edit-&pyRuleName=pzRuleFormScripts&RequestClass=Rule-HTML-Section&RequestAppliesTo=Rule-Edit-&RequestRuleName=pzRuleFormScripts Payload: "{\"RequestClass\":\"Rule-HTML-Section\",\"RequestAppliesTo\":\"Rule-Edit-\",\"RequestRuleName\":\"pzRuleFormScripts\"}" => HTTP 200 (40822 bytes)
[PegaHttpClient] 📡 POST https://zdk8budo.pegaacademy.net/prweb/api/CodeIntelligence/v1/rules/query?pxObjClass=Rule-HTML-Section&appliesTo=Rule-Edit-&pyRuleName=pzRuleFormLayoutDelegated&RequestClass=Rule-HTML-Section&RequestAppliesTo=Rule-Edit-&RequestRuleName=pzRuleFormLayoutDelegated Payload: "{\"RequestClass\":\"Rule-HTML-Section\",\"RequestAppliesTo\":\"Rule-Edit-\",\"RequestRuleName\":\"pzRuleFormLayoutDelegated\"}" => HTTP 200 (70998 bytes)
[PegaHttpClient] 📡 POST https://zdk8budo.pegaacademy.net/prweb/api/CodeIntelligence/v1/rules/query?pxObjClass=Rule-HTML-Section&appliesTo=Rule-Edit-&pyRuleName=RuleFormLayout&RequestClass=Rule-HTML-Section&RequestAppliesTo=Rule-Edit-&RequestRuleName=RuleFormLayout Payload: "{\"RequestClass\":\"Rule-HTML-Section\",\"RequestAppliesTo\":\"Rule-Edit-\",\"RequestRuleName\":\"RuleFormLayout\"}" => HTTP 200 (77415 bytes)
[PegaHttpClient] 📡 POST https://zdk8budo.pegaacademy.net/prweb/api/CodeIntelligence/v1/rules/query?pxObjClass=Rule-HTML-Section&appliesTo=Rule-Edit-&pyRuleName=RuleFormSettings&RequestClass=Rule-HTML-Section&RequestAppliesTo=Rule-Edit-&RequestRuleName=RuleFormSettings Payload: "{\"RequestClass\":\"Rule-HTML-Section\",\"RequestAppliesTo\":\"Rule-Edit-\",\"RequestRuleName\":\"RuleFormSettings\"}" => HTTP 200 (20540 bytes)
[PegaHttpClient] 📡 POST https://zdk8budo.pegaacademy.net/prweb/api/CodeIntelligence/v1/rules/query?pxObjClass=Rule-HTML-Section&appliesTo=Rule-Edit-&pyRuleName=OpenAuthoring&RequestClass=Rule-HTML-Section&RequestAppliesTo=Rule-Edit-&RequestRuleName=OpenAuthoring Payload: "{\"RequestClass\":\"Rule-HTML-Section\",\"RequestAppliesTo\":\"Rule-Edit-\",\"RequestRuleName\":\"OpenAuthoring\"}" => HTTP 200 (23695 bytes)
[PegaHttpClient] 📡 POST https://zdk8budo.pegaacademy.net/prweb/api/CodeIntelligence/v1/rules/query?pxObjClass=Rule-HTML-Section&appliesTo=Rule-Edit-&pyRuleName=pyCustomHelp&RequestClass=Rule-HTML-Section&RequestAppliesTo=Rule-Edit-&RequestRuleName=pyCustomHelp Payload: "{\"RequestClass\":\"Rule-HTML-Section\",\"RequestAppliesTo\":\"Rule-Edit-\",\"RequestRuleName\":\"pyCustomHelp\"}" => HTTP 200 (17256 bytes)
[PegaHttpClient] 📡 POST https://zdk8budo.pegaacademy.net/prweb/api/CodeIntelligence/v1/rules/query?pxObjClass=Rule-HTML-Section&appliesTo=Rule-Edit-&pyRuleName=pzRuleformMainInclude&RequestClass=Rule-HTML-Section&RequestAppliesTo=Rule-Edit-&RequestRuleName=pzRuleformMainInclude Payload: "{\"RequestClass\":\"Rule-HTML-Section\",\"RequestAppliesTo\":\"Rule-Edit-\",\"RequestRuleName\":\"pzRuleformMainInclude\"}" => HTTP 200 (22375 bytes)
[PegaHttpClient] 📡 POST https://zdk8budo.pegaacademy.net/prweb/api/CodeIntelligence/v1/rules/query?pxObjClass=Rule-HTML-Section&appliesTo=Rule-Edit-&pyRuleName=pyAlternativeRuleFormStrategicAppExtension&RequestClass=Rule-HTML-Section&RequestAppliesTo=Rule-Edit-&RequestRuleName=pyAlternativeRuleFormStrategicAppExtension Payload: "{\"RequestClass\":\"Rule-HTML-Section\",\"RequestAppliesTo\":\"Rule-Edit-\",\"RequestRuleName\":\"pyAlternativeRuleFormStrategicAppExtension\"}" => HTTP 200 (25042 bytes)
[PegaHttpClient] 📡 POST https://zdk8budo.pegaacademy.net/prweb/api/CodeIntelligence/v1/rules/query?pxObjClass=Rule-HTML-Section&appliesTo=Rule-Edit-&pyRuleName=pyAlternativeRuleFormExtension&RequestClass=Rule-HTML-Section&RequestAppliesTo=Rule-Edit-&RequestRuleName=pyAlternativeRuleFormExtension Payload: "{\"RequestClass\":\"Rule-HTML-Section\",\"RequestAppliesTo\":\"Rule-Edit-\",\"RequestRuleName\":\"pyAlternativeRuleFormExtension\"}" => HTTP 200 (24863 bytes)
[PegaHttpClient] 📡 POST https://zdk8budo.pegaacademy.net/prweb/api/CodeIntelligence/v1/rules/query?pxObjClass=Rule-HTML-Section&appliesTo=Rule-Edit-&pyRuleName=RuleFormHeader&RequestClass=Rule-HTML-Section&RequestAppliesTo=Rule-Edit-&RequestRuleName=RuleFormHeader Payload: "{\"RequestClass\":\"Rule-HTML-Section\",\"RequestAppliesTo\":\"Rule-Edit-\",\"RequestRuleName\":\"RuleFormHeader\"}" => HTTP 200 (183800 bytes)
[PegaHttpClient] 📡 POST https://zdk8budo.pegaacademy.net/prweb/api/CodeIntelligence/v1/rules/query?pxObjClass=Rule-HTML-Section&appliesTo=Rule-Edit-&pyRuleName=pzDelegationExperience&RequestClass=Rule-HTML-Section&RequestAppliesTo=Rule-Edit-&RequestRuleName=pzDelegationExperience Payload: "{\"RequestClass\":\"Rule-HTML-Section\",\"RequestAppliesTo\":\"Rule-Edit-\",\"RequestRuleName\":\"pzDelegationExperience\"}" => HTTP 404 (110 bytes)
[PegaHttpClient] 📡 POST https://zdk8budo.pegaacademy.net/prweb/PRRestService/CodeIntelligence/v1/rules/query?pxObjClass=Rule-HTML-Section&appliesTo=Rule-Edit-&pyRuleName=pzDelegationExperience&RequestClass=Rule-HTML-Section&RequestAppliesTo=Rule-Edit-&RequestRuleName=pzDelegationExperience Payload: "{\"RequestClass\":\"Rule-HTML-Section\",\"RequestAppliesTo\":\"Rule-Edit-\",\"RequestRuleName\":\"pzDelegationExperience\"}" => HTTP 404 (110 bytes)
[PegaHttpClient] 📡 POST https://zdk8budo.pegaacademy.net/prweb/api/HRAppsV2Service/V1/rules/query?pxObjClass=Rule-HTML-Section&appliesTo=Rule-Edit-&pyRuleName=pzDelegationExperience&RequestClass=Rule-HTML-Section&RequestAppliesTo=Rule-Edit-&RequestRuleName=pzDelegationExperience Payload: "{\"RequestClass\":\"Rule-HTML-Section\",\"RequestAppliesTo\":\"Rule-Edit-\",\"RequestRuleName\":\"pzDelegationExperience\"}" => HTTP 404 (18 bytes)
[PegaHttpClient] 📡 POST https://zdk8budo.pegaacademy.net/prweb/PRRestService/HRAppsV2Service/V1/rules/query?pxObjClass=Rule-HTML-Section&appliesTo=Rule-Edit-&pyRuleName=pzDelegationExperience&RequestClass=Rule-HTML-Section&RequestAppliesTo=Rule-Edit-&RequestRuleName=pzDelegationExperience Payload: "{\"RequestClass\":\"Rule-HTML-Section\",\"RequestAppliesTo\":\"Rule-Edit-\",\"RequestRuleName\":\"pzDelegationExperience\"}" => HTTP 404 (18 bytes)
[PegaHttpClient] 📡 POST https://zdk8budo.pegaacademy.net/prweb/api/HRAppsV2/V1/rules/query?pxObjClass=Rule-HTML-Section&appliesTo=Rule-Edit-&pyRuleName=pzDelegationExperience&RequestClass=Rule-HTML-Section&RequestAppliesTo=Rule-Edit-&RequestRuleName=pzDelegationExperience Payload: "{\"RequestClass\":\"Rule-HTML-Section\",\"RequestAppliesTo\":\"Rule-Edit-\",\"RequestRuleName\":\"pzDelegationExperience\"}" => HTTP 404 (18 bytes)
[PegaHttpClient] 📡 POST https://zdk8budo.pegaacademy.net/prweb/PRRestService/HRAppsV2/V1/rules/query?pxObjClass=Rule-HTML-Section&appliesTo=Rule-Edit-&pyRuleName=pzDelegationExperience&RequestClass=Rule-HTML-Section&RequestAppliesTo=Rule-Edit-&RequestRuleName=pzDelegationExperience Payload: "{\"RequestClass\":\"Rule-HTML-Section\",\"RequestAppliesTo\":\"Rule-Edit-\",\"RequestRuleName\":\"pzDelegationExperience\"}" => HTTP 404 (18 bytes)
[PegaHttpClient] 📡 POST https://zdk8budo.pegaacademy.net/prweb/api/v1/rules/query?pxObjClass=Rule-HTML-Section&appliesTo=Rule-Edit-&pyRuleName=pzDelegationExperience&RequestClass=Rule-HTML-Section&RequestAppliesTo=Rule-Edit-&RequestRuleName=pzDelegationExperience Payload: "{\"RequestClass\":\"Rule-HTML-Section\",\"RequestAppliesTo\":\"Rule-Edit-\",\"RequestRuleName\":\"pzDelegationExperience\"}" => HTTP 404 (18 bytes)
[PegaHttpClient] 📡 POST https://zdk8budo.pegaacademy.net/prweb/PRRestService/v1/rules/query?pxObjClass=Rule-HTML-Section&appliesTo=Rule-Edit-&pyRuleName=pzDelegationExperience&RequestClass=Rule-HTML-Section&RequestAppliesTo=Rule-Edit-&RequestRuleName=pzDelegationExperience Payload: "{\"RequestClass\":\"Rule-HTML-Section\",\"RequestAppliesTo\":\"Rule-Edit-\",\"RequestRuleName\":\"pzDelegationExperience\"}" => HTTP 404 (18 bytes)
[PegaHttpClient] 📡 POST https://zdk8budo.pegaacademy.net/prweb/api/CodeIntelligence/v1/rules/query?pxObjClass=Rule-HTML-Section&appliesTo=Rule-Edit-&pyRuleName=RuleFormHistory&RequestClass=Rule-HTML-Section&RequestAppliesTo=Rule-Edit-&RequestRuleName=RuleFormHistory Payload: "{\"RequestClass\":\"Rule-HTML-Section\",\"RequestAppliesTo\":\"Rule-Edit-\",\"RequestRuleName\":\"RuleFormHistory\"}" => HTTP 200 (76091 bytes)
[PegaHttpClient] 📡 POST https://zdk8budo.pegaacademy.net/prweb/api/CodeIntelligence/v1/rules/query?pxObjClass=Rule-HTML-Section&appliesTo=Rule-Edit-&pyRuleName=pzCustomHelp&RequestClass=Rule-HTML-Section&RequestAppliesTo=Rule-Edit-&RequestRuleName=pzCustomHelp Payload: "{\"RequestClass\":\"Rule-HTML-Section\",\"RequestAppliesTo\":\"Rule-Edit-\",\"RequestRuleName\":\"pzCustomHelp\"}" => HTTP 200 (31573 bytes)
[PegaHttpClient] 📡 POST https://zdk8budo.pegaacademy.net/prweb/api/CodeIntelligence/v1/rules/query?pxObjClass=Rule-HTML-Section&appliesTo=Rule-Edit-&pyRuleName=pzRuleFormKeysAndDescription&RequestClass=Rule-HTML-Section&RequestAppliesTo=Rule-Edit-&RequestRuleName=pzRuleFormKeysAndDescription Payload: "{\"RequestClass\":\"Rule-HTML-Section\",\"RequestAppliesTo\":\"Rule-Edit-\",\"RequestRuleName\":\"pzRuleFormKeysAndDescription\"}" => HTTP 200 (218057 bytes)
[PegaHttpClient] 📡 POST https://zdk8budo.pegaacademy.net/prweb/api/CodeIntelligence/v1/rules/query?pxObjClass=Rule-HTML-Section&appliesTo=Rule-Edit-&pyRuleName=pzRuleFormRuleset&RequestClass=Rule-HTML-Section&RequestAppliesTo=Rule-Edit-&RequestRuleName=pzRuleFormRuleset Payload: "{\"RequestClass\":\"Rule-HTML-Section\",\"RequestAppliesTo\":\"Rule-Edit-\",\"RequestRuleName\":\"pzRuleFormRuleset\"}" => HTTP 200 (33985 bytes)
[PegaHttpClient] 📡 POST https://zdk8budo.pegaacademy.net/prweb/api/CodeIntelligence/v1/rules/query?pxObjClass=Rule-HTML-Section&appliesTo=Rule-Edit-&pyRuleName=undefined&RequestClass=Rule-HTML-Section&RequestAppliesTo=Rule-Edit-&RequestRuleName=undefined Payload: "{\"RequestClass\":\"Rule-HTML-Section\",\"RequestAppliesTo\":\"Rule-Edit-\",\"RequestRuleName\":\"undefined\"}" => HTTP 404 (97 bytes)
[PegaHttpClient] 📡 POST https://zdk8budo.pegaacademy.net/prweb/PRRestService/CodeIntelligence/v1/rules/query?pxObjClass=Rule-HTML-Section&appliesTo=Rule-Edit-&pyRuleName=undefined&RequestClass=Rule-HTML-Section&RequestAppliesTo=Rule-Edit-&RequestRuleName=undefined Payload: "{\"RequestClass\":\"Rule-HTML-Section\",\"RequestAppliesTo\":\"Rule-Edit-\",\"RequestRuleName\":\"undefined\"}" => HTTP 404 (97 bytes)
[PegaHttpClient] 📡 POST https://zdk8budo.pegaacademy.net/prweb/api/HRAppsV2Service/V1/rules/query?pxObjClass=Rule-HTML-Section&appliesTo=Rule-Edit-&pyRuleName=undefined&RequestClass=Rule-HTML-Section&RequestAppliesTo=Rule-Edit-&RequestRuleName=undefined Payload: "{\"RequestClass\":\"Rule-HTML-Section\",\"RequestAppliesTo\":\"Rule-Edit-\",\"RequestRuleName\":\"undefined\"}" => HTTP 404 (18 bytes)
[PegaHttpClient] 📡 POST https://zdk8budo.pegaacademy.net/prweb/PRRestService/HRAppsV2Service/V1/rules/query?pxObjClass=Rule-HTML-Section&appliesTo=Rule-Edit-&pyRuleName=undefined&RequestClass=Rule-HTML-Section&RequestAppliesTo=Rule-Edit-&RequestRuleName=undefined Payload: "{\"RequestClass\":\"Rule-HTML-Section\",\"RequestAppliesTo\":\"Rule-Edit-\",\"RequestRuleName\":\"undefined\"}" => HTTP 404 (18 bytes)
[PegaHttpClient] 📡 POST https://zdk8budo.pegaacademy.net/prweb/api/HRAppsV2/V1/rules/query?pxObjClass=Rule-HTML-Section&appliesTo=Rule-Edit-&pyRuleName=undefined&RequestClass=Rule-HTML-Section&RequestAppliesTo=Rule-Edit-&RequestRuleName=undefined Payload: "{\"RequestClass\":\"Rule-HTML-Section\",\"RequestAppliesTo\":\"Rule-Edit-\",\"RequestRuleName\":\"undefined\"}" => HTTP 404 (18 bytes)
[PegaHttpClient] 📡 POST https://zdk8budo.pegaacademy.net/prweb/PRRestService/HRAppsV2/V1/rules/query?pxObjClass=Rule-HTML-Section&appliesTo=Rule-Edit-&pyRuleName=undefined&RequestClass=Rule-HTML-Section&RequestAppliesTo=Rule-Edit-&RequestRuleName=undefined Payload: "{\"RequestClass\":\"Rule-HTML-Section\",\"RequestAppliesTo\":\"Rule-Edit-\",\"RequestRuleName\":\"undefined\"}" => HTTP 404 (18 bytes)
[PegaHttpClient] 📡 POST https://zdk8budo.pegaacademy.net/prweb/api/v1/rules/query?pxObjClass=Rule-HTML-Section&appliesTo=Rule-Edit-&pyRuleName=undefined&RequestClass=Rule-HTML-Section&RequestAppliesTo=Rule-Edit-&RequestRuleName=undefined Payload: "{\"RequestClass\":\"Rule-HTML-Section\",\"RequestAppliesTo\":\"Rule-Edit-\",\"RequestRuleName\":\"undefined\"}" => HTTP 404 (18 bytes)
[PegaHttpClient] 📡 POST https://zdk8budo.pegaacademy.net/prweb/PRRestService/v1/rules/query?pxObjClass=Rule-HTML-Section&appliesTo=Rule-Edit-&pyRuleName=undefined&RequestClass=Rule-HTML-Section&RequestAppliesTo=Rule-Edit-&RequestRuleName=undefined Payload: "{\"RequestClass\":\"Rule-HTML-Section\",\"RequestAppliesTo\":\"Rule-Edit-\",\"RequestRuleName\":\"undefined\"}" => HTTP 404 (18 bytes)
[PegaHttpClient] 📡 POST https://zdk8budo.pegaacademy.net/prweb/api/CodeIntelligence/v1/rules/query?pxObjClass=Rule-HTML-Section&appliesTo=Rule-Edit-&pyRuleName=pzRuleFormToolbar&RequestClass=Rule-HTML-Section&RequestAppliesTo=Rule-Edit-&RequestRuleName=pzRuleFormToolbar Payload: "{\"RequestClass\":\"Rule-HTML-Section\",\"RequestAppliesTo\":\"Rule-Edit-\",\"RequestRuleName\":\"pzRuleFormToolbar\"}" => HTTP 200 (242691 bytes)
[PegaHttpClient] 📡 POST https://zdk8budo.pegaacademy.net/prweb/api/CodeIntelligence/v1/rules/query?pxObjClass=Rule-HTML-Section&appliesTo=Rule-Edit-&pyRuleName=pzRuleFormToolbarCompare&RequestClass=Rule-HTML-Section&RequestAppliesTo=Rule-Edit-&RequestRuleName=pzRuleFormToolbarCompare Payload: "{\"RequestClass\":\"Rule-HTML-Section\",\"RequestAppliesTo\":\"Rule-Edit-\",\"RequestRuleName\":\"pzRuleFormToolbarCompare\"}" => HTTP 200 (61925 bytes)
[PegaHttpClient] 📡 POST https://zdk8budo.pegaacademy.net/prweb/api/CodeIntelligence/v1/rules/query?pxObjClass=Rule-HTML-Section&appliesTo=Rule-Edit-&pyRuleName=RuleFormHeaderMessages&RequestClass=Rule-HTML-Section&RequestAppliesTo=Rule-Edit-&RequestRuleName=RuleFormHeaderMessages Payload: "{\"RequestClass\":\"Rule-HTML-Section\",\"RequestAppliesTo\":\"Rule-Edit-\",\"RequestRuleName\":\"RuleFormHeaderMessages\"}" => HTTP 200 (26518 bytes)
[PegaHttpClient] 📡 POST https://zdk8budo.pegaacademy.net/prweb/api/CodeIntelligence/v1/rules/query?pxObjClass=Rule-HTML-Section&appliesTo=Rule-Edit-&pyRuleName=pzAlternateRuleInfo&RequestClass=Rule-HTML-Section&RequestAppliesTo=Rule-Edit-&RequestRuleName=pzAlternateRuleInfo Payload: "{\"RequestClass\":\"Rule-HTML-Section\",\"RequestAppliesTo\":\"Rule-Edit-\",\"RequestRuleName\":\"pzAlternateRuleInfo\"}" => HTTP 200 (140407 bytes)
[PegaHttpClient] 📡 POST https://zdk8budo.pegaacademy.net/prweb/api/CodeIntelligence/v1/rules/query?pxObjClass=Rule-HTML-Section&appliesTo=Rule-Edit-&pyRuleName=RuleFormHistory_Description&RequestClass=Rule-HTML-Section&RequestAppliesTo=Rule-Edit-&RequestRuleName=RuleFormHistory_Description Payload: "{\"RequestClass\":\"Rule-HTML-Section\",\"RequestAppliesTo\":\"Rule-Edit-\",\"RequestRuleName\":\"RuleFormHistory_Description\"}" => HTTP 200 (46242 bytes)
[PegaHttpClient] 📡 POST https://zdk8budo.pegaacademy.net/prweb/api/CodeIntelligence/v1/rules/query?pxObjClass=Rule-HTML-Section&appliesTo=Rule-Edit-&pyRuleName=RuleFormHistory_CustomFields&RequestClass=Rule-HTML-Section&RequestAppliesTo=Rule-Edit-&RequestRuleName=RuleFormHistory_CustomFields Payload: "{\"RequestClass\":\"Rule-HTML-Section\",\"RequestAppliesTo\":\"Rule-Edit-\",\"RequestRuleName\":\"RuleFormHistory_CustomFields\"}" => HTTP 200 (75856 bytes)
[PegaHttpClient] 📡 POST https://zdk8budo.pegaacademy.net/prweb/api/CodeIntelligence/v1/rules/query?pxObjClass=Rule-HTML-Section&appliesTo=Rule-Edit-&pyRuleName=RuleFormHistory_HistoryDetails&RequestClass=Rule-HTML-Section&RequestAppliesTo=Rule-Edit-&RequestRuleName=RuleFormHistory_HistoryDetails Payload: "{\"RequestClass\":\"Rule-HTML-Section\",\"RequestAppliesTo\":\"Rule-Edit-\",\"RequestRuleName\":\"RuleFormHistory_HistoryDetails\"}" => HTTP 200 (179535 bytes)
[PegaHttpClient] 📡 POST https://zdk8budo.pegaacademy.net/prweb/api/CodeIntelligence/v1/rules/query?pxObjClass=Rule-HTML-Section&appliesTo=Rule-Edit-&pyRuleName=pzRuleFormStatus&RequestClass=Rule-HTML-Section&RequestAppliesTo=Rule-Edit-&RequestRuleName=pzRuleFormStatus Payload: "{\"RequestClass\":\"Rule-HTML-Section\",\"RequestAppliesTo\":\"Rule-Edit-\",\"RequestRuleName\":\"pzRuleFormStatus\"}" => HTTP 200 (97627 bytes)
[PegaHttpClient] 📡 POST https://zdk8budo.pegaacademy.net/prweb/api/CodeIntelligence/v1/rules/query?pxObjClass=Rule-HTML-Section&appliesTo=Rule-Edit-&pyRuleName=pzRuleFormHeaderCompareWithDropDown&RequestClass=Rule-HTML-Section&RequestAppliesTo=Rule-Edit-&RequestRuleName=pzRuleFormHeaderCompareWithDropDown Payload: "{\"RequestClass\":\"Rule-HTML-Section\",\"RequestAppliesTo\":\"Rule-Edit-\",\"RequestRuleName\":\"pzRuleFormHeaderCompareWithDropDown\"}" => HTTP 200 (25396 bytes)
[PegaHttpClient] 📡 POST https://zdk8budo.pegaacademy.net/prweb/api/CodeIntelligence/v1/rules/query?pxObjClass=Rule-HTML-Section&appliesTo=Rule-Edit-&pyRuleName=undefined&RequestClass=Rule-HTML-Section&RequestAppliesTo=Rule-Edit-&RequestRuleName=undefined Payload: "{\"RequestClass\":\"Rule-HTML-Section\",\"RequestAppliesTo\":\"Rule-Edit-\",\"RequestRuleName\":\"undefined\"}" => HTTP 404 (97 bytes)
[PegaHttpClient] 📡 POST https://zdk8budo.pegaacademy.net/prweb/PRRestService/CodeIntelligence/v1/rules/query?pxObjClass=Rule-HTML-Section&appliesTo=Rule-Edit-&pyRuleName=undefined&RequestClass=Rule-HTML-Section&RequestAppliesTo=Rule-Edit-&RequestRuleName=undefined Payload: "{\"RequestClass\":\"Rule-HTML-Section\",\"RequestAppliesTo\":\"Rule-Edit-\",\"RequestRuleName\":\"undefined\"}" => HTTP 404 (97 bytes)
[PegaHttpClient] 📡 POST https://zdk8budo.pegaacademy.net/prweb/api/HRAppsV2Service/V1/rules/query?pxObjClass=Rule-HTML-Section&appliesTo=Rule-Edit-&pyRuleName=undefined&RequestClass=Rule-HTML-Section&RequestAppliesTo=Rule-Edit-&RequestRuleName=undefined Payload: "{\"RequestClass\":\"Rule-HTML-Section\",\"RequestAppliesTo\":\"Rule-Edit-\",\"RequestRuleName\":\"undefined\"}" => HTTP 404 (18 bytes)
[PegaHttpClient] 📡 POST https://zdk8budo.pegaacademy.net/prweb/PRRestService/HRAppsV2Service/V1/rules/query?pxObjClass=Rule-HTML-Section&appliesTo=Rule-Edit-&pyRuleName=undefined&RequestClass=Rule-HTML-Section&RequestAppliesTo=Rule-Edit-&RequestRuleName=undefined Payload: "{\"RequestClass\":\"Rule-HTML-Section\",\"RequestAppliesTo\":\"Rule-Edit-\",\"RequestRuleName\":\"undefined\"}" => HTTP 404 (18 bytes)
[PegaHttpClient] 📡 POST https://zdk8budo.pegaacademy.net/prweb/api/HRAppsV2/V1/rules/query?pxObjClass=Rule-HTML-Section&appliesTo=Rule-Edit-&pyRuleName=undefined&RequestClass=Rule-HTML-Section&RequestAppliesTo=Rule-Edit-&RequestRuleName=undefined Payload: "{\"RequestClass\":\"Rule-HTML-Section\",\"RequestAppliesTo\":\"Rule-Edit-\",\"RequestRuleName\":\"undefined\"}" => HTTP 404 (18 bytes)
[PegaHttpClient] 📡 POST https://zdk8budo.pegaacademy.net/prweb/PRRestService/HRAppsV2/V1/rules/query?pxObjClass=Rule-HTML-Section&appliesTo=Rule-Edit-&pyRuleName=undefined&RequestClass=Rule-HTML-Section&RequestAppliesTo=Rule-Edit-&RequestRuleName=undefined Payload: "{\"RequestClass\":\"Rule-HTML-Section\",\"RequestAppliesTo\":\"Rule-Edit-\",\"RequestRuleName\":\"undefined\"}" => HTTP 404 (18 bytes)
[PegaHttpClient] 📡 POST https://zdk8budo.pegaacademy.net/prweb/api/v1/rules/query?pxObjClass=Rule-HTML-Section&appliesTo=Rule-Edit-&pyRuleName=undefined&RequestClass=Rule-HTML-Section&RequestAppliesTo=Rule-Edit-&RequestRuleName=undefined Payload: "{\"RequestClass\":\"Rule-HTML-Section\",\"RequestAppliesTo\":\"Rule-Edit-\",\"RequestRuleName\":\"undefined\"}" => HTTP 404 (18 bytes)
[PegaHttpClient] 📡 POST https://zdk8budo.pegaacademy.net/prweb/PRRestService/v1/rules/query?pxObjClass=Rule-HTML-Section&appliesTo=Rule-Edit-&pyRuleName=undefined&RequestClass=Rule-HTML-Section&RequestAppliesTo=Rule-Edit-&RequestRuleName=undefined Payload: "{\"RequestClass\":\"Rule-HTML-Section\",\"RequestAppliesTo\":\"Rule-Edit-\",\"RequestRuleName\":\"undefined\"}" => HTTP 404 (18 bytes)
[PegaHttpClient] 📡 POST https://zdk8budo.pegaacademy.net/prweb/api/CodeIntelligence/v1/rules/query?pxObjClass=Rule-HTML-Section&appliesTo=Rule-Edit-&pyRuleName=pzRuleFormToolbarHotKeys&RequestClass=Rule-HTML-Section&RequestAppliesTo=Rule-Edit-&RequestRuleName=pzRuleFormToolbarHotKeys Payload: "{\"RequestClass\":\"Rule-HTML-Section\",\"RequestAppliesTo\":\"Rule-Edit-\",\"RequestRuleName\":\"pzRuleFormToolbarHotKeys\"}" => HTTP 200 (85058 bytes)
[PegaHttpClient] 📡 POST https://zdk8budo.pegaacademy.net/prweb/api/CodeIntelligence/v1/rules/query?pxObjClass=Rule-HTML-Section&appliesTo=Rule-Edit-&pyRuleName=pzRuleFormToolbarLockedIcon&RequestClass=Rule-HTML-Section&RequestAppliesTo=Rule-Edit-&RequestRuleName=pzRuleFormToolbarLockedIcon Payload: "{\"RequestClass\":\"Rule-HTML-Section\",\"RequestAppliesTo\":\"Rule-Edit-\",\"RequestRuleName\":\"pzRuleFormToolbarLockedIcon\"}" => HTTP 200 (24898 bytes)
[PegaHttpClient] 📡 POST https://zdk8budo.pegaacademy.net/prweb/api/CodeIntelligence/v1/rules/query?pxObjClass=Rule-HTML-Section&appliesTo=Rule-Edit-&pyRuleName=pzRuleFormToolbarCollaborators&RequestClass=Rule-HTML-Section&RequestAppliesTo=Rule-Edit-&RequestRuleName=pzRuleFormToolbarCollaborators Payload: "{\"RequestClass\":\"Rule-HTML-Section\",\"RequestAppliesTo\":\"Rule-Edit-\",\"RequestRuleName\":\"pzRuleFormToolbarCollaborators\"}" => HTTP 200 (15254 bytes)
[PegaHttpClient] 📡 POST https://zdk8budo.pegaacademy.net/prweb/api/CodeIntelligence/v1/rules/query?pxObjClass=Rule-HTML-Section&appliesTo=Rule-Edit-&pyRuleName=pzRuleFormToolbarSaveAs&RequestClass=Rule-HTML-Section&RequestAppliesTo=Rule-Edit-&RequestRuleName=pzRuleFormToolbarSaveAs Payload: "{\"RequestClass\":\"Rule-HTML-Section\",\"RequestAppliesTo\":\"Rule-Edit-\",\"RequestRuleName\":\"pzRuleFormToolbarSaveAs\"}" => HTTP 200 (64084 bytes)
[PegaHttpClient] 📡 POST https://zdk8budo.pegaacademy.net/prweb/api/CodeIntelligence/v1/rules/query?pxObjClass=Rule-HTML-Section&appliesTo=Rule-Edit-&pyRuleName=pzRuleFormToolbarCheckin&RequestClass=Rule-HTML-Section&RequestAppliesTo=Rule-Edit-&RequestRuleName=pzRuleFormToolbarCheckin Payload: "{\"RequestClass\":\"Rule-HTML-Section\",\"RequestAppliesTo\":\"Rule-Edit-\",\"RequestRuleName\":\"pzRuleFormToolbarCheckin\"}" => HTTP 200 (119096 bytes)
[PegaHttpClient] 📡 POST https://zdk8budo.pegaacademy.net/prweb/api/CodeIntelligence/v1/rules/query?pxObjClass=Rule-HTML-Section&appliesTo=Rule-Edit-&pyRuleName=pzRuleFormToolbarDelete&RequestClass=Rule-HTML-Section&RequestAppliesTo=Rule-Edit-&RequestRuleName=pzRuleFormToolbarDelete Payload: "{\"RequestClass\":\"Rule-HTML-Section\",\"RequestAppliesTo\":\"Rule-Edit-\",\"RequestRuleName\":\"pzRuleFormToolbarDelete\"}" => HTTP 200 (30249 bytes)
[PegaHttpClient] 📡 POST https://zdk8budo.pegaacademy.net/prweb/api/CodeIntelligence/v1/rules/query?pxObjClass=Rule-HTML-Section&appliesTo=Rule-Edit-&pyRuleName=pzRuleFormToolbarSave&RequestClass=Rule-HTML-Section&RequestAppliesTo=Rule-Edit-&RequestRuleName=pzRuleFormToolbarSave Payload: "{\"RequestClass\":\"Rule-HTML-Section\",\"RequestAppliesTo\":\"Rule-Edit-\",\"RequestRuleName\":\"pzRuleFormToolbarSave\"}" => HTTP 200 (293885 bytes)
[PegaHttpClient] 📡 POST https://zdk8budo.pegaacademy.net/prweb/api/CodeIntelligence/v1/rules/query?pxObjClass=Rule-HTML-Section&appliesTo=Rule-Edit-&pyRuleName=pzRuleFormToolbarCheckout&RequestClass=Rule-HTML-Section&RequestAppliesTo=Rule-Edit-&RequestRuleName=pzRuleFormToolbarCheckout Payload: "{\"RequestClass\":\"Rule-HTML-Section\",\"RequestAppliesTo\":\"Rule-Edit-\",\"RequestRuleName\":\"pzRuleFormToolbarCheckout\"}" => HTTP 200 (238148 bytes)
[PegaHttpClient] 📡 POST https://zdk8budo.pegaacademy.net/prweb/api/CodeIntelligence/v1/rules/query?pxObjClass=Rule-HTML-Section&appliesTo=Rule-Edit-&pyRuleName=pzRemoveErrorsDataPage&RequestClass=Rule-HTML-Section&RequestAppliesTo=Rule-Edit-&RequestRuleName=pzRemoveErrorsDataPage Payload: "{\"RequestClass\":\"Rule-HTML-Section\",\"RequestAppliesTo\":\"Rule-Edit-\",\"RequestRuleName\":\"pzRemoveErrorsDataPage\"}" => HTTP 200 (16733 bytes)
[PegaHttpClient] 📡 POST https://zdk8budo.pegaacademy.net/prweb/api/CodeIntelligence/v1/rules/query?pxObjClass=Rule-HTML-Section&appliesTo=Rule-Edit-&pyRuleName=pzRuleFormHeaderMessagesWrapper&RequestClass=Rule-HTML-Section&RequestAppliesTo=Rule-Edit-&RequestRuleName=pzRuleFormHeaderMessagesWrapper Payload: "{\"RequestClass\":\"Rule-HTML-Section\",\"RequestAppliesTo\":\"Rule-Edit-\",\"RequestRuleName\":\"pzRuleFormHeaderMessagesWrapper\"}" => HTTP 200 (16981 bytes)
[PegaHttpClient] 📡 POST https://zdk8budo.pegaacademy.net/prweb/api/CodeIntelligence/v1/rules/query?pxObjClass=Rule-HTML-Section&appliesTo=Rule-Edit-&pyRuleName=pzScm_RuleHistory&RequestClass=Rule-HTML-Section&RequestAppliesTo=Rule-Edit-&RequestRuleName=pzScm_RuleHistory Payload: "{\"RequestClass\":\"Rule-HTML-Section\",\"RequestAppliesTo\":\"Rule-Edit-\",\"RequestRuleName\":\"pzScm_RuleHistory\"}" => HTTP 200 (14682 bytes)
[PegaHttpClient] 📡 POST https://zdk8budo.pegaacademy.net/prweb/api/CodeIntelligence/v1/rules/query?pxObjClass=Rule-HTML-Section&appliesTo=Rule-Edit-&pyRuleName=pxDisplayCollaborators&RequestClass=Rule-HTML-Section&RequestAppliesTo=Rule-Edit-&RequestRuleName=pxDisplayCollaborators Payload: "{\"RequestClass\":\"Rule-HTML-Section\",\"RequestAppliesTo\":\"Rule-Edit-\",\"RequestRuleName\":\"pxDisplayCollaborators\"}" => HTTP 200 (94171 bytes)
[PegaHttpClient] 📡 POST https://zdk8budo.pegaacademy.net/prweb/api/CodeIntelligence/v1/rules/query?pxObjClass=Rule-HTML-Section&appliesTo=Rule-Edit-&pyRuleName=pzRuleFormToolbarDeleteCheckOut&RequestClass=Rule-HTML-Section&RequestAppliesTo=Rule-Edit-&RequestRuleName=pzRuleFormToolbarDeleteCheckOut Payload: "{\"RequestClass\":\"Rule-HTML-Section\",\"RequestAppliesTo\":\"Rule-Edit-\",\"RequestRuleName\":\"pzRuleFormToolbarDeleteCheckOut\"}" => HTTP 200 (29433 bytes)
[PegaHttpClient] 📡 POST https://zdk8budo.pegaacademy.net/prweb/api/CodeIntelligence/v1/rules/query?pxObjClass=Rule-HTML-Section&appliesTo=Rule-Edit-&pyRuleName=pzRuleFormToolbarDeleteRule&RequestClass=Rule-HTML-Section&RequestAppliesTo=Rule-Edit-&RequestRuleName=pzRuleFormToolbarDeleteRule Payload: "{\"RequestClass\":\"Rule-HTML-Section\",\"RequestAppliesTo\":\"Rule-Edit-\",\"RequestRuleName\":\"pzRuleFormToolbarDeleteRule\"}" => HTTP 200 (32314 bytes)
[PegaHttpClient] 📡 POST https://zdk8budo.pegaacademy.net/prweb/api/CodeIntelligence/v1/rules/query?pxObjClass=Rule-HTML-Section&appliesTo=Rule-Edit-&pyRuleName=pzLoadCollaborationScripts&RequestClass=Rule-HTML-Section&RequestAppliesTo=Rule-Edit-&RequestRuleName=pzLoadCollaborationScripts Payload: "{\"RequestClass\":\"Rule-HTML-Section\",\"RequestAppliesTo\":\"Rule-Edit-\",\"RequestRuleName\":\"pzLoadCollaborationScripts\"}" => HTTP 200 (23453 bytes)
[PegaHttpClient] 📡 POST https://zdk8budo.pegaacademy.net/prweb/api/CodeIntelligence/v1/rules/query?pxObjClass=Rule-HTML-Section&appliesTo=Rule-Edit-&pyRuleName=pzDisplayCollaboratorsList&RequestClass=Rule-HTML-Section&RequestAppliesTo=Rule-Edit-&RequestRuleName=pzDisplayCollaboratorsList Payload: "{\"RequestClass\":\"Rule-HTML-Section\",\"RequestAppliesTo\":\"Rule-Edit-\",\"RequestRuleName\":\"pzDisplayCollaboratorsList\"}" => HTTP 200 (105418 bytes)
[PegaHttpClient] 📡 POST https://zdk8budo.pegaacademy.net/prweb/api/CodeIntelligence/v1/rules/query?pxObjClass=Rule-HTML-Section&appliesTo=Rule-Edit-&pyRuleName=pyCollaborator&RequestClass=Rule-HTML-Section&RequestAppliesTo=Rule-Edit-&RequestRuleName=pyCollaborator Payload: "{\"RequestClass\":\"Rule-HTML-Section\",\"RequestAppliesTo\":\"Rule-Edit-\",\"RequestRuleName\":\"pyCollaborator\"}" => HTTP 404 (102 bytes)
[PegaHttpClient] 📡 POST https://zdk8budo.pegaacademy.net/prweb/PRRestService/CodeIntelligence/v1/rules/query?pxObjClass=Rule-HTML-Section&appliesTo=Rule-Edit-&pyRuleName=pyCollaborator&RequestClass=Rule-HTML-Section&RequestAppliesTo=Rule-Edit-&RequestRuleName=pyCollaborator Payload: "{\"RequestClass\":\"Rule-HTML-Section\",\"RequestAppliesTo\":\"Rule-Edit-\",\"RequestRuleName\":\"pyCollaborator\"}" => HTTP 404 (102 bytes)
[PegaHttpClient] 📡 POST https://zdk8budo.pegaacademy.net/prweb/api/HRAppsV2Service/V1/rules/query?pxObjClass=Rule-HTML-Section&appliesTo=Rule-Edit-&pyRuleName=pyCollaborator&RequestClass=Rule-HTML-Section&RequestAppliesTo=Rule-Edit-&RequestRuleName=pyCollaborator Payload: "{\"RequestClass\":\"Rule-HTML-Section\",\"RequestAppliesTo\":\"Rule-Edit-\",\"RequestRuleName\":\"pyCollaborator\"}" => HTTP 404 (18 bytes)
[PegaHttpClient] 📡 POST https://zdk8budo.pegaacademy.net/prweb/PRRestService/HRAppsV2Service/V1/rules/query?pxObjClass=Rule-HTML-Section&appliesTo=Rule-Edit-&pyRuleName=pyCollaborator&RequestClass=Rule-HTML-Section&RequestAppliesTo=Rule-Edit-&RequestRuleName=pyCollaborator Payload: "{\"RequestClass\":\"Rule-HTML-Section\",\"RequestAppliesTo\":\"Rule-Edit-\",\"RequestRuleName\":\"pyCollaborator\"}" => HTTP 404 (18 bytes)
[PegaHttpClient] 📡 POST https://zdk8budo.pegaacademy.net/prweb/api/HRAppsV2/V1/rules/query?pxObjClass=Rule-HTML-Section&appliesTo=Rule-Edit-&pyRuleName=pyCollaborator&RequestClass=Rule-HTML-Section&RequestAppliesTo=Rule-Edit-&RequestRuleName=pyCollaborator Payload: "{\"RequestClass\":\"Rule-HTML-Section\",\"RequestAppliesTo\":\"Rule-Edit-\",\"RequestRuleName\":\"pyCollaborator\"}" => HTTP 404 (18 bytes)
[PegaHttpClient] 📡 POST https://zdk8budo.pegaacademy.net/prweb/PRRestService/HRAppsV2/V1/rules/query?pxObjClass=Rule-HTML-Section&appliesTo=Rule-Edit-&pyRuleName=pyCollaborator&RequestClass=Rule-HTML-Section&RequestAppliesTo=Rule-Edit-&RequestRuleName=pyCollaborator Payload: "{\"RequestClass\":\"Rule-HTML-Section\",\"RequestAppliesTo\":\"Rule-Edit-\",\"RequestRuleName\":\"pyCollaborator\"}" => HTTP 404 (18 bytes)
[PegaHttpClient] 📡 POST https://zdk8budo.pegaacademy.net/prweb/api/v1/rules/query?pxObjClass=Rule-HTML-Section&appliesTo=Rule-Edit-&pyRuleName=pyCollaborator&RequestClass=Rule-HTML-Section&RequestAppliesTo=Rule-Edit-&RequestRuleName=pyCollaborator Payload: "{\"RequestClass\":\"Rule-HTML-Section\",\"RequestAppliesTo\":\"Rule-Edit-\",\"RequestRuleName\":\"pyCollaborator\"}" => HTTP 404 (18 bytes)
[PegaHttpClient] 📡 POST https://zdk8budo.pegaacademy.net/prweb/PRRestService/v1/rules/query?pxObjClass=Rule-HTML-Section&appliesTo=Rule-Edit-&pyRuleName=pyCollaborator&RequestClass=Rule-HTML-Section&RequestAppliesTo=Rule-Edit-&RequestRuleName=pyCollaborator Payload: "{\"RequestClass\":\"Rule-HTML-Section\",\"RequestAppliesTo\":\"Rule-Edit-\",\"RequestRuleName\":\"pyCollaborator\"}" => HTTP 404 (18 bytes)
[PegaHttpClient] 📡 POST https://zdk8budo.pegaacademy.net/prweb/api/CodeIntelligence/v1/rules/query?pxObjClass=Rule-HTML-Section&appliesTo=Rule-Edit-&pyRuleName=pzDisplayPartialCount&RequestClass=Rule-HTML-Section&RequestAppliesTo=Rule-Edit-&RequestRuleName=pzDisplayPartialCount Payload: "{\"RequestClass\":\"Rule-HTML-Section\",\"RequestAppliesTo\":\"Rule-Edit-\",\"RequestRuleName\":\"pzDisplayPartialCount\"}" => HTTP 404 (109 bytes)
[PegaHttpClient] 📡 POST https://zdk8budo.pegaacademy.net/prweb/PRRestService/CodeIntelligence/v1/rules/query?pxObjClass=Rule-HTML-Section&appliesTo=Rule-Edit-&pyRuleName=pzDisplayPartialCount&RequestClass=Rule-HTML-Section&RequestAppliesTo=Rule-Edit-&RequestRuleName=pzDisplayPartialCount Payload: "{\"RequestClass\":\"Rule-HTML-Section\",\"RequestAppliesTo\":\"Rule-Edit-\",\"RequestRuleName\":\"pzDisplayPartialCount\"}" => HTTP 404 (109 bytes)
[PegaHttpClient] 📡 POST https://zdk8budo.pegaacademy.net/prweb/api/HRAppsV2Service/V1/rules/query?pxObjClass=Rule-HTML-Section&appliesTo=Rule-Edit-&pyRuleName=pzDisplayPartialCount&RequestClass=Rule-HTML-Section&RequestAppliesTo=Rule-Edit-&RequestRuleName=pzDisplayPartialCount Payload: "{\"RequestClass\":\"Rule-HTML-Section\",\"RequestAppliesTo\":\"Rule-Edit-\",\"RequestRuleName\":\"pzDisplayPartialCount\"}" => HTTP 404 (18 bytes)
[PegaHttpClient] 📡 POST https://zdk8budo.pegaacademy.net/prweb/PRRestService/HRAppsV2Service/V1/rules/query?pxObjClass=Rule-HTML-Section&appliesTo=Rule-Edit-&pyRuleName=pzDisplayPartialCount&RequestClass=Rule-HTML-Section&RequestAppliesTo=Rule-Edit-&RequestRuleName=pzDisplayPartialCount Payload: "{\"RequestClass\":\"Rule-HTML-Section\",\"RequestAppliesTo\":\"Rule-Edit-\",\"RequestRuleName\":\"pzDisplayPartialCount\"}" => HTTP 404 (18 bytes)
[PegaHttpClient] 📡 POST https://zdk8budo.pegaacademy.net/prweb/api/HRAppsV2/V1/rules/query?pxObjClass=Rule-HTML-Section&appliesTo=Rule-Edit-&pyRuleName=pzDisplayPartialCount&RequestClass=Rule-HTML-Section&RequestAppliesTo=Rule-Edit-&RequestRuleName=pzDisplayPartialCount Payload: "{\"RequestClass\":\"Rule-HTML-Section\",\"RequestAppliesTo\":\"Rule-Edit-\",\"RequestRuleName\":\"pzDisplayPartialCount\"}" => HTTP 404 (18 bytes)
[PegaHttpClient] 📡 POST https://zdk8budo.pegaacademy.net/prweb/PRRestService/HRAppsV2/V1/rules/query?pxObjClass=Rule-HTML-Section&appliesTo=Rule-Edit-&pyRuleName=pzDisplayPartialCount&RequestClass=Rule-HTML-Section&RequestAppliesTo=Rule-Edit-&RequestRuleName=pzDisplayPartialCount Payload: "{\"RequestClass\":\"Rule-HTML-Section\",\"RequestAppliesTo\":\"Rule-Edit-\",\"RequestRuleName\":\"pzDisplayPartialCount\"}" => HTTP 404 (18 bytes)
[PegaHttpClient] 📡 POST https://zdk8budo.pegaacademy.net/prweb/api/v1/rules/query?pxObjClass=Rule-HTML-Section&appliesTo=Rule-Edit-&pyRuleName=pzDisplayPartialCount&RequestClass=Rule-HTML-Section&RequestAppliesTo=Rule-Edit-&RequestRuleName=pzDisplayPartialCount Payload: "{\"RequestClass\":\"Rule-HTML-Section\",\"RequestAppliesTo\":\"Rule-Edit-\",\"RequestRuleName\":\"pzDisplayPartialCount\"}" => HTTP 404 (18 bytes)
[PegaHttpClient] 📡 POST https://zdk8budo.pegaacademy.net/prweb/PRRestService/v1/rules/query?pxObjClass=Rule-HTML-Section&appliesTo=Rule-Edit-&pyRuleName=pzDisplayPartialCount&RequestClass=Rule-HTML-Section&RequestAppliesTo=Rule-Edit-&RequestRuleName=pzDisplayPartialCount Payload: "{\"RequestClass\":\"Rule-HTML-Section\",\"RequestAppliesTo\":\"Rule-Edit-\",\"RequestRuleName\":\"pzDisplayPartialCount\"}" => HTTP 404 (18 bytes)
[SchemaGen] ✅ Schema written for Rule-Edit-
[PegaHttpClient] 📡 GET https://zdk8budo.pegaacademy.net/prweb/api/CodeIntelligence/v1/rules/RULE-HTML-HARNESS%20RULE-DECLARE-TRIGGER%20RULEFORM%20%2320180713T135638.215%20GMT => HTTP 200 (36276 bytes)
[PegaHttpClient] 📡 POST https://zdk8budo.pegaacademy.net/prweb/api/CodeIntelligence/v1/rules/query?pxObjClass=Rule-HTML-Section&appliesTo=Rule-Declare-Trigger&pyRuleName=RuleFormMain&RequestClass=Rule-HTML-Section&RequestAppliesTo=Rule-Declare-Trigger&RequestRuleName=RuleFormMain Payload: "{\"RequestClass\":\"Rule-HTML-Section\",\"RequestAppliesTo\":\"Rule-Declare-Trigger\",\"RequestRuleName\":\"RuleFormMain\"}" => HTTP 200 (156234 bytes)
[PegaHttpClient] 📡 POST https://zdk8budo.pegaacademy.net/prweb/api/CodeIntelligence/v1/rules/query?pxObjClass=Rule-HTML-Section&appliesTo=Rule-Declare-Trigger&pyRuleName=pxAlternateRuleForm&RequestClass=Rule-HTML-Section&RequestAppliesTo=Rule-Declare-Trigger&RequestRuleName=pxAlternateRuleForm Payload: "{\"RequestClass\":\"Rule-HTML-Section\",\"RequestAppliesTo\":\"Rule-Declare-Trigger\",\"RequestRuleName\":\"pxAlternateRuleForm\"}" => HTTP 200 (66153 bytes)
[PegaHttpClient] 📡 POST https://zdk8budo.pegaacademy.net/prweb/api/CodeIntelligence/v1/rules/query?pxObjClass=Rule-HTML-Section&appliesTo=Rule-Declare-Trigger&pyRuleName=pzRuleFormScripts&RequestClass=Rule-HTML-Section&RequestAppliesTo=Rule-Declare-Trigger&RequestRuleName=pzRuleFormScripts Payload: "{\"RequestClass\":\"Rule-HTML-Section\",\"RequestAppliesTo\":\"Rule-Declare-Trigger\",\"RequestRuleName\":\"pzRuleFormScripts\"}" => HTTP 200 (40822 bytes)
[PegaHttpClient] 📡 POST https://zdk8budo.pegaacademy.net/prweb/api/CodeIntelligence/v1/rules/query?pxObjClass=Rule-HTML-Section&appliesTo=Rule-Declare-Trigger&pyRuleName=pzRuleFormLayoutDelegated&RequestClass=Rule-HTML-Section&RequestAppliesTo=Rule-Declare-Trigger&RequestRuleName=pzRuleFormLayoutDelegated Payload: "{\"RequestClass\":\"Rule-HTML-Section\",\"RequestAppliesTo\":\"Rule-Declare-Trigger\",\"RequestRuleName\":\"pzRuleFormLayoutDelegated\"}" => HTTP 200 (70998 bytes)
[PegaHttpClient] 📡 POST https://zdk8budo.pegaacademy.net/prweb/api/CodeIntelligence/v1/rules/query?pxObjClass=Rule-HTML-Section&appliesTo=Rule-Declare-Trigger&pyRuleName=RuleFormLayout&RequestClass=Rule-HTML-Section&RequestAppliesTo=Rule-Declare-Trigger&RequestRuleName=RuleFormLayout Payload: "{\"RequestClass\":\"Rule-HTML-Section\",\"RequestAppliesTo\":\"Rule-Declare-Trigger\",\"RequestRuleName\":\"RuleFormLayout\"}" => HTTP 200 (68776 bytes)
[PegaHttpClient] 📡 POST https://zdk8budo.pegaacademy.net/prweb/api/CodeIntelligence/v1/rules/query?pxObjClass=Rule-HTML-Section&appliesTo=Rule-Declare-Trigger&pyRuleName=RuleFormSettings&RequestClass=Rule-HTML-Section&RequestAppliesTo=Rule-Declare-Trigger&RequestRuleName=RuleFormSettings Payload: "{\"RequestClass\":\"Rule-HTML-Section\",\"RequestAppliesTo\":\"Rule-Declare-Trigger\",\"RequestRuleName\":\"RuleFormSettings\"}" => HTTP 200 (20540 bytes)
[PegaHttpClient] 📡 POST https://zdk8budo.pegaacademy.net/prweb/api/CodeIntelligence/v1/rules/query?pxObjClass=Rule-HTML-Section&appliesTo=Rule-Declare-Trigger&pyRuleName=OpenAuthoring&RequestClass=Rule-HTML-Section&RequestAppliesTo=Rule-Declare-Trigger&RequestRuleName=OpenAuthoring Payload: "{\"RequestClass\":\"Rule-HTML-Section\",\"RequestAppliesTo\":\"Rule-Declare-Trigger\",\"RequestRuleName\":\"OpenAuthoring\"}" => HTTP 200 (23695 bytes)
[PegaHttpClient] 📡 POST https://zdk8budo.pegaacademy.net/prweb/api/CodeIntelligence/v1/rules/query?pxObjClass=Rule-HTML-Section&appliesTo=Rule-Declare-Trigger&pyRuleName=pyCustomHelp&RequestClass=Rule-HTML-Section&RequestAppliesTo=Rule-Declare-Trigger&RequestRuleName=pyCustomHelp Payload: "{\"RequestClass\":\"Rule-HTML-Section\",\"RequestAppliesTo\":\"Rule-Declare-Trigger\",\"RequestRuleName\":\"pyCustomHelp\"}" => HTTP 200 (17256 bytes)
[PegaHttpClient] 📡 POST https://zdk8budo.pegaacademy.net/prweb/api/CodeIntelligence/v1/rules/query?pxObjClass=Rule-HTML-Section&appliesTo=Rule-Declare-Trigger&pyRuleName=pzRuleformMainInclude&RequestClass=Rule-HTML-Section&RequestAppliesTo=Rule-Declare-Trigger&RequestRuleName=pzRuleformMainInclude Payload: "{\"RequestClass\":\"Rule-HTML-Section\",\"RequestAppliesTo\":\"Rule-Declare-Trigger\",\"RequestRuleName\":\"pzRuleformMainInclude\"}" => HTTP 200 (22375 bytes)
[PegaHttpClient] 📡 POST https://zdk8budo.pegaacademy.net/prweb/api/CodeIntelligence/v1/rules/query?pxObjClass=Rule-HTML-Section&appliesTo=Rule-Declare-Trigger&pyRuleName=pyAlternativeRuleFormStrategicAppExtension&RequestClass=Rule-HTML-Section&RequestAppliesTo=Rule-Declare-Trigger&RequestRuleName=pyAlternativeRuleFormStrategicAppExtension Payload: "{\"RequestClass\":\"Rule-HTML-Section\",\"RequestAppliesTo\":\"Rule-Declare-Trigger\",\"RequestRuleName\":\"pyAlternativeRuleFormStrategicAppExtension\"}" => HTTP 200 (25042 bytes)
[PegaHttpClient] 📡 POST https://zdk8budo.pegaacademy.net/prweb/api/CodeIntelligence/v1/rules/query?pxObjClass=Rule-HTML-Section&appliesTo=Rule-Declare-Trigger&pyRuleName=pyAlternativeRuleFormExtension&RequestClass=Rule-HTML-Section&RequestAppliesTo=Rule-Declare-Trigger&RequestRuleName=pyAlternativeRuleFormExtension Payload: "{\"RequestClass\":\"Rule-HTML-Section\",\"RequestAppliesTo\":\"Rule-Declare-Trigger\",\"RequestRuleName\":\"pyAlternativeRuleFormExtension\"}" => HTTP 200 (24863 bytes)
[PegaHttpClient] 📡 POST https://zdk8budo.pegaacademy.net/prweb/api/CodeIntelligence/v1/rules/query?pxObjClass=Rule-HTML-Section&appliesTo=Rule-Declare-Trigger&pyRuleName=RuleFormHeader&RequestClass=Rule-HTML-Section&RequestAppliesTo=Rule-Declare-Trigger&RequestRuleName=RuleFormHeader Payload: "{\"RequestClass\":\"Rule-HTML-Section\",\"RequestAppliesTo\":\"Rule-Declare-Trigger\",\"RequestRuleName\":\"RuleFormHeader\"}" => HTTP 200 (183800 bytes)
[PegaHttpClient] 📡 POST https://zdk8budo.pegaacademy.net/prweb/api/CodeIntelligence/v1/rules/query?pxObjClass=Rule-HTML-Section&appliesTo=Rule-Declare-Trigger&pyRuleName=pzDelegationExperience&RequestClass=Rule-HTML-Section&RequestAppliesTo=Rule-Declare-Trigger&RequestRuleName=pzDelegationExperience Payload: "{\"RequestClass\":\"Rule-HTML-Section\",\"RequestAppliesTo\":\"Rule-Declare-Trigger\",\"RequestRuleName\":\"pzDelegationExperience\"}" => HTTP 404 (120 bytes)
[PegaHttpClient] 📡 POST https://zdk8budo.pegaacademy.net/prweb/PRRestService/CodeIntelligence/v1/rules/query?pxObjClass=Rule-HTML-Section&appliesTo=Rule-Declare-Trigger&pyRuleName=pzDelegationExperience&RequestClass=Rule-HTML-Section&RequestAppliesTo=Rule-Declare-Trigger&RequestRuleName=pzDelegationExperience Payload: "{\"RequestClass\":\"Rule-HTML-Section\",\"RequestAppliesTo\":\"Rule-Declare-Trigger\",\"RequestRuleName\":\"pzDelegationExperience\"}" => HTTP 404 (120 bytes)
[PegaHttpClient] 📡 POST https://zdk8budo.pegaacademy.net/prweb/api/HRAppsV2Service/V1/rules/query?pxObjClass=Rule-HTML-Section&appliesTo=Rule-Declare-Trigger&pyRuleName=pzDelegationExperience&RequestClass=Rule-HTML-Section&RequestAppliesTo=Rule-Declare-Trigger&RequestRuleName=pzDelegationExperience Payload: "{\"RequestClass\":\"Rule-HTML-Section\",\"RequestAppliesTo\":\"Rule-Declare-Trigger\",\"RequestRuleName\":\"pzDelegationExperience\"}" => HTTP 404 (18 bytes)
[PegaHttpClient] 📡 POST https://zdk8budo.pegaacademy.net/prweb/PRRestService/HRAppsV2Service/V1/rules/query?pxObjClass=Rule-HTML-Section&appliesTo=Rule-Declare-Trigger&pyRuleName=pzDelegationExperience&RequestClass=Rule-HTML-Section&RequestAppliesTo=Rule-Declare-Trigger&RequestRuleName=pzDelegationExperience Payload: "{\"RequestClass\":\"Rule-HTML-Section\",\"RequestAppliesTo\":\"Rule-Declare-Trigger\",\"RequestRuleName\":\"pzDelegationExperience\"}" => HTTP 404 (18 bytes)
[PegaHttpClient] 📡 POST https://zdk8budo.pegaacademy.net/prweb/api/HRAppsV2/V1/rules/query?pxObjClass=Rule-HTML-Section&appliesTo=Rule-Declare-Trigger&pyRuleName=pzDelegationExperience&RequestClass=Rule-HTML-Section&RequestAppliesTo=Rule-Declare-Trigger&RequestRuleName=pzDelegationExperience Payload: "{\"RequestClass\":\"Rule-HTML-Section\",\"RequestAppliesTo\":\"Rule-Declare-Trigger\",\"RequestRuleName\":\"pzDelegationExperience\"}" => HTTP 404 (18 bytes)
[PegaHttpClient] 📡 POST https://zdk8budo.pegaacademy.net/prweb/PRRestService/HRAppsV2/V1/rules/query?pxObjClass=Rule-HTML-Section&appliesTo=Rule-Declare-Trigger&pyRuleName=pzDelegationExperience&RequestClass=Rule-HTML-Section&RequestAppliesTo=Rule-Declare-Trigger&RequestRuleName=pzDelegationExperience Payload: "{\"RequestClass\":\"Rule-HTML-Section\",\"RequestAppliesTo\":\"Rule-Declare-Trigger\",\"RequestRuleName\":\"pzDelegationExperience\"}" => HTTP 404 (18 bytes)
[PegaHttpClient] 📡 POST https://zdk8budo.pegaacademy.net/prweb/api/v1/rules/query?pxObjClass=Rule-HTML-Section&appliesTo=Rule-Declare-Trigger&pyRuleName=pzDelegationExperience&RequestClass=Rule-HTML-Section&RequestAppliesTo=Rule-Declare-Trigger&RequestRuleName=pzDelegationExperience Payload: "{\"RequestClass\":\"Rule-HTML-Section\",\"RequestAppliesTo\":\"Rule-Declare-Trigger\",\"RequestRuleName\":\"pzDelegationExperience\"}" => HTTP 404 (18 bytes)
[PegaHttpClient] 📡 POST https://zdk8budo.pegaacademy.net/prweb/PRRestService/v1/rules/query?pxObjClass=Rule-HTML-Section&appliesTo=Rule-Declare-Trigger&pyRuleName=pzDelegationExperience&RequestClass=Rule-HTML-Section&RequestAppliesTo=Rule-Declare-Trigger&RequestRuleName=pzDelegationExperience Payload: "{\"RequestClass\":\"Rule-HTML-Section\",\"RequestAppliesTo\":\"Rule-Declare-Trigger\",\"RequestRuleName\":\"pzDelegationExperience\"}" => HTTP 404 (18 bytes)
[PegaHttpClient] 📡 POST https://zdk8budo.pegaacademy.net/prweb/api/CodeIntelligence/v1/rules/query?pxObjClass=Rule-HTML-Section&appliesTo=Rule-Declare-Trigger&pyRuleName=pzTriggers&RequestClass=Rule-HTML-Section&RequestAppliesTo=Rule-Declare-Trigger&RequestRuleName=pzTriggers Payload: "{\"RequestClass\":\"Rule-HTML-Section\",\"RequestAppliesTo\":\"Rule-Declare-Trigger\",\"RequestRuleName\":\"pzTriggers\"}" => HTTP 200 (97736 bytes)
[PegaHttpClient] 📡 POST https://zdk8budo.pegaacademy.net/prweb/api/CodeIntelligence/v1/rules/query?pxObjClass=Rule-HTML-Section&appliesTo=Rule-Declare-Trigger&pyRuleName=PagesAndClasses&RequestClass=Rule-HTML-Section&RequestAppliesTo=Rule-Declare-Trigger&RequestRuleName=PagesAndClasses Payload: "{\"RequestClass\":\"Rule-HTML-Section\",\"RequestAppliesTo\":\"Rule-Declare-Trigger\",\"RequestRuleName\":\"PagesAndClasses\"}" => HTTP 200 (68834 bytes)
[PegaHttpClient] 📡 POST https://zdk8budo.pegaacademy.net/prweb/api/CodeIntelligence/v1/rules/query?pxObjClass=Rule-HTML-Section&appliesTo=Rule-Declare-Trigger&pyRuleName=pzSpecifications&RequestClass=Rule-HTML-Section&RequestAppliesTo=Rule-Declare-Trigger&RequestRuleName=pzSpecifications Payload: "{\"RequestClass\":\"Rule-HTML-Section\",\"RequestAppliesTo\":\"Rule-Declare-Trigger\",\"RequestRuleName\":\"pzSpecifications\"}" => HTTP 200 (16577 bytes)
[PegaHttpClient] 📡 POST https://zdk8budo.pegaacademy.net/prweb/api/CodeIntelligence/v1/rules/query?pxObjClass=Rule-HTML-Section&appliesTo=Rule-Declare-Trigger&pyRuleName=RuleFormHistory&RequestClass=Rule-HTML-Section&RequestAppliesTo=Rule-Declare-Trigger&RequestRuleName=RuleFormHistory Payload: "{\"RequestClass\":\"Rule-HTML-Section\",\"RequestAppliesTo\":\"Rule-Declare-Trigger\",\"RequestRuleName\":\"RuleFormHistory\"}" => HTTP 200 (76091 bytes)
[PegaHttpClient] 📡 POST https://zdk8budo.pegaacademy.net/prweb/api/CodeIntelligence/v1/rules/query?pxObjClass=Rule-HTML-Section&appliesTo=Rule-Declare-Trigger&pyRuleName=pzCustomHelp&RequestClass=Rule-HTML-Section&RequestAppliesTo=Rule-Declare-Trigger&RequestRuleName=pzCustomHelp Payload: "{\"RequestClass\":\"Rule-HTML-Section\",\"RequestAppliesTo\":\"Rule-Declare-Trigger\",\"RequestRuleName\":\"pzCustomHelp\"}" => HTTP 200 (31573 bytes)
[PegaHttpClient] 📡 POST https://zdk8budo.pegaacademy.net/prweb/api/CodeIntelligence/v1/rules/query?pxObjClass=Rule-HTML-Section&appliesTo=Rule-Declare-Trigger&pyRuleName=pzRuleFormKeysAndDescription&RequestClass=Rule-HTML-Section&RequestAppliesTo=Rule-Declare-Trigger&RequestRuleName=pzRuleFormKeysAndDescription Payload: "{\"RequestClass\":\"Rule-HTML-Section\",\"RequestAppliesTo\":\"Rule-Declare-Trigger\",\"RequestRuleName\":\"pzRuleFormKeysAndDescription\"}" => HTTP 200 (218057 bytes)
[PegaHttpClient] 📡 POST https://zdk8budo.pegaacademy.net/prweb/api/CodeIntelligence/v1/rules/query?pxObjClass=Rule-HTML-Section&appliesTo=Rule-Declare-Trigger&pyRuleName=pzRuleFormRuleset&RequestClass=Rule-HTML-Section&RequestAppliesTo=Rule-Declare-Trigger&RequestRuleName=pzRuleFormRuleset Payload: "{\"RequestClass\":\"Rule-HTML-Section\",\"RequestAppliesTo\":\"Rule-Declare-Trigger\",\"RequestRuleName\":\"pzRuleFormRuleset\"}" => HTTP 200 (33985 bytes)
[PegaHttpClient] 📡 POST https://zdk8budo.pegaacademy.net/prweb/api/CodeIntelligence/v1/rules/query?pxObjClass=Rule-HTML-Section&appliesTo=Rule-Declare-Trigger&pyRuleName=undefined&RequestClass=Rule-HTML-Section&RequestAppliesTo=Rule-Declare-Trigger&RequestRuleName=undefined Payload: "{\"RequestClass\":\"Rule-HTML-Section\",\"RequestAppliesTo\":\"Rule-Declare-Trigger\",\"RequestRuleName\":\"undefined\"}" => HTTP 404 (107 bytes)
[PegaHttpClient] 📡 POST https://zdk8budo.pegaacademy.net/prweb/PRRestService/CodeIntelligence/v1/rules/query?pxObjClass=Rule-HTML-Section&appliesTo=Rule-Declare-Trigger&pyRuleName=undefined&RequestClass=Rule-HTML-Section&RequestAppliesTo=Rule-Declare-Trigger&RequestRuleName=undefined Payload: "{\"RequestClass\":\"Rule-HTML-Section\",\"RequestAppliesTo\":\"Rule-Declare-Trigger\",\"RequestRuleName\":\"undefined\"}" => HTTP 404 (107 bytes)
[PegaHttpClient] 📡 POST https://zdk8budo.pegaacademy.net/prweb/api/HRAppsV2Service/V1/rules/query?pxObjClass=Rule-HTML-Section&appliesTo=Rule-Declare-Trigger&pyRuleName=undefined&RequestClass=Rule-HTML-Section&RequestAppliesTo=Rule-Declare-Trigger&RequestRuleName=undefined Payload: "{\"RequestClass\":\"Rule-HTML-Section\",\"RequestAppliesTo\":\"Rule-Declare-Trigger\",\"RequestRuleName\":\"undefined\"}" => HTTP 404 (18 bytes)
[PegaHttpClient] 📡 POST https://zdk8budo.pegaacademy.net/prweb/PRRestService/HRAppsV2Service/V1/rules/query?pxObjClass=Rule-HTML-Section&appliesTo=Rule-Declare-Trigger&pyRuleName=undefined&RequestClass=Rule-HTML-Section&RequestAppliesTo=Rule-Declare-Trigger&RequestRuleName=undefined Payload: "{\"RequestClass\":\"Rule-HTML-Section\",\"RequestAppliesTo\":\"Rule-Declare-Trigger\",\"RequestRuleName\":\"undefined\"}" => HTTP 404 (18 bytes)
[PegaHttpClient] 📡 POST https://zdk8budo.pegaacademy.net/prweb/api/HRAppsV2/V1/rules/query?pxObjClass=Rule-HTML-Section&appliesTo=Rule-Declare-Trigger&pyRuleName=undefined&RequestClass=Rule-HTML-Section&RequestAppliesTo=Rule-Declare-Trigger&RequestRuleName=undefined Payload: "{\"RequestClass\":\"Rule-HTML-Section\",\"RequestAppliesTo\":\"Rule-Declare-Trigger\",\"RequestRuleName\":\"undefined\"}" => HTTP 404 (18 bytes)
[PegaHttpClient] 📡 POST https://zdk8budo.pegaacademy.net/prweb/PRRestService/HRAppsV2/V1/rules/query?pxObjClass=Rule-HTML-Section&appliesTo=Rule-Declare-Trigger&pyRuleName=undefined&RequestClass=Rule-HTML-Section&RequestAppliesTo=Rule-Declare-Trigger&RequestRuleName=undefined Payload: "{\"RequestClass\":\"Rule-HTML-Section\",\"RequestAppliesTo\":\"Rule-Declare-Trigger\",\"RequestRuleName\":\"undefined\"}" => HTTP 404 (18 bytes)
[PegaHttpClient] 📡 POST https://zdk8budo.pegaacademy.net/prweb/api/v1/rules/query?pxObjClass=Rule-HTML-Section&appliesTo=Rule-Declare-Trigger&pyRuleName=undefined&RequestClass=Rule-HTML-Section&RequestAppliesTo=Rule-Declare-Trigger&RequestRuleName=undefined Payload: "{\"RequestClass\":\"Rule-HTML-Section\",\"RequestAppliesTo\":\"Rule-Declare-Trigger\",\"RequestRuleName\":\"undefined\"}" => HTTP 404 (18 bytes)
[PegaHttpClient] 📡 POST https://zdk8budo.pegaacademy.net/prweb/PRRestService/v1/rules/query?pxObjClass=Rule-HTML-Section&appliesTo=Rule-Declare-Trigger&pyRuleName=undefined&RequestClass=Rule-HTML-Section&RequestAppliesTo=Rule-Declare-Trigger&RequestRuleName=undefined Payload: "{\"RequestClass\":\"Rule-HTML-Section\",\"RequestAppliesTo\":\"Rule-Declare-Trigger\",\"RequestRuleName\":\"undefined\"}" => HTTP 404 (18 bytes)
[PegaHttpClient] 📡 POST https://zdk8budo.pegaacademy.net/prweb/api/CodeIntelligence/v1/rules/query?pxObjClass=Rule-HTML-Section&appliesTo=Rule-Declare-Trigger&pyRuleName=pzRuleFormToolbar&RequestClass=Rule-HTML-Section&RequestAppliesTo=Rule-Declare-Trigger&RequestRuleName=pzRuleFormToolbar Payload: "{\"RequestClass\":\"Rule-HTML-Section\",\"RequestAppliesTo\":\"Rule-Declare-Trigger\",\"RequestRuleName\":\"pzRuleFormToolbar\"}" => HTTP 200 (242691 bytes)
[PegaHttpClient] 📡 POST https://zdk8budo.pegaacademy.net/prweb/api/CodeIntelligence/v1/rules/query?pxObjClass=Rule-HTML-Section&appliesTo=Rule-Declare-Trigger&pyRuleName=pzRuleFormToolbarCompare&RequestClass=Rule-HTML-Section&RequestAppliesTo=Rule-Declare-Trigger&RequestRuleName=pzRuleFormToolbarCompare Payload: "{\"RequestClass\":\"Rule-HTML-Section\",\"RequestAppliesTo\":\"Rule-Declare-Trigger\",\"RequestRuleName\":\"pzRuleFormToolbarCompare\"}" => HTTP 200 (61925 bytes)
[PegaHttpClient] 📡 POST https://zdk8budo.pegaacademy.net/prweb/api/CodeIntelligence/v1/rules/query?pxObjClass=Rule-HTML-Section&appliesTo=Rule-Declare-Trigger&pyRuleName=RuleFormHeaderMessages&RequestClass=Rule-HTML-Section&RequestAppliesTo=Rule-Declare-Trigger&RequestRuleName=RuleFormHeaderMessages Payload: "{\"RequestClass\":\"Rule-HTML-Section\",\"RequestAppliesTo\":\"Rule-Declare-Trigger\",\"RequestRuleName\":\"RuleFormHeaderMessages\"}" => HTTP 200 (26518 bytes)
[PegaHttpClient] 📡 POST https://zdk8budo.pegaacademy.net/prweb/api/CodeIntelligence/v1/rules/query?pxObjClass=Rule-HTML-Section&appliesTo=Rule-Declare-Trigger&pyRuleName=pzTriggerPropertiesModified&RequestClass=Rule-HTML-Section&RequestAppliesTo=Rule-Declare-Trigger&RequestRuleName=pzTriggerPropertiesModified Payload: "{\"RequestClass\":\"Rule-HTML-Section\",\"RequestAppliesTo\":\"Rule-Declare-Trigger\",\"RequestRuleName\":\"pzTriggerPropertiesModified\"}" => HTTP 200 (61293 bytes)
[PegaHttpClient] 📡 POST https://zdk8budo.pegaacademy.net/prweb/api/CodeIntelligence/v1/rules/query?pxObjClass=Rule-HTML-Section&appliesTo=Rule-Declare-Trigger&pyRuleName=pzTriggerWhen&RequestClass=Rule-HTML-Section&RequestAppliesTo=Rule-Declare-Trigger&RequestRuleName=pzTriggerWhen Payload: "{\"RequestClass\":\"Rule-HTML-Section\",\"RequestAppliesTo\":\"Rule-Declare-Trigger\",\"RequestRuleName\":\"pzTriggerWhen\"}" => HTTP 200 (41775 bytes)
[PegaHttpClient] 📡 POST https://zdk8budo.pegaacademy.net/prweb/api/CodeIntelligence/v1/rules/query?pxObjClass=Rule-HTML-Section&appliesTo=Rule-Declare-Trigger&pyRuleName=pzSpecificationsInner&RequestClass=Rule-HTML-Section&RequestAppliesTo=Rule-Declare-Trigger&RequestRuleName=pzSpecificationsInner Payload: "{\"RequestClass\":\"Rule-HTML-Section\",\"RequestAppliesTo\":\"Rule-Declare-Trigger\",\"RequestRuleName\":\"pzSpecificationsInner\"}" => HTTP 200 (142370 bytes)
[PegaHttpClient] 📡 POST https://zdk8budo.pegaacademy.net/prweb/api/CodeIntelligence/v1/rules/query?pxObjClass=Rule-HTML-Section&appliesTo=Rule-Declare-Trigger&pyRuleName=pzAlternateRuleInfo&RequestClass=Rule-HTML-Section&RequestAppliesTo=Rule-Declare-Trigger&RequestRuleName=pzAlternateRuleInfo Payload: "{\"RequestClass\":\"Rule-HTML-Section\",\"RequestAppliesTo\":\"Rule-Declare-Trigger\",\"RequestRuleName\":\"pzAlternateRuleInfo\"}" => HTTP 200 (140407 bytes)
[PegaHttpClient] 📡 POST https://zdk8budo.pegaacademy.net/prweb/api/CodeIntelligence/v1/rules/query?pxObjClass=Rule-HTML-Section&appliesTo=Rule-Declare-Trigger&pyRuleName=RuleFormHistory_Description&RequestClass=Rule-HTML-Section&RequestAppliesTo=Rule-Declare-Trigger&RequestRuleName=RuleFormHistory_Description Payload: "{\"RequestClass\":\"Rule-HTML-Section\",\"RequestAppliesTo\":\"Rule-Declare-Trigger\",\"RequestRuleName\":\"RuleFormHistory_Description\"}" => HTTP 200 (46242 bytes)
[PegaHttpClient] 📡 POST https://zdk8budo.pegaacademy.net/prweb/api/CodeIntelligence/v1/rules/query?pxObjClass=Rule-HTML-Section&appliesTo=Rule-Declare-Trigger&pyRuleName=RuleFormHistory_CustomFields&RequestClass=Rule-HTML-Section&RequestAppliesTo=Rule-Declare-Trigger&RequestRuleName=RuleFormHistory_CustomFields Payload: "{\"RequestClass\":\"Rule-HTML-Section\",\"RequestAppliesTo\":\"Rule-Declare-Trigger\",\"RequestRuleName\":\"RuleFormHistory_CustomFields\"}" => HTTP 200 (75856 bytes)
[PegaHttpClient] 📡 POST https://zdk8budo.pegaacademy.net/prweb/api/CodeIntelligence/v1/rules/query?pxObjClass=Rule-HTML-Section&appliesTo=Rule-Declare-Trigger&pyRuleName=RuleFormHistory_HistoryDetails&RequestClass=Rule-HTML-Section&RequestAppliesTo=Rule-Declare-Trigger&RequestRuleName=RuleFormHistory_HistoryDetails Payload: "{\"RequestClass\":\"Rule-HTML-Section\",\"RequestAppliesTo\":\"Rule-Declare-Trigger\",\"RequestRuleName\":\"RuleFormHistory_HistoryDetails\"}" => HTTP 200 (179535 bytes)
[PegaHttpClient] 📡 POST https://zdk8budo.pegaacademy.net/prweb/api/CodeIntelligence/v1/rules/query?pxObjClass=Rule-HTML-Section&appliesTo=Rule-Declare-Trigger&pyRuleName=pzRuleFormStatus&RequestClass=Rule-HTML-Section&RequestAppliesTo=Rule-Declare-Trigger&RequestRuleName=pzRuleFormStatus Payload: "{\"RequestClass\":\"Rule-HTML-Section\",\"RequestAppliesTo\":\"Rule-Declare-Trigger\",\"RequestRuleName\":\"pzRuleFormStatus\"}" => HTTP 200 (97627 bytes)
[PegaHttpClient] 📡 POST https://zdk8budo.pegaacademy.net/prweb/api/CodeIntelligence/v1/rules/query?pxObjClass=Rule-HTML-Section&appliesTo=Rule-Declare-Trigger&pyRuleName=pzRuleFormHeaderCompareWithDropDown&RequestClass=Rule-HTML-Section&RequestAppliesTo=Rule-Declare-Trigger&RequestRuleName=pzRuleFormHeaderCompareWithDropDown Payload: "{\"RequestClass\":\"Rule-HTML-Section\",\"RequestAppliesTo\":\"Rule-Declare-Trigger\",\"RequestRuleName\":\"pzRuleFormHeaderCompareWithDropDown\"}" => HTTP 200 (25396 bytes)
[PegaHttpClient] 📡 POST https://zdk8budo.pegaacademy.net/prweb/api/CodeIntelligence/v1/rules/query?pxObjClass=Rule-HTML-Section&appliesTo=Rule-Declare-Trigger&pyRuleName=undefined&RequestClass=Rule-HTML-Section&RequestAppliesTo=Rule-Declare-Trigger&RequestRuleName=undefined Payload: "{\"RequestClass\":\"Rule-HTML-Section\",\"RequestAppliesTo\":\"Rule-Declare-Trigger\",\"RequestRuleName\":\"undefined\"}" => HTTP 404 (107 bytes)
[PegaHttpClient] 📡 POST https://zdk8budo.pegaacademy.net/prweb/PRRestService/CodeIntelligence/v1/rules/query?pxObjClass=Rule-HTML-Section&appliesTo=Rule-Declare-Trigger&pyRuleName=undefined&RequestClass=Rule-HTML-Section&RequestAppliesTo=Rule-Declare-Trigger&RequestRuleName=undefined Payload: "{\"RequestClass\":\"Rule-HTML-Section\",\"RequestAppliesTo\":\"Rule-Declare-Trigger\",\"RequestRuleName\":\"undefined\"}" => HTTP 404 (107 bytes)
[PegaHttpClient] 📡 POST https://zdk8budo.pegaacademy.net/prweb/api/HRAppsV2Service/V1/rules/query?pxObjClass=Rule-HTML-Section&appliesTo=Rule-Declare-Trigger&pyRuleName=undefined&RequestClass=Rule-HTML-Section&RequestAppliesTo=Rule-Declare-Trigger&RequestRuleName=undefined Payload: "{\"RequestClass\":\"Rule-HTML-Section\",\"RequestAppliesTo\":\"Rule-Declare-Trigger\",\"RequestRuleName\":\"undefined\"}" => HTTP 404 (18 bytes)
[PegaHttpClient] 📡 POST https://zdk8budo.pegaacademy.net/prweb/PRRestService/HRAppsV2Service/V1/rules/query?pxObjClass=Rule-HTML-Section&appliesTo=Rule-Declare-Trigger&pyRuleName=undefined&RequestClass=Rule-HTML-Section&RequestAppliesTo=Rule-Declare-Trigger&RequestRuleName=undefined Payload: "{\"RequestClass\":\"Rule-HTML-Section\",\"RequestAppliesTo\":\"Rule-Declare-Trigger\",\"RequestRuleName\":\"undefined\"}" => HTTP 404 (18 bytes)
[PegaHttpClient] 📡 POST https://zdk8budo.pegaacademy.net/prweb/api/HRAppsV2/V1/rules/query?pxObjClass=Rule-HTML-Section&appliesTo=Rule-Declare-Trigger&pyRuleName=undefined&RequestClass=Rule-HTML-Section&RequestAppliesTo=Rule-Declare-Trigger&RequestRuleName=undefined Payload: "{\"RequestClass\":\"Rule-HTML-Section\",\"RequestAppliesTo\":\"Rule-Declare-Trigger\",\"RequestRuleName\":\"undefined\"}" => HTTP 404 (18 bytes)
[PegaHttpClient] 📡 POST https://zdk8budo.pegaacademy.net/prweb/PRRestService/HRAppsV2/V1/rules/query?pxObjClass=Rule-HTML-Section&appliesTo=Rule-Declare-Trigger&pyRuleName=undefined&RequestClass=Rule-HTML-Section&RequestAppliesTo=Rule-Declare-Trigger&RequestRuleName=undefined Payload: "{\"RequestClass\":\"Rule-HTML-Section\",\"RequestAppliesTo\":\"Rule-Declare-Trigger\",\"RequestRuleName\":\"undefined\"}" => HTTP 404 (18 bytes)
[PegaHttpClient] 📡 POST https://zdk8budo.pegaacademy.net/prweb/api/v1/rules/query?pxObjClass=Rule-HTML-Section&appliesTo=Rule-Declare-Trigger&pyRuleName=undefined&RequestClass=Rule-HTML-Section&RequestAppliesTo=Rule-Declare-Trigger&RequestRuleName=undefined Payload: "{\"RequestClass\":\"Rule-HTML-Section\",\"RequestAppliesTo\":\"Rule-Declare-Trigger\",\"RequestRuleName\":\"undefined\"}" => HTTP 404 (18 bytes)
[PegaHttpClient] 📡 POST https://zdk8budo.pegaacademy.net/prweb/PRRestService/v1/rules/query?pxObjClass=Rule-HTML-Section&appliesTo=Rule-Declare-Trigger&pyRuleName=undefined&RequestClass=Rule-HTML-Section&RequestAppliesTo=Rule-Declare-Trigger&RequestRuleName=undefined Payload: "{\"RequestClass\":\"Rule-HTML-Section\",\"RequestAppliesTo\":\"Rule-Declare-Trigger\",\"RequestRuleName\":\"undefined\"}" => HTTP 404 (18 bytes)
[PegaHttpClient] 📡 POST https://zdk8budo.pegaacademy.net/prweb/api/CodeIntelligence/v1/rules/query?pxObjClass=Rule-HTML-Section&appliesTo=Rule-Declare-Trigger&pyRuleName=pzRuleFormToolbarHotKeys&RequestClass=Rule-HTML-Section&RequestAppliesTo=Rule-Declare-Trigger&RequestRuleName=pzRuleFormToolbarHotKeys Payload: "{\"RequestClass\":\"Rule-HTML-Section\",\"RequestAppliesTo\":\"Rule-Declare-Trigger\",\"RequestRuleName\":\"pzRuleFormToolbarHotKeys\"}" => HTTP 200 (85058 bytes)
[PegaHttpClient] 📡 POST https://zdk8budo.pegaacademy.net/prweb/api/CodeIntelligence/v1/rules/query?pxObjClass=Rule-HTML-Section&appliesTo=Rule-Declare-Trigger&pyRuleName=pzRuleFormToolbarLockedIcon&RequestClass=Rule-HTML-Section&RequestAppliesTo=Rule-Declare-Trigger&RequestRuleName=pzRuleFormToolbarLockedIcon Payload: "{\"RequestClass\":\"Rule-HTML-Section\",\"RequestAppliesTo\":\"Rule-Declare-Trigger\",\"RequestRuleName\":\"pzRuleFormToolbarLockedIcon\"}" => HTTP 200 (24898 bytes)
[PegaHttpClient] 📡 POST https://zdk8budo.pegaacademy.net/prweb/api/CodeIntelligence/v1/rules/query?pxObjClass=Rule-HTML-Section&appliesTo=Rule-Declare-Trigger&pyRuleName=pzRuleFormToolbarCollaborators&RequestClass=Rule-HTML-Section&RequestAppliesTo=Rule-Declare-Trigger&RequestRuleName=pzRuleFormToolbarCollaborators Payload: "{\"RequestClass\":\"Rule-HTML-Section\",\"RequestAppliesTo\":\"Rule-Declare-Trigger\",\"RequestRuleName\":\"pzRuleFormToolbarCollaborators\"}" => HTTP 200 (15254 bytes)
[PegaHttpClient] 📡 POST https://zdk8budo.pegaacademy.net/prweb/api/CodeIntelligence/v1/rules/query?pxObjClass=Rule-HTML-Section&appliesTo=Rule-Declare-Trigger&pyRuleName=pzRuleFormToolbarSaveAs&RequestClass=Rule-HTML-Section&RequestAppliesTo=Rule-Declare-Trigger&RequestRuleName=pzRuleFormToolbarSaveAs Payload: "{\"RequestClass\":\"Rule-HTML-Section\",\"RequestAppliesTo\":\"Rule-Declare-Trigger\",\"RequestRuleName\":\"pzRuleFormToolbarSaveAs\"}" => HTTP 200 (64084 bytes)
[PegaHttpClient] 📡 POST https://zdk8budo.pegaacademy.net/prweb/api/CodeIntelligence/v1/rules/query?pxObjClass=Rule-HTML-Section&appliesTo=Rule-Declare-Trigger&pyRuleName=pzRuleFormToolbarCheckin&RequestClass=Rule-HTML-Section&RequestAppliesTo=Rule-Declare-Trigger&RequestRuleName=pzRuleFormToolbarCheckin Payload: "{\"RequestClass\":\"Rule-HTML-Section\",\"RequestAppliesTo\":\"Rule-Declare-Trigger\",\"RequestRuleName\":\"pzRuleFormToolbarCheckin\"}" => HTTP 200 (119096 bytes)
[PegaHttpClient] 📡 POST https://zdk8budo.pegaacademy.net/prweb/api/CodeIntelligence/v1/rules/query?pxObjClass=Rule-HTML-Section&appliesTo=Rule-Declare-Trigger&pyRuleName=pzRuleFormToolbarDelete&RequestClass=Rule-HTML-Section&RequestAppliesTo=Rule-Declare-Trigger&RequestRuleName=pzRuleFormToolbarDelete Payload: "{\"RequestClass\":\"Rule-HTML-Section\",\"RequestAppliesTo\":\"Rule-Declare-Trigger\",\"RequestRuleName\":\"pzRuleFormToolbarDelete\"}" => HTTP 200 (30249 bytes)
[PegaHttpClient] 📡 POST https://zdk8budo.pegaacademy.net/prweb/api/CodeIntelligence/v1/rules/query?pxObjClass=Rule-HTML-Section&appliesTo=Rule-Declare-Trigger&pyRuleName=pzRuleFormToolbarSave&RequestClass=Rule-HTML-Section&RequestAppliesTo=Rule-Declare-Trigger&RequestRuleName=pzRuleFormToolbarSave Payload: "{\"RequestClass\":\"Rule-HTML-Section\",\"RequestAppliesTo\":\"Rule-Declare-Trigger\",\"RequestRuleName\":\"pzRuleFormToolbarSave\"}" => HTTP 200 (293885 bytes)
[PegaHttpClient] 📡 POST https://zdk8budo.pegaacademy.net/prweb/api/CodeIntelligence/v1/rules/query?pxObjClass=Rule-HTML-Section&appliesTo=Rule-Declare-Trigger&pyRuleName=pzRuleFormToolbarCheckout&RequestClass=Rule-HTML-Section&RequestAppliesTo=Rule-Declare-Trigger&RequestRuleName=pzRuleFormToolbarCheckout Payload: "{\"RequestClass\":\"Rule-HTML-Section\",\"RequestAppliesTo\":\"Rule-Declare-Trigger\",\"RequestRuleName\":\"pzRuleFormToolbarCheckout\"}" => HTTP 200 (238148 bytes)
[PegaHttpClient] 📡 POST https://zdk8budo.pegaacademy.net/prweb/api/CodeIntelligence/v1/rules/query?pxObjClass=Rule-HTML-Section&appliesTo=Rule-Declare-Trigger&pyRuleName=pzRemoveErrorsDataPage&RequestClass=Rule-HTML-Section&RequestAppliesTo=Rule-Declare-Trigger&RequestRuleName=pzRemoveErrorsDataPage Payload: "{\"RequestClass\":\"Rule-HTML-Section\",\"RequestAppliesTo\":\"Rule-Declare-Trigger\",\"RequestRuleName\":\"pzRemoveErrorsDataPage\"}" => HTTP 200 (16733 bytes)
[PegaHttpClient] 📡 POST https://zdk8budo.pegaacademy.net/prweb/api/CodeIntelligence/v1/rules/query?pxObjClass=Rule-HTML-Section&appliesTo=Rule-Declare-Trigger&pyRuleName=pzRuleFormHeaderMessagesWrapper&RequestClass=Rule-HTML-Section&RequestAppliesTo=Rule-Declare-Trigger&RequestRuleName=pzRuleFormHeaderMessagesWrapper Payload: "{\"RequestClass\":\"Rule-HTML-Section\",\"RequestAppliesTo\":\"Rule-Declare-Trigger\",\"RequestRuleName\":\"pzRuleFormHeaderMessagesWrapper\"}" => HTTP 200 (16981 bytes)
[PegaHttpClient] 📡 POST https://zdk8budo.pegaacademy.net/prweb/api/CodeIntelligence/v1/rules/query?pxObjClass=Rule-HTML-Section&appliesTo=Rule-Declare-Trigger&pyRuleName=pzSpecificationName&RequestClass=Rule-HTML-Section&RequestAppliesTo=Rule-Declare-Trigger&RequestRuleName=pzSpecificationName Payload: "{\"RequestClass\":\"Rule-HTML-Section\",\"RequestAppliesTo\":\"Rule-Declare-Trigger\",\"RequestRuleName\":\"pzSpecificationName\"}" => HTTP 404 (117 bytes)
[PegaHttpClient] 📡 POST https://zdk8budo.pegaacademy.net/prweb/PRRestService/CodeIntelligence/v1/rules/query?pxObjClass=Rule-HTML-Section&appliesTo=Rule-Declare-Trigger&pyRuleName=pzSpecificationName&RequestClass=Rule-HTML-Section&RequestAppliesTo=Rule-Declare-Trigger&RequestRuleName=pzSpecificationName Payload: "{\"RequestClass\":\"Rule-HTML-Section\",\"RequestAppliesTo\":\"Rule-Declare-Trigger\",\"RequestRuleName\":\"pzSpecificationName\"}" => HTTP 404 (117 bytes)
[PegaHttpClient] 📡 POST https://zdk8budo.pegaacademy.net/prweb/api/HRAppsV2Service/V1/rules/query?pxObjClass=Rule-HTML-Section&appliesTo=Rule-Declare-Trigger&pyRuleName=pzSpecificationName&RequestClass=Rule-HTML-Section&RequestAppliesTo=Rule-Declare-Trigger&RequestRuleName=pzSpecificationName Payload: "{\"RequestClass\":\"Rule-HTML-Section\",\"RequestAppliesTo\":\"Rule-Declare-Trigger\",\"RequestRuleName\":\"pzSpecificationName\"}" => HTTP 404 (18 bytes)
[PegaHttpClient] 📡 POST https://zdk8budo.pegaacademy.net/prweb/PRRestService/HRAppsV2Service/V1/rules/query?pxObjClass=Rule-HTML-Section&appliesTo=Rule-Declare-Trigger&pyRuleName=pzSpecificationName&RequestClass=Rule-HTML-Section&RequestAppliesTo=Rule-Declare-Trigger&RequestRuleName=pzSpecificationName Payload: "{\"RequestClass\":\"Rule-HTML-Section\",\"RequestAppliesTo\":\"Rule-Declare-Trigger\",\"RequestRuleName\":\"pzSpecificationName\"}" => HTTP 404 (18 bytes)
[PegaHttpClient] 📡 POST https://zdk8budo.pegaacademy.net/prweb/api/HRAppsV2/V1/rules/query?pxObjClass=Rule-HTML-Section&appliesTo=Rule-Declare-Trigger&pyRuleName=pzSpecificationName&RequestClass=Rule-HTML-Section&RequestAppliesTo=Rule-Declare-Trigger&RequestRuleName=pzSpecificationName Payload: "{\"RequestClass\":\"Rule-HTML-Section\",\"RequestAppliesTo\":\"Rule-Declare-Trigger\",\"RequestRuleName\":\"pzSpecificationName\"}" => HTTP 404 (18 bytes)
[PegaHttpClient] 📡 POST https://zdk8budo.pegaacademy.net/prweb/PRRestService/HRAppsV2/V1/rules/query?pxObjClass=Rule-HTML-Section&appliesTo=Rule-Declare-Trigger&pyRuleName=pzSpecificationName&RequestClass=Rule-HTML-Section&RequestAppliesTo=Rule-Declare-Trigger&RequestRuleName=pzSpecificationName Payload: "{\"RequestClass\":\"Rule-HTML-Section\",\"RequestAppliesTo\":\"Rule-Declare-Trigger\",\"RequestRuleName\":\"pzSpecificationName\"}" => HTTP 404 (18 bytes)
[PegaHttpClient] 📡 POST https://zdk8budo.pegaacademy.net/prweb/api/v1/rules/query?pxObjClass=Rule-HTML-Section&appliesTo=Rule-Declare-Trigger&pyRuleName=pzSpecificationName&RequestClass=Rule-HTML-Section&RequestAppliesTo=Rule-Declare-Trigger&RequestRuleName=pzSpecificationName Payload: "{\"RequestClass\":\"Rule-HTML-Section\",\"RequestAppliesTo\":\"Rule-Declare-Trigger\",\"RequestRuleName\":\"pzSpecificationName\"}" => HTTP 404 (18 bytes)
[PegaHttpClient] 📡 POST https://zdk8budo.pegaacademy.net/prweb/PRRestService/v1/rules/query?pxObjClass=Rule-HTML-Section&appliesTo=Rule-Declare-Trigger&pyRuleName=pzSpecificationName&RequestClass=Rule-HTML-Section&RequestAppliesTo=Rule-Declare-Trigger&RequestRuleName=pzSpecificationName Payload: "{\"RequestClass\":\"Rule-HTML-Section\",\"RequestAppliesTo\":\"Rule-Declare-Trigger\",\"RequestRuleName\":\"pzSpecificationName\"}" => HTTP 404 (18 bytes)
[PegaHttpClient] 📡 POST https://zdk8budo.pegaacademy.net/prweb/api/CodeIntelligence/v1/rules/query?pxObjClass=Rule-HTML-Section&appliesTo=Rule-Declare-Trigger&pyRuleName=pzScm_RuleHistory&RequestClass=Rule-HTML-Section&RequestAppliesTo=Rule-Declare-Trigger&RequestRuleName=pzScm_RuleHistory Payload: "{\"RequestClass\":\"Rule-HTML-Section\",\"RequestAppliesTo\":\"Rule-Declare-Trigger\",\"RequestRuleName\":\"pzScm_RuleHistory\"}" => HTTP 200 (14682 bytes)
[PegaHttpClient] 📡 POST https://zdk8budo.pegaacademy.net/prweb/api/CodeIntelligence/v1/rules/query?pxObjClass=Rule-HTML-Section&appliesTo=Rule-Declare-Trigger&pyRuleName=pxDisplayCollaborators&RequestClass=Rule-HTML-Section&RequestAppliesTo=Rule-Declare-Trigger&RequestRuleName=pxDisplayCollaborators Payload: "{\"RequestClass\":\"Rule-HTML-Section\",\"RequestAppliesTo\":\"Rule-Declare-Trigger\",\"RequestRuleName\":\"pxDisplayCollaborators\"}" => HTTP 200 (94171 bytes)
[PegaHttpClient] 📡 POST https://zdk8budo.pegaacademy.net/prweb/api/CodeIntelligence/v1/rules/query?pxObjClass=Rule-HTML-Section&appliesTo=Rule-Declare-Trigger&pyRuleName=pzRuleFormToolbarDeleteCheckOut&RequestClass=Rule-HTML-Section&RequestAppliesTo=Rule-Declare-Trigger&RequestRuleName=pzRuleFormToolbarDeleteCheckOut Payload: "{\"RequestClass\":\"Rule-HTML-Section\",\"RequestAppliesTo\":\"Rule-Declare-Trigger\",\"RequestRuleName\":\"pzRuleFormToolbarDeleteCheckOut\"}" => HTTP 200 (29433 bytes)
[PegaHttpClient] 📡 POST https://zdk8budo.pegaacademy.net/prweb/api/CodeIntelligence/v1/rules/query?pxObjClass=Rule-HTML-Section&appliesTo=Rule-Declare-Trigger&pyRuleName=pzRuleFormToolbarDeleteRule&RequestClass=Rule-HTML-Section&RequestAppliesTo=Rule-Declare-Trigger&RequestRuleName=pzRuleFormToolbarDeleteRule Payload: "{\"RequestClass\":\"Rule-HTML-Section\",\"RequestAppliesTo\":\"Rule-Declare-Trigger\",\"RequestRuleName\":\"pzRuleFormToolbarDeleteRule\"}" => HTTP 200 (32314 bytes)
[PegaHttpClient] 📡 POST https://zdk8budo.pegaacademy.net/prweb/api/CodeIntelligence/v1/rules/query?pxObjClass=Rule-HTML-Section&appliesTo=Rule-Declare-Trigger&pyRuleName=pzLoadCollaborationScripts&RequestClass=Rule-HTML-Section&RequestAppliesTo=Rule-Declare-Trigger&RequestRuleName=pzLoadCollaborationScripts Payload: "{\"RequestClass\":\"Rule-HTML-Section\",\"RequestAppliesTo\":\"Rule-Declare-Trigger\",\"RequestRuleName\":\"pzLoadCollaborationScripts\"}" => HTTP 200 (23453 bytes)
[PegaHttpClient] 📡 POST https://zdk8budo.pegaacademy.net/prweb/api/CodeIntelligence/v1/rules/query?pxObjClass=Rule-HTML-Section&appliesTo=Rule-Declare-Trigger&pyRuleName=pzDisplayCollaboratorsList&RequestClass=Rule-HTML-Section&RequestAppliesTo=Rule-Declare-Trigger&RequestRuleName=pzDisplayCollaboratorsList Payload: "{\"RequestClass\":\"Rule-HTML-Section\",\"RequestAppliesTo\":\"Rule-Declare-Trigger\",\"RequestRuleName\":\"pzDisplayCollaboratorsList\"}" => HTTP 200 (105418 bytes)
[PegaHttpClient] 📡 POST https://zdk8budo.pegaacademy.net/prweb/api/CodeIntelligence/v1/rules/query?pxObjClass=Rule-HTML-Section&appliesTo=Rule-Declare-Trigger&pyRuleName=pyCollaborator&RequestClass=Rule-HTML-Section&RequestAppliesTo=Rule-Declare-Trigger&RequestRuleName=pyCollaborator Payload: "{\"RequestClass\":\"Rule-HTML-Section\",\"RequestAppliesTo\":\"Rule-Declare-Trigger\",\"RequestRuleName\":\"pyCollaborator\"}" => HTTP 404 (112 bytes)
[PegaHttpClient] 📡 POST https://zdk8budo.pegaacademy.net/prweb/PRRestService/CodeIntelligence/v1/rules/query?pxObjClass=Rule-HTML-Section&appliesTo=Rule-Declare-Trigger&pyRuleName=pyCollaborator&RequestClass=Rule-HTML-Section&RequestAppliesTo=Rule-Declare-Trigger&RequestRuleName=pyCollaborator Payload: "{\"RequestClass\":\"Rule-HTML-Section\",\"RequestAppliesTo\":\"Rule-Declare-Trigger\",\"RequestRuleName\":\"pyCollaborator\"}" => HTTP 404 (112 bytes)
[PegaHttpClient] 📡 POST https://zdk8budo.pegaacademy.net/prweb/api/HRAppsV2Service/V1/rules/query?pxObjClass=Rule-HTML-Section&appliesTo=Rule-Declare-Trigger&pyRuleName=pyCollaborator&RequestClass=Rule-HTML-Section&RequestAppliesTo=Rule-Declare-Trigger&RequestRuleName=pyCollaborator Payload: "{\"RequestClass\":\"Rule-HTML-Section\",\"RequestAppliesTo\":\"Rule-Declare-Trigger\",\"RequestRuleName\":\"pyCollaborator\"}" => HTTP 404 (18 bytes)
[PegaHttpClient] 📡 POST https://zdk8budo.pegaacademy.net/prweb/PRRestService/HRAppsV2Service/V1/rules/query?pxObjClass=Rule-HTML-Section&appliesTo=Rule-Declare-Trigger&pyRuleName=pyCollaborator&RequestClass=Rule-HTML-Section&RequestAppliesTo=Rule-Declare-Trigger&RequestRuleName=pyCollaborator Payload: "{\"RequestClass\":\"Rule-HTML-Section\",\"RequestAppliesTo\":\"Rule-Declare-Trigger\",\"RequestRuleName\":\"pyCollaborator\"}" => HTTP 404 (18 bytes)
[PegaHttpClient] 📡 POST https://zdk8budo.pegaacademy.net/prweb/api/HRAppsV2/V1/rules/query?pxObjClass=Rule-HTML-Section&appliesTo=Rule-Declare-Trigger&pyRuleName=pyCollaborator&RequestClass=Rule-HTML-Section&RequestAppliesTo=Rule-Declare-Trigger&RequestRuleName=pyCollaborator Payload: "{\"RequestClass\":\"Rule-HTML-Section\",\"RequestAppliesTo\":\"Rule-Declare-Trigger\",\"RequestRuleName\":\"pyCollaborator\"}" => HTTP 404 (18 bytes)
[PegaHttpClient] 📡 POST https://zdk8budo.pegaacademy.net/prweb/PRRestService/HRAppsV2/V1/rules/query?pxObjClass=Rule-HTML-Section&appliesTo=Rule-Declare-Trigger&pyRuleName=pyCollaborator&RequestClass=Rule-HTML-Section&RequestAppliesTo=Rule-Declare-Trigger&RequestRuleName=pyCollaborator Payload: "{\"RequestClass\":\"Rule-HTML-Section\",\"RequestAppliesTo\":\"Rule-Declare-Trigger\",\"RequestRuleName\":\"pyCollaborator\"}" => HTTP 404 (18 bytes)
[PegaHttpClient] 📡 POST https://zdk8budo.pegaacademy.net/prweb/api/v1/rules/query?pxObjClass=Rule-HTML-Section&appliesTo=Rule-Declare-Trigger&pyRuleName=pyCollaborator&RequestClass=Rule-HTML-Section&RequestAppliesTo=Rule-Declare-Trigger&RequestRuleName=pyCollaborator Payload: "{\"RequestClass\":\"Rule-HTML-Section\",\"RequestAppliesTo\":\"Rule-Declare-Trigger\",\"RequestRuleName\":\"pyCollaborator\"}" => HTTP 404 (18 bytes)
[PegaHttpClient] 📡 POST https://zdk8budo.pegaacademy.net/prweb/PRRestService/v1/rules/query?pxObjClass=Rule-HTML-Section&appliesTo=Rule-Declare-Trigger&pyRuleName=pyCollaborator&RequestClass=Rule-HTML-Section&RequestAppliesTo=Rule-Declare-Trigger&RequestRuleName=pyCollaborator Payload: "{\"RequestClass\":\"Rule-HTML-Section\",\"RequestAppliesTo\":\"Rule-Declare-Trigger\",\"RequestRuleName\":\"pyCollaborator\"}" => HTTP 404 (18 bytes)
[PegaHttpClient] 📡 POST https://zdk8budo.pegaacademy.net/prweb/api/CodeIntelligence/v1/rules/query?pxObjClass=Rule-HTML-Section&appliesTo=Rule-Declare-Trigger&pyRuleName=pzDisplayPartialCount&RequestClass=Rule-HTML-Section&RequestAppliesTo=Rule-Declare-Trigger&RequestRuleName=pzDisplayPartialCount Payload: "{\"RequestClass\":\"Rule-HTML-Section\",\"RequestAppliesTo\":\"Rule-Declare-Trigger\",\"RequestRuleName\":\"pzDisplayPartialCount\"}" => HTTP 404 (119 bytes)
[PegaHttpClient] 📡 POST https://zdk8budo.pegaacademy.net/prweb/PRRestService/CodeIntelligence/v1/rules/query?pxObjClass=Rule-HTML-Section&appliesTo=Rule-Declare-Trigger&pyRuleName=pzDisplayPartialCount&RequestClass=Rule-HTML-Section&RequestAppliesTo=Rule-Declare-Trigger&RequestRuleName=pzDisplayPartialCount Payload: "{\"RequestClass\":\"Rule-HTML-Section\",\"RequestAppliesTo\":\"Rule-Declare-Trigger\",\"RequestRuleName\":\"pzDisplayPartialCount\"}" => HTTP 404 (119 bytes)
[PegaHttpClient] 📡 POST https://zdk8budo.pegaacademy.net/prweb/api/HRAppsV2Service/V1/rules/query?pxObjClass=Rule-HTML-Section&appliesTo=Rule-Declare-Trigger&pyRuleName=pzDisplayPartialCount&RequestClass=Rule-HTML-Section&RequestAppliesTo=Rule-Declare-Trigger&RequestRuleName=pzDisplayPartialCount Payload: "{\"RequestClass\":\"Rule-HTML-Section\",\"RequestAppliesTo\":\"Rule-Declare-Trigger\",\"RequestRuleName\":\"pzDisplayPartialCount\"}" => HTTP 404 (18 bytes)
[PegaHttpClient] 📡 POST https://zdk8budo.pegaacademy.net/prweb/PRRestService/HRAppsV2Service/V1/rules/query?pxObjClass=Rule-HTML-Section&appliesTo=Rule-Declare-Trigger&pyRuleName=pzDisplayPartialCount&RequestClass=Rule-HTML-Section&RequestAppliesTo=Rule-Declare-Trigger&RequestRuleName=pzDisplayPartialCount Payload: "{\"RequestClass\":\"Rule-HTML-Section\",\"RequestAppliesTo\":\"Rule-Declare-Trigger\",\"RequestRuleName\":\"pzDisplayPartialCount\"}" => HTTP 404 (18 bytes)
[PegaHttpClient] 📡 POST https://zdk8budo.pegaacademy.net/prweb/api/HRAppsV2/V1/rules/query?pxObjClass=Rule-HTML-Section&appliesTo=Rule-Declare-Trigger&pyRuleName=pzDisplayPartialCount&RequestClass=Rule-HTML-Section&RequestAppliesTo=Rule-Declare-Trigger&RequestRuleName=pzDisplayPartialCount Payload: "{\"RequestClass\":\"Rule-HTML-Section\",\"RequestAppliesTo\":\"Rule-Declare-Trigger\",\"RequestRuleName\":\"pzDisplayPartialCount\"}" => HTTP 404 (18 bytes)
[PegaHttpClient] 📡 POST https://zdk8budo.pegaacademy.net/prweb/PRRestService/HRAppsV2/V1/rules/query?pxObjClass=Rule-HTML-Section&appliesTo=Rule-Declare-Trigger&pyRuleName=pzDisplayPartialCount&RequestClass=Rule-HTML-Section&RequestAppliesTo=Rule-Declare-Trigger&RequestRuleName=pzDisplayPartialCount Payload: "{\"RequestClass\":\"Rule-HTML-Section\",\"RequestAppliesTo\":\"Rule-Declare-Trigger\",\"RequestRuleName\":\"pzDisplayPartialCount\"}" => HTTP 404 (18 bytes)
[PegaHttpClient] 📡 POST https://zdk8budo.pegaacademy.net/prweb/api/v1/rules/query?pxObjClass=Rule-HTML-Section&appliesTo=Rule-Declare-Trigger&pyRuleName=pzDisplayPartialCount&RequestClass=Rule-HTML-Section&RequestAppliesTo=Rule-Declare-Trigger&RequestRuleName=pzDisplayPartialCount Payload: "{\"RequestClass\":\"Rule-HTML-Section\",\"RequestAppliesTo\":\"Rule-Declare-Trigger\",\"RequestRuleName\":\"pzDisplayPartialCount\"}" => HTTP 404 (18 bytes)
[PegaHttpClient] 📡 POST https://zdk8budo.pegaacademy.net/prweb/PRRestService/v1/rules/query?pxObjClass=Rule-HTML-Section&appliesTo=Rule-Declare-Trigger&pyRuleName=pzDisplayPartialCount&RequestClass=Rule-HTML-Section&RequestAppliesTo=Rule-Declare-Trigger&RequestRuleName=pzDisplayPartialCount Payload: "{\"RequestClass\":\"Rule-HTML-Section\",\"RequestAppliesTo\":\"Rule-Declare-Trigger\",\"RequestRuleName\":\"pzDisplayPartialCount\"}" => HTTP 404 (18 bytes)
[SchemaGen] ✅ Schema written for Rule-Declare-Trigger
[PegaHttpClient] 📡 GET https://zdk8budo.pegaacademy.net/prweb/api/CodeIntelligence/v1/rules/RULE-HTML-HARNESS%20RULE-DECLARE-PAGES%20RULEFORM%20%2320180713T135638.203%20GMT => HTTP 200 (22603 bytes)
[PegaHttpClient] 📡 POST https://zdk8budo.pegaacademy.net/prweb/api/CodeIntelligence/v1/rules/query?pxObjClass=Rule-HTML-Section&appliesTo=Rule-Declare-Pages&pyRuleName=RuleFormMain&RequestClass=Rule-HTML-Section&RequestAppliesTo=Rule-Declare-Pages&RequestRuleName=RuleFormMain Payload: "{\"RequestClass\":\"Rule-HTML-Section\",\"RequestAppliesTo\":\"Rule-Declare-Pages\",\"RequestRuleName\":\"RuleFormMain\"}" => HTTP 200 (156234 bytes)
[PegaHttpClient] 📡 POST https://zdk8budo.pegaacademy.net/prweb/api/CodeIntelligence/v1/rules/query?pxObjClass=Rule-HTML-Section&appliesTo=Rule-Declare-Pages&pyRuleName=pxAlternateRuleForm&RequestClass=Rule-HTML-Section&RequestAppliesTo=Rule-Declare-Pages&RequestRuleName=pxAlternateRuleForm Payload: "{\"RequestClass\":\"Rule-HTML-Section\",\"RequestAppliesTo\":\"Rule-Declare-Pages\",\"RequestRuleName\":\"pxAlternateRuleForm\"}" => HTTP 200 (66153 bytes)
[PegaHttpClient] 📡 POST https://zdk8budo.pegaacademy.net/prweb/api/CodeIntelligence/v1/rules/query?pxObjClass=Rule-HTML-Section&appliesTo=Rule-Declare-Pages&pyRuleName=pzRuleFormScripts&RequestClass=Rule-HTML-Section&RequestAppliesTo=Rule-Declare-Pages&RequestRuleName=pzRuleFormScripts Payload: "{\"RequestClass\":\"Rule-HTML-Section\",\"RequestAppliesTo\":\"Rule-Declare-Pages\",\"RequestRuleName\":\"pzRuleFormScripts\"}" => HTTP 200 (40822 bytes)
[PegaHttpClient] 📡 POST https://zdk8budo.pegaacademy.net/prweb/api/CodeIntelligence/v1/rules/query?pxObjClass=Rule-HTML-Section&appliesTo=Rule-Declare-Pages&pyRuleName=pzRuleFormLayoutDelegated&RequestClass=Rule-HTML-Section&RequestAppliesTo=Rule-Declare-Pages&RequestRuleName=pzRuleFormLayoutDelegated Payload: "{\"RequestClass\":\"Rule-HTML-Section\",\"RequestAppliesTo\":\"Rule-Declare-Pages\",\"RequestRuleName\":\"pzRuleFormLayoutDelegated\"}" => HTTP 200 (70998 bytes)
[PegaHttpClient] 📡 POST https://zdk8budo.pegaacademy.net/prweb/api/CodeIntelligence/v1/rules/query?pxObjClass=Rule-HTML-Section&appliesTo=Rule-Declare-Pages&pyRuleName=RuleFormLayout&RequestClass=Rule-HTML-Section&RequestAppliesTo=Rule-Declare-Pages&RequestRuleName=RuleFormLayout Payload: "{\"RequestClass\":\"Rule-HTML-Section\",\"RequestAppliesTo\":\"Rule-Declare-Pages\",\"RequestRuleName\":\"RuleFormLayout\"}" => HTTP 200 (49295 bytes)
[PegaHttpClient] 📡 POST https://zdk8budo.pegaacademy.net/prweb/api/CodeIntelligence/v1/rules/query?pxObjClass=Rule-HTML-Section&appliesTo=Rule-Declare-Pages&pyRuleName=RuleFormSettings&RequestClass=Rule-HTML-Section&RequestAppliesTo=Rule-Declare-Pages&RequestRuleName=RuleFormSettings Payload: "{\"RequestClass\":\"Rule-HTML-Section\",\"RequestAppliesTo\":\"Rule-Declare-Pages\",\"RequestRuleName\":\"RuleFormSettings\"}" => HTTP 200 (20540 bytes)
[PegaHttpClient] 📡 POST https://zdk8budo.pegaacademy.net/prweb/api/CodeIntelligence/v1/rules/query?pxObjClass=Rule-HTML-Section&appliesTo=Rule-Declare-Pages&pyRuleName=OpenAuthoring&RequestClass=Rule-HTML-Section&RequestAppliesTo=Rule-Declare-Pages&RequestRuleName=OpenAuthoring Payload: "{\"RequestClass\":\"Rule-HTML-Section\",\"RequestAppliesTo\":\"Rule-Declare-Pages\",\"RequestRuleName\":\"OpenAuthoring\"}" => HTTP 200 (23695 bytes)
[PegaHttpClient] 📡 POST https://zdk8budo.pegaacademy.net/prweb/api/CodeIntelligence/v1/rules/query?pxObjClass=Rule-HTML-Section&appliesTo=Rule-Declare-Pages&pyRuleName=pyCustomHelp&RequestClass=Rule-HTML-Section&RequestAppliesTo=Rule-Declare-Pages&RequestRuleName=pyCustomHelp Payload: "{\"RequestClass\":\"Rule-HTML-Section\",\"RequestAppliesTo\":\"Rule-Declare-Pages\",\"RequestRuleName\":\"pyCustomHelp\"}" => HTTP 200 (17256 bytes)
[PegaHttpClient] 📡 POST https://zdk8budo.pegaacademy.net/prweb/api/CodeIntelligence/v1/rules/query?pxObjClass=Rule-HTML-Section&appliesTo=Rule-Declare-Pages&pyRuleName=pzRuleformMainInclude&RequestClass=Rule-HTML-Section&RequestAppliesTo=Rule-Declare-Pages&RequestRuleName=pzRuleformMainInclude Payload: "{\"RequestClass\":\"Rule-HTML-Section\",\"RequestAppliesTo\":\"Rule-Declare-Pages\",\"RequestRuleName\":\"pzRuleformMainInclude\"}" => HTTP 200 (22375 bytes)
[PegaHttpClient] 📡 POST https://zdk8budo.pegaacademy.net/prweb/api/CodeIntelligence/v1/rules/query?pxObjClass=Rule-HTML-Section&appliesTo=Rule-Declare-Pages&pyRuleName=pyAlternativeRuleFormStrategicAppExtension&RequestClass=Rule-HTML-Section&RequestAppliesTo=Rule-Declare-Pages&RequestRuleName=pyAlternativeRuleFormStrategicAppExtension Payload: "{\"RequestClass\":\"Rule-HTML-Section\",\"RequestAppliesTo\":\"Rule-Declare-Pages\",\"RequestRuleName\":\"pyAlternativeRuleFormStrategicAppExtension\"}" => HTTP 200 (25042 bytes)
[PegaHttpClient] 📡 POST https://zdk8budo.pegaacademy.net/prweb/api/CodeIntelligence/v1/rules/query?pxObjClass=Rule-HTML-Section&appliesTo=Rule-Declare-Pages&pyRuleName=pyAlternativeRuleFormExtension&RequestClass=Rule-HTML-Section&RequestAppliesTo=Rule-Declare-Pages&RequestRuleName=pyAlternativeRuleFormExtension Payload: "{\"RequestClass\":\"Rule-HTML-Section\",\"RequestAppliesTo\":\"Rule-Declare-Pages\",\"RequestRuleName\":\"pyAlternativeRuleFormExtension\"}" => HTTP 200 (24863 bytes)
[PegaHttpClient] 📡 POST https://zdk8budo.pegaacademy.net/prweb/api/CodeIntelligence/v1/rules/query?pxObjClass=Rule-HTML-Section&appliesTo=Rule-Declare-Pages&pyRuleName=RuleFormHeader&RequestClass=Rule-HTML-Section&RequestAppliesTo=Rule-Declare-Pages&RequestRuleName=RuleFormHeader Payload: "{\"RequestClass\":\"Rule-HTML-Section\",\"RequestAppliesTo\":\"Rule-Declare-Pages\",\"RequestRuleName\":\"RuleFormHeader\"}" => HTTP 200 (161043 bytes)
[PegaHttpClient] 📡 POST https://zdk8budo.pegaacademy.net/prweb/api/CodeIntelligence/v1/rules/query?pxObjClass=Rule-HTML-Section&appliesTo=Rule-Declare-Pages&pyRuleName=pzDelegationExperience&RequestClass=Rule-HTML-Section&RequestAppliesTo=Rule-Declare-Pages&RequestRuleName=pzDelegationExperience Payload: "{\"RequestClass\":\"Rule-HTML-Section\",\"RequestAppliesTo\":\"Rule-Declare-Pages\",\"RequestRuleName\":\"pzDelegationExperience\"}" => HTTP 404 (118 bytes)
[PegaHttpClient] 📡 POST https://zdk8budo.pegaacademy.net/prweb/PRRestService/CodeIntelligence/v1/rules/query?pxObjClass=Rule-HTML-Section&appliesTo=Rule-Declare-Pages&pyRuleName=pzDelegationExperience&RequestClass=Rule-HTML-Section&RequestAppliesTo=Rule-Declare-Pages&RequestRuleName=pzDelegationExperience Payload: "{\"RequestClass\":\"Rule-HTML-Section\",\"RequestAppliesTo\":\"Rule-Declare-Pages\",\"RequestRuleName\":\"pzDelegationExperience\"}" => HTTP 404 (118 bytes)
[PegaHttpClient] 📡 POST https://zdk8budo.pegaacademy.net/prweb/api/HRAppsV2Service/V1/rules/query?pxObjClass=Rule-HTML-Section&appliesTo=Rule-Declare-Pages&pyRuleName=pzDelegationExperience&RequestClass=Rule-HTML-Section&RequestAppliesTo=Rule-Declare-Pages&RequestRuleName=pzDelegationExperience Payload: "{\"RequestClass\":\"Rule-HTML-Section\",\"RequestAppliesTo\":\"Rule-Declare-Pages\",\"RequestRuleName\":\"pzDelegationExperience\"}" => HTTP 404 (18 bytes)
[PegaHttpClient] 📡 POST https://zdk8budo.pegaacademy.net/prweb/PRRestService/HRAppsV2Service/V1/rules/query?pxObjClass=Rule-HTML-Section&appliesTo=Rule-Declare-Pages&pyRuleName=pzDelegationExperience&RequestClass=Rule-HTML-Section&RequestAppliesTo=Rule-Declare-Pages&RequestRuleName=pzDelegationExperience Payload: "{\"RequestClass\":\"Rule-HTML-Section\",\"RequestAppliesTo\":\"Rule-Declare-Pages\",\"RequestRuleName\":\"pzDelegationExperience\"}" => HTTP 404 (18 bytes)
[PegaHttpClient] 📡 POST https://zdk8budo.pegaacademy.net/prweb/api/HRAppsV2/V1/rules/query?pxObjClass=Rule-HTML-Section&appliesTo=Rule-Declare-Pages&pyRuleName=pzDelegationExperience&RequestClass=Rule-HTML-Section&RequestAppliesTo=Rule-Declare-Pages&RequestRuleName=pzDelegationExperience Payload: "{\"RequestClass\":\"Rule-HTML-Section\",\"RequestAppliesTo\":\"Rule-Declare-Pages\",\"RequestRuleName\":\"pzDelegationExperience\"}" => HTTP 404 (18 bytes)
[PegaHttpClient] 📡 POST https://zdk8budo.pegaacademy.net/prweb/PRRestService/HRAppsV2/V1/rules/query?pxObjClass=Rule-HTML-Section&appliesTo=Rule-Declare-Pages&pyRuleName=pzDelegationExperience&RequestClass=Rule-HTML-Section&RequestAppliesTo=Rule-Declare-Pages&RequestRuleName=pzDelegationExperience Payload: "{\"RequestClass\":\"Rule-HTML-Section\",\"RequestAppliesTo\":\"Rule-Declare-Pages\",\"RequestRuleName\":\"pzDelegationExperience\"}" => HTTP 404 (18 bytes)
[PegaHttpClient] 📡 POST https://zdk8budo.pegaacademy.net/prweb/api/v1/rules/query?pxObjClass=Rule-HTML-Section&appliesTo=Rule-Declare-Pages&pyRuleName=pzDelegationExperience&RequestClass=Rule-HTML-Section&RequestAppliesTo=Rule-Declare-Pages&RequestRuleName=pzDelegationExperience Payload: "{\"RequestClass\":\"Rule-HTML-Section\",\"RequestAppliesTo\":\"Rule-Declare-Pages\",\"RequestRuleName\":\"pzDelegationExperience\"}" => HTTP 404 (18 bytes)
[PegaHttpClient] 📡 POST https://zdk8budo.pegaacademy.net/prweb/PRRestService/v1/rules/query?pxObjClass=Rule-HTML-Section&appliesTo=Rule-Declare-Pages&pyRuleName=pzDelegationExperience&RequestClass=Rule-HTML-Section&RequestAppliesTo=Rule-Declare-Pages&RequestRuleName=pzDelegationExperience Payload: "{\"RequestClass\":\"Rule-HTML-Section\",\"RequestAppliesTo\":\"Rule-Declare-Pages\",\"RequestRuleName\":\"pzDelegationExperience\"}" => HTTP 404 (18 bytes)
[PegaHttpClient] 📡 POST https://zdk8budo.pegaacademy.net/prweb/api/CodeIntelligence/v1/rules/query?pxObjClass=Rule-HTML-Section&appliesTo=Rule-Declare-Pages&pyRuleName=pzInnerRuleFormLayout&RequestClass=Rule-HTML-Section&RequestAppliesTo=Rule-Declare-Pages&RequestRuleName=pzInnerRuleFormLayout Payload: "{\"RequestClass\":\"Rule-HTML-Section\",\"RequestAppliesTo\":\"Rule-Declare-Pages\",\"RequestRuleName\":\"pzInnerRuleFormLayout\"}" => HTTP 200 (151239 bytes)
[PegaHttpClient] 📡 POST https://zdk8budo.pegaacademy.net/prweb/api/CodeIntelligence/v1/rules/query?pxObjClass=Rule-HTML-Section&appliesTo=Rule-Declare-Pages&pyRuleName=pzCustomHelp&RequestClass=Rule-HTML-Section&RequestAppliesTo=Rule-Declare-Pages&RequestRuleName=pzCustomHelp Payload: "{\"RequestClass\":\"Rule-HTML-Section\",\"RequestAppliesTo\":\"Rule-Declare-Pages\",\"RequestRuleName\":\"pzCustomHelp\"}" => HTTP 200 (31573 bytes)
[PegaHttpClient] 📡 POST https://zdk8budo.pegaacademy.net/prweb/api/CodeIntelligence/v1/rules/query?pxObjClass=Rule-HTML-Section&appliesTo=Rule-Declare-Pages&pyRuleName=pzRuleFormKeysAndDescription&RequestClass=Rule-HTML-Section&RequestAppliesTo=Rule-Declare-Pages&RequestRuleName=pzRuleFormKeysAndDescription Payload: "{\"RequestClass\":\"Rule-HTML-Section\",\"RequestAppliesTo\":\"Rule-Declare-Pages\",\"RequestRuleName\":\"pzRuleFormKeysAndDescription\"}" => HTTP 200 (218057 bytes)
[PegaHttpClient] 📡 POST https://zdk8budo.pegaacademy.net/prweb/api/CodeIntelligence/v1/rules/query?pxObjClass=Rule-HTML-Section&appliesTo=Rule-Declare-Pages&pyRuleName=pzRuleFormRuleset&RequestClass=Rule-HTML-Section&RequestAppliesTo=Rule-Declare-Pages&RequestRuleName=pzRuleFormRuleset Payload: "{\"RequestClass\":\"Rule-HTML-Section\",\"RequestAppliesTo\":\"Rule-Declare-Pages\",\"RequestRuleName\":\"pzRuleFormRuleset\"}" => HTTP 200 (33985 bytes)
[PegaHttpClient] 📡 POST https://zdk8budo.pegaacademy.net/prweb/api/CodeIntelligence/v1/rules/query?pxObjClass=Rule-HTML-Section&appliesTo=Rule-Declare-Pages&pyRuleName=undefined&RequestClass=Rule-HTML-Section&RequestAppliesTo=Rule-Declare-Pages&RequestRuleName=undefined Payload: "{\"RequestClass\":\"Rule-HTML-Section\",\"RequestAppliesTo\":\"Rule-Declare-Pages\",\"RequestRuleName\":\"undefined\"}" => HTTP 404 (105 bytes)
[PegaHttpClient] 📡 POST https://zdk8budo.pegaacademy.net/prweb/PRRestService/CodeIntelligence/v1/rules/query?pxObjClass=Rule-HTML-Section&appliesTo=Rule-Declare-Pages&pyRuleName=undefined&RequestClass=Rule-HTML-Section&RequestAppliesTo=Rule-Declare-Pages&RequestRuleName=undefined Payload: "{\"RequestClass\":\"Rule-HTML-Section\",\"RequestAppliesTo\":\"Rule-Declare-Pages\",\"RequestRuleName\":\"undefined\"}" => HTTP 404 (105 bytes)
[PegaHttpClient] 📡 POST https://zdk8budo.pegaacademy.net/prweb/api/HRAppsV2Service/V1/rules/query?pxObjClass=Rule-HTML-Section&appliesTo=Rule-Declare-Pages&pyRuleName=undefined&RequestClass=Rule-HTML-Section&RequestAppliesTo=Rule-Declare-Pages&RequestRuleName=undefined Payload: "{\"RequestClass\":\"Rule-HTML-Section\",\"RequestAppliesTo\":\"Rule-Declare-Pages\",\"RequestRuleName\":\"undefined\"}" => HTTP 404 (18 bytes)
[PegaHttpClient] 📡 POST https://zdk8budo.pegaacademy.net/prweb/PRRestService/HRAppsV2Service/V1/rules/query?pxObjClass=Rule-HTML-Section&appliesTo=Rule-Declare-Pages&pyRuleName=undefined&RequestClass=Rule-HTML-Section&RequestAppliesTo=Rule-Declare-Pages&RequestRuleName=undefined Payload: "{\"RequestClass\":\"Rule-HTML-Section\",\"RequestAppliesTo\":\"Rule-Declare-Pages\",\"RequestRuleName\":\"undefined\"}" => HTTP 404 (18 bytes)
[PegaHttpClient] 📡 POST https://zdk8budo.pegaacademy.net/prweb/api/HRAppsV2/V1/rules/query?pxObjClass=Rule-HTML-Section&appliesTo=Rule-Declare-Pages&pyRuleName=undefined&RequestClass=Rule-HTML-Section&RequestAppliesTo=Rule-Declare-Pages&RequestRuleName=undefined Payload: "{\"RequestClass\":\"Rule-HTML-Section\",\"RequestAppliesTo\":\"Rule-Declare-Pages\",\"RequestRuleName\":\"undefined\"}" => HTTP 404 (18 bytes)
[PegaHttpClient] 📡 POST https://zdk8budo.pegaacademy.net/prweb/PRRestService/HRAppsV2/V1/rules/query?pxObjClass=Rule-HTML-Section&appliesTo=Rule-Declare-Pages&pyRuleName=undefined&RequestClass=Rule-HTML-Section&RequestAppliesTo=Rule-Declare-Pages&RequestRuleName=undefined Payload: "{\"RequestClass\":\"Rule-HTML-Section\",\"RequestAppliesTo\":\"Rule-Declare-Pages\",\"RequestRuleName\":\"undefined\"}" => HTTP 404 (18 bytes)
[PegaHttpClient] 📡 POST https://zdk8budo.pegaacademy.net/prweb/api/v1/rules/query?pxObjClass=Rule-HTML-Section&appliesTo=Rule-Declare-Pages&pyRuleName=undefined&RequestClass=Rule-HTML-Section&RequestAppliesTo=Rule-Declare-Pages&RequestRuleName=undefined Payload: "{\"RequestClass\":\"Rule-HTML-Section\",\"RequestAppliesTo\":\"Rule-Declare-Pages\",\"RequestRuleName\":\"undefined\"}" => HTTP 404 (18 bytes)
[PegaHttpClient] 📡 POST https://zdk8budo.pegaacademy.net/prweb/PRRestService/v1/rules/query?pxObjClass=Rule-HTML-Section&appliesTo=Rule-Declare-Pages&pyRuleName=undefined&RequestClass=Rule-HTML-Section&RequestAppliesTo=Rule-Declare-Pages&RequestRuleName=undefined Payload: "{\"RequestClass\":\"Rule-HTML-Section\",\"RequestAppliesTo\":\"Rule-Declare-Pages\",\"RequestRuleName\":\"undefined\"}" => HTTP 404 (18 bytes)
[PegaHttpClient] 📡 POST https://zdk8budo.pegaacademy.net/prweb/api/CodeIntelligence/v1/rules/query?pxObjClass=Rule-HTML-Section&appliesTo=Rule-Declare-Pages&pyRuleName=pzRuleFormToolbar&RequestClass=Rule-HTML-Section&RequestAppliesTo=Rule-Declare-Pages&RequestRuleName=pzRuleFormToolbar Payload: "{\"RequestClass\":\"Rule-HTML-Section\",\"RequestAppliesTo\":\"Rule-Declare-Pages\",\"RequestRuleName\":\"pzRuleFormToolbar\"}" => HTTP 200 (214839 bytes)
[PegaHttpClient] 📡 POST https://zdk8budo.pegaacademy.net/prweb/api/CodeIntelligence/v1/rules/query?pxObjClass=Rule-HTML-Section&appliesTo=Rule-Declare-Pages&pyRuleName=pzRuleFormToolbarCompare&RequestClass=Rule-HTML-Section&RequestAppliesTo=Rule-Declare-Pages&RequestRuleName=pzRuleFormToolbarCompare Payload: "{\"RequestClass\":\"Rule-HTML-Section\",\"RequestAppliesTo\":\"Rule-Declare-Pages\",\"RequestRuleName\":\"pzRuleFormToolbarCompare\"}" => HTTP 200 (61925 bytes)
[PegaHttpClient] 📡 POST https://zdk8budo.pegaacademy.net/prweb/api/CodeIntelligence/v1/rules/query?pxObjClass=Rule-HTML-Section&appliesTo=Rule-Declare-Pages&pyRuleName=RuleFormHeaderMessages&RequestClass=Rule-HTML-Section&RequestAppliesTo=Rule-Declare-Pages&RequestRuleName=RuleFormHeaderMessages Payload: "{\"RequestClass\":\"Rule-HTML-Section\",\"RequestAppliesTo\":\"Rule-Declare-Pages\",\"RequestRuleName\":\"RuleFormHeaderMessages\"}" => HTTP 200 (26518 bytes)
[PegaHttpClient] 📡 POST https://zdk8budo.pegaacademy.net/prweb/api/CodeIntelligence/v1/rules/query?pxObjClass=Rule-HTML-Section&appliesTo=Rule-Declare-Pages&pyRuleName=pzDefinition&RequestClass=Rule-HTML-Section&RequestAppliesTo=Rule-Declare-Pages&RequestRuleName=pzDefinition Payload: "{\"RequestClass\":\"Rule-HTML-Section\",\"RequestAppliesTo\":\"Rule-Declare-Pages\",\"RequestRuleName\":\"pzDefinition\"}" => HTTP 200 (103626 bytes)
[PegaHttpClient] 📡 POST https://zdk8budo.pegaacademy.net/prweb/api/CodeIntelligence/v1/rules/query?pxObjClass=Rule-HTML-Section&appliesTo=Rule-Declare-Pages&pyRuleName=pzAdvanced&RequestClass=Rule-HTML-Section&RequestAppliesTo=Rule-Declare-Pages&RequestRuleName=pzAdvanced Payload: "{\"RequestClass\":\"Rule-HTML-Section\",\"RequestAppliesTo\":\"Rule-Declare-Pages\",\"RequestRuleName\":\"pzAdvanced\"}" => HTTP 200 (51401 bytes)
[PegaHttpClient] 📡 POST https://zdk8budo.pegaacademy.net/prweb/api/CodeIntelligence/v1/rules/query?pxObjClass=Rule-HTML-Section&appliesTo=Rule-Declare-Pages&pyRuleName=pzSecurity&RequestClass=Rule-HTML-Section&RequestAppliesTo=Rule-Declare-Pages&RequestRuleName=pzSecurity Payload: "{\"RequestClass\":\"Rule-HTML-Section\",\"RequestAppliesTo\":\"Rule-Declare-Pages\",\"RequestRuleName\":\"pzSecurity\"}" => HTTP 200 (29534 bytes)
[PegaHttpClient] 📡 POST https://zdk8budo.pegaacademy.net/prweb/api/CodeIntelligence/v1/rules/query?pxObjClass=Rule-HTML-Section&appliesTo=Rule-Declare-Pages&pyRuleName=pzRuleFormParameters&RequestClass=Rule-HTML-Section&RequestAppliesTo=Rule-Declare-Pages&RequestRuleName=pzRuleFormParameters Payload: "{\"RequestClass\":\"Rule-HTML-Section\",\"RequestAppliesTo\":\"Rule-Declare-Pages\",\"RequestRuleName\":\"pzRuleFormParameters\"}" => HTTP 200 (23431 bytes)
[PegaHttpClient] 📡 POST https://zdk8budo.pegaacademy.net/prweb/api/CodeIntelligence/v1/rules/query?pxObjClass=Rule-HTML-Section&appliesTo=Rule-Declare-Pages&pyRuleName=RuleFormPagesAndClasses&RequestClass=Rule-HTML-Section&RequestAppliesTo=Rule-Declare-Pages&RequestRuleName=RuleFormPagesAndClasses Payload: "{\"RequestClass\":\"Rule-HTML-Section\",\"RequestAppliesTo\":\"Rule-Declare-Pages\",\"RequestRuleName\":\"RuleFormPagesAndClasses\"}" => HTTP 200 (142583 bytes)
[PegaHttpClient] 📡 POST https://zdk8budo.pegaacademy.net/prweb/api/CodeIntelligence/v1/rules/query?pxObjClass=Rule-HTML-Section&appliesTo=Rule-Declare-Pages&pyRuleName=pzUnitTestCases&RequestClass=Rule-HTML-Section&RequestAppliesTo=Rule-Declare-Pages&RequestRuleName=pzUnitTestCases Payload: "{\"RequestClass\":\"Rule-HTML-Section\",\"RequestAppliesTo\":\"Rule-Declare-Pages\",\"RequestRuleName\":\"pzUnitTestCases\"}" => HTTP 200 (285239 bytes)
[PegaHttpClient] 📡 POST https://zdk8budo.pegaacademy.net/prweb/api/CodeIntelligence/v1/rules/query?pxObjClass=Rule-HTML-Section&appliesTo=Rule-Declare-Pages&pyRuleName=pzUsageDetails&RequestClass=Rule-HTML-Section&RequestAppliesTo=Rule-Declare-Pages&RequestRuleName=pzUsageDetails Payload: "{\"RequestClass\":\"Rule-HTML-Section\",\"RequestAppliesTo\":\"Rule-Declare-Pages\",\"RequestRuleName\":\"pzUsageDetails\"}" => HTTP 200 (49889 bytes)
[PegaHttpClient] 📡 POST https://zdk8budo.pegaacademy.net/prweb/api/CodeIntelligence/v1/rules/query?pxObjClass=Rule-HTML-Section&appliesTo=Rule-Declare-Pages&pyRuleName=pzSpecifications&RequestClass=Rule-HTML-Section&RequestAppliesTo=Rule-Declare-Pages&RequestRuleName=pzSpecifications Payload: "{\"RequestClass\":\"Rule-HTML-Section\",\"RequestAppliesTo\":\"Rule-Declare-Pages\",\"RequestRuleName\":\"pzSpecifications\"}" => HTTP 200 (16577 bytes)
[PegaHttpClient] 📡 POST https://zdk8budo.pegaacademy.net/prweb/api/CodeIntelligence/v1/rules/query?pxObjClass=Rule-HTML-Section&appliesTo=Rule-Declare-Pages&pyRuleName=RuleFormHistory&RequestClass=Rule-HTML-Section&RequestAppliesTo=Rule-Declare-Pages&RequestRuleName=RuleFormHistory Payload: "{\"RequestClass\":\"Rule-HTML-Section\",\"RequestAppliesTo\":\"Rule-Declare-Pages\",\"RequestRuleName\":\"RuleFormHistory\"}" => HTTP 200 (76091 bytes)
[PegaHttpClient] 📡 POST https://zdk8budo.pegaacademy.net/prweb/api/CodeIntelligence/v1/rules/query?pxObjClass=Rule-HTML-Section&appliesTo=Rule-Declare-Pages&pyRuleName=pzRuleFormStatus&RequestClass=Rule-HTML-Section&RequestAppliesTo=Rule-Declare-Pages&RequestRuleName=pzRuleFormStatus Payload: "{\"RequestClass\":\"Rule-HTML-Section\",\"RequestAppliesTo\":\"Rule-Declare-Pages\",\"RequestRuleName\":\"pzRuleFormStatus\"}" => HTTP 200 (97627 bytes)
[PegaHttpClient] 📡 POST https://zdk8budo.pegaacademy.net/prweb/api/CodeIntelligence/v1/rules/query?pxObjClass=Rule-HTML-Section&appliesTo=Rule-Declare-Pages&pyRuleName=pzRuleFormHeaderCompareWithDropDown&RequestClass=Rule-HTML-Section&RequestAppliesTo=Rule-Declare-Pages&RequestRuleName=pzRuleFormHeaderCompareWithDropDown Payload: "{\"RequestClass\":\"Rule-HTML-Section\",\"RequestAppliesTo\":\"Rule-Declare-Pages\",\"RequestRuleName\":\"pzRuleFormHeaderCompareWithDropDown\"}" => HTTP 200 (25396 bytes)
[PegaHttpClient] 📡 POST https://zdk8budo.pegaacademy.net/prweb/api/CodeIntelligence/v1/rules/query?pxObjClass=Rule-HTML-Section&appliesTo=Rule-Declare-Pages&pyRuleName=undefined&RequestClass=Rule-HTML-Section&RequestAppliesTo=Rule-Declare-Pages&RequestRuleName=undefined Payload: "{\"RequestClass\":\"Rule-HTML-Section\",\"RequestAppliesTo\":\"Rule-Declare-Pages\",\"RequestRuleName\":\"undefined\"}" => HTTP 404 (105 bytes)
[PegaHttpClient] 📡 POST https://zdk8budo.pegaacademy.net/prweb/PRRestService/CodeIntelligence/v1/rules/query?pxObjClass=Rule-HTML-Section&appliesTo=Rule-Declare-Pages&pyRuleName=undefined&RequestClass=Rule-HTML-Section&RequestAppliesTo=Rule-Declare-Pages&RequestRuleName=undefined Payload: "{\"RequestClass\":\"Rule-HTML-Section\",\"RequestAppliesTo\":\"Rule-Declare-Pages\",\"RequestRuleName\":\"undefined\"}" => HTTP 404 (105 bytes)
[PegaHttpClient] 📡 POST https://zdk8budo.pegaacademy.net/prweb/api/HRAppsV2Service/V1/rules/query?pxObjClass=Rule-HTML-Section&appliesTo=Rule-Declare-Pages&pyRuleName=undefined&RequestClass=Rule-HTML-Section&RequestAppliesTo=Rule-Declare-Pages&RequestRuleName=undefined Payload: "{\"RequestClass\":\"Rule-HTML-Section\",\"RequestAppliesTo\":\"Rule-Declare-Pages\",\"RequestRuleName\":\"undefined\"}" => HTTP 404 (18 bytes)
[PegaHttpClient] 📡 POST https://zdk8budo.pegaacademy.net/prweb/PRRestService/HRAppsV2Service/V1/rules/query?pxObjClass=Rule-HTML-Section&appliesTo=Rule-Declare-Pages&pyRuleName=undefined&RequestClass=Rule-HTML-Section&RequestAppliesTo=Rule-Declare-Pages&RequestRuleName=undefined Payload: "{\"RequestClass\":\"Rule-HTML-Section\",\"RequestAppliesTo\":\"Rule-Declare-Pages\",\"RequestRuleName\":\"undefined\"}" => HTTP 404 (18 bytes)
[PegaHttpClient] 📡 POST https://zdk8budo.pegaacademy.net/prweb/api/HRAppsV2/V1/rules/query?pxObjClass=Rule-HTML-Section&appliesTo=Rule-Declare-Pages&pyRuleName=undefined&RequestClass=Rule-HTML-Section&RequestAppliesTo=Rule-Declare-Pages&RequestRuleName=undefined Payload: "{\"RequestClass\":\"Rule-HTML-Section\",\"RequestAppliesTo\":\"Rule-Declare-Pages\",\"RequestRuleName\":\"undefined\"}" => HTTP 404 (18 bytes)
[PegaHttpClient] 📡 POST https://zdk8budo.pegaacademy.net/prweb/PRRestService/HRAppsV2/V1/rules/query?pxObjClass=Rule-HTML-Section&appliesTo=Rule-Declare-Pages&pyRuleName=undefined&RequestClass=Rule-HTML-Section&RequestAppliesTo=Rule-Declare-Pages&RequestRuleName=undefined Payload: "{\"RequestClass\":\"Rule-HTML-Section\",\"RequestAppliesTo\":\"Rule-Declare-Pages\",\"RequestRuleName\":\"undefined\"}" => HTTP 404 (18 bytes)
[PegaHttpClient] 📡 POST https://zdk8budo.pegaacademy.net/prweb/api/v1/rules/query?pxObjClass=Rule-HTML-Section&appliesTo=Rule-Declare-Pages&pyRuleName=undefined&RequestClass=Rule-HTML-Section&RequestAppliesTo=Rule-Declare-Pages&RequestRuleName=undefined Payload: "{\"RequestClass\":\"Rule-HTML-Section\",\"RequestAppliesTo\":\"Rule-Declare-Pages\",\"RequestRuleName\":\"undefined\"}" => HTTP 404 (18 bytes)
[PegaHttpClient] 📡 POST https://zdk8budo.pegaacademy.net/prweb/PRRestService/v1/rules/query?pxObjClass=Rule-HTML-Section&appliesTo=Rule-Declare-Pages&pyRuleName=undefined&RequestClass=Rule-HTML-Section&RequestAppliesTo=Rule-Declare-Pages&RequestRuleName=undefined Payload: "{\"RequestClass\":\"Rule-HTML-Section\",\"RequestAppliesTo\":\"Rule-Declare-Pages\",\"RequestRuleName\":\"undefined\"}" => HTTP 404 (18 bytes)
[PegaHttpClient] 📡 POST https://zdk8budo.pegaacademy.net/prweb/api/CodeIntelligence/v1/rules/query?pxObjClass=Rule-HTML-Section&appliesTo=Rule-Declare-Pages&pyRuleName=pzRuleFormToolbarHotKeys&RequestClass=Rule-HTML-Section&RequestAppliesTo=Rule-Declare-Pages&RequestRuleName=pzRuleFormToolbarHotKeys Payload: "{\"RequestClass\":\"Rule-HTML-Section\",\"RequestAppliesTo\":\"Rule-Declare-Pages\",\"RequestRuleName\":\"pzRuleFormToolbarHotKeys\"}" => HTTP 200 (85058 bytes)
[PegaHttpClient] 📡 POST https://zdk8budo.pegaacademy.net/prweb/api/CodeIntelligence/v1/rules/query?pxObjClass=Rule-HTML-Section&appliesTo=Rule-Declare-Pages&pyRuleName=pzRuleFormToolbarLockedIcon&RequestClass=Rule-HTML-Section&RequestAppliesTo=Rule-Declare-Pages&RequestRuleName=pzRuleFormToolbarLockedIcon Payload: "{\"RequestClass\":\"Rule-HTML-Section\",\"RequestAppliesTo\":\"Rule-Declare-Pages\",\"RequestRuleName\":\"pzRuleFormToolbarLockedIcon\"}" => HTTP 200 (24898 bytes)
[PegaHttpClient] 📡 POST https://zdk8budo.pegaacademy.net/prweb/api/CodeIntelligence/v1/rules/query?pxObjClass=Rule-HTML-Section&appliesTo=Rule-Declare-Pages&pyRuleName=pzRuleFormToolbarCollaborators&RequestClass=Rule-HTML-Section&RequestAppliesTo=Rule-Declare-Pages&RequestRuleName=pzRuleFormToolbarCollaborators Payload: "{\"RequestClass\":\"Rule-HTML-Section\",\"RequestAppliesTo\":\"Rule-Declare-Pages\",\"RequestRuleName\":\"pzRuleFormToolbarCollaborators\"}" => HTTP 200 (15254 bytes)
[PegaHttpClient] 📡 POST https://zdk8budo.pegaacademy.net/prweb/api/CodeIntelligence/v1/rules/query?pxObjClass=Rule-HTML-Section&appliesTo=Rule-Declare-Pages&pyRuleName=pzRuleFormToolbarSaveAs&RequestClass=Rule-HTML-Section&RequestAppliesTo=Rule-Declare-Pages&RequestRuleName=pzRuleFormToolbarSaveAs Payload: "{\"RequestClass\":\"Rule-HTML-Section\",\"RequestAppliesTo\":\"Rule-Declare-Pages\",\"RequestRuleName\":\"pzRuleFormToolbarSaveAs\"}" => HTTP 200 (64084 bytes)
[PegaHttpClient] 📡 POST https://zdk8budo.pegaacademy.net/prweb/api/CodeIntelligence/v1/rules/query?pxObjClass=Rule-HTML-Section&appliesTo=Rule-Declare-Pages&pyRuleName=pzRuleFormToolbarCheckin&RequestClass=Rule-HTML-Section&RequestAppliesTo=Rule-Declare-Pages&RequestRuleName=pzRuleFormToolbarCheckin Payload: "{\"RequestClass\":\"Rule-HTML-Section\",\"RequestAppliesTo\":\"Rule-Declare-Pages\",\"RequestRuleName\":\"pzRuleFormToolbarCheckin\"}" => HTTP 200 (119096 bytes)
[PegaHttpClient] 📡 POST https://zdk8budo.pegaacademy.net/prweb/api/CodeIntelligence/v1/rules/query?pxObjClass=Rule-HTML-Section&appliesTo=Rule-Declare-Pages&pyRuleName=pzRuleFormToolbarDelete&RequestClass=Rule-HTML-Section&RequestAppliesTo=Rule-Declare-Pages&RequestRuleName=pzRuleFormToolbarDelete Payload: "{\"RequestClass\":\"Rule-HTML-Section\",\"RequestAppliesTo\":\"Rule-Declare-Pages\",\"RequestRuleName\":\"pzRuleFormToolbarDelete\"}" => HTTP 200 (30249 bytes)
[PegaHttpClient] 📡 POST https://zdk8budo.pegaacademy.net/prweb/api/CodeIntelligence/v1/rules/query?pxObjClass=Rule-HTML-Section&appliesTo=Rule-Declare-Pages&pyRuleName=pzRuleFormToolbarSave&RequestClass=Rule-HTML-Section&RequestAppliesTo=Rule-Declare-Pages&RequestRuleName=pzRuleFormToolbarSave Payload: "{\"RequestClass\":\"Rule-HTML-Section\",\"RequestAppliesTo\":\"Rule-Declare-Pages\",\"RequestRuleName\":\"pzRuleFormToolbarSave\"}" => HTTP 200 (293885 bytes)
[PegaHttpClient] 📡 POST https://zdk8budo.pegaacademy.net/prweb/api/CodeIntelligence/v1/rules/query?pxObjClass=Rule-HTML-Section&appliesTo=Rule-Declare-Pages&pyRuleName=pzRuleFormToolbarCheckout&RequestClass=Rule-HTML-Section&RequestAppliesTo=Rule-Declare-Pages&RequestRuleName=pzRuleFormToolbarCheckout Payload: "{\"RequestClass\":\"Rule-HTML-Section\",\"RequestAppliesTo\":\"Rule-Declare-Pages\",\"RequestRuleName\":\"pzRuleFormToolbarCheckout\"}" => HTTP 200 (238148 bytes)
[PegaHttpClient] 📡 POST https://zdk8budo.pegaacademy.net/prweb/api/CodeIntelligence/v1/rules/query?pxObjClass=Rule-HTML-Section&appliesTo=Rule-Declare-Pages&pyRuleName=pzRemoveErrorsDataPage&RequestClass=Rule-HTML-Section&RequestAppliesTo=Rule-Declare-Pages&RequestRuleName=pzRemoveErrorsDataPage Payload: "{\"RequestClass\":\"Rule-HTML-Section\",\"RequestAppliesTo\":\"Rule-Declare-Pages\",\"RequestRuleName\":\"pzRemoveErrorsDataPage\"}" => HTTP 200 (16733 bytes)
[PegaHttpClient] 📡 POST https://zdk8budo.pegaacademy.net/prweb/api/CodeIntelligence/v1/rules/query?pxObjClass=Rule-HTML-Section&appliesTo=Rule-Declare-Pages&pyRuleName=pzRuleFormHeaderMessagesWrapper&RequestClass=Rule-HTML-Section&RequestAppliesTo=Rule-Declare-Pages&RequestRuleName=pzRuleFormHeaderMessagesWrapper Payload: "{\"RequestClass\":\"Rule-HTML-Section\",\"RequestAppliesTo\":\"Rule-Declare-Pages\",\"RequestRuleName\":\"pzRuleFormHeaderMessagesWrapper\"}" => HTTP 200 (16981 bytes)
[PegaHttpClient] 📡 POST https://zdk8budo.pegaacademy.net/prweb/api/CodeIntelligence/v1/rules/query?pxObjClass=Rule-HTML-Section&appliesTo=Rule-Declare-Pages&pyRuleName=pzPageDefinition&RequestClass=Rule-HTML-Section&RequestAppliesTo=Rule-Declare-Pages&RequestRuleName=pzPageDefinition Payload: "{\"RequestClass\":\"Rule-HTML-Section\",\"RequestAppliesTo\":\"Rule-Declare-Pages\",\"RequestRuleName\":\"pzPageDefinition\"}" => HTTP 200 (98311 bytes)
[PegaHttpClient] 📡 POST https://zdk8budo.pegaacademy.net/prweb/api/CodeIntelligence/v1/rules/query?pxObjClass=Rule-HTML-Section&appliesTo=Rule-Declare-Pages&pyRuleName=pzKeys&RequestClass=Rule-HTML-Section&RequestAppliesTo=Rule-Declare-Pages&RequestRuleName=pzKeys Payload: "{\"RequestClass\":\"Rule-HTML-Section\",\"RequestAppliesTo\":\"Rule-Declare-Pages\",\"RequestRuleName\":\"pzKeys\"}" => HTTP 200 (67452 bytes)
[PegaHttpClient] 📡 POST https://zdk8budo.pegaacademy.net/prweb/api/CodeIntelligence/v1/rules/query?pxObjClass=Rule-HTML-Section&appliesTo=Rule-Declare-Pages&pyRuleName=pzDataSourceOptions&RequestClass=Rule-HTML-Section&RequestAppliesTo=Rule-Declare-Pages&RequestRuleName=pzDataSourceOptions Payload: "{\"RequestClass\":\"Rule-HTML-Section\",\"RequestAppliesTo\":\"Rule-Declare-Pages\",\"RequestRuleName\":\"pzDataSourceOptions\"}" => HTTP 200 (63695 bytes)
[PegaHttpClient] 📡 POST https://zdk8budo.pegaacademy.net/prweb/api/CodeIntelligence/v1/rules/query?pxObjClass=Rule-HTML-Section&appliesTo=Rule-Declare-Pages&pyRuleName=pzPostLoadProcessing&RequestClass=Rule-HTML-Section&RequestAppliesTo=Rule-Declare-Pages&RequestRuleName=pzPostLoadProcessing Payload: "{\"RequestClass\":\"Rule-HTML-Section\",\"RequestAppliesTo\":\"Rule-Declare-Pages\",\"RequestRuleName\":\"pzPostLoadProcessing\"}" => HTTP 200 (93263 bytes)
[PegaHttpClient] 📡 POST https://zdk8budo.pegaacademy.net/prweb/api/CodeIntelligence/v1/rules/query?pxObjClass=Rule-HTML-Section&appliesTo=Rule-Declare-Pages&pyRuleName=pzQueryOptions&RequestClass=Rule-HTML-Section&RequestAppliesTo=Rule-Declare-Pages&RequestRuleName=pzQueryOptions Payload: "{\"RequestClass\":\"Rule-HTML-Section\",\"RequestAppliesTo\":\"Rule-Declare-Pages\",\"RequestRuleName\":\"pzQueryOptions\"}" => HTTP 200 (81010 bytes)
[PegaHttpClient] 📡 POST https://zdk8budo.pegaacademy.net/prweb/api/CodeIntelligence/v1/rules/query?pxObjClass=Rule-HTML-Section&appliesTo=Rule-Declare-Pages&pyRuleName=pzDataSaveOptions&RequestClass=Rule-HTML-Section&RequestAppliesTo=Rule-Declare-Pages&RequestRuleName=pzDataSaveOptions Payload: "{\"RequestClass\":\"Rule-HTML-Section\",\"RequestAppliesTo\":\"Rule-Declare-Pages\",\"RequestRuleName\":\"pzDataSaveOptions\"}" => HTTP 200 (73636 bytes)
[PegaHttpClient] 📡 POST https://zdk8budo.pegaacademy.net/prweb/api/CodeIntelligence/v1/rules/query?pxObjClass=Rule-HTML-Section&appliesTo=Rule-Declare-Pages&pyRuleName=pzRefreshStrategy&RequestClass=Rule-HTML-Section&RequestAppliesTo=Rule-Declare-Pages&RequestRuleName=pzRefreshStrategy Payload: "{\"RequestClass\":\"Rule-HTML-Section\",\"RequestAppliesTo\":\"Rule-Declare-Pages\",\"RequestRuleName\":\"pzRefreshStrategy\"}" => HTTP 200 (85034 bytes)
[PegaHttpClient] 📡 POST https://zdk8budo.pegaacademy.net/prweb/api/CodeIntelligence/v1/rules/query?pxObjClass=Rule-HTML-Section&appliesTo=Rule-Declare-Pages&pyRuleName=pxLimitSingleDataPage&RequestClass=Rule-HTML-Section&RequestAppliesTo=Rule-Declare-Pages&RequestRuleName=pxLimitSingleDataPage Payload: "{\"RequestClass\":\"Rule-HTML-Section\",\"RequestAppliesTo\":\"Rule-Declare-Pages\",\"RequestRuleName\":\"pxLimitSingleDataPage\"}" => HTTP 200 (63354 bytes)
[PegaHttpClient] 📡 POST https://zdk8budo.pegaacademy.net/prweb/api/CodeIntelligence/v1/rules/query?pxObjClass=Rule-HTML-Section&appliesTo=Rule-Declare-Pages&pyRuleName=pzPrivileges&RequestClass=Rule-HTML-Section&RequestAppliesTo=Rule-Declare-Pages&RequestRuleName=pzPrivileges Payload: "{\"RequestClass\":\"Rule-HTML-Section\",\"RequestAppliesTo\":\"Rule-Declare-Pages\",\"RequestRuleName\":\"pzPrivileges\"}" => HTTP 200 (72463 bytes)
[PegaHttpClient] 📡 POST https://zdk8budo.pegaacademy.net/prweb/api/CodeIntelligence/v1/rules/query?pxObjClass=Rule-HTML-Section&appliesTo=Rule-Declare-Pages&pyRuleName=pzRuleFormParametersScript&RequestClass=Rule-HTML-Section&RequestAppliesTo=Rule-Declare-Pages&RequestRuleName=pzRuleFormParametersScript Payload: "{\"RequestClass\":\"Rule-HTML-Section\",\"RequestAppliesTo\":\"Rule-Declare-Pages\",\"RequestRuleName\":\"pzRuleFormParametersScript\"}" => HTTP 200 (32712 bytes)
[PegaHttpClient] 📡 POST https://zdk8budo.pegaacademy.net/prweb/api/CodeIntelligence/v1/rules/query?pxObjClass=Rule-HTML-Section&appliesTo=Rule-Declare-Pages&pyRuleName=pxRuleFormParameters&RequestClass=Rule-HTML-Section&RequestAppliesTo=Rule-Declare-Pages&RequestRuleName=pxRuleFormParameters Payload: "{\"RequestClass\":\"Rule-HTML-Section\",\"RequestAppliesTo\":\"Rule-Declare-Pages\",\"RequestRuleName\":\"pxRuleFormParameters\"}" => HTTP 200 (24542 bytes)
[PegaHttpClient] 📡 POST https://zdk8budo.pegaacademy.net/prweb/api/CodeIntelligence/v1/rules/query?pxObjClass=Rule-HTML-Section&appliesTo=Rule-Declare-Pages&pyRuleName=pzPagesAndClassesScript&RequestClass=Rule-HTML-Section&RequestAppliesTo=Rule-Declare-Pages&RequestRuleName=pzPagesAndClassesScript Payload: "{\"RequestClass\":\"Rule-HTML-Section\",\"RequestAppliesTo\":\"Rule-Declare-Pages\",\"RequestRuleName\":\"pzPagesAndClassesScript\"}" => HTTP 200 (24224 bytes)
[PegaHttpClient] 📡 POST https://zdk8budo.pegaacademy.net/prweb/api/CodeIntelligence/v1/rules/query?pxObjClass=Rule-HTML-Section&appliesTo=Rule-Declare-Pages&pyRuleName=pzPagesAndClassesScriptNoMode&RequestClass=Rule-HTML-Section&RequestAppliesTo=Rule-Declare-Pages&RequestRuleName=pzPagesAndClassesScriptNoMode Payload: "{\"RequestClass\":\"Rule-HTML-Section\",\"RequestAppliesTo\":\"Rule-Declare-Pages\",\"RequestRuleName\":\"pzPagesAndClassesScriptNoMode\"}" => HTTP 200 (25452 bytes)
[PegaHttpClient] 📡 POST https://zdk8budo.pegaacademy.net/prweb/api/CodeIntelligence/v1/rules/query?pxObjClass=Rule-HTML-Section&appliesTo=Rule-Declare-Pages&pyRuleName=pzRFSelectAllTestCases&RequestClass=Rule-HTML-Section&RequestAppliesTo=Rule-Declare-Pages&RequestRuleName=pzRFSelectAllTestCases Payload: "{\"RequestClass\":\"Rule-HTML-Section\",\"RequestAppliesTo\":\"Rule-Declare-Pages\",\"RequestRuleName\":\"pzRFSelectAllTestCases\"}" => HTTP 200 (83585 bytes)
[PegaHttpClient] 📡 POST https://zdk8budo.pegaacademy.net/prweb/api/CodeIntelligence/v1/rules/query?pxObjClass=Rule-HTML-Section&appliesTo=Rule-Declare-Pages&pyRuleName=pzRFProgressbarWrapper&RequestClass=Rule-HTML-Section&RequestAppliesTo=Rule-Declare-Pages&RequestRuleName=pzRFProgressbarWrapper Payload: "{\"RequestClass\":\"Rule-HTML-Section\",\"RequestAppliesTo\":\"Rule-Declare-Pages\",\"RequestRuleName\":\"pzRFProgressbarWrapper\"}" => HTTP 200 (17204 bytes)
[PegaHttpClient] 📡 POST https://zdk8budo.pegaacademy.net/prweb/api/CodeIntelligence/v1/rules/query?pxObjClass=Rule-HTML-Section&appliesTo=Rule-Declare-Pages&pyRuleName=pzRFRunSelected&RequestClass=Rule-HTML-Section&RequestAppliesTo=Rule-Declare-Pages&RequestRuleName=pzRFRunSelected Payload: "{\"RequestClass\":\"Rule-HTML-Section\",\"RequestAppliesTo\":\"Rule-Declare-Pages\",\"RequestRuleName\":\"pzRFRunSelected\"}" => HTTP 200 (19863 bytes)
[PegaHttpClient] 📡 POST https://zdk8budo.pegaacademy.net/prweb/api/CodeIntelligence/v1/rules/query?pxObjClass=Rule-HTML-Section&appliesTo=Rule-Declare-Pages&pyRuleName=pzRuleSpecificButtons&RequestClass=Rule-HTML-Section&RequestAppliesTo=Rule-Declare-Pages&RequestRuleName=pzRuleSpecificButtons Payload: "{\"RequestClass\":\"Rule-HTML-Section\",\"RequestAppliesTo\":\"Rule-Declare-Pages\",\"RequestRuleName\":\"pzRuleSpecificButtons\"}" => HTTP 200 (15181 bytes)
[PegaHttpClient] 📡 POST https://zdk8budo.pegaacademy.net/prweb/api/CodeIntelligence/v1/rules/query?pxObjClass=Rule-HTML-Section&appliesTo=Rule-Declare-Pages&pyRuleName=pzRFSelectATest&RequestClass=Rule-HTML-Section&RequestAppliesTo=Rule-Declare-Pages&RequestRuleName=pzRFSelectATest Payload: "{\"RequestClass\":\"Rule-HTML-Section\",\"RequestAppliesTo\":\"Rule-Declare-Pages\",\"RequestRuleName\":\"pzRFSelectATest\"}" => HTTP 200 (23363 bytes)
[PegaHttpClient] 📡 POST https://zdk8budo.pegaacademy.net/prweb/api/CodeIntelligence/v1/rules/query?pxObjClass=Rule-HTML-Section&appliesTo=Rule-Declare-Pages&pyRuleName=pzTestCaseRunTimeWrapperLP&RequestClass=Rule-HTML-Section&RequestAppliesTo=Rule-Declare-Pages&RequestRuleName=pzTestCaseRunTimeWrapperLP Payload: "{\"RequestClass\":\"Rule-HTML-Section\",\"RequestAppliesTo\":\"Rule-Declare-Pages\",\"RequestRuleName\":\"pzTestCaseRunTimeWrapperLP\"}" => HTTP 200 (19734 bytes)
[PegaHttpClient] 📡 POST https://zdk8budo.pegaacademy.net/prweb/api/CodeIntelligence/v1/rules/query?pxObjClass=Rule-HTML-Section&appliesTo=Rule-Declare-Pages&pyRuleName=pzShowRunAndExpectedTimeWrapper&RequestClass=Rule-HTML-Section&RequestAppliesTo=Rule-Declare-Pages&RequestRuleName=pzShowRunAndExpectedTimeWrapper Payload: "{\"RequestClass\":\"Rule-HTML-Section\",\"RequestAppliesTo\":\"Rule-Declare-Pages\",\"RequestRuleName\":\"pzShowRunAndExpectedTimeWrapper\"}" => HTTP 200 (30204 bytes)
[PegaHttpClient] 📡 POST https://zdk8budo.pegaacademy.net/prweb/api/CodeIntelligence/v1/rules/query?pxObjClass=Rule-HTML-Section&appliesTo=Rule-Declare-Pages&pyRuleName=pzTestCaseRunStatusWrapperLP&RequestClass=Rule-HTML-Section&RequestAppliesTo=Rule-Declare-Pages&RequestRuleName=pzTestCaseRunStatusWrapperLP Payload: "{\"RequestClass\":\"Rule-HTML-Section\",\"RequestAppliesTo\":\"Rule-Declare-Pages\",\"RequestRuleName\":\"pzTestCaseRunStatusWrapperLP\"}" => HTTP 200 (56140 bytes)
[PegaHttpClient] 📡 POST https://zdk8budo.pegaacademy.net/prweb/api/CodeIntelligence/v1/rules/query?pxObjClass=Rule-HTML-Section&appliesTo=Rule-Declare-Pages&pyRuleName=pxFilterGadget&RequestClass=Rule-HTML-Section&RequestAppliesTo=Rule-Declare-Pages&RequestRuleName=pxFilterGadget Payload: "{\"RequestClass\":\"Rule-HTML-Section\",\"RequestAppliesTo\":\"Rule-Declare-Pages\",\"RequestRuleName\":\"pxFilterGadget\"}" => HTTP 200 (26307 bytes)
[PegaHttpClient] 📡 POST https://zdk8budo.pegaacademy.net/prweb/api/CodeIntelligence/v1/rules/query?pxObjClass=Rule-HTML-Section&appliesTo=Rule-Declare-Pages&pyRuleName=pzUsageDetailsGrid&RequestClass=Rule-HTML-Section&RequestAppliesTo=Rule-Declare-Pages&RequestRuleName=pzUsageDetailsGrid Payload: "{\"RequestClass\":\"Rule-HTML-Section\",\"RequestAppliesTo\":\"Rule-Declare-Pages\",\"RequestRuleName\":\"pzUsageDetailsGrid\"}" => HTTP 200 (72702 bytes)
[PegaHttpClient] 📡 POST https://zdk8budo.pegaacademy.net/prweb/api/CodeIntelligence/v1/rules/query?pxObjClass=Rule-HTML-Section&appliesTo=Rule-Declare-Pages&pyRuleName=pzSpecificationsInner&RequestClass=Rule-HTML-Section&RequestAppliesTo=Rule-Declare-Pages&RequestRuleName=pzSpecificationsInner Payload: "{\"RequestClass\":\"Rule-HTML-Section\",\"RequestAppliesTo\":\"Rule-Declare-Pages\",\"RequestRuleName\":\"pzSpecificationsInner\"}" => HTTP 200 (142370 bytes)
[PegaHttpClient] 📡 POST https://zdk8budo.pegaacademy.net/prweb/api/CodeIntelligence/v1/rules/query?pxObjClass=Rule-HTML-Section&appliesTo=Rule-Declare-Pages&pyRuleName=pzAlternateRuleInfo&RequestClass=Rule-HTML-Section&RequestAppliesTo=Rule-Declare-Pages&RequestRuleName=pzAlternateRuleInfo Payload: "{\"RequestClass\":\"Rule-HTML-Section\",\"RequestAppliesTo\":\"Rule-Declare-Pages\",\"RequestRuleName\":\"pzAlternateRuleInfo\"}" => HTTP 200 (140407 bytes)
[PegaHttpClient] 📡 POST https://zdk8budo.pegaacademy.net/prweb/api/CodeIntelligence/v1/rules/query?pxObjClass=Rule-HTML-Section&appliesTo=Rule-Declare-Pages&pyRuleName=RuleFormHistory_Description&RequestClass=Rule-HTML-Section&RequestAppliesTo=Rule-Declare-Pages&RequestRuleName=RuleFormHistory_Description Payload: "{\"RequestClass\":\"Rule-HTML-Section\",\"RequestAppliesTo\":\"Rule-Declare-Pages\",\"RequestRuleName\":\"RuleFormHistory_Description\"}" => HTTP 200 (46242 bytes)
[PegaHttpClient] 📡 POST https://zdk8budo.pegaacademy.net/prweb/api/CodeIntelligence/v1/rules/query?pxObjClass=Rule-HTML-Section&appliesTo=Rule-Declare-Pages&pyRuleName=RuleFormHistory_CustomFields&RequestClass=Rule-HTML-Section&RequestAppliesTo=Rule-Declare-Pages&RequestRuleName=RuleFormHistory_CustomFields Payload: "{\"RequestClass\":\"Rule-HTML-Section\",\"RequestAppliesTo\":\"Rule-Declare-Pages\",\"RequestRuleName\":\"RuleFormHistory_CustomFields\"}" => HTTP 200 (75856 bytes)
[PegaHttpClient] 📡 POST https://zdk8budo.pegaacademy.net/prweb/api/CodeIntelligence/v1/rules/query?pxObjClass=Rule-HTML-Section&appliesTo=Rule-Declare-Pages&pyRuleName=RuleFormHistory_HistoryDetails&RequestClass=Rule-HTML-Section&RequestAppliesTo=Rule-Declare-Pages&RequestRuleName=RuleFormHistory_HistoryDetails Payload: "{\"RequestClass\":\"Rule-HTML-Section\",\"RequestAppliesTo\":\"Rule-Declare-Pages\",\"RequestRuleName\":\"RuleFormHistory_HistoryDetails\"}" => HTTP 200 (179535 bytes)
[PegaHttpClient] 📡 POST https://zdk8budo.pegaacademy.net/prweb/api/CodeIntelligence/v1/rules/query?pxObjClass=Rule-HTML-Section&appliesTo=Rule-Declare-Pages&pyRuleName=pxDisplayCollaborators&RequestClass=Rule-HTML-Section&RequestAppliesTo=Rule-Declare-Pages&RequestRuleName=pxDisplayCollaborators Payload: "{\"RequestClass\":\"Rule-HTML-Section\",\"RequestAppliesTo\":\"Rule-Declare-Pages\",\"RequestRuleName\":\"pxDisplayCollaborators\"}" => HTTP 200 (94171 bytes)
[PegaHttpClient] 📡 POST https://zdk8budo.pegaacademy.net/prweb/api/CodeIntelligence/v1/rules/query?pxObjClass=Rule-HTML-Section&appliesTo=Rule-Declare-Pages&pyRuleName=pzRuleFormToolbarDeleteCheckOut&RequestClass=Rule-HTML-Section&RequestAppliesTo=Rule-Declare-Pages&RequestRuleName=pzRuleFormToolbarDeleteCheckOut Payload: "{\"RequestClass\":\"Rule-HTML-Section\",\"RequestAppliesTo\":\"Rule-Declare-Pages\",\"RequestRuleName\":\"pzRuleFormToolbarDeleteCheckOut\"}" => HTTP 200 (29433 bytes)
[PegaHttpClient] 📡 POST https://zdk8budo.pegaacademy.net/prweb/api/CodeIntelligence/v1/rules/query?pxObjClass=Rule-HTML-Section&appliesTo=Rule-Declare-Pages&pyRuleName=pzRuleFormToolbarDeleteRule&RequestClass=Rule-HTML-Section&RequestAppliesTo=Rule-Declare-Pages&RequestRuleName=pzRuleFormToolbarDeleteRule Payload: "{\"RequestClass\":\"Rule-HTML-Section\",\"RequestAppliesTo\":\"Rule-Declare-Pages\",\"RequestRuleName\":\"pzRuleFormToolbarDeleteRule\"}" => HTTP 200 (32314 bytes)
[PegaHttpClient] 📡 POST https://zdk8budo.pegaacademy.net/prweb/api/CodeIntelligence/v1/rules/query?pxObjClass=Rule-HTML-Section&appliesTo=Rule-Declare-Pages&pyRuleName=pzActivityParamList&RequestClass=Rule-HTML-Section&RequestAppliesTo=Rule-Declare-Pages&RequestRuleName=pzActivityParamList Payload: "{\"RequestClass\":\"Rule-HTML-Section\",\"RequestAppliesTo\":\"Rule-Declare-Pages\",\"RequestRuleName\":\"pzActivityParamList\"}" => HTTP 200 (34064 bytes)
[PegaHttpClient] 📡 POST https://zdk8budo.pegaacademy.net/prweb/api/CodeIntelligence/v1/rules/query?pxObjClass=Rule-HTML-Section&appliesTo=Rule-Declare-Pages&pyRuleName=pzViewDataSaveOptions&RequestClass=Rule-HTML-Section&RequestAppliesTo=Rule-Declare-Pages&RequestRuleName=pzViewDataSaveOptions Payload: "{\"RequestClass\":\"Rule-HTML-Section\",\"RequestAppliesTo\":\"Rule-Declare-Pages\",\"RequestRuleName\":\"pzViewDataSaveOptions\"}" => HTTP 404 (117 bytes)
[PegaHttpClient] 📡 POST https://zdk8budo.pegaacademy.net/prweb/PRRestService/CodeIntelligence/v1/rules/query?pxObjClass=Rule-HTML-Section&appliesTo=Rule-Declare-Pages&pyRuleName=pzViewDataSaveOptions&RequestClass=Rule-HTML-Section&RequestAppliesTo=Rule-Declare-Pages&RequestRuleName=pzViewDataSaveOptions Payload: "{\"RequestClass\":\"Rule-HTML-Section\",\"RequestAppliesTo\":\"Rule-Declare-Pages\",\"RequestRuleName\":\"pzViewDataSaveOptions\"}" => HTTP 404 (117 bytes)
[PegaHttpClient] 📡 POST https://zdk8budo.pegaacademy.net/prweb/api/HRAppsV2Service/V1/rules/query?pxObjClass=Rule-HTML-Section&appliesTo=Rule-Declare-Pages&pyRuleName=pzViewDataSaveOptions&RequestClass=Rule-HTML-Section&RequestAppliesTo=Rule-Declare-Pages&RequestRuleName=pzViewDataSaveOptions Payload: "{\"RequestClass\":\"Rule-HTML-Section\",\"RequestAppliesTo\":\"Rule-Declare-Pages\",\"RequestRuleName\":\"pzViewDataSaveOptions\"}" => HTTP 404 (18 bytes)
[PegaHttpClient] 📡 POST https://zdk8budo.pegaacademy.net/prweb/PRRestService/HRAppsV2Service/V1/rules/query?pxObjClass=Rule-HTML-Section&appliesTo=Rule-Declare-Pages&pyRuleName=pzViewDataSaveOptions&RequestClass=Rule-HTML-Section&RequestAppliesTo=Rule-Declare-Pages&RequestRuleName=pzViewDataSaveOptions Payload: "{\"RequestClass\":\"Rule-HTML-Section\",\"RequestAppliesTo\":\"Rule-Declare-Pages\",\"RequestRuleName\":\"pzViewDataSaveOptions\"}" => HTTP 404 (18 bytes)
[PegaHttpClient] 📡 POST https://zdk8budo.pegaacademy.net/prweb/api/HRAppsV2/V1/rules/query?pxObjClass=Rule-HTML-Section&appliesTo=Rule-Declare-Pages&pyRuleName=pzViewDataSaveOptions&RequestClass=Rule-HTML-Section&RequestAppliesTo=Rule-Declare-Pages&RequestRuleName=pzViewDataSaveOptions Payload: "{\"RequestClass\":\"Rule-HTML-Section\",\"RequestAppliesTo\":\"Rule-Declare-Pages\",\"RequestRuleName\":\"pzViewDataSaveOptions\"}" => HTTP 404 (18 bytes)
[PegaHttpClient] 📡 POST https://zdk8budo.pegaacademy.net/prweb/PRRestService/HRAppsV2/V1/rules/query?pxObjClass=Rule-HTML-Section&appliesTo=Rule-Declare-Pages&pyRuleName=pzViewDataSaveOptions&RequestClass=Rule-HTML-Section&RequestAppliesTo=Rule-Declare-Pages&RequestRuleName=pzViewDataSaveOptions Payload: "{\"RequestClass\":\"Rule-HTML-Section\",\"RequestAppliesTo\":\"Rule-Declare-Pages\",\"RequestRuleName\":\"pzViewDataSaveOptions\"}" => HTTP 404 (18 bytes)
[PegaHttpClient] 📡 POST https://zdk8budo.pegaacademy.net/prweb/api/v1/rules/query?pxObjClass=Rule-HTML-Section&appliesTo=Rule-Declare-Pages&pyRuleName=pzViewDataSaveOptions&RequestClass=Rule-HTML-Section&RequestAppliesTo=Rule-Declare-Pages&RequestRuleName=pzViewDataSaveOptions Payload: "{\"RequestClass\":\"Rule-HTML-Section\",\"RequestAppliesTo\":\"Rule-Declare-Pages\",\"RequestRuleName\":\"pzViewDataSaveOptions\"}" => HTTP 404 (18 bytes)
[PegaHttpClient] 📡 POST https://zdk8budo.pegaacademy.net/prweb/PRRestService/v1/rules/query?pxObjClass=Rule-HTML-Section&appliesTo=Rule-Declare-Pages&pyRuleName=pzViewDataSaveOptions&RequestClass=Rule-HTML-Section&RequestAppliesTo=Rule-Declare-Pages&RequestRuleName=pzViewDataSaveOptions Payload: "{\"RequestClass\":\"Rule-HTML-Section\",\"RequestAppliesTo\":\"Rule-Declare-Pages\",\"RequestRuleName\":\"pzViewDataSaveOptions\"}" => HTTP 404 (18 bytes)
[PegaHttpClient] 📡 POST https://zdk8budo.pegaacademy.net/prweb/api/CodeIntelligence/v1/rules/query?pxObjClass=Rule-HTML-Section&appliesTo=Rule-Declare-Pages&pyRuleName=pzDisplayDeleteIcon&RequestClass=Rule-HTML-Section&RequestAppliesTo=Rule-Declare-Pages&RequestRuleName=pzDisplayDeleteIcon Payload: "{\"RequestClass\":\"Rule-HTML-Section\",\"RequestAppliesTo\":\"Rule-Declare-Pages\",\"RequestRuleName\":\"pzDisplayDeleteIcon\"}" => HTTP 404 (115 bytes)
[PegaHttpClient] 📡 POST https://zdk8budo.pegaacademy.net/prweb/PRRestService/CodeIntelligence/v1/rules/query?pxObjClass=Rule-HTML-Section&appliesTo=Rule-Declare-Pages&pyRuleName=pzDisplayDeleteIcon&RequestClass=Rule-HTML-Section&RequestAppliesTo=Rule-Declare-Pages&RequestRuleName=pzDisplayDeleteIcon Payload: "{\"RequestClass\":\"Rule-HTML-Section\",\"RequestAppliesTo\":\"Rule-Declare-Pages\",\"RequestRuleName\":\"pzDisplayDeleteIcon\"}" => HTTP 404 (115 bytes)
[PegaHttpClient] 📡 POST https://zdk8budo.pegaacademy.net/prweb/api/HRAppsV2Service/V1/rules/query?pxObjClass=Rule-HTML-Section&appliesTo=Rule-Declare-Pages&pyRuleName=pzDisplayDeleteIcon&RequestClass=Rule-HTML-Section&RequestAppliesTo=Rule-Declare-Pages&RequestRuleName=pzDisplayDeleteIcon Payload: "{\"RequestClass\":\"Rule-HTML-Section\",\"RequestAppliesTo\":\"Rule-Declare-Pages\",\"RequestRuleName\":\"pzDisplayDeleteIcon\"}" => HTTP 404 (18 bytes)
[PegaHttpClient] 📡 POST https://zdk8budo.pegaacademy.net/prweb/PRRestService/HRAppsV2Service/V1/rules/query?pxObjClass=Rule-HTML-Section&appliesTo=Rule-Declare-Pages&pyRuleName=pzDisplayDeleteIcon&RequestClass=Rule-HTML-Section&RequestAppliesTo=Rule-Declare-Pages&RequestRuleName=pzDisplayDeleteIcon Payload: "{\"RequestClass\":\"Rule-HTML-Section\",\"RequestAppliesTo\":\"Rule-Declare-Pages\",\"RequestRuleName\":\"pzDisplayDeleteIcon\"}" => HTTP 404 (18 bytes)
[PegaHttpClient] 📡 POST https://zdk8budo.pegaacademy.net/prweb/api/HRAppsV2/V1/rules/query?pxObjClass=Rule-HTML-Section&appliesTo=Rule-Declare-Pages&pyRuleName=pzDisplayDeleteIcon&RequestClass=Rule-HTML-Section&RequestAppliesTo=Rule-Declare-Pages&RequestRuleName=pzDisplayDeleteIcon Payload: "{\"RequestClass\":\"Rule-HTML-Section\",\"RequestAppliesTo\":\"Rule-Declare-Pages\",\"RequestRuleName\":\"pzDisplayDeleteIcon\"}" => HTTP 404 (18 bytes)
[PegaHttpClient] 📡 POST https://zdk8budo.pegaacademy.net/prweb/PRRestService/HRAppsV2/V1/rules/query?pxObjClass=Rule-HTML-Section&appliesTo=Rule-Declare-Pages&pyRuleName=pzDisplayDeleteIcon&RequestClass=Rule-HTML-Section&RequestAppliesTo=Rule-Declare-Pages&RequestRuleName=pzDisplayDeleteIcon Payload: "{\"RequestClass\":\"Rule-HTML-Section\",\"RequestAppliesTo\":\"Rule-Declare-Pages\",\"RequestRuleName\":\"pzDisplayDeleteIcon\"}" => HTTP 404 (18 bytes)
[PegaHttpClient] 📡 POST https://zdk8budo.pegaacademy.net/prweb/api/v1/rules/query?pxObjClass=Rule-HTML-Section&appliesTo=Rule-Declare-Pages&pyRuleName=pzDisplayDeleteIcon&RequestClass=Rule-HTML-Section&RequestAppliesTo=Rule-Declare-Pages&RequestRuleName=pzDisplayDeleteIcon Payload: "{\"RequestClass\":\"Rule-HTML-Section\",\"RequestAppliesTo\":\"Rule-Declare-Pages\",\"RequestRuleName\":\"pzDisplayDeleteIcon\"}" => HTTP 404 (18 bytes)
[PegaHttpClient] 📡 POST https://zdk8budo.pegaacademy.net/prweb/PRRestService/v1/rules/query?pxObjClass=Rule-HTML-Section&appliesTo=Rule-Declare-Pages&pyRuleName=pzDisplayDeleteIcon&RequestClass=Rule-HTML-Section&RequestAppliesTo=Rule-Declare-Pages&RequestRuleName=pzDisplayDeleteIcon Payload: "{\"RequestClass\":\"Rule-HTML-Section\",\"RequestAppliesTo\":\"Rule-Declare-Pages\",\"RequestRuleName\":\"pzDisplayDeleteIcon\"}" => HTTP 404 (18 bytes)
[PegaHttpClient] 📡 POST https://zdk8budo.pegaacademy.net/prweb/api/CodeIntelligence/v1/rules/query?pxObjClass=Rule-HTML-Section&appliesTo=Rule-Declare-Pages&pyRuleName=pzParametersAdvConf&RequestClass=Rule-HTML-Section&RequestAppliesTo=Rule-Declare-Pages&RequestRuleName=pzParametersAdvConf Payload: "{\"RequestClass\":\"Rule-HTML-Section\",\"RequestAppliesTo\":\"Rule-Declare-Pages\",\"RequestRuleName\":\"pzParametersAdvConf\"}" => HTTP 200 (72830 bytes)
[PegaHttpClient] 📡 POST https://zdk8budo.pegaacademy.net/prweb/api/CodeIntelligence/v1/rules/query?pxObjClass=Rule-HTML-Section&appliesTo=Rule-Declare-Pages&pyRuleName=pzParametersBasicConf&RequestClass=Rule-HTML-Section&RequestAppliesTo=Rule-Declare-Pages&RequestRuleName=pzParametersBasicConf Payload: "{\"RequestClass\":\"Rule-HTML-Section\",\"RequestAppliesTo\":\"Rule-Declare-Pages\",\"RequestRuleName\":\"pzParametersBasicConf\"}" => HTTP 200 (88892 bytes)
[PegaHttpClient] 📡 POST https://zdk8budo.pegaacademy.net/prweb/api/CodeIntelligence/v1/rules/query?pxObjClass=Rule-HTML-Section&appliesTo=Rule-Declare-Pages&pyRuleName=pzViewTestCases&RequestClass=Rule-HTML-Section&RequestAppliesTo=Rule-Declare-Pages&RequestRuleName=pzViewTestCases Payload: "{\"RequestClass\":\"Rule-HTML-Section\",\"RequestAppliesTo\":\"Rule-Declare-Pages\",\"RequestRuleName\":\"pzViewTestCases\"}" => HTTP 404 (111 bytes)
[PegaHttpClient] 📡 POST https://zdk8budo.pegaacademy.net/prweb/PRRestService/CodeIntelligence/v1/rules/query?pxObjClass=Rule-HTML-Section&appliesTo=Rule-Declare-Pages&pyRuleName=pzViewTestCases&RequestClass=Rule-HTML-Section&RequestAppliesTo=Rule-Declare-Pages&RequestRuleName=pzViewTestCases Payload: "{\"RequestClass\":\"Rule-HTML-Section\",\"RequestAppliesTo\":\"Rule-Declare-Pages\",\"RequestRuleName\":\"pzViewTestCases\"}" => HTTP 404 (111 bytes)
[PegaHttpClient] 📡 POST https://zdk8budo.pegaacademy.net/prweb/api/HRAppsV2Service/V1/rules/query?pxObjClass=Rule-HTML-Section&appliesTo=Rule-Declare-Pages&pyRuleName=pzViewTestCases&RequestClass=Rule-HTML-Section&RequestAppliesTo=Rule-Declare-Pages&RequestRuleName=pzViewTestCases Payload: "{\"RequestClass\":\"Rule-HTML-Section\",\"RequestAppliesTo\":\"Rule-Declare-Pages\",\"RequestRuleName\":\"pzViewTestCases\"}" => HTTP 404 (18 bytes)
[PegaHttpClient] 📡 POST https://zdk8budo.pegaacademy.net/prweb/PRRestService/HRAppsV2Service/V1/rules/query?pxObjClass=Rule-HTML-Section&appliesTo=Rule-Declare-Pages&pyRuleName=pzViewTestCases&RequestClass=Rule-HTML-Section&RequestAppliesTo=Rule-Declare-Pages&RequestRuleName=pzViewTestCases Payload: "{\"RequestClass\":\"Rule-HTML-Section\",\"RequestAppliesTo\":\"Rule-Declare-Pages\",\"RequestRuleName\":\"pzViewTestCases\"}" => HTTP 404 (18 bytes)
[PegaHttpClient] 📡 POST https://zdk8budo.pegaacademy.net/prweb/api/HRAppsV2/V1/rules/query?pxObjClass=Rule-HTML-Section&appliesTo=Rule-Declare-Pages&pyRuleName=pzViewTestCases&RequestClass=Rule-HTML-Section&RequestAppliesTo=Rule-Declare-Pages&RequestRuleName=pzViewTestCases Payload: "{\"RequestClass\":\"Rule-HTML-Section\",\"RequestAppliesTo\":\"Rule-Declare-Pages\",\"RequestRuleName\":\"pzViewTestCases\"}" => HTTP 404 (18 bytes)
[PegaHttpClient] 📡 POST https://zdk8budo.pegaacademy.net/prweb/PRRestService/HRAppsV2/V1/rules/query?pxObjClass=Rule-HTML-Section&appliesTo=Rule-Declare-Pages&pyRuleName=pzViewTestCases&RequestClass=Rule-HTML-Section&RequestAppliesTo=Rule-Declare-Pages&RequestRuleName=pzViewTestCases Payload: "{\"RequestClass\":\"Rule-HTML-Section\",\"RequestAppliesTo\":\"Rule-Declare-Pages\",\"RequestRuleName\":\"pzViewTestCases\"}" => HTTP 404 (18 bytes)
[PegaHttpClient] 📡 POST https://zdk8budo.pegaacademy.net/prweb/api/v1/rules/query?pxObjClass=Rule-HTML-Section&appliesTo=Rule-Declare-Pages&pyRuleName=pzViewTestCases&RequestClass=Rule-HTML-Section&RequestAppliesTo=Rule-Declare-Pages&RequestRuleName=pzViewTestCases Payload: "{\"RequestClass\":\"Rule-HTML-Section\",\"RequestAppliesTo\":\"Rule-Declare-Pages\",\"RequestRuleName\":\"pzViewTestCases\"}" => HTTP 404 (18 bytes)
[PegaHttpClient] 📡 POST https://zdk8budo.pegaacademy.net/prweb/PRRestService/v1/rules/query?pxObjClass=Rule-HTML-Section&appliesTo=Rule-Declare-Pages&pyRuleName=pzViewTestCases&RequestClass=Rule-HTML-Section&RequestAppliesTo=Rule-Declare-Pages&RequestRuleName=pzViewTestCases Payload: "{\"RequestClass\":\"Rule-HTML-Section\",\"RequestAppliesTo\":\"Rule-Declare-Pages\",\"RequestRuleName\":\"pzViewTestCases\"}" => HTTP 404 (18 bytes)
[PegaHttpClient] 📡 POST https://zdk8budo.pegaacademy.net/prweb/api/CodeIntelligence/v1/rules/query?pxObjClass=Rule-HTML-Section&appliesTo=Rule-Declare-Pages&pyRuleName=pzRunSelected&RequestClass=Rule-HTML-Section&RequestAppliesTo=Rule-Declare-Pages&RequestRuleName=pzRunSelected Payload: "{\"RequestClass\":\"Rule-HTML-Section\",\"RequestAppliesTo\":\"Rule-Declare-Pages\",\"RequestRuleName\":\"pzRunSelected\"}" => HTTP 404 (109 bytes)
[PegaHttpClient] 📡 POST https://zdk8budo.pegaacademy.net/prweb/PRRestService/CodeIntelligence/v1/rules/query?pxObjClass=Rule-HTML-Section&appliesTo=Rule-Declare-Pages&pyRuleName=pzRunSelected&RequestClass=Rule-HTML-Section&RequestAppliesTo=Rule-Declare-Pages&RequestRuleName=pzRunSelected Payload: "{\"RequestClass\":\"Rule-HTML-Section\",\"RequestAppliesTo\":\"Rule-Declare-Pages\",\"RequestRuleName\":\"pzRunSelected\"}" => HTTP 404 (109 bytes)
[PegaHttpClient] 📡 POST https://zdk8budo.pegaacademy.net/prweb/api/HRAppsV2Service/V1/rules/query?pxObjClass=Rule-HTML-Section&appliesTo=Rule-Declare-Pages&pyRuleName=pzRunSelected&RequestClass=Rule-HTML-Section&RequestAppliesTo=Rule-Declare-Pages&RequestRuleName=pzRunSelected Payload: "{\"RequestClass\":\"Rule-HTML-Section\",\"RequestAppliesTo\":\"Rule-Declare-Pages\",\"RequestRuleName\":\"pzRunSelected\"}" => HTTP 404 (18 bytes)
[PegaHttpClient] 📡 POST https://zdk8budo.pegaacademy.net/prweb/PRRestService/HRAppsV2Service/V1/rules/query?pxObjClass=Rule-HTML-Section&appliesTo=Rule-Declare-Pages&pyRuleName=pzRunSelected&RequestClass=Rule-HTML-Section&RequestAppliesTo=Rule-Declare-Pages&RequestRuleName=pzRunSelected Payload: "{\"RequestClass\":\"Rule-HTML-Section\",\"RequestAppliesTo\":\"Rule-Declare-Pages\",\"RequestRuleName\":\"pzRunSelected\"}" => HTTP 404 (18 bytes)
[PegaHttpClient] 📡 POST https://zdk8budo.pegaacademy.net/prweb/api/HRAppsV2/V1/rules/query?pxObjClass=Rule-HTML-Section&appliesTo=Rule-Declare-Pages&pyRuleName=pzRunSelected&RequestClass=Rule-HTML-Section&RequestAppliesTo=Rule-Declare-Pages&RequestRuleName=pzRunSelected Payload: "{\"RequestClass\":\"Rule-HTML-Section\",\"RequestAppliesTo\":\"Rule-Declare-Pages\",\"RequestRuleName\":\"pzRunSelected\"}" => HTTP 404 (18 bytes)
[PegaHttpClient] 📡 POST https://zdk8budo.pegaacademy.net/prweb/PRRestService/HRAppsV2/V1/rules/query?pxObjClass=Rule-HTML-Section&appliesTo=Rule-Declare-Pages&pyRuleName=pzRunSelected&RequestClass=Rule-HTML-Section&RequestAppliesTo=Rule-Declare-Pages&RequestRuleName=pzRunSelected Payload: "{\"RequestClass\":\"Rule-HTML-Section\",\"RequestAppliesTo\":\"Rule-Declare-Pages\",\"RequestRuleName\":\"pzRunSelected\"}" => HTTP 404 (18 bytes)
[PegaHttpClient] 📡 POST https://zdk8budo.pegaacademy.net/prweb/api/v1/rules/query?pxObjClass=Rule-HTML-Section&appliesTo=Rule-Declare-Pages&pyRuleName=pzRunSelected&RequestClass=Rule-HTML-Section&RequestAppliesTo=Rule-Declare-Pages&RequestRuleName=pzRunSelected Payload: "{\"RequestClass\":\"Rule-HTML-Section\",\"RequestAppliesTo\":\"Rule-Declare-Pages\",\"RequestRuleName\":\"pzRunSelected\"}" => HTTP 404 (18 bytes)
[PegaHttpClient] 📡 POST https://zdk8budo.pegaacademy.net/prweb/PRRestService/v1/rules/query?pxObjClass=Rule-HTML-Section&appliesTo=Rule-Declare-Pages&pyRuleName=pzRunSelected&RequestClass=Rule-HTML-Section&RequestAppliesTo=Rule-Declare-Pages&RequestRuleName=pzRunSelected Payload: "{\"RequestClass\":\"Rule-HTML-Section\",\"RequestAppliesTo\":\"Rule-Declare-Pages\",\"RequestRuleName\":\"pzRunSelected\"}" => HTTP 404 (18 bytes)
[PegaHttpClient] 📡 POST https://zdk8budo.pegaacademy.net/prweb/api/CodeIntelligence/v1/rules/query?pxObjClass=Rule-HTML-Section&appliesTo=Rule-Declare-Pages&pyRuleName=pzShowRunAndExpectedTime&RequestClass=Rule-HTML-Section&RequestAppliesTo=Rule-Declare-Pages&RequestRuleName=pzShowRunAndExpectedTime Payload: "{\"RequestClass\":\"Rule-HTML-Section\",\"RequestAppliesTo\":\"Rule-Declare-Pages\",\"RequestRuleName\":\"pzShowRunAndExpectedTime\"}" => HTTP 200 (98943 bytes)
[PegaHttpClient] 📡 POST https://zdk8budo.pegaacademy.net/prweb/api/CodeIntelligence/v1/rules/query?pxObjClass=Rule-HTML-Section&appliesTo=Rule-Declare-Pages&pyRuleName=pzFilterGadgetInit&RequestClass=Rule-HTML-Section&RequestAppliesTo=Rule-Declare-Pages&RequestRuleName=pzFilterGadgetInit Payload: "{\"RequestClass\":\"Rule-HTML-Section\",\"RequestAppliesTo\":\"Rule-Declare-Pages\",\"RequestRuleName\":\"pzFilterGadgetInit\"}" => HTTP 200 (29978 bytes)
[PegaHttpClient] 📡 POST https://zdk8budo.pegaacademy.net/prweb/api/CodeIntelligence/v1/rules/query?pxObjClass=Rule-HTML-Section&appliesTo=Rule-Declare-Pages&pyRuleName=pzFilterGadget&RequestClass=Rule-HTML-Section&RequestAppliesTo=Rule-Declare-Pages&RequestRuleName=pzFilterGadget Payload: "{\"RequestClass\":\"Rule-HTML-Section\",\"RequestAppliesTo\":\"Rule-Declare-Pages\",\"RequestRuleName\":\"pzFilterGadget\"}" => HTTP 404 (110 bytes)
[PegaHttpClient] 📡 POST https://zdk8budo.pegaacademy.net/prweb/PRRestService/CodeIntelligence/v1/rules/query?pxObjClass=Rule-HTML-Section&appliesTo=Rule-Declare-Pages&pyRuleName=pzFilterGadget&RequestClass=Rule-HTML-Section&RequestAppliesTo=Rule-Declare-Pages&RequestRuleName=pzFilterGadget Payload: "{\"RequestClass\":\"Rule-HTML-Section\",\"RequestAppliesTo\":\"Rule-Declare-Pages\",\"RequestRuleName\":\"pzFilterGadget\"}" => HTTP 404 (110 bytes)
[PegaHttpClient] 📡 POST https://zdk8budo.pegaacademy.net/prweb/api/HRAppsV2Service/V1/rules/query?pxObjClass=Rule-HTML-Section&appliesTo=Rule-Declare-Pages&pyRuleName=pzFilterGadget&RequestClass=Rule-HTML-Section&RequestAppliesTo=Rule-Declare-Pages&RequestRuleName=pzFilterGadget Payload: "{\"RequestClass\":\"Rule-HTML-Section\",\"RequestAppliesTo\":\"Rule-Declare-Pages\",\"RequestRuleName\":\"pzFilterGadget\"}" => HTTP 404 (18 bytes)
[PegaHttpClient] 📡 POST https://zdk8budo.pegaacademy.net/prweb/PRRestService/HRAppsV2Service/V1/rules/query?pxObjClass=Rule-HTML-Section&appliesTo=Rule-Declare-Pages&pyRuleName=pzFilterGadget&RequestClass=Rule-HTML-Section&RequestAppliesTo=Rule-Declare-Pages&RequestRuleName=pzFilterGadget Payload: "{\"RequestClass\":\"Rule-HTML-Section\",\"RequestAppliesTo\":\"Rule-Declare-Pages\",\"RequestRuleName\":\"pzFilterGadget\"}" => HTTP 404 (18 bytes)
[PegaHttpClient] 📡 POST https://zdk8budo.pegaacademy.net/prweb/api/HRAppsV2/V1/rules/query?pxObjClass=Rule-HTML-Section&appliesTo=Rule-Declare-Pages&pyRuleName=pzFilterGadget&RequestClass=Rule-HTML-Section&RequestAppliesTo=Rule-Declare-Pages&RequestRuleName=pzFilterGadget Payload: "{\"RequestClass\":\"Rule-HTML-Section\",\"RequestAppliesTo\":\"Rule-Declare-Pages\",\"RequestRuleName\":\"pzFilterGadget\"}" => HTTP 404 (18 bytes)
[PegaHttpClient] 📡 POST https://zdk8budo.pegaacademy.net/prweb/PRRestService/HRAppsV2/V1/rules/query?pxObjClass=Rule-HTML-Section&appliesTo=Rule-Declare-Pages&pyRuleName=pzFilterGadget&RequestClass=Rule-HTML-Section&RequestAppliesTo=Rule-Declare-Pages&RequestRuleName=pzFilterGadget Payload: "{\"RequestClass\":\"Rule-HTML-Section\",\"RequestAppliesTo\":\"Rule-Declare-Pages\",\"RequestRuleName\":\"pzFilterGadget\"}" => HTTP 404 (18 bytes)
[PegaHttpClient] 📡 POST https://zdk8budo.pegaacademy.net/prweb/api/v1/rules/query?pxObjClass=Rule-HTML-Section&appliesTo=Rule-Declare-Pages&pyRuleName=pzFilterGadget&RequestClass=Rule-HTML-Section&RequestAppliesTo=Rule-Declare-Pages&RequestRuleName=pzFilterGadget Payload: "{\"RequestClass\":\"Rule-HTML-Section\",\"RequestAppliesTo\":\"Rule-Declare-Pages\",\"RequestRuleName\":\"pzFilterGadget\"}" => HTTP 404 (18 bytes)
[PegaHttpClient] 📡 POST https://zdk8budo.pegaacademy.net/prweb/PRRestService/v1/rules/query?pxObjClass=Rule-HTML-Section&appliesTo=Rule-Declare-Pages&pyRuleName=pzFilterGadget&RequestClass=Rule-HTML-Section&RequestAppliesTo=Rule-Declare-Pages&RequestRuleName=pzFilterGadget Payload: "{\"RequestClass\":\"Rule-HTML-Section\",\"RequestAppliesTo\":\"Rule-Declare-Pages\",\"RequestRuleName\":\"pzFilterGadget\"}" => HTTP 404 (18 bytes)
[PegaHttpClient] 📡 POST https://zdk8budo.pegaacademy.net/prweb/api/CodeIntelligence/v1/rules/query?pxObjClass=Rule-HTML-Section&appliesTo=Rule-Declare-Pages&pyRuleName=pzSpecificationName&RequestClass=Rule-HTML-Section&RequestAppliesTo=Rule-Declare-Pages&RequestRuleName=pzSpecificationName Payload: "{\"RequestClass\":\"Rule-HTML-Section\",\"RequestAppliesTo\":\"Rule-Declare-Pages\",\"RequestRuleName\":\"pzSpecificationName\"}" => HTTP 404 (115 bytes)
[PegaHttpClient] 📡 POST https://zdk8budo.pegaacademy.net/prweb/PRRestService/CodeIntelligence/v1/rules/query?pxObjClass=Rule-HTML-Section&appliesTo=Rule-Declare-Pages&pyRuleName=pzSpecificationName&RequestClass=Rule-HTML-Section&RequestAppliesTo=Rule-Declare-Pages&RequestRuleName=pzSpecificationName Payload: "{\"RequestClass\":\"Rule-HTML-Section\",\"RequestAppliesTo\":\"Rule-Declare-Pages\",\"RequestRuleName\":\"pzSpecificationName\"}" => HTTP 404 (115 bytes)
[PegaHttpClient] 📡 POST https://zdk8budo.pegaacademy.net/prweb/api/HRAppsV2Service/V1/rules/query?pxObjClass=Rule-HTML-Section&appliesTo=Rule-Declare-Pages&pyRuleName=pzSpecificationName&RequestClass=Rule-HTML-Section&RequestAppliesTo=Rule-Declare-Pages&RequestRuleName=pzSpecificationName Payload: "{\"RequestClass\":\"Rule-HTML-Section\",\"RequestAppliesTo\":\"Rule-Declare-Pages\",\"RequestRuleName\":\"pzSpecificationName\"}" => HTTP 404 (18 bytes)
[PegaHttpClient] 📡 POST https://zdk8budo.pegaacademy.net/prweb/PRRestService/HRAppsV2Service/V1/rules/query?pxObjClass=Rule-HTML-Section&appliesTo=Rule-Declare-Pages&pyRuleName=pzSpecificationName&RequestClass=Rule-HTML-Section&RequestAppliesTo=Rule-Declare-Pages&RequestRuleName=pzSpecificationName Payload: "{\"RequestClass\":\"Rule-HTML-Section\",\"RequestAppliesTo\":\"Rule-Declare-Pages\",\"RequestRuleName\":\"pzSpecificationName\"}" => HTTP 404 (18 bytes)
[PegaHttpClient] 📡 POST https://zdk8budo.pegaacademy.net/prweb/api/HRAppsV2/V1/rules/query?pxObjClass=Rule-HTML-Section&appliesTo=Rule-Declare-Pages&pyRuleName=pzSpecificationName&RequestClass=Rule-HTML-Section&RequestAppliesTo=Rule-Declare-Pages&RequestRuleName=pzSpecificationName Payload: "{\"RequestClass\":\"Rule-HTML-Section\",\"RequestAppliesTo\":\"Rule-Declare-Pages\",\"RequestRuleName\":\"pzSpecificationName\"}" => HTTP 404 (18 bytes)
[PegaHttpClient] 📡 POST https://zdk8budo.pegaacademy.net/prweb/PRRestService/HRAppsV2/V1/rules/query?pxObjClass=Rule-HTML-Section&appliesTo=Rule-Declare-Pages&pyRuleName=pzSpecificationName&RequestClass=Rule-HTML-Section&RequestAppliesTo=Rule-Declare-Pages&RequestRuleName=pzSpecificationName Payload: "{\"RequestClass\":\"Rule-HTML-Section\",\"RequestAppliesTo\":\"Rule-Declare-Pages\",\"RequestRuleName\":\"pzSpecificationName\"}" => HTTP 404 (18 bytes)
[PegaHttpClient] 📡 POST https://zdk8budo.pegaacademy.net/prweb/api/v1/rules/query?pxObjClass=Rule-HTML-Section&appliesTo=Rule-Declare-Pages&pyRuleName=pzSpecificationName&RequestClass=Rule-HTML-Section&RequestAppliesTo=Rule-Declare-Pages&RequestRuleName=pzSpecificationName Payload: "{\"RequestClass\":\"Rule-HTML-Section\",\"RequestAppliesTo\":\"Rule-Declare-Pages\",\"RequestRuleName\":\"pzSpecificationName\"}" => HTTP 404 (18 bytes)
[PegaHttpClient] 📡 POST https://zdk8budo.pegaacademy.net/prweb/PRRestService/v1/rules/query?pxObjClass=Rule-HTML-Section&appliesTo=Rule-Declare-Pages&pyRuleName=pzSpecificationName&RequestClass=Rule-HTML-Section&RequestAppliesTo=Rule-Declare-Pages&RequestRuleName=pzSpecificationName Payload: "{\"RequestClass\":\"Rule-HTML-Section\",\"RequestAppliesTo\":\"Rule-Declare-Pages\",\"RequestRuleName\":\"pzSpecificationName\"}" => HTTP 404 (18 bytes)
[PegaHttpClient] 📡 POST https://zdk8budo.pegaacademy.net/prweb/api/CodeIntelligence/v1/rules/query?pxObjClass=Rule-HTML-Section&appliesTo=Rule-Declare-Pages&pyRuleName=pzScm_RuleHistory&RequestClass=Rule-HTML-Section&RequestAppliesTo=Rule-Declare-Pages&RequestRuleName=pzScm_RuleHistory Payload: "{\"RequestClass\":\"Rule-HTML-Section\",\"RequestAppliesTo\":\"Rule-Declare-Pages\",\"RequestRuleName\":\"pzScm_RuleHistory\"}" => HTTP 200 (14682 bytes)
[PegaHttpClient] 📡 POST https://zdk8budo.pegaacademy.net/prweb/api/CodeIntelligence/v1/rules/query?pxObjClass=Rule-HTML-Section&appliesTo=Rule-Declare-Pages&pyRuleName=pzLoadCollaborationScripts&RequestClass=Rule-HTML-Section&RequestAppliesTo=Rule-Declare-Pages&RequestRuleName=pzLoadCollaborationScripts Payload: "{\"RequestClass\":\"Rule-HTML-Section\",\"RequestAppliesTo\":\"Rule-Declare-Pages\",\"RequestRuleName\":\"pzLoadCollaborationScripts\"}" => HTTP 200 (23453 bytes)
[PegaHttpClient] 📡 POST https://zdk8budo.pegaacademy.net/prweb/api/CodeIntelligence/v1/rules/query?pxObjClass=Rule-HTML-Section&appliesTo=Rule-Declare-Pages&pyRuleName=pzDisplayCollaboratorsList&RequestClass=Rule-HTML-Section&RequestAppliesTo=Rule-Declare-Pages&RequestRuleName=pzDisplayCollaboratorsList Payload: "{\"RequestClass\":\"Rule-HTML-Section\",\"RequestAppliesTo\":\"Rule-Declare-Pages\",\"RequestRuleName\":\"pzDisplayCollaboratorsList\"}" => HTTP 200 (105418 bytes)
[PegaHttpClient] 📡 POST https://zdk8budo.pegaacademy.net/prweb/api/CodeIntelligence/v1/rules/query?pxObjClass=Rule-HTML-Section&appliesTo=Rule-Declare-Pages&pyRuleName=pzNonAltKeyStorageParamTable&RequestClass=Rule-HTML-Section&RequestAppliesTo=Rule-Declare-Pages&RequestRuleName=pzNonAltKeyStorageParamTable Payload: "{\"RequestClass\":\"Rule-HTML-Section\",\"RequestAppliesTo\":\"Rule-Declare-Pages\",\"RequestRuleName\":\"pzNonAltKeyStorageParamTable\"}" => HTTP 200 (124175 bytes)
[PegaHttpClient] 📡 POST https://zdk8budo.pegaacademy.net/prweb/api/CodeIntelligence/v1/rules/query?pxObjClass=Rule-HTML-Section&appliesTo=Rule-Declare-Pages&pyRuleName=pzAltKeyStorageParamTable&RequestClass=Rule-HTML-Section&RequestAppliesTo=Rule-Declare-Pages&RequestRuleName=pzAltKeyStorageParamTable Payload: "{\"RequestClass\":\"Rule-HTML-Section\",\"RequestAppliesTo\":\"Rule-Declare-Pages\",\"RequestRuleName\":\"pzAltKeyStorageParamTable\"}" => HTTP 200 (136063 bytes)
[PegaHttpClient] 📡 POST https://zdk8budo.pegaacademy.net/prweb/api/CodeIntelligence/v1/rules/query?pxObjClass=Rule-HTML-Section&appliesTo=Rule-Declare-Pages&pyRuleName=pyCollaborator&RequestClass=Rule-HTML-Section&RequestAppliesTo=Rule-Declare-Pages&RequestRuleName=pyCollaborator Payload: "{\"RequestClass\":\"Rule-HTML-Section\",\"RequestAppliesTo\":\"Rule-Declare-Pages\",\"RequestRuleName\":\"pyCollaborator\"}" => HTTP 404 (110 bytes)
[PegaHttpClient] 📡 POST https://zdk8budo.pegaacademy.net/prweb/PRRestService/CodeIntelligence/v1/rules/query?pxObjClass=Rule-HTML-Section&appliesTo=Rule-Declare-Pages&pyRuleName=pyCollaborator&RequestClass=Rule-HTML-Section&RequestAppliesTo=Rule-Declare-Pages&RequestRuleName=pyCollaborator Payload: "{\"RequestClass\":\"Rule-HTML-Section\",\"RequestAppliesTo\":\"Rule-Declare-Pages\",\"RequestRuleName\":\"pyCollaborator\"}" => HTTP 404 (110 bytes)
[PegaHttpClient] 📡 POST https://zdk8budo.pegaacademy.net/prweb/api/HRAppsV2Service/V1/rules/query?pxObjClass=Rule-HTML-Section&appliesTo=Rule-Declare-Pages&pyRuleName=pyCollaborator&RequestClass=Rule-HTML-Section&RequestAppliesTo=Rule-Declare-Pages&RequestRuleName=pyCollaborator Payload: "{\"RequestClass\":\"Rule-HTML-Section\",\"RequestAppliesTo\":\"Rule-Declare-Pages\",\"RequestRuleName\":\"pyCollaborator\"}" => HTTP 404 (18 bytes)
[PegaHttpClient] 📡 POST https://zdk8budo.pegaacademy.net/prweb/PRRestService/HRAppsV2Service/V1/rules/query?pxObjClass=Rule-HTML-Section&appliesTo=Rule-Declare-Pages&pyRuleName=pyCollaborator&RequestClass=Rule-HTML-Section&RequestAppliesTo=Rule-Declare-Pages&RequestRuleName=pyCollaborator Payload: "{\"RequestClass\":\"Rule-HTML-Section\",\"RequestAppliesTo\":\"Rule-Declare-Pages\",\"RequestRuleName\":\"pyCollaborator\"}" => HTTP 404 (18 bytes)
[PegaHttpClient] 📡 POST https://zdk8budo.pegaacademy.net/prweb/api/HRAppsV2/V1/rules/query?pxObjClass=Rule-HTML-Section&appliesTo=Rule-Declare-Pages&pyRuleName=pyCollaborator&RequestClass=Rule-HTML-Section&RequestAppliesTo=Rule-Declare-Pages&RequestRuleName=pyCollaborator Payload: "{\"RequestClass\":\"Rule-HTML-Section\",\"RequestAppliesTo\":\"Rule-Declare-Pages\",\"RequestRuleName\":\"pyCollaborator\"}" => HTTP 404 (18 bytes)
[PegaHttpClient] 📡 POST https://zdk8budo.pegaacademy.net/prweb/PRRestService/HRAppsV2/V1/rules/query?pxObjClass=Rule-HTML-Section&appliesTo=Rule-Declare-Pages&pyRuleName=pyCollaborator&RequestClass=Rule-HTML-Section&RequestAppliesTo=Rule-Declare-Pages&RequestRuleName=pyCollaborator Payload: "{\"RequestClass\":\"Rule-HTML-Section\",\"RequestAppliesTo\":\"Rule-Declare-Pages\",\"RequestRuleName\":\"pyCollaborator\"}" => HTTP 404 (18 bytes)
[PegaHttpClient] 📡 POST https://zdk8budo.pegaacademy.net/prweb/api/v1/rules/query?pxObjClass=Rule-HTML-Section&appliesTo=Rule-Declare-Pages&pyRuleName=pyCollaborator&RequestClass=Rule-HTML-Section&RequestAppliesTo=Rule-Declare-Pages&RequestRuleName=pyCollaborator Payload: "{\"RequestClass\":\"Rule-HTML-Section\",\"RequestAppliesTo\":\"Rule-Declare-Pages\",\"RequestRuleName\":\"pyCollaborator\"}" => HTTP 404 (18 bytes)
[PegaHttpClient] 📡 POST https://zdk8budo.pegaacademy.net/prweb/PRRestService/v1/rules/query?pxObjClass=Rule-HTML-Section&appliesTo=Rule-Declare-Pages&pyRuleName=pyCollaborator&RequestClass=Rule-HTML-Section&RequestAppliesTo=Rule-Declare-Pages&RequestRuleName=pyCollaborator Payload: "{\"RequestClass\":\"Rule-HTML-Section\",\"RequestAppliesTo\":\"Rule-Declare-Pages\",\"RequestRuleName\":\"pyCollaborator\"}" => HTTP 404 (18 bytes)
[PegaHttpClient] 📡 POST https://zdk8budo.pegaacademy.net/prweb/api/CodeIntelligence/v1/rules/query?pxObjClass=Rule-HTML-Section&appliesTo=Rule-Declare-Pages&pyRuleName=pzDisplayPartialCount&RequestClass=Rule-HTML-Section&RequestAppliesTo=Rule-Declare-Pages&RequestRuleName=pzDisplayPartialCount Payload: "{\"RequestClass\":\"Rule-HTML-Section\",\"RequestAppliesTo\":\"Rule-Declare-Pages\",\"RequestRuleName\":\"pzDisplayPartialCount\"}" => HTTP 404 (117 bytes)
[PegaHttpClient] 📡 POST https://zdk8budo.pegaacademy.net/prweb/PRRestService/CodeIntelligence/v1/rules/query?pxObjClass=Rule-HTML-Section&appliesTo=Rule-Declare-Pages&pyRuleName=pzDisplayPartialCount&RequestClass=Rule-HTML-Section&RequestAppliesTo=Rule-Declare-Pages&RequestRuleName=pzDisplayPartialCount Payload: "{\"RequestClass\":\"Rule-HTML-Section\",\"RequestAppliesTo\":\"Rule-Declare-Pages\",\"RequestRuleName\":\"pzDisplayPartialCount\"}" => HTTP 404 (117 bytes)
[PegaHttpClient] 📡 POST https://zdk8budo.pegaacademy.net/prweb/api/HRAppsV2Service/V1/rules/query?pxObjClass=Rule-HTML-Section&appliesTo=Rule-Declare-Pages&pyRuleName=pzDisplayPartialCount&RequestClass=Rule-HTML-Section&RequestAppliesTo=Rule-Declare-Pages&RequestRuleName=pzDisplayPartialCount Payload: "{\"RequestClass\":\"Rule-HTML-Section\",\"RequestAppliesTo\":\"Rule-Declare-Pages\",\"RequestRuleName\":\"pzDisplayPartialCount\"}" => HTTP 404 (18 bytes)
[PegaHttpClient] 📡 POST https://zdk8budo.pegaacademy.net/prweb/PRRestService/HRAppsV2Service/V1/rules/query?pxObjClass=Rule-HTML-Section&appliesTo=Rule-Declare-Pages&pyRuleName=pzDisplayPartialCount&RequestClass=Rule-HTML-Section&RequestAppliesTo=Rule-Declare-Pages&RequestRuleName=pzDisplayPartialCount Payload: "{\"RequestClass\":\"Rule-HTML-Section\",\"RequestAppliesTo\":\"Rule-Declare-Pages\",\"RequestRuleName\":\"pzDisplayPartialCount\"}" => HTTP 404 (18 bytes)
[PegaHttpClient] 📡 POST https://zdk8budo.pegaacademy.net/prweb/api/HRAppsV2/V1/rules/query?pxObjClass=Rule-HTML-Section&appliesTo=Rule-Declare-Pages&pyRuleName=pzDisplayPartialCount&RequestClass=Rule-HTML-Section&RequestAppliesTo=Rule-Declare-Pages&RequestRuleName=pzDisplayPartialCount Payload: "{\"RequestClass\":\"Rule-HTML-Section\",\"RequestAppliesTo\":\"Rule-Declare-Pages\",\"RequestRuleName\":\"pzDisplayPartialCount\"}" => HTTP 404 (18 bytes)
[PegaHttpClient] 📡 POST https://zdk8budo.pegaacademy.net/prweb/PRRestService/HRAppsV2/V1/rules/query?pxObjClass=Rule-HTML-Section&appliesTo=Rule-Declare-Pages&pyRuleName=pzDisplayPartialCount&RequestClass=Rule-HTML-Section&RequestAppliesTo=Rule-Declare-Pages&RequestRuleName=pzDisplayPartialCount Payload: "{\"RequestClass\":\"Rule-HTML-Section\",\"RequestAppliesTo\":\"Rule-Declare-Pages\",\"RequestRuleName\":\"pzDisplayPartialCount\"}" => HTTP 404 (18 bytes)
[PegaHttpClient] 📡 POST https://zdk8budo.pegaacademy.net/prweb/api/v1/rules/query?pxObjClass=Rule-HTML-Section&appliesTo=Rule-Declare-Pages&pyRuleName=pzDisplayPartialCount&RequestClass=Rule-HTML-Section&RequestAppliesTo=Rule-Declare-Pages&RequestRuleName=pzDisplayPartialCount Payload: "{\"RequestClass\":\"Rule-HTML-Section\",\"RequestAppliesTo\":\"Rule-Declare-Pages\",\"RequestRuleName\":\"pzDisplayPartialCount\"}" => HTTP 404 (18 bytes)
[PegaHttpClient] 📡 POST https://zdk8budo.pegaacademy.net/prweb/PRRestService/v1/rules/query?pxObjClass=Rule-HTML-Section&appliesTo=Rule-Declare-Pages&pyRuleName=pzDisplayPartialCount&RequestClass=Rule-HTML-Section&RequestAppliesTo=Rule-Declare-Pages&RequestRuleName=pzDisplayPartialCount Payload: "{\"RequestClass\":\"Rule-HTML-Section\",\"RequestAppliesTo\":\"Rule-Declare-Pages\",\"RequestRuleName\":\"pzDisplayPartialCount\"}" => HTTP 404 (18 bytes)
[SchemaGen] ✅ Schema written for Rule-Declare-Pages
[PegaHttpClient] 📡 GET https://zdk8budo.pegaacademy.net/prweb/api/CodeIntelligence/v1/rules/RULE-HTML-HARNESS%20RULE-UTILITY-FUNCTION%20RULEFORM%20%2320180713T135125.366%20GMT => HTTP 200 (62107 bytes)
[PegaHttpClient] 📡 POST https://zdk8budo.pegaacademy.net/prweb/api/CodeIntelligence/v1/rules/query?pxObjClass=Rule-HTML-Section&appliesTo=Rule-Utility-Function&pyRuleName=RuleFormMain&RequestClass=Rule-HTML-Section&RequestAppliesTo=Rule-Utility-Function&RequestRuleName=RuleFormMain Payload: "{\"RequestClass\":\"Rule-HTML-Section\",\"RequestAppliesTo\":\"Rule-Utility-Function\",\"RequestRuleName\":\"RuleFormMain\"}" => HTTP 200 (156234 bytes)
[PegaHttpClient] 📡 POST https://zdk8budo.pegaacademy.net/prweb/api/CodeIntelligence/v1/rules/query?pxObjClass=Rule-HTML-Section&appliesTo=Rule-Utility-Function&pyRuleName=pxAlternateRuleForm&RequestClass=Rule-HTML-Section&RequestAppliesTo=Rule-Utility-Function&RequestRuleName=pxAlternateRuleForm Payload: "{\"RequestClass\":\"Rule-HTML-Section\",\"RequestAppliesTo\":\"Rule-Utility-Function\",\"RequestRuleName\":\"pxAlternateRuleForm\"}" => HTTP 200 (66153 bytes)
[PegaHttpClient] 📡 POST https://zdk8budo.pegaacademy.net/prweb/api/CodeIntelligence/v1/rules/query?pxObjClass=Rule-HTML-Section&appliesTo=Rule-Utility-Function&pyRuleName=pzRuleFormScripts&RequestClass=Rule-HTML-Section&RequestAppliesTo=Rule-Utility-Function&RequestRuleName=pzRuleFormScripts Payload: "{\"RequestClass\":\"Rule-HTML-Section\",\"RequestAppliesTo\":\"Rule-Utility-Function\",\"RequestRuleName\":\"pzRuleFormScripts\"}" => HTTP 200 (40822 bytes)
[PegaHttpClient] 📡 POST https://zdk8budo.pegaacademy.net/prweb/api/CodeIntelligence/v1/rules/query?pxObjClass=Rule-HTML-Section&appliesTo=Rule-Utility-Function&pyRuleName=pzRuleFormLayoutDelegated&RequestClass=Rule-HTML-Section&RequestAppliesTo=Rule-Utility-Function&RequestRuleName=pzRuleFormLayoutDelegated Payload: "{\"RequestClass\":\"Rule-HTML-Section\",\"RequestAppliesTo\":\"Rule-Utility-Function\",\"RequestRuleName\":\"pzRuleFormLayoutDelegated\"}" => HTTP 200 (70998 bytes)
[PegaHttpClient] 📡 POST https://zdk8budo.pegaacademy.net/prweb/api/CodeIntelligence/v1/rules/query?pxObjClass=Rule-HTML-Section&appliesTo=Rule-Utility-Function&pyRuleName=RuleFormLayout&RequestClass=Rule-HTML-Section&RequestAppliesTo=Rule-Utility-Function&RequestRuleName=RuleFormLayout Payload: "{\"RequestClass\":\"Rule-HTML-Section\",\"RequestAppliesTo\":\"Rule-Utility-Function\",\"RequestRuleName\":\"RuleFormLayout\"}" => HTTP 200 (100423 bytes)
[PegaHttpClient] 📡 POST https://zdk8budo.pegaacademy.net/prweb/api/CodeIntelligence/v1/rules/query?pxObjClass=Rule-HTML-Section&appliesTo=Rule-Utility-Function&pyRuleName=RuleFormSettings&RequestClass=Rule-HTML-Section&RequestAppliesTo=Rule-Utility-Function&RequestRuleName=RuleFormSettings Payload: "{\"RequestClass\":\"Rule-HTML-Section\",\"RequestAppliesTo\":\"Rule-Utility-Function\",\"RequestRuleName\":\"RuleFormSettings\"}" => HTTP 200 (20540 bytes)
[PegaHttpClient] 📡 POST https://zdk8budo.pegaacademy.net/prweb/api/CodeIntelligence/v1/rules/query?pxObjClass=Rule-HTML-Section&appliesTo=Rule-Utility-Function&pyRuleName=OpenAuthoring&RequestClass=Rule-HTML-Section&RequestAppliesTo=Rule-Utility-Function&RequestRuleName=OpenAuthoring Payload: "{\"RequestClass\":\"Rule-HTML-Section\",\"RequestAppliesTo\":\"Rule-Utility-Function\",\"RequestRuleName\":\"OpenAuthoring\"}" => HTTP 200 (23695 bytes)
[PegaHttpClient] 📡 POST https://zdk8budo.pegaacademy.net/prweb/api/CodeIntelligence/v1/rules/query?pxObjClass=Rule-HTML-Section&appliesTo=Rule-Utility-Function&pyRuleName=pyCustomHelp&RequestClass=Rule-HTML-Section&RequestAppliesTo=Rule-Utility-Function&RequestRuleName=pyCustomHelp Payload: "{\"RequestClass\":\"Rule-HTML-Section\",\"RequestAppliesTo\":\"Rule-Utility-Function\",\"RequestRuleName\":\"pyCustomHelp\"}" => HTTP 200 (17256 bytes)
[PegaHttpClient] 📡 POST https://zdk8budo.pegaacademy.net/prweb/api/CodeIntelligence/v1/rules/query?pxObjClass=Rule-HTML-Section&appliesTo=Rule-Utility-Function&pyRuleName=pzRuleformMainInclude&RequestClass=Rule-HTML-Section&RequestAppliesTo=Rule-Utility-Function&RequestRuleName=pzRuleformMainInclude Payload: "{\"RequestClass\":\"Rule-HTML-Section\",\"RequestAppliesTo\":\"Rule-Utility-Function\",\"RequestRuleName\":\"pzRuleformMainInclude\"}" => HTTP 200 (22375 bytes)
[PegaHttpClient] 📡 POST https://zdk8budo.pegaacademy.net/prweb/api/CodeIntelligence/v1/rules/query?pxObjClass=Rule-HTML-Section&appliesTo=Rule-Utility-Function&pyRuleName=pyAlternativeRuleFormStrategicAppExtension&RequestClass=Rule-HTML-Section&RequestAppliesTo=Rule-Utility-Function&RequestRuleName=pyAlternativeRuleFormStrategicAppExtension Payload: "{\"RequestClass\":\"Rule-HTML-Section\",\"RequestAppliesTo\":\"Rule-Utility-Function\",\"RequestRuleName\":\"pyAlternativeRuleFormStrategicAppExtension\"}" => HTTP 200 (25042 bytes)
[PegaHttpClient] 📡 POST https://zdk8budo.pegaacademy.net/prweb/api/CodeIntelligence/v1/rules/query?pxObjClass=Rule-HTML-Section&appliesTo=Rule-Utility-Function&pyRuleName=pyAlternativeRuleFormExtension&RequestClass=Rule-HTML-Section&RequestAppliesTo=Rule-Utility-Function&RequestRuleName=pyAlternativeRuleFormExtension Payload: "{\"RequestClass\":\"Rule-HTML-Section\",\"RequestAppliesTo\":\"Rule-Utility-Function\",\"RequestRuleName\":\"pyAlternativeRuleFormExtension\"}" => HTTP 200 (24863 bytes)
[PegaHttpClient] 📡 POST https://zdk8budo.pegaacademy.net/prweb/api/CodeIntelligence/v1/rules/query?pxObjClass=Rule-HTML-Section&appliesTo=Rule-Utility-Function&pyRuleName=RuleFormHeader&RequestClass=Rule-HTML-Section&RequestAppliesTo=Rule-Utility-Function&RequestRuleName=RuleFormHeader Payload: "{\"RequestClass\":\"Rule-HTML-Section\",\"RequestAppliesTo\":\"Rule-Utility-Function\",\"RequestRuleName\":\"RuleFormHeader\"}" => HTTP 200 (183800 bytes)
[PegaHttpClient] 📡 POST https://zdk8budo.pegaacademy.net/prweb/api/CodeIntelligence/v1/rules/query?pxObjClass=Rule-HTML-Section&appliesTo=Rule-Utility-Function&pyRuleName=pzDelegationExperience&RequestClass=Rule-HTML-Section&RequestAppliesTo=Rule-Utility-Function&RequestRuleName=pzDelegationExperience Payload: "{\"RequestClass\":\"Rule-HTML-Section\",\"RequestAppliesTo\":\"Rule-Utility-Function\",\"RequestRuleName\":\"pzDelegationExperience\"}" => HTTP 404 (121 bytes)
[PegaHttpClient] 📡 POST https://zdk8budo.pegaacademy.net/prweb/PRRestService/CodeIntelligence/v1/rules/query?pxObjClass=Rule-HTML-Section&appliesTo=Rule-Utility-Function&pyRuleName=pzDelegationExperience&RequestClass=Rule-HTML-Section&RequestAppliesTo=Rule-Utility-Function&RequestRuleName=pzDelegationExperience Payload: "{\"RequestClass\":\"Rule-HTML-Section\",\"RequestAppliesTo\":\"Rule-Utility-Function\",\"RequestRuleName\":\"pzDelegationExperience\"}" => HTTP 404 (121 bytes)
[PegaHttpClient] 📡 POST https://zdk8budo.pegaacademy.net/prweb/api/HRAppsV2Service/V1/rules/query?pxObjClass=Rule-HTML-Section&appliesTo=Rule-Utility-Function&pyRuleName=pzDelegationExperience&RequestClass=Rule-HTML-Section&RequestAppliesTo=Rule-Utility-Function&RequestRuleName=pzDelegationExperience Payload: "{\"RequestClass\":\"Rule-HTML-Section\",\"RequestAppliesTo\":\"Rule-Utility-Function\",\"RequestRuleName\":\"pzDelegationExperience\"}" => HTTP 404 (18 bytes)
[PegaHttpClient] 📡 POST https://zdk8budo.pegaacademy.net/prweb/PRRestService/HRAppsV2Service/V1/rules/query?pxObjClass=Rule-HTML-Section&appliesTo=Rule-Utility-Function&pyRuleName=pzDelegationExperience&RequestClass=Rule-HTML-Section&RequestAppliesTo=Rule-Utility-Function&RequestRuleName=pzDelegationExperience Payload: "{\"RequestClass\":\"Rule-HTML-Section\",\"RequestAppliesTo\":\"Rule-Utility-Function\",\"RequestRuleName\":\"pzDelegationExperience\"}" => HTTP 404 (18 bytes)
[PegaHttpClient] 📡 POST https://zdk8budo.pegaacademy.net/prweb/api/HRAppsV2/V1/rules/query?pxObjClass=Rule-HTML-Section&appliesTo=Rule-Utility-Function&pyRuleName=pzDelegationExperience&RequestClass=Rule-HTML-Section&RequestAppliesTo=Rule-Utility-Function&RequestRuleName=pzDelegationExperience Payload: "{\"RequestClass\":\"Rule-HTML-Section\",\"RequestAppliesTo\":\"Rule-Utility-Function\",\"RequestRuleName\":\"pzDelegationExperience\"}" => HTTP 404 (18 bytes)
[PegaHttpClient] 📡 POST https://zdk8budo.pegaacademy.net/prweb/PRRestService/HRAppsV2/V1/rules/query?pxObjClass=Rule-HTML-Section&appliesTo=Rule-Utility-Function&pyRuleName=pzDelegationExperience&RequestClass=Rule-HTML-Section&RequestAppliesTo=Rule-Utility-Function&RequestRuleName=pzDelegationExperience Payload: "{\"RequestClass\":\"Rule-HTML-Section\",\"RequestAppliesTo\":\"Rule-Utility-Function\",\"RequestRuleName\":\"pzDelegationExperience\"}" => HTTP 404 (18 bytes)
[PegaHttpClient] 📡 POST https://zdk8budo.pegaacademy.net/prweb/api/v1/rules/query?pxObjClass=Rule-HTML-Section&appliesTo=Rule-Utility-Function&pyRuleName=pzDelegationExperience&RequestClass=Rule-HTML-Section&RequestAppliesTo=Rule-Utility-Function&RequestRuleName=pzDelegationExperience Payload: "{\"RequestClass\":\"Rule-HTML-Section\",\"RequestAppliesTo\":\"Rule-Utility-Function\",\"RequestRuleName\":\"pzDelegationExperience\"}" => HTTP 404 (18 bytes)
[PegaHttpClient] 📡 POST https://zdk8budo.pegaacademy.net/prweb/PRRestService/v1/rules/query?pxObjClass=Rule-HTML-Section&appliesTo=Rule-Utility-Function&pyRuleName=pzDelegationExperience&RequestClass=Rule-HTML-Section&RequestAppliesTo=Rule-Utility-Function&RequestRuleName=pzDelegationExperience Payload: "{\"RequestClass\":\"Rule-HTML-Section\",\"RequestAppliesTo\":\"Rule-Utility-Function\",\"RequestRuleName\":\"pzDelegationExperience\"}" => HTTP 404 (18 bytes)
[PegaHttpClient] 📡 POST https://zdk8budo.pegaacademy.net/prweb/api/CodeIntelligence/v1/rules/query?pxObjClass=Rule-HTML-Section&appliesTo=Rule-Utility-Function&pyRuleName=pzFunctionParameters&RequestClass=Rule-HTML-Section&RequestAppliesTo=Rule-Utility-Function&RequestRuleName=pzFunctionParameters Payload: "{\"RequestClass\":\"Rule-HTML-Section\",\"RequestAppliesTo\":\"Rule-Utility-Function\",\"RequestRuleName\":\"pzFunctionParameters\"}" => HTTP 200 (129689 bytes)
[PegaHttpClient] 📡 POST https://zdk8budo.pegaacademy.net/prweb/api/CodeIntelligence/v1/rules/query?pxObjClass=Rule-HTML-Section&appliesTo=Rule-Utility-Function&pyRuleName=pzFunctionJava&RequestClass=Rule-HTML-Section&RequestAppliesTo=Rule-Utility-Function&RequestRuleName=pzFunctionJava Payload: "{\"RequestClass\":\"Rule-HTML-Section\",\"RequestAppliesTo\":\"Rule-Utility-Function\",\"RequestRuleName\":\"pzFunctionJava\"}" => HTTP 200 (63379 bytes)
[PegaHttpClient] 📡 POST https://zdk8budo.pegaacademy.net/prweb/api/CodeIntelligence/v1/rules/query?pxObjClass=Rule-HTML-Section&appliesTo=Rule-Utility-Function&pyRuleName=pzFunctionAlias&RequestClass=Rule-HTML-Section&RequestAppliesTo=Rule-Utility-Function&RequestRuleName=pzFunctionAlias Payload: "{\"RequestClass\":\"Rule-HTML-Section\",\"RequestAppliesTo\":\"Rule-Utility-Function\",\"RequestRuleName\":\"pzFunctionAlias\"}" => HTTP 200 (74665 bytes)
[PegaHttpClient] 📡 POST https://zdk8budo.pegaacademy.net/prweb/api/CodeIntelligence/v1/rules/query?pxObjClass=Rule-HTML-Section&appliesTo=Rule-Utility-Function&pyRuleName=pzFunctionImportsExceptions&RequestClass=Rule-HTML-Section&RequestAppliesTo=Rule-Utility-Function&RequestRuleName=pzFunctionImportsExceptions Payload: "{\"RequestClass\":\"Rule-HTML-Section\",\"RequestAppliesTo\":\"Rule-Utility-Function\",\"RequestRuleName\":\"pzFunctionImportsExceptions\"}" => HTTP 200 (79293 bytes)
[PegaHttpClient] 📡 POST https://zdk8budo.pegaacademy.net/prweb/api/CodeIntelligence/v1/rules/query?pxObjClass=Rule-HTML-Section&appliesTo=Rule-Utility-Function&pyRuleName=pzSpecifications&RequestClass=Rule-HTML-Section&RequestAppliesTo=Rule-Utility-Function&RequestRuleName=pzSpecifications Payload: "{\"RequestClass\":\"Rule-HTML-Section\",\"RequestAppliesTo\":\"Rule-Utility-Function\",\"RequestRuleName\":\"pzSpecifications\"}" => HTTP 200 (16577 bytes)
[PegaHttpClient] 📡 POST https://zdk8budo.pegaacademy.net/prweb/api/CodeIntelligence/v1/rules/query?pxObjClass=Rule-HTML-Section&appliesTo=Rule-Utility-Function&pyRuleName=RuleFormHistory&RequestClass=Rule-HTML-Section&RequestAppliesTo=Rule-Utility-Function&RequestRuleName=RuleFormHistory Payload: "{\"RequestClass\":\"Rule-HTML-Section\",\"RequestAppliesTo\":\"Rule-Utility-Function\",\"RequestRuleName\":\"RuleFormHistory\"}" => HTTP 200 (76091 bytes)
[PegaHttpClient] 📡 POST https://zdk8budo.pegaacademy.net/prweb/api/CodeIntelligence/v1/rules/query?pxObjClass=Rule-HTML-Section&appliesTo=Rule-Utility-Function&pyRuleName=pzCustomHelp&RequestClass=Rule-HTML-Section&RequestAppliesTo=Rule-Utility-Function&RequestRuleName=pzCustomHelp Payload: "{\"RequestClass\":\"Rule-HTML-Section\",\"RequestAppliesTo\":\"Rule-Utility-Function\",\"RequestRuleName\":\"pzCustomHelp\"}" => HTTP 200 (31573 bytes)
[PegaHttpClient] 📡 POST https://zdk8budo.pegaacademy.net/prweb/api/CodeIntelligence/v1/rules/query?pxObjClass=Rule-HTML-Section&appliesTo=Rule-Utility-Function&pyRuleName=pzRuleFormKeysAndDescription&RequestClass=Rule-HTML-Section&RequestAppliesTo=Rule-Utility-Function&RequestRuleName=pzRuleFormKeysAndDescription Payload: "{\"RequestClass\":\"Rule-HTML-Section\",\"RequestAppliesTo\":\"Rule-Utility-Function\",\"RequestRuleName\":\"pzRuleFormKeysAndDescription\"}" => HTTP 200 (218057 bytes)
[PegaHttpClient] 📡 POST https://zdk8budo.pegaacademy.net/prweb/api/CodeIntelligence/v1/rules/query?pxObjClass=Rule-HTML-Section&appliesTo=Rule-Utility-Function&pyRuleName=pzRuleFormRuleset&RequestClass=Rule-HTML-Section&RequestAppliesTo=Rule-Utility-Function&RequestRuleName=pzRuleFormRuleset Payload: "{\"RequestClass\":\"Rule-HTML-Section\",\"RequestAppliesTo\":\"Rule-Utility-Function\",\"RequestRuleName\":\"pzRuleFormRuleset\"}" => HTTP 200 (33985 bytes)
[PegaHttpClient] 📡 POST https://zdk8budo.pegaacademy.net/prweb/api/CodeIntelligence/v1/rules/query?pxObjClass=Rule-HTML-Section&appliesTo=Rule-Utility-Function&pyRuleName=undefined&RequestClass=Rule-HTML-Section&RequestAppliesTo=Rule-Utility-Function&RequestRuleName=undefined Payload: "{\"RequestClass\":\"Rule-HTML-Section\",\"RequestAppliesTo\":\"Rule-Utility-Function\",\"RequestRuleName\":\"undefined\"}" => HTTP 404 (108 bytes)
[PegaHttpClient] 📡 POST https://zdk8budo.pegaacademy.net/prweb/PRRestService/CodeIntelligence/v1/rules/query?pxObjClass=Rule-HTML-Section&appliesTo=Rule-Utility-Function&pyRuleName=undefined&RequestClass=Rule-HTML-Section&RequestAppliesTo=Rule-Utility-Function&RequestRuleName=undefined Payload: "{\"RequestClass\":\"Rule-HTML-Section\",\"RequestAppliesTo\":\"Rule-Utility-Function\",\"RequestRuleName\":\"undefined\"}" => HTTP 404 (108 bytes)
[PegaHttpClient] 📡 POST https://zdk8budo.pegaacademy.net/prweb/api/HRAppsV2Service/V1/rules/query?pxObjClass=Rule-HTML-Section&appliesTo=Rule-Utility-Function&pyRuleName=undefined&RequestClass=Rule-HTML-Section&RequestAppliesTo=Rule-Utility-Function&RequestRuleName=undefined Payload: "{\"RequestClass\":\"Rule-HTML-Section\",\"RequestAppliesTo\":\"Rule-Utility-Function\",\"RequestRuleName\":\"undefined\"}" => HTTP 404 (18 bytes)
[PegaHttpClient] 📡 POST https://zdk8budo.pegaacademy.net/prweb/PRRestService/HRAppsV2Service/V1/rules/query?pxObjClass=Rule-HTML-Section&appliesTo=Rule-Utility-Function&pyRuleName=undefined&RequestClass=Rule-HTML-Section&RequestAppliesTo=Rule-Utility-Function&RequestRuleName=undefined Payload: "{\"RequestClass\":\"Rule-HTML-Section\",\"RequestAppliesTo\":\"Rule-Utility-Function\",\"RequestRuleName\":\"undefined\"}" => HTTP 404 (18 bytes)
[PegaHttpClient] 📡 POST https://zdk8budo.pegaacademy.net/prweb/api/HRAppsV2/V1/rules/query?pxObjClass=Rule-HTML-Section&appliesTo=Rule-Utility-Function&pyRuleName=undefined&RequestClass=Rule-HTML-Section&RequestAppliesTo=Rule-Utility-Function&RequestRuleName=undefined Payload: "{\"RequestClass\":\"Rule-HTML-Section\",\"RequestAppliesTo\":\"Rule-Utility-Function\",\"RequestRuleName\":\"undefined\"}" => HTTP 404 (18 bytes)
[PegaHttpClient] 📡 POST https://zdk8budo.pegaacademy.net/prweb/PRRestService/HRAppsV2/V1/rules/query?pxObjClass=Rule-HTML-Section&appliesTo=Rule-Utility-Function&pyRuleName=undefined&RequestClass=Rule-HTML-Section&RequestAppliesTo=Rule-Utility-Function&RequestRuleName=undefined Payload: "{\"RequestClass\":\"Rule-HTML-Section\",\"RequestAppliesTo\":\"Rule-Utility-Function\",\"RequestRuleName\":\"undefined\"}" => HTTP 404 (18 bytes)
[PegaHttpClient] 📡 POST https://zdk8budo.pegaacademy.net/prweb/api/v1/rules/query?pxObjClass=Rule-HTML-Section&appliesTo=Rule-Utility-Function&pyRuleName=undefined&RequestClass=Rule-HTML-Section&RequestAppliesTo=Rule-Utility-Function&RequestRuleName=undefined Payload: "{\"RequestClass\":\"Rule-HTML-Section\",\"RequestAppliesTo\":\"Rule-Utility-Function\",\"RequestRuleName\":\"undefined\"}" => HTTP 404 (18 bytes)
[PegaHttpClient] 📡 POST https://zdk8budo.pegaacademy.net/prweb/PRRestService/v1/rules/query?pxObjClass=Rule-HTML-Section&appliesTo=Rule-Utility-Function&pyRuleName=undefined&RequestClass=Rule-HTML-Section&RequestAppliesTo=Rule-Utility-Function&RequestRuleName=undefined Payload: "{\"RequestClass\":\"Rule-HTML-Section\",\"RequestAppliesTo\":\"Rule-Utility-Function\",\"RequestRuleName\":\"undefined\"}" => HTTP 404 (18 bytes)
[PegaHttpClient] 📡 POST https://zdk8budo.pegaacademy.net/prweb/api/CodeIntelligence/v1/rules/query?pxObjClass=Rule-HTML-Section&appliesTo=Rule-Utility-Function&pyRuleName=pzRuleFormToolbar&RequestClass=Rule-HTML-Section&RequestAppliesTo=Rule-Utility-Function&RequestRuleName=pzRuleFormToolbar Payload: "{\"RequestClass\":\"Rule-HTML-Section\",\"RequestAppliesTo\":\"Rule-Utility-Function\",\"RequestRuleName\":\"pzRuleFormToolbar\"}" => HTTP 200 (242691 bytes)
[PegaHttpClient] 📡 POST https://zdk8budo.pegaacademy.net/prweb/api/CodeIntelligence/v1/rules/query?pxObjClass=Rule-HTML-Section&appliesTo=Rule-Utility-Function&pyRuleName=pzRuleFormToolbarCompare&RequestClass=Rule-HTML-Section&RequestAppliesTo=Rule-Utility-Function&RequestRuleName=pzRuleFormToolbarCompare Payload: "{\"RequestClass\":\"Rule-HTML-Section\",\"RequestAppliesTo\":\"Rule-Utility-Function\",\"RequestRuleName\":\"pzRuleFormToolbarCompare\"}" => HTTP 200 (61925 bytes)
[PegaHttpClient] 📡 POST https://zdk8budo.pegaacademy.net/prweb/api/CodeIntelligence/v1/rules/query?pxObjClass=Rule-HTML-Section&appliesTo=Rule-Utility-Function&pyRuleName=RuleFormHeaderMessages&RequestClass=Rule-HTML-Section&RequestAppliesTo=Rule-Utility-Function&RequestRuleName=RuleFormHeaderMessages Payload: "{\"RequestClass\":\"Rule-HTML-Section\",\"RequestAppliesTo\":\"Rule-Utility-Function\",\"RequestRuleName\":\"RuleFormHeaderMessages\"}" => HTTP 200 (26518 bytes)
[PegaHttpClient] 📡 POST https://zdk8budo.pegaacademy.net/prweb/api/CodeIntelligence/v1/rules/query?pxObjClass=Rule-HTML-Section&appliesTo=Rule-Utility-Function&pyRuleName=pzInputParameters&RequestClass=Rule-HTML-Section&RequestAppliesTo=Rule-Utility-Function&RequestRuleName=pzInputParameters Payload: "{\"RequestClass\":\"Rule-HTML-Section\",\"RequestAppliesTo\":\"Rule-Utility-Function\",\"RequestRuleName\":\"pzInputParameters\"}" => HTTP 200 (94574 bytes)
[PegaHttpClient] 📡 POST https://zdk8budo.pegaacademy.net/prweb/api/CodeIntelligence/v1/rules/query?pxObjClass=Rule-HTML-Section&appliesTo=Rule-Utility-Function&pyRuleName=pzRuleReferenceTypes&RequestClass=Rule-HTML-Section&RequestAppliesTo=Rule-Utility-Function&RequestRuleName=pzRuleReferenceTypes Payload: "{\"RequestClass\":\"Rule-HTML-Section\",\"RequestAppliesTo\":\"Rule-Utility-Function\",\"RequestRuleName\":\"pzRuleReferenceTypes\"}" => HTTP 200 (42517 bytes)
[PegaHttpClient] 📡 POST https://zdk8budo.pegaacademy.net/prweb/api/CodeIntelligence/v1/rules/query?pxObjClass=Rule-HTML-Section&appliesTo=Rule-Utility-Function&pyRuleName=pzSpecificationsInner&RequestClass=Rule-HTML-Section&RequestAppliesTo=Rule-Utility-Function&RequestRuleName=pzSpecificationsInner Payload: "{\"RequestClass\":\"Rule-HTML-Section\",\"RequestAppliesTo\":\"Rule-Utility-Function\",\"RequestRuleName\":\"pzSpecificationsInner\"}" => HTTP 200 (142370 bytes)
[PegaHttpClient] 📡 POST https://zdk8budo.pegaacademy.net/prweb/api/CodeIntelligence/v1/rules/query?pxObjClass=Rule-HTML-Section&appliesTo=Rule-Utility-Function&pyRuleName=pzAlternateRuleInfo&RequestClass=Rule-HTML-Section&RequestAppliesTo=Rule-Utility-Function&RequestRuleName=pzAlternateRuleInfo Payload: "{\"RequestClass\":\"Rule-HTML-Section\",\"RequestAppliesTo\":\"Rule-Utility-Function\",\"RequestRuleName\":\"pzAlternateRuleInfo\"}" => HTTP 200 (140407 bytes)
[PegaHttpClient] 📡 POST https://zdk8budo.pegaacademy.net/prweb/api/CodeIntelligence/v1/rules/query?pxObjClass=Rule-HTML-Section&appliesTo=Rule-Utility-Function&pyRuleName=RuleFormHistory_Description&RequestClass=Rule-HTML-Section&RequestAppliesTo=Rule-Utility-Function&RequestRuleName=RuleFormHistory_Description Payload: "{\"RequestClass\":\"Rule-HTML-Section\",\"RequestAppliesTo\":\"Rule-Utility-Function\",\"RequestRuleName\":\"RuleFormHistory_Description\"}" => HTTP 200 (46242 bytes)
[PegaHttpClient] 📡 POST https://zdk8budo.pegaacademy.net/prweb/api/CodeIntelligence/v1/rules/query?pxObjClass=Rule-HTML-Section&appliesTo=Rule-Utility-Function&pyRuleName=RuleFormHistory_CustomFields&RequestClass=Rule-HTML-Section&RequestAppliesTo=Rule-Utility-Function&RequestRuleName=RuleFormHistory_CustomFields Payload: "{\"RequestClass\":\"Rule-HTML-Section\",\"RequestAppliesTo\":\"Rule-Utility-Function\",\"RequestRuleName\":\"RuleFormHistory_CustomFields\"}" => HTTP 200 (75856 bytes)
[PegaHttpClient] 📡 POST https://zdk8budo.pegaacademy.net/prweb/api/CodeIntelligence/v1/rules/query?pxObjClass=Rule-HTML-Section&appliesTo=Rule-Utility-Function&pyRuleName=RuleFormHistory_HistoryDetails&RequestClass=Rule-HTML-Section&RequestAppliesTo=Rule-Utility-Function&RequestRuleName=RuleFormHistory_HistoryDetails Payload: "{\"RequestClass\":\"Rule-HTML-Section\",\"RequestAppliesTo\":\"Rule-Utility-Function\",\"RequestRuleName\":\"RuleFormHistory_HistoryDetails\"}" => HTTP 200 (179535 bytes)
[PegaHttpClient] 📡 POST https://zdk8budo.pegaacademy.net/prweb/api/CodeIntelligence/v1/rules/query?pxObjClass=Rule-HTML-Section&appliesTo=Rule-Utility-Function&pyRuleName=pzRuleFormStatus&RequestClass=Rule-HTML-Section&RequestAppliesTo=Rule-Utility-Function&RequestRuleName=pzRuleFormStatus Payload: "{\"RequestClass\":\"Rule-HTML-Section\",\"RequestAppliesTo\":\"Rule-Utility-Function\",\"RequestRuleName\":\"pzRuleFormStatus\"}" => HTTP 200 (97627 bytes)
[PegaHttpClient] 📡 POST https://zdk8budo.pegaacademy.net/prweb/api/CodeIntelligence/v1/rules/query?pxObjClass=Rule-HTML-Section&appliesTo=Rule-Utility-Function&pyRuleName=pzRuleFormHeaderCompareWithDropDown&RequestClass=Rule-HTML-Section&RequestAppliesTo=Rule-Utility-Function&RequestRuleName=pzRuleFormHeaderCompareWithDropDown Payload: "{\"RequestClass\":\"Rule-HTML-Section\",\"RequestAppliesTo\":\"Rule-Utility-Function\",\"RequestRuleName\":\"pzRuleFormHeaderCompareWithDropDown\"}" => HTTP 200 (25396 bytes)
[PegaHttpClient] 📡 POST https://zdk8budo.pegaacademy.net/prweb/api/CodeIntelligence/v1/rules/query?pxObjClass=Rule-HTML-Section&appliesTo=Rule-Utility-Function&pyRuleName=undefined&RequestClass=Rule-HTML-Section&RequestAppliesTo=Rule-Utility-Function&RequestRuleName=undefined Payload: "{\"RequestClass\":\"Rule-HTML-Section\",\"RequestAppliesTo\":\"Rule-Utility-Function\",\"RequestRuleName\":\"undefined\"}" => HTTP 404 (108 bytes)
[PegaHttpClient] 📡 POST https://zdk8budo.pegaacademy.net/prweb/PRRestService/CodeIntelligence/v1/rules/query?pxObjClass=Rule-HTML-Section&appliesTo=Rule-Utility-Function&pyRuleName=undefined&RequestClass=Rule-HTML-Section&RequestAppliesTo=Rule-Utility-Function&RequestRuleName=undefined Payload: "{\"RequestClass\":\"Rule-HTML-Section\",\"RequestAppliesTo\":\"Rule-Utility-Function\",\"RequestRuleName\":\"undefined\"}" => HTTP 404 (108 bytes)
[PegaHttpClient] 📡 POST https://zdk8budo.pegaacademy.net/prweb/api/HRAppsV2Service/V1/rules/query?pxObjClass=Rule-HTML-Section&appliesTo=Rule-Utility-Function&pyRuleName=undefined&RequestClass=Rule-HTML-Section&RequestAppliesTo=Rule-Utility-Function&RequestRuleName=undefined Payload: "{\"RequestClass\":\"Rule-HTML-Section\",\"RequestAppliesTo\":\"Rule-Utility-Function\",\"RequestRuleName\":\"undefined\"}" => HTTP 404 (18 bytes)
[PegaHttpClient] 📡 POST https://zdk8budo.pegaacademy.net/prweb/PRRestService/HRAppsV2Service/V1/rules/query?pxObjClass=Rule-HTML-Section&appliesTo=Rule-Utility-Function&pyRuleName=undefined&RequestClass=Rule-HTML-Section&RequestAppliesTo=Rule-Utility-Function&RequestRuleName=undefined Payload: "{\"RequestClass\":\"Rule-HTML-Section\",\"RequestAppliesTo\":\"Rule-Utility-Function\",\"RequestRuleName\":\"undefined\"}" => HTTP 404 (18 bytes)
[PegaHttpClient] 📡 POST https://zdk8budo.pegaacademy.net/prweb/api/HRAppsV2/V1/rules/query?pxObjClass=Rule-HTML-Section&appliesTo=Rule-Utility-Function&pyRuleName=undefined&RequestClass=Rule-HTML-Section&RequestAppliesTo=Rule-Utility-Function&RequestRuleName=undefined Payload: "{\"RequestClass\":\"Rule-HTML-Section\",\"RequestAppliesTo\":\"Rule-Utility-Function\",\"RequestRuleName\":\"undefined\"}" => HTTP 404 (18 bytes)
[PegaHttpClient] 📡 POST https://zdk8budo.pegaacademy.net/prweb/PRRestService/HRAppsV2/V1/rules/query?pxObjClass=Rule-HTML-Section&appliesTo=Rule-Utility-Function&pyRuleName=undefined&RequestClass=Rule-HTML-Section&RequestAppliesTo=Rule-Utility-Function&RequestRuleName=undefined Payload: "{\"RequestClass\":\"Rule-HTML-Section\",\"RequestAppliesTo\":\"Rule-Utility-Function\",\"RequestRuleName\":\"undefined\"}" => HTTP 404 (18 bytes)
[PegaHttpClient] 📡 POST https://zdk8budo.pegaacademy.net/prweb/api/v1/rules/query?pxObjClass=Rule-HTML-Section&appliesTo=Rule-Utility-Function&pyRuleName=undefined&RequestClass=Rule-HTML-Section&RequestAppliesTo=Rule-Utility-Function&RequestRuleName=undefined Payload: "{\"RequestClass\":\"Rule-HTML-Section\",\"RequestAppliesTo\":\"Rule-Utility-Function\",\"RequestRuleName\":\"undefined\"}" => HTTP 404 (18 bytes)
[PegaHttpClient] 📡 POST https://zdk8budo.pegaacademy.net/prweb/PRRestService/v1/rules/query?pxObjClass=Rule-HTML-Section&appliesTo=Rule-Utility-Function&pyRuleName=undefined&RequestClass=Rule-HTML-Section&RequestAppliesTo=Rule-Utility-Function&RequestRuleName=undefined Payload: "{\"RequestClass\":\"Rule-HTML-Section\",\"RequestAppliesTo\":\"Rule-Utility-Function\",\"RequestRuleName\":\"undefined\"}" => HTTP 404 (18 bytes)
[PegaHttpClient] 📡 POST https://zdk8budo.pegaacademy.net/prweb/api/CodeIntelligence/v1/rules/query?pxObjClass=Rule-HTML-Section&appliesTo=Rule-Utility-Function&pyRuleName=pzRuleFormToolbarHotKeys&RequestClass=Rule-HTML-Section&RequestAppliesTo=Rule-Utility-Function&RequestRuleName=pzRuleFormToolbarHotKeys Payload: "{\"RequestClass\":\"Rule-HTML-Section\",\"RequestAppliesTo\":\"Rule-Utility-Function\",\"RequestRuleName\":\"pzRuleFormToolbarHotKeys\"}" => HTTP 200 (85058 bytes)
[PegaHttpClient] 📡 POST https://zdk8budo.pegaacademy.net/prweb/api/CodeIntelligence/v1/rules/query?pxObjClass=Rule-HTML-Section&appliesTo=Rule-Utility-Function&pyRuleName=pzRuleFormToolbarLockedIcon&RequestClass=Rule-HTML-Section&RequestAppliesTo=Rule-Utility-Function&RequestRuleName=pzRuleFormToolbarLockedIcon Payload: "{\"RequestClass\":\"Rule-HTML-Section\",\"RequestAppliesTo\":\"Rule-Utility-Function\",\"RequestRuleName\":\"pzRuleFormToolbarLockedIcon\"}" => HTTP 200 (24898 bytes)
[PegaHttpClient] 📡 POST https://zdk8budo.pegaacademy.net/prweb/api/CodeIntelligence/v1/rules/query?pxObjClass=Rule-HTML-Section&appliesTo=Rule-Utility-Function&pyRuleName=pzRuleFormToolbarCollaborators&RequestClass=Rule-HTML-Section&RequestAppliesTo=Rule-Utility-Function&RequestRuleName=pzRuleFormToolbarCollaborators Payload: "{\"RequestClass\":\"Rule-HTML-Section\",\"RequestAppliesTo\":\"Rule-Utility-Function\",\"RequestRuleName\":\"pzRuleFormToolbarCollaborators\"}" => HTTP 200 (15254 bytes)
[PegaHttpClient] 📡 POST https://zdk8budo.pegaacademy.net/prweb/api/CodeIntelligence/v1/rules/query?pxObjClass=Rule-HTML-Section&appliesTo=Rule-Utility-Function&pyRuleName=pzRuleFormToolbarSaveAs&RequestClass=Rule-HTML-Section&RequestAppliesTo=Rule-Utility-Function&RequestRuleName=pzRuleFormToolbarSaveAs Payload: "{\"RequestClass\":\"Rule-HTML-Section\",\"RequestAppliesTo\":\"Rule-Utility-Function\",\"RequestRuleName\":\"pzRuleFormToolbarSaveAs\"}" => HTTP 200 (64084 bytes)
[PegaHttpClient] 📡 POST https://zdk8budo.pegaacademy.net/prweb/api/CodeIntelligence/v1/rules/query?pxObjClass=Rule-HTML-Section&appliesTo=Rule-Utility-Function&pyRuleName=pzRuleFormToolbarCheckin&RequestClass=Rule-HTML-Section&RequestAppliesTo=Rule-Utility-Function&RequestRuleName=pzRuleFormToolbarCheckin Payload: "{\"RequestClass\":\"Rule-HTML-Section\",\"RequestAppliesTo\":\"Rule-Utility-Function\",\"RequestRuleName\":\"pzRuleFormToolbarCheckin\"}" => HTTP 200 (119096 bytes)
[PegaHttpClient] 📡 POST https://zdk8budo.pegaacademy.net/prweb/api/CodeIntelligence/v1/rules/query?pxObjClass=Rule-HTML-Section&appliesTo=Rule-Utility-Function&pyRuleName=pzRuleFormToolbarDelete&RequestClass=Rule-HTML-Section&RequestAppliesTo=Rule-Utility-Function&RequestRuleName=pzRuleFormToolbarDelete Payload: "{\"RequestClass\":\"Rule-HTML-Section\",\"RequestAppliesTo\":\"Rule-Utility-Function\",\"RequestRuleName\":\"pzRuleFormToolbarDelete\"}" => HTTP 200 (30249 bytes)
[PegaHttpClient] 📡 POST https://zdk8budo.pegaacademy.net/prweb/api/CodeIntelligence/v1/rules/query?pxObjClass=Rule-HTML-Section&appliesTo=Rule-Utility-Function&pyRuleName=pzRuleFormToolbarSave&RequestClass=Rule-HTML-Section&RequestAppliesTo=Rule-Utility-Function&RequestRuleName=pzRuleFormToolbarSave Payload: "{\"RequestClass\":\"Rule-HTML-Section\",\"RequestAppliesTo\":\"Rule-Utility-Function\",\"RequestRuleName\":\"pzRuleFormToolbarSave\"}" => HTTP 200 (293885 bytes)
[PegaHttpClient] 📡 POST https://zdk8budo.pegaacademy.net/prweb/api/CodeIntelligence/v1/rules/query?pxObjClass=Rule-HTML-Section&appliesTo=Rule-Utility-Function&pyRuleName=pzRuleFormToolbarCheckout&RequestClass=Rule-HTML-Section&RequestAppliesTo=Rule-Utility-Function&RequestRuleName=pzRuleFormToolbarCheckout Payload: "{\"RequestClass\":\"Rule-HTML-Section\",\"RequestAppliesTo\":\"Rule-Utility-Function\",\"RequestRuleName\":\"pzRuleFormToolbarCheckout\"}" => HTTP 200 (238148 bytes)
[PegaHttpClient] 📡 POST https://zdk8budo.pegaacademy.net/prweb/api/CodeIntelligence/v1/rules/query?pxObjClass=Rule-HTML-Section&appliesTo=Rule-Utility-Function&pyRuleName=pzRemoveErrorsDataPage&RequestClass=Rule-HTML-Section&RequestAppliesTo=Rule-Utility-Function&RequestRuleName=pzRemoveErrorsDataPage Payload: "{\"RequestClass\":\"Rule-HTML-Section\",\"RequestAppliesTo\":\"Rule-Utility-Function\",\"RequestRuleName\":\"pzRemoveErrorsDataPage\"}" => HTTP 200 (16733 bytes)
[PegaHttpClient] 📡 POST https://zdk8budo.pegaacademy.net/prweb/api/CodeIntelligence/v1/rules/query?pxObjClass=Rule-HTML-Section&appliesTo=Rule-Utility-Function&pyRuleName=pzRuleFormHeaderMessagesWrapper&RequestClass=Rule-HTML-Section&RequestAppliesTo=Rule-Utility-Function&RequestRuleName=pzRuleFormHeaderMessagesWrapper Payload: "{\"RequestClass\":\"Rule-HTML-Section\",\"RequestAppliesTo\":\"Rule-Utility-Function\",\"RequestRuleName\":\"pzRuleFormHeaderMessagesWrapper\"}" => HTTP 200 (16981 bytes)
[PegaHttpClient] 📡 POST https://zdk8budo.pegaacademy.net/prweb/api/CodeIntelligence/v1/rules/query?pxObjClass=Rule-HTML-Section&appliesTo=Rule-Utility-Function&pyRuleName=pzSpecificationName&RequestClass=Rule-HTML-Section&RequestAppliesTo=Rule-Utility-Function&RequestRuleName=pzSpecificationName Payload: "{\"RequestClass\":\"Rule-HTML-Section\",\"RequestAppliesTo\":\"Rule-Utility-Function\",\"RequestRuleName\":\"pzSpecificationName\"}" => HTTP 404 (118 bytes)
[PegaHttpClient] 📡 POST https://zdk8budo.pegaacademy.net/prweb/PRRestService/CodeIntelligence/v1/rules/query?pxObjClass=Rule-HTML-Section&appliesTo=Rule-Utility-Function&pyRuleName=pzSpecificationName&RequestClass=Rule-HTML-Section&RequestAppliesTo=Rule-Utility-Function&RequestRuleName=pzSpecificationName Payload: "{\"RequestClass\":\"Rule-HTML-Section\",\"RequestAppliesTo\":\"Rule-Utility-Function\",\"RequestRuleName\":\"pzSpecificationName\"}" => HTTP 404 (118 bytes)
[PegaHttpClient] 📡 POST https://zdk8budo.pegaacademy.net/prweb/api/HRAppsV2Service/V1/rules/query?pxObjClass=Rule-HTML-Section&appliesTo=Rule-Utility-Function&pyRuleName=pzSpecificationName&RequestClass=Rule-HTML-Section&RequestAppliesTo=Rule-Utility-Function&RequestRuleName=pzSpecificationName Payload: "{\"RequestClass\":\"Rule-HTML-Section\",\"RequestAppliesTo\":\"Rule-Utility-Function\",\"RequestRuleName\":\"pzSpecificationName\"}" => HTTP 404 (18 bytes)
[PegaHttpClient] 📡 POST https://zdk8budo.pegaacademy.net/prweb/PRRestService/HRAppsV2Service/V1/rules/query?pxObjClass=Rule-HTML-Section&appliesTo=Rule-Utility-Function&pyRuleName=pzSpecificationName&RequestClass=Rule-HTML-Section&RequestAppliesTo=Rule-Utility-Function&RequestRuleName=pzSpecificationName Payload: "{\"RequestClass\":\"Rule-HTML-Section\",\"RequestAppliesTo\":\"Rule-Utility-Function\",\"RequestRuleName\":\"pzSpecificationName\"}" => HTTP 404 (18 bytes)
[PegaHttpClient] 📡 POST https://zdk8budo.pegaacademy.net/prweb/api/HRAppsV2/V1/rules/query?pxObjClass=Rule-HTML-Section&appliesTo=Rule-Utility-Function&pyRuleName=pzSpecificationName&RequestClass=Rule-HTML-Section&RequestAppliesTo=Rule-Utility-Function&RequestRuleName=pzSpecificationName Payload: "{\"RequestClass\":\"Rule-HTML-Section\",\"RequestAppliesTo\":\"Rule-Utility-Function\",\"RequestRuleName\":\"pzSpecificationName\"}" => HTTP 404 (18 bytes)
[PegaHttpClient] 📡 POST https://zdk8budo.pegaacademy.net/prweb/PRRestService/HRAppsV2/V1/rules/query?pxObjClass=Rule-HTML-Section&appliesTo=Rule-Utility-Function&pyRuleName=pzSpecificationName&RequestClass=Rule-HTML-Section&RequestAppliesTo=Rule-Utility-Function&RequestRuleName=pzSpecificationName Payload: "{\"RequestClass\":\"Rule-HTML-Section\",\"RequestAppliesTo\":\"Rule-Utility-Function\",\"RequestRuleName\":\"pzSpecificationName\"}" => HTTP 404 (18 bytes)
[PegaHttpClient] 📡 POST https://zdk8budo.pegaacademy.net/prweb/api/v1/rules/query?pxObjClass=Rule-HTML-Section&appliesTo=Rule-Utility-Function&pyRuleName=pzSpecificationName&RequestClass=Rule-HTML-Section&RequestAppliesTo=Rule-Utility-Function&RequestRuleName=pzSpecificationName Payload: "{\"RequestClass\":\"Rule-HTML-Section\",\"RequestAppliesTo\":\"Rule-Utility-Function\",\"RequestRuleName\":\"pzSpecificationName\"}" => HTTP 404 (18 bytes)
[PegaHttpClient] 📡 POST https://zdk8budo.pegaacademy.net/prweb/PRRestService/v1/rules/query?pxObjClass=Rule-HTML-Section&appliesTo=Rule-Utility-Function&pyRuleName=pzSpecificationName&RequestClass=Rule-HTML-Section&RequestAppliesTo=Rule-Utility-Function&RequestRuleName=pzSpecificationName Payload: "{\"RequestClass\":\"Rule-HTML-Section\",\"RequestAppliesTo\":\"Rule-Utility-Function\",\"RequestRuleName\":\"pzSpecificationName\"}" => HTTP 404 (18 bytes)
[PegaHttpClient] 📡 POST https://zdk8budo.pegaacademy.net/prweb/api/CodeIntelligence/v1/rules/query?pxObjClass=Rule-HTML-Section&appliesTo=Rule-Utility-Function&pyRuleName=pzScm_RuleHistory&RequestClass=Rule-HTML-Section&RequestAppliesTo=Rule-Utility-Function&RequestRuleName=pzScm_RuleHistory Payload: "{\"RequestClass\":\"Rule-HTML-Section\",\"RequestAppliesTo\":\"Rule-Utility-Function\",\"RequestRuleName\":\"pzScm_RuleHistory\"}" => HTTP 200 (14682 bytes)
[PegaHttpClient] 📡 POST https://zdk8budo.pegaacademy.net/prweb/api/CodeIntelligence/v1/rules/query?pxObjClass=Rule-HTML-Section&appliesTo=Rule-Utility-Function&pyRuleName=pxDisplayCollaborators&RequestClass=Rule-HTML-Section&RequestAppliesTo=Rule-Utility-Function&RequestRuleName=pxDisplayCollaborators Payload: "{\"RequestClass\":\"Rule-HTML-Section\",\"RequestAppliesTo\":\"Rule-Utility-Function\",\"RequestRuleName\":\"pxDisplayCollaborators\"}" => HTTP 200 (94171 bytes)
[PegaHttpClient] 📡 POST https://zdk8budo.pegaacademy.net/prweb/api/CodeIntelligence/v1/rules/query?pxObjClass=Rule-HTML-Section&appliesTo=Rule-Utility-Function&pyRuleName=pzRuleFormToolbarDeleteCheckOut&RequestClass=Rule-HTML-Section&RequestAppliesTo=Rule-Utility-Function&RequestRuleName=pzRuleFormToolbarDeleteCheckOut Payload: "{\"RequestClass\":\"Rule-HTML-Section\",\"RequestAppliesTo\":\"Rule-Utility-Function\",\"RequestRuleName\":\"pzRuleFormToolbarDeleteCheckOut\"}" => HTTP 200 (29433 bytes)
[PegaHttpClient] 📡 POST https://zdk8budo.pegaacademy.net/prweb/api/CodeIntelligence/v1/rules/query?pxObjClass=Rule-HTML-Section&appliesTo=Rule-Utility-Function&pyRuleName=pzRuleFormToolbarDeleteRule&RequestClass=Rule-HTML-Section&RequestAppliesTo=Rule-Utility-Function&RequestRuleName=pzRuleFormToolbarDeleteRule Payload: "{\"RequestClass\":\"Rule-HTML-Section\",\"RequestAppliesTo\":\"Rule-Utility-Function\",\"RequestRuleName\":\"pzRuleFormToolbarDeleteRule\"}" => HTTP 200 (32314 bytes)
[PegaHttpClient] 📡 POST https://zdk8budo.pegaacademy.net/prweb/api/CodeIntelligence/v1/rules/query?pxObjClass=Rule-HTML-Section&appliesTo=Rule-Utility-Function&pyRuleName=pzLoadCollaborationScripts&RequestClass=Rule-HTML-Section&RequestAppliesTo=Rule-Utility-Function&RequestRuleName=pzLoadCollaborationScripts Payload: "{\"RequestClass\":\"Rule-HTML-Section\",\"RequestAppliesTo\":\"Rule-Utility-Function\",\"RequestRuleName\":\"pzLoadCollaborationScripts\"}" => HTTP 200 (23453 bytes)
[PegaHttpClient] 📡 POST https://zdk8budo.pegaacademy.net/prweb/api/CodeIntelligence/v1/rules/query?pxObjClass=Rule-HTML-Section&appliesTo=Rule-Utility-Function&pyRuleName=pzDisplayCollaboratorsList&RequestClass=Rule-HTML-Section&RequestAppliesTo=Rule-Utility-Function&RequestRuleName=pzDisplayCollaboratorsList Payload: "{\"RequestClass\":\"Rule-HTML-Section\",\"RequestAppliesTo\":\"Rule-Utility-Function\",\"RequestRuleName\":\"pzDisplayCollaboratorsList\"}" => HTTP 200 (105418 bytes)
[PegaHttpClient] 📡 POST https://zdk8budo.pegaacademy.net/prweb/api/CodeIntelligence/v1/rules/query?pxObjClass=Rule-HTML-Section&appliesTo=Rule-Utility-Function&pyRuleName=pyCollaborator&RequestClass=Rule-HTML-Section&RequestAppliesTo=Rule-Utility-Function&RequestRuleName=pyCollaborator Payload: "{\"RequestClass\":\"Rule-HTML-Section\",\"RequestAppliesTo\":\"Rule-Utility-Function\",\"RequestRuleName\":\"pyCollaborator\"}" => HTTP 404 (113 bytes)
[PegaHttpClient] 📡 POST https://zdk8budo.pegaacademy.net/prweb/PRRestService/CodeIntelligence/v1/rules/query?pxObjClass=Rule-HTML-Section&appliesTo=Rule-Utility-Function&pyRuleName=pyCollaborator&RequestClass=Rule-HTML-Section&RequestAppliesTo=Rule-Utility-Function&RequestRuleName=pyCollaborator Payload: "{\"RequestClass\":\"Rule-HTML-Section\",\"RequestAppliesTo\":\"Rule-Utility-Function\",\"RequestRuleName\":\"pyCollaborator\"}" => HTTP 404 (113 bytes)
[PegaHttpClient] 📡 POST https://zdk8budo.pegaacademy.net/prweb/api/HRAppsV2Service/V1/rules/query?pxObjClass=Rule-HTML-Section&appliesTo=Rule-Utility-Function&pyRuleName=pyCollaborator&RequestClass=Rule-HTML-Section&RequestAppliesTo=Rule-Utility-Function&RequestRuleName=pyCollaborator Payload: "{\"RequestClass\":\"Rule-HTML-Section\",\"RequestAppliesTo\":\"Rule-Utility-Function\",\"RequestRuleName\":\"pyCollaborator\"}" => HTTP 404 (18 bytes)
[PegaHttpClient] 📡 POST https://zdk8budo.pegaacademy.net/prweb/PRRestService/HRAppsV2Service/V1/rules/query?pxObjClass=Rule-HTML-Section&appliesTo=Rule-Utility-Function&pyRuleName=pyCollaborator&RequestClass=Rule-HTML-Section&RequestAppliesTo=Rule-Utility-Function&RequestRuleName=pyCollaborator Payload: "{\"RequestClass\":\"Rule-HTML-Section\",\"RequestAppliesTo\":\"Rule-Utility-Function\",\"RequestRuleName\":\"pyCollaborator\"}" => HTTP 404 (18 bytes)
[PegaHttpClient] 📡 POST https://zdk8budo.pegaacademy.net/prweb/api/HRAppsV2/V1/rules/query?pxObjClass=Rule-HTML-Section&appliesTo=Rule-Utility-Function&pyRuleName=pyCollaborator&RequestClass=Rule-HTML-Section&RequestAppliesTo=Rule-Utility-Function&RequestRuleName=pyCollaborator Payload: "{\"RequestClass\":\"Rule-HTML-Section\",\"RequestAppliesTo\":\"Rule-Utility-Function\",\"RequestRuleName\":\"pyCollaborator\"}" => HTTP 404 (18 bytes)
[PegaHttpClient] 📡 POST https://zdk8budo.pegaacademy.net/prweb/PRRestService/HRAppsV2/V1/rules/query?pxObjClass=Rule-HTML-Section&appliesTo=Rule-Utility-Function&pyRuleName=pyCollaborator&RequestClass=Rule-HTML-Section&RequestAppliesTo=Rule-Utility-Function&RequestRuleName=pyCollaborator Payload: "{\"RequestClass\":\"Rule-HTML-Section\",\"RequestAppliesTo\":\"Rule-Utility-Function\",\"RequestRuleName\":\"pyCollaborator\"}" => HTTP 404 (18 bytes)
[PegaHttpClient] 📡 POST https://zdk8budo.pegaacademy.net/prweb/api/v1/rules/query?pxObjClass=Rule-HTML-Section&appliesTo=Rule-Utility-Function&pyRuleName=pyCollaborator&RequestClass=Rule-HTML-Section&RequestAppliesTo=Rule-Utility-Function&RequestRuleName=pyCollaborator Payload: "{\"RequestClass\":\"Rule-HTML-Section\",\"RequestAppliesTo\":\"Rule-Utility-Function\",\"RequestRuleName\":\"pyCollaborator\"}" => HTTP 404 (18 bytes)
[PegaHttpClient] 📡 POST https://zdk8budo.pegaacademy.net/prweb/PRRestService/v1/rules/query?pxObjClass=Rule-HTML-Section&appliesTo=Rule-Utility-Function&pyRuleName=pyCollaborator&RequestClass=Rule-HTML-Section&RequestAppliesTo=Rule-Utility-Function&RequestRuleName=pyCollaborator Payload: "{\"RequestClass\":\"Rule-HTML-Section\",\"RequestAppliesTo\":\"Rule-Utility-Function\",\"RequestRuleName\":\"pyCollaborator\"}" => HTTP 404 (18 bytes)
[PegaHttpClient] 📡 POST https://zdk8budo.pegaacademy.net/prweb/api/CodeIntelligence/v1/rules/query?pxObjClass=Rule-HTML-Section&appliesTo=Rule-Utility-Function&pyRuleName=pzDisplayPartialCount&RequestClass=Rule-HTML-Section&RequestAppliesTo=Rule-Utility-Function&RequestRuleName=pzDisplayPartialCount Payload: "{\"RequestClass\":\"Rule-HTML-Section\",\"RequestAppliesTo\":\"Rule-Utility-Function\",\"RequestRuleName\":\"pzDisplayPartialCount\"}" => HTTP 404 (120 bytes)
[PegaHttpClient] 📡 POST https://zdk8budo.pegaacademy.net/prweb/PRRestService/CodeIntelligence/v1/rules/query?pxObjClass=Rule-HTML-Section&appliesTo=Rule-Utility-Function&pyRuleName=pzDisplayPartialCount&RequestClass=Rule-HTML-Section&RequestAppliesTo=Rule-Utility-Function&RequestRuleName=pzDisplayPartialCount Payload: "{\"RequestClass\":\"Rule-HTML-Section\",\"RequestAppliesTo\":\"Rule-Utility-Function\",\"RequestRuleName\":\"pzDisplayPartialCount\"}" => HTTP 404 (120 bytes)
[PegaHttpClient] 📡 POST https://zdk8budo.pegaacademy.net/prweb/api/HRAppsV2Service/V1/rules/query?pxObjClass=Rule-HTML-Section&appliesTo=Rule-Utility-Function&pyRuleName=pzDisplayPartialCount&RequestClass=Rule-HTML-Section&RequestAppliesTo=Rule-Utility-Function&RequestRuleName=pzDisplayPartialCount Payload: "{\"RequestClass\":\"Rule-HTML-Section\",\"RequestAppliesTo\":\"Rule-Utility-Function\",\"RequestRuleName\":\"pzDisplayPartialCount\"}" => HTTP 404 (18 bytes)
[PegaHttpClient] 📡 POST https://zdk8budo.pegaacademy.net/prweb/PRRestService/HRAppsV2Service/V1/rules/query?pxObjClass=Rule-HTML-Section&appliesTo=Rule-Utility-Function&pyRuleName=pzDisplayPartialCount&RequestClass=Rule-HTML-Section&RequestAppliesTo=Rule-Utility-Function&RequestRuleName=pzDisplayPartialCount Payload: "{\"RequestClass\":\"Rule-HTML-Section\",\"RequestAppliesTo\":\"Rule-Utility-Function\",\"RequestRuleName\":\"pzDisplayPartialCount\"}" => HTTP 404 (18 bytes)
[PegaHttpClient] 📡 POST https://zdk8budo.pegaacademy.net/prweb/api/HRAppsV2/V1/rules/query?pxObjClass=Rule-HTML-Section&appliesTo=Rule-Utility-Function&pyRuleName=pzDisplayPartialCount&RequestClass=Rule-HTML-Section&RequestAppliesTo=Rule-Utility-Function&RequestRuleName=pzDisplayPartialCount Payload: "{\"RequestClass\":\"Rule-HTML-Section\",\"RequestAppliesTo\":\"Rule-Utility-Function\",\"RequestRuleName\":\"pzDisplayPartialCount\"}" => HTTP 404 (18 bytes)
[PegaHttpClient] 📡 POST https://zdk8budo.pegaacademy.net/prweb/PRRestService/HRAppsV2/V1/rules/query?pxObjClass=Rule-HTML-Section&appliesTo=Rule-Utility-Function&pyRuleName=pzDisplayPartialCount&RequestClass=Rule-HTML-Section&RequestAppliesTo=Rule-Utility-Function&RequestRuleName=pzDisplayPartialCount Payload: "{\"RequestClass\":\"Rule-HTML-Section\",\"RequestAppliesTo\":\"Rule-Utility-Function\",\"RequestRuleName\":\"pzDisplayPartialCount\"}" => HTTP 404 (18 bytes)
[PegaHttpClient] 📡 POST https://zdk8budo.pegaacademy.net/prweb/api/v1/rules/query?pxObjClass=Rule-HTML-Section&appliesTo=Rule-Utility-Function&pyRuleName=pzDisplayPartialCount&RequestClass=Rule-HTML-Section&RequestAppliesTo=Rule-Utility-Function&RequestRuleName=pzDisplayPartialCount Payload: "{\"RequestClass\":\"Rule-HTML-Section\",\"RequestAppliesTo\":\"Rule-Utility-Function\",\"RequestRuleName\":\"pzDisplayPartialCount\"}" => HTTP 404 (18 bytes)
[PegaHttpClient] 📡 POST https://zdk8budo.pegaacademy.net/prweb/PRRestService/v1/rules/query?pxObjClass=Rule-HTML-Section&appliesTo=Rule-Utility-Function&pyRuleName=pzDisplayPartialCount&RequestClass=Rule-HTML-Section&RequestAppliesTo=Rule-Utility-Function&RequestRuleName=pzDisplayPartialCount Payload: "{\"RequestClass\":\"Rule-HTML-Section\",\"RequestAppliesTo\":\"Rule-Utility-Function\",\"RequestRuleName\":\"pzDisplayPartialCount\"}" => HTTP 404 (18 bytes)
[SchemaGen] ✅ Schema written for Rule-Utility-Function
[PegaHttpClient] 📡 GET https://zdk8budo.pegaacademy.net/prweb/api/CodeIntelligence/v1/rules/RULE-HTML-HARNESS%20RULE-TEMPLATE-WORD%20RULEFORM%20%2320180713T135125.339%20GMT => HTTP 200 (64582 bytes)
[PegaHttpClient] 📡 POST https://zdk8budo.pegaacademy.net/prweb/api/CodeIntelligence/v1/rules/query?pxObjClass=Rule-HTML-Section&appliesTo=Rule-Template-Word&pyRuleName=RuleFormMain&RequestClass=Rule-HTML-Section&RequestAppliesTo=Rule-Template-Word&RequestRuleName=RuleFormMain Payload: "{\"RequestClass\":\"Rule-HTML-Section\",\"RequestAppliesTo\":\"Rule-Template-Word\",\"RequestRuleName\":\"RuleFormMain\"}" => HTTP 200 (156234 bytes)
[PegaHttpClient] 📡 POST https://zdk8budo.pegaacademy.net/prweb/api/CodeIntelligence/v1/rules/query?pxObjClass=Rule-HTML-Section&appliesTo=Rule-Template-Word&pyRuleName=pxAlternateRuleForm&RequestClass=Rule-HTML-Section&RequestAppliesTo=Rule-Template-Word&RequestRuleName=pxAlternateRuleForm Payload: "{\"RequestClass\":\"Rule-HTML-Section\",\"RequestAppliesTo\":\"Rule-Template-Word\",\"RequestRuleName\":\"pxAlternateRuleForm\"}" => HTTP 200 (66153 bytes)
[PegaHttpClient] 📡 POST https://zdk8budo.pegaacademy.net/prweb/api/CodeIntelligence/v1/rules/query?pxObjClass=Rule-HTML-Section&appliesTo=Rule-Template-Word&pyRuleName=pzRuleFormScripts&RequestClass=Rule-HTML-Section&RequestAppliesTo=Rule-Template-Word&RequestRuleName=pzRuleFormScripts Payload: "{\"RequestClass\":\"Rule-HTML-Section\",\"RequestAppliesTo\":\"Rule-Template-Word\",\"RequestRuleName\":\"pzRuleFormScripts\"}" => HTTP 200 (40822 bytes)
[PegaHttpClient] 📡 POST https://zdk8budo.pegaacademy.net/prweb/api/CodeIntelligence/v1/rules/query?pxObjClass=Rule-HTML-Section&appliesTo=Rule-Template-Word&pyRuleName=pzRuleFormLayoutDelegated&RequestClass=Rule-HTML-Section&RequestAppliesTo=Rule-Template-Word&RequestRuleName=pzRuleFormLayoutDelegated Payload: "{\"RequestClass\":\"Rule-HTML-Section\",\"RequestAppliesTo\":\"Rule-Template-Word\",\"RequestRuleName\":\"pzRuleFormLayoutDelegated\"}" => HTTP 200 (70998 bytes)
[PegaHttpClient] 📡 POST https://zdk8budo.pegaacademy.net/prweb/api/CodeIntelligence/v1/rules/query?pxObjClass=Rule-HTML-Section&appliesTo=Rule-Template-Word&pyRuleName=RuleFormLayout&RequestClass=Rule-HTML-Section&RequestAppliesTo=Rule-Template-Word&RequestRuleName=RuleFormLayout Payload: "{\"RequestClass\":\"Rule-HTML-Section\",\"RequestAppliesTo\":\"Rule-Template-Word\",\"RequestRuleName\":\"RuleFormLayout\"}" => HTTP 200 (55175 bytes)
[PegaHttpClient] 📡 POST https://zdk8budo.pegaacademy.net/prweb/api/CodeIntelligence/v1/rules/query?pxObjClass=Rule-HTML-Section&appliesTo=Rule-Template-Word&pyRuleName=RuleFormSettings&RequestClass=Rule-HTML-Section&RequestAppliesTo=Rule-Template-Word&RequestRuleName=RuleFormSettings Payload: "{\"RequestClass\":\"Rule-HTML-Section\",\"RequestAppliesTo\":\"Rule-Template-Word\",\"RequestRuleName\":\"RuleFormSettings\"}" => HTTP 200 (20540 bytes)
[PegaHttpClient] 📡 POST https://zdk8budo.pegaacademy.net/prweb/api/CodeIntelligence/v1/rules/query?pxObjClass=Rule-HTML-Section&appliesTo=Rule-Template-Word&pyRuleName=OpenAuthoring&RequestClass=Rule-HTML-Section&RequestAppliesTo=Rule-Template-Word&RequestRuleName=OpenAuthoring Payload: "{\"RequestClass\":\"Rule-HTML-Section\",\"RequestAppliesTo\":\"Rule-Template-Word\",\"RequestRuleName\":\"OpenAuthoring\"}" => HTTP 200 (23695 bytes)
[PegaHttpClient] 📡 POST https://zdk8budo.pegaacademy.net/prweb/api/CodeIntelligence/v1/rules/query?pxObjClass=Rule-HTML-Section&appliesTo=Rule-Template-Word&pyRuleName=pyCustomHelp&RequestClass=Rule-HTML-Section&RequestAppliesTo=Rule-Template-Word&RequestRuleName=pyCustomHelp Payload: "{\"RequestClass\":\"Rule-HTML-Section\",\"RequestAppliesTo\":\"Rule-Template-Word\",\"RequestRuleName\":\"pyCustomHelp\"}" => HTTP 200 (17256 bytes)
[PegaHttpClient] 📡 POST https://zdk8budo.pegaacademy.net/prweb/api/CodeIntelligence/v1/rules/query?pxObjClass=Rule-HTML-Section&appliesTo=Rule-Template-Word&pyRuleName=pzRuleformMainInclude&RequestClass=Rule-HTML-Section&RequestAppliesTo=Rule-Template-Word&RequestRuleName=pzRuleformMainInclude Payload: "{\"RequestClass\":\"Rule-HTML-Section\",\"RequestAppliesTo\":\"Rule-Template-Word\",\"RequestRuleName\":\"pzRuleformMainInclude\"}" => HTTP 200 (22375 bytes)
[PegaHttpClient] 📡 POST https://zdk8budo.pegaacademy.net/prweb/api/CodeIntelligence/v1/rules/query?pxObjClass=Rule-HTML-Section&appliesTo=Rule-Template-Word&pyRuleName=pyAlternativeRuleFormStrategicAppExtension&RequestClass=Rule-HTML-Section&RequestAppliesTo=Rule-Template-Word&RequestRuleName=pyAlternativeRuleFormStrategicAppExtension Payload: "{\"RequestClass\":\"Rule-HTML-Section\",\"RequestAppliesTo\":\"Rule-Template-Word\",\"RequestRuleName\":\"pyAlternativeRuleFormStrategicAppExtension\"}" => HTTP 200 (25042 bytes)
[PegaHttpClient] 📡 POST https://zdk8budo.pegaacademy.net/prweb/api/CodeIntelligence/v1/rules/query?pxObjClass=Rule-HTML-Section&appliesTo=Rule-Template-Word&pyRuleName=pyAlternativeRuleFormExtension&RequestClass=Rule-HTML-Section&RequestAppliesTo=Rule-Template-Word&RequestRuleName=pyAlternativeRuleFormExtension Payload: "{\"RequestClass\":\"Rule-HTML-Section\",\"RequestAppliesTo\":\"Rule-Template-Word\",\"RequestRuleName\":\"pyAlternativeRuleFormExtension\"}" => HTTP 200 (24863 bytes)
[PegaHttpClient] 📡 POST https://zdk8budo.pegaacademy.net/prweb/api/CodeIntelligence/v1/rules/query?pxObjClass=Rule-HTML-Section&appliesTo=Rule-Template-Word&pyRuleName=RuleFormHeader&RequestClass=Rule-HTML-Section&RequestAppliesTo=Rule-Template-Word&RequestRuleName=RuleFormHeader Payload: "{\"RequestClass\":\"Rule-HTML-Section\",\"RequestAppliesTo\":\"Rule-Template-Word\",\"RequestRuleName\":\"RuleFormHeader\"}" => HTTP 200 (183800 bytes)
[PegaHttpClient] 📡 POST https://zdk8budo.pegaacademy.net/prweb/api/CodeIntelligence/v1/rules/query?pxObjClass=Rule-HTML-Section&appliesTo=Rule-Template-Word&pyRuleName=pzDelegationExperience&RequestClass=Rule-HTML-Section&RequestAppliesTo=Rule-Template-Word&RequestRuleName=pzDelegationExperience Payload: "{\"RequestClass\":\"Rule-HTML-Section\",\"RequestAppliesTo\":\"Rule-Template-Word\",\"RequestRuleName\":\"pzDelegationExperience\"}" => HTTP 404 (118 bytes)
[PegaHttpClient] 📡 POST https://zdk8budo.pegaacademy.net/prweb/PRRestService/CodeIntelligence/v1/rules/query?pxObjClass=Rule-HTML-Section&appliesTo=Rule-Template-Word&pyRuleName=pzDelegationExperience&RequestClass=Rule-HTML-Section&RequestAppliesTo=Rule-Template-Word&RequestRuleName=pzDelegationExperience Payload: "{\"RequestClass\":\"Rule-HTML-Section\",\"RequestAppliesTo\":\"Rule-Template-Word\",\"RequestRuleName\":\"pzDelegationExperience\"}" => HTTP 404 (118 bytes)
[PegaHttpClient] 📡 POST https://zdk8budo.pegaacademy.net/prweb/api/HRAppsV2Service/V1/rules/query?pxObjClass=Rule-HTML-Section&appliesTo=Rule-Template-Word&pyRuleName=pzDelegationExperience&RequestClass=Rule-HTML-Section&RequestAppliesTo=Rule-Template-Word&RequestRuleName=pzDelegationExperience Payload: "{\"RequestClass\":\"Rule-HTML-Section\",\"RequestAppliesTo\":\"Rule-Template-Word\",\"RequestRuleName\":\"pzDelegationExperience\"}" => HTTP 404 (18 bytes)
[PegaHttpClient] 📡 POST https://zdk8budo.pegaacademy.net/prweb/PRRestService/HRAppsV2Service/V1/rules/query?pxObjClass=Rule-HTML-Section&appliesTo=Rule-Template-Word&pyRuleName=pzDelegationExperience&RequestClass=Rule-HTML-Section&RequestAppliesTo=Rule-Template-Word&RequestRuleName=pzDelegationExperience Payload: "{\"RequestClass\":\"Rule-HTML-Section\",\"RequestAppliesTo\":\"Rule-Template-Word\",\"RequestRuleName\":\"pzDelegationExperience\"}" => HTTP 404 (18 bytes)
[PegaHttpClient] 📡 POST https://zdk8budo.pegaacademy.net/prweb/api/HRAppsV2/V1/rules/query?pxObjClass=Rule-HTML-Section&appliesTo=Rule-Template-Word&pyRuleName=pzDelegationExperience&RequestClass=Rule-HTML-Section&RequestAppliesTo=Rule-Template-Word&RequestRuleName=pzDelegationExperience Payload: "{\"RequestClass\":\"Rule-HTML-Section\",\"RequestAppliesTo\":\"Rule-Template-Word\",\"RequestRuleName\":\"pzDelegationExperience\"}" => HTTP 404 (18 bytes)
[PegaHttpClient] 📡 POST https://zdk8budo.pegaacademy.net/prweb/PRRestService/HRAppsV2/V1/rules/query?pxObjClass=Rule-HTML-Section&appliesTo=Rule-Template-Word&pyRuleName=pzDelegationExperience&RequestClass=Rule-HTML-Section&RequestAppliesTo=Rule-Template-Word&RequestRuleName=pzDelegationExperience Payload: "{\"RequestClass\":\"Rule-HTML-Section\",\"RequestAppliesTo\":\"Rule-Template-Word\",\"RequestRuleName\":\"pzDelegationExperience\"}" => HTTP 404 (18 bytes)
[PegaHttpClient] 📡 POST https://zdk8budo.pegaacademy.net/prweb/api/v1/rules/query?pxObjClass=Rule-HTML-Section&appliesTo=Rule-Template-Word&pyRuleName=pzDelegationExperience&RequestClass=Rule-HTML-Section&RequestAppliesTo=Rule-Template-Word&RequestRuleName=pzDelegationExperience Payload: "{\"RequestClass\":\"Rule-HTML-Section\",\"RequestAppliesTo\":\"Rule-Template-Word\",\"RequestRuleName\":\"pzDelegationExperience\"}" => HTTP 404 (18 bytes)
[PegaHttpClient] 📡 POST https://zdk8budo.pegaacademy.net/prweb/PRRestService/v1/rules/query?pxObjClass=Rule-HTML-Section&appliesTo=Rule-Template-Word&pyRuleName=pzDelegationExperience&RequestClass=Rule-HTML-Section&RequestAppliesTo=Rule-Template-Word&RequestRuleName=pzDelegationExperience Payload: "{\"RequestClass\":\"Rule-HTML-Section\",\"RequestAppliesTo\":\"Rule-Template-Word\",\"RequestRuleName\":\"pzDelegationExperience\"}" => HTTP 404 (18 bytes)
[PegaHttpClient] 📡 POST https://zdk8budo.pegaacademy.net/prweb/api/CodeIntelligence/v1/rules/query?pxObjClass=Rule-HTML-Section&appliesTo=Rule-Template-Word&pyRuleName=Main&RequestClass=Rule-HTML-Section&RequestAppliesTo=Rule-Template-Word&RequestRuleName=Main Payload: "{\"RequestClass\":\"Rule-HTML-Section\",\"RequestAppliesTo\":\"Rule-Template-Word\",\"RequestRuleName\":\"Main\"}" => HTTP 200 (85283 bytes)
[PegaHttpClient] 📡 POST https://zdk8budo.pegaacademy.net/prweb/api/CodeIntelligence/v1/rules/query?pxObjClass=Rule-HTML-Section&appliesTo=Rule-Template-Word&pyRuleName=pzSpecifications&RequestClass=Rule-HTML-Section&RequestAppliesTo=Rule-Template-Word&RequestRuleName=pzSpecifications Payload: "{\"RequestClass\":\"Rule-HTML-Section\",\"RequestAppliesTo\":\"Rule-Template-Word\",\"RequestRuleName\":\"pzSpecifications\"}" => HTTP 200 (16577 bytes)
[PegaHttpClient] 📡 POST https://zdk8budo.pegaacademy.net/prweb/api/CodeIntelligence/v1/rules/query?pxObjClass=Rule-HTML-Section&appliesTo=Rule-Template-Word&pyRuleName=RuleFormHistory&RequestClass=Rule-HTML-Section&RequestAppliesTo=Rule-Template-Word&RequestRuleName=RuleFormHistory Payload: "{\"RequestClass\":\"Rule-HTML-Section\",\"RequestAppliesTo\":\"Rule-Template-Word\",\"RequestRuleName\":\"RuleFormHistory\"}" => HTTP 200 (76091 bytes)
[PegaHttpClient] 📡 POST https://zdk8budo.pegaacademy.net/prweb/api/CodeIntelligence/v1/rules/query?pxObjClass=Rule-HTML-Section&appliesTo=Rule-Template-Word&pyRuleName=pzCustomHelp&RequestClass=Rule-HTML-Section&RequestAppliesTo=Rule-Template-Word&RequestRuleName=pzCustomHelp Payload: "{\"RequestClass\":\"Rule-HTML-Section\",\"RequestAppliesTo\":\"Rule-Template-Word\",\"RequestRuleName\":\"pzCustomHelp\"}" => HTTP 200 (31573 bytes)
[PegaHttpClient] 📡 POST https://zdk8budo.pegaacademy.net/prweb/api/CodeIntelligence/v1/rules/query?pxObjClass=Rule-HTML-Section&appliesTo=Rule-Template-Word&pyRuleName=pzRuleFormKeysAndDescription&RequestClass=Rule-HTML-Section&RequestAppliesTo=Rule-Template-Word&RequestRuleName=pzRuleFormKeysAndDescription Payload: "{\"RequestClass\":\"Rule-HTML-Section\",\"RequestAppliesTo\":\"Rule-Template-Word\",\"RequestRuleName\":\"pzRuleFormKeysAndDescription\"}" => HTTP 200 (218057 bytes)
[PegaHttpClient] 📡 POST https://zdk8budo.pegaacademy.net/prweb/api/CodeIntelligence/v1/rules/query?pxObjClass=Rule-HTML-Section&appliesTo=Rule-Template-Word&pyRuleName=pzRuleFormRuleset&RequestClass=Rule-HTML-Section&RequestAppliesTo=Rule-Template-Word&RequestRuleName=pzRuleFormRuleset Payload: "{\"RequestClass\":\"Rule-HTML-Section\",\"RequestAppliesTo\":\"Rule-Template-Word\",\"RequestRuleName\":\"pzRuleFormRuleset\"}" => HTTP 200 (33985 bytes)
[PegaHttpClient] 📡 POST https://zdk8budo.pegaacademy.net/prweb/api/CodeIntelligence/v1/rules/query?pxObjClass=Rule-HTML-Section&appliesTo=Rule-Template-Word&pyRuleName=undefined&RequestClass=Rule-HTML-Section&RequestAppliesTo=Rule-Template-Word&RequestRuleName=undefined Payload: "{\"RequestClass\":\"Rule-HTML-Section\",\"RequestAppliesTo\":\"Rule-Template-Word\",\"RequestRuleName\":\"undefined\"}" => HTTP 404 (105 bytes)
[PegaHttpClient] 📡 POST https://zdk8budo.pegaacademy.net/prweb/PRRestService/CodeIntelligence/v1/rules/query?pxObjClass=Rule-HTML-Section&appliesTo=Rule-Template-Word&pyRuleName=undefined&RequestClass=Rule-HTML-Section&RequestAppliesTo=Rule-Template-Word&RequestRuleName=undefined Payload: "{\"RequestClass\":\"Rule-HTML-Section\",\"RequestAppliesTo\":\"Rule-Template-Word\",\"RequestRuleName\":\"undefined\"}" => HTTP 404 (105 bytes)
[PegaHttpClient] 📡 POST https://zdk8budo.pegaacademy.net/prweb/api/HRAppsV2Service/V1/rules/query?pxObjClass=Rule-HTML-Section&appliesTo=Rule-Template-Word&pyRuleName=undefined&RequestClass=Rule-HTML-Section&RequestAppliesTo=Rule-Template-Word&RequestRuleName=undefined Payload: "{\"RequestClass\":\"Rule-HTML-Section\",\"RequestAppliesTo\":\"Rule-Template-Word\",\"RequestRuleName\":\"undefined\"}" => HTTP 404 (18 bytes)
[PegaHttpClient] 📡 POST https://zdk8budo.pegaacademy.net/prweb/PRRestService/HRAppsV2Service/V1/rules/query?pxObjClass=Rule-HTML-Section&appliesTo=Rule-Template-Word&pyRuleName=undefined&RequestClass=Rule-HTML-Section&RequestAppliesTo=Rule-Template-Word&RequestRuleName=undefined Payload: "{\"RequestClass\":\"Rule-HTML-Section\",\"RequestAppliesTo\":\"Rule-Template-Word\",\"RequestRuleName\":\"undefined\"}" => HTTP 404 (18 bytes)
[PegaHttpClient] 📡 POST https://zdk8budo.pegaacademy.net/prweb/api/HRAppsV2/V1/rules/query?pxObjClass=Rule-HTML-Section&appliesTo=Rule-Template-Word&pyRuleName=undefined&RequestClass=Rule-HTML-Section&RequestAppliesTo=Rule-Template-Word&RequestRuleName=undefined Payload: "{\"RequestClass\":\"Rule-HTML-Section\",\"RequestAppliesTo\":\"Rule-Template-Word\",\"RequestRuleName\":\"undefined\"}" => HTTP 404 (18 bytes)
[PegaHttpClient] 📡 POST https://zdk8budo.pegaacademy.net/prweb/PRRestService/HRAppsV2/V1/rules/query?pxObjClass=Rule-HTML-Section&appliesTo=Rule-Template-Word&pyRuleName=undefined&RequestClass=Rule-HTML-Section&RequestAppliesTo=Rule-Template-Word&RequestRuleName=undefined Payload: "{\"RequestClass\":\"Rule-HTML-Section\",\"RequestAppliesTo\":\"Rule-Template-Word\",\"RequestRuleName\":\"undefined\"}" => HTTP 404 (18 bytes)
[PegaHttpClient] 📡 POST https://zdk8budo.pegaacademy.net/prweb/api/v1/rules/query?pxObjClass=Rule-HTML-Section&appliesTo=Rule-Template-Word&pyRuleName=undefined&RequestClass=Rule-HTML-Section&RequestAppliesTo=Rule-Template-Word&RequestRuleName=undefined Payload: "{\"RequestClass\":\"Rule-HTML-Section\",\"RequestAppliesTo\":\"Rule-Template-Word\",\"RequestRuleName\":\"undefined\"}" => HTTP 404 (18 bytes)
[PegaHttpClient] 📡 POST https://zdk8budo.pegaacademy.net/prweb/PRRestService/v1/rules/query?pxObjClass=Rule-HTML-Section&appliesTo=Rule-Template-Word&pyRuleName=undefined&RequestClass=Rule-HTML-Section&RequestAppliesTo=Rule-Template-Word&RequestRuleName=undefined Payload: "{\"RequestClass\":\"Rule-HTML-Section\",\"RequestAppliesTo\":\"Rule-Template-Word\",\"RequestRuleName\":\"undefined\"}" => HTTP 404 (18 bytes)
[PegaHttpClient] 📡 POST https://zdk8budo.pegaacademy.net/prweb/api/CodeIntelligence/v1/rules/query?pxObjClass=Rule-HTML-Section&appliesTo=Rule-Template-Word&pyRuleName=pzRuleFormToolbar&RequestClass=Rule-HTML-Section&RequestAppliesTo=Rule-Template-Word&RequestRuleName=pzRuleFormToolbar Payload: "{\"RequestClass\":\"Rule-HTML-Section\",\"RequestAppliesTo\":\"Rule-Template-Word\",\"RequestRuleName\":\"pzRuleFormToolbar\"}" => HTTP 200 (242691 bytes)
[PegaHttpClient] 📡 POST https://zdk8budo.pegaacademy.net/prweb/api/CodeIntelligence/v1/rules/query?pxObjClass=Rule-HTML-Section&appliesTo=Rule-Template-Word&pyRuleName=pzRuleFormToolbarCompare&RequestClass=Rule-HTML-Section&RequestAppliesTo=Rule-Template-Word&RequestRuleName=pzRuleFormToolbarCompare Payload: "{\"RequestClass\":\"Rule-HTML-Section\",\"RequestAppliesTo\":\"Rule-Template-Word\",\"RequestRuleName\":\"pzRuleFormToolbarCompare\"}" => HTTP 200 (61925 bytes)
[PegaHttpClient] 📡 POST https://zdk8budo.pegaacademy.net/prweb/api/CodeIntelligence/v1/rules/query?pxObjClass=Rule-HTML-Section&appliesTo=Rule-Template-Word&pyRuleName=RuleFormHeaderMessages&RequestClass=Rule-HTML-Section&RequestAppliesTo=Rule-Template-Word&RequestRuleName=RuleFormHeaderMessages Payload: "{\"RequestClass\":\"Rule-HTML-Section\",\"RequestAppliesTo\":\"Rule-Template-Word\",\"RequestRuleName\":\"RuleFormHeaderMessages\"}" => HTTP 200 (26518 bytes)
[PegaHttpClient] 📡 POST https://zdk8budo.pegaacademy.net/prweb/api/CodeIntelligence/v1/rules/query?pxObjClass=Rule-HTML-Section&appliesTo=Rule-Template-Word&pyRuleName=pzSpecificationsInner&RequestClass=Rule-HTML-Section&RequestAppliesTo=Rule-Template-Word&RequestRuleName=pzSpecificationsInner Payload: "{\"RequestClass\":\"Rule-HTML-Section\",\"RequestAppliesTo\":\"Rule-Template-Word\",\"RequestRuleName\":\"pzSpecificationsInner\"}" => HTTP 200 (142370 bytes)
[PegaHttpClient] 📡 POST https://zdk8budo.pegaacademy.net/prweb/api/CodeIntelligence/v1/rules/query?pxObjClass=Rule-HTML-Section&appliesTo=Rule-Template-Word&pyRuleName=pzAlternateRuleInfo&RequestClass=Rule-HTML-Section&RequestAppliesTo=Rule-Template-Word&RequestRuleName=pzAlternateRuleInfo Payload: "{\"RequestClass\":\"Rule-HTML-Section\",\"RequestAppliesTo\":\"Rule-Template-Word\",\"RequestRuleName\":\"pzAlternateRuleInfo\"}" => HTTP 200 (140407 bytes)
[PegaHttpClient] 📡 POST https://zdk8budo.pegaacademy.net/prweb/api/CodeIntelligence/v1/rules/query?pxObjClass=Rule-HTML-Section&appliesTo=Rule-Template-Word&pyRuleName=RuleFormHistory_Description&RequestClass=Rule-HTML-Section&RequestAppliesTo=Rule-Template-Word&RequestRuleName=RuleFormHistory_Description Payload: "{\"RequestClass\":\"Rule-HTML-Section\",\"RequestAppliesTo\":\"Rule-Template-Word\",\"RequestRuleName\":\"RuleFormHistory_Description\"}" => HTTP 200 (46242 bytes)
[PegaHttpClient] 📡 POST https://zdk8budo.pegaacademy.net/prweb/api/CodeIntelligence/v1/rules/query?pxObjClass=Rule-HTML-Section&appliesTo=Rule-Template-Word&pyRuleName=RuleFormHistory_CustomFields&RequestClass=Rule-HTML-Section&RequestAppliesTo=Rule-Template-Word&RequestRuleName=RuleFormHistory_CustomFields Payload: "{\"RequestClass\":\"Rule-HTML-Section\",\"RequestAppliesTo\":\"Rule-Template-Word\",\"RequestRuleName\":\"RuleFormHistory_CustomFields\"}" => HTTP 200 (75856 bytes)
[PegaHttpClient] 📡 POST https://zdk8budo.pegaacademy.net/prweb/api/CodeIntelligence/v1/rules/query?pxObjClass=Rule-HTML-Section&appliesTo=Rule-Template-Word&pyRuleName=RuleFormHistory_HistoryDetails&RequestClass=Rule-HTML-Section&RequestAppliesTo=Rule-Template-Word&RequestRuleName=RuleFormHistory_HistoryDetails Payload: "{\"RequestClass\":\"Rule-HTML-Section\",\"RequestAppliesTo\":\"Rule-Template-Word\",\"RequestRuleName\":\"RuleFormHistory_HistoryDetails\"}" => HTTP 200 (179535 bytes)
[PegaHttpClient] 📡 POST https://zdk8budo.pegaacademy.net/prweb/api/CodeIntelligence/v1/rules/query?pxObjClass=Rule-HTML-Section&appliesTo=Rule-Template-Word&pyRuleName=pzRuleFormStatus&RequestClass=Rule-HTML-Section&RequestAppliesTo=Rule-Template-Word&RequestRuleName=pzRuleFormStatus Payload: "{\"RequestClass\":\"Rule-HTML-Section\",\"RequestAppliesTo\":\"Rule-Template-Word\",\"RequestRuleName\":\"pzRuleFormStatus\"}" => HTTP 200 (97627 bytes)
[PegaHttpClient] 📡 POST https://zdk8budo.pegaacademy.net/prweb/api/CodeIntelligence/v1/rules/query?pxObjClass=Rule-HTML-Section&appliesTo=Rule-Template-Word&pyRuleName=pzRuleFormHeaderCompareWithDropDown&RequestClass=Rule-HTML-Section&RequestAppliesTo=Rule-Template-Word&RequestRuleName=pzRuleFormHeaderCompareWithDropDown Payload: "{\"RequestClass\":\"Rule-HTML-Section\",\"RequestAppliesTo\":\"Rule-Template-Word\",\"RequestRuleName\":\"pzRuleFormHeaderCompareWithDropDown\"}" => HTTP 200 (25396 bytes)
[PegaHttpClient] 📡 POST https://zdk8budo.pegaacademy.net/prweb/api/CodeIntelligence/v1/rules/query?pxObjClass=Rule-HTML-Section&appliesTo=Rule-Template-Word&pyRuleName=undefined&RequestClass=Rule-HTML-Section&RequestAppliesTo=Rule-Template-Word&RequestRuleName=undefined Payload: "{\"RequestClass\":\"Rule-HTML-Section\",\"RequestAppliesTo\":\"Rule-Template-Word\",\"RequestRuleName\":\"undefined\"}" => HTTP 404 (105 bytes)
[PegaHttpClient] 📡 POST https://zdk8budo.pegaacademy.net/prweb/PRRestService/CodeIntelligence/v1/rules/query?pxObjClass=Rule-HTML-Section&appliesTo=Rule-Template-Word&pyRuleName=undefined&RequestClass=Rule-HTML-Section&RequestAppliesTo=Rule-Template-Word&RequestRuleName=undefined Payload: "{\"RequestClass\":\"Rule-HTML-Section\",\"RequestAppliesTo\":\"Rule-Template-Word\",\"RequestRuleName\":\"undefined\"}" => HTTP 404 (105 bytes)
[PegaHttpClient] 📡 POST https://zdk8budo.pegaacademy.net/prweb/api/HRAppsV2Service/V1/rules/query?pxObjClass=Rule-HTML-Section&appliesTo=Rule-Template-Word&pyRuleName=undefined&RequestClass=Rule-HTML-Section&RequestAppliesTo=Rule-Template-Word&RequestRuleName=undefined Payload: "{\"RequestClass\":\"Rule-HTML-Section\",\"RequestAppliesTo\":\"Rule-Template-Word\",\"RequestRuleName\":\"undefined\"}" => HTTP 404 (18 bytes)
[PegaHttpClient] 📡 POST https://zdk8budo.pegaacademy.net/prweb/PRRestService/HRAppsV2Service/V1/rules/query?pxObjClass=Rule-HTML-Section&appliesTo=Rule-Template-Word&pyRuleName=undefined&RequestClass=Rule-HTML-Section&RequestAppliesTo=Rule-Template-Word&RequestRuleName=undefined Payload: "{\"RequestClass\":\"Rule-HTML-Section\",\"RequestAppliesTo\":\"Rule-Template-Word\",\"RequestRuleName\":\"undefined\"}" => HTTP 404 (18 bytes)
[PegaHttpClient] 📡 POST https://zdk8budo.pegaacademy.net/prweb/api/HRAppsV2/V1/rules/query?pxObjClass=Rule-HTML-Section&appliesTo=Rule-Template-Word&pyRuleName=undefined&RequestClass=Rule-HTML-Section&RequestAppliesTo=Rule-Template-Word&RequestRuleName=undefined Payload: "{\"RequestClass\":\"Rule-HTML-Section\",\"RequestAppliesTo\":\"Rule-Template-Word\",\"RequestRuleName\":\"undefined\"}" => HTTP 404 (18 bytes)
[PegaHttpClient] 📡 POST https://zdk8budo.pegaacademy.net/prweb/PRRestService/HRAppsV2/V1/rules/query?pxObjClass=Rule-HTML-Section&appliesTo=Rule-Template-Word&pyRuleName=undefined&RequestClass=Rule-HTML-Section&RequestAppliesTo=Rule-Template-Word&RequestRuleName=undefined Payload: "{\"RequestClass\":\"Rule-HTML-Section\",\"RequestAppliesTo\":\"Rule-Template-Word\",\"RequestRuleName\":\"undefined\"}" => HTTP 404 (18 bytes)
[PegaHttpClient] 📡 POST https://zdk8budo.pegaacademy.net/prweb/api/v1/rules/query?pxObjClass=Rule-HTML-Section&appliesTo=Rule-Template-Word&pyRuleName=undefined&RequestClass=Rule-HTML-Section&RequestAppliesTo=Rule-Template-Word&RequestRuleName=undefined Payload: "{\"RequestClass\":\"Rule-HTML-Section\",\"RequestAppliesTo\":\"Rule-Template-Word\",\"RequestRuleName\":\"undefined\"}" => HTTP 404 (18 bytes)
[PegaHttpClient] 📡 POST https://zdk8budo.pegaacademy.net/prweb/PRRestService/v1/rules/query?pxObjClass=Rule-HTML-Section&appliesTo=Rule-Template-Word&pyRuleName=undefined&RequestClass=Rule-HTML-Section&RequestAppliesTo=Rule-Template-Word&RequestRuleName=undefined Payload: "{\"RequestClass\":\"Rule-HTML-Section\",\"RequestAppliesTo\":\"Rule-Template-Word\",\"RequestRuleName\":\"undefined\"}" => HTTP 404 (18 bytes)
[PegaHttpClient] 📡 POST https://zdk8budo.pegaacademy.net/prweb/api/CodeIntelligence/v1/rules/query?pxObjClass=Rule-HTML-Section&appliesTo=Rule-Template-Word&pyRuleName=pzRuleFormToolbarHotKeys&RequestClass=Rule-HTML-Section&RequestAppliesTo=Rule-Template-Word&RequestRuleName=pzRuleFormToolbarHotKeys Payload: "{\"RequestClass\":\"Rule-HTML-Section\",\"RequestAppliesTo\":\"Rule-Template-Word\",\"RequestRuleName\":\"pzRuleFormToolbarHotKeys\"}" => HTTP 200 (85058 bytes)
[PegaHttpClient] 📡 POST https://zdk8budo.pegaacademy.net/prweb/api/CodeIntelligence/v1/rules/query?pxObjClass=Rule-HTML-Section&appliesTo=Rule-Template-Word&pyRuleName=pzRuleFormToolbarLockedIcon&RequestClass=Rule-HTML-Section&RequestAppliesTo=Rule-Template-Word&RequestRuleName=pzRuleFormToolbarLockedIcon Payload: "{\"RequestClass\":\"Rule-HTML-Section\",\"RequestAppliesTo\":\"Rule-Template-Word\",\"RequestRuleName\":\"pzRuleFormToolbarLockedIcon\"}" => HTTP 200 (24898 bytes)
[PegaHttpClient] 📡 POST https://zdk8budo.pegaacademy.net/prweb/api/CodeIntelligence/v1/rules/query?pxObjClass=Rule-HTML-Section&appliesTo=Rule-Template-Word&pyRuleName=pzRuleFormToolbarCollaborators&RequestClass=Rule-HTML-Section&RequestAppliesTo=Rule-Template-Word&RequestRuleName=pzRuleFormToolbarCollaborators Payload: "{\"RequestClass\":\"Rule-HTML-Section\",\"RequestAppliesTo\":\"Rule-Template-Word\",\"RequestRuleName\":\"pzRuleFormToolbarCollaborators\"}" => HTTP 200 (15254 bytes)
[PegaHttpClient] 📡 POST https://zdk8budo.pegaacademy.net/prweb/api/CodeIntelligence/v1/rules/query?pxObjClass=Rule-HTML-Section&appliesTo=Rule-Template-Word&pyRuleName=pzRuleFormToolbarSaveAs&RequestClass=Rule-HTML-Section&RequestAppliesTo=Rule-Template-Word&RequestRuleName=pzRuleFormToolbarSaveAs Payload: "{\"RequestClass\":\"Rule-HTML-Section\",\"RequestAppliesTo\":\"Rule-Template-Word\",\"RequestRuleName\":\"pzRuleFormToolbarSaveAs\"}" => HTTP 200 (64084 bytes)
[PegaHttpClient] 📡 POST https://zdk8budo.pegaacademy.net/prweb/api/CodeIntelligence/v1/rules/query?pxObjClass=Rule-HTML-Section&appliesTo=Rule-Template-Word&pyRuleName=pzRuleFormToolbarCheckin&RequestClass=Rule-HTML-Section&RequestAppliesTo=Rule-Template-Word&RequestRuleName=pzRuleFormToolbarCheckin Payload: "{\"RequestClass\":\"Rule-HTML-Section\",\"RequestAppliesTo\":\"Rule-Template-Word\",\"RequestRuleName\":\"pzRuleFormToolbarCheckin\"}" => HTTP 200 (119096 bytes)
[PegaHttpClient] 📡 POST https://zdk8budo.pegaacademy.net/prweb/api/CodeIntelligence/v1/rules/query?pxObjClass=Rule-HTML-Section&appliesTo=Rule-Template-Word&pyRuleName=pzRuleFormToolbarDelete&RequestClass=Rule-HTML-Section&RequestAppliesTo=Rule-Template-Word&RequestRuleName=pzRuleFormToolbarDelete Payload: "{\"RequestClass\":\"Rule-HTML-Section\",\"RequestAppliesTo\":\"Rule-Template-Word\",\"RequestRuleName\":\"pzRuleFormToolbarDelete\"}" => HTTP 200 (30249 bytes)
[PegaHttpClient] 📡 POST https://zdk8budo.pegaacademy.net/prweb/api/CodeIntelligence/v1/rules/query?pxObjClass=Rule-HTML-Section&appliesTo=Rule-Template-Word&pyRuleName=pzRuleFormToolbarSave&RequestClass=Rule-HTML-Section&RequestAppliesTo=Rule-Template-Word&RequestRuleName=pzRuleFormToolbarSave Payload: "{\"RequestClass\":\"Rule-HTML-Section\",\"RequestAppliesTo\":\"Rule-Template-Word\",\"RequestRuleName\":\"pzRuleFormToolbarSave\"}" => HTTP 200 (293885 bytes)
[PegaHttpClient] 📡 POST https://zdk8budo.pegaacademy.net/prweb/api/CodeIntelligence/v1/rules/query?pxObjClass=Rule-HTML-Section&appliesTo=Rule-Template-Word&pyRuleName=pzRuleFormToolbarCheckout&RequestClass=Rule-HTML-Section&RequestAppliesTo=Rule-Template-Word&RequestRuleName=pzRuleFormToolbarCheckout Payload: "{\"RequestClass\":\"Rule-HTML-Section\",\"RequestAppliesTo\":\"Rule-Template-Word\",\"RequestRuleName\":\"pzRuleFormToolbarCheckout\"}" => HTTP 200 (238148 bytes)
[PegaHttpClient] 📡 POST https://zdk8budo.pegaacademy.net/prweb/api/CodeIntelligence/v1/rules/query?pxObjClass=Rule-HTML-Section&appliesTo=Rule-Template-Word&pyRuleName=pzRemoveErrorsDataPage&RequestClass=Rule-HTML-Section&RequestAppliesTo=Rule-Template-Word&RequestRuleName=pzRemoveErrorsDataPage Payload: "{\"RequestClass\":\"Rule-HTML-Section\",\"RequestAppliesTo\":\"Rule-Template-Word\",\"RequestRuleName\":\"pzRemoveErrorsDataPage\"}" => HTTP 200 (16733 bytes)
[PegaHttpClient] 📡 POST https://zdk8budo.pegaacademy.net/prweb/api/CodeIntelligence/v1/rules/query?pxObjClass=Rule-HTML-Section&appliesTo=Rule-Template-Word&pyRuleName=pzRuleFormHeaderMessagesWrapper&RequestClass=Rule-HTML-Section&RequestAppliesTo=Rule-Template-Word&RequestRuleName=pzRuleFormHeaderMessagesWrapper Payload: "{\"RequestClass\":\"Rule-HTML-Section\",\"RequestAppliesTo\":\"Rule-Template-Word\",\"RequestRuleName\":\"pzRuleFormHeaderMessagesWrapper\"}" => HTTP 200 (16981 bytes)
[PegaHttpClient] 📡 POST https://zdk8budo.pegaacademy.net/prweb/api/CodeIntelligence/v1/rules/query?pxObjClass=Rule-HTML-Section&appliesTo=Rule-Template-Word&pyRuleName=pzSpecificationName&RequestClass=Rule-HTML-Section&RequestAppliesTo=Rule-Template-Word&RequestRuleName=pzSpecificationName Payload: "{\"RequestClass\":\"Rule-HTML-Section\",\"RequestAppliesTo\":\"Rule-Template-Word\",\"RequestRuleName\":\"pzSpecificationName\"}" => HTTP 404 (115 bytes)
[PegaHttpClient] 📡 POST https://zdk8budo.pegaacademy.net/prweb/PRRestService/CodeIntelligence/v1/rules/query?pxObjClass=Rule-HTML-Section&appliesTo=Rule-Template-Word&pyRuleName=pzSpecificationName&RequestClass=Rule-HTML-Section&RequestAppliesTo=Rule-Template-Word&RequestRuleName=pzSpecificationName Payload: "{\"RequestClass\":\"Rule-HTML-Section\",\"RequestAppliesTo\":\"Rule-Template-Word\",\"RequestRuleName\":\"pzSpecificationName\"}" => HTTP 404 (115 bytes)
[PegaHttpClient] 📡 POST https://zdk8budo.pegaacademy.net/prweb/api/HRAppsV2Service/V1/rules/query?pxObjClass=Rule-HTML-Section&appliesTo=Rule-Template-Word&pyRuleName=pzSpecificationName&RequestClass=Rule-HTML-Section&RequestAppliesTo=Rule-Template-Word&RequestRuleName=pzSpecificationName Payload: "{\"RequestClass\":\"Rule-HTML-Section\",\"RequestAppliesTo\":\"Rule-Template-Word\",\"RequestRuleName\":\"pzSpecificationName\"}" => HTTP 404 (18 bytes)
[PegaHttpClient] 📡 POST https://zdk8budo.pegaacademy.net/prweb/PRRestService/HRAppsV2Service/V1/rules/query?pxObjClass=Rule-HTML-Section&appliesTo=Rule-Template-Word&pyRuleName=pzSpecificationName&RequestClass=Rule-HTML-Section&RequestAppliesTo=Rule-Template-Word&RequestRuleName=pzSpecificationName Payload: "{\"RequestClass\":\"Rule-HTML-Section\",\"RequestAppliesTo\":\"Rule-Template-Word\",\"RequestRuleName\":\"pzSpecificationName\"}" => HTTP 404 (18 bytes)
[PegaHttpClient] 📡 POST https://zdk8budo.pegaacademy.net/prweb/api/HRAppsV2/V1/rules/query?pxObjClass=Rule-HTML-Section&appliesTo=Rule-Template-Word&pyRuleName=pzSpecificationName&RequestClass=Rule-HTML-Section&RequestAppliesTo=Rule-Template-Word&RequestRuleName=pzSpecificationName Payload: "{\"RequestClass\":\"Rule-HTML-Section\",\"RequestAppliesTo\":\"Rule-Template-Word\",\"RequestRuleName\":\"pzSpecificationName\"}" => HTTP 404 (18 bytes)
[PegaHttpClient] 📡 POST https://zdk8budo.pegaacademy.net/prweb/PRRestService/HRAppsV2/V1/rules/query?pxObjClass=Rule-HTML-Section&appliesTo=Rule-Template-Word&pyRuleName=pzSpecificationName&RequestClass=Rule-HTML-Section&RequestAppliesTo=Rule-Template-Word&RequestRuleName=pzSpecificationName Payload: "{\"RequestClass\":\"Rule-HTML-Section\",\"RequestAppliesTo\":\"Rule-Template-Word\",\"RequestRuleName\":\"pzSpecificationName\"}" => HTTP 404 (18 bytes)
[PegaHttpClient] 📡 POST https://zdk8budo.pegaacademy.net/prweb/api/v1/rules/query?pxObjClass=Rule-HTML-Section&appliesTo=Rule-Template-Word&pyRuleName=pzSpecificationName&RequestClass=Rule-HTML-Section&RequestAppliesTo=Rule-Template-Word&RequestRuleName=pzSpecificationName Payload: "{\"RequestClass\":\"Rule-HTML-Section\",\"RequestAppliesTo\":\"Rule-Template-Word\",\"RequestRuleName\":\"pzSpecificationName\"}" => HTTP 404 (18 bytes)
[PegaHttpClient] 📡 POST https://zdk8budo.pegaacademy.net/prweb/PRRestService/v1/rules/query?pxObjClass=Rule-HTML-Section&appliesTo=Rule-Template-Word&pyRuleName=pzSpecificationName&RequestClass=Rule-HTML-Section&RequestAppliesTo=Rule-Template-Word&RequestRuleName=pzSpecificationName Payload: "{\"RequestClass\":\"Rule-HTML-Section\",\"RequestAppliesTo\":\"Rule-Template-Word\",\"RequestRuleName\":\"pzSpecificationName\"}" => HTTP 404 (18 bytes)
[PegaHttpClient] 📡 POST https://zdk8budo.pegaacademy.net/prweb/api/CodeIntelligence/v1/rules/query?pxObjClass=Rule-HTML-Section&appliesTo=Rule-Template-Word&pyRuleName=pzScm_RuleHistory&RequestClass=Rule-HTML-Section&RequestAppliesTo=Rule-Template-Word&RequestRuleName=pzScm_RuleHistory Payload: "{\"RequestClass\":\"Rule-HTML-Section\",\"RequestAppliesTo\":\"Rule-Template-Word\",\"RequestRuleName\":\"pzScm_RuleHistory\"}" => HTTP 200 (14682 bytes)
[PegaHttpClient] 📡 POST https://zdk8budo.pegaacademy.net/prweb/api/CodeIntelligence/v1/rules/query?pxObjClass=Rule-HTML-Section&appliesTo=Rule-Template-Word&pyRuleName=pxDisplayCollaborators&RequestClass=Rule-HTML-Section&RequestAppliesTo=Rule-Template-Word&RequestRuleName=pxDisplayCollaborators Payload: "{\"RequestClass\":\"Rule-HTML-Section\",\"RequestAppliesTo\":\"Rule-Template-Word\",\"RequestRuleName\":\"pxDisplayCollaborators\"}" => HTTP 200 (94171 bytes)
[PegaHttpClient] 📡 POST https://zdk8budo.pegaacademy.net/prweb/api/CodeIntelligence/v1/rules/query?pxObjClass=Rule-HTML-Section&appliesTo=Rule-Template-Word&pyRuleName=pzRuleFormToolbarDeleteCheckOut&RequestClass=Rule-HTML-Section&RequestAppliesTo=Rule-Template-Word&RequestRuleName=pzRuleFormToolbarDeleteCheckOut Payload: "{\"RequestClass\":\"Rule-HTML-Section\",\"RequestAppliesTo\":\"Rule-Template-Word\",\"RequestRuleName\":\"pzRuleFormToolbarDeleteCheckOut\"}" => HTTP 200 (29433 bytes)
[PegaHttpClient] 📡 POST https://zdk8budo.pegaacademy.net/prweb/api/CodeIntelligence/v1/rules/query?pxObjClass=Rule-HTML-Section&appliesTo=Rule-Template-Word&pyRuleName=pzRuleFormToolbarDeleteRule&RequestClass=Rule-HTML-Section&RequestAppliesTo=Rule-Template-Word&RequestRuleName=pzRuleFormToolbarDeleteRule Payload: "{\"RequestClass\":\"Rule-HTML-Section\",\"RequestAppliesTo\":\"Rule-Template-Word\",\"RequestRuleName\":\"pzRuleFormToolbarDeleteRule\"}" => HTTP 200 (32314 bytes)
[PegaHttpClient] 📡 POST https://zdk8budo.pegaacademy.net/prweb/api/CodeIntelligence/v1/rules/query?pxObjClass=Rule-HTML-Section&appliesTo=Rule-Template-Word&pyRuleName=pzLoadCollaborationScripts&RequestClass=Rule-HTML-Section&RequestAppliesTo=Rule-Template-Word&RequestRuleName=pzLoadCollaborationScripts Payload: "{\"RequestClass\":\"Rule-HTML-Section\",\"RequestAppliesTo\":\"Rule-Template-Word\",\"RequestRuleName\":\"pzLoadCollaborationScripts\"}" => HTTP 200 (23453 bytes)
[PegaHttpClient] 📡 POST https://zdk8budo.pegaacademy.net/prweb/api/CodeIntelligence/v1/rules/query?pxObjClass=Rule-HTML-Section&appliesTo=Rule-Template-Word&pyRuleName=pzDisplayCollaboratorsList&RequestClass=Rule-HTML-Section&RequestAppliesTo=Rule-Template-Word&RequestRuleName=pzDisplayCollaboratorsList Payload: "{\"RequestClass\":\"Rule-HTML-Section\",\"RequestAppliesTo\":\"Rule-Template-Word\",\"RequestRuleName\":\"pzDisplayCollaboratorsList\"}" => HTTP 200 (105418 bytes)
[PegaHttpClient] 📡 POST https://zdk8budo.pegaacademy.net/prweb/api/CodeIntelligence/v1/rules/query?pxObjClass=Rule-HTML-Section&appliesTo=Rule-Template-Word&pyRuleName=pyCollaborator&RequestClass=Rule-HTML-Section&RequestAppliesTo=Rule-Template-Word&RequestRuleName=pyCollaborator Payload: "{\"RequestClass\":\"Rule-HTML-Section\",\"RequestAppliesTo\":\"Rule-Template-Word\",\"RequestRuleName\":\"pyCollaborator\"}" => HTTP 404 (110 bytes)
[PegaHttpClient] 📡 POST https://zdk8budo.pegaacademy.net/prweb/PRRestService/CodeIntelligence/v1/rules/query?pxObjClass=Rule-HTML-Section&appliesTo=Rule-Template-Word&pyRuleName=pyCollaborator&RequestClass=Rule-HTML-Section&RequestAppliesTo=Rule-Template-Word&RequestRuleName=pyCollaborator Payload: "{\"RequestClass\":\"Rule-HTML-Section\",\"RequestAppliesTo\":\"Rule-Template-Word\",\"RequestRuleName\":\"pyCollaborator\"}" => HTTP 404 (110 bytes)
[PegaHttpClient] 📡 POST https://zdk8budo.pegaacademy.net/prweb/api/HRAppsV2Service/V1/rules/query?pxObjClass=Rule-HTML-Section&appliesTo=Rule-Template-Word&pyRuleName=pyCollaborator&RequestClass=Rule-HTML-Section&RequestAppliesTo=Rule-Template-Word&RequestRuleName=pyCollaborator Payload: "{\"RequestClass\":\"Rule-HTML-Section\",\"RequestAppliesTo\":\"Rule-Template-Word\",\"RequestRuleName\":\"pyCollaborator\"}" => HTTP 404 (18 bytes)
[PegaHttpClient] 📡 POST https://zdk8budo.pegaacademy.net/prweb/PRRestService/HRAppsV2Service/V1/rules/query?pxObjClass=Rule-HTML-Section&appliesTo=Rule-Template-Word&pyRuleName=pyCollaborator&RequestClass=Rule-HTML-Section&RequestAppliesTo=Rule-Template-Word&RequestRuleName=pyCollaborator Payload: "{\"RequestClass\":\"Rule-HTML-Section\",\"RequestAppliesTo\":\"Rule-Template-Word\",\"RequestRuleName\":\"pyCollaborator\"}" => HTTP 404 (18 bytes)
[PegaHttpClient] 📡 POST https://zdk8budo.pegaacademy.net/prweb/api/HRAppsV2/V1/rules/query?pxObjClass=Rule-HTML-Section&appliesTo=Rule-Template-Word&pyRuleName=pyCollaborator&RequestClass=Rule-HTML-Section&RequestAppliesTo=Rule-Template-Word&RequestRuleName=pyCollaborator Payload: "{\"RequestClass\":\"Rule-HTML-Section\",\"RequestAppliesTo\":\"Rule-Template-Word\",\"RequestRuleName\":\"pyCollaborator\"}" => HTTP 404 (18 bytes)
[PegaHttpClient] 📡 POST https://zdk8budo.pegaacademy.net/prweb/PRRestService/HRAppsV2/V1/rules/query?pxObjClass=Rule-HTML-Section&appliesTo=Rule-Template-Word&pyRuleName=pyCollaborator&RequestClass=Rule-HTML-Section&RequestAppliesTo=Rule-Template-Word&RequestRuleName=pyCollaborator Payload: "{\"RequestClass\":\"Rule-HTML-Section\",\"RequestAppliesTo\":\"Rule-Template-Word\",\"RequestRuleName\":\"pyCollaborator\"}" => HTTP 404 (18 bytes)
[PegaHttpClient] 📡 POST https://zdk8budo.pegaacademy.net/prweb/api/v1/rules/query?pxObjClass=Rule-HTML-Section&appliesTo=Rule-Template-Word&pyRuleName=pyCollaborator&RequestClass=Rule-HTML-Section&RequestAppliesTo=Rule-Template-Word&RequestRuleName=pyCollaborator Payload: "{\"RequestClass\":\"Rule-HTML-Section\",\"RequestAppliesTo\":\"Rule-Template-Word\",\"RequestRuleName\":\"pyCollaborator\"}" => HTTP 404 (18 bytes)
[PegaHttpClient] 📡 POST https://zdk8budo.pegaacademy.net/prweb/PRRestService/v1/rules/query?pxObjClass=Rule-HTML-Section&appliesTo=Rule-Template-Word&pyRuleName=pyCollaborator&RequestClass=Rule-HTML-Section&RequestAppliesTo=Rule-Template-Word&RequestRuleName=pyCollaborator Payload: "{\"RequestClass\":\"Rule-HTML-Section\",\"RequestAppliesTo\":\"Rule-Template-Word\",\"RequestRuleName\":\"pyCollaborator\"}" => HTTP 404 (18 bytes)
[PegaHttpClient] 📡 POST https://zdk8budo.pegaacademy.net/prweb/api/CodeIntelligence/v1/rules/query?pxObjClass=Rule-HTML-Section&appliesTo=Rule-Template-Word&pyRuleName=pzDisplayPartialCount&RequestClass=Rule-HTML-Section&RequestAppliesTo=Rule-Template-Word&RequestRuleName=pzDisplayPartialCount Payload: "{\"RequestClass\":\"Rule-HTML-Section\",\"RequestAppliesTo\":\"Rule-Template-Word\",\"RequestRuleName\":\"pzDisplayPartialCount\"}" => HTTP 404 (117 bytes)
[PegaHttpClient] 📡 POST https://zdk8budo.pegaacademy.net/prweb/PRRestService/CodeIntelligence/v1/rules/query?pxObjClass=Rule-HTML-Section&appliesTo=Rule-Template-Word&pyRuleName=pzDisplayPartialCount&RequestClass=Rule-HTML-Section&RequestAppliesTo=Rule-Template-Word&RequestRuleName=pzDisplayPartialCount Payload: "{\"RequestClass\":\"Rule-HTML-Section\",\"RequestAppliesTo\":\"Rule-Template-Word\",\"RequestRuleName\":\"pzDisplayPartialCount\"}" => HTTP 404 (117 bytes)
[PegaHttpClient] 📡 POST https://zdk8budo.pegaacademy.net/prweb/api/HRAppsV2Service/V1/rules/query?pxObjClass=Rule-HTML-Section&appliesTo=Rule-Template-Word&pyRuleName=pzDisplayPartialCount&RequestClass=Rule-HTML-Section&RequestAppliesTo=Rule-Template-Word&RequestRuleName=pzDisplayPartialCount Payload: "{\"RequestClass\":\"Rule-HTML-Section\",\"RequestAppliesTo\":\"Rule-Template-Word\",\"RequestRuleName\":\"pzDisplayPartialCount\"}" => HTTP 404 (18 bytes)
[PegaHttpClient] 📡 POST https://zdk8budo.pegaacademy.net/prweb/PRRestService/HRAppsV2Service/V1/rules/query?pxObjClass=Rule-HTML-Section&appliesTo=Rule-Template-Word&pyRuleName=pzDisplayPartialCount&RequestClass=Rule-HTML-Section&RequestAppliesTo=Rule-Template-Word&RequestRuleName=pzDisplayPartialCount Payload: "{\"RequestClass\":\"Rule-HTML-Section\",\"RequestAppliesTo\":\"Rule-Template-Word\",\"RequestRuleName\":\"pzDisplayPartialCount\"}" => HTTP 404 (18 bytes)
[PegaHttpClient] 📡 POST https://zdk8budo.pegaacademy.net/prweb/api/HRAppsV2/V1/rules/query?pxObjClass=Rule-HTML-Section&appliesTo=Rule-Template-Word&pyRuleName=pzDisplayPartialCount&RequestClass=Rule-HTML-Section&RequestAppliesTo=Rule-Template-Word&RequestRuleName=pzDisplayPartialCount Payload: "{\"RequestClass\":\"Rule-HTML-Section\",\"RequestAppliesTo\":\"Rule-Template-Word\",\"RequestRuleName\":\"pzDisplayPartialCount\"}" => HTTP 404 (18 bytes)
[PegaHttpClient] 📡 POST https://zdk8budo.pegaacademy.net/prweb/PRRestService/HRAppsV2/V1/rules/query?pxObjClass=Rule-HTML-Section&appliesTo=Rule-Template-Word&pyRuleName=pzDisplayPartialCount&RequestClass=Rule-HTML-Section&RequestAppliesTo=Rule-Template-Word&RequestRuleName=pzDisplayPartialCount Payload: "{\"RequestClass\":\"Rule-HTML-Section\",\"RequestAppliesTo\":\"Rule-Template-Word\",\"RequestRuleName\":\"pzDisplayPartialCount\"}" => HTTP 404 (18 bytes)
[PegaHttpClient] 📡 POST https://zdk8budo.pegaacademy.net/prweb/api/v1/rules/query?pxObjClass=Rule-HTML-Section&appliesTo=Rule-Template-Word&pyRuleName=pzDisplayPartialCount&RequestClass=Rule-HTML-Section&RequestAppliesTo=Rule-Template-Word&RequestRuleName=pzDisplayPartialCount Payload: "{\"RequestClass\":\"Rule-HTML-Section\",\"RequestAppliesTo\":\"Rule-Template-Word\",\"RequestRuleName\":\"pzDisplayPartialCount\"}" => HTTP 404 (18 bytes)
[PegaHttpClient] 📡 POST https://zdk8budo.pegaacademy.net/prweb/PRRestService/v1/rules/query?pxObjClass=Rule-HTML-Section&appliesTo=Rule-Template-Word&pyRuleName=pzDisplayPartialCount&RequestClass=Rule-HTML-Section&RequestAppliesTo=Rule-Template-Word&RequestRuleName=pzDisplayPartialCount Payload: "{\"RequestClass\":\"Rule-HTML-Section\",\"RequestAppliesTo\":\"Rule-Template-Word\",\"RequestRuleName\":\"pzDisplayPartialCount\"}" => HTTP 404 (18 bytes)
[SchemaGen] ✅ Schema written for Rule-Template-Word
[PegaHttpClient] 📡 GET https://zdk8budo.pegaacademy.net/prweb/api/CodeIntelligence/v1/rules/RULE-HTML-HARNESS%20RULE-TEMPLATE-EXCEL%20RULEFORM%20%2320180713T135125.318%20GMT => HTTP 200 (64561 bytes)
[PegaHttpClient] 📡 POST https://zdk8budo.pegaacademy.net/prweb/api/CodeIntelligence/v1/rules/query?pxObjClass=Rule-HTML-Section&appliesTo=Rule-Template-Excel&pyRuleName=RuleFormMain&RequestClass=Rule-HTML-Section&RequestAppliesTo=Rule-Template-Excel&RequestRuleName=RuleFormMain Payload: "{\"RequestClass\":\"Rule-HTML-Section\",\"RequestAppliesTo\":\"Rule-Template-Excel\",\"RequestRuleName\":\"RuleFormMain\"}" => HTTP 200 (156234 bytes)
[PegaHttpClient] 📡 POST https://zdk8budo.pegaacademy.net/prweb/api/CodeIntelligence/v1/rules/query?pxObjClass=Rule-HTML-Section&appliesTo=Rule-Template-Excel&pyRuleName=pxAlternateRuleForm&RequestClass=Rule-HTML-Section&RequestAppliesTo=Rule-Template-Excel&RequestRuleName=pxAlternateRuleForm Payload: "{\"RequestClass\":\"Rule-HTML-Section\",\"RequestAppliesTo\":\"Rule-Template-Excel\",\"RequestRuleName\":\"pxAlternateRuleForm\"}" => HTTP 200 (66153 bytes)
[PegaHttpClient] 📡 POST https://zdk8budo.pegaacademy.net/prweb/api/CodeIntelligence/v1/rules/query?pxObjClass=Rule-HTML-Section&appliesTo=Rule-Template-Excel&pyRuleName=pzRuleFormScripts&RequestClass=Rule-HTML-Section&RequestAppliesTo=Rule-Template-Excel&RequestRuleName=pzRuleFormScripts Payload: "{\"RequestClass\":\"Rule-HTML-Section\",\"RequestAppliesTo\":\"Rule-Template-Excel\",\"RequestRuleName\":\"pzRuleFormScripts\"}" => HTTP 200 (40822 bytes)
[PegaHttpClient] 📡 POST https://zdk8budo.pegaacademy.net/prweb/api/CodeIntelligence/v1/rules/query?pxObjClass=Rule-HTML-Section&appliesTo=Rule-Template-Excel&pyRuleName=pzRuleFormLayoutDelegated&RequestClass=Rule-HTML-Section&RequestAppliesTo=Rule-Template-Excel&RequestRuleName=pzRuleFormLayoutDelegated Payload: "{\"RequestClass\":\"Rule-HTML-Section\",\"RequestAppliesTo\":\"Rule-Template-Excel\",\"RequestRuleName\":\"pzRuleFormLayoutDelegated\"}" => HTTP 200 (70998 bytes)
[PegaHttpClient] 📡 POST https://zdk8budo.pegaacademy.net/prweb/api/CodeIntelligence/v1/rules/query?pxObjClass=Rule-HTML-Section&appliesTo=Rule-Template-Excel&pyRuleName=RuleFormLayout&RequestClass=Rule-HTML-Section&RequestAppliesTo=Rule-Template-Excel&RequestRuleName=RuleFormLayout Payload: "{\"RequestClass\":\"Rule-HTML-Section\",\"RequestAppliesTo\":\"Rule-Template-Excel\",\"RequestRuleName\":\"RuleFormLayout\"}" => HTTP 200 (55203 bytes)
[PegaHttpClient] 📡 POST https://zdk8budo.pegaacademy.net/prweb/api/CodeIntelligence/v1/rules/query?pxObjClass=Rule-HTML-Section&appliesTo=Rule-Template-Excel&pyRuleName=RuleFormSettings&RequestClass=Rule-HTML-Section&RequestAppliesTo=Rule-Template-Excel&RequestRuleName=RuleFormSettings Payload: "{\"RequestClass\":\"Rule-HTML-Section\",\"RequestAppliesTo\":\"Rule-Template-Excel\",\"RequestRuleName\":\"RuleFormSettings\"}" => HTTP 200 (20540 bytes)
[PegaHttpClient] 📡 POST https://zdk8budo.pegaacademy.net/prweb/api/CodeIntelligence/v1/rules/query?pxObjClass=Rule-HTML-Section&appliesTo=Rule-Template-Excel&pyRuleName=OpenAuthoring&RequestClass=Rule-HTML-Section&RequestAppliesTo=Rule-Template-Excel&RequestRuleName=OpenAuthoring Payload: "{\"RequestClass\":\"Rule-HTML-Section\",\"RequestAppliesTo\":\"Rule-Template-Excel\",\"RequestRuleName\":\"OpenAuthoring\"}" => HTTP 200 (23695 bytes)
[PegaHttpClient] 📡 POST https://zdk8budo.pegaacademy.net/prweb/api/CodeIntelligence/v1/rules/query?pxObjClass=Rule-HTML-Section&appliesTo=Rule-Template-Excel&pyRuleName=pyCustomHelp&RequestClass=Rule-HTML-Section&RequestAppliesTo=Rule-Template-Excel&RequestRuleName=pyCustomHelp Payload: "{\"RequestClass\":\"Rule-HTML-Section\",\"RequestAppliesTo\":\"Rule-Template-Excel\",\"RequestRuleName\":\"pyCustomHelp\"}" => HTTP 200 (17256 bytes)
[PegaHttpClient] 📡 POST https://zdk8budo.pegaacademy.net/prweb/api/CodeIntelligence/v1/rules/query?pxObjClass=Rule-HTML-Section&appliesTo=Rule-Template-Excel&pyRuleName=pzRuleformMainInclude&RequestClass=Rule-HTML-Section&RequestAppliesTo=Rule-Template-Excel&RequestRuleName=pzRuleformMainInclude Payload: "{\"RequestClass\":\"Rule-HTML-Section\",\"RequestAppliesTo\":\"Rule-Template-Excel\",\"RequestRuleName\":\"pzRuleformMainInclude\"}" => HTTP 200 (22375 bytes)
[PegaHttpClient] 📡 POST https://zdk8budo.pegaacademy.net/prweb/api/CodeIntelligence/v1/rules/query?pxObjClass=Rule-HTML-Section&appliesTo=Rule-Template-Excel&pyRuleName=pyAlternativeRuleFormStrategicAppExtension&RequestClass=Rule-HTML-Section&RequestAppliesTo=Rule-Template-Excel&RequestRuleName=pyAlternativeRuleFormStrategicAppExtension Payload: "{\"RequestClass\":\"Rule-HTML-Section\",\"RequestAppliesTo\":\"Rule-Template-Excel\",\"RequestRuleName\":\"pyAlternativeRuleFormStrategicAppExtension\"}" => HTTP 200 (25042 bytes)
[PegaHttpClient] 📡 POST https://zdk8budo.pegaacademy.net/prweb/api/CodeIntelligence/v1/rules/query?pxObjClass=Rule-HTML-Section&appliesTo=Rule-Template-Excel&pyRuleName=pyAlternativeRuleFormExtension&RequestClass=Rule-HTML-Section&RequestAppliesTo=Rule-Template-Excel&RequestRuleName=pyAlternativeRuleFormExtension Payload: "{\"RequestClass\":\"Rule-HTML-Section\",\"RequestAppliesTo\":\"Rule-Template-Excel\",\"RequestRuleName\":\"pyAlternativeRuleFormExtension\"}" => HTTP 200 (24863 bytes)
[PegaHttpClient] 📡 POST https://zdk8budo.pegaacademy.net/prweb/api/CodeIntelligence/v1/rules/query?pxObjClass=Rule-HTML-Section&appliesTo=Rule-Template-Excel&pyRuleName=RuleFormHeader&RequestClass=Rule-HTML-Section&RequestAppliesTo=Rule-Template-Excel&RequestRuleName=RuleFormHeader Payload: "{\"RequestClass\":\"Rule-HTML-Section\",\"RequestAppliesTo\":\"Rule-Template-Excel\",\"RequestRuleName\":\"RuleFormHeader\"}" => HTTP 200 (183800 bytes)
[PegaHttpClient] 📡 POST https://zdk8budo.pegaacademy.net/prweb/api/CodeIntelligence/v1/rules/query?pxObjClass=Rule-HTML-Section&appliesTo=Rule-Template-Excel&pyRuleName=pzDelegationExperience&RequestClass=Rule-HTML-Section&RequestAppliesTo=Rule-Template-Excel&RequestRuleName=pzDelegationExperience Payload: "{\"RequestClass\":\"Rule-HTML-Section\",\"RequestAppliesTo\":\"Rule-Template-Excel\",\"RequestRuleName\":\"pzDelegationExperience\"}" => HTTP 404 (119 bytes)
[PegaHttpClient] 📡 POST https://zdk8budo.pegaacademy.net/prweb/PRRestService/CodeIntelligence/v1/rules/query?pxObjClass=Rule-HTML-Section&appliesTo=Rule-Template-Excel&pyRuleName=pzDelegationExperience&RequestClass=Rule-HTML-Section&RequestAppliesTo=Rule-Template-Excel&RequestRuleName=pzDelegationExperience Payload: "{\"RequestClass\":\"Rule-HTML-Section\",\"RequestAppliesTo\":\"Rule-Template-Excel\",\"RequestRuleName\":\"pzDelegationExperience\"}" => HTTP 404 (119 bytes)
[PegaHttpClient] 📡 POST https://zdk8budo.pegaacademy.net/prweb/api/HRAppsV2Service/V1/rules/query?pxObjClass=Rule-HTML-Section&appliesTo=Rule-Template-Excel&pyRuleName=pzDelegationExperience&RequestClass=Rule-HTML-Section&RequestAppliesTo=Rule-Template-Excel&RequestRuleName=pzDelegationExperience Payload: "{\"RequestClass\":\"Rule-HTML-Section\",\"RequestAppliesTo\":\"Rule-Template-Excel\",\"RequestRuleName\":\"pzDelegationExperience\"}" => HTTP 404 (18 bytes)
[PegaHttpClient] 📡 POST https://zdk8budo.pegaacademy.net/prweb/PRRestService/HRAppsV2Service/V1/rules/query?pxObjClass=Rule-HTML-Section&appliesTo=Rule-Template-Excel&pyRuleName=pzDelegationExperience&RequestClass=Rule-HTML-Section&RequestAppliesTo=Rule-Template-Excel&RequestRuleName=pzDelegationExperience Payload: "{\"RequestClass\":\"Rule-HTML-Section\",\"RequestAppliesTo\":\"Rule-Template-Excel\",\"RequestRuleName\":\"pzDelegationExperience\"}" => HTTP 404 (18 bytes)
[PegaHttpClient] 📡 POST https://zdk8budo.pegaacademy.net/prweb/api/HRAppsV2/V1/rules/query?pxObjClass=Rule-HTML-Section&appliesTo=Rule-Template-Excel&pyRuleName=pzDelegationExperience&RequestClass=Rule-HTML-Section&RequestAppliesTo=Rule-Template-Excel&RequestRuleName=pzDelegationExperience Payload: "{\"RequestClass\":\"Rule-HTML-Section\",\"RequestAppliesTo\":\"Rule-Template-Excel\",\"RequestRuleName\":\"pzDelegationExperience\"}" => HTTP 404 (18 bytes)
[PegaHttpClient] 📡 POST https://zdk8budo.pegaacademy.net/prweb/PRRestService/HRAppsV2/V1/rules/query?pxObjClass=Rule-HTML-Section&appliesTo=Rule-Template-Excel&pyRuleName=pzDelegationExperience&RequestClass=Rule-HTML-Section&RequestAppliesTo=Rule-Template-Excel&RequestRuleName=pzDelegationExperience Payload: "{\"RequestClass\":\"Rule-HTML-Section\",\"RequestAppliesTo\":\"Rule-Template-Excel\",\"RequestRuleName\":\"pzDelegationExperience\"}" => HTTP 404 (18 bytes)
[PegaHttpClient] 📡 POST https://zdk8budo.pegaacademy.net/prweb/api/v1/rules/query?pxObjClass=Rule-HTML-Section&appliesTo=Rule-Template-Excel&pyRuleName=pzDelegationExperience&RequestClass=Rule-HTML-Section&RequestAppliesTo=Rule-Template-Excel&RequestRuleName=pzDelegationExperience Payload: "{\"RequestClass\":\"Rule-HTML-Section\",\"RequestAppliesTo\":\"Rule-Template-Excel\",\"RequestRuleName\":\"pzDelegationExperience\"}" => HTTP 404 (18 bytes)
[PegaHttpClient] 📡 POST https://zdk8budo.pegaacademy.net/prweb/PRRestService/v1/rules/query?pxObjClass=Rule-HTML-Section&appliesTo=Rule-Template-Excel&pyRuleName=pzDelegationExperience&RequestClass=Rule-HTML-Section&RequestAppliesTo=Rule-Template-Excel&RequestRuleName=pzDelegationExperience Payload: "{\"RequestClass\":\"Rule-HTML-Section\",\"RequestAppliesTo\":\"Rule-Template-Excel\",\"RequestRuleName\":\"pzDelegationExperience\"}" => HTTP 404 (18 bytes)
[PegaHttpClient] 📡 POST https://zdk8budo.pegaacademy.net/prweb/api/CodeIntelligence/v1/rules/query?pxObjClass=Rule-HTML-Section&appliesTo=Rule-Template-Excel&pyRuleName=Main&RequestClass=Rule-HTML-Section&RequestAppliesTo=Rule-Template-Excel&RequestRuleName=Main Payload: "{\"RequestClass\":\"Rule-HTML-Section\",\"RequestAppliesTo\":\"Rule-Template-Excel\",\"RequestRuleName\":\"Main\"}" => HTTP 200 (49251 bytes)
[PegaHttpClient] 📡 POST https://zdk8budo.pegaacademy.net/prweb/api/CodeIntelligence/v1/rules/query?pxObjClass=Rule-HTML-Section&appliesTo=Rule-Template-Excel&pyRuleName=pzSpecifications&RequestClass=Rule-HTML-Section&RequestAppliesTo=Rule-Template-Excel&RequestRuleName=pzSpecifications Payload: "{\"RequestClass\":\"Rule-HTML-Section\",\"RequestAppliesTo\":\"Rule-Template-Excel\",\"RequestRuleName\":\"pzSpecifications\"}" => HTTP 200 (16577 bytes)
[PegaHttpClient] 📡 POST https://zdk8budo.pegaacademy.net/prweb/api/CodeIntelligence/v1/rules/query?pxObjClass=Rule-HTML-Section&appliesTo=Rule-Template-Excel&pyRuleName=RuleFormHistory&RequestClass=Rule-HTML-Section&RequestAppliesTo=Rule-Template-Excel&RequestRuleName=RuleFormHistory Payload: "{\"RequestClass\":\"Rule-HTML-Section\",\"RequestAppliesTo\":\"Rule-Template-Excel\",\"RequestRuleName\":\"RuleFormHistory\"}" => HTTP 200 (76091 bytes)
[PegaHttpClient] 📡 POST https://zdk8budo.pegaacademy.net/prweb/api/CodeIntelligence/v1/rules/query?pxObjClass=Rule-HTML-Section&appliesTo=Rule-Template-Excel&pyRuleName=pzCustomHelp&RequestClass=Rule-HTML-Section&RequestAppliesTo=Rule-Template-Excel&RequestRuleName=pzCustomHelp Payload: "{\"RequestClass\":\"Rule-HTML-Section\",\"RequestAppliesTo\":\"Rule-Template-Excel\",\"RequestRuleName\":\"pzCustomHelp\"}" => HTTP 200 (31573 bytes)
[PegaHttpClient] 📡 POST https://zdk8budo.pegaacademy.net/prweb/api/CodeIntelligence/v1/rules/query?pxObjClass=Rule-HTML-Section&appliesTo=Rule-Template-Excel&pyRuleName=pzRuleFormKeysAndDescription&RequestClass=Rule-HTML-Section&RequestAppliesTo=Rule-Template-Excel&RequestRuleName=pzRuleFormKeysAndDescription Payload: "{\"RequestClass\":\"Rule-HTML-Section\",\"RequestAppliesTo\":\"Rule-Template-Excel\",\"RequestRuleName\":\"pzRuleFormKeysAndDescription\"}" => HTTP 200 (218057 bytes)
[PegaHttpClient] 📡 POST https://zdk8budo.pegaacademy.net/prweb/api/CodeIntelligence/v1/rules/query?pxObjClass=Rule-HTML-Section&appliesTo=Rule-Template-Excel&pyRuleName=pzRuleFormRuleset&RequestClass=Rule-HTML-Section&RequestAppliesTo=Rule-Template-Excel&RequestRuleName=pzRuleFormRuleset Payload: "{\"RequestClass\":\"Rule-HTML-Section\",\"RequestAppliesTo\":\"Rule-Template-Excel\",\"RequestRuleName\":\"pzRuleFormRuleset\"}" => HTTP 200 (33985 bytes)
[PegaHttpClient] 📡 POST https://zdk8budo.pegaacademy.net/prweb/api/CodeIntelligence/v1/rules/query?pxObjClass=Rule-HTML-Section&appliesTo=Rule-Template-Excel&pyRuleName=undefined&RequestClass=Rule-HTML-Section&RequestAppliesTo=Rule-Template-Excel&RequestRuleName=undefined Payload: "{\"RequestClass\":\"Rule-HTML-Section\",\"RequestAppliesTo\":\"Rule-Template-Excel\",\"RequestRuleName\":\"undefined\"}" => HTTP 404 (106 bytes)
[PegaHttpClient] 📡 POST https://zdk8budo.pegaacademy.net/prweb/PRRestService/CodeIntelligence/v1/rules/query?pxObjClass=Rule-HTML-Section&appliesTo=Rule-Template-Excel&pyRuleName=undefined&RequestClass=Rule-HTML-Section&RequestAppliesTo=Rule-Template-Excel&RequestRuleName=undefined Payload: "{\"RequestClass\":\"Rule-HTML-Section\",\"RequestAppliesTo\":\"Rule-Template-Excel\",\"RequestRuleName\":\"undefined\"}" => HTTP 404 (106 bytes)
[PegaHttpClient] 📡 POST https://zdk8budo.pegaacademy.net/prweb/api/HRAppsV2Service/V1/rules/query?pxObjClass=Rule-HTML-Section&appliesTo=Rule-Template-Excel&pyRuleName=undefined&RequestClass=Rule-HTML-Section&RequestAppliesTo=Rule-Template-Excel&RequestRuleName=undefined Payload: "{\"RequestClass\":\"Rule-HTML-Section\",\"RequestAppliesTo\":\"Rule-Template-Excel\",\"RequestRuleName\":\"undefined\"}" => HTTP 404 (18 bytes)
[PegaHttpClient] 📡 POST https://zdk8budo.pegaacademy.net/prweb/PRRestService/HRAppsV2Service/V1/rules/query?pxObjClass=Rule-HTML-Section&appliesTo=Rule-Template-Excel&pyRuleName=undefined&RequestClass=Rule-HTML-Section&RequestAppliesTo=Rule-Template-Excel&RequestRuleName=undefined Payload: "{\"RequestClass\":\"Rule-HTML-Section\",\"RequestAppliesTo\":\"Rule-Template-Excel\",\"RequestRuleName\":\"undefined\"}" => HTTP 404 (18 bytes)
[PegaHttpClient] 📡 POST https://zdk8budo.pegaacademy.net/prweb/api/HRAppsV2/V1/rules/query?pxObjClass=Rule-HTML-Section&appliesTo=Rule-Template-Excel&pyRuleName=undefined&RequestClass=Rule-HTML-Section&RequestAppliesTo=Rule-Template-Excel&RequestRuleName=undefined Payload: "{\"RequestClass\":\"Rule-HTML-Section\",\"RequestAppliesTo\":\"Rule-Template-Excel\",\"RequestRuleName\":\"undefined\"}" => HTTP 404 (18 bytes)
[PegaHttpClient] 📡 POST https://zdk8budo.pegaacademy.net/prweb/PRRestService/HRAppsV2/V1/rules/query?pxObjClass=Rule-HTML-Section&appliesTo=Rule-Template-Excel&pyRuleName=undefined&RequestClass=Rule-HTML-Section&RequestAppliesTo=Rule-Template-Excel&RequestRuleName=undefined Payload: "{\"RequestClass\":\"Rule-HTML-Section\",\"RequestAppliesTo\":\"Rule-Template-Excel\",\"RequestRuleName\":\"undefined\"}" => HTTP 404 (18 bytes)
[PegaHttpClient] 📡 POST https://zdk8budo.pegaacademy.net/prweb/api/v1/rules/query?pxObjClass=Rule-HTML-Section&appliesTo=Rule-Template-Excel&pyRuleName=undefined&RequestClass=Rule-HTML-Section&RequestAppliesTo=Rule-Template-Excel&RequestRuleName=undefined Payload: "{\"RequestClass\":\"Rule-HTML-Section\",\"RequestAppliesTo\":\"Rule-Template-Excel\",\"RequestRuleName\":\"undefined\"}" => HTTP 404 (18 bytes)
[PegaHttpClient] 📡 POST https://zdk8budo.pegaacademy.net/prweb/PRRestService/v1/rules/query?pxObjClass=Rule-HTML-Section&appliesTo=Rule-Template-Excel&pyRuleName=undefined&RequestClass=Rule-HTML-Section&RequestAppliesTo=Rule-Template-Excel&RequestRuleName=undefined Payload: "{\"RequestClass\":\"Rule-HTML-Section\",\"RequestAppliesTo\":\"Rule-Template-Excel\",\"RequestRuleName\":\"undefined\"}" => HTTP 404 (18 bytes)
[PegaHttpClient] 📡 POST https://zdk8budo.pegaacademy.net/prweb/api/CodeIntelligence/v1/rules/query?pxObjClass=Rule-HTML-Section&appliesTo=Rule-Template-Excel&pyRuleName=pzRuleFormToolbar&RequestClass=Rule-HTML-Section&RequestAppliesTo=Rule-Template-Excel&RequestRuleName=pzRuleFormToolbar Payload: "{\"RequestClass\":\"Rule-HTML-Section\",\"RequestAppliesTo\":\"Rule-Template-Excel\",\"RequestRuleName\":\"pzRuleFormToolbar\"}" => HTTP 200 (242691 bytes)
[PegaHttpClient] 📡 POST https://zdk8budo.pegaacademy.net/prweb/api/CodeIntelligence/v1/rules/query?pxObjClass=Rule-HTML-Section&appliesTo=Rule-Template-Excel&pyRuleName=pzRuleFormToolbarCompare&RequestClass=Rule-HTML-Section&RequestAppliesTo=Rule-Template-Excel&RequestRuleName=pzRuleFormToolbarCompare Payload: "{\"RequestClass\":\"Rule-HTML-Section\",\"RequestAppliesTo\":\"Rule-Template-Excel\",\"RequestRuleName\":\"pzRuleFormToolbarCompare\"}" => HTTP 200 (61925 bytes)
[PegaHttpClient] 📡 POST https://zdk8budo.pegaacademy.net/prweb/api/CodeIntelligence/v1/rules/query?pxObjClass=Rule-HTML-Section&appliesTo=Rule-Template-Excel&pyRuleName=RuleFormHeaderMessages&RequestClass=Rule-HTML-Section&RequestAppliesTo=Rule-Template-Excel&RequestRuleName=RuleFormHeaderMessages Payload: "{\"RequestClass\":\"Rule-HTML-Section\",\"RequestAppliesTo\":\"Rule-Template-Excel\",\"RequestRuleName\":\"RuleFormHeaderMessages\"}" => HTTP 200 (26518 bytes)
[PegaHttpClient] 📡 POST https://zdk8budo.pegaacademy.net/prweb/api/CodeIntelligence/v1/rules/query?pxObjClass=Rule-HTML-Section&appliesTo=Rule-Template-Excel&pyRuleName=pzHiddenFields&RequestClass=Rule-HTML-Section&RequestAppliesTo=Rule-Template-Excel&RequestRuleName=pzHiddenFields Payload: "{\"RequestClass\":\"Rule-HTML-Section\",\"RequestAppliesTo\":\"Rule-Template-Excel\",\"RequestRuleName\":\"pzHiddenFields\"}" => HTTP 200 (23006 bytes)
[PegaHttpClient] 📡 POST https://zdk8budo.pegaacademy.net/prweb/api/CodeIntelligence/v1/rules/query?pxObjClass=Rule-HTML-Section&appliesTo=Rule-Template-Excel&pyRuleName=pzSpecificationsInner&RequestClass=Rule-HTML-Section&RequestAppliesTo=Rule-Template-Excel&RequestRuleName=pzSpecificationsInner Payload: "{\"RequestClass\":\"Rule-HTML-Section\",\"RequestAppliesTo\":\"Rule-Template-Excel\",\"RequestRuleName\":\"pzSpecificationsInner\"}" => HTTP 200 (142370 bytes)
[PegaHttpClient] 📡 POST https://zdk8budo.pegaacademy.net/prweb/api/CodeIntelligence/v1/rules/query?pxObjClass=Rule-HTML-Section&appliesTo=Rule-Template-Excel&pyRuleName=pzAlternateRuleInfo&RequestClass=Rule-HTML-Section&RequestAppliesTo=Rule-Template-Excel&RequestRuleName=pzAlternateRuleInfo Payload: "{\"RequestClass\":\"Rule-HTML-Section\",\"RequestAppliesTo\":\"Rule-Template-Excel\",\"RequestRuleName\":\"pzAlternateRuleInfo\"}" => HTTP 200 (140407 bytes)
[PegaHttpClient] 📡 POST https://zdk8budo.pegaacademy.net/prweb/api/CodeIntelligence/v1/rules/query?pxObjClass=Rule-HTML-Section&appliesTo=Rule-Template-Excel&pyRuleName=RuleFormHistory_Description&RequestClass=Rule-HTML-Section&RequestAppliesTo=Rule-Template-Excel&RequestRuleName=RuleFormHistory_Description Payload: "{\"RequestClass\":\"Rule-HTML-Section\",\"RequestAppliesTo\":\"Rule-Template-Excel\",\"RequestRuleName\":\"RuleFormHistory_Description\"}" => HTTP 200 (46242 bytes)
[PegaHttpClient] 📡 POST https://zdk8budo.pegaacademy.net/prweb/api/CodeIntelligence/v1/rules/query?pxObjClass=Rule-HTML-Section&appliesTo=Rule-Template-Excel&pyRuleName=RuleFormHistory_CustomFields&RequestClass=Rule-HTML-Section&RequestAppliesTo=Rule-Template-Excel&RequestRuleName=RuleFormHistory_CustomFields Payload: "{\"RequestClass\":\"Rule-HTML-Section\",\"RequestAppliesTo\":\"Rule-Template-Excel\",\"RequestRuleName\":\"RuleFormHistory_CustomFields\"}" => HTTP 200 (75856 bytes)
[PegaHttpClient] 📡 POST https://zdk8budo.pegaacademy.net/prweb/api/CodeIntelligence/v1/rules/query?pxObjClass=Rule-HTML-Section&appliesTo=Rule-Template-Excel&pyRuleName=RuleFormHistory_HistoryDetails&RequestClass=Rule-HTML-Section&RequestAppliesTo=Rule-Template-Excel&RequestRuleName=RuleFormHistory_HistoryDetails Payload: "{\"RequestClass\":\"Rule-HTML-Section\",\"RequestAppliesTo\":\"Rule-Template-Excel\",\"RequestRuleName\":\"RuleFormHistory_HistoryDetails\"}" => HTTP 200 (179535 bytes)
[PegaHttpClient] 📡 POST https://zdk8budo.pegaacademy.net/prweb/api/CodeIntelligence/v1/rules/query?pxObjClass=Rule-HTML-Section&appliesTo=Rule-Template-Excel&pyRuleName=pzRuleFormStatus&RequestClass=Rule-HTML-Section&RequestAppliesTo=Rule-Template-Excel&RequestRuleName=pzRuleFormStatus Payload: "{\"RequestClass\":\"Rule-HTML-Section\",\"RequestAppliesTo\":\"Rule-Template-Excel\",\"RequestRuleName\":\"pzRuleFormStatus\"}" => HTTP 200 (97627 bytes)
[PegaHttpClient] 📡 POST https://zdk8budo.pegaacademy.net/prweb/api/CodeIntelligence/v1/rules/query?pxObjClass=Rule-HTML-Section&appliesTo=Rule-Template-Excel&pyRuleName=pzRuleFormHeaderCompareWithDropDown&RequestClass=Rule-HTML-Section&RequestAppliesTo=Rule-Template-Excel&RequestRuleName=pzRuleFormHeaderCompareWithDropDown Payload: "{\"RequestClass\":\"Rule-HTML-Section\",\"RequestAppliesTo\":\"Rule-Template-Excel\",\"RequestRuleName\":\"pzRuleFormHeaderCompareWithDropDown\"}" => HTTP 200 (25396 bytes)
[PegaHttpClient] 📡 POST https://zdk8budo.pegaacademy.net/prweb/api/CodeIntelligence/v1/rules/query?pxObjClass=Rule-HTML-Section&appliesTo=Rule-Template-Excel&pyRuleName=undefined&RequestClass=Rule-HTML-Section&RequestAppliesTo=Rule-Template-Excel&RequestRuleName=undefined Payload: "{\"RequestClass\":\"Rule-HTML-Section\",\"RequestAppliesTo\":\"Rule-Template-Excel\",\"RequestRuleName\":\"undefined\"}" => HTTP 404 (106 bytes)
[PegaHttpClient] 📡 POST https://zdk8budo.pegaacademy.net/prweb/PRRestService/CodeIntelligence/v1/rules/query?pxObjClass=Rule-HTML-Section&appliesTo=Rule-Template-Excel&pyRuleName=undefined&RequestClass=Rule-HTML-Section&RequestAppliesTo=Rule-Template-Excel&RequestRuleName=undefined Payload: "{\"RequestClass\":\"Rule-HTML-Section\",\"RequestAppliesTo\":\"Rule-Template-Excel\",\"RequestRuleName\":\"undefined\"}" => HTTP 404 (106 bytes)
[PegaHttpClient] 📡 POST https://zdk8budo.pegaacademy.net/prweb/api/HRAppsV2Service/V1/rules/query?pxObjClass=Rule-HTML-Section&appliesTo=Rule-Template-Excel&pyRuleName=undefined&RequestClass=Rule-HTML-Section&RequestAppliesTo=Rule-Template-Excel&RequestRuleName=undefined Payload: "{\"RequestClass\":\"Rule-HTML-Section\",\"RequestAppliesTo\":\"Rule-Template-Excel\",\"RequestRuleName\":\"undefined\"}" => HTTP 404 (18 bytes)
[PegaHttpClient] 📡 POST https://zdk8budo.pegaacademy.net/prweb/PRRestService/HRAppsV2Service/V1/rules/query?pxObjClass=Rule-HTML-Section&appliesTo=Rule-Template-Excel&pyRuleName=undefined&RequestClass=Rule-HTML-Section&RequestAppliesTo=Rule-Template-Excel&RequestRuleName=undefined Payload: "{\"RequestClass\":\"Rule-HTML-Section\",\"RequestAppliesTo\":\"Rule-Template-Excel\",\"RequestRuleName\":\"undefined\"}" => HTTP 404 (18 bytes)
[PegaHttpClient] 📡 POST https://zdk8budo.pegaacademy.net/prweb/api/HRAppsV2/V1/rules/query?pxObjClass=Rule-HTML-Section&appliesTo=Rule-Template-Excel&pyRuleName=undefined&RequestClass=Rule-HTML-Section&RequestAppliesTo=Rule-Template-Excel&RequestRuleName=undefined Payload: "{\"RequestClass\":\"Rule-HTML-Section\",\"RequestAppliesTo\":\"Rule-Template-Excel\",\"RequestRuleName\":\"undefined\"}" => HTTP 404 (18 bytes)
[PegaHttpClient] 📡 POST https://zdk8budo.pegaacademy.net/prweb/PRRestService/HRAppsV2/V1/rules/query?pxObjClass=Rule-HTML-Section&appliesTo=Rule-Template-Excel&pyRuleName=undefined&RequestClass=Rule-HTML-Section&RequestAppliesTo=Rule-Template-Excel&RequestRuleName=undefined Payload: "{\"RequestClass\":\"Rule-HTML-Section\",\"RequestAppliesTo\":\"Rule-Template-Excel\",\"RequestRuleName\":\"undefined\"}" => HTTP 404 (18 bytes)
[PegaHttpClient] 📡 POST https://zdk8budo.pegaacademy.net/prweb/api/v1/rules/query?pxObjClass=Rule-HTML-Section&appliesTo=Rule-Template-Excel&pyRuleName=undefined&RequestClass=Rule-HTML-Section&RequestAppliesTo=Rule-Template-Excel&RequestRuleName=undefined Payload: "{\"RequestClass\":\"Rule-HTML-Section\",\"RequestAppliesTo\":\"Rule-Template-Excel\",\"RequestRuleName\":\"undefined\"}" => HTTP 404 (18 bytes)
[PegaHttpClient] 📡 POST https://zdk8budo.pegaacademy.net/prweb/PRRestService/v1/rules/query?pxObjClass=Rule-HTML-Section&appliesTo=Rule-Template-Excel&pyRuleName=undefined&RequestClass=Rule-HTML-Section&RequestAppliesTo=Rule-Template-Excel&RequestRuleName=undefined Payload: "{\"RequestClass\":\"Rule-HTML-Section\",\"RequestAppliesTo\":\"Rule-Template-Excel\",\"RequestRuleName\":\"undefined\"}" => HTTP 404 (18 bytes)
[PegaHttpClient] 📡 POST https://zdk8budo.pegaacademy.net/prweb/api/CodeIntelligence/v1/rules/query?pxObjClass=Rule-HTML-Section&appliesTo=Rule-Template-Excel&pyRuleName=pzRuleFormToolbarHotKeys&RequestClass=Rule-HTML-Section&RequestAppliesTo=Rule-Template-Excel&RequestRuleName=pzRuleFormToolbarHotKeys Payload: "{\"RequestClass\":\"Rule-HTML-Section\",\"RequestAppliesTo\":\"Rule-Template-Excel\",\"RequestRuleName\":\"pzRuleFormToolbarHotKeys\"}" => HTTP 200 (85058 bytes)
[PegaHttpClient] 📡 POST https://zdk8budo.pegaacademy.net/prweb/api/CodeIntelligence/v1/rules/query?pxObjClass=Rule-HTML-Section&appliesTo=Rule-Template-Excel&pyRuleName=pzRuleFormToolbarLockedIcon&RequestClass=Rule-HTML-Section&RequestAppliesTo=Rule-Template-Excel&RequestRuleName=pzRuleFormToolbarLockedIcon Payload: "{\"RequestClass\":\"Rule-HTML-Section\",\"RequestAppliesTo\":\"Rule-Template-Excel\",\"RequestRuleName\":\"pzRuleFormToolbarLockedIcon\"}" => HTTP 200 (24898 bytes)
[PegaHttpClient] 📡 POST https://zdk8budo.pegaacademy.net/prweb/api/CodeIntelligence/v1/rules/query?pxObjClass=Rule-HTML-Section&appliesTo=Rule-Template-Excel&pyRuleName=pzRuleFormToolbarCollaborators&RequestClass=Rule-HTML-Section&RequestAppliesTo=Rule-Template-Excel&RequestRuleName=pzRuleFormToolbarCollaborators Payload: "{\"RequestClass\":\"Rule-HTML-Section\",\"RequestAppliesTo\":\"Rule-Template-Excel\",\"RequestRuleName\":\"pzRuleFormToolbarCollaborators\"}" => HTTP 200 (15254 bytes)
[PegaHttpClient] 📡 POST https://zdk8budo.pegaacademy.net/prweb/api/CodeIntelligence/v1/rules/query?pxObjClass=Rule-HTML-Section&appliesTo=Rule-Template-Excel&pyRuleName=pzRuleFormToolbarSaveAs&RequestClass=Rule-HTML-Section&RequestAppliesTo=Rule-Template-Excel&RequestRuleName=pzRuleFormToolbarSaveAs Payload: "{\"RequestClass\":\"Rule-HTML-Section\",\"RequestAppliesTo\":\"Rule-Template-Excel\",\"RequestRuleName\":\"pzRuleFormToolbarSaveAs\"}" => HTTP 200 (64084 bytes)
[PegaHttpClient] 📡 POST https://zdk8budo.pegaacademy.net/prweb/api/CodeIntelligence/v1/rules/query?pxObjClass=Rule-HTML-Section&appliesTo=Rule-Template-Excel&pyRuleName=pzRuleFormToolbarCheckin&RequestClass=Rule-HTML-Section&RequestAppliesTo=Rule-Template-Excel&RequestRuleName=pzRuleFormToolbarCheckin Payload: "{\"RequestClass\":\"Rule-HTML-Section\",\"RequestAppliesTo\":\"Rule-Template-Excel\",\"RequestRuleName\":\"pzRuleFormToolbarCheckin\"}" => HTTP 200 (119096 bytes)
[PegaHttpClient] 📡 POST https://zdk8budo.pegaacademy.net/prweb/api/CodeIntelligence/v1/rules/query?pxObjClass=Rule-HTML-Section&appliesTo=Rule-Template-Excel&pyRuleName=pzRuleFormToolbarDelete&RequestClass=Rule-HTML-Section&RequestAppliesTo=Rule-Template-Excel&RequestRuleName=pzRuleFormToolbarDelete Payload: "{\"RequestClass\":\"Rule-HTML-Section\",\"RequestAppliesTo\":\"Rule-Template-Excel\",\"RequestRuleName\":\"pzRuleFormToolbarDelete\"}" => HTTP 200 (30249 bytes)
[PegaHttpClient] 📡 POST https://zdk8budo.pegaacademy.net/prweb/api/CodeIntelligence/v1/rules/query?pxObjClass=Rule-HTML-Section&appliesTo=Rule-Template-Excel&pyRuleName=pzRuleFormToolbarSave&RequestClass=Rule-HTML-Section&RequestAppliesTo=Rule-Template-Excel&RequestRuleName=pzRuleFormToolbarSave Payload: "{\"RequestClass\":\"Rule-HTML-Section\",\"RequestAppliesTo\":\"Rule-Template-Excel\",\"RequestRuleName\":\"pzRuleFormToolbarSave\"}" => HTTP 200 (293885 bytes)
[PegaHttpClient] 📡 POST https://zdk8budo.pegaacademy.net/prweb/api/CodeIntelligence/v1/rules/query?pxObjClass=Rule-HTML-Section&appliesTo=Rule-Template-Excel&pyRuleName=pzRuleFormToolbarCheckout&RequestClass=Rule-HTML-Section&RequestAppliesTo=Rule-Template-Excel&RequestRuleName=pzRuleFormToolbarCheckout Payload: "{\"RequestClass\":\"Rule-HTML-Section\",\"RequestAppliesTo\":\"Rule-Template-Excel\",\"RequestRuleName\":\"pzRuleFormToolbarCheckout\"}" => HTTP 200 (238148 bytes)
[PegaHttpClient] 📡 POST https://zdk8budo.pegaacademy.net/prweb/api/CodeIntelligence/v1/rules/query?pxObjClass=Rule-HTML-Section&appliesTo=Rule-Template-Excel&pyRuleName=pzRemoveErrorsDataPage&RequestClass=Rule-HTML-Section&RequestAppliesTo=Rule-Template-Excel&RequestRuleName=pzRemoveErrorsDataPage Payload: "{\"RequestClass\":\"Rule-HTML-Section\",\"RequestAppliesTo\":\"Rule-Template-Excel\",\"RequestRuleName\":\"pzRemoveErrorsDataPage\"}" => HTTP 200 (16733 bytes)
[PegaHttpClient] 📡 POST https://zdk8budo.pegaacademy.net/prweb/api/CodeIntelligence/v1/rules/query?pxObjClass=Rule-HTML-Section&appliesTo=Rule-Template-Excel&pyRuleName=pzRuleFormHeaderMessagesWrapper&RequestClass=Rule-HTML-Section&RequestAppliesTo=Rule-Template-Excel&RequestRuleName=pzRuleFormHeaderMessagesWrapper Payload: "{\"RequestClass\":\"Rule-HTML-Section\",\"RequestAppliesTo\":\"Rule-Template-Excel\",\"RequestRuleName\":\"pzRuleFormHeaderMessagesWrapper\"}" => HTTP 200 (16981 bytes)
[PegaHttpClient] 📡 POST https://zdk8budo.pegaacademy.net/prweb/api/CodeIntelligence/v1/rules/query?pxObjClass=Rule-HTML-Section&appliesTo=Rule-Template-Excel&pyRuleName=pzSpecificationName&RequestClass=Rule-HTML-Section&RequestAppliesTo=Rule-Template-Excel&RequestRuleName=pzSpecificationName Payload: "{\"RequestClass\":\"Rule-HTML-Section\",\"RequestAppliesTo\":\"Rule-Template-Excel\",\"RequestRuleName\":\"pzSpecificationName\"}" => HTTP 404 (116 bytes)
[PegaHttpClient] 📡 POST https://zdk8budo.pegaacademy.net/prweb/PRRestService/CodeIntelligence/v1/rules/query?pxObjClass=Rule-HTML-Section&appliesTo=Rule-Template-Excel&pyRuleName=pzSpecificationName&RequestClass=Rule-HTML-Section&RequestAppliesTo=Rule-Template-Excel&RequestRuleName=pzSpecificationName Payload: "{\"RequestClass\":\"Rule-HTML-Section\",\"RequestAppliesTo\":\"Rule-Template-Excel\",\"RequestRuleName\":\"pzSpecificationName\"}" => HTTP 404 (116 bytes)
[PegaHttpClient] 📡 POST https://zdk8budo.pegaacademy.net/prweb/api/HRAppsV2Service/V1/rules/query?pxObjClass=Rule-HTML-Section&appliesTo=Rule-Template-Excel&pyRuleName=pzSpecificationName&RequestClass=Rule-HTML-Section&RequestAppliesTo=Rule-Template-Excel&RequestRuleName=pzSpecificationName Payload: "{\"RequestClass\":\"Rule-HTML-Section\",\"RequestAppliesTo\":\"Rule-Template-Excel\",\"RequestRuleName\":\"pzSpecificationName\"}" => HTTP 404 (18 bytes)
[PegaHttpClient] 📡 POST https://zdk8budo.pegaacademy.net/prweb/PRRestService/HRAppsV2Service/V1/rules/query?pxObjClass=Rule-HTML-Section&appliesTo=Rule-Template-Excel&pyRuleName=pzSpecificationName&RequestClass=Rule-HTML-Section&RequestAppliesTo=Rule-Template-Excel&RequestRuleName=pzSpecificationName Payload: "{\"RequestClass\":\"Rule-HTML-Section\",\"RequestAppliesTo\":\"Rule-Template-Excel\",\"RequestRuleName\":\"pzSpecificationName\"}" => HTTP 404 (18 bytes)
[PegaHttpClient] 📡 POST https://zdk8budo.pegaacademy.net/prweb/api/HRAppsV2/V1/rules/query?pxObjClass=Rule-HTML-Section&appliesTo=Rule-Template-Excel&pyRuleName=pzSpecificationName&RequestClass=Rule-HTML-Section&RequestAppliesTo=Rule-Template-Excel&RequestRuleName=pzSpecificationName Payload: "{\"RequestClass\":\"Rule-HTML-Section\",\"RequestAppliesTo\":\"Rule-Template-Excel\",\"RequestRuleName\":\"pzSpecificationName\"}" => HTTP 404 (18 bytes)
[PegaHttpClient] 📡 POST https://zdk8budo.pegaacademy.net/prweb/PRRestService/HRAppsV2/V1/rules/query?pxObjClass=Rule-HTML-Section&appliesTo=Rule-Template-Excel&pyRuleName=pzSpecificationName&RequestClass=Rule-HTML-Section&RequestAppliesTo=Rule-Template-Excel&RequestRuleName=pzSpecificationName Payload: "{\"RequestClass\":\"Rule-HTML-Section\",\"RequestAppliesTo\":\"Rule-Template-Excel\",\"RequestRuleName\":\"pzSpecificationName\"}" => HTTP 404 (18 bytes)
[PegaHttpClient] 📡 POST https://zdk8budo.pegaacademy.net/prweb/api/v1/rules/query?pxObjClass=Rule-HTML-Section&appliesTo=Rule-Template-Excel&pyRuleName=pzSpecificationName&RequestClass=Rule-HTML-Section&RequestAppliesTo=Rule-Template-Excel&RequestRuleName=pzSpecificationName Payload: "{\"RequestClass\":\"Rule-HTML-Section\",\"RequestAppliesTo\":\"Rule-Template-Excel\",\"RequestRuleName\":\"pzSpecificationName\"}" => HTTP 404 (18 bytes)
[PegaHttpClient] 📡 POST https://zdk8budo.pegaacademy.net/prweb/PRRestService/v1/rules/query?pxObjClass=Rule-HTML-Section&appliesTo=Rule-Template-Excel&pyRuleName=pzSpecificationName&RequestClass=Rule-HTML-Section&RequestAppliesTo=Rule-Template-Excel&RequestRuleName=pzSpecificationName Payload: "{\"RequestClass\":\"Rule-HTML-Section\",\"RequestAppliesTo\":\"Rule-Template-Excel\",\"RequestRuleName\":\"pzSpecificationName\"}" => HTTP 404 (18 bytes)
[PegaHttpClient] 📡 POST https://zdk8budo.pegaacademy.net/prweb/api/CodeIntelligence/v1/rules/query?pxObjClass=Rule-HTML-Section&appliesTo=Rule-Template-Excel&pyRuleName=pzScm_RuleHistory&RequestClass=Rule-HTML-Section&RequestAppliesTo=Rule-Template-Excel&RequestRuleName=pzScm_RuleHistory Payload: "{\"RequestClass\":\"Rule-HTML-Section\",\"RequestAppliesTo\":\"Rule-Template-Excel\",\"RequestRuleName\":\"pzScm_RuleHistory\"}" => HTTP 200 (14682 bytes)
[PegaHttpClient] 📡 POST https://zdk8budo.pegaacademy.net/prweb/api/CodeIntelligence/v1/rules/query?pxObjClass=Rule-HTML-Section&appliesTo=Rule-Template-Excel&pyRuleName=pxDisplayCollaborators&RequestClass=Rule-HTML-Section&RequestAppliesTo=Rule-Template-Excel&RequestRuleName=pxDisplayCollaborators Payload: "{\"RequestClass\":\"Rule-HTML-Section\",\"RequestAppliesTo\":\"Rule-Template-Excel\",\"RequestRuleName\":\"pxDisplayCollaborators\"}" => HTTP 200 (94171 bytes)
[PegaHttpClient] 📡 POST https://zdk8budo.pegaacademy.net/prweb/api/CodeIntelligence/v1/rules/query?pxObjClass=Rule-HTML-Section&appliesTo=Rule-Template-Excel&pyRuleName=pzRuleFormToolbarDeleteCheckOut&RequestClass=Rule-HTML-Section&RequestAppliesTo=Rule-Template-Excel&RequestRuleName=pzRuleFormToolbarDeleteCheckOut Payload: "{\"RequestClass\":\"Rule-HTML-Section\",\"RequestAppliesTo\":\"Rule-Template-Excel\",\"RequestRuleName\":\"pzRuleFormToolbarDeleteCheckOut\"}" => HTTP 200 (29433 bytes)
[PegaHttpClient] 📡 POST https://zdk8budo.pegaacademy.net/prweb/api/CodeIntelligence/v1/rules/query?pxObjClass=Rule-HTML-Section&appliesTo=Rule-Template-Excel&pyRuleName=pzRuleFormToolbarDeleteRule&RequestClass=Rule-HTML-Section&RequestAppliesTo=Rule-Template-Excel&RequestRuleName=pzRuleFormToolbarDeleteRule Payload: "{\"RequestClass\":\"Rule-HTML-Section\",\"RequestAppliesTo\":\"Rule-Template-Excel\",\"RequestRuleName\":\"pzRuleFormToolbarDeleteRule\"}" => HTTP 200 (32314 bytes)
[PegaHttpClient] 📡 POST https://zdk8budo.pegaacademy.net/prweb/api/CodeIntelligence/v1/rules/query?pxObjClass=Rule-HTML-Section&appliesTo=Rule-Template-Excel&pyRuleName=pzLoadCollaborationScripts&RequestClass=Rule-HTML-Section&RequestAppliesTo=Rule-Template-Excel&RequestRuleName=pzLoadCollaborationScripts Payload: "{\"RequestClass\":\"Rule-HTML-Section\",\"RequestAppliesTo\":\"Rule-Template-Excel\",\"RequestRuleName\":\"pzLoadCollaborationScripts\"}" => HTTP 200 (23453 bytes)
[PegaHttpClient] 📡 POST https://zdk8budo.pegaacademy.net/prweb/api/CodeIntelligence/v1/rules/query?pxObjClass=Rule-HTML-Section&appliesTo=Rule-Template-Excel&pyRuleName=pzDisplayCollaboratorsList&RequestClass=Rule-HTML-Section&RequestAppliesTo=Rule-Template-Excel&RequestRuleName=pzDisplayCollaboratorsList Payload: "{\"RequestClass\":\"Rule-HTML-Section\",\"RequestAppliesTo\":\"Rule-Template-Excel\",\"RequestRuleName\":\"pzDisplayCollaboratorsList\"}" => HTTP 200 (105418 bytes)
[PegaHttpClient] 📡 POST https://zdk8budo.pegaacademy.net/prweb/api/CodeIntelligence/v1/rules/query?pxObjClass=Rule-HTML-Section&appliesTo=Rule-Template-Excel&pyRuleName=pyCollaborator&RequestClass=Rule-HTML-Section&RequestAppliesTo=Rule-Template-Excel&RequestRuleName=pyCollaborator Payload: "{\"RequestClass\":\"Rule-HTML-Section\",\"RequestAppliesTo\":\"Rule-Template-Excel\",\"RequestRuleName\":\"pyCollaborator\"}" => HTTP 404 (111 bytes)
[PegaHttpClient] 📡 POST https://zdk8budo.pegaacademy.net/prweb/PRRestService/CodeIntelligence/v1/rules/query?pxObjClass=Rule-HTML-Section&appliesTo=Rule-Template-Excel&pyRuleName=pyCollaborator&RequestClass=Rule-HTML-Section&RequestAppliesTo=Rule-Template-Excel&RequestRuleName=pyCollaborator Payload: "{\"RequestClass\":\"Rule-HTML-Section\",\"RequestAppliesTo\":\"Rule-Template-Excel\",\"RequestRuleName\":\"pyCollaborator\"}" => HTTP 404 (111 bytes)
[PegaHttpClient] 📡 POST https://zdk8budo.pegaacademy.net/prweb/api/HRAppsV2Service/V1/rules/query?pxObjClass=Rule-HTML-Section&appliesTo=Rule-Template-Excel&pyRuleName=pyCollaborator&RequestClass=Rule-HTML-Section&RequestAppliesTo=Rule-Template-Excel&RequestRuleName=pyCollaborator Payload: "{\"RequestClass\":\"Rule-HTML-Section\",\"RequestAppliesTo\":\"Rule-Template-Excel\",\"RequestRuleName\":\"pyCollaborator\"}" => HTTP 404 (18 bytes)
[PegaHttpClient] 📡 POST https://zdk8budo.pegaacademy.net/prweb/PRRestService/HRAppsV2Service/V1/rules/query?pxObjClass=Rule-HTML-Section&appliesTo=Rule-Template-Excel&pyRuleName=pyCollaborator&RequestClass=Rule-HTML-Section&RequestAppliesTo=Rule-Template-Excel&RequestRuleName=pyCollaborator Payload: "{\"RequestClass\":\"Rule-HTML-Section\",\"RequestAppliesTo\":\"Rule-Template-Excel\",\"RequestRuleName\":\"pyCollaborator\"}" => HTTP 404 (18 bytes)
[PegaHttpClient] 📡 POST https://zdk8budo.pegaacademy.net/prweb/api/HRAppsV2/V1/rules/query?pxObjClass=Rule-HTML-Section&appliesTo=Rule-Template-Excel&pyRuleName=pyCollaborator&RequestClass=Rule-HTML-Section&RequestAppliesTo=Rule-Template-Excel&RequestRuleName=pyCollaborator Payload: "{\"RequestClass\":\"Rule-HTML-Section\",\"RequestAppliesTo\":\"Rule-Template-Excel\",\"RequestRuleName\":\"pyCollaborator\"}" => HTTP 404 (18 bytes)
[PegaHttpClient] 📡 POST https://zdk8budo.pegaacademy.net/prweb/PRRestService/HRAppsV2/V1/rules/query?pxObjClass=Rule-HTML-Section&appliesTo=Rule-Template-Excel&pyRuleName=pyCollaborator&RequestClass=Rule-HTML-Section&RequestAppliesTo=Rule-Template-Excel&RequestRuleName=pyCollaborator Payload: "{\"RequestClass\":\"Rule-HTML-Section\",\"RequestAppliesTo\":\"Rule-Template-Excel\",\"RequestRuleName\":\"pyCollaborator\"}" => HTTP 404 (18 bytes)
[PegaHttpClient] 📡 POST https://zdk8budo.pegaacademy.net/prweb/api/v1/rules/query?pxObjClass=Rule-HTML-Section&appliesTo=Rule-Template-Excel&pyRuleName=pyCollaborator&RequestClass=Rule-HTML-Section&RequestAppliesTo=Rule-Template-Excel&RequestRuleName=pyCollaborator Payload: "{\"RequestClass\":\"Rule-HTML-Section\",\"RequestAppliesTo\":\"Rule-Template-Excel\",\"RequestRuleName\":\"pyCollaborator\"}" => HTTP 404 (18 bytes)
[PegaHttpClient] 📡 POST https://zdk8budo.pegaacademy.net/prweb/PRRestService/v1/rules/query?pxObjClass=Rule-HTML-Section&appliesTo=Rule-Template-Excel&pyRuleName=pyCollaborator&RequestClass=Rule-HTML-Section&RequestAppliesTo=Rule-Template-Excel&RequestRuleName=pyCollaborator Payload: "{\"RequestClass\":\"Rule-HTML-Section\",\"RequestAppliesTo\":\"Rule-Template-Excel\",\"RequestRuleName\":\"pyCollaborator\"}" => HTTP 404 (18 bytes)
[PegaHttpClient] 📡 POST https://zdk8budo.pegaacademy.net/prweb/api/CodeIntelligence/v1/rules/query?pxObjClass=Rule-HTML-Section&appliesTo=Rule-Template-Excel&pyRuleName=pzDisplayPartialCount&RequestClass=Rule-HTML-Section&RequestAppliesTo=Rule-Template-Excel&RequestRuleName=pzDisplayPartialCount Payload: "{\"RequestClass\":\"Rule-HTML-Section\",\"RequestAppliesTo\":\"Rule-Template-Excel\",\"RequestRuleName\":\"pzDisplayPartialCount\"}" => HTTP 404 (118 bytes)
[PegaHttpClient] 📡 POST https://zdk8budo.pegaacademy.net/prweb/PRRestService/CodeIntelligence/v1/rules/query?pxObjClass=Rule-HTML-Section&appliesTo=Rule-Template-Excel&pyRuleName=pzDisplayPartialCount&RequestClass=Rule-HTML-Section&RequestAppliesTo=Rule-Template-Excel&RequestRuleName=pzDisplayPartialCount Payload: "{\"RequestClass\":\"Rule-HTML-Section\",\"RequestAppliesTo\":\"Rule-Template-Excel\",\"RequestRuleName\":\"pzDisplayPartialCount\"}" => HTTP 404 (118 bytes)
[PegaHttpClient] 📡 POST https://zdk8budo.pegaacademy.net/prweb/api/HRAppsV2Service/V1/rules/query?pxObjClass=Rule-HTML-Section&appliesTo=Rule-Template-Excel&pyRuleName=pzDisplayPartialCount&RequestClass=Rule-HTML-Section&RequestAppliesTo=Rule-Template-Excel&RequestRuleName=pzDisplayPartialCount Payload: "{\"RequestClass\":\"Rule-HTML-Section\",\"RequestAppliesTo\":\"Rule-Template-Excel\",\"RequestRuleName\":\"pzDisplayPartialCount\"}" => HTTP 404 (18 bytes)
[PegaHttpClient] 📡 POST https://zdk8budo.pegaacademy.net/prweb/PRRestService/HRAppsV2Service/V1/rules/query?pxObjClass=Rule-HTML-Section&appliesTo=Rule-Template-Excel&pyRuleName=pzDisplayPartialCount&RequestClass=Rule-HTML-Section&RequestAppliesTo=Rule-Template-Excel&RequestRuleName=pzDisplayPartialCount Payload: "{\"RequestClass\":\"Rule-HTML-Section\",\"RequestAppliesTo\":\"Rule-Template-Excel\",\"RequestRuleName\":\"pzDisplayPartialCount\"}" => HTTP 404 (18 bytes)
[PegaHttpClient] 📡 POST https://zdk8budo.pegaacademy.net/prweb/api/HRAppsV2/V1/rules/query?pxObjClass=Rule-HTML-Section&appliesTo=Rule-Template-Excel&pyRuleName=pzDisplayPartialCount&RequestClass=Rule-HTML-Section&RequestAppliesTo=Rule-Template-Excel&RequestRuleName=pzDisplayPartialCount Payload: "{\"RequestClass\":\"Rule-HTML-Section\",\"RequestAppliesTo\":\"Rule-Template-Excel\",\"RequestRuleName\":\"pzDisplayPartialCount\"}" => HTTP 404 (18 bytes)
[PegaHttpClient] 📡 POST https://zdk8budo.pegaacademy.net/prweb/PRRestService/HRAppsV2/V1/rules/query?pxObjClass=Rule-HTML-Section&appliesTo=Rule-Template-Excel&pyRuleName=pzDisplayPartialCount&RequestClass=Rule-HTML-Section&RequestAppliesTo=Rule-Template-Excel&RequestRuleName=pzDisplayPartialCount Payload: "{\"RequestClass\":\"Rule-HTML-Section\",\"RequestAppliesTo\":\"Rule-Template-Excel\",\"RequestRuleName\":\"pzDisplayPartialCount\"}" => HTTP 404 (18 bytes)
[PegaHttpClient] 📡 POST https://zdk8budo.pegaacademy.net/prweb/api/v1/rules/query?pxObjClass=Rule-HTML-Section&appliesTo=Rule-Template-Excel&pyRuleName=pzDisplayPartialCount&RequestClass=Rule-HTML-Section&RequestAppliesTo=Rule-Template-Excel&RequestRuleName=pzDisplayPartialCount Payload: "{\"RequestClass\":\"Rule-HTML-Section\",\"RequestAppliesTo\":\"Rule-Template-Excel\",\"RequestRuleName\":\"pzDisplayPartialCount\"}" => HTTP 404 (18 bytes)
[PegaHttpClient] 📡 POST https://zdk8budo.pegaacademy.net/prweb/PRRestService/v1/rules/query?pxObjClass=Rule-HTML-Section&appliesTo=Rule-Template-Excel&pyRuleName=pzDisplayPartialCount&RequestClass=Rule-HTML-Section&RequestAppliesTo=Rule-Template-Excel&RequestRuleName=pzDisplayPartialCount Payload: "{\"RequestClass\":\"Rule-HTML-Section\",\"RequestAppliesTo\":\"Rule-Template-Excel\",\"RequestRuleName\":\"pzDisplayPartialCount\"}" => HTTP 404 (18 bytes)
[SchemaGen] ✅ Schema written for Rule-Template-Excel
[PegaHttpClient] 📡 GET https://zdk8budo.pegaacademy.net/prweb/api/CodeIntelligence/v1/rules/RULE-HTML-HARNESS%20RULE-PORTALSKIN%20RULEFORM%20%2320180713T135125.268%20GMT => HTTP 200 (58618 bytes)
[PegaHttpClient] 📡 POST https://zdk8budo.pegaacademy.net/prweb/api/CodeIntelligence/v1/rules/query?pxObjClass=Rule-HTML-Section&appliesTo=Rule-PortalSkin&pyRuleName=RuleFormMain&RequestClass=Rule-HTML-Section&RequestAppliesTo=Rule-PortalSkin&RequestRuleName=RuleFormMain Payload: "{\"RequestClass\":\"Rule-HTML-Section\",\"RequestAppliesTo\":\"Rule-PortalSkin\",\"RequestRuleName\":\"RuleFormMain\"}" => HTTP 200 (156234 bytes)
[PegaHttpClient] 📡 POST https://zdk8budo.pegaacademy.net/prweb/api/CodeIntelligence/v1/rules/query?pxObjClass=Rule-HTML-Section&appliesTo=Rule-PortalSkin&pyRuleName=pxAlternateRuleForm&RequestClass=Rule-HTML-Section&RequestAppliesTo=Rule-PortalSkin&RequestRuleName=pxAlternateRuleForm Payload: "{\"RequestClass\":\"Rule-HTML-Section\",\"RequestAppliesTo\":\"Rule-PortalSkin\",\"RequestRuleName\":\"pxAlternateRuleForm\"}" => HTTP 200 (66153 bytes)
[PegaHttpClient] 📡 POST https://zdk8budo.pegaacademy.net/prweb/api/CodeIntelligence/v1/rules/query?pxObjClass=Rule-HTML-Section&appliesTo=Rule-PortalSkin&pyRuleName=pzRuleFormScripts&RequestClass=Rule-HTML-Section&RequestAppliesTo=Rule-PortalSkin&RequestRuleName=pzRuleFormScripts Payload: "{\"RequestClass\":\"Rule-HTML-Section\",\"RequestAppliesTo\":\"Rule-PortalSkin\",\"RequestRuleName\":\"pzRuleFormScripts\"}" => HTTP 200 (40822 bytes)
[PegaHttpClient] 📡 POST https://zdk8budo.pegaacademy.net/prweb/api/CodeIntelligence/v1/rules/query?pxObjClass=Rule-HTML-Section&appliesTo=Rule-PortalSkin&pyRuleName=pzRuleFormLayoutDelegated&RequestClass=Rule-HTML-Section&RequestAppliesTo=Rule-PortalSkin&RequestRuleName=pzRuleFormLayoutDelegated Payload: "{\"RequestClass\":\"Rule-HTML-Section\",\"RequestAppliesTo\":\"Rule-PortalSkin\",\"RequestRuleName\":\"pzRuleFormLayoutDelegated\"}" => HTTP 200 (70998 bytes)
[PegaHttpClient] 📡 POST https://zdk8budo.pegaacademy.net/prweb/api/CodeIntelligence/v1/rules/query?pxObjClass=Rule-HTML-Section&appliesTo=Rule-PortalSkin&pyRuleName=RuleFormLayout&RequestClass=Rule-HTML-Section&RequestAppliesTo=Rule-PortalSkin&RequestRuleName=RuleFormLayout Payload: "{\"RequestClass\":\"Rule-HTML-Section\",\"RequestAppliesTo\":\"Rule-PortalSkin\",\"RequestRuleName\":\"RuleFormLayout\"}" => HTTP 200 (156877 bytes)
[PegaHttpClient] 📡 POST https://zdk8budo.pegaacademy.net/prweb/api/CodeIntelligence/v1/rules/query?pxObjClass=Rule-HTML-Section&appliesTo=Rule-PortalSkin&pyRuleName=RuleFormSettings&RequestClass=Rule-HTML-Section&RequestAppliesTo=Rule-PortalSkin&RequestRuleName=RuleFormSettings Payload: "{\"RequestClass\":\"Rule-HTML-Section\",\"RequestAppliesTo\":\"Rule-PortalSkin\",\"RequestRuleName\":\"RuleFormSettings\"}" => HTTP 200 (20540 bytes)
[PegaHttpClient] 📡 POST https://zdk8budo.pegaacademy.net/prweb/api/CodeIntelligence/v1/rules/query?pxObjClass=Rule-HTML-Section&appliesTo=Rule-PortalSkin&pyRuleName=OpenAuthoring&RequestClass=Rule-HTML-Section&RequestAppliesTo=Rule-PortalSkin&RequestRuleName=OpenAuthoring Payload: "{\"RequestClass\":\"Rule-HTML-Section\",\"RequestAppliesTo\":\"Rule-PortalSkin\",\"RequestRuleName\":\"OpenAuthoring\"}" => HTTP 200 (23695 bytes)
[PegaHttpClient] 📡 POST https://zdk8budo.pegaacademy.net/prweb/api/CodeIntelligence/v1/rules/query?pxObjClass=Rule-HTML-Section&appliesTo=Rule-PortalSkin&pyRuleName=pyCustomHelp&RequestClass=Rule-HTML-Section&RequestAppliesTo=Rule-PortalSkin&RequestRuleName=pyCustomHelp Payload: "{\"RequestClass\":\"Rule-HTML-Section\",\"RequestAppliesTo\":\"Rule-PortalSkin\",\"RequestRuleName\":\"pyCustomHelp\"}" => HTTP 200 (17256 bytes)
[PegaHttpClient] 📡 POST https://zdk8budo.pegaacademy.net/prweb/api/CodeIntelligence/v1/rules/query?pxObjClass=Rule-HTML-Section&appliesTo=Rule-PortalSkin&pyRuleName=pzRuleformMainInclude&RequestClass=Rule-HTML-Section&RequestAppliesTo=Rule-PortalSkin&RequestRuleName=pzRuleformMainInclude Payload: "{\"RequestClass\":\"Rule-HTML-Section\",\"RequestAppliesTo\":\"Rule-PortalSkin\",\"RequestRuleName\":\"pzRuleformMainInclude\"}" => HTTP 200 (22375 bytes)
[PegaHttpClient] 📡 POST https://zdk8budo.pegaacademy.net/prweb/api/CodeIntelligence/v1/rules/query?pxObjClass=Rule-HTML-Section&appliesTo=Rule-PortalSkin&pyRuleName=pyAlternativeRuleFormStrategicAppExtension&RequestClass=Rule-HTML-Section&RequestAppliesTo=Rule-PortalSkin&RequestRuleName=pyAlternativeRuleFormStrategicAppExtension Payload: "{\"RequestClass\":\"Rule-HTML-Section\",\"RequestAppliesTo\":\"Rule-PortalSkin\",\"RequestRuleName\":\"pyAlternativeRuleFormStrategicAppExtension\"}" => HTTP 200 (25042 bytes)
[PegaHttpClient] 📡 POST https://zdk8budo.pegaacademy.net/prweb/api/CodeIntelligence/v1/rules/query?pxObjClass=Rule-HTML-Section&appliesTo=Rule-PortalSkin&pyRuleName=pyAlternativeRuleFormExtension&RequestClass=Rule-HTML-Section&RequestAppliesTo=Rule-PortalSkin&RequestRuleName=pyAlternativeRuleFormExtension Payload: "{\"RequestClass\":\"Rule-HTML-Section\",\"RequestAppliesTo\":\"Rule-PortalSkin\",\"RequestRuleName\":\"pyAlternativeRuleFormExtension\"}" => HTTP 200 (24863 bytes)
[PegaHttpClient] 📡 POST https://zdk8budo.pegaacademy.net/prweb/api/CodeIntelligence/v1/rules/query?pxObjClass=Rule-HTML-Section&appliesTo=Rule-PortalSkin&pyRuleName=RuleFormHeader&RequestClass=Rule-HTML-Section&RequestAppliesTo=Rule-PortalSkin&RequestRuleName=RuleFormHeader Payload: "{\"RequestClass\":\"Rule-HTML-Section\",\"RequestAppliesTo\":\"Rule-PortalSkin\",\"RequestRuleName\":\"RuleFormHeader\"}" => HTTP 200 (183800 bytes)
[PegaHttpClient] 📡 POST https://zdk8budo.pegaacademy.net/prweb/api/CodeIntelligence/v1/rules/query?pxObjClass=Rule-HTML-Section&appliesTo=Rule-PortalSkin&pyRuleName=pzDelegationExperience&RequestClass=Rule-HTML-Section&RequestAppliesTo=Rule-PortalSkin&RequestRuleName=pzDelegationExperience Payload: "{\"RequestClass\":\"Rule-HTML-Section\",\"RequestAppliesTo\":\"Rule-PortalSkin\",\"RequestRuleName\":\"pzDelegationExperience\"}" => HTTP 404 (115 bytes)
[PegaHttpClient] 📡 POST https://zdk8budo.pegaacademy.net/prweb/PRRestService/CodeIntelligence/v1/rules/query?pxObjClass=Rule-HTML-Section&appliesTo=Rule-PortalSkin&pyRuleName=pzDelegationExperience&RequestClass=Rule-HTML-Section&RequestAppliesTo=Rule-PortalSkin&RequestRuleName=pzDelegationExperience Payload: "{\"RequestClass\":\"Rule-HTML-Section\",\"RequestAppliesTo\":\"Rule-PortalSkin\",\"RequestRuleName\":\"pzDelegationExperience\"}" => HTTP 404 (115 bytes)
[PegaHttpClient] 📡 POST https://zdk8budo.pegaacademy.net/prweb/api/HRAppsV2Service/V1/rules/query?pxObjClass=Rule-HTML-Section&appliesTo=Rule-PortalSkin&pyRuleName=pzDelegationExperience&RequestClass=Rule-HTML-Section&RequestAppliesTo=Rule-PortalSkin&RequestRuleName=pzDelegationExperience Payload: "{\"RequestClass\":\"Rule-HTML-Section\",\"RequestAppliesTo\":\"Rule-PortalSkin\",\"RequestRuleName\":\"pzDelegationExperience\"}" => HTTP 404 (18 bytes)
[PegaHttpClient] 📡 POST https://zdk8budo.pegaacademy.net/prweb/PRRestService/HRAppsV2Service/V1/rules/query?pxObjClass=Rule-HTML-Section&appliesTo=Rule-PortalSkin&pyRuleName=pzDelegationExperience&RequestClass=Rule-HTML-Section&RequestAppliesTo=Rule-PortalSkin&RequestRuleName=pzDelegationExperience Payload: "{\"RequestClass\":\"Rule-HTML-Section\",\"RequestAppliesTo\":\"Rule-PortalSkin\",\"RequestRuleName\":\"pzDelegationExperience\"}" => HTTP 404 (18 bytes)
[PegaHttpClient] 📡 POST https://zdk8budo.pegaacademy.net/prweb/api/HRAppsV2/V1/rules/query?pxObjClass=Rule-HTML-Section&appliesTo=Rule-PortalSkin&pyRuleName=pzDelegationExperience&RequestClass=Rule-HTML-Section&RequestAppliesTo=Rule-PortalSkin&RequestRuleName=pzDelegationExperience Payload: "{\"RequestClass\":\"Rule-HTML-Section\",\"RequestAppliesTo\":\"Rule-PortalSkin\",\"RequestRuleName\":\"pzDelegationExperience\"}" => HTTP 404 (18 bytes)
[PegaHttpClient] 📡 POST https://zdk8budo.pegaacademy.net/prweb/PRRestService/HRAppsV2/V1/rules/query?pxObjClass=Rule-HTML-Section&appliesTo=Rule-PortalSkin&pyRuleName=pzDelegationExperience&RequestClass=Rule-HTML-Section&RequestAppliesTo=Rule-PortalSkin&RequestRuleName=pzDelegationExperience Payload: "{\"RequestClass\":\"Rule-HTML-Section\",\"RequestAppliesTo\":\"Rule-PortalSkin\",\"RequestRuleName\":\"pzDelegationExperience\"}" => HTTP 404 (18 bytes)
[PegaHttpClient] 📡 POST https://zdk8budo.pegaacademy.net/prweb/api/v1/rules/query?pxObjClass=Rule-HTML-Section&appliesTo=Rule-PortalSkin&pyRuleName=pzDelegationExperience&RequestClass=Rule-HTML-Section&RequestAppliesTo=Rule-PortalSkin&RequestRuleName=pzDelegationExperience Payload: "{\"RequestClass\":\"Rule-HTML-Section\",\"RequestAppliesTo\":\"Rule-PortalSkin\",\"RequestRuleName\":\"pzDelegationExperience\"}" => HTTP 404 (18 bytes)
[PegaHttpClient] 📡 POST https://zdk8budo.pegaacademy.net/prweb/PRRestService/v1/rules/query?pxObjClass=Rule-HTML-Section&appliesTo=Rule-PortalSkin&pyRuleName=pzDelegationExperience&RequestClass=Rule-HTML-Section&RequestAppliesTo=Rule-PortalSkin&RequestRuleName=pzDelegationExperience Payload: "{\"RequestClass\":\"Rule-HTML-Section\",\"RequestAppliesTo\":\"Rule-PortalSkin\",\"RequestRuleName\":\"pzDelegationExperience\"}" => HTTP 404 (18 bytes)
[PegaHttpClient] 📡 POST https://zdk8budo.pegaacademy.net/prweb/api/CodeIntelligence/v1/rules/query?pxObjClass=Rule-HTML-Section&appliesTo=Rule-PortalSkin&pyRuleName=pzStyleTab&RequestClass=Rule-HTML-Section&RequestAppliesTo=Rule-PortalSkin&RequestRuleName=pzStyleTab Payload: "{\"RequestClass\":\"Rule-HTML-Section\",\"RequestAppliesTo\":\"Rule-PortalSkin\",\"RequestRuleName\":\"pzStyleTab\"}" => HTTP 200 (87069 bytes)
[PegaHttpClient] 📡 POST https://zdk8budo.pegaacademy.net/prweb/api/CodeIntelligence/v1/rules/query?pxObjClass=Rule-HTML-Section&appliesTo=Rule-PortalSkin&pyRuleName=pzPresetsTab&RequestClass=Rule-HTML-Section&RequestAppliesTo=Rule-PortalSkin&RequestRuleName=pzPresetsTab Payload: "{\"RequestClass\":\"Rule-HTML-Section\",\"RequestAppliesTo\":\"Rule-PortalSkin\",\"RequestRuleName\":\"pzPresetsTab\"}" => HTTP 200 (32687 bytes)
[PegaHttpClient] 📡 POST https://zdk8budo.pegaacademy.net/prweb/api/CodeIntelligence/v1/rules/query?pxObjClass=Rule-HTML-Section&appliesTo=Rule-PortalSkin&pyRuleName=pzBaseTab&RequestClass=Rule-HTML-Section&RequestAppliesTo=Rule-PortalSkin&RequestRuleName=pzBaseTab Payload: "{\"RequestClass\":\"Rule-HTML-Section\",\"RequestAppliesTo\":\"Rule-PortalSkin\",\"RequestRuleName\":\"pzBaseTab\"}" => HTTP 200 (45312 bytes)
[PegaHttpClient] 📡 POST https://zdk8budo.pegaacademy.net/prweb/api/CodeIntelligence/v1/rules/query?pxObjClass=Rule-HTML-Section&appliesTo=Rule-PortalSkin&pyRuleName=pzCSSTab&RequestClass=Rule-HTML-Section&RequestAppliesTo=Rule-PortalSkin&RequestRuleName=pzCSSTab Payload: "{\"RequestClass\":\"Rule-HTML-Section\",\"RequestAppliesTo\":\"Rule-PortalSkin\",\"RequestRuleName\":\"pzCSSTab\"}" => HTTP 200 (117785 bytes)
[PegaHttpClient] 📡 POST https://zdk8budo.pegaacademy.net/prweb/api/CodeIntelligence/v1/rules/query?pxObjClass=Rule-HTML-Section&appliesTo=Rule-PortalSkin&pyRuleName=pzSkinInheritanceTab&RequestClass=Rule-HTML-Section&RequestAppliesTo=Rule-PortalSkin&RequestRuleName=pzSkinInheritanceTab Payload: "{\"RequestClass\":\"Rule-HTML-Section\",\"RequestAppliesTo\":\"Rule-PortalSkin\",\"RequestRuleName\":\"pzSkinInheritanceTab\"}" => HTTP 200 (143896 bytes)
[PegaHttpClient] 📡 POST https://zdk8budo.pegaacademy.net/prweb/api/CodeIntelligence/v1/rules/query?pxObjClass=Rule-HTML-Section&appliesTo=Rule-PortalSkin&pyRuleName=pzSpecifications&RequestClass=Rule-HTML-Section&RequestAppliesTo=Rule-PortalSkin&RequestRuleName=pzSpecifications Payload: "{\"RequestClass\":\"Rule-HTML-Section\",\"RequestAppliesTo\":\"Rule-PortalSkin\",\"RequestRuleName\":\"pzSpecifications\"}" => HTTP 200 (16577 bytes)
[PegaHttpClient] 📡 POST https://zdk8budo.pegaacademy.net/prweb/api/CodeIntelligence/v1/rules/query?pxObjClass=Rule-HTML-Section&appliesTo=Rule-PortalSkin&pyRuleName=RuleFormHistory&RequestClass=Rule-HTML-Section&RequestAppliesTo=Rule-PortalSkin&RequestRuleName=RuleFormHistory Payload: "{\"RequestClass\":\"Rule-HTML-Section\",\"RequestAppliesTo\":\"Rule-PortalSkin\",\"RequestRuleName\":\"RuleFormHistory\"}" => HTTP 200 (76091 bytes)
[PegaHttpClient] 📡 POST https://zdk8budo.pegaacademy.net/prweb/api/CodeIntelligence/v1/rules/query?pxObjClass=Rule-HTML-Section&appliesTo=Rule-PortalSkin&pyRuleName=pzCustomHelp&RequestClass=Rule-HTML-Section&RequestAppliesTo=Rule-PortalSkin&RequestRuleName=pzCustomHelp Payload: "{\"RequestClass\":\"Rule-HTML-Section\",\"RequestAppliesTo\":\"Rule-PortalSkin\",\"RequestRuleName\":\"pzCustomHelp\"}" => HTTP 200 (31573 bytes)
[PegaHttpClient] 📡 POST https://zdk8budo.pegaacademy.net/prweb/api/CodeIntelligence/v1/rules/query?pxObjClass=Rule-HTML-Section&appliesTo=Rule-PortalSkin&pyRuleName=pzRuleFormKeysAndDescription&RequestClass=Rule-HTML-Section&RequestAppliesTo=Rule-PortalSkin&RequestRuleName=pzRuleFormKeysAndDescription Payload: "{\"RequestClass\":\"Rule-HTML-Section\",\"RequestAppliesTo\":\"Rule-PortalSkin\",\"RequestRuleName\":\"pzRuleFormKeysAndDescription\"}" => HTTP 200 (218057 bytes)
[PegaHttpClient] 📡 POST https://zdk8budo.pegaacademy.net/prweb/api/CodeIntelligence/v1/rules/query?pxObjClass=Rule-HTML-Section&appliesTo=Rule-PortalSkin&pyRuleName=pzRuleFormRuleset&RequestClass=Rule-HTML-Section&RequestAppliesTo=Rule-PortalSkin&RequestRuleName=pzRuleFormRuleset Payload: "{\"RequestClass\":\"Rule-HTML-Section\",\"RequestAppliesTo\":\"Rule-PortalSkin\",\"RequestRuleName\":\"pzRuleFormRuleset\"}" => HTTP 200 (33985 bytes)
[PegaHttpClient] 📡 POST https://zdk8budo.pegaacademy.net/prweb/api/CodeIntelligence/v1/rules/query?pxObjClass=Rule-HTML-Section&appliesTo=Rule-PortalSkin&pyRuleName=undefined&RequestClass=Rule-HTML-Section&RequestAppliesTo=Rule-PortalSkin&RequestRuleName=undefined Payload: "{\"RequestClass\":\"Rule-HTML-Section\",\"RequestAppliesTo\":\"Rule-PortalSkin\",\"RequestRuleName\":\"undefined\"}" => HTTP 404 (102 bytes)
[PegaHttpClient] 📡 POST https://zdk8budo.pegaacademy.net/prweb/PRRestService/CodeIntelligence/v1/rules/query?pxObjClass=Rule-HTML-Section&appliesTo=Rule-PortalSkin&pyRuleName=undefined&RequestClass=Rule-HTML-Section&RequestAppliesTo=Rule-PortalSkin&RequestRuleName=undefined Payload: "{\"RequestClass\":\"Rule-HTML-Section\",\"RequestAppliesTo\":\"Rule-PortalSkin\",\"RequestRuleName\":\"undefined\"}" => HTTP 404 (102 bytes)
[PegaHttpClient] 📡 POST https://zdk8budo.pegaacademy.net/prweb/api/HRAppsV2Service/V1/rules/query?pxObjClass=Rule-HTML-Section&appliesTo=Rule-PortalSkin&pyRuleName=undefined&RequestClass=Rule-HTML-Section&RequestAppliesTo=Rule-PortalSkin&RequestRuleName=undefined Payload: "{\"RequestClass\":\"Rule-HTML-Section\",\"RequestAppliesTo\":\"Rule-PortalSkin\",\"RequestRuleName\":\"undefined\"}" => HTTP 404 (18 bytes)
[PegaHttpClient] 📡 POST https://zdk8budo.pegaacademy.net/prweb/PRRestService/HRAppsV2Service/V1/rules/query?pxObjClass=Rule-HTML-Section&appliesTo=Rule-PortalSkin&pyRuleName=undefined&RequestClass=Rule-HTML-Section&RequestAppliesTo=Rule-PortalSkin&RequestRuleName=undefined Payload: "{\"RequestClass\":\"Rule-HTML-Section\",\"RequestAppliesTo\":\"Rule-PortalSkin\",\"RequestRuleName\":\"undefined\"}" => HTTP 404 (18 bytes)
[PegaHttpClient] 📡 POST https://zdk8budo.pegaacademy.net/prweb/api/HRAppsV2/V1/rules/query?pxObjClass=Rule-HTML-Section&appliesTo=Rule-PortalSkin&pyRuleName=undefined&RequestClass=Rule-HTML-Section&RequestAppliesTo=Rule-PortalSkin&RequestRuleName=undefined Payload: "{\"RequestClass\":\"Rule-HTML-Section\",\"RequestAppliesTo\":\"Rule-PortalSkin\",\"RequestRuleName\":\"undefined\"}" => HTTP 404 (18 bytes)
[PegaHttpClient] 📡 POST https://zdk8budo.pegaacademy.net/prweb/PRRestService/HRAppsV2/V1/rules/query?pxObjClass=Rule-HTML-Section&appliesTo=Rule-PortalSkin&pyRuleName=undefined&RequestClass=Rule-HTML-Section&RequestAppliesTo=Rule-PortalSkin&RequestRuleName=undefined Payload: "{\"RequestClass\":\"Rule-HTML-Section\",\"RequestAppliesTo\":\"Rule-PortalSkin\",\"RequestRuleName\":\"undefined\"}" => HTTP 404 (18 bytes)
[PegaHttpClient] 📡 POST https://zdk8budo.pegaacademy.net/prweb/api/v1/rules/query?pxObjClass=Rule-HTML-Section&appliesTo=Rule-PortalSkin&pyRuleName=undefined&RequestClass=Rule-HTML-Section&RequestAppliesTo=Rule-PortalSkin&RequestRuleName=undefined Payload: "{\"RequestClass\":\"Rule-HTML-Section\",\"RequestAppliesTo\":\"Rule-PortalSkin\",\"RequestRuleName\":\"undefined\"}" => HTTP 404 (18 bytes)
[PegaHttpClient] 📡 POST https://zdk8budo.pegaacademy.net/prweb/PRRestService/v1/rules/query?pxObjClass=Rule-HTML-Section&appliesTo=Rule-PortalSkin&pyRuleName=undefined&RequestClass=Rule-HTML-Section&RequestAppliesTo=Rule-PortalSkin&RequestRuleName=undefined Payload: "{\"RequestClass\":\"Rule-HTML-Section\",\"RequestAppliesTo\":\"Rule-PortalSkin\",\"RequestRuleName\":\"undefined\"}" => HTTP 404 (18 bytes)
[PegaHttpClient] 📡 POST https://zdk8budo.pegaacademy.net/prweb/api/CodeIntelligence/v1/rules/query?pxObjClass=Rule-HTML-Section&appliesTo=Rule-PortalSkin&pyRuleName=pzRuleFormToolbar&RequestClass=Rule-HTML-Section&RequestAppliesTo=Rule-PortalSkin&RequestRuleName=pzRuleFormToolbar Payload: "{\"RequestClass\":\"Rule-HTML-Section\",\"RequestAppliesTo\":\"Rule-PortalSkin\",\"RequestRuleName\":\"pzRuleFormToolbar\"}" => HTTP 200 (242691 bytes)
[PegaHttpClient] 📡 POST https://zdk8budo.pegaacademy.net/prweb/api/CodeIntelligence/v1/rules/query?pxObjClass=Rule-HTML-Section&appliesTo=Rule-PortalSkin&pyRuleName=pzRuleFormToolbarCompare&RequestClass=Rule-HTML-Section&RequestAppliesTo=Rule-PortalSkin&RequestRuleName=pzRuleFormToolbarCompare Payload: "{\"RequestClass\":\"Rule-HTML-Section\",\"RequestAppliesTo\":\"Rule-PortalSkin\",\"RequestRuleName\":\"pzRuleFormToolbarCompare\"}" => HTTP 200 (61925 bytes)
[PegaHttpClient] 📡 POST https://zdk8budo.pegaacademy.net/prweb/api/CodeIntelligence/v1/rules/query?pxObjClass=Rule-HTML-Section&appliesTo=Rule-PortalSkin&pyRuleName=RuleFormHeaderMessages&RequestClass=Rule-HTML-Section&RequestAppliesTo=Rule-PortalSkin&RequestRuleName=RuleFormHeaderMessages Payload: "{\"RequestClass\":\"Rule-HTML-Section\",\"RequestAppliesTo\":\"Rule-PortalSkin\",\"RequestRuleName\":\"RuleFormHeaderMessages\"}" => HTTP 200 (26518 bytes)
[PegaHttpClient] 📡 POST https://zdk8budo.pegaacademy.net/prweb/api/CodeIntelligence/v1/rules/query?pxObjClass=Rule-HTML-Section&appliesTo=Rule-PortalSkin&pyRuleName=pzElementListSub&RequestClass=Rule-HTML-Section&RequestAppliesTo=Rule-PortalSkin&RequestRuleName=pzElementListSub Payload: "{\"RequestClass\":\"Rule-HTML-Section\",\"RequestAppliesTo\":\"Rule-PortalSkin\",\"RequestRuleName\":\"pzElementListSub\"}" => HTTP 404 (109 bytes)
[PegaHttpClient] 📡 POST https://zdk8budo.pegaacademy.net/prweb/PRRestService/CodeIntelligence/v1/rules/query?pxObjClass=Rule-HTML-Section&appliesTo=Rule-PortalSkin&pyRuleName=pzElementListSub&RequestClass=Rule-HTML-Section&RequestAppliesTo=Rule-PortalSkin&RequestRuleName=pzElementListSub Payload: "{\"RequestClass\":\"Rule-HTML-Section\",\"RequestAppliesTo\":\"Rule-PortalSkin\",\"RequestRuleName\":\"pzElementListSub\"}" => HTTP 404 (109 bytes)
[PegaHttpClient] 📡 POST https://zdk8budo.pegaacademy.net/prweb/api/HRAppsV2Service/V1/rules/query?pxObjClass=Rule-HTML-Section&appliesTo=Rule-PortalSkin&pyRuleName=pzElementListSub&RequestClass=Rule-HTML-Section&RequestAppliesTo=Rule-PortalSkin&RequestRuleName=pzElementListSub Payload: "{\"RequestClass\":\"Rule-HTML-Section\",\"RequestAppliesTo\":\"Rule-PortalSkin\",\"RequestRuleName\":\"pzElementListSub\"}" => HTTP 404 (18 bytes)
[PegaHttpClient] 📡 POST https://zdk8budo.pegaacademy.net/prweb/PRRestService/HRAppsV2Service/V1/rules/query?pxObjClass=Rule-HTML-Section&appliesTo=Rule-PortalSkin&pyRuleName=pzElementListSub&RequestClass=Rule-HTML-Section&RequestAppliesTo=Rule-PortalSkin&RequestRuleName=pzElementListSub Payload: "{\"RequestClass\":\"Rule-HTML-Section\",\"RequestAppliesTo\":\"Rule-PortalSkin\",\"RequestRuleName\":\"pzElementListSub\"}" => HTTP 404 (18 bytes)
[PegaHttpClient] 📡 POST https://zdk8budo.pegaacademy.net/prweb/api/HRAppsV2/V1/rules/query?pxObjClass=Rule-HTML-Section&appliesTo=Rule-PortalSkin&pyRuleName=pzElementListSub&RequestClass=Rule-HTML-Section&RequestAppliesTo=Rule-PortalSkin&RequestRuleName=pzElementListSub Payload: "{\"RequestClass\":\"Rule-HTML-Section\",\"RequestAppliesTo\":\"Rule-PortalSkin\",\"RequestRuleName\":\"pzElementListSub\"}" => HTTP 404 (18 bytes)
[PegaHttpClient] 📡 POST https://zdk8budo.pegaacademy.net/prweb/PRRestService/HRAppsV2/V1/rules/query?pxObjClass=Rule-HTML-Section&appliesTo=Rule-PortalSkin&pyRuleName=pzElementListSub&RequestClass=Rule-HTML-Section&RequestAppliesTo=Rule-PortalSkin&RequestRuleName=pzElementListSub Payload: "{\"RequestClass\":\"Rule-HTML-Section\",\"RequestAppliesTo\":\"Rule-PortalSkin\",\"RequestRuleName\":\"pzElementListSub\"}" => HTTP 404 (18 bytes)
[PegaHttpClient] 📡 POST https://zdk8budo.pegaacademy.net/prweb/api/v1/rules/query?pxObjClass=Rule-HTML-Section&appliesTo=Rule-PortalSkin&pyRuleName=pzElementListSub&RequestClass=Rule-HTML-Section&RequestAppliesTo=Rule-PortalSkin&RequestRuleName=pzElementListSub Payload: "{\"RequestClass\":\"Rule-HTML-Section\",\"RequestAppliesTo\":\"Rule-PortalSkin\",\"RequestRuleName\":\"pzElementListSub\"}" => HTTP 404 (18 bytes)
[PegaHttpClient] 📡 POST https://zdk8budo.pegaacademy.net/prweb/PRRestService/v1/rules/query?pxObjClass=Rule-HTML-Section&appliesTo=Rule-PortalSkin&pyRuleName=pzElementListSub&RequestClass=Rule-HTML-Section&RequestAppliesTo=Rule-PortalSkin&RequestRuleName=pzElementListSub Payload: "{\"RequestClass\":\"Rule-HTML-Section\",\"RequestAppliesTo\":\"Rule-PortalSkin\",\"RequestRuleName\":\"pzElementListSub\"}" => HTTP 404 (18 bytes)
[PegaHttpClient] 📡 POST https://zdk8budo.pegaacademy.net/prweb/api/CodeIntelligence/v1/rules/query?pxObjClass=Rule-HTML-Section&appliesTo=Rule-PortalSkin&pyRuleName=pyElementDetailsWrapper&RequestClass=Rule-HTML-Section&RequestAppliesTo=Rule-PortalSkin&RequestRuleName=pyElementDetailsWrapper Payload: "{\"RequestClass\":\"Rule-HTML-Section\",\"RequestAppliesTo\":\"Rule-PortalSkin\",\"RequestRuleName\":\"pyElementDetailsWrapper\"}" => HTTP 404 (116 bytes)
[PegaHttpClient] 📡 POST https://zdk8budo.pegaacademy.net/prweb/PRRestService/CodeIntelligence/v1/rules/query?pxObjClass=Rule-HTML-Section&appliesTo=Rule-PortalSkin&pyRuleName=pyElementDetailsWrapper&RequestClass=Rule-HTML-Section&RequestAppliesTo=Rule-PortalSkin&RequestRuleName=pyElementDetailsWrapper Payload: "{\"RequestClass\":\"Rule-HTML-Section\",\"RequestAppliesTo\":\"Rule-PortalSkin\",\"RequestRuleName\":\"pyElementDetailsWrapper\"}" => HTTP 404 (116 bytes)
[PegaHttpClient] 📡 POST https://zdk8budo.pegaacademy.net/prweb/api/HRAppsV2Service/V1/rules/query?pxObjClass=Rule-HTML-Section&appliesTo=Rule-PortalSkin&pyRuleName=pyElementDetailsWrapper&RequestClass=Rule-HTML-Section&RequestAppliesTo=Rule-PortalSkin&RequestRuleName=pyElementDetailsWrapper Payload: "{\"RequestClass\":\"Rule-HTML-Section\",\"RequestAppliesTo\":\"Rule-PortalSkin\",\"RequestRuleName\":\"pyElementDetailsWrapper\"}" => HTTP 404 (18 bytes)
[PegaHttpClient] 📡 POST https://zdk8budo.pegaacademy.net/prweb/PRRestService/HRAppsV2Service/V1/rules/query?pxObjClass=Rule-HTML-Section&appliesTo=Rule-PortalSkin&pyRuleName=pyElementDetailsWrapper&RequestClass=Rule-HTML-Section&RequestAppliesTo=Rule-PortalSkin&RequestRuleName=pyElementDetailsWrapper Payload: "{\"RequestClass\":\"Rule-HTML-Section\",\"RequestAppliesTo\":\"Rule-PortalSkin\",\"RequestRuleName\":\"pyElementDetailsWrapper\"}" => HTTP 404 (18 bytes)
[PegaHttpClient] 📡 POST https://zdk8budo.pegaacademy.net/prweb/api/HRAppsV2/V1/rules/query?pxObjClass=Rule-HTML-Section&appliesTo=Rule-PortalSkin&pyRuleName=pyElementDetailsWrapper&RequestClass=Rule-HTML-Section&RequestAppliesTo=Rule-PortalSkin&RequestRuleName=pyElementDetailsWrapper Payload: "{\"RequestClass\":\"Rule-HTML-Section\",\"RequestAppliesTo\":\"Rule-PortalSkin\",\"RequestRuleName\":\"pyElementDetailsWrapper\"}" => HTTP 404 (18 bytes)
[PegaHttpClient] 📡 POST https://zdk8budo.pegaacademy.net/prweb/PRRestService/HRAppsV2/V1/rules/query?pxObjClass=Rule-HTML-Section&appliesTo=Rule-PortalSkin&pyRuleName=pyElementDetailsWrapper&RequestClass=Rule-HTML-Section&RequestAppliesTo=Rule-PortalSkin&RequestRuleName=pyElementDetailsWrapper Payload: "{\"RequestClass\":\"Rule-HTML-Section\",\"RequestAppliesTo\":\"Rule-PortalSkin\",\"RequestRuleName\":\"pyElementDetailsWrapper\"}" => HTTP 404 (18 bytes)
[PegaHttpClient] 📡 POST https://zdk8budo.pegaacademy.net/prweb/api/v1/rules/query?pxObjClass=Rule-HTML-Section&appliesTo=Rule-PortalSkin&pyRuleName=pyElementDetailsWrapper&RequestClass=Rule-HTML-Section&RequestAppliesTo=Rule-PortalSkin&RequestRuleName=pyElementDetailsWrapper Payload: "{\"RequestClass\":\"Rule-HTML-Section\",\"RequestAppliesTo\":\"Rule-PortalSkin\",\"RequestRuleName\":\"pyElementDetailsWrapper\"}" => HTTP 404 (18 bytes)
[PegaHttpClient] 📡 POST https://zdk8budo.pegaacademy.net/prweb/PRRestService/v1/rules/query?pxObjClass=Rule-HTML-Section&appliesTo=Rule-PortalSkin&pyRuleName=pyElementDetailsWrapper&RequestClass=Rule-HTML-Section&RequestAppliesTo=Rule-PortalSkin&RequestRuleName=pyElementDetailsWrapper Payload: "{\"RequestClass\":\"Rule-HTML-Section\",\"RequestAppliesTo\":\"Rule-PortalSkin\",\"RequestRuleName\":\"pyElementDetailsWrapper\"}" => HTTP 404 (18 bytes)
[PegaHttpClient] 📡 POST https://zdk8budo.pegaacademy.net/prweb/api/CodeIntelligence/v1/rules/query?pxObjClass=Rule-HTML-Section&appliesTo=Rule-PortalSkin&pyRuleName=pzThemeFontOverall&RequestClass=Rule-HTML-Section&RequestAppliesTo=Rule-PortalSkin&RequestRuleName=pzThemeFontOverall Payload: "{\"RequestClass\":\"Rule-HTML-Section\",\"RequestAppliesTo\":\"Rule-PortalSkin\",\"RequestRuleName\":\"pzThemeFontOverall\"}" => HTTP 404 (111 bytes)
[PegaHttpClient] 📡 POST https://zdk8budo.pegaacademy.net/prweb/PRRestService/CodeIntelligence/v1/rules/query?pxObjClass=Rule-HTML-Section&appliesTo=Rule-PortalSkin&pyRuleName=pzThemeFontOverall&RequestClass=Rule-HTML-Section&RequestAppliesTo=Rule-PortalSkin&RequestRuleName=pzThemeFontOverall Payload: "{\"RequestClass\":\"Rule-HTML-Section\",\"RequestAppliesTo\":\"Rule-PortalSkin\",\"RequestRuleName\":\"pzThemeFontOverall\"}" => HTTP 404 (111 bytes)
[PegaHttpClient] 📡 POST https://zdk8budo.pegaacademy.net/prweb/api/HRAppsV2Service/V1/rules/query?pxObjClass=Rule-HTML-Section&appliesTo=Rule-PortalSkin&pyRuleName=pzThemeFontOverall&RequestClass=Rule-HTML-Section&RequestAppliesTo=Rule-PortalSkin&RequestRuleName=pzThemeFontOverall Payload: "{\"RequestClass\":\"Rule-HTML-Section\",\"RequestAppliesTo\":\"Rule-PortalSkin\",\"RequestRuleName\":\"pzThemeFontOverall\"}" => HTTP 404 (18 bytes)
[PegaHttpClient] 📡 POST https://zdk8budo.pegaacademy.net/prweb/PRRestService/HRAppsV2Service/V1/rules/query?pxObjClass=Rule-HTML-Section&appliesTo=Rule-PortalSkin&pyRuleName=pzThemeFontOverall&RequestClass=Rule-HTML-Section&RequestAppliesTo=Rule-PortalSkin&RequestRuleName=pzThemeFontOverall Payload: "{\"RequestClass\":\"Rule-HTML-Section\",\"RequestAppliesTo\":\"Rule-PortalSkin\",\"RequestRuleName\":\"pzThemeFontOverall\"}" => HTTP 404 (18 bytes)
[PegaHttpClient] 📡 POST https://zdk8budo.pegaacademy.net/prweb/api/HRAppsV2/V1/rules/query?pxObjClass=Rule-HTML-Section&appliesTo=Rule-PortalSkin&pyRuleName=pzThemeFontOverall&RequestClass=Rule-HTML-Section&RequestAppliesTo=Rule-PortalSkin&RequestRuleName=pzThemeFontOverall Payload: "{\"RequestClass\":\"Rule-HTML-Section\",\"RequestAppliesTo\":\"Rule-PortalSkin\",\"RequestRuleName\":\"pzThemeFontOverall\"}" => HTTP 404 (18 bytes)
[PegaHttpClient] 📡 POST https://zdk8budo.pegaacademy.net/prweb/PRRestService/HRAppsV2/V1/rules/query?pxObjClass=Rule-HTML-Section&appliesTo=Rule-PortalSkin&pyRuleName=pzThemeFontOverall&RequestClass=Rule-HTML-Section&RequestAppliesTo=Rule-PortalSkin&RequestRuleName=pzThemeFontOverall Payload: "{\"RequestClass\":\"Rule-HTML-Section\",\"RequestAppliesTo\":\"Rule-PortalSkin\",\"RequestRuleName\":\"pzThemeFontOverall\"}" => HTTP 404 (18 bytes)
[PegaHttpClient] 📡 POST https://zdk8budo.pegaacademy.net/prweb/api/v1/rules/query?pxObjClass=Rule-HTML-Section&appliesTo=Rule-PortalSkin&pyRuleName=pzThemeFontOverall&RequestClass=Rule-HTML-Section&RequestAppliesTo=Rule-PortalSkin&RequestRuleName=pzThemeFontOverall Payload: "{\"RequestClass\":\"Rule-HTML-Section\",\"RequestAppliesTo\":\"Rule-PortalSkin\",\"RequestRuleName\":\"pzThemeFontOverall\"}" => HTTP 404 (18 bytes)
[PegaHttpClient] 📡 POST https://zdk8budo.pegaacademy.net/prweb/PRRestService/v1/rules/query?pxObjClass=Rule-HTML-Section&appliesTo=Rule-PortalSkin&pyRuleName=pzThemeFontOverall&RequestClass=Rule-HTML-Section&RequestAppliesTo=Rule-PortalSkin&RequestRuleName=pzThemeFontOverall Payload: "{\"RequestClass\":\"Rule-HTML-Section\",\"RequestAppliesTo\":\"Rule-PortalSkin\",\"RequestRuleName\":\"pzThemeFontOverall\"}" => HTTP 404 (18 bytes)
[PegaHttpClient] 📡 POST https://zdk8budo.pegaacademy.net/prweb/api/CodeIntelligence/v1/rules/query?pxObjClass=Rule-HTML-Section&appliesTo=Rule-PortalSkin&pyRuleName=pySkinPreset&RequestClass=Rule-HTML-Section&RequestAppliesTo=Rule-PortalSkin&RequestRuleName=pySkinPreset Payload: "{\"RequestClass\":\"Rule-HTML-Section\",\"RequestAppliesTo\":\"Rule-PortalSkin\",\"RequestRuleName\":\"pySkinPreset\"}" => HTTP 404 (105 bytes)
[PegaHttpClient] 📡 POST https://zdk8budo.pegaacademy.net/prweb/PRRestService/CodeIntelligence/v1/rules/query?pxObjClass=Rule-HTML-Section&appliesTo=Rule-PortalSkin&pyRuleName=pySkinPreset&RequestClass=Rule-HTML-Section&RequestAppliesTo=Rule-PortalSkin&RequestRuleName=pySkinPreset Payload: "{\"RequestClass\":\"Rule-HTML-Section\",\"RequestAppliesTo\":\"Rule-PortalSkin\",\"RequestRuleName\":\"pySkinPreset\"}" => HTTP 404 (105 bytes)
[PegaHttpClient] 📡 POST https://zdk8budo.pegaacademy.net/prweb/api/HRAppsV2Service/V1/rules/query?pxObjClass=Rule-HTML-Section&appliesTo=Rule-PortalSkin&pyRuleName=pySkinPreset&RequestClass=Rule-HTML-Section&RequestAppliesTo=Rule-PortalSkin&RequestRuleName=pySkinPreset Payload: "{\"RequestClass\":\"Rule-HTML-Section\",\"RequestAppliesTo\":\"Rule-PortalSkin\",\"RequestRuleName\":\"pySkinPreset\"}" => HTTP 404 (18 bytes)
[PegaHttpClient] 📡 POST https://zdk8budo.pegaacademy.net/prweb/PRRestService/HRAppsV2Service/V1/rules/query?pxObjClass=Rule-HTML-Section&appliesTo=Rule-PortalSkin&pyRuleName=pySkinPreset&RequestClass=Rule-HTML-Section&RequestAppliesTo=Rule-PortalSkin&RequestRuleName=pySkinPreset Payload: "{\"RequestClass\":\"Rule-HTML-Section\",\"RequestAppliesTo\":\"Rule-PortalSkin\",\"RequestRuleName\":\"pySkinPreset\"}" => HTTP 404 (18 bytes)
[PegaHttpClient] 📡 POST https://zdk8budo.pegaacademy.net/prweb/api/HRAppsV2/V1/rules/query?pxObjClass=Rule-HTML-Section&appliesTo=Rule-PortalSkin&pyRuleName=pySkinPreset&RequestClass=Rule-HTML-Section&RequestAppliesTo=Rule-PortalSkin&RequestRuleName=pySkinPreset Payload: "{\"RequestClass\":\"Rule-HTML-Section\",\"RequestAppliesTo\":\"Rule-PortalSkin\",\"RequestRuleName\":\"pySkinPreset\"}" => HTTP 404 (18 bytes)
[PegaHttpClient] 📡 POST https://zdk8budo.pegaacademy.net/prweb/PRRestService/HRAppsV2/V1/rules/query?pxObjClass=Rule-HTML-Section&appliesTo=Rule-PortalSkin&pyRuleName=pySkinPreset&RequestClass=Rule-HTML-Section&RequestAppliesTo=Rule-PortalSkin&RequestRuleName=pySkinPreset Payload: "{\"RequestClass\":\"Rule-HTML-Section\",\"RequestAppliesTo\":\"Rule-PortalSkin\",\"RequestRuleName\":\"pySkinPreset\"}" => HTTP 404 (18 bytes)
[PegaHttpClient] 📡 POST https://zdk8budo.pegaacademy.net/prweb/api/v1/rules/query?pxObjClass=Rule-HTML-Section&appliesTo=Rule-PortalSkin&pyRuleName=pySkinPreset&RequestClass=Rule-HTML-Section&RequestAppliesTo=Rule-PortalSkin&RequestRuleName=pySkinPreset Payload: "{\"RequestClass\":\"Rule-HTML-Section\",\"RequestAppliesTo\":\"Rule-PortalSkin\",\"RequestRuleName\":\"pySkinPreset\"}" => HTTP 404 (18 bytes)
[PegaHttpClient] 📡 POST https://zdk8budo.pegaacademy.net/prweb/PRRestService/v1/rules/query?pxObjClass=Rule-HTML-Section&appliesTo=Rule-PortalSkin&pyRuleName=pySkinPreset&RequestClass=Rule-HTML-Section&RequestAppliesTo=Rule-PortalSkin&RequestRuleName=pySkinPreset Payload: "{\"RequestClass\":\"Rule-HTML-Section\",\"RequestAppliesTo\":\"Rule-PortalSkin\",\"RequestRuleName\":\"pySkinPreset\"}" => HTTP 404 (18 bytes)
[PegaHttpClient] 📡 POST https://zdk8budo.pegaacademy.net/prweb/api/CodeIntelligence/v1/rules/query?pxObjClass=Rule-HTML-Section&appliesTo=Rule-PortalSkin&pyRuleName=pySkinBase&RequestClass=Rule-HTML-Section&RequestAppliesTo=Rule-PortalSkin&RequestRuleName=pySkinBase Payload: "{\"RequestClass\":\"Rule-HTML-Section\",\"RequestAppliesTo\":\"Rule-PortalSkin\",\"RequestRuleName\":\"pySkinBase\"}" => HTTP 404 (103 bytes)
[PegaHttpClient] 📡 POST https://zdk8budo.pegaacademy.net/prweb/PRRestService/CodeIntelligence/v1/rules/query?pxObjClass=Rule-HTML-Section&appliesTo=Rule-PortalSkin&pyRuleName=pySkinBase&RequestClass=Rule-HTML-Section&RequestAppliesTo=Rule-PortalSkin&RequestRuleName=pySkinBase Payload: "{\"RequestClass\":\"Rule-HTML-Section\",\"RequestAppliesTo\":\"Rule-PortalSkin\",\"RequestRuleName\":\"pySkinBase\"}" => HTTP 404 (103 bytes)
[PegaHttpClient] 📡 POST https://zdk8budo.pegaacademy.net/prweb/api/HRAppsV2Service/V1/rules/query?pxObjClass=Rule-HTML-Section&appliesTo=Rule-PortalSkin&pyRuleName=pySkinBase&RequestClass=Rule-HTML-Section&RequestAppliesTo=Rule-PortalSkin&RequestRuleName=pySkinBase Payload: "{\"RequestClass\":\"Rule-HTML-Section\",\"RequestAppliesTo\":\"Rule-PortalSkin\",\"RequestRuleName\":\"pySkinBase\"}" => HTTP 404 (18 bytes)
[PegaHttpClient] 📡 POST https://zdk8budo.pegaacademy.net/prweb/PRRestService/HRAppsV2Service/V1/rules/query?pxObjClass=Rule-HTML-Section&appliesTo=Rule-PortalSkin&pyRuleName=pySkinBase&RequestClass=Rule-HTML-Section&RequestAppliesTo=Rule-PortalSkin&RequestRuleName=pySkinBase Payload: "{\"RequestClass\":\"Rule-HTML-Section\",\"RequestAppliesTo\":\"Rule-PortalSkin\",\"RequestRuleName\":\"pySkinBase\"}" => HTTP 404 (18 bytes)
[PegaHttpClient] 📡 POST https://zdk8budo.pegaacademy.net/prweb/api/HRAppsV2/V1/rules/query?pxObjClass=Rule-HTML-Section&appliesTo=Rule-PortalSkin&pyRuleName=pySkinBase&RequestClass=Rule-HTML-Section&RequestAppliesTo=Rule-PortalSkin&RequestRuleName=pySkinBase Payload: "{\"RequestClass\":\"Rule-HTML-Section\",\"RequestAppliesTo\":\"Rule-PortalSkin\",\"RequestRuleName\":\"pySkinBase\"}" => HTTP 404 (18 bytes)
[PegaHttpClient] 📡 POST https://zdk8budo.pegaacademy.net/prweb/PRRestService/HRAppsV2/V1/rules/query?pxObjClass=Rule-HTML-Section&appliesTo=Rule-PortalSkin&pyRuleName=pySkinBase&RequestClass=Rule-HTML-Section&RequestAppliesTo=Rule-PortalSkin&RequestRuleName=pySkinBase Payload: "{\"RequestClass\":\"Rule-HTML-Section\",\"RequestAppliesTo\":\"Rule-PortalSkin\",\"RequestRuleName\":\"pySkinBase\"}" => HTTP 404 (18 bytes)
[PegaHttpClient] 📡 POST https://zdk8budo.pegaacademy.net/prweb/api/v1/rules/query?pxObjClass=Rule-HTML-Section&appliesTo=Rule-PortalSkin&pyRuleName=pySkinBase&RequestClass=Rule-HTML-Section&RequestAppliesTo=Rule-PortalSkin&RequestRuleName=pySkinBase Payload: "{\"RequestClass\":\"Rule-HTML-Section\",\"RequestAppliesTo\":\"Rule-PortalSkin\",\"RequestRuleName\":\"pySkinBase\"}" => HTTP 404 (18 bytes)
[PegaHttpClient] 📡 POST https://zdk8budo.pegaacademy.net/prweb/PRRestService/v1/rules/query?pxObjClass=Rule-HTML-Section&appliesTo=Rule-PortalSkin&pyRuleName=pySkinBase&RequestClass=Rule-HTML-Section&RequestAppliesTo=Rule-PortalSkin&RequestRuleName=pySkinBase Payload: "{\"RequestClass\":\"Rule-HTML-Section\",\"RequestAppliesTo\":\"Rule-PortalSkin\",\"RequestRuleName\":\"pySkinBase\"}" => HTTP 404 (18 bytes)
[PegaHttpClient] 📡 POST https://zdk8budo.pegaacademy.net/prweb/api/CodeIntelligence/v1/rules/query?pxObjClass=Rule-HTML-Section&appliesTo=Rule-PortalSkin&pyRuleName=pzComponentToggles&RequestClass=Rule-HTML-Section&RequestAppliesTo=Rule-PortalSkin&RequestRuleName=pzComponentToggles Payload: "{\"RequestClass\":\"Rule-HTML-Section\",\"RequestAppliesTo\":\"Rule-PortalSkin\",\"RequestRuleName\":\"pzComponentToggles\"}" => HTTP 200 (34885 bytes)
[PegaHttpClient] 📡 POST https://zdk8budo.pegaacademy.net/prweb/api/CodeIntelligence/v1/rules/query?pxObjClass=Rule-HTML-Section&appliesTo=Rule-PortalSkin&pyRuleName=pzCSSMainStylesheets&RequestClass=Rule-HTML-Section&RequestAppliesTo=Rule-PortalSkin&RequestRuleName=pzCSSMainStylesheets Payload: "{\"RequestClass\":\"Rule-HTML-Section\",\"RequestAppliesTo\":\"Rule-PortalSkin\",\"RequestRuleName\":\"pzCSSMainStylesheets\"}" => HTTP 200 (57135 bytes)
[PegaHttpClient] 📡 POST https://zdk8budo.pegaacademy.net/prweb/api/CodeIntelligence/v1/rules/query?pxObjClass=Rule-HTML-Section&appliesTo=Rule-PortalSkin&pyRuleName=pzSpecificationsInner&RequestClass=Rule-HTML-Section&RequestAppliesTo=Rule-PortalSkin&RequestRuleName=pzSpecificationsInner Payload: "{\"RequestClass\":\"Rule-HTML-Section\",\"RequestAppliesTo\":\"Rule-PortalSkin\",\"RequestRuleName\":\"pzSpecificationsInner\"}" => HTTP 200 (142370 bytes)
[PegaHttpClient] 📡 POST https://zdk8budo.pegaacademy.net/prweb/api/CodeIntelligence/v1/rules/query?pxObjClass=Rule-HTML-Section&appliesTo=Rule-PortalSkin&pyRuleName=pzAlternateRuleInfo&RequestClass=Rule-HTML-Section&RequestAppliesTo=Rule-PortalSkin&RequestRuleName=pzAlternateRuleInfo Payload: "{\"RequestClass\":\"Rule-HTML-Section\",\"RequestAppliesTo\":\"Rule-PortalSkin\",\"RequestRuleName\":\"pzAlternateRuleInfo\"}" => HTTP 200 (140407 bytes)
[PegaHttpClient] 📡 POST https://zdk8budo.pegaacademy.net/prweb/api/CodeIntelligence/v1/rules/query?pxObjClass=Rule-HTML-Section&appliesTo=Rule-PortalSkin&pyRuleName=RuleFormHistory_Description&RequestClass=Rule-HTML-Section&RequestAppliesTo=Rule-PortalSkin&RequestRuleName=RuleFormHistory_Description Payload: "{\"RequestClass\":\"Rule-HTML-Section\",\"RequestAppliesTo\":\"Rule-PortalSkin\",\"RequestRuleName\":\"RuleFormHistory_Description\"}" => HTTP 200 (46242 bytes)
[PegaHttpClient] 📡 POST https://zdk8budo.pegaacademy.net/prweb/api/CodeIntelligence/v1/rules/query?pxObjClass=Rule-HTML-Section&appliesTo=Rule-PortalSkin&pyRuleName=RuleFormHistory_CustomFields&RequestClass=Rule-HTML-Section&RequestAppliesTo=Rule-PortalSkin&RequestRuleName=RuleFormHistory_CustomFields Payload: "{\"RequestClass\":\"Rule-HTML-Section\",\"RequestAppliesTo\":\"Rule-PortalSkin\",\"RequestRuleName\":\"RuleFormHistory_CustomFields\"}" => HTTP 200 (75856 bytes)
[PegaHttpClient] 📡 POST https://zdk8budo.pegaacademy.net/prweb/api/CodeIntelligence/v1/rules/query?pxObjClass=Rule-HTML-Section&appliesTo=Rule-PortalSkin&pyRuleName=RuleFormHistory_HistoryDetails&RequestClass=Rule-HTML-Section&RequestAppliesTo=Rule-PortalSkin&RequestRuleName=RuleFormHistory_HistoryDetails Payload: "{\"RequestClass\":\"Rule-HTML-Section\",\"RequestAppliesTo\":\"Rule-PortalSkin\",\"RequestRuleName\":\"RuleFormHistory_HistoryDetails\"}" => HTTP 200 (179535 bytes)
[PegaHttpClient] 📡 POST https://zdk8budo.pegaacademy.net/prweb/api/CodeIntelligence/v1/rules/query?pxObjClass=Rule-HTML-Section&appliesTo=Rule-PortalSkin&pyRuleName=pzRuleFormStatus&RequestClass=Rule-HTML-Section&RequestAppliesTo=Rule-PortalSkin&RequestRuleName=pzRuleFormStatus Payload: "{\"RequestClass\":\"Rule-HTML-Section\",\"RequestAppliesTo\":\"Rule-PortalSkin\",\"RequestRuleName\":\"pzRuleFormStatus\"}" => HTTP 200 (97627 bytes)
[PegaHttpClient] 📡 POST https://zdk8budo.pegaacademy.net/prweb/api/CodeIntelligence/v1/rules/query?pxObjClass=Rule-HTML-Section&appliesTo=Rule-PortalSkin&pyRuleName=pzRuleFormHeaderCompareWithDropDown&RequestClass=Rule-HTML-Section&RequestAppliesTo=Rule-PortalSkin&RequestRuleName=pzRuleFormHeaderCompareWithDropDown Payload: "{\"RequestClass\":\"Rule-HTML-Section\",\"RequestAppliesTo\":\"Rule-PortalSkin\",\"RequestRuleName\":\"pzRuleFormHeaderCompareWithDropDown\"}" => HTTP 200 (25396 bytes)
[PegaHttpClient] 📡 POST https://zdk8budo.pegaacademy.net/prweb/api/CodeIntelligence/v1/rules/query?pxObjClass=Rule-HTML-Section&appliesTo=Rule-PortalSkin&pyRuleName=undefined&RequestClass=Rule-HTML-Section&RequestAppliesTo=Rule-PortalSkin&RequestRuleName=undefined Payload: "{\"RequestClass\":\"Rule-HTML-Section\",\"RequestAppliesTo\":\"Rule-PortalSkin\",\"RequestRuleName\":\"undefined\"}" => HTTP 404 (102 bytes)
[PegaHttpClient] 📡 POST https://zdk8budo.pegaacademy.net/prweb/PRRestService/CodeIntelligence/v1/rules/query?pxObjClass=Rule-HTML-Section&appliesTo=Rule-PortalSkin&pyRuleName=undefined&RequestClass=Rule-HTML-Section&RequestAppliesTo=Rule-PortalSkin&RequestRuleName=undefined Payload: "{\"RequestClass\":\"Rule-HTML-Section\",\"RequestAppliesTo\":\"Rule-PortalSkin\",\"RequestRuleName\":\"undefined\"}" => HTTP 404 (102 bytes)
[PegaHttpClient] 📡 POST https://zdk8budo.pegaacademy.net/prweb/api/HRAppsV2Service/V1/rules/query?pxObjClass=Rule-HTML-Section&appliesTo=Rule-PortalSkin&pyRuleName=undefined&RequestClass=Rule-HTML-Section&RequestAppliesTo=Rule-PortalSkin&RequestRuleName=undefined Payload: "{\"RequestClass\":\"Rule-HTML-Section\",\"RequestAppliesTo\":\"Rule-PortalSkin\",\"RequestRuleName\":\"undefined\"}" => HTTP 404 (18 bytes)
[PegaHttpClient] 📡 POST https://zdk8budo.pegaacademy.net/prweb/PRRestService/HRAppsV2Service/V1/rules/query?pxObjClass=Rule-HTML-Section&appliesTo=Rule-PortalSkin&pyRuleName=undefined&RequestClass=Rule-HTML-Section&RequestAppliesTo=Rule-PortalSkin&RequestRuleName=undefined Payload: "{\"RequestClass\":\"Rule-HTML-Section\",\"RequestAppliesTo\":\"Rule-PortalSkin\",\"RequestRuleName\":\"undefined\"}" => HTTP 404 (18 bytes)
[PegaHttpClient] 📡 POST https://zdk8budo.pegaacademy.net/prweb/api/HRAppsV2/V1/rules/query?pxObjClass=Rule-HTML-Section&appliesTo=Rule-PortalSkin&pyRuleName=undefined&RequestClass=Rule-HTML-Section&RequestAppliesTo=Rule-PortalSkin&RequestRuleName=undefined Payload: "{\"RequestClass\":\"Rule-HTML-Section\",\"RequestAppliesTo\":\"Rule-PortalSkin\",\"RequestRuleName\":\"undefined\"}" => HTTP 404 (18 bytes)
[PegaHttpClient] 📡 POST https://zdk8budo.pegaacademy.net/prweb/PRRestService/HRAppsV2/V1/rules/query?pxObjClass=Rule-HTML-Section&appliesTo=Rule-PortalSkin&pyRuleName=undefined&RequestClass=Rule-HTML-Section&RequestAppliesTo=Rule-PortalSkin&RequestRuleName=undefined Payload: "{\"RequestClass\":\"Rule-HTML-Section\",\"RequestAppliesTo\":\"Rule-PortalSkin\",\"RequestRuleName\":\"undefined\"}" => HTTP 404 (18 bytes)
[PegaHttpClient] 📡 POST https://zdk8budo.pegaacademy.net/prweb/api/v1/rules/query?pxObjClass=Rule-HTML-Section&appliesTo=Rule-PortalSkin&pyRuleName=undefined&RequestClass=Rule-HTML-Section&RequestAppliesTo=Rule-PortalSkin&RequestRuleName=undefined Payload: "{\"RequestClass\":\"Rule-HTML-Section\",\"RequestAppliesTo\":\"Rule-PortalSkin\",\"RequestRuleName\":\"undefined\"}" => HTTP 404 (18 bytes)
[PegaHttpClient] 📡 POST https://zdk8budo.pegaacademy.net/prweb/PRRestService/v1/rules/query?pxObjClass=Rule-HTML-Section&appliesTo=Rule-PortalSkin&pyRuleName=undefined&RequestClass=Rule-HTML-Section&RequestAppliesTo=Rule-PortalSkin&RequestRuleName=undefined Payload: "{\"RequestClass\":\"Rule-HTML-Section\",\"RequestAppliesTo\":\"Rule-PortalSkin\",\"RequestRuleName\":\"undefined\"}" => HTTP 404 (18 bytes)
[PegaHttpClient] 📡 POST https://zdk8budo.pegaacademy.net/prweb/api/CodeIntelligence/v1/rules/query?pxObjClass=Rule-HTML-Section&appliesTo=Rule-PortalSkin&pyRuleName=pzRuleFormToolbarHotKeys&RequestClass=Rule-HTML-Section&RequestAppliesTo=Rule-PortalSkin&RequestRuleName=pzRuleFormToolbarHotKeys Payload: "{\"RequestClass\":\"Rule-HTML-Section\",\"RequestAppliesTo\":\"Rule-PortalSkin\",\"RequestRuleName\":\"pzRuleFormToolbarHotKeys\"}" => HTTP 200 (85058 bytes)
[PegaHttpClient] 📡 POST https://zdk8budo.pegaacademy.net/prweb/api/CodeIntelligence/v1/rules/query?pxObjClass=Rule-HTML-Section&appliesTo=Rule-PortalSkin&pyRuleName=pzRuleFormToolbarLockedIcon&RequestClass=Rule-HTML-Section&RequestAppliesTo=Rule-PortalSkin&RequestRuleName=pzRuleFormToolbarLockedIcon Payload: "{\"RequestClass\":\"Rule-HTML-Section\",\"RequestAppliesTo\":\"Rule-PortalSkin\",\"RequestRuleName\":\"pzRuleFormToolbarLockedIcon\"}" => HTTP 200 (24898 bytes)
[PegaHttpClient] 📡 POST https://zdk8budo.pegaacademy.net/prweb/api/CodeIntelligence/v1/rules/query?pxObjClass=Rule-HTML-Section&appliesTo=Rule-PortalSkin&pyRuleName=pzRuleFormToolbarCollaborators&RequestClass=Rule-HTML-Section&RequestAppliesTo=Rule-PortalSkin&RequestRuleName=pzRuleFormToolbarCollaborators Payload: "{\"RequestClass\":\"Rule-HTML-Section\",\"RequestAppliesTo\":\"Rule-PortalSkin\",\"RequestRuleName\":\"pzRuleFormToolbarCollaborators\"}" => HTTP 200 (15254 bytes)
[PegaHttpClient] 📡 POST https://zdk8budo.pegaacademy.net/prweb/api/CodeIntelligence/v1/rules/query?pxObjClass=Rule-HTML-Section&appliesTo=Rule-PortalSkin&pyRuleName=pzRuleFormToolbarSaveAs&RequestClass=Rule-HTML-Section&RequestAppliesTo=Rule-PortalSkin&RequestRuleName=pzRuleFormToolbarSaveAs Payload: "{\"RequestClass\":\"Rule-HTML-Section\",\"RequestAppliesTo\":\"Rule-PortalSkin\",\"RequestRuleName\":\"pzRuleFormToolbarSaveAs\"}" => HTTP 200 (64084 bytes)
[PegaHttpClient] 📡 POST https://zdk8budo.pegaacademy.net/prweb/api/CodeIntelligence/v1/rules/query?pxObjClass=Rule-HTML-Section&appliesTo=Rule-PortalSkin&pyRuleName=pzRuleFormToolbarCheckin&RequestClass=Rule-HTML-Section&RequestAppliesTo=Rule-PortalSkin&RequestRuleName=pzRuleFormToolbarCheckin Payload: "{\"RequestClass\":\"Rule-HTML-Section\",\"RequestAppliesTo\":\"Rule-PortalSkin\",\"RequestRuleName\":\"pzRuleFormToolbarCheckin\"}" => HTTP 200 (119096 bytes)
[PegaHttpClient] 📡 POST https://zdk8budo.pegaacademy.net/prweb/api/CodeIntelligence/v1/rules/query?pxObjClass=Rule-HTML-Section&appliesTo=Rule-PortalSkin&pyRuleName=pzRuleFormToolbarDelete&RequestClass=Rule-HTML-Section&RequestAppliesTo=Rule-PortalSkin&RequestRuleName=pzRuleFormToolbarDelete Payload: "{\"RequestClass\":\"Rule-HTML-Section\",\"RequestAppliesTo\":\"Rule-PortalSkin\",\"RequestRuleName\":\"pzRuleFormToolbarDelete\"}" => HTTP 200 (30249 bytes)
[PegaHttpClient] 📡 POST https://zdk8budo.pegaacademy.net/prweb/api/CodeIntelligence/v1/rules/query?pxObjClass=Rule-HTML-Section&appliesTo=Rule-PortalSkin&pyRuleName=pzRuleFormToolbarSave&RequestClass=Rule-HTML-Section&RequestAppliesTo=Rule-PortalSkin&RequestRuleName=pzRuleFormToolbarSave Payload: "{\"RequestClass\":\"Rule-HTML-Section\",\"RequestAppliesTo\":\"Rule-PortalSkin\",\"RequestRuleName\":\"pzRuleFormToolbarSave\"}" => HTTP 200 (293885 bytes)
[PegaHttpClient] 📡 POST https://zdk8budo.pegaacademy.net/prweb/api/CodeIntelligence/v1/rules/query?pxObjClass=Rule-HTML-Section&appliesTo=Rule-PortalSkin&pyRuleName=pzRuleFormToolbarCheckout&RequestClass=Rule-HTML-Section&RequestAppliesTo=Rule-PortalSkin&RequestRuleName=pzRuleFormToolbarCheckout Payload: "{\"RequestClass\":\"Rule-HTML-Section\",\"RequestAppliesTo\":\"Rule-PortalSkin\",\"RequestRuleName\":\"pzRuleFormToolbarCheckout\"}" => HTTP 200 (238148 bytes)
[PegaHttpClient] 📡 POST https://zdk8budo.pegaacademy.net/prweb/api/CodeIntelligence/v1/rules/query?pxObjClass=Rule-HTML-Section&appliesTo=Rule-PortalSkin&pyRuleName=pzRemoveErrorsDataPage&RequestClass=Rule-HTML-Section&RequestAppliesTo=Rule-PortalSkin&RequestRuleName=pzRemoveErrorsDataPage Payload: "{\"RequestClass\":\"Rule-HTML-Section\",\"RequestAppliesTo\":\"Rule-PortalSkin\",\"RequestRuleName\":\"pzRemoveErrorsDataPage\"}" => HTTP 200 (16733 bytes)
[PegaHttpClient] 📡 POST https://zdk8budo.pegaacademy.net/prweb/api/CodeIntelligence/v1/rules/query?pxObjClass=Rule-HTML-Section&appliesTo=Rule-PortalSkin&pyRuleName=pzRuleFormHeaderMessagesWrapper&RequestClass=Rule-HTML-Section&RequestAppliesTo=Rule-PortalSkin&RequestRuleName=pzRuleFormHeaderMessagesWrapper Payload: "{\"RequestClass\":\"Rule-HTML-Section\",\"RequestAppliesTo\":\"Rule-PortalSkin\",\"RequestRuleName\":\"pzRuleFormHeaderMessagesWrapper\"}" => HTTP 200 (16981 bytes)
[PegaHttpClient] 📡 POST https://zdk8budo.pegaacademy.net/prweb/api/CodeIntelligence/v1/rules/query?pxObjClass=Rule-HTML-Section&appliesTo=Rule-PortalSkin&pyRuleName=pzElementListToggle&RequestClass=Rule-HTML-Section&RequestAppliesTo=Rule-PortalSkin&RequestRuleName=pzElementListToggle Payload: "{\"RequestClass\":\"Rule-HTML-Section\",\"RequestAppliesTo\":\"Rule-PortalSkin\",\"RequestRuleName\":\"pzElementListToggle\"}" => HTTP 404 (112 bytes)
[PegaHttpClient] 📡 POST https://zdk8budo.pegaacademy.net/prweb/PRRestService/CodeIntelligence/v1/rules/query?pxObjClass=Rule-HTML-Section&appliesTo=Rule-PortalSkin&pyRuleName=pzElementListToggle&RequestClass=Rule-HTML-Section&RequestAppliesTo=Rule-PortalSkin&RequestRuleName=pzElementListToggle Payload: "{\"RequestClass\":\"Rule-HTML-Section\",\"RequestAppliesTo\":\"Rule-PortalSkin\",\"RequestRuleName\":\"pzElementListToggle\"}" => HTTP 404 (112 bytes)
[PegaHttpClient] 📡 POST https://zdk8budo.pegaacademy.net/prweb/api/HRAppsV2Service/V1/rules/query?pxObjClass=Rule-HTML-Section&appliesTo=Rule-PortalSkin&pyRuleName=pzElementListToggle&RequestClass=Rule-HTML-Section&RequestAppliesTo=Rule-PortalSkin&RequestRuleName=pzElementListToggle Payload: "{\"RequestClass\":\"Rule-HTML-Section\",\"RequestAppliesTo\":\"Rule-PortalSkin\",\"RequestRuleName\":\"pzElementListToggle\"}" => HTTP 404 (18 bytes)
[PegaHttpClient] 📡 POST https://zdk8budo.pegaacademy.net/prweb/PRRestService/HRAppsV2Service/V1/rules/query?pxObjClass=Rule-HTML-Section&appliesTo=Rule-PortalSkin&pyRuleName=pzElementListToggle&RequestClass=Rule-HTML-Section&RequestAppliesTo=Rule-PortalSkin&RequestRuleName=pzElementListToggle Payload: "{\"RequestClass\":\"Rule-HTML-Section\",\"RequestAppliesTo\":\"Rule-PortalSkin\",\"RequestRuleName\":\"pzElementListToggle\"}" => HTTP 404 (18 bytes)
[PegaHttpClient] 📡 POST https://zdk8budo.pegaacademy.net/prweb/api/HRAppsV2/V1/rules/query?pxObjClass=Rule-HTML-Section&appliesTo=Rule-PortalSkin&pyRuleName=pzElementListToggle&RequestClass=Rule-HTML-Section&RequestAppliesTo=Rule-PortalSkin&RequestRuleName=pzElementListToggle Payload: "{\"RequestClass\":\"Rule-HTML-Section\",\"RequestAppliesTo\":\"Rule-PortalSkin\",\"RequestRuleName\":\"pzElementListToggle\"}" => HTTP 404 (18 bytes)
[PegaHttpClient] 📡 POST https://zdk8budo.pegaacademy.net/prweb/PRRestService/HRAppsV2/V1/rules/query?pxObjClass=Rule-HTML-Section&appliesTo=Rule-PortalSkin&pyRuleName=pzElementListToggle&RequestClass=Rule-HTML-Section&RequestAppliesTo=Rule-PortalSkin&RequestRuleName=pzElementListToggle Payload: "{\"RequestClass\":\"Rule-HTML-Section\",\"RequestAppliesTo\":\"Rule-PortalSkin\",\"RequestRuleName\":\"pzElementListToggle\"}" => HTTP 404 (18 bytes)
[PegaHttpClient] 📡 POST https://zdk8budo.pegaacademy.net/prweb/api/v1/rules/query?pxObjClass=Rule-HTML-Section&appliesTo=Rule-PortalSkin&pyRuleName=pzElementListToggle&RequestClass=Rule-HTML-Section&RequestAppliesTo=Rule-PortalSkin&RequestRuleName=pzElementListToggle Payload: "{\"RequestClass\":\"Rule-HTML-Section\",\"RequestAppliesTo\":\"Rule-PortalSkin\",\"RequestRuleName\":\"pzElementListToggle\"}" => HTTP 404 (18 bytes)
[PegaHttpClient] 📡 POST https://zdk8budo.pegaacademy.net/prweb/PRRestService/v1/rules/query?pxObjClass=Rule-HTML-Section&appliesTo=Rule-PortalSkin&pyRuleName=pzElementListToggle&RequestClass=Rule-HTML-Section&RequestAppliesTo=Rule-PortalSkin&RequestRuleName=pzElementListToggle Payload: "{\"RequestClass\":\"Rule-HTML-Section\",\"RequestAppliesTo\":\"Rule-PortalSkin\",\"RequestRuleName\":\"pzElementListToggle\"}" => HTTP 404 (18 bytes)
[PegaHttpClient] 📡 POST https://zdk8budo.pegaacademy.net/prweb/api/CodeIntelligence/v1/rules/query?pxObjClass=Rule-HTML-Section&appliesTo=Rule-PortalSkin&pyRuleName=pzSpecificationName&RequestClass=Rule-HTML-Section&RequestAppliesTo=Rule-PortalSkin&RequestRuleName=pzSpecificationName Payload: "{\"RequestClass\":\"Rule-HTML-Section\",\"RequestAppliesTo\":\"Rule-PortalSkin\",\"RequestRuleName\":\"pzSpecificationName\"}" => HTTP 404 (112 bytes)
[PegaHttpClient] 📡 POST https://zdk8budo.pegaacademy.net/prweb/PRRestService/CodeIntelligence/v1/rules/query?pxObjClass=Rule-HTML-Section&appliesTo=Rule-PortalSkin&pyRuleName=pzSpecificationName&RequestClass=Rule-HTML-Section&RequestAppliesTo=Rule-PortalSkin&RequestRuleName=pzSpecificationName Payload: "{\"RequestClass\":\"Rule-HTML-Section\",\"RequestAppliesTo\":\"Rule-PortalSkin\",\"RequestRuleName\":\"pzSpecificationName\"}" => HTTP 404 (112 bytes)
[PegaHttpClient] 📡 POST https://zdk8budo.pegaacademy.net/prweb/api/HRAppsV2Service/V1/rules/query?pxObjClass=Rule-HTML-Section&appliesTo=Rule-PortalSkin&pyRuleName=pzSpecificationName&RequestClass=Rule-HTML-Section&RequestAppliesTo=Rule-PortalSkin&RequestRuleName=pzSpecificationName Payload: "{\"RequestClass\":\"Rule-HTML-Section\",\"RequestAppliesTo\":\"Rule-PortalSkin\",\"RequestRuleName\":\"pzSpecificationName\"}" => HTTP 404 (18 bytes)
[PegaHttpClient] 📡 POST https://zdk8budo.pegaacademy.net/prweb/PRRestService/HRAppsV2Service/V1/rules/query?pxObjClass=Rule-HTML-Section&appliesTo=Rule-PortalSkin&pyRuleName=pzSpecificationName&RequestClass=Rule-HTML-Section&RequestAppliesTo=Rule-PortalSkin&RequestRuleName=pzSpecificationName Payload: "{\"RequestClass\":\"Rule-HTML-Section\",\"RequestAppliesTo\":\"Rule-PortalSkin\",\"RequestRuleName\":\"pzSpecificationName\"}" => HTTP 404 (18 bytes)
[PegaHttpClient] 📡 POST https://zdk8budo.pegaacademy.net/prweb/api/HRAppsV2/V1/rules/query?pxObjClass=Rule-HTML-Section&appliesTo=Rule-PortalSkin&pyRuleName=pzSpecificationName&RequestClass=Rule-HTML-Section&RequestAppliesTo=Rule-PortalSkin&RequestRuleName=pzSpecificationName Payload: "{\"RequestClass\":\"Rule-HTML-Section\",\"RequestAppliesTo\":\"Rule-PortalSkin\",\"RequestRuleName\":\"pzSpecificationName\"}" => HTTP 404 (18 bytes)
[PegaHttpClient] 📡 POST https://zdk8budo.pegaacademy.net/prweb/PRRestService/HRAppsV2/V1/rules/query?pxObjClass=Rule-HTML-Section&appliesTo=Rule-PortalSkin&pyRuleName=pzSpecificationName&RequestClass=Rule-HTML-Section&RequestAppliesTo=Rule-PortalSkin&RequestRuleName=pzSpecificationName Payload: "{\"RequestClass\":\"Rule-HTML-Section\",\"RequestAppliesTo\":\"Rule-PortalSkin\",\"RequestRuleName\":\"pzSpecificationName\"}" => HTTP 404 (18 bytes)
[PegaHttpClient] 📡 POST https://zdk8budo.pegaacademy.net/prweb/api/v1/rules/query?pxObjClass=Rule-HTML-Section&appliesTo=Rule-PortalSkin&pyRuleName=pzSpecificationName&RequestClass=Rule-HTML-Section&RequestAppliesTo=Rule-PortalSkin&RequestRuleName=pzSpecificationName Payload: "{\"RequestClass\":\"Rule-HTML-Section\",\"RequestAppliesTo\":\"Rule-PortalSkin\",\"RequestRuleName\":\"pzSpecificationName\"}" => HTTP 404 (18 bytes)
[PegaHttpClient] 📡 POST https://zdk8budo.pegaacademy.net/prweb/PRRestService/v1/rules/query?pxObjClass=Rule-HTML-Section&appliesTo=Rule-PortalSkin&pyRuleName=pzSpecificationName&RequestClass=Rule-HTML-Section&RequestAppliesTo=Rule-PortalSkin&RequestRuleName=pzSpecificationName Payload: "{\"RequestClass\":\"Rule-HTML-Section\",\"RequestAppliesTo\":\"Rule-PortalSkin\",\"RequestRuleName\":\"pzSpecificationName\"}" => HTTP 404 (18 bytes)
[PegaHttpClient] 📡 POST https://zdk8budo.pegaacademy.net/prweb/api/CodeIntelligence/v1/rules/query?pxObjClass=Rule-HTML-Section&appliesTo=Rule-PortalSkin&pyRuleName=pzScm_RuleHistory&RequestClass=Rule-HTML-Section&RequestAppliesTo=Rule-PortalSkin&RequestRuleName=pzScm_RuleHistory Payload: "{\"RequestClass\":\"Rule-HTML-Section\",\"RequestAppliesTo\":\"Rule-PortalSkin\",\"RequestRuleName\":\"pzScm_RuleHistory\"}" => HTTP 200 (14682 bytes)
[PegaHttpClient] 📡 POST https://zdk8budo.pegaacademy.net/prweb/api/CodeIntelligence/v1/rules/query?pxObjClass=Rule-HTML-Section&appliesTo=Rule-PortalSkin&pyRuleName=pxDisplayCollaborators&RequestClass=Rule-HTML-Section&RequestAppliesTo=Rule-PortalSkin&RequestRuleName=pxDisplayCollaborators Payload: "{\"RequestClass\":\"Rule-HTML-Section\",\"RequestAppliesTo\":\"Rule-PortalSkin\",\"RequestRuleName\":\"pxDisplayCollaborators\"}" => HTTP 200 (94171 bytes)
[PegaHttpClient] 📡 POST https://zdk8budo.pegaacademy.net/prweb/api/CodeIntelligence/v1/rules/query?pxObjClass=Rule-HTML-Section&appliesTo=Rule-PortalSkin&pyRuleName=pzRuleFormToolbarDeleteCheckOut&RequestClass=Rule-HTML-Section&RequestAppliesTo=Rule-PortalSkin&RequestRuleName=pzRuleFormToolbarDeleteCheckOut Payload: "{\"RequestClass\":\"Rule-HTML-Section\",\"RequestAppliesTo\":\"Rule-PortalSkin\",\"RequestRuleName\":\"pzRuleFormToolbarDeleteCheckOut\"}" => HTTP 200 (29433 bytes)
[PegaHttpClient] 📡 POST https://zdk8budo.pegaacademy.net/prweb/api/CodeIntelligence/v1/rules/query?pxObjClass=Rule-HTML-Section&appliesTo=Rule-PortalSkin&pyRuleName=pzRuleFormToolbarDeleteRule&RequestClass=Rule-HTML-Section&RequestAppliesTo=Rule-PortalSkin&RequestRuleName=pzRuleFormToolbarDeleteRule Payload: "{\"RequestClass\":\"Rule-HTML-Section\",\"RequestAppliesTo\":\"Rule-PortalSkin\",\"RequestRuleName\":\"pzRuleFormToolbarDeleteRule\"}" => HTTP 200 (32314 bytes)
[PegaHttpClient] 📡 POST https://zdk8budo.pegaacademy.net/prweb/api/CodeIntelligence/v1/rules/query?pxObjClass=Rule-HTML-Section&appliesTo=Rule-PortalSkin&pyRuleName=pzLoadCollaborationScripts&RequestClass=Rule-HTML-Section&RequestAppliesTo=Rule-PortalSkin&RequestRuleName=pzLoadCollaborationScripts Payload: "{\"RequestClass\":\"Rule-HTML-Section\",\"RequestAppliesTo\":\"Rule-PortalSkin\",\"RequestRuleName\":\"pzLoadCollaborationScripts\"}" => HTTP 200 (23453 bytes)
[PegaHttpClient] 📡 POST https://zdk8budo.pegaacademy.net/prweb/api/CodeIntelligence/v1/rules/query?pxObjClass=Rule-HTML-Section&appliesTo=Rule-PortalSkin&pyRuleName=pzDisplayCollaboratorsList&RequestClass=Rule-HTML-Section&RequestAppliesTo=Rule-PortalSkin&RequestRuleName=pzDisplayCollaboratorsList Payload: "{\"RequestClass\":\"Rule-HTML-Section\",\"RequestAppliesTo\":\"Rule-PortalSkin\",\"RequestRuleName\":\"pzDisplayCollaboratorsList\"}" => HTTP 200 (105418 bytes)
[PegaHttpClient] 📡 POST https://zdk8budo.pegaacademy.net/prweb/api/CodeIntelligence/v1/rules/query?pxObjClass=Rule-HTML-Section&appliesTo=Rule-PortalSkin&pyRuleName=pyCollaborator&RequestClass=Rule-HTML-Section&RequestAppliesTo=Rule-PortalSkin&RequestRuleName=pyCollaborator Payload: "{\"RequestClass\":\"Rule-HTML-Section\",\"RequestAppliesTo\":\"Rule-PortalSkin\",\"RequestRuleName\":\"pyCollaborator\"}" => HTTP 404 (107 bytes)
[PegaHttpClient] 📡 POST https://zdk8budo.pegaacademy.net/prweb/PRRestService/CodeIntelligence/v1/rules/query?pxObjClass=Rule-HTML-Section&appliesTo=Rule-PortalSkin&pyRuleName=pyCollaborator&RequestClass=Rule-HTML-Section&RequestAppliesTo=Rule-PortalSkin&RequestRuleName=pyCollaborator Payload: "{\"RequestClass\":\"Rule-HTML-Section\",\"RequestAppliesTo\":\"Rule-PortalSkin\",\"RequestRuleName\":\"pyCollaborator\"}" => HTTP 404 (107 bytes)
[PegaHttpClient] 📡 POST https://zdk8budo.pegaacademy.net/prweb/api/HRAppsV2Service/V1/rules/query?pxObjClass=Rule-HTML-Section&appliesTo=Rule-PortalSkin&pyRuleName=pyCollaborator&RequestClass=Rule-HTML-Section&RequestAppliesTo=Rule-PortalSkin&RequestRuleName=pyCollaborator Payload: "{\"RequestClass\":\"Rule-HTML-Section\",\"RequestAppliesTo\":\"Rule-PortalSkin\",\"RequestRuleName\":\"pyCollaborator\"}" => HTTP 404 (18 bytes)
[PegaHttpClient] 📡 POST https://zdk8budo.pegaacademy.net/prweb/PRRestService/HRAppsV2Service/V1/rules/query?pxObjClass=Rule-HTML-Section&appliesTo=Rule-PortalSkin&pyRuleName=pyCollaborator&RequestClass=Rule-HTML-Section&RequestAppliesTo=Rule-PortalSkin&RequestRuleName=pyCollaborator Payload: "{\"RequestClass\":\"Rule-HTML-Section\",\"RequestAppliesTo\":\"Rule-PortalSkin\",\"RequestRuleName\":\"pyCollaborator\"}" => HTTP 404 (18 bytes)
[PegaHttpClient] 📡 POST https://zdk8budo.pegaacademy.net/prweb/api/HRAppsV2/V1/rules/query?pxObjClass=Rule-HTML-Section&appliesTo=Rule-PortalSkin&pyRuleName=pyCollaborator&RequestClass=Rule-HTML-Section&RequestAppliesTo=Rule-PortalSkin&RequestRuleName=pyCollaborator Payload: "{\"RequestClass\":\"Rule-HTML-Section\",\"RequestAppliesTo\":\"Rule-PortalSkin\",\"RequestRuleName\":\"pyCollaborator\"}" => HTTP 404 (18 bytes)
[PegaHttpClient] 📡 POST https://zdk8budo.pegaacademy.net/prweb/PRRestService/HRAppsV2/V1/rules/query?pxObjClass=Rule-HTML-Section&appliesTo=Rule-PortalSkin&pyRuleName=pyCollaborator&RequestClass=Rule-HTML-Section&RequestAppliesTo=Rule-PortalSkin&RequestRuleName=pyCollaborator Payload: "{\"RequestClass\":\"Rule-HTML-Section\",\"RequestAppliesTo\":\"Rule-PortalSkin\",\"RequestRuleName\":\"pyCollaborator\"}" => HTTP 404 (18 bytes)
[PegaHttpClient] 📡 POST https://zdk8budo.pegaacademy.net/prweb/api/v1/rules/query?pxObjClass=Rule-HTML-Section&appliesTo=Rule-PortalSkin&pyRuleName=pyCollaborator&RequestClass=Rule-HTML-Section&RequestAppliesTo=Rule-PortalSkin&RequestRuleName=pyCollaborator Payload: "{\"RequestClass\":\"Rule-HTML-Section\",\"RequestAppliesTo\":\"Rule-PortalSkin\",\"RequestRuleName\":\"pyCollaborator\"}" => HTTP 404 (18 bytes)
[PegaHttpClient] 📡 POST https://zdk8budo.pegaacademy.net/prweb/PRRestService/v1/rules/query?pxObjClass=Rule-HTML-Section&appliesTo=Rule-PortalSkin&pyRuleName=pyCollaborator&RequestClass=Rule-HTML-Section&RequestAppliesTo=Rule-PortalSkin&RequestRuleName=pyCollaborator Payload: "{\"RequestClass\":\"Rule-HTML-Section\",\"RequestAppliesTo\":\"Rule-PortalSkin\",\"RequestRuleName\":\"pyCollaborator\"}" => HTTP 404 (18 bytes)
[PegaHttpClient] 📡 POST https://zdk8budo.pegaacademy.net/prweb/api/CodeIntelligence/v1/rules/query?pxObjClass=Rule-HTML-Section&appliesTo=Rule-PortalSkin&pyRuleName=pzDisplayPartialCount&RequestClass=Rule-HTML-Section&RequestAppliesTo=Rule-PortalSkin&RequestRuleName=pzDisplayPartialCount Payload: "{\"RequestClass\":\"Rule-HTML-Section\",\"RequestAppliesTo\":\"Rule-PortalSkin\",\"RequestRuleName\":\"pzDisplayPartialCount\"}" => HTTP 404 (114 bytes)
[PegaHttpClient] 📡 POST https://zdk8budo.pegaacademy.net/prweb/PRRestService/CodeIntelligence/v1/rules/query?pxObjClass=Rule-HTML-Section&appliesTo=Rule-PortalSkin&pyRuleName=pzDisplayPartialCount&RequestClass=Rule-HTML-Section&RequestAppliesTo=Rule-PortalSkin&RequestRuleName=pzDisplayPartialCount Payload: "{\"RequestClass\":\"Rule-HTML-Section\",\"RequestAppliesTo\":\"Rule-PortalSkin\",\"RequestRuleName\":\"pzDisplayPartialCount\"}" => HTTP 404 (114 bytes)
[PegaHttpClient] 📡 POST https://zdk8budo.pegaacademy.net/prweb/api/HRAppsV2Service/V1/rules/query?pxObjClass=Rule-HTML-Section&appliesTo=Rule-PortalSkin&pyRuleName=pzDisplayPartialCount&RequestClass=Rule-HTML-Section&RequestAppliesTo=Rule-PortalSkin&RequestRuleName=pzDisplayPartialCount Payload: "{\"RequestClass\":\"Rule-HTML-Section\",\"RequestAppliesTo\":\"Rule-PortalSkin\",\"RequestRuleName\":\"pzDisplayPartialCount\"}" => HTTP 404 (18 bytes)
[PegaHttpClient] 📡 POST https://zdk8budo.pegaacademy.net/prweb/PRRestService/HRAppsV2Service/V1/rules/query?pxObjClass=Rule-HTML-Section&appliesTo=Rule-PortalSkin&pyRuleName=pzDisplayPartialCount&RequestClass=Rule-HTML-Section&RequestAppliesTo=Rule-PortalSkin&RequestRuleName=pzDisplayPartialCount Payload: "{\"RequestClass\":\"Rule-HTML-Section\",\"RequestAppliesTo\":\"Rule-PortalSkin\",\"RequestRuleName\":\"pzDisplayPartialCount\"}" => HTTP 404 (18 bytes)
[PegaHttpClient] 📡 POST https://zdk8budo.pegaacademy.net/prweb/api/HRAppsV2/V1/rules/query?pxObjClass=Rule-HTML-Section&appliesTo=Rule-PortalSkin&pyRuleName=pzDisplayPartialCount&RequestClass=Rule-HTML-Section&RequestAppliesTo=Rule-PortalSkin&RequestRuleName=pzDisplayPartialCount Payload: "{\"RequestClass\":\"Rule-HTML-Section\",\"RequestAppliesTo\":\"Rule-PortalSkin\",\"RequestRuleName\":\"pzDisplayPartialCount\"}" => HTTP 404 (18 bytes)
[PegaHttpClient] 📡 POST https://zdk8budo.pegaacademy.net/prweb/PRRestService/HRAppsV2/V1/rules/query?pxObjClass=Rule-HTML-Section&appliesTo=Rule-PortalSkin&pyRuleName=pzDisplayPartialCount&RequestClass=Rule-HTML-Section&RequestAppliesTo=Rule-PortalSkin&RequestRuleName=pzDisplayPartialCount Payload: "{\"RequestClass\":\"Rule-HTML-Section\",\"RequestAppliesTo\":\"Rule-PortalSkin\",\"RequestRuleName\":\"pzDisplayPartialCount\"}" => HTTP 404 (18 bytes)
[PegaHttpClient] 📡 POST https://zdk8budo.pegaacademy.net/prweb/api/v1/rules/query?pxObjClass=Rule-HTML-Section&appliesTo=Rule-PortalSkin&pyRuleName=pzDisplayPartialCount&RequestClass=Rule-HTML-Section&RequestAppliesTo=Rule-PortalSkin&RequestRuleName=pzDisplayPartialCount Payload: "{\"RequestClass\":\"Rule-HTML-Section\",\"RequestAppliesTo\":\"Rule-PortalSkin\",\"RequestRuleName\":\"pzDisplayPartialCount\"}" => HTTP 404 (18 bytes)
[PegaHttpClient] 📡 POST https://zdk8budo.pegaacademy.net/prweb/PRRestService/v1/rules/query?pxObjClass=Rule-HTML-Section&appliesTo=Rule-PortalSkin&pyRuleName=pzDisplayPartialCount&RequestClass=Rule-HTML-Section&RequestAppliesTo=Rule-PortalSkin&RequestRuleName=pzDisplayPartialCount Payload: "{\"RequestClass\":\"Rule-HTML-Section\",\"RequestAppliesTo\":\"Rule-PortalSkin\",\"RequestRuleName\":\"pzDisplayPartialCount\"}" => HTTP 404 (18 bytes)
[SchemaGen] ✅ Schema written for Rule-PortalSkin
[PegaHttpClient] 📡 GET https://zdk8budo.pegaacademy.net/prweb/api/CodeIntelligence/v1/rules/RULE-HTML-HARNESS%20RULE-PORTAL%20RULEFORM%20%2320180713T135125.196%20GMT => HTTP 200 (38126 bytes)
[PegaHttpClient] 📡 POST https://zdk8budo.pegaacademy.net/prweb/api/CodeIntelligence/v1/rules/query?pxObjClass=Rule-HTML-Section&appliesTo=Rule-Portal&pyRuleName=RuleFormMain&RequestClass=Rule-HTML-Section&RequestAppliesTo=Rule-Portal&RequestRuleName=RuleFormMain Payload: "{\"RequestClass\":\"Rule-HTML-Section\",\"RequestAppliesTo\":\"Rule-Portal\",\"RequestRuleName\":\"RuleFormMain\"}" => HTTP 200 (156234 bytes)
[PegaHttpClient] 📡 POST https://zdk8budo.pegaacademy.net/prweb/api/CodeIntelligence/v1/rules/query?pxObjClass=Rule-HTML-Section&appliesTo=Rule-Portal&pyRuleName=pxAlternateRuleForm&RequestClass=Rule-HTML-Section&RequestAppliesTo=Rule-Portal&RequestRuleName=pxAlternateRuleForm Payload: "{\"RequestClass\":\"Rule-HTML-Section\",\"RequestAppliesTo\":\"Rule-Portal\",\"RequestRuleName\":\"pxAlternateRuleForm\"}" => HTTP 200 (66153 bytes)
[PegaHttpClient] 📡 POST https://zdk8budo.pegaacademy.net/prweb/api/CodeIntelligence/v1/rules/query?pxObjClass=Rule-HTML-Section&appliesTo=Rule-Portal&pyRuleName=pzRuleFormScripts&RequestClass=Rule-HTML-Section&RequestAppliesTo=Rule-Portal&RequestRuleName=pzRuleFormScripts Payload: "{\"RequestClass\":\"Rule-HTML-Section\",\"RequestAppliesTo\":\"Rule-Portal\",\"RequestRuleName\":\"pzRuleFormScripts\"}" => HTTP 200 (40822 bytes)
[PegaHttpClient] 📡 POST https://zdk8budo.pegaacademy.net/prweb/api/CodeIntelligence/v1/rules/query?pxObjClass=Rule-HTML-Section&appliesTo=Rule-Portal&pyRuleName=pzRuleFormLayoutDelegated&RequestClass=Rule-HTML-Section&RequestAppliesTo=Rule-Portal&RequestRuleName=pzRuleFormLayoutDelegated Payload: "{\"RequestClass\":\"Rule-HTML-Section\",\"RequestAppliesTo\":\"Rule-Portal\",\"RequestRuleName\":\"pzRuleFormLayoutDelegated\"}" => HTTP 200 (70998 bytes)
[PegaHttpClient] 📡 POST https://zdk8budo.pegaacademy.net/prweb/api/CodeIntelligence/v1/rules/query?pxObjClass=Rule-HTML-Section&appliesTo=Rule-Portal&pyRuleName=RuleFormLayout&RequestClass=Rule-HTML-Section&RequestAppliesTo=Rule-Portal&RequestRuleName=RuleFormLayout Payload: "{\"RequestClass\":\"Rule-HTML-Section\",\"RequestAppliesTo\":\"Rule-Portal\",\"RequestRuleName\":\"RuleFormLayout\"}" => HTTP 200 (210282 bytes)
[PegaHttpClient] 📡 POST https://zdk8budo.pegaacademy.net/prweb/api/CodeIntelligence/v1/rules/query?pxObjClass=Rule-HTML-Section&appliesTo=Rule-Portal&pyRuleName=RuleFormSettings&RequestClass=Rule-HTML-Section&RequestAppliesTo=Rule-Portal&RequestRuleName=RuleFormSettings Payload: "{\"RequestClass\":\"Rule-HTML-Section\",\"RequestAppliesTo\":\"Rule-Portal\",\"RequestRuleName\":\"RuleFormSettings\"}" => HTTP 200 (20540 bytes)
[PegaHttpClient] 📡 POST https://zdk8budo.pegaacademy.net/prweb/api/CodeIntelligence/v1/rules/query?pxObjClass=Rule-HTML-Section&appliesTo=Rule-Portal&pyRuleName=OpenAuthoring&RequestClass=Rule-HTML-Section&RequestAppliesTo=Rule-Portal&RequestRuleName=OpenAuthoring Payload: "{\"RequestClass\":\"Rule-HTML-Section\",\"RequestAppliesTo\":\"Rule-Portal\",\"RequestRuleName\":\"OpenAuthoring\"}" => HTTP 200 (23695 bytes)
[PegaHttpClient] 📡 POST https://zdk8budo.pegaacademy.net/prweb/api/CodeIntelligence/v1/rules/query?pxObjClass=Rule-HTML-Section&appliesTo=Rule-Portal&pyRuleName=pyCustomHelp&RequestClass=Rule-HTML-Section&RequestAppliesTo=Rule-Portal&RequestRuleName=pyCustomHelp Payload: "{\"RequestClass\":\"Rule-HTML-Section\",\"RequestAppliesTo\":\"Rule-Portal\",\"RequestRuleName\":\"pyCustomHelp\"}" => HTTP 200 (17256 bytes)
[PegaHttpClient] 📡 POST https://zdk8budo.pegaacademy.net/prweb/api/CodeIntelligence/v1/rules/query?pxObjClass=Rule-HTML-Section&appliesTo=Rule-Portal&pyRuleName=pzRuleformMainInclude&RequestClass=Rule-HTML-Section&RequestAppliesTo=Rule-Portal&RequestRuleName=pzRuleformMainInclude Payload: "{\"RequestClass\":\"Rule-HTML-Section\",\"RequestAppliesTo\":\"Rule-Portal\",\"RequestRuleName\":\"pzRuleformMainInclude\"}" => HTTP 200 (22375 bytes)
[PegaHttpClient] 📡 POST https://zdk8budo.pegaacademy.net/prweb/api/CodeIntelligence/v1/rules/query?pxObjClass=Rule-HTML-Section&appliesTo=Rule-Portal&pyRuleName=pyAlternativeRuleFormStrategicAppExtension&RequestClass=Rule-HTML-Section&RequestAppliesTo=Rule-Portal&RequestRuleName=pyAlternativeRuleFormStrategicAppExtension Payload: "{\"RequestClass\":\"Rule-HTML-Section\",\"RequestAppliesTo\":\"Rule-Portal\",\"RequestRuleName\":\"pyAlternativeRuleFormStrategicAppExtension\"}" => HTTP 200 (25042 bytes)
[PegaHttpClient] 📡 POST https://zdk8budo.pegaacademy.net/prweb/api/CodeIntelligence/v1/rules/query?pxObjClass=Rule-HTML-Section&appliesTo=Rule-Portal&pyRuleName=pyAlternativeRuleFormExtension&RequestClass=Rule-HTML-Section&RequestAppliesTo=Rule-Portal&RequestRuleName=pyAlternativeRuleFormExtension Payload: "{\"RequestClass\":\"Rule-HTML-Section\",\"RequestAppliesTo\":\"Rule-Portal\",\"RequestRuleName\":\"pyAlternativeRuleFormExtension\"}" => HTTP 200 (24863 bytes)
[PegaHttpClient] 📡 POST https://zdk8budo.pegaacademy.net/prweb/api/CodeIntelligence/v1/rules/query?pxObjClass=Rule-HTML-Section&appliesTo=Rule-Portal&pyRuleName=RuleFormHeader&RequestClass=Rule-HTML-Section&RequestAppliesTo=Rule-Portal&RequestRuleName=RuleFormHeader Payload: "{\"RequestClass\":\"Rule-HTML-Section\",\"RequestAppliesTo\":\"Rule-Portal\",\"RequestRuleName\":\"RuleFormHeader\"}" => HTTP 200 (183800 bytes)
[PegaHttpClient] 📡 POST https://zdk8budo.pegaacademy.net/prweb/api/CodeIntelligence/v1/rules/query?pxObjClass=Rule-HTML-Section&appliesTo=Rule-Portal&pyRuleName=pzDelegationExperience&RequestClass=Rule-HTML-Section&RequestAppliesTo=Rule-Portal&RequestRuleName=pzDelegationExperience Payload: "{\"RequestClass\":\"Rule-HTML-Section\",\"RequestAppliesTo\":\"Rule-Portal\",\"RequestRuleName\":\"pzDelegationExperience\"}" => HTTP 404 (111 bytes)
[PegaHttpClient] 📡 POST https://zdk8budo.pegaacademy.net/prweb/PRRestService/CodeIntelligence/v1/rules/query?pxObjClass=Rule-HTML-Section&appliesTo=Rule-Portal&pyRuleName=pzDelegationExperience&RequestClass=Rule-HTML-Section&RequestAppliesTo=Rule-Portal&RequestRuleName=pzDelegationExperience Payload: "{\"RequestClass\":\"Rule-HTML-Section\",\"RequestAppliesTo\":\"Rule-Portal\",\"RequestRuleName\":\"pzDelegationExperience\"}" => HTTP 404 (111 bytes)
[PegaHttpClient] 📡 POST https://zdk8budo.pegaacademy.net/prweb/api/HRAppsV2Service/V1/rules/query?pxObjClass=Rule-HTML-Section&appliesTo=Rule-Portal&pyRuleName=pzDelegationExperience&RequestClass=Rule-HTML-Section&RequestAppliesTo=Rule-Portal&RequestRuleName=pzDelegationExperience Payload: "{\"RequestClass\":\"Rule-HTML-Section\",\"RequestAppliesTo\":\"Rule-Portal\",\"RequestRuleName\":\"pzDelegationExperience\"}" => HTTP 404 (18 bytes)
[PegaHttpClient] 📡 POST https://zdk8budo.pegaacademy.net/prweb/PRRestService/HRAppsV2Service/V1/rules/query?pxObjClass=Rule-HTML-Section&appliesTo=Rule-Portal&pyRuleName=pzDelegationExperience&RequestClass=Rule-HTML-Section&RequestAppliesTo=Rule-Portal&RequestRuleName=pzDelegationExperience Payload: "{\"RequestClass\":\"Rule-HTML-Section\",\"RequestAppliesTo\":\"Rule-Portal\",\"RequestRuleName\":\"pzDelegationExperience\"}" => HTTP 404 (18 bytes)
[PegaHttpClient] 📡 POST https://zdk8budo.pegaacademy.net/prweb/api/HRAppsV2/V1/rules/query?pxObjClass=Rule-HTML-Section&appliesTo=Rule-Portal&pyRuleName=pzDelegationExperience&RequestClass=Rule-HTML-Section&RequestAppliesTo=Rule-Portal&RequestRuleName=pzDelegationExperience Payload: "{\"RequestClass\":\"Rule-HTML-Section\",\"RequestAppliesTo\":\"Rule-Portal\",\"RequestRuleName\":\"pzDelegationExperience\"}" => HTTP 404 (18 bytes)
[PegaHttpClient] 📡 POST https://zdk8budo.pegaacademy.net/prweb/PRRestService/HRAppsV2/V1/rules/query?pxObjClass=Rule-HTML-Section&appliesTo=Rule-Portal&pyRuleName=pzDelegationExperience&RequestClass=Rule-HTML-Section&RequestAppliesTo=Rule-Portal&RequestRuleName=pzDelegationExperience Payload: "{\"RequestClass\":\"Rule-HTML-Section\",\"RequestAppliesTo\":\"Rule-Portal\",\"RequestRuleName\":\"pzDelegationExperience\"}" => HTTP 404 (18 bytes)
[PegaHttpClient] 📡 POST https://zdk8budo.pegaacademy.net/prweb/api/v1/rules/query?pxObjClass=Rule-HTML-Section&appliesTo=Rule-Portal&pyRuleName=pzDelegationExperience&RequestClass=Rule-HTML-Section&RequestAppliesTo=Rule-Portal&RequestRuleName=pzDelegationExperience Payload: "{\"RequestClass\":\"Rule-HTML-Section\",\"RequestAppliesTo\":\"Rule-Portal\",\"RequestRuleName\":\"pzDelegationExperience\"}" => HTTP 404 (18 bytes)
[PegaHttpClient] 📡 POST https://zdk8budo.pegaacademy.net/prweb/PRRestService/v1/rules/query?pxObjClass=Rule-HTML-Section&appliesTo=Rule-Portal&pyRuleName=pzDelegationExperience&RequestClass=Rule-HTML-Section&RequestAppliesTo=Rule-Portal&RequestRuleName=pzDelegationExperience Payload: "{\"RequestClass\":\"Rule-HTML-Section\",\"RequestAppliesTo\":\"Rule-Portal\",\"RequestRuleName\":\"pzDelegationExperience\"}" => HTTP 404 (18 bytes)
[PegaHttpClient] 📡 POST https://zdk8budo.pegaacademy.net/prweb/api/CodeIntelligence/v1/rules/query?pxObjClass=Rule-HTML-Section&appliesTo=Rule-Portal&pyRuleName=pzSkins&RequestClass=Rule-HTML-Section&RequestAppliesTo=Rule-Portal&RequestRuleName=pzSkins Payload: "{\"RequestClass\":\"Rule-HTML-Section\",\"RequestAppliesTo\":\"Rule-Portal\",\"RequestRuleName\":\"pzSkins\"}" => HTTP 200 (326850 bytes)
[PegaHttpClient] 📡 POST https://zdk8budo.pegaacademy.net/prweb/api/CodeIntelligence/v1/rules/query?pxObjClass=Rule-HTML-Section&appliesTo=Rule-Portal&pyRuleName=pzPortalContent&RequestClass=Rule-HTML-Section&RequestAppliesTo=Rule-Portal&RequestRuleName=pzPortalContent Payload: "{\"RequestClass\":\"Rule-HTML-Section\",\"RequestAppliesTo\":\"Rule-Portal\",\"RequestRuleName\":\"pzPortalContent\"}" => HTTP 200 (225686 bytes)
[PegaHttpClient] 📡 POST https://zdk8budo.pegaacademy.net/prweb/api/CodeIntelligence/v1/rules/query?pxObjClass=Rule-HTML-Section&appliesTo=Rule-Portal&pyRuleName=pzPortalConfiguration&RequestClass=Rule-HTML-Section&RequestAppliesTo=Rule-Portal&RequestRuleName=pzPortalConfiguration Payload: "{\"RequestClass\":\"Rule-HTML-Section\",\"RequestAppliesTo\":\"Rule-Portal\",\"RequestRuleName\":\"pzPortalConfiguration\"}" => HTTP 200 (216434 bytes)
[PegaHttpClient] 📡 POST https://zdk8budo.pegaacademy.net/prweb/api/CodeIntelligence/v1/rules/query?pxObjClass=Rule-HTML-Section&appliesTo=Rule-Portal&pyRuleName=pzTabs&RequestClass=Rule-HTML-Section&RequestAppliesTo=Rule-Portal&RequestRuleName=pzTabs Payload: "{\"RequestClass\":\"Rule-HTML-Section\",\"RequestAppliesTo\":\"Rule-Portal\",\"RequestRuleName\":\"pzTabs\"}" => HTTP 200 (49910 bytes)
[PegaHttpClient] 📡 POST https://zdk8budo.pegaacademy.net/prweb/api/CodeIntelligence/v1/rules/query?pxObjClass=Rule-HTML-Section&appliesTo=Rule-Portal&pyRuleName=pzCustom&RequestClass=Rule-HTML-Section&RequestAppliesTo=Rule-Portal&RequestRuleName=pzCustom Payload: "{\"RequestClass\":\"Rule-HTML-Section\",\"RequestAppliesTo\":\"Rule-Portal\",\"RequestRuleName\":\"pzCustom\"}" => HTTP 200 (60536 bytes)
[PegaHttpClient] 📡 POST https://zdk8budo.pegaacademy.net/prweb/api/CodeIntelligence/v1/rules/query?pxObjClass=Rule-HTML-Section&appliesTo=Rule-Portal&pyRuleName=pzOptions&RequestClass=Rule-HTML-Section&RequestAppliesTo=Rule-Portal&RequestRuleName=pzOptions Payload: "{\"RequestClass\":\"Rule-HTML-Section\",\"RequestAppliesTo\":\"Rule-Portal\",\"RequestRuleName\":\"pzOptions\"}" => HTTP 200 (132618 bytes)
[PegaHttpClient] 📡 POST https://zdk8budo.pegaacademy.net/prweb/api/CodeIntelligence/v1/rules/query?pxObjClass=Rule-HTML-Section&appliesTo=Rule-Portal&pyRuleName=pzSpecifications&RequestClass=Rule-HTML-Section&RequestAppliesTo=Rule-Portal&RequestRuleName=pzSpecifications Payload: "{\"RequestClass\":\"Rule-HTML-Section\",\"RequestAppliesTo\":\"Rule-Portal\",\"RequestRuleName\":\"pzSpecifications\"}" => HTTP 200 (16577 bytes)
[PegaHttpClient] 📡 POST https://zdk8budo.pegaacademy.net/prweb/api/CodeIntelligence/v1/rules/query?pxObjClass=Rule-HTML-Section&appliesTo=Rule-Portal&pyRuleName=RuleFormHistory&RequestClass=Rule-HTML-Section&RequestAppliesTo=Rule-Portal&RequestRuleName=RuleFormHistory Payload: "{\"RequestClass\":\"Rule-HTML-Section\",\"RequestAppliesTo\":\"Rule-Portal\",\"RequestRuleName\":\"RuleFormHistory\"}" => HTTP 200 (76091 bytes)
[PegaHttpClient] 📡 POST https://zdk8budo.pegaacademy.net/prweb/api/CodeIntelligence/v1/rules/query?pxObjClass=Rule-HTML-Section&appliesTo=Rule-Portal&pyRuleName=pzCustomHelp&RequestClass=Rule-HTML-Section&RequestAppliesTo=Rule-Portal&RequestRuleName=pzCustomHelp Payload: "{\"RequestClass\":\"Rule-HTML-Section\",\"RequestAppliesTo\":\"Rule-Portal\",\"RequestRuleName\":\"pzCustomHelp\"}" => HTTP 200 (31573 bytes)
[PegaHttpClient] 📡 POST https://zdk8budo.pegaacademy.net/prweb/api/CodeIntelligence/v1/rules/query?pxObjClass=Rule-HTML-Section&appliesTo=Rule-Portal&pyRuleName=pzRuleFormKeysAndDescription&RequestClass=Rule-HTML-Section&RequestAppliesTo=Rule-Portal&RequestRuleName=pzRuleFormKeysAndDescription Payload: "{\"RequestClass\":\"Rule-HTML-Section\",\"RequestAppliesTo\":\"Rule-Portal\",\"RequestRuleName\":\"pzRuleFormKeysAndDescription\"}" => HTTP 200 (218057 bytes)
[PegaHttpClient] 📡 POST https://zdk8budo.pegaacademy.net/prweb/api/CodeIntelligence/v1/rules/query?pxObjClass=Rule-HTML-Section&appliesTo=Rule-Portal&pyRuleName=pzRuleFormRuleset&RequestClass=Rule-HTML-Section&RequestAppliesTo=Rule-Portal&RequestRuleName=pzRuleFormRuleset Payload: "{\"RequestClass\":\"Rule-HTML-Section\",\"RequestAppliesTo\":\"Rule-Portal\",\"RequestRuleName\":\"pzRuleFormRuleset\"}" => HTTP 200 (33985 bytes)
[PegaHttpClient] 📡 POST https://zdk8budo.pegaacademy.net/prweb/api/CodeIntelligence/v1/rules/query?pxObjClass=Rule-HTML-Section&appliesTo=Rule-Portal&pyRuleName=undefined&RequestClass=Rule-HTML-Section&RequestAppliesTo=Rule-Portal&RequestRuleName=undefined Payload: "{\"RequestClass\":\"Rule-HTML-Section\",\"RequestAppliesTo\":\"Rule-Portal\",\"RequestRuleName\":\"undefined\"}" => HTTP 404 (98 bytes)
[PegaHttpClient] 📡 POST https://zdk8budo.pegaacademy.net/prweb/PRRestService/CodeIntelligence/v1/rules/query?pxObjClass=Rule-HTML-Section&appliesTo=Rule-Portal&pyRuleName=undefined&RequestClass=Rule-HTML-Section&RequestAppliesTo=Rule-Portal&RequestRuleName=undefined Payload: "{\"RequestClass\":\"Rule-HTML-Section\",\"RequestAppliesTo\":\"Rule-Portal\",\"RequestRuleName\":\"undefined\"}" => HTTP 404 (98 bytes)
[PegaHttpClient] 📡 POST https://zdk8budo.pegaacademy.net/prweb/api/HRAppsV2Service/V1/rules/query?pxObjClass=Rule-HTML-Section&appliesTo=Rule-Portal&pyRuleName=undefined&RequestClass=Rule-HTML-Section&RequestAppliesTo=Rule-Portal&RequestRuleName=undefined Payload: "{\"RequestClass\":\"Rule-HTML-Section\",\"RequestAppliesTo\":\"Rule-Portal\",\"RequestRuleName\":\"undefined\"}" => HTTP 404 (18 bytes)
[PegaHttpClient] 📡 POST https://zdk8budo.pegaacademy.net/prweb/PRRestService/HRAppsV2Service/V1/rules/query?pxObjClass=Rule-HTML-Section&appliesTo=Rule-Portal&pyRuleName=undefined&RequestClass=Rule-HTML-Section&RequestAppliesTo=Rule-Portal&RequestRuleName=undefined Payload: "{\"RequestClass\":\"Rule-HTML-Section\",\"RequestAppliesTo\":\"Rule-Portal\",\"RequestRuleName\":\"undefined\"}" => HTTP 404 (18 bytes)
[PegaHttpClient] 📡 POST https://zdk8budo.pegaacademy.net/prweb/api/HRAppsV2/V1/rules/query?pxObjClass=Rule-HTML-Section&appliesTo=Rule-Portal&pyRuleName=undefined&RequestClass=Rule-HTML-Section&RequestAppliesTo=Rule-Portal&RequestRuleName=undefined Payload: "{\"RequestClass\":\"Rule-HTML-Section\",\"RequestAppliesTo\":\"Rule-Portal\",\"RequestRuleName\":\"undefined\"}" => HTTP 404 (18 bytes)
[PegaHttpClient] 📡 POST https://zdk8budo.pegaacademy.net/prweb/PRRestService/HRAppsV2/V1/rules/query?pxObjClass=Rule-HTML-Section&appliesTo=Rule-Portal&pyRuleName=undefined&RequestClass=Rule-HTML-Section&RequestAppliesTo=Rule-Portal&RequestRuleName=undefined Payload: "{\"RequestClass\":\"Rule-HTML-Section\",\"RequestAppliesTo\":\"Rule-Portal\",\"RequestRuleName\":\"undefined\"}" => HTTP 404 (18 bytes)
[PegaHttpClient] 📡 POST https://zdk8budo.pegaacademy.net/prweb/api/v1/rules/query?pxObjClass=Rule-HTML-Section&appliesTo=Rule-Portal&pyRuleName=undefined&RequestClass=Rule-HTML-Section&RequestAppliesTo=Rule-Portal&RequestRuleName=undefined Payload: "{\"RequestClass\":\"Rule-HTML-Section\",\"RequestAppliesTo\":\"Rule-Portal\",\"RequestRuleName\":\"undefined\"}" => HTTP 404 (18 bytes)
[PegaHttpClient] 📡 POST https://zdk8budo.pegaacademy.net/prweb/PRRestService/v1/rules/query?pxObjClass=Rule-HTML-Section&appliesTo=Rule-Portal&pyRuleName=undefined&RequestClass=Rule-HTML-Section&RequestAppliesTo=Rule-Portal&RequestRuleName=undefined Payload: "{\"RequestClass\":\"Rule-HTML-Section\",\"RequestAppliesTo\":\"Rule-Portal\",\"RequestRuleName\":\"undefined\"}" => HTTP 404 (18 bytes)
[PegaHttpClient] 📡 POST https://zdk8budo.pegaacademy.net/prweb/api/CodeIntelligence/v1/rules/query?pxObjClass=Rule-HTML-Section&appliesTo=Rule-Portal&pyRuleName=pzRuleFormToolbar&RequestClass=Rule-HTML-Section&RequestAppliesTo=Rule-Portal&RequestRuleName=pzRuleFormToolbar Payload: "{\"RequestClass\":\"Rule-HTML-Section\",\"RequestAppliesTo\":\"Rule-Portal\",\"RequestRuleName\":\"pzRuleFormToolbar\"}" => HTTP 200 (242691 bytes)
[PegaHttpClient] 📡 POST https://zdk8budo.pegaacademy.net/prweb/api/CodeIntelligence/v1/rules/query?pxObjClass=Rule-HTML-Section&appliesTo=Rule-Portal&pyRuleName=pzRuleFormToolbarCompare&RequestClass=Rule-HTML-Section&RequestAppliesTo=Rule-Portal&RequestRuleName=pzRuleFormToolbarCompare Payload: "{\"RequestClass\":\"Rule-HTML-Section\",\"RequestAppliesTo\":\"Rule-Portal\",\"RequestRuleName\":\"pzRuleFormToolbarCompare\"}" => HTTP 200 (61925 bytes)
[PegaHttpClient] 📡 POST https://zdk8budo.pegaacademy.net/prweb/api/CodeIntelligence/v1/rules/query?pxObjClass=Rule-HTML-Section&appliesTo=Rule-Portal&pyRuleName=RuleFormHeaderMessages&RequestClass=Rule-HTML-Section&RequestAppliesTo=Rule-Portal&RequestRuleName=RuleFormHeaderMessages Payload: "{\"RequestClass\":\"Rule-HTML-Section\",\"RequestAppliesTo\":\"Rule-Portal\",\"RequestRuleName\":\"RuleFormHeaderMessages\"}" => HTTP 200 (26518 bytes)
[PegaHttpClient] 📡 POST https://zdk8budo.pegaacademy.net/prweb/api/CodeIntelligence/v1/rules/query?pxObjClass=Rule-HTML-Section&appliesTo=Rule-Portal&pyRuleName=pzSpace&RequestClass=Rule-HTML-Section&RequestAppliesTo=Rule-Portal&RequestRuleName=pzSpace Payload: "{\"RequestClass\":\"Rule-HTML-Section\",\"RequestAppliesTo\":\"Rule-Portal\",\"RequestRuleName\":\"pzSpace\"}" => HTTP 404 (96 bytes)
[PegaHttpClient] 📡 POST https://zdk8budo.pegaacademy.net/prweb/PRRestService/CodeIntelligence/v1/rules/query?pxObjClass=Rule-HTML-Section&appliesTo=Rule-Portal&pyRuleName=pzSpace&RequestClass=Rule-HTML-Section&RequestAppliesTo=Rule-Portal&RequestRuleName=pzSpace Payload: "{\"RequestClass\":\"Rule-HTML-Section\",\"RequestAppliesTo\":\"Rule-Portal\",\"RequestRuleName\":\"pzSpace\"}" => HTTP 404 (96 bytes)
[PegaHttpClient] 📡 POST https://zdk8budo.pegaacademy.net/prweb/api/HRAppsV2Service/V1/rules/query?pxObjClass=Rule-HTML-Section&appliesTo=Rule-Portal&pyRuleName=pzSpace&RequestClass=Rule-HTML-Section&RequestAppliesTo=Rule-Portal&RequestRuleName=pzSpace Payload: "{\"RequestClass\":\"Rule-HTML-Section\",\"RequestAppliesTo\":\"Rule-Portal\",\"RequestRuleName\":\"pzSpace\"}" => HTTP 404 (18 bytes)
[PegaHttpClient] 📡 POST https://zdk8budo.pegaacademy.net/prweb/PRRestService/HRAppsV2Service/V1/rules/query?pxObjClass=Rule-HTML-Section&appliesTo=Rule-Portal&pyRuleName=pzSpace&RequestClass=Rule-HTML-Section&RequestAppliesTo=Rule-Portal&RequestRuleName=pzSpace Payload: "{\"RequestClass\":\"Rule-HTML-Section\",\"RequestAppliesTo\":\"Rule-Portal\",\"RequestRuleName\":\"pzSpace\"}" => HTTP 404 (18 bytes)
[PegaHttpClient] 📡 POST https://zdk8budo.pegaacademy.net/prweb/api/HRAppsV2/V1/rules/query?pxObjClass=Rule-HTML-Section&appliesTo=Rule-Portal&pyRuleName=pzSpace&RequestClass=Rule-HTML-Section&RequestAppliesTo=Rule-Portal&RequestRuleName=pzSpace Payload: "{\"RequestClass\":\"Rule-HTML-Section\",\"RequestAppliesTo\":\"Rule-Portal\",\"RequestRuleName\":\"pzSpace\"}" => HTTP 404 (18 bytes)
[PegaHttpClient] 📡 POST https://zdk8budo.pegaacademy.net/prweb/PRRestService/HRAppsV2/V1/rules/query?pxObjClass=Rule-HTML-Section&appliesTo=Rule-Portal&pyRuleName=pzSpace&RequestClass=Rule-HTML-Section&RequestAppliesTo=Rule-Portal&RequestRuleName=pzSpace Payload: "{\"RequestClass\":\"Rule-HTML-Section\",\"RequestAppliesTo\":\"Rule-Portal\",\"RequestRuleName\":\"pzSpace\"}" => HTTP 404 (18 bytes)
[PegaHttpClient] 📡 POST https://zdk8budo.pegaacademy.net/prweb/api/v1/rules/query?pxObjClass=Rule-HTML-Section&appliesTo=Rule-Portal&pyRuleName=pzSpace&RequestClass=Rule-HTML-Section&RequestAppliesTo=Rule-Portal&RequestRuleName=pzSpace Payload: "{\"RequestClass\":\"Rule-HTML-Section\",\"RequestAppliesTo\":\"Rule-Portal\",\"RequestRuleName\":\"pzSpace\"}" => HTTP 404 (18 bytes)
[PegaHttpClient] 📡 POST https://zdk8budo.pegaacademy.net/prweb/PRRestService/v1/rules/query?pxObjClass=Rule-HTML-Section&appliesTo=Rule-Portal&pyRuleName=pzSpace&RequestClass=Rule-HTML-Section&RequestAppliesTo=Rule-Portal&RequestRuleName=pzSpace Payload: "{\"RequestClass\":\"Rule-HTML-Section\",\"RequestAppliesTo\":\"Rule-Portal\",\"RequestRuleName\":\"pzSpace\"}" => HTTP 404 (18 bytes)
[PegaHttpClient] 📡 POST https://zdk8budo.pegaacademy.net/prweb/api/CodeIntelligence/v1/rules/query?pxObjClass=Rule-HTML-Section&appliesTo=Rule-Portal&pyRuleName=pzDefaultShortDescription&RequestClass=Rule-HTML-Section&RequestAppliesTo=Rule-Portal&RequestRuleName=pzDefaultShortDescription Payload: "{\"RequestClass\":\"Rule-HTML-Section\",\"RequestAppliesTo\":\"Rule-Portal\",\"RequestRuleName\":\"pzDefaultShortDescription\"}" => HTTP 200 (17564 bytes)
[PegaHttpClient] 📡 POST https://zdk8budo.pegaacademy.net/prweb/api/CodeIntelligence/v1/rules/query?pxObjClass=Rule-HTML-Section&appliesTo=Rule-Portal&pyRuleName=PORTALPREFERENCES&RequestClass=Rule-HTML-Section&RequestAppliesTo=Rule-Portal&RequestRuleName=PORTALPREFERENCES Payload: "{\"RequestClass\":\"Rule-HTML-Section\",\"RequestAppliesTo\":\"Rule-Portal\",\"RequestRuleName\":\"PORTALPREFERENCES\"}" => HTTP 404 (106 bytes)
[PegaHttpClient] 📡 POST https://zdk8budo.pegaacademy.net/prweb/PRRestService/CodeIntelligence/v1/rules/query?pxObjClass=Rule-HTML-Section&appliesTo=Rule-Portal&pyRuleName=PORTALPREFERENCES&RequestClass=Rule-HTML-Section&RequestAppliesTo=Rule-Portal&RequestRuleName=PORTALPREFERENCES Payload: "{\"RequestClass\":\"Rule-HTML-Section\",\"RequestAppliesTo\":\"Rule-Portal\",\"RequestRuleName\":\"PORTALPREFERENCES\"}" => HTTP 404 (106 bytes)
[PegaHttpClient] 📡 POST https://zdk8budo.pegaacademy.net/prweb/api/HRAppsV2Service/V1/rules/query?pxObjClass=Rule-HTML-Section&appliesTo=Rule-Portal&pyRuleName=PORTALPREFERENCES&RequestClass=Rule-HTML-Section&RequestAppliesTo=Rule-Portal&RequestRuleName=PORTALPREFERENCES Payload: "{\"RequestClass\":\"Rule-HTML-Section\",\"RequestAppliesTo\":\"Rule-Portal\",\"RequestRuleName\":\"PORTALPREFERENCES\"}" => HTTP 404 (18 bytes)
[PegaHttpClient] 📡 POST https://zdk8budo.pegaacademy.net/prweb/PRRestService/HRAppsV2Service/V1/rules/query?pxObjClass=Rule-HTML-Section&appliesTo=Rule-Portal&pyRuleName=PORTALPREFERENCES&RequestClass=Rule-HTML-Section&RequestAppliesTo=Rule-Portal&RequestRuleName=PORTALPREFERENCES Payload: "{\"RequestClass\":\"Rule-HTML-Section\",\"RequestAppliesTo\":\"Rule-Portal\",\"RequestRuleName\":\"PORTALPREFERENCES\"}" => HTTP 404 (18 bytes)
[PegaHttpClient] 📡 POST https://zdk8budo.pegaacademy.net/prweb/api/HRAppsV2/V1/rules/query?pxObjClass=Rule-HTML-Section&appliesTo=Rule-Portal&pyRuleName=PORTALPREFERENCES&RequestClass=Rule-HTML-Section&RequestAppliesTo=Rule-Portal&RequestRuleName=PORTALPREFERENCES Payload: "{\"RequestClass\":\"Rule-HTML-Section\",\"RequestAppliesTo\":\"Rule-Portal\",\"RequestRuleName\":\"PORTALPREFERENCES\"}" => HTTP 404 (18 bytes)
[PegaHttpClient] 📡 POST https://zdk8budo.pegaacademy.net/prweb/PRRestService/HRAppsV2/V1/rules/query?pxObjClass=Rule-HTML-Section&appliesTo=Rule-Portal&pyRuleName=PORTALPREFERENCES&RequestClass=Rule-HTML-Section&RequestAppliesTo=Rule-Portal&RequestRuleName=PORTALPREFERENCES Payload: "{\"RequestClass\":\"Rule-HTML-Section\",\"RequestAppliesTo\":\"Rule-Portal\",\"RequestRuleName\":\"PORTALPREFERENCES\"}" => HTTP 404 (18 bytes)
[PegaHttpClient] 📡 POST https://zdk8budo.pegaacademy.net/prweb/api/v1/rules/query?pxObjClass=Rule-HTML-Section&appliesTo=Rule-Portal&pyRuleName=PORTALPREFERENCES&RequestClass=Rule-HTML-Section&RequestAppliesTo=Rule-Portal&RequestRuleName=PORTALPREFERENCES Payload: "{\"RequestClass\":\"Rule-HTML-Section\",\"RequestAppliesTo\":\"Rule-Portal\",\"RequestRuleName\":\"PORTALPREFERENCES\"}" => HTTP 404 (18 bytes)
[PegaHttpClient] 📡 POST https://zdk8budo.pegaacademy.net/prweb/PRRestService/v1/rules/query?pxObjClass=Rule-HTML-Section&appliesTo=Rule-Portal&pyRuleName=PORTALPREFERENCES&RequestClass=Rule-HTML-Section&RequestAppliesTo=Rule-Portal&RequestRuleName=PORTALPREFERENCES Payload: "{\"RequestClass\":\"Rule-HTML-Section\",\"RequestAppliesTo\":\"Rule-Portal\",\"RequestRuleName\":\"PORTALPREFERENCES\"}" => HTTP 404 (18 bytes)
[PegaHttpClient] 📡 POST https://zdk8budo.pegaacademy.net/prweb/api/CodeIntelligence/v1/rules/query?pxObjClass=Rule-HTML-Section&appliesTo=Rule-Portal&pyRuleName=pxRuleParamsLink&RequestClass=Rule-HTML-Section&RequestAppliesTo=Rule-Portal&RequestRuleName=pxRuleParamsLink Payload: "{\"RequestClass\":\"Rule-HTML-Section\",\"RequestAppliesTo\":\"Rule-Portal\",\"RequestRuleName\":\"pxRuleParamsLink\"}" => HTTP 200 (21584 bytes)
[PegaHttpClient] 📡 POST https://zdk8budo.pegaacademy.net/prweb/api/CodeIntelligence/v1/rules/query?pxObjClass=Rule-HTML-Section&appliesTo=Rule-Portal&pyRuleName=pzShowPage&RequestClass=Rule-HTML-Section&RequestAppliesTo=Rule-Portal&RequestRuleName=pzShowPage Payload: "{\"RequestClass\":\"Rule-HTML-Section\",\"RequestAppliesTo\":\"Rule-Portal\",\"RequestRuleName\":\"pzShowPage\"}" => HTTP 200 (81960 bytes)
[PegaHttpClient] 📡 POST https://zdk8budo.pegaacademy.net/prweb/api/CodeIntelligence/v1/rules/query?pxObjClass=Rule-HTML-Section&appliesTo=Rule-Portal&pyRuleName=pzShowCaseType&RequestClass=Rule-HTML-Section&RequestAppliesTo=Rule-Portal&RequestRuleName=pzShowCaseType Payload: "{\"RequestClass\":\"Rule-HTML-Section\",\"RequestAppliesTo\":\"Rule-Portal\",\"RequestRuleName\":\"pzShowCaseType\"}" => HTTP 404 (103 bytes)
[PegaHttpClient] 📡 POST https://zdk8budo.pegaacademy.net/prweb/PRRestService/CodeIntelligence/v1/rules/query?pxObjClass=Rule-HTML-Section&appliesTo=Rule-Portal&pyRuleName=pzShowCaseType&RequestClass=Rule-HTML-Section&RequestAppliesTo=Rule-Portal&RequestRuleName=pzShowCaseType Payload: "{\"RequestClass\":\"Rule-HTML-Section\",\"RequestAppliesTo\":\"Rule-Portal\",\"RequestRuleName\":\"pzShowCaseType\"}" => HTTP 404 (103 bytes)
[PegaHttpClient] 📡 POST https://zdk8budo.pegaacademy.net/prweb/api/HRAppsV2Service/V1/rules/query?pxObjClass=Rule-HTML-Section&appliesTo=Rule-Portal&pyRuleName=pzShowCaseType&RequestClass=Rule-HTML-Section&RequestAppliesTo=Rule-Portal&RequestRuleName=pzShowCaseType Payload: "{\"RequestClass\":\"Rule-HTML-Section\",\"RequestAppliesTo\":\"Rule-Portal\",\"RequestRuleName\":\"pzShowCaseType\"}" => HTTP 404 (18 bytes)
[PegaHttpClient] 📡 POST https://zdk8budo.pegaacademy.net/prweb/PRRestService/HRAppsV2Service/V1/rules/query?pxObjClass=Rule-HTML-Section&appliesTo=Rule-Portal&pyRuleName=pzShowCaseType&RequestClass=Rule-HTML-Section&RequestAppliesTo=Rule-Portal&RequestRuleName=pzShowCaseType Payload: "{\"RequestClass\":\"Rule-HTML-Section\",\"RequestAppliesTo\":\"Rule-Portal\",\"RequestRuleName\":\"pzShowCaseType\"}" => HTTP 404 (18 bytes)
[PegaHttpClient] 📡 POST https://zdk8budo.pegaacademy.net/prweb/api/HRAppsV2/V1/rules/query?pxObjClass=Rule-HTML-Section&appliesTo=Rule-Portal&pyRuleName=pzShowCaseType&RequestClass=Rule-HTML-Section&RequestAppliesTo=Rule-Portal&RequestRuleName=pzShowCaseType Payload: "{\"RequestClass\":\"Rule-HTML-Section\",\"RequestAppliesTo\":\"Rule-Portal\",\"RequestRuleName\":\"pzShowCaseType\"}" => HTTP 404 (18 bytes)
[PegaHttpClient] 📡 POST https://zdk8budo.pegaacademy.net/prweb/PRRestService/HRAppsV2/V1/rules/query?pxObjClass=Rule-HTML-Section&appliesTo=Rule-Portal&pyRuleName=pzShowCaseType&RequestClass=Rule-HTML-Section&RequestAppliesTo=Rule-Portal&RequestRuleName=pzShowCaseType Payload: "{\"RequestClass\":\"Rule-HTML-Section\",\"RequestAppliesTo\":\"Rule-Portal\",\"RequestRuleName\":\"pzShowCaseType\"}" => HTTP 404 (18 bytes)
[PegaHttpClient] 📡 POST https://zdk8budo.pegaacademy.net/prweb/api/v1/rules/query?pxObjClass=Rule-HTML-Section&appliesTo=Rule-Portal&pyRuleName=pzShowCaseType&RequestClass=Rule-HTML-Section&RequestAppliesTo=Rule-Portal&RequestRuleName=pzShowCaseType Payload: "{\"RequestClass\":\"Rule-HTML-Section\",\"RequestAppliesTo\":\"Rule-Portal\",\"RequestRuleName\":\"pzShowCaseType\"}" => HTTP 404 (18 bytes)
[PegaHttpClient] 📡 POST https://zdk8budo.pegaacademy.net/prweb/PRRestService/v1/rules/query?pxObjClass=Rule-HTML-Section&appliesTo=Rule-Portal&pyRuleName=pzShowCaseType&RequestClass=Rule-HTML-Section&RequestAppliesTo=Rule-Portal&RequestRuleName=pzShowCaseType Payload: "{\"RequestClass\":\"Rule-HTML-Section\",\"RequestAppliesTo\":\"Rule-Portal\",\"RequestRuleName\":\"pzShowCaseType\"}" => HTTP 404 (18 bytes)
[PegaHttpClient] 📡 POST https://zdk8budo.pegaacademy.net/prweb/api/CodeIntelligence/v1/rules/query?pxObjClass=Rule-HTML-Section&appliesTo=Rule-Portal&pyRuleName=pzPortalRuleScripts&RequestClass=Rule-HTML-Section&RequestAppliesTo=Rule-Portal&RequestRuleName=pzPortalRuleScripts Payload: "{\"RequestClass\":\"Rule-HTML-Section\",\"RequestAppliesTo\":\"Rule-Portal\",\"RequestRuleName\":\"pzPortalRuleScripts\"}" => HTTP 200 (18915 bytes)
[PegaHttpClient] 📡 POST https://zdk8budo.pegaacademy.net/prweb/api/CodeIntelligence/v1/rules/query?pxObjClass=Rule-HTML-Section&appliesTo=Rule-Portal&pyRuleName=pzConfigureAppView&RequestClass=Rule-HTML-Section&RequestAppliesTo=Rule-Portal&RequestRuleName=pzConfigureAppView Payload: "{\"RequestClass\":\"Rule-HTML-Section\",\"RequestAppliesTo\":\"Rule-Portal\",\"RequestRuleName\":\"pzConfigureAppView\"}" => HTTP 404 (107 bytes)
[PegaHttpClient] 📡 POST https://zdk8budo.pegaacademy.net/prweb/PRRestService/CodeIntelligence/v1/rules/query?pxObjClass=Rule-HTML-Section&appliesTo=Rule-Portal&pyRuleName=pzConfigureAppView&RequestClass=Rule-HTML-Section&RequestAppliesTo=Rule-Portal&RequestRuleName=pzConfigureAppView Payload: "{\"RequestClass\":\"Rule-HTML-Section\",\"RequestAppliesTo\":\"Rule-Portal\",\"RequestRuleName\":\"pzConfigureAppView\"}" => HTTP 404 (107 bytes)
[PegaHttpClient] 📡 POST https://zdk8budo.pegaacademy.net/prweb/api/HRAppsV2Service/V1/rules/query?pxObjClass=Rule-HTML-Section&appliesTo=Rule-Portal&pyRuleName=pzConfigureAppView&RequestClass=Rule-HTML-Section&RequestAppliesTo=Rule-Portal&RequestRuleName=pzConfigureAppView Payload: "{\"RequestClass\":\"Rule-HTML-Section\",\"RequestAppliesTo\":\"Rule-Portal\",\"RequestRuleName\":\"pzConfigureAppView\"}" => HTTP 404 (18 bytes)
[PegaHttpClient] 📡 POST https://zdk8budo.pegaacademy.net/prweb/PRRestService/HRAppsV2Service/V1/rules/query?pxObjClass=Rule-HTML-Section&appliesTo=Rule-Portal&pyRuleName=pzConfigureAppView&RequestClass=Rule-HTML-Section&RequestAppliesTo=Rule-Portal&RequestRuleName=pzConfigureAppView Payload: "{\"RequestClass\":\"Rule-HTML-Section\",\"RequestAppliesTo\":\"Rule-Portal\",\"RequestRuleName\":\"pzConfigureAppView\"}" => HTTP 404 (18 bytes)
[PegaHttpClient] 📡 POST https://zdk8budo.pegaacademy.net/prweb/api/HRAppsV2/V1/rules/query?pxObjClass=Rule-HTML-Section&appliesTo=Rule-Portal&pyRuleName=pzConfigureAppView&RequestClass=Rule-HTML-Section&RequestAppliesTo=Rule-Portal&RequestRuleName=pzConfigureAppView Payload: "{\"RequestClass\":\"Rule-HTML-Section\",\"RequestAppliesTo\":\"Rule-Portal\",\"RequestRuleName\":\"pzConfigureAppView\"}" => HTTP 404 (18 bytes)
[PegaHttpClient] 📡 POST https://zdk8budo.pegaacademy.net/prweb/PRRestService/HRAppsV2/V1/rules/query?pxObjClass=Rule-HTML-Section&appliesTo=Rule-Portal&pyRuleName=pzConfigureAppView&RequestClass=Rule-HTML-Section&RequestAppliesTo=Rule-Portal&RequestRuleName=pzConfigureAppView Payload: "{\"RequestClass\":\"Rule-HTML-Section\",\"RequestAppliesTo\":\"Rule-Portal\",\"RequestRuleName\":\"pzConfigureAppView\"}" => HTTP 404 (18 bytes)
[PegaHttpClient] 📡 POST https://zdk8budo.pegaacademy.net/prweb/api/v1/rules/query?pxObjClass=Rule-HTML-Section&appliesTo=Rule-Portal&pyRuleName=pzConfigureAppView&RequestClass=Rule-HTML-Section&RequestAppliesTo=Rule-Portal&RequestRuleName=pzConfigureAppView Payload: "{\"RequestClass\":\"Rule-HTML-Section\",\"RequestAppliesTo\":\"Rule-Portal\",\"RequestRuleName\":\"pzConfigureAppView\"}" => HTTP 404 (18 bytes)
[PegaHttpClient] 📡 POST https://zdk8budo.pegaacademy.net/prweb/PRRestService/v1/rules/query?pxObjClass=Rule-HTML-Section&appliesTo=Rule-Portal&pyRuleName=pzConfigureAppView&RequestClass=Rule-HTML-Section&RequestAppliesTo=Rule-Portal&RequestRuleName=pzConfigureAppView Payload: "{\"RequestClass\":\"Rule-HTML-Section\",\"RequestAppliesTo\":\"Rule-Portal\",\"RequestRuleName\":\"pzConfigureAppView\"}" => HTTP 404 (18 bytes)
[PegaHttpClient] 📡 POST https://zdk8budo.pegaacademy.net/prweb/api/CodeIntelligence/v1/rules/query?pxObjClass=Rule-HTML-Section&appliesTo=Rule-Portal&pyRuleName=pzHeading&RequestClass=Rule-HTML-Section&RequestAppliesTo=Rule-Portal&RequestRuleName=pzHeading Payload: "{\"RequestClass\":\"Rule-HTML-Section\",\"RequestAppliesTo\":\"Rule-Portal\",\"RequestRuleName\":\"pzHeading\"}" => HTTP 404 (98 bytes)
[PegaHttpClient] 📡 POST https://zdk8budo.pegaacademy.net/prweb/PRRestService/CodeIntelligence/v1/rules/query?pxObjClass=Rule-HTML-Section&appliesTo=Rule-Portal&pyRuleName=pzHeading&RequestClass=Rule-HTML-Section&RequestAppliesTo=Rule-Portal&RequestRuleName=pzHeading Payload: "{\"RequestClass\":\"Rule-HTML-Section\",\"RequestAppliesTo\":\"Rule-Portal\",\"RequestRuleName\":\"pzHeading\"}" => HTTP 404 (98 bytes)
[PegaHttpClient] 📡 POST https://zdk8budo.pegaacademy.net/prweb/api/HRAppsV2Service/V1/rules/query?pxObjClass=Rule-HTML-Section&appliesTo=Rule-Portal&pyRuleName=pzHeading&RequestClass=Rule-HTML-Section&RequestAppliesTo=Rule-Portal&RequestRuleName=pzHeading Payload: "{\"RequestClass\":\"Rule-HTML-Section\",\"RequestAppliesTo\":\"Rule-Portal\",\"RequestRuleName\":\"pzHeading\"}" => HTTP 404 (18 bytes)
[PegaHttpClient] 📡 POST https://zdk8budo.pegaacademy.net/prweb/PRRestService/HRAppsV2Service/V1/rules/query?pxObjClass=Rule-HTML-Section&appliesTo=Rule-Portal&pyRuleName=pzHeading&RequestClass=Rule-HTML-Section&RequestAppliesTo=Rule-Portal&RequestRuleName=pzHeading Payload: "{\"RequestClass\":\"Rule-HTML-Section\",\"RequestAppliesTo\":\"Rule-Portal\",\"RequestRuleName\":\"pzHeading\"}" => HTTP 404 (18 bytes)
[PegaHttpClient] 📡 POST https://zdk8budo.pegaacademy.net/prweb/api/HRAppsV2/V1/rules/query?pxObjClass=Rule-HTML-Section&appliesTo=Rule-Portal&pyRuleName=pzHeading&RequestClass=Rule-HTML-Section&RequestAppliesTo=Rule-Portal&RequestRuleName=pzHeading Payload: "{\"RequestClass\":\"Rule-HTML-Section\",\"RequestAppliesTo\":\"Rule-Portal\",\"RequestRuleName\":\"pzHeading\"}" => HTTP 404 (18 bytes)
[PegaHttpClient] 📡 POST https://zdk8budo.pegaacademy.net/prweb/PRRestService/HRAppsV2/V1/rules/query?pxObjClass=Rule-HTML-Section&appliesTo=Rule-Portal&pyRuleName=pzHeading&RequestClass=Rule-HTML-Section&RequestAppliesTo=Rule-Portal&RequestRuleName=pzHeading Payload: "{\"RequestClass\":\"Rule-HTML-Section\",\"RequestAppliesTo\":\"Rule-Portal\",\"RequestRuleName\":\"pzHeading\"}" => HTTP 404 (18 bytes)
[PegaHttpClient] 📡 POST https://zdk8budo.pegaacademy.net/prweb/api/v1/rules/query?pxObjClass=Rule-HTML-Section&appliesTo=Rule-Portal&pyRuleName=pzHeading&RequestClass=Rule-HTML-Section&RequestAppliesTo=Rule-Portal&RequestRuleName=pzHeading Payload: "{\"RequestClass\":\"Rule-HTML-Section\",\"RequestAppliesTo\":\"Rule-Portal\",\"RequestRuleName\":\"pzHeading\"}" => HTTP 404 (18 bytes)
[PegaHttpClient] 📡 POST https://zdk8budo.pegaacademy.net/prweb/PRRestService/v1/rules/query?pxObjClass=Rule-HTML-Section&appliesTo=Rule-Portal&pyRuleName=pzHeading&RequestClass=Rule-HTML-Section&RequestAppliesTo=Rule-Portal&RequestRuleName=pzHeading Payload: "{\"RequestClass\":\"Rule-HTML-Section\",\"RequestAppliesTo\":\"Rule-Portal\",\"RequestRuleName\":\"pzHeading\"}" => HTTP 404 (18 bytes)
[PegaHttpClient] 📡 POST https://zdk8budo.pegaacademy.net/prweb/api/CodeIntelligence/v1/rules/query?pxObjClass=Rule-HTML-Section&appliesTo=Rule-Portal&pyRuleName=pzSpecificationsInner&RequestClass=Rule-HTML-Section&RequestAppliesTo=Rule-Portal&RequestRuleName=pzSpecificationsInner Payload: "{\"RequestClass\":\"Rule-HTML-Section\",\"RequestAppliesTo\":\"Rule-Portal\",\"RequestRuleName\":\"pzSpecificationsInner\"}" => HTTP 200 (142370 bytes)
[PegaHttpClient] 📡 POST https://zdk8budo.pegaacademy.net/prweb/api/CodeIntelligence/v1/rules/query?pxObjClass=Rule-HTML-Section&appliesTo=Rule-Portal&pyRuleName=pzAlternateRuleInfo&RequestClass=Rule-HTML-Section&RequestAppliesTo=Rule-Portal&RequestRuleName=pzAlternateRuleInfo Payload: "{\"RequestClass\":\"Rule-HTML-Section\",\"RequestAppliesTo\":\"Rule-Portal\",\"RequestRuleName\":\"pzAlternateRuleInfo\"}" => HTTP 200 (140407 bytes)
[PegaHttpClient] 📡 POST https://zdk8budo.pegaacademy.net/prweb/api/CodeIntelligence/v1/rules/query?pxObjClass=Rule-HTML-Section&appliesTo=Rule-Portal&pyRuleName=RuleFormHistory_Description&RequestClass=Rule-HTML-Section&RequestAppliesTo=Rule-Portal&RequestRuleName=RuleFormHistory_Description Payload: "{\"RequestClass\":\"Rule-HTML-Section\",\"RequestAppliesTo\":\"Rule-Portal\",\"RequestRuleName\":\"RuleFormHistory_Description\"}" => HTTP 200 (46242 bytes)
[PegaHttpClient] 📡 POST https://zdk8budo.pegaacademy.net/prweb/api/CodeIntelligence/v1/rules/query?pxObjClass=Rule-HTML-Section&appliesTo=Rule-Portal&pyRuleName=RuleFormHistory_CustomFields&RequestClass=Rule-HTML-Section&RequestAppliesTo=Rule-Portal&RequestRuleName=RuleFormHistory_CustomFields Payload: "{\"RequestClass\":\"Rule-HTML-Section\",\"RequestAppliesTo\":\"Rule-Portal\",\"RequestRuleName\":\"RuleFormHistory_CustomFields\"}" => HTTP 200 (75856 bytes)
[PegaHttpClient] 📡 POST https://zdk8budo.pegaacademy.net/prweb/api/CodeIntelligence/v1/rules/query?pxObjClass=Rule-HTML-Section&appliesTo=Rule-Portal&pyRuleName=RuleFormHistory_HistoryDetails&RequestClass=Rule-HTML-Section&RequestAppliesTo=Rule-Portal&RequestRuleName=RuleFormHistory_HistoryDetails Payload: "{\"RequestClass\":\"Rule-HTML-Section\",\"RequestAppliesTo\":\"Rule-Portal\",\"RequestRuleName\":\"RuleFormHistory_HistoryDetails\"}" => HTTP 200 (179535 bytes)
[PegaHttpClient] 📡 POST https://zdk8budo.pegaacademy.net/prweb/api/CodeIntelligence/v1/rules/query?pxObjClass=Rule-HTML-Section&appliesTo=Rule-Portal&pyRuleName=pzRuleFormStatus&RequestClass=Rule-HTML-Section&RequestAppliesTo=Rule-Portal&RequestRuleName=pzRuleFormStatus Payload: "{\"RequestClass\":\"Rule-HTML-Section\",\"RequestAppliesTo\":\"Rule-Portal\",\"RequestRuleName\":\"pzRuleFormStatus\"}" => HTTP 200 (97627 bytes)
[PegaHttpClient] 📡 POST https://zdk8budo.pegaacademy.net/prweb/api/CodeIntelligence/v1/rules/query?pxObjClass=Rule-HTML-Section&appliesTo=Rule-Portal&pyRuleName=pzRuleFormHeaderCompareWithDropDown&RequestClass=Rule-HTML-Section&RequestAppliesTo=Rule-Portal&RequestRuleName=pzRuleFormHeaderCompareWithDropDown Payload: "{\"RequestClass\":\"Rule-HTML-Section\",\"RequestAppliesTo\":\"Rule-Portal\",\"RequestRuleName\":\"pzRuleFormHeaderCompareWithDropDown\"}" => HTTP 200 (25396 bytes)
[PegaHttpClient] 📡 POST https://zdk8budo.pegaacademy.net/prweb/api/CodeIntelligence/v1/rules/query?pxObjClass=Rule-HTML-Section&appliesTo=Rule-Portal&pyRuleName=undefined&RequestClass=Rule-HTML-Section&RequestAppliesTo=Rule-Portal&RequestRuleName=undefined Payload: "{\"RequestClass\":\"Rule-HTML-Section\",\"RequestAppliesTo\":\"Rule-Portal\",\"RequestRuleName\":\"undefined\"}" => HTTP 404 (98 bytes)
[PegaHttpClient] 📡 POST https://zdk8budo.pegaacademy.net/prweb/PRRestService/CodeIntelligence/v1/rules/query?pxObjClass=Rule-HTML-Section&appliesTo=Rule-Portal&pyRuleName=undefined&RequestClass=Rule-HTML-Section&RequestAppliesTo=Rule-Portal&RequestRuleName=undefined Payload: "{\"RequestClass\":\"Rule-HTML-Section\",\"RequestAppliesTo\":\"Rule-Portal\",\"RequestRuleName\":\"undefined\"}" => HTTP 404 (98 bytes)
[PegaHttpClient] 📡 POST https://zdk8budo.pegaacademy.net/prweb/api/HRAppsV2Service/V1/rules/query?pxObjClass=Rule-HTML-Section&appliesTo=Rule-Portal&pyRuleName=undefined&RequestClass=Rule-HTML-Section&RequestAppliesTo=Rule-Portal&RequestRuleName=undefined Payload: "{\"RequestClass\":\"Rule-HTML-Section\",\"RequestAppliesTo\":\"Rule-Portal\",\"RequestRuleName\":\"undefined\"}" => HTTP 404 (18 bytes)
[PegaHttpClient] 📡 POST https://zdk8budo.pegaacademy.net/prweb/PRRestService/HRAppsV2Service/V1/rules/query?pxObjClass=Rule-HTML-Section&appliesTo=Rule-Portal&pyRuleName=undefined&RequestClass=Rule-HTML-Section&RequestAppliesTo=Rule-Portal&RequestRuleName=undefined Payload: "{\"RequestClass\":\"Rule-HTML-Section\",\"RequestAppliesTo\":\"Rule-Portal\",\"RequestRuleName\":\"undefined\"}" => HTTP 404 (18 bytes)
[PegaHttpClient] 📡 POST https://zdk8budo.pegaacademy.net/prweb/api/HRAppsV2/V1/rules/query?pxObjClass=Rule-HTML-Section&appliesTo=Rule-Portal&pyRuleName=undefined&RequestClass=Rule-HTML-Section&RequestAppliesTo=Rule-Portal&RequestRuleName=undefined Payload: "{\"RequestClass\":\"Rule-HTML-Section\",\"RequestAppliesTo\":\"Rule-Portal\",\"RequestRuleName\":\"undefined\"}" => HTTP 404 (18 bytes)
[PegaHttpClient] 📡 POST https://zdk8budo.pegaacademy.net/prweb/PRRestService/HRAppsV2/V1/rules/query?pxObjClass=Rule-HTML-Section&appliesTo=Rule-Portal&pyRuleName=undefined&RequestClass=Rule-HTML-Section&RequestAppliesTo=Rule-Portal&RequestRuleName=undefined Payload: "{\"RequestClass\":\"Rule-HTML-Section\",\"RequestAppliesTo\":\"Rule-Portal\",\"RequestRuleName\":\"undefined\"}" => HTTP 404 (18 bytes)
[PegaHttpClient] 📡 POST https://zdk8budo.pegaacademy.net/prweb/api/v1/rules/query?pxObjClass=Rule-HTML-Section&appliesTo=Rule-Portal&pyRuleName=undefined&RequestClass=Rule-HTML-Section&RequestAppliesTo=Rule-Portal&RequestRuleName=undefined Payload: "{\"RequestClass\":\"Rule-HTML-Section\",\"RequestAppliesTo\":\"Rule-Portal\",\"RequestRuleName\":\"undefined\"}" => HTTP 404 (18 bytes)
[PegaHttpClient] 📡 POST https://zdk8budo.pegaacademy.net/prweb/PRRestService/v1/rules/query?pxObjClass=Rule-HTML-Section&appliesTo=Rule-Portal&pyRuleName=undefined&RequestClass=Rule-HTML-Section&RequestAppliesTo=Rule-Portal&RequestRuleName=undefined Payload: "{\"RequestClass\":\"Rule-HTML-Section\",\"RequestAppliesTo\":\"Rule-Portal\",\"RequestRuleName\":\"undefined\"}" => HTTP 404 (18 bytes)
[PegaHttpClient] 📡 POST https://zdk8budo.pegaacademy.net/prweb/api/CodeIntelligence/v1/rules/query?pxObjClass=Rule-HTML-Section&appliesTo=Rule-Portal&pyRuleName=pzRuleFormToolbarHotKeys&RequestClass=Rule-HTML-Section&RequestAppliesTo=Rule-Portal&RequestRuleName=pzRuleFormToolbarHotKeys Payload: "{\"RequestClass\":\"Rule-HTML-Section\",\"RequestAppliesTo\":\"Rule-Portal\",\"RequestRuleName\":\"pzRuleFormToolbarHotKeys\"}" => HTTP 200 (85058 bytes)
[PegaHttpClient] 📡 POST https://zdk8budo.pegaacademy.net/prweb/api/CodeIntelligence/v1/rules/query?pxObjClass=Rule-HTML-Section&appliesTo=Rule-Portal&pyRuleName=pzRuleFormToolbarLockedIcon&RequestClass=Rule-HTML-Section&RequestAppliesTo=Rule-Portal&RequestRuleName=pzRuleFormToolbarLockedIcon Payload: "{\"RequestClass\":\"Rule-HTML-Section\",\"RequestAppliesTo\":\"Rule-Portal\",\"RequestRuleName\":\"pzRuleFormToolbarLockedIcon\"}" => HTTP 200 (24898 bytes)
[PegaHttpClient] 📡 POST https://zdk8budo.pegaacademy.net/prweb/api/CodeIntelligence/v1/rules/query?pxObjClass=Rule-HTML-Section&appliesTo=Rule-Portal&pyRuleName=pzRuleFormToolbarCollaborators&RequestClass=Rule-HTML-Section&RequestAppliesTo=Rule-Portal&RequestRuleName=pzRuleFormToolbarCollaborators Payload: "{\"RequestClass\":\"Rule-HTML-Section\",\"RequestAppliesTo\":\"Rule-Portal\",\"RequestRuleName\":\"pzRuleFormToolbarCollaborators\"}" => HTTP 200 (15254 bytes)
[PegaHttpClient] 📡 POST https://zdk8budo.pegaacademy.net/prweb/api/CodeIntelligence/v1/rules/query?pxObjClass=Rule-HTML-Section&appliesTo=Rule-Portal&pyRuleName=pzRuleFormToolbarSaveAs&RequestClass=Rule-HTML-Section&RequestAppliesTo=Rule-Portal&RequestRuleName=pzRuleFormToolbarSaveAs Payload: "{\"RequestClass\":\"Rule-HTML-Section\",\"RequestAppliesTo\":\"Rule-Portal\",\"RequestRuleName\":\"pzRuleFormToolbarSaveAs\"}" => HTTP 200 (64084 bytes)
[PegaHttpClient] 📡 POST https://zdk8budo.pegaacademy.net/prweb/api/CodeIntelligence/v1/rules/query?pxObjClass=Rule-HTML-Section&appliesTo=Rule-Portal&pyRuleName=pzRuleFormToolbarCheckin&RequestClass=Rule-HTML-Section&RequestAppliesTo=Rule-Portal&RequestRuleName=pzRuleFormToolbarCheckin Payload: "{\"RequestClass\":\"Rule-HTML-Section\",\"RequestAppliesTo\":\"Rule-Portal\",\"RequestRuleName\":\"pzRuleFormToolbarCheckin\"}" => HTTP 200 (119096 bytes)
[PegaHttpClient] 📡 POST https://zdk8budo.pegaacademy.net/prweb/api/CodeIntelligence/v1/rules/query?pxObjClass=Rule-HTML-Section&appliesTo=Rule-Portal&pyRuleName=pzRuleFormToolbarDelete&RequestClass=Rule-HTML-Section&RequestAppliesTo=Rule-Portal&RequestRuleName=pzRuleFormToolbarDelete Payload: "{\"RequestClass\":\"Rule-HTML-Section\",\"RequestAppliesTo\":\"Rule-Portal\",\"RequestRuleName\":\"pzRuleFormToolbarDelete\"}" => HTTP 200 (30249 bytes)
[PegaHttpClient] 📡 POST https://zdk8budo.pegaacademy.net/prweb/api/CodeIntelligence/v1/rules/query?pxObjClass=Rule-HTML-Section&appliesTo=Rule-Portal&pyRuleName=pzRuleFormToolbarSave&RequestClass=Rule-HTML-Section&RequestAppliesTo=Rule-Portal&RequestRuleName=pzRuleFormToolbarSave Payload: "{\"RequestClass\":\"Rule-HTML-Section\",\"RequestAppliesTo\":\"Rule-Portal\",\"RequestRuleName\":\"pzRuleFormToolbarSave\"}" => HTTP 200 (293885 bytes)
[PegaHttpClient] 📡 POST https://zdk8budo.pegaacademy.net/prweb/api/CodeIntelligence/v1/rules/query?pxObjClass=Rule-HTML-Section&appliesTo=Rule-Portal&pyRuleName=pzRuleFormToolbarCheckout&RequestClass=Rule-HTML-Section&RequestAppliesTo=Rule-Portal&RequestRuleName=pzRuleFormToolbarCheckout Payload: "{\"RequestClass\":\"Rule-HTML-Section\",\"RequestAppliesTo\":\"Rule-Portal\",\"RequestRuleName\":\"pzRuleFormToolbarCheckout\"}" => HTTP 200 (238148 bytes)
[PegaHttpClient] 📡 POST https://zdk8budo.pegaacademy.net/prweb/api/CodeIntelligence/v1/rules/query?pxObjClass=Rule-HTML-Section&appliesTo=Rule-Portal&pyRuleName=pzRemoveErrorsDataPage&RequestClass=Rule-HTML-Section&RequestAppliesTo=Rule-Portal&RequestRuleName=pzRemoveErrorsDataPage Payload: "{\"RequestClass\":\"Rule-HTML-Section\",\"RequestAppliesTo\":\"Rule-Portal\",\"RequestRuleName\":\"pzRemoveErrorsDataPage\"}" => HTTP 200 (16733 bytes)
[PegaHttpClient] 📡 POST https://zdk8budo.pegaacademy.net/prweb/api/CodeIntelligence/v1/rules/query?pxObjClass=Rule-HTML-Section&appliesTo=Rule-Portal&pyRuleName=pzRuleFormHeaderMessagesWrapper&RequestClass=Rule-HTML-Section&RequestAppliesTo=Rule-Portal&RequestRuleName=pzRuleFormHeaderMessagesWrapper Payload: "{\"RequestClass\":\"Rule-HTML-Section\",\"RequestAppliesTo\":\"Rule-Portal\",\"RequestRuleName\":\"pzRuleFormHeaderMessagesWrapper\"}" => HTTP 200 (16981 bytes)
[PegaHttpClient] 📡 POST https://zdk8budo.pegaacademy.net/prweb/api/CodeIntelligence/v1/rules/query?pxObjClass=Rule-HTML-Section&appliesTo=Rule-Portal&pyRuleName=pzSpecificationName&RequestClass=Rule-HTML-Section&RequestAppliesTo=Rule-Portal&RequestRuleName=pzSpecificationName Payload: "{\"RequestClass\":\"Rule-HTML-Section\",\"RequestAppliesTo\":\"Rule-Portal\",\"RequestRuleName\":\"pzSpecificationName\"}" => HTTP 404 (108 bytes)
[PegaHttpClient] 📡 POST https://zdk8budo.pegaacademy.net/prweb/PRRestService/CodeIntelligence/v1/rules/query?pxObjClass=Rule-HTML-Section&appliesTo=Rule-Portal&pyRuleName=pzSpecificationName&RequestClass=Rule-HTML-Section&RequestAppliesTo=Rule-Portal&RequestRuleName=pzSpecificationName Payload: "{\"RequestClass\":\"Rule-HTML-Section\",\"RequestAppliesTo\":\"Rule-Portal\",\"RequestRuleName\":\"pzSpecificationName\"}" => HTTP 404 (108 bytes)
[PegaHttpClient] 📡 POST https://zdk8budo.pegaacademy.net/prweb/api/HRAppsV2Service/V1/rules/query?pxObjClass=Rule-HTML-Section&appliesTo=Rule-Portal&pyRuleName=pzSpecificationName&RequestClass=Rule-HTML-Section&RequestAppliesTo=Rule-Portal&RequestRuleName=pzSpecificationName Payload: "{\"RequestClass\":\"Rule-HTML-Section\",\"RequestAppliesTo\":\"Rule-Portal\",\"RequestRuleName\":\"pzSpecificationName\"}" => HTTP 404 (18 bytes)
[PegaHttpClient] 📡 POST https://zdk8budo.pegaacademy.net/prweb/PRRestService/HRAppsV2Service/V1/rules/query?pxObjClass=Rule-HTML-Section&appliesTo=Rule-Portal&pyRuleName=pzSpecificationName&RequestClass=Rule-HTML-Section&RequestAppliesTo=Rule-Portal&RequestRuleName=pzSpecificationName Payload: "{\"RequestClass\":\"Rule-HTML-Section\",\"RequestAppliesTo\":\"Rule-Portal\",\"RequestRuleName\":\"pzSpecificationName\"}" => HTTP 404 (18 bytes)
[PegaHttpClient] 📡 POST https://zdk8budo.pegaacademy.net/prweb/api/HRAppsV2/V1/rules/query?pxObjClass=Rule-HTML-Section&appliesTo=Rule-Portal&pyRuleName=pzSpecificationName&RequestClass=Rule-HTML-Section&RequestAppliesTo=Rule-Portal&RequestRuleName=pzSpecificationName Payload: "{\"RequestClass\":\"Rule-HTML-Section\",\"RequestAppliesTo\":\"Rule-Portal\",\"RequestRuleName\":\"pzSpecificationName\"}" => HTTP 404 (18 bytes)
[PegaHttpClient] 📡 POST https://zdk8budo.pegaacademy.net/prweb/PRRestService/HRAppsV2/V1/rules/query?pxObjClass=Rule-HTML-Section&appliesTo=Rule-Portal&pyRuleName=pzSpecificationName&RequestClass=Rule-HTML-Section&RequestAppliesTo=Rule-Portal&RequestRuleName=pzSpecificationName Payload: "{\"RequestClass\":\"Rule-HTML-Section\",\"RequestAppliesTo\":\"Rule-Portal\",\"RequestRuleName\":\"pzSpecificationName\"}" => HTTP 404 (18 bytes)
[PegaHttpClient] 📡 POST https://zdk8budo.pegaacademy.net/prweb/api/v1/rules/query?pxObjClass=Rule-HTML-Section&appliesTo=Rule-Portal&pyRuleName=pzSpecificationName&RequestClass=Rule-HTML-Section&RequestAppliesTo=Rule-Portal&RequestRuleName=pzSpecificationName Payload: "{\"RequestClass\":\"Rule-HTML-Section\",\"RequestAppliesTo\":\"Rule-Portal\",\"RequestRuleName\":\"pzSpecificationName\"}" => HTTP 404 (18 bytes)
[PegaHttpClient] 📡 POST https://zdk8budo.pegaacademy.net/prweb/PRRestService/v1/rules/query?pxObjClass=Rule-HTML-Section&appliesTo=Rule-Portal&pyRuleName=pzSpecificationName&RequestClass=Rule-HTML-Section&RequestAppliesTo=Rule-Portal&RequestRuleName=pzSpecificationName Payload: "{\"RequestClass\":\"Rule-HTML-Section\",\"RequestAppliesTo\":\"Rule-Portal\",\"RequestRuleName\":\"pzSpecificationName\"}" => HTTP 404 (18 bytes)
[PegaHttpClient] 📡 POST https://zdk8budo.pegaacademy.net/prweb/api/CodeIntelligence/v1/rules/query?pxObjClass=Rule-HTML-Section&appliesTo=Rule-Portal&pyRuleName=pzScm_RuleHistory&RequestClass=Rule-HTML-Section&RequestAppliesTo=Rule-Portal&RequestRuleName=pzScm_RuleHistory Payload: "{\"RequestClass\":\"Rule-HTML-Section\",\"RequestAppliesTo\":\"Rule-Portal\",\"RequestRuleName\":\"pzScm_RuleHistory\"}" => HTTP 200 (14682 bytes)
[PegaHttpClient] 📡 POST https://zdk8budo.pegaacademy.net/prweb/api/CodeIntelligence/v1/rules/query?pxObjClass=Rule-HTML-Section&appliesTo=Rule-Portal&pyRuleName=pxDisplayCollaborators&RequestClass=Rule-HTML-Section&RequestAppliesTo=Rule-Portal&RequestRuleName=pxDisplayCollaborators Payload: "{\"RequestClass\":\"Rule-HTML-Section\",\"RequestAppliesTo\":\"Rule-Portal\",\"RequestRuleName\":\"pxDisplayCollaborators\"}" => HTTP 200 (94171 bytes)
[PegaHttpClient] 📡 POST https://zdk8budo.pegaacademy.net/prweb/api/CodeIntelligence/v1/rules/query?pxObjClass=Rule-HTML-Section&appliesTo=Rule-Portal&pyRuleName=pzRuleFormToolbarDeleteCheckOut&RequestClass=Rule-HTML-Section&RequestAppliesTo=Rule-Portal&RequestRuleName=pzRuleFormToolbarDeleteCheckOut Payload: "{\"RequestClass\":\"Rule-HTML-Section\",\"RequestAppliesTo\":\"Rule-Portal\",\"RequestRuleName\":\"pzRuleFormToolbarDeleteCheckOut\"}" => HTTP 200 (29433 bytes)
[PegaHttpClient] 📡 POST https://zdk8budo.pegaacademy.net/prweb/api/CodeIntelligence/v1/rules/query?pxObjClass=Rule-HTML-Section&appliesTo=Rule-Portal&pyRuleName=pzRuleFormToolbarDeleteRule&RequestClass=Rule-HTML-Section&RequestAppliesTo=Rule-Portal&RequestRuleName=pzRuleFormToolbarDeleteRule Payload: "{\"RequestClass\":\"Rule-HTML-Section\",\"RequestAppliesTo\":\"Rule-Portal\",\"RequestRuleName\":\"pzRuleFormToolbarDeleteRule\"}" => HTTP 200 (32314 bytes)
[PegaHttpClient] 📡 POST https://zdk8budo.pegaacademy.net/prweb/api/CodeIntelligence/v1/rules/query?pxObjClass=Rule-HTML-Section&appliesTo=Rule-Portal&pyRuleName=pzLoadCollaborationScripts&RequestClass=Rule-HTML-Section&RequestAppliesTo=Rule-Portal&RequestRuleName=pzLoadCollaborationScripts Payload: "{\"RequestClass\":\"Rule-HTML-Section\",\"RequestAppliesTo\":\"Rule-Portal\",\"RequestRuleName\":\"pzLoadCollaborationScripts\"}" => HTTP 200 (23453 bytes)
[PegaHttpClient] 📡 POST https://zdk8budo.pegaacademy.net/prweb/api/CodeIntelligence/v1/rules/query?pxObjClass=Rule-HTML-Section&appliesTo=Rule-Portal&pyRuleName=pzDisplayCollaboratorsList&RequestClass=Rule-HTML-Section&RequestAppliesTo=Rule-Portal&RequestRuleName=pzDisplayCollaboratorsList Payload: "{\"RequestClass\":\"Rule-HTML-Section\",\"RequestAppliesTo\":\"Rule-Portal\",\"RequestRuleName\":\"pzDisplayCollaboratorsList\"}" => HTTP 200 (105418 bytes)
[PegaHttpClient] 📡 POST https://zdk8budo.pegaacademy.net/prweb/api/CodeIntelligence/v1/rules/query?pxObjClass=Rule-HTML-Section&appliesTo=Rule-Portal&pyRuleName=pyCollaborator&RequestClass=Rule-HTML-Section&RequestAppliesTo=Rule-Portal&RequestRuleName=pyCollaborator Payload: "{\"RequestClass\":\"Rule-HTML-Section\",\"RequestAppliesTo\":\"Rule-Portal\",\"RequestRuleName\":\"pyCollaborator\"}" => HTTP 404 (103 bytes)
[PegaHttpClient] 📡 POST https://zdk8budo.pegaacademy.net/prweb/PRRestService/CodeIntelligence/v1/rules/query?pxObjClass=Rule-HTML-Section&appliesTo=Rule-Portal&pyRuleName=pyCollaborator&RequestClass=Rule-HTML-Section&RequestAppliesTo=Rule-Portal&RequestRuleName=pyCollaborator Payload: "{\"RequestClass\":\"Rule-HTML-Section\",\"RequestAppliesTo\":\"Rule-Portal\",\"RequestRuleName\":\"pyCollaborator\"}" => HTTP 404 (103 bytes)
[PegaHttpClient] 📡 POST https://zdk8budo.pegaacademy.net/prweb/api/HRAppsV2Service/V1/rules/query?pxObjClass=Rule-HTML-Section&appliesTo=Rule-Portal&pyRuleName=pyCollaborator&RequestClass=Rule-HTML-Section&RequestAppliesTo=Rule-Portal&RequestRuleName=pyCollaborator Payload: "{\"RequestClass\":\"Rule-HTML-Section\",\"RequestAppliesTo\":\"Rule-Portal\",\"RequestRuleName\":\"pyCollaborator\"}" => HTTP 404 (18 bytes)
[PegaHttpClient] 📡 POST https://zdk8budo.pegaacademy.net/prweb/PRRestService/HRAppsV2Service/V1/rules/query?pxObjClass=Rule-HTML-Section&appliesTo=Rule-Portal&pyRuleName=pyCollaborator&RequestClass=Rule-HTML-Section&RequestAppliesTo=Rule-Portal&RequestRuleName=pyCollaborator Payload: "{\"RequestClass\":\"Rule-HTML-Section\",\"RequestAppliesTo\":\"Rule-Portal\",\"RequestRuleName\":\"pyCollaborator\"}" => HTTP 404 (18 bytes)
[PegaHttpClient] 📡 POST https://zdk8budo.pegaacademy.net/prweb/api/HRAppsV2/V1/rules/query?pxObjClass=Rule-HTML-Section&appliesTo=Rule-Portal&pyRuleName=pyCollaborator&RequestClass=Rule-HTML-Section&RequestAppliesTo=Rule-Portal&RequestRuleName=pyCollaborator Payload: "{\"RequestClass\":\"Rule-HTML-Section\",\"RequestAppliesTo\":\"Rule-Portal\",\"RequestRuleName\":\"pyCollaborator\"}" => HTTP 404 (18 bytes)
[PegaHttpClient] 📡 POST https://zdk8budo.pegaacademy.net/prweb/PRRestService/HRAppsV2/V1/rules/query?pxObjClass=Rule-HTML-Section&appliesTo=Rule-Portal&pyRuleName=pyCollaborator&RequestClass=Rule-HTML-Section&RequestAppliesTo=Rule-Portal&RequestRuleName=pyCollaborator Payload: "{\"RequestClass\":\"Rule-HTML-Section\",\"RequestAppliesTo\":\"Rule-Portal\",\"RequestRuleName\":\"pyCollaborator\"}" => HTTP 404 (18 bytes)
[PegaHttpClient] 📡 POST https://zdk8budo.pegaacademy.net/prweb/api/v1/rules/query?pxObjClass=Rule-HTML-Section&appliesTo=Rule-Portal&pyRuleName=pyCollaborator&RequestClass=Rule-HTML-Section&RequestAppliesTo=Rule-Portal&RequestRuleName=pyCollaborator Payload: "{\"RequestClass\":\"Rule-HTML-Section\",\"RequestAppliesTo\":\"Rule-Portal\",\"RequestRuleName\":\"pyCollaborator\"}" => HTTP 404 (18 bytes)
[PegaHttpClient] 📡 POST https://zdk8budo.pegaacademy.net/prweb/PRRestService/v1/rules/query?pxObjClass=Rule-HTML-Section&appliesTo=Rule-Portal&pyRuleName=pyCollaborator&RequestClass=Rule-HTML-Section&RequestAppliesTo=Rule-Portal&RequestRuleName=pyCollaborator Payload: "{\"RequestClass\":\"Rule-HTML-Section\",\"RequestAppliesTo\":\"Rule-Portal\",\"RequestRuleName\":\"pyCollaborator\"}" => HTTP 404 (18 bytes)
[PegaHttpClient] 📡 POST https://zdk8budo.pegaacademy.net/prweb/api/CodeIntelligence/v1/rules/query?pxObjClass=Rule-HTML-Section&appliesTo=Rule-Portal&pyRuleName=pzDisplayPartialCount&RequestClass=Rule-HTML-Section&RequestAppliesTo=Rule-Portal&RequestRuleName=pzDisplayPartialCount Payload: "{\"RequestClass\":\"Rule-HTML-Section\",\"RequestAppliesTo\":\"Rule-Portal\",\"RequestRuleName\":\"pzDisplayPartialCount\"}" => HTTP 404 (110 bytes)
[PegaHttpClient] 📡 POST https://zdk8budo.pegaacademy.net/prweb/PRRestService/CodeIntelligence/v1/rules/query?pxObjClass=Rule-HTML-Section&appliesTo=Rule-Portal&pyRuleName=pzDisplayPartialCount&RequestClass=Rule-HTML-Section&RequestAppliesTo=Rule-Portal&RequestRuleName=pzDisplayPartialCount Payload: "{\"RequestClass\":\"Rule-HTML-Section\",\"RequestAppliesTo\":\"Rule-Portal\",\"RequestRuleName\":\"pzDisplayPartialCount\"}" => HTTP 404 (110 bytes)
[PegaHttpClient] 📡 POST https://zdk8budo.pegaacademy.net/prweb/api/HRAppsV2Service/V1/rules/query?pxObjClass=Rule-HTML-Section&appliesTo=Rule-Portal&pyRuleName=pzDisplayPartialCount&RequestClass=Rule-HTML-Section&RequestAppliesTo=Rule-Portal&RequestRuleName=pzDisplayPartialCount Payload: "{\"RequestClass\":\"Rule-HTML-Section\",\"RequestAppliesTo\":\"Rule-Portal\",\"RequestRuleName\":\"pzDisplayPartialCount\"}" => HTTP 404 (18 bytes)
[PegaHttpClient] 📡 POST https://zdk8budo.pegaacademy.net/prweb/PRRestService/HRAppsV2Service/V1/rules/query?pxObjClass=Rule-HTML-Section&appliesTo=Rule-Portal&pyRuleName=pzDisplayPartialCount&RequestClass=Rule-HTML-Section&RequestAppliesTo=Rule-Portal&RequestRuleName=pzDisplayPartialCount Payload: "{\"RequestClass\":\"Rule-HTML-Section\",\"RequestAppliesTo\":\"Rule-Portal\",\"RequestRuleName\":\"pzDisplayPartialCount\"}" => HTTP 404 (18 bytes)
[PegaHttpClient] 📡 POST https://zdk8budo.pegaacademy.net/prweb/api/HRAppsV2/V1/rules/query?pxObjClass=Rule-HTML-Section&appliesTo=Rule-Portal&pyRuleName=pzDisplayPartialCount&RequestClass=Rule-HTML-Section&RequestAppliesTo=Rule-Portal&RequestRuleName=pzDisplayPartialCount Payload: "{\"RequestClass\":\"Rule-HTML-Section\",\"RequestAppliesTo\":\"Rule-Portal\",\"RequestRuleName\":\"pzDisplayPartialCount\"}" => HTTP 404 (18 bytes)
[PegaHttpClient] 📡 POST https://zdk8budo.pegaacademy.net/prweb/PRRestService/HRAppsV2/V1/rules/query?pxObjClass=Rule-HTML-Section&appliesTo=Rule-Portal&pyRuleName=pzDisplayPartialCount&RequestClass=Rule-HTML-Section&RequestAppliesTo=Rule-Portal&RequestRuleName=pzDisplayPartialCount Payload: "{\"RequestClass\":\"Rule-HTML-Section\",\"RequestAppliesTo\":\"Rule-Portal\",\"RequestRuleName\":\"pzDisplayPartialCount\"}" => HTTP 404 (18 bytes)
[PegaHttpClient] 📡 POST https://zdk8budo.pegaacademy.net/prweb/api/v1/rules/query?pxObjClass=Rule-HTML-Section&appliesTo=Rule-Portal&pyRuleName=pzDisplayPartialCount&RequestClass=Rule-HTML-Section&RequestAppliesTo=Rule-Portal&RequestRuleName=pzDisplayPartialCount Payload: "{\"RequestClass\":\"Rule-HTML-Section\",\"RequestAppliesTo\":\"Rule-Portal\",\"RequestRuleName\":\"pzDisplayPartialCount\"}" => HTTP 404 (18 bytes)
[PegaHttpClient] 📡 POST https://zdk8budo.pegaacademy.net/prweb/PRRestService/v1/rules/query?pxObjClass=Rule-HTML-Section&appliesTo=Rule-Portal&pyRuleName=pzDisplayPartialCount&RequestClass=Rule-HTML-Section&RequestAppliesTo=Rule-Portal&RequestRuleName=pzDisplayPartialCount Payload: "{\"RequestClass\":\"Rule-HTML-Section\",\"RequestAppliesTo\":\"Rule-Portal\",\"RequestRuleName\":\"pzDisplayPartialCount\"}" => HTTP 404 (18 bytes)
[SchemaGen] ✅ Schema written for Rule-Portal
[PegaHttpClient] 📡 GET https://zdk8budo.pegaacademy.net/prweb/api/CodeIntelligence/v1/rules/RULE-HTML-HARNESS%20RULE-PARSE-STRUCTURED%20RULEFORM%20%2320180713T135125.178%20GMT => HTTP 200 (65111 bytes)
[PegaHttpClient] 📡 POST https://zdk8budo.pegaacademy.net/prweb/api/CodeIntelligence/v1/rules/query?pxObjClass=Rule-HTML-Section&appliesTo=Rule-Parse-Structured&pyRuleName=RuleFormMain&RequestClass=Rule-HTML-Section&RequestAppliesTo=Rule-Parse-Structured&RequestRuleName=RuleFormMain Payload: "{\"RequestClass\":\"Rule-HTML-Section\",\"RequestAppliesTo\":\"Rule-Parse-Structured\",\"RequestRuleName\":\"RuleFormMain\"}" => HTTP 200 (156234 bytes)
[PegaHttpClient] 📡 POST https://zdk8budo.pegaacademy.net/prweb/api/CodeIntelligence/v1/rules/query?pxObjClass=Rule-HTML-Section&appliesTo=Rule-Parse-Structured&pyRuleName=pxAlternateRuleForm&RequestClass=Rule-HTML-Section&RequestAppliesTo=Rule-Parse-Structured&RequestRuleName=pxAlternateRuleForm Payload: "{\"RequestClass\":\"Rule-HTML-Section\",\"RequestAppliesTo\":\"Rule-Parse-Structured\",\"RequestRuleName\":\"pxAlternateRuleForm\"}" => HTTP 200 (66153 bytes)
[PegaHttpClient] 📡 POST https://zdk8budo.pegaacademy.net/prweb/api/CodeIntelligence/v1/rules/query?pxObjClass=Rule-HTML-Section&appliesTo=Rule-Parse-Structured&pyRuleName=pzRuleFormScripts&RequestClass=Rule-HTML-Section&RequestAppliesTo=Rule-Parse-Structured&RequestRuleName=pzRuleFormScripts Payload: "{\"RequestClass\":\"Rule-HTML-Section\",\"RequestAppliesTo\":\"Rule-Parse-Structured\",\"RequestRuleName\":\"pzRuleFormScripts\"}" => HTTP 200 (40822 bytes)
[PegaHttpClient] 📡 POST https://zdk8budo.pegaacademy.net/prweb/api/CodeIntelligence/v1/rules/query?pxObjClass=Rule-HTML-Section&appliesTo=Rule-Parse-Structured&pyRuleName=pzRuleFormLayoutDelegated&RequestClass=Rule-HTML-Section&RequestAppliesTo=Rule-Parse-Structured&RequestRuleName=pzRuleFormLayoutDelegated Payload: "{\"RequestClass\":\"Rule-HTML-Section\",\"RequestAppliesTo\":\"Rule-Parse-Structured\",\"RequestRuleName\":\"pzRuleFormLayoutDelegated\"}" => HTTP 200 (70998 bytes)
[PegaHttpClient] 📡 POST https://zdk8budo.pegaacademy.net/prweb/api/CodeIntelligence/v1/rules/query?pxObjClass=Rule-HTML-Section&appliesTo=Rule-Parse-Structured&pyRuleName=RuleFormLayout&RequestClass=Rule-HTML-Section&RequestAppliesTo=Rule-Parse-Structured&RequestRuleName=RuleFormLayout Payload: "{\"RequestClass\":\"Rule-HTML-Section\",\"RequestAppliesTo\":\"Rule-Parse-Structured\",\"RequestRuleName\":\"RuleFormLayout\"}" => HTTP 200 (95895 bytes)
[PegaHttpClient] 📡 POST https://zdk8budo.pegaacademy.net/prweb/api/CodeIntelligence/v1/rules/query?pxObjClass=Rule-HTML-Section&appliesTo=Rule-Parse-Structured&pyRuleName=RuleFormSettings&RequestClass=Rule-HTML-Section&RequestAppliesTo=Rule-Parse-Structured&RequestRuleName=RuleFormSettings Payload: "{\"RequestClass\":\"Rule-HTML-Section\",\"RequestAppliesTo\":\"Rule-Parse-Structured\",\"RequestRuleName\":\"RuleFormSettings\"}" => HTTP 200 (20540 bytes)
[PegaHttpClient] 📡 POST https://zdk8budo.pegaacademy.net/prweb/api/CodeIntelligence/v1/rules/query?pxObjClass=Rule-HTML-Section&appliesTo=Rule-Parse-Structured&pyRuleName=OpenAuthoring&RequestClass=Rule-HTML-Section&RequestAppliesTo=Rule-Parse-Structured&RequestRuleName=OpenAuthoring Payload: "{\"RequestClass\":\"Rule-HTML-Section\",\"RequestAppliesTo\":\"Rule-Parse-Structured\",\"RequestRuleName\":\"OpenAuthoring\"}" => HTTP 200 (23695 bytes)
[PegaHttpClient] 📡 POST https://zdk8budo.pegaacademy.net/prweb/api/CodeIntelligence/v1/rules/query?pxObjClass=Rule-HTML-Section&appliesTo=Rule-Parse-Structured&pyRuleName=pyCustomHelp&RequestClass=Rule-HTML-Section&RequestAppliesTo=Rule-Parse-Structured&RequestRuleName=pyCustomHelp Payload: "{\"RequestClass\":\"Rule-HTML-Section\",\"RequestAppliesTo\":\"Rule-Parse-Structured\",\"RequestRuleName\":\"pyCustomHelp\"}" => HTTP 200 (17256 bytes)
[PegaHttpClient] 📡 POST https://zdk8budo.pegaacademy.net/prweb/api/CodeIntelligence/v1/rules/query?pxObjClass=Rule-HTML-Section&appliesTo=Rule-Parse-Structured&pyRuleName=pzRuleformMainInclude&RequestClass=Rule-HTML-Section&RequestAppliesTo=Rule-Parse-Structured&RequestRuleName=pzRuleformMainInclude Payload: "{\"RequestClass\":\"Rule-HTML-Section\",\"RequestAppliesTo\":\"Rule-Parse-Structured\",\"RequestRuleName\":\"pzRuleformMainInclude\"}" => HTTP 200 (22375 bytes)
[PegaHttpClient] 📡 POST https://zdk8budo.pegaacademy.net/prweb/api/CodeIntelligence/v1/rules/query?pxObjClass=Rule-HTML-Section&appliesTo=Rule-Parse-Structured&pyRuleName=pyAlternativeRuleFormStrategicAppExtension&RequestClass=Rule-HTML-Section&RequestAppliesTo=Rule-Parse-Structured&RequestRuleName=pyAlternativeRuleFormStrategicAppExtension Payload: "{\"RequestClass\":\"Rule-HTML-Section\",\"RequestAppliesTo\":\"Rule-Parse-Structured\",\"RequestRuleName\":\"pyAlternativeRuleFormStrategicAppExtension\"}" => HTTP 200 (25042 bytes)
[PegaHttpClient] 📡 POST https://zdk8budo.pegaacademy.net/prweb/api/CodeIntelligence/v1/rules/query?pxObjClass=Rule-HTML-Section&appliesTo=Rule-Parse-Structured&pyRuleName=pyAlternativeRuleFormExtension&RequestClass=Rule-HTML-Section&RequestAppliesTo=Rule-Parse-Structured&RequestRuleName=pyAlternativeRuleFormExtension Payload: "{\"RequestClass\":\"Rule-HTML-Section\",\"RequestAppliesTo\":\"Rule-Parse-Structured\",\"RequestRuleName\":\"pyAlternativeRuleFormExtension\"}" => HTTP 200 (24863 bytes)
[PegaHttpClient] 📡 POST https://zdk8budo.pegaacademy.net/prweb/api/CodeIntelligence/v1/rules/query?pxObjClass=Rule-HTML-Section&appliesTo=Rule-Parse-Structured&pyRuleName=RuleFormHeader&RequestClass=Rule-HTML-Section&RequestAppliesTo=Rule-Parse-Structured&RequestRuleName=RuleFormHeader Payload: "{\"RequestClass\":\"Rule-HTML-Section\",\"RequestAppliesTo\":\"Rule-Parse-Structured\",\"RequestRuleName\":\"RuleFormHeader\"}" => HTTP 200 (183124 bytes)
[PegaHttpClient] 📡 POST https://zdk8budo.pegaacademy.net/prweb/api/CodeIntelligence/v1/rules/query?pxObjClass=Rule-HTML-Section&appliesTo=Rule-Parse-Structured&pyRuleName=pzDelegationExperience&RequestClass=Rule-HTML-Section&RequestAppliesTo=Rule-Parse-Structured&RequestRuleName=pzDelegationExperience Payload: "{\"RequestClass\":\"Rule-HTML-Section\",\"RequestAppliesTo\":\"Rule-Parse-Structured\",\"RequestRuleName\":\"pzDelegationExperience\"}" => HTTP 404 (121 bytes)
[PegaHttpClient] 📡 POST https://zdk8budo.pegaacademy.net/prweb/PRRestService/CodeIntelligence/v1/rules/query?pxObjClass=Rule-HTML-Section&appliesTo=Rule-Parse-Structured&pyRuleName=pzDelegationExperience&RequestClass=Rule-HTML-Section&RequestAppliesTo=Rule-Parse-Structured&RequestRuleName=pzDelegationExperience Payload: "{\"RequestClass\":\"Rule-HTML-Section\",\"RequestAppliesTo\":\"Rule-Parse-Structured\",\"RequestRuleName\":\"pzDelegationExperience\"}" => HTTP 404 (121 bytes)
[PegaHttpClient] 📡 POST https://zdk8budo.pegaacademy.net/prweb/api/HRAppsV2Service/V1/rules/query?pxObjClass=Rule-HTML-Section&appliesTo=Rule-Parse-Structured&pyRuleName=pzDelegationExperience&RequestClass=Rule-HTML-Section&RequestAppliesTo=Rule-Parse-Structured&RequestRuleName=pzDelegationExperience Payload: "{\"RequestClass\":\"Rule-HTML-Section\",\"RequestAppliesTo\":\"Rule-Parse-Structured\",\"RequestRuleName\":\"pzDelegationExperience\"}" => HTTP 404 (18 bytes)
[PegaHttpClient] 📡 POST https://zdk8budo.pegaacademy.net/prweb/PRRestService/HRAppsV2Service/V1/rules/query?pxObjClass=Rule-HTML-Section&appliesTo=Rule-Parse-Structured&pyRuleName=pzDelegationExperience&RequestClass=Rule-HTML-Section&RequestAppliesTo=Rule-Parse-Structured&RequestRuleName=pzDelegationExperience Payload: "{\"RequestClass\":\"Rule-HTML-Section\",\"RequestAppliesTo\":\"Rule-Parse-Structured\",\"RequestRuleName\":\"pzDelegationExperience\"}" => HTTP 404 (18 bytes)
[PegaHttpClient] 📡 POST https://zdk8budo.pegaacademy.net/prweb/api/HRAppsV2/V1/rules/query?pxObjClass=Rule-HTML-Section&appliesTo=Rule-Parse-Structured&pyRuleName=pzDelegationExperience&RequestClass=Rule-HTML-Section&RequestAppliesTo=Rule-Parse-Structured&RequestRuleName=pzDelegationExperience Payload: "{\"RequestClass\":\"Rule-HTML-Section\",\"RequestAppliesTo\":\"Rule-Parse-Structured\",\"RequestRuleName\":\"pzDelegationExperience\"}" => HTTP 404 (18 bytes)
[PegaHttpClient] 📡 POST https://zdk8budo.pegaacademy.net/prweb/PRRestService/HRAppsV2/V1/rules/query?pxObjClass=Rule-HTML-Section&appliesTo=Rule-Parse-Structured&pyRuleName=pzDelegationExperience&RequestClass=Rule-HTML-Section&RequestAppliesTo=Rule-Parse-Structured&RequestRuleName=pzDelegationExperience Payload: "{\"RequestClass\":\"Rule-HTML-Section\",\"RequestAppliesTo\":\"Rule-Parse-Structured\",\"RequestRuleName\":\"pzDelegationExperience\"}" => HTTP 404 (18 bytes)
[PegaHttpClient] 📡 POST https://zdk8budo.pegaacademy.net/prweb/api/v1/rules/query?pxObjClass=Rule-HTML-Section&appliesTo=Rule-Parse-Structured&pyRuleName=pzDelegationExperience&RequestClass=Rule-HTML-Section&RequestAppliesTo=Rule-Parse-Structured&RequestRuleName=pzDelegationExperience Payload: "{\"RequestClass\":\"Rule-HTML-Section\",\"RequestAppliesTo\":\"Rule-Parse-Structured\",\"RequestRuleName\":\"pzDelegationExperience\"}" => HTTP 404 (18 bytes)
[PegaHttpClient] 📡 POST https://zdk8budo.pegaacademy.net/prweb/PRRestService/v1/rules/query?pxObjClass=Rule-HTML-Section&appliesTo=Rule-Parse-Structured&pyRuleName=pzDelegationExperience&RequestClass=Rule-HTML-Section&RequestAppliesTo=Rule-Parse-Structured&RequestRuleName=pzDelegationExperience Payload: "{\"RequestClass\":\"Rule-HTML-Section\",\"RequestAppliesTo\":\"Rule-Parse-Structured\",\"RequestRuleName\":\"pzDelegationExperience\"}" => HTTP 404 (18 bytes)
[PegaHttpClient] 📡 POST https://zdk8budo.pegaacademy.net/prweb/api/CodeIntelligence/v1/rules/query?pxObjClass=Rule-HTML-Section&appliesTo=Rule-Parse-Structured&pyRuleName=pzSteps&RequestClass=Rule-HTML-Section&RequestAppliesTo=Rule-Parse-Structured&RequestRuleName=pzSteps Payload: "{\"RequestClass\":\"Rule-HTML-Section\",\"RequestAppliesTo\":\"Rule-Parse-Structured\",\"RequestRuleName\":\"pzSteps\"}" => HTTP 200 (110876 bytes)
[PegaHttpClient] 📡 POST https://zdk8budo.pegaacademy.net/prweb/api/CodeIntelligence/v1/rules/query?pxObjClass=Rule-HTML-Section&appliesTo=Rule-Parse-Structured&pyRuleName=pzParameters&RequestClass=Rule-HTML-Section&RequestAppliesTo=Rule-Parse-Structured&RequestRuleName=pzParameters Payload: "{\"RequestClass\":\"Rule-HTML-Section\",\"RequestAppliesTo\":\"Rule-Parse-Structured\",\"RequestRuleName\":\"pzParameters\"}" => HTTP 200 (75075 bytes)
[PegaHttpClient] 📡 POST https://zdk8budo.pegaacademy.net/prweb/api/CodeIntelligence/v1/rules/query?pxObjClass=Rule-HTML-Section&appliesTo=Rule-Parse-Structured&pyRuleName=RuleFormPagesAndClasses&RequestClass=Rule-HTML-Section&RequestAppliesTo=Rule-Parse-Structured&RequestRuleName=RuleFormPagesAndClasses Payload: "{\"RequestClass\":\"Rule-HTML-Section\",\"RequestAppliesTo\":\"Rule-Parse-Structured\",\"RequestRuleName\":\"RuleFormPagesAndClasses\"}" => HTTP 200 (34748 bytes)
[PegaHttpClient] 📡 POST https://zdk8budo.pegaacademy.net/prweb/api/CodeIntelligence/v1/rules/query?pxObjClass=Rule-HTML-Section&appliesTo=Rule-Parse-Structured&pyRuleName=pzSecurity&RequestClass=Rule-HTML-Section&RequestAppliesTo=Rule-Parse-Structured&RequestRuleName=pzSecurity Payload: "{\"RequestClass\":\"Rule-HTML-Section\",\"RequestAppliesTo\":\"Rule-Parse-Structured\",\"RequestRuleName\":\"pzSecurity\"}" => HTTP 200 (57993 bytes)
[PegaHttpClient] 📡 POST https://zdk8budo.pegaacademy.net/prweb/api/CodeIntelligence/v1/rules/query?pxObjClass=Rule-HTML-Section&appliesTo=Rule-Parse-Structured&pyRuleName=pzSpecifications&RequestClass=Rule-HTML-Section&RequestAppliesTo=Rule-Parse-Structured&RequestRuleName=pzSpecifications Payload: "{\"RequestClass\":\"Rule-HTML-Section\",\"RequestAppliesTo\":\"Rule-Parse-Structured\",\"RequestRuleName\":\"pzSpecifications\"}" => HTTP 200 (16577 bytes)
[PegaHttpClient] 📡 POST https://zdk8budo.pegaacademy.net/prweb/api/CodeIntelligence/v1/rules/query?pxObjClass=Rule-HTML-Section&appliesTo=Rule-Parse-Structured&pyRuleName=RuleFormHistory&RequestClass=Rule-HTML-Section&RequestAppliesTo=Rule-Parse-Structured&RequestRuleName=RuleFormHistory Payload: "{\"RequestClass\":\"Rule-HTML-Section\",\"RequestAppliesTo\":\"Rule-Parse-Structured\",\"RequestRuleName\":\"RuleFormHistory\"}" => HTTP 200 (76091 bytes)
[PegaHttpClient] 📡 POST https://zdk8budo.pegaacademy.net/prweb/api/CodeIntelligence/v1/rules/query?pxObjClass=Rule-HTML-Section&appliesTo=Rule-Parse-Structured&pyRuleName=pzCustomHelp&RequestClass=Rule-HTML-Section&RequestAppliesTo=Rule-Parse-Structured&RequestRuleName=pzCustomHelp Payload: "{\"RequestClass\":\"Rule-HTML-Section\",\"RequestAppliesTo\":\"Rule-Parse-Structured\",\"RequestRuleName\":\"pzCustomHelp\"}" => HTTP 200 (31573 bytes)
[PegaHttpClient] 📡 POST https://zdk8budo.pegaacademy.net/prweb/api/CodeIntelligence/v1/rules/query?pxObjClass=Rule-HTML-Section&appliesTo=Rule-Parse-Structured&pyRuleName=pzRuleFormKeysAndDescription&RequestClass=Rule-HTML-Section&RequestAppliesTo=Rule-Parse-Structured&RequestRuleName=pzRuleFormKeysAndDescription Payload: "{\"RequestClass\":\"Rule-HTML-Section\",\"RequestAppliesTo\":\"Rule-Parse-Structured\",\"RequestRuleName\":\"pzRuleFormKeysAndDescription\"}" => HTTP 200 (218057 bytes)
[PegaHttpClient] 📡 POST https://zdk8budo.pegaacademy.net/prweb/api/CodeIntelligence/v1/rules/query?pxObjClass=Rule-HTML-Section&appliesTo=Rule-Parse-Structured&pyRuleName=pzRuleFormRuleset&RequestClass=Rule-HTML-Section&RequestAppliesTo=Rule-Parse-Structured&RequestRuleName=pzRuleFormRuleset Payload: "{\"RequestClass\":\"Rule-HTML-Section\",\"RequestAppliesTo\":\"Rule-Parse-Structured\",\"RequestRuleName\":\"pzRuleFormRuleset\"}" => HTTP 200 (33985 bytes)
[PegaHttpClient] 📡 POST https://zdk8budo.pegaacademy.net/prweb/api/CodeIntelligence/v1/rules/query?pxObjClass=Rule-HTML-Section&appliesTo=Rule-Parse-Structured&pyRuleName=undefined&RequestClass=Rule-HTML-Section&RequestAppliesTo=Rule-Parse-Structured&RequestRuleName=undefined Payload: "{\"RequestClass\":\"Rule-HTML-Section\",\"RequestAppliesTo\":\"Rule-Parse-Structured\",\"RequestRuleName\":\"undefined\"}" => HTTP 404 (108 bytes)
[PegaHttpClient] 📡 POST https://zdk8budo.pegaacademy.net/prweb/PRRestService/CodeIntelligence/v1/rules/query?pxObjClass=Rule-HTML-Section&appliesTo=Rule-Parse-Structured&pyRuleName=undefined&RequestClass=Rule-HTML-Section&RequestAppliesTo=Rule-Parse-Structured&RequestRuleName=undefined Payload: "{\"RequestClass\":\"Rule-HTML-Section\",\"RequestAppliesTo\":\"Rule-Parse-Structured\",\"RequestRuleName\":\"undefined\"}" => HTTP 404 (108 bytes)
[PegaHttpClient] 📡 POST https://zdk8budo.pegaacademy.net/prweb/api/HRAppsV2Service/V1/rules/query?pxObjClass=Rule-HTML-Section&appliesTo=Rule-Parse-Structured&pyRuleName=undefined&RequestClass=Rule-HTML-Section&RequestAppliesTo=Rule-Parse-Structured&RequestRuleName=undefined Payload: "{\"RequestClass\":\"Rule-HTML-Section\",\"RequestAppliesTo\":\"Rule-Parse-Structured\",\"RequestRuleName\":\"undefined\"}" => HTTP 404 (18 bytes)
[PegaHttpClient] 📡 POST https://zdk8budo.pegaacademy.net/prweb/PRRestService/HRAppsV2Service/V1/rules/query?pxObjClass=Rule-HTML-Section&appliesTo=Rule-Parse-Structured&pyRuleName=undefined&RequestClass=Rule-HTML-Section&RequestAppliesTo=Rule-Parse-Structured&RequestRuleName=undefined Payload: "{\"RequestClass\":\"Rule-HTML-Section\",\"RequestAppliesTo\":\"Rule-Parse-Structured\",\"RequestRuleName\":\"undefined\"}" => HTTP 404 (18 bytes)
[PegaHttpClient] 📡 POST https://zdk8budo.pegaacademy.net/prweb/api/HRAppsV2/V1/rules/query?pxObjClass=Rule-HTML-Section&appliesTo=Rule-Parse-Structured&pyRuleName=undefined&RequestClass=Rule-HTML-Section&RequestAppliesTo=Rule-Parse-Structured&RequestRuleName=undefined Payload: "{\"RequestClass\":\"Rule-HTML-Section\",\"RequestAppliesTo\":\"Rule-Parse-Structured\",\"RequestRuleName\":\"undefined\"}" => HTTP 404 (18 bytes)
[PegaHttpClient] 📡 POST https://zdk8budo.pegaacademy.net/prweb/PRRestService/HRAppsV2/V1/rules/query?pxObjClass=Rule-HTML-Section&appliesTo=Rule-Parse-Structured&pyRuleName=undefined&RequestClass=Rule-HTML-Section&RequestAppliesTo=Rule-Parse-Structured&RequestRuleName=undefined Payload: "{\"RequestClass\":\"Rule-HTML-Section\",\"RequestAppliesTo\":\"Rule-Parse-Structured\",\"RequestRuleName\":\"undefined\"}" => HTTP 404 (18 bytes)
[PegaHttpClient] 📡 POST https://zdk8budo.pegaacademy.net/prweb/api/v1/rules/query?pxObjClass=Rule-HTML-Section&appliesTo=Rule-Parse-Structured&pyRuleName=undefined&RequestClass=Rule-HTML-Section&RequestAppliesTo=Rule-Parse-Structured&RequestRuleName=undefined Payload: "{\"RequestClass\":\"Rule-HTML-Section\",\"RequestAppliesTo\":\"Rule-Parse-Structured\",\"RequestRuleName\":\"undefined\"}" => HTTP 404 (18 bytes)
[PegaHttpClient] 📡 POST https://zdk8budo.pegaacademy.net/prweb/PRRestService/v1/rules/query?pxObjClass=Rule-HTML-Section&appliesTo=Rule-Parse-Structured&pyRuleName=undefined&RequestClass=Rule-HTML-Section&RequestAppliesTo=Rule-Parse-Structured&RequestRuleName=undefined Payload: "{\"RequestClass\":\"Rule-HTML-Section\",\"RequestAppliesTo\":\"Rule-Parse-Structured\",\"RequestRuleName\":\"undefined\"}" => HTTP 404 (18 bytes)
[PegaHttpClient] 📡 POST https://zdk8budo.pegaacademy.net/prweb/api/CodeIntelligence/v1/rules/query?pxObjClass=Rule-HTML-Section&appliesTo=Rule-Parse-Structured&pyRuleName=pzRuleFormToolbar&RequestClass=Rule-HTML-Section&RequestAppliesTo=Rule-Parse-Structured&RequestRuleName=pzRuleFormToolbar Payload: "{\"RequestClass\":\"Rule-HTML-Section\",\"RequestAppliesTo\":\"Rule-Parse-Structured\",\"RequestRuleName\":\"pzRuleFormToolbar\"}" => HTTP 200 (242691 bytes)
[PegaHttpClient] 📡 POST https://zdk8budo.pegaacademy.net/prweb/api/CodeIntelligence/v1/rules/query?pxObjClass=Rule-HTML-Section&appliesTo=Rule-Parse-Structured&pyRuleName=pzRuleFormToolbarCompare&RequestClass=Rule-HTML-Section&RequestAppliesTo=Rule-Parse-Structured&RequestRuleName=pzRuleFormToolbarCompare Payload: "{\"RequestClass\":\"Rule-HTML-Section\",\"RequestAppliesTo\":\"Rule-Parse-Structured\",\"RequestRuleName\":\"pzRuleFormToolbarCompare\"}" => HTTP 200 (61925 bytes)
[PegaHttpClient] 📡 POST https://zdk8budo.pegaacademy.net/prweb/api/CodeIntelligence/v1/rules/query?pxObjClass=Rule-HTML-Section&appliesTo=Rule-Parse-Structured&pyRuleName=RuleFormHeaderMessages&RequestClass=Rule-HTML-Section&RequestAppliesTo=Rule-Parse-Structured&RequestRuleName=RuleFormHeaderMessages Payload: "{\"RequestClass\":\"Rule-HTML-Section\",\"RequestAppliesTo\":\"Rule-Parse-Structured\",\"RequestRuleName\":\"RuleFormHeaderMessages\"}" => HTTP 200 (26518 bytes)
[PegaHttpClient] 📡 POST https://zdk8budo.pegaacademy.net/prweb/api/CodeIntelligence/v1/rules/query?pxObjClass=Rule-HTML-Section&appliesTo=Rule-Parse-Structured&pyRuleName=pzRuleFormParametersScript&RequestClass=Rule-HTML-Section&RequestAppliesTo=Rule-Parse-Structured&RequestRuleName=pzRuleFormParametersScript Payload: "{\"RequestClass\":\"Rule-HTML-Section\",\"RequestAppliesTo\":\"Rule-Parse-Structured\",\"RequestRuleName\":\"pzRuleFormParametersScript\"}" => HTTP 200 (32712 bytes)
[PegaHttpClient] 📡 POST https://zdk8budo.pegaacademy.net/prweb/api/CodeIntelligence/v1/rules/query?pxObjClass=Rule-HTML-Section&appliesTo=Rule-Parse-Structured&pyRuleName=pxRuleFormParameters&RequestClass=Rule-HTML-Section&RequestAppliesTo=Rule-Parse-Structured&RequestRuleName=pxRuleFormParameters Payload: "{\"RequestClass\":\"Rule-HTML-Section\",\"RequestAppliesTo\":\"Rule-Parse-Structured\",\"RequestRuleName\":\"pxRuleFormParameters\"}" => HTTP 200 (24542 bytes)
[PegaHttpClient] 📡 POST https://zdk8budo.pegaacademy.net/prweb/api/CodeIntelligence/v1/rules/query?pxObjClass=Rule-HTML-Section&appliesTo=Rule-Parse-Structured&pyRuleName=pxRuleFormSystemVariables&RequestClass=Rule-HTML-Section&RequestAppliesTo=Rule-Parse-Structured&RequestRuleName=pxRuleFormSystemVariables Payload: "{\"RequestClass\":\"Rule-HTML-Section\",\"RequestAppliesTo\":\"Rule-Parse-Structured\",\"RequestRuleName\":\"pxRuleFormSystemVariables\"}" => HTTP 200 (66514 bytes)
[PegaHttpClient] 📡 POST https://zdk8budo.pegaacademy.net/prweb/api/CodeIntelligence/v1/rules/query?pxObjClass=Rule-HTML-Section&appliesTo=Rule-Parse-Structured&pyRuleName=pxRuleFormLocalVariables&RequestClass=Rule-HTML-Section&RequestAppliesTo=Rule-Parse-Structured&RequestRuleName=pxRuleFormLocalVariables Payload: "{\"RequestClass\":\"Rule-HTML-Section\",\"RequestAppliesTo\":\"Rule-Parse-Structured\",\"RequestRuleName\":\"pxRuleFormLocalVariables\"}" => HTTP 200 (82021 bytes)
[PegaHttpClient] 📡 POST https://zdk8budo.pegaacademy.net/prweb/api/CodeIntelligence/v1/rules/query?pxObjClass=Rule-HTML-Section&appliesTo=Rule-Parse-Structured&pyRuleName=pzLocalActionPrompt&RequestClass=Rule-HTML-Section&RequestAppliesTo=Rule-Parse-Structured&RequestRuleName=pzLocalActionPrompt Payload: "{\"RequestClass\":\"Rule-HTML-Section\",\"RequestAppliesTo\":\"Rule-Parse-Structured\",\"RequestRuleName\":\"pzLocalActionPrompt\"}" => HTTP 200 (20663 bytes)
[PegaHttpClient] 📡 POST https://zdk8budo.pegaacademy.net/prweb/api/CodeIntelligence/v1/rules/query?pxObjClass=Rule-HTML-Section&appliesTo=Rule-Parse-Structured&pyRuleName=pzRuleFormPagesAndClassesScript&RequestClass=Rule-HTML-Section&RequestAppliesTo=Rule-Parse-Structured&RequestRuleName=pzRuleFormPagesAndClassesScript Payload: "{\"RequestClass\":\"Rule-HTML-Section\",\"RequestAppliesTo\":\"Rule-Parse-Structured\",\"RequestRuleName\":\"pzRuleFormPagesAndClassesScript\"}" => HTTP 200 (15730 bytes)
[PegaHttpClient] 📡 POST https://zdk8budo.pegaacademy.net/prweb/api/CodeIntelligence/v1/rules/query?pxObjClass=Rule-HTML-Section&appliesTo=Rule-Parse-Structured&pyRuleName=pzPagesAndClassesNoMode&RequestClass=Rule-HTML-Section&RequestAppliesTo=Rule-Parse-Structured&RequestRuleName=pzPagesAndClassesNoMode Payload: "{\"RequestClass\":\"Rule-HTML-Section\",\"RequestAppliesTo\":\"Rule-Parse-Structured\",\"RequestRuleName\":\"pzPagesAndClassesNoMode\"}" => HTTP 200 (90057 bytes)
[PegaHttpClient] 📡 POST https://zdk8budo.pegaacademy.net/prweb/api/CodeIntelligence/v1/rules/query?pxObjClass=Rule-HTML-Section&appliesTo=Rule-Parse-Structured&pyRuleName=pzPagesAndClassesWithMode&RequestClass=Rule-HTML-Section&RequestAppliesTo=Rule-Parse-Structured&RequestRuleName=pzPagesAndClassesWithMode Payload: "{\"RequestClass\":\"Rule-HTML-Section\",\"RequestAppliesTo\":\"Rule-Parse-Structured\",\"RequestRuleName\":\"pzPagesAndClassesWithMode\"}" => HTTP 200 (97424 bytes)
[PegaHttpClient] 📡 POST https://zdk8budo.pegaacademy.net/prweb/api/CodeIntelligence/v1/rules/query?pxObjClass=Rule-HTML-Section&appliesTo=Rule-Parse-Structured&pyRuleName=pzPrivileges&RequestClass=Rule-HTML-Section&RequestAppliesTo=Rule-Parse-Structured&RequestRuleName=pzPrivileges Payload: "{\"RequestClass\":\"Rule-HTML-Section\",\"RequestAppliesTo\":\"Rule-Parse-Structured\",\"RequestRuleName\":\"pzPrivileges\"}" => HTTP 200 (48259 bytes)
[PegaHttpClient] 📡 POST https://zdk8budo.pegaacademy.net/prweb/api/CodeIntelligence/v1/rules/query?pxObjClass=Rule-HTML-Section&appliesTo=Rule-Parse-Structured&pyRuleName=pzSpecificationsInner&RequestClass=Rule-HTML-Section&RequestAppliesTo=Rule-Parse-Structured&RequestRuleName=pzSpecificationsInner Payload: "{\"RequestClass\":\"Rule-HTML-Section\",\"RequestAppliesTo\":\"Rule-Parse-Structured\",\"RequestRuleName\":\"pzSpecificationsInner\"}" => HTTP 200 (142370 bytes)
[PegaHttpClient] 📡 POST https://zdk8budo.pegaacademy.net/prweb/api/CodeIntelligence/v1/rules/query?pxObjClass=Rule-HTML-Section&appliesTo=Rule-Parse-Structured&pyRuleName=pzAlternateRuleInfo&RequestClass=Rule-HTML-Section&RequestAppliesTo=Rule-Parse-Structured&RequestRuleName=pzAlternateRuleInfo Payload: "{\"RequestClass\":\"Rule-HTML-Section\",\"RequestAppliesTo\":\"Rule-Parse-Structured\",\"RequestRuleName\":\"pzAlternateRuleInfo\"}" => HTTP 200 (140407 bytes)
[PegaHttpClient] 📡 POST https://zdk8budo.pegaacademy.net/prweb/api/CodeIntelligence/v1/rules/query?pxObjClass=Rule-HTML-Section&appliesTo=Rule-Parse-Structured&pyRuleName=RuleFormHistory_Description&RequestClass=Rule-HTML-Section&RequestAppliesTo=Rule-Parse-Structured&RequestRuleName=RuleFormHistory_Description Payload: "{\"RequestClass\":\"Rule-HTML-Section\",\"RequestAppliesTo\":\"Rule-Parse-Structured\",\"RequestRuleName\":\"RuleFormHistory_Description\"}" => HTTP 200 (46242 bytes)
[PegaHttpClient] 📡 POST https://zdk8budo.pegaacademy.net/prweb/api/CodeIntelligence/v1/rules/query?pxObjClass=Rule-HTML-Section&appliesTo=Rule-Parse-Structured&pyRuleName=RuleFormHistory_CustomFields&RequestClass=Rule-HTML-Section&RequestAppliesTo=Rule-Parse-Structured&RequestRuleName=RuleFormHistory_CustomFields Payload: "{\"RequestClass\":\"Rule-HTML-Section\",\"RequestAppliesTo\":\"Rule-Parse-Structured\",\"RequestRuleName\":\"RuleFormHistory_CustomFields\"}" => HTTP 200 (75856 bytes)
[PegaHttpClient] 📡 POST https://zdk8budo.pegaacademy.net/prweb/api/CodeIntelligence/v1/rules/query?pxObjClass=Rule-HTML-Section&appliesTo=Rule-Parse-Structured&pyRuleName=RuleFormHistory_HistoryDetails&RequestClass=Rule-HTML-Section&RequestAppliesTo=Rule-Parse-Structured&RequestRuleName=RuleFormHistory_HistoryDetails Payload: "{\"RequestClass\":\"Rule-HTML-Section\",\"RequestAppliesTo\":\"Rule-Parse-Structured\",\"RequestRuleName\":\"RuleFormHistory_HistoryDetails\"}" => HTTP 200 (179535 bytes)
[PegaHttpClient] 📡 POST https://zdk8budo.pegaacademy.net/prweb/api/CodeIntelligence/v1/rules/query?pxObjClass=Rule-HTML-Section&appliesTo=Rule-Parse-Structured&pyRuleName=pzRuleFormStatus&RequestClass=Rule-HTML-Section&RequestAppliesTo=Rule-Parse-Structured&RequestRuleName=pzRuleFormStatus Payload: "{\"RequestClass\":\"Rule-HTML-Section\",\"RequestAppliesTo\":\"Rule-Parse-Structured\",\"RequestRuleName\":\"pzRuleFormStatus\"}" => HTTP 200 (97627 bytes)
[PegaHttpClient] 📡 POST https://zdk8budo.pegaacademy.net/prweb/api/CodeIntelligence/v1/rules/query?pxObjClass=Rule-HTML-Section&appliesTo=Rule-Parse-Structured&pyRuleName=pzRuleFormHeaderCompareWithDropDown&RequestClass=Rule-HTML-Section&RequestAppliesTo=Rule-Parse-Structured&RequestRuleName=pzRuleFormHeaderCompareWithDropDown Payload: "{\"RequestClass\":\"Rule-HTML-Section\",\"RequestAppliesTo\":\"Rule-Parse-Structured\",\"RequestRuleName\":\"pzRuleFormHeaderCompareWithDropDown\"}" => HTTP 200 (25396 bytes)
[PegaHttpClient] 📡 POST https://zdk8budo.pegaacademy.net/prweb/api/CodeIntelligence/v1/rules/query?pxObjClass=Rule-HTML-Section&appliesTo=Rule-Parse-Structured&pyRuleName=undefined&RequestClass=Rule-HTML-Section&RequestAppliesTo=Rule-Parse-Structured&RequestRuleName=undefined Payload: "{\"RequestClass\":\"Rule-HTML-Section\",\"RequestAppliesTo\":\"Rule-Parse-Structured\",\"RequestRuleName\":\"undefined\"}" => HTTP 404 (108 bytes)
[PegaHttpClient] 📡 POST https://zdk8budo.pegaacademy.net/prweb/PRRestService/CodeIntelligence/v1/rules/query?pxObjClass=Rule-HTML-Section&appliesTo=Rule-Parse-Structured&pyRuleName=undefined&RequestClass=Rule-HTML-Section&RequestAppliesTo=Rule-Parse-Structured&RequestRuleName=undefined Payload: "{\"RequestClass\":\"Rule-HTML-Section\",\"RequestAppliesTo\":\"Rule-Parse-Structured\",\"RequestRuleName\":\"undefined\"}" => HTTP 404 (108 bytes)
[PegaHttpClient] 📡 POST https://zdk8budo.pegaacademy.net/prweb/api/HRAppsV2Service/V1/rules/query?pxObjClass=Rule-HTML-Section&appliesTo=Rule-Parse-Structured&pyRuleName=undefined&RequestClass=Rule-HTML-Section&RequestAppliesTo=Rule-Parse-Structured&RequestRuleName=undefined Payload: "{\"RequestClass\":\"Rule-HTML-Section\",\"RequestAppliesTo\":\"Rule-Parse-Structured\",\"RequestRuleName\":\"undefined\"}" => HTTP 404 (18 bytes)
[PegaHttpClient] 📡 POST https://zdk8budo.pegaacademy.net/prweb/PRRestService/HRAppsV2Service/V1/rules/query?pxObjClass=Rule-HTML-Section&appliesTo=Rule-Parse-Structured&pyRuleName=undefined&RequestClass=Rule-HTML-Section&RequestAppliesTo=Rule-Parse-Structured&RequestRuleName=undefined Payload: "{\"RequestClass\":\"Rule-HTML-Section\",\"RequestAppliesTo\":\"Rule-Parse-Structured\",\"RequestRuleName\":\"undefined\"}" => HTTP 404 (18 bytes)
[PegaHttpClient] 📡 POST https://zdk8budo.pegaacademy.net/prweb/api/HRAppsV2/V1/rules/query?pxObjClass=Rule-HTML-Section&appliesTo=Rule-Parse-Structured&pyRuleName=undefined&RequestClass=Rule-HTML-Section&RequestAppliesTo=Rule-Parse-Structured&RequestRuleName=undefined Payload: "{\"RequestClass\":\"Rule-HTML-Section\",\"RequestAppliesTo\":\"Rule-Parse-Structured\",\"RequestRuleName\":\"undefined\"}" => HTTP 404 (18 bytes)
[PegaHttpClient] 📡 POST https://zdk8budo.pegaacademy.net/prweb/PRRestService/HRAppsV2/V1/rules/query?pxObjClass=Rule-HTML-Section&appliesTo=Rule-Parse-Structured&pyRuleName=undefined&RequestClass=Rule-HTML-Section&RequestAppliesTo=Rule-Parse-Structured&RequestRuleName=undefined Payload: "{\"RequestClass\":\"Rule-HTML-Section\",\"RequestAppliesTo\":\"Rule-Parse-Structured\",\"RequestRuleName\":\"undefined\"}" => HTTP 404 (18 bytes)
[PegaHttpClient] 📡 POST https://zdk8budo.pegaacademy.net/prweb/api/v1/rules/query?pxObjClass=Rule-HTML-Section&appliesTo=Rule-Parse-Structured&pyRuleName=undefined&RequestClass=Rule-HTML-Section&RequestAppliesTo=Rule-Parse-Structured&RequestRuleName=undefined Payload: "{\"RequestClass\":\"Rule-HTML-Section\",\"RequestAppliesTo\":\"Rule-Parse-Structured\",\"RequestRuleName\":\"undefined\"}" => HTTP 404 (18 bytes)
[PegaHttpClient] 📡 POST https://zdk8budo.pegaacademy.net/prweb/PRRestService/v1/rules/query?pxObjClass=Rule-HTML-Section&appliesTo=Rule-Parse-Structured&pyRuleName=undefined&RequestClass=Rule-HTML-Section&RequestAppliesTo=Rule-Parse-Structured&RequestRuleName=undefined Payload: "{\"RequestClass\":\"Rule-HTML-Section\",\"RequestAppliesTo\":\"Rule-Parse-Structured\",\"RequestRuleName\":\"undefined\"}" => HTTP 404 (18 bytes)
[PegaHttpClient] 📡 POST https://zdk8budo.pegaacademy.net/prweb/api/CodeIntelligence/v1/rules/query?pxObjClass=Rule-HTML-Section&appliesTo=Rule-Parse-Structured&pyRuleName=pzRuleFormToolbarHotKeys&RequestClass=Rule-HTML-Section&RequestAppliesTo=Rule-Parse-Structured&RequestRuleName=pzRuleFormToolbarHotKeys Payload: "{\"RequestClass\":\"Rule-HTML-Section\",\"RequestAppliesTo\":\"Rule-Parse-Structured\",\"RequestRuleName\":\"pzRuleFormToolbarHotKeys\"}" => HTTP 200 (85058 bytes)
[PegaHttpClient] 📡 POST https://zdk8budo.pegaacademy.net/prweb/api/CodeIntelligence/v1/rules/query?pxObjClass=Rule-HTML-Section&appliesTo=Rule-Parse-Structured&pyRuleName=pzRuleFormToolbarLockedIcon&RequestClass=Rule-HTML-Section&RequestAppliesTo=Rule-Parse-Structured&RequestRuleName=pzRuleFormToolbarLockedIcon Payload: "{\"RequestClass\":\"Rule-HTML-Section\",\"RequestAppliesTo\":\"Rule-Parse-Structured\",\"RequestRuleName\":\"pzRuleFormToolbarLockedIcon\"}" => HTTP 200 (24898 bytes)
[PegaHttpClient] 📡 POST https://zdk8budo.pegaacademy.net/prweb/api/CodeIntelligence/v1/rules/query?pxObjClass=Rule-HTML-Section&appliesTo=Rule-Parse-Structured&pyRuleName=pzRuleFormToolbarCollaborators&RequestClass=Rule-HTML-Section&RequestAppliesTo=Rule-Parse-Structured&RequestRuleName=pzRuleFormToolbarCollaborators Payload: "{\"RequestClass\":\"Rule-HTML-Section\",\"RequestAppliesTo\":\"Rule-Parse-Structured\",\"RequestRuleName\":\"pzRuleFormToolbarCollaborators\"}" => HTTP 200 (15254 bytes)
[PegaHttpClient] 📡 POST https://zdk8budo.pegaacademy.net/prweb/api/CodeIntelligence/v1/rules/query?pxObjClass=Rule-HTML-Section&appliesTo=Rule-Parse-Structured&pyRuleName=pzRuleFormToolbarSaveAs&RequestClass=Rule-HTML-Section&RequestAppliesTo=Rule-Parse-Structured&RequestRuleName=pzRuleFormToolbarSaveAs Payload: "{\"RequestClass\":\"Rule-HTML-Section\",\"RequestAppliesTo\":\"Rule-Parse-Structured\",\"RequestRuleName\":\"pzRuleFormToolbarSaveAs\"}" => HTTP 200 (64084 bytes)
[PegaHttpClient] 📡 POST https://zdk8budo.pegaacademy.net/prweb/api/CodeIntelligence/v1/rules/query?pxObjClass=Rule-HTML-Section&appliesTo=Rule-Parse-Structured&pyRuleName=pzRuleFormToolbarCheckin&RequestClass=Rule-HTML-Section&RequestAppliesTo=Rule-Parse-Structured&RequestRuleName=pzRuleFormToolbarCheckin Payload: "{\"RequestClass\":\"Rule-HTML-Section\",\"RequestAppliesTo\":\"Rule-Parse-Structured\",\"RequestRuleName\":\"pzRuleFormToolbarCheckin\"}" => HTTP 200 (119096 bytes)
[PegaHttpClient] 📡 POST https://zdk8budo.pegaacademy.net/prweb/api/CodeIntelligence/v1/rules/query?pxObjClass=Rule-HTML-Section&appliesTo=Rule-Parse-Structured&pyRuleName=pzRuleFormToolbarDelete&RequestClass=Rule-HTML-Section&RequestAppliesTo=Rule-Parse-Structured&RequestRuleName=pzRuleFormToolbarDelete Payload: "{\"RequestClass\":\"Rule-HTML-Section\",\"RequestAppliesTo\":\"Rule-Parse-Structured\",\"RequestRuleName\":\"pzRuleFormToolbarDelete\"}" => HTTP 200 (30249 bytes)
[PegaHttpClient] 📡 POST https://zdk8budo.pegaacademy.net/prweb/api/CodeIntelligence/v1/rules/query?pxObjClass=Rule-HTML-Section&appliesTo=Rule-Parse-Structured&pyRuleName=pzRuleFormToolbarSave&RequestClass=Rule-HTML-Section&RequestAppliesTo=Rule-Parse-Structured&RequestRuleName=pzRuleFormToolbarSave Payload: "{\"RequestClass\":\"Rule-HTML-Section\",\"RequestAppliesTo\":\"Rule-Parse-Structured\",\"RequestRuleName\":\"pzRuleFormToolbarSave\"}" => HTTP 200 (293885 bytes)
[PegaHttpClient] 📡 POST https://zdk8budo.pegaacademy.net/prweb/api/CodeIntelligence/v1/rules/query?pxObjClass=Rule-HTML-Section&appliesTo=Rule-Parse-Structured&pyRuleName=pzRuleFormToolbarCheckout&RequestClass=Rule-HTML-Section&RequestAppliesTo=Rule-Parse-Structured&RequestRuleName=pzRuleFormToolbarCheckout Payload: "{\"RequestClass\":\"Rule-HTML-Section\",\"RequestAppliesTo\":\"Rule-Parse-Structured\",\"RequestRuleName\":\"pzRuleFormToolbarCheckout\"}" => HTTP 200 (238148 bytes)
[PegaHttpClient] 📡 POST https://zdk8budo.pegaacademy.net/prweb/api/CodeIntelligence/v1/rules/query?pxObjClass=Rule-HTML-Section&appliesTo=Rule-Parse-Structured&pyRuleName=pzRemoveErrorsDataPage&RequestClass=Rule-HTML-Section&RequestAppliesTo=Rule-Parse-Structured&RequestRuleName=pzRemoveErrorsDataPage Payload: "{\"RequestClass\":\"Rule-HTML-Section\",\"RequestAppliesTo\":\"Rule-Parse-Structured\",\"RequestRuleName\":\"pzRemoveErrorsDataPage\"}" => HTTP 200 (16733 bytes)
[PegaHttpClient] 📡 POST https://zdk8budo.pegaacademy.net/prweb/api/CodeIntelligence/v1/rules/query?pxObjClass=Rule-HTML-Section&appliesTo=Rule-Parse-Structured&pyRuleName=pzRuleFormHeaderMessagesWrapper&RequestClass=Rule-HTML-Section&RequestAppliesTo=Rule-Parse-Structured&RequestRuleName=pzRuleFormHeaderMessagesWrapper Payload: "{\"RequestClass\":\"Rule-HTML-Section\",\"RequestAppliesTo\":\"Rule-Parse-Structured\",\"RequestRuleName\":\"pzRuleFormHeaderMessagesWrapper\"}" => HTTP 200 (16981 bytes)
[PegaHttpClient] 📡 POST https://zdk8budo.pegaacademy.net/prweb/api/CodeIntelligence/v1/rules/query?pxObjClass=Rule-HTML-Section&appliesTo=Rule-Parse-Structured&pyRuleName=pzParametersAdvConf&RequestClass=Rule-HTML-Section&RequestAppliesTo=Rule-Parse-Structured&RequestRuleName=pzParametersAdvConf Payload: "{\"RequestClass\":\"Rule-HTML-Section\",\"RequestAppliesTo\":\"Rule-Parse-Structured\",\"RequestRuleName\":\"pzParametersAdvConf\"}" => HTTP 200 (127328 bytes)
[PegaHttpClient] 📡 POST https://zdk8budo.pegaacademy.net/prweb/api/CodeIntelligence/v1/rules/query?pxObjClass=Rule-HTML-Section&appliesTo=Rule-Parse-Structured&pyRuleName=pzParametersBasicConf&RequestClass=Rule-HTML-Section&RequestAppliesTo=Rule-Parse-Structured&RequestRuleName=pzParametersBasicConf Payload: "{\"RequestClass\":\"Rule-HTML-Section\",\"RequestAppliesTo\":\"Rule-Parse-Structured\",\"RequestRuleName\":\"pzParametersBasicConf\"}" => HTTP 200 (88892 bytes)
[PegaHttpClient] 📡 POST https://zdk8budo.pegaacademy.net/prweb/api/CodeIntelligence/v1/rules/query?pxObjClass=Rule-HTML-Section&appliesTo=Rule-Parse-Structured&pyRuleName=pzRuleFormLocalParametersScript&RequestClass=Rule-HTML-Section&RequestAppliesTo=Rule-Parse-Structured&RequestRuleName=pzRuleFormLocalParametersScript Payload: "{\"RequestClass\":\"Rule-HTML-Section\",\"RequestAppliesTo\":\"Rule-Parse-Structured\",\"RequestRuleName\":\"pzRuleFormLocalParametersScript\"}" => HTTP 200 (37420 bytes)
[PegaHttpClient] 📡 POST https://zdk8budo.pegaacademy.net/prweb/api/CodeIntelligence/v1/rules/query?pxObjClass=Rule-HTML-Section&appliesTo=Rule-Parse-Structured&pyRuleName=pzPagesAndClassesScriptNoMode&RequestClass=Rule-HTML-Section&RequestAppliesTo=Rule-Parse-Structured&RequestRuleName=pzPagesAndClassesScriptNoMode Payload: "{\"RequestClass\":\"Rule-HTML-Section\",\"RequestAppliesTo\":\"Rule-Parse-Structured\",\"RequestRuleName\":\"pzPagesAndClassesScriptNoMode\"}" => HTTP 200 (25452 bytes)
[PegaHttpClient] 📡 POST https://zdk8budo.pegaacademy.net/prweb/api/CodeIntelligence/v1/rules/query?pxObjClass=Rule-HTML-Section&appliesTo=Rule-Parse-Structured&pyRuleName=pzPagesAndClassesScript&RequestClass=Rule-HTML-Section&RequestAppliesTo=Rule-Parse-Structured&RequestRuleName=pzPagesAndClassesScript Payload: "{\"RequestClass\":\"Rule-HTML-Section\",\"RequestAppliesTo\":\"Rule-Parse-Structured\",\"RequestRuleName\":\"pzPagesAndClassesScript\"}" => HTTP 200 (24224 bytes)
[PegaHttpClient] 📡 POST https://zdk8budo.pegaacademy.net/prweb/api/CodeIntelligence/v1/rules/query?pxObjClass=Rule-HTML-Section&appliesTo=Rule-Parse-Structured&pyRuleName=pzSpecificationName&RequestClass=Rule-HTML-Section&RequestAppliesTo=Rule-Parse-Structured&RequestRuleName=pzSpecificationName Payload: "{\"RequestClass\":\"Rule-HTML-Section\",\"RequestAppliesTo\":\"Rule-Parse-Structured\",\"RequestRuleName\":\"pzSpecificationName\"}" => HTTP 404 (118 bytes)
[PegaHttpClient] 📡 POST https://zdk8budo.pegaacademy.net/prweb/PRRestService/CodeIntelligence/v1/rules/query?pxObjClass=Rule-HTML-Section&appliesTo=Rule-Parse-Structured&pyRuleName=pzSpecificationName&RequestClass=Rule-HTML-Section&RequestAppliesTo=Rule-Parse-Structured&RequestRuleName=pzSpecificationName Payload: "{\"RequestClass\":\"Rule-HTML-Section\",\"RequestAppliesTo\":\"Rule-Parse-Structured\",\"RequestRuleName\":\"pzSpecificationName\"}" => HTTP 404 (118 bytes)
[PegaHttpClient] 📡 POST https://zdk8budo.pegaacademy.net/prweb/api/HRAppsV2Service/V1/rules/query?pxObjClass=Rule-HTML-Section&appliesTo=Rule-Parse-Structured&pyRuleName=pzSpecificationName&RequestClass=Rule-HTML-Section&RequestAppliesTo=Rule-Parse-Structured&RequestRuleName=pzSpecificationName Payload: "{\"RequestClass\":\"Rule-HTML-Section\",\"RequestAppliesTo\":\"Rule-Parse-Structured\",\"RequestRuleName\":\"pzSpecificationName\"}" => HTTP 404 (18 bytes)
[PegaHttpClient] 📡 POST https://zdk8budo.pegaacademy.net/prweb/PRRestService/HRAppsV2Service/V1/rules/query?pxObjClass=Rule-HTML-Section&appliesTo=Rule-Parse-Structured&pyRuleName=pzSpecificationName&RequestClass=Rule-HTML-Section&RequestAppliesTo=Rule-Parse-Structured&RequestRuleName=pzSpecificationName Payload: "{\"RequestClass\":\"Rule-HTML-Section\",\"RequestAppliesTo\":\"Rule-Parse-Structured\",\"RequestRuleName\":\"pzSpecificationName\"}" => HTTP 404 (18 bytes)
[PegaHttpClient] 📡 POST https://zdk8budo.pegaacademy.net/prweb/api/HRAppsV2/V1/rules/query?pxObjClass=Rule-HTML-Section&appliesTo=Rule-Parse-Structured&pyRuleName=pzSpecificationName&RequestClass=Rule-HTML-Section&RequestAppliesTo=Rule-Parse-Structured&RequestRuleName=pzSpecificationName Payload: "{\"RequestClass\":\"Rule-HTML-Section\",\"RequestAppliesTo\":\"Rule-Parse-Structured\",\"RequestRuleName\":\"pzSpecificationName\"}" => HTTP 404 (18 bytes)
[PegaHttpClient] 📡 POST https://zdk8budo.pegaacademy.net/prweb/PRRestService/HRAppsV2/V1/rules/query?pxObjClass=Rule-HTML-Section&appliesTo=Rule-Parse-Structured&pyRuleName=pzSpecificationName&RequestClass=Rule-HTML-Section&RequestAppliesTo=Rule-Parse-Structured&RequestRuleName=pzSpecificationName Payload: "{\"RequestClass\":\"Rule-HTML-Section\",\"RequestAppliesTo\":\"Rule-Parse-Structured\",\"RequestRuleName\":\"pzSpecificationName\"}" => HTTP 404 (18 bytes)
[PegaHttpClient] 📡 POST https://zdk8budo.pegaacademy.net/prweb/api/v1/rules/query?pxObjClass=Rule-HTML-Section&appliesTo=Rule-Parse-Structured&pyRuleName=pzSpecificationName&RequestClass=Rule-HTML-Section&RequestAppliesTo=Rule-Parse-Structured&RequestRuleName=pzSpecificationName Payload: "{\"RequestClass\":\"Rule-HTML-Section\",\"RequestAppliesTo\":\"Rule-Parse-Structured\",\"RequestRuleName\":\"pzSpecificationName\"}" => HTTP 404 (18 bytes)
[PegaHttpClient] 📡 POST https://zdk8budo.pegaacademy.net/prweb/PRRestService/v1/rules/query?pxObjClass=Rule-HTML-Section&appliesTo=Rule-Parse-Structured&pyRuleName=pzSpecificationName&RequestClass=Rule-HTML-Section&RequestAppliesTo=Rule-Parse-Structured&RequestRuleName=pzSpecificationName Payload: "{\"RequestClass\":\"Rule-HTML-Section\",\"RequestAppliesTo\":\"Rule-Parse-Structured\",\"RequestRuleName\":\"pzSpecificationName\"}" => HTTP 404 (18 bytes)
[PegaHttpClient] 📡 POST https://zdk8budo.pegaacademy.net/prweb/api/CodeIntelligence/v1/rules/query?pxObjClass=Rule-HTML-Section&appliesTo=Rule-Parse-Structured&pyRuleName=pzScm_RuleHistory&RequestClass=Rule-HTML-Section&RequestAppliesTo=Rule-Parse-Structured&RequestRuleName=pzScm_RuleHistory Payload: "{\"RequestClass\":\"Rule-HTML-Section\",\"RequestAppliesTo\":\"Rule-Parse-Structured\",\"RequestRuleName\":\"pzScm_RuleHistory\"}" => HTTP 200 (14682 bytes)
[PegaHttpClient] 📡 POST https://zdk8budo.pegaacademy.net/prweb/api/CodeIntelligence/v1/rules/query?pxObjClass=Rule-HTML-Section&appliesTo=Rule-Parse-Structured&pyRuleName=pxDisplayCollaborators&RequestClass=Rule-HTML-Section&RequestAppliesTo=Rule-Parse-Structured&RequestRuleName=pxDisplayCollaborators Payload: "{\"RequestClass\":\"Rule-HTML-Section\",\"RequestAppliesTo\":\"Rule-Parse-Structured\",\"RequestRuleName\":\"pxDisplayCollaborators\"}" => HTTP 200 (94171 bytes)
[PegaHttpClient] 📡 POST https://zdk8budo.pegaacademy.net/prweb/api/CodeIntelligence/v1/rules/query?pxObjClass=Rule-HTML-Section&appliesTo=Rule-Parse-Structured&pyRuleName=pzRuleFormToolbarDeleteCheckOut&RequestClass=Rule-HTML-Section&RequestAppliesTo=Rule-Parse-Structured&RequestRuleName=pzRuleFormToolbarDeleteCheckOut Payload: "{\"RequestClass\":\"Rule-HTML-Section\",\"RequestAppliesTo\":\"Rule-Parse-Structured\",\"RequestRuleName\":\"pzRuleFormToolbarDeleteCheckOut\"}" => HTTP 200 (29433 bytes)
[PegaHttpClient] 📡 POST https://zdk8budo.pegaacademy.net/prweb/api/CodeIntelligence/v1/rules/query?pxObjClass=Rule-HTML-Section&appliesTo=Rule-Parse-Structured&pyRuleName=pzRuleFormToolbarDeleteRule&RequestClass=Rule-HTML-Section&RequestAppliesTo=Rule-Parse-Structured&RequestRuleName=pzRuleFormToolbarDeleteRule Payload: "{\"RequestClass\":\"Rule-HTML-Section\",\"RequestAppliesTo\":\"Rule-Parse-Structured\",\"RequestRuleName\":\"pzRuleFormToolbarDeleteRule\"}" => HTTP 200 (32314 bytes)
[PegaHttpClient] 📡 POST https://zdk8budo.pegaacademy.net/prweb/api/CodeIntelligence/v1/rules/query?pxObjClass=Rule-HTML-Section&appliesTo=Rule-Parse-Structured&pyRuleName=pzLoadCollaborationScripts&RequestClass=Rule-HTML-Section&RequestAppliesTo=Rule-Parse-Structured&RequestRuleName=pzLoadCollaborationScripts Payload: "{\"RequestClass\":\"Rule-HTML-Section\",\"RequestAppliesTo\":\"Rule-Parse-Structured\",\"RequestRuleName\":\"pzLoadCollaborationScripts\"}" => HTTP 200 (23453 bytes)
[PegaHttpClient] 📡 POST https://zdk8budo.pegaacademy.net/prweb/api/CodeIntelligence/v1/rules/query?pxObjClass=Rule-HTML-Section&appliesTo=Rule-Parse-Structured&pyRuleName=pzDisplayCollaboratorsList&RequestClass=Rule-HTML-Section&RequestAppliesTo=Rule-Parse-Structured&RequestRuleName=pzDisplayCollaboratorsList Payload: "{\"RequestClass\":\"Rule-HTML-Section\",\"RequestAppliesTo\":\"Rule-Parse-Structured\",\"RequestRuleName\":\"pzDisplayCollaboratorsList\"}" => HTTP 200 (105418 bytes)
[PegaHttpClient] 📡 POST https://zdk8budo.pegaacademy.net/prweb/api/CodeIntelligence/v1/rules/query?pxObjClass=Rule-HTML-Section&appliesTo=Rule-Parse-Structured&pyRuleName=pyCollaborator&RequestClass=Rule-HTML-Section&RequestAppliesTo=Rule-Parse-Structured&RequestRuleName=pyCollaborator Payload: "{\"RequestClass\":\"Rule-HTML-Section\",\"RequestAppliesTo\":\"Rule-Parse-Structured\",\"RequestRuleName\":\"pyCollaborator\"}" => HTTP 404 (113 bytes)
[PegaHttpClient] 📡 POST https://zdk8budo.pegaacademy.net/prweb/PRRestService/CodeIntelligence/v1/rules/query?pxObjClass=Rule-HTML-Section&appliesTo=Rule-Parse-Structured&pyRuleName=pyCollaborator&RequestClass=Rule-HTML-Section&RequestAppliesTo=Rule-Parse-Structured&RequestRuleName=pyCollaborator Payload: "{\"RequestClass\":\"Rule-HTML-Section\",\"RequestAppliesTo\":\"Rule-Parse-Structured\",\"RequestRuleName\":\"pyCollaborator\"}" => HTTP 404 (113 bytes)
[PegaHttpClient] 📡 POST https://zdk8budo.pegaacademy.net/prweb/api/HRAppsV2Service/V1/rules/query?pxObjClass=Rule-HTML-Section&appliesTo=Rule-Parse-Structured&pyRuleName=pyCollaborator&RequestClass=Rule-HTML-Section&RequestAppliesTo=Rule-Parse-Structured&RequestRuleName=pyCollaborator Payload: "{\"RequestClass\":\"Rule-HTML-Section\",\"RequestAppliesTo\":\"Rule-Parse-Structured\",\"RequestRuleName\":\"pyCollaborator\"}" => HTTP 404 (18 bytes)
[PegaHttpClient] 📡 POST https://zdk8budo.pegaacademy.net/prweb/PRRestService/HRAppsV2Service/V1/rules/query?pxObjClass=Rule-HTML-Section&appliesTo=Rule-Parse-Structured&pyRuleName=pyCollaborator&RequestClass=Rule-HTML-Section&RequestAppliesTo=Rule-Parse-Structured&RequestRuleName=pyCollaborator Payload: "{\"RequestClass\":\"Rule-HTML-Section\",\"RequestAppliesTo\":\"Rule-Parse-Structured\",\"RequestRuleName\":\"pyCollaborator\"}" => HTTP 404 (18 bytes)
[PegaHttpClient] 📡 POST https://zdk8budo.pegaacademy.net/prweb/api/HRAppsV2/V1/rules/query?pxObjClass=Rule-HTML-Section&appliesTo=Rule-Parse-Structured&pyRuleName=pyCollaborator&RequestClass=Rule-HTML-Section&RequestAppliesTo=Rule-Parse-Structured&RequestRuleName=pyCollaborator Payload: "{\"RequestClass\":\"Rule-HTML-Section\",\"RequestAppliesTo\":\"Rule-Parse-Structured\",\"RequestRuleName\":\"pyCollaborator\"}" => HTTP 404 (18 bytes)
[PegaHttpClient] 📡 POST https://zdk8budo.pegaacademy.net/prweb/PRRestService/HRAppsV2/V1/rules/query?pxObjClass=Rule-HTML-Section&appliesTo=Rule-Parse-Structured&pyRuleName=pyCollaborator&RequestClass=Rule-HTML-Section&RequestAppliesTo=Rule-Parse-Structured&RequestRuleName=pyCollaborator Payload: "{\"RequestClass\":\"Rule-HTML-Section\",\"RequestAppliesTo\":\"Rule-Parse-Structured\",\"RequestRuleName\":\"pyCollaborator\"}" => HTTP 404 (18 bytes)
[PegaHttpClient] 📡 POST https://zdk8budo.pegaacademy.net/prweb/api/v1/rules/query?pxObjClass=Rule-HTML-Section&appliesTo=Rule-Parse-Structured&pyRuleName=pyCollaborator&RequestClass=Rule-HTML-Section&RequestAppliesTo=Rule-Parse-Structured&RequestRuleName=pyCollaborator Payload: "{\"RequestClass\":\"Rule-HTML-Section\",\"RequestAppliesTo\":\"Rule-Parse-Structured\",\"RequestRuleName\":\"pyCollaborator\"}" => HTTP 404 (18 bytes)
[PegaHttpClient] 📡 POST https://zdk8budo.pegaacademy.net/prweb/PRRestService/v1/rules/query?pxObjClass=Rule-HTML-Section&appliesTo=Rule-Parse-Structured&pyRuleName=pyCollaborator&RequestClass=Rule-HTML-Section&RequestAppliesTo=Rule-Parse-Structured&RequestRuleName=pyCollaborator Payload: "{\"RequestClass\":\"Rule-HTML-Section\",\"RequestAppliesTo\":\"Rule-Parse-Structured\",\"RequestRuleName\":\"pyCollaborator\"}" => HTTP 404 (18 bytes)
[PegaHttpClient] 📡 POST https://zdk8budo.pegaacademy.net/prweb/api/CodeIntelligence/v1/rules/query?pxObjClass=Rule-HTML-Section&appliesTo=Rule-Parse-Structured&pyRuleName=pzDisplayPartialCount&RequestClass=Rule-HTML-Section&RequestAppliesTo=Rule-Parse-Structured&RequestRuleName=pzDisplayPartialCount Payload: "{\"RequestClass\":\"Rule-HTML-Section\",\"RequestAppliesTo\":\"Rule-Parse-Structured\",\"RequestRuleName\":\"pzDisplayPartialCount\"}" => HTTP 404 (120 bytes)
[PegaHttpClient] 📡 POST https://zdk8budo.pegaacademy.net/prweb/PRRestService/CodeIntelligence/v1/rules/query?pxObjClass=Rule-HTML-Section&appliesTo=Rule-Parse-Structured&pyRuleName=pzDisplayPartialCount&RequestClass=Rule-HTML-Section&RequestAppliesTo=Rule-Parse-Structured&RequestRuleName=pzDisplayPartialCount Payload: "{\"RequestClass\":\"Rule-HTML-Section\",\"RequestAppliesTo\":\"Rule-Parse-Structured\",\"RequestRuleName\":\"pzDisplayPartialCount\"}" => HTTP 404 (120 bytes)
[PegaHttpClient] 📡 POST https://zdk8budo.pegaacademy.net/prweb/api/HRAppsV2Service/V1/rules/query?pxObjClass=Rule-HTML-Section&appliesTo=Rule-Parse-Structured&pyRuleName=pzDisplayPartialCount&RequestClass=Rule-HTML-Section&RequestAppliesTo=Rule-Parse-Structured&RequestRuleName=pzDisplayPartialCount Payload: "{\"RequestClass\":\"Rule-HTML-Section\",\"RequestAppliesTo\":\"Rule-Parse-Structured\",\"RequestRuleName\":\"pzDisplayPartialCount\"}" => HTTP 404 (18 bytes)
[PegaHttpClient] 📡 POST https://zdk8budo.pegaacademy.net/prweb/PRRestService/HRAppsV2Service/V1/rules/query?pxObjClass=Rule-HTML-Section&appliesTo=Rule-Parse-Structured&pyRuleName=pzDisplayPartialCount&RequestClass=Rule-HTML-Section&RequestAppliesTo=Rule-Parse-Structured&RequestRuleName=pzDisplayPartialCount Payload: "{\"RequestClass\":\"Rule-HTML-Section\",\"RequestAppliesTo\":\"Rule-Parse-Structured\",\"RequestRuleName\":\"pzDisplayPartialCount\"}" => HTTP 404 (18 bytes)
[PegaHttpClient] 📡 POST https://zdk8budo.pegaacademy.net/prweb/api/HRAppsV2/V1/rules/query?pxObjClass=Rule-HTML-Section&appliesTo=Rule-Parse-Structured&pyRuleName=pzDisplayPartialCount&RequestClass=Rule-HTML-Section&RequestAppliesTo=Rule-Parse-Structured&RequestRuleName=pzDisplayPartialCount Payload: "{\"RequestClass\":\"Rule-HTML-Section\",\"RequestAppliesTo\":\"Rule-Parse-Structured\",\"RequestRuleName\":\"pzDisplayPartialCount\"}" => HTTP 404 (18 bytes)
[PegaHttpClient] 📡 POST https://zdk8budo.pegaacademy.net/prweb/PRRestService/HRAppsV2/V1/rules/query?pxObjClass=Rule-HTML-Section&appliesTo=Rule-Parse-Structured&pyRuleName=pzDisplayPartialCount&RequestClass=Rule-HTML-Section&RequestAppliesTo=Rule-Parse-Structured&RequestRuleName=pzDisplayPartialCount Payload: "{\"RequestClass\":\"Rule-HTML-Section\",\"RequestAppliesTo\":\"Rule-Parse-Structured\",\"RequestRuleName\":\"pzDisplayPartialCount\"}" => HTTP 404 (18 bytes)
[PegaHttpClient] 📡 POST https://zdk8budo.pegaacademy.net/prweb/api/v1/rules/query?pxObjClass=Rule-HTML-Section&appliesTo=Rule-Parse-Structured&pyRuleName=pzDisplayPartialCount&RequestClass=Rule-HTML-Section&RequestAppliesTo=Rule-Parse-Structured&RequestRuleName=pzDisplayPartialCount Payload: "{\"RequestClass\":\"Rule-HTML-Section\",\"RequestAppliesTo\":\"Rule-Parse-Structured\",\"RequestRuleName\":\"pzDisplayPartialCount\"}" => HTTP 404 (18 bytes)
[PegaHttpClient] 📡 POST https://zdk8budo.pegaacademy.net/prweb/PRRestService/v1/rules/query?pxObjClass=Rule-HTML-Section&appliesTo=Rule-Parse-Structured&pyRuleName=pzDisplayPartialCount&RequestClass=Rule-HTML-Section&RequestAppliesTo=Rule-Parse-Structured&RequestRuleName=pzDisplayPartialCount Payload: "{\"RequestClass\":\"Rule-HTML-Section\",\"RequestAppliesTo\":\"Rule-Parse-Structured\",\"RequestRuleName\":\"pzDisplayPartialCount\"}" => HTTP 404 (18 bytes)
[SchemaGen] ✅ Schema written for Rule-Parse-Structured
[PegaHttpClient] 📡 GET https://zdk8budo.pegaacademy.net/prweb/api/CodeIntelligence/v1/rules/RULE-HTML-HARNESS%20RULE-OBJ-SUMMARYVIEW%20RULEFORM%20%2320180713T135125.165%20GMT => HTTP 200 (50732 bytes)
[PegaHttpClient] 📡 POST https://zdk8budo.pegaacademy.net/prweb/api/CodeIntelligence/v1/rules/query?pxObjClass=Rule-HTML-Section&appliesTo=Rule-Obj-SummaryView&pyRuleName=RuleFormMain&RequestClass=Rule-HTML-Section&RequestAppliesTo=Rule-Obj-SummaryView&RequestRuleName=RuleFormMain Payload: "{\"RequestClass\":\"Rule-HTML-Section\",\"RequestAppliesTo\":\"Rule-Obj-SummaryView\",\"RequestRuleName\":\"RuleFormMain\"}" => HTTP 200 (156234 bytes)
[PegaHttpClient] 📡 POST https://zdk8budo.pegaacademy.net/prweb/api/CodeIntelligence/v1/rules/query?pxObjClass=Rule-HTML-Section&appliesTo=Rule-Obj-SummaryView&pyRuleName=pxAlternateRuleForm&RequestClass=Rule-HTML-Section&RequestAppliesTo=Rule-Obj-SummaryView&RequestRuleName=pxAlternateRuleForm Payload: "{\"RequestClass\":\"Rule-HTML-Section\",\"RequestAppliesTo\":\"Rule-Obj-SummaryView\",\"RequestRuleName\":\"pxAlternateRuleForm\"}" => HTTP 200 (66153 bytes)
[PegaHttpClient] 📡 POST https://zdk8budo.pegaacademy.net/prweb/api/CodeIntelligence/v1/rules/query?pxObjClass=Rule-HTML-Section&appliesTo=Rule-Obj-SummaryView&pyRuleName=pzRuleFormScripts&RequestClass=Rule-HTML-Section&RequestAppliesTo=Rule-Obj-SummaryView&RequestRuleName=pzRuleFormScripts Payload: "{\"RequestClass\":\"Rule-HTML-Section\",\"RequestAppliesTo\":\"Rule-Obj-SummaryView\",\"RequestRuleName\":\"pzRuleFormScripts\"}" => HTTP 200 (40822 bytes)
[PegaHttpClient] 📡 POST https://zdk8budo.pegaacademy.net/prweb/api/CodeIntelligence/v1/rules/query?pxObjClass=Rule-HTML-Section&appliesTo=Rule-Obj-SummaryView&pyRuleName=pzRuleFormLayoutDelegated&RequestClass=Rule-HTML-Section&RequestAppliesTo=Rule-Obj-SummaryView&RequestRuleName=pzRuleFormLayoutDelegated Payload: "{\"RequestClass\":\"Rule-HTML-Section\",\"RequestAppliesTo\":\"Rule-Obj-SummaryView\",\"RequestRuleName\":\"pzRuleFormLayoutDelegated\"}" => HTTP 200 (70998 bytes)
[PegaHttpClient] 📡 POST https://zdk8budo.pegaacademy.net/prweb/api/CodeIntelligence/v1/rules/query?pxObjClass=Rule-HTML-Section&appliesTo=Rule-Obj-SummaryView&pyRuleName=RuleFormLayout&RequestClass=Rule-HTML-Section&RequestAppliesTo=Rule-Obj-SummaryView&RequestRuleName=RuleFormLayout Payload: "{\"RequestClass\":\"Rule-HTML-Section\",\"RequestAppliesTo\":\"Rule-Obj-SummaryView\",\"RequestRuleName\":\"RuleFormLayout\"}" => HTTP 200 (126149 bytes)
[PegaHttpClient] 📡 POST https://zdk8budo.pegaacademy.net/prweb/api/CodeIntelligence/v1/rules/query?pxObjClass=Rule-HTML-Section&appliesTo=Rule-Obj-SummaryView&pyRuleName=RuleFormSettings&RequestClass=Rule-HTML-Section&RequestAppliesTo=Rule-Obj-SummaryView&RequestRuleName=RuleFormSettings Payload: "{\"RequestClass\":\"Rule-HTML-Section\",\"RequestAppliesTo\":\"Rule-Obj-SummaryView\",\"RequestRuleName\":\"RuleFormSettings\"}" => HTTP 200 (20540 bytes)
[PegaHttpClient] 📡 POST https://zdk8budo.pegaacademy.net/prweb/api/CodeIntelligence/v1/rules/query?pxObjClass=Rule-HTML-Section&appliesTo=Rule-Obj-SummaryView&pyRuleName=OpenAuthoring&RequestClass=Rule-HTML-Section&RequestAppliesTo=Rule-Obj-SummaryView&RequestRuleName=OpenAuthoring Payload: "{\"RequestClass\":\"Rule-HTML-Section\",\"RequestAppliesTo\":\"Rule-Obj-SummaryView\",\"RequestRuleName\":\"OpenAuthoring\"}" => HTTP 200 (23695 bytes)
[PegaHttpClient] 📡 POST https://zdk8budo.pegaacademy.net/prweb/api/CodeIntelligence/v1/rules/query?pxObjClass=Rule-HTML-Section&appliesTo=Rule-Obj-SummaryView&pyRuleName=pyCustomHelp&RequestClass=Rule-HTML-Section&RequestAppliesTo=Rule-Obj-SummaryView&RequestRuleName=pyCustomHelp Payload: "{\"RequestClass\":\"Rule-HTML-Section\",\"RequestAppliesTo\":\"Rule-Obj-SummaryView\",\"RequestRuleName\":\"pyCustomHelp\"}" => HTTP 200 (17256 bytes)
[PegaHttpClient] 📡 POST https://zdk8budo.pegaacademy.net/prweb/api/CodeIntelligence/v1/rules/query?pxObjClass=Rule-HTML-Section&appliesTo=Rule-Obj-SummaryView&pyRuleName=pzRuleformMainInclude&RequestClass=Rule-HTML-Section&RequestAppliesTo=Rule-Obj-SummaryView&RequestRuleName=pzRuleformMainInclude Payload: "{\"RequestClass\":\"Rule-HTML-Section\",\"RequestAppliesTo\":\"Rule-Obj-SummaryView\",\"RequestRuleName\":\"pzRuleformMainInclude\"}" => HTTP 200 (22375 bytes)
[PegaHttpClient] 📡 POST https://zdk8budo.pegaacademy.net/prweb/api/CodeIntelligence/v1/rules/query?pxObjClass=Rule-HTML-Section&appliesTo=Rule-Obj-SummaryView&pyRuleName=pyAlternativeRuleFormStrategicAppExtension&RequestClass=Rule-HTML-Section&RequestAppliesTo=Rule-Obj-SummaryView&RequestRuleName=pyAlternativeRuleFormStrategicAppExtension Payload: "{\"RequestClass\":\"Rule-HTML-Section\",\"RequestAppliesTo\":\"Rule-Obj-SummaryView\",\"RequestRuleName\":\"pyAlternativeRuleFormStrategicAppExtension\"}" => HTTP 200 (25042 bytes)
[PegaHttpClient] 📡 POST https://zdk8budo.pegaacademy.net/prweb/api/CodeIntelligence/v1/rules/query?pxObjClass=Rule-HTML-Section&appliesTo=Rule-Obj-SummaryView&pyRuleName=pyAlternativeRuleFormExtension&RequestClass=Rule-HTML-Section&RequestAppliesTo=Rule-Obj-SummaryView&RequestRuleName=pyAlternativeRuleFormExtension Payload: "{\"RequestClass\":\"Rule-HTML-Section\",\"RequestAppliesTo\":\"Rule-Obj-SummaryView\",\"RequestRuleName\":\"pyAlternativeRuleFormExtension\"}" => HTTP 200 (24863 bytes)
[PegaHttpClient] 📡 POST https://zdk8budo.pegaacademy.net/prweb/api/CodeIntelligence/v1/rules/query?pxObjClass=Rule-HTML-Section&appliesTo=Rule-Obj-SummaryView&pyRuleName=RuleFormHeader&RequestClass=Rule-HTML-Section&RequestAppliesTo=Rule-Obj-SummaryView&RequestRuleName=RuleFormHeader Payload: "{\"RequestClass\":\"Rule-HTML-Section\",\"RequestAppliesTo\":\"Rule-Obj-SummaryView\",\"RequestRuleName\":\"RuleFormHeader\"}" => HTTP 200 (183800 bytes)
[PegaHttpClient] 📡 POST https://zdk8budo.pegaacademy.net/prweb/api/CodeIntelligence/v1/rules/query?pxObjClass=Rule-HTML-Section&appliesTo=Rule-Obj-SummaryView&pyRuleName=pzDelegationExperience&RequestClass=Rule-HTML-Section&RequestAppliesTo=Rule-Obj-SummaryView&RequestRuleName=pzDelegationExperience Payload: "{\"RequestClass\":\"Rule-HTML-Section\",\"RequestAppliesTo\":\"Rule-Obj-SummaryView\",\"RequestRuleName\":\"pzDelegationExperience\"}" => HTTP 404 (120 bytes)
[PegaHttpClient] 📡 POST https://zdk8budo.pegaacademy.net/prweb/PRRestService/CodeIntelligence/v1/rules/query?pxObjClass=Rule-HTML-Section&appliesTo=Rule-Obj-SummaryView&pyRuleName=pzDelegationExperience&RequestClass=Rule-HTML-Section&RequestAppliesTo=Rule-Obj-SummaryView&RequestRuleName=pzDelegationExperience Payload: "{\"RequestClass\":\"Rule-HTML-Section\",\"RequestAppliesTo\":\"Rule-Obj-SummaryView\",\"RequestRuleName\":\"pzDelegationExperience\"}" => HTTP 404 (120 bytes)
[PegaHttpClient] 📡 POST https://zdk8budo.pegaacademy.net/prweb/api/HRAppsV2Service/V1/rules/query?pxObjClass=Rule-HTML-Section&appliesTo=Rule-Obj-SummaryView&pyRuleName=pzDelegationExperience&RequestClass=Rule-HTML-Section&RequestAppliesTo=Rule-Obj-SummaryView&RequestRuleName=pzDelegationExperience Payload: "{\"RequestClass\":\"Rule-HTML-Section\",\"RequestAppliesTo\":\"Rule-Obj-SummaryView\",\"RequestRuleName\":\"pzDelegationExperience\"}" => HTTP 404 (18 bytes)
[PegaHttpClient] 📡 POST https://zdk8budo.pegaacademy.net/prweb/PRRestService/HRAppsV2Service/V1/rules/query?pxObjClass=Rule-HTML-Section&appliesTo=Rule-Obj-SummaryView&pyRuleName=pzDelegationExperience&RequestClass=Rule-HTML-Section&RequestAppliesTo=Rule-Obj-SummaryView&RequestRuleName=pzDelegationExperience Payload: "{\"RequestClass\":\"Rule-HTML-Section\",\"RequestAppliesTo\":\"Rule-Obj-SummaryView\",\"RequestRuleName\":\"pzDelegationExperience\"}" => HTTP 404 (18 bytes)
[PegaHttpClient] 📡 POST https://zdk8budo.pegaacademy.net/prweb/api/HRAppsV2/V1/rules/query?pxObjClass=Rule-HTML-Section&appliesTo=Rule-Obj-SummaryView&pyRuleName=pzDelegationExperience&RequestClass=Rule-HTML-Section&RequestAppliesTo=Rule-Obj-SummaryView&RequestRuleName=pzDelegationExperience Payload: "{\"RequestClass\":\"Rule-HTML-Section\",\"RequestAppliesTo\":\"Rule-Obj-SummaryView\",\"RequestRuleName\":\"pzDelegationExperience\"}" => HTTP 404 (18 bytes)
[PegaHttpClient] 📡 POST https://zdk8budo.pegaacademy.net/prweb/PRRestService/HRAppsV2/V1/rules/query?pxObjClass=Rule-HTML-Section&appliesTo=Rule-Obj-SummaryView&pyRuleName=pzDelegationExperience&RequestClass=Rule-HTML-Section&RequestAppliesTo=Rule-Obj-SummaryView&RequestRuleName=pzDelegationExperience Payload: "{\"RequestClass\":\"Rule-HTML-Section\",\"RequestAppliesTo\":\"Rule-Obj-SummaryView\",\"RequestRuleName\":\"pzDelegationExperience\"}" => HTTP 404 (18 bytes)
[PegaHttpClient] 📡 POST https://zdk8budo.pegaacademy.net/prweb/api/v1/rules/query?pxObjClass=Rule-HTML-Section&appliesTo=Rule-Obj-SummaryView&pyRuleName=pzDelegationExperience&RequestClass=Rule-HTML-Section&RequestAppliesTo=Rule-Obj-SummaryView&RequestRuleName=pzDelegationExperience Payload: "{\"RequestClass\":\"Rule-HTML-Section\",\"RequestAppliesTo\":\"Rule-Obj-SummaryView\",\"RequestRuleName\":\"pzDelegationExperience\"}" => HTTP 404 (18 bytes)
[PegaHttpClient] 📡 POST https://zdk8budo.pegaacademy.net/prweb/PRRestService/v1/rules/query?pxObjClass=Rule-HTML-Section&appliesTo=Rule-Obj-SummaryView&pyRuleName=pzDelegationExperience&RequestClass=Rule-HTML-Section&RequestAppliesTo=Rule-Obj-SummaryView&RequestRuleName=pzDelegationExperience Payload: "{\"RequestClass\":\"Rule-HTML-Section\",\"RequestAppliesTo\":\"Rule-Obj-SummaryView\",\"RequestRuleName\":\"pzDelegationExperience\"}" => HTTP 404 (18 bytes)
[PegaHttpClient] 📡 POST https://zdk8budo.pegaacademy.net/prweb/api/CodeIntelligence/v1/rules/query?pxObjClass=Rule-HTML-Section&appliesTo=Rule-Obj-SummaryView&pyRuleName=pzSVContentTab&RequestClass=Rule-HTML-Section&RequestAppliesTo=Rule-Obj-SummaryView&RequestRuleName=pzSVContentTab Payload: "{\"RequestClass\":\"Rule-HTML-Section\",\"RequestAppliesTo\":\"Rule-Obj-SummaryView\",\"RequestRuleName\":\"pzSVContentTab\"}" => HTTP 200 (103883 bytes)
[PegaHttpClient] 📡 POST https://zdk8budo.pegaacademy.net/prweb/api/CodeIntelligence/v1/rules/query?pxObjClass=Rule-HTML-Section&appliesTo=Rule-Obj-SummaryView&pyRuleName=pzSVDrillDownTab&RequestClass=Rule-HTML-Section&RequestAppliesTo=Rule-Obj-SummaryView&RequestRuleName=pzSVDrillDownTab Payload: "{\"RequestClass\":\"Rule-HTML-Section\",\"RequestAppliesTo\":\"Rule-Obj-SummaryView\",\"RequestRuleName\":\"pzSVDrillDownTab\"}" => HTTP 200 (120377 bytes)
[PegaHttpClient] 📡 POST https://zdk8budo.pegaacademy.net/prweb/api/CodeIntelligence/v1/rules/query?pxObjClass=Rule-HTML-Section&appliesTo=Rule-Obj-SummaryView&pyRuleName=pzOrganizeTabForSummaryView&RequestClass=Rule-HTML-Section&RequestAppliesTo=Rule-Obj-SummaryView&RequestRuleName=pzOrganizeTabForSummaryView Payload: "{\"RequestClass\":\"Rule-HTML-Section\",\"RequestAppliesTo\":\"Rule-Obj-SummaryView\",\"RequestRuleName\":\"pzOrganizeTabForSummaryView\"}" => HTTP 200 (109977 bytes)
[PegaHttpClient] 📡 POST https://zdk8budo.pegaacademy.net/prweb/api/CodeIntelligence/v1/rules/query?pxObjClass=Rule-HTML-Section&appliesTo=Rule-Obj-SummaryView&pyRuleName=pzFormat&RequestClass=Rule-HTML-Section&RequestAppliesTo=Rule-Obj-SummaryView&RequestRuleName=pzFormat Payload: "{\"RequestClass\":\"Rule-HTML-Section\",\"RequestAppliesTo\":\"Rule-Obj-SummaryView\",\"RequestRuleName\":\"pzFormat\"}" => HTTP 200 (230650 bytes)
[PegaHttpClient] 📡 POST https://zdk8budo.pegaacademy.net/prweb/api/CodeIntelligence/v1/rules/query?pxObjClass=Rule-HTML-Section&appliesTo=Rule-Obj-SummaryView&pyRuleName=pzChart&RequestClass=Rule-HTML-Section&RequestAppliesTo=Rule-Obj-SummaryView&RequestRuleName=pzChart Payload: "{\"RequestClass\":\"Rule-HTML-Section\",\"RequestAppliesTo\":\"Rule-Obj-SummaryView\",\"RequestRuleName\":\"pzChart\"}" => HTTP 200 (14782 bytes)
[PegaHttpClient] 📡 POST https://zdk8budo.pegaacademy.net/prweb/api/CodeIntelligence/v1/rules/query?pxObjClass=Rule-HTML-Section&appliesTo=Rule-Obj-SummaryView&pyRuleName=pzParameters&RequestClass=Rule-HTML-Section&RequestAppliesTo=Rule-Obj-SummaryView&RequestRuleName=pzParameters Payload: "{\"RequestClass\":\"Rule-HTML-Section\",\"RequestAppliesTo\":\"Rule-Obj-SummaryView\",\"RequestRuleName\":\"pzParameters\"}" => HTTP 200 (62316 bytes)
[PegaHttpClient] 📡 POST https://zdk8budo.pegaacademy.net/prweb/api/CodeIntelligence/v1/rules/query?pxObjClass=Rule-HTML-Section&appliesTo=Rule-Obj-SummaryView&pyRuleName=RuleFormPagesAndClasses&RequestClass=Rule-HTML-Section&RequestAppliesTo=Rule-Obj-SummaryView&RequestRuleName=RuleFormPagesAndClasses Payload: "{\"RequestClass\":\"Rule-HTML-Section\",\"RequestAppliesTo\":\"Rule-Obj-SummaryView\",\"RequestRuleName\":\"RuleFormPagesAndClasses\"}" => HTTP 200 (34748 bytes)
[PegaHttpClient] 📡 POST https://zdk8budo.pegaacademy.net/prweb/api/CodeIntelligence/v1/rules/query?pxObjClass=Rule-HTML-Section&appliesTo=Rule-Obj-SummaryView&pyRuleName=pzjoin&RequestClass=Rule-HTML-Section&RequestAppliesTo=Rule-Obj-SummaryView&RequestRuleName=pzjoin Payload: "{\"RequestClass\":\"Rule-HTML-Section\",\"RequestAppliesTo\":\"Rule-Obj-SummaryView\",\"RequestRuleName\":\"pzjoin\"}" => HTTP 200 (123466 bytes)
[PegaHttpClient] 📡 POST https://zdk8budo.pegaacademy.net/prweb/api/CodeIntelligence/v1/rules/query?pxObjClass=Rule-HTML-Section&appliesTo=Rule-Obj-SummaryView&pyRuleName=pzHtmlSV&RequestClass=Rule-HTML-Section&RequestAppliesTo=Rule-Obj-SummaryView&RequestRuleName=pzHtmlSV Payload: "{\"RequestClass\":\"Rule-HTML-Section\",\"RequestAppliesTo\":\"Rule-Obj-SummaryView\",\"RequestRuleName\":\"pzHtmlSV\"}" => HTTP 200 (23531 bytes)
[PegaHttpClient] 📡 POST https://zdk8budo.pegaacademy.net/prweb/api/CodeIntelligence/v1/rules/query?pxObjClass=Rule-HTML-Section&appliesTo=Rule-Obj-SummaryView&pyRuleName=RuleFormHistory&RequestClass=Rule-HTML-Section&RequestAppliesTo=Rule-Obj-SummaryView&RequestRuleName=RuleFormHistory Payload: "{\"RequestClass\":\"Rule-HTML-Section\",\"RequestAppliesTo\":\"Rule-Obj-SummaryView\",\"RequestRuleName\":\"RuleFormHistory\"}" => HTTP 200 (76091 bytes)
[PegaHttpClient] 📡 POST https://zdk8budo.pegaacademy.net/prweb/api/CodeIntelligence/v1/rules/query?pxObjClass=Rule-HTML-Section&appliesTo=Rule-Obj-SummaryView&pyRuleName=pzCustomHelp&RequestClass=Rule-HTML-Section&RequestAppliesTo=Rule-Obj-SummaryView&RequestRuleName=pzCustomHelp Payload: "{\"RequestClass\":\"Rule-HTML-Section\",\"RequestAppliesTo\":\"Rule-Obj-SummaryView\",\"RequestRuleName\":\"pzCustomHelp\"}" => HTTP 200 (31573 bytes)
[PegaHttpClient] 📡 POST https://zdk8budo.pegaacademy.net/prweb/api/CodeIntelligence/v1/rules/query?pxObjClass=Rule-HTML-Section&appliesTo=Rule-Obj-SummaryView&pyRuleName=pzRuleFormKeysAndDescription&RequestClass=Rule-HTML-Section&RequestAppliesTo=Rule-Obj-SummaryView&RequestRuleName=pzRuleFormKeysAndDescription Payload: "{\"RequestClass\":\"Rule-HTML-Section\",\"RequestAppliesTo\":\"Rule-Obj-SummaryView\",\"RequestRuleName\":\"pzRuleFormKeysAndDescription\"}" => HTTP 200 (218057 bytes)
[PegaHttpClient] 📡 POST https://zdk8budo.pegaacademy.net/prweb/api/CodeIntelligence/v1/rules/query?pxObjClass=Rule-HTML-Section&appliesTo=Rule-Obj-SummaryView&pyRuleName=pzRuleFormRuleset&RequestClass=Rule-HTML-Section&RequestAppliesTo=Rule-Obj-SummaryView&RequestRuleName=pzRuleFormRuleset Payload: "{\"RequestClass\":\"Rule-HTML-Section\",\"RequestAppliesTo\":\"Rule-Obj-SummaryView\",\"RequestRuleName\":\"pzRuleFormRuleset\"}" => HTTP 200 (33985 bytes)
[PegaHttpClient] 📡 POST https://zdk8budo.pegaacademy.net/prweb/api/CodeIntelligence/v1/rules/query?pxObjClass=Rule-HTML-Section&appliesTo=Rule-Obj-SummaryView&pyRuleName=undefined&RequestClass=Rule-HTML-Section&RequestAppliesTo=Rule-Obj-SummaryView&RequestRuleName=undefined Payload: "{\"RequestClass\":\"Rule-HTML-Section\",\"RequestAppliesTo\":\"Rule-Obj-SummaryView\",\"RequestRuleName\":\"undefined\"}" => HTTP 404 (107 bytes)
[PegaHttpClient] 📡 POST https://zdk8budo.pegaacademy.net/prweb/PRRestService/CodeIntelligence/v1/rules/query?pxObjClass=Rule-HTML-Section&appliesTo=Rule-Obj-SummaryView&pyRuleName=undefined&RequestClass=Rule-HTML-Section&RequestAppliesTo=Rule-Obj-SummaryView&RequestRuleName=undefined Payload: "{\"RequestClass\":\"Rule-HTML-Section\",\"RequestAppliesTo\":\"Rule-Obj-SummaryView\",\"RequestRuleName\":\"undefined\"}" => HTTP 404 (107 bytes)
[PegaHttpClient] 📡 POST https://zdk8budo.pegaacademy.net/prweb/api/HRAppsV2Service/V1/rules/query?pxObjClass=Rule-HTML-Section&appliesTo=Rule-Obj-SummaryView&pyRuleName=undefined&RequestClass=Rule-HTML-Section&RequestAppliesTo=Rule-Obj-SummaryView&RequestRuleName=undefined Payload: "{\"RequestClass\":\"Rule-HTML-Section\",\"RequestAppliesTo\":\"Rule-Obj-SummaryView\",\"RequestRuleName\":\"undefined\"}" => HTTP 404 (18 bytes)
[PegaHttpClient] 📡 POST https://zdk8budo.pegaacademy.net/prweb/PRRestService/HRAppsV2Service/V1/rules/query?pxObjClass=Rule-HTML-Section&appliesTo=Rule-Obj-SummaryView&pyRuleName=undefined&RequestClass=Rule-HTML-Section&RequestAppliesTo=Rule-Obj-SummaryView&RequestRuleName=undefined Payload: "{\"RequestClass\":\"Rule-HTML-Section\",\"RequestAppliesTo\":\"Rule-Obj-SummaryView\",\"RequestRuleName\":\"undefined\"}" => HTTP 404 (18 bytes)
[PegaHttpClient] 📡 POST https://zdk8budo.pegaacademy.net/prweb/api/HRAppsV2/V1/rules/query?pxObjClass=Rule-HTML-Section&appliesTo=Rule-Obj-SummaryView&pyRuleName=undefined&RequestClass=Rule-HTML-Section&RequestAppliesTo=Rule-Obj-SummaryView&RequestRuleName=undefined Payload: "{\"RequestClass\":\"Rule-HTML-Section\",\"RequestAppliesTo\":\"Rule-Obj-SummaryView\",\"RequestRuleName\":\"undefined\"}" => HTTP 404 (18 bytes)
[PegaHttpClient] 📡 POST https://zdk8budo.pegaacademy.net/prweb/PRRestService/HRAppsV2/V1/rules/query?pxObjClass=Rule-HTML-Section&appliesTo=Rule-Obj-SummaryView&pyRuleName=undefined&RequestClass=Rule-HTML-Section&RequestAppliesTo=Rule-Obj-SummaryView&RequestRuleName=undefined Payload: "{\"RequestClass\":\"Rule-HTML-Section\",\"RequestAppliesTo\":\"Rule-Obj-SummaryView\",\"RequestRuleName\":\"undefined\"}" => HTTP 404 (18 bytes)
[PegaHttpClient] 📡 POST https://zdk8budo.pegaacademy.net/prweb/api/v1/rules/query?pxObjClass=Rule-HTML-Section&appliesTo=Rule-Obj-SummaryView&pyRuleName=undefined&RequestClass=Rule-HTML-Section&RequestAppliesTo=Rule-Obj-SummaryView&RequestRuleName=undefined Payload: "{\"RequestClass\":\"Rule-HTML-Section\",\"RequestAppliesTo\":\"Rule-Obj-SummaryView\",\"RequestRuleName\":\"undefined\"}" => HTTP 404 (18 bytes)
[PegaHttpClient] 📡 POST https://zdk8budo.pegaacademy.net/prweb/PRRestService/v1/rules/query?pxObjClass=Rule-HTML-Section&appliesTo=Rule-Obj-SummaryView&pyRuleName=undefined&RequestClass=Rule-HTML-Section&RequestAppliesTo=Rule-Obj-SummaryView&RequestRuleName=undefined Payload: "{\"RequestClass\":\"Rule-HTML-Section\",\"RequestAppliesTo\":\"Rule-Obj-SummaryView\",\"RequestRuleName\":\"undefined\"}" => HTTP 404 (18 bytes)
[PegaHttpClient] 📡 POST https://zdk8budo.pegaacademy.net/prweb/api/CodeIntelligence/v1/rules/query?pxObjClass=Rule-HTML-Section&appliesTo=Rule-Obj-SummaryView&pyRuleName=pzRuleFormToolbar&RequestClass=Rule-HTML-Section&RequestAppliesTo=Rule-Obj-SummaryView&RequestRuleName=pzRuleFormToolbar Payload: "{\"RequestClass\":\"Rule-HTML-Section\",\"RequestAppliesTo\":\"Rule-Obj-SummaryView\",\"RequestRuleName\":\"pzRuleFormToolbar\"}" => HTTP 200 (242691 bytes)
[PegaHttpClient] 📡 POST https://zdk8budo.pegaacademy.net/prweb/api/CodeIntelligence/v1/rules/query?pxObjClass=Rule-HTML-Section&appliesTo=Rule-Obj-SummaryView&pyRuleName=pzRuleFormToolbarCompare&RequestClass=Rule-HTML-Section&RequestAppliesTo=Rule-Obj-SummaryView&RequestRuleName=pzRuleFormToolbarCompare Payload: "{\"RequestClass\":\"Rule-HTML-Section\",\"RequestAppliesTo\":\"Rule-Obj-SummaryView\",\"RequestRuleName\":\"pzRuleFormToolbarCompare\"}" => HTTP 200 (61925 bytes)
[PegaHttpClient] 📡 POST https://zdk8budo.pegaacademy.net/prweb/api/CodeIntelligence/v1/rules/query?pxObjClass=Rule-HTML-Section&appliesTo=Rule-Obj-SummaryView&pyRuleName=RuleFormHeaderMessages&RequestClass=Rule-HTML-Section&RequestAppliesTo=Rule-Obj-SummaryView&RequestRuleName=RuleFormHeaderMessages Payload: "{\"RequestClass\":\"Rule-HTML-Section\",\"RequestAppliesTo\":\"Rule-Obj-SummaryView\",\"RequestRuleName\":\"RuleFormHeaderMessages\"}" => HTTP 200 (26518 bytes)
[PegaHttpClient] 📡 POST https://zdk8budo.pegaacademy.net/prweb/api/CodeIntelligence/v1/rules/query?pxObjClass=Rule-HTML-Section&appliesTo=Rule-Obj-SummaryView&pyRuleName=pzCriteria&RequestClass=Rule-HTML-Section&RequestAppliesTo=Rule-Obj-SummaryView&RequestRuleName=pzCriteria Payload: "{\"RequestClass\":\"Rule-HTML-Section\",\"RequestAppliesTo\":\"Rule-Obj-SummaryView\",\"RequestRuleName\":\"pzCriteria\"}" => HTTP 404 (108 bytes)
[PegaHttpClient] 📡 POST https://zdk8budo.pegaacademy.net/prweb/PRRestService/CodeIntelligence/v1/rules/query?pxObjClass=Rule-HTML-Section&appliesTo=Rule-Obj-SummaryView&pyRuleName=pzCriteria&RequestClass=Rule-HTML-Section&RequestAppliesTo=Rule-Obj-SummaryView&RequestRuleName=pzCriteria Payload: "{\"RequestClass\":\"Rule-HTML-Section\",\"RequestAppliesTo\":\"Rule-Obj-SummaryView\",\"RequestRuleName\":\"pzCriteria\"}" => HTTP 404 (108 bytes)
[PegaHttpClient] 📡 POST https://zdk8budo.pegaacademy.net/prweb/api/HRAppsV2Service/V1/rules/query?pxObjClass=Rule-HTML-Section&appliesTo=Rule-Obj-SummaryView&pyRuleName=pzCriteria&RequestClass=Rule-HTML-Section&RequestAppliesTo=Rule-Obj-SummaryView&RequestRuleName=pzCriteria Payload: "{\"RequestClass\":\"Rule-HTML-Section\",\"RequestAppliesTo\":\"Rule-Obj-SummaryView\",\"RequestRuleName\":\"pzCriteria\"}" => HTTP 404 (18 bytes)
[PegaHttpClient] 📡 POST https://zdk8budo.pegaacademy.net/prweb/PRRestService/HRAppsV2Service/V1/rules/query?pxObjClass=Rule-HTML-Section&appliesTo=Rule-Obj-SummaryView&pyRuleName=pzCriteria&RequestClass=Rule-HTML-Section&RequestAppliesTo=Rule-Obj-SummaryView&RequestRuleName=pzCriteria Payload: "{\"RequestClass\":\"Rule-HTML-Section\",\"RequestAppliesTo\":\"Rule-Obj-SummaryView\",\"RequestRuleName\":\"pzCriteria\"}" => HTTP 404 (18 bytes)
[PegaHttpClient] 📡 POST https://zdk8budo.pegaacademy.net/prweb/api/HRAppsV2/V1/rules/query?pxObjClass=Rule-HTML-Section&appliesTo=Rule-Obj-SummaryView&pyRuleName=pzCriteria&RequestClass=Rule-HTML-Section&RequestAppliesTo=Rule-Obj-SummaryView&RequestRuleName=pzCriteria Payload: "{\"RequestClass\":\"Rule-HTML-Section\",\"RequestAppliesTo\":\"Rule-Obj-SummaryView\",\"RequestRuleName\":\"pzCriteria\"}" => HTTP 404 (18 bytes)
[PegaHttpClient] 📡 POST https://zdk8budo.pegaacademy.net/prweb/PRRestService/HRAppsV2/V1/rules/query?pxObjClass=Rule-HTML-Section&appliesTo=Rule-Obj-SummaryView&pyRuleName=pzCriteria&RequestClass=Rule-HTML-Section&RequestAppliesTo=Rule-Obj-SummaryView&RequestRuleName=pzCriteria Payload: "{\"RequestClass\":\"Rule-HTML-Section\",\"RequestAppliesTo\":\"Rule-Obj-SummaryView\",\"RequestRuleName\":\"pzCriteria\"}" => HTTP 404 (18 bytes)
[PegaHttpClient] 📡 POST https://zdk8budo.pegaacademy.net/prweb/api/v1/rules/query?pxObjClass=Rule-HTML-Section&appliesTo=Rule-Obj-SummaryView&pyRuleName=pzCriteria&RequestClass=Rule-HTML-Section&RequestAppliesTo=Rule-Obj-SummaryView&RequestRuleName=pzCriteria Payload: "{\"RequestClass\":\"Rule-HTML-Section\",\"RequestAppliesTo\":\"Rule-Obj-SummaryView\",\"RequestRuleName\":\"pzCriteria\"}" => HTTP 404 (18 bytes)
[PegaHttpClient] 📡 POST https://zdk8budo.pegaacademy.net/prweb/PRRestService/v1/rules/query?pxObjClass=Rule-HTML-Section&appliesTo=Rule-Obj-SummaryView&pyRuleName=pzCriteria&RequestClass=Rule-HTML-Section&RequestAppliesTo=Rule-Obj-SummaryView&RequestRuleName=pzCriteria Payload: "{\"RequestClass\":\"Rule-HTML-Section\",\"RequestAppliesTo\":\"Rule-Obj-SummaryView\",\"RequestRuleName\":\"pzCriteria\"}" => HTTP 404 (18 bytes)
[PegaHttpClient] 📡 POST https://zdk8budo.pegaacademy.net/prweb/api/CodeIntelligence/v1/rules/query?pxObjClass=Rule-HTML-Section&appliesTo=Rule-Obj-SummaryView&pyRuleName=pzGroupBy&RequestClass=Rule-HTML-Section&RequestAppliesTo=Rule-Obj-SummaryView&RequestRuleName=pzGroupBy Payload: "{\"RequestClass\":\"Rule-HTML-Section\",\"RequestAppliesTo\":\"Rule-Obj-SummaryView\",\"RequestRuleName\":\"pzGroupBy\"}" => HTTP 404 (107 bytes)
[PegaHttpClient] 📡 POST https://zdk8budo.pegaacademy.net/prweb/PRRestService/CodeIntelligence/v1/rules/query?pxObjClass=Rule-HTML-Section&appliesTo=Rule-Obj-SummaryView&pyRuleName=pzGroupBy&RequestClass=Rule-HTML-Section&RequestAppliesTo=Rule-Obj-SummaryView&RequestRuleName=pzGroupBy Payload: "{\"RequestClass\":\"Rule-HTML-Section\",\"RequestAppliesTo\":\"Rule-Obj-SummaryView\",\"RequestRuleName\":\"pzGroupBy\"}" => HTTP 404 (107 bytes)
[PegaHttpClient] 📡 POST https://zdk8budo.pegaacademy.net/prweb/api/HRAppsV2Service/V1/rules/query?pxObjClass=Rule-HTML-Section&appliesTo=Rule-Obj-SummaryView&pyRuleName=pzGroupBy&RequestClass=Rule-HTML-Section&RequestAppliesTo=Rule-Obj-SummaryView&RequestRuleName=pzGroupBy Payload: "{\"RequestClass\":\"Rule-HTML-Section\",\"RequestAppliesTo\":\"Rule-Obj-SummaryView\",\"RequestRuleName\":\"pzGroupBy\"}" => HTTP 404 (18 bytes)
[PegaHttpClient] 📡 POST https://zdk8budo.pegaacademy.net/prweb/PRRestService/HRAppsV2Service/V1/rules/query?pxObjClass=Rule-HTML-Section&appliesTo=Rule-Obj-SummaryView&pyRuleName=pzGroupBy&RequestClass=Rule-HTML-Section&RequestAppliesTo=Rule-Obj-SummaryView&RequestRuleName=pzGroupBy Payload: "{\"RequestClass\":\"Rule-HTML-Section\",\"RequestAppliesTo\":\"Rule-Obj-SummaryView\",\"RequestRuleName\":\"pzGroupBy\"}" => HTTP 404 (18 bytes)
[PegaHttpClient] 📡 POST https://zdk8budo.pegaacademy.net/prweb/api/HRAppsV2/V1/rules/query?pxObjClass=Rule-HTML-Section&appliesTo=Rule-Obj-SummaryView&pyRuleName=pzGroupBy&RequestClass=Rule-HTML-Section&RequestAppliesTo=Rule-Obj-SummaryView&RequestRuleName=pzGroupBy Payload: "{\"RequestClass\":\"Rule-HTML-Section\",\"RequestAppliesTo\":\"Rule-Obj-SummaryView\",\"RequestRuleName\":\"pzGroupBy\"}" => HTTP 404 (18 bytes)
[PegaHttpClient] 📡 POST https://zdk8budo.pegaacademy.net/prweb/PRRestService/HRAppsV2/V1/rules/query?pxObjClass=Rule-HTML-Section&appliesTo=Rule-Obj-SummaryView&pyRuleName=pzGroupBy&RequestClass=Rule-HTML-Section&RequestAppliesTo=Rule-Obj-SummaryView&RequestRuleName=pzGroupBy Payload: "{\"RequestClass\":\"Rule-HTML-Section\",\"RequestAppliesTo\":\"Rule-Obj-SummaryView\",\"RequestRuleName\":\"pzGroupBy\"}" => HTTP 404 (18 bytes)
[PegaHttpClient] 📡 POST https://zdk8budo.pegaacademy.net/prweb/api/v1/rules/query?pxObjClass=Rule-HTML-Section&appliesTo=Rule-Obj-SummaryView&pyRuleName=pzGroupBy&RequestClass=Rule-HTML-Section&RequestAppliesTo=Rule-Obj-SummaryView&RequestRuleName=pzGroupBy Payload: "{\"RequestClass\":\"Rule-HTML-Section\",\"RequestAppliesTo\":\"Rule-Obj-SummaryView\",\"RequestRuleName\":\"pzGroupBy\"}" => HTTP 404 (18 bytes)
[PegaHttpClient] 📡 POST https://zdk8budo.pegaacademy.net/prweb/PRRestService/v1/rules/query?pxObjClass=Rule-HTML-Section&appliesTo=Rule-Obj-SummaryView&pyRuleName=pzGroupBy&RequestClass=Rule-HTML-Section&RequestAppliesTo=Rule-Obj-SummaryView&RequestRuleName=pzGroupBy Payload: "{\"RequestClass\":\"Rule-HTML-Section\",\"RequestAppliesTo\":\"Rule-Obj-SummaryView\",\"RequestRuleName\":\"pzGroupBy\"}" => HTTP 404 (18 bytes)
[PegaHttpClient] 📡 POST https://zdk8budo.pegaacademy.net/prweb/api/CodeIntelligence/v1/rules/query?pxObjClass=Rule-HTML-Section&appliesTo=Rule-Obj-SummaryView&pyRuleName=pzSelectFields&RequestClass=Rule-HTML-Section&RequestAppliesTo=Rule-Obj-SummaryView&RequestRuleName=pzSelectFields Payload: "{\"RequestClass\":\"Rule-HTML-Section\",\"RequestAppliesTo\":\"Rule-Obj-SummaryView\",\"RequestRuleName\":\"pzSelectFields\"}" => HTTP 404 (112 bytes)
[PegaHttpClient] 📡 POST https://zdk8budo.pegaacademy.net/prweb/PRRestService/CodeIntelligence/v1/rules/query?pxObjClass=Rule-HTML-Section&appliesTo=Rule-Obj-SummaryView&pyRuleName=pzSelectFields&RequestClass=Rule-HTML-Section&RequestAppliesTo=Rule-Obj-SummaryView&RequestRuleName=pzSelectFields Payload: "{\"RequestClass\":\"Rule-HTML-Section\",\"RequestAppliesTo\":\"Rule-Obj-SummaryView\",\"RequestRuleName\":\"pzSelectFields\"}" => HTTP 404 (112 bytes)
[PegaHttpClient] 📡 POST https://zdk8budo.pegaacademy.net/prweb/api/HRAppsV2Service/V1/rules/query?pxObjClass=Rule-HTML-Section&appliesTo=Rule-Obj-SummaryView&pyRuleName=pzSelectFields&RequestClass=Rule-HTML-Section&RequestAppliesTo=Rule-Obj-SummaryView&RequestRuleName=pzSelectFields Payload: "{\"RequestClass\":\"Rule-HTML-Section\",\"RequestAppliesTo\":\"Rule-Obj-SummaryView\",\"RequestRuleName\":\"pzSelectFields\"}" => HTTP 404 (18 bytes)
[PegaHttpClient] 📡 POST https://zdk8budo.pegaacademy.net/prweb/PRRestService/HRAppsV2Service/V1/rules/query?pxObjClass=Rule-HTML-Section&appliesTo=Rule-Obj-SummaryView&pyRuleName=pzSelectFields&RequestClass=Rule-HTML-Section&RequestAppliesTo=Rule-Obj-SummaryView&RequestRuleName=pzSelectFields Payload: "{\"RequestClass\":\"Rule-HTML-Section\",\"RequestAppliesTo\":\"Rule-Obj-SummaryView\",\"RequestRuleName\":\"pzSelectFields\"}" => HTTP 404 (18 bytes)
[PegaHttpClient] 📡 POST https://zdk8budo.pegaacademy.net/prweb/api/HRAppsV2/V1/rules/query?pxObjClass=Rule-HTML-Section&appliesTo=Rule-Obj-SummaryView&pyRuleName=pzSelectFields&RequestClass=Rule-HTML-Section&RequestAppliesTo=Rule-Obj-SummaryView&RequestRuleName=pzSelectFields Payload: "{\"RequestClass\":\"Rule-HTML-Section\",\"RequestAppliesTo\":\"Rule-Obj-SummaryView\",\"RequestRuleName\":\"pzSelectFields\"}" => HTTP 404 (18 bytes)
[PegaHttpClient] 📡 POST https://zdk8budo.pegaacademy.net/prweb/PRRestService/HRAppsV2/V1/rules/query?pxObjClass=Rule-HTML-Section&appliesTo=Rule-Obj-SummaryView&pyRuleName=pzSelectFields&RequestClass=Rule-HTML-Section&RequestAppliesTo=Rule-Obj-SummaryView&RequestRuleName=pzSelectFields Payload: "{\"RequestClass\":\"Rule-HTML-Section\",\"RequestAppliesTo\":\"Rule-Obj-SummaryView\",\"RequestRuleName\":\"pzSelectFields\"}" => HTTP 404 (18 bytes)
[PegaHttpClient] 📡 POST https://zdk8budo.pegaacademy.net/prweb/api/v1/rules/query?pxObjClass=Rule-HTML-Section&appliesTo=Rule-Obj-SummaryView&pyRuleName=pzSelectFields&RequestClass=Rule-HTML-Section&RequestAppliesTo=Rule-Obj-SummaryView&RequestRuleName=pzSelectFields Payload: "{\"RequestClass\":\"Rule-HTML-Section\",\"RequestAppliesTo\":\"Rule-Obj-SummaryView\",\"RequestRuleName\":\"pzSelectFields\"}" => HTTP 404 (18 bytes)
[PegaHttpClient] 📡 POST https://zdk8budo.pegaacademy.net/prweb/PRRestService/v1/rules/query?pxObjClass=Rule-HTML-Section&appliesTo=Rule-Obj-SummaryView&pyRuleName=pzSelectFields&RequestClass=Rule-HTML-Section&RequestAppliesTo=Rule-Obj-SummaryView&RequestRuleName=pzSelectFields Payload: "{\"RequestClass\":\"Rule-HTML-Section\",\"RequestAppliesTo\":\"Rule-Obj-SummaryView\",\"RequestRuleName\":\"pzSelectFields\"}" => HTTP 404 (18 bytes)
[PegaHttpClient] 📡 POST https://zdk8budo.pegaacademy.net/prweb/api/CodeIntelligence/v1/rules/query?pxObjClass=Rule-HTML-Section&appliesTo=Rule-Obj-SummaryView&pyRuleName=pzPromptSettings&RequestClass=Rule-HTML-Section&RequestAppliesTo=Rule-Obj-SummaryView&RequestRuleName=pzPromptSettings Payload: "{\"RequestClass\":\"Rule-HTML-Section\",\"RequestAppliesTo\":\"Rule-Obj-SummaryView\",\"RequestRuleName\":\"pzPromptSettings\"}" => HTTP 200 (30219 bytes)
[PegaHttpClient] 📡 POST https://zdk8budo.pegaacademy.net/prweb/api/CodeIntelligence/v1/rules/query?pxObjClass=Rule-HTML-Section&appliesTo=Rule-Obj-SummaryView&pyRuleName=pzThreshold&RequestClass=Rule-HTML-Section&RequestAppliesTo=Rule-Obj-SummaryView&RequestRuleName=pzThreshold Payload: "{\"RequestClass\":\"Rule-HTML-Section\",\"RequestAppliesTo\":\"Rule-Obj-SummaryView\",\"RequestRuleName\":\"pzThreshold\"}" => HTTP 200 (30199 bytes)
[PegaHttpClient] 📡 POST https://zdk8budo.pegaacademy.net/prweb/api/CodeIntelligence/v1/rules/query?pxObjClass=Rule-HTML-Section&appliesTo=Rule-Obj-SummaryView&pyRuleName=pzReportSource&RequestClass=Rule-HTML-Section&RequestAppliesTo=Rule-Obj-SummaryView&RequestRuleName=pzReportSource Payload: "{\"RequestClass\":\"Rule-HTML-Section\",\"RequestAppliesTo\":\"Rule-Obj-SummaryView\",\"RequestRuleName\":\"pzReportSource\"}" => HTTP 200 (58564 bytes)
[PegaHttpClient] 📡 POST https://zdk8budo.pegaacademy.net/prweb/api/CodeIntelligence/v1/rules/query?pxObjClass=Rule-HTML-Section&appliesTo=Rule-Obj-SummaryView&pyRuleName=pzPrivilegeSettings&RequestClass=Rule-HTML-Section&RequestAppliesTo=Rule-Obj-SummaryView&RequestRuleName=pzPrivilegeSettings Payload: "{\"RequestClass\":\"Rule-HTML-Section\",\"RequestAppliesTo\":\"Rule-Obj-SummaryView\",\"RequestRuleName\":\"pzPrivilegeSettings\"}" => HTTP 200 (69311 bytes)
[PegaHttpClient] 📡 POST https://zdk8budo.pegaacademy.net/prweb/api/CodeIntelligence/v1/rules/query?pxObjClass=Rule-HTML-Section&appliesTo=Rule-Obj-SummaryView&pyRuleName=pzSummaryViewNameAndParameters&RequestClass=Rule-HTML-Section&RequestAppliesTo=Rule-Obj-SummaryView&RequestRuleName=pzSummaryViewNameAndParameters Payload: "{\"RequestClass\":\"Rule-HTML-Section\",\"RequestAppliesTo\":\"Rule-Obj-SummaryView\",\"RequestRuleName\":\"pzSummaryViewNameAndParameters\"}" => HTTP 404 (128 bytes)
[PegaHttpClient] 📡 POST https://zdk8budo.pegaacademy.net/prweb/PRRestService/CodeIntelligence/v1/rules/query?pxObjClass=Rule-HTML-Section&appliesTo=Rule-Obj-SummaryView&pyRuleName=pzSummaryViewNameAndParameters&RequestClass=Rule-HTML-Section&RequestAppliesTo=Rule-Obj-SummaryView&RequestRuleName=pzSummaryViewNameAndParameters Payload: "{\"RequestClass\":\"Rule-HTML-Section\",\"RequestAppliesTo\":\"Rule-Obj-SummaryView\",\"RequestRuleName\":\"pzSummaryViewNameAndParameters\"}" => HTTP 404 (128 bytes)
[PegaHttpClient] 📡 POST https://zdk8budo.pegaacademy.net/prweb/api/HRAppsV2Service/V1/rules/query?pxObjClass=Rule-HTML-Section&appliesTo=Rule-Obj-SummaryView&pyRuleName=pzSummaryViewNameAndParameters&RequestClass=Rule-HTML-Section&RequestAppliesTo=Rule-Obj-SummaryView&RequestRuleName=pzSummaryViewNameAndParameters Payload: "{\"RequestClass\":\"Rule-HTML-Section\",\"RequestAppliesTo\":\"Rule-Obj-SummaryView\",\"RequestRuleName\":\"pzSummaryViewNameAndParameters\"}" => HTTP 404 (18 bytes)
[PegaHttpClient] 📡 POST https://zdk8budo.pegaacademy.net/prweb/PRRestService/HRAppsV2Service/V1/rules/query?pxObjClass=Rule-HTML-Section&appliesTo=Rule-Obj-SummaryView&pyRuleName=pzSummaryViewNameAndParameters&RequestClass=Rule-HTML-Section&RequestAppliesTo=Rule-Obj-SummaryView&RequestRuleName=pzSummaryViewNameAndParameters Payload: "{\"RequestClass\":\"Rule-HTML-Section\",\"RequestAppliesTo\":\"Rule-Obj-SummaryView\",\"RequestRuleName\":\"pzSummaryViewNameAndParameters\"}" => HTTP 404 (18 bytes)
[PegaHttpClient] 📡 POST https://zdk8budo.pegaacademy.net/prweb/api/HRAppsV2/V1/rules/query?pxObjClass=Rule-HTML-Section&appliesTo=Rule-Obj-SummaryView&pyRuleName=pzSummaryViewNameAndParameters&RequestClass=Rule-HTML-Section&RequestAppliesTo=Rule-Obj-SummaryView&RequestRuleName=pzSummaryViewNameAndParameters Payload: "{\"RequestClass\":\"Rule-HTML-Section\",\"RequestAppliesTo\":\"Rule-Obj-SummaryView\",\"RequestRuleName\":\"pzSummaryViewNameAndParameters\"}" => HTTP 404 (18 bytes)
[PegaHttpClient] 📡 POST https://zdk8budo.pegaacademy.net/prweb/PRRestService/HRAppsV2/V1/rules/query?pxObjClass=Rule-HTML-Section&appliesTo=Rule-Obj-SummaryView&pyRuleName=pzSummaryViewNameAndParameters&RequestClass=Rule-HTML-Section&RequestAppliesTo=Rule-Obj-SummaryView&RequestRuleName=pzSummaryViewNameAndParameters Payload: "{\"RequestClass\":\"Rule-HTML-Section\",\"RequestAppliesTo\":\"Rule-Obj-SummaryView\",\"RequestRuleName\":\"pzSummaryViewNameAndParameters\"}" => HTTP 404 (18 bytes)
[PegaHttpClient] 📡 POST https://zdk8budo.pegaacademy.net/prweb/api/v1/rules/query?pxObjClass=Rule-HTML-Section&appliesTo=Rule-Obj-SummaryView&pyRuleName=pzSummaryViewNameAndParameters&RequestClass=Rule-HTML-Section&RequestAppliesTo=Rule-Obj-SummaryView&RequestRuleName=pzSummaryViewNameAndParameters Payload: "{\"RequestClass\":\"Rule-HTML-Section\",\"RequestAppliesTo\":\"Rule-Obj-SummaryView\",\"RequestRuleName\":\"pzSummaryViewNameAndParameters\"}" => HTTP 404 (18 bytes)
[PegaHttpClient] 📡 POST https://zdk8budo.pegaacademy.net/prweb/PRRestService/v1/rules/query?pxObjClass=Rule-HTML-Section&appliesTo=Rule-Obj-SummaryView&pyRuleName=pzSummaryViewNameAndParameters&RequestClass=Rule-HTML-Section&RequestAppliesTo=Rule-Obj-SummaryView&RequestRuleName=pzSummaryViewNameAndParameters Payload: "{\"RequestClass\":\"Rule-HTML-Section\",\"RequestAppliesTo\":\"Rule-Obj-SummaryView\",\"RequestRuleName\":\"pzSummaryViewNameAndParameters\"}" => HTTP 404 (18 bytes)
[PegaHttpClient] 📡 POST https://zdk8budo.pegaacademy.net/prweb/api/CodeIntelligence/v1/rules/query?pxObjClass=Rule-HTML-Section&appliesTo=Rule-Obj-SummaryView&pyRuleName=pzListViewNameAndParameters&RequestClass=Rule-HTML-Section&RequestAppliesTo=Rule-Obj-SummaryView&RequestRuleName=pzListViewNameAndParameters Payload: "{\"RequestClass\":\"Rule-HTML-Section\",\"RequestAppliesTo\":\"Rule-Obj-SummaryView\",\"RequestRuleName\":\"pzListViewNameAndParameters\"}" => HTTP 404 (125 bytes)
[PegaHttpClient] 📡 POST https://zdk8budo.pegaacademy.net/prweb/PRRestService/CodeIntelligence/v1/rules/query?pxObjClass=Rule-HTML-Section&appliesTo=Rule-Obj-SummaryView&pyRuleName=pzListViewNameAndParameters&RequestClass=Rule-HTML-Section&RequestAppliesTo=Rule-Obj-SummaryView&RequestRuleName=pzListViewNameAndParameters Payload: "{\"RequestClass\":\"Rule-HTML-Section\",\"RequestAppliesTo\":\"Rule-Obj-SummaryView\",\"RequestRuleName\":\"pzListViewNameAndParameters\"}" => HTTP 404 (125 bytes)
[PegaHttpClient] 📡 POST https://zdk8budo.pegaacademy.net/prweb/api/HRAppsV2Service/V1/rules/query?pxObjClass=Rule-HTML-Section&appliesTo=Rule-Obj-SummaryView&pyRuleName=pzListViewNameAndParameters&RequestClass=Rule-HTML-Section&RequestAppliesTo=Rule-Obj-SummaryView&RequestRuleName=pzListViewNameAndParameters Payload: "{\"RequestClass\":\"Rule-HTML-Section\",\"RequestAppliesTo\":\"Rule-Obj-SummaryView\",\"RequestRuleName\":\"pzListViewNameAndParameters\"}" => HTTP 404 (18 bytes)
[PegaHttpClient] 📡 POST https://zdk8budo.pegaacademy.net/prweb/PRRestService/HRAppsV2Service/V1/rules/query?pxObjClass=Rule-HTML-Section&appliesTo=Rule-Obj-SummaryView&pyRuleName=pzListViewNameAndParameters&RequestClass=Rule-HTML-Section&RequestAppliesTo=Rule-Obj-SummaryView&RequestRuleName=pzListViewNameAndParameters Payload: "{\"RequestClass\":\"Rule-HTML-Section\",\"RequestAppliesTo\":\"Rule-Obj-SummaryView\",\"RequestRuleName\":\"pzListViewNameAndParameters\"}" => HTTP 404 (18 bytes)
[PegaHttpClient] 📡 POST https://zdk8budo.pegaacademy.net/prweb/api/HRAppsV2/V1/rules/query?pxObjClass=Rule-HTML-Section&appliesTo=Rule-Obj-SummaryView&pyRuleName=pzListViewNameAndParameters&RequestClass=Rule-HTML-Section&RequestAppliesTo=Rule-Obj-SummaryView&RequestRuleName=pzListViewNameAndParameters Payload: "{\"RequestClass\":\"Rule-HTML-Section\",\"RequestAppliesTo\":\"Rule-Obj-SummaryView\",\"RequestRuleName\":\"pzListViewNameAndParameters\"}" => HTTP 404 (18 bytes)
[PegaHttpClient] 📡 POST https://zdk8budo.pegaacademy.net/prweb/PRRestService/HRAppsV2/V1/rules/query?pxObjClass=Rule-HTML-Section&appliesTo=Rule-Obj-SummaryView&pyRuleName=pzListViewNameAndParameters&RequestClass=Rule-HTML-Section&RequestAppliesTo=Rule-Obj-SummaryView&RequestRuleName=pzListViewNameAndParameters Payload: "{\"RequestClass\":\"Rule-HTML-Section\",\"RequestAppliesTo\":\"Rule-Obj-SummaryView\",\"RequestRuleName\":\"pzListViewNameAndParameters\"}" => HTTP 404 (18 bytes)
[PegaHttpClient] 📡 POST https://zdk8budo.pegaacademy.net/prweb/api/v1/rules/query?pxObjClass=Rule-HTML-Section&appliesTo=Rule-Obj-SummaryView&pyRuleName=pzListViewNameAndParameters&RequestClass=Rule-HTML-Section&RequestAppliesTo=Rule-Obj-SummaryView&RequestRuleName=pzListViewNameAndParameters Payload: "{\"RequestClass\":\"Rule-HTML-Section\",\"RequestAppliesTo\":\"Rule-Obj-SummaryView\",\"RequestRuleName\":\"pzListViewNameAndParameters\"}" => HTTP 404 (18 bytes)
[PegaHttpClient] 📡 POST https://zdk8budo.pegaacademy.net/prweb/PRRestService/v1/rules/query?pxObjClass=Rule-HTML-Section&appliesTo=Rule-Obj-SummaryView&pyRuleName=pzListViewNameAndParameters&RequestClass=Rule-HTML-Section&RequestAppliesTo=Rule-Obj-SummaryView&RequestRuleName=pzListViewNameAndParameters Payload: "{\"RequestClass\":\"Rule-HTML-Section\",\"RequestAppliesTo\":\"Rule-Obj-SummaryView\",\"RequestRuleName\":\"pzListViewNameAndParameters\"}" => HTTP 404 (18 bytes)
[PegaHttpClient] 📡 POST https://zdk8budo.pegaacademy.net/prweb/api/CodeIntelligence/v1/rules/query?pxObjClass=Rule-HTML-Section&appliesTo=Rule-Obj-SummaryView&pyRuleName=pzChartGraph&RequestClass=Rule-HTML-Section&RequestAppliesTo=Rule-Obj-SummaryView&RequestRuleName=pzChartGraph Payload: "{\"RequestClass\":\"Rule-HTML-Section\",\"RequestAppliesTo\":\"Rule-Obj-SummaryView\",\"RequestRuleName\":\"pzChartGraph\"}" => HTTP 200 (47257 bytes)
[PegaHttpClient] 📡 POST https://zdk8budo.pegaacademy.net/prweb/api/CodeIntelligence/v1/rules/query?pxObjClass=Rule-HTML-Section&appliesTo=Rule-Obj-SummaryView&pyRuleName=pzRuleFormPagesAndClassesScript&RequestClass=Rule-HTML-Section&RequestAppliesTo=Rule-Obj-SummaryView&RequestRuleName=pzRuleFormPagesAndClassesScript Payload: "{\"RequestClass\":\"Rule-HTML-Section\",\"RequestAppliesTo\":\"Rule-Obj-SummaryView\",\"RequestRuleName\":\"pzRuleFormPagesAndClassesScript\"}" => HTTP 200 (15730 bytes)
[PegaHttpClient] 📡 POST https://zdk8budo.pegaacademy.net/prweb/api/CodeIntelligence/v1/rules/query?pxObjClass=Rule-HTML-Section&appliesTo=Rule-Obj-SummaryView&pyRuleName=pzPagesAndClassesNoMode&RequestClass=Rule-HTML-Section&RequestAppliesTo=Rule-Obj-SummaryView&RequestRuleName=pzPagesAndClassesNoMode Payload: "{\"RequestClass\":\"Rule-HTML-Section\",\"RequestAppliesTo\":\"Rule-Obj-SummaryView\",\"RequestRuleName\":\"pzPagesAndClassesNoMode\"}" => HTTP 200 (90057 bytes)
[PegaHttpClient] 📡 POST https://zdk8budo.pegaacademy.net/prweb/api/CodeIntelligence/v1/rules/query?pxObjClass=Rule-HTML-Section&appliesTo=Rule-Obj-SummaryView&pyRuleName=pzPagesAndClassesWithMode&RequestClass=Rule-HTML-Section&RequestAppliesTo=Rule-Obj-SummaryView&RequestRuleName=pzPagesAndClassesWithMode Payload: "{\"RequestClass\":\"Rule-HTML-Section\",\"RequestAppliesTo\":\"Rule-Obj-SummaryView\",\"RequestRuleName\":\"pzPagesAndClassesWithMode\"}" => HTTP 200 (97424 bytes)
[PegaHttpClient] 📡 POST https://zdk8budo.pegaacademy.net/prweb/api/CodeIntelligence/v1/rules/query?pxObjClass=Rule-HTML-Section&appliesTo=Rule-Obj-SummaryView&pyRuleName=pzAlternateRuleInfo&RequestClass=Rule-HTML-Section&RequestAppliesTo=Rule-Obj-SummaryView&RequestRuleName=pzAlternateRuleInfo Payload: "{\"RequestClass\":\"Rule-HTML-Section\",\"RequestAppliesTo\":\"Rule-Obj-SummaryView\",\"RequestRuleName\":\"pzAlternateRuleInfo\"}" => HTTP 200 (140407 bytes)
[PegaHttpClient] 📡 POST https://zdk8budo.pegaacademy.net/prweb/api/CodeIntelligence/v1/rules/query?pxObjClass=Rule-HTML-Section&appliesTo=Rule-Obj-SummaryView&pyRuleName=RuleFormHistory_Description&RequestClass=Rule-HTML-Section&RequestAppliesTo=Rule-Obj-SummaryView&RequestRuleName=RuleFormHistory_Description Payload: "{\"RequestClass\":\"Rule-HTML-Section\",\"RequestAppliesTo\":\"Rule-Obj-SummaryView\",\"RequestRuleName\":\"RuleFormHistory_Description\"}" => HTTP 200 (46242 bytes)
[PegaHttpClient] 📡 POST https://zdk8budo.pegaacademy.net/prweb/api/CodeIntelligence/v1/rules/query?pxObjClass=Rule-HTML-Section&appliesTo=Rule-Obj-SummaryView&pyRuleName=RuleFormHistory_CustomFields&RequestClass=Rule-HTML-Section&RequestAppliesTo=Rule-Obj-SummaryView&RequestRuleName=RuleFormHistory_CustomFields Payload: "{\"RequestClass\":\"Rule-HTML-Section\",\"RequestAppliesTo\":\"Rule-Obj-SummaryView\",\"RequestRuleName\":\"RuleFormHistory_CustomFields\"}" => HTTP 200 (75856 bytes)
[PegaHttpClient] 📡 POST https://zdk8budo.pegaacademy.net/prweb/api/CodeIntelligence/v1/rules/query?pxObjClass=Rule-HTML-Section&appliesTo=Rule-Obj-SummaryView&pyRuleName=RuleFormHistory_HistoryDetails&RequestClass=Rule-HTML-Section&RequestAppliesTo=Rule-Obj-SummaryView&RequestRuleName=RuleFormHistory_HistoryDetails Payload: "{\"RequestClass\":\"Rule-HTML-Section\",\"RequestAppliesTo\":\"Rule-Obj-SummaryView\",\"RequestRuleName\":\"RuleFormHistory_HistoryDetails\"}" => HTTP 200 (179535 bytes)
[PegaHttpClient] 📡 POST https://zdk8budo.pegaacademy.net/prweb/api/CodeIntelligence/v1/rules/query?pxObjClass=Rule-HTML-Section&appliesTo=Rule-Obj-SummaryView&pyRuleName=pzRuleFormStatus&RequestClass=Rule-HTML-Section&RequestAppliesTo=Rule-Obj-SummaryView&RequestRuleName=pzRuleFormStatus Payload: "{\"RequestClass\":\"Rule-HTML-Section\",\"RequestAppliesTo\":\"Rule-Obj-SummaryView\",\"RequestRuleName\":\"pzRuleFormStatus\"}" => HTTP 200 (97627 bytes)
[PegaHttpClient] 📡 POST https://zdk8budo.pegaacademy.net/prweb/api/CodeIntelligence/v1/rules/query?pxObjClass=Rule-HTML-Section&appliesTo=Rule-Obj-SummaryView&pyRuleName=pzRuleFormHeaderCompareWithDropDown&RequestClass=Rule-HTML-Section&RequestAppliesTo=Rule-Obj-SummaryView&RequestRuleName=pzRuleFormHeaderCompareWithDropDown Payload: "{\"RequestClass\":\"Rule-HTML-Section\",\"RequestAppliesTo\":\"Rule-Obj-SummaryView\",\"RequestRuleName\":\"pzRuleFormHeaderCompareWithDropDown\"}" => HTTP 200 (25396 bytes)
[PegaHttpClient] 📡 POST https://zdk8budo.pegaacademy.net/prweb/api/CodeIntelligence/v1/rules/query?pxObjClass=Rule-HTML-Section&appliesTo=Rule-Obj-SummaryView&pyRuleName=undefined&RequestClass=Rule-HTML-Section&RequestAppliesTo=Rule-Obj-SummaryView&RequestRuleName=undefined Payload: "{\"RequestClass\":\"Rule-HTML-Section\",\"RequestAppliesTo\":\"Rule-Obj-SummaryView\",\"RequestRuleName\":\"undefined\"}" => HTTP 404 (107 bytes)
[PegaHttpClient] 📡 POST https://zdk8budo.pegaacademy.net/prweb/PRRestService/CodeIntelligence/v1/rules/query?pxObjClass=Rule-HTML-Section&appliesTo=Rule-Obj-SummaryView&pyRuleName=undefined&RequestClass=Rule-HTML-Section&RequestAppliesTo=Rule-Obj-SummaryView&RequestRuleName=undefined Payload: "{\"RequestClass\":\"Rule-HTML-Section\",\"RequestAppliesTo\":\"Rule-Obj-SummaryView\",\"RequestRuleName\":\"undefined\"}" => HTTP 404 (107 bytes)
[PegaHttpClient] 📡 POST https://zdk8budo.pegaacademy.net/prweb/api/HRAppsV2Service/V1/rules/query?pxObjClass=Rule-HTML-Section&appliesTo=Rule-Obj-SummaryView&pyRuleName=undefined&RequestClass=Rule-HTML-Section&RequestAppliesTo=Rule-Obj-SummaryView&RequestRuleName=undefined Payload: "{\"RequestClass\":\"Rule-HTML-Section\",\"RequestAppliesTo\":\"Rule-Obj-SummaryView\",\"RequestRuleName\":\"undefined\"}" => HTTP 404 (18 bytes)
[PegaHttpClient] 📡 POST https://zdk8budo.pegaacademy.net/prweb/PRRestService/HRAppsV2Service/V1/rules/query?pxObjClass=Rule-HTML-Section&appliesTo=Rule-Obj-SummaryView&pyRuleName=undefined&RequestClass=Rule-HTML-Section&RequestAppliesTo=Rule-Obj-SummaryView&RequestRuleName=undefined Payload: "{\"RequestClass\":\"Rule-HTML-Section\",\"RequestAppliesTo\":\"Rule-Obj-SummaryView\",\"RequestRuleName\":\"undefined\"}" => HTTP 404 (18 bytes)
[PegaHttpClient] 📡 POST https://zdk8budo.pegaacademy.net/prweb/api/HRAppsV2/V1/rules/query?pxObjClass=Rule-HTML-Section&appliesTo=Rule-Obj-SummaryView&pyRuleName=undefined&RequestClass=Rule-HTML-Section&RequestAppliesTo=Rule-Obj-SummaryView&RequestRuleName=undefined Payload: "{\"RequestClass\":\"Rule-HTML-Section\",\"RequestAppliesTo\":\"Rule-Obj-SummaryView\",\"RequestRuleName\":\"undefined\"}" => HTTP 404 (18 bytes)
[PegaHttpClient] 📡 POST https://zdk8budo.pegaacademy.net/prweb/PRRestService/HRAppsV2/V1/rules/query?pxObjClass=Rule-HTML-Section&appliesTo=Rule-Obj-SummaryView&pyRuleName=undefined&RequestClass=Rule-HTML-Section&RequestAppliesTo=Rule-Obj-SummaryView&RequestRuleName=undefined Payload: "{\"RequestClass\":\"Rule-HTML-Section\",\"RequestAppliesTo\":\"Rule-Obj-SummaryView\",\"RequestRuleName\":\"undefined\"}" => HTTP 404 (18 bytes)
[PegaHttpClient] 📡 POST https://zdk8budo.pegaacademy.net/prweb/api/v1/rules/query?pxObjClass=Rule-HTML-Section&appliesTo=Rule-Obj-SummaryView&pyRuleName=undefined&RequestClass=Rule-HTML-Section&RequestAppliesTo=Rule-Obj-SummaryView&RequestRuleName=undefined Payload: "{\"RequestClass\":\"Rule-HTML-Section\",\"RequestAppliesTo\":\"Rule-Obj-SummaryView\",\"RequestRuleName\":\"undefined\"}" => HTTP 404 (18 bytes)
[PegaHttpClient] 📡 POST https://zdk8budo.pegaacademy.net/prweb/PRRestService/v1/rules/query?pxObjClass=Rule-HTML-Section&appliesTo=Rule-Obj-SummaryView&pyRuleName=undefined&RequestClass=Rule-HTML-Section&RequestAppliesTo=Rule-Obj-SummaryView&RequestRuleName=undefined Payload: "{\"RequestClass\":\"Rule-HTML-Section\",\"RequestAppliesTo\":\"Rule-Obj-SummaryView\",\"RequestRuleName\":\"undefined\"}" => HTTP 404 (18 bytes)
[PegaHttpClient] 📡 POST https://zdk8budo.pegaacademy.net/prweb/api/CodeIntelligence/v1/rules/query?pxObjClass=Rule-HTML-Section&appliesTo=Rule-Obj-SummaryView&pyRuleName=pzRuleFormToolbarHotKeys&RequestClass=Rule-HTML-Section&RequestAppliesTo=Rule-Obj-SummaryView&RequestRuleName=pzRuleFormToolbarHotKeys Payload: "{\"RequestClass\":\"Rule-HTML-Section\",\"RequestAppliesTo\":\"Rule-Obj-SummaryView\",\"RequestRuleName\":\"pzRuleFormToolbarHotKeys\"}" => HTTP 200 (85058 bytes)
[PegaHttpClient] 📡 POST https://zdk8budo.pegaacademy.net/prweb/api/CodeIntelligence/v1/rules/query?pxObjClass=Rule-HTML-Section&appliesTo=Rule-Obj-SummaryView&pyRuleName=pzRuleFormToolbarLockedIcon&RequestClass=Rule-HTML-Section&RequestAppliesTo=Rule-Obj-SummaryView&RequestRuleName=pzRuleFormToolbarLockedIcon Payload: "{\"RequestClass\":\"Rule-HTML-Section\",\"RequestAppliesTo\":\"Rule-Obj-SummaryView\",\"RequestRuleName\":\"pzRuleFormToolbarLockedIcon\"}" => HTTP 200 (24898 bytes)
[PegaHttpClient] 📡 POST https://zdk8budo.pegaacademy.net/prweb/api/CodeIntelligence/v1/rules/query?pxObjClass=Rule-HTML-Section&appliesTo=Rule-Obj-SummaryView&pyRuleName=pzRuleFormToolbarCollaborators&RequestClass=Rule-HTML-Section&RequestAppliesTo=Rule-Obj-SummaryView&RequestRuleName=pzRuleFormToolbarCollaborators Payload: "{\"RequestClass\":\"Rule-HTML-Section\",\"RequestAppliesTo\":\"Rule-Obj-SummaryView\",\"RequestRuleName\":\"pzRuleFormToolbarCollaborators\"}" => HTTP 200 (15254 bytes)
[PegaHttpClient] 📡 POST https://zdk8budo.pegaacademy.net/prweb/api/CodeIntelligence/v1/rules/query?pxObjClass=Rule-HTML-Section&appliesTo=Rule-Obj-SummaryView&pyRuleName=pzRuleFormToolbarSaveAs&RequestClass=Rule-HTML-Section&RequestAppliesTo=Rule-Obj-SummaryView&RequestRuleName=pzRuleFormToolbarSaveAs Payload: "{\"RequestClass\":\"Rule-HTML-Section\",\"RequestAppliesTo\":\"Rule-Obj-SummaryView\",\"RequestRuleName\":\"pzRuleFormToolbarSaveAs\"}" => HTTP 200 (64084 bytes)
[PegaHttpClient] 📡 POST https://zdk8budo.pegaacademy.net/prweb/api/CodeIntelligence/v1/rules/query?pxObjClass=Rule-HTML-Section&appliesTo=Rule-Obj-SummaryView&pyRuleName=pzRuleFormToolbarCheckin&RequestClass=Rule-HTML-Section&RequestAppliesTo=Rule-Obj-SummaryView&RequestRuleName=pzRuleFormToolbarCheckin Payload: "{\"RequestClass\":\"Rule-HTML-Section\",\"RequestAppliesTo\":\"Rule-Obj-SummaryView\",\"RequestRuleName\":\"pzRuleFormToolbarCheckin\"}" => HTTP 200 (119096 bytes)
[PegaHttpClient] 📡 POST https://zdk8budo.pegaacademy.net/prweb/api/CodeIntelligence/v1/rules/query?pxObjClass=Rule-HTML-Section&appliesTo=Rule-Obj-SummaryView&pyRuleName=pzRuleFormToolbarDelete&RequestClass=Rule-HTML-Section&RequestAppliesTo=Rule-Obj-SummaryView&RequestRuleName=pzRuleFormToolbarDelete Payload: "{\"RequestClass\":\"Rule-HTML-Section\",\"RequestAppliesTo\":\"Rule-Obj-SummaryView\",\"RequestRuleName\":\"pzRuleFormToolbarDelete\"}" => HTTP 200 (30249 bytes)
[PegaHttpClient] 📡 POST https://zdk8budo.pegaacademy.net/prweb/api/CodeIntelligence/v1/rules/query?pxObjClass=Rule-HTML-Section&appliesTo=Rule-Obj-SummaryView&pyRuleName=pzRuleFormToolbarSave&RequestClass=Rule-HTML-Section&RequestAppliesTo=Rule-Obj-SummaryView&RequestRuleName=pzRuleFormToolbarSave Payload: "{\"RequestClass\":\"Rule-HTML-Section\",\"RequestAppliesTo\":\"Rule-Obj-SummaryView\",\"RequestRuleName\":\"pzRuleFormToolbarSave\"}" => HTTP 200 (293885 bytes)
[PegaHttpClient] 📡 POST https://zdk8budo.pegaacademy.net/prweb/api/CodeIntelligence/v1/rules/query?pxObjClass=Rule-HTML-Section&appliesTo=Rule-Obj-SummaryView&pyRuleName=pzRuleFormToolbarCheckout&RequestClass=Rule-HTML-Section&RequestAppliesTo=Rule-Obj-SummaryView&RequestRuleName=pzRuleFormToolbarCheckout Payload: "{\"RequestClass\":\"Rule-HTML-Section\",\"RequestAppliesTo\":\"Rule-Obj-SummaryView\",\"RequestRuleName\":\"pzRuleFormToolbarCheckout\"}" => HTTP 200 (238148 bytes)
[PegaHttpClient] 📡 POST https://zdk8budo.pegaacademy.net/prweb/api/CodeIntelligence/v1/rules/query?pxObjClass=Rule-HTML-Section&appliesTo=Rule-Obj-SummaryView&pyRuleName=pzRemoveErrorsDataPage&RequestClass=Rule-HTML-Section&RequestAppliesTo=Rule-Obj-SummaryView&RequestRuleName=pzRemoveErrorsDataPage Payload: "{\"RequestClass\":\"Rule-HTML-Section\",\"RequestAppliesTo\":\"Rule-Obj-SummaryView\",\"RequestRuleName\":\"pzRemoveErrorsDataPage\"}" => HTTP 200 (16733 bytes)
[PegaHttpClient] 📡 POST https://zdk8budo.pegaacademy.net/prweb/api/CodeIntelligence/v1/rules/query?pxObjClass=Rule-HTML-Section&appliesTo=Rule-Obj-SummaryView&pyRuleName=pzRuleFormHeaderMessagesWrapper&RequestClass=Rule-HTML-Section&RequestAppliesTo=Rule-Obj-SummaryView&RequestRuleName=pzRuleFormHeaderMessagesWrapper Payload: "{\"RequestClass\":\"Rule-HTML-Section\",\"RequestAppliesTo\":\"Rule-Obj-SummaryView\",\"RequestRuleName\":\"pzRuleFormHeaderMessagesWrapper\"}" => HTTP 200 (16981 bytes)
[PegaHttpClient] 📡 POST https://zdk8budo.pegaacademy.net/prweb/api/CodeIntelligence/v1/rules/query?pxObjClass=Rule-HTML-Section&appliesTo=Rule-Obj-SummaryView&pyRuleName=pzDescendantClasses&RequestClass=Rule-HTML-Section&RequestAppliesTo=Rule-Obj-SummaryView&RequestRuleName=pzDescendantClasses Payload: "{\"RequestClass\":\"Rule-HTML-Section\",\"RequestAppliesTo\":\"Rule-Obj-SummaryView\",\"RequestRuleName\":\"pzDescendantClasses\"}" => HTTP 404 (117 bytes)
[PegaHttpClient] 📡 POST https://zdk8budo.pegaacademy.net/prweb/PRRestService/CodeIntelligence/v1/rules/query?pxObjClass=Rule-HTML-Section&appliesTo=Rule-Obj-SummaryView&pyRuleName=pzDescendantClasses&RequestClass=Rule-HTML-Section&RequestAppliesTo=Rule-Obj-SummaryView&RequestRuleName=pzDescendantClasses Payload: "{\"RequestClass\":\"Rule-HTML-Section\",\"RequestAppliesTo\":\"Rule-Obj-SummaryView\",\"RequestRuleName\":\"pzDescendantClasses\"}" => HTTP 404 (117 bytes)
[PegaHttpClient] 📡 POST https://zdk8budo.pegaacademy.net/prweb/api/HRAppsV2Service/V1/rules/query?pxObjClass=Rule-HTML-Section&appliesTo=Rule-Obj-SummaryView&pyRuleName=pzDescendantClasses&RequestClass=Rule-HTML-Section&RequestAppliesTo=Rule-Obj-SummaryView&RequestRuleName=pzDescendantClasses Payload: "{\"RequestClass\":\"Rule-HTML-Section\",\"RequestAppliesTo\":\"Rule-Obj-SummaryView\",\"RequestRuleName\":\"pzDescendantClasses\"}" => HTTP 404 (18 bytes)
[PegaHttpClient] 📡 POST https://zdk8budo.pegaacademy.net/prweb/PRRestService/HRAppsV2Service/V1/rules/query?pxObjClass=Rule-HTML-Section&appliesTo=Rule-Obj-SummaryView&pyRuleName=pzDescendantClasses&RequestClass=Rule-HTML-Section&RequestAppliesTo=Rule-Obj-SummaryView&RequestRuleName=pzDescendantClasses Payload: "{\"RequestClass\":\"Rule-HTML-Section\",\"RequestAppliesTo\":\"Rule-Obj-SummaryView\",\"RequestRuleName\":\"pzDescendantClasses\"}" => HTTP 404 (18 bytes)
[PegaHttpClient] 📡 POST https://zdk8budo.pegaacademy.net/prweb/api/HRAppsV2/V1/rules/query?pxObjClass=Rule-HTML-Section&appliesTo=Rule-Obj-SummaryView&pyRuleName=pzDescendantClasses&RequestClass=Rule-HTML-Section&RequestAppliesTo=Rule-Obj-SummaryView&RequestRuleName=pzDescendantClasses Payload: "{\"RequestClass\":\"Rule-HTML-Section\",\"RequestAppliesTo\":\"Rule-Obj-SummaryView\",\"RequestRuleName\":\"pzDescendantClasses\"}" => HTTP 404 (18 bytes)
[PegaHttpClient] 📡 POST https://zdk8budo.pegaacademy.net/prweb/PRRestService/HRAppsV2/V1/rules/query?pxObjClass=Rule-HTML-Section&appliesTo=Rule-Obj-SummaryView&pyRuleName=pzDescendantClasses&RequestClass=Rule-HTML-Section&RequestAppliesTo=Rule-Obj-SummaryView&RequestRuleName=pzDescendantClasses Payload: "{\"RequestClass\":\"Rule-HTML-Section\",\"RequestAppliesTo\":\"Rule-Obj-SummaryView\",\"RequestRuleName\":\"pzDescendantClasses\"}" => HTTP 404 (18 bytes)
[PegaHttpClient] 📡 POST https://zdk8budo.pegaacademy.net/prweb/api/v1/rules/query?pxObjClass=Rule-HTML-Section&appliesTo=Rule-Obj-SummaryView&pyRuleName=pzDescendantClasses&RequestClass=Rule-HTML-Section&RequestAppliesTo=Rule-Obj-SummaryView&RequestRuleName=pzDescendantClasses Payload: "{\"RequestClass\":\"Rule-HTML-Section\",\"RequestAppliesTo\":\"Rule-Obj-SummaryView\",\"RequestRuleName\":\"pzDescendantClasses\"}" => HTTP 404 (18 bytes)
[PegaHttpClient] 📡 POST https://zdk8budo.pegaacademy.net/prweb/PRRestService/v1/rules/query?pxObjClass=Rule-HTML-Section&appliesTo=Rule-Obj-SummaryView&pyRuleName=pzDescendantClasses&RequestClass=Rule-HTML-Section&RequestAppliesTo=Rule-Obj-SummaryView&RequestRuleName=pzDescendantClasses Payload: "{\"RequestClass\":\"Rule-HTML-Section\",\"RequestAppliesTo\":\"Rule-Obj-SummaryView\",\"RequestRuleName\":\"pzDescendantClasses\"}" => HTTP 404 (18 bytes)
[PegaHttpClient] 📡 POST https://zdk8budo.pegaacademy.net/prweb/api/CodeIntelligence/v1/rules/query?pxObjClass=Rule-HTML-Section&appliesTo=Rule-Obj-SummaryView&pyRuleName=pzChartOutputType&RequestClass=Rule-HTML-Section&RequestAppliesTo=Rule-Obj-SummaryView&RequestRuleName=pzChartOutputType Payload: "{\"RequestClass\":\"Rule-HTML-Section\",\"RequestAppliesTo\":\"Rule-Obj-SummaryView\",\"RequestRuleName\":\"pzChartOutputType\"}" => HTTP 404 (115 bytes)
[PegaHttpClient] 📡 POST https://zdk8budo.pegaacademy.net/prweb/PRRestService/CodeIntelligence/v1/rules/query?pxObjClass=Rule-HTML-Section&appliesTo=Rule-Obj-SummaryView&pyRuleName=pzChartOutputType&RequestClass=Rule-HTML-Section&RequestAppliesTo=Rule-Obj-SummaryView&RequestRuleName=pzChartOutputType Payload: "{\"RequestClass\":\"Rule-HTML-Section\",\"RequestAppliesTo\":\"Rule-Obj-SummaryView\",\"RequestRuleName\":\"pzChartOutputType\"}" => HTTP 404 (115 bytes)
[PegaHttpClient] 📡 POST https://zdk8budo.pegaacademy.net/prweb/api/HRAppsV2Service/V1/rules/query?pxObjClass=Rule-HTML-Section&appliesTo=Rule-Obj-SummaryView&pyRuleName=pzChartOutputType&RequestClass=Rule-HTML-Section&RequestAppliesTo=Rule-Obj-SummaryView&RequestRuleName=pzChartOutputType Payload: "{\"RequestClass\":\"Rule-HTML-Section\",\"RequestAppliesTo\":\"Rule-Obj-SummaryView\",\"RequestRuleName\":\"pzChartOutputType\"}" => HTTP 404 (18 bytes)
[PegaHttpClient] 📡 POST https://zdk8budo.pegaacademy.net/prweb/PRRestService/HRAppsV2Service/V1/rules/query?pxObjClass=Rule-HTML-Section&appliesTo=Rule-Obj-SummaryView&pyRuleName=pzChartOutputType&RequestClass=Rule-HTML-Section&RequestAppliesTo=Rule-Obj-SummaryView&RequestRuleName=pzChartOutputType Payload: "{\"RequestClass\":\"Rule-HTML-Section\",\"RequestAppliesTo\":\"Rule-Obj-SummaryView\",\"RequestRuleName\":\"pzChartOutputType\"}" => HTTP 404 (18 bytes)
[PegaHttpClient] 📡 POST https://zdk8budo.pegaacademy.net/prweb/api/HRAppsV2/V1/rules/query?pxObjClass=Rule-HTML-Section&appliesTo=Rule-Obj-SummaryView&pyRuleName=pzChartOutputType&RequestClass=Rule-HTML-Section&RequestAppliesTo=Rule-Obj-SummaryView&RequestRuleName=pzChartOutputType Payload: "{\"RequestClass\":\"Rule-HTML-Section\",\"RequestAppliesTo\":\"Rule-Obj-SummaryView\",\"RequestRuleName\":\"pzChartOutputType\"}" => HTTP 404 (18 bytes)
[PegaHttpClient] 📡 POST https://zdk8budo.pegaacademy.net/prweb/PRRestService/HRAppsV2/V1/rules/query?pxObjClass=Rule-HTML-Section&appliesTo=Rule-Obj-SummaryView&pyRuleName=pzChartOutputType&RequestClass=Rule-HTML-Section&RequestAppliesTo=Rule-Obj-SummaryView&RequestRuleName=pzChartOutputType Payload: "{\"RequestClass\":\"Rule-HTML-Section\",\"RequestAppliesTo\":\"Rule-Obj-SummaryView\",\"RequestRuleName\":\"pzChartOutputType\"}" => HTTP 404 (18 bytes)
[PegaHttpClient] 📡 POST https://zdk8budo.pegaacademy.net/prweb/api/v1/rules/query?pxObjClass=Rule-HTML-Section&appliesTo=Rule-Obj-SummaryView&pyRuleName=pzChartOutputType&RequestClass=Rule-HTML-Section&RequestAppliesTo=Rule-Obj-SummaryView&RequestRuleName=pzChartOutputType Payload: "{\"RequestClass\":\"Rule-HTML-Section\",\"RequestAppliesTo\":\"Rule-Obj-SummaryView\",\"RequestRuleName\":\"pzChartOutputType\"}" => HTTP 404 (18 bytes)
[PegaHttpClient] 📡 POST https://zdk8budo.pegaacademy.net/prweb/PRRestService/v1/rules/query?pxObjClass=Rule-HTML-Section&appliesTo=Rule-Obj-SummaryView&pyRuleName=pzChartOutputType&RequestClass=Rule-HTML-Section&RequestAppliesTo=Rule-Obj-SummaryView&RequestRuleName=pzChartOutputType Payload: "{\"RequestClass\":\"Rule-HTML-Section\",\"RequestAppliesTo\":\"Rule-Obj-SummaryView\",\"RequestRuleName\":\"pzChartOutputType\"}" => HTTP 404 (18 bytes)
[PegaHttpClient] 📡 POST https://zdk8budo.pegaacademy.net/prweb/api/CodeIntelligence/v1/rules/query?pxObjClass=Rule-HTML-Section&appliesTo=Rule-Obj-SummaryView&pyRuleName=pzBuildChart&RequestClass=Rule-HTML-Section&RequestAppliesTo=Rule-Obj-SummaryView&RequestRuleName=pzBuildChart Payload: "{\"RequestClass\":\"Rule-HTML-Section\",\"RequestAppliesTo\":\"Rule-Obj-SummaryView\",\"RequestRuleName\":\"pzBuildChart\"}" => HTTP 200 (98916 bytes)
[PegaHttpClient] 📡 POST https://zdk8budo.pegaacademy.net/prweb/api/CodeIntelligence/v1/rules/query?pxObjClass=Rule-HTML-Section&appliesTo=Rule-Obj-SummaryView&pyRuleName=pzInteractiveChartWrapper&RequestClass=Rule-HTML-Section&RequestAppliesTo=Rule-Obj-SummaryView&RequestRuleName=pzInteractiveChartWrapper Payload: "{\"RequestClass\":\"Rule-HTML-Section\",\"RequestAppliesTo\":\"Rule-Obj-SummaryView\",\"RequestRuleName\":\"pzInteractiveChartWrapper\"}" => HTTP 200 (148596 bytes)
[PegaHttpClient] 📡 POST https://zdk8budo.pegaacademy.net/prweb/api/CodeIntelligence/v1/rules/query?pxObjClass=Rule-HTML-Section&appliesTo=Rule-Obj-SummaryView&pyRuleName=pzPagesAndClassesScriptNoMode&RequestClass=Rule-HTML-Section&RequestAppliesTo=Rule-Obj-SummaryView&RequestRuleName=pzPagesAndClassesScriptNoMode Payload: "{\"RequestClass\":\"Rule-HTML-Section\",\"RequestAppliesTo\":\"Rule-Obj-SummaryView\",\"RequestRuleName\":\"pzPagesAndClassesScriptNoMode\"}" => HTTP 200 (25452 bytes)
[PegaHttpClient] 📡 POST https://zdk8budo.pegaacademy.net/prweb/api/CodeIntelligence/v1/rules/query?pxObjClass=Rule-HTML-Section&appliesTo=Rule-Obj-SummaryView&pyRuleName=pzPagesAndClassesScript&RequestClass=Rule-HTML-Section&RequestAppliesTo=Rule-Obj-SummaryView&RequestRuleName=pzPagesAndClassesScript Payload: "{\"RequestClass\":\"Rule-HTML-Section\",\"RequestAppliesTo\":\"Rule-Obj-SummaryView\",\"RequestRuleName\":\"pzPagesAndClassesScript\"}" => HTTP 200 (24224 bytes)
[PegaHttpClient] 📡 POST https://zdk8budo.pegaacademy.net/prweb/api/CodeIntelligence/v1/rules/query?pxObjClass=Rule-HTML-Section&appliesTo=Rule-Obj-SummaryView&pyRuleName=pzScm_RuleHistory&RequestClass=Rule-HTML-Section&RequestAppliesTo=Rule-Obj-SummaryView&RequestRuleName=pzScm_RuleHistory Payload: "{\"RequestClass\":\"Rule-HTML-Section\",\"RequestAppliesTo\":\"Rule-Obj-SummaryView\",\"RequestRuleName\":\"pzScm_RuleHistory\"}" => HTTP 200 (14682 bytes)
[PegaHttpClient] 📡 POST https://zdk8budo.pegaacademy.net/prweb/api/CodeIntelligence/v1/rules/query?pxObjClass=Rule-HTML-Section&appliesTo=Rule-Obj-SummaryView&pyRuleName=pxDisplayCollaborators&RequestClass=Rule-HTML-Section&RequestAppliesTo=Rule-Obj-SummaryView&RequestRuleName=pxDisplayCollaborators Payload: "{\"RequestClass\":\"Rule-HTML-Section\",\"RequestAppliesTo\":\"Rule-Obj-SummaryView\",\"RequestRuleName\":\"pxDisplayCollaborators\"}" => HTTP 200 (94171 bytes)
[PegaHttpClient] 📡 POST https://zdk8budo.pegaacademy.net/prweb/api/CodeIntelligence/v1/rules/query?pxObjClass=Rule-HTML-Section&appliesTo=Rule-Obj-SummaryView&pyRuleName=pzRuleFormToolbarDeleteCheckOut&RequestClass=Rule-HTML-Section&RequestAppliesTo=Rule-Obj-SummaryView&RequestRuleName=pzRuleFormToolbarDeleteCheckOut Payload: "{\"RequestClass\":\"Rule-HTML-Section\",\"RequestAppliesTo\":\"Rule-Obj-SummaryView\",\"RequestRuleName\":\"pzRuleFormToolbarDeleteCheckOut\"}" => HTTP 200 (29433 bytes)
[PegaHttpClient] 📡 POST https://zdk8budo.pegaacademy.net/prweb/api/CodeIntelligence/v1/rules/query?pxObjClass=Rule-HTML-Section&appliesTo=Rule-Obj-SummaryView&pyRuleName=pzRuleFormToolbarDeleteRule&RequestClass=Rule-HTML-Section&RequestAppliesTo=Rule-Obj-SummaryView&RequestRuleName=pzRuleFormToolbarDeleteRule Payload: "{\"RequestClass\":\"Rule-HTML-Section\",\"RequestAppliesTo\":\"Rule-Obj-SummaryView\",\"RequestRuleName\":\"pzRuleFormToolbarDeleteRule\"}" => HTTP 200 (32314 bytes)
[PegaHttpClient] 📡 POST https://zdk8budo.pegaacademy.net/prweb/api/CodeIntelligence/v1/rules/query?pxObjClass=Rule-HTML-Section&appliesTo=Rule-Obj-SummaryView&pyRuleName=pzLoadCollaborationScripts&RequestClass=Rule-HTML-Section&RequestAppliesTo=Rule-Obj-SummaryView&RequestRuleName=pzLoadCollaborationScripts Payload: "{\"RequestClass\":\"Rule-HTML-Section\",\"RequestAppliesTo\":\"Rule-Obj-SummaryView\",\"RequestRuleName\":\"pzLoadCollaborationScripts\"}" => HTTP 200 (23453 bytes)
[PegaHttpClient] 📡 POST https://zdk8budo.pegaacademy.net/prweb/api/CodeIntelligence/v1/rules/query?pxObjClass=Rule-HTML-Section&appliesTo=Rule-Obj-SummaryView&pyRuleName=pzDisplayCollaboratorsList&RequestClass=Rule-HTML-Section&RequestAppliesTo=Rule-Obj-SummaryView&RequestRuleName=pzDisplayCollaboratorsList Payload: "{\"RequestClass\":\"Rule-HTML-Section\",\"RequestAppliesTo\":\"Rule-Obj-SummaryView\",\"RequestRuleName\":\"pzDisplayCollaboratorsList\"}" => HTTP 200 (105418 bytes)
[PegaHttpClient] 📡 POST https://zdk8budo.pegaacademy.net/prweb/api/CodeIntelligence/v1/rules/query?pxObjClass=Rule-HTML-Section&appliesTo=Rule-Obj-SummaryView&pyRuleName=pyCollaborator&RequestClass=Rule-HTML-Section&RequestAppliesTo=Rule-Obj-SummaryView&RequestRuleName=pyCollaborator Payload: "{\"RequestClass\":\"Rule-HTML-Section\",\"RequestAppliesTo\":\"Rule-Obj-SummaryView\",\"RequestRuleName\":\"pyCollaborator\"}" => HTTP 404 (112 bytes)
[PegaHttpClient] 📡 POST https://zdk8budo.pegaacademy.net/prweb/PRRestService/CodeIntelligence/v1/rules/query?pxObjClass=Rule-HTML-Section&appliesTo=Rule-Obj-SummaryView&pyRuleName=pyCollaborator&RequestClass=Rule-HTML-Section&RequestAppliesTo=Rule-Obj-SummaryView&RequestRuleName=pyCollaborator Payload: "{\"RequestClass\":\"Rule-HTML-Section\",\"RequestAppliesTo\":\"Rule-Obj-SummaryView\",\"RequestRuleName\":\"pyCollaborator\"}" => HTTP 404 (112 bytes)
[PegaHttpClient] 📡 POST https://zdk8budo.pegaacademy.net/prweb/api/HRAppsV2Service/V1/rules/query?pxObjClass=Rule-HTML-Section&appliesTo=Rule-Obj-SummaryView&pyRuleName=pyCollaborator&RequestClass=Rule-HTML-Section&RequestAppliesTo=Rule-Obj-SummaryView&RequestRuleName=pyCollaborator Payload: "{\"RequestClass\":\"Rule-HTML-Section\",\"RequestAppliesTo\":\"Rule-Obj-SummaryView\",\"RequestRuleName\":\"pyCollaborator\"}" => HTTP 404 (18 bytes)
[PegaHttpClient] 📡 POST https://zdk8budo.pegaacademy.net/prweb/PRRestService/HRAppsV2Service/V1/rules/query?pxObjClass=Rule-HTML-Section&appliesTo=Rule-Obj-SummaryView&pyRuleName=pyCollaborator&RequestClass=Rule-HTML-Section&RequestAppliesTo=Rule-Obj-SummaryView&RequestRuleName=pyCollaborator Payload: "{\"RequestClass\":\"Rule-HTML-Section\",\"RequestAppliesTo\":\"Rule-Obj-SummaryView\",\"RequestRuleName\":\"pyCollaborator\"}" => HTTP 404 (18 bytes)
[PegaHttpClient] 📡 POST https://zdk8budo.pegaacademy.net/prweb/api/HRAppsV2/V1/rules/query?pxObjClass=Rule-HTML-Section&appliesTo=Rule-Obj-SummaryView&pyRuleName=pyCollaborator&RequestClass=Rule-HTML-Section&RequestAppliesTo=Rule-Obj-SummaryView&RequestRuleName=pyCollaborator Payload: "{\"RequestClass\":\"Rule-HTML-Section\",\"RequestAppliesTo\":\"Rule-Obj-SummaryView\",\"RequestRuleName\":\"pyCollaborator\"}" => HTTP 404 (18 bytes)
[PegaHttpClient] 📡 POST https://zdk8budo.pegaacademy.net/prweb/PRRestService/HRAppsV2/V1/rules/query?pxObjClass=Rule-HTML-Section&appliesTo=Rule-Obj-SummaryView&pyRuleName=pyCollaborator&RequestClass=Rule-HTML-Section&RequestAppliesTo=Rule-Obj-SummaryView&RequestRuleName=pyCollaborator Payload: "{\"RequestClass\":\"Rule-HTML-Section\",\"RequestAppliesTo\":\"Rule-Obj-SummaryView\",\"RequestRuleName\":\"pyCollaborator\"}" => HTTP 404 (18 bytes)
[PegaHttpClient] 📡 POST https://zdk8budo.pegaacademy.net/prweb/api/v1/rules/query?pxObjClass=Rule-HTML-Section&appliesTo=Rule-Obj-SummaryView&pyRuleName=pyCollaborator&RequestClass=Rule-HTML-Section&RequestAppliesTo=Rule-Obj-SummaryView&RequestRuleName=pyCollaborator Payload: "{\"RequestClass\":\"Rule-HTML-Section\",\"RequestAppliesTo\":\"Rule-Obj-SummaryView\",\"RequestRuleName\":\"pyCollaborator\"}" => HTTP 404 (18 bytes)
[PegaHttpClient] 📡 POST https://zdk8budo.pegaacademy.net/prweb/PRRestService/v1/rules/query?pxObjClass=Rule-HTML-Section&appliesTo=Rule-Obj-SummaryView&pyRuleName=pyCollaborator&RequestClass=Rule-HTML-Section&RequestAppliesTo=Rule-Obj-SummaryView&RequestRuleName=pyCollaborator Payload: "{\"RequestClass\":\"Rule-HTML-Section\",\"RequestAppliesTo\":\"Rule-Obj-SummaryView\",\"RequestRuleName\":\"pyCollaborator\"}" => HTTP 404 (18 bytes)
[PegaHttpClient] 📡 POST https://zdk8budo.pegaacademy.net/prweb/api/CodeIntelligence/v1/rules/query?pxObjClass=Rule-HTML-Section&appliesTo=Rule-Obj-SummaryView&pyRuleName=pzDisplayPartialCount&RequestClass=Rule-HTML-Section&RequestAppliesTo=Rule-Obj-SummaryView&RequestRuleName=pzDisplayPartialCount Payload: "{\"RequestClass\":\"Rule-HTML-Section\",\"RequestAppliesTo\":\"Rule-Obj-SummaryView\",\"RequestRuleName\":\"pzDisplayPartialCount\"}" => HTTP 404 (119 bytes)
[PegaHttpClient] 📡 POST https://zdk8budo.pegaacademy.net/prweb/PRRestService/CodeIntelligence/v1/rules/query?pxObjClass=Rule-HTML-Section&appliesTo=Rule-Obj-SummaryView&pyRuleName=pzDisplayPartialCount&RequestClass=Rule-HTML-Section&RequestAppliesTo=Rule-Obj-SummaryView&RequestRuleName=pzDisplayPartialCount Payload: "{\"RequestClass\":\"Rule-HTML-Section\",\"RequestAppliesTo\":\"Rule-Obj-SummaryView\",\"RequestRuleName\":\"pzDisplayPartialCount\"}" => HTTP 404 (119 bytes)
[PegaHttpClient] 📡 POST https://zdk8budo.pegaacademy.net/prweb/api/HRAppsV2Service/V1/rules/query?pxObjClass=Rule-HTML-Section&appliesTo=Rule-Obj-SummaryView&pyRuleName=pzDisplayPartialCount&RequestClass=Rule-HTML-Section&RequestAppliesTo=Rule-Obj-SummaryView&RequestRuleName=pzDisplayPartialCount Payload: "{\"RequestClass\":\"Rule-HTML-Section\",\"RequestAppliesTo\":\"Rule-Obj-SummaryView\",\"RequestRuleName\":\"pzDisplayPartialCount\"}" => HTTP 404 (18 bytes)
[PegaHttpClient] 📡 POST https://zdk8budo.pegaacademy.net/prweb/PRRestService/HRAppsV2Service/V1/rules/query?pxObjClass=Rule-HTML-Section&appliesTo=Rule-Obj-SummaryView&pyRuleName=pzDisplayPartialCount&RequestClass=Rule-HTML-Section&RequestAppliesTo=Rule-Obj-SummaryView&RequestRuleName=pzDisplayPartialCount Payload: "{\"RequestClass\":\"Rule-HTML-Section\",\"RequestAppliesTo\":\"Rule-Obj-SummaryView\",\"RequestRuleName\":\"pzDisplayPartialCount\"}" => HTTP 404 (18 bytes)
[PegaHttpClient] 📡 POST https://zdk8budo.pegaacademy.net/prweb/api/HRAppsV2/V1/rules/query?pxObjClass=Rule-HTML-Section&appliesTo=Rule-Obj-SummaryView&pyRuleName=pzDisplayPartialCount&RequestClass=Rule-HTML-Section&RequestAppliesTo=Rule-Obj-SummaryView&RequestRuleName=pzDisplayPartialCount Payload: "{\"RequestClass\":\"Rule-HTML-Section\",\"RequestAppliesTo\":\"Rule-Obj-SummaryView\",\"RequestRuleName\":\"pzDisplayPartialCount\"}" => HTTP 404 (18 bytes)
[PegaHttpClient] 📡 POST https://zdk8budo.pegaacademy.net/prweb/PRRestService/HRAppsV2/V1/rules/query?pxObjClass=Rule-HTML-Section&appliesTo=Rule-Obj-SummaryView&pyRuleName=pzDisplayPartialCount&RequestClass=Rule-HTML-Section&RequestAppliesTo=Rule-Obj-SummaryView&RequestRuleName=pzDisplayPartialCount Payload: "{\"RequestClass\":\"Rule-HTML-Section\",\"RequestAppliesTo\":\"Rule-Obj-SummaryView\",\"RequestRuleName\":\"pzDisplayPartialCount\"}" => HTTP 404 (18 bytes)
[PegaHttpClient] 📡 POST https://zdk8budo.pegaacademy.net/prweb/api/v1/rules/query?pxObjClass=Rule-HTML-Section&appliesTo=Rule-Obj-SummaryView&pyRuleName=pzDisplayPartialCount&RequestClass=Rule-HTML-Section&RequestAppliesTo=Rule-Obj-SummaryView&RequestRuleName=pzDisplayPartialCount Payload: "{\"RequestClass\":\"Rule-HTML-Section\",\"RequestAppliesTo\":\"Rule-Obj-SummaryView\",\"RequestRuleName\":\"pzDisplayPartialCount\"}" => HTTP 404 (18 bytes)
[PegaHttpClient] 📡 POST https://zdk8budo.pegaacademy.net/prweb/PRRestService/v1/rules/query?pxObjClass=Rule-HTML-Section&appliesTo=Rule-Obj-SummaryView&pyRuleName=pzDisplayPartialCount&RequestClass=Rule-HTML-Section&RequestAppliesTo=Rule-Obj-SummaryView&RequestRuleName=pzDisplayPartialCount Payload: "{\"RequestClass\":\"Rule-HTML-Section\",\"RequestAppliesTo\":\"Rule-Obj-SummaryView\",\"RequestRuleName\":\"pzDisplayPartialCount\"}" => HTTP 404 (18 bytes)
[SchemaGen] ✅ Schema written for Rule-Obj-SummaryView
[PegaHttpClient] 📡 GET https://zdk8budo.pegaacademy.net/prweb/api/CodeIntelligence/v1/rules/RULE-HTML-HARNESS%20RULE-OBJ-SERVICELEVEL%20RULEFORM%20%2320180713T135125.150%20GMT => HTTP 200 (24361 bytes)
[PegaHttpClient] 📡 POST https://zdk8budo.pegaacademy.net/prweb/api/CodeIntelligence/v1/rules/query?pxObjClass=Rule-HTML-Section&appliesTo=Rule-Obj-ServiceLevel&pyRuleName=RuleFormMain&RequestClass=Rule-HTML-Section&RequestAppliesTo=Rule-Obj-ServiceLevel&RequestRuleName=RuleFormMain Payload: "{\"RequestClass\":\"Rule-HTML-Section\",\"RequestAppliesTo\":\"Rule-Obj-ServiceLevel\",\"RequestRuleName\":\"RuleFormMain\"}" => HTTP 200 (156234 bytes)
[PegaHttpClient] 📡 POST https://zdk8budo.pegaacademy.net/prweb/api/CodeIntelligence/v1/rules/query?pxObjClass=Rule-HTML-Section&appliesTo=Rule-Obj-ServiceLevel&pyRuleName=pxAlternateRuleForm&RequestClass=Rule-HTML-Section&RequestAppliesTo=Rule-Obj-ServiceLevel&RequestRuleName=pxAlternateRuleForm Payload: "{\"RequestClass\":\"Rule-HTML-Section\",\"RequestAppliesTo\":\"Rule-Obj-ServiceLevel\",\"RequestRuleName\":\"pxAlternateRuleForm\"}" => HTTP 200 (66153 bytes)
[PegaHttpClient] 📡 POST https://zdk8budo.pegaacademy.net/prweb/api/CodeIntelligence/v1/rules/query?pxObjClass=Rule-HTML-Section&appliesTo=Rule-Obj-ServiceLevel&pyRuleName=pzRuleFormScripts&RequestClass=Rule-HTML-Section&RequestAppliesTo=Rule-Obj-ServiceLevel&RequestRuleName=pzRuleFormScripts Payload: "{\"RequestClass\":\"Rule-HTML-Section\",\"RequestAppliesTo\":\"Rule-Obj-ServiceLevel\",\"RequestRuleName\":\"pzRuleFormScripts\"}" => HTTP 200 (40822 bytes)
[PegaHttpClient] 📡 POST https://zdk8budo.pegaacademy.net/prweb/api/CodeIntelligence/v1/rules/query?pxObjClass=Rule-HTML-Section&appliesTo=Rule-Obj-ServiceLevel&pyRuleName=pzRuleFormLayoutDelegated&RequestClass=Rule-HTML-Section&RequestAppliesTo=Rule-Obj-ServiceLevel&RequestRuleName=pzRuleFormLayoutDelegated Payload: "{\"RequestClass\":\"Rule-HTML-Section\",\"RequestAppliesTo\":\"Rule-Obj-ServiceLevel\",\"RequestRuleName\":\"pzRuleFormLayoutDelegated\"}" => HTTP 200 (70998 bytes)
[PegaHttpClient] 📡 POST https://zdk8budo.pegaacademy.net/prweb/api/CodeIntelligence/v1/rules/query?pxObjClass=Rule-HTML-Section&appliesTo=Rule-Obj-ServiceLevel&pyRuleName=RuleFormLayout&RequestClass=Rule-HTML-Section&RequestAppliesTo=Rule-Obj-ServiceLevel&RequestRuleName=RuleFormLayout Payload: "{\"RequestClass\":\"Rule-HTML-Section\",\"RequestAppliesTo\":\"Rule-Obj-ServiceLevel\",\"RequestRuleName\":\"RuleFormLayout\"}" => HTTP 200 (89231 bytes)
[PegaHttpClient] 📡 POST https://zdk8budo.pegaacademy.net/prweb/api/CodeIntelligence/v1/rules/query?pxObjClass=Rule-HTML-Section&appliesTo=Rule-Obj-ServiceLevel&pyRuleName=RuleFormSettings&RequestClass=Rule-HTML-Section&RequestAppliesTo=Rule-Obj-ServiceLevel&RequestRuleName=RuleFormSettings Payload: "{\"RequestClass\":\"Rule-HTML-Section\",\"RequestAppliesTo\":\"Rule-Obj-ServiceLevel\",\"RequestRuleName\":\"RuleFormSettings\"}" => HTTP 200 (20540 bytes)
[PegaHttpClient] 📡 POST https://zdk8budo.pegaacademy.net/prweb/api/CodeIntelligence/v1/rules/query?pxObjClass=Rule-HTML-Section&appliesTo=Rule-Obj-ServiceLevel&pyRuleName=OpenAuthoring&RequestClass=Rule-HTML-Section&RequestAppliesTo=Rule-Obj-ServiceLevel&RequestRuleName=OpenAuthoring Payload: "{\"RequestClass\":\"Rule-HTML-Section\",\"RequestAppliesTo\":\"Rule-Obj-ServiceLevel\",\"RequestRuleName\":\"OpenAuthoring\"}" => HTTP 200 (23695 bytes)
[PegaHttpClient] 📡 POST https://zdk8budo.pegaacademy.net/prweb/api/CodeIntelligence/v1/rules/query?pxObjClass=Rule-HTML-Section&appliesTo=Rule-Obj-ServiceLevel&pyRuleName=pyCustomHelp&RequestClass=Rule-HTML-Section&RequestAppliesTo=Rule-Obj-ServiceLevel&RequestRuleName=pyCustomHelp Payload: "{\"RequestClass\":\"Rule-HTML-Section\",\"RequestAppliesTo\":\"Rule-Obj-ServiceLevel\",\"RequestRuleName\":\"pyCustomHelp\"}" => HTTP 200 (17256 bytes)
[PegaHttpClient] 📡 POST https://zdk8budo.pegaacademy.net/prweb/api/CodeIntelligence/v1/rules/query?pxObjClass=Rule-HTML-Section&appliesTo=Rule-Obj-ServiceLevel&pyRuleName=pzRuleformMainInclude&RequestClass=Rule-HTML-Section&RequestAppliesTo=Rule-Obj-ServiceLevel&RequestRuleName=pzRuleformMainInclude Payload: "{\"RequestClass\":\"Rule-HTML-Section\",\"RequestAppliesTo\":\"Rule-Obj-ServiceLevel\",\"RequestRuleName\":\"pzRuleformMainInclude\"}" => HTTP 200 (22375 bytes)
[PegaHttpClient] 📡 POST https://zdk8budo.pegaacademy.net/prweb/api/CodeIntelligence/v1/rules/query?pxObjClass=Rule-HTML-Section&appliesTo=Rule-Obj-ServiceLevel&pyRuleName=pyAlternativeRuleFormStrategicAppExtension&RequestClass=Rule-HTML-Section&RequestAppliesTo=Rule-Obj-ServiceLevel&RequestRuleName=pyAlternativeRuleFormStrategicAppExtension Payload: "{\"RequestClass\":\"Rule-HTML-Section\",\"RequestAppliesTo\":\"Rule-Obj-ServiceLevel\",\"RequestRuleName\":\"pyAlternativeRuleFormStrategicAppExtension\"}" => HTTP 200 (25042 bytes)
[PegaHttpClient] 📡 POST https://zdk8budo.pegaacademy.net/prweb/api/CodeIntelligence/v1/rules/query?pxObjClass=Rule-HTML-Section&appliesTo=Rule-Obj-ServiceLevel&pyRuleName=pyAlternativeRuleFormExtension&RequestClass=Rule-HTML-Section&RequestAppliesTo=Rule-Obj-ServiceLevel&RequestRuleName=pyAlternativeRuleFormExtension Payload: "{\"RequestClass\":\"Rule-HTML-Section\",\"RequestAppliesTo\":\"Rule-Obj-ServiceLevel\",\"RequestRuleName\":\"pyAlternativeRuleFormExtension\"}" => HTTP 200 (24863 bytes)
[PegaHttpClient] 📡 POST https://zdk8budo.pegaacademy.net/prweb/api/CodeIntelligence/v1/rules/query?pxObjClass=Rule-HTML-Section&appliesTo=Rule-Obj-ServiceLevel&pyRuleName=RuleFormHeader&RequestClass=Rule-HTML-Section&RequestAppliesTo=Rule-Obj-ServiceLevel&RequestRuleName=RuleFormHeader Payload: "{\"RequestClass\":\"Rule-HTML-Section\",\"RequestAppliesTo\":\"Rule-Obj-ServiceLevel\",\"RequestRuleName\":\"RuleFormHeader\"}" => HTTP 200 (183800 bytes)
[PegaHttpClient] 📡 POST https://zdk8budo.pegaacademy.net/prweb/api/CodeIntelligence/v1/rules/query?pxObjClass=Rule-HTML-Section&appliesTo=Rule-Obj-ServiceLevel&pyRuleName=pzDelegationExperience&RequestClass=Rule-HTML-Section&RequestAppliesTo=Rule-Obj-ServiceLevel&RequestRuleName=pzDelegationExperience Payload: "{\"RequestClass\":\"Rule-HTML-Section\",\"RequestAppliesTo\":\"Rule-Obj-ServiceLevel\",\"RequestRuleName\":\"pzDelegationExperience\"}" => HTTP 404 (121 bytes)
[PegaHttpClient] 📡 POST https://zdk8budo.pegaacademy.net/prweb/PRRestService/CodeIntelligence/v1/rules/query?pxObjClass=Rule-HTML-Section&appliesTo=Rule-Obj-ServiceLevel&pyRuleName=pzDelegationExperience&RequestClass=Rule-HTML-Section&RequestAppliesTo=Rule-Obj-ServiceLevel&RequestRuleName=pzDelegationExperience Payload: "{\"RequestClass\":\"Rule-HTML-Section\",\"RequestAppliesTo\":\"Rule-Obj-ServiceLevel\",\"RequestRuleName\":\"pzDelegationExperience\"}" => HTTP 404 (121 bytes)
[PegaHttpClient] 📡 POST https://zdk8budo.pegaacademy.net/prweb/api/HRAppsV2Service/V1/rules/query?pxObjClass=Rule-HTML-Section&appliesTo=Rule-Obj-ServiceLevel&pyRuleName=pzDelegationExperience&RequestClass=Rule-HTML-Section&RequestAppliesTo=Rule-Obj-ServiceLevel&RequestRuleName=pzDelegationExperience Payload: "{\"RequestClass\":\"Rule-HTML-Section\",\"RequestAppliesTo\":\"Rule-Obj-ServiceLevel\",\"RequestRuleName\":\"pzDelegationExperience\"}" => HTTP 404 (18 bytes)
[PegaHttpClient] 📡 POST https://zdk8budo.pegaacademy.net/prweb/PRRestService/HRAppsV2Service/V1/rules/query?pxObjClass=Rule-HTML-Section&appliesTo=Rule-Obj-ServiceLevel&pyRuleName=pzDelegationExperience&RequestClass=Rule-HTML-Section&RequestAppliesTo=Rule-Obj-ServiceLevel&RequestRuleName=pzDelegationExperience Payload: "{\"RequestClass\":\"Rule-HTML-Section\",\"RequestAppliesTo\":\"Rule-Obj-ServiceLevel\",\"RequestRuleName\":\"pzDelegationExperience\"}" => HTTP 404 (18 bytes)
[PegaHttpClient] 📡 POST https://zdk8budo.pegaacademy.net/prweb/api/HRAppsV2/V1/rules/query?pxObjClass=Rule-HTML-Section&appliesTo=Rule-Obj-ServiceLevel&pyRuleName=pzDelegationExperience&RequestClass=Rule-HTML-Section&RequestAppliesTo=Rule-Obj-ServiceLevel&RequestRuleName=pzDelegationExperience Payload: "{\"RequestClass\":\"Rule-HTML-Section\",\"RequestAppliesTo\":\"Rule-Obj-ServiceLevel\",\"RequestRuleName\":\"pzDelegationExperience\"}" => HTTP 404 (18 bytes)
[PegaHttpClient] 📡 POST https://zdk8budo.pegaacademy.net/prweb/PRRestService/HRAppsV2/V1/rules/query?pxObjClass=Rule-HTML-Section&appliesTo=Rule-Obj-ServiceLevel&pyRuleName=pzDelegationExperience&RequestClass=Rule-HTML-Section&RequestAppliesTo=Rule-Obj-ServiceLevel&RequestRuleName=pzDelegationExperience Payload: "{\"RequestClass\":\"Rule-HTML-Section\",\"RequestAppliesTo\":\"Rule-Obj-ServiceLevel\",\"RequestRuleName\":\"pzDelegationExperience\"}" => HTTP 404 (18 bytes)
[PegaHttpClient] 📡 POST https://zdk8budo.pegaacademy.net/prweb/api/v1/rules/query?pxObjClass=Rule-HTML-Section&appliesTo=Rule-Obj-ServiceLevel&pyRuleName=pzDelegationExperience&RequestClass=Rule-HTML-Section&RequestAppliesTo=Rule-Obj-ServiceLevel&RequestRuleName=pzDelegationExperience Payload: "{\"RequestClass\":\"Rule-HTML-Section\",\"RequestAppliesTo\":\"Rule-Obj-ServiceLevel\",\"RequestRuleName\":\"pzDelegationExperience\"}" => HTTP 404 (18 bytes)
[PegaHttpClient] 📡 POST https://zdk8budo.pegaacademy.net/prweb/PRRestService/v1/rules/query?pxObjClass=Rule-HTML-Section&appliesTo=Rule-Obj-ServiceLevel&pyRuleName=pzDelegationExperience&RequestClass=Rule-HTML-Section&RequestAppliesTo=Rule-Obj-ServiceLevel&RequestRuleName=pzDelegationExperience Payload: "{\"RequestClass\":\"Rule-HTML-Section\",\"RequestAppliesTo\":\"Rule-Obj-ServiceLevel\",\"RequestRuleName\":\"pzDelegationExperience\"}" => HTTP 404 (18 bytes)
[PegaHttpClient] 📡 POST https://zdk8budo.pegaacademy.net/prweb/api/CodeIntelligence/v1/rules/query?pxObjClass=Rule-HTML-Section&appliesTo=Rule-Obj-ServiceLevel&pyRuleName=General&RequestClass=Rule-HTML-Section&RequestAppliesTo=Rule-Obj-ServiceLevel&RequestRuleName=General Payload: "{\"RequestClass\":\"Rule-HTML-Section\",\"RequestAppliesTo\":\"Rule-Obj-ServiceLevel\",\"RequestRuleName\":\"General\"}" => HTTP 200 (366355 bytes)
[PegaHttpClient] 📡 POST https://zdk8budo.pegaacademy.net/prweb/api/CodeIntelligence/v1/rules/query?pxObjClass=Rule-HTML-Section&appliesTo=Rule-Obj-ServiceLevel&pyRuleName=pzSpecifications&RequestClass=Rule-HTML-Section&RequestAppliesTo=Rule-Obj-ServiceLevel&RequestRuleName=pzSpecifications Payload: "{\"RequestClass\":\"Rule-HTML-Section\",\"RequestAppliesTo\":\"Rule-Obj-ServiceLevel\",\"RequestRuleName\":\"pzSpecifications\"}" => HTTP 200 (16577 bytes)
[PegaHttpClient] 📡 POST https://zdk8budo.pegaacademy.net/prweb/api/CodeIntelligence/v1/rules/query?pxObjClass=Rule-HTML-Section&appliesTo=Rule-Obj-ServiceLevel&pyRuleName=RuleFormHistory&RequestClass=Rule-HTML-Section&RequestAppliesTo=Rule-Obj-ServiceLevel&RequestRuleName=RuleFormHistory Payload: "{\"RequestClass\":\"Rule-HTML-Section\",\"RequestAppliesTo\":\"Rule-Obj-ServiceLevel\",\"RequestRuleName\":\"RuleFormHistory\"}" => HTTP 200 (76091 bytes)
[PegaHttpClient] 📡 POST https://zdk8budo.pegaacademy.net/prweb/api/CodeIntelligence/v1/rules/query?pxObjClass=Rule-HTML-Section&appliesTo=Rule-Obj-ServiceLevel&pyRuleName=pyCustomTab&RequestClass=Rule-HTML-Section&RequestAppliesTo=Rule-Obj-ServiceLevel&RequestRuleName=pyCustomTab Payload: "{\"RequestClass\":\"Rule-HTML-Section\",\"RequestAppliesTo\":\"Rule-Obj-ServiceLevel\",\"RequestRuleName\":\"pyCustomTab\"}" => HTTP 200 (14803 bytes)
[PegaHttpClient] 📡 POST https://zdk8budo.pegaacademy.net/prweb/api/CodeIntelligence/v1/rules/query?pxObjClass=Rule-HTML-Section&appliesTo=Rule-Obj-ServiceLevel&pyRuleName=pzCustomHelp&RequestClass=Rule-HTML-Section&RequestAppliesTo=Rule-Obj-ServiceLevel&RequestRuleName=pzCustomHelp Payload: "{\"RequestClass\":\"Rule-HTML-Section\",\"RequestAppliesTo\":\"Rule-Obj-ServiceLevel\",\"RequestRuleName\":\"pzCustomHelp\"}" => HTTP 200 (31573 bytes)
[PegaHttpClient] 📡 POST https://zdk8budo.pegaacademy.net/prweb/api/CodeIntelligence/v1/rules/query?pxObjClass=Rule-HTML-Section&appliesTo=Rule-Obj-ServiceLevel&pyRuleName=pzRuleFormKeysAndDescription&RequestClass=Rule-HTML-Section&RequestAppliesTo=Rule-Obj-ServiceLevel&RequestRuleName=pzRuleFormKeysAndDescription Payload: "{\"RequestClass\":\"Rule-HTML-Section\",\"RequestAppliesTo\":\"Rule-Obj-ServiceLevel\",\"RequestRuleName\":\"pzRuleFormKeysAndDescription\"}" => HTTP 200 (218057 bytes)
[PegaHttpClient] 📡 POST https://zdk8budo.pegaacademy.net/prweb/api/CodeIntelligence/v1/rules/query?pxObjClass=Rule-HTML-Section&appliesTo=Rule-Obj-ServiceLevel&pyRuleName=pzRuleFormRuleset&RequestClass=Rule-HTML-Section&RequestAppliesTo=Rule-Obj-ServiceLevel&RequestRuleName=pzRuleFormRuleset Payload: "{\"RequestClass\":\"Rule-HTML-Section\",\"RequestAppliesTo\":\"Rule-Obj-ServiceLevel\",\"RequestRuleName\":\"pzRuleFormRuleset\"}" => HTTP 200 (33985 bytes)
[PegaHttpClient] 📡 POST https://zdk8budo.pegaacademy.net/prweb/api/CodeIntelligence/v1/rules/query?pxObjClass=Rule-HTML-Section&appliesTo=Rule-Obj-ServiceLevel&pyRuleName=undefined&RequestClass=Rule-HTML-Section&RequestAppliesTo=Rule-Obj-ServiceLevel&RequestRuleName=undefined Payload: "{\"RequestClass\":\"Rule-HTML-Section\",\"RequestAppliesTo\":\"Rule-Obj-ServiceLevel\",\"RequestRuleName\":\"undefined\"}" => HTTP 404 (108 bytes)
[PegaHttpClient] 📡 POST https://zdk8budo.pegaacademy.net/prweb/PRRestService/CodeIntelligence/v1/rules/query?pxObjClass=Rule-HTML-Section&appliesTo=Rule-Obj-ServiceLevel&pyRuleName=undefined&RequestClass=Rule-HTML-Section&RequestAppliesTo=Rule-Obj-ServiceLevel&RequestRuleName=undefined Payload: "{\"RequestClass\":\"Rule-HTML-Section\",\"RequestAppliesTo\":\"Rule-Obj-ServiceLevel\",\"RequestRuleName\":\"undefined\"}" => HTTP 404 (108 bytes)
[PegaHttpClient] 📡 POST https://zdk8budo.pegaacademy.net/prweb/api/HRAppsV2Service/V1/rules/query?pxObjClass=Rule-HTML-Section&appliesTo=Rule-Obj-ServiceLevel&pyRuleName=undefined&RequestClass=Rule-HTML-Section&RequestAppliesTo=Rule-Obj-ServiceLevel&RequestRuleName=undefined Payload: "{\"RequestClass\":\"Rule-HTML-Section\",\"RequestAppliesTo\":\"Rule-Obj-ServiceLevel\",\"RequestRuleName\":\"undefined\"}" => HTTP 404 (18 bytes)
[PegaHttpClient] 📡 POST https://zdk8budo.pegaacademy.net/prweb/PRRestService/HRAppsV2Service/V1/rules/query?pxObjClass=Rule-HTML-Section&appliesTo=Rule-Obj-ServiceLevel&pyRuleName=undefined&RequestClass=Rule-HTML-Section&RequestAppliesTo=Rule-Obj-ServiceLevel&RequestRuleName=undefined Payload: "{\"RequestClass\":\"Rule-HTML-Section\",\"RequestAppliesTo\":\"Rule-Obj-ServiceLevel\",\"RequestRuleName\":\"undefined\"}" => HTTP 404 (18 bytes)
[PegaHttpClient] 📡 POST https://zdk8budo.pegaacademy.net/prweb/api/HRAppsV2/V1/rules/query?pxObjClass=Rule-HTML-Section&appliesTo=Rule-Obj-ServiceLevel&pyRuleName=undefined&RequestClass=Rule-HTML-Section&RequestAppliesTo=Rule-Obj-ServiceLevel&RequestRuleName=undefined Payload: "{\"RequestClass\":\"Rule-HTML-Section\",\"RequestAppliesTo\":\"Rule-Obj-ServiceLevel\",\"RequestRuleName\":\"undefined\"}" => HTTP 404 (18 bytes)
[PegaHttpClient] 📡 POST https://zdk8budo.pegaacademy.net/prweb/PRRestService/HRAppsV2/V1/rules/query?pxObjClass=Rule-HTML-Section&appliesTo=Rule-Obj-ServiceLevel&pyRuleName=undefined&RequestClass=Rule-HTML-Section&RequestAppliesTo=Rule-Obj-ServiceLevel&RequestRuleName=undefined Payload: "{\"RequestClass\":\"Rule-HTML-Section\",\"RequestAppliesTo\":\"Rule-Obj-ServiceLevel\",\"RequestRuleName\":\"undefined\"}" => HTTP 404 (18 bytes)
[PegaHttpClient] 📡 POST https://zdk8budo.pegaacademy.net/prweb/api/v1/rules/query?pxObjClass=Rule-HTML-Section&appliesTo=Rule-Obj-ServiceLevel&pyRuleName=undefined&RequestClass=Rule-HTML-Section&RequestAppliesTo=Rule-Obj-ServiceLevel&RequestRuleName=undefined Payload: "{\"RequestClass\":\"Rule-HTML-Section\",\"RequestAppliesTo\":\"Rule-Obj-ServiceLevel\",\"RequestRuleName\":\"undefined\"}" => HTTP 404 (18 bytes)
[PegaHttpClient] 📡 POST https://zdk8budo.pegaacademy.net/prweb/PRRestService/v1/rules/query?pxObjClass=Rule-HTML-Section&appliesTo=Rule-Obj-ServiceLevel&pyRuleName=undefined&RequestClass=Rule-HTML-Section&RequestAppliesTo=Rule-Obj-ServiceLevel&RequestRuleName=undefined Payload: "{\"RequestClass\":\"Rule-HTML-Section\",\"RequestAppliesTo\":\"Rule-Obj-ServiceLevel\",\"RequestRuleName\":\"undefined\"}" => HTTP 404 (18 bytes)
[PegaHttpClient] 📡 POST https://zdk8budo.pegaacademy.net/prweb/api/CodeIntelligence/v1/rules/query?pxObjClass=Rule-HTML-Section&appliesTo=Rule-Obj-ServiceLevel&pyRuleName=pzRuleFormToolbar&RequestClass=Rule-HTML-Section&RequestAppliesTo=Rule-Obj-ServiceLevel&RequestRuleName=pzRuleFormToolbar Payload: "{\"RequestClass\":\"Rule-HTML-Section\",\"RequestAppliesTo\":\"Rule-Obj-ServiceLevel\",\"RequestRuleName\":\"pzRuleFormToolbar\"}" => HTTP 200 (242691 bytes)
[PegaHttpClient] 📡 POST https://zdk8budo.pegaacademy.net/prweb/api/CodeIntelligence/v1/rules/query?pxObjClass=Rule-HTML-Section&appliesTo=Rule-Obj-ServiceLevel&pyRuleName=pzRuleFormToolbarCompare&RequestClass=Rule-HTML-Section&RequestAppliesTo=Rule-Obj-ServiceLevel&RequestRuleName=pzRuleFormToolbarCompare Payload: "{\"RequestClass\":\"Rule-HTML-Section\",\"RequestAppliesTo\":\"Rule-Obj-ServiceLevel\",\"RequestRuleName\":\"pzRuleFormToolbarCompare\"}" => HTTP 200 (61925 bytes)
[PegaHttpClient] 📡 POST https://zdk8budo.pegaacademy.net/prweb/api/CodeIntelligence/v1/rules/query?pxObjClass=Rule-HTML-Section&appliesTo=Rule-Obj-ServiceLevel&pyRuleName=RuleFormHeaderMessages&RequestClass=Rule-HTML-Section&RequestAppliesTo=Rule-Obj-ServiceLevel&RequestRuleName=RuleFormHeaderMessages Payload: "{\"RequestClass\":\"Rule-HTML-Section\",\"RequestAppliesTo\":\"Rule-Obj-ServiceLevel\",\"RequestRuleName\":\"RuleFormHeaderMessages\"}" => HTTP 200 (26518 bytes)
[PegaHttpClient] 📡 POST https://zdk8budo.pegaacademy.net/prweb/api/CodeIntelligence/v1/rules/query?pxObjClass=Rule-HTML-Section&appliesTo=Rule-Obj-ServiceLevel&pyRuleName=pzGoalActionList&RequestClass=Rule-HTML-Section&RequestAppliesTo=Rule-Obj-ServiceLevel&RequestRuleName=pzGoalActionList Payload: "{\"RequestClass\":\"Rule-HTML-Section\",\"RequestAppliesTo\":\"Rule-Obj-ServiceLevel\",\"RequestRuleName\":\"pzGoalActionList\"}" => HTTP 200 (15225 bytes)
[PegaHttpClient] 📡 POST https://zdk8budo.pegaacademy.net/prweb/api/CodeIntelligence/v1/rules/query?pxObjClass=Rule-HTML-Section&appliesTo=Rule-Obj-ServiceLevel&pyRuleName=pzSpecificationsInner&RequestClass=Rule-HTML-Section&RequestAppliesTo=Rule-Obj-ServiceLevel&RequestRuleName=pzSpecificationsInner Payload: "{\"RequestClass\":\"Rule-HTML-Section\",\"RequestAppliesTo\":\"Rule-Obj-ServiceLevel\",\"RequestRuleName\":\"pzSpecificationsInner\"}" => HTTP 200 (142370 bytes)
[PegaHttpClient] 📡 POST https://zdk8budo.pegaacademy.net/prweb/api/CodeIntelligence/v1/rules/query?pxObjClass=Rule-HTML-Section&appliesTo=Rule-Obj-ServiceLevel&pyRuleName=pzAlternateRuleInfo&RequestClass=Rule-HTML-Section&RequestAppliesTo=Rule-Obj-ServiceLevel&RequestRuleName=pzAlternateRuleInfo Payload: "{\"RequestClass\":\"Rule-HTML-Section\",\"RequestAppliesTo\":\"Rule-Obj-ServiceLevel\",\"RequestRuleName\":\"pzAlternateRuleInfo\"}" => HTTP 200 (140407 bytes)
[PegaHttpClient] 📡 POST https://zdk8budo.pegaacademy.net/prweb/api/CodeIntelligence/v1/rules/query?pxObjClass=Rule-HTML-Section&appliesTo=Rule-Obj-ServiceLevel&pyRuleName=RuleFormHistory_Description&RequestClass=Rule-HTML-Section&RequestAppliesTo=Rule-Obj-ServiceLevel&RequestRuleName=RuleFormHistory_Description Payload: "{\"RequestClass\":\"Rule-HTML-Section\",\"RequestAppliesTo\":\"Rule-Obj-ServiceLevel\",\"RequestRuleName\":\"RuleFormHistory_Description\"}" => HTTP 200 (46242 bytes)
[PegaHttpClient] 📡 POST https://zdk8budo.pegaacademy.net/prweb/api/CodeIntelligence/v1/rules/query?pxObjClass=Rule-HTML-Section&appliesTo=Rule-Obj-ServiceLevel&pyRuleName=RuleFormHistory_CustomFields&RequestClass=Rule-HTML-Section&RequestAppliesTo=Rule-Obj-ServiceLevel&RequestRuleName=RuleFormHistory_CustomFields Payload: "{\"RequestClass\":\"Rule-HTML-Section\",\"RequestAppliesTo\":\"Rule-Obj-ServiceLevel\",\"RequestRuleName\":\"RuleFormHistory_CustomFields\"}" => HTTP 200 (75856 bytes)
[PegaHttpClient] 📡 POST https://zdk8budo.pegaacademy.net/prweb/api/CodeIntelligence/v1/rules/query?pxObjClass=Rule-HTML-Section&appliesTo=Rule-Obj-ServiceLevel&pyRuleName=RuleFormHistory_HistoryDetails&RequestClass=Rule-HTML-Section&RequestAppliesTo=Rule-Obj-ServiceLevel&RequestRuleName=RuleFormHistory_HistoryDetails Payload: "{\"RequestClass\":\"Rule-HTML-Section\",\"RequestAppliesTo\":\"Rule-Obj-ServiceLevel\",\"RequestRuleName\":\"RuleFormHistory_HistoryDetails\"}" => HTTP 200 (179535 bytes)
[PegaHttpClient] 📡 POST https://zdk8budo.pegaacademy.net/prweb/api/CodeIntelligence/v1/rules/query?pxObjClass=Rule-HTML-Section&appliesTo=Rule-Obj-ServiceLevel&pyRuleName=pzRuleFormStatus&RequestClass=Rule-HTML-Section&RequestAppliesTo=Rule-Obj-ServiceLevel&RequestRuleName=pzRuleFormStatus Payload: "{\"RequestClass\":\"Rule-HTML-Section\",\"RequestAppliesTo\":\"Rule-Obj-ServiceLevel\",\"RequestRuleName\":\"pzRuleFormStatus\"}" => HTTP 200 (97627 bytes)
[PegaHttpClient] 📡 POST https://zdk8budo.pegaacademy.net/prweb/api/CodeIntelligence/v1/rules/query?pxObjClass=Rule-HTML-Section&appliesTo=Rule-Obj-ServiceLevel&pyRuleName=pzRuleFormHeaderCompareWithDropDown&RequestClass=Rule-HTML-Section&RequestAppliesTo=Rule-Obj-ServiceLevel&RequestRuleName=pzRuleFormHeaderCompareWithDropDown Payload: "{\"RequestClass\":\"Rule-HTML-Section\",\"RequestAppliesTo\":\"Rule-Obj-ServiceLevel\",\"RequestRuleName\":\"pzRuleFormHeaderCompareWithDropDown\"}" => HTTP 200 (25396 bytes)
[PegaHttpClient] 📡 POST https://zdk8budo.pegaacademy.net/prweb/api/CodeIntelligence/v1/rules/query?pxObjClass=Rule-HTML-Section&appliesTo=Rule-Obj-ServiceLevel&pyRuleName=undefined&RequestClass=Rule-HTML-Section&RequestAppliesTo=Rule-Obj-ServiceLevel&RequestRuleName=undefined Payload: "{\"RequestClass\":\"Rule-HTML-Section\",\"RequestAppliesTo\":\"Rule-Obj-ServiceLevel\",\"RequestRuleName\":\"undefined\"}" => HTTP 404 (108 bytes)
[PegaHttpClient] 📡 POST https://zdk8budo.pegaacademy.net/prweb/PRRestService/CodeIntelligence/v1/rules/query?pxObjClass=Rule-HTML-Section&appliesTo=Rule-Obj-ServiceLevel&pyRuleName=undefined&RequestClass=Rule-HTML-Section&RequestAppliesTo=Rule-Obj-ServiceLevel&RequestRuleName=undefined Payload: "{\"RequestClass\":\"Rule-HTML-Section\",\"RequestAppliesTo\":\"Rule-Obj-ServiceLevel\",\"RequestRuleName\":\"undefined\"}" => HTTP 404 (108 bytes)
[PegaHttpClient] 📡 POST https://zdk8budo.pegaacademy.net/prweb/api/HRAppsV2Service/V1/rules/query?pxObjClass=Rule-HTML-Section&appliesTo=Rule-Obj-ServiceLevel&pyRuleName=undefined&RequestClass=Rule-HTML-Section&RequestAppliesTo=Rule-Obj-ServiceLevel&RequestRuleName=undefined Payload: "{\"RequestClass\":\"Rule-HTML-Section\",\"RequestAppliesTo\":\"Rule-Obj-ServiceLevel\",\"RequestRuleName\":\"undefined\"}" => HTTP 404 (18 bytes)
[PegaHttpClient] 📡 POST https://zdk8budo.pegaacademy.net/prweb/PRRestService/HRAppsV2Service/V1/rules/query?pxObjClass=Rule-HTML-Section&appliesTo=Rule-Obj-ServiceLevel&pyRuleName=undefined&RequestClass=Rule-HTML-Section&RequestAppliesTo=Rule-Obj-ServiceLevel&RequestRuleName=undefined Payload: "{\"RequestClass\":\"Rule-HTML-Section\",\"RequestAppliesTo\":\"Rule-Obj-ServiceLevel\",\"RequestRuleName\":\"undefined\"}" => HTTP 404 (18 bytes)
[PegaHttpClient] 📡 POST https://zdk8budo.pegaacademy.net/prweb/api/HRAppsV2/V1/rules/query?pxObjClass=Rule-HTML-Section&appliesTo=Rule-Obj-ServiceLevel&pyRuleName=undefined&RequestClass=Rule-HTML-Section&RequestAppliesTo=Rule-Obj-ServiceLevel&RequestRuleName=undefined Payload: "{\"RequestClass\":\"Rule-HTML-Section\",\"RequestAppliesTo\":\"Rule-Obj-ServiceLevel\",\"RequestRuleName\":\"undefined\"}" => HTTP 404 (18 bytes)
[PegaHttpClient] 📡 POST https://zdk8budo.pegaacademy.net/prweb/PRRestService/HRAppsV2/V1/rules/query?pxObjClass=Rule-HTML-Section&appliesTo=Rule-Obj-ServiceLevel&pyRuleName=undefined&RequestClass=Rule-HTML-Section&RequestAppliesTo=Rule-Obj-ServiceLevel&RequestRuleName=undefined Payload: "{\"RequestClass\":\"Rule-HTML-Section\",\"RequestAppliesTo\":\"Rule-Obj-ServiceLevel\",\"RequestRuleName\":\"undefined\"}" => HTTP 404 (18 bytes)
[PegaHttpClient] 📡 POST https://zdk8budo.pegaacademy.net/prweb/api/v1/rules/query?pxObjClass=Rule-HTML-Section&appliesTo=Rule-Obj-ServiceLevel&pyRuleName=undefined&RequestClass=Rule-HTML-Section&RequestAppliesTo=Rule-Obj-ServiceLevel&RequestRuleName=undefined Payload: "{\"RequestClass\":\"Rule-HTML-Section\",\"RequestAppliesTo\":\"Rule-Obj-ServiceLevel\",\"RequestRuleName\":\"undefined\"}" => HTTP 404 (18 bytes)
[PegaHttpClient] 📡 POST https://zdk8budo.pegaacademy.net/prweb/PRRestService/v1/rules/query?pxObjClass=Rule-HTML-Section&appliesTo=Rule-Obj-ServiceLevel&pyRuleName=undefined&RequestClass=Rule-HTML-Section&RequestAppliesTo=Rule-Obj-ServiceLevel&RequestRuleName=undefined Payload: "{\"RequestClass\":\"Rule-HTML-Section\",\"RequestAppliesTo\":\"Rule-Obj-ServiceLevel\",\"RequestRuleName\":\"undefined\"}" => HTTP 404 (18 bytes)
[PegaHttpClient] 📡 POST https://zdk8budo.pegaacademy.net/prweb/api/CodeIntelligence/v1/rules/query?pxObjClass=Rule-HTML-Section&appliesTo=Rule-Obj-ServiceLevel&pyRuleName=pzRuleFormToolbarHotKeys&RequestClass=Rule-HTML-Section&RequestAppliesTo=Rule-Obj-ServiceLevel&RequestRuleName=pzRuleFormToolbarHotKeys Payload: "{\"RequestClass\":\"Rule-HTML-Section\",\"RequestAppliesTo\":\"Rule-Obj-ServiceLevel\",\"RequestRuleName\":\"pzRuleFormToolbarHotKeys\"}" => HTTP 200 (85058 bytes)
[PegaHttpClient] 📡 POST https://zdk8budo.pegaacademy.net/prweb/api/CodeIntelligence/v1/rules/query?pxObjClass=Rule-HTML-Section&appliesTo=Rule-Obj-ServiceLevel&pyRuleName=pzRuleFormToolbarLockedIcon&RequestClass=Rule-HTML-Section&RequestAppliesTo=Rule-Obj-ServiceLevel&RequestRuleName=pzRuleFormToolbarLockedIcon Payload: "{\"RequestClass\":\"Rule-HTML-Section\",\"RequestAppliesTo\":\"Rule-Obj-ServiceLevel\",\"RequestRuleName\":\"pzRuleFormToolbarLockedIcon\"}" => HTTP 200 (24898 bytes)
[PegaHttpClient] 📡 POST https://zdk8budo.pegaacademy.net/prweb/api/CodeIntelligence/v1/rules/query?pxObjClass=Rule-HTML-Section&appliesTo=Rule-Obj-ServiceLevel&pyRuleName=pzRuleFormToolbarCollaborators&RequestClass=Rule-HTML-Section&RequestAppliesTo=Rule-Obj-ServiceLevel&RequestRuleName=pzRuleFormToolbarCollaborators Payload: "{\"RequestClass\":\"Rule-HTML-Section\",\"RequestAppliesTo\":\"Rule-Obj-ServiceLevel\",\"RequestRuleName\":\"pzRuleFormToolbarCollaborators\"}" => HTTP 200 (15254 bytes)
[PegaHttpClient] 📡 POST https://zdk8budo.pegaacademy.net/prweb/api/CodeIntelligence/v1/rules/query?pxObjClass=Rule-HTML-Section&appliesTo=Rule-Obj-ServiceLevel&pyRuleName=pzRuleFormToolbarSaveAs&RequestClass=Rule-HTML-Section&RequestAppliesTo=Rule-Obj-ServiceLevel&RequestRuleName=pzRuleFormToolbarSaveAs Payload: "{\"RequestClass\":\"Rule-HTML-Section\",\"RequestAppliesTo\":\"Rule-Obj-ServiceLevel\",\"RequestRuleName\":\"pzRuleFormToolbarSaveAs\"}" => HTTP 200 (64084 bytes)
[PegaHttpClient] 📡 POST https://zdk8budo.pegaacademy.net/prweb/api/CodeIntelligence/v1/rules/query?pxObjClass=Rule-HTML-Section&appliesTo=Rule-Obj-ServiceLevel&pyRuleName=pzRuleFormToolbarCheckin&RequestClass=Rule-HTML-Section&RequestAppliesTo=Rule-Obj-ServiceLevel&RequestRuleName=pzRuleFormToolbarCheckin Payload: "{\"RequestClass\":\"Rule-HTML-Section\",\"RequestAppliesTo\":\"Rule-Obj-ServiceLevel\",\"RequestRuleName\":\"pzRuleFormToolbarCheckin\"}" => HTTP 200 (119096 bytes)
[PegaHttpClient] 📡 POST https://zdk8budo.pegaacademy.net/prweb/api/CodeIntelligence/v1/rules/query?pxObjClass=Rule-HTML-Section&appliesTo=Rule-Obj-ServiceLevel&pyRuleName=pzRuleFormToolbarDelete&RequestClass=Rule-HTML-Section&RequestAppliesTo=Rule-Obj-ServiceLevel&RequestRuleName=pzRuleFormToolbarDelete Payload: "{\"RequestClass\":\"Rule-HTML-Section\",\"RequestAppliesTo\":\"Rule-Obj-ServiceLevel\",\"RequestRuleName\":\"pzRuleFormToolbarDelete\"}" => HTTP 200 (30249 bytes)
[PegaHttpClient] 📡 POST https://zdk8budo.pegaacademy.net/prweb/api/CodeIntelligence/v1/rules/query?pxObjClass=Rule-HTML-Section&appliesTo=Rule-Obj-ServiceLevel&pyRuleName=pzRuleFormToolbarSave&RequestClass=Rule-HTML-Section&RequestAppliesTo=Rule-Obj-ServiceLevel&RequestRuleName=pzRuleFormToolbarSave Payload: "{\"RequestClass\":\"Rule-HTML-Section\",\"RequestAppliesTo\":\"Rule-Obj-ServiceLevel\",\"RequestRuleName\":\"pzRuleFormToolbarSave\"}" => HTTP 200 (293885 bytes)
[PegaHttpClient] 📡 POST https://zdk8budo.pegaacademy.net/prweb/api/CodeIntelligence/v1/rules/query?pxObjClass=Rule-HTML-Section&appliesTo=Rule-Obj-ServiceLevel&pyRuleName=pzRuleFormToolbarCheckout&RequestClass=Rule-HTML-Section&RequestAppliesTo=Rule-Obj-ServiceLevel&RequestRuleName=pzRuleFormToolbarCheckout Payload: "{\"RequestClass\":\"Rule-HTML-Section\",\"RequestAppliesTo\":\"Rule-Obj-ServiceLevel\",\"RequestRuleName\":\"pzRuleFormToolbarCheckout\"}" => HTTP 200 (238148 bytes)
[PegaHttpClient] 📡 POST https://zdk8budo.pegaacademy.net/prweb/api/CodeIntelligence/v1/rules/query?pxObjClass=Rule-HTML-Section&appliesTo=Rule-Obj-ServiceLevel&pyRuleName=pzRemoveErrorsDataPage&RequestClass=Rule-HTML-Section&RequestAppliesTo=Rule-Obj-ServiceLevel&RequestRuleName=pzRemoveErrorsDataPage Payload: "{\"RequestClass\":\"Rule-HTML-Section\",\"RequestAppliesTo\":\"Rule-Obj-ServiceLevel\",\"RequestRuleName\":\"pzRemoveErrorsDataPage\"}" => HTTP 200 (16733 bytes)
[PegaHttpClient] 📡 POST https://zdk8budo.pegaacademy.net/prweb/api/CodeIntelligence/v1/rules/query?pxObjClass=Rule-HTML-Section&appliesTo=Rule-Obj-ServiceLevel&pyRuleName=pzRuleFormHeaderMessagesWrapper&RequestClass=Rule-HTML-Section&RequestAppliesTo=Rule-Obj-ServiceLevel&RequestRuleName=pzRuleFormHeaderMessagesWrapper Payload: "{\"RequestClass\":\"Rule-HTML-Section\",\"RequestAppliesTo\":\"Rule-Obj-ServiceLevel\",\"RequestRuleName\":\"pzRuleFormHeaderMessagesWrapper\"}" => HTTP 200 (16981 bytes)
[PegaHttpClient] 📡 POST https://zdk8budo.pegaacademy.net/prweb/api/CodeIntelligence/v1/rules/query?pxObjClass=Rule-HTML-Section&appliesTo=Rule-Obj-ServiceLevel&pyRuleName=pzActionList&RequestClass=Rule-HTML-Section&RequestAppliesTo=Rule-Obj-ServiceLevel&RequestRuleName=pzActionList Payload: "{\"RequestClass\":\"Rule-HTML-Section\",\"RequestAppliesTo\":\"Rule-Obj-ServiceLevel\",\"RequestRuleName\":\"pzActionList\"}" => HTTP 404 (111 bytes)
[PegaHttpClient] 📡 POST https://zdk8budo.pegaacademy.net/prweb/PRRestService/CodeIntelligence/v1/rules/query?pxObjClass=Rule-HTML-Section&appliesTo=Rule-Obj-ServiceLevel&pyRuleName=pzActionList&RequestClass=Rule-HTML-Section&RequestAppliesTo=Rule-Obj-ServiceLevel&RequestRuleName=pzActionList Payload: "{\"RequestClass\":\"Rule-HTML-Section\",\"RequestAppliesTo\":\"Rule-Obj-ServiceLevel\",\"RequestRuleName\":\"pzActionList\"}" => HTTP 404 (111 bytes)
[PegaHttpClient] 📡 POST https://zdk8budo.pegaacademy.net/prweb/api/HRAppsV2Service/V1/rules/query?pxObjClass=Rule-HTML-Section&appliesTo=Rule-Obj-ServiceLevel&pyRuleName=pzActionList&RequestClass=Rule-HTML-Section&RequestAppliesTo=Rule-Obj-ServiceLevel&RequestRuleName=pzActionList Payload: "{\"RequestClass\":\"Rule-HTML-Section\",\"RequestAppliesTo\":\"Rule-Obj-ServiceLevel\",\"RequestRuleName\":\"pzActionList\"}" => HTTP 404 (18 bytes)
[PegaHttpClient] 📡 POST https://zdk8budo.pegaacademy.net/prweb/PRRestService/HRAppsV2Service/V1/rules/query?pxObjClass=Rule-HTML-Section&appliesTo=Rule-Obj-ServiceLevel&pyRuleName=pzActionList&RequestClass=Rule-HTML-Section&RequestAppliesTo=Rule-Obj-ServiceLevel&RequestRuleName=pzActionList Payload: "{\"RequestClass\":\"Rule-HTML-Section\",\"RequestAppliesTo\":\"Rule-Obj-ServiceLevel\",\"RequestRuleName\":\"pzActionList\"}" => HTTP 404 (18 bytes)
[PegaHttpClient] 📡 POST https://zdk8budo.pegaacademy.net/prweb/api/HRAppsV2/V1/rules/query?pxObjClass=Rule-HTML-Section&appliesTo=Rule-Obj-ServiceLevel&pyRuleName=pzActionList&RequestClass=Rule-HTML-Section&RequestAppliesTo=Rule-Obj-ServiceLevel&RequestRuleName=pzActionList Payload: "{\"RequestClass\":\"Rule-HTML-Section\",\"RequestAppliesTo\":\"Rule-Obj-ServiceLevel\",\"RequestRuleName\":\"pzActionList\"}" => HTTP 404 (18 bytes)
[PegaHttpClient] 📡 POST https://zdk8budo.pegaacademy.net/prweb/PRRestService/HRAppsV2/V1/rules/query?pxObjClass=Rule-HTML-Section&appliesTo=Rule-Obj-ServiceLevel&pyRuleName=pzActionList&RequestClass=Rule-HTML-Section&RequestAppliesTo=Rule-Obj-ServiceLevel&RequestRuleName=pzActionList Payload: "{\"RequestClass\":\"Rule-HTML-Section\",\"RequestAppliesTo\":\"Rule-Obj-ServiceLevel\",\"RequestRuleName\":\"pzActionList\"}" => HTTP 404 (18 bytes)
[PegaHttpClient] 📡 POST https://zdk8budo.pegaacademy.net/prweb/api/v1/rules/query?pxObjClass=Rule-HTML-Section&appliesTo=Rule-Obj-ServiceLevel&pyRuleName=pzActionList&RequestClass=Rule-HTML-Section&RequestAppliesTo=Rule-Obj-ServiceLevel&RequestRuleName=pzActionList Payload: "{\"RequestClass\":\"Rule-HTML-Section\",\"RequestAppliesTo\":\"Rule-Obj-ServiceLevel\",\"RequestRuleName\":\"pzActionList\"}" => HTTP 404 (18 bytes)
[PegaHttpClient] 📡 POST https://zdk8budo.pegaacademy.net/prweb/PRRestService/v1/rules/query?pxObjClass=Rule-HTML-Section&appliesTo=Rule-Obj-ServiceLevel&pyRuleName=pzActionList&RequestClass=Rule-HTML-Section&RequestAppliesTo=Rule-Obj-ServiceLevel&RequestRuleName=pzActionList Payload: "{\"RequestClass\":\"Rule-HTML-Section\",\"RequestAppliesTo\":\"Rule-Obj-ServiceLevel\",\"RequestRuleName\":\"pzActionList\"}" => HTTP 404 (18 bytes)
[PegaHttpClient] 📡 POST https://zdk8budo.pegaacademy.net/prweb/api/CodeIntelligence/v1/rules/query?pxObjClass=Rule-HTML-Section&appliesTo=Rule-Obj-ServiceLevel&pyRuleName=pzSpecificationName&RequestClass=Rule-HTML-Section&RequestAppliesTo=Rule-Obj-ServiceLevel&RequestRuleName=pzSpecificationName Payload: "{\"RequestClass\":\"Rule-HTML-Section\",\"RequestAppliesTo\":\"Rule-Obj-ServiceLevel\",\"RequestRuleName\":\"pzSpecificationName\"}" => HTTP 404 (118 bytes)
[PegaHttpClient] 📡 POST https://zdk8budo.pegaacademy.net/prweb/PRRestService/CodeIntelligence/v1/rules/query?pxObjClass=Rule-HTML-Section&appliesTo=Rule-Obj-ServiceLevel&pyRuleName=pzSpecificationName&RequestClass=Rule-HTML-Section&RequestAppliesTo=Rule-Obj-ServiceLevel&RequestRuleName=pzSpecificationName Payload: "{\"RequestClass\":\"Rule-HTML-Section\",\"RequestAppliesTo\":\"Rule-Obj-ServiceLevel\",\"RequestRuleName\":\"pzSpecificationName\"}" => HTTP 404 (118 bytes)
[PegaHttpClient] 📡 POST https://zdk8budo.pegaacademy.net/prweb/api/HRAppsV2Service/V1/rules/query?pxObjClass=Rule-HTML-Section&appliesTo=Rule-Obj-ServiceLevel&pyRuleName=pzSpecificationName&RequestClass=Rule-HTML-Section&RequestAppliesTo=Rule-Obj-ServiceLevel&RequestRuleName=pzSpecificationName Payload: "{\"RequestClass\":\"Rule-HTML-Section\",\"RequestAppliesTo\":\"Rule-Obj-ServiceLevel\",\"RequestRuleName\":\"pzSpecificationName\"}" => HTTP 404 (18 bytes)
[PegaHttpClient] 📡 POST https://zdk8budo.pegaacademy.net/prweb/PRRestService/HRAppsV2Service/V1/rules/query?pxObjClass=Rule-HTML-Section&appliesTo=Rule-Obj-ServiceLevel&pyRuleName=pzSpecificationName&RequestClass=Rule-HTML-Section&RequestAppliesTo=Rule-Obj-ServiceLevel&RequestRuleName=pzSpecificationName Payload: "{\"RequestClass\":\"Rule-HTML-Section\",\"RequestAppliesTo\":\"Rule-Obj-ServiceLevel\",\"RequestRuleName\":\"pzSpecificationName\"}" => HTTP 404 (18 bytes)
[PegaHttpClient] 📡 POST https://zdk8budo.pegaacademy.net/prweb/api/HRAppsV2/V1/rules/query?pxObjClass=Rule-HTML-Section&appliesTo=Rule-Obj-ServiceLevel&pyRuleName=pzSpecificationName&RequestClass=Rule-HTML-Section&RequestAppliesTo=Rule-Obj-ServiceLevel&RequestRuleName=pzSpecificationName Payload: "{\"RequestClass\":\"Rule-HTML-Section\",\"RequestAppliesTo\":\"Rule-Obj-ServiceLevel\",\"RequestRuleName\":\"pzSpecificationName\"}" => HTTP 404 (18 bytes)
[PegaHttpClient] 📡 POST https://zdk8budo.pegaacademy.net/prweb/PRRestService/HRAppsV2/V1/rules/query?pxObjClass=Rule-HTML-Section&appliesTo=Rule-Obj-ServiceLevel&pyRuleName=pzSpecificationName&RequestClass=Rule-HTML-Section&RequestAppliesTo=Rule-Obj-ServiceLevel&RequestRuleName=pzSpecificationName Payload: "{\"RequestClass\":\"Rule-HTML-Section\",\"RequestAppliesTo\":\"Rule-Obj-ServiceLevel\",\"RequestRuleName\":\"pzSpecificationName\"}" => HTTP 404 (18 bytes)
[PegaHttpClient] 📡 POST https://zdk8budo.pegaacademy.net/prweb/api/v1/rules/query?pxObjClass=Rule-HTML-Section&appliesTo=Rule-Obj-ServiceLevel&pyRuleName=pzSpecificationName&RequestClass=Rule-HTML-Section&RequestAppliesTo=Rule-Obj-ServiceLevel&RequestRuleName=pzSpecificationName Payload: "{\"RequestClass\":\"Rule-HTML-Section\",\"RequestAppliesTo\":\"Rule-Obj-ServiceLevel\",\"RequestRuleName\":\"pzSpecificationName\"}" => HTTP 404 (18 bytes)
[PegaHttpClient] 📡 POST https://zdk8budo.pegaacademy.net/prweb/PRRestService/v1/rules/query?pxObjClass=Rule-HTML-Section&appliesTo=Rule-Obj-ServiceLevel&pyRuleName=pzSpecificationName&RequestClass=Rule-HTML-Section&RequestAppliesTo=Rule-Obj-ServiceLevel&RequestRuleName=pzSpecificationName Payload: "{\"RequestClass\":\"Rule-HTML-Section\",\"RequestAppliesTo\":\"Rule-Obj-ServiceLevel\",\"RequestRuleName\":\"pzSpecificationName\"}" => HTTP 404 (18 bytes)
[PegaHttpClient] 📡 POST https://zdk8budo.pegaacademy.net/prweb/api/CodeIntelligence/v1/rules/query?pxObjClass=Rule-HTML-Section&appliesTo=Rule-Obj-ServiceLevel&pyRuleName=pzScm_RuleHistory&RequestClass=Rule-HTML-Section&RequestAppliesTo=Rule-Obj-ServiceLevel&RequestRuleName=pzScm_RuleHistory Payload: "{\"RequestClass\":\"Rule-HTML-Section\",\"RequestAppliesTo\":\"Rule-Obj-ServiceLevel\",\"RequestRuleName\":\"pzScm_RuleHistory\"}" => HTTP 200 (14682 bytes)
[PegaHttpClient] 📡 POST https://zdk8budo.pegaacademy.net/prweb/api/CodeIntelligence/v1/rules/query?pxObjClass=Rule-HTML-Section&appliesTo=Rule-Obj-ServiceLevel&pyRuleName=pxDisplayCollaborators&RequestClass=Rule-HTML-Section&RequestAppliesTo=Rule-Obj-ServiceLevel&RequestRuleName=pxDisplayCollaborators Payload: "{\"RequestClass\":\"Rule-HTML-Section\",\"RequestAppliesTo\":\"Rule-Obj-ServiceLevel\",\"RequestRuleName\":\"pxDisplayCollaborators\"}" => HTTP 200 (94171 bytes)
[PegaHttpClient] 📡 POST https://zdk8budo.pegaacademy.net/prweb/api/CodeIntelligence/v1/rules/query?pxObjClass=Rule-HTML-Section&appliesTo=Rule-Obj-ServiceLevel&pyRuleName=pzRuleFormToolbarDeleteCheckOut&RequestClass=Rule-HTML-Section&RequestAppliesTo=Rule-Obj-ServiceLevel&RequestRuleName=pzRuleFormToolbarDeleteCheckOut Payload: "{\"RequestClass\":\"Rule-HTML-Section\",\"RequestAppliesTo\":\"Rule-Obj-ServiceLevel\",\"RequestRuleName\":\"pzRuleFormToolbarDeleteCheckOut\"}" => HTTP 200 (29433 bytes)
[PegaHttpClient] 📡 POST https://zdk8budo.pegaacademy.net/prweb/api/CodeIntelligence/v1/rules/query?pxObjClass=Rule-HTML-Section&appliesTo=Rule-Obj-ServiceLevel&pyRuleName=pzRuleFormToolbarDeleteRule&RequestClass=Rule-HTML-Section&RequestAppliesTo=Rule-Obj-ServiceLevel&RequestRuleName=pzRuleFormToolbarDeleteRule Payload: "{\"RequestClass\":\"Rule-HTML-Section\",\"RequestAppliesTo\":\"Rule-Obj-ServiceLevel\",\"RequestRuleName\":\"pzRuleFormToolbarDeleteRule\"}" => HTTP 200 (32314 bytes)
[PegaHttpClient] 📡 POST https://zdk8budo.pegaacademy.net/prweb/api/CodeIntelligence/v1/rules/query?pxObjClass=Rule-HTML-Section&appliesTo=Rule-Obj-ServiceLevel&pyRuleName=pzLoadCollaborationScripts&RequestClass=Rule-HTML-Section&RequestAppliesTo=Rule-Obj-ServiceLevel&RequestRuleName=pzLoadCollaborationScripts Payload: "{\"RequestClass\":\"Rule-HTML-Section\",\"RequestAppliesTo\":\"Rule-Obj-ServiceLevel\",\"RequestRuleName\":\"pzLoadCollaborationScripts\"}" => HTTP 200 (23453 bytes)
[PegaHttpClient] 📡 POST https://zdk8budo.pegaacademy.net/prweb/api/CodeIntelligence/v1/rules/query?pxObjClass=Rule-HTML-Section&appliesTo=Rule-Obj-ServiceLevel&pyRuleName=pzDisplayCollaboratorsList&RequestClass=Rule-HTML-Section&RequestAppliesTo=Rule-Obj-ServiceLevel&RequestRuleName=pzDisplayCollaboratorsList Payload: "{\"RequestClass\":\"Rule-HTML-Section\",\"RequestAppliesTo\":\"Rule-Obj-ServiceLevel\",\"RequestRuleName\":\"pzDisplayCollaboratorsList\"}" => HTTP 200 (105418 bytes)
[PegaHttpClient] 📡 POST https://zdk8budo.pegaacademy.net/prweb/api/CodeIntelligence/v1/rules/query?pxObjClass=Rule-HTML-Section&appliesTo=Rule-Obj-ServiceLevel&pyRuleName=pyCollaborator&RequestClass=Rule-HTML-Section&RequestAppliesTo=Rule-Obj-ServiceLevel&RequestRuleName=pyCollaborator Payload: "{\"RequestClass\":\"Rule-HTML-Section\",\"RequestAppliesTo\":\"Rule-Obj-ServiceLevel\",\"RequestRuleName\":\"pyCollaborator\"}" => HTTP 404 (113 bytes)
[PegaHttpClient] 📡 POST https://zdk8budo.pegaacademy.net/prweb/PRRestService/CodeIntelligence/v1/rules/query?pxObjClass=Rule-HTML-Section&appliesTo=Rule-Obj-ServiceLevel&pyRuleName=pyCollaborator&RequestClass=Rule-HTML-Section&RequestAppliesTo=Rule-Obj-ServiceLevel&RequestRuleName=pyCollaborator Payload: "{\"RequestClass\":\"Rule-HTML-Section\",\"RequestAppliesTo\":\"Rule-Obj-ServiceLevel\",\"RequestRuleName\":\"pyCollaborator\"}" => HTTP 404 (113 bytes)
[PegaHttpClient] 📡 POST https://zdk8budo.pegaacademy.net/prweb/api/HRAppsV2Service/V1/rules/query?pxObjClass=Rule-HTML-Section&appliesTo=Rule-Obj-ServiceLevel&pyRuleName=pyCollaborator&RequestClass=Rule-HTML-Section&RequestAppliesTo=Rule-Obj-ServiceLevel&RequestRuleName=pyCollaborator Payload: "{\"RequestClass\":\"Rule-HTML-Section\",\"RequestAppliesTo\":\"Rule-Obj-ServiceLevel\",\"RequestRuleName\":\"pyCollaborator\"}" => HTTP 404 (18 bytes)
[PegaHttpClient] 📡 POST https://zdk8budo.pegaacademy.net/prweb/PRRestService/HRAppsV2Service/V1/rules/query?pxObjClass=Rule-HTML-Section&appliesTo=Rule-Obj-ServiceLevel&pyRuleName=pyCollaborator&RequestClass=Rule-HTML-Section&RequestAppliesTo=Rule-Obj-ServiceLevel&RequestRuleName=pyCollaborator Payload: "{\"RequestClass\":\"Rule-HTML-Section\",\"RequestAppliesTo\":\"Rule-Obj-ServiceLevel\",\"RequestRuleName\":\"pyCollaborator\"}" => HTTP 404 (18 bytes)
[PegaHttpClient] 📡 POST https://zdk8budo.pegaacademy.net/prweb/api/HRAppsV2/V1/rules/query?pxObjClass=Rule-HTML-Section&appliesTo=Rule-Obj-ServiceLevel&pyRuleName=pyCollaborator&RequestClass=Rule-HTML-Section&RequestAppliesTo=Rule-Obj-ServiceLevel&RequestRuleName=pyCollaborator Payload: "{\"RequestClass\":\"Rule-HTML-Section\",\"RequestAppliesTo\":\"Rule-Obj-ServiceLevel\",\"RequestRuleName\":\"pyCollaborator\"}" => HTTP 404 (18 bytes)
[PegaHttpClient] 📡 POST https://zdk8budo.pegaacademy.net/prweb/PRRestService/HRAppsV2/V1/rules/query?pxObjClass=Rule-HTML-Section&appliesTo=Rule-Obj-ServiceLevel&pyRuleName=pyCollaborator&RequestClass=Rule-HTML-Section&RequestAppliesTo=Rule-Obj-ServiceLevel&RequestRuleName=pyCollaborator Payload: "{\"RequestClass\":\"Rule-HTML-Section\",\"RequestAppliesTo\":\"Rule-Obj-ServiceLevel\",\"RequestRuleName\":\"pyCollaborator\"}" => HTTP 404 (18 bytes)
[PegaHttpClient] 📡 POST https://zdk8budo.pegaacademy.net/prweb/api/v1/rules/query?pxObjClass=Rule-HTML-Section&appliesTo=Rule-Obj-ServiceLevel&pyRuleName=pyCollaborator&RequestClass=Rule-HTML-Section&RequestAppliesTo=Rule-Obj-ServiceLevel&RequestRuleName=pyCollaborator Payload: "{\"RequestClass\":\"Rule-HTML-Section\",\"RequestAppliesTo\":\"Rule-Obj-ServiceLevel\",\"RequestRuleName\":\"pyCollaborator\"}" => HTTP 404 (18 bytes)
[PegaHttpClient] 📡 POST https://zdk8budo.pegaacademy.net/prweb/PRRestService/v1/rules/query?pxObjClass=Rule-HTML-Section&appliesTo=Rule-Obj-ServiceLevel&pyRuleName=pyCollaborator&RequestClass=Rule-HTML-Section&RequestAppliesTo=Rule-Obj-ServiceLevel&RequestRuleName=pyCollaborator Payload: "{\"RequestClass\":\"Rule-HTML-Section\",\"RequestAppliesTo\":\"Rule-Obj-ServiceLevel\",\"RequestRuleName\":\"pyCollaborator\"}" => HTTP 404 (18 bytes)
[PegaHttpClient] 📡 POST https://zdk8budo.pegaacademy.net/prweb/api/CodeIntelligence/v1/rules/query?pxObjClass=Rule-HTML-Section&appliesTo=Rule-Obj-ServiceLevel&pyRuleName=pzDisplayPartialCount&RequestClass=Rule-HTML-Section&RequestAppliesTo=Rule-Obj-ServiceLevel&RequestRuleName=pzDisplayPartialCount Payload: "{\"RequestClass\":\"Rule-HTML-Section\",\"RequestAppliesTo\":\"Rule-Obj-ServiceLevel\",\"RequestRuleName\":\"pzDisplayPartialCount\"}" => HTTP 404 (120 bytes)
[PegaHttpClient] 📡 POST https://zdk8budo.pegaacademy.net/prweb/PRRestService/CodeIntelligence/v1/rules/query?pxObjClass=Rule-HTML-Section&appliesTo=Rule-Obj-ServiceLevel&pyRuleName=pzDisplayPartialCount&RequestClass=Rule-HTML-Section&RequestAppliesTo=Rule-Obj-ServiceLevel&RequestRuleName=pzDisplayPartialCount Payload: "{\"RequestClass\":\"Rule-HTML-Section\",\"RequestAppliesTo\":\"Rule-Obj-ServiceLevel\",\"RequestRuleName\":\"pzDisplayPartialCount\"}" => HTTP 404 (120 bytes)
[PegaHttpClient] 📡 POST https://zdk8budo.pegaacademy.net/prweb/api/HRAppsV2Service/V1/rules/query?pxObjClass=Rule-HTML-Section&appliesTo=Rule-Obj-ServiceLevel&pyRuleName=pzDisplayPartialCount&RequestClass=Rule-HTML-Section&RequestAppliesTo=Rule-Obj-ServiceLevel&RequestRuleName=pzDisplayPartialCount Payload: "{\"RequestClass\":\"Rule-HTML-Section\",\"RequestAppliesTo\":\"Rule-Obj-ServiceLevel\",\"RequestRuleName\":\"pzDisplayPartialCount\"}" => HTTP 404 (18 bytes)
[PegaHttpClient] 📡 POST https://zdk8budo.pegaacademy.net/prweb/PRRestService/HRAppsV2Service/V1/rules/query?pxObjClass=Rule-HTML-Section&appliesTo=Rule-Obj-ServiceLevel&pyRuleName=pzDisplayPartialCount&RequestClass=Rule-HTML-Section&RequestAppliesTo=Rule-Obj-ServiceLevel&RequestRuleName=pzDisplayPartialCount Payload: "{\"RequestClass\":\"Rule-HTML-Section\",\"RequestAppliesTo\":\"Rule-Obj-ServiceLevel\",\"RequestRuleName\":\"pzDisplayPartialCount\"}" => HTTP 404 (18 bytes)
[PegaHttpClient] 📡 POST https://zdk8budo.pegaacademy.net/prweb/api/HRAppsV2/V1/rules/query?pxObjClass=Rule-HTML-Section&appliesTo=Rule-Obj-ServiceLevel&pyRuleName=pzDisplayPartialCount&RequestClass=Rule-HTML-Section&RequestAppliesTo=Rule-Obj-ServiceLevel&RequestRuleName=pzDisplayPartialCount Payload: "{\"RequestClass\":\"Rule-HTML-Section\",\"RequestAppliesTo\":\"Rule-Obj-ServiceLevel\",\"RequestRuleName\":\"pzDisplayPartialCount\"}" => HTTP 404 (18 bytes)
[PegaHttpClient] 📡 POST https://zdk8budo.pegaacademy.net/prweb/PRRestService/HRAppsV2/V1/rules/query?pxObjClass=Rule-HTML-Section&appliesTo=Rule-Obj-ServiceLevel&pyRuleName=pzDisplayPartialCount&RequestClass=Rule-HTML-Section&RequestAppliesTo=Rule-Obj-ServiceLevel&RequestRuleName=pzDisplayPartialCount Payload: "{\"RequestClass\":\"Rule-HTML-Section\",\"RequestAppliesTo\":\"Rule-Obj-ServiceLevel\",\"RequestRuleName\":\"pzDisplayPartialCount\"}" => HTTP 404 (18 bytes)
[PegaHttpClient] 📡 POST https://zdk8budo.pegaacademy.net/prweb/api/v1/rules/query?pxObjClass=Rule-HTML-Section&appliesTo=Rule-Obj-ServiceLevel&pyRuleName=pzDisplayPartialCount&RequestClass=Rule-HTML-Section&RequestAppliesTo=Rule-Obj-ServiceLevel&RequestRuleName=pzDisplayPartialCount Payload: "{\"RequestClass\":\"Rule-HTML-Section\",\"RequestAppliesTo\":\"Rule-Obj-ServiceLevel\",\"RequestRuleName\":\"pzDisplayPartialCount\"}" => HTTP 404 (18 bytes)
[PegaHttpClient] 📡 POST https://zdk8budo.pegaacademy.net/prweb/PRRestService/v1/rules/query?pxObjClass=Rule-HTML-Section&appliesTo=Rule-Obj-ServiceLevel&pyRuleName=pzDisplayPartialCount&RequestClass=Rule-HTML-Section&RequestAppliesTo=Rule-Obj-ServiceLevel&RequestRuleName=pzDisplayPartialCount Payload: "{\"RequestClass\":\"Rule-HTML-Section\",\"RequestAppliesTo\":\"Rule-Obj-ServiceLevel\",\"RequestRuleName\":\"pzDisplayPartialCount\"}" => HTTP 404 (18 bytes)
[SchemaGen] ✅ Schema written for Rule-Obj-ServiceLevel
[PegaHttpClient] 📡 GET https://zdk8budo.pegaacademy.net/prweb/api/CodeIntelligence/v1/rules/RULE-HTML-HARNESS%20RULE-OBJ-PROPERTY%20RULEFORM%20%2320180713T135125.138%20GMT => HTTP 200 (41779 bytes)
[PegaHttpClient] 📡 POST https://zdk8budo.pegaacademy.net/prweb/api/CodeIntelligence/v1/rules/query?pxObjClass=Rule-HTML-Section&appliesTo=Rule-Obj-Property&pyRuleName=RuleFormMain&RequestClass=Rule-HTML-Section&RequestAppliesTo=Rule-Obj-Property&RequestRuleName=RuleFormMain Payload: "{\"RequestClass\":\"Rule-HTML-Section\",\"RequestAppliesTo\":\"Rule-Obj-Property\",\"RequestRuleName\":\"RuleFormMain\"}" => HTTP 200 (156234 bytes)
[PegaHttpClient] 📡 POST https://zdk8budo.pegaacademy.net/prweb/api/CodeIntelligence/v1/rules/query?pxObjClass=Rule-HTML-Section&appliesTo=Rule-Obj-Property&pyRuleName=pxAlternateRuleForm&RequestClass=Rule-HTML-Section&RequestAppliesTo=Rule-Obj-Property&RequestRuleName=pxAlternateRuleForm Payload: "{\"RequestClass\":\"Rule-HTML-Section\",\"RequestAppliesTo\":\"Rule-Obj-Property\",\"RequestRuleName\":\"pxAlternateRuleForm\"}" => HTTP 200 (66153 bytes)
[PegaHttpClient] 📡 POST https://zdk8budo.pegaacademy.net/prweb/api/CodeIntelligence/v1/rules/query?pxObjClass=Rule-HTML-Section&appliesTo=Rule-Obj-Property&pyRuleName=pzRuleFormScripts&RequestClass=Rule-HTML-Section&RequestAppliesTo=Rule-Obj-Property&RequestRuleName=pzRuleFormScripts Payload: "{\"RequestClass\":\"Rule-HTML-Section\",\"RequestAppliesTo\":\"Rule-Obj-Property\",\"RequestRuleName\":\"pzRuleFormScripts\"}" => HTTP 200 (40822 bytes)
[PegaHttpClient] 📡 POST https://zdk8budo.pegaacademy.net/prweb/api/CodeIntelligence/v1/rules/query?pxObjClass=Rule-HTML-Section&appliesTo=Rule-Obj-Property&pyRuleName=pzRuleFormLayoutDelegated&RequestClass=Rule-HTML-Section&RequestAppliesTo=Rule-Obj-Property&RequestRuleName=pzRuleFormLayoutDelegated Payload: "{\"RequestClass\":\"Rule-HTML-Section\",\"RequestAppliesTo\":\"Rule-Obj-Property\",\"RequestRuleName\":\"pzRuleFormLayoutDelegated\"}" => HTTP 200 (70998 bytes)
[PegaHttpClient] 📡 POST https://zdk8budo.pegaacademy.net/prweb/api/CodeIntelligence/v1/rules/query?pxObjClass=Rule-HTML-Section&appliesTo=Rule-Obj-Property&pyRuleName=RuleFormLayout&RequestClass=Rule-HTML-Section&RequestAppliesTo=Rule-Obj-Property&RequestRuleName=RuleFormLayout Payload: "{\"RequestClass\":\"Rule-HTML-Section\",\"RequestAppliesTo\":\"Rule-Obj-Property\",\"RequestRuleName\":\"RuleFormLayout\"}" => HTTP 200 (96964 bytes)
[PegaHttpClient] 📡 POST https://zdk8budo.pegaacademy.net/prweb/api/CodeIntelligence/v1/rules/query?pxObjClass=Rule-HTML-Section&appliesTo=Rule-Obj-Property&pyRuleName=RuleFormSettings&RequestClass=Rule-HTML-Section&RequestAppliesTo=Rule-Obj-Property&RequestRuleName=RuleFormSettings Payload: "{\"RequestClass\":\"Rule-HTML-Section\",\"RequestAppliesTo\":\"Rule-Obj-Property\",\"RequestRuleName\":\"RuleFormSettings\"}" => HTTP 200 (15583 bytes)
[PegaHttpClient] 📡 POST https://zdk8budo.pegaacademy.net/prweb/api/CodeIntelligence/v1/rules/query?pxObjClass=Rule-HTML-Section&appliesTo=Rule-Obj-Property&pyRuleName=OpenAuthoring&RequestClass=Rule-HTML-Section&RequestAppliesTo=Rule-Obj-Property&RequestRuleName=OpenAuthoring Payload: "{\"RequestClass\":\"Rule-HTML-Section\",\"RequestAppliesTo\":\"Rule-Obj-Property\",\"RequestRuleName\":\"OpenAuthoring\"}" => HTTP 200 (23695 bytes)
[PegaHttpClient] 📡 POST https://zdk8budo.pegaacademy.net/prweb/api/CodeIntelligence/v1/rules/query?pxObjClass=Rule-HTML-Section&appliesTo=Rule-Obj-Property&pyRuleName=pyCustomHelp&RequestClass=Rule-HTML-Section&RequestAppliesTo=Rule-Obj-Property&RequestRuleName=pyCustomHelp Payload: "{\"RequestClass\":\"Rule-HTML-Section\",\"RequestAppliesTo\":\"Rule-Obj-Property\",\"RequestRuleName\":\"pyCustomHelp\"}" => HTTP 200 (17256 bytes)
[PegaHttpClient] 📡 POST https://zdk8budo.pegaacademy.net/prweb/api/CodeIntelligence/v1/rules/query?pxObjClass=Rule-HTML-Section&appliesTo=Rule-Obj-Property&pyRuleName=pzRuleformMainInclude&RequestClass=Rule-HTML-Section&RequestAppliesTo=Rule-Obj-Property&RequestRuleName=pzRuleformMainInclude Payload: "{\"RequestClass\":\"Rule-HTML-Section\",\"RequestAppliesTo\":\"Rule-Obj-Property\",\"RequestRuleName\":\"pzRuleformMainInclude\"}" => HTTP 200 (22375 bytes)
[PegaHttpClient] 📡 POST https://zdk8budo.pegaacademy.net/prweb/api/CodeIntelligence/v1/rules/query?pxObjClass=Rule-HTML-Section&appliesTo=Rule-Obj-Property&pyRuleName=pyAlternativeRuleFormStrategicAppExtension&RequestClass=Rule-HTML-Section&RequestAppliesTo=Rule-Obj-Property&RequestRuleName=pyAlternativeRuleFormStrategicAppExtension Payload: "{\"RequestClass\":\"Rule-HTML-Section\",\"RequestAppliesTo\":\"Rule-Obj-Property\",\"RequestRuleName\":\"pyAlternativeRuleFormStrategicAppExtension\"}" => HTTP 200 (25042 bytes)
[PegaHttpClient] 📡 POST https://zdk8budo.pegaacademy.net/prweb/api/CodeIntelligence/v1/rules/query?pxObjClass=Rule-HTML-Section&appliesTo=Rule-Obj-Property&pyRuleName=pyAlternativeRuleFormExtension&RequestClass=Rule-HTML-Section&RequestAppliesTo=Rule-Obj-Property&RequestRuleName=pyAlternativeRuleFormExtension Payload: "{\"RequestClass\":\"Rule-HTML-Section\",\"RequestAppliesTo\":\"Rule-Obj-Property\",\"RequestRuleName\":\"pyAlternativeRuleFormExtension\"}" => HTTP 200 (24863 bytes)
[PegaHttpClient] 📡 POST https://zdk8budo.pegaacademy.net/prweb/api/CodeIntelligence/v1/rules/query?pxObjClass=Rule-HTML-Section&appliesTo=Rule-Obj-Property&pyRuleName=RuleFormHeader&RequestClass=Rule-HTML-Section&RequestAppliesTo=Rule-Obj-Property&RequestRuleName=RuleFormHeader Payload: "{\"RequestClass\":\"Rule-HTML-Section\",\"RequestAppliesTo\":\"Rule-Obj-Property\",\"RequestRuleName\":\"RuleFormHeader\"}" => HTTP 200 (183800 bytes)
[PegaHttpClient] 📡 POST https://zdk8budo.pegaacademy.net/prweb/api/CodeIntelligence/v1/rules/query?pxObjClass=Rule-HTML-Section&appliesTo=Rule-Obj-Property&pyRuleName=pzDelegationExperience&RequestClass=Rule-HTML-Section&RequestAppliesTo=Rule-Obj-Property&RequestRuleName=pzDelegationExperience Payload: "{\"RequestClass\":\"Rule-HTML-Section\",\"RequestAppliesTo\":\"Rule-Obj-Property\",\"RequestRuleName\":\"pzDelegationExperience\"}" => HTTP 404 (117 bytes)
[PegaHttpClient] 📡 POST https://zdk8budo.pegaacademy.net/prweb/PRRestService/CodeIntelligence/v1/rules/query?pxObjClass=Rule-HTML-Section&appliesTo=Rule-Obj-Property&pyRuleName=pzDelegationExperience&RequestClass=Rule-HTML-Section&RequestAppliesTo=Rule-Obj-Property&RequestRuleName=pzDelegationExperience Payload: "{\"RequestClass\":\"Rule-HTML-Section\",\"RequestAppliesTo\":\"Rule-Obj-Property\",\"RequestRuleName\":\"pzDelegationExperience\"}" => HTTP 404 (117 bytes)
[PegaHttpClient] 📡 POST https://zdk8budo.pegaacademy.net/prweb/api/HRAppsV2Service/V1/rules/query?pxObjClass=Rule-HTML-Section&appliesTo=Rule-Obj-Property&pyRuleName=pzDelegationExperience&RequestClass=Rule-HTML-Section&RequestAppliesTo=Rule-Obj-Property&RequestRuleName=pzDelegationExperience Payload: "{\"RequestClass\":\"Rule-HTML-Section\",\"RequestAppliesTo\":\"Rule-Obj-Property\",\"RequestRuleName\":\"pzDelegationExperience\"}" => HTTP 404 (18 bytes)
[PegaHttpClient] 📡 POST https://zdk8budo.pegaacademy.net/prweb/PRRestService/HRAppsV2Service/V1/rules/query?pxObjClass=Rule-HTML-Section&appliesTo=Rule-Obj-Property&pyRuleName=pzDelegationExperience&RequestClass=Rule-HTML-Section&RequestAppliesTo=Rule-Obj-Property&RequestRuleName=pzDelegationExperience Payload: "{\"RequestClass\":\"Rule-HTML-Section\",\"RequestAppliesTo\":\"Rule-Obj-Property\",\"RequestRuleName\":\"pzDelegationExperience\"}" => HTTP 404 (18 bytes)
[PegaHttpClient] 📡 POST https://zdk8budo.pegaacademy.net/prweb/api/HRAppsV2/V1/rules/query?pxObjClass=Rule-HTML-Section&appliesTo=Rule-Obj-Property&pyRuleName=pzDelegationExperience&RequestClass=Rule-HTML-Section&RequestAppliesTo=Rule-Obj-Property&RequestRuleName=pzDelegationExperience Payload: "{\"RequestClass\":\"Rule-HTML-Section\",\"RequestAppliesTo\":\"Rule-Obj-Property\",\"RequestRuleName\":\"pzDelegationExperience\"}" => HTTP 404 (18 bytes)
[PegaHttpClient] 📡 POST https://zdk8budo.pegaacademy.net/prweb/PRRestService/HRAppsV2/V1/rules/query?pxObjClass=Rule-HTML-Section&appliesTo=Rule-Obj-Property&pyRuleName=pzDelegationExperience&RequestClass=Rule-HTML-Section&RequestAppliesTo=Rule-Obj-Property&RequestRuleName=pzDelegationExperience Payload: "{\"RequestClass\":\"Rule-HTML-Section\",\"RequestAppliesTo\":\"Rule-Obj-Property\",\"RequestRuleName\":\"pzDelegationExperience\"}" => HTTP 404 (18 bytes)
[PegaHttpClient] 📡 POST https://zdk8budo.pegaacademy.net/prweb/api/v1/rules/query?pxObjClass=Rule-HTML-Section&appliesTo=Rule-Obj-Property&pyRuleName=pzDelegationExperience&RequestClass=Rule-HTML-Section&RequestAppliesTo=Rule-Obj-Property&RequestRuleName=pzDelegationExperience Payload: "{\"RequestClass\":\"Rule-HTML-Section\",\"RequestAppliesTo\":\"Rule-Obj-Property\",\"RequestRuleName\":\"pzDelegationExperience\"}" => HTTP 404 (18 bytes)
[PegaHttpClient] 📡 POST https://zdk8budo.pegaacademy.net/prweb/PRRestService/v1/rules/query?pxObjClass=Rule-HTML-Section&appliesTo=Rule-Obj-Property&pyRuleName=pzDelegationExperience&RequestClass=Rule-HTML-Section&RequestAppliesTo=Rule-Obj-Property&RequestRuleName=pzDelegationExperience Payload: "{\"RequestClass\":\"Rule-HTML-Section\",\"RequestAppliesTo\":\"Rule-Obj-Property\",\"RequestRuleName\":\"pzDelegationExperience\"}" => HTTP 404 (18 bytes)
[PegaHttpClient] 📡 POST https://zdk8budo.pegaacademy.net/prweb/api/CodeIntelligence/v1/rules/query?pxObjClass=Rule-HTML-Section&appliesTo=Rule-Obj-Property&pyRuleName=pzGeneralWrapper&RequestClass=Rule-HTML-Section&RequestAppliesTo=Rule-Obj-Property&RequestRuleName=pzGeneralWrapper Payload: "{\"RequestClass\":\"Rule-HTML-Section\",\"RequestAppliesTo\":\"Rule-Obj-Property\",\"RequestRuleName\":\"pzGeneralWrapper\"}" => HTTP 200 (81544 bytes)
[PegaHttpClient] 📡 POST https://zdk8budo.pegaacademy.net/prweb/api/CodeIntelligence/v1/rules/query?pxObjClass=Rule-HTML-Section&appliesTo=Rule-Obj-Property&pyRuleName=pzPropertyAdvanced&RequestClass=Rule-HTML-Section&RequestAppliesTo=Rule-Obj-Property&RequestRuleName=pzPropertyAdvanced Payload: "{\"RequestClass\":\"Rule-HTML-Section\",\"RequestAppliesTo\":\"Rule-Obj-Property\",\"RequestRuleName\":\"pzPropertyAdvanced\"}" => HTTP 200 (291192 bytes)
[PegaHttpClient] 📡 POST https://zdk8budo.pegaacademy.net/prweb/api/CodeIntelligence/v1/rules/query?pxObjClass=Rule-HTML-Section&appliesTo=Rule-Obj-Property&pyRuleName=pzSpecifications&RequestClass=Rule-HTML-Section&RequestAppliesTo=Rule-Obj-Property&RequestRuleName=pzSpecifications Payload: "{\"RequestClass\":\"Rule-HTML-Section\",\"RequestAppliesTo\":\"Rule-Obj-Property\",\"RequestRuleName\":\"pzSpecifications\"}" => HTTP 200 (16577 bytes)
[PegaHttpClient] 📡 POST https://zdk8budo.pegaacademy.net/prweb/api/CodeIntelligence/v1/rules/query?pxObjClass=Rule-HTML-Section&appliesTo=Rule-Obj-Property&pyRuleName=RuleFormHistory&RequestClass=Rule-HTML-Section&RequestAppliesTo=Rule-Obj-Property&RequestRuleName=RuleFormHistory Payload: "{\"RequestClass\":\"Rule-HTML-Section\",\"RequestAppliesTo\":\"Rule-Obj-Property\",\"RequestRuleName\":\"RuleFormHistory\"}" => HTTP 200 (76091 bytes)
[PegaHttpClient] 📡 POST https://zdk8budo.pegaacademy.net/prweb/api/CodeIntelligence/v1/rules/query?pxObjClass=Rule-HTML-Section&appliesTo=Rule-Obj-Property&pyRuleName=pzCustomHelp&RequestClass=Rule-HTML-Section&RequestAppliesTo=Rule-Obj-Property&RequestRuleName=pzCustomHelp Payload: "{\"RequestClass\":\"Rule-HTML-Section\",\"RequestAppliesTo\":\"Rule-Obj-Property\",\"RequestRuleName\":\"pzCustomHelp\"}" => HTTP 200 (31573 bytes)
[PegaHttpClient] 📡 POST https://zdk8budo.pegaacademy.net/prweb/api/CodeIntelligence/v1/rules/query?pxObjClass=Rule-HTML-Section&appliesTo=Rule-Obj-Property&pyRuleName=pzRuleFormKeysAndDescription&RequestClass=Rule-HTML-Section&RequestAppliesTo=Rule-Obj-Property&RequestRuleName=pzRuleFormKeysAndDescription Payload: "{\"RequestClass\":\"Rule-HTML-Section\",\"RequestAppliesTo\":\"Rule-Obj-Property\",\"RequestRuleName\":\"pzRuleFormKeysAndDescription\"}" => HTTP 200 (218057 bytes)
[PegaHttpClient] 📡 POST https://zdk8budo.pegaacademy.net/prweb/api/CodeIntelligence/v1/rules/query?pxObjClass=Rule-HTML-Section&appliesTo=Rule-Obj-Property&pyRuleName=pzRuleFormRuleset&RequestClass=Rule-HTML-Section&RequestAppliesTo=Rule-Obj-Property&RequestRuleName=pzRuleFormRuleset Payload: "{\"RequestClass\":\"Rule-HTML-Section\",\"RequestAppliesTo\":\"Rule-Obj-Property\",\"RequestRuleName\":\"pzRuleFormRuleset\"}" => HTTP 200 (33985 bytes)
[PegaHttpClient] 📡 POST https://zdk8budo.pegaacademy.net/prweb/api/CodeIntelligence/v1/rules/query?pxObjClass=Rule-HTML-Section&appliesTo=Rule-Obj-Property&pyRuleName=undefined&RequestClass=Rule-HTML-Section&RequestAppliesTo=Rule-Obj-Property&RequestRuleName=undefined Payload: "{\"RequestClass\":\"Rule-HTML-Section\",\"RequestAppliesTo\":\"Rule-Obj-Property\",\"RequestRuleName\":\"undefined\"}" => HTTP 404 (104 bytes)
[PegaHttpClient] 📡 POST https://zdk8budo.pegaacademy.net/prweb/PRRestService/CodeIntelligence/v1/rules/query?pxObjClass=Rule-HTML-Section&appliesTo=Rule-Obj-Property&pyRuleName=undefined&RequestClass=Rule-HTML-Section&RequestAppliesTo=Rule-Obj-Property&RequestRuleName=undefined Payload: "{\"RequestClass\":\"Rule-HTML-Section\",\"RequestAppliesTo\":\"Rule-Obj-Property\",\"RequestRuleName\":\"undefined\"}" => HTTP 404 (104 bytes)
[PegaHttpClient] 📡 POST https://zdk8budo.pegaacademy.net/prweb/api/HRAppsV2Service/V1/rules/query?pxObjClass=Rule-HTML-Section&appliesTo=Rule-Obj-Property&pyRuleName=undefined&RequestClass=Rule-HTML-Section&RequestAppliesTo=Rule-Obj-Property&RequestRuleName=undefined Payload: "{\"RequestClass\":\"Rule-HTML-Section\",\"RequestAppliesTo\":\"Rule-Obj-Property\",\"RequestRuleName\":\"undefined\"}" => HTTP 404 (18 bytes)
[PegaHttpClient] 📡 POST https://zdk8budo.pegaacademy.net/prweb/PRRestService/HRAppsV2Service/V1/rules/query?pxObjClass=Rule-HTML-Section&appliesTo=Rule-Obj-Property&pyRuleName=undefined&RequestClass=Rule-HTML-Section&RequestAppliesTo=Rule-Obj-Property&RequestRuleName=undefined Payload: "{\"RequestClass\":\"Rule-HTML-Section\",\"RequestAppliesTo\":\"Rule-Obj-Property\",\"RequestRuleName\":\"undefined\"}" => HTTP 404 (18 bytes)
[PegaHttpClient] 📡 POST https://zdk8budo.pegaacademy.net/prweb/api/HRAppsV2/V1/rules/query?pxObjClass=Rule-HTML-Section&appliesTo=Rule-Obj-Property&pyRuleName=undefined&RequestClass=Rule-HTML-Section&RequestAppliesTo=Rule-Obj-Property&RequestRuleName=undefined Payload: "{\"RequestClass\":\"Rule-HTML-Section\",\"RequestAppliesTo\":\"Rule-Obj-Property\",\"RequestRuleName\":\"undefined\"}" => HTTP 404 (18 bytes)
[PegaHttpClient] 📡 POST https://zdk8budo.pegaacademy.net/prweb/PRRestService/HRAppsV2/V1/rules/query?pxObjClass=Rule-HTML-Section&appliesTo=Rule-Obj-Property&pyRuleName=undefined&RequestClass=Rule-HTML-Section&RequestAppliesTo=Rule-Obj-Property&RequestRuleName=undefined Payload: "{\"RequestClass\":\"Rule-HTML-Section\",\"RequestAppliesTo\":\"Rule-Obj-Property\",\"RequestRuleName\":\"undefined\"}" => HTTP 404 (18 bytes)
[PegaHttpClient] 📡 POST https://zdk8budo.pegaacademy.net/prweb/api/v1/rules/query?pxObjClass=Rule-HTML-Section&appliesTo=Rule-Obj-Property&pyRuleName=undefined&RequestClass=Rule-HTML-Section&RequestAppliesTo=Rule-Obj-Property&RequestRuleName=undefined Payload: "{\"RequestClass\":\"Rule-HTML-Section\",\"RequestAppliesTo\":\"Rule-Obj-Property\",\"RequestRuleName\":\"undefined\"}" => HTTP 404 (18 bytes)
[PegaHttpClient] 📡 POST https://zdk8budo.pegaacademy.net/prweb/PRRestService/v1/rules/query?pxObjClass=Rule-HTML-Section&appliesTo=Rule-Obj-Property&pyRuleName=undefined&RequestClass=Rule-HTML-Section&RequestAppliesTo=Rule-Obj-Property&RequestRuleName=undefined Payload: "{\"RequestClass\":\"Rule-HTML-Section\",\"RequestAppliesTo\":\"Rule-Obj-Property\",\"RequestRuleName\":\"undefined\"}" => HTTP 404 (18 bytes)
[PegaHttpClient] 📡 POST https://zdk8budo.pegaacademy.net/prweb/api/CodeIntelligence/v1/rules/query?pxObjClass=Rule-HTML-Section&appliesTo=Rule-Obj-Property&pyRuleName=pzRuleFormToolbar&RequestClass=Rule-HTML-Section&RequestAppliesTo=Rule-Obj-Property&RequestRuleName=pzRuleFormToolbar Payload: "{\"RequestClass\":\"Rule-HTML-Section\",\"RequestAppliesTo\":\"Rule-Obj-Property\",\"RequestRuleName\":\"pzRuleFormToolbar\"}" => HTTP 200 (242691 bytes)
[PegaHttpClient] 📡 POST https://zdk8budo.pegaacademy.net/prweb/api/CodeIntelligence/v1/rules/query?pxObjClass=Rule-HTML-Section&appliesTo=Rule-Obj-Property&pyRuleName=pzRuleFormToolbarCompare&RequestClass=Rule-HTML-Section&RequestAppliesTo=Rule-Obj-Property&RequestRuleName=pzRuleFormToolbarCompare Payload: "{\"RequestClass\":\"Rule-HTML-Section\",\"RequestAppliesTo\":\"Rule-Obj-Property\",\"RequestRuleName\":\"pzRuleFormToolbarCompare\"}" => HTTP 200 (61925 bytes)
[PegaHttpClient] 📡 POST https://zdk8budo.pegaacademy.net/prweb/api/CodeIntelligence/v1/rules/query?pxObjClass=Rule-HTML-Section&appliesTo=Rule-Obj-Property&pyRuleName=RuleFormHeaderMessages&RequestClass=Rule-HTML-Section&RequestAppliesTo=Rule-Obj-Property&RequestRuleName=RuleFormHeaderMessages Payload: "{\"RequestClass\":\"Rule-HTML-Section\",\"RequestAppliesTo\":\"Rule-Obj-Property\",\"RequestRuleName\":\"RuleFormHeaderMessages\"}" => HTTP 200 (26518 bytes)
[PegaHttpClient] 📡 POST https://zdk8budo.pegaacademy.net/prweb/api/CodeIntelligence/v1/rules/query?pxObjClass=Rule-HTML-Section&appliesTo=Rule-Obj-Property&pyRuleName=General&RequestClass=Rule-HTML-Section&RequestAppliesTo=Rule-Obj-Property&RequestRuleName=General Payload: "{\"RequestClass\":\"Rule-HTML-Section\",\"RequestAppliesTo\":\"Rule-Obj-Property\",\"RequestRuleName\":\"General\"}" => HTTP 200 (82234 bytes)
[PegaHttpClient] 📡 POST https://zdk8budo.pegaacademy.net/prweb/api/CodeIntelligence/v1/rules/query?pxObjClass=Rule-HTML-Section&appliesTo=Rule-Obj-Property&pyRuleName=pzConfigureField&RequestClass=Rule-HTML-Section&RequestAppliesTo=Rule-Obj-Property&RequestRuleName=pzConfigureField Payload: "{\"RequestClass\":\"Rule-HTML-Section\",\"RequestAppliesTo\":\"Rule-Obj-Property\",\"RequestRuleName\":\"pzConfigureField\"}" => HTTP 404 (111 bytes)
[PegaHttpClient] 📡 POST https://zdk8budo.pegaacademy.net/prweb/PRRestService/CodeIntelligence/v1/rules/query?pxObjClass=Rule-HTML-Section&appliesTo=Rule-Obj-Property&pyRuleName=pzConfigureField&RequestClass=Rule-HTML-Section&RequestAppliesTo=Rule-Obj-Property&RequestRuleName=pzConfigureField Payload: "{\"RequestClass\":\"Rule-HTML-Section\",\"RequestAppliesTo\":\"Rule-Obj-Property\",\"RequestRuleName\":\"pzConfigureField\"}" => HTTP 404 (111 bytes)
[PegaHttpClient] 📡 POST https://zdk8budo.pegaacademy.net/prweb/api/HRAppsV2Service/V1/rules/query?pxObjClass=Rule-HTML-Section&appliesTo=Rule-Obj-Property&pyRuleName=pzConfigureField&RequestClass=Rule-HTML-Section&RequestAppliesTo=Rule-Obj-Property&RequestRuleName=pzConfigureField Payload: "{\"RequestClass\":\"Rule-HTML-Section\",\"RequestAppliesTo\":\"Rule-Obj-Property\",\"RequestRuleName\":\"pzConfigureField\"}" => HTTP 404 (18 bytes)
[PegaHttpClient] 📡 POST https://zdk8budo.pegaacademy.net/prweb/PRRestService/HRAppsV2Service/V1/rules/query?pxObjClass=Rule-HTML-Section&appliesTo=Rule-Obj-Property&pyRuleName=pzConfigureField&RequestClass=Rule-HTML-Section&RequestAppliesTo=Rule-Obj-Property&RequestRuleName=pzConfigureField Payload: "{\"RequestClass\":\"Rule-HTML-Section\",\"RequestAppliesTo\":\"Rule-Obj-Property\",\"RequestRuleName\":\"pzConfigureField\"}" => HTTP 404 (18 bytes)
[PegaHttpClient] 📡 POST https://zdk8budo.pegaacademy.net/prweb/api/HRAppsV2/V1/rules/query?pxObjClass=Rule-HTML-Section&appliesTo=Rule-Obj-Property&pyRuleName=pzConfigureField&RequestClass=Rule-HTML-Section&RequestAppliesTo=Rule-Obj-Property&RequestRuleName=pzConfigureField Payload: "{\"RequestClass\":\"Rule-HTML-Section\",\"RequestAppliesTo\":\"Rule-Obj-Property\",\"RequestRuleName\":\"pzConfigureField\"}" => HTTP 404 (18 bytes)
[PegaHttpClient] 📡 POST https://zdk8budo.pegaacademy.net/prweb/PRRestService/HRAppsV2/V1/rules/query?pxObjClass=Rule-HTML-Section&appliesTo=Rule-Obj-Property&pyRuleName=pzConfigureField&RequestClass=Rule-HTML-Section&RequestAppliesTo=Rule-Obj-Property&RequestRuleName=pzConfigureField Payload: "{\"RequestClass\":\"Rule-HTML-Section\",\"RequestAppliesTo\":\"Rule-Obj-Property\",\"RequestRuleName\":\"pzConfigureField\"}" => HTTP 404 (18 bytes)
[PegaHttpClient] 📡 POST https://zdk8budo.pegaacademy.net/prweb/api/v1/rules/query?pxObjClass=Rule-HTML-Section&appliesTo=Rule-Obj-Property&pyRuleName=pzConfigureField&RequestClass=Rule-HTML-Section&RequestAppliesTo=Rule-Obj-Property&RequestRuleName=pzConfigureField Payload: "{\"RequestClass\":\"Rule-HTML-Section\",\"RequestAppliesTo\":\"Rule-Obj-Property\",\"RequestRuleName\":\"pzConfigureField\"}" => HTTP 404 (18 bytes)
[PegaHttpClient] 📡 POST https://zdk8budo.pegaacademy.net/prweb/PRRestService/v1/rules/query?pxObjClass=Rule-HTML-Section&appliesTo=Rule-Obj-Property&pyRuleName=pzConfigureField&RequestClass=Rule-HTML-Section&RequestAppliesTo=Rule-Obj-Property&RequestRuleName=pzConfigureField Payload: "{\"RequestClass\":\"Rule-HTML-Section\",\"RequestAppliesTo\":\"Rule-Obj-Property\",\"RequestRuleName\":\"pzConfigureField\"}" => HTTP 404 (18 bytes)
[PegaHttpClient] 📡 POST https://zdk8budo.pegaacademy.net/prweb/api/CodeIntelligence/v1/rules/query?pxObjClass=Rule-HTML-Section&appliesTo=Rule-Obj-Property&pyRuleName=pyGetOptimizedForList&RequestClass=Rule-HTML-Section&RequestAppliesTo=Rule-Obj-Property&RequestRuleName=pyGetOptimizedForList Payload: "{\"RequestClass\":\"Rule-HTML-Section\",\"RequestAppliesTo\":\"Rule-Obj-Property\",\"RequestRuleName\":\"pyGetOptimizedForList\"}" => HTTP 200 (33924 bytes)
[PegaHttpClient] 📡 POST https://zdk8budo.pegaacademy.net/prweb/api/CodeIntelligence/v1/rules/query?pxObjClass=Rule-HTML-Section&appliesTo=Rule-Obj-Property&pyRuleName=pzSpecificationsInner&RequestClass=Rule-HTML-Section&RequestAppliesTo=Rule-Obj-Property&RequestRuleName=pzSpecificationsInner Payload: "{\"RequestClass\":\"Rule-HTML-Section\",\"RequestAppliesTo\":\"Rule-Obj-Property\",\"RequestRuleName\":\"pzSpecificationsInner\"}" => HTTP 200 (142370 bytes)
[PegaHttpClient] 📡 POST https://zdk8budo.pegaacademy.net/prweb/api/CodeIntelligence/v1/rules/query?pxObjClass=Rule-HTML-Section&appliesTo=Rule-Obj-Property&pyRuleName=pzAlternateRuleInfo&RequestClass=Rule-HTML-Section&RequestAppliesTo=Rule-Obj-Property&RequestRuleName=pzAlternateRuleInfo Payload: "{\"RequestClass\":\"Rule-HTML-Section\",\"RequestAppliesTo\":\"Rule-Obj-Property\",\"RequestRuleName\":\"pzAlternateRuleInfo\"}" => HTTP 200 (140407 bytes)
[PegaHttpClient] 📡 POST https://zdk8budo.pegaacademy.net/prweb/api/CodeIntelligence/v1/rules/query?pxObjClass=Rule-HTML-Section&appliesTo=Rule-Obj-Property&pyRuleName=RuleFormHistory_Description&RequestClass=Rule-HTML-Section&RequestAppliesTo=Rule-Obj-Property&RequestRuleName=RuleFormHistory_Description Payload: "{\"RequestClass\":\"Rule-HTML-Section\",\"RequestAppliesTo\":\"Rule-Obj-Property\",\"RequestRuleName\":\"RuleFormHistory_Description\"}" => HTTP 200 (46242 bytes)
[PegaHttpClient] 📡 POST https://zdk8budo.pegaacademy.net/prweb/api/CodeIntelligence/v1/rules/query?pxObjClass=Rule-HTML-Section&appliesTo=Rule-Obj-Property&pyRuleName=RuleFormHistory_CustomFields&RequestClass=Rule-HTML-Section&RequestAppliesTo=Rule-Obj-Property&RequestRuleName=RuleFormHistory_CustomFields Payload: "{\"RequestClass\":\"Rule-HTML-Section\",\"RequestAppliesTo\":\"Rule-Obj-Property\",\"RequestRuleName\":\"RuleFormHistory_CustomFields\"}" => HTTP 200 (75856 bytes)
[PegaHttpClient] 📡 POST https://zdk8budo.pegaacademy.net/prweb/api/CodeIntelligence/v1/rules/query?pxObjClass=Rule-HTML-Section&appliesTo=Rule-Obj-Property&pyRuleName=RuleFormHistory_HistoryDetails&RequestClass=Rule-HTML-Section&RequestAppliesTo=Rule-Obj-Property&RequestRuleName=RuleFormHistory_HistoryDetails Payload: "{\"RequestClass\":\"Rule-HTML-Section\",\"RequestAppliesTo\":\"Rule-Obj-Property\",\"RequestRuleName\":\"RuleFormHistory_HistoryDetails\"}" => HTTP 200 (179535 bytes)
[PegaHttpClient] 📡 POST https://zdk8budo.pegaacademy.net/prweb/api/CodeIntelligence/v1/rules/query?pxObjClass=Rule-HTML-Section&appliesTo=Rule-Obj-Property&pyRuleName=pzRuleFormStatus&RequestClass=Rule-HTML-Section&RequestAppliesTo=Rule-Obj-Property&RequestRuleName=pzRuleFormStatus Payload: "{\"RequestClass\":\"Rule-HTML-Section\",\"RequestAppliesTo\":\"Rule-Obj-Property\",\"RequestRuleName\":\"pzRuleFormStatus\"}" => HTTP 200 (97627 bytes)
[PegaHttpClient] 📡 POST https://zdk8budo.pegaacademy.net/prweb/api/CodeIntelligence/v1/rules/query?pxObjClass=Rule-HTML-Section&appliesTo=Rule-Obj-Property&pyRuleName=pzRuleFormHeaderCompareWithDropDown&RequestClass=Rule-HTML-Section&RequestAppliesTo=Rule-Obj-Property&RequestRuleName=pzRuleFormHeaderCompareWithDropDown Payload: "{\"RequestClass\":\"Rule-HTML-Section\",\"RequestAppliesTo\":\"Rule-Obj-Property\",\"RequestRuleName\":\"pzRuleFormHeaderCompareWithDropDown\"}" => HTTP 200 (25396 bytes)
[PegaHttpClient] 📡 POST https://zdk8budo.pegaacademy.net/prweb/api/CodeIntelligence/v1/rules/query?pxObjClass=Rule-HTML-Section&appliesTo=Rule-Obj-Property&pyRuleName=undefined&RequestClass=Rule-HTML-Section&RequestAppliesTo=Rule-Obj-Property&RequestRuleName=undefined Payload: "{\"RequestClass\":\"Rule-HTML-Section\",\"RequestAppliesTo\":\"Rule-Obj-Property\",\"RequestRuleName\":\"undefined\"}" => HTTP 404 (104 bytes)
[PegaHttpClient] 📡 POST https://zdk8budo.pegaacademy.net/prweb/PRRestService/CodeIntelligence/v1/rules/query?pxObjClass=Rule-HTML-Section&appliesTo=Rule-Obj-Property&pyRuleName=undefined&RequestClass=Rule-HTML-Section&RequestAppliesTo=Rule-Obj-Property&RequestRuleName=undefined Payload: "{\"RequestClass\":\"Rule-HTML-Section\",\"RequestAppliesTo\":\"Rule-Obj-Property\",\"RequestRuleName\":\"undefined\"}" => HTTP 404 (104 bytes)
[PegaHttpClient] 📡 POST https://zdk8budo.pegaacademy.net/prweb/api/HRAppsV2Service/V1/rules/query?pxObjClass=Rule-HTML-Section&appliesTo=Rule-Obj-Property&pyRuleName=undefined&RequestClass=Rule-HTML-Section&RequestAppliesTo=Rule-Obj-Property&RequestRuleName=undefined Payload: "{\"RequestClass\":\"Rule-HTML-Section\",\"RequestAppliesTo\":\"Rule-Obj-Property\",\"RequestRuleName\":\"undefined\"}" => HTTP 404 (18 bytes)
[PegaHttpClient] 📡 POST https://zdk8budo.pegaacademy.net/prweb/PRRestService/HRAppsV2Service/V1/rules/query?pxObjClass=Rule-HTML-Section&appliesTo=Rule-Obj-Property&pyRuleName=undefined&RequestClass=Rule-HTML-Section&RequestAppliesTo=Rule-Obj-Property&RequestRuleName=undefined Payload: "{\"RequestClass\":\"Rule-HTML-Section\",\"RequestAppliesTo\":\"Rule-Obj-Property\",\"RequestRuleName\":\"undefined\"}" => HTTP 404 (18 bytes)
[PegaHttpClient] 📡 POST https://zdk8budo.pegaacademy.net/prweb/api/HRAppsV2/V1/rules/query?pxObjClass=Rule-HTML-Section&appliesTo=Rule-Obj-Property&pyRuleName=undefined&RequestClass=Rule-HTML-Section&RequestAppliesTo=Rule-Obj-Property&RequestRuleName=undefined Payload: "{\"RequestClass\":\"Rule-HTML-Section\",\"RequestAppliesTo\":\"Rule-Obj-Property\",\"RequestRuleName\":\"undefined\"}" => HTTP 404 (18 bytes)
[PegaHttpClient] 📡 POST https://zdk8budo.pegaacademy.net/prweb/PRRestService/HRAppsV2/V1/rules/query?pxObjClass=Rule-HTML-Section&appliesTo=Rule-Obj-Property&pyRuleName=undefined&RequestClass=Rule-HTML-Section&RequestAppliesTo=Rule-Obj-Property&RequestRuleName=undefined Payload: "{\"RequestClass\":\"Rule-HTML-Section\",\"RequestAppliesTo\":\"Rule-Obj-Property\",\"RequestRuleName\":\"undefined\"}" => HTTP 404 (18 bytes)
[PegaHttpClient] 📡 POST https://zdk8budo.pegaacademy.net/prweb/api/v1/rules/query?pxObjClass=Rule-HTML-Section&appliesTo=Rule-Obj-Property&pyRuleName=undefined&RequestClass=Rule-HTML-Section&RequestAppliesTo=Rule-Obj-Property&RequestRuleName=undefined Payload: "{\"RequestClass\":\"Rule-HTML-Section\",\"RequestAppliesTo\":\"Rule-Obj-Property\",\"RequestRuleName\":\"undefined\"}" => HTTP 404 (18 bytes)
[PegaHttpClient] 📡 POST https://zdk8budo.pegaacademy.net/prweb/PRRestService/v1/rules/query?pxObjClass=Rule-HTML-Section&appliesTo=Rule-Obj-Property&pyRuleName=undefined&RequestClass=Rule-HTML-Section&RequestAppliesTo=Rule-Obj-Property&RequestRuleName=undefined Payload: "{\"RequestClass\":\"Rule-HTML-Section\",\"RequestAppliesTo\":\"Rule-Obj-Property\",\"RequestRuleName\":\"undefined\"}" => HTTP 404 (18 bytes)
[PegaHttpClient] 📡 POST https://zdk8budo.pegaacademy.net/prweb/api/CodeIntelligence/v1/rules/query?pxObjClass=Rule-HTML-Section&appliesTo=Rule-Obj-Property&pyRuleName=pzRuleFormToolbarHotKeys&RequestClass=Rule-HTML-Section&RequestAppliesTo=Rule-Obj-Property&RequestRuleName=pzRuleFormToolbarHotKeys Payload: "{\"RequestClass\":\"Rule-HTML-Section\",\"RequestAppliesTo\":\"Rule-Obj-Property\",\"RequestRuleName\":\"pzRuleFormToolbarHotKeys\"}" => HTTP 200 (85058 bytes)
[PegaHttpClient] 📡 POST https://zdk8budo.pegaacademy.net/prweb/api/CodeIntelligence/v1/rules/query?pxObjClass=Rule-HTML-Section&appliesTo=Rule-Obj-Property&pyRuleName=pzRuleFormToolbarLockedIcon&RequestClass=Rule-HTML-Section&RequestAppliesTo=Rule-Obj-Property&RequestRuleName=pzRuleFormToolbarLockedIcon Payload: "{\"RequestClass\":\"Rule-HTML-Section\",\"RequestAppliesTo\":\"Rule-Obj-Property\",\"RequestRuleName\":\"pzRuleFormToolbarLockedIcon\"}" => HTTP 200 (24898 bytes)
[PegaHttpClient] 📡 POST https://zdk8budo.pegaacademy.net/prweb/api/CodeIntelligence/v1/rules/query?pxObjClass=Rule-HTML-Section&appliesTo=Rule-Obj-Property&pyRuleName=pzRuleFormToolbarCollaborators&RequestClass=Rule-HTML-Section&RequestAppliesTo=Rule-Obj-Property&RequestRuleName=pzRuleFormToolbarCollaborators Payload: "{\"RequestClass\":\"Rule-HTML-Section\",\"RequestAppliesTo\":\"Rule-Obj-Property\",\"RequestRuleName\":\"pzRuleFormToolbarCollaborators\"}" => HTTP 200 (15254 bytes)
[PegaHttpClient] 📡 POST https://zdk8budo.pegaacademy.net/prweb/api/CodeIntelligence/v1/rules/query?pxObjClass=Rule-HTML-Section&appliesTo=Rule-Obj-Property&pyRuleName=pzRuleFormToolbarSaveAs&RequestClass=Rule-HTML-Section&RequestAppliesTo=Rule-Obj-Property&RequestRuleName=pzRuleFormToolbarSaveAs Payload: "{\"RequestClass\":\"Rule-HTML-Section\",\"RequestAppliesTo\":\"Rule-Obj-Property\",\"RequestRuleName\":\"pzRuleFormToolbarSaveAs\"}" => HTTP 200 (64084 bytes)
[PegaHttpClient] 📡 POST https://zdk8budo.pegaacademy.net/prweb/api/CodeIntelligence/v1/rules/query?pxObjClass=Rule-HTML-Section&appliesTo=Rule-Obj-Property&pyRuleName=pzRuleFormToolbarCheckin&RequestClass=Rule-HTML-Section&RequestAppliesTo=Rule-Obj-Property&RequestRuleName=pzRuleFormToolbarCheckin Payload: "{\"RequestClass\":\"Rule-HTML-Section\",\"RequestAppliesTo\":\"Rule-Obj-Property\",\"RequestRuleName\":\"pzRuleFormToolbarCheckin\"}" => HTTP 200 (119096 bytes)
[PegaHttpClient] 📡 POST https://zdk8budo.pegaacademy.net/prweb/api/CodeIntelligence/v1/rules/query?pxObjClass=Rule-HTML-Section&appliesTo=Rule-Obj-Property&pyRuleName=pzRuleFormToolbarDelete&RequestClass=Rule-HTML-Section&RequestAppliesTo=Rule-Obj-Property&RequestRuleName=pzRuleFormToolbarDelete Payload: "{\"RequestClass\":\"Rule-HTML-Section\",\"RequestAppliesTo\":\"Rule-Obj-Property\",\"RequestRuleName\":\"pzRuleFormToolbarDelete\"}" => HTTP 200 (30249 bytes)
[PegaHttpClient] 📡 POST https://zdk8budo.pegaacademy.net/prweb/api/CodeIntelligence/v1/rules/query?pxObjClass=Rule-HTML-Section&appliesTo=Rule-Obj-Property&pyRuleName=pzRuleFormToolbarSave&RequestClass=Rule-HTML-Section&RequestAppliesTo=Rule-Obj-Property&RequestRuleName=pzRuleFormToolbarSave Payload: "{\"RequestClass\":\"Rule-HTML-Section\",\"RequestAppliesTo\":\"Rule-Obj-Property\",\"RequestRuleName\":\"pzRuleFormToolbarSave\"}" => HTTP 200 (293885 bytes)
[PegaHttpClient] 📡 POST https://zdk8budo.pegaacademy.net/prweb/api/CodeIntelligence/v1/rules/query?pxObjClass=Rule-HTML-Section&appliesTo=Rule-Obj-Property&pyRuleName=pzRuleFormToolbarCheckout&RequestClass=Rule-HTML-Section&RequestAppliesTo=Rule-Obj-Property&RequestRuleName=pzRuleFormToolbarCheckout Payload: "{\"RequestClass\":\"Rule-HTML-Section\",\"RequestAppliesTo\":\"Rule-Obj-Property\",\"RequestRuleName\":\"pzRuleFormToolbarCheckout\"}" => HTTP 200 (238148 bytes)
[PegaHttpClient] 📡 POST https://zdk8budo.pegaacademy.net/prweb/api/CodeIntelligence/v1/rules/query?pxObjClass=Rule-HTML-Section&appliesTo=Rule-Obj-Property&pyRuleName=pzRemoveErrorsDataPage&RequestClass=Rule-HTML-Section&RequestAppliesTo=Rule-Obj-Property&RequestRuleName=pzRemoveErrorsDataPage Payload: "{\"RequestClass\":\"Rule-HTML-Section\",\"RequestAppliesTo\":\"Rule-Obj-Property\",\"RequestRuleName\":\"pzRemoveErrorsDataPage\"}" => HTTP 200 (16733 bytes)
[PegaHttpClient] 📡 POST https://zdk8budo.pegaacademy.net/prweb/api/CodeIntelligence/v1/rules/query?pxObjClass=Rule-HTML-Section&appliesTo=Rule-Obj-Property&pyRuleName=pzRuleFormHeaderMessagesWrapper&RequestClass=Rule-HTML-Section&RequestAppliesTo=Rule-Obj-Property&RequestRuleName=pzRuleFormHeaderMessagesWrapper Payload: "{\"RequestClass\":\"Rule-HTML-Section\",\"RequestAppliesTo\":\"Rule-Obj-Property\",\"RequestRuleName\":\"pzRuleFormHeaderMessagesWrapper\"}" => HTTP 200 (16981 bytes)
[PegaHttpClient] 📡 POST https://zdk8budo.pegaacademy.net/prweb/api/CodeIntelligence/v1/rules/query?pxObjClass=Rule-HTML-Section&appliesTo=Rule-Obj-Property&pyRuleName=pzPropertyMode&RequestClass=Rule-HTML-Section&RequestAppliesTo=Rule-Obj-Property&RequestRuleName=pzPropertyMode Payload: "{\"RequestClass\":\"Rule-HTML-Section\",\"RequestAppliesTo\":\"Rule-Obj-Property\",\"RequestRuleName\":\"pzPropertyMode\"}" => HTTP 200 (70502 bytes)
[PegaHttpClient] 📡 POST https://zdk8budo.pegaacademy.net/prweb/api/CodeIntelligence/v1/rules/query?pxObjClass=Rule-HTML-Section&appliesTo=Rule-Obj-Property&pyRuleName=pzPropertyBehaviour&RequestClass=Rule-HTML-Section&RequestAppliesTo=Rule-Obj-Property&RequestRuleName=pzPropertyBehaviour Payload: "{\"RequestClass\":\"Rule-HTML-Section\",\"RequestAppliesTo\":\"Rule-Obj-Property\",\"RequestRuleName\":\"pzPropertyBehaviour\"}" => HTTP 404 (114 bytes)
[PegaHttpClient] 📡 POST https://zdk8budo.pegaacademy.net/prweb/PRRestService/CodeIntelligence/v1/rules/query?pxObjClass=Rule-HTML-Section&appliesTo=Rule-Obj-Property&pyRuleName=pzPropertyBehaviour&RequestClass=Rule-HTML-Section&RequestAppliesTo=Rule-Obj-Property&RequestRuleName=pzPropertyBehaviour Payload: "{\"RequestClass\":\"Rule-HTML-Section\",\"RequestAppliesTo\":\"Rule-Obj-Property\",\"RequestRuleName\":\"pzPropertyBehaviour\"}" => HTTP 404 (114 bytes)
[PegaHttpClient] 📡 POST https://zdk8budo.pegaacademy.net/prweb/api/HRAppsV2Service/V1/rules/query?pxObjClass=Rule-HTML-Section&appliesTo=Rule-Obj-Property&pyRuleName=pzPropertyBehaviour&RequestClass=Rule-HTML-Section&RequestAppliesTo=Rule-Obj-Property&RequestRuleName=pzPropertyBehaviour Payload: "{\"RequestClass\":\"Rule-HTML-Section\",\"RequestAppliesTo\":\"Rule-Obj-Property\",\"RequestRuleName\":\"pzPropertyBehaviour\"}" => HTTP 404 (18 bytes)
[PegaHttpClient] 📡 POST https://zdk8budo.pegaacademy.net/prweb/PRRestService/HRAppsV2Service/V1/rules/query?pxObjClass=Rule-HTML-Section&appliesTo=Rule-Obj-Property&pyRuleName=pzPropertyBehaviour&RequestClass=Rule-HTML-Section&RequestAppliesTo=Rule-Obj-Property&RequestRuleName=pzPropertyBehaviour Payload: "{\"RequestClass\":\"Rule-HTML-Section\",\"RequestAppliesTo\":\"Rule-Obj-Property\",\"RequestRuleName\":\"pzPropertyBehaviour\"}" => HTTP 404 (18 bytes)
[PegaHttpClient] 📡 POST https://zdk8budo.pegaacademy.net/prweb/api/HRAppsV2/V1/rules/query?pxObjClass=Rule-HTML-Section&appliesTo=Rule-Obj-Property&pyRuleName=pzPropertyBehaviour&RequestClass=Rule-HTML-Section&RequestAppliesTo=Rule-Obj-Property&RequestRuleName=pzPropertyBehaviour Payload: "{\"RequestClass\":\"Rule-HTML-Section\",\"RequestAppliesTo\":\"Rule-Obj-Property\",\"RequestRuleName\":\"pzPropertyBehaviour\"}" => HTTP 404 (18 bytes)
[PegaHttpClient] 📡 POST https://zdk8budo.pegaacademy.net/prweb/PRRestService/HRAppsV2/V1/rules/query?pxObjClass=Rule-HTML-Section&appliesTo=Rule-Obj-Property&pyRuleName=pzPropertyBehaviour&RequestClass=Rule-HTML-Section&RequestAppliesTo=Rule-Obj-Property&RequestRuleName=pzPropertyBehaviour Payload: "{\"RequestClass\":\"Rule-HTML-Section\",\"RequestAppliesTo\":\"Rule-Obj-Property\",\"RequestRuleName\":\"pzPropertyBehaviour\"}" => HTTP 404 (18 bytes)
[PegaHttpClient] 📡 POST https://zdk8budo.pegaacademy.net/prweb/api/v1/rules/query?pxObjClass=Rule-HTML-Section&appliesTo=Rule-Obj-Property&pyRuleName=pzPropertyBehaviour&RequestClass=Rule-HTML-Section&RequestAppliesTo=Rule-Obj-Property&RequestRuleName=pzPropertyBehaviour Payload: "{\"RequestClass\":\"Rule-HTML-Section\",\"RequestAppliesTo\":\"Rule-Obj-Property\",\"RequestRuleName\":\"pzPropertyBehaviour\"}" => HTTP 404 (18 bytes)
[PegaHttpClient] 📡 POST https://zdk8budo.pegaacademy.net/prweb/PRRestService/v1/rules/query?pxObjClass=Rule-HTML-Section&appliesTo=Rule-Obj-Property&pyRuleName=pzPropertyBehaviour&RequestClass=Rule-HTML-Section&RequestAppliesTo=Rule-Obj-Property&RequestRuleName=pzPropertyBehaviour Payload: "{\"RequestClass\":\"Rule-HTML-Section\",\"RequestAppliesTo\":\"Rule-Obj-Property\",\"RequestRuleName\":\"pzPropertyBehaviour\"}" => HTTP 404 (18 bytes)
[PegaHttpClient] 📡 POST https://zdk8budo.pegaacademy.net/prweb/api/CodeIntelligence/v1/rules/query?pxObjClass=Rule-HTML-Section&appliesTo=Rule-Obj-Property&pyRuleName=pzBehavior&RequestClass=Rule-HTML-Section&RequestAppliesTo=Rule-Obj-Property&RequestRuleName=pzBehavior Payload: "{\"RequestClass\":\"Rule-HTML-Section\",\"RequestAppliesTo\":\"Rule-Obj-Property\",\"RequestRuleName\":\"pzBehavior\"}" => HTTP 200 (15831 bytes)
[PegaHttpClient] 📡 POST https://zdk8budo.pegaacademy.net/prweb/api/CodeIntelligence/v1/rules/query?pxObjClass=Rule-HTML-Section&appliesTo=Rule-Obj-Property&pyRuleName=PropertyValidation&RequestClass=Rule-HTML-Section&RequestAppliesTo=Rule-Obj-Property&RequestRuleName=PropertyValidation Payload: "{\"RequestClass\":\"Rule-HTML-Section\",\"RequestAppliesTo\":\"Rule-Obj-Property\",\"RequestRuleName\":\"PropertyValidation\"}" => HTTP 404 (113 bytes)
[PegaHttpClient] 📡 POST https://zdk8budo.pegaacademy.net/prweb/PRRestService/CodeIntelligence/v1/rules/query?pxObjClass=Rule-HTML-Section&appliesTo=Rule-Obj-Property&pyRuleName=PropertyValidation&RequestClass=Rule-HTML-Section&RequestAppliesTo=Rule-Obj-Property&RequestRuleName=PropertyValidation Payload: "{\"RequestClass\":\"Rule-HTML-Section\",\"RequestAppliesTo\":\"Rule-Obj-Property\",\"RequestRuleName\":\"PropertyValidation\"}" => HTTP 404 (113 bytes)
[PegaHttpClient] 📡 POST https://zdk8budo.pegaacademy.net/prweb/api/HRAppsV2Service/V1/rules/query?pxObjClass=Rule-HTML-Section&appliesTo=Rule-Obj-Property&pyRuleName=PropertyValidation&RequestClass=Rule-HTML-Section&RequestAppliesTo=Rule-Obj-Property&RequestRuleName=PropertyValidation Payload: "{\"RequestClass\":\"Rule-HTML-Section\",\"RequestAppliesTo\":\"Rule-Obj-Property\",\"RequestRuleName\":\"PropertyValidation\"}" => HTTP 404 (18 bytes)
[PegaHttpClient] 📡 POST https://zdk8budo.pegaacademy.net/prweb/PRRestService/HRAppsV2Service/V1/rules/query?pxObjClass=Rule-HTML-Section&appliesTo=Rule-Obj-Property&pyRuleName=PropertyValidation&RequestClass=Rule-HTML-Section&RequestAppliesTo=Rule-Obj-Property&RequestRuleName=PropertyValidation Payload: "{\"RequestClass\":\"Rule-HTML-Section\",\"RequestAppliesTo\":\"Rule-Obj-Property\",\"RequestRuleName\":\"PropertyValidation\"}" => HTTP 404 (18 bytes)
[PegaHttpClient] 📡 POST https://zdk8budo.pegaacademy.net/prweb/api/HRAppsV2/V1/rules/query?pxObjClass=Rule-HTML-Section&appliesTo=Rule-Obj-Property&pyRuleName=PropertyValidation&RequestClass=Rule-HTML-Section&RequestAppliesTo=Rule-Obj-Property&RequestRuleName=PropertyValidation Payload: "{\"RequestClass\":\"Rule-HTML-Section\",\"RequestAppliesTo\":\"Rule-Obj-Property\",\"RequestRuleName\":\"PropertyValidation\"}" => HTTP 404 (18 bytes)
[PegaHttpClient] 📡 POST https://zdk8budo.pegaacademy.net/prweb/PRRestService/HRAppsV2/V1/rules/query?pxObjClass=Rule-HTML-Section&appliesTo=Rule-Obj-Property&pyRuleName=PropertyValidation&RequestClass=Rule-HTML-Section&RequestAppliesTo=Rule-Obj-Property&RequestRuleName=PropertyValidation Payload: "{\"RequestClass\":\"Rule-HTML-Section\",\"RequestAppliesTo\":\"Rule-Obj-Property\",\"RequestRuleName\":\"PropertyValidation\"}" => HTTP 404 (18 bytes)
[PegaHttpClient] 📡 POST https://zdk8budo.pegaacademy.net/prweb/api/v1/rules/query?pxObjClass=Rule-HTML-Section&appliesTo=Rule-Obj-Property&pyRuleName=PropertyValidation&RequestClass=Rule-HTML-Section&RequestAppliesTo=Rule-Obj-Property&RequestRuleName=PropertyValidation Payload: "{\"RequestClass\":\"Rule-HTML-Section\",\"RequestAppliesTo\":\"Rule-Obj-Property\",\"RequestRuleName\":\"PropertyValidation\"}" => HTTP 404 (18 bytes)
[PegaHttpClient] 📡 POST https://zdk8budo.pegaacademy.net/prweb/PRRestService/v1/rules/query?pxObjClass=Rule-HTML-Section&appliesTo=Rule-Obj-Property&pyRuleName=PropertyValidation&RequestClass=Rule-HTML-Section&RequestAppliesTo=Rule-Obj-Property&RequestRuleName=PropertyValidation Payload: "{\"RequestClass\":\"Rule-HTML-Section\",\"RequestAppliesTo\":\"Rule-Obj-Property\",\"RequestRuleName\":\"PropertyValidation\"}" => HTTP 404 (18 bytes)
[PegaHttpClient] 📡 POST https://zdk8budo.pegaacademy.net/prweb/api/CodeIntelligence/v1/rules/query?pxObjClass=Rule-HTML-Section&appliesTo=Rule-Obj-Property&pyRuleName=pzPropertyValidationSection&RequestClass=Rule-HTML-Section&RequestAppliesTo=Rule-Obj-Property&RequestRuleName=pzPropertyValidationSection Payload: "{\"RequestClass\":\"Rule-HTML-Section\",\"RequestAppliesTo\":\"Rule-Obj-Property\",\"RequestRuleName\":\"pzPropertyValidationSection\"}" => HTTP 200 (62632 bytes)
[PegaHttpClient] 📡 POST https://zdk8budo.pegaacademy.net/prweb/api/CodeIntelligence/v1/rules/query?pxObjClass=Rule-HTML-Section&appliesTo=Rule-Obj-Property&pyRuleName=pzSpecificationName&RequestClass=Rule-HTML-Section&RequestAppliesTo=Rule-Obj-Property&RequestRuleName=pzSpecificationName Payload: "{\"RequestClass\":\"Rule-HTML-Section\",\"RequestAppliesTo\":\"Rule-Obj-Property\",\"RequestRuleName\":\"pzSpecificationName\"}" => HTTP 404 (114 bytes)
[PegaHttpClient] 📡 POST https://zdk8budo.pegaacademy.net/prweb/PRRestService/CodeIntelligence/v1/rules/query?pxObjClass=Rule-HTML-Section&appliesTo=Rule-Obj-Property&pyRuleName=pzSpecificationName&RequestClass=Rule-HTML-Section&RequestAppliesTo=Rule-Obj-Property&RequestRuleName=pzSpecificationName Payload: "{\"RequestClass\":\"Rule-HTML-Section\",\"RequestAppliesTo\":\"Rule-Obj-Property\",\"RequestRuleName\":\"pzSpecificationName\"}" => HTTP 404 (114 bytes)
[PegaHttpClient] 📡 POST https://zdk8budo.pegaacademy.net/prweb/api/HRAppsV2Service/V1/rules/query?pxObjClass=Rule-HTML-Section&appliesTo=Rule-Obj-Property&pyRuleName=pzSpecificationName&RequestClass=Rule-HTML-Section&RequestAppliesTo=Rule-Obj-Property&RequestRuleName=pzSpecificationName Payload: "{\"RequestClass\":\"Rule-HTML-Section\",\"RequestAppliesTo\":\"Rule-Obj-Property\",\"RequestRuleName\":\"pzSpecificationName\"}" => HTTP 404 (18 bytes)
[PegaHttpClient] 📡 POST https://zdk8budo.pegaacademy.net/prweb/PRRestService/HRAppsV2Service/V1/rules/query?pxObjClass=Rule-HTML-Section&appliesTo=Rule-Obj-Property&pyRuleName=pzSpecificationName&RequestClass=Rule-HTML-Section&RequestAppliesTo=Rule-Obj-Property&RequestRuleName=pzSpecificationName Payload: "{\"RequestClass\":\"Rule-HTML-Section\",\"RequestAppliesTo\":\"Rule-Obj-Property\",\"RequestRuleName\":\"pzSpecificationName\"}" => HTTP 404 (18 bytes)
[PegaHttpClient] 📡 POST https://zdk8budo.pegaacademy.net/prweb/api/HRAppsV2/V1/rules/query?pxObjClass=Rule-HTML-Section&appliesTo=Rule-Obj-Property&pyRuleName=pzSpecificationName&RequestClass=Rule-HTML-Section&RequestAppliesTo=Rule-Obj-Property&RequestRuleName=pzSpecificationName Payload: "{\"RequestClass\":\"Rule-HTML-Section\",\"RequestAppliesTo\":\"Rule-Obj-Property\",\"RequestRuleName\":\"pzSpecificationName\"}" => HTTP 404 (18 bytes)
[PegaHttpClient] 📡 POST https://zdk8budo.pegaacademy.net/prweb/PRRestService/HRAppsV2/V1/rules/query?pxObjClass=Rule-HTML-Section&appliesTo=Rule-Obj-Property&pyRuleName=pzSpecificationName&RequestClass=Rule-HTML-Section&RequestAppliesTo=Rule-Obj-Property&RequestRuleName=pzSpecificationName Payload: "{\"RequestClass\":\"Rule-HTML-Section\",\"RequestAppliesTo\":\"Rule-Obj-Property\",\"RequestRuleName\":\"pzSpecificationName\"}" => HTTP 404 (18 bytes)
[PegaHttpClient] 📡 POST https://zdk8budo.pegaacademy.net/prweb/api/v1/rules/query?pxObjClass=Rule-HTML-Section&appliesTo=Rule-Obj-Property&pyRuleName=pzSpecificationName&RequestClass=Rule-HTML-Section&RequestAppliesTo=Rule-Obj-Property&RequestRuleName=pzSpecificationName Payload: "{\"RequestClass\":\"Rule-HTML-Section\",\"RequestAppliesTo\":\"Rule-Obj-Property\",\"RequestRuleName\":\"pzSpecificationName\"}" => HTTP 404 (18 bytes)
[PegaHttpClient] 📡 POST https://zdk8budo.pegaacademy.net/prweb/PRRestService/v1/rules/query?pxObjClass=Rule-HTML-Section&appliesTo=Rule-Obj-Property&pyRuleName=pzSpecificationName&RequestClass=Rule-HTML-Section&RequestAppliesTo=Rule-Obj-Property&RequestRuleName=pzSpecificationName Payload: "{\"RequestClass\":\"Rule-HTML-Section\",\"RequestAppliesTo\":\"Rule-Obj-Property\",\"RequestRuleName\":\"pzSpecificationName\"}" => HTTP 404 (18 bytes)
[PegaHttpClient] 📡 POST https://zdk8budo.pegaacademy.net/prweb/api/CodeIntelligence/v1/rules/query?pxObjClass=Rule-HTML-Section&appliesTo=Rule-Obj-Property&pyRuleName=pzScm_RuleHistory&RequestClass=Rule-HTML-Section&RequestAppliesTo=Rule-Obj-Property&RequestRuleName=pzScm_RuleHistory Payload: "{\"RequestClass\":\"Rule-HTML-Section\",\"RequestAppliesTo\":\"Rule-Obj-Property\",\"RequestRuleName\":\"pzScm_RuleHistory\"}" => HTTP 200 (14682 bytes)
[PegaHttpClient] 📡 POST https://zdk8budo.pegaacademy.net/prweb/api/CodeIntelligence/v1/rules/query?pxObjClass=Rule-HTML-Section&appliesTo=Rule-Obj-Property&pyRuleName=pxDisplayCollaborators&RequestClass=Rule-HTML-Section&RequestAppliesTo=Rule-Obj-Property&RequestRuleName=pxDisplayCollaborators Payload: "{\"RequestClass\":\"Rule-HTML-Section\",\"RequestAppliesTo\":\"Rule-Obj-Property\",\"RequestRuleName\":\"pxDisplayCollaborators\"}" => HTTP 200 (94171 bytes)
[PegaHttpClient] 📡 POST https://zdk8budo.pegaacademy.net/prweb/api/CodeIntelligence/v1/rules/query?pxObjClass=Rule-HTML-Section&appliesTo=Rule-Obj-Property&pyRuleName=pzRuleFormToolbarDeleteCheckOut&RequestClass=Rule-HTML-Section&RequestAppliesTo=Rule-Obj-Property&RequestRuleName=pzRuleFormToolbarDeleteCheckOut Payload: "{\"RequestClass\":\"Rule-HTML-Section\",\"RequestAppliesTo\":\"Rule-Obj-Property\",\"RequestRuleName\":\"pzRuleFormToolbarDeleteCheckOut\"}" => HTTP 200 (29433 bytes)
[PegaHttpClient] 📡 POST https://zdk8budo.pegaacademy.net/prweb/api/CodeIntelligence/v1/rules/query?pxObjClass=Rule-HTML-Section&appliesTo=Rule-Obj-Property&pyRuleName=pzRuleFormToolbarDeleteRule&RequestClass=Rule-HTML-Section&RequestAppliesTo=Rule-Obj-Property&RequestRuleName=pzRuleFormToolbarDeleteRule Payload: "{\"RequestClass\":\"Rule-HTML-Section\",\"RequestAppliesTo\":\"Rule-Obj-Property\",\"RequestRuleName\":\"pzRuleFormToolbarDeleteRule\"}" => HTTP 200 (32314 bytes)
[PegaHttpClient] 📡 POST https://zdk8budo.pegaacademy.net/prweb/api/CodeIntelligence/v1/rules/query?pxObjClass=Rule-HTML-Section&appliesTo=Rule-Obj-Property&pyRuleName=pzDataRetrieval&RequestClass=Rule-HTML-Section&RequestAppliesTo=Rule-Obj-Property&RequestRuleName=pzDataRetrieval Payload: "{\"RequestClass\":\"Rule-HTML-Section\",\"RequestAppliesTo\":\"Rule-Obj-Property\",\"RequestRuleName\":\"pzDataRetrieval\"}" => HTTP 200 (28820 bytes)
[PegaHttpClient] 📡 POST https://zdk8budo.pegaacademy.net/prweb/api/CodeIntelligence/v1/rules/query?pxObjClass=Rule-HTML-Section&appliesTo=Rule-Obj-Property&pyRuleName=Property_TableEdit_LocalList&RequestClass=Rule-HTML-Section&RequestAppliesTo=Rule-Obj-Property&RequestRuleName=Property_TableEdit_LocalList Payload: "{\"RequestClass\":\"Rule-HTML-Section\",\"RequestAppliesTo\":\"Rule-Obj-Property\",\"RequestRuleName\":\"Property_TableEdit_LocalList\"}" => HTTP 404 (123 bytes)
[PegaHttpClient] 📡 POST https://zdk8budo.pegaacademy.net/prweb/PRRestService/CodeIntelligence/v1/rules/query?pxObjClass=Rule-HTML-Section&appliesTo=Rule-Obj-Property&pyRuleName=Property_TableEdit_LocalList&RequestClass=Rule-HTML-Section&RequestAppliesTo=Rule-Obj-Property&RequestRuleName=Property_TableEdit_LocalList Payload: "{\"RequestClass\":\"Rule-HTML-Section\",\"RequestAppliesTo\":\"Rule-Obj-Property\",\"RequestRuleName\":\"Property_TableEdit_LocalList\"}" => HTTP 404 (123 bytes)
[PegaHttpClient] 📡 POST https://zdk8budo.pegaacademy.net/prweb/api/HRAppsV2Service/V1/rules/query?pxObjClass=Rule-HTML-Section&appliesTo=Rule-Obj-Property&pyRuleName=Property_TableEdit_LocalList&RequestClass=Rule-HTML-Section&RequestAppliesTo=Rule-Obj-Property&RequestRuleName=Property_TableEdit_LocalList Payload: "{\"RequestClass\":\"Rule-HTML-Section\",\"RequestAppliesTo\":\"Rule-Obj-Property\",\"RequestRuleName\":\"Property_TableEdit_LocalList\"}" => HTTP 404 (18 bytes)
[PegaHttpClient] 📡 POST https://zdk8budo.pegaacademy.net/prweb/PRRestService/HRAppsV2Service/V1/rules/query?pxObjClass=Rule-HTML-Section&appliesTo=Rule-Obj-Property&pyRuleName=Property_TableEdit_LocalList&RequestClass=Rule-HTML-Section&RequestAppliesTo=Rule-Obj-Property&RequestRuleName=Property_TableEdit_LocalList Payload: "{\"RequestClass\":\"Rule-HTML-Section\",\"RequestAppliesTo\":\"Rule-Obj-Property\",\"RequestRuleName\":\"Property_TableEdit_LocalList\"}" => HTTP 404 (18 bytes)
[PegaHttpClient] 📡 POST https://zdk8budo.pegaacademy.net/prweb/api/HRAppsV2/V1/rules/query?pxObjClass=Rule-HTML-Section&appliesTo=Rule-Obj-Property&pyRuleName=Property_TableEdit_LocalList&RequestClass=Rule-HTML-Section&RequestAppliesTo=Rule-Obj-Property&RequestRuleName=Property_TableEdit_LocalList Payload: "{\"RequestClass\":\"Rule-HTML-Section\",\"RequestAppliesTo\":\"Rule-Obj-Property\",\"RequestRuleName\":\"Property_TableEdit_LocalList\"}" => HTTP 404 (18 bytes)
[PegaHttpClient] 📡 POST https://zdk8budo.pegaacademy.net/prweb/PRRestService/HRAppsV2/V1/rules/query?pxObjClass=Rule-HTML-Section&appliesTo=Rule-Obj-Property&pyRuleName=Property_TableEdit_LocalList&RequestClass=Rule-HTML-Section&RequestAppliesTo=Rule-Obj-Property&RequestRuleName=Property_TableEdit_LocalList Payload: "{\"RequestClass\":\"Rule-HTML-Section\",\"RequestAppliesTo\":\"Rule-Obj-Property\",\"RequestRuleName\":\"Property_TableEdit_LocalList\"}" => HTTP 404 (18 bytes)
[PegaHttpClient] 📡 POST https://zdk8budo.pegaacademy.net/prweb/api/v1/rules/query?pxObjClass=Rule-HTML-Section&appliesTo=Rule-Obj-Property&pyRuleName=Property_TableEdit_LocalList&RequestClass=Rule-HTML-Section&RequestAppliesTo=Rule-Obj-Property&RequestRuleName=Property_TableEdit_LocalList Payload: "{\"RequestClass\":\"Rule-HTML-Section\",\"RequestAppliesTo\":\"Rule-Obj-Property\",\"RequestRuleName\":\"Property_TableEdit_LocalList\"}" => HTTP 404 (18 bytes)
[PegaHttpClient] 📡 POST https://zdk8budo.pegaacademy.net/prweb/PRRestService/v1/rules/query?pxObjClass=Rule-HTML-Section&appliesTo=Rule-Obj-Property&pyRuleName=Property_TableEdit_LocalList&RequestClass=Rule-HTML-Section&RequestAppliesTo=Rule-Obj-Property&RequestRuleName=Property_TableEdit_LocalList Payload: "{\"RequestClass\":\"Rule-HTML-Section\",\"RequestAppliesTo\":\"Rule-Obj-Property\",\"RequestRuleName\":\"Property_TableEdit_LocalList\"}" => HTTP 404 (18 bytes)
[PegaHttpClient] 📡 POST https://zdk8budo.pegaacademy.net/prweb/api/CodeIntelligence/v1/rules/query?pxObjClass=Rule-HTML-Section&appliesTo=Rule-Obj-Property&pyRuleName=RFProperty_LocalList&RequestClass=Rule-HTML-Section&RequestAppliesTo=Rule-Obj-Property&RequestRuleName=RFProperty_LocalList Payload: "{\"RequestClass\":\"Rule-HTML-Section\",\"RequestAppliesTo\":\"Rule-Obj-Property\",\"RequestRuleName\":\"RFProperty_LocalList\"}" => HTTP 200 (72043 bytes)
[PegaHttpClient] 📡 POST https://zdk8budo.pegaacademy.net/prweb/api/CodeIntelligence/v1/rules/query?pxObjClass=Rule-HTML-Section&appliesTo=Rule-Obj-Property&pyRuleName=RFProperty_FieldValue&RequestClass=Rule-HTML-Section&RequestAppliesTo=Rule-Obj-Property&RequestRuleName=RFProperty_FieldValue Payload: "{\"RequestClass\":\"Rule-HTML-Section\",\"RequestAppliesTo\":\"Rule-Obj-Property\",\"RequestRuleName\":\"RFProperty_FieldValue\"}" => HTTP 200 (22404 bytes)
[PegaHttpClient] 📡 POST https://zdk8budo.pegaacademy.net/prweb/api/CodeIntelligence/v1/rules/query?pxObjClass=Rule-HTML-Section&appliesTo=Rule-Obj-Property&pyRuleName=Property_TableEdit_ClassKey&RequestClass=Rule-HTML-Section&RequestAppliesTo=Rule-Obj-Property&RequestRuleName=Property_TableEdit_ClassKey Payload: "{\"RequestClass\":\"Rule-HTML-Section\",\"RequestAppliesTo\":\"Rule-Obj-Property\",\"RequestRuleName\":\"Property_TableEdit_ClassKey\"}" => HTTP 404 (122 bytes)
[PegaHttpClient] 📡 POST https://zdk8budo.pegaacademy.net/prweb/PRRestService/CodeIntelligence/v1/rules/query?pxObjClass=Rule-HTML-Section&appliesTo=Rule-Obj-Property&pyRuleName=Property_TableEdit_ClassKey&RequestClass=Rule-HTML-Section&RequestAppliesTo=Rule-Obj-Property&RequestRuleName=Property_TableEdit_ClassKey Payload: "{\"RequestClass\":\"Rule-HTML-Section\",\"RequestAppliesTo\":\"Rule-Obj-Property\",\"RequestRuleName\":\"Property_TableEdit_ClassKey\"}" => HTTP 404 (122 bytes)
[PegaHttpClient] 📡 POST https://zdk8budo.pegaacademy.net/prweb/api/HRAppsV2Service/V1/rules/query?pxObjClass=Rule-HTML-Section&appliesTo=Rule-Obj-Property&pyRuleName=Property_TableEdit_ClassKey&RequestClass=Rule-HTML-Section&RequestAppliesTo=Rule-Obj-Property&RequestRuleName=Property_TableEdit_ClassKey Payload: "{\"RequestClass\":\"Rule-HTML-Section\",\"RequestAppliesTo\":\"Rule-Obj-Property\",\"RequestRuleName\":\"Property_TableEdit_ClassKey\"}" => HTTP 404 (18 bytes)
[PegaHttpClient] 📡 POST https://zdk8budo.pegaacademy.net/prweb/PRRestService/HRAppsV2Service/V1/rules/query?pxObjClass=Rule-HTML-Section&appliesTo=Rule-Obj-Property&pyRuleName=Property_TableEdit_ClassKey&RequestClass=Rule-HTML-Section&RequestAppliesTo=Rule-Obj-Property&RequestRuleName=Property_TableEdit_ClassKey Payload: "{\"RequestClass\":\"Rule-HTML-Section\",\"RequestAppliesTo\":\"Rule-Obj-Property\",\"RequestRuleName\":\"Property_TableEdit_ClassKey\"}" => HTTP 404 (18 bytes)
[PegaHttpClient] 📡 POST https://zdk8budo.pegaacademy.net/prweb/api/HRAppsV2/V1/rules/query?pxObjClass=Rule-HTML-Section&appliesTo=Rule-Obj-Property&pyRuleName=Property_TableEdit_ClassKey&RequestClass=Rule-HTML-Section&RequestAppliesTo=Rule-Obj-Property&RequestRuleName=Property_TableEdit_ClassKey Payload: "{\"RequestClass\":\"Rule-HTML-Section\",\"RequestAppliesTo\":\"Rule-Obj-Property\",\"RequestRuleName\":\"Property_TableEdit_ClassKey\"}" => HTTP 404 (18 bytes)
[PegaHttpClient] 📡 POST https://zdk8budo.pegaacademy.net/prweb/PRRestService/HRAppsV2/V1/rules/query?pxObjClass=Rule-HTML-Section&appliesTo=Rule-Obj-Property&pyRuleName=Property_TableEdit_ClassKey&RequestClass=Rule-HTML-Section&RequestAppliesTo=Rule-Obj-Property&RequestRuleName=Property_TableEdit_ClassKey Payload: "{\"RequestClass\":\"Rule-HTML-Section\",\"RequestAppliesTo\":\"Rule-Obj-Property\",\"RequestRuleName\":\"Property_TableEdit_ClassKey\"}" => HTTP 404 (18 bytes)
[PegaHttpClient] 📡 POST https://zdk8budo.pegaacademy.net/prweb/api/v1/rules/query?pxObjClass=Rule-HTML-Section&appliesTo=Rule-Obj-Property&pyRuleName=Property_TableEdit_ClassKey&RequestClass=Rule-HTML-Section&RequestAppliesTo=Rule-Obj-Property&RequestRuleName=Property_TableEdit_ClassKey Payload: "{\"RequestClass\":\"Rule-HTML-Section\",\"RequestAppliesTo\":\"Rule-Obj-Property\",\"RequestRuleName\":\"Property_TableEdit_ClassKey\"}" => HTTP 404 (18 bytes)
[PegaHttpClient] 📡 POST https://zdk8budo.pegaacademy.net/prweb/PRRestService/v1/rules/query?pxObjClass=Rule-HTML-Section&appliesTo=Rule-Obj-Property&pyRuleName=Property_TableEdit_ClassKey&RequestClass=Rule-HTML-Section&RequestAppliesTo=Rule-Obj-Property&RequestRuleName=Property_TableEdit_ClassKey Payload: "{\"RequestClass\":\"Rule-HTML-Section\",\"RequestAppliesTo\":\"Rule-Obj-Property\",\"RequestRuleName\":\"Property_TableEdit_ClassKey\"}" => HTTP 404 (18 bytes)
[PegaHttpClient] 📡 POST https://zdk8budo.pegaacademy.net/prweb/api/CodeIntelligence/v1/rules/query?pxObjClass=Rule-HTML-Section&appliesTo=Rule-Obj-Property&pyRuleName=RFProperty_ClassKey&RequestClass=Rule-HTML-Section&RequestAppliesTo=Rule-Obj-Property&RequestRuleName=RFProperty_ClassKey Payload: "{\"RequestClass\":\"Rule-HTML-Section\",\"RequestAppliesTo\":\"Rule-Obj-Property\",\"RequestRuleName\":\"RFProperty_ClassKey\"}" => HTTP 200 (22089 bytes)
[PegaHttpClient] 📡 POST https://zdk8budo.pegaacademy.net/prweb/api/CodeIntelligence/v1/rules/query?pxObjClass=Rule-HTML-Section&appliesTo=Rule-Obj-Property&pyRuleName=Property_TableEdit_RemoteList&RequestClass=Rule-HTML-Section&RequestAppliesTo=Rule-Obj-Property&RequestRuleName=Property_TableEdit_RemoteList Payload: "{\"RequestClass\":\"Rule-HTML-Section\",\"RequestAppliesTo\":\"Rule-Obj-Property\",\"RequestRuleName\":\"Property_TableEdit_RemoteList\"}" => HTTP 404 (124 bytes)
[PegaHttpClient] 📡 POST https://zdk8budo.pegaacademy.net/prweb/PRRestService/CodeIntelligence/v1/rules/query?pxObjClass=Rule-HTML-Section&appliesTo=Rule-Obj-Property&pyRuleName=Property_TableEdit_RemoteList&RequestClass=Rule-HTML-Section&RequestAppliesTo=Rule-Obj-Property&RequestRuleName=Property_TableEdit_RemoteList Payload: "{\"RequestClass\":\"Rule-HTML-Section\",\"RequestAppliesTo\":\"Rule-Obj-Property\",\"RequestRuleName\":\"Property_TableEdit_RemoteList\"}" => HTTP 404 (124 bytes)
[PegaHttpClient] 📡 POST https://zdk8budo.pegaacademy.net/prweb/api/HRAppsV2Service/V1/rules/query?pxObjClass=Rule-HTML-Section&appliesTo=Rule-Obj-Property&pyRuleName=Property_TableEdit_RemoteList&RequestClass=Rule-HTML-Section&RequestAppliesTo=Rule-Obj-Property&RequestRuleName=Property_TableEdit_RemoteList Payload: "{\"RequestClass\":\"Rule-HTML-Section\",\"RequestAppliesTo\":\"Rule-Obj-Property\",\"RequestRuleName\":\"Property_TableEdit_RemoteList\"}" => HTTP 404 (18 bytes)
[PegaHttpClient] 📡 POST https://zdk8budo.pegaacademy.net/prweb/PRRestService/HRAppsV2Service/V1/rules/query?pxObjClass=Rule-HTML-Section&appliesTo=Rule-Obj-Property&pyRuleName=Property_TableEdit_RemoteList&RequestClass=Rule-HTML-Section&RequestAppliesTo=Rule-Obj-Property&RequestRuleName=Property_TableEdit_RemoteList Payload: "{\"RequestClass\":\"Rule-HTML-Section\",\"RequestAppliesTo\":\"Rule-Obj-Property\",\"RequestRuleName\":\"Property_TableEdit_RemoteList\"}" => HTTP 404 (18 bytes)
[PegaHttpClient] 📡 POST https://zdk8budo.pegaacademy.net/prweb/api/HRAppsV2/V1/rules/query?pxObjClass=Rule-HTML-Section&appliesTo=Rule-Obj-Property&pyRuleName=Property_TableEdit_RemoteList&RequestClass=Rule-HTML-Section&RequestAppliesTo=Rule-Obj-Property&RequestRuleName=Property_TableEdit_RemoteList Payload: "{\"RequestClass\":\"Rule-HTML-Section\",\"RequestAppliesTo\":\"Rule-Obj-Property\",\"RequestRuleName\":\"Property_TableEdit_RemoteList\"}" => HTTP 404 (18 bytes)
[PegaHttpClient] 📡 POST https://zdk8budo.pegaacademy.net/prweb/PRRestService/HRAppsV2/V1/rules/query?pxObjClass=Rule-HTML-Section&appliesTo=Rule-Obj-Property&pyRuleName=Property_TableEdit_RemoteList&RequestClass=Rule-HTML-Section&RequestAppliesTo=Rule-Obj-Property&RequestRuleName=Property_TableEdit_RemoteList Payload: "{\"RequestClass\":\"Rule-HTML-Section\",\"RequestAppliesTo\":\"Rule-Obj-Property\",\"RequestRuleName\":\"Property_TableEdit_RemoteList\"}" => HTTP 404 (18 bytes)
[PegaHttpClient] 📡 POST https://zdk8budo.pegaacademy.net/prweb/api/v1/rules/query?pxObjClass=Rule-HTML-Section&appliesTo=Rule-Obj-Property&pyRuleName=Property_TableEdit_RemoteList&RequestClass=Rule-HTML-Section&RequestAppliesTo=Rule-Obj-Property&RequestRuleName=Property_TableEdit_RemoteList Payload: "{\"RequestClass\":\"Rule-HTML-Section\",\"RequestAppliesTo\":\"Rule-Obj-Property\",\"RequestRuleName\":\"Property_TableEdit_RemoteList\"}" => HTTP 404 (18 bytes)
[PegaHttpClient] 📡 POST https://zdk8budo.pegaacademy.net/prweb/PRRestService/v1/rules/query?pxObjClass=Rule-HTML-Section&appliesTo=Rule-Obj-Property&pyRuleName=Property_TableEdit_RemoteList&RequestClass=Rule-HTML-Section&RequestAppliesTo=Rule-Obj-Property&RequestRuleName=Property_TableEdit_RemoteList Payload: "{\"RequestClass\":\"Rule-HTML-Section\",\"RequestAppliesTo\":\"Rule-Obj-Property\",\"RequestRuleName\":\"Property_TableEdit_RemoteList\"}" => HTTP 404 (18 bytes)
[PegaHttpClient] 📡 POST https://zdk8budo.pegaacademy.net/prweb/api/CodeIntelligence/v1/rules/query?pxObjClass=Rule-HTML-Section&appliesTo=Rule-Obj-Property&pyRuleName=RFProperty_RemoteList&RequestClass=Rule-HTML-Section&RequestAppliesTo=Rule-Obj-Property&RequestRuleName=RFProperty_RemoteList Payload: "{\"RequestClass\":\"Rule-HTML-Section\",\"RequestAppliesTo\":\"Rule-Obj-Property\",\"RequestRuleName\":\"RFProperty_RemoteList\"}" => HTTP 200 (98469 bytes)
[PegaHttpClient] 📡 POST https://zdk8budo.pegaacademy.net/prweb/api/CodeIntelligence/v1/rules/query?pxObjClass=Rule-HTML-Section&appliesTo=Rule-Obj-Property&pyRuleName=pzRFProperty_DataPage&RequestClass=Rule-HTML-Section&RequestAppliesTo=Rule-Obj-Property&RequestRuleName=pzRFProperty_DataPage Payload: "{\"RequestClass\":\"Rule-HTML-Section\",\"RequestAppliesTo\":\"Rule-Obj-Property\",\"RequestRuleName\":\"pzRFProperty_DataPage\"}" => HTTP 200 (51709 bytes)
[PegaHttpClient] 📡 POST https://zdk8budo.pegaacademy.net/prweb/api/CodeIntelligence/v1/rules/query?pxObjClass=Rule-HTML-Section&appliesTo=Rule-Obj-Property&pyRuleName=Property_TableEdit_PromptList&RequestClass=Rule-HTML-Section&RequestAppliesTo=Rule-Obj-Property&RequestRuleName=Property_TableEdit_PromptList Payload: "{\"RequestClass\":\"Rule-HTML-Section\",\"RequestAppliesTo\":\"Rule-Obj-Property\",\"RequestRuleName\":\"Property_TableEdit_PromptList\"}" => HTTP 404 (124 bytes)
[PegaHttpClient] 📡 POST https://zdk8budo.pegaacademy.net/prweb/PRRestService/CodeIntelligence/v1/rules/query?pxObjClass=Rule-HTML-Section&appliesTo=Rule-Obj-Property&pyRuleName=Property_TableEdit_PromptList&RequestClass=Rule-HTML-Section&RequestAppliesTo=Rule-Obj-Property&RequestRuleName=Property_TableEdit_PromptList Payload: "{\"RequestClass\":\"Rule-HTML-Section\",\"RequestAppliesTo\":\"Rule-Obj-Property\",\"RequestRuleName\":\"Property_TableEdit_PromptList\"}" => HTTP 404 (124 bytes)
[PegaHttpClient] 📡 POST https://zdk8budo.pegaacademy.net/prweb/api/HRAppsV2Service/V1/rules/query?pxObjClass=Rule-HTML-Section&appliesTo=Rule-Obj-Property&pyRuleName=Property_TableEdit_PromptList&RequestClass=Rule-HTML-Section&RequestAppliesTo=Rule-Obj-Property&RequestRuleName=Property_TableEdit_PromptList Payload: "{\"RequestClass\":\"Rule-HTML-Section\",\"RequestAppliesTo\":\"Rule-Obj-Property\",\"RequestRuleName\":\"Property_TableEdit_PromptList\"}" => HTTP 404 (18 bytes)
[PegaHttpClient] 📡 POST https://zdk8budo.pegaacademy.net/prweb/PRRestService/HRAppsV2Service/V1/rules/query?pxObjClass=Rule-HTML-Section&appliesTo=Rule-Obj-Property&pyRuleName=Property_TableEdit_PromptList&RequestClass=Rule-HTML-Section&RequestAppliesTo=Rule-Obj-Property&RequestRuleName=Property_TableEdit_PromptList Payload: "{\"RequestClass\":\"Rule-HTML-Section\",\"RequestAppliesTo\":\"Rule-Obj-Property\",\"RequestRuleName\":\"Property_TableEdit_PromptList\"}" => HTTP 404 (18 bytes)
[PegaHttpClient] 📡 POST https://zdk8budo.pegaacademy.net/prweb/api/HRAppsV2/V1/rules/query?pxObjClass=Rule-HTML-Section&appliesTo=Rule-Obj-Property&pyRuleName=Property_TableEdit_PromptList&RequestClass=Rule-HTML-Section&RequestAppliesTo=Rule-Obj-Property&RequestRuleName=Property_TableEdit_PromptList Payload: "{\"RequestClass\":\"Rule-HTML-Section\",\"RequestAppliesTo\":\"Rule-Obj-Property\",\"RequestRuleName\":\"Property_TableEdit_PromptList\"}" => HTTP 404 (18 bytes)
[PegaHttpClient] 📡 POST https://zdk8budo.pegaacademy.net/prweb/PRRestService/HRAppsV2/V1/rules/query?pxObjClass=Rule-HTML-Section&appliesTo=Rule-Obj-Property&pyRuleName=Property_TableEdit_PromptList&RequestClass=Rule-HTML-Section&RequestAppliesTo=Rule-Obj-Property&RequestRuleName=Property_TableEdit_PromptList Payload: "{\"RequestClass\":\"Rule-HTML-Section\",\"RequestAppliesTo\":\"Rule-Obj-Property\",\"RequestRuleName\":\"Property_TableEdit_PromptList\"}" => HTTP 404 (18 bytes)
[PegaHttpClient] 📡 POST https://zdk8budo.pegaacademy.net/prweb/api/v1/rules/query?pxObjClass=Rule-HTML-Section&appliesTo=Rule-Obj-Property&pyRuleName=Property_TableEdit_PromptList&RequestClass=Rule-HTML-Section&RequestAppliesTo=Rule-Obj-Property&RequestRuleName=Property_TableEdit_PromptList Payload: "{\"RequestClass\":\"Rule-HTML-Section\",\"RequestAppliesTo\":\"Rule-Obj-Property\",\"RequestRuleName\":\"Property_TableEdit_PromptList\"}" => HTTP 404 (18 bytes)
[PegaHttpClient] 📡 POST https://zdk8budo.pegaacademy.net/prweb/PRRestService/v1/rules/query?pxObjClass=Rule-HTML-Section&appliesTo=Rule-Obj-Property&pyRuleName=Property_TableEdit_PromptList&RequestClass=Rule-HTML-Section&RequestAppliesTo=Rule-Obj-Property&RequestRuleName=Property_TableEdit_PromptList Payload: "{\"RequestClass\":\"Rule-HTML-Section\",\"RequestAppliesTo\":\"Rule-Obj-Property\",\"RequestRuleName\":\"Property_TableEdit_PromptList\"}" => HTTP 404 (18 bytes)
[PegaHttpClient] 📡 POST https://zdk8budo.pegaacademy.net/prweb/api/CodeIntelligence/v1/rules/query?pxObjClass=Rule-HTML-Section&appliesTo=Rule-Obj-Property&pyRuleName=RFProperty_PromptList&RequestClass=Rule-HTML-Section&RequestAppliesTo=Rule-Obj-Property&RequestRuleName=RFProperty_PromptList Payload: "{\"RequestClass\":\"Rule-HTML-Section\",\"RequestAppliesTo\":\"Rule-Obj-Property\",\"RequestRuleName\":\"RFProperty_PromptList\"}" => HTTP 200 (60535 bytes)
[PegaHttpClient] 📡 POST https://zdk8budo.pegaacademy.net/prweb/api/CodeIntelligence/v1/rules/query?pxObjClass=Rule-HTML-Section&appliesTo=Rule-Obj-Property&pyRuleName=pzLoadCollaborationScripts&RequestClass=Rule-HTML-Section&RequestAppliesTo=Rule-Obj-Property&RequestRuleName=pzLoadCollaborationScripts Payload: "{\"RequestClass\":\"Rule-HTML-Section\",\"RequestAppliesTo\":\"Rule-Obj-Property\",\"RequestRuleName\":\"pzLoadCollaborationScripts\"}" => HTTP 200 (23453 bytes)
[PegaHttpClient] 📡 POST https://zdk8budo.pegaacademy.net/prweb/api/CodeIntelligence/v1/rules/query?pxObjClass=Rule-HTML-Section&appliesTo=Rule-Obj-Property&pyRuleName=pzDisplayCollaboratorsList&RequestClass=Rule-HTML-Section&RequestAppliesTo=Rule-Obj-Property&RequestRuleName=pzDisplayCollaboratorsList Payload: "{\"RequestClass\":\"Rule-HTML-Section\",\"RequestAppliesTo\":\"Rule-Obj-Property\",\"RequestRuleName\":\"pzDisplayCollaboratorsList\"}" => HTTP 200 (105418 bytes)
[PegaHttpClient] 📡 POST https://zdk8budo.pegaacademy.net/prweb/api/CodeIntelligence/v1/rules/query?pxObjClass=Rule-HTML-Section&appliesTo=Rule-Obj-Property&pyRuleName=pzDataRetrievalOptions&RequestClass=Rule-HTML-Section&RequestAppliesTo=Rule-Obj-Property&RequestRuleName=pzDataRetrievalOptions Payload: "{\"RequestClass\":\"Rule-HTML-Section\",\"RequestAppliesTo\":\"Rule-Obj-Property\",\"RequestRuleName\":\"pzDataRetrievalOptions\"}" => HTTP 200 (81566 bytes)
[PegaHttpClient] 📡 POST https://zdk8budo.pegaacademy.net/prweb/api/CodeIntelligence/v1/rules/query?pxObjClass=Rule-HTML-Section&appliesTo=Rule-Obj-Property&pyRuleName=pzRuleCallParams&RequestClass=Rule-HTML-Section&RequestAppliesTo=Rule-Obj-Property&RequestRuleName=pzRuleCallParams Payload: "{\"RequestClass\":\"Rule-HTML-Section\",\"RequestAppliesTo\":\"Rule-Obj-Property\",\"RequestRuleName\":\"pzRuleCallParams\"}" => HTTP 200 (367091 bytes)
[PegaHttpClient] 📡 POST https://zdk8budo.pegaacademy.net/prweb/api/CodeIntelligence/v1/rules/query?pxObjClass=Rule-HTML-Section&appliesTo=Rule-Obj-Property&pyRuleName=pyCollaborator&RequestClass=Rule-HTML-Section&RequestAppliesTo=Rule-Obj-Property&RequestRuleName=pyCollaborator Payload: "{\"RequestClass\":\"Rule-HTML-Section\",\"RequestAppliesTo\":\"Rule-Obj-Property\",\"RequestRuleName\":\"pyCollaborator\"}" => HTTP 404 (109 bytes)
[PegaHttpClient] 📡 POST https://zdk8budo.pegaacademy.net/prweb/PRRestService/CodeIntelligence/v1/rules/query?pxObjClass=Rule-HTML-Section&appliesTo=Rule-Obj-Property&pyRuleName=pyCollaborator&RequestClass=Rule-HTML-Section&RequestAppliesTo=Rule-Obj-Property&RequestRuleName=pyCollaborator Payload: "{\"RequestClass\":\"Rule-HTML-Section\",\"RequestAppliesTo\":\"Rule-Obj-Property\",\"RequestRuleName\":\"pyCollaborator\"}" => HTTP 404 (109 bytes)
[PegaHttpClient] 📡 POST https://zdk8budo.pegaacademy.net/prweb/api/HRAppsV2Service/V1/rules/query?pxObjClass=Rule-HTML-Section&appliesTo=Rule-Obj-Property&pyRuleName=pyCollaborator&RequestClass=Rule-HTML-Section&RequestAppliesTo=Rule-Obj-Property&RequestRuleName=pyCollaborator Payload: "{\"RequestClass\":\"Rule-HTML-Section\",\"RequestAppliesTo\":\"Rule-Obj-Property\",\"RequestRuleName\":\"pyCollaborator\"}" => HTTP 404 (18 bytes)
[PegaHttpClient] 📡 POST https://zdk8budo.pegaacademy.net/prweb/PRRestService/HRAppsV2Service/V1/rules/query?pxObjClass=Rule-HTML-Section&appliesTo=Rule-Obj-Property&pyRuleName=pyCollaborator&RequestClass=Rule-HTML-Section&RequestAppliesTo=Rule-Obj-Property&RequestRuleName=pyCollaborator Payload: "{\"RequestClass\":\"Rule-HTML-Section\",\"RequestAppliesTo\":\"Rule-Obj-Property\",\"RequestRuleName\":\"pyCollaborator\"}" => HTTP 404 (18 bytes)
[PegaHttpClient] 📡 POST https://zdk8budo.pegaacademy.net/prweb/api/HRAppsV2/V1/rules/query?pxObjClass=Rule-HTML-Section&appliesTo=Rule-Obj-Property&pyRuleName=pyCollaborator&RequestClass=Rule-HTML-Section&RequestAppliesTo=Rule-Obj-Property&RequestRuleName=pyCollaborator Payload: "{\"RequestClass\":\"Rule-HTML-Section\",\"RequestAppliesTo\":\"Rule-Obj-Property\",\"RequestRuleName\":\"pyCollaborator\"}" => HTTP 404 (18 bytes)
[PegaHttpClient] 📡 POST https://zdk8budo.pegaacademy.net/prweb/PRRestService/HRAppsV2/V1/rules/query?pxObjClass=Rule-HTML-Section&appliesTo=Rule-Obj-Property&pyRuleName=pyCollaborator&RequestClass=Rule-HTML-Section&RequestAppliesTo=Rule-Obj-Property&RequestRuleName=pyCollaborator Payload: "{\"RequestClass\":\"Rule-HTML-Section\",\"RequestAppliesTo\":\"Rule-Obj-Property\",\"RequestRuleName\":\"pyCollaborator\"}" => HTTP 404 (18 bytes)
[PegaHttpClient] 📡 POST https://zdk8budo.pegaacademy.net/prweb/api/v1/rules/query?pxObjClass=Rule-HTML-Section&appliesTo=Rule-Obj-Property&pyRuleName=pyCollaborator&RequestClass=Rule-HTML-Section&RequestAppliesTo=Rule-Obj-Property&RequestRuleName=pyCollaborator Payload: "{\"RequestClass\":\"Rule-HTML-Section\",\"RequestAppliesTo\":\"Rule-Obj-Property\",\"RequestRuleName\":\"pyCollaborator\"}" => HTTP 404 (18 bytes)
[PegaHttpClient] 📡 POST https://zdk8budo.pegaacademy.net/prweb/PRRestService/v1/rules/query?pxObjClass=Rule-HTML-Section&appliesTo=Rule-Obj-Property&pyRuleName=pyCollaborator&RequestClass=Rule-HTML-Section&RequestAppliesTo=Rule-Obj-Property&RequestRuleName=pyCollaborator Payload: "{\"RequestClass\":\"Rule-HTML-Section\",\"RequestAppliesTo\":\"Rule-Obj-Property\",\"RequestRuleName\":\"pyCollaborator\"}" => HTTP 404 (18 bytes)
[PegaHttpClient] 📡 POST https://zdk8budo.pegaacademy.net/prweb/api/CodeIntelligence/v1/rules/query?pxObjClass=Rule-HTML-Section&appliesTo=Rule-Obj-Property&pyRuleName=pzDisplayPartialCount&RequestClass=Rule-HTML-Section&RequestAppliesTo=Rule-Obj-Property&RequestRuleName=pzDisplayPartialCount Payload: "{\"RequestClass\":\"Rule-HTML-Section\",\"RequestAppliesTo\":\"Rule-Obj-Property\",\"RequestRuleName\":\"pzDisplayPartialCount\"}" => HTTP 404 (116 bytes)
[PegaHttpClient] 📡 POST https://zdk8budo.pegaacademy.net/prweb/PRRestService/CodeIntelligence/v1/rules/query?pxObjClass=Rule-HTML-Section&appliesTo=Rule-Obj-Property&pyRuleName=pzDisplayPartialCount&RequestClass=Rule-HTML-Section&RequestAppliesTo=Rule-Obj-Property&RequestRuleName=pzDisplayPartialCount Payload: "{\"RequestClass\":\"Rule-HTML-Section\",\"RequestAppliesTo\":\"Rule-Obj-Property\",\"RequestRuleName\":\"pzDisplayPartialCount\"}" => HTTP 404 (116 bytes)
[PegaHttpClient] 📡 POST https://zdk8budo.pegaacademy.net/prweb/api/HRAppsV2Service/V1/rules/query?pxObjClass=Rule-HTML-Section&appliesTo=Rule-Obj-Property&pyRuleName=pzDisplayPartialCount&RequestClass=Rule-HTML-Section&RequestAppliesTo=Rule-Obj-Property&RequestRuleName=pzDisplayPartialCount Payload: "{\"RequestClass\":\"Rule-HTML-Section\",\"RequestAppliesTo\":\"Rule-Obj-Property\",\"RequestRuleName\":\"pzDisplayPartialCount\"}" => HTTP 404 (18 bytes)
[PegaHttpClient] 📡 POST https://zdk8budo.pegaacademy.net/prweb/PRRestService/HRAppsV2Service/V1/rules/query?pxObjClass=Rule-HTML-Section&appliesTo=Rule-Obj-Property&pyRuleName=pzDisplayPartialCount&RequestClass=Rule-HTML-Section&RequestAppliesTo=Rule-Obj-Property&RequestRuleName=pzDisplayPartialCount Payload: "{\"RequestClass\":\"Rule-HTML-Section\",\"RequestAppliesTo\":\"Rule-Obj-Property\",\"RequestRuleName\":\"pzDisplayPartialCount\"}" => HTTP 404 (18 bytes)
[PegaHttpClient] 📡 POST https://zdk8budo.pegaacademy.net/prweb/api/HRAppsV2/V1/rules/query?pxObjClass=Rule-HTML-Section&appliesTo=Rule-Obj-Property&pyRuleName=pzDisplayPartialCount&RequestClass=Rule-HTML-Section&RequestAppliesTo=Rule-Obj-Property&RequestRuleName=pzDisplayPartialCount Payload: "{\"RequestClass\":\"Rule-HTML-Section\",\"RequestAppliesTo\":\"Rule-Obj-Property\",\"RequestRuleName\":\"pzDisplayPartialCount\"}" => HTTP 404 (18 bytes)
[PegaHttpClient] 📡 POST https://zdk8budo.pegaacademy.net/prweb/PRRestService/HRAppsV2/V1/rules/query?pxObjClass=Rule-HTML-Section&appliesTo=Rule-Obj-Property&pyRuleName=pzDisplayPartialCount&RequestClass=Rule-HTML-Section&RequestAppliesTo=Rule-Obj-Property&RequestRuleName=pzDisplayPartialCount Payload: "{\"RequestClass\":\"Rule-HTML-Section\",\"RequestAppliesTo\":\"Rule-Obj-Property\",\"RequestRuleName\":\"pzDisplayPartialCount\"}" => HTTP 404 (18 bytes)
[PegaHttpClient] 📡 POST https://zdk8budo.pegaacademy.net/prweb/api/v1/rules/query?pxObjClass=Rule-HTML-Section&appliesTo=Rule-Obj-Property&pyRuleName=pzDisplayPartialCount&RequestClass=Rule-HTML-Section&RequestAppliesTo=Rule-Obj-Property&RequestRuleName=pzDisplayPartialCount Payload: "{\"RequestClass\":\"Rule-HTML-Section\",\"RequestAppliesTo\":\"Rule-Obj-Property\",\"RequestRuleName\":\"pzDisplayPartialCount\"}" => HTTP 404 (18 bytes)
[PegaHttpClient] 📡 POST https://zdk8budo.pegaacademy.net/prweb/PRRestService/v1/rules/query?pxObjClass=Rule-HTML-Section&appliesTo=Rule-Obj-Property&pyRuleName=pzDisplayPartialCount&RequestClass=Rule-HTML-Section&RequestAppliesTo=Rule-Obj-Property&RequestRuleName=pzDisplayPartialCount Payload: "{\"RequestClass\":\"Rule-HTML-Section\",\"RequestAppliesTo\":\"Rule-Obj-Property\",\"RequestRuleName\":\"pzDisplayPartialCount\"}" => HTTP 404 (18 bytes)
[PegaHttpClient] 📡 POST https://zdk8budo.pegaacademy.net/prweb/api/CodeIntelligence/v1/rules/query?pxObjClass=Rule-HTML-Section&appliesTo=Rule-Obj-Property&pyRuleName=pzHelpText&RequestClass=Rule-HTML-Section&RequestAppliesTo=Rule-Obj-Property&RequestRuleName=pzHelpText Payload: "{\"RequestClass\":\"Rule-HTML-Section\",\"RequestAppliesTo\":\"Rule-Obj-Property\",\"RequestRuleName\":\"pzHelpText\"}" => HTTP 200 (51772 bytes)
[PegaHttpClient] 📡 POST https://zdk8budo.pegaacademy.net/prweb/api/CodeIntelligence/v1/rules/query?pxObjClass=Rule-HTML-Section&appliesTo=Rule-Obj-Property&pyRuleName=pzAdvancedPropertyTypes&RequestClass=Rule-HTML-Section&RequestAppliesTo=Rule-Obj-Property&RequestRuleName=pzAdvancedPropertyTypes Payload: "{\"RequestClass\":\"Rule-HTML-Section\",\"RequestAppliesTo\":\"Rule-Obj-Property\",\"RequestRuleName\":\"pzAdvancedPropertyTypes\"}" => HTTP 200 (60619 bytes)
[PegaHttpClient] 📡 POST https://zdk8budo.pegaacademy.net/prweb/api/CodeIntelligence/v1/rules/query?pxObjClass=Rule-HTML-Section&appliesTo=Rule-Obj-Property&pyRuleName=pzDataPage&RequestClass=Rule-HTML-Section&RequestAppliesTo=Rule-Obj-Property&RequestRuleName=pzDataPage Payload: "{\"RequestClass\":\"Rule-HTML-Section\",\"RequestAppliesTo\":\"Rule-Obj-Property\",\"RequestRuleName\":\"pzDataPage\"}" => HTTP 200 (208192 bytes)
[PegaHttpClient] 📡 POST https://zdk8budo.pegaacademy.net/prweb/api/CodeIntelligence/v1/rules/query?pxObjClass=Rule-HTML-Section&appliesTo=Rule-Obj-Property&pyRuleName=pzOldAutoPopulate&RequestClass=Rule-HTML-Section&RequestAppliesTo=Rule-Obj-Property&RequestRuleName=pzOldAutoPopulate Payload: "{\"RequestClass\":\"Rule-HTML-Section\",\"RequestAppliesTo\":\"Rule-Obj-Property\",\"RequestRuleName\":\"pzOldAutoPopulate\"}" => HTTP 200 (100270 bytes)
[PegaHttpClient] 📡 POST https://zdk8budo.pegaacademy.net/prweb/api/CodeIntelligence/v1/rules/query?pxObjClass=Rule-HTML-Section&appliesTo=Rule-Obj-Property&pyRuleName=pzRuleCallParamsPreProcessing&RequestClass=Rule-HTML-Section&RequestAppliesTo=Rule-Obj-Property&RequestRuleName=pzRuleCallParamsPreProcessing Payload: "{\"RequestClass\":\"Rule-HTML-Section\",\"RequestAppliesTo\":\"Rule-Obj-Property\",\"RequestRuleName\":\"pzRuleCallParamsPreProcessing\"}" => HTTP 200 (42275 bytes)
[PegaHttpClient] 📡 POST https://zdk8budo.pegaacademy.net/prweb/api/CodeIntelligence/v1/rules/query?pxObjClass=Rule-HTML-Section&appliesTo=Rule-Obj-Property&pyRuleName=pzRuleCallParamsInner&RequestClass=Rule-HTML-Section&RequestAppliesTo=Rule-Obj-Property&RequestRuleName=pzRuleCallParamsInner Payload: "{\"RequestClass\":\"Rule-HTML-Section\",\"RequestAppliesTo\":\"Rule-Obj-Property\",\"RequestRuleName\":\"pzRuleCallParamsInner\"}" => HTTP 404 (116 bytes)
[PegaHttpClient] 📡 POST https://zdk8budo.pegaacademy.net/prweb/PRRestService/CodeIntelligence/v1/rules/query?pxObjClass=Rule-HTML-Section&appliesTo=Rule-Obj-Property&pyRuleName=pzRuleCallParamsInner&RequestClass=Rule-HTML-Section&RequestAppliesTo=Rule-Obj-Property&RequestRuleName=pzRuleCallParamsInner Payload: "{\"RequestClass\":\"Rule-HTML-Section\",\"RequestAppliesTo\":\"Rule-Obj-Property\",\"RequestRuleName\":\"pzRuleCallParamsInner\"}" => HTTP 404 (116 bytes)
[PegaHttpClient] 📡 POST https://zdk8budo.pegaacademy.net/prweb/api/HRAppsV2Service/V1/rules/query?pxObjClass=Rule-HTML-Section&appliesTo=Rule-Obj-Property&pyRuleName=pzRuleCallParamsInner&RequestClass=Rule-HTML-Section&RequestAppliesTo=Rule-Obj-Property&RequestRuleName=pzRuleCallParamsInner Payload: "{\"RequestClass\":\"Rule-HTML-Section\",\"RequestAppliesTo\":\"Rule-Obj-Property\",\"RequestRuleName\":\"pzRuleCallParamsInner\"}" => HTTP 404 (18 bytes)
[PegaHttpClient] 📡 POST https://zdk8budo.pegaacademy.net/prweb/PRRestService/HRAppsV2Service/V1/rules/query?pxObjClass=Rule-HTML-Section&appliesTo=Rule-Obj-Property&pyRuleName=pzRuleCallParamsInner&RequestClass=Rule-HTML-Section&RequestAppliesTo=Rule-Obj-Property&RequestRuleName=pzRuleCallParamsInner Payload: "{\"RequestClass\":\"Rule-HTML-Section\",\"RequestAppliesTo\":\"Rule-Obj-Property\",\"RequestRuleName\":\"pzRuleCallParamsInner\"}" => HTTP 404 (18 bytes)
[PegaHttpClient] 📡 POST https://zdk8budo.pegaacademy.net/prweb/api/HRAppsV2/V1/rules/query?pxObjClass=Rule-HTML-Section&appliesTo=Rule-Obj-Property&pyRuleName=pzRuleCallParamsInner&RequestClass=Rule-HTML-Section&RequestAppliesTo=Rule-Obj-Property&RequestRuleName=pzRuleCallParamsInner Payload: "{\"RequestClass\":\"Rule-HTML-Section\",\"RequestAppliesTo\":\"Rule-Obj-Property\",\"RequestRuleName\":\"pzRuleCallParamsInner\"}" => HTTP 404 (18 bytes)
[PegaHttpClient] 📡 POST https://zdk8budo.pegaacademy.net/prweb/PRRestService/HRAppsV2/V1/rules/query?pxObjClass=Rule-HTML-Section&appliesTo=Rule-Obj-Property&pyRuleName=pzRuleCallParamsInner&RequestClass=Rule-HTML-Section&RequestAppliesTo=Rule-Obj-Property&RequestRuleName=pzRuleCallParamsInner Payload: "{\"RequestClass\":\"Rule-HTML-Section\",\"RequestAppliesTo\":\"Rule-Obj-Property\",\"RequestRuleName\":\"pzRuleCallParamsInner\"}" => HTTP 404 (18 bytes)
[PegaHttpClient] 📡 POST https://zdk8budo.pegaacademy.net/prweb/api/v1/rules/query?pxObjClass=Rule-HTML-Section&appliesTo=Rule-Obj-Property&pyRuleName=pzRuleCallParamsInner&RequestClass=Rule-HTML-Section&RequestAppliesTo=Rule-Obj-Property&RequestRuleName=pzRuleCallParamsInner Payload: "{\"RequestClass\":\"Rule-HTML-Section\",\"RequestAppliesTo\":\"Rule-Obj-Property\",\"RequestRuleName\":\"pzRuleCallParamsInner\"}" => HTTP 404 (18 bytes)
[PegaHttpClient] 📡 POST https://zdk8budo.pegaacademy.net/prweb/PRRestService/v1/rules/query?pxObjClass=Rule-HTML-Section&appliesTo=Rule-Obj-Property&pyRuleName=pzRuleCallParamsInner&RequestClass=Rule-HTML-Section&RequestAppliesTo=Rule-Obj-Property&RequestRuleName=pzRuleCallParamsInner Payload: "{\"RequestClass\":\"Rule-HTML-Section\",\"RequestAppliesTo\":\"Rule-Obj-Property\",\"RequestRuleName\":\"pzRuleCallParamsInner\"}" => HTTP 404 (18 bytes)
[PegaHttpClient] 📡 POST https://zdk8budo.pegaacademy.net/prweb/api/CodeIntelligence/v1/rules/query?pxObjClass=Rule-HTML-Section&appliesTo=Rule-Obj-Property&pyRuleName=pzRuleCallParamsInnerForGenAI&RequestClass=Rule-HTML-Section&RequestAppliesTo=Rule-Obj-Property&RequestRuleName=pzRuleCallParamsInnerForGenAI Payload: "{\"RequestClass\":\"Rule-HTML-Section\",\"RequestAppliesTo\":\"Rule-Obj-Property\",\"RequestRuleName\":\"pzRuleCallParamsInnerForGenAI\"}" => HTTP 404 (124 bytes)
[PegaHttpClient] 📡 POST https://zdk8budo.pegaacademy.net/prweb/PRRestService/CodeIntelligence/v1/rules/query?pxObjClass=Rule-HTML-Section&appliesTo=Rule-Obj-Property&pyRuleName=pzRuleCallParamsInnerForGenAI&RequestClass=Rule-HTML-Section&RequestAppliesTo=Rule-Obj-Property&RequestRuleName=pzRuleCallParamsInnerForGenAI Payload: "{\"RequestClass\":\"Rule-HTML-Section\",\"RequestAppliesTo\":\"Rule-Obj-Property\",\"RequestRuleName\":\"pzRuleCallParamsInnerForGenAI\"}" => HTTP 404 (124 bytes)
[PegaHttpClient] 📡 POST https://zdk8budo.pegaacademy.net/prweb/api/HRAppsV2Service/V1/rules/query?pxObjClass=Rule-HTML-Section&appliesTo=Rule-Obj-Property&pyRuleName=pzRuleCallParamsInnerForGenAI&RequestClass=Rule-HTML-Section&RequestAppliesTo=Rule-Obj-Property&RequestRuleName=pzRuleCallParamsInnerForGenAI Payload: "{\"RequestClass\":\"Rule-HTML-Section\",\"RequestAppliesTo\":\"Rule-Obj-Property\",\"RequestRuleName\":\"pzRuleCallParamsInnerForGenAI\"}" => HTTP 404 (18 bytes)
[PegaHttpClient] 📡 POST https://zdk8budo.pegaacademy.net/prweb/PRRestService/HRAppsV2Service/V1/rules/query?pxObjClass=Rule-HTML-Section&appliesTo=Rule-Obj-Property&pyRuleName=pzRuleCallParamsInnerForGenAI&RequestClass=Rule-HTML-Section&RequestAppliesTo=Rule-Obj-Property&RequestRuleName=pzRuleCallParamsInnerForGenAI Payload: "{\"RequestClass\":\"Rule-HTML-Section\",\"RequestAppliesTo\":\"Rule-Obj-Property\",\"RequestRuleName\":\"pzRuleCallParamsInnerForGenAI\"}" => HTTP 404 (18 bytes)
[PegaHttpClient] 📡 POST https://zdk8budo.pegaacademy.net/prweb/api/HRAppsV2/V1/rules/query?pxObjClass=Rule-HTML-Section&appliesTo=Rule-Obj-Property&pyRuleName=pzRuleCallParamsInnerForGenAI&RequestClass=Rule-HTML-Section&RequestAppliesTo=Rule-Obj-Property&RequestRuleName=pzRuleCallParamsInnerForGenAI Payload: "{\"RequestClass\":\"Rule-HTML-Section\",\"RequestAppliesTo\":\"Rule-Obj-Property\",\"RequestRuleName\":\"pzRuleCallParamsInnerForGenAI\"}" => HTTP 404 (18 bytes)
[PegaHttpClient] 📡 POST https://zdk8budo.pegaacademy.net/prweb/PRRestService/HRAppsV2/V1/rules/query?pxObjClass=Rule-HTML-Section&appliesTo=Rule-Obj-Property&pyRuleName=pzRuleCallParamsInnerForGenAI&RequestClass=Rule-HTML-Section&RequestAppliesTo=Rule-Obj-Property&RequestRuleName=pzRuleCallParamsInnerForGenAI Payload: "{\"RequestClass\":\"Rule-HTML-Section\",\"RequestAppliesTo\":\"Rule-Obj-Property\",\"RequestRuleName\":\"pzRuleCallParamsInnerForGenAI\"}" => HTTP 404 (18 bytes)
[PegaHttpClient] 📡 POST https://zdk8budo.pegaacademy.net/prweb/api/v1/rules/query?pxObjClass=Rule-HTML-Section&appliesTo=Rule-Obj-Property&pyRuleName=pzRuleCallParamsInnerForGenAI&RequestClass=Rule-HTML-Section&RequestAppliesTo=Rule-Obj-Property&RequestRuleName=pzRuleCallParamsInnerForGenAI Payload: "{\"RequestClass\":\"Rule-HTML-Section\",\"RequestAppliesTo\":\"Rule-Obj-Property\",\"RequestRuleName\":\"pzRuleCallParamsInnerForGenAI\"}" => HTTP 404 (18 bytes)
[PegaHttpClient] 📡 POST https://zdk8budo.pegaacademy.net/prweb/PRRestService/v1/rules/query?pxObjClass=Rule-HTML-Section&appliesTo=Rule-Obj-Property&pyRuleName=pzRuleCallParamsInnerForGenAI&RequestClass=Rule-HTML-Section&RequestAppliesTo=Rule-Obj-Property&RequestRuleName=pzRuleCallParamsInnerForGenAI Payload: "{\"RequestClass\":\"Rule-HTML-Section\",\"RequestAppliesTo\":\"Rule-Obj-Property\",\"RequestRuleName\":\"pzRuleCallParamsInnerForGenAI\"}" => HTTP 404 (18 bytes)
[PegaHttpClient] 📡 POST https://zdk8budo.pegaacademy.net/prweb/api/CodeIntelligence/v1/rules/query?pxObjClass=Rule-HTML-Section&appliesTo=Rule-Obj-Property&pyRuleName=pzDataObject&RequestClass=Rule-HTML-Section&RequestAppliesTo=Rule-Obj-Property&RequestRuleName=pzDataObject Payload: "{\"RequestClass\":\"Rule-HTML-Section\",\"RequestAppliesTo\":\"Rule-Obj-Property\",\"RequestRuleName\":\"pzDataObject\"}" => HTTP 200 (324600 bytes)
[PegaHttpClient] 📡 POST https://zdk8budo.pegaacademy.net/prweb/api/CodeIntelligence/v1/rules/query?pxObjClass=Rule-HTML-Section&appliesTo=Rule-Obj-Property&pyRuleName=pzDODTParamList&RequestClass=Rule-HTML-Section&RequestAppliesTo=Rule-Obj-Property&RequestRuleName=pzDODTParamList Payload: "{\"RequestClass\":\"Rule-HTML-Section\",\"RequestAppliesTo\":\"Rule-Obj-Property\",\"RequestRuleName\":\"pzDODTParamList\"}" => HTTP 200 (17301 bytes)
[PegaHttpClient] 📡 POST https://zdk8budo.pegaacademy.net/prweb/api/CodeIntelligence/v1/rules/query?pxObjClass=Rule-HTML-Section&appliesTo=Rule-Obj-Property&pyRuleName=pzDisplayWarningForAdditionalProp&RequestClass=Rule-HTML-Section&RequestAppliesTo=Rule-Obj-Property&RequestRuleName=pzDisplayWarningForAdditionalProp Payload: "{\"RequestClass\":\"Rule-HTML-Section\",\"RequestAppliesTo\":\"Rule-Obj-Property\",\"RequestRuleName\":\"pzDisplayWarningForAdditionalProp\"}" => HTTP 200 (22565 bytes)
[SchemaGen] ✅ Schema written for Rule-Obj-Property
[PegaHttpClient] 📡 GET https://zdk8budo.pegaacademy.net/prweb/api/CodeIntelligence/v1/rules/RULE-HTML-HARNESS%20RULE-OBJ-JSP%20RULEFORM%20%2320180713T135125.078%20GMT => HTTP 200 (59415 bytes)
[PegaHttpClient] 📡 POST https://zdk8budo.pegaacademy.net/prweb/api/CodeIntelligence/v1/rules/query?pxObjClass=Rule-HTML-Section&appliesTo=Rule-Obj-JSP&pyRuleName=RuleFormMain&RequestClass=Rule-HTML-Section&RequestAppliesTo=Rule-Obj-JSP&RequestRuleName=RuleFormMain Payload: "{\"RequestClass\":\"Rule-HTML-Section\",\"RequestAppliesTo\":\"Rule-Obj-JSP\",\"RequestRuleName\":\"RuleFormMain\"}" => HTTP 200 (156234 bytes)
[PegaHttpClient] 📡 POST https://zdk8budo.pegaacademy.net/prweb/api/CodeIntelligence/v1/rules/query?pxObjClass=Rule-HTML-Section&appliesTo=Rule-Obj-JSP&pyRuleName=pxAlternateRuleForm&RequestClass=Rule-HTML-Section&RequestAppliesTo=Rule-Obj-JSP&RequestRuleName=pxAlternateRuleForm Payload: "{\"RequestClass\":\"Rule-HTML-Section\",\"RequestAppliesTo\":\"Rule-Obj-JSP\",\"RequestRuleName\":\"pxAlternateRuleForm\"}" => HTTP 200 (66153 bytes)
[PegaHttpClient] 📡 POST https://zdk8budo.pegaacademy.net/prweb/api/CodeIntelligence/v1/rules/query?pxObjClass=Rule-HTML-Section&appliesTo=Rule-Obj-JSP&pyRuleName=pzRuleFormScripts&RequestClass=Rule-HTML-Section&RequestAppliesTo=Rule-Obj-JSP&RequestRuleName=pzRuleFormScripts Payload: "{\"RequestClass\":\"Rule-HTML-Section\",\"RequestAppliesTo\":\"Rule-Obj-JSP\",\"RequestRuleName\":\"pzRuleFormScripts\"}" => HTTP 200 (40822 bytes)
[PegaHttpClient] 📡 POST https://zdk8budo.pegaacademy.net/prweb/api/CodeIntelligence/v1/rules/query?pxObjClass=Rule-HTML-Section&appliesTo=Rule-Obj-JSP&pyRuleName=pzRuleFormLayoutDelegated&RequestClass=Rule-HTML-Section&RequestAppliesTo=Rule-Obj-JSP&RequestRuleName=pzRuleFormLayoutDelegated Payload: "{\"RequestClass\":\"Rule-HTML-Section\",\"RequestAppliesTo\":\"Rule-Obj-JSP\",\"RequestRuleName\":\"pzRuleFormLayoutDelegated\"}" => HTTP 200 (70998 bytes)
[PegaHttpClient] 📡 POST https://zdk8budo.pegaacademy.net/prweb/api/CodeIntelligence/v1/rules/query?pxObjClass=Rule-HTML-Section&appliesTo=Rule-Obj-JSP&pyRuleName=RuleFormLayout&RequestClass=Rule-HTML-Section&RequestAppliesTo=Rule-Obj-JSP&RequestRuleName=RuleFormLayout Payload: "{\"RequestClass\":\"Rule-HTML-Section\",\"RequestAppliesTo\":\"Rule-Obj-JSP\",\"RequestRuleName\":\"RuleFormLayout\"}" => HTTP 200 (64376 bytes)
[PegaHttpClient] 📡 POST https://zdk8budo.pegaacademy.net/prweb/api/CodeIntelligence/v1/rules/query?pxObjClass=Rule-HTML-Section&appliesTo=Rule-Obj-JSP&pyRuleName=RuleFormSettings&RequestClass=Rule-HTML-Section&RequestAppliesTo=Rule-Obj-JSP&RequestRuleName=RuleFormSettings Payload: "{\"RequestClass\":\"Rule-HTML-Section\",\"RequestAppliesTo\":\"Rule-Obj-JSP\",\"RequestRuleName\":\"RuleFormSettings\"}" => HTTP 200 (20540 bytes)
[PegaHttpClient] 📡 POST https://zdk8budo.pegaacademy.net/prweb/api/CodeIntelligence/v1/rules/query?pxObjClass=Rule-HTML-Section&appliesTo=Rule-Obj-JSP&pyRuleName=OpenAuthoring&RequestClass=Rule-HTML-Section&RequestAppliesTo=Rule-Obj-JSP&RequestRuleName=OpenAuthoring Payload: "{\"RequestClass\":\"Rule-HTML-Section\",\"RequestAppliesTo\":\"Rule-Obj-JSP\",\"RequestRuleName\":\"OpenAuthoring\"}" => HTTP 200 (23695 bytes)
[PegaHttpClient] 📡 POST https://zdk8budo.pegaacademy.net/prweb/api/CodeIntelligence/v1/rules/query?pxObjClass=Rule-HTML-Section&appliesTo=Rule-Obj-JSP&pyRuleName=pyCustomHelp&RequestClass=Rule-HTML-Section&RequestAppliesTo=Rule-Obj-JSP&RequestRuleName=pyCustomHelp Payload: "{\"RequestClass\":\"Rule-HTML-Section\",\"RequestAppliesTo\":\"Rule-Obj-JSP\",\"RequestRuleName\":\"pyCustomHelp\"}" => HTTP 200 (17256 bytes)
[PegaHttpClient] 📡 POST https://zdk8budo.pegaacademy.net/prweb/api/CodeIntelligence/v1/rules/query?pxObjClass=Rule-HTML-Section&appliesTo=Rule-Obj-JSP&pyRuleName=pzRuleformMainInclude&RequestClass=Rule-HTML-Section&RequestAppliesTo=Rule-Obj-JSP&RequestRuleName=pzRuleformMainInclude Payload: "{\"RequestClass\":\"Rule-HTML-Section\",\"RequestAppliesTo\":\"Rule-Obj-JSP\",\"RequestRuleName\":\"pzRuleformMainInclude\"}" => HTTP 200 (22375 bytes)
[PegaHttpClient] 📡 POST https://zdk8budo.pegaacademy.net/prweb/api/CodeIntelligence/v1/rules/query?pxObjClass=Rule-HTML-Section&appliesTo=Rule-Obj-JSP&pyRuleName=pyAlternativeRuleFormStrategicAppExtension&RequestClass=Rule-HTML-Section&RequestAppliesTo=Rule-Obj-JSP&RequestRuleName=pyAlternativeRuleFormStrategicAppExtension Payload: "{\"RequestClass\":\"Rule-HTML-Section\",\"RequestAppliesTo\":\"Rule-Obj-JSP\",\"RequestRuleName\":\"pyAlternativeRuleFormStrategicAppExtension\"}" => HTTP 200 (25042 bytes)
[PegaHttpClient] 📡 POST https://zdk8budo.pegaacademy.net/prweb/api/CodeIntelligence/v1/rules/query?pxObjClass=Rule-HTML-Section&appliesTo=Rule-Obj-JSP&pyRuleName=pyAlternativeRuleFormExtension&RequestClass=Rule-HTML-Section&RequestAppliesTo=Rule-Obj-JSP&RequestRuleName=pyAlternativeRuleFormExtension Payload: "{\"RequestClass\":\"Rule-HTML-Section\",\"RequestAppliesTo\":\"Rule-Obj-JSP\",\"RequestRuleName\":\"pyAlternativeRuleFormExtension\"}" => HTTP 200 (24863 bytes)
[PegaHttpClient] 📡 POST https://zdk8budo.pegaacademy.net/prweb/api/CodeIntelligence/v1/rules/query?pxObjClass=Rule-HTML-Section&appliesTo=Rule-Obj-JSP&pyRuleName=RuleFormHeader&RequestClass=Rule-HTML-Section&RequestAppliesTo=Rule-Obj-JSP&RequestRuleName=RuleFormHeader Payload: "{\"RequestClass\":\"Rule-HTML-Section\",\"RequestAppliesTo\":\"Rule-Obj-JSP\",\"RequestRuleName\":\"RuleFormHeader\"}" => HTTP 200 (183800 bytes)
[PegaHttpClient] 📡 POST https://zdk8budo.pegaacademy.net/prweb/api/CodeIntelligence/v1/rules/query?pxObjClass=Rule-HTML-Section&appliesTo=Rule-Obj-JSP&pyRuleName=pzDelegationExperience&RequestClass=Rule-HTML-Section&RequestAppliesTo=Rule-Obj-JSP&RequestRuleName=pzDelegationExperience Payload: "{\"RequestClass\":\"Rule-HTML-Section\",\"RequestAppliesTo\":\"Rule-Obj-JSP\",\"RequestRuleName\":\"pzDelegationExperience\"}" => HTTP 404 (112 bytes)
[PegaHttpClient] 📡 POST https://zdk8budo.pegaacademy.net/prweb/PRRestService/CodeIntelligence/v1/rules/query?pxObjClass=Rule-HTML-Section&appliesTo=Rule-Obj-JSP&pyRuleName=pzDelegationExperience&RequestClass=Rule-HTML-Section&RequestAppliesTo=Rule-Obj-JSP&RequestRuleName=pzDelegationExperience Payload: "{\"RequestClass\":\"Rule-HTML-Section\",\"RequestAppliesTo\":\"Rule-Obj-JSP\",\"RequestRuleName\":\"pzDelegationExperience\"}" => HTTP 404 (112 bytes)
[PegaHttpClient] 📡 POST https://zdk8budo.pegaacademy.net/prweb/api/HRAppsV2Service/V1/rules/query?pxObjClass=Rule-HTML-Section&appliesTo=Rule-Obj-JSP&pyRuleName=pzDelegationExperience&RequestClass=Rule-HTML-Section&RequestAppliesTo=Rule-Obj-JSP&RequestRuleName=pzDelegationExperience Payload: "{\"RequestClass\":\"Rule-HTML-Section\",\"RequestAppliesTo\":\"Rule-Obj-JSP\",\"RequestRuleName\":\"pzDelegationExperience\"}" => HTTP 404 (18 bytes)
[PegaHttpClient] 📡 POST https://zdk8budo.pegaacademy.net/prweb/PRRestService/HRAppsV2Service/V1/rules/query?pxObjClass=Rule-HTML-Section&appliesTo=Rule-Obj-JSP&pyRuleName=pzDelegationExperience&RequestClass=Rule-HTML-Section&RequestAppliesTo=Rule-Obj-JSP&RequestRuleName=pzDelegationExperience Payload: "{\"RequestClass\":\"Rule-HTML-Section\",\"RequestAppliesTo\":\"Rule-Obj-JSP\",\"RequestRuleName\":\"pzDelegationExperience\"}" => HTTP 404 (18 bytes)
[PegaHttpClient] 📡 POST https://zdk8budo.pegaacademy.net/prweb/api/HRAppsV2/V1/rules/query?pxObjClass=Rule-HTML-Section&appliesTo=Rule-Obj-JSP&pyRuleName=pzDelegationExperience&RequestClass=Rule-HTML-Section&RequestAppliesTo=Rule-Obj-JSP&RequestRuleName=pzDelegationExperience Payload: "{\"RequestClass\":\"Rule-HTML-Section\",\"RequestAppliesTo\":\"Rule-Obj-JSP\",\"RequestRuleName\":\"pzDelegationExperience\"}" => HTTP 404 (18 bytes)
[PegaHttpClient] 📡 POST https://zdk8budo.pegaacademy.net/prweb/PRRestService/HRAppsV2/V1/rules/query?pxObjClass=Rule-HTML-Section&appliesTo=Rule-Obj-JSP&pyRuleName=pzDelegationExperience&RequestClass=Rule-HTML-Section&RequestAppliesTo=Rule-Obj-JSP&RequestRuleName=pzDelegationExperience Payload: "{\"RequestClass\":\"Rule-HTML-Section\",\"RequestAppliesTo\":\"Rule-Obj-JSP\",\"RequestRuleName\":\"pzDelegationExperience\"}" => HTTP 404 (18 bytes)
[PegaHttpClient] 📡 POST https://zdk8budo.pegaacademy.net/prweb/api/v1/rules/query?pxObjClass=Rule-HTML-Section&appliesTo=Rule-Obj-JSP&pyRuleName=pzDelegationExperience&RequestClass=Rule-HTML-Section&RequestAppliesTo=Rule-Obj-JSP&RequestRuleName=pzDelegationExperience Payload: "{\"RequestClass\":\"Rule-HTML-Section\",\"RequestAppliesTo\":\"Rule-Obj-JSP\",\"RequestRuleName\":\"pzDelegationExperience\"}" => HTTP 404 (18 bytes)
[PegaHttpClient] 📡 POST https://zdk8budo.pegaacademy.net/prweb/PRRestService/v1/rules/query?pxObjClass=Rule-HTML-Section&appliesTo=Rule-Obj-JSP&pyRuleName=pzDelegationExperience&RequestClass=Rule-HTML-Section&RequestAppliesTo=Rule-Obj-JSP&RequestRuleName=pzDelegationExperience Payload: "{\"RequestClass\":\"Rule-HTML-Section\",\"RequestAppliesTo\":\"Rule-Obj-JSP\",\"RequestRuleName\":\"pzDelegationExperience\"}" => HTTP 404 (18 bytes)
[PegaHttpClient] 📡 POST https://zdk8budo.pegaacademy.net/prweb/api/CodeIntelligence/v1/rules/query?pxObjClass=Rule-HTML-Section&appliesTo=Rule-Obj-JSP&pyRuleName=JSP&RequestClass=Rule-HTML-Section&RequestAppliesTo=Rule-Obj-JSP&RequestRuleName=JSP Payload: "{\"RequestClass\":\"Rule-HTML-Section\",\"RequestAppliesTo\":\"Rule-Obj-JSP\",\"RequestRuleName\":\"JSP\"}" => HTTP 200 (82406 bytes)
[PegaHttpClient] 📡 POST https://zdk8budo.pegaacademy.net/prweb/api/CodeIntelligence/v1/rules/query?pxObjClass=Rule-HTML-Section&appliesTo=Rule-Obj-JSP&pyRuleName=pzPagesAndClassesWithMode&RequestClass=Rule-HTML-Section&RequestAppliesTo=Rule-Obj-JSP&RequestRuleName=pzPagesAndClassesWithMode Payload: "{\"RequestClass\":\"Rule-HTML-Section\",\"RequestAppliesTo\":\"Rule-Obj-JSP\",\"RequestRuleName\":\"pzPagesAndClassesWithMode\"}" => HTTP 200 (97424 bytes)
[PegaHttpClient] 📡 POST https://zdk8budo.pegaacademy.net/prweb/api/CodeIntelligence/v1/rules/query?pxObjClass=Rule-HTML-Section&appliesTo=Rule-Obj-JSP&pyRuleName=pzSpecifications&RequestClass=Rule-HTML-Section&RequestAppliesTo=Rule-Obj-JSP&RequestRuleName=pzSpecifications Payload: "{\"RequestClass\":\"Rule-HTML-Section\",\"RequestAppliesTo\":\"Rule-Obj-JSP\",\"RequestRuleName\":\"pzSpecifications\"}" => HTTP 200 (16577 bytes)
[PegaHttpClient] 📡 POST https://zdk8budo.pegaacademy.net/prweb/api/CodeIntelligence/v1/rules/query?pxObjClass=Rule-HTML-Section&appliesTo=Rule-Obj-JSP&pyRuleName=RuleFormHistory&RequestClass=Rule-HTML-Section&RequestAppliesTo=Rule-Obj-JSP&RequestRuleName=RuleFormHistory Payload: "{\"RequestClass\":\"Rule-HTML-Section\",\"RequestAppliesTo\":\"Rule-Obj-JSP\",\"RequestRuleName\":\"RuleFormHistory\"}" => HTTP 200 (76091 bytes)
[PegaHttpClient] 📡 POST https://zdk8budo.pegaacademy.net/prweb/api/CodeIntelligence/v1/rules/query?pxObjClass=Rule-HTML-Section&appliesTo=Rule-Obj-JSP&pyRuleName=pzCustomHelp&RequestClass=Rule-HTML-Section&RequestAppliesTo=Rule-Obj-JSP&RequestRuleName=pzCustomHelp Payload: "{\"RequestClass\":\"Rule-HTML-Section\",\"RequestAppliesTo\":\"Rule-Obj-JSP\",\"RequestRuleName\":\"pzCustomHelp\"}" => HTTP 200 (31573 bytes)
[PegaHttpClient] 📡 POST https://zdk8budo.pegaacademy.net/prweb/api/CodeIntelligence/v1/rules/query?pxObjClass=Rule-HTML-Section&appliesTo=Rule-Obj-JSP&pyRuleName=pzRuleFormKeysAndDescription&RequestClass=Rule-HTML-Section&RequestAppliesTo=Rule-Obj-JSP&RequestRuleName=pzRuleFormKeysAndDescription Payload: "{\"RequestClass\":\"Rule-HTML-Section\",\"RequestAppliesTo\":\"Rule-Obj-JSP\",\"RequestRuleName\":\"pzRuleFormKeysAndDescription\"}" => HTTP 200 (218057 bytes)
[PegaHttpClient] 📡 POST https://zdk8budo.pegaacademy.net/prweb/api/CodeIntelligence/v1/rules/query?pxObjClass=Rule-HTML-Section&appliesTo=Rule-Obj-JSP&pyRuleName=pzRuleFormRuleset&RequestClass=Rule-HTML-Section&RequestAppliesTo=Rule-Obj-JSP&RequestRuleName=pzRuleFormRuleset Payload: "{\"RequestClass\":\"Rule-HTML-Section\",\"RequestAppliesTo\":\"Rule-Obj-JSP\",\"RequestRuleName\":\"pzRuleFormRuleset\"}" => HTTP 200 (33985 bytes)
[PegaHttpClient] 📡 POST https://zdk8budo.pegaacademy.net/prweb/api/CodeIntelligence/v1/rules/query?pxObjClass=Rule-HTML-Section&appliesTo=Rule-Obj-JSP&pyRuleName=undefined&RequestClass=Rule-HTML-Section&RequestAppliesTo=Rule-Obj-JSP&RequestRuleName=undefined Payload: "{\"RequestClass\":\"Rule-HTML-Section\",\"RequestAppliesTo\":\"Rule-Obj-JSP\",\"RequestRuleName\":\"undefined\"}" => HTTP 404 (99 bytes)
[PegaHttpClient] 📡 POST https://zdk8budo.pegaacademy.net/prweb/PRRestService/CodeIntelligence/v1/rules/query?pxObjClass=Rule-HTML-Section&appliesTo=Rule-Obj-JSP&pyRuleName=undefined&RequestClass=Rule-HTML-Section&RequestAppliesTo=Rule-Obj-JSP&RequestRuleName=undefined Payload: "{\"RequestClass\":\"Rule-HTML-Section\",\"RequestAppliesTo\":\"Rule-Obj-JSP\",\"RequestRuleName\":\"undefined\"}" => HTTP 404 (99 bytes)
[PegaHttpClient] 📡 POST https://zdk8budo.pegaacademy.net/prweb/api/HRAppsV2Service/V1/rules/query?pxObjClass=Rule-HTML-Section&appliesTo=Rule-Obj-JSP&pyRuleName=undefined&RequestClass=Rule-HTML-Section&RequestAppliesTo=Rule-Obj-JSP&RequestRuleName=undefined Payload: "{\"RequestClass\":\"Rule-HTML-Section\",\"RequestAppliesTo\":\"Rule-Obj-JSP\",\"RequestRuleName\":\"undefined\"}" => HTTP 404 (18 bytes)
[PegaHttpClient] 📡 POST https://zdk8budo.pegaacademy.net/prweb/PRRestService/HRAppsV2Service/V1/rules/query?pxObjClass=Rule-HTML-Section&appliesTo=Rule-Obj-JSP&pyRuleName=undefined&RequestClass=Rule-HTML-Section&RequestAppliesTo=Rule-Obj-JSP&RequestRuleName=undefined Payload: "{\"RequestClass\":\"Rule-HTML-Section\",\"RequestAppliesTo\":\"Rule-Obj-JSP\",\"RequestRuleName\":\"undefined\"}" => HTTP 404 (18 bytes)
[PegaHttpClient] 📡 POST https://zdk8budo.pegaacademy.net/prweb/api/HRAppsV2/V1/rules/query?pxObjClass=Rule-HTML-Section&appliesTo=Rule-Obj-JSP&pyRuleName=undefined&RequestClass=Rule-HTML-Section&RequestAppliesTo=Rule-Obj-JSP&RequestRuleName=undefined Payload: "{\"RequestClass\":\"Rule-HTML-Section\",\"RequestAppliesTo\":\"Rule-Obj-JSP\",\"RequestRuleName\":\"undefined\"}" => HTTP 404 (18 bytes)
[PegaHttpClient] 📡 POST https://zdk8budo.pegaacademy.net/prweb/PRRestService/HRAppsV2/V1/rules/query?pxObjClass=Rule-HTML-Section&appliesTo=Rule-Obj-JSP&pyRuleName=undefined&RequestClass=Rule-HTML-Section&RequestAppliesTo=Rule-Obj-JSP&RequestRuleName=undefined Payload: "{\"RequestClass\":\"Rule-HTML-Section\",\"RequestAppliesTo\":\"Rule-Obj-JSP\",\"RequestRuleName\":\"undefined\"}" => HTTP 404 (18 bytes)
[PegaHttpClient] 📡 POST https://zdk8budo.pegaacademy.net/prweb/api/v1/rules/query?pxObjClass=Rule-HTML-Section&appliesTo=Rule-Obj-JSP&pyRuleName=undefined&RequestClass=Rule-HTML-Section&RequestAppliesTo=Rule-Obj-JSP&RequestRuleName=undefined Payload: "{\"RequestClass\":\"Rule-HTML-Section\",\"RequestAppliesTo\":\"Rule-Obj-JSP\",\"RequestRuleName\":\"undefined\"}" => HTTP 404 (18 bytes)
[PegaHttpClient] 📡 POST https://zdk8budo.pegaacademy.net/prweb/PRRestService/v1/rules/query?pxObjClass=Rule-HTML-Section&appliesTo=Rule-Obj-JSP&pyRuleName=undefined&RequestClass=Rule-HTML-Section&RequestAppliesTo=Rule-Obj-JSP&RequestRuleName=undefined Payload: "{\"RequestClass\":\"Rule-HTML-Section\",\"RequestAppliesTo\":\"Rule-Obj-JSP\",\"RequestRuleName\":\"undefined\"}" => HTTP 404 (18 bytes)
[PegaHttpClient] 📡 POST https://zdk8budo.pegaacademy.net/prweb/api/CodeIntelligence/v1/rules/query?pxObjClass=Rule-HTML-Section&appliesTo=Rule-Obj-JSP&pyRuleName=pzRuleFormToolbar&RequestClass=Rule-HTML-Section&RequestAppliesTo=Rule-Obj-JSP&RequestRuleName=pzRuleFormToolbar Payload: "{\"RequestClass\":\"Rule-HTML-Section\",\"RequestAppliesTo\":\"Rule-Obj-JSP\",\"RequestRuleName\":\"pzRuleFormToolbar\"}" => HTTP 200 (242691 bytes)
[PegaHttpClient] 📡 POST https://zdk8budo.pegaacademy.net/prweb/api/CodeIntelligence/v1/rules/query?pxObjClass=Rule-HTML-Section&appliesTo=Rule-Obj-JSP&pyRuleName=pzRuleFormToolbarCompare&RequestClass=Rule-HTML-Section&RequestAppliesTo=Rule-Obj-JSP&RequestRuleName=pzRuleFormToolbarCompare Payload: "{\"RequestClass\":\"Rule-HTML-Section\",\"RequestAppliesTo\":\"Rule-Obj-JSP\",\"RequestRuleName\":\"pzRuleFormToolbarCompare\"}" => HTTP 200 (61925 bytes)
[PegaHttpClient] 📡 POST https://zdk8budo.pegaacademy.net/prweb/api/CodeIntelligence/v1/rules/query?pxObjClass=Rule-HTML-Section&appliesTo=Rule-Obj-JSP&pyRuleName=RuleFormHeaderMessages&RequestClass=Rule-HTML-Section&RequestAppliesTo=Rule-Obj-JSP&RequestRuleName=RuleFormHeaderMessages Payload: "{\"RequestClass\":\"Rule-HTML-Section\",\"RequestAppliesTo\":\"Rule-Obj-JSP\",\"RequestRuleName\":\"RuleFormHeaderMessages\"}" => HTTP 200 (26518 bytes)
[PegaHttpClient] 📡 POST https://zdk8budo.pegaacademy.net/prweb/api/CodeIntelligence/v1/rules/query?pxObjClass=Rule-HTML-Section&appliesTo=Rule-Obj-JSP&pyRuleName=pzOpenAuthHTML&RequestClass=Rule-HTML-Section&RequestAppliesTo=Rule-Obj-JSP&RequestRuleName=pzOpenAuthHTML Payload: "{\"RequestClass\":\"Rule-HTML-Section\",\"RequestAppliesTo\":\"Rule-Obj-JSP\",\"RequestRuleName\":\"pzOpenAuthHTML\"}" => HTTP 200 (15065 bytes)
[PegaHttpClient] 📡 POST https://zdk8budo.pegaacademy.net/prweb/api/CodeIntelligence/v1/rules/query?pxObjClass=Rule-HTML-Section&appliesTo=Rule-Obj-JSP&pyRuleName=pzPagesAndClassesScript&RequestClass=Rule-HTML-Section&RequestAppliesTo=Rule-Obj-JSP&RequestRuleName=pzPagesAndClassesScript Payload: "{\"RequestClass\":\"Rule-HTML-Section\",\"RequestAppliesTo\":\"Rule-Obj-JSP\",\"RequestRuleName\":\"pzPagesAndClassesScript\"}" => HTTP 200 (24224 bytes)
[PegaHttpClient] 📡 POST https://zdk8budo.pegaacademy.net/prweb/api/CodeIntelligence/v1/rules/query?pxObjClass=Rule-HTML-Section&appliesTo=Rule-Obj-JSP&pyRuleName=pzSpecificationsInner&RequestClass=Rule-HTML-Section&RequestAppliesTo=Rule-Obj-JSP&RequestRuleName=pzSpecificationsInner Payload: "{\"RequestClass\":\"Rule-HTML-Section\",\"RequestAppliesTo\":\"Rule-Obj-JSP\",\"RequestRuleName\":\"pzSpecificationsInner\"}" => HTTP 200 (142370 bytes)
[PegaHttpClient] 📡 POST https://zdk8budo.pegaacademy.net/prweb/api/CodeIntelligence/v1/rules/query?pxObjClass=Rule-HTML-Section&appliesTo=Rule-Obj-JSP&pyRuleName=pzAlternateRuleInfo&RequestClass=Rule-HTML-Section&RequestAppliesTo=Rule-Obj-JSP&RequestRuleName=pzAlternateRuleInfo Payload: "{\"RequestClass\":\"Rule-HTML-Section\",\"RequestAppliesTo\":\"Rule-Obj-JSP\",\"RequestRuleName\":\"pzAlternateRuleInfo\"}" => HTTP 200 (140407 bytes)
[PegaHttpClient] 📡 POST https://zdk8budo.pegaacademy.net/prweb/api/CodeIntelligence/v1/rules/query?pxObjClass=Rule-HTML-Section&appliesTo=Rule-Obj-JSP&pyRuleName=RuleFormHistory_Description&RequestClass=Rule-HTML-Section&RequestAppliesTo=Rule-Obj-JSP&RequestRuleName=RuleFormHistory_Description Payload: "{\"RequestClass\":\"Rule-HTML-Section\",\"RequestAppliesTo\":\"Rule-Obj-JSP\",\"RequestRuleName\":\"RuleFormHistory_Description\"}" => HTTP 200 (46242 bytes)
[PegaHttpClient] 📡 POST https://zdk8budo.pegaacademy.net/prweb/api/CodeIntelligence/v1/rules/query?pxObjClass=Rule-HTML-Section&appliesTo=Rule-Obj-JSP&pyRuleName=RuleFormHistory_CustomFields&RequestClass=Rule-HTML-Section&RequestAppliesTo=Rule-Obj-JSP&RequestRuleName=RuleFormHistory_CustomFields Payload: "{\"RequestClass\":\"Rule-HTML-Section\",\"RequestAppliesTo\":\"Rule-Obj-JSP\",\"RequestRuleName\":\"RuleFormHistory_CustomFields\"}" => HTTP 200 (75856 bytes)
[PegaHttpClient] 📡 POST https://zdk8budo.pegaacademy.net/prweb/api/CodeIntelligence/v1/rules/query?pxObjClass=Rule-HTML-Section&appliesTo=Rule-Obj-JSP&pyRuleName=RuleFormHistory_HistoryDetails&RequestClass=Rule-HTML-Section&RequestAppliesTo=Rule-Obj-JSP&RequestRuleName=RuleFormHistory_HistoryDetails Payload: "{\"RequestClass\":\"Rule-HTML-Section\",\"RequestAppliesTo\":\"Rule-Obj-JSP\",\"RequestRuleName\":\"RuleFormHistory_HistoryDetails\"}" => HTTP 200 (179535 bytes)
[PegaHttpClient] 📡 POST https://zdk8budo.pegaacademy.net/prweb/api/CodeIntelligence/v1/rules/query?pxObjClass=Rule-HTML-Section&appliesTo=Rule-Obj-JSP&pyRuleName=pzRuleFormStatus&RequestClass=Rule-HTML-Section&RequestAppliesTo=Rule-Obj-JSP&RequestRuleName=pzRuleFormStatus Payload: "{\"RequestClass\":\"Rule-HTML-Section\",\"RequestAppliesTo\":\"Rule-Obj-JSP\",\"RequestRuleName\":\"pzRuleFormStatus\"}" => HTTP 200 (97627 bytes)
[PegaHttpClient] 📡 POST https://zdk8budo.pegaacademy.net/prweb/api/CodeIntelligence/v1/rules/query?pxObjClass=Rule-HTML-Section&appliesTo=Rule-Obj-JSP&pyRuleName=pzRuleFormHeaderCompareWithDropDown&RequestClass=Rule-HTML-Section&RequestAppliesTo=Rule-Obj-JSP&RequestRuleName=pzRuleFormHeaderCompareWithDropDown Payload: "{\"RequestClass\":\"Rule-HTML-Section\",\"RequestAppliesTo\":\"Rule-Obj-JSP\",\"RequestRuleName\":\"pzRuleFormHeaderCompareWithDropDown\"}" => HTTP 200 (25396 bytes)
[PegaHttpClient] 📡 POST https://zdk8budo.pegaacademy.net/prweb/api/CodeIntelligence/v1/rules/query?pxObjClass=Rule-HTML-Section&appliesTo=Rule-Obj-JSP&pyRuleName=undefined&RequestClass=Rule-HTML-Section&RequestAppliesTo=Rule-Obj-JSP&RequestRuleName=undefined Payload: "{\"RequestClass\":\"Rule-HTML-Section\",\"RequestAppliesTo\":\"Rule-Obj-JSP\",\"RequestRuleName\":\"undefined\"}" => HTTP 404 (99 bytes)
[PegaHttpClient] 📡 POST https://zdk8budo.pegaacademy.net/prweb/PRRestService/CodeIntelligence/v1/rules/query?pxObjClass=Rule-HTML-Section&appliesTo=Rule-Obj-JSP&pyRuleName=undefined&RequestClass=Rule-HTML-Section&RequestAppliesTo=Rule-Obj-JSP&RequestRuleName=undefined Payload: "{\"RequestClass\":\"Rule-HTML-Section\",\"RequestAppliesTo\":\"Rule-Obj-JSP\",\"RequestRuleName\":\"undefined\"}" => HTTP 404 (99 bytes)
[PegaHttpClient] 📡 POST https://zdk8budo.pegaacademy.net/prweb/api/HRAppsV2Service/V1/rules/query?pxObjClass=Rule-HTML-Section&appliesTo=Rule-Obj-JSP&pyRuleName=undefined&RequestClass=Rule-HTML-Section&RequestAppliesTo=Rule-Obj-JSP&RequestRuleName=undefined Payload: "{\"RequestClass\":\"Rule-HTML-Section\",\"RequestAppliesTo\":\"Rule-Obj-JSP\",\"RequestRuleName\":\"undefined\"}" => HTTP 404 (18 bytes)
[PegaHttpClient] 📡 POST https://zdk8budo.pegaacademy.net/prweb/PRRestService/HRAppsV2Service/V1/rules/query?pxObjClass=Rule-HTML-Section&appliesTo=Rule-Obj-JSP&pyRuleName=undefined&RequestClass=Rule-HTML-Section&RequestAppliesTo=Rule-Obj-JSP&RequestRuleName=undefined Payload: "{\"RequestClass\":\"Rule-HTML-Section\",\"RequestAppliesTo\":\"Rule-Obj-JSP\",\"RequestRuleName\":\"undefined\"}" => HTTP 404 (18 bytes)
[PegaHttpClient] 📡 POST https://zdk8budo.pegaacademy.net/prweb/api/HRAppsV2/V1/rules/query?pxObjClass=Rule-HTML-Section&appliesTo=Rule-Obj-JSP&pyRuleName=undefined&RequestClass=Rule-HTML-Section&RequestAppliesTo=Rule-Obj-JSP&RequestRuleName=undefined Payload: "{\"RequestClass\":\"Rule-HTML-Section\",\"RequestAppliesTo\":\"Rule-Obj-JSP\",\"RequestRuleName\":\"undefined\"}" => HTTP 404 (18 bytes)
[PegaHttpClient] 📡 POST https://zdk8budo.pegaacademy.net/prweb/PRRestService/HRAppsV2/V1/rules/query?pxObjClass=Rule-HTML-Section&appliesTo=Rule-Obj-JSP&pyRuleName=undefined&RequestClass=Rule-HTML-Section&RequestAppliesTo=Rule-Obj-JSP&RequestRuleName=undefined Payload: "{\"RequestClass\":\"Rule-HTML-Section\",\"RequestAppliesTo\":\"Rule-Obj-JSP\",\"RequestRuleName\":\"undefined\"}" => HTTP 404 (18 bytes)
[PegaHttpClient] 📡 POST https://zdk8budo.pegaacademy.net/prweb/api/v1/rules/query?pxObjClass=Rule-HTML-Section&appliesTo=Rule-Obj-JSP&pyRuleName=undefined&RequestClass=Rule-HTML-Section&RequestAppliesTo=Rule-Obj-JSP&RequestRuleName=undefined Payload: "{\"RequestClass\":\"Rule-HTML-Section\",\"RequestAppliesTo\":\"Rule-Obj-JSP\",\"RequestRuleName\":\"undefined\"}" => HTTP 404 (18 bytes)
[PegaHttpClient] 📡 POST https://zdk8budo.pegaacademy.net/prweb/PRRestService/v1/rules/query?pxObjClass=Rule-HTML-Section&appliesTo=Rule-Obj-JSP&pyRuleName=undefined&RequestClass=Rule-HTML-Section&RequestAppliesTo=Rule-Obj-JSP&RequestRuleName=undefined Payload: "{\"RequestClass\":\"Rule-HTML-Section\",\"RequestAppliesTo\":\"Rule-Obj-JSP\",\"RequestRuleName\":\"undefined\"}" => HTTP 404 (18 bytes)
[PegaHttpClient] 📡 POST https://zdk8budo.pegaacademy.net/prweb/api/CodeIntelligence/v1/rules/query?pxObjClass=Rule-HTML-Section&appliesTo=Rule-Obj-JSP&pyRuleName=pzRuleFormToolbarHotKeys&RequestClass=Rule-HTML-Section&RequestAppliesTo=Rule-Obj-JSP&RequestRuleName=pzRuleFormToolbarHotKeys Payload: "{\"RequestClass\":\"Rule-HTML-Section\",\"RequestAppliesTo\":\"Rule-Obj-JSP\",\"RequestRuleName\":\"pzRuleFormToolbarHotKeys\"}" => HTTP 200 (85058 bytes)
[PegaHttpClient] 📡 POST https://zdk8budo.pegaacademy.net/prweb/api/CodeIntelligence/v1/rules/query?pxObjClass=Rule-HTML-Section&appliesTo=Rule-Obj-JSP&pyRuleName=pzRuleFormToolbarLockedIcon&RequestClass=Rule-HTML-Section&RequestAppliesTo=Rule-Obj-JSP&RequestRuleName=pzRuleFormToolbarLockedIcon Payload: "{\"RequestClass\":\"Rule-HTML-Section\",\"RequestAppliesTo\":\"Rule-Obj-JSP\",\"RequestRuleName\":\"pzRuleFormToolbarLockedIcon\"}" => HTTP 200 (24898 bytes)
[PegaHttpClient] 📡 POST https://zdk8budo.pegaacademy.net/prweb/api/CodeIntelligence/v1/rules/query?pxObjClass=Rule-HTML-Section&appliesTo=Rule-Obj-JSP&pyRuleName=pzRuleFormToolbarCollaborators&RequestClass=Rule-HTML-Section&RequestAppliesTo=Rule-Obj-JSP&RequestRuleName=pzRuleFormToolbarCollaborators Payload: "{\"RequestClass\":\"Rule-HTML-Section\",\"RequestAppliesTo\":\"Rule-Obj-JSP\",\"RequestRuleName\":\"pzRuleFormToolbarCollaborators\"}" => HTTP 200 (15254 bytes)
[PegaHttpClient] 📡 POST https://zdk8budo.pegaacademy.net/prweb/api/CodeIntelligence/v1/rules/query?pxObjClass=Rule-HTML-Section&appliesTo=Rule-Obj-JSP&pyRuleName=pzRuleFormToolbarSaveAs&RequestClass=Rule-HTML-Section&RequestAppliesTo=Rule-Obj-JSP&RequestRuleName=pzRuleFormToolbarSaveAs Payload: "{\"RequestClass\":\"Rule-HTML-Section\",\"RequestAppliesTo\":\"Rule-Obj-JSP\",\"RequestRuleName\":\"pzRuleFormToolbarSaveAs\"}" => HTTP 200 (64084 bytes)
[PegaHttpClient] 📡 POST https://zdk8budo.pegaacademy.net/prweb/api/CodeIntelligence/v1/rules/query?pxObjClass=Rule-HTML-Section&appliesTo=Rule-Obj-JSP&pyRuleName=pzRuleFormToolbarCheckin&RequestClass=Rule-HTML-Section&RequestAppliesTo=Rule-Obj-JSP&RequestRuleName=pzRuleFormToolbarCheckin Payload: "{\"RequestClass\":\"Rule-HTML-Section\",\"RequestAppliesTo\":\"Rule-Obj-JSP\",\"RequestRuleName\":\"pzRuleFormToolbarCheckin\"}" => HTTP 200 (119096 bytes)
[PegaHttpClient] 📡 POST https://zdk8budo.pegaacademy.net/prweb/api/CodeIntelligence/v1/rules/query?pxObjClass=Rule-HTML-Section&appliesTo=Rule-Obj-JSP&pyRuleName=pzRuleFormToolbarDelete&RequestClass=Rule-HTML-Section&RequestAppliesTo=Rule-Obj-JSP&RequestRuleName=pzRuleFormToolbarDelete Payload: "{\"RequestClass\":\"Rule-HTML-Section\",\"RequestAppliesTo\":\"Rule-Obj-JSP\",\"RequestRuleName\":\"pzRuleFormToolbarDelete\"}" => HTTP 200 (30249 bytes)
[PegaHttpClient] 📡 POST https://zdk8budo.pegaacademy.net/prweb/api/CodeIntelligence/v1/rules/query?pxObjClass=Rule-HTML-Section&appliesTo=Rule-Obj-JSP&pyRuleName=pzRuleFormToolbarSave&RequestClass=Rule-HTML-Section&RequestAppliesTo=Rule-Obj-JSP&RequestRuleName=pzRuleFormToolbarSave Payload: "{\"RequestClass\":\"Rule-HTML-Section\",\"RequestAppliesTo\":\"Rule-Obj-JSP\",\"RequestRuleName\":\"pzRuleFormToolbarSave\"}" => HTTP 200 (293885 bytes)
[PegaHttpClient] 📡 POST https://zdk8budo.pegaacademy.net/prweb/api/CodeIntelligence/v1/rules/query?pxObjClass=Rule-HTML-Section&appliesTo=Rule-Obj-JSP&pyRuleName=pzRuleFormToolbarCheckout&RequestClass=Rule-HTML-Section&RequestAppliesTo=Rule-Obj-JSP&RequestRuleName=pzRuleFormToolbarCheckout Payload: "{\"RequestClass\":\"Rule-HTML-Section\",\"RequestAppliesTo\":\"Rule-Obj-JSP\",\"RequestRuleName\":\"pzRuleFormToolbarCheckout\"}" => HTTP 200 (238148 bytes)
[PegaHttpClient] 📡 POST https://zdk8budo.pegaacademy.net/prweb/api/CodeIntelligence/v1/rules/query?pxObjClass=Rule-HTML-Section&appliesTo=Rule-Obj-JSP&pyRuleName=pzRemoveErrorsDataPage&RequestClass=Rule-HTML-Section&RequestAppliesTo=Rule-Obj-JSP&RequestRuleName=pzRemoveErrorsDataPage Payload: "{\"RequestClass\":\"Rule-HTML-Section\",\"RequestAppliesTo\":\"Rule-Obj-JSP\",\"RequestRuleName\":\"pzRemoveErrorsDataPage\"}" => HTTP 200 (16733 bytes)
[PegaHttpClient] 📡 POST https://zdk8budo.pegaacademy.net/prweb/api/CodeIntelligence/v1/rules/query?pxObjClass=Rule-HTML-Section&appliesTo=Rule-Obj-JSP&pyRuleName=pzRuleFormHeaderMessagesWrapper&RequestClass=Rule-HTML-Section&RequestAppliesTo=Rule-Obj-JSP&RequestRuleName=pzRuleFormHeaderMessagesWrapper Payload: "{\"RequestClass\":\"Rule-HTML-Section\",\"RequestAppliesTo\":\"Rule-Obj-JSP\",\"RequestRuleName\":\"pzRuleFormHeaderMessagesWrapper\"}" => HTTP 200 (16981 bytes)
[PegaHttpClient] 📡 POST https://zdk8budo.pegaacademy.net/prweb/api/CodeIntelligence/v1/rules/query?pxObjClass=Rule-HTML-Section&appliesTo=Rule-Obj-JSP&pyRuleName=pzSpecificationName&RequestClass=Rule-HTML-Section&RequestAppliesTo=Rule-Obj-JSP&RequestRuleName=pzSpecificationName Payload: "{\"RequestClass\":\"Rule-HTML-Section\",\"RequestAppliesTo\":\"Rule-Obj-JSP\",\"RequestRuleName\":\"pzSpecificationName\"}" => HTTP 404 (109 bytes)
[PegaHttpClient] 📡 POST https://zdk8budo.pegaacademy.net/prweb/PRRestService/CodeIntelligence/v1/rules/query?pxObjClass=Rule-HTML-Section&appliesTo=Rule-Obj-JSP&pyRuleName=pzSpecificationName&RequestClass=Rule-HTML-Section&RequestAppliesTo=Rule-Obj-JSP&RequestRuleName=pzSpecificationName Payload: "{\"RequestClass\":\"Rule-HTML-Section\",\"RequestAppliesTo\":\"Rule-Obj-JSP\",\"RequestRuleName\":\"pzSpecificationName\"}" => HTTP 404 (109 bytes)
[PegaHttpClient] 📡 POST https://zdk8budo.pegaacademy.net/prweb/api/HRAppsV2Service/V1/rules/query?pxObjClass=Rule-HTML-Section&appliesTo=Rule-Obj-JSP&pyRuleName=pzSpecificationName&RequestClass=Rule-HTML-Section&RequestAppliesTo=Rule-Obj-JSP&RequestRuleName=pzSpecificationName Payload: "{\"RequestClass\":\"Rule-HTML-Section\",\"RequestAppliesTo\":\"Rule-Obj-JSP\",\"RequestRuleName\":\"pzSpecificationName\"}" => HTTP 404 (18 bytes)
[PegaHttpClient] 📡 POST https://zdk8budo.pegaacademy.net/prweb/PRRestService/HRAppsV2Service/V1/rules/query?pxObjClass=Rule-HTML-Section&appliesTo=Rule-Obj-JSP&pyRuleName=pzSpecificationName&RequestClass=Rule-HTML-Section&RequestAppliesTo=Rule-Obj-JSP&RequestRuleName=pzSpecificationName Payload: "{\"RequestClass\":\"Rule-HTML-Section\",\"RequestAppliesTo\":\"Rule-Obj-JSP\",\"RequestRuleName\":\"pzSpecificationName\"}" => HTTP 404 (18 bytes)
[PegaHttpClient] 📡 POST https://zdk8budo.pegaacademy.net/prweb/api/HRAppsV2/V1/rules/query?pxObjClass=Rule-HTML-Section&appliesTo=Rule-Obj-JSP&pyRuleName=pzSpecificationName&RequestClass=Rule-HTML-Section&RequestAppliesTo=Rule-Obj-JSP&RequestRuleName=pzSpecificationName Payload: "{\"RequestClass\":\"Rule-HTML-Section\",\"RequestAppliesTo\":\"Rule-Obj-JSP\",\"RequestRuleName\":\"pzSpecificationName\"}" => HTTP 404 (18 bytes)
[PegaHttpClient] 📡 POST https://zdk8budo.pegaacademy.net/prweb/PRRestService/HRAppsV2/V1/rules/query?pxObjClass=Rule-HTML-Section&appliesTo=Rule-Obj-JSP&pyRuleName=pzSpecificationName&RequestClass=Rule-HTML-Section&RequestAppliesTo=Rule-Obj-JSP&RequestRuleName=pzSpecificationName Payload: "{\"RequestClass\":\"Rule-HTML-Section\",\"RequestAppliesTo\":\"Rule-Obj-JSP\",\"RequestRuleName\":\"pzSpecificationName\"}" => HTTP 404 (18 bytes)
[PegaHttpClient] 📡 POST https://zdk8budo.pegaacademy.net/prweb/api/v1/rules/query?pxObjClass=Rule-HTML-Section&appliesTo=Rule-Obj-JSP&pyRuleName=pzSpecificationName&RequestClass=Rule-HTML-Section&RequestAppliesTo=Rule-Obj-JSP&RequestRuleName=pzSpecificationName Payload: "{\"RequestClass\":\"Rule-HTML-Section\",\"RequestAppliesTo\":\"Rule-Obj-JSP\",\"RequestRuleName\":\"pzSpecificationName\"}" => HTTP 404 (18 bytes)
[PegaHttpClient] 📡 POST https://zdk8budo.pegaacademy.net/prweb/PRRestService/v1/rules/query?pxObjClass=Rule-HTML-Section&appliesTo=Rule-Obj-JSP&pyRuleName=pzSpecificationName&RequestClass=Rule-HTML-Section&RequestAppliesTo=Rule-Obj-JSP&RequestRuleName=pzSpecificationName Payload: "{\"RequestClass\":\"Rule-HTML-Section\",\"RequestAppliesTo\":\"Rule-Obj-JSP\",\"RequestRuleName\":\"pzSpecificationName\"}" => HTTP 404 (18 bytes)
[PegaHttpClient] 📡 POST https://zdk8budo.pegaacademy.net/prweb/api/CodeIntelligence/v1/rules/query?pxObjClass=Rule-HTML-Section&appliesTo=Rule-Obj-JSP&pyRuleName=pzScm_RuleHistory&RequestClass=Rule-HTML-Section&RequestAppliesTo=Rule-Obj-JSP&RequestRuleName=pzScm_RuleHistory Payload: "{\"RequestClass\":\"Rule-HTML-Section\",\"RequestAppliesTo\":\"Rule-Obj-JSP\",\"RequestRuleName\":\"pzScm_RuleHistory\"}" => HTTP 200 (14682 bytes)
[PegaHttpClient] 📡 POST https://zdk8budo.pegaacademy.net/prweb/api/CodeIntelligence/v1/rules/query?pxObjClass=Rule-HTML-Section&appliesTo=Rule-Obj-JSP&pyRuleName=pxDisplayCollaborators&RequestClass=Rule-HTML-Section&RequestAppliesTo=Rule-Obj-JSP&RequestRuleName=pxDisplayCollaborators Payload: "{\"RequestClass\":\"Rule-HTML-Section\",\"RequestAppliesTo\":\"Rule-Obj-JSP\",\"RequestRuleName\":\"pxDisplayCollaborators\"}" => HTTP 200 (94171 bytes)
[PegaHttpClient] 📡 POST https://zdk8budo.pegaacademy.net/prweb/api/CodeIntelligence/v1/rules/query?pxObjClass=Rule-HTML-Section&appliesTo=Rule-Obj-JSP&pyRuleName=pzRuleFormToolbarDeleteCheckOut&RequestClass=Rule-HTML-Section&RequestAppliesTo=Rule-Obj-JSP&RequestRuleName=pzRuleFormToolbarDeleteCheckOut Payload: "{\"RequestClass\":\"Rule-HTML-Section\",\"RequestAppliesTo\":\"Rule-Obj-JSP\",\"RequestRuleName\":\"pzRuleFormToolbarDeleteCheckOut\"}" => HTTP 200 (29433 bytes)
[PegaHttpClient] 📡 POST https://zdk8budo.pegaacademy.net/prweb/api/CodeIntelligence/v1/rules/query?pxObjClass=Rule-HTML-Section&appliesTo=Rule-Obj-JSP&pyRuleName=pzRuleFormToolbarDeleteRule&RequestClass=Rule-HTML-Section&RequestAppliesTo=Rule-Obj-JSP&RequestRuleName=pzRuleFormToolbarDeleteRule Payload: "{\"RequestClass\":\"Rule-HTML-Section\",\"RequestAppliesTo\":\"Rule-Obj-JSP\",\"RequestRuleName\":\"pzRuleFormToolbarDeleteRule\"}" => HTTP 200 (32314 bytes)
[PegaHttpClient] 📡 POST https://zdk8budo.pegaacademy.net/prweb/api/CodeIntelligence/v1/rules/query?pxObjClass=Rule-HTML-Section&appliesTo=Rule-Obj-JSP&pyRuleName=pzLoadCollaborationScripts&RequestClass=Rule-HTML-Section&RequestAppliesTo=Rule-Obj-JSP&RequestRuleName=pzLoadCollaborationScripts Payload: "{\"RequestClass\":\"Rule-HTML-Section\",\"RequestAppliesTo\":\"Rule-Obj-JSP\",\"RequestRuleName\":\"pzLoadCollaborationScripts\"}" => HTTP 200 (23453 bytes)
[PegaHttpClient] 📡 POST https://zdk8budo.pegaacademy.net/prweb/api/CodeIntelligence/v1/rules/query?pxObjClass=Rule-HTML-Section&appliesTo=Rule-Obj-JSP&pyRuleName=pzDisplayCollaboratorsList&RequestClass=Rule-HTML-Section&RequestAppliesTo=Rule-Obj-JSP&RequestRuleName=pzDisplayCollaboratorsList Payload: "{\"RequestClass\":\"Rule-HTML-Section\",\"RequestAppliesTo\":\"Rule-Obj-JSP\",\"RequestRuleName\":\"pzDisplayCollaboratorsList\"}" => HTTP 200 (105418 bytes)
[PegaHttpClient] 📡 POST https://zdk8budo.pegaacademy.net/prweb/api/CodeIntelligence/v1/rules/query?pxObjClass=Rule-HTML-Section&appliesTo=Rule-Obj-JSP&pyRuleName=pyCollaborator&RequestClass=Rule-HTML-Section&RequestAppliesTo=Rule-Obj-JSP&RequestRuleName=pyCollaborator Payload: "{\"RequestClass\":\"Rule-HTML-Section\",\"RequestAppliesTo\":\"Rule-Obj-JSP\",\"RequestRuleName\":\"pyCollaborator\"}" => HTTP 404 (104 bytes)
[PegaHttpClient] 📡 POST https://zdk8budo.pegaacademy.net/prweb/PRRestService/CodeIntelligence/v1/rules/query?pxObjClass=Rule-HTML-Section&appliesTo=Rule-Obj-JSP&pyRuleName=pyCollaborator&RequestClass=Rule-HTML-Section&RequestAppliesTo=Rule-Obj-JSP&RequestRuleName=pyCollaborator Payload: "{\"RequestClass\":\"Rule-HTML-Section\",\"RequestAppliesTo\":\"Rule-Obj-JSP\",\"RequestRuleName\":\"pyCollaborator\"}" => HTTP 404 (104 bytes)
[PegaHttpClient] 📡 POST https://zdk8budo.pegaacademy.net/prweb/api/HRAppsV2Service/V1/rules/query?pxObjClass=Rule-HTML-Section&appliesTo=Rule-Obj-JSP&pyRuleName=pyCollaborator&RequestClass=Rule-HTML-Section&RequestAppliesTo=Rule-Obj-JSP&RequestRuleName=pyCollaborator Payload: "{\"RequestClass\":\"Rule-HTML-Section\",\"RequestAppliesTo\":\"Rule-Obj-JSP\",\"RequestRuleName\":\"pyCollaborator\"}" => HTTP 404 (18 bytes)
[PegaHttpClient] 📡 POST https://zdk8budo.pegaacademy.net/prweb/PRRestService/HRAppsV2Service/V1/rules/query?pxObjClass=Rule-HTML-Section&appliesTo=Rule-Obj-JSP&pyRuleName=pyCollaborator&RequestClass=Rule-HTML-Section&RequestAppliesTo=Rule-Obj-JSP&RequestRuleName=pyCollaborator Payload: "{\"RequestClass\":\"Rule-HTML-Section\",\"RequestAppliesTo\":\"Rule-Obj-JSP\",\"RequestRuleName\":\"pyCollaborator\"}" => HTTP 404 (18 bytes)
[PegaHttpClient] 📡 POST https://zdk8budo.pegaacademy.net/prweb/api/HRAppsV2/V1/rules/query?pxObjClass=Rule-HTML-Section&appliesTo=Rule-Obj-JSP&pyRuleName=pyCollaborator&RequestClass=Rule-HTML-Section&RequestAppliesTo=Rule-Obj-JSP&RequestRuleName=pyCollaborator Payload: "{\"RequestClass\":\"Rule-HTML-Section\",\"RequestAppliesTo\":\"Rule-Obj-JSP\",\"RequestRuleName\":\"pyCollaborator\"}" => HTTP 404 (18 bytes)
[PegaHttpClient] 📡 POST https://zdk8budo.pegaacademy.net/prweb/PRRestService/HRAppsV2/V1/rules/query?pxObjClass=Rule-HTML-Section&appliesTo=Rule-Obj-JSP&pyRuleName=pyCollaborator&RequestClass=Rule-HTML-Section&RequestAppliesTo=Rule-Obj-JSP&RequestRuleName=pyCollaborator Payload: "{\"RequestClass\":\"Rule-HTML-Section\",\"RequestAppliesTo\":\"Rule-Obj-JSP\",\"RequestRuleName\":\"pyCollaborator\"}" => HTTP 404 (18 bytes)
[PegaHttpClient] 📡 POST https://zdk8budo.pegaacademy.net/prweb/api/v1/rules/query?pxObjClass=Rule-HTML-Section&appliesTo=Rule-Obj-JSP&pyRuleName=pyCollaborator&RequestClass=Rule-HTML-Section&RequestAppliesTo=Rule-Obj-JSP&RequestRuleName=pyCollaborator Payload: "{\"RequestClass\":\"Rule-HTML-Section\",\"RequestAppliesTo\":\"Rule-Obj-JSP\",\"RequestRuleName\":\"pyCollaborator\"}" => HTTP 404 (18 bytes)
[PegaHttpClient] 📡 POST https://zdk8budo.pegaacademy.net/prweb/PRRestService/v1/rules/query?pxObjClass=Rule-HTML-Section&appliesTo=Rule-Obj-JSP&pyRuleName=pyCollaborator&RequestClass=Rule-HTML-Section&RequestAppliesTo=Rule-Obj-JSP&RequestRuleName=pyCollaborator Payload: "{\"RequestClass\":\"Rule-HTML-Section\",\"RequestAppliesTo\":\"Rule-Obj-JSP\",\"RequestRuleName\":\"pyCollaborator\"}" => HTTP 404 (18 bytes)
[PegaHttpClient] 📡 POST https://zdk8budo.pegaacademy.net/prweb/api/CodeIntelligence/v1/rules/query?pxObjClass=Rule-HTML-Section&appliesTo=Rule-Obj-JSP&pyRuleName=pzDisplayPartialCount&RequestClass=Rule-HTML-Section&RequestAppliesTo=Rule-Obj-JSP&RequestRuleName=pzDisplayPartialCount Payload: "{\"RequestClass\":\"Rule-HTML-Section\",\"RequestAppliesTo\":\"Rule-Obj-JSP\",\"RequestRuleName\":\"pzDisplayPartialCount\"}" => HTTP 404 (111 bytes)
[PegaHttpClient] 📡 POST https://zdk8budo.pegaacademy.net/prweb/PRRestService/CodeIntelligence/v1/rules/query?pxObjClass=Rule-HTML-Section&appliesTo=Rule-Obj-JSP&pyRuleName=pzDisplayPartialCount&RequestClass=Rule-HTML-Section&RequestAppliesTo=Rule-Obj-JSP&RequestRuleName=pzDisplayPartialCount Payload: "{\"RequestClass\":\"Rule-HTML-Section\",\"RequestAppliesTo\":\"Rule-Obj-JSP\",\"RequestRuleName\":\"pzDisplayPartialCount\"}" => HTTP 404 (111 bytes)
[PegaHttpClient] 📡 POST https://zdk8budo.pegaacademy.net/prweb/api/HRAppsV2Service/V1/rules/query?pxObjClass=Rule-HTML-Section&appliesTo=Rule-Obj-JSP&pyRuleName=pzDisplayPartialCount&RequestClass=Rule-HTML-Section&RequestAppliesTo=Rule-Obj-JSP&RequestRuleName=pzDisplayPartialCount Payload: "{\"RequestClass\":\"Rule-HTML-Section\",\"RequestAppliesTo\":\"Rule-Obj-JSP\",\"RequestRuleName\":\"pzDisplayPartialCount\"}" => HTTP 404 (18 bytes)
[PegaHttpClient] 📡 POST https://zdk8budo.pegaacademy.net/prweb/PRRestService/HRAppsV2Service/V1/rules/query?pxObjClass=Rule-HTML-Section&appliesTo=Rule-Obj-JSP&pyRuleName=pzDisplayPartialCount&RequestClass=Rule-HTML-Section&RequestAppliesTo=Rule-Obj-JSP&RequestRuleName=pzDisplayPartialCount Payload: "{\"RequestClass\":\"Rule-HTML-Section\",\"RequestAppliesTo\":\"Rule-Obj-JSP\",\"RequestRuleName\":\"pzDisplayPartialCount\"}" => HTTP 404 (18 bytes)
[PegaHttpClient] 📡 POST https://zdk8budo.pegaacademy.net/prweb/api/HRAppsV2/V1/rules/query?pxObjClass=Rule-HTML-Section&appliesTo=Rule-Obj-JSP&pyRuleName=pzDisplayPartialCount&RequestClass=Rule-HTML-Section&RequestAppliesTo=Rule-Obj-JSP&RequestRuleName=pzDisplayPartialCount Payload: "{\"RequestClass\":\"Rule-HTML-Section\",\"RequestAppliesTo\":\"Rule-Obj-JSP\",\"RequestRuleName\":\"pzDisplayPartialCount\"}" => HTTP 404 (18 bytes)
[PegaHttpClient] 📡 POST https://zdk8budo.pegaacademy.net/prweb/PRRestService/HRAppsV2/V1/rules/query?pxObjClass=Rule-HTML-Section&appliesTo=Rule-Obj-JSP&pyRuleName=pzDisplayPartialCount&RequestClass=Rule-HTML-Section&RequestAppliesTo=Rule-Obj-JSP&RequestRuleName=pzDisplayPartialCount Payload: "{\"RequestClass\":\"Rule-HTML-Section\",\"RequestAppliesTo\":\"Rule-Obj-JSP\",\"RequestRuleName\":\"pzDisplayPartialCount\"}" => HTTP 404 (18 bytes)
[PegaHttpClient] 📡 POST https://zdk8budo.pegaacademy.net/prweb/api/v1/rules/query?pxObjClass=Rule-HTML-Section&appliesTo=Rule-Obj-JSP&pyRuleName=pzDisplayPartialCount&RequestClass=Rule-HTML-Section&RequestAppliesTo=Rule-Obj-JSP&RequestRuleName=pzDisplayPartialCount Payload: "{\"RequestClass\":\"Rule-HTML-Section\",\"RequestAppliesTo\":\"Rule-Obj-JSP\",\"RequestRuleName\":\"pzDisplayPartialCount\"}" => HTTP 404 (18 bytes)
[PegaHttpClient] 📡 POST https://zdk8budo.pegaacademy.net/prweb/PRRestService/v1/rules/query?pxObjClass=Rule-HTML-Section&appliesTo=Rule-Obj-JSP&pyRuleName=pzDisplayPartialCount&RequestClass=Rule-HTML-Section&RequestAppliesTo=Rule-Obj-JSP&RequestRuleName=pzDisplayPartialCount Payload: "{\"RequestClass\":\"Rule-HTML-Section\",\"RequestAppliesTo\":\"Rule-Obj-JSP\",\"RequestRuleName\":\"pzDisplayPartialCount\"}" => HTTP 404 (18 bytes)
[SchemaGen] ✅ Schema written for Rule-Obj-JSP
[PegaHttpClient] 📡 GET https://zdk8budo.pegaacademy.net/prweb/api/CodeIntelligence/v1/rules/RULE-HTML-HARNESS%20RULE-OBJ-HTML%20RULEFORM%20%2320180713T135125.060%20GMT => HTTP 200 (61231 bytes)
[PegaHttpClient] 📡 POST https://zdk8budo.pegaacademy.net/prweb/api/CodeIntelligence/v1/rules/query?pxObjClass=Rule-HTML-Section&appliesTo=Rule-Obj-HTML&pyRuleName=RuleFormMain&RequestClass=Rule-HTML-Section&RequestAppliesTo=Rule-Obj-HTML&RequestRuleName=RuleFormMain Payload: "{\"RequestClass\":\"Rule-HTML-Section\",\"RequestAppliesTo\":\"Rule-Obj-HTML\",\"RequestRuleName\":\"RuleFormMain\"}" => HTTP 200 (156234 bytes)
[PegaHttpClient] 📡 POST https://zdk8budo.pegaacademy.net/prweb/api/CodeIntelligence/v1/rules/query?pxObjClass=Rule-HTML-Section&appliesTo=Rule-Obj-HTML&pyRuleName=pxAlternateRuleForm&RequestClass=Rule-HTML-Section&RequestAppliesTo=Rule-Obj-HTML&RequestRuleName=pxAlternateRuleForm Payload: "{\"RequestClass\":\"Rule-HTML-Section\",\"RequestAppliesTo\":\"Rule-Obj-HTML\",\"RequestRuleName\":\"pxAlternateRuleForm\"}" => HTTP 200 (66153 bytes)
[PegaHttpClient] 📡 POST https://zdk8budo.pegaacademy.net/prweb/api/CodeIntelligence/v1/rules/query?pxObjClass=Rule-HTML-Section&appliesTo=Rule-Obj-HTML&pyRuleName=pzRuleFormScripts&RequestClass=Rule-HTML-Section&RequestAppliesTo=Rule-Obj-HTML&RequestRuleName=pzRuleFormScripts Payload: "{\"RequestClass\":\"Rule-HTML-Section\",\"RequestAppliesTo\":\"Rule-Obj-HTML\",\"RequestRuleName\":\"pzRuleFormScripts\"}" => HTTP 200 (40822 bytes)
[PegaHttpClient] 📡 POST https://zdk8budo.pegaacademy.net/prweb/api/CodeIntelligence/v1/rules/query?pxObjClass=Rule-HTML-Section&appliesTo=Rule-Obj-HTML&pyRuleName=pzRuleFormLayoutDelegated&RequestClass=Rule-HTML-Section&RequestAppliesTo=Rule-Obj-HTML&RequestRuleName=pzRuleFormLayoutDelegated Payload: "{\"RequestClass\":\"Rule-HTML-Section\",\"RequestAppliesTo\":\"Rule-Obj-HTML\",\"RequestRuleName\":\"pzRuleFormLayoutDelegated\"}" => HTTP 200 (70998 bytes)
[PegaHttpClient] 📡 POST https://zdk8budo.pegaacademy.net/prweb/api/CodeIntelligence/v1/rules/query?pxObjClass=Rule-HTML-Section&appliesTo=Rule-Obj-HTML&pyRuleName=RuleFormLayout&RequestClass=Rule-HTML-Section&RequestAppliesTo=Rule-Obj-HTML&RequestRuleName=RuleFormLayout Payload: "{\"RequestClass\":\"Rule-HTML-Section\",\"RequestAppliesTo\":\"Rule-Obj-HTML\",\"RequestRuleName\":\"RuleFormLayout\"}" => HTTP 200 (64938 bytes)
[PegaHttpClient] 📡 POST https://zdk8budo.pegaacademy.net/prweb/api/CodeIntelligence/v1/rules/query?pxObjClass=Rule-HTML-Section&appliesTo=Rule-Obj-HTML&pyRuleName=RuleFormSettings&RequestClass=Rule-HTML-Section&RequestAppliesTo=Rule-Obj-HTML&RequestRuleName=RuleFormSettings Payload: "{\"RequestClass\":\"Rule-HTML-Section\",\"RequestAppliesTo\":\"Rule-Obj-HTML\",\"RequestRuleName\":\"RuleFormSettings\"}" => HTTP 200 (20540 bytes)
[PegaHttpClient] 📡 POST https://zdk8budo.pegaacademy.net/prweb/api/CodeIntelligence/v1/rules/query?pxObjClass=Rule-HTML-Section&appliesTo=Rule-Obj-HTML&pyRuleName=OpenAuthoring&RequestClass=Rule-HTML-Section&RequestAppliesTo=Rule-Obj-HTML&RequestRuleName=OpenAuthoring Payload: "{\"RequestClass\":\"Rule-HTML-Section\",\"RequestAppliesTo\":\"Rule-Obj-HTML\",\"RequestRuleName\":\"OpenAuthoring\"}" => HTTP 200 (23695 bytes)
[PegaHttpClient] 📡 POST https://zdk8budo.pegaacademy.net/prweb/api/CodeIntelligence/v1/rules/query?pxObjClass=Rule-HTML-Section&appliesTo=Rule-Obj-HTML&pyRuleName=pyCustomHelp&RequestClass=Rule-HTML-Section&RequestAppliesTo=Rule-Obj-HTML&RequestRuleName=pyCustomHelp Payload: "{\"RequestClass\":\"Rule-HTML-Section\",\"RequestAppliesTo\":\"Rule-Obj-HTML\",\"RequestRuleName\":\"pyCustomHelp\"}" => HTTP 200 (17256 bytes)
[PegaHttpClient] 📡 POST https://zdk8budo.pegaacademy.net/prweb/api/CodeIntelligence/v1/rules/query?pxObjClass=Rule-HTML-Section&appliesTo=Rule-Obj-HTML&pyRuleName=pzRuleformMainInclude&RequestClass=Rule-HTML-Section&RequestAppliesTo=Rule-Obj-HTML&RequestRuleName=pzRuleformMainInclude Payload: "{\"RequestClass\":\"Rule-HTML-Section\",\"RequestAppliesTo\":\"Rule-Obj-HTML\",\"RequestRuleName\":\"pzRuleformMainInclude\"}" => HTTP 200 (22375 bytes)
[PegaHttpClient] 📡 POST https://zdk8budo.pegaacademy.net/prweb/api/CodeIntelligence/v1/rules/query?pxObjClass=Rule-HTML-Section&appliesTo=Rule-Obj-HTML&pyRuleName=pyAlternativeRuleFormStrategicAppExtension&RequestClass=Rule-HTML-Section&RequestAppliesTo=Rule-Obj-HTML&RequestRuleName=pyAlternativeRuleFormStrategicAppExtension Payload: "{\"RequestClass\":\"Rule-HTML-Section\",\"RequestAppliesTo\":\"Rule-Obj-HTML\",\"RequestRuleName\":\"pyAlternativeRuleFormStrategicAppExtension\"}" => HTTP 200 (25042 bytes)
[PegaHttpClient] 📡 POST https://zdk8budo.pegaacademy.net/prweb/api/CodeIntelligence/v1/rules/query?pxObjClass=Rule-HTML-Section&appliesTo=Rule-Obj-HTML&pyRuleName=pyAlternativeRuleFormExtension&RequestClass=Rule-HTML-Section&RequestAppliesTo=Rule-Obj-HTML&RequestRuleName=pyAlternativeRuleFormExtension Payload: "{\"RequestClass\":\"Rule-HTML-Section\",\"RequestAppliesTo\":\"Rule-Obj-HTML\",\"RequestRuleName\":\"pyAlternativeRuleFormExtension\"}" => HTTP 200 (24863 bytes)
[PegaHttpClient] 📡 POST https://zdk8budo.pegaacademy.net/prweb/api/CodeIntelligence/v1/rules/query?pxObjClass=Rule-HTML-Section&appliesTo=Rule-Obj-HTML&pyRuleName=RuleFormHeader&RequestClass=Rule-HTML-Section&RequestAppliesTo=Rule-Obj-HTML&RequestRuleName=RuleFormHeader Payload: "{\"RequestClass\":\"Rule-HTML-Section\",\"RequestAppliesTo\":\"Rule-Obj-HTML\",\"RequestRuleName\":\"RuleFormHeader\"}" => HTTP 200 (183800 bytes)
[PegaHttpClient] 📡 POST https://zdk8budo.pegaacademy.net/prweb/api/CodeIntelligence/v1/rules/query?pxObjClass=Rule-HTML-Section&appliesTo=Rule-Obj-HTML&pyRuleName=pzDelegationExperience&RequestClass=Rule-HTML-Section&RequestAppliesTo=Rule-Obj-HTML&RequestRuleName=pzDelegationExperience Payload: "{\"RequestClass\":\"Rule-HTML-Section\",\"RequestAppliesTo\":\"Rule-Obj-HTML\",\"RequestRuleName\":\"pzDelegationExperience\"}" => HTTP 404 (113 bytes)
[PegaHttpClient] 📡 POST https://zdk8budo.pegaacademy.net/prweb/PRRestService/CodeIntelligence/v1/rules/query?pxObjClass=Rule-HTML-Section&appliesTo=Rule-Obj-HTML&pyRuleName=pzDelegationExperience&RequestClass=Rule-HTML-Section&RequestAppliesTo=Rule-Obj-HTML&RequestRuleName=pzDelegationExperience Payload: "{\"RequestClass\":\"Rule-HTML-Section\",\"RequestAppliesTo\":\"Rule-Obj-HTML\",\"RequestRuleName\":\"pzDelegationExperience\"}" => HTTP 404 (113 bytes)
[PegaHttpClient] 📡 POST https://zdk8budo.pegaacademy.net/prweb/api/HRAppsV2Service/V1/rules/query?pxObjClass=Rule-HTML-Section&appliesTo=Rule-Obj-HTML&pyRuleName=pzDelegationExperience&RequestClass=Rule-HTML-Section&RequestAppliesTo=Rule-Obj-HTML&RequestRuleName=pzDelegationExperience Payload: "{\"RequestClass\":\"Rule-HTML-Section\",\"RequestAppliesTo\":\"Rule-Obj-HTML\",\"RequestRuleName\":\"pzDelegationExperience\"}" => HTTP 404 (18 bytes)
[PegaHttpClient] 📡 POST https://zdk8budo.pegaacademy.net/prweb/PRRestService/HRAppsV2Service/V1/rules/query?pxObjClass=Rule-HTML-Section&appliesTo=Rule-Obj-HTML&pyRuleName=pzDelegationExperience&RequestClass=Rule-HTML-Section&RequestAppliesTo=Rule-Obj-HTML&RequestRuleName=pzDelegationExperience Payload: "{\"RequestClass\":\"Rule-HTML-Section\",\"RequestAppliesTo\":\"Rule-Obj-HTML\",\"RequestRuleName\":\"pzDelegationExperience\"}" => HTTP 404 (18 bytes)
[PegaHttpClient] 📡 POST https://zdk8budo.pegaacademy.net/prweb/api/HRAppsV2/V1/rules/query?pxObjClass=Rule-HTML-Section&appliesTo=Rule-Obj-HTML&pyRuleName=pzDelegationExperience&RequestClass=Rule-HTML-Section&RequestAppliesTo=Rule-Obj-HTML&RequestRuleName=pzDelegationExperience Payload: "{\"RequestClass\":\"Rule-HTML-Section\",\"RequestAppliesTo\":\"Rule-Obj-HTML\",\"RequestRuleName\":\"pzDelegationExperience\"}" => HTTP 404 (18 bytes)
[PegaHttpClient] 📡 POST https://zdk8budo.pegaacademy.net/prweb/PRRestService/HRAppsV2/V1/rules/query?pxObjClass=Rule-HTML-Section&appliesTo=Rule-Obj-HTML&pyRuleName=pzDelegationExperience&RequestClass=Rule-HTML-Section&RequestAppliesTo=Rule-Obj-HTML&RequestRuleName=pzDelegationExperience Payload: "{\"RequestClass\":\"Rule-HTML-Section\",\"RequestAppliesTo\":\"Rule-Obj-HTML\",\"RequestRuleName\":\"pzDelegationExperience\"}" => HTTP 404 (18 bytes)
[PegaHttpClient] 📡 POST https://zdk8budo.pegaacademy.net/prweb/api/v1/rules/query?pxObjClass=Rule-HTML-Section&appliesTo=Rule-Obj-HTML&pyRuleName=pzDelegationExperience&RequestClass=Rule-HTML-Section&RequestAppliesTo=Rule-Obj-HTML&RequestRuleName=pzDelegationExperience Payload: "{\"RequestClass\":\"Rule-HTML-Section\",\"RequestAppliesTo\":\"Rule-Obj-HTML\",\"RequestRuleName\":\"pzDelegationExperience\"}" => HTTP 404 (18 bytes)
[PegaHttpClient] 📡 POST https://zdk8budo.pegaacademy.net/prweb/PRRestService/v1/rules/query?pxObjClass=Rule-HTML-Section&appliesTo=Rule-Obj-HTML&pyRuleName=pzDelegationExperience&RequestClass=Rule-HTML-Section&RequestAppliesTo=Rule-Obj-HTML&RequestRuleName=pzDelegationExperience Payload: "{\"RequestClass\":\"Rule-HTML-Section\",\"RequestAppliesTo\":\"Rule-Obj-HTML\",\"RequestRuleName\":\"pzDelegationExperience\"}" => HTTP 404 (18 bytes)
[PegaHttpClient] 📡 POST https://zdk8budo.pegaacademy.net/prweb/api/CodeIntelligence/v1/rules/query?pxObjClass=Rule-HTML-Section&appliesTo=Rule-Obj-HTML&pyRuleName=pzHTML&RequestClass=Rule-HTML-Section&RequestAppliesTo=Rule-Obj-HTML&RequestRuleName=pzHTML Payload: "{\"RequestClass\":\"Rule-HTML-Section\",\"RequestAppliesTo\":\"Rule-Obj-HTML\",\"RequestRuleName\":\"pzHTML\"}" => HTTP 200 (92815 bytes)
[PegaHttpClient] 📡 POST https://zdk8budo.pegaacademy.net/prweb/api/CodeIntelligence/v1/rules/query?pxObjClass=Rule-HTML-Section&appliesTo=Rule-Obj-HTML&pyRuleName=pzPagesAndClasses&RequestClass=Rule-HTML-Section&RequestAppliesTo=Rule-Obj-HTML&RequestRuleName=pzPagesAndClasses Payload: "{\"RequestClass\":\"Rule-HTML-Section\",\"RequestAppliesTo\":\"Rule-Obj-HTML\",\"RequestRuleName\":\"pzPagesAndClasses\"}" => HTTP 200 (61489 bytes)
[PegaHttpClient] 📡 POST https://zdk8budo.pegaacademy.net/prweb/api/CodeIntelligence/v1/rules/query?pxObjClass=Rule-HTML-Section&appliesTo=Rule-Obj-HTML&pyRuleName=pzSpecifications&RequestClass=Rule-HTML-Section&RequestAppliesTo=Rule-Obj-HTML&RequestRuleName=pzSpecifications Payload: "{\"RequestClass\":\"Rule-HTML-Section\",\"RequestAppliesTo\":\"Rule-Obj-HTML\",\"RequestRuleName\":\"pzSpecifications\"}" => HTTP 200 (16577 bytes)
[PegaHttpClient] 📡 POST https://zdk8budo.pegaacademy.net/prweb/api/CodeIntelligence/v1/rules/query?pxObjClass=Rule-HTML-Section&appliesTo=Rule-Obj-HTML&pyRuleName=RuleFormHistory&RequestClass=Rule-HTML-Section&RequestAppliesTo=Rule-Obj-HTML&RequestRuleName=RuleFormHistory Payload: "{\"RequestClass\":\"Rule-HTML-Section\",\"RequestAppliesTo\":\"Rule-Obj-HTML\",\"RequestRuleName\":\"RuleFormHistory\"}" => HTTP 200 (76091 bytes)
[PegaHttpClient] 📡 POST https://zdk8budo.pegaacademy.net/prweb/api/CodeIntelligence/v1/rules/query?pxObjClass=Rule-HTML-Section&appliesTo=Rule-Obj-HTML&pyRuleName=pzCustomHelp&RequestClass=Rule-HTML-Section&RequestAppliesTo=Rule-Obj-HTML&RequestRuleName=pzCustomHelp Payload: "{\"RequestClass\":\"Rule-HTML-Section\",\"RequestAppliesTo\":\"Rule-Obj-HTML\",\"RequestRuleName\":\"pzCustomHelp\"}" => HTTP 200 (31573 bytes)
[PegaHttpClient] 📡 POST https://zdk8budo.pegaacademy.net/prweb/api/CodeIntelligence/v1/rules/query?pxObjClass=Rule-HTML-Section&appliesTo=Rule-Obj-HTML&pyRuleName=pzRuleFormKeysAndDescription&RequestClass=Rule-HTML-Section&RequestAppliesTo=Rule-Obj-HTML&RequestRuleName=pzRuleFormKeysAndDescription Payload: "{\"RequestClass\":\"Rule-HTML-Section\",\"RequestAppliesTo\":\"Rule-Obj-HTML\",\"RequestRuleName\":\"pzRuleFormKeysAndDescription\"}" => HTTP 200 (218057 bytes)
[PegaHttpClient] 📡 POST https://zdk8budo.pegaacademy.net/prweb/api/CodeIntelligence/v1/rules/query?pxObjClass=Rule-HTML-Section&appliesTo=Rule-Obj-HTML&pyRuleName=pzRuleFormRuleset&RequestClass=Rule-HTML-Section&RequestAppliesTo=Rule-Obj-HTML&RequestRuleName=pzRuleFormRuleset Payload: "{\"RequestClass\":\"Rule-HTML-Section\",\"RequestAppliesTo\":\"Rule-Obj-HTML\",\"RequestRuleName\":\"pzRuleFormRuleset\"}" => HTTP 200 (33985 bytes)
[PegaHttpClient] 📡 POST https://zdk8budo.pegaacademy.net/prweb/api/CodeIntelligence/v1/rules/query?pxObjClass=Rule-HTML-Section&appliesTo=Rule-Obj-HTML&pyRuleName=undefined&RequestClass=Rule-HTML-Section&RequestAppliesTo=Rule-Obj-HTML&RequestRuleName=undefined Payload: "{\"RequestClass\":\"Rule-HTML-Section\",\"RequestAppliesTo\":\"Rule-Obj-HTML\",\"RequestRuleName\":\"undefined\"}" => HTTP 404 (100 bytes)
[PegaHttpClient] 📡 POST https://zdk8budo.pegaacademy.net/prweb/PRRestService/CodeIntelligence/v1/rules/query?pxObjClass=Rule-HTML-Section&appliesTo=Rule-Obj-HTML&pyRuleName=undefined&RequestClass=Rule-HTML-Section&RequestAppliesTo=Rule-Obj-HTML&RequestRuleName=undefined Payload: "{\"RequestClass\":\"Rule-HTML-Section\",\"RequestAppliesTo\":\"Rule-Obj-HTML\",\"RequestRuleName\":\"undefined\"}" => HTTP 404 (100 bytes)
[PegaHttpClient] 📡 POST https://zdk8budo.pegaacademy.net/prweb/api/HRAppsV2Service/V1/rules/query?pxObjClass=Rule-HTML-Section&appliesTo=Rule-Obj-HTML&pyRuleName=undefined&RequestClass=Rule-HTML-Section&RequestAppliesTo=Rule-Obj-HTML&RequestRuleName=undefined Payload: "{\"RequestClass\":\"Rule-HTML-Section\",\"RequestAppliesTo\":\"Rule-Obj-HTML\",\"RequestRuleName\":\"undefined\"}" => HTTP 404 (18 bytes)
[PegaHttpClient] 📡 POST https://zdk8budo.pegaacademy.net/prweb/PRRestService/HRAppsV2Service/V1/rules/query?pxObjClass=Rule-HTML-Section&appliesTo=Rule-Obj-HTML&pyRuleName=undefined&RequestClass=Rule-HTML-Section&RequestAppliesTo=Rule-Obj-HTML&RequestRuleName=undefined Payload: "{\"RequestClass\":\"Rule-HTML-Section\",\"RequestAppliesTo\":\"Rule-Obj-HTML\",\"RequestRuleName\":\"undefined\"}" => HTTP 404 (18 bytes)
[PegaHttpClient] 📡 POST https://zdk8budo.pegaacademy.net/prweb/api/HRAppsV2/V1/rules/query?pxObjClass=Rule-HTML-Section&appliesTo=Rule-Obj-HTML&pyRuleName=undefined&RequestClass=Rule-HTML-Section&RequestAppliesTo=Rule-Obj-HTML&RequestRuleName=undefined Payload: "{\"RequestClass\":\"Rule-HTML-Section\",\"RequestAppliesTo\":\"Rule-Obj-HTML\",\"RequestRuleName\":\"undefined\"}" => HTTP 404 (18 bytes)
[PegaHttpClient] 📡 POST https://zdk8budo.pegaacademy.net/prweb/PRRestService/HRAppsV2/V1/rules/query?pxObjClass=Rule-HTML-Section&appliesTo=Rule-Obj-HTML&pyRuleName=undefined&RequestClass=Rule-HTML-Section&RequestAppliesTo=Rule-Obj-HTML&RequestRuleName=undefined Payload: "{\"RequestClass\":\"Rule-HTML-Section\",\"RequestAppliesTo\":\"Rule-Obj-HTML\",\"RequestRuleName\":\"undefined\"}" => HTTP 404 (18 bytes)
[PegaHttpClient] 📡 POST https://zdk8budo.pegaacademy.net/prweb/api/v1/rules/query?pxObjClass=Rule-HTML-Section&appliesTo=Rule-Obj-HTML&pyRuleName=undefined&RequestClass=Rule-HTML-Section&RequestAppliesTo=Rule-Obj-HTML&RequestRuleName=undefined Payload: "{\"RequestClass\":\"Rule-HTML-Section\",\"RequestAppliesTo\":\"Rule-Obj-HTML\",\"RequestRuleName\":\"undefined\"}" => HTTP 404 (18 bytes)
[PegaHttpClient] 📡 POST https://zdk8budo.pegaacademy.net/prweb/PRRestService/v1/rules/query?pxObjClass=Rule-HTML-Section&appliesTo=Rule-Obj-HTML&pyRuleName=undefined&RequestClass=Rule-HTML-Section&RequestAppliesTo=Rule-Obj-HTML&RequestRuleName=undefined Payload: "{\"RequestClass\":\"Rule-HTML-Section\",\"RequestAppliesTo\":\"Rule-Obj-HTML\",\"RequestRuleName\":\"undefined\"}" => HTTP 404 (18 bytes)
[PegaHttpClient] 📡 POST https://zdk8budo.pegaacademy.net/prweb/api/CodeIntelligence/v1/rules/query?pxObjClass=Rule-HTML-Section&appliesTo=Rule-Obj-HTML&pyRuleName=pzRuleFormToolbar&RequestClass=Rule-HTML-Section&RequestAppliesTo=Rule-Obj-HTML&RequestRuleName=pzRuleFormToolbar Payload: "{\"RequestClass\":\"Rule-HTML-Section\",\"RequestAppliesTo\":\"Rule-Obj-HTML\",\"RequestRuleName\":\"pzRuleFormToolbar\"}" => HTTP 200 (242691 bytes)
[PegaHttpClient] 📡 POST https://zdk8budo.pegaacademy.net/prweb/api/CodeIntelligence/v1/rules/query?pxObjClass=Rule-HTML-Section&appliesTo=Rule-Obj-HTML&pyRuleName=pzRuleFormToolbarCompare&RequestClass=Rule-HTML-Section&RequestAppliesTo=Rule-Obj-HTML&RequestRuleName=pzRuleFormToolbarCompare Payload: "{\"RequestClass\":\"Rule-HTML-Section\",\"RequestAppliesTo\":\"Rule-Obj-HTML\",\"RequestRuleName\":\"pzRuleFormToolbarCompare\"}" => HTTP 200 (61925 bytes)
[PegaHttpClient] 📡 POST https://zdk8budo.pegaacademy.net/prweb/api/CodeIntelligence/v1/rules/query?pxObjClass=Rule-HTML-Section&appliesTo=Rule-Obj-HTML&pyRuleName=RuleFormHeaderMessages&RequestClass=Rule-HTML-Section&RequestAppliesTo=Rule-Obj-HTML&RequestRuleName=RuleFormHeaderMessages Payload: "{\"RequestClass\":\"Rule-HTML-Section\",\"RequestAppliesTo\":\"Rule-Obj-HTML\",\"RequestRuleName\":\"RuleFormHeaderMessages\"}" => HTTP 200 (26518 bytes)
[PegaHttpClient] 📡 POST https://zdk8budo.pegaacademy.net/prweb/api/CodeIntelligence/v1/rules/query?pxObjClass=Rule-HTML-Section&appliesTo=Rule-Obj-HTML&pyRuleName=pzSpecificationsInner&RequestClass=Rule-HTML-Section&RequestAppliesTo=Rule-Obj-HTML&RequestRuleName=pzSpecificationsInner Payload: "{\"RequestClass\":\"Rule-HTML-Section\",\"RequestAppliesTo\":\"Rule-Obj-HTML\",\"RequestRuleName\":\"pzSpecificationsInner\"}" => HTTP 200 (142370 bytes)
[PegaHttpClient] 📡 POST https://zdk8budo.pegaacademy.net/prweb/api/CodeIntelligence/v1/rules/query?pxObjClass=Rule-HTML-Section&appliesTo=Rule-Obj-HTML&pyRuleName=pzAlternateRuleInfo&RequestClass=Rule-HTML-Section&RequestAppliesTo=Rule-Obj-HTML&RequestRuleName=pzAlternateRuleInfo Payload: "{\"RequestClass\":\"Rule-HTML-Section\",\"RequestAppliesTo\":\"Rule-Obj-HTML\",\"RequestRuleName\":\"pzAlternateRuleInfo\"}" => HTTP 200 (140407 bytes)
[PegaHttpClient] 📡 POST https://zdk8budo.pegaacademy.net/prweb/api/CodeIntelligence/v1/rules/query?pxObjClass=Rule-HTML-Section&appliesTo=Rule-Obj-HTML&pyRuleName=RuleFormHistory_Description&RequestClass=Rule-HTML-Section&RequestAppliesTo=Rule-Obj-HTML&RequestRuleName=RuleFormHistory_Description Payload: "{\"RequestClass\":\"Rule-HTML-Section\",\"RequestAppliesTo\":\"Rule-Obj-HTML\",\"RequestRuleName\":\"RuleFormHistory_Description\"}" => HTTP 200 (46242 bytes)
[PegaHttpClient] 📡 POST https://zdk8budo.pegaacademy.net/prweb/api/CodeIntelligence/v1/rules/query?pxObjClass=Rule-HTML-Section&appliesTo=Rule-Obj-HTML&pyRuleName=RuleFormHistory_CustomFields&RequestClass=Rule-HTML-Section&RequestAppliesTo=Rule-Obj-HTML&RequestRuleName=RuleFormHistory_CustomFields Payload: "{\"RequestClass\":\"Rule-HTML-Section\",\"RequestAppliesTo\":\"Rule-Obj-HTML\",\"RequestRuleName\":\"RuleFormHistory_CustomFields\"}" => HTTP 200 (75856 bytes)
[PegaHttpClient] 📡 POST https://zdk8budo.pegaacademy.net/prweb/api/CodeIntelligence/v1/rules/query?pxObjClass=Rule-HTML-Section&appliesTo=Rule-Obj-HTML&pyRuleName=RuleFormHistory_HistoryDetails&RequestClass=Rule-HTML-Section&RequestAppliesTo=Rule-Obj-HTML&RequestRuleName=RuleFormHistory_HistoryDetails Payload: "{\"RequestClass\":\"Rule-HTML-Section\",\"RequestAppliesTo\":\"Rule-Obj-HTML\",\"RequestRuleName\":\"RuleFormHistory_HistoryDetails\"}" => HTTP 200 (179535 bytes)
[PegaHttpClient] 📡 POST https://zdk8budo.pegaacademy.net/prweb/api/CodeIntelligence/v1/rules/query?pxObjClass=Rule-HTML-Section&appliesTo=Rule-Obj-HTML&pyRuleName=pzRuleFormStatus&RequestClass=Rule-HTML-Section&RequestAppliesTo=Rule-Obj-HTML&RequestRuleName=pzRuleFormStatus Payload: "{\"RequestClass\":\"Rule-HTML-Section\",\"RequestAppliesTo\":\"Rule-Obj-HTML\",\"RequestRuleName\":\"pzRuleFormStatus\"}" => HTTP 200 (97627 bytes)
[PegaHttpClient] 📡 POST https://zdk8budo.pegaacademy.net/prweb/api/CodeIntelligence/v1/rules/query?pxObjClass=Rule-HTML-Section&appliesTo=Rule-Obj-HTML&pyRuleName=pzRuleFormHeaderCompareWithDropDown&RequestClass=Rule-HTML-Section&RequestAppliesTo=Rule-Obj-HTML&RequestRuleName=pzRuleFormHeaderCompareWithDropDown Payload: "{\"RequestClass\":\"Rule-HTML-Section\",\"RequestAppliesTo\":\"Rule-Obj-HTML\",\"RequestRuleName\":\"pzRuleFormHeaderCompareWithDropDown\"}" => HTTP 200 (25396 bytes)
[PegaHttpClient] 📡 POST https://zdk8budo.pegaacademy.net/prweb/api/CodeIntelligence/v1/rules/query?pxObjClass=Rule-HTML-Section&appliesTo=Rule-Obj-HTML&pyRuleName=undefined&RequestClass=Rule-HTML-Section&RequestAppliesTo=Rule-Obj-HTML&RequestRuleName=undefined Payload: "{\"RequestClass\":\"Rule-HTML-Section\",\"RequestAppliesTo\":\"Rule-Obj-HTML\",\"RequestRuleName\":\"undefined\"}" => HTTP 404 (100 bytes)
[PegaHttpClient] 📡 POST https://zdk8budo.pegaacademy.net/prweb/PRRestService/CodeIntelligence/v1/rules/query?pxObjClass=Rule-HTML-Section&appliesTo=Rule-Obj-HTML&pyRuleName=undefined&RequestClass=Rule-HTML-Section&RequestAppliesTo=Rule-Obj-HTML&RequestRuleName=undefined Payload: "{\"RequestClass\":\"Rule-HTML-Section\",\"RequestAppliesTo\":\"Rule-Obj-HTML\",\"RequestRuleName\":\"undefined\"}" => HTTP 404 (100 bytes)
[PegaHttpClient] 📡 POST https://zdk8budo.pegaacademy.net/prweb/api/HRAppsV2Service/V1/rules/query?pxObjClass=Rule-HTML-Section&appliesTo=Rule-Obj-HTML&pyRuleName=undefined&RequestClass=Rule-HTML-Section&RequestAppliesTo=Rule-Obj-HTML&RequestRuleName=undefined Payload: "{\"RequestClass\":\"Rule-HTML-Section\",\"RequestAppliesTo\":\"Rule-Obj-HTML\",\"RequestRuleName\":\"undefined\"}" => HTTP 404 (18 bytes)
[PegaHttpClient] 📡 POST https://zdk8budo.pegaacademy.net/prweb/PRRestService/HRAppsV2Service/V1/rules/query?pxObjClass=Rule-HTML-Section&appliesTo=Rule-Obj-HTML&pyRuleName=undefined&RequestClass=Rule-HTML-Section&RequestAppliesTo=Rule-Obj-HTML&RequestRuleName=undefined Payload: "{\"RequestClass\":\"Rule-HTML-Section\",\"RequestAppliesTo\":\"Rule-Obj-HTML\",\"RequestRuleName\":\"undefined\"}" => HTTP 404 (18 bytes)
[PegaHttpClient] 📡 POST https://zdk8budo.pegaacademy.net/prweb/api/HRAppsV2/V1/rules/query?pxObjClass=Rule-HTML-Section&appliesTo=Rule-Obj-HTML&pyRuleName=undefined&RequestClass=Rule-HTML-Section&RequestAppliesTo=Rule-Obj-HTML&RequestRuleName=undefined Payload: "{\"RequestClass\":\"Rule-HTML-Section\",\"RequestAppliesTo\":\"Rule-Obj-HTML\",\"RequestRuleName\":\"undefined\"}" => HTTP 404 (18 bytes)
[PegaHttpClient] 📡 POST https://zdk8budo.pegaacademy.net/prweb/PRRestService/HRAppsV2/V1/rules/query?pxObjClass=Rule-HTML-Section&appliesTo=Rule-Obj-HTML&pyRuleName=undefined&RequestClass=Rule-HTML-Section&RequestAppliesTo=Rule-Obj-HTML&RequestRuleName=undefined Payload: "{\"RequestClass\":\"Rule-HTML-Section\",\"RequestAppliesTo\":\"Rule-Obj-HTML\",\"RequestRuleName\":\"undefined\"}" => HTTP 404 (18 bytes)
[PegaHttpClient] 📡 POST https://zdk8budo.pegaacademy.net/prweb/api/v1/rules/query?pxObjClass=Rule-HTML-Section&appliesTo=Rule-Obj-HTML&pyRuleName=undefined&RequestClass=Rule-HTML-Section&RequestAppliesTo=Rule-Obj-HTML&RequestRuleName=undefined Payload: "{\"RequestClass\":\"Rule-HTML-Section\",\"RequestAppliesTo\":\"Rule-Obj-HTML\",\"RequestRuleName\":\"undefined\"}" => HTTP 404 (18 bytes)
[PegaHttpClient] 📡 POST https://zdk8budo.pegaacademy.net/prweb/PRRestService/v1/rules/query?pxObjClass=Rule-HTML-Section&appliesTo=Rule-Obj-HTML&pyRuleName=undefined&RequestClass=Rule-HTML-Section&RequestAppliesTo=Rule-Obj-HTML&RequestRuleName=undefined Payload: "{\"RequestClass\":\"Rule-HTML-Section\",\"RequestAppliesTo\":\"Rule-Obj-HTML\",\"RequestRuleName\":\"undefined\"}" => HTTP 404 (18 bytes)
[PegaHttpClient] 📡 POST https://zdk8budo.pegaacademy.net/prweb/api/CodeIntelligence/v1/rules/query?pxObjClass=Rule-HTML-Section&appliesTo=Rule-Obj-HTML&pyRuleName=pzRuleFormToolbarHotKeys&RequestClass=Rule-HTML-Section&RequestAppliesTo=Rule-Obj-HTML&RequestRuleName=pzRuleFormToolbarHotKeys Payload: "{\"RequestClass\":\"Rule-HTML-Section\",\"RequestAppliesTo\":\"Rule-Obj-HTML\",\"RequestRuleName\":\"pzRuleFormToolbarHotKeys\"}" => HTTP 200 (85058 bytes)
[PegaHttpClient] 📡 POST https://zdk8budo.pegaacademy.net/prweb/api/CodeIntelligence/v1/rules/query?pxObjClass=Rule-HTML-Section&appliesTo=Rule-Obj-HTML&pyRuleName=pzRuleFormToolbarLockedIcon&RequestClass=Rule-HTML-Section&RequestAppliesTo=Rule-Obj-HTML&RequestRuleName=pzRuleFormToolbarLockedIcon Payload: "{\"RequestClass\":\"Rule-HTML-Section\",\"RequestAppliesTo\":\"Rule-Obj-HTML\",\"RequestRuleName\":\"pzRuleFormToolbarLockedIcon\"}" => HTTP 200 (24898 bytes)
[PegaHttpClient] 📡 POST https://zdk8budo.pegaacademy.net/prweb/api/CodeIntelligence/v1/rules/query?pxObjClass=Rule-HTML-Section&appliesTo=Rule-Obj-HTML&pyRuleName=pzRuleFormToolbarCollaborators&RequestClass=Rule-HTML-Section&RequestAppliesTo=Rule-Obj-HTML&RequestRuleName=pzRuleFormToolbarCollaborators Payload: "{\"RequestClass\":\"Rule-HTML-Section\",\"RequestAppliesTo\":\"Rule-Obj-HTML\",\"RequestRuleName\":\"pzRuleFormToolbarCollaborators\"}" => HTTP 200 (15254 bytes)
[PegaHttpClient] 📡 POST https://zdk8budo.pegaacademy.net/prweb/api/CodeIntelligence/v1/rules/query?pxObjClass=Rule-HTML-Section&appliesTo=Rule-Obj-HTML&pyRuleName=pzRuleFormToolbarSaveAs&RequestClass=Rule-HTML-Section&RequestAppliesTo=Rule-Obj-HTML&RequestRuleName=pzRuleFormToolbarSaveAs Payload: "{\"RequestClass\":\"Rule-HTML-Section\",\"RequestAppliesTo\":\"Rule-Obj-HTML\",\"RequestRuleName\":\"pzRuleFormToolbarSaveAs\"}" => HTTP 200 (64084 bytes)
[PegaHttpClient] 📡 POST https://zdk8budo.pegaacademy.net/prweb/api/CodeIntelligence/v1/rules/query?pxObjClass=Rule-HTML-Section&appliesTo=Rule-Obj-HTML&pyRuleName=pzRuleFormToolbarCheckin&RequestClass=Rule-HTML-Section&RequestAppliesTo=Rule-Obj-HTML&RequestRuleName=pzRuleFormToolbarCheckin Payload: "{\"RequestClass\":\"Rule-HTML-Section\",\"RequestAppliesTo\":\"Rule-Obj-HTML\",\"RequestRuleName\":\"pzRuleFormToolbarCheckin\"}" => HTTP 200 (119096 bytes)
[PegaHttpClient] 📡 POST https://zdk8budo.pegaacademy.net/prweb/api/CodeIntelligence/v1/rules/query?pxObjClass=Rule-HTML-Section&appliesTo=Rule-Obj-HTML&pyRuleName=pzRuleFormToolbarDelete&RequestClass=Rule-HTML-Section&RequestAppliesTo=Rule-Obj-HTML&RequestRuleName=pzRuleFormToolbarDelete Payload: "{\"RequestClass\":\"Rule-HTML-Section\",\"RequestAppliesTo\":\"Rule-Obj-HTML\",\"RequestRuleName\":\"pzRuleFormToolbarDelete\"}" => HTTP 200 (30249 bytes)
[PegaHttpClient] 📡 POST https://zdk8budo.pegaacademy.net/prweb/api/CodeIntelligence/v1/rules/query?pxObjClass=Rule-HTML-Section&appliesTo=Rule-Obj-HTML&pyRuleName=pzRuleFormToolbarSave&RequestClass=Rule-HTML-Section&RequestAppliesTo=Rule-Obj-HTML&RequestRuleName=pzRuleFormToolbarSave Payload: "{\"RequestClass\":\"Rule-HTML-Section\",\"RequestAppliesTo\":\"Rule-Obj-HTML\",\"RequestRuleName\":\"pzRuleFormToolbarSave\"}" => HTTP 200 (293885 bytes)
[PegaHttpClient] 📡 POST https://zdk8budo.pegaacademy.net/prweb/api/CodeIntelligence/v1/rules/query?pxObjClass=Rule-HTML-Section&appliesTo=Rule-Obj-HTML&pyRuleName=pzRuleFormToolbarCheckout&RequestClass=Rule-HTML-Section&RequestAppliesTo=Rule-Obj-HTML&RequestRuleName=pzRuleFormToolbarCheckout Payload: "{\"RequestClass\":\"Rule-HTML-Section\",\"RequestAppliesTo\":\"Rule-Obj-HTML\",\"RequestRuleName\":\"pzRuleFormToolbarCheckout\"}" => HTTP 200 (238148 bytes)
[PegaHttpClient] 📡 POST https://zdk8budo.pegaacademy.net/prweb/api/CodeIntelligence/v1/rules/query?pxObjClass=Rule-HTML-Section&appliesTo=Rule-Obj-HTML&pyRuleName=pzRemoveErrorsDataPage&RequestClass=Rule-HTML-Section&RequestAppliesTo=Rule-Obj-HTML&RequestRuleName=pzRemoveErrorsDataPage Payload: "{\"RequestClass\":\"Rule-HTML-Section\",\"RequestAppliesTo\":\"Rule-Obj-HTML\",\"RequestRuleName\":\"pzRemoveErrorsDataPage\"}" => HTTP 200 (16733 bytes)
[PegaHttpClient] 📡 POST https://zdk8budo.pegaacademy.net/prweb/api/CodeIntelligence/v1/rules/query?pxObjClass=Rule-HTML-Section&appliesTo=Rule-Obj-HTML&pyRuleName=pzRuleFormHeaderMessagesWrapper&RequestClass=Rule-HTML-Section&RequestAppliesTo=Rule-Obj-HTML&RequestRuleName=pzRuleFormHeaderMessagesWrapper Payload: "{\"RequestClass\":\"Rule-HTML-Section\",\"RequestAppliesTo\":\"Rule-Obj-HTML\",\"RequestRuleName\":\"pzRuleFormHeaderMessagesWrapper\"}" => HTTP 200 (16981 bytes)
[PegaHttpClient] 📡 POST https://zdk8budo.pegaacademy.net/prweb/api/CodeIntelligence/v1/rules/query?pxObjClass=Rule-HTML-Section&appliesTo=Rule-Obj-HTML&pyRuleName=pzSpecificationName&RequestClass=Rule-HTML-Section&RequestAppliesTo=Rule-Obj-HTML&RequestRuleName=pzSpecificationName Payload: "{\"RequestClass\":\"Rule-HTML-Section\",\"RequestAppliesTo\":\"Rule-Obj-HTML\",\"RequestRuleName\":\"pzSpecificationName\"}" => HTTP 404 (110 bytes)
[PegaHttpClient] 📡 POST https://zdk8budo.pegaacademy.net/prweb/PRRestService/CodeIntelligence/v1/rules/query?pxObjClass=Rule-HTML-Section&appliesTo=Rule-Obj-HTML&pyRuleName=pzSpecificationName&RequestClass=Rule-HTML-Section&RequestAppliesTo=Rule-Obj-HTML&RequestRuleName=pzSpecificationName Payload: "{\"RequestClass\":\"Rule-HTML-Section\",\"RequestAppliesTo\":\"Rule-Obj-HTML\",\"RequestRuleName\":\"pzSpecificationName\"}" => HTTP 404 (110 bytes)
[PegaHttpClient] 📡 POST https://zdk8budo.pegaacademy.net/prweb/api/HRAppsV2Service/V1/rules/query?pxObjClass=Rule-HTML-Section&appliesTo=Rule-Obj-HTML&pyRuleName=pzSpecificationName&RequestClass=Rule-HTML-Section&RequestAppliesTo=Rule-Obj-HTML&RequestRuleName=pzSpecificationName Payload: "{\"RequestClass\":\"Rule-HTML-Section\",\"RequestAppliesTo\":\"Rule-Obj-HTML\",\"RequestRuleName\":\"pzSpecificationName\"}" => HTTP 404 (18 bytes)
[PegaHttpClient] 📡 POST https://zdk8budo.pegaacademy.net/prweb/PRRestService/HRAppsV2Service/V1/rules/query?pxObjClass=Rule-HTML-Section&appliesTo=Rule-Obj-HTML&pyRuleName=pzSpecificationName&RequestClass=Rule-HTML-Section&RequestAppliesTo=Rule-Obj-HTML&RequestRuleName=pzSpecificationName Payload: "{\"RequestClass\":\"Rule-HTML-Section\",\"RequestAppliesTo\":\"Rule-Obj-HTML\",\"RequestRuleName\":\"pzSpecificationName\"}" => HTTP 404 (18 bytes)
[PegaHttpClient] 📡 POST https://zdk8budo.pegaacademy.net/prweb/api/HRAppsV2/V1/rules/query?pxObjClass=Rule-HTML-Section&appliesTo=Rule-Obj-HTML&pyRuleName=pzSpecificationName&RequestClass=Rule-HTML-Section&RequestAppliesTo=Rule-Obj-HTML&RequestRuleName=pzSpecificationName Payload: "{\"RequestClass\":\"Rule-HTML-Section\",\"RequestAppliesTo\":\"Rule-Obj-HTML\",\"RequestRuleName\":\"pzSpecificationName\"}" => HTTP 404 (18 bytes)
[PegaHttpClient] 📡 POST https://zdk8budo.pegaacademy.net/prweb/PRRestService/HRAppsV2/V1/rules/query?pxObjClass=Rule-HTML-Section&appliesTo=Rule-Obj-HTML&pyRuleName=pzSpecificationName&RequestClass=Rule-HTML-Section&RequestAppliesTo=Rule-Obj-HTML&RequestRuleName=pzSpecificationName Payload: "{\"RequestClass\":\"Rule-HTML-Section\",\"RequestAppliesTo\":\"Rule-Obj-HTML\",\"RequestRuleName\":\"pzSpecificationName\"}" => HTTP 404 (18 bytes)
[PegaHttpClient] 📡 POST https://zdk8budo.pegaacademy.net/prweb/api/v1/rules/query?pxObjClass=Rule-HTML-Section&appliesTo=Rule-Obj-HTML&pyRuleName=pzSpecificationName&RequestClass=Rule-HTML-Section&RequestAppliesTo=Rule-Obj-HTML&RequestRuleName=pzSpecificationName Payload: "{\"RequestClass\":\"Rule-HTML-Section\",\"RequestAppliesTo\":\"Rule-Obj-HTML\",\"RequestRuleName\":\"pzSpecificationName\"}" => HTTP 404 (18 bytes)
[PegaHttpClient] 📡 POST https://zdk8budo.pegaacademy.net/prweb/PRRestService/v1/rules/query?pxObjClass=Rule-HTML-Section&appliesTo=Rule-Obj-HTML&pyRuleName=pzSpecificationName&RequestClass=Rule-HTML-Section&RequestAppliesTo=Rule-Obj-HTML&RequestRuleName=pzSpecificationName Payload: "{\"RequestClass\":\"Rule-HTML-Section\",\"RequestAppliesTo\":\"Rule-Obj-HTML\",\"RequestRuleName\":\"pzSpecificationName\"}" => HTTP 404 (18 bytes)
[PegaHttpClient] 📡 POST https://zdk8budo.pegaacademy.net/prweb/api/CodeIntelligence/v1/rules/query?pxObjClass=Rule-HTML-Section&appliesTo=Rule-Obj-HTML&pyRuleName=pzScm_RuleHistory&RequestClass=Rule-HTML-Section&RequestAppliesTo=Rule-Obj-HTML&RequestRuleName=pzScm_RuleHistory Payload: "{\"RequestClass\":\"Rule-HTML-Section\",\"RequestAppliesTo\":\"Rule-Obj-HTML\",\"RequestRuleName\":\"pzScm_RuleHistory\"}" => HTTP 200 (14682 bytes)
[PegaHttpClient] 📡 POST https://zdk8budo.pegaacademy.net/prweb/api/CodeIntelligence/v1/rules/query?pxObjClass=Rule-HTML-Section&appliesTo=Rule-Obj-HTML&pyRuleName=pxDisplayCollaborators&RequestClass=Rule-HTML-Section&RequestAppliesTo=Rule-Obj-HTML&RequestRuleName=pxDisplayCollaborators Payload: "{\"RequestClass\":\"Rule-HTML-Section\",\"RequestAppliesTo\":\"Rule-Obj-HTML\",\"RequestRuleName\":\"pxDisplayCollaborators\"}" => HTTP 200 (94171 bytes)
[PegaHttpClient] 📡 POST https://zdk8budo.pegaacademy.net/prweb/api/CodeIntelligence/v1/rules/query?pxObjClass=Rule-HTML-Section&appliesTo=Rule-Obj-HTML&pyRuleName=pzRuleFormToolbarDeleteCheckOut&RequestClass=Rule-HTML-Section&RequestAppliesTo=Rule-Obj-HTML&RequestRuleName=pzRuleFormToolbarDeleteCheckOut Payload: "{\"RequestClass\":\"Rule-HTML-Section\",\"RequestAppliesTo\":\"Rule-Obj-HTML\",\"RequestRuleName\":\"pzRuleFormToolbarDeleteCheckOut\"}" => HTTP 200 (29433 bytes)
[PegaHttpClient] 📡 POST https://zdk8budo.pegaacademy.net/prweb/api/CodeIntelligence/v1/rules/query?pxObjClass=Rule-HTML-Section&appliesTo=Rule-Obj-HTML&pyRuleName=pzRuleFormToolbarDeleteRule&RequestClass=Rule-HTML-Section&RequestAppliesTo=Rule-Obj-HTML&RequestRuleName=pzRuleFormToolbarDeleteRule Payload: "{\"RequestClass\":\"Rule-HTML-Section\",\"RequestAppliesTo\":\"Rule-Obj-HTML\",\"RequestRuleName\":\"pzRuleFormToolbarDeleteRule\"}" => HTTP 200 (32314 bytes)
[PegaHttpClient] 📡 POST https://zdk8budo.pegaacademy.net/prweb/api/CodeIntelligence/v1/rules/query?pxObjClass=Rule-HTML-Section&appliesTo=Rule-Obj-HTML&pyRuleName=pzLoadCollaborationScripts&RequestClass=Rule-HTML-Section&RequestAppliesTo=Rule-Obj-HTML&RequestRuleName=pzLoadCollaborationScripts Payload: "{\"RequestClass\":\"Rule-HTML-Section\",\"RequestAppliesTo\":\"Rule-Obj-HTML\",\"RequestRuleName\":\"pzLoadCollaborationScripts\"}" => HTTP 200 (23453 bytes)
[PegaHttpClient] 📡 POST https://zdk8budo.pegaacademy.net/prweb/api/CodeIntelligence/v1/rules/query?pxObjClass=Rule-HTML-Section&appliesTo=Rule-Obj-HTML&pyRuleName=pzDisplayCollaboratorsList&RequestClass=Rule-HTML-Section&RequestAppliesTo=Rule-Obj-HTML&RequestRuleName=pzDisplayCollaboratorsList Payload: "{\"RequestClass\":\"Rule-HTML-Section\",\"RequestAppliesTo\":\"Rule-Obj-HTML\",\"RequestRuleName\":\"pzDisplayCollaboratorsList\"}" => HTTP 200 (105418 bytes)
[PegaHttpClient] 📡 POST https://zdk8budo.pegaacademy.net/prweb/api/CodeIntelligence/v1/rules/query?pxObjClass=Rule-HTML-Section&appliesTo=Rule-Obj-HTML&pyRuleName=pyCollaborator&RequestClass=Rule-HTML-Section&RequestAppliesTo=Rule-Obj-HTML&RequestRuleName=pyCollaborator Payload: "{\"RequestClass\":\"Rule-HTML-Section\",\"RequestAppliesTo\":\"Rule-Obj-HTML\",\"RequestRuleName\":\"pyCollaborator\"}" => HTTP 404 (105 bytes)
[PegaHttpClient] 📡 POST https://zdk8budo.pegaacademy.net/prweb/PRRestService/CodeIntelligence/v1/rules/query?pxObjClass=Rule-HTML-Section&appliesTo=Rule-Obj-HTML&pyRuleName=pyCollaborator&RequestClass=Rule-HTML-Section&RequestAppliesTo=Rule-Obj-HTML&RequestRuleName=pyCollaborator Payload: "{\"RequestClass\":\"Rule-HTML-Section\",\"RequestAppliesTo\":\"Rule-Obj-HTML\",\"RequestRuleName\":\"pyCollaborator\"}" => HTTP 404 (105 bytes)
[PegaHttpClient] 📡 POST https://zdk8budo.pegaacademy.net/prweb/api/HRAppsV2Service/V1/rules/query?pxObjClass=Rule-HTML-Section&appliesTo=Rule-Obj-HTML&pyRuleName=pyCollaborator&RequestClass=Rule-HTML-Section&RequestAppliesTo=Rule-Obj-HTML&RequestRuleName=pyCollaborator Payload: "{\"RequestClass\":\"Rule-HTML-Section\",\"RequestAppliesTo\":\"Rule-Obj-HTML\",\"RequestRuleName\":\"pyCollaborator\"}" => HTTP 404 (18 bytes)
[PegaHttpClient] 📡 POST https://zdk8budo.pegaacademy.net/prweb/PRRestService/HRAppsV2Service/V1/rules/query?pxObjClass=Rule-HTML-Section&appliesTo=Rule-Obj-HTML&pyRuleName=pyCollaborator&RequestClass=Rule-HTML-Section&RequestAppliesTo=Rule-Obj-HTML&RequestRuleName=pyCollaborator Payload: "{\"RequestClass\":\"Rule-HTML-Section\",\"RequestAppliesTo\":\"Rule-Obj-HTML\",\"RequestRuleName\":\"pyCollaborator\"}" => HTTP 404 (18 bytes)
[PegaHttpClient] 📡 POST https://zdk8budo.pegaacademy.net/prweb/api/HRAppsV2/V1/rules/query?pxObjClass=Rule-HTML-Section&appliesTo=Rule-Obj-HTML&pyRuleName=pyCollaborator&RequestClass=Rule-HTML-Section&RequestAppliesTo=Rule-Obj-HTML&RequestRuleName=pyCollaborator Payload: "{\"RequestClass\":\"Rule-HTML-Section\",\"RequestAppliesTo\":\"Rule-Obj-HTML\",\"RequestRuleName\":\"pyCollaborator\"}" => HTTP 404 (18 bytes)
[PegaHttpClient] 📡 POST https://zdk8budo.pegaacademy.net/prweb/PRRestService/HRAppsV2/V1/rules/query?pxObjClass=Rule-HTML-Section&appliesTo=Rule-Obj-HTML&pyRuleName=pyCollaborator&RequestClass=Rule-HTML-Section&RequestAppliesTo=Rule-Obj-HTML&RequestRuleName=pyCollaborator Payload: "{\"RequestClass\":\"Rule-HTML-Section\",\"RequestAppliesTo\":\"Rule-Obj-HTML\",\"RequestRuleName\":\"pyCollaborator\"}" => HTTP 404 (18 bytes)
[PegaHttpClient] 📡 POST https://zdk8budo.pegaacademy.net/prweb/api/v1/rules/query?pxObjClass=Rule-HTML-Section&appliesTo=Rule-Obj-HTML&pyRuleName=pyCollaborator&RequestClass=Rule-HTML-Section&RequestAppliesTo=Rule-Obj-HTML&RequestRuleName=pyCollaborator Payload: "{\"RequestClass\":\"Rule-HTML-Section\",\"RequestAppliesTo\":\"Rule-Obj-HTML\",\"RequestRuleName\":\"pyCollaborator\"}" => HTTP 404 (18 bytes)
[PegaHttpClient] 📡 POST https://zdk8budo.pegaacademy.net/prweb/PRRestService/v1/rules/query?pxObjClass=Rule-HTML-Section&appliesTo=Rule-Obj-HTML&pyRuleName=pyCollaborator&RequestClass=Rule-HTML-Section&RequestAppliesTo=Rule-Obj-HTML&RequestRuleName=pyCollaborator Payload: "{\"RequestClass\":\"Rule-HTML-Section\",\"RequestAppliesTo\":\"Rule-Obj-HTML\",\"RequestRuleName\":\"pyCollaborator\"}" => HTTP 404 (18 bytes)
[PegaHttpClient] 📡 POST https://zdk8budo.pegaacademy.net/prweb/api/CodeIntelligence/v1/rules/query?pxObjClass=Rule-HTML-Section&appliesTo=Rule-Obj-HTML&pyRuleName=pzDisplayPartialCount&RequestClass=Rule-HTML-Section&RequestAppliesTo=Rule-Obj-HTML&RequestRuleName=pzDisplayPartialCount Payload: "{\"RequestClass\":\"Rule-HTML-Section\",\"RequestAppliesTo\":\"Rule-Obj-HTML\",\"RequestRuleName\":\"pzDisplayPartialCount\"}" => HTTP 404 (112 bytes)
[PegaHttpClient] 📡 POST https://zdk8budo.pegaacademy.net/prweb/PRRestService/CodeIntelligence/v1/rules/query?pxObjClass=Rule-HTML-Section&appliesTo=Rule-Obj-HTML&pyRuleName=pzDisplayPartialCount&RequestClass=Rule-HTML-Section&RequestAppliesTo=Rule-Obj-HTML&RequestRuleName=pzDisplayPartialCount Payload: "{\"RequestClass\":\"Rule-HTML-Section\",\"RequestAppliesTo\":\"Rule-Obj-HTML\",\"RequestRuleName\":\"pzDisplayPartialCount\"}" => HTTP 404 (112 bytes)
[PegaHttpClient] 📡 POST https://zdk8budo.pegaacademy.net/prweb/api/HRAppsV2Service/V1/rules/query?pxObjClass=Rule-HTML-Section&appliesTo=Rule-Obj-HTML&pyRuleName=pzDisplayPartialCount&RequestClass=Rule-HTML-Section&RequestAppliesTo=Rule-Obj-HTML&RequestRuleName=pzDisplayPartialCount Payload: "{\"RequestClass\":\"Rule-HTML-Section\",\"RequestAppliesTo\":\"Rule-Obj-HTML\",\"RequestRuleName\":\"pzDisplayPartialCount\"}" => HTTP 404 (18 bytes)
[PegaHttpClient] 📡 POST https://zdk8budo.pegaacademy.net/prweb/PRRestService/HRAppsV2Service/V1/rules/query?pxObjClass=Rule-HTML-Section&appliesTo=Rule-Obj-HTML&pyRuleName=pzDisplayPartialCount&RequestClass=Rule-HTML-Section&RequestAppliesTo=Rule-Obj-HTML&RequestRuleName=pzDisplayPartialCount Payload: "{\"RequestClass\":\"Rule-HTML-Section\",\"RequestAppliesTo\":\"Rule-Obj-HTML\",\"RequestRuleName\":\"pzDisplayPartialCount\"}" => HTTP 404 (18 bytes)
[PegaHttpClient] 📡 POST https://zdk8budo.pegaacademy.net/prweb/api/HRAppsV2/V1/rules/query?pxObjClass=Rule-HTML-Section&appliesTo=Rule-Obj-HTML&pyRuleName=pzDisplayPartialCount&RequestClass=Rule-HTML-Section&RequestAppliesTo=Rule-Obj-HTML&RequestRuleName=pzDisplayPartialCount Payload: "{\"RequestClass\":\"Rule-HTML-Section\",\"RequestAppliesTo\":\"Rule-Obj-HTML\",\"RequestRuleName\":\"pzDisplayPartialCount\"}" => HTTP 404 (18 bytes)
[PegaHttpClient] 📡 POST https://zdk8budo.pegaacademy.net/prweb/PRRestService/HRAppsV2/V1/rules/query?pxObjClass=Rule-HTML-Section&appliesTo=Rule-Obj-HTML&pyRuleName=pzDisplayPartialCount&RequestClass=Rule-HTML-Section&RequestAppliesTo=Rule-Obj-HTML&RequestRuleName=pzDisplayPartialCount Payload: "{\"RequestClass\":\"Rule-HTML-Section\",\"RequestAppliesTo\":\"Rule-Obj-HTML\",\"RequestRuleName\":\"pzDisplayPartialCount\"}" => HTTP 404 (18 bytes)
[PegaHttpClient] 📡 POST https://zdk8budo.pegaacademy.net/prweb/api/v1/rules/query?pxObjClass=Rule-HTML-Section&appliesTo=Rule-Obj-HTML&pyRuleName=pzDisplayPartialCount&RequestClass=Rule-HTML-Section&RequestAppliesTo=Rule-Obj-HTML&RequestRuleName=pzDisplayPartialCount Payload: "{\"RequestClass\":\"Rule-HTML-Section\",\"RequestAppliesTo\":\"Rule-Obj-HTML\",\"RequestRuleName\":\"pzDisplayPartialCount\"}" => HTTP 404 (18 bytes)
[PegaHttpClient] 📡 POST https://zdk8budo.pegaacademy.net/prweb/PRRestService/v1/rules/query?pxObjClass=Rule-HTML-Section&appliesTo=Rule-Obj-HTML&pyRuleName=pzDisplayPartialCount&RequestClass=Rule-HTML-Section&RequestAppliesTo=Rule-Obj-HTML&RequestRuleName=pzDisplayPartialCount Payload: "{\"RequestClass\":\"Rule-HTML-Section\",\"RequestAppliesTo\":\"Rule-Obj-HTML\",\"RequestRuleName\":\"pzDisplayPartialCount\"}" => HTTP 404 (18 bytes)
[SchemaGen] ✅ Schema written for Rule-Obj-HTML
[PegaHttpClient] 📡 GET https://zdk8budo.pegaacademy.net/prweb/api/CodeIntelligence/v1/rules/RULE-HTML-HARNESS%20RULE-OBJ-FLOWACTION%20RULEFORM%20%2320180713T135125.050%20GMT => HTTP 200 (45945 bytes)
[PegaHttpClient] 📡 POST https://zdk8budo.pegaacademy.net/prweb/api/CodeIntelligence/v1/rules/query?pxObjClass=Rule-HTML-Section&appliesTo=Rule-Obj-FlowAction&pyRuleName=pzOpenAuthoringHTMLFA&RequestClass=Rule-HTML-Section&RequestAppliesTo=Rule-Obj-FlowAction&RequestRuleName=pzOpenAuthoringHTMLFA Payload: "{\"RequestClass\":\"Rule-HTML-Section\",\"RequestAppliesTo\":\"Rule-Obj-FlowAction\",\"RequestRuleName\":\"pzOpenAuthoringHTMLFA\"}" => HTTP 200 (27334 bytes)
[PegaHttpClient] 📡 POST https://zdk8budo.pegaacademy.net/prweb/api/CodeIntelligence/v1/rules/query?pxObjClass=Rule-HTML-Section&appliesTo=Rule-Obj-FlowAction&pyRuleName=RuleFormMain&RequestClass=Rule-HTML-Section&RequestAppliesTo=Rule-Obj-FlowAction&RequestRuleName=RuleFormMain Payload: "{\"RequestClass\":\"Rule-HTML-Section\",\"RequestAppliesTo\":\"Rule-Obj-FlowAction\",\"RequestRuleName\":\"RuleFormMain\"}" => HTTP 200 (156234 bytes)
[PegaHttpClient] 📡 POST https://zdk8budo.pegaacademy.net/prweb/api/CodeIntelligence/v1/rules/query?pxObjClass=Rule-HTML-Section&appliesTo=Rule-Obj-FlowAction&pyRuleName=pxAlternateRuleForm&RequestClass=Rule-HTML-Section&RequestAppliesTo=Rule-Obj-FlowAction&RequestRuleName=pxAlternateRuleForm Payload: "{\"RequestClass\":\"Rule-HTML-Section\",\"RequestAppliesTo\":\"Rule-Obj-FlowAction\",\"RequestRuleName\":\"pxAlternateRuleForm\"}" => HTTP 200 (66153 bytes)
[PegaHttpClient] 📡 POST https://zdk8budo.pegaacademy.net/prweb/api/CodeIntelligence/v1/rules/query?pxObjClass=Rule-HTML-Section&appliesTo=Rule-Obj-FlowAction&pyRuleName=pzRuleFormScripts&RequestClass=Rule-HTML-Section&RequestAppliesTo=Rule-Obj-FlowAction&RequestRuleName=pzRuleFormScripts Payload: "{\"RequestClass\":\"Rule-HTML-Section\",\"RequestAppliesTo\":\"Rule-Obj-FlowAction\",\"RequestRuleName\":\"pzRuleFormScripts\"}" => HTTP 200 (40822 bytes)
[PegaHttpClient] 📡 POST https://zdk8budo.pegaacademy.net/prweb/api/CodeIntelligence/v1/rules/query?pxObjClass=Rule-HTML-Section&appliesTo=Rule-Obj-FlowAction&pyRuleName=pzRuleFormLayoutDelegated&RequestClass=Rule-HTML-Section&RequestAppliesTo=Rule-Obj-FlowAction&RequestRuleName=pzRuleFormLayoutDelegated Payload: "{\"RequestClass\":\"Rule-HTML-Section\",\"RequestAppliesTo\":\"Rule-Obj-FlowAction\",\"RequestRuleName\":\"pzRuleFormLayoutDelegated\"}" => HTTP 200 (70998 bytes)
[PegaHttpClient] 📡 POST https://zdk8budo.pegaacademy.net/prweb/api/CodeIntelligence/v1/rules/query?pxObjClass=Rule-HTML-Section&appliesTo=Rule-Obj-FlowAction&pyRuleName=RuleFormLayout&RequestClass=Rule-HTML-Section&RequestAppliesTo=Rule-Obj-FlowAction&RequestRuleName=RuleFormLayout Payload: "{\"RequestClass\":\"Rule-HTML-Section\",\"RequestAppliesTo\":\"Rule-Obj-FlowAction\",\"RequestRuleName\":\"RuleFormLayout\"}" => HTTP 200 (31897 bytes)
[PegaHttpClient] 📡 POST https://zdk8budo.pegaacademy.net/prweb/api/CodeIntelligence/v1/rules/query?pxObjClass=Rule-HTML-Section&appliesTo=Rule-Obj-FlowAction&pyRuleName=RuleFormSettings&RequestClass=Rule-HTML-Section&RequestAppliesTo=Rule-Obj-FlowAction&RequestRuleName=RuleFormSettings Payload: "{\"RequestClass\":\"Rule-HTML-Section\",\"RequestAppliesTo\":\"Rule-Obj-FlowAction\",\"RequestRuleName\":\"RuleFormSettings\"}" => HTTP 200 (20140 bytes)
[PegaHttpClient] 📡 POST https://zdk8budo.pegaacademy.net/prweb/api/CodeIntelligence/v1/rules/query?pxObjClass=Rule-HTML-Section&appliesTo=Rule-Obj-FlowAction&pyRuleName=OpenAuthoring&RequestClass=Rule-HTML-Section&RequestAppliesTo=Rule-Obj-FlowAction&RequestRuleName=OpenAuthoring Payload: "{\"RequestClass\":\"Rule-HTML-Section\",\"RequestAppliesTo\":\"Rule-Obj-FlowAction\",\"RequestRuleName\":\"OpenAuthoring\"}" => HTTP 200 (23695 bytes)
[PegaHttpClient] 📡 POST https://zdk8budo.pegaacademy.net/prweb/api/CodeIntelligence/v1/rules/query?pxObjClass=Rule-HTML-Section&appliesTo=Rule-Obj-FlowAction&pyRuleName=pyCustomHelp&RequestClass=Rule-HTML-Section&RequestAppliesTo=Rule-Obj-FlowAction&RequestRuleName=pyCustomHelp Payload: "{\"RequestClass\":\"Rule-HTML-Section\",\"RequestAppliesTo\":\"Rule-Obj-FlowAction\",\"RequestRuleName\":\"pyCustomHelp\"}" => HTTP 200 (17256 bytes)
[PegaHttpClient] 📡 POST https://zdk8budo.pegaacademy.net/prweb/api/CodeIntelligence/v1/rules/query?pxObjClass=Rule-HTML-Section&appliesTo=Rule-Obj-FlowAction&pyRuleName=pzRuleformMainInclude&RequestClass=Rule-HTML-Section&RequestAppliesTo=Rule-Obj-FlowAction&RequestRuleName=pzRuleformMainInclude Payload: "{\"RequestClass\":\"Rule-HTML-Section\",\"RequestAppliesTo\":\"Rule-Obj-FlowAction\",\"RequestRuleName\":\"pzRuleformMainInclude\"}" => HTTP 200 (22375 bytes)
[PegaHttpClient] 📡 POST https://zdk8budo.pegaacademy.net/prweb/api/CodeIntelligence/v1/rules/query?pxObjClass=Rule-HTML-Section&appliesTo=Rule-Obj-FlowAction&pyRuleName=pyAlternativeRuleFormStrategicAppExtension&RequestClass=Rule-HTML-Section&RequestAppliesTo=Rule-Obj-FlowAction&RequestRuleName=pyAlternativeRuleFormStrategicAppExtension Payload: "{\"RequestClass\":\"Rule-HTML-Section\",\"RequestAppliesTo\":\"Rule-Obj-FlowAction\",\"RequestRuleName\":\"pyAlternativeRuleFormStrategicAppExtension\"}" => HTTP 200 (25042 bytes)
[PegaHttpClient] 📡 POST https://zdk8budo.pegaacademy.net/prweb/api/CodeIntelligence/v1/rules/query?pxObjClass=Rule-HTML-Section&appliesTo=Rule-Obj-FlowAction&pyRuleName=pyAlternativeRuleFormExtension&RequestClass=Rule-HTML-Section&RequestAppliesTo=Rule-Obj-FlowAction&RequestRuleName=pyAlternativeRuleFormExtension Payload: "{\"RequestClass\":\"Rule-HTML-Section\",\"RequestAppliesTo\":\"Rule-Obj-FlowAction\",\"RequestRuleName\":\"pyAlternativeRuleFormExtension\"}" => HTTP 200 (24863 bytes)
[PegaHttpClient] 📡 POST https://zdk8budo.pegaacademy.net/prweb/api/CodeIntelligence/v1/rules/query?pxObjClass=Rule-HTML-Section&appliesTo=Rule-Obj-FlowAction&pyRuleName=RuleFormHeader&RequestClass=Rule-HTML-Section&RequestAppliesTo=Rule-Obj-FlowAction&RequestRuleName=RuleFormHeader Payload: "{\"RequestClass\":\"Rule-HTML-Section\",\"RequestAppliesTo\":\"Rule-Obj-FlowAction\",\"RequestRuleName\":\"RuleFormHeader\"}" => HTTP 200 (183800 bytes)
[PegaHttpClient] 📡 POST https://zdk8budo.pegaacademy.net/prweb/api/CodeIntelligence/v1/rules/query?pxObjClass=Rule-HTML-Section&appliesTo=Rule-Obj-FlowAction&pyRuleName=pzDelegationExperience&RequestClass=Rule-HTML-Section&RequestAppliesTo=Rule-Obj-FlowAction&RequestRuleName=pzDelegationExperience Payload: "{\"RequestClass\":\"Rule-HTML-Section\",\"RequestAppliesTo\":\"Rule-Obj-FlowAction\",\"RequestRuleName\":\"pzDelegationExperience\"}" => HTTP 404 (119 bytes)
[PegaHttpClient] 📡 POST https://zdk8budo.pegaacademy.net/prweb/PRRestService/CodeIntelligence/v1/rules/query?pxObjClass=Rule-HTML-Section&appliesTo=Rule-Obj-FlowAction&pyRuleName=pzDelegationExperience&RequestClass=Rule-HTML-Section&RequestAppliesTo=Rule-Obj-FlowAction&RequestRuleName=pzDelegationExperience Payload: "{\"RequestClass\":\"Rule-HTML-Section\",\"RequestAppliesTo\":\"Rule-Obj-FlowAction\",\"RequestRuleName\":\"pzDelegationExperience\"}" => HTTP 404 (119 bytes)
[PegaHttpClient] 📡 POST https://zdk8budo.pegaacademy.net/prweb/api/HRAppsV2Service/V1/rules/query?pxObjClass=Rule-HTML-Section&appliesTo=Rule-Obj-FlowAction&pyRuleName=pzDelegationExperience&RequestClass=Rule-HTML-Section&RequestAppliesTo=Rule-Obj-FlowAction&RequestRuleName=pzDelegationExperience Payload: "{\"RequestClass\":\"Rule-HTML-Section\",\"RequestAppliesTo\":\"Rule-Obj-FlowAction\",\"RequestRuleName\":\"pzDelegationExperience\"}" => HTTP 404 (18 bytes)
[PegaHttpClient] 📡 POST https://zdk8budo.pegaacademy.net/prweb/PRRestService/HRAppsV2Service/V1/rules/query?pxObjClass=Rule-HTML-Section&appliesTo=Rule-Obj-FlowAction&pyRuleName=pzDelegationExperience&RequestClass=Rule-HTML-Section&RequestAppliesTo=Rule-Obj-FlowAction&RequestRuleName=pzDelegationExperience Payload: "{\"RequestClass\":\"Rule-HTML-Section\",\"RequestAppliesTo\":\"Rule-Obj-FlowAction\",\"RequestRuleName\":\"pzDelegationExperience\"}" => HTTP 404 (18 bytes)
[PegaHttpClient] 📡 POST https://zdk8budo.pegaacademy.net/prweb/api/HRAppsV2/V1/rules/query?pxObjClass=Rule-HTML-Section&appliesTo=Rule-Obj-FlowAction&pyRuleName=pzDelegationExperience&RequestClass=Rule-HTML-Section&RequestAppliesTo=Rule-Obj-FlowAction&RequestRuleName=pzDelegationExperience Payload: "{\"RequestClass\":\"Rule-HTML-Section\",\"RequestAppliesTo\":\"Rule-Obj-FlowAction\",\"RequestRuleName\":\"pzDelegationExperience\"}" => HTTP 404 (18 bytes)
[PegaHttpClient] 📡 POST https://zdk8budo.pegaacademy.net/prweb/PRRestService/HRAppsV2/V1/rules/query?pxObjClass=Rule-HTML-Section&appliesTo=Rule-Obj-FlowAction&pyRuleName=pzDelegationExperience&RequestClass=Rule-HTML-Section&RequestAppliesTo=Rule-Obj-FlowAction&RequestRuleName=pzDelegationExperience Payload: "{\"RequestClass\":\"Rule-HTML-Section\",\"RequestAppliesTo\":\"Rule-Obj-FlowAction\",\"RequestRuleName\":\"pzDelegationExperience\"}" => HTTP 404 (18 bytes)
[PegaHttpClient] 📡 POST https://zdk8budo.pegaacademy.net/prweb/api/v1/rules/query?pxObjClass=Rule-HTML-Section&appliesTo=Rule-Obj-FlowAction&pyRuleName=pzDelegationExperience&RequestClass=Rule-HTML-Section&RequestAppliesTo=Rule-Obj-FlowAction&RequestRuleName=pzDelegationExperience Payload: "{\"RequestClass\":\"Rule-HTML-Section\",\"RequestAppliesTo\":\"Rule-Obj-FlowAction\",\"RequestRuleName\":\"pzDelegationExperience\"}" => HTTP 404 (18 bytes)
[PegaHttpClient] 📡 POST https://zdk8budo.pegaacademy.net/prweb/PRRestService/v1/rules/query?pxObjClass=Rule-HTML-Section&appliesTo=Rule-Obj-FlowAction&pyRuleName=pzDelegationExperience&RequestClass=Rule-HTML-Section&RequestAppliesTo=Rule-Obj-FlowAction&RequestRuleName=pzDelegationExperience Payload: "{\"RequestClass\":\"Rule-HTML-Section\",\"RequestAppliesTo\":\"Rule-Obj-FlowAction\",\"RequestRuleName\":\"pzDelegationExperience\"}" => HTTP 404 (18 bytes)
[PegaHttpClient] 📡 POST https://zdk8budo.pegaacademy.net/prweb/api/CodeIntelligence/v1/rules/query?pxObjClass=Rule-HTML-Section&appliesTo=Rule-Obj-FlowAction&pyRuleName=pzFlowActionTabContainer&RequestClass=Rule-HTML-Section&RequestAppliesTo=Rule-Obj-FlowAction&RequestRuleName=pzFlowActionTabContainer Payload: "{\"RequestClass\":\"Rule-HTML-Section\",\"RequestAppliesTo\":\"Rule-Obj-FlowAction\",\"RequestRuleName\":\"pzFlowActionTabContainer\"}" => HTTP 200 (215620 bytes)
[PegaHttpClient] 📡 POST https://zdk8budo.pegaacademy.net/prweb/api/CodeIntelligence/v1/rules/query?pxObjClass=Rule-HTML-Section&appliesTo=Rule-Obj-FlowAction&pyRuleName=pzCustomHelp&RequestClass=Rule-HTML-Section&RequestAppliesTo=Rule-Obj-FlowAction&RequestRuleName=pzCustomHelp Payload: "{\"RequestClass\":\"Rule-HTML-Section\",\"RequestAppliesTo\":\"Rule-Obj-FlowAction\",\"RequestRuleName\":\"pzCustomHelp\"}" => HTTP 200 (31573 bytes)
[PegaHttpClient] 📡 POST https://zdk8budo.pegaacademy.net/prweb/api/CodeIntelligence/v1/rules/query?pxObjClass=Rule-HTML-Section&appliesTo=Rule-Obj-FlowAction&pyRuleName=pzRuleFormKeysAndDescription&RequestClass=Rule-HTML-Section&RequestAppliesTo=Rule-Obj-FlowAction&RequestRuleName=pzRuleFormKeysAndDescription Payload: "{\"RequestClass\":\"Rule-HTML-Section\",\"RequestAppliesTo\":\"Rule-Obj-FlowAction\",\"RequestRuleName\":\"pzRuleFormKeysAndDescription\"}" => HTTP 200 (134024 bytes)
[PegaHttpClient] 📡 POST https://zdk8budo.pegaacademy.net/prweb/api/CodeIntelligence/v1/rules/query?pxObjClass=Rule-HTML-Section&appliesTo=Rule-Obj-FlowAction&pyRuleName=pzRuleFormRuleset&RequestClass=Rule-HTML-Section&RequestAppliesTo=Rule-Obj-FlowAction&RequestRuleName=pzRuleFormRuleset Payload: "{\"RequestClass\":\"Rule-HTML-Section\",\"RequestAppliesTo\":\"Rule-Obj-FlowAction\",\"RequestRuleName\":\"pzRuleFormRuleset\"}" => HTTP 200 (33985 bytes)
[PegaHttpClient] 📡 POST https://zdk8budo.pegaacademy.net/prweb/api/CodeIntelligence/v1/rules/query?pxObjClass=Rule-HTML-Section&appliesTo=Rule-Obj-FlowAction&pyRuleName=undefined&RequestClass=Rule-HTML-Section&RequestAppliesTo=Rule-Obj-FlowAction&RequestRuleName=undefined Payload: "{\"RequestClass\":\"Rule-HTML-Section\",\"RequestAppliesTo\":\"Rule-Obj-FlowAction\",\"RequestRuleName\":\"undefined\"}" => HTTP 404 (106 bytes)
[PegaHttpClient] 📡 POST https://zdk8budo.pegaacademy.net/prweb/PRRestService/CodeIntelligence/v1/rules/query?pxObjClass=Rule-HTML-Section&appliesTo=Rule-Obj-FlowAction&pyRuleName=undefined&RequestClass=Rule-HTML-Section&RequestAppliesTo=Rule-Obj-FlowAction&RequestRuleName=undefined Payload: "{\"RequestClass\":\"Rule-HTML-Section\",\"RequestAppliesTo\":\"Rule-Obj-FlowAction\",\"RequestRuleName\":\"undefined\"}" => HTTP 404 (106 bytes)
[PegaHttpClient] 📡 POST https://zdk8budo.pegaacademy.net/prweb/api/HRAppsV2Service/V1/rules/query?pxObjClass=Rule-HTML-Section&appliesTo=Rule-Obj-FlowAction&pyRuleName=undefined&RequestClass=Rule-HTML-Section&RequestAppliesTo=Rule-Obj-FlowAction&RequestRuleName=undefined Payload: "{\"RequestClass\":\"Rule-HTML-Section\",\"RequestAppliesTo\":\"Rule-Obj-FlowAction\",\"RequestRuleName\":\"undefined\"}" => HTTP 404 (18 bytes)
[PegaHttpClient] 📡 POST https://zdk8budo.pegaacademy.net/prweb/PRRestService/HRAppsV2Service/V1/rules/query?pxObjClass=Rule-HTML-Section&appliesTo=Rule-Obj-FlowAction&pyRuleName=undefined&RequestClass=Rule-HTML-Section&RequestAppliesTo=Rule-Obj-FlowAction&RequestRuleName=undefined Payload: "{\"RequestClass\":\"Rule-HTML-Section\",\"RequestAppliesTo\":\"Rule-Obj-FlowAction\",\"RequestRuleName\":\"undefined\"}" => HTTP 404 (18 bytes)
[PegaHttpClient] 📡 POST https://zdk8budo.pegaacademy.net/prweb/api/HRAppsV2/V1/rules/query?pxObjClass=Rule-HTML-Section&appliesTo=Rule-Obj-FlowAction&pyRuleName=undefined&RequestClass=Rule-HTML-Section&RequestAppliesTo=Rule-Obj-FlowAction&RequestRuleName=undefined Payload: "{\"RequestClass\":\"Rule-HTML-Section\",\"RequestAppliesTo\":\"Rule-Obj-FlowAction\",\"RequestRuleName\":\"undefined\"}" => HTTP 404 (18 bytes)
[PegaHttpClient] 📡 POST https://zdk8budo.pegaacademy.net/prweb/PRRestService/HRAppsV2/V1/rules/query?pxObjClass=Rule-HTML-Section&appliesTo=Rule-Obj-FlowAction&pyRuleName=undefined&RequestClass=Rule-HTML-Section&RequestAppliesTo=Rule-Obj-FlowAction&RequestRuleName=undefined Payload: "{\"RequestClass\":\"Rule-HTML-Section\",\"RequestAppliesTo\":\"Rule-Obj-FlowAction\",\"RequestRuleName\":\"undefined\"}" => HTTP 404 (18 bytes)
[PegaHttpClient] 📡 POST https://zdk8budo.pegaacademy.net/prweb/api/v1/rules/query?pxObjClass=Rule-HTML-Section&appliesTo=Rule-Obj-FlowAction&pyRuleName=undefined&RequestClass=Rule-HTML-Section&RequestAppliesTo=Rule-Obj-FlowAction&RequestRuleName=undefined Payload: "{\"RequestClass\":\"Rule-HTML-Section\",\"RequestAppliesTo\":\"Rule-Obj-FlowAction\",\"RequestRuleName\":\"undefined\"}" => HTTP 404 (18 bytes)
[PegaHttpClient] 📡 POST https://zdk8budo.pegaacademy.net/prweb/PRRestService/v1/rules/query?pxObjClass=Rule-HTML-Section&appliesTo=Rule-Obj-FlowAction&pyRuleName=undefined&RequestClass=Rule-HTML-Section&RequestAppliesTo=Rule-Obj-FlowAction&RequestRuleName=undefined Payload: "{\"RequestClass\":\"Rule-HTML-Section\",\"RequestAppliesTo\":\"Rule-Obj-FlowAction\",\"RequestRuleName\":\"undefined\"}" => HTTP 404 (18 bytes)
[PegaHttpClient] 📡 POST https://zdk8budo.pegaacademy.net/prweb/api/CodeIntelligence/v1/rules/query?pxObjClass=Rule-HTML-Section&appliesTo=Rule-Obj-FlowAction&pyRuleName=pzRuleFormToolbar&RequestClass=Rule-HTML-Section&RequestAppliesTo=Rule-Obj-FlowAction&RequestRuleName=pzRuleFormToolbar Payload: "{\"RequestClass\":\"Rule-HTML-Section\",\"RequestAppliesTo\":\"Rule-Obj-FlowAction\",\"RequestRuleName\":\"pzRuleFormToolbar\"}" => HTTP 200 (242691 bytes)
[PegaHttpClient] 📡 POST https://zdk8budo.pegaacademy.net/prweb/api/CodeIntelligence/v1/rules/query?pxObjClass=Rule-HTML-Section&appliesTo=Rule-Obj-FlowAction&pyRuleName=pzRuleFormToolbarCompare&RequestClass=Rule-HTML-Section&RequestAppliesTo=Rule-Obj-FlowAction&RequestRuleName=pzRuleFormToolbarCompare Payload: "{\"RequestClass\":\"Rule-HTML-Section\",\"RequestAppliesTo\":\"Rule-Obj-FlowAction\",\"RequestRuleName\":\"pzRuleFormToolbarCompare\"}" => HTTP 200 (61925 bytes)
[PegaHttpClient] 📡 POST https://zdk8budo.pegaacademy.net/prweb/api/CodeIntelligence/v1/rules/query?pxObjClass=Rule-HTML-Section&appliesTo=Rule-Obj-FlowAction&pyRuleName=RuleFormHeaderMessages&RequestClass=Rule-HTML-Section&RequestAppliesTo=Rule-Obj-FlowAction&RequestRuleName=RuleFormHeaderMessages Payload: "{\"RequestClass\":\"Rule-HTML-Section\",\"RequestAppliesTo\":\"Rule-Obj-FlowAction\",\"RequestRuleName\":\"RuleFormHeaderMessages\"}" => HTTP 200 (26518 bytes)
[PegaHttpClient] 📡 POST https://zdk8budo.pegaacademy.net/prweb/api/CodeIntelligence/v1/rules/query?pxObjClass=Rule-HTML-Section&appliesTo=Rule-Obj-FlowAction&pyRuleName=Flow%20Action%20Layout%20Tab&RequestClass=Rule-HTML-Section&RequestAppliesTo=Rule-Obj-FlowAction&RequestRuleName=Flow%20Action%20Layout%20Tab Payload: "{\"RequestClass\":\"Rule-HTML-Section\",\"RequestAppliesTo\":\"Rule-Obj-FlowAction\",\"RequestRuleName\":\"Flow Action Layout Tab\"}" => HTTP 404 (119 bytes)
[PegaHttpClient] 📡 POST https://zdk8budo.pegaacademy.net/prweb/PRRestService/CodeIntelligence/v1/rules/query?pxObjClass=Rule-HTML-Section&appliesTo=Rule-Obj-FlowAction&pyRuleName=Flow%20Action%20Layout%20Tab&RequestClass=Rule-HTML-Section&RequestAppliesTo=Rule-Obj-FlowAction&RequestRuleName=Flow%20Action%20Layout%20Tab Payload: "{\"RequestClass\":\"Rule-HTML-Section\",\"RequestAppliesTo\":\"Rule-Obj-FlowAction\",\"RequestRuleName\":\"Flow Action Layout Tab\"}" => HTTP 404 (119 bytes)
[PegaHttpClient] 📡 POST https://zdk8budo.pegaacademy.net/prweb/api/HRAppsV2Service/V1/rules/query?pxObjClass=Rule-HTML-Section&appliesTo=Rule-Obj-FlowAction&pyRuleName=Flow%20Action%20Layout%20Tab&RequestClass=Rule-HTML-Section&RequestAppliesTo=Rule-Obj-FlowAction&RequestRuleName=Flow%20Action%20Layout%20Tab Payload: "{\"RequestClass\":\"Rule-HTML-Section\",\"RequestAppliesTo\":\"Rule-Obj-FlowAction\",\"RequestRuleName\":\"Flow Action Layout Tab\"}" => HTTP 404 (18 bytes)
[PegaHttpClient] 📡 POST https://zdk8budo.pegaacademy.net/prweb/PRRestService/HRAppsV2Service/V1/rules/query?pxObjClass=Rule-HTML-Section&appliesTo=Rule-Obj-FlowAction&pyRuleName=Flow%20Action%20Layout%20Tab&RequestClass=Rule-HTML-Section&RequestAppliesTo=Rule-Obj-FlowAction&RequestRuleName=Flow%20Action%20Layout%20Tab Payload: "{\"RequestClass\":\"Rule-HTML-Section\",\"RequestAppliesTo\":\"Rule-Obj-FlowAction\",\"RequestRuleName\":\"Flow Action Layout Tab\"}" => HTTP 404 (18 bytes)
[PegaHttpClient] 📡 POST https://zdk8budo.pegaacademy.net/prweb/api/HRAppsV2/V1/rules/query?pxObjClass=Rule-HTML-Section&appliesTo=Rule-Obj-FlowAction&pyRuleName=Flow%20Action%20Layout%20Tab&RequestClass=Rule-HTML-Section&RequestAppliesTo=Rule-Obj-FlowAction&RequestRuleName=Flow%20Action%20Layout%20Tab Payload: "{\"RequestClass\":\"Rule-HTML-Section\",\"RequestAppliesTo\":\"Rule-Obj-FlowAction\",\"RequestRuleName\":\"Flow Action Layout Tab\"}" => HTTP 404 (18 bytes)
[PegaHttpClient] 📡 POST https://zdk8budo.pegaacademy.net/prweb/PRRestService/HRAppsV2/V1/rules/query?pxObjClass=Rule-HTML-Section&appliesTo=Rule-Obj-FlowAction&pyRuleName=Flow%20Action%20Layout%20Tab&RequestClass=Rule-HTML-Section&RequestAppliesTo=Rule-Obj-FlowAction&RequestRuleName=Flow%20Action%20Layout%20Tab Payload: "{\"RequestClass\":\"Rule-HTML-Section\",\"RequestAppliesTo\":\"Rule-Obj-FlowAction\",\"RequestRuleName\":\"Flow Action Layout Tab\"}" => HTTP 404 (18 bytes)
[PegaHttpClient] 📡 POST https://zdk8budo.pegaacademy.net/prweb/api/v1/rules/query?pxObjClass=Rule-HTML-Section&appliesTo=Rule-Obj-FlowAction&pyRuleName=Flow%20Action%20Layout%20Tab&RequestClass=Rule-HTML-Section&RequestAppliesTo=Rule-Obj-FlowAction&RequestRuleName=Flow%20Action%20Layout%20Tab Payload: "{\"RequestClass\":\"Rule-HTML-Section\",\"RequestAppliesTo\":\"Rule-Obj-FlowAction\",\"RequestRuleName\":\"Flow Action Layout Tab\"}" => HTTP 404 (18 bytes)
[PegaHttpClient] 📡 POST https://zdk8budo.pegaacademy.net/prweb/PRRestService/v1/rules/query?pxObjClass=Rule-HTML-Section&appliesTo=Rule-Obj-FlowAction&pyRuleName=Flow%20Action%20Layout%20Tab&RequestClass=Rule-HTML-Section&RequestAppliesTo=Rule-Obj-FlowAction&RequestRuleName=Flow%20Action%20Layout%20Tab Payload: "{\"RequestClass\":\"Rule-HTML-Section\",\"RequestAppliesTo\":\"Rule-Obj-FlowAction\",\"RequestRuleName\":\"Flow Action Layout Tab\"}" => HTTP 404 (18 bytes)
[PegaHttpClient] 📡 POST https://zdk8budo.pegaacademy.net/prweb/api/CodeIntelligence/v1/rules/query?pxObjClass=Rule-HTML-Section&appliesTo=Rule-Obj-FlowAction&pyRuleName=pzFlowActionLayout&RequestClass=Rule-HTML-Section&RequestAppliesTo=Rule-Obj-FlowAction&RequestRuleName=pzFlowActionLayout Payload: "{\"RequestClass\":\"Rule-HTML-Section\",\"RequestAppliesTo\":\"Rule-Obj-FlowAction\",\"RequestRuleName\":\"pzFlowActionLayout\"}" => HTTP 200 (45687 bytes)
[PegaHttpClient] 📡 POST https://zdk8budo.pegaacademy.net/prweb/api/CodeIntelligence/v1/rules/query?pxObjClass=Rule-HTML-Section&appliesTo=Rule-Obj-FlowAction&pyRuleName=pzValidation&RequestClass=Rule-HTML-Section&RequestAppliesTo=Rule-Obj-FlowAction&RequestRuleName=pzValidation Payload: "{\"RequestClass\":\"Rule-HTML-Section\",\"RequestAppliesTo\":\"Rule-Obj-FlowAction\",\"RequestRuleName\":\"pzValidation\"}" => HTTP 200 (30317 bytes)
[PegaHttpClient] 📡 POST https://zdk8budo.pegaacademy.net/prweb/api/CodeIntelligence/v1/rules/query?pxObjClass=Rule-HTML-Section&appliesTo=Rule-Obj-FlowAction&pyRuleName=pzAction&RequestClass=Rule-HTML-Section&RequestAppliesTo=Rule-Obj-FlowAction&RequestRuleName=pzAction Payload: "{\"RequestClass\":\"Rule-HTML-Section\",\"RequestAppliesTo\":\"Rule-Obj-FlowAction\",\"RequestRuleName\":\"pzAction\"}" => HTTP 200 (652423 bytes)
[PegaHttpClient] 📡 POST https://zdk8budo.pegaacademy.net/prweb/api/CodeIntelligence/v1/rules/query?pxObjClass=Rule-HTML-Section&appliesTo=Rule-Obj-FlowAction&pyRuleName=pzHelp_Setup&RequestClass=Rule-HTML-Section&RequestAppliesTo=Rule-Obj-FlowAction&RequestRuleName=pzHelp_Setup Payload: "{\"RequestClass\":\"Rule-HTML-Section\",\"RequestAppliesTo\":\"Rule-Obj-FlowAction\",\"RequestRuleName\":\"pzHelp_Setup\"}" => HTTP 200 (75656 bytes)
[PegaHttpClient] 📡 POST https://zdk8budo.pegaacademy.net/prweb/api/CodeIntelligence/v1/rules/query?pxObjClass=Rule-HTML-Section&appliesTo=Rule-Obj-FlowAction&pyRuleName=Flow%20Action%20Security%20Tab&RequestClass=Rule-HTML-Section&RequestAppliesTo=Rule-Obj-FlowAction&RequestRuleName=Flow%20Action%20Security%20Tab Payload: "{\"RequestClass\":\"Rule-HTML-Section\",\"RequestAppliesTo\":\"Rule-Obj-FlowAction\",\"RequestRuleName\":\"Flow Action Security Tab\"}" => HTTP 404 (121 bytes)
[PegaHttpClient] 📡 POST https://zdk8budo.pegaacademy.net/prweb/PRRestService/CodeIntelligence/v1/rules/query?pxObjClass=Rule-HTML-Section&appliesTo=Rule-Obj-FlowAction&pyRuleName=Flow%20Action%20Security%20Tab&RequestClass=Rule-HTML-Section&RequestAppliesTo=Rule-Obj-FlowAction&RequestRuleName=Flow%20Action%20Security%20Tab Payload: "{\"RequestClass\":\"Rule-HTML-Section\",\"RequestAppliesTo\":\"Rule-Obj-FlowAction\",\"RequestRuleName\":\"Flow Action Security Tab\"}" => HTTP 404 (121 bytes)
[PegaHttpClient] 📡 POST https://zdk8budo.pegaacademy.net/prweb/api/HRAppsV2Service/V1/rules/query?pxObjClass=Rule-HTML-Section&appliesTo=Rule-Obj-FlowAction&pyRuleName=Flow%20Action%20Security%20Tab&RequestClass=Rule-HTML-Section&RequestAppliesTo=Rule-Obj-FlowAction&RequestRuleName=Flow%20Action%20Security%20Tab Payload: "{\"RequestClass\":\"Rule-HTML-Section\",\"RequestAppliesTo\":\"Rule-Obj-FlowAction\",\"RequestRuleName\":\"Flow Action Security Tab\"}" => HTTP 404 (18 bytes)
[PegaHttpClient] 📡 POST https://zdk8budo.pegaacademy.net/prweb/PRRestService/HRAppsV2Service/V1/rules/query?pxObjClass=Rule-HTML-Section&appliesTo=Rule-Obj-FlowAction&pyRuleName=Flow%20Action%20Security%20Tab&RequestClass=Rule-HTML-Section&RequestAppliesTo=Rule-Obj-FlowAction&RequestRuleName=Flow%20Action%20Security%20Tab Payload: "{\"RequestClass\":\"Rule-HTML-Section\",\"RequestAppliesTo\":\"Rule-Obj-FlowAction\",\"RequestRuleName\":\"Flow Action Security Tab\"}" => HTTP 404 (18 bytes)
[PegaHttpClient] 📡 POST https://zdk8budo.pegaacademy.net/prweb/api/HRAppsV2/V1/rules/query?pxObjClass=Rule-HTML-Section&appliesTo=Rule-Obj-FlowAction&pyRuleName=Flow%20Action%20Security%20Tab&RequestClass=Rule-HTML-Section&RequestAppliesTo=Rule-Obj-FlowAction&RequestRuleName=Flow%20Action%20Security%20Tab Payload: "{\"RequestClass\":\"Rule-HTML-Section\",\"RequestAppliesTo\":\"Rule-Obj-FlowAction\",\"RequestRuleName\":\"Flow Action Security Tab\"}" => HTTP 404 (18 bytes)
[PegaHttpClient] 📡 POST https://zdk8budo.pegaacademy.net/prweb/PRRestService/HRAppsV2/V1/rules/query?pxObjClass=Rule-HTML-Section&appliesTo=Rule-Obj-FlowAction&pyRuleName=Flow%20Action%20Security%20Tab&RequestClass=Rule-HTML-Section&RequestAppliesTo=Rule-Obj-FlowAction&RequestRuleName=Flow%20Action%20Security%20Tab Payload: "{\"RequestClass\":\"Rule-HTML-Section\",\"RequestAppliesTo\":\"Rule-Obj-FlowAction\",\"RequestRuleName\":\"Flow Action Security Tab\"}" => HTTP 404 (18 bytes)
[PegaHttpClient] 📡 POST https://zdk8budo.pegaacademy.net/prweb/api/v1/rules/query?pxObjClass=Rule-HTML-Section&appliesTo=Rule-Obj-FlowAction&pyRuleName=Flow%20Action%20Security%20Tab&RequestClass=Rule-HTML-Section&RequestAppliesTo=Rule-Obj-FlowAction&RequestRuleName=Flow%20Action%20Security%20Tab Payload: "{\"RequestClass\":\"Rule-HTML-Section\",\"RequestAppliesTo\":\"Rule-Obj-FlowAction\",\"RequestRuleName\":\"Flow Action Security Tab\"}" => HTTP 404 (18 bytes)
[PegaHttpClient] 📡 POST https://zdk8budo.pegaacademy.net/prweb/PRRestService/v1/rules/query?pxObjClass=Rule-HTML-Section&appliesTo=Rule-Obj-FlowAction&pyRuleName=Flow%20Action%20Security%20Tab&RequestClass=Rule-HTML-Section&RequestAppliesTo=Rule-Obj-FlowAction&RequestRuleName=Flow%20Action%20Security%20Tab Payload: "{\"RequestClass\":\"Rule-HTML-Section\",\"RequestAppliesTo\":\"Rule-Obj-FlowAction\",\"RequestRuleName\":\"Flow Action Security Tab\"}" => HTTP 404 (18 bytes)
[PegaHttpClient] 📡 POST https://zdk8budo.pegaacademy.net/prweb/api/CodeIntelligence/v1/rules/query?pxObjClass=Rule-HTML-Section&appliesTo=Rule-Obj-FlowAction&pyRuleName=pzSecurity&RequestClass=Rule-HTML-Section&RequestAppliesTo=Rule-Obj-FlowAction&RequestRuleName=pzSecurity Payload: "{\"RequestClass\":\"Rule-HTML-Section\",\"RequestAppliesTo\":\"Rule-Obj-FlowAction\",\"RequestRuleName\":\"pzSecurity\"}" => HTTP 200 (143687 bytes)
[PegaHttpClient] 📡 POST https://zdk8budo.pegaacademy.net/prweb/api/CodeIntelligence/v1/rules/query?pxObjClass=Rule-HTML-Section&appliesTo=Rule-Obj-FlowAction&pyRuleName=HTML&RequestClass=Rule-HTML-Section&RequestAppliesTo=Rule-Obj-FlowAction&RequestRuleName=HTML Payload: "{\"RequestClass\":\"Rule-HTML-Section\",\"RequestAppliesTo\":\"Rule-Obj-FlowAction\",\"RequestRuleName\":\"HTML\"}" => HTTP 404 (101 bytes)
[PegaHttpClient] 📡 POST https://zdk8budo.pegaacademy.net/prweb/PRRestService/CodeIntelligence/v1/rules/query?pxObjClass=Rule-HTML-Section&appliesTo=Rule-Obj-FlowAction&pyRuleName=HTML&RequestClass=Rule-HTML-Section&RequestAppliesTo=Rule-Obj-FlowAction&RequestRuleName=HTML Payload: "{\"RequestClass\":\"Rule-HTML-Section\",\"RequestAppliesTo\":\"Rule-Obj-FlowAction\",\"RequestRuleName\":\"HTML\"}" => HTTP 404 (101 bytes)
[PegaHttpClient] 📡 POST https://zdk8budo.pegaacademy.net/prweb/api/HRAppsV2Service/V1/rules/query?pxObjClass=Rule-HTML-Section&appliesTo=Rule-Obj-FlowAction&pyRuleName=HTML&RequestClass=Rule-HTML-Section&RequestAppliesTo=Rule-Obj-FlowAction&RequestRuleName=HTML Payload: "{\"RequestClass\":\"Rule-HTML-Section\",\"RequestAppliesTo\":\"Rule-Obj-FlowAction\",\"RequestRuleName\":\"HTML\"}" => HTTP 404 (18 bytes)
[PegaHttpClient] 📡 POST https://zdk8budo.pegaacademy.net/prweb/PRRestService/HRAppsV2Service/V1/rules/query?pxObjClass=Rule-HTML-Section&appliesTo=Rule-Obj-FlowAction&pyRuleName=HTML&RequestClass=Rule-HTML-Section&RequestAppliesTo=Rule-Obj-FlowAction&RequestRuleName=HTML Payload: "{\"RequestClass\":\"Rule-HTML-Section\",\"RequestAppliesTo\":\"Rule-Obj-FlowAction\",\"RequestRuleName\":\"HTML\"}" => HTTP 404 (18 bytes)
[PegaHttpClient] 📡 POST https://zdk8budo.pegaacademy.net/prweb/api/HRAppsV2/V1/rules/query?pxObjClass=Rule-HTML-Section&appliesTo=Rule-Obj-FlowAction&pyRuleName=HTML&RequestClass=Rule-HTML-Section&RequestAppliesTo=Rule-Obj-FlowAction&RequestRuleName=HTML Payload: "{\"RequestClass\":\"Rule-HTML-Section\",\"RequestAppliesTo\":\"Rule-Obj-FlowAction\",\"RequestRuleName\":\"HTML\"}" => HTTP 404 (18 bytes)
[PegaHttpClient] 📡 POST https://zdk8budo.pegaacademy.net/prweb/PRRestService/HRAppsV2/V1/rules/query?pxObjClass=Rule-HTML-Section&appliesTo=Rule-Obj-FlowAction&pyRuleName=HTML&RequestClass=Rule-HTML-Section&RequestAppliesTo=Rule-Obj-FlowAction&RequestRuleName=HTML Payload: "{\"RequestClass\":\"Rule-HTML-Section\",\"RequestAppliesTo\":\"Rule-Obj-FlowAction\",\"RequestRuleName\":\"HTML\"}" => HTTP 404 (18 bytes)
[PegaHttpClient] 📡 POST https://zdk8budo.pegaacademy.net/prweb/api/v1/rules/query?pxObjClass=Rule-HTML-Section&appliesTo=Rule-Obj-FlowAction&pyRuleName=HTML&RequestClass=Rule-HTML-Section&RequestAppliesTo=Rule-Obj-FlowAction&RequestRuleName=HTML Payload: "{\"RequestClass\":\"Rule-HTML-Section\",\"RequestAppliesTo\":\"Rule-Obj-FlowAction\",\"RequestRuleName\":\"HTML\"}" => HTTP 404 (18 bytes)
[PegaHttpClient] 📡 POST https://zdk8budo.pegaacademy.net/prweb/PRRestService/v1/rules/query?pxObjClass=Rule-HTML-Section&appliesTo=Rule-Obj-FlowAction&pyRuleName=HTML&RequestClass=Rule-HTML-Section&RequestAppliesTo=Rule-Obj-FlowAction&RequestRuleName=HTML Payload: "{\"RequestClass\":\"Rule-HTML-Section\",\"RequestAppliesTo\":\"Rule-Obj-FlowAction\",\"RequestRuleName\":\"HTML\"}" => HTTP 404 (18 bytes)
[PegaHttpClient] 📡 POST https://zdk8budo.pegaacademy.net/prweb/api/CodeIntelligence/v1/rules/query?pxObjClass=Rule-HTML-Section&appliesTo=Rule-Obj-FlowAction&pyRuleName=pzHTML&RequestClass=Rule-HTML-Section&RequestAppliesTo=Rule-Obj-FlowAction&RequestRuleName=pzHTML Payload: "{\"RequestClass\":\"Rule-HTML-Section\",\"RequestAppliesTo\":\"Rule-Obj-FlowAction\",\"RequestRuleName\":\"pzHTML\"}" => HTTP 200 (93850 bytes)
[PegaHttpClient] 📡 POST https://zdk8budo.pegaacademy.net/prweb/api/CodeIntelligence/v1/rules/query?pxObjClass=Rule-HTML-Section&appliesTo=Rule-Obj-FlowAction&pyRuleName=RuleFormPagesAndClasses&RequestClass=Rule-HTML-Section&RequestAppliesTo=Rule-Obj-FlowAction&RequestRuleName=RuleFormPagesAndClasses Payload: "{\"RequestClass\":\"Rule-HTML-Section\",\"RequestAppliesTo\":\"Rule-Obj-FlowAction\",\"RequestRuleName\":\"RuleFormPagesAndClasses\"}" => HTTP 200 (34748 bytes)
[PegaHttpClient] 📡 POST https://zdk8budo.pegaacademy.net/prweb/api/CodeIntelligence/v1/rules/query?pxObjClass=Rule-HTML-Section&appliesTo=Rule-Obj-FlowAction&pyRuleName=pzSpecifications&RequestClass=Rule-HTML-Section&RequestAppliesTo=Rule-Obj-FlowAction&RequestRuleName=pzSpecifications Payload: "{\"RequestClass\":\"Rule-HTML-Section\",\"RequestAppliesTo\":\"Rule-Obj-FlowAction\",\"RequestRuleName\":\"pzSpecifications\"}" => HTTP 200 (16577 bytes)
[PegaHttpClient] 📡 POST https://zdk8budo.pegaacademy.net/prweb/api/CodeIntelligence/v1/rules/query?pxObjClass=Rule-HTML-Section&appliesTo=Rule-Obj-FlowAction&pyRuleName=RuleFormHistory&RequestClass=Rule-HTML-Section&RequestAppliesTo=Rule-Obj-FlowAction&RequestRuleName=RuleFormHistory Payload: "{\"RequestClass\":\"Rule-HTML-Section\",\"RequestAppliesTo\":\"Rule-Obj-FlowAction\",\"RequestRuleName\":\"RuleFormHistory\"}" => HTTP 200 (76091 bytes)
[PegaHttpClient] 📡 POST https://zdk8budo.pegaacademy.net/prweb/api/CodeIntelligence/v1/rules/query?pxObjClass=Rule-HTML-Section&appliesTo=Rule-Obj-FlowAction&pyRuleName=pzRuleFormStatus&RequestClass=Rule-HTML-Section&RequestAppliesTo=Rule-Obj-FlowAction&RequestRuleName=pzRuleFormStatus Payload: "{\"RequestClass\":\"Rule-HTML-Section\",\"RequestAppliesTo\":\"Rule-Obj-FlowAction\",\"RequestRuleName\":\"pzRuleFormStatus\"}" => HTTP 200 (97627 bytes)
[PegaHttpClient] 📡 POST https://zdk8budo.pegaacademy.net/prweb/api/CodeIntelligence/v1/rules/query?pxObjClass=Rule-HTML-Section&appliesTo=Rule-Obj-FlowAction&pyRuleName=pzRuleFormHeaderCompareWithDropDown&RequestClass=Rule-HTML-Section&RequestAppliesTo=Rule-Obj-FlowAction&RequestRuleName=pzRuleFormHeaderCompareWithDropDown Payload: "{\"RequestClass\":\"Rule-HTML-Section\",\"RequestAppliesTo\":\"Rule-Obj-FlowAction\",\"RequestRuleName\":\"pzRuleFormHeaderCompareWithDropDown\"}" => HTTP 200 (25396 bytes)
[PegaHttpClient] 📡 POST https://zdk8budo.pegaacademy.net/prweb/api/CodeIntelligence/v1/rules/query?pxObjClass=Rule-HTML-Section&appliesTo=Rule-Obj-FlowAction&pyRuleName=undefined&RequestClass=Rule-HTML-Section&RequestAppliesTo=Rule-Obj-FlowAction&RequestRuleName=undefined Payload: "{\"RequestClass\":\"Rule-HTML-Section\",\"RequestAppliesTo\":\"Rule-Obj-FlowAction\",\"RequestRuleName\":\"undefined\"}" => HTTP 404 (106 bytes)
[PegaHttpClient] 📡 POST https://zdk8budo.pegaacademy.net/prweb/PRRestService/CodeIntelligence/v1/rules/query?pxObjClass=Rule-HTML-Section&appliesTo=Rule-Obj-FlowAction&pyRuleName=undefined&RequestClass=Rule-HTML-Section&RequestAppliesTo=Rule-Obj-FlowAction&RequestRuleName=undefined Payload: "{\"RequestClass\":\"Rule-HTML-Section\",\"RequestAppliesTo\":\"Rule-Obj-FlowAction\",\"RequestRuleName\":\"undefined\"}" => HTTP 404 (106 bytes)
[PegaHttpClient] 📡 POST https://zdk8budo.pegaacademy.net/prweb/api/HRAppsV2Service/V1/rules/query?pxObjClass=Rule-HTML-Section&appliesTo=Rule-Obj-FlowAction&pyRuleName=undefined&RequestClass=Rule-HTML-Section&RequestAppliesTo=Rule-Obj-FlowAction&RequestRuleName=undefined Payload: "{\"RequestClass\":\"Rule-HTML-Section\",\"RequestAppliesTo\":\"Rule-Obj-FlowAction\",\"RequestRuleName\":\"undefined\"}" => HTTP 404 (18 bytes)
[PegaHttpClient] 📡 POST https://zdk8budo.pegaacademy.net/prweb/PRRestService/HRAppsV2Service/V1/rules/query?pxObjClass=Rule-HTML-Section&appliesTo=Rule-Obj-FlowAction&pyRuleName=undefined&RequestClass=Rule-HTML-Section&RequestAppliesTo=Rule-Obj-FlowAction&RequestRuleName=undefined Payload: "{\"RequestClass\":\"Rule-HTML-Section\",\"RequestAppliesTo\":\"Rule-Obj-FlowAction\",\"RequestRuleName\":\"undefined\"}" => HTTP 404 (18 bytes)
[PegaHttpClient] 📡 POST https://zdk8budo.pegaacademy.net/prweb/api/HRAppsV2/V1/rules/query?pxObjClass=Rule-HTML-Section&appliesTo=Rule-Obj-FlowAction&pyRuleName=undefined&RequestClass=Rule-HTML-Section&RequestAppliesTo=Rule-Obj-FlowAction&RequestRuleName=undefined Payload: "{\"RequestClass\":\"Rule-HTML-Section\",\"RequestAppliesTo\":\"Rule-Obj-FlowAction\",\"RequestRuleName\":\"undefined\"}" => HTTP 404 (18 bytes)
[PegaHttpClient] 📡 POST https://zdk8budo.pegaacademy.net/prweb/PRRestService/HRAppsV2/V1/rules/query?pxObjClass=Rule-HTML-Section&appliesTo=Rule-Obj-FlowAction&pyRuleName=undefined&RequestClass=Rule-HTML-Section&RequestAppliesTo=Rule-Obj-FlowAction&RequestRuleName=undefined Payload: "{\"RequestClass\":\"Rule-HTML-Section\",\"RequestAppliesTo\":\"Rule-Obj-FlowAction\",\"RequestRuleName\":\"undefined\"}" => HTTP 404 (18 bytes)
[PegaHttpClient] 📡 POST https://zdk8budo.pegaacademy.net/prweb/api/v1/rules/query?pxObjClass=Rule-HTML-Section&appliesTo=Rule-Obj-FlowAction&pyRuleName=undefined&RequestClass=Rule-HTML-Section&RequestAppliesTo=Rule-Obj-FlowAction&RequestRuleName=undefined Payload: "{\"RequestClass\":\"Rule-HTML-Section\",\"RequestAppliesTo\":\"Rule-Obj-FlowAction\",\"RequestRuleName\":\"undefined\"}" => HTTP 404 (18 bytes)
[PegaHttpClient] 📡 POST https://zdk8budo.pegaacademy.net/prweb/PRRestService/v1/rules/query?pxObjClass=Rule-HTML-Section&appliesTo=Rule-Obj-FlowAction&pyRuleName=undefined&RequestClass=Rule-HTML-Section&RequestAppliesTo=Rule-Obj-FlowAction&RequestRuleName=undefined Payload: "{\"RequestClass\":\"Rule-HTML-Section\",\"RequestAppliesTo\":\"Rule-Obj-FlowAction\",\"RequestRuleName\":\"undefined\"}" => HTTP 404 (18 bytes)
[PegaHttpClient] 📡 POST https://zdk8budo.pegaacademy.net/prweb/api/CodeIntelligence/v1/rules/query?pxObjClass=Rule-HTML-Section&appliesTo=Rule-Obj-FlowAction&pyRuleName=pzRuleFormToolbarHotKeys&RequestClass=Rule-HTML-Section&RequestAppliesTo=Rule-Obj-FlowAction&RequestRuleName=pzRuleFormToolbarHotKeys Payload: "{\"RequestClass\":\"Rule-HTML-Section\",\"RequestAppliesTo\":\"Rule-Obj-FlowAction\",\"RequestRuleName\":\"pzRuleFormToolbarHotKeys\"}" => HTTP 200 (85058 bytes)
[PegaHttpClient] 📡 POST https://zdk8budo.pegaacademy.net/prweb/api/CodeIntelligence/v1/rules/query?pxObjClass=Rule-HTML-Section&appliesTo=Rule-Obj-FlowAction&pyRuleName=pzRuleFormToolbarLockedIcon&RequestClass=Rule-HTML-Section&RequestAppliesTo=Rule-Obj-FlowAction&RequestRuleName=pzRuleFormToolbarLockedIcon Payload: "{\"RequestClass\":\"Rule-HTML-Section\",\"RequestAppliesTo\":\"Rule-Obj-FlowAction\",\"RequestRuleName\":\"pzRuleFormToolbarLockedIcon\"}" => HTTP 200 (24898 bytes)
[PegaHttpClient] 📡 POST https://zdk8budo.pegaacademy.net/prweb/api/CodeIntelligence/v1/rules/query?pxObjClass=Rule-HTML-Section&appliesTo=Rule-Obj-FlowAction&pyRuleName=pzRuleFormToolbarCollaborators&RequestClass=Rule-HTML-Section&RequestAppliesTo=Rule-Obj-FlowAction&RequestRuleName=pzRuleFormToolbarCollaborators Payload: "{\"RequestClass\":\"Rule-HTML-Section\",\"RequestAppliesTo\":\"Rule-Obj-FlowAction\",\"RequestRuleName\":\"pzRuleFormToolbarCollaborators\"}" => HTTP 200 (15415 bytes)
[PegaHttpClient] 📡 POST https://zdk8budo.pegaacademy.net/prweb/api/CodeIntelligence/v1/rules/query?pxObjClass=Rule-HTML-Section&appliesTo=Rule-Obj-FlowAction&pyRuleName=pzRuleFormToolbarSaveAs&RequestClass=Rule-HTML-Section&RequestAppliesTo=Rule-Obj-FlowAction&RequestRuleName=pzRuleFormToolbarSaveAs Payload: "{\"RequestClass\":\"Rule-HTML-Section\",\"RequestAppliesTo\":\"Rule-Obj-FlowAction\",\"RequestRuleName\":\"pzRuleFormToolbarSaveAs\"}" => HTTP 200 (64084 bytes)
[PegaHttpClient] 📡 POST https://zdk8budo.pegaacademy.net/prweb/api/CodeIntelligence/v1/rules/query?pxObjClass=Rule-HTML-Section&appliesTo=Rule-Obj-FlowAction&pyRuleName=pzRuleFormToolbarCheckin&RequestClass=Rule-HTML-Section&RequestAppliesTo=Rule-Obj-FlowAction&RequestRuleName=pzRuleFormToolbarCheckin Payload: "{\"RequestClass\":\"Rule-HTML-Section\",\"RequestAppliesTo\":\"Rule-Obj-FlowAction\",\"RequestRuleName\":\"pzRuleFormToolbarCheckin\"}" => HTTP 200 (119096 bytes)
[PegaHttpClient] 📡 POST https://zdk8budo.pegaacademy.net/prweb/api/CodeIntelligence/v1/rules/query?pxObjClass=Rule-HTML-Section&appliesTo=Rule-Obj-FlowAction&pyRuleName=pzRuleFormToolbarDelete&RequestClass=Rule-HTML-Section&RequestAppliesTo=Rule-Obj-FlowAction&RequestRuleName=pzRuleFormToolbarDelete Payload: "{\"RequestClass\":\"Rule-HTML-Section\",\"RequestAppliesTo\":\"Rule-Obj-FlowAction\",\"RequestRuleName\":\"pzRuleFormToolbarDelete\"}" => HTTP 200 (30249 bytes)
[PegaHttpClient] 📡 POST https://zdk8budo.pegaacademy.net/prweb/api/CodeIntelligence/v1/rules/query?pxObjClass=Rule-HTML-Section&appliesTo=Rule-Obj-FlowAction&pyRuleName=pzRuleFormToolbarSave&RequestClass=Rule-HTML-Section&RequestAppliesTo=Rule-Obj-FlowAction&RequestRuleName=pzRuleFormToolbarSave Payload: "{\"RequestClass\":\"Rule-HTML-Section\",\"RequestAppliesTo\":\"Rule-Obj-FlowAction\",\"RequestRuleName\":\"pzRuleFormToolbarSave\"}" => HTTP 200 (293885 bytes)
[PegaHttpClient] 📡 POST https://zdk8budo.pegaacademy.net/prweb/api/CodeIntelligence/v1/rules/query?pxObjClass=Rule-HTML-Section&appliesTo=Rule-Obj-FlowAction&pyRuleName=pzRuleFormToolbarCheckout&RequestClass=Rule-HTML-Section&RequestAppliesTo=Rule-Obj-FlowAction&RequestRuleName=pzRuleFormToolbarCheckout Payload: "{\"RequestClass\":\"Rule-HTML-Section\",\"RequestAppliesTo\":\"Rule-Obj-FlowAction\",\"RequestRuleName\":\"pzRuleFormToolbarCheckout\"}" => HTTP 200 (238148 bytes)
[PegaHttpClient] 📡 POST https://zdk8budo.pegaacademy.net/prweb/api/CodeIntelligence/v1/rules/query?pxObjClass=Rule-HTML-Section&appliesTo=Rule-Obj-FlowAction&pyRuleName=pzRemoveErrorsDataPage&RequestClass=Rule-HTML-Section&RequestAppliesTo=Rule-Obj-FlowAction&RequestRuleName=pzRemoveErrorsDataPage Payload: "{\"RequestClass\":\"Rule-HTML-Section\",\"RequestAppliesTo\":\"Rule-Obj-FlowAction\",\"RequestRuleName\":\"pzRemoveErrorsDataPage\"}" => HTTP 200 (16733 bytes)
[PegaHttpClient] 📡 POST https://zdk8budo.pegaacademy.net/prweb/api/CodeIntelligence/v1/rules/query?pxObjClass=Rule-HTML-Section&appliesTo=Rule-Obj-FlowAction&pyRuleName=pzRuleFormHeaderMessagesWrapper&RequestClass=Rule-HTML-Section&RequestAppliesTo=Rule-Obj-FlowAction&RequestRuleName=pzRuleFormHeaderMessagesWrapper Payload: "{\"RequestClass\":\"Rule-HTML-Section\",\"RequestAppliesTo\":\"Rule-Obj-FlowAction\",\"RequestRuleName\":\"pzRuleFormHeaderMessagesWrapper\"}" => HTTP 200 (16981 bytes)
[PegaHttpClient] 📡 POST https://zdk8budo.pegaacademy.net/prweb/api/CodeIntelligence/v1/rules/query?pxObjClass=Rule-HTML-Section&appliesTo=Rule-Obj-FlowAction&pyRuleName=pzFALayoutSectionInclude&RequestClass=Rule-HTML-Section&RequestAppliesTo=Rule-Obj-FlowAction&RequestRuleName=pzFALayoutSectionInclude Payload: "{\"RequestClass\":\"Rule-HTML-Section\",\"RequestAppliesTo\":\"Rule-Obj-FlowAction\",\"RequestRuleName\":\"pzFALayoutSectionInclude\"}" => HTTP 404 (121 bytes)
[PegaHttpClient] 📡 POST https://zdk8budo.pegaacademy.net/prweb/PRRestService/CodeIntelligence/v1/rules/query?pxObjClass=Rule-HTML-Section&appliesTo=Rule-Obj-FlowAction&pyRuleName=pzFALayoutSectionInclude&RequestClass=Rule-HTML-Section&RequestAppliesTo=Rule-Obj-FlowAction&RequestRuleName=pzFALayoutSectionInclude Payload: "{\"RequestClass\":\"Rule-HTML-Section\",\"RequestAppliesTo\":\"Rule-Obj-FlowAction\",\"RequestRuleName\":\"pzFALayoutSectionInclude\"}" => HTTP 404 (121 bytes)
[PegaHttpClient] 📡 POST https://zdk8budo.pegaacademy.net/prweb/api/HRAppsV2Service/V1/rules/query?pxObjClass=Rule-HTML-Section&appliesTo=Rule-Obj-FlowAction&pyRuleName=pzFALayoutSectionInclude&RequestClass=Rule-HTML-Section&RequestAppliesTo=Rule-Obj-FlowAction&RequestRuleName=pzFALayoutSectionInclude Payload: "{\"RequestClass\":\"Rule-HTML-Section\",\"RequestAppliesTo\":\"Rule-Obj-FlowAction\",\"RequestRuleName\":\"pzFALayoutSectionInclude\"}" => HTTP 404 (18 bytes)
[PegaHttpClient] 📡 POST https://zdk8budo.pegaacademy.net/prweb/PRRestService/HRAppsV2Service/V1/rules/query?pxObjClass=Rule-HTML-Section&appliesTo=Rule-Obj-FlowAction&pyRuleName=pzFALayoutSectionInclude&RequestClass=Rule-HTML-Section&RequestAppliesTo=Rule-Obj-FlowAction&RequestRuleName=pzFALayoutSectionInclude Payload: "{\"RequestClass\":\"Rule-HTML-Section\",\"RequestAppliesTo\":\"Rule-Obj-FlowAction\",\"RequestRuleName\":\"pzFALayoutSectionInclude\"}" => HTTP 404 (18 bytes)
[PegaHttpClient] 📡 POST https://zdk8budo.pegaacademy.net/prweb/api/HRAppsV2/V1/rules/query?pxObjClass=Rule-HTML-Section&appliesTo=Rule-Obj-FlowAction&pyRuleName=pzFALayoutSectionInclude&RequestClass=Rule-HTML-Section&RequestAppliesTo=Rule-Obj-FlowAction&RequestRuleName=pzFALayoutSectionInclude Payload: "{\"RequestClass\":\"Rule-HTML-Section\",\"RequestAppliesTo\":\"Rule-Obj-FlowAction\",\"RequestRuleName\":\"pzFALayoutSectionInclude\"}" => HTTP 404 (18 bytes)
[PegaHttpClient] 📡 POST https://zdk8budo.pegaacademy.net/prweb/PRRestService/HRAppsV2/V1/rules/query?pxObjClass=Rule-HTML-Section&appliesTo=Rule-Obj-FlowAction&pyRuleName=pzFALayoutSectionInclude&RequestClass=Rule-HTML-Section&RequestAppliesTo=Rule-Obj-FlowAction&RequestRuleName=pzFALayoutSectionInclude Payload: "{\"RequestClass\":\"Rule-HTML-Section\",\"RequestAppliesTo\":\"Rule-Obj-FlowAction\",\"RequestRuleName\":\"pzFALayoutSectionInclude\"}" => HTTP 404 (18 bytes)
[PegaHttpClient] 📡 POST https://zdk8budo.pegaacademy.net/prweb/api/v1/rules/query?pxObjClass=Rule-HTML-Section&appliesTo=Rule-Obj-FlowAction&pyRuleName=pzFALayoutSectionInclude&RequestClass=Rule-HTML-Section&RequestAppliesTo=Rule-Obj-FlowAction&RequestRuleName=pzFALayoutSectionInclude Payload: "{\"RequestClass\":\"Rule-HTML-Section\",\"RequestAppliesTo\":\"Rule-Obj-FlowAction\",\"RequestRuleName\":\"pzFALayoutSectionInclude\"}" => HTTP 404 (18 bytes)
[PegaHttpClient] 📡 POST https://zdk8budo.pegaacademy.net/prweb/PRRestService/v1/rules/query?pxObjClass=Rule-HTML-Section&appliesTo=Rule-Obj-FlowAction&pyRuleName=pzFALayoutSectionInclude&RequestClass=Rule-HTML-Section&RequestAppliesTo=Rule-Obj-FlowAction&RequestRuleName=pzFALayoutSectionInclude Payload: "{\"RequestClass\":\"Rule-HTML-Section\",\"RequestAppliesTo\":\"Rule-Obj-FlowAction\",\"RequestRuleName\":\"pzFALayoutSectionInclude\"}" => HTTP 404 (18 bytes)
[PegaHttpClient] 📡 POST https://zdk8budo.pegaacademy.net/prweb/api/CodeIntelligence/v1/rules/query?pxObjClass=Rule-HTML-Section&appliesTo=Rule-Obj-FlowAction&pyRuleName=pzFALayoutNoHtml&RequestClass=Rule-HTML-Section&RequestAppliesTo=Rule-Obj-FlowAction&RequestRuleName=pzFALayoutNoHtml Payload: "{\"RequestClass\":\"Rule-HTML-Section\",\"RequestAppliesTo\":\"Rule-Obj-FlowAction\",\"RequestRuleName\":\"pzFALayoutNoHtml\"}" => HTTP 200 (17542 bytes)
[PegaHttpClient] 📡 POST https://zdk8budo.pegaacademy.net/prweb/api/CodeIntelligence/v1/rules/query?pxObjClass=Rule-HTML-Section&appliesTo=Rule-Obj-FlowAction&pyRuleName=pzFALayoutUsingHtml&RequestClass=Rule-HTML-Section&RequestAppliesTo=Rule-Obj-FlowAction&RequestRuleName=pzFALayoutUsingHtml Payload: "{\"RequestClass\":\"Rule-HTML-Section\",\"RequestAppliesTo\":\"Rule-Obj-FlowAction\",\"RequestRuleName\":\"pzFALayoutUsingHtml\"}" => HTTP 200 (17588 bytes)
[PegaHttpClient] 📡 POST https://zdk8budo.pegaacademy.net/prweb/api/CodeIntelligence/v1/rules/query?pxObjClass=Rule-HTML-Section&appliesTo=Rule-Obj-FlowAction&pyRuleName=pzFALayoutUsingFlowActionStream&RequestClass=Rule-HTML-Section&RequestAppliesTo=Rule-Obj-FlowAction&RequestRuleName=pzFALayoutUsingFlowActionStream Payload: "{\"RequestClass\":\"Rule-HTML-Section\",\"RequestAppliesTo\":\"Rule-Obj-FlowAction\",\"RequestRuleName\":\"pzFALayoutUsingFlowActionStream\"}" => HTTP 200 (32789 bytes)
[PegaHttpClient] 📡 POST https://zdk8budo.pegaacademy.net/prweb/api/CodeIntelligence/v1/rules/query?pxObjClass=Rule-HTML-Section&appliesTo=Rule-Obj-FlowAction&pyRuleName=pzRuleCallParamsWrapper&RequestClass=Rule-HTML-Section&RequestAppliesTo=Rule-Obj-FlowAction&RequestRuleName=pzRuleCallParamsWrapper Payload: "{\"RequestClass\":\"Rule-HTML-Section\",\"RequestAppliesTo\":\"Rule-Obj-FlowAction\",\"RequestRuleName\":\"pzRuleCallParamsWrapper\"}" => HTTP 200 (43336 bytes)
[PegaHttpClient] 📡 POST https://zdk8budo.pegaacademy.net/prweb/api/CodeIntelligence/v1/rules/query?pxObjClass=Rule-HTML-Section&appliesTo=Rule-Obj-FlowAction&pyRuleName=pzSetSavableDataPages&RequestClass=Rule-HTML-Section&RequestAppliesTo=Rule-Obj-FlowAction&RequestRuleName=pzSetSavableDataPages Payload: "{\"RequestClass\":\"Rule-HTML-Section\",\"RequestAppliesTo\":\"Rule-Obj-FlowAction\",\"RequestRuleName\":\"pzSetSavableDataPages\"}" => HTTP 200 (61369 bytes)
[PegaHttpClient] 📡 POST https://zdk8budo.pegaacademy.net/prweb/api/CodeIntelligence/v1/rules/query?pxObjClass=Rule-HTML-Section&appliesTo=Rule-Obj-FlowAction&pyRuleName=pzRuleFormPagesAndClassesScript&RequestClass=Rule-HTML-Section&RequestAppliesTo=Rule-Obj-FlowAction&RequestRuleName=pzRuleFormPagesAndClassesScript Payload: "{\"RequestClass\":\"Rule-HTML-Section\",\"RequestAppliesTo\":\"Rule-Obj-FlowAction\",\"RequestRuleName\":\"pzRuleFormPagesAndClassesScript\"}" => HTTP 200 (15730 bytes)
[PegaHttpClient] 📡 POST https://zdk8budo.pegaacademy.net/prweb/api/CodeIntelligence/v1/rules/query?pxObjClass=Rule-HTML-Section&appliesTo=Rule-Obj-FlowAction&pyRuleName=pzPagesAndClassesNoMode&RequestClass=Rule-HTML-Section&RequestAppliesTo=Rule-Obj-FlowAction&RequestRuleName=pzPagesAndClassesNoMode Payload: "{\"RequestClass\":\"Rule-HTML-Section\",\"RequestAppliesTo\":\"Rule-Obj-FlowAction\",\"RequestRuleName\":\"pzPagesAndClassesNoMode\"}" => HTTP 200 (90057 bytes)
[PegaHttpClient] 📡 POST https://zdk8budo.pegaacademy.net/prweb/api/CodeIntelligence/v1/rules/query?pxObjClass=Rule-HTML-Section&appliesTo=Rule-Obj-FlowAction&pyRuleName=pzPagesAndClassesWithMode&RequestClass=Rule-HTML-Section&RequestAppliesTo=Rule-Obj-FlowAction&RequestRuleName=pzPagesAndClassesWithMode Payload: "{\"RequestClass\":\"Rule-HTML-Section\",\"RequestAppliesTo\":\"Rule-Obj-FlowAction\",\"RequestRuleName\":\"pzPagesAndClassesWithMode\"}" => HTTP 200 (97424 bytes)
[PegaHttpClient] 📡 POST https://zdk8budo.pegaacademy.net/prweb/api/CodeIntelligence/v1/rules/query?pxObjClass=Rule-HTML-Section&appliesTo=Rule-Obj-FlowAction&pyRuleName=pzSpecificationsInner&RequestClass=Rule-HTML-Section&RequestAppliesTo=Rule-Obj-FlowAction&RequestRuleName=pzSpecificationsInner Payload: "{\"RequestClass\":\"Rule-HTML-Section\",\"RequestAppliesTo\":\"Rule-Obj-FlowAction\",\"RequestRuleName\":\"pzSpecificationsInner\"}" => HTTP 200 (142370 bytes)
[PegaHttpClient] 📡 POST https://zdk8budo.pegaacademy.net/prweb/api/CodeIntelligence/v1/rules/query?pxObjClass=Rule-HTML-Section&appliesTo=Rule-Obj-FlowAction&pyRuleName=pzAlternateRuleInfo&RequestClass=Rule-HTML-Section&RequestAppliesTo=Rule-Obj-FlowAction&RequestRuleName=pzAlternateRuleInfo Payload: "{\"RequestClass\":\"Rule-HTML-Section\",\"RequestAppliesTo\":\"Rule-Obj-FlowAction\",\"RequestRuleName\":\"pzAlternateRuleInfo\"}" => HTTP 200 (140407 bytes)
[PegaHttpClient] 📡 POST https://zdk8budo.pegaacademy.net/prweb/api/CodeIntelligence/v1/rules/query?pxObjClass=Rule-HTML-Section&appliesTo=Rule-Obj-FlowAction&pyRuleName=RuleFormHistory_Description&RequestClass=Rule-HTML-Section&RequestAppliesTo=Rule-Obj-FlowAction&RequestRuleName=RuleFormHistory_Description Payload: "{\"RequestClass\":\"Rule-HTML-Section\",\"RequestAppliesTo\":\"Rule-Obj-FlowAction\",\"RequestRuleName\":\"RuleFormHistory_Description\"}" => HTTP 200 (46242 bytes)
[PegaHttpClient] 📡 POST https://zdk8budo.pegaacademy.net/prweb/api/CodeIntelligence/v1/rules/query?pxObjClass=Rule-HTML-Section&appliesTo=Rule-Obj-FlowAction&pyRuleName=RuleFormHistory_CustomFields&RequestClass=Rule-HTML-Section&RequestAppliesTo=Rule-Obj-FlowAction&RequestRuleName=RuleFormHistory_CustomFields Payload: "{\"RequestClass\":\"Rule-HTML-Section\",\"RequestAppliesTo\":\"Rule-Obj-FlowAction\",\"RequestRuleName\":\"RuleFormHistory_CustomFields\"}" => HTTP 200 (75856 bytes)
[PegaHttpClient] 📡 POST https://zdk8budo.pegaacademy.net/prweb/api/CodeIntelligence/v1/rules/query?pxObjClass=Rule-HTML-Section&appliesTo=Rule-Obj-FlowAction&pyRuleName=RuleFormHistory_HistoryDetails&RequestClass=Rule-HTML-Section&RequestAppliesTo=Rule-Obj-FlowAction&RequestRuleName=RuleFormHistory_HistoryDetails Payload: "{\"RequestClass\":\"Rule-HTML-Section\",\"RequestAppliesTo\":\"Rule-Obj-FlowAction\",\"RequestRuleName\":\"RuleFormHistory_HistoryDetails\"}" => HTTP 200 (179535 bytes)
[PegaHttpClient] 📡 POST https://zdk8budo.pegaacademy.net/prweb/api/CodeIntelligence/v1/rules/query?pxObjClass=Rule-HTML-Section&appliesTo=Rule-Obj-FlowAction&pyRuleName=pxDisplayCollaborators&RequestClass=Rule-HTML-Section&RequestAppliesTo=Rule-Obj-FlowAction&RequestRuleName=pxDisplayCollaborators Payload: "{\"RequestClass\":\"Rule-HTML-Section\",\"RequestAppliesTo\":\"Rule-Obj-FlowAction\",\"RequestRuleName\":\"pxDisplayCollaborators\"}" => HTTP 200 (94171 bytes)
[PegaHttpClient] 📡 POST https://zdk8budo.pegaacademy.net/prweb/api/CodeIntelligence/v1/rules/query?pxObjClass=Rule-HTML-Section&appliesTo=Rule-Obj-FlowAction&pyRuleName=pzRuleFormToolbarDeleteCheckOut&RequestClass=Rule-HTML-Section&RequestAppliesTo=Rule-Obj-FlowAction&RequestRuleName=pzRuleFormToolbarDeleteCheckOut Payload: "{\"RequestClass\":\"Rule-HTML-Section\",\"RequestAppliesTo\":\"Rule-Obj-FlowAction\",\"RequestRuleName\":\"pzRuleFormToolbarDeleteCheckOut\"}" => HTTP 200 (29433 bytes)
[PegaHttpClient] 📡 POST https://zdk8budo.pegaacademy.net/prweb/api/CodeIntelligence/v1/rules/query?pxObjClass=Rule-HTML-Section&appliesTo=Rule-Obj-FlowAction&pyRuleName=pzRuleFormToolbarDeleteRule&RequestClass=Rule-HTML-Section&RequestAppliesTo=Rule-Obj-FlowAction&RequestRuleName=pzRuleFormToolbarDeleteRule Payload: "{\"RequestClass\":\"Rule-HTML-Section\",\"RequestAppliesTo\":\"Rule-Obj-FlowAction\",\"RequestRuleName\":\"pzRuleFormToolbarDeleteRule\"}" => HTTP 200 (32314 bytes)
[PegaHttpClient] 📡 POST https://zdk8budo.pegaacademy.net/prweb/api/CodeIntelligence/v1/rules/query?pxObjClass=Rule-HTML-Section&appliesTo=Rule-Obj-FlowAction&pyRuleName=pzRuleCallParamsPreProcessing&RequestClass=Rule-HTML-Section&RequestAppliesTo=Rule-Obj-FlowAction&RequestRuleName=pzRuleCallParamsPreProcessing Payload: "{\"RequestClass\":\"Rule-HTML-Section\",\"RequestAppliesTo\":\"Rule-Obj-FlowAction\",\"RequestRuleName\":\"pzRuleCallParamsPreProcessing\"}" => HTTP 200 (42275 bytes)
[PegaHttpClient] 📡 POST https://zdk8budo.pegaacademy.net/prweb/api/CodeIntelligence/v1/rules/query?pxObjClass=Rule-HTML-Section&appliesTo=Rule-Obj-FlowAction&pyRuleName=pzRuleCallParams&RequestClass=Rule-HTML-Section&RequestAppliesTo=Rule-Obj-FlowAction&RequestRuleName=pzRuleCallParams Payload: "{\"RequestClass\":\"Rule-HTML-Section\",\"RequestAppliesTo\":\"Rule-Obj-FlowAction\",\"RequestRuleName\":\"pzRuleCallParams\"}" => HTTP 200 (367091 bytes)
[PegaHttpClient] 📡 POST https://zdk8budo.pegaacademy.net/prweb/api/CodeIntelligence/v1/rules/query?pxObjClass=Rule-HTML-Section&appliesTo=Rule-Obj-FlowAction&pyRuleName=pxLocalAction&RequestClass=Rule-HTML-Section&RequestAppliesTo=Rule-Obj-FlowAction&RequestRuleName=pxLocalAction Payload: "{\"RequestClass\":\"Rule-HTML-Section\",\"RequestAppliesTo\":\"Rule-Obj-FlowAction\",\"RequestRuleName\":\"pxLocalAction\"}" => HTTP 200 (26223 bytes)
[PegaHttpClient] 📡 POST https://zdk8budo.pegaacademy.net/prweb/api/CodeIntelligence/v1/rules/query?pxObjClass=Rule-HTML-Section&appliesTo=Rule-Obj-FlowAction&pyRuleName=pzAddSavableDataPage&RequestClass=Rule-HTML-Section&RequestAppliesTo=Rule-Obj-FlowAction&RequestRuleName=pzAddSavableDataPage Payload: "{\"RequestClass\":\"Rule-HTML-Section\",\"RequestAppliesTo\":\"Rule-Obj-FlowAction\",\"RequestRuleName\":\"pzAddSavableDataPage\"}" => HTTP 404 (117 bytes)
[PegaHttpClient] 📡 POST https://zdk8budo.pegaacademy.net/prweb/PRRestService/CodeIntelligence/v1/rules/query?pxObjClass=Rule-HTML-Section&appliesTo=Rule-Obj-FlowAction&pyRuleName=pzAddSavableDataPage&RequestClass=Rule-HTML-Section&RequestAppliesTo=Rule-Obj-FlowAction&RequestRuleName=pzAddSavableDataPage Payload: "{\"RequestClass\":\"Rule-HTML-Section\",\"RequestAppliesTo\":\"Rule-Obj-FlowAction\",\"RequestRuleName\":\"pzAddSavableDataPage\"}" => HTTP 404 (117 bytes)
[PegaHttpClient] 📡 POST https://zdk8budo.pegaacademy.net/prweb/api/HRAppsV2Service/V1/rules/query?pxObjClass=Rule-HTML-Section&appliesTo=Rule-Obj-FlowAction&pyRuleName=pzAddSavableDataPage&RequestClass=Rule-HTML-Section&RequestAppliesTo=Rule-Obj-FlowAction&RequestRuleName=pzAddSavableDataPage Payload: "{\"RequestClass\":\"Rule-HTML-Section\",\"RequestAppliesTo\":\"Rule-Obj-FlowAction\",\"RequestRuleName\":\"pzAddSavableDataPage\"}" => HTTP 404 (18 bytes)
[PegaHttpClient] 📡 POST https://zdk8budo.pegaacademy.net/prweb/PRRestService/HRAppsV2Service/V1/rules/query?pxObjClass=Rule-HTML-Section&appliesTo=Rule-Obj-FlowAction&pyRuleName=pzAddSavableDataPage&RequestClass=Rule-HTML-Section&RequestAppliesTo=Rule-Obj-FlowAction&RequestRuleName=pzAddSavableDataPage Payload: "{\"RequestClass\":\"Rule-HTML-Section\",\"RequestAppliesTo\":\"Rule-Obj-FlowAction\",\"RequestRuleName\":\"pzAddSavableDataPage\"}" => HTTP 404 (18 bytes)
[PegaHttpClient] 📡 POST https://zdk8budo.pegaacademy.net/prweb/api/HRAppsV2/V1/rules/query?pxObjClass=Rule-HTML-Section&appliesTo=Rule-Obj-FlowAction&pyRuleName=pzAddSavableDataPage&RequestClass=Rule-HTML-Section&RequestAppliesTo=Rule-Obj-FlowAction&RequestRuleName=pzAddSavableDataPage Payload: "{\"RequestClass\":\"Rule-HTML-Section\",\"RequestAppliesTo\":\"Rule-Obj-FlowAction\",\"RequestRuleName\":\"pzAddSavableDataPage\"}" => HTTP 404 (18 bytes)
[PegaHttpClient] 📡 POST https://zdk8budo.pegaacademy.net/prweb/PRRestService/HRAppsV2/V1/rules/query?pxObjClass=Rule-HTML-Section&appliesTo=Rule-Obj-FlowAction&pyRuleName=pzAddSavableDataPage&RequestClass=Rule-HTML-Section&RequestAppliesTo=Rule-Obj-FlowAction&RequestRuleName=pzAddSavableDataPage Payload: "{\"RequestClass\":\"Rule-HTML-Section\",\"RequestAppliesTo\":\"Rule-Obj-FlowAction\",\"RequestRuleName\":\"pzAddSavableDataPage\"}" => HTTP 404 (18 bytes)
[PegaHttpClient] 📡 POST https://zdk8budo.pegaacademy.net/prweb/api/v1/rules/query?pxObjClass=Rule-HTML-Section&appliesTo=Rule-Obj-FlowAction&pyRuleName=pzAddSavableDataPage&RequestClass=Rule-HTML-Section&RequestAppliesTo=Rule-Obj-FlowAction&RequestRuleName=pzAddSavableDataPage Payload: "{\"RequestClass\":\"Rule-HTML-Section\",\"RequestAppliesTo\":\"Rule-Obj-FlowAction\",\"RequestRuleName\":\"pzAddSavableDataPage\"}" => HTTP 404 (18 bytes)
[PegaHttpClient] 📡 POST https://zdk8budo.pegaacademy.net/prweb/PRRestService/v1/rules/query?pxObjClass=Rule-HTML-Section&appliesTo=Rule-Obj-FlowAction&pyRuleName=pzAddSavableDataPage&RequestClass=Rule-HTML-Section&RequestAppliesTo=Rule-Obj-FlowAction&RequestRuleName=pzAddSavableDataPage Payload: "{\"RequestClass\":\"Rule-HTML-Section\",\"RequestAppliesTo\":\"Rule-Obj-FlowAction\",\"RequestRuleName\":\"pzAddSavableDataPage\"}" => HTTP 404 (18 bytes)
[PegaHttpClient] 📡 POST https://zdk8budo.pegaacademy.net/prweb/api/CodeIntelligence/v1/rules/query?pxObjClass=Rule-HTML-Section&appliesTo=Rule-Obj-FlowAction&pyRuleName=pzDisplayDeleteIcon&RequestClass=Rule-HTML-Section&RequestAppliesTo=Rule-Obj-FlowAction&RequestRuleName=pzDisplayDeleteIcon Payload: "{\"RequestClass\":\"Rule-HTML-Section\",\"RequestAppliesTo\":\"Rule-Obj-FlowAction\",\"RequestRuleName\":\"pzDisplayDeleteIcon\"}" => HTTP 404 (116 bytes)
[PegaHttpClient] 📡 POST https://zdk8budo.pegaacademy.net/prweb/PRRestService/CodeIntelligence/v1/rules/query?pxObjClass=Rule-HTML-Section&appliesTo=Rule-Obj-FlowAction&pyRuleName=pzDisplayDeleteIcon&RequestClass=Rule-HTML-Section&RequestAppliesTo=Rule-Obj-FlowAction&RequestRuleName=pzDisplayDeleteIcon Payload: "{\"RequestClass\":\"Rule-HTML-Section\",\"RequestAppliesTo\":\"Rule-Obj-FlowAction\",\"RequestRuleName\":\"pzDisplayDeleteIcon\"}" => HTTP 404 (116 bytes)
[PegaHttpClient] 📡 POST https://zdk8budo.pegaacademy.net/prweb/api/HRAppsV2Service/V1/rules/query?pxObjClass=Rule-HTML-Section&appliesTo=Rule-Obj-FlowAction&pyRuleName=pzDisplayDeleteIcon&RequestClass=Rule-HTML-Section&RequestAppliesTo=Rule-Obj-FlowAction&RequestRuleName=pzDisplayDeleteIcon Payload: "{\"RequestClass\":\"Rule-HTML-Section\",\"RequestAppliesTo\":\"Rule-Obj-FlowAction\",\"RequestRuleName\":\"pzDisplayDeleteIcon\"}" => HTTP 404 (18 bytes)
[PegaHttpClient] 📡 POST https://zdk8budo.pegaacademy.net/prweb/PRRestService/HRAppsV2Service/V1/rules/query?pxObjClass=Rule-HTML-Section&appliesTo=Rule-Obj-FlowAction&pyRuleName=pzDisplayDeleteIcon&RequestClass=Rule-HTML-Section&RequestAppliesTo=Rule-Obj-FlowAction&RequestRuleName=pzDisplayDeleteIcon Payload: "{\"RequestClass\":\"Rule-HTML-Section\",\"RequestAppliesTo\":\"Rule-Obj-FlowAction\",\"RequestRuleName\":\"pzDisplayDeleteIcon\"}" => HTTP 404 (18 bytes)
[PegaHttpClient] 📡 POST https://zdk8budo.pegaacademy.net/prweb/api/HRAppsV2/V1/rules/query?pxObjClass=Rule-HTML-Section&appliesTo=Rule-Obj-FlowAction&pyRuleName=pzDisplayDeleteIcon&RequestClass=Rule-HTML-Section&RequestAppliesTo=Rule-Obj-FlowAction&RequestRuleName=pzDisplayDeleteIcon Payload: "{\"RequestClass\":\"Rule-HTML-Section\",\"RequestAppliesTo\":\"Rule-Obj-FlowAction\",\"RequestRuleName\":\"pzDisplayDeleteIcon\"}" => HTTP 404 (18 bytes)
[PegaHttpClient] 📡 POST https://zdk8budo.pegaacademy.net/prweb/PRRestService/HRAppsV2/V1/rules/query?pxObjClass=Rule-HTML-Section&appliesTo=Rule-Obj-FlowAction&pyRuleName=pzDisplayDeleteIcon&RequestClass=Rule-HTML-Section&RequestAppliesTo=Rule-Obj-FlowAction&RequestRuleName=pzDisplayDeleteIcon Payload: "{\"RequestClass\":\"Rule-HTML-Section\",\"RequestAppliesTo\":\"Rule-Obj-FlowAction\",\"RequestRuleName\":\"pzDisplayDeleteIcon\"}" => HTTP 404 (18 bytes)
[PegaHttpClient] 📡 POST https://zdk8budo.pegaacademy.net/prweb/api/v1/rules/query?pxObjClass=Rule-HTML-Section&appliesTo=Rule-Obj-FlowAction&pyRuleName=pzDisplayDeleteIcon&RequestClass=Rule-HTML-Section&RequestAppliesTo=Rule-Obj-FlowAction&RequestRuleName=pzDisplayDeleteIcon Payload: "{\"RequestClass\":\"Rule-HTML-Section\",\"RequestAppliesTo\":\"Rule-Obj-FlowAction\",\"RequestRuleName\":\"pzDisplayDeleteIcon\"}" => HTTP 404 (18 bytes)
[PegaHttpClient] 📡 POST https://zdk8budo.pegaacademy.net/prweb/PRRestService/v1/rules/query?pxObjClass=Rule-HTML-Section&appliesTo=Rule-Obj-FlowAction&pyRuleName=pzDisplayDeleteIcon&RequestClass=Rule-HTML-Section&RequestAppliesTo=Rule-Obj-FlowAction&RequestRuleName=pzDisplayDeleteIcon Payload: "{\"RequestClass\":\"Rule-HTML-Section\",\"RequestAppliesTo\":\"Rule-Obj-FlowAction\",\"RequestRuleName\":\"pzDisplayDeleteIcon\"}" => HTTP 404 (18 bytes)
[PegaHttpClient] 📡 POST https://zdk8budo.pegaacademy.net/prweb/api/CodeIntelligence/v1/rules/query?pxObjClass=Rule-HTML-Section&appliesTo=Rule-Obj-FlowAction&pyRuleName=pzPagesAndClassesScriptNoMode&RequestClass=Rule-HTML-Section&RequestAppliesTo=Rule-Obj-FlowAction&RequestRuleName=pzPagesAndClassesScriptNoMode Payload: "{\"RequestClass\":\"Rule-HTML-Section\",\"RequestAppliesTo\":\"Rule-Obj-FlowAction\",\"RequestRuleName\":\"pzPagesAndClassesScriptNoMode\"}" => HTTP 200 (25452 bytes)
[PegaHttpClient] 📡 POST https://zdk8budo.pegaacademy.net/prweb/api/CodeIntelligence/v1/rules/query?pxObjClass=Rule-HTML-Section&appliesTo=Rule-Obj-FlowAction&pyRuleName=pzPagesAndClassesScript&RequestClass=Rule-HTML-Section&RequestAppliesTo=Rule-Obj-FlowAction&RequestRuleName=pzPagesAndClassesScript Payload: "{\"RequestClass\":\"Rule-HTML-Section\",\"RequestAppliesTo\":\"Rule-Obj-FlowAction\",\"RequestRuleName\":\"pzPagesAndClassesScript\"}" => HTTP 200 (23134 bytes)
[PegaHttpClient] 📡 POST https://zdk8budo.pegaacademy.net/prweb/api/CodeIntelligence/v1/rules/query?pxObjClass=Rule-HTML-Section&appliesTo=Rule-Obj-FlowAction&pyRuleName=pzSpecificationName&RequestClass=Rule-HTML-Section&RequestAppliesTo=Rule-Obj-FlowAction&RequestRuleName=pzSpecificationName Payload: "{\"RequestClass\":\"Rule-HTML-Section\",\"RequestAppliesTo\":\"Rule-Obj-FlowAction\",\"RequestRuleName\":\"pzSpecificationName\"}" => HTTP 404 (116 bytes)
[PegaHttpClient] 📡 POST https://zdk8budo.pegaacademy.net/prweb/PRRestService/CodeIntelligence/v1/rules/query?pxObjClass=Rule-HTML-Section&appliesTo=Rule-Obj-FlowAction&pyRuleName=pzSpecificationName&RequestClass=Rule-HTML-Section&RequestAppliesTo=Rule-Obj-FlowAction&RequestRuleName=pzSpecificationName Payload: "{\"RequestClass\":\"Rule-HTML-Section\",\"RequestAppliesTo\":\"Rule-Obj-FlowAction\",\"RequestRuleName\":\"pzSpecificationName\"}" => HTTP 404 (116 bytes)
[PegaHttpClient] 📡 POST https://zdk8budo.pegaacademy.net/prweb/api/HRAppsV2Service/V1/rules/query?pxObjClass=Rule-HTML-Section&appliesTo=Rule-Obj-FlowAction&pyRuleName=pzSpecificationName&RequestClass=Rule-HTML-Section&RequestAppliesTo=Rule-Obj-FlowAction&RequestRuleName=pzSpecificationName Payload: "{\"RequestClass\":\"Rule-HTML-Section\",\"RequestAppliesTo\":\"Rule-Obj-FlowAction\",\"RequestRuleName\":\"pzSpecificationName\"}" => HTTP 404 (18 bytes)
[PegaHttpClient] 📡 POST https://zdk8budo.pegaacademy.net/prweb/PRRestService/HRAppsV2Service/V1/rules/query?pxObjClass=Rule-HTML-Section&appliesTo=Rule-Obj-FlowAction&pyRuleName=pzSpecificationName&RequestClass=Rule-HTML-Section&RequestAppliesTo=Rule-Obj-FlowAction&RequestRuleName=pzSpecificationName Payload: "{\"RequestClass\":\"Rule-HTML-Section\",\"RequestAppliesTo\":\"Rule-Obj-FlowAction\",\"RequestRuleName\":\"pzSpecificationName\"}" => HTTP 404 (18 bytes)
[PegaHttpClient] 📡 POST https://zdk8budo.pegaacademy.net/prweb/api/HRAppsV2/V1/rules/query?pxObjClass=Rule-HTML-Section&appliesTo=Rule-Obj-FlowAction&pyRuleName=pzSpecificationName&RequestClass=Rule-HTML-Section&RequestAppliesTo=Rule-Obj-FlowAction&RequestRuleName=pzSpecificationName Payload: "{\"RequestClass\":\"Rule-HTML-Section\",\"RequestAppliesTo\":\"Rule-Obj-FlowAction\",\"RequestRuleName\":\"pzSpecificationName\"}" => HTTP 404 (18 bytes)
[PegaHttpClient] 📡 POST https://zdk8budo.pegaacademy.net/prweb/PRRestService/HRAppsV2/V1/rules/query?pxObjClass=Rule-HTML-Section&appliesTo=Rule-Obj-FlowAction&pyRuleName=pzSpecificationName&RequestClass=Rule-HTML-Section&RequestAppliesTo=Rule-Obj-FlowAction&RequestRuleName=pzSpecificationName Payload: "{\"RequestClass\":\"Rule-HTML-Section\",\"RequestAppliesTo\":\"Rule-Obj-FlowAction\",\"RequestRuleName\":\"pzSpecificationName\"}" => HTTP 404 (18 bytes)
[PegaHttpClient] 📡 POST https://zdk8budo.pegaacademy.net/prweb/api/v1/rules/query?pxObjClass=Rule-HTML-Section&appliesTo=Rule-Obj-FlowAction&pyRuleName=pzSpecificationName&RequestClass=Rule-HTML-Section&RequestAppliesTo=Rule-Obj-FlowAction&RequestRuleName=pzSpecificationName Payload: "{\"RequestClass\":\"Rule-HTML-Section\",\"RequestAppliesTo\":\"Rule-Obj-FlowAction\",\"RequestRuleName\":\"pzSpecificationName\"}" => HTTP 404 (18 bytes)
[PegaHttpClient] 📡 POST https://zdk8budo.pegaacademy.net/prweb/PRRestService/v1/rules/query?pxObjClass=Rule-HTML-Section&appliesTo=Rule-Obj-FlowAction&pyRuleName=pzSpecificationName&RequestClass=Rule-HTML-Section&RequestAppliesTo=Rule-Obj-FlowAction&RequestRuleName=pzSpecificationName Payload: "{\"RequestClass\":\"Rule-HTML-Section\",\"RequestAppliesTo\":\"Rule-Obj-FlowAction\",\"RequestRuleName\":\"pzSpecificationName\"}" => HTTP 404 (18 bytes)
[PegaHttpClient] 📡 POST https://zdk8budo.pegaacademy.net/prweb/api/CodeIntelligence/v1/rules/query?pxObjClass=Rule-HTML-Section&appliesTo=Rule-Obj-FlowAction&pyRuleName=pzScm_RuleHistory&RequestClass=Rule-HTML-Section&RequestAppliesTo=Rule-Obj-FlowAction&RequestRuleName=pzScm_RuleHistory Payload: "{\"RequestClass\":\"Rule-HTML-Section\",\"RequestAppliesTo\":\"Rule-Obj-FlowAction\",\"RequestRuleName\":\"pzScm_RuleHistory\"}" => HTTP 200 (14682 bytes)
[PegaHttpClient] 📡 POST https://zdk8budo.pegaacademy.net/prweb/api/CodeIntelligence/v1/rules/query?pxObjClass=Rule-HTML-Section&appliesTo=Rule-Obj-FlowAction&pyRuleName=pzLoadCollaborationScripts&RequestClass=Rule-HTML-Section&RequestAppliesTo=Rule-Obj-FlowAction&RequestRuleName=pzLoadCollaborationScripts Payload: "{\"RequestClass\":\"Rule-HTML-Section\",\"RequestAppliesTo\":\"Rule-Obj-FlowAction\",\"RequestRuleName\":\"pzLoadCollaborationScripts\"}" => HTTP 200 (23453 bytes)
[PegaHttpClient] 📡 POST https://zdk8budo.pegaacademy.net/prweb/api/CodeIntelligence/v1/rules/query?pxObjClass=Rule-HTML-Section&appliesTo=Rule-Obj-FlowAction&pyRuleName=pzDisplayCollaboratorsList&RequestClass=Rule-HTML-Section&RequestAppliesTo=Rule-Obj-FlowAction&RequestRuleName=pzDisplayCollaboratorsList Payload: "{\"RequestClass\":\"Rule-HTML-Section\",\"RequestAppliesTo\":\"Rule-Obj-FlowAction\",\"RequestRuleName\":\"pzDisplayCollaboratorsList\"}" => HTTP 200 (105418 bytes)
[PegaHttpClient] 📡 POST https://zdk8budo.pegaacademy.net/prweb/api/CodeIntelligence/v1/rules/query?pxObjClass=Rule-HTML-Section&appliesTo=Rule-Obj-FlowAction&pyRuleName=pzRuleCallParamsInner&RequestClass=Rule-HTML-Section&RequestAppliesTo=Rule-Obj-FlowAction&RequestRuleName=pzRuleCallParamsInner Payload: "{\"RequestClass\":\"Rule-HTML-Section\",\"RequestAppliesTo\":\"Rule-Obj-FlowAction\",\"RequestRuleName\":\"pzRuleCallParamsInner\"}" => HTTP 404 (118 bytes)
[PegaHttpClient] 📡 POST https://zdk8budo.pegaacademy.net/prweb/PRRestService/CodeIntelligence/v1/rules/query?pxObjClass=Rule-HTML-Section&appliesTo=Rule-Obj-FlowAction&pyRuleName=pzRuleCallParamsInner&RequestClass=Rule-HTML-Section&RequestAppliesTo=Rule-Obj-FlowAction&RequestRuleName=pzRuleCallParamsInner Payload: "{\"RequestClass\":\"Rule-HTML-Section\",\"RequestAppliesTo\":\"Rule-Obj-FlowAction\",\"RequestRuleName\":\"pzRuleCallParamsInner\"}" => HTTP 404 (118 bytes)
[PegaHttpClient] 📡 POST https://zdk8budo.pegaacademy.net/prweb/api/HRAppsV2Service/V1/rules/query?pxObjClass=Rule-HTML-Section&appliesTo=Rule-Obj-FlowAction&pyRuleName=pzRuleCallParamsInner&RequestClass=Rule-HTML-Section&RequestAppliesTo=Rule-Obj-FlowAction&RequestRuleName=pzRuleCallParamsInner Payload: "{\"RequestClass\":\"Rule-HTML-Section\",\"RequestAppliesTo\":\"Rule-Obj-FlowAction\",\"RequestRuleName\":\"pzRuleCallParamsInner\"}" => HTTP 404 (18 bytes)
[PegaHttpClient] 📡 POST https://zdk8budo.pegaacademy.net/prweb/PRRestService/HRAppsV2Service/V1/rules/query?pxObjClass=Rule-HTML-Section&appliesTo=Rule-Obj-FlowAction&pyRuleName=pzRuleCallParamsInner&RequestClass=Rule-HTML-Section&RequestAppliesTo=Rule-Obj-FlowAction&RequestRuleName=pzRuleCallParamsInner Payload: "{\"RequestClass\":\"Rule-HTML-Section\",\"RequestAppliesTo\":\"Rule-Obj-FlowAction\",\"RequestRuleName\":\"pzRuleCallParamsInner\"}" => HTTP 404 (18 bytes)
[PegaHttpClient] 📡 POST https://zdk8budo.pegaacademy.net/prweb/api/HRAppsV2/V1/rules/query?pxObjClass=Rule-HTML-Section&appliesTo=Rule-Obj-FlowAction&pyRuleName=pzRuleCallParamsInner&RequestClass=Rule-HTML-Section&RequestAppliesTo=Rule-Obj-FlowAction&RequestRuleName=pzRuleCallParamsInner Payload: "{\"RequestClass\":\"Rule-HTML-Section\",\"RequestAppliesTo\":\"Rule-Obj-FlowAction\",\"RequestRuleName\":\"pzRuleCallParamsInner\"}" => HTTP 404 (18 bytes)
[PegaHttpClient] 📡 POST https://zdk8budo.pegaacademy.net/prweb/PRRestService/HRAppsV2/V1/rules/query?pxObjClass=Rule-HTML-Section&appliesTo=Rule-Obj-FlowAction&pyRuleName=pzRuleCallParamsInner&RequestClass=Rule-HTML-Section&RequestAppliesTo=Rule-Obj-FlowAction&RequestRuleName=pzRuleCallParamsInner Payload: "{\"RequestClass\":\"Rule-HTML-Section\",\"RequestAppliesTo\":\"Rule-Obj-FlowAction\",\"RequestRuleName\":\"pzRuleCallParamsInner\"}" => HTTP 404 (18 bytes)
[PegaHttpClient] 📡 POST https://zdk8budo.pegaacademy.net/prweb/api/v1/rules/query?pxObjClass=Rule-HTML-Section&appliesTo=Rule-Obj-FlowAction&pyRuleName=pzRuleCallParamsInner&RequestClass=Rule-HTML-Section&RequestAppliesTo=Rule-Obj-FlowAction&RequestRuleName=pzRuleCallParamsInner Payload: "{\"RequestClass\":\"Rule-HTML-Section\",\"RequestAppliesTo\":\"Rule-Obj-FlowAction\",\"RequestRuleName\":\"pzRuleCallParamsInner\"}" => HTTP 404 (18 bytes)
[PegaHttpClient] 📡 POST https://zdk8budo.pegaacademy.net/prweb/PRRestService/v1/rules/query?pxObjClass=Rule-HTML-Section&appliesTo=Rule-Obj-FlowAction&pyRuleName=pzRuleCallParamsInner&RequestClass=Rule-HTML-Section&RequestAppliesTo=Rule-Obj-FlowAction&RequestRuleName=pzRuleCallParamsInner Payload: "{\"RequestClass\":\"Rule-HTML-Section\",\"RequestAppliesTo\":\"Rule-Obj-FlowAction\",\"RequestRuleName\":\"pzRuleCallParamsInner\"}" => HTTP 404 (18 bytes)
[PegaHttpClient] 📡 POST https://zdk8budo.pegaacademy.net/prweb/api/CodeIntelligence/v1/rules/query?pxObjClass=Rule-HTML-Section&appliesTo=Rule-Obj-FlowAction&pyRuleName=pzRuleCallParamsInnerForGenAI&RequestClass=Rule-HTML-Section&RequestAppliesTo=Rule-Obj-FlowAction&RequestRuleName=pzRuleCallParamsInnerForGenAI Payload: "{\"RequestClass\":\"Rule-HTML-Section\",\"RequestAppliesTo\":\"Rule-Obj-FlowAction\",\"RequestRuleName\":\"pzRuleCallParamsInnerForGenAI\"}" => HTTP 404 (126 bytes)
[PegaHttpClient] 📡 POST https://zdk8budo.pegaacademy.net/prweb/PRRestService/CodeIntelligence/v1/rules/query?pxObjClass=Rule-HTML-Section&appliesTo=Rule-Obj-FlowAction&pyRuleName=pzRuleCallParamsInnerForGenAI&RequestClass=Rule-HTML-Section&RequestAppliesTo=Rule-Obj-FlowAction&RequestRuleName=pzRuleCallParamsInnerForGenAI Payload: "{\"RequestClass\":\"Rule-HTML-Section\",\"RequestAppliesTo\":\"Rule-Obj-FlowAction\",\"RequestRuleName\":\"pzRuleCallParamsInnerForGenAI\"}" => HTTP 404 (126 bytes)
[PegaHttpClient] 📡 POST https://zdk8budo.pegaacademy.net/prweb/api/HRAppsV2Service/V1/rules/query?pxObjClass=Rule-HTML-Section&appliesTo=Rule-Obj-FlowAction&pyRuleName=pzRuleCallParamsInnerForGenAI&RequestClass=Rule-HTML-Section&RequestAppliesTo=Rule-Obj-FlowAction&RequestRuleName=pzRuleCallParamsInnerForGenAI Payload: "{\"RequestClass\":\"Rule-HTML-Section\",\"RequestAppliesTo\":\"Rule-Obj-FlowAction\",\"RequestRuleName\":\"pzRuleCallParamsInnerForGenAI\"}" => HTTP 404 (18 bytes)
[PegaHttpClient] 📡 POST https://zdk8budo.pegaacademy.net/prweb/PRRestService/HRAppsV2Service/V1/rules/query?pxObjClass=Rule-HTML-Section&appliesTo=Rule-Obj-FlowAction&pyRuleName=pzRuleCallParamsInnerForGenAI&RequestClass=Rule-HTML-Section&RequestAppliesTo=Rule-Obj-FlowAction&RequestRuleName=pzRuleCallParamsInnerForGenAI Payload: "{\"RequestClass\":\"Rule-HTML-Section\",\"RequestAppliesTo\":\"Rule-Obj-FlowAction\",\"RequestRuleName\":\"pzRuleCallParamsInnerForGenAI\"}" => HTTP 404 (18 bytes)
[PegaHttpClient] 📡 POST https://zdk8budo.pegaacademy.net/prweb/api/HRAppsV2/V1/rules/query?pxObjClass=Rule-HTML-Section&appliesTo=Rule-Obj-FlowAction&pyRuleName=pzRuleCallParamsInnerForGenAI&RequestClass=Rule-HTML-Section&RequestAppliesTo=Rule-Obj-FlowAction&RequestRuleName=pzRuleCallParamsInnerForGenAI Payload: "{\"RequestClass\":\"Rule-HTML-Section\",\"RequestAppliesTo\":\"Rule-Obj-FlowAction\",\"RequestRuleName\":\"pzRuleCallParamsInnerForGenAI\"}" => HTTP 404 (18 bytes)
[PegaHttpClient] 📡 POST https://zdk8budo.pegaacademy.net/prweb/PRRestService/HRAppsV2/V1/rules/query?pxObjClass=Rule-HTML-Section&appliesTo=Rule-Obj-FlowAction&pyRuleName=pzRuleCallParamsInnerForGenAI&RequestClass=Rule-HTML-Section&RequestAppliesTo=Rule-Obj-FlowAction&RequestRuleName=pzRuleCallParamsInnerForGenAI Payload: "{\"RequestClass\":\"Rule-HTML-Section\",\"RequestAppliesTo\":\"Rule-Obj-FlowAction\",\"RequestRuleName\":\"pzRuleCallParamsInnerForGenAI\"}" => HTTP 404 (18 bytes)
[PegaHttpClient] 📡 POST https://zdk8budo.pegaacademy.net/prweb/api/v1/rules/query?pxObjClass=Rule-HTML-Section&appliesTo=Rule-Obj-FlowAction&pyRuleName=pzRuleCallParamsInnerForGenAI&RequestClass=Rule-HTML-Section&RequestAppliesTo=Rule-Obj-FlowAction&RequestRuleName=pzRuleCallParamsInnerForGenAI Payload: "{\"RequestClass\":\"Rule-HTML-Section\",\"RequestAppliesTo\":\"Rule-Obj-FlowAction\",\"RequestRuleName\":\"pzRuleCallParamsInnerForGenAI\"}" => HTTP 404 (18 bytes)
[PegaHttpClient] 📡 POST https://zdk8budo.pegaacademy.net/prweb/PRRestService/v1/rules/query?pxObjClass=Rule-HTML-Section&appliesTo=Rule-Obj-FlowAction&pyRuleName=pzRuleCallParamsInnerForGenAI&RequestClass=Rule-HTML-Section&RequestAppliesTo=Rule-Obj-FlowAction&RequestRuleName=pzRuleCallParamsInnerForGenAI Payload: "{\"RequestClass\":\"Rule-HTML-Section\",\"RequestAppliesTo\":\"Rule-Obj-FlowAction\",\"RequestRuleName\":\"pzRuleCallParamsInnerForGenAI\"}" => HTTP 404 (18 bytes)
[PegaHttpClient] 📡 POST https://zdk8budo.pegaacademy.net/prweb/api/CodeIntelligence/v1/rules/query?pxObjClass=Rule-HTML-Section&appliesTo=Rule-Obj-FlowAction&pyRuleName=pzLocalActionImpl&RequestClass=Rule-HTML-Section&RequestAppliesTo=Rule-Obj-FlowAction&RequestRuleName=pzLocalActionImpl Payload: "{\"RequestClass\":\"Rule-HTML-Section\",\"RequestAppliesTo\":\"Rule-Obj-FlowAction\",\"RequestRuleName\":\"pzLocalActionImpl\"}" => HTTP 200 (42500 bytes)
[PegaHttpClient] 📡 POST https://zdk8budo.pegaacademy.net/prweb/api/CodeIntelligence/v1/rules/query?pxObjClass=Rule-HTML-Section&appliesTo=Rule-Obj-FlowAction&pyRuleName=pyCollaborator&RequestClass=Rule-HTML-Section&RequestAppliesTo=Rule-Obj-FlowAction&RequestRuleName=pyCollaborator Payload: "{\"RequestClass\":\"Rule-HTML-Section\",\"RequestAppliesTo\":\"Rule-Obj-FlowAction\",\"RequestRuleName\":\"pyCollaborator\"}" => HTTP 404 (111 bytes)
[PegaHttpClient] 📡 POST https://zdk8budo.pegaacademy.net/prweb/PRRestService/CodeIntelligence/v1/rules/query?pxObjClass=Rule-HTML-Section&appliesTo=Rule-Obj-FlowAction&pyRuleName=pyCollaborator&RequestClass=Rule-HTML-Section&RequestAppliesTo=Rule-Obj-FlowAction&RequestRuleName=pyCollaborator Payload: "{\"RequestClass\":\"Rule-HTML-Section\",\"RequestAppliesTo\":\"Rule-Obj-FlowAction\",\"RequestRuleName\":\"pyCollaborator\"}" => HTTP 404 (111 bytes)
[PegaHttpClient] 📡 POST https://zdk8budo.pegaacademy.net/prweb/api/HRAppsV2Service/V1/rules/query?pxObjClass=Rule-HTML-Section&appliesTo=Rule-Obj-FlowAction&pyRuleName=pyCollaborator&RequestClass=Rule-HTML-Section&RequestAppliesTo=Rule-Obj-FlowAction&RequestRuleName=pyCollaborator Payload: "{\"RequestClass\":\"Rule-HTML-Section\",\"RequestAppliesTo\":\"Rule-Obj-FlowAction\",\"RequestRuleName\":\"pyCollaborator\"}" => HTTP 404 (18 bytes)
[PegaHttpClient] 📡 POST https://zdk8budo.pegaacademy.net/prweb/PRRestService/HRAppsV2Service/V1/rules/query?pxObjClass=Rule-HTML-Section&appliesTo=Rule-Obj-FlowAction&pyRuleName=pyCollaborator&RequestClass=Rule-HTML-Section&RequestAppliesTo=Rule-Obj-FlowAction&RequestRuleName=pyCollaborator Payload: "{\"RequestClass\":\"Rule-HTML-Section\",\"RequestAppliesTo\":\"Rule-Obj-FlowAction\",\"RequestRuleName\":\"pyCollaborator\"}" => HTTP 404 (18 bytes)
[PegaHttpClient] 📡 POST https://zdk8budo.pegaacademy.net/prweb/api/HRAppsV2/V1/rules/query?pxObjClass=Rule-HTML-Section&appliesTo=Rule-Obj-FlowAction&pyRuleName=pyCollaborator&RequestClass=Rule-HTML-Section&RequestAppliesTo=Rule-Obj-FlowAction&RequestRuleName=pyCollaborator Payload: "{\"RequestClass\":\"Rule-HTML-Section\",\"RequestAppliesTo\":\"Rule-Obj-FlowAction\",\"RequestRuleName\":\"pyCollaborator\"}" => HTTP 404 (18 bytes)
[PegaHttpClient] 📡 POST https://zdk8budo.pegaacademy.net/prweb/PRRestService/HRAppsV2/V1/rules/query?pxObjClass=Rule-HTML-Section&appliesTo=Rule-Obj-FlowAction&pyRuleName=pyCollaborator&RequestClass=Rule-HTML-Section&RequestAppliesTo=Rule-Obj-FlowAction&RequestRuleName=pyCollaborator Payload: "{\"RequestClass\":\"Rule-HTML-Section\",\"RequestAppliesTo\":\"Rule-Obj-FlowAction\",\"RequestRuleName\":\"pyCollaborator\"}" => HTTP 404 (18 bytes)
[PegaHttpClient] 📡 POST https://zdk8budo.pegaacademy.net/prweb/api/v1/rules/query?pxObjClass=Rule-HTML-Section&appliesTo=Rule-Obj-FlowAction&pyRuleName=pyCollaborator&RequestClass=Rule-HTML-Section&RequestAppliesTo=Rule-Obj-FlowAction&RequestRuleName=pyCollaborator Payload: "{\"RequestClass\":\"Rule-HTML-Section\",\"RequestAppliesTo\":\"Rule-Obj-FlowAction\",\"RequestRuleName\":\"pyCollaborator\"}" => HTTP 404 (18 bytes)
[PegaHttpClient] 📡 POST https://zdk8budo.pegaacademy.net/prweb/PRRestService/v1/rules/query?pxObjClass=Rule-HTML-Section&appliesTo=Rule-Obj-FlowAction&pyRuleName=pyCollaborator&RequestClass=Rule-HTML-Section&RequestAppliesTo=Rule-Obj-FlowAction&RequestRuleName=pyCollaborator Payload: "{\"RequestClass\":\"Rule-HTML-Section\",\"RequestAppliesTo\":\"Rule-Obj-FlowAction\",\"RequestRuleName\":\"pyCollaborator\"}" => HTTP 404 (18 bytes)
[PegaHttpClient] 📡 POST https://zdk8budo.pegaacademy.net/prweb/api/CodeIntelligence/v1/rules/query?pxObjClass=Rule-HTML-Section&appliesTo=Rule-Obj-FlowAction&pyRuleName=pzDisplayPartialCount&RequestClass=Rule-HTML-Section&RequestAppliesTo=Rule-Obj-FlowAction&RequestRuleName=pzDisplayPartialCount Payload: "{\"RequestClass\":\"Rule-HTML-Section\",\"RequestAppliesTo\":\"Rule-Obj-FlowAction\",\"RequestRuleName\":\"pzDisplayPartialCount\"}" => HTTP 404 (118 bytes)
[PegaHttpClient] 📡 POST https://zdk8budo.pegaacademy.net/prweb/PRRestService/CodeIntelligence/v1/rules/query?pxObjClass=Rule-HTML-Section&appliesTo=Rule-Obj-FlowAction&pyRuleName=pzDisplayPartialCount&RequestClass=Rule-HTML-Section&RequestAppliesTo=Rule-Obj-FlowAction&RequestRuleName=pzDisplayPartialCount Payload: "{\"RequestClass\":\"Rule-HTML-Section\",\"RequestAppliesTo\":\"Rule-Obj-FlowAction\",\"RequestRuleName\":\"pzDisplayPartialCount\"}" => HTTP 404 (118 bytes)
[PegaHttpClient] 📡 POST https://zdk8budo.pegaacademy.net/prweb/api/HRAppsV2Service/V1/rules/query?pxObjClass=Rule-HTML-Section&appliesTo=Rule-Obj-FlowAction&pyRuleName=pzDisplayPartialCount&RequestClass=Rule-HTML-Section&RequestAppliesTo=Rule-Obj-FlowAction&RequestRuleName=pzDisplayPartialCount Payload: "{\"RequestClass\":\"Rule-HTML-Section\",\"RequestAppliesTo\":\"Rule-Obj-FlowAction\",\"RequestRuleName\":\"pzDisplayPartialCount\"}" => HTTP 404 (18 bytes)
[PegaHttpClient] 📡 POST https://zdk8budo.pegaacademy.net/prweb/PRRestService/HRAppsV2Service/V1/rules/query?pxObjClass=Rule-HTML-Section&appliesTo=Rule-Obj-FlowAction&pyRuleName=pzDisplayPartialCount&RequestClass=Rule-HTML-Section&RequestAppliesTo=Rule-Obj-FlowAction&RequestRuleName=pzDisplayPartialCount Payload: "{\"RequestClass\":\"Rule-HTML-Section\",\"RequestAppliesTo\":\"Rule-Obj-FlowAction\",\"RequestRuleName\":\"pzDisplayPartialCount\"}" => HTTP 404 (18 bytes)
[PegaHttpClient] 📡 POST https://zdk8budo.pegaacademy.net/prweb/api/HRAppsV2/V1/rules/query?pxObjClass=Rule-HTML-Section&appliesTo=Rule-Obj-FlowAction&pyRuleName=pzDisplayPartialCount&RequestClass=Rule-HTML-Section&RequestAppliesTo=Rule-Obj-FlowAction&RequestRuleName=pzDisplayPartialCount Payload: "{\"RequestClass\":\"Rule-HTML-Section\",\"RequestAppliesTo\":\"Rule-Obj-FlowAction\",\"RequestRuleName\":\"pzDisplayPartialCount\"}" => HTTP 404 (18 bytes)
[PegaHttpClient] 📡 POST https://zdk8budo.pegaacademy.net/prweb/PRRestService/HRAppsV2/V1/rules/query?pxObjClass=Rule-HTML-Section&appliesTo=Rule-Obj-FlowAction&pyRuleName=pzDisplayPartialCount&RequestClass=Rule-HTML-Section&RequestAppliesTo=Rule-Obj-FlowAction&RequestRuleName=pzDisplayPartialCount Payload: "{\"RequestClass\":\"Rule-HTML-Section\",\"RequestAppliesTo\":\"Rule-Obj-FlowAction\",\"RequestRuleName\":\"pzDisplayPartialCount\"}" => HTTP 404 (18 bytes)
[PegaHttpClient] 📡 POST https://zdk8budo.pegaacademy.net/prweb/api/v1/rules/query?pxObjClass=Rule-HTML-Section&appliesTo=Rule-Obj-FlowAction&pyRuleName=pzDisplayPartialCount&RequestClass=Rule-HTML-Section&RequestAppliesTo=Rule-Obj-FlowAction&RequestRuleName=pzDisplayPartialCount Payload: "{\"RequestClass\":\"Rule-HTML-Section\",\"RequestAppliesTo\":\"Rule-Obj-FlowAction\",\"RequestRuleName\":\"pzDisplayPartialCount\"}" => HTTP 404 (18 bytes)
[PegaHttpClient] 📡 POST https://zdk8budo.pegaacademy.net/prweb/PRRestService/v1/rules/query?pxObjClass=Rule-HTML-Section&appliesTo=Rule-Obj-FlowAction&pyRuleName=pzDisplayPartialCount&RequestClass=Rule-HTML-Section&RequestAppliesTo=Rule-Obj-FlowAction&RequestRuleName=pzDisplayPartialCount Payload: "{\"RequestClass\":\"Rule-HTML-Section\",\"RequestAppliesTo\":\"Rule-Obj-FlowAction\",\"RequestRuleName\":\"pzDisplayPartialCount\"}" => HTTP 404 (18 bytes)
[SchemaGen] ✅ Schema written for Rule-Obj-FlowAction
[PegaHttpClient] 📡 GET https://zdk8budo.pegaacademy.net/prweb/api/CodeIntelligence/v1/rules/RULE-HTML-HARNESS%20RULE-OBJ-FIELDVALUE%20RULEFORM%20%2320180713T135125.039%20GMT => HTTP 200 (24282 bytes)
[PegaHttpClient] 📡 POST https://zdk8budo.pegaacademy.net/prweb/api/CodeIntelligence/v1/rules/query?pxObjClass=Rule-HTML-Section&appliesTo=Rule-Obj-FieldValue&pyRuleName=RuleFormMain&RequestClass=Rule-HTML-Section&RequestAppliesTo=Rule-Obj-FieldValue&RequestRuleName=RuleFormMain Payload: "{\"RequestClass\":\"Rule-HTML-Section\",\"RequestAppliesTo\":\"Rule-Obj-FieldValue\",\"RequestRuleName\":\"RuleFormMain\"}" => HTTP 200 (156234 bytes)
[PegaHttpClient] 📡 POST https://zdk8budo.pegaacademy.net/prweb/api/CodeIntelligence/v1/rules/query?pxObjClass=Rule-HTML-Section&appliesTo=Rule-Obj-FieldValue&pyRuleName=pxAlternateRuleForm&RequestClass=Rule-HTML-Section&RequestAppliesTo=Rule-Obj-FieldValue&RequestRuleName=pxAlternateRuleForm Payload: "{\"RequestClass\":\"Rule-HTML-Section\",\"RequestAppliesTo\":\"Rule-Obj-FieldValue\",\"RequestRuleName\":\"pxAlternateRuleForm\"}" => HTTP 200 (66153 bytes)
[PegaHttpClient] 📡 POST https://zdk8budo.pegaacademy.net/prweb/api/CodeIntelligence/v1/rules/query?pxObjClass=Rule-HTML-Section&appliesTo=Rule-Obj-FieldValue&pyRuleName=pzRuleFormScripts&RequestClass=Rule-HTML-Section&RequestAppliesTo=Rule-Obj-FieldValue&RequestRuleName=pzRuleFormScripts Payload: "{\"RequestClass\":\"Rule-HTML-Section\",\"RequestAppliesTo\":\"Rule-Obj-FieldValue\",\"RequestRuleName\":\"pzRuleFormScripts\"}" => HTTP 200 (40822 bytes)
[PegaHttpClient] 📡 POST https://zdk8budo.pegaacademy.net/prweb/api/CodeIntelligence/v1/rules/query?pxObjClass=Rule-HTML-Section&appliesTo=Rule-Obj-FieldValue&pyRuleName=pzRuleFormLayoutDelegated&RequestClass=Rule-HTML-Section&RequestAppliesTo=Rule-Obj-FieldValue&RequestRuleName=pzRuleFormLayoutDelegated Payload: "{\"RequestClass\":\"Rule-HTML-Section\",\"RequestAppliesTo\":\"Rule-Obj-FieldValue\",\"RequestRuleName\":\"pzRuleFormLayoutDelegated\"}" => HTTP 200 (70998 bytes)
[PegaHttpClient] 📡 POST https://zdk8budo.pegaacademy.net/prweb/api/CodeIntelligence/v1/rules/query?pxObjClass=Rule-HTML-Section&appliesTo=Rule-Obj-FieldValue&pyRuleName=RuleFormLayout&RequestClass=Rule-HTML-Section&RequestAppliesTo=Rule-Obj-FieldValue&RequestRuleName=RuleFormLayout Payload: "{\"RequestClass\":\"Rule-HTML-Section\",\"RequestAppliesTo\":\"Rule-Obj-FieldValue\",\"RequestRuleName\":\"RuleFormLayout\"}" => HTTP 200 (101393 bytes)
[PegaHttpClient] 📡 POST https://zdk8budo.pegaacademy.net/prweb/api/CodeIntelligence/v1/rules/query?pxObjClass=Rule-HTML-Section&appliesTo=Rule-Obj-FieldValue&pyRuleName=RuleFormSettings&RequestClass=Rule-HTML-Section&RequestAppliesTo=Rule-Obj-FieldValue&RequestRuleName=RuleFormSettings Payload: "{\"RequestClass\":\"Rule-HTML-Section\",\"RequestAppliesTo\":\"Rule-Obj-FieldValue\",\"RequestRuleName\":\"RuleFormSettings\"}" => HTTP 200 (20540 bytes)
[PegaHttpClient] 📡 POST https://zdk8budo.pegaacademy.net/prweb/api/CodeIntelligence/v1/rules/query?pxObjClass=Rule-HTML-Section&appliesTo=Rule-Obj-FieldValue&pyRuleName=OpenAuthoring&RequestClass=Rule-HTML-Section&RequestAppliesTo=Rule-Obj-FieldValue&RequestRuleName=OpenAuthoring Payload: "{\"RequestClass\":\"Rule-HTML-Section\",\"RequestAppliesTo\":\"Rule-Obj-FieldValue\",\"RequestRuleName\":\"OpenAuthoring\"}" => HTTP 200 (23695 bytes)
[PegaHttpClient] 📡 POST https://zdk8budo.pegaacademy.net/prweb/api/CodeIntelligence/v1/rules/query?pxObjClass=Rule-HTML-Section&appliesTo=Rule-Obj-FieldValue&pyRuleName=pyCustomHelp&RequestClass=Rule-HTML-Section&RequestAppliesTo=Rule-Obj-FieldValue&RequestRuleName=pyCustomHelp Payload: "{\"RequestClass\":\"Rule-HTML-Section\",\"RequestAppliesTo\":\"Rule-Obj-FieldValue\",\"RequestRuleName\":\"pyCustomHelp\"}" => HTTP 200 (17256 bytes)
[PegaHttpClient] 📡 POST https://zdk8budo.pegaacademy.net/prweb/api/CodeIntelligence/v1/rules/query?pxObjClass=Rule-HTML-Section&appliesTo=Rule-Obj-FieldValue&pyRuleName=pzRuleformMainInclude&RequestClass=Rule-HTML-Section&RequestAppliesTo=Rule-Obj-FieldValue&RequestRuleName=pzRuleformMainInclude Payload: "{\"RequestClass\":\"Rule-HTML-Section\",\"RequestAppliesTo\":\"Rule-Obj-FieldValue\",\"RequestRuleName\":\"pzRuleformMainInclude\"}" => HTTP 200 (22375 bytes)
[PegaHttpClient] 📡 POST https://zdk8budo.pegaacademy.net/prweb/api/CodeIntelligence/v1/rules/query?pxObjClass=Rule-HTML-Section&appliesTo=Rule-Obj-FieldValue&pyRuleName=pyAlternativeRuleFormStrategicAppExtension&RequestClass=Rule-HTML-Section&RequestAppliesTo=Rule-Obj-FieldValue&RequestRuleName=pyAlternativeRuleFormStrategicAppExtension Payload: "{\"RequestClass\":\"Rule-HTML-Section\",\"RequestAppliesTo\":\"Rule-Obj-FieldValue\",\"RequestRuleName\":\"pyAlternativeRuleFormStrategicAppExtension\"}" => HTTP 200 (25042 bytes)
[PegaHttpClient] 📡 POST https://zdk8budo.pegaacademy.net/prweb/api/CodeIntelligence/v1/rules/query?pxObjClass=Rule-HTML-Section&appliesTo=Rule-Obj-FieldValue&pyRuleName=pyAlternativeRuleFormExtension&RequestClass=Rule-HTML-Section&RequestAppliesTo=Rule-Obj-FieldValue&RequestRuleName=pyAlternativeRuleFormExtension Payload: "{\"RequestClass\":\"Rule-HTML-Section\",\"RequestAppliesTo\":\"Rule-Obj-FieldValue\",\"RequestRuleName\":\"pyAlternativeRuleFormExtension\"}" => HTTP 200 (24863 bytes)
[PegaHttpClient] 📡 POST https://zdk8budo.pegaacademy.net/prweb/api/CodeIntelligence/v1/rules/query?pxObjClass=Rule-HTML-Section&appliesTo=Rule-Obj-FieldValue&pyRuleName=RuleFormHeader&RequestClass=Rule-HTML-Section&RequestAppliesTo=Rule-Obj-FieldValue&RequestRuleName=RuleFormHeader Payload: "{\"RequestClass\":\"Rule-HTML-Section\",\"RequestAppliesTo\":\"Rule-Obj-FieldValue\",\"RequestRuleName\":\"RuleFormHeader\"}" => HTTP 200 (183800 bytes)
[PegaHttpClient] 📡 POST https://zdk8budo.pegaacademy.net/prweb/api/CodeIntelligence/v1/rules/query?pxObjClass=Rule-HTML-Section&appliesTo=Rule-Obj-FieldValue&pyRuleName=pzDelegationExperience&RequestClass=Rule-HTML-Section&RequestAppliesTo=Rule-Obj-FieldValue&RequestRuleName=pzDelegationExperience Payload: "{\"RequestClass\":\"Rule-HTML-Section\",\"RequestAppliesTo\":\"Rule-Obj-FieldValue\",\"RequestRuleName\":\"pzDelegationExperience\"}" => HTTP 404 (119 bytes)
[PegaHttpClient] 📡 POST https://zdk8budo.pegaacademy.net/prweb/PRRestService/CodeIntelligence/v1/rules/query?pxObjClass=Rule-HTML-Section&appliesTo=Rule-Obj-FieldValue&pyRuleName=pzDelegationExperience&RequestClass=Rule-HTML-Section&RequestAppliesTo=Rule-Obj-FieldValue&RequestRuleName=pzDelegationExperience Payload: "{\"RequestClass\":\"Rule-HTML-Section\",\"RequestAppliesTo\":\"Rule-Obj-FieldValue\",\"RequestRuleName\":\"pzDelegationExperience\"}" => HTTP 404 (119 bytes)
[PegaHttpClient] 📡 POST https://zdk8budo.pegaacademy.net/prweb/api/HRAppsV2Service/V1/rules/query?pxObjClass=Rule-HTML-Section&appliesTo=Rule-Obj-FieldValue&pyRuleName=pzDelegationExperience&RequestClass=Rule-HTML-Section&RequestAppliesTo=Rule-Obj-FieldValue&RequestRuleName=pzDelegationExperience Payload: "{\"RequestClass\":\"Rule-HTML-Section\",\"RequestAppliesTo\":\"Rule-Obj-FieldValue\",\"RequestRuleName\":\"pzDelegationExperience\"}" => HTTP 404 (18 bytes)
[PegaHttpClient] 📡 POST https://zdk8budo.pegaacademy.net/prweb/PRRestService/HRAppsV2Service/V1/rules/query?pxObjClass=Rule-HTML-Section&appliesTo=Rule-Obj-FieldValue&pyRuleName=pzDelegationExperience&RequestClass=Rule-HTML-Section&RequestAppliesTo=Rule-Obj-FieldValue&RequestRuleName=pzDelegationExperience Payload: "{\"RequestClass\":\"Rule-HTML-Section\",\"RequestAppliesTo\":\"Rule-Obj-FieldValue\",\"RequestRuleName\":\"pzDelegationExperience\"}" => HTTP 404 (18 bytes)
[PegaHttpClient] 📡 POST https://zdk8budo.pegaacademy.net/prweb/api/HRAppsV2/V1/rules/query?pxObjClass=Rule-HTML-Section&appliesTo=Rule-Obj-FieldValue&pyRuleName=pzDelegationExperience&RequestClass=Rule-HTML-Section&RequestAppliesTo=Rule-Obj-FieldValue&RequestRuleName=pzDelegationExperience Payload: "{\"RequestClass\":\"Rule-HTML-Section\",\"RequestAppliesTo\":\"Rule-Obj-FieldValue\",\"RequestRuleName\":\"pzDelegationExperience\"}" => HTTP 404 (18 bytes)
[PegaHttpClient] 📡 POST https://zdk8budo.pegaacademy.net/prweb/PRRestService/HRAppsV2/V1/rules/query?pxObjClass=Rule-HTML-Section&appliesTo=Rule-Obj-FieldValue&pyRuleName=pzDelegationExperience&RequestClass=Rule-HTML-Section&RequestAppliesTo=Rule-Obj-FieldValue&RequestRuleName=pzDelegationExperience Payload: "{\"RequestClass\":\"Rule-HTML-Section\",\"RequestAppliesTo\":\"Rule-Obj-FieldValue\",\"RequestRuleName\":\"pzDelegationExperience\"}" => HTTP 404 (18 bytes)
[PegaHttpClient] 📡 POST https://zdk8budo.pegaacademy.net/prweb/api/v1/rules/query?pxObjClass=Rule-HTML-Section&appliesTo=Rule-Obj-FieldValue&pyRuleName=pzDelegationExperience&RequestClass=Rule-HTML-Section&RequestAppliesTo=Rule-Obj-FieldValue&RequestRuleName=pzDelegationExperience Payload: "{\"RequestClass\":\"Rule-HTML-Section\",\"RequestAppliesTo\":\"Rule-Obj-FieldValue\",\"RequestRuleName\":\"pzDelegationExperience\"}" => HTTP 404 (18 bytes)
[PegaHttpClient] 📡 POST https://zdk8budo.pegaacademy.net/prweb/PRRestService/v1/rules/query?pxObjClass=Rule-HTML-Section&appliesTo=Rule-Obj-FieldValue&pyRuleName=pzDelegationExperience&RequestClass=Rule-HTML-Section&RequestAppliesTo=Rule-Obj-FieldValue&RequestRuleName=pzDelegationExperience Payload: "{\"RequestClass\":\"Rule-HTML-Section\",\"RequestAppliesTo\":\"Rule-Obj-FieldValue\",\"RequestRuleName\":\"pzDelegationExperience\"}" => HTTP 404 (18 bytes)
[PegaHttpClient] 📡 POST https://zdk8budo.pegaacademy.net/prweb/api/CodeIntelligence/v1/rules/query?pxObjClass=Rule-HTML-Section&appliesTo=Rule-Obj-FieldValue&pyRuleName=LocalizedLabel&RequestClass=Rule-HTML-Section&RequestAppliesTo=Rule-Obj-FieldValue&RequestRuleName=LocalizedLabel Payload: "{\"RequestClass\":\"Rule-HTML-Section\",\"RequestAppliesTo\":\"Rule-Obj-FieldValue\",\"RequestRuleName\":\"LocalizedLabel\"}" => HTTP 200 (105522 bytes)
[PegaHttpClient] 📡 POST https://zdk8budo.pegaacademy.net/prweb/api/CodeIntelligence/v1/rules/query?pxObjClass=Rule-HTML-Section&appliesTo=Rule-Obj-FieldValue&pyRuleName=pzSpecifications&RequestClass=Rule-HTML-Section&RequestAppliesTo=Rule-Obj-FieldValue&RequestRuleName=pzSpecifications Payload: "{\"RequestClass\":\"Rule-HTML-Section\",\"RequestAppliesTo\":\"Rule-Obj-FieldValue\",\"RequestRuleName\":\"pzSpecifications\"}" => HTTP 200 (16577 bytes)
[PegaHttpClient] 📡 POST https://zdk8budo.pegaacademy.net/prweb/api/CodeIntelligence/v1/rules/query?pxObjClass=Rule-HTML-Section&appliesTo=Rule-Obj-FieldValue&pyRuleName=RuleFormHistory&RequestClass=Rule-HTML-Section&RequestAppliesTo=Rule-Obj-FieldValue&RequestRuleName=RuleFormHistory Payload: "{\"RequestClass\":\"Rule-HTML-Section\",\"RequestAppliesTo\":\"Rule-Obj-FieldValue\",\"RequestRuleName\":\"RuleFormHistory\"}" => HTTP 200 (76091 bytes)
[PegaHttpClient] 📡 POST https://zdk8budo.pegaacademy.net/prweb/api/CodeIntelligence/v1/rules/query?pxObjClass=Rule-HTML-Section&appliesTo=Rule-Obj-FieldValue&pyRuleName=pzCustomHelp&RequestClass=Rule-HTML-Section&RequestAppliesTo=Rule-Obj-FieldValue&RequestRuleName=pzCustomHelp Payload: "{\"RequestClass\":\"Rule-HTML-Section\",\"RequestAppliesTo\":\"Rule-Obj-FieldValue\",\"RequestRuleName\":\"pzCustomHelp\"}" => HTTP 200 (31573 bytes)
[PegaHttpClient] 📡 POST https://zdk8budo.pegaacademy.net/prweb/api/CodeIntelligence/v1/rules/query?pxObjClass=Rule-HTML-Section&appliesTo=Rule-Obj-FieldValue&pyRuleName=pzRuleFormKeysAndDescription&RequestClass=Rule-HTML-Section&RequestAppliesTo=Rule-Obj-FieldValue&RequestRuleName=pzRuleFormKeysAndDescription Payload: "{\"RequestClass\":\"Rule-HTML-Section\",\"RequestAppliesTo\":\"Rule-Obj-FieldValue\",\"RequestRuleName\":\"pzRuleFormKeysAndDescription\"}" => HTTP 200 (218057 bytes)
[PegaHttpClient] 📡 POST https://zdk8budo.pegaacademy.net/prweb/api/CodeIntelligence/v1/rules/query?pxObjClass=Rule-HTML-Section&appliesTo=Rule-Obj-FieldValue&pyRuleName=pzRuleFormRuleset&RequestClass=Rule-HTML-Section&RequestAppliesTo=Rule-Obj-FieldValue&RequestRuleName=pzRuleFormRuleset Payload: "{\"RequestClass\":\"Rule-HTML-Section\",\"RequestAppliesTo\":\"Rule-Obj-FieldValue\",\"RequestRuleName\":\"pzRuleFormRuleset\"}" => HTTP 200 (33985 bytes)
[PegaHttpClient] 📡 POST https://zdk8budo.pegaacademy.net/prweb/api/CodeIntelligence/v1/rules/query?pxObjClass=Rule-HTML-Section&appliesTo=Rule-Obj-FieldValue&pyRuleName=undefined&RequestClass=Rule-HTML-Section&RequestAppliesTo=Rule-Obj-FieldValue&RequestRuleName=undefined Payload: "{\"RequestClass\":\"Rule-HTML-Section\",\"RequestAppliesTo\":\"Rule-Obj-FieldValue\",\"RequestRuleName\":\"undefined\"}" => HTTP 404 (106 bytes)
[PegaHttpClient] 📡 POST https://zdk8budo.pegaacademy.net/prweb/PRRestService/CodeIntelligence/v1/rules/query?pxObjClass=Rule-HTML-Section&appliesTo=Rule-Obj-FieldValue&pyRuleName=undefined&RequestClass=Rule-HTML-Section&RequestAppliesTo=Rule-Obj-FieldValue&RequestRuleName=undefined Payload: "{\"RequestClass\":\"Rule-HTML-Section\",\"RequestAppliesTo\":\"Rule-Obj-FieldValue\",\"RequestRuleName\":\"undefined\"}" => HTTP 404 (106 bytes)
[PegaHttpClient] 📡 POST https://zdk8budo.pegaacademy.net/prweb/api/HRAppsV2Service/V1/rules/query?pxObjClass=Rule-HTML-Section&appliesTo=Rule-Obj-FieldValue&pyRuleName=undefined&RequestClass=Rule-HTML-Section&RequestAppliesTo=Rule-Obj-FieldValue&RequestRuleName=undefined Payload: "{\"RequestClass\":\"Rule-HTML-Section\",\"RequestAppliesTo\":\"Rule-Obj-FieldValue\",\"RequestRuleName\":\"undefined\"}" => HTTP 404 (18 bytes)
[PegaHttpClient] 📡 POST https://zdk8budo.pegaacademy.net/prweb/PRRestService/HRAppsV2Service/V1/rules/query?pxObjClass=Rule-HTML-Section&appliesTo=Rule-Obj-FieldValue&pyRuleName=undefined&RequestClass=Rule-HTML-Section&RequestAppliesTo=Rule-Obj-FieldValue&RequestRuleName=undefined Payload: "{\"RequestClass\":\"Rule-HTML-Section\",\"RequestAppliesTo\":\"Rule-Obj-FieldValue\",\"RequestRuleName\":\"undefined\"}" => HTTP 404 (18 bytes)
[PegaHttpClient] 📡 POST https://zdk8budo.pegaacademy.net/prweb/api/HRAppsV2/V1/rules/query?pxObjClass=Rule-HTML-Section&appliesTo=Rule-Obj-FieldValue&pyRuleName=undefined&RequestClass=Rule-HTML-Section&RequestAppliesTo=Rule-Obj-FieldValue&RequestRuleName=undefined Payload: "{\"RequestClass\":\"Rule-HTML-Section\",\"RequestAppliesTo\":\"Rule-Obj-FieldValue\",\"RequestRuleName\":\"undefined\"}" => HTTP 404 (18 bytes)
[PegaHttpClient] 📡 POST https://zdk8budo.pegaacademy.net/prweb/PRRestService/HRAppsV2/V1/rules/query?pxObjClass=Rule-HTML-Section&appliesTo=Rule-Obj-FieldValue&pyRuleName=undefined&RequestClass=Rule-HTML-Section&RequestAppliesTo=Rule-Obj-FieldValue&RequestRuleName=undefined Payload: "{\"RequestClass\":\"Rule-HTML-Section\",\"RequestAppliesTo\":\"Rule-Obj-FieldValue\",\"RequestRuleName\":\"undefined\"}" => HTTP 404 (18 bytes)
[PegaHttpClient] 📡 POST https://zdk8budo.pegaacademy.net/prweb/api/v1/rules/query?pxObjClass=Rule-HTML-Section&appliesTo=Rule-Obj-FieldValue&pyRuleName=undefined&RequestClass=Rule-HTML-Section&RequestAppliesTo=Rule-Obj-FieldValue&RequestRuleName=undefined Payload: "{\"RequestClass\":\"Rule-HTML-Section\",\"RequestAppliesTo\":\"Rule-Obj-FieldValue\",\"RequestRuleName\":\"undefined\"}" => HTTP 404 (18 bytes)
[PegaHttpClient] 📡 POST https://zdk8budo.pegaacademy.net/prweb/PRRestService/v1/rules/query?pxObjClass=Rule-HTML-Section&appliesTo=Rule-Obj-FieldValue&pyRuleName=undefined&RequestClass=Rule-HTML-Section&RequestAppliesTo=Rule-Obj-FieldValue&RequestRuleName=undefined Payload: "{\"RequestClass\":\"Rule-HTML-Section\",\"RequestAppliesTo\":\"Rule-Obj-FieldValue\",\"RequestRuleName\":\"undefined\"}" => HTTP 404 (18 bytes)
[PegaHttpClient] 📡 POST https://zdk8budo.pegaacademy.net/prweb/api/CodeIntelligence/v1/rules/query?pxObjClass=Rule-HTML-Section&appliesTo=Rule-Obj-FieldValue&pyRuleName=pzRuleFormToolbar&RequestClass=Rule-HTML-Section&RequestAppliesTo=Rule-Obj-FieldValue&RequestRuleName=pzRuleFormToolbar Payload: "{\"RequestClass\":\"Rule-HTML-Section\",\"RequestAppliesTo\":\"Rule-Obj-FieldValue\",\"RequestRuleName\":\"pzRuleFormToolbar\"}" => HTTP 200 (242691 bytes)
[PegaHttpClient] 📡 POST https://zdk8budo.pegaacademy.net/prweb/api/CodeIntelligence/v1/rules/query?pxObjClass=Rule-HTML-Section&appliesTo=Rule-Obj-FieldValue&pyRuleName=pzRuleFormToolbarCompare&RequestClass=Rule-HTML-Section&RequestAppliesTo=Rule-Obj-FieldValue&RequestRuleName=pzRuleFormToolbarCompare Payload: "{\"RequestClass\":\"Rule-HTML-Section\",\"RequestAppliesTo\":\"Rule-Obj-FieldValue\",\"RequestRuleName\":\"pzRuleFormToolbarCompare\"}" => HTTP 200 (61925 bytes)
[PegaHttpClient] 📡 POST https://zdk8budo.pegaacademy.net/prweb/api/CodeIntelligence/v1/rules/query?pxObjClass=Rule-HTML-Section&appliesTo=Rule-Obj-FieldValue&pyRuleName=RuleFormHeaderMessages&RequestClass=Rule-HTML-Section&RequestAppliesTo=Rule-Obj-FieldValue&RequestRuleName=RuleFormHeaderMessages Payload: "{\"RequestClass\":\"Rule-HTML-Section\",\"RequestAppliesTo\":\"Rule-Obj-FieldValue\",\"RequestRuleName\":\"RuleFormHeaderMessages\"}" => HTTP 200 (26518 bytes)
[PegaHttpClient] 📡 POST https://zdk8budo.pegaacademy.net/prweb/api/CodeIntelligence/v1/rules/query?pxObjClass=Rule-HTML-Section&appliesTo=Rule-Obj-FieldValue&pyRuleName=pzSpecificationsInner&RequestClass=Rule-HTML-Section&RequestAppliesTo=Rule-Obj-FieldValue&RequestRuleName=pzSpecificationsInner Payload: "{\"RequestClass\":\"Rule-HTML-Section\",\"RequestAppliesTo\":\"Rule-Obj-FieldValue\",\"RequestRuleName\":\"pzSpecificationsInner\"}" => HTTP 200 (142370 bytes)
[PegaHttpClient] 📡 POST https://zdk8budo.pegaacademy.net/prweb/api/CodeIntelligence/v1/rules/query?pxObjClass=Rule-HTML-Section&appliesTo=Rule-Obj-FieldValue&pyRuleName=pzAlternateRuleInfo&RequestClass=Rule-HTML-Section&RequestAppliesTo=Rule-Obj-FieldValue&RequestRuleName=pzAlternateRuleInfo Payload: "{\"RequestClass\":\"Rule-HTML-Section\",\"RequestAppliesTo\":\"Rule-Obj-FieldValue\",\"RequestRuleName\":\"pzAlternateRuleInfo\"}" => HTTP 200 (140407 bytes)
[PegaHttpClient] 📡 POST https://zdk8budo.pegaacademy.net/prweb/api/CodeIntelligence/v1/rules/query?pxObjClass=Rule-HTML-Section&appliesTo=Rule-Obj-FieldValue&pyRuleName=RuleFormHistory_Description&RequestClass=Rule-HTML-Section&RequestAppliesTo=Rule-Obj-FieldValue&RequestRuleName=RuleFormHistory_Description Payload: "{\"RequestClass\":\"Rule-HTML-Section\",\"RequestAppliesTo\":\"Rule-Obj-FieldValue\",\"RequestRuleName\":\"RuleFormHistory_Description\"}" => HTTP 200 (46242 bytes)
[PegaHttpClient] 📡 POST https://zdk8budo.pegaacademy.net/prweb/api/CodeIntelligence/v1/rules/query?pxObjClass=Rule-HTML-Section&appliesTo=Rule-Obj-FieldValue&pyRuleName=RuleFormHistory_CustomFields&RequestClass=Rule-HTML-Section&RequestAppliesTo=Rule-Obj-FieldValue&RequestRuleName=RuleFormHistory_CustomFields Payload: "{\"RequestClass\":\"Rule-HTML-Section\",\"RequestAppliesTo\":\"Rule-Obj-FieldValue\",\"RequestRuleName\":\"RuleFormHistory_CustomFields\"}" => HTTP 200 (75856 bytes)
[PegaHttpClient] 📡 POST https://zdk8budo.pegaacademy.net/prweb/api/CodeIntelligence/v1/rules/query?pxObjClass=Rule-HTML-Section&appliesTo=Rule-Obj-FieldValue&pyRuleName=RuleFormHistory_HistoryDetails&RequestClass=Rule-HTML-Section&RequestAppliesTo=Rule-Obj-FieldValue&RequestRuleName=RuleFormHistory_HistoryDetails Payload: "{\"RequestClass\":\"Rule-HTML-Section\",\"RequestAppliesTo\":\"Rule-Obj-FieldValue\",\"RequestRuleName\":\"RuleFormHistory_HistoryDetails\"}" => HTTP 200 (179535 bytes)
[PegaHttpClient] 📡 POST https://zdk8budo.pegaacademy.net/prweb/api/CodeIntelligence/v1/rules/query?pxObjClass=Rule-HTML-Section&appliesTo=Rule-Obj-FieldValue&pyRuleName=pzRuleFormStatus&RequestClass=Rule-HTML-Section&RequestAppliesTo=Rule-Obj-FieldValue&RequestRuleName=pzRuleFormStatus Payload: "{\"RequestClass\":\"Rule-HTML-Section\",\"RequestAppliesTo\":\"Rule-Obj-FieldValue\",\"RequestRuleName\":\"pzRuleFormStatus\"}" => HTTP 200 (97627 bytes)
[PegaHttpClient] 📡 POST https://zdk8budo.pegaacademy.net/prweb/api/CodeIntelligence/v1/rules/query?pxObjClass=Rule-HTML-Section&appliesTo=Rule-Obj-FieldValue&pyRuleName=pzRuleFormHeaderCompareWithDropDown&RequestClass=Rule-HTML-Section&RequestAppliesTo=Rule-Obj-FieldValue&RequestRuleName=pzRuleFormHeaderCompareWithDropDown Payload: "{\"RequestClass\":\"Rule-HTML-Section\",\"RequestAppliesTo\":\"Rule-Obj-FieldValue\",\"RequestRuleName\":\"pzRuleFormHeaderCompareWithDropDown\"}" => HTTP 200 (25396 bytes)
[PegaHttpClient] 📡 POST https://zdk8budo.pegaacademy.net/prweb/api/CodeIntelligence/v1/rules/query?pxObjClass=Rule-HTML-Section&appliesTo=Rule-Obj-FieldValue&pyRuleName=undefined&RequestClass=Rule-HTML-Section&RequestAppliesTo=Rule-Obj-FieldValue&RequestRuleName=undefined Payload: "{\"RequestClass\":\"Rule-HTML-Section\",\"RequestAppliesTo\":\"Rule-Obj-FieldValue\",\"RequestRuleName\":\"undefined\"}" => HTTP 404 (106 bytes)
[PegaHttpClient] 📡 POST https://zdk8budo.pegaacademy.net/prweb/PRRestService/CodeIntelligence/v1/rules/query?pxObjClass=Rule-HTML-Section&appliesTo=Rule-Obj-FieldValue&pyRuleName=undefined&RequestClass=Rule-HTML-Section&RequestAppliesTo=Rule-Obj-FieldValue&RequestRuleName=undefined Payload: "{\"RequestClass\":\"Rule-HTML-Section\",\"RequestAppliesTo\":\"Rule-Obj-FieldValue\",\"RequestRuleName\":\"undefined\"}" => HTTP 404 (106 bytes)
[PegaHttpClient] 📡 POST https://zdk8budo.pegaacademy.net/prweb/api/HRAppsV2Service/V1/rules/query?pxObjClass=Rule-HTML-Section&appliesTo=Rule-Obj-FieldValue&pyRuleName=undefined&RequestClass=Rule-HTML-Section&RequestAppliesTo=Rule-Obj-FieldValue&RequestRuleName=undefined Payload: "{\"RequestClass\":\"Rule-HTML-Section\",\"RequestAppliesTo\":\"Rule-Obj-FieldValue\",\"RequestRuleName\":\"undefined\"}" => HTTP 404 (18 bytes)
[PegaHttpClient] 📡 POST https://zdk8budo.pegaacademy.net/prweb/PRRestService/HRAppsV2Service/V1/rules/query?pxObjClass=Rule-HTML-Section&appliesTo=Rule-Obj-FieldValue&pyRuleName=undefined&RequestClass=Rule-HTML-Section&RequestAppliesTo=Rule-Obj-FieldValue&RequestRuleName=undefined Payload: "{\"RequestClass\":\"Rule-HTML-Section\",\"RequestAppliesTo\":\"Rule-Obj-FieldValue\",\"RequestRuleName\":\"undefined\"}" => HTTP 404 (18 bytes)
[PegaHttpClient] 📡 POST https://zdk8budo.pegaacademy.net/prweb/api/HRAppsV2/V1/rules/query?pxObjClass=Rule-HTML-Section&appliesTo=Rule-Obj-FieldValue&pyRuleName=undefined&RequestClass=Rule-HTML-Section&RequestAppliesTo=Rule-Obj-FieldValue&RequestRuleName=undefined Payload: "{\"RequestClass\":\"Rule-HTML-Section\",\"RequestAppliesTo\":\"Rule-Obj-FieldValue\",\"RequestRuleName\":\"undefined\"}" => HTTP 404 (18 bytes)
[PegaHttpClient] 📡 POST https://zdk8budo.pegaacademy.net/prweb/PRRestService/HRAppsV2/V1/rules/query?pxObjClass=Rule-HTML-Section&appliesTo=Rule-Obj-FieldValue&pyRuleName=undefined&RequestClass=Rule-HTML-Section&RequestAppliesTo=Rule-Obj-FieldValue&RequestRuleName=undefined Payload: "{\"RequestClass\":\"Rule-HTML-Section\",\"RequestAppliesTo\":\"Rule-Obj-FieldValue\",\"RequestRuleName\":\"undefined\"}" => HTTP 404 (18 bytes)
[PegaHttpClient] 📡 POST https://zdk8budo.pegaacademy.net/prweb/api/v1/rules/query?pxObjClass=Rule-HTML-Section&appliesTo=Rule-Obj-FieldValue&pyRuleName=undefined&RequestClass=Rule-HTML-Section&RequestAppliesTo=Rule-Obj-FieldValue&RequestRuleName=undefined Payload: "{\"RequestClass\":\"Rule-HTML-Section\",\"RequestAppliesTo\":\"Rule-Obj-FieldValue\",\"RequestRuleName\":\"undefined\"}" => HTTP 404 (18 bytes)
[PegaHttpClient] 📡 POST https://zdk8budo.pegaacademy.net/prweb/PRRestService/v1/rules/query?pxObjClass=Rule-HTML-Section&appliesTo=Rule-Obj-FieldValue&pyRuleName=undefined&RequestClass=Rule-HTML-Section&RequestAppliesTo=Rule-Obj-FieldValue&RequestRuleName=undefined Payload: "{\"RequestClass\":\"Rule-HTML-Section\",\"RequestAppliesTo\":\"Rule-Obj-FieldValue\",\"RequestRuleName\":\"undefined\"}" => HTTP 404 (18 bytes)
[PegaHttpClient] 📡 POST https://zdk8budo.pegaacademy.net/prweb/api/CodeIntelligence/v1/rules/query?pxObjClass=Rule-HTML-Section&appliesTo=Rule-Obj-FieldValue&pyRuleName=pzRuleFormToolbarHotKeys&RequestClass=Rule-HTML-Section&RequestAppliesTo=Rule-Obj-FieldValue&RequestRuleName=pzRuleFormToolbarHotKeys Payload: "{\"RequestClass\":\"Rule-HTML-Section\",\"RequestAppliesTo\":\"Rule-Obj-FieldValue\",\"RequestRuleName\":\"pzRuleFormToolbarHotKeys\"}" => HTTP 200 (85058 bytes)
[PegaHttpClient] 📡 POST https://zdk8budo.pegaacademy.net/prweb/api/CodeIntelligence/v1/rules/query?pxObjClass=Rule-HTML-Section&appliesTo=Rule-Obj-FieldValue&pyRuleName=pzRuleFormToolbarLockedIcon&RequestClass=Rule-HTML-Section&RequestAppliesTo=Rule-Obj-FieldValue&RequestRuleName=pzRuleFormToolbarLockedIcon Payload: "{\"RequestClass\":\"Rule-HTML-Section\",\"RequestAppliesTo\":\"Rule-Obj-FieldValue\",\"RequestRuleName\":\"pzRuleFormToolbarLockedIcon\"}" => HTTP 200 (24898 bytes)
[PegaHttpClient] 📡 POST https://zdk8budo.pegaacademy.net/prweb/api/CodeIntelligence/v1/rules/query?pxObjClass=Rule-HTML-Section&appliesTo=Rule-Obj-FieldValue&pyRuleName=pzRuleFormToolbarCollaborators&RequestClass=Rule-HTML-Section&RequestAppliesTo=Rule-Obj-FieldValue&RequestRuleName=pzRuleFormToolbarCollaborators Payload: "{\"RequestClass\":\"Rule-HTML-Section\",\"RequestAppliesTo\":\"Rule-Obj-FieldValue\",\"RequestRuleName\":\"pzRuleFormToolbarCollaborators\"}" => HTTP 200 (15254 bytes)
[PegaHttpClient] 📡 POST https://zdk8budo.pegaacademy.net/prweb/api/CodeIntelligence/v1/rules/query?pxObjClass=Rule-HTML-Section&appliesTo=Rule-Obj-FieldValue&pyRuleName=pzRuleFormToolbarSaveAs&RequestClass=Rule-HTML-Section&RequestAppliesTo=Rule-Obj-FieldValue&RequestRuleName=pzRuleFormToolbarSaveAs Payload: "{\"RequestClass\":\"Rule-HTML-Section\",\"RequestAppliesTo\":\"Rule-Obj-FieldValue\",\"RequestRuleName\":\"pzRuleFormToolbarSaveAs\"}" => HTTP 200 (64084 bytes)
[PegaHttpClient] 📡 POST https://zdk8budo.pegaacademy.net/prweb/api/CodeIntelligence/v1/rules/query?pxObjClass=Rule-HTML-Section&appliesTo=Rule-Obj-FieldValue&pyRuleName=pzRuleFormToolbarCheckin&RequestClass=Rule-HTML-Section&RequestAppliesTo=Rule-Obj-FieldValue&RequestRuleName=pzRuleFormToolbarCheckin Payload: "{\"RequestClass\":\"Rule-HTML-Section\",\"RequestAppliesTo\":\"Rule-Obj-FieldValue\",\"RequestRuleName\":\"pzRuleFormToolbarCheckin\"}" => HTTP 200 (119096 bytes)
[PegaHttpClient] 📡 POST https://zdk8budo.pegaacademy.net/prweb/api/CodeIntelligence/v1/rules/query?pxObjClass=Rule-HTML-Section&appliesTo=Rule-Obj-FieldValue&pyRuleName=pzRuleFormToolbarDelete&RequestClass=Rule-HTML-Section&RequestAppliesTo=Rule-Obj-FieldValue&RequestRuleName=pzRuleFormToolbarDelete Payload: "{\"RequestClass\":\"Rule-HTML-Section\",\"RequestAppliesTo\":\"Rule-Obj-FieldValue\",\"RequestRuleName\":\"pzRuleFormToolbarDelete\"}" => HTTP 200 (30249 bytes)
[PegaHttpClient] 📡 POST https://zdk8budo.pegaacademy.net/prweb/api/CodeIntelligence/v1/rules/query?pxObjClass=Rule-HTML-Section&appliesTo=Rule-Obj-FieldValue&pyRuleName=pzRuleFormToolbarSave&RequestClass=Rule-HTML-Section&RequestAppliesTo=Rule-Obj-FieldValue&RequestRuleName=pzRuleFormToolbarSave Payload: "{\"RequestClass\":\"Rule-HTML-Section\",\"RequestAppliesTo\":\"Rule-Obj-FieldValue\",\"RequestRuleName\":\"pzRuleFormToolbarSave\"}" => HTTP 200 (293885 bytes)
[PegaHttpClient] 📡 POST https://zdk8budo.pegaacademy.net/prweb/api/CodeIntelligence/v1/rules/query?pxObjClass=Rule-HTML-Section&appliesTo=Rule-Obj-FieldValue&pyRuleName=pzRuleFormToolbarCheckout&RequestClass=Rule-HTML-Section&RequestAppliesTo=Rule-Obj-FieldValue&RequestRuleName=pzRuleFormToolbarCheckout Payload: "{\"RequestClass\":\"Rule-HTML-Section\",\"RequestAppliesTo\":\"Rule-Obj-FieldValue\",\"RequestRuleName\":\"pzRuleFormToolbarCheckout\"}" => HTTP 200 (238148 bytes)
[PegaHttpClient] 📡 POST https://zdk8budo.pegaacademy.net/prweb/api/CodeIntelligence/v1/rules/query?pxObjClass=Rule-HTML-Section&appliesTo=Rule-Obj-FieldValue&pyRuleName=pzRemoveErrorsDataPage&RequestClass=Rule-HTML-Section&RequestAppliesTo=Rule-Obj-FieldValue&RequestRuleName=pzRemoveErrorsDataPage Payload: "{\"RequestClass\":\"Rule-HTML-Section\",\"RequestAppliesTo\":\"Rule-Obj-FieldValue\",\"RequestRuleName\":\"pzRemoveErrorsDataPage\"}" => HTTP 200 (16733 bytes)
[PegaHttpClient] 📡 POST https://zdk8budo.pegaacademy.net/prweb/api/CodeIntelligence/v1/rules/query?pxObjClass=Rule-HTML-Section&appliesTo=Rule-Obj-FieldValue&pyRuleName=pzRuleFormHeaderMessagesWrapper&RequestClass=Rule-HTML-Section&RequestAppliesTo=Rule-Obj-FieldValue&RequestRuleName=pzRuleFormHeaderMessagesWrapper Payload: "{\"RequestClass\":\"Rule-HTML-Section\",\"RequestAppliesTo\":\"Rule-Obj-FieldValue\",\"RequestRuleName\":\"pzRuleFormHeaderMessagesWrapper\"}" => HTTP 200 (16981 bytes)
[PegaHttpClient] 📡 POST https://zdk8budo.pegaacademy.net/prweb/api/CodeIntelligence/v1/rules/query?pxObjClass=Rule-HTML-Section&appliesTo=Rule-Obj-FieldValue&pyRuleName=pzSpecificationName&RequestClass=Rule-HTML-Section&RequestAppliesTo=Rule-Obj-FieldValue&RequestRuleName=pzSpecificationName Payload: "{\"RequestClass\":\"Rule-HTML-Section\",\"RequestAppliesTo\":\"Rule-Obj-FieldValue\",\"RequestRuleName\":\"pzSpecificationName\"}" => HTTP 404 (116 bytes)
[PegaHttpClient] 📡 POST https://zdk8budo.pegaacademy.net/prweb/PRRestService/CodeIntelligence/v1/rules/query?pxObjClass=Rule-HTML-Section&appliesTo=Rule-Obj-FieldValue&pyRuleName=pzSpecificationName&RequestClass=Rule-HTML-Section&RequestAppliesTo=Rule-Obj-FieldValue&RequestRuleName=pzSpecificationName Payload: "{\"RequestClass\":\"Rule-HTML-Section\",\"RequestAppliesTo\":\"Rule-Obj-FieldValue\",\"RequestRuleName\":\"pzSpecificationName\"}" => HTTP 404 (116 bytes)
[PegaHttpClient] 📡 POST https://zdk8budo.pegaacademy.net/prweb/api/HRAppsV2Service/V1/rules/query?pxObjClass=Rule-HTML-Section&appliesTo=Rule-Obj-FieldValue&pyRuleName=pzSpecificationName&RequestClass=Rule-HTML-Section&RequestAppliesTo=Rule-Obj-FieldValue&RequestRuleName=pzSpecificationName Payload: "{\"RequestClass\":\"Rule-HTML-Section\",\"RequestAppliesTo\":\"Rule-Obj-FieldValue\",\"RequestRuleName\":\"pzSpecificationName\"}" => HTTP 404 (18 bytes)
[PegaHttpClient] 📡 POST https://zdk8budo.pegaacademy.net/prweb/PRRestService/HRAppsV2Service/V1/rules/query?pxObjClass=Rule-HTML-Section&appliesTo=Rule-Obj-FieldValue&pyRuleName=pzSpecificationName&RequestClass=Rule-HTML-Section&RequestAppliesTo=Rule-Obj-FieldValue&RequestRuleName=pzSpecificationName Payload: "{\"RequestClass\":\"Rule-HTML-Section\",\"RequestAppliesTo\":\"Rule-Obj-FieldValue\",\"RequestRuleName\":\"pzSpecificationName\"}" => HTTP 404 (18 bytes)
[PegaHttpClient] 📡 POST https://zdk8budo.pegaacademy.net/prweb/api/HRAppsV2/V1/rules/query?pxObjClass=Rule-HTML-Section&appliesTo=Rule-Obj-FieldValue&pyRuleName=pzSpecificationName&RequestClass=Rule-HTML-Section&RequestAppliesTo=Rule-Obj-FieldValue&RequestRuleName=pzSpecificationName Payload: "{\"RequestClass\":\"Rule-HTML-Section\",\"RequestAppliesTo\":\"Rule-Obj-FieldValue\",\"RequestRuleName\":\"pzSpecificationName\"}" => HTTP 404 (18 bytes)
[PegaHttpClient] 📡 POST https://zdk8budo.pegaacademy.net/prweb/PRRestService/HRAppsV2/V1/rules/query?pxObjClass=Rule-HTML-Section&appliesTo=Rule-Obj-FieldValue&pyRuleName=pzSpecificationName&RequestClass=Rule-HTML-Section&RequestAppliesTo=Rule-Obj-FieldValue&RequestRuleName=pzSpecificationName Payload: "{\"RequestClass\":\"Rule-HTML-Section\",\"RequestAppliesTo\":\"Rule-Obj-FieldValue\",\"RequestRuleName\":\"pzSpecificationName\"}" => HTTP 404 (18 bytes)
[PegaHttpClient] 📡 POST https://zdk8budo.pegaacademy.net/prweb/api/v1/rules/query?pxObjClass=Rule-HTML-Section&appliesTo=Rule-Obj-FieldValue&pyRuleName=pzSpecificationName&RequestClass=Rule-HTML-Section&RequestAppliesTo=Rule-Obj-FieldValue&RequestRuleName=pzSpecificationName Payload: "{\"RequestClass\":\"Rule-HTML-Section\",\"RequestAppliesTo\":\"Rule-Obj-FieldValue\",\"RequestRuleName\":\"pzSpecificationName\"}" => HTTP 404 (18 bytes)
[PegaHttpClient] 📡 POST https://zdk8budo.pegaacademy.net/prweb/PRRestService/v1/rules/query?pxObjClass=Rule-HTML-Section&appliesTo=Rule-Obj-FieldValue&pyRuleName=pzSpecificationName&RequestClass=Rule-HTML-Section&RequestAppliesTo=Rule-Obj-FieldValue&RequestRuleName=pzSpecificationName Payload: "{\"RequestClass\":\"Rule-HTML-Section\",\"RequestAppliesTo\":\"Rule-Obj-FieldValue\",\"RequestRuleName\":\"pzSpecificationName\"}" => HTTP 404 (18 bytes)
[PegaHttpClient] 📡 POST https://zdk8budo.pegaacademy.net/prweb/api/CodeIntelligence/v1/rules/query?pxObjClass=Rule-HTML-Section&appliesTo=Rule-Obj-FieldValue&pyRuleName=pzScm_RuleHistory&RequestClass=Rule-HTML-Section&RequestAppliesTo=Rule-Obj-FieldValue&RequestRuleName=pzScm_RuleHistory Payload: "{\"RequestClass\":\"Rule-HTML-Section\",\"RequestAppliesTo\":\"Rule-Obj-FieldValue\",\"RequestRuleName\":\"pzScm_RuleHistory\"}" => HTTP 200 (14682 bytes)
[PegaHttpClient] 📡 POST https://zdk8budo.pegaacademy.net/prweb/api/CodeIntelligence/v1/rules/query?pxObjClass=Rule-HTML-Section&appliesTo=Rule-Obj-FieldValue&pyRuleName=pxDisplayCollaborators&RequestClass=Rule-HTML-Section&RequestAppliesTo=Rule-Obj-FieldValue&RequestRuleName=pxDisplayCollaborators Payload: "{\"RequestClass\":\"Rule-HTML-Section\",\"RequestAppliesTo\":\"Rule-Obj-FieldValue\",\"RequestRuleName\":\"pxDisplayCollaborators\"}" => HTTP 200 (94171 bytes)
[PegaHttpClient] 📡 POST https://zdk8budo.pegaacademy.net/prweb/api/CodeIntelligence/v1/rules/query?pxObjClass=Rule-HTML-Section&appliesTo=Rule-Obj-FieldValue&pyRuleName=pzRuleFormToolbarDeleteCheckOut&RequestClass=Rule-HTML-Section&RequestAppliesTo=Rule-Obj-FieldValue&RequestRuleName=pzRuleFormToolbarDeleteCheckOut Payload: "{\"RequestClass\":\"Rule-HTML-Section\",\"RequestAppliesTo\":\"Rule-Obj-FieldValue\",\"RequestRuleName\":\"pzRuleFormToolbarDeleteCheckOut\"}" => HTTP 200 (29433 bytes)
[PegaHttpClient] 📡 POST https://zdk8budo.pegaacademy.net/prweb/api/CodeIntelligence/v1/rules/query?pxObjClass=Rule-HTML-Section&appliesTo=Rule-Obj-FieldValue&pyRuleName=pzRuleFormToolbarDeleteRule&RequestClass=Rule-HTML-Section&RequestAppliesTo=Rule-Obj-FieldValue&RequestRuleName=pzRuleFormToolbarDeleteRule Payload: "{\"RequestClass\":\"Rule-HTML-Section\",\"RequestAppliesTo\":\"Rule-Obj-FieldValue\",\"RequestRuleName\":\"pzRuleFormToolbarDeleteRule\"}" => HTTP 200 (32314 bytes)
[PegaHttpClient] 📡 POST https://zdk8budo.pegaacademy.net/prweb/api/CodeIntelligence/v1/rules/query?pxObjClass=Rule-HTML-Section&appliesTo=Rule-Obj-FieldValue&pyRuleName=pzLoadCollaborationScripts&RequestClass=Rule-HTML-Section&RequestAppliesTo=Rule-Obj-FieldValue&RequestRuleName=pzLoadCollaborationScripts Payload: "{\"RequestClass\":\"Rule-HTML-Section\",\"RequestAppliesTo\":\"Rule-Obj-FieldValue\",\"RequestRuleName\":\"pzLoadCollaborationScripts\"}" => HTTP 200 (23453 bytes)
[PegaHttpClient] 📡 POST https://zdk8budo.pegaacademy.net/prweb/api/CodeIntelligence/v1/rules/query?pxObjClass=Rule-HTML-Section&appliesTo=Rule-Obj-FieldValue&pyRuleName=pzDisplayCollaboratorsList&RequestClass=Rule-HTML-Section&RequestAppliesTo=Rule-Obj-FieldValue&RequestRuleName=pzDisplayCollaboratorsList Payload: "{\"RequestClass\":\"Rule-HTML-Section\",\"RequestAppliesTo\":\"Rule-Obj-FieldValue\",\"RequestRuleName\":\"pzDisplayCollaboratorsList\"}" => HTTP 200 (105418 bytes)
[PegaHttpClient] 📡 POST https://zdk8budo.pegaacademy.net/prweb/api/CodeIntelligence/v1/rules/query?pxObjClass=Rule-HTML-Section&appliesTo=Rule-Obj-FieldValue&pyRuleName=pyCollaborator&RequestClass=Rule-HTML-Section&RequestAppliesTo=Rule-Obj-FieldValue&RequestRuleName=pyCollaborator Payload: "{\"RequestClass\":\"Rule-HTML-Section\",\"RequestAppliesTo\":\"Rule-Obj-FieldValue\",\"RequestRuleName\":\"pyCollaborator\"}" => HTTP 404 (111 bytes)
[PegaHttpClient] 📡 POST https://zdk8budo.pegaacademy.net/prweb/PRRestService/CodeIntelligence/v1/rules/query?pxObjClass=Rule-HTML-Section&appliesTo=Rule-Obj-FieldValue&pyRuleName=pyCollaborator&RequestClass=Rule-HTML-Section&RequestAppliesTo=Rule-Obj-FieldValue&RequestRuleName=pyCollaborator Payload: "{\"RequestClass\":\"Rule-HTML-Section\",\"RequestAppliesTo\":\"Rule-Obj-FieldValue\",\"RequestRuleName\":\"pyCollaborator\"}" => HTTP 404 (111 bytes)
[PegaHttpClient] 📡 POST https://zdk8budo.pegaacademy.net/prweb/api/HRAppsV2Service/V1/rules/query?pxObjClass=Rule-HTML-Section&appliesTo=Rule-Obj-FieldValue&pyRuleName=pyCollaborator&RequestClass=Rule-HTML-Section&RequestAppliesTo=Rule-Obj-FieldValue&RequestRuleName=pyCollaborator Payload: "{\"RequestClass\":\"Rule-HTML-Section\",\"RequestAppliesTo\":\"Rule-Obj-FieldValue\",\"RequestRuleName\":\"pyCollaborator\"}" => HTTP 404 (18 bytes)
[PegaHttpClient] 📡 POST https://zdk8budo.pegaacademy.net/prweb/PRRestService/HRAppsV2Service/V1/rules/query?pxObjClass=Rule-HTML-Section&appliesTo=Rule-Obj-FieldValue&pyRuleName=pyCollaborator&RequestClass=Rule-HTML-Section&RequestAppliesTo=Rule-Obj-FieldValue&RequestRuleName=pyCollaborator Payload: "{\"RequestClass\":\"Rule-HTML-Section\",\"RequestAppliesTo\":\"Rule-Obj-FieldValue\",\"RequestRuleName\":\"pyCollaborator\"}" => HTTP 404 (18 bytes)
[PegaHttpClient] 📡 POST https://zdk8budo.pegaacademy.net/prweb/api/HRAppsV2/V1/rules/query?pxObjClass=Rule-HTML-Section&appliesTo=Rule-Obj-FieldValue&pyRuleName=pyCollaborator&RequestClass=Rule-HTML-Section&RequestAppliesTo=Rule-Obj-FieldValue&RequestRuleName=pyCollaborator Payload: "{\"RequestClass\":\"Rule-HTML-Section\",\"RequestAppliesTo\":\"Rule-Obj-FieldValue\",\"RequestRuleName\":\"pyCollaborator\"}" => HTTP 404 (18 bytes)
[PegaHttpClient] 📡 POST https://zdk8budo.pegaacademy.net/prweb/PRRestService/HRAppsV2/V1/rules/query?pxObjClass=Rule-HTML-Section&appliesTo=Rule-Obj-FieldValue&pyRuleName=pyCollaborator&RequestClass=Rule-HTML-Section&RequestAppliesTo=Rule-Obj-FieldValue&RequestRuleName=pyCollaborator Payload: "{\"RequestClass\":\"Rule-HTML-Section\",\"RequestAppliesTo\":\"Rule-Obj-FieldValue\",\"RequestRuleName\":\"pyCollaborator\"}" => HTTP 404 (18 bytes)
[PegaHttpClient] 📡 POST https://zdk8budo.pegaacademy.net/prweb/api/v1/rules/query?pxObjClass=Rule-HTML-Section&appliesTo=Rule-Obj-FieldValue&pyRuleName=pyCollaborator&RequestClass=Rule-HTML-Section&RequestAppliesTo=Rule-Obj-FieldValue&RequestRuleName=pyCollaborator Payload: "{\"RequestClass\":\"Rule-HTML-Section\",\"RequestAppliesTo\":\"Rule-Obj-FieldValue\",\"RequestRuleName\":\"pyCollaborator\"}" => HTTP 404 (18 bytes)
[PegaHttpClient] 📡 POST https://zdk8budo.pegaacademy.net/prweb/PRRestService/v1/rules/query?pxObjClass=Rule-HTML-Section&appliesTo=Rule-Obj-FieldValue&pyRuleName=pyCollaborator&RequestClass=Rule-HTML-Section&RequestAppliesTo=Rule-Obj-FieldValue&RequestRuleName=pyCollaborator Payload: "{\"RequestClass\":\"Rule-HTML-Section\",\"RequestAppliesTo\":\"Rule-Obj-FieldValue\",\"RequestRuleName\":\"pyCollaborator\"}" => HTTP 404 (18 bytes)
[PegaHttpClient] 📡 POST https://zdk8budo.pegaacademy.net/prweb/api/CodeIntelligence/v1/rules/query?pxObjClass=Rule-HTML-Section&appliesTo=Rule-Obj-FieldValue&pyRuleName=pzDisplayPartialCount&RequestClass=Rule-HTML-Section&RequestAppliesTo=Rule-Obj-FieldValue&RequestRuleName=pzDisplayPartialCount Payload: "{\"RequestClass\":\"Rule-HTML-Section\",\"RequestAppliesTo\":\"Rule-Obj-FieldValue\",\"RequestRuleName\":\"pzDisplayPartialCount\"}" => HTTP 404 (118 bytes)
[PegaHttpClient] 📡 POST https://zdk8budo.pegaacademy.net/prweb/PRRestService/CodeIntelligence/v1/rules/query?pxObjClass=Rule-HTML-Section&appliesTo=Rule-Obj-FieldValue&pyRuleName=pzDisplayPartialCount&RequestClass=Rule-HTML-Section&RequestAppliesTo=Rule-Obj-FieldValue&RequestRuleName=pzDisplayPartialCount Payload: "{\"RequestClass\":\"Rule-HTML-Section\",\"RequestAppliesTo\":\"Rule-Obj-FieldValue\",\"RequestRuleName\":\"pzDisplayPartialCount\"}" => HTTP 404 (118 bytes)
[PegaHttpClient] 📡 POST https://zdk8budo.pegaacademy.net/prweb/api/HRAppsV2Service/V1/rules/query?pxObjClass=Rule-HTML-Section&appliesTo=Rule-Obj-FieldValue&pyRuleName=pzDisplayPartialCount&RequestClass=Rule-HTML-Section&RequestAppliesTo=Rule-Obj-FieldValue&RequestRuleName=pzDisplayPartialCount Payload: "{\"RequestClass\":\"Rule-HTML-Section\",\"RequestAppliesTo\":\"Rule-Obj-FieldValue\",\"RequestRuleName\":\"pzDisplayPartialCount\"}" => HTTP 404 (18 bytes)
[PegaHttpClient] 📡 POST https://zdk8budo.pegaacademy.net/prweb/PRRestService/HRAppsV2Service/V1/rules/query?pxObjClass=Rule-HTML-Section&appliesTo=Rule-Obj-FieldValue&pyRuleName=pzDisplayPartialCount&RequestClass=Rule-HTML-Section&RequestAppliesTo=Rule-Obj-FieldValue&RequestRuleName=pzDisplayPartialCount Payload: "{\"RequestClass\":\"Rule-HTML-Section\",\"RequestAppliesTo\":\"Rule-Obj-FieldValue\",\"RequestRuleName\":\"pzDisplayPartialCount\"}" => HTTP 404 (18 bytes)
[PegaHttpClient] 📡 POST https://zdk8budo.pegaacademy.net/prweb/api/HRAppsV2/V1/rules/query?pxObjClass=Rule-HTML-Section&appliesTo=Rule-Obj-FieldValue&pyRuleName=pzDisplayPartialCount&RequestClass=Rule-HTML-Section&RequestAppliesTo=Rule-Obj-FieldValue&RequestRuleName=pzDisplayPartialCount Payload: "{\"RequestClass\":\"Rule-HTML-Section\",\"RequestAppliesTo\":\"Rule-Obj-FieldValue\",\"RequestRuleName\":\"pzDisplayPartialCount\"}" => HTTP 404 (18 bytes)
[PegaHttpClient] 📡 POST https://zdk8budo.pegaacademy.net/prweb/PRRestService/HRAppsV2/V1/rules/query?pxObjClass=Rule-HTML-Section&appliesTo=Rule-Obj-FieldValue&pyRuleName=pzDisplayPartialCount&RequestClass=Rule-HTML-Section&RequestAppliesTo=Rule-Obj-FieldValue&RequestRuleName=pzDisplayPartialCount Payload: "{\"RequestClass\":\"Rule-HTML-Section\",\"RequestAppliesTo\":\"Rule-Obj-FieldValue\",\"RequestRuleName\":\"pzDisplayPartialCount\"}" => HTTP 404 (18 bytes)
[PegaHttpClient] 📡 POST https://zdk8budo.pegaacademy.net/prweb/api/v1/rules/query?pxObjClass=Rule-HTML-Section&appliesTo=Rule-Obj-FieldValue&pyRuleName=pzDisplayPartialCount&RequestClass=Rule-HTML-Section&RequestAppliesTo=Rule-Obj-FieldValue&RequestRuleName=pzDisplayPartialCount Payload: "{\"RequestClass\":\"Rule-HTML-Section\",\"RequestAppliesTo\":\"Rule-Obj-FieldValue\",\"RequestRuleName\":\"pzDisplayPartialCount\"}" => HTTP 404 (18 bytes)
[PegaHttpClient] 📡 POST https://zdk8budo.pegaacademy.net/prweb/PRRestService/v1/rules/query?pxObjClass=Rule-HTML-Section&appliesTo=Rule-Obj-FieldValue&pyRuleName=pzDisplayPartialCount&RequestClass=Rule-HTML-Section&RequestAppliesTo=Rule-Obj-FieldValue&RequestRuleName=pzDisplayPartialCount Payload: "{\"RequestClass\":\"Rule-HTML-Section\",\"RequestAppliesTo\":\"Rule-Obj-FieldValue\",\"RequestRuleName\":\"pzDisplayPartialCount\"}" => HTTP 404 (18 bytes)
[SchemaGen] ✅ Schema written for Rule-Obj-FieldValue
[PegaHttpClient] 📡 GET https://zdk8budo.pegaacademy.net/prweb/api/CodeIntelligence/v1/rules/RULE-HTML-HARNESS%20RULE-OBJ-CORR%20RULEFORM%20%2320180713T135125.010%20GMT => HTTP 200 (32879 bytes)
[PegaHttpClient] 📡 POST https://zdk8budo.pegaacademy.net/prweb/api/CodeIntelligence/v1/rules/query?pxObjClass=Rule-HTML-Section&appliesTo=Rule-Obj-Corr&pyRuleName=RuleFormMain&RequestClass=Rule-HTML-Section&RequestAppliesTo=Rule-Obj-Corr&RequestRuleName=RuleFormMain Payload: "{\"RequestClass\":\"Rule-HTML-Section\",\"RequestAppliesTo\":\"Rule-Obj-Corr\",\"RequestRuleName\":\"RuleFormMain\"}" => HTTP 200 (156234 bytes)
[PegaHttpClient] 📡 POST https://zdk8budo.pegaacademy.net/prweb/api/CodeIntelligence/v1/rules/query?pxObjClass=Rule-HTML-Section&appliesTo=Rule-Obj-Corr&pyRuleName=pxAlternateRuleForm&RequestClass=Rule-HTML-Section&RequestAppliesTo=Rule-Obj-Corr&RequestRuleName=pxAlternateRuleForm Payload: "{\"RequestClass\":\"Rule-HTML-Section\",\"RequestAppliesTo\":\"Rule-Obj-Corr\",\"RequestRuleName\":\"pxAlternateRuleForm\"}" => HTTP 200 (66153 bytes)
[PegaHttpClient] 📡 POST https://zdk8budo.pegaacademy.net/prweb/api/CodeIntelligence/v1/rules/query?pxObjClass=Rule-HTML-Section&appliesTo=Rule-Obj-Corr&pyRuleName=pzRuleFormScripts&RequestClass=Rule-HTML-Section&RequestAppliesTo=Rule-Obj-Corr&RequestRuleName=pzRuleFormScripts Payload: "{\"RequestClass\":\"Rule-HTML-Section\",\"RequestAppliesTo\":\"Rule-Obj-Corr\",\"RequestRuleName\":\"pzRuleFormScripts\"}" => HTTP 200 (40822 bytes)
[PegaHttpClient] 📡 POST https://zdk8budo.pegaacademy.net/prweb/api/CodeIntelligence/v1/rules/query?pxObjClass=Rule-HTML-Section&appliesTo=Rule-Obj-Corr&pyRuleName=pzRuleFormLayoutDelegated&RequestClass=Rule-HTML-Section&RequestAppliesTo=Rule-Obj-Corr&RequestRuleName=pzRuleFormLayoutDelegated Payload: "{\"RequestClass\":\"Rule-HTML-Section\",\"RequestAppliesTo\":\"Rule-Obj-Corr\",\"RequestRuleName\":\"pzRuleFormLayoutDelegated\"}" => HTTP 200 (70998 bytes)
[PegaHttpClient] 📡 POST https://zdk8budo.pegaacademy.net/prweb/api/CodeIntelligence/v1/rules/query?pxObjClass=Rule-HTML-Section&appliesTo=Rule-Obj-Corr&pyRuleName=RuleFormLayout&RequestClass=Rule-HTML-Section&RequestAppliesTo=Rule-Obj-Corr&RequestRuleName=RuleFormLayout Payload: "{\"RequestClass\":\"Rule-HTML-Section\",\"RequestAppliesTo\":\"Rule-Obj-Corr\",\"RequestRuleName\":\"RuleFormLayout\"}" => HTTP 200 (32030 bytes)
[PegaHttpClient] 📡 POST https://zdk8budo.pegaacademy.net/prweb/api/CodeIntelligence/v1/rules/query?pxObjClass=Rule-HTML-Section&appliesTo=Rule-Obj-Corr&pyRuleName=RuleFormSettings&RequestClass=Rule-HTML-Section&RequestAppliesTo=Rule-Obj-Corr&RequestRuleName=RuleFormSettings Payload: "{\"RequestClass\":\"Rule-HTML-Section\",\"RequestAppliesTo\":\"Rule-Obj-Corr\",\"RequestRuleName\":\"RuleFormSettings\"}" => HTTP 200 (20540 bytes)
[PegaHttpClient] 📡 POST https://zdk8budo.pegaacademy.net/prweb/api/CodeIntelligence/v1/rules/query?pxObjClass=Rule-HTML-Section&appliesTo=Rule-Obj-Corr&pyRuleName=OpenAuthoring&RequestClass=Rule-HTML-Section&RequestAppliesTo=Rule-Obj-Corr&RequestRuleName=OpenAuthoring Payload: "{\"RequestClass\":\"Rule-HTML-Section\",\"RequestAppliesTo\":\"Rule-Obj-Corr\",\"RequestRuleName\":\"OpenAuthoring\"}" => HTTP 200 (23695 bytes)
[PegaHttpClient] 📡 POST https://zdk8budo.pegaacademy.net/prweb/api/CodeIntelligence/v1/rules/query?pxObjClass=Rule-HTML-Section&appliesTo=Rule-Obj-Corr&pyRuleName=pyCustomHelp&RequestClass=Rule-HTML-Section&RequestAppliesTo=Rule-Obj-Corr&RequestRuleName=pyCustomHelp Payload: "{\"RequestClass\":\"Rule-HTML-Section\",\"RequestAppliesTo\":\"Rule-Obj-Corr\",\"RequestRuleName\":\"pyCustomHelp\"}" => HTTP 200 (17256 bytes)
[PegaHttpClient] 📡 POST https://zdk8budo.pegaacademy.net/prweb/api/CodeIntelligence/v1/rules/query?pxObjClass=Rule-HTML-Section&appliesTo=Rule-Obj-Corr&pyRuleName=pzRuleformMainInclude&RequestClass=Rule-HTML-Section&RequestAppliesTo=Rule-Obj-Corr&RequestRuleName=pzRuleformMainInclude Payload: "{\"RequestClass\":\"Rule-HTML-Section\",\"RequestAppliesTo\":\"Rule-Obj-Corr\",\"RequestRuleName\":\"pzRuleformMainInclude\"}" => HTTP 200 (22375 bytes)
[PegaHttpClient] 📡 POST https://zdk8budo.pegaacademy.net/prweb/api/CodeIntelligence/v1/rules/query?pxObjClass=Rule-HTML-Section&appliesTo=Rule-Obj-Corr&pyRuleName=pyAlternativeRuleFormStrategicAppExtension&RequestClass=Rule-HTML-Section&RequestAppliesTo=Rule-Obj-Corr&RequestRuleName=pyAlternativeRuleFormStrategicAppExtension Payload: "{\"RequestClass\":\"Rule-HTML-Section\",\"RequestAppliesTo\":\"Rule-Obj-Corr\",\"RequestRuleName\":\"pyAlternativeRuleFormStrategicAppExtension\"}" => HTTP 200 (25042 bytes)
[PegaHttpClient] 📡 POST https://zdk8budo.pegaacademy.net/prweb/api/CodeIntelligence/v1/rules/query?pxObjClass=Rule-HTML-Section&appliesTo=Rule-Obj-Corr&pyRuleName=pyAlternativeRuleFormExtension&RequestClass=Rule-HTML-Section&RequestAppliesTo=Rule-Obj-Corr&RequestRuleName=pyAlternativeRuleFormExtension Payload: "{\"RequestClass\":\"Rule-HTML-Section\",\"RequestAppliesTo\":\"Rule-Obj-Corr\",\"RequestRuleName\":\"pyAlternativeRuleFormExtension\"}" => HTTP 200 (24863 bytes)
[PegaHttpClient] 📡 POST https://zdk8budo.pegaacademy.net/prweb/api/CodeIntelligence/v1/rules/query?pxObjClass=Rule-HTML-Section&appliesTo=Rule-Obj-Corr&pyRuleName=RuleFormHeader&RequestClass=Rule-HTML-Section&RequestAppliesTo=Rule-Obj-Corr&RequestRuleName=RuleFormHeader Payload: "{\"RequestClass\":\"Rule-HTML-Section\",\"RequestAppliesTo\":\"Rule-Obj-Corr\",\"RequestRuleName\":\"RuleFormHeader\"}" => HTTP 200 (183800 bytes)
[PegaHttpClient] 📡 POST https://zdk8budo.pegaacademy.net/prweb/api/CodeIntelligence/v1/rules/query?pxObjClass=Rule-HTML-Section&appliesTo=Rule-Obj-Corr&pyRuleName=pzDelegationExperience&RequestClass=Rule-HTML-Section&RequestAppliesTo=Rule-Obj-Corr&RequestRuleName=pzDelegationExperience Payload: "{\"RequestClass\":\"Rule-HTML-Section\",\"RequestAppliesTo\":\"Rule-Obj-Corr\",\"RequestRuleName\":\"pzDelegationExperience\"}" => HTTP 404 (113 bytes)
[PegaHttpClient] 📡 POST https://zdk8budo.pegaacademy.net/prweb/PRRestService/CodeIntelligence/v1/rules/query?pxObjClass=Rule-HTML-Section&appliesTo=Rule-Obj-Corr&pyRuleName=pzDelegationExperience&RequestClass=Rule-HTML-Section&RequestAppliesTo=Rule-Obj-Corr&RequestRuleName=pzDelegationExperience Payload: "{\"RequestClass\":\"Rule-HTML-Section\",\"RequestAppliesTo\":\"Rule-Obj-Corr\",\"RequestRuleName\":\"pzDelegationExperience\"}" => HTTP 404 (113 bytes)
[PegaHttpClient] 📡 POST https://zdk8budo.pegaacademy.net/prweb/api/HRAppsV2Service/V1/rules/query?pxObjClass=Rule-HTML-Section&appliesTo=Rule-Obj-Corr&pyRuleName=pzDelegationExperience&RequestClass=Rule-HTML-Section&RequestAppliesTo=Rule-Obj-Corr&RequestRuleName=pzDelegationExperience Payload: "{\"RequestClass\":\"Rule-HTML-Section\",\"RequestAppliesTo\":\"Rule-Obj-Corr\",\"RequestRuleName\":\"pzDelegationExperience\"}" => HTTP 404 (18 bytes)
[PegaHttpClient] 📡 POST https://zdk8budo.pegaacademy.net/prweb/PRRestService/HRAppsV2Service/V1/rules/query?pxObjClass=Rule-HTML-Section&appliesTo=Rule-Obj-Corr&pyRuleName=pzDelegationExperience&RequestClass=Rule-HTML-Section&RequestAppliesTo=Rule-Obj-Corr&RequestRuleName=pzDelegationExperience Payload: "{\"RequestClass\":\"Rule-HTML-Section\",\"RequestAppliesTo\":\"Rule-Obj-Corr\",\"RequestRuleName\":\"pzDelegationExperience\"}" => HTTP 404 (18 bytes)
[PegaHttpClient] 📡 POST https://zdk8budo.pegaacademy.net/prweb/api/HRAppsV2/V1/rules/query?pxObjClass=Rule-HTML-Section&appliesTo=Rule-Obj-Corr&pyRuleName=pzDelegationExperience&RequestClass=Rule-HTML-Section&RequestAppliesTo=Rule-Obj-Corr&RequestRuleName=pzDelegationExperience Payload: "{\"RequestClass\":\"Rule-HTML-Section\",\"RequestAppliesTo\":\"Rule-Obj-Corr\",\"RequestRuleName\":\"pzDelegationExperience\"}" => HTTP 404 (18 bytes)
[PegaHttpClient] 📡 POST https://zdk8budo.pegaacademy.net/prweb/PRRestService/HRAppsV2/V1/rules/query?pxObjClass=Rule-HTML-Section&appliesTo=Rule-Obj-Corr&pyRuleName=pzDelegationExperience&RequestClass=Rule-HTML-Section&RequestAppliesTo=Rule-Obj-Corr&RequestRuleName=pzDelegationExperience Payload: "{\"RequestClass\":\"Rule-HTML-Section\",\"RequestAppliesTo\":\"Rule-Obj-Corr\",\"RequestRuleName\":\"pzDelegationExperience\"}" => HTTP 404 (18 bytes)
[PegaHttpClient] 📡 POST https://zdk8budo.pegaacademy.net/prweb/api/v1/rules/query?pxObjClass=Rule-HTML-Section&appliesTo=Rule-Obj-Corr&pyRuleName=pzDelegationExperience&RequestClass=Rule-HTML-Section&RequestAppliesTo=Rule-Obj-Corr&RequestRuleName=pzDelegationExperience Payload: "{\"RequestClass\":\"Rule-HTML-Section\",\"RequestAppliesTo\":\"Rule-Obj-Corr\",\"RequestRuleName\":\"pzDelegationExperience\"}" => HTTP 404 (18 bytes)
[PegaHttpClient] 📡 POST https://zdk8budo.pegaacademy.net/prweb/PRRestService/v1/rules/query?pxObjClass=Rule-HTML-Section&appliesTo=Rule-Obj-Corr&pyRuleName=pzDelegationExperience&RequestClass=Rule-HTML-Section&RequestAppliesTo=Rule-Obj-Corr&RequestRuleName=pzDelegationExperience Payload: "{\"RequestClass\":\"Rule-HTML-Section\",\"RequestAppliesTo\":\"Rule-Obj-Corr\",\"RequestRuleName\":\"pzDelegationExperience\"}" => HTTP 404 (18 bytes)
[PegaHttpClient] 📡 POST https://zdk8budo.pegaacademy.net/prweb/api/CodeIntelligence/v1/rules/query?pxObjClass=Rule-HTML-Section&appliesTo=Rule-Obj-Corr&pyRuleName=pzViewCorr&RequestClass=Rule-HTML-Section&RequestAppliesTo=Rule-Obj-Corr&RequestRuleName=pzViewCorr Payload: "{\"RequestClass\":\"Rule-HTML-Section\",\"RequestAppliesTo\":\"Rule-Obj-Corr\",\"RequestRuleName\":\"pzViewCorr\"}" => HTTP 200 (216033 bytes)
[PegaHttpClient] 📡 POST https://zdk8budo.pegaacademy.net/prweb/api/CodeIntelligence/v1/rules/query?pxObjClass=Rule-HTML-Section&appliesTo=Rule-Obj-Corr&pyRuleName=pzCustomHelp&RequestClass=Rule-HTML-Section&RequestAppliesTo=Rule-Obj-Corr&RequestRuleName=pzCustomHelp Payload: "{\"RequestClass\":\"Rule-HTML-Section\",\"RequestAppliesTo\":\"Rule-Obj-Corr\",\"RequestRuleName\":\"pzCustomHelp\"}" => HTTP 200 (31573 bytes)
[PegaHttpClient] 📡 POST https://zdk8budo.pegaacademy.net/prweb/api/CodeIntelligence/v1/rules/query?pxObjClass=Rule-HTML-Section&appliesTo=Rule-Obj-Corr&pyRuleName=pzRuleFormKeysAndDescription&RequestClass=Rule-HTML-Section&RequestAppliesTo=Rule-Obj-Corr&RequestRuleName=pzRuleFormKeysAndDescription Payload: "{\"RequestClass\":\"Rule-HTML-Section\",\"RequestAppliesTo\":\"Rule-Obj-Corr\",\"RequestRuleName\":\"pzRuleFormKeysAndDescription\"}" => HTTP 200 (218057 bytes)
[PegaHttpClient] 📡 POST https://zdk8budo.pegaacademy.net/prweb/api/CodeIntelligence/v1/rules/query?pxObjClass=Rule-HTML-Section&appliesTo=Rule-Obj-Corr&pyRuleName=pzRuleFormRuleset&RequestClass=Rule-HTML-Section&RequestAppliesTo=Rule-Obj-Corr&RequestRuleName=pzRuleFormRuleset Payload: "{\"RequestClass\":\"Rule-HTML-Section\",\"RequestAppliesTo\":\"Rule-Obj-Corr\",\"RequestRuleName\":\"pzRuleFormRuleset\"}" => HTTP 200 (33985 bytes)
[PegaHttpClient] 📡 POST https://zdk8budo.pegaacademy.net/prweb/api/CodeIntelligence/v1/rules/query?pxObjClass=Rule-HTML-Section&appliesTo=Rule-Obj-Corr&pyRuleName=undefined&RequestClass=Rule-HTML-Section&RequestAppliesTo=Rule-Obj-Corr&RequestRuleName=undefined Payload: "{\"RequestClass\":\"Rule-HTML-Section\",\"RequestAppliesTo\":\"Rule-Obj-Corr\",\"RequestRuleName\":\"undefined\"}" => HTTP 404 (100 bytes)
[PegaHttpClient] 📡 POST https://zdk8budo.pegaacademy.net/prweb/PRRestService/CodeIntelligence/v1/rules/query?pxObjClass=Rule-HTML-Section&appliesTo=Rule-Obj-Corr&pyRuleName=undefined&RequestClass=Rule-HTML-Section&RequestAppliesTo=Rule-Obj-Corr&RequestRuleName=undefined Payload: "{\"RequestClass\":\"Rule-HTML-Section\",\"RequestAppliesTo\":\"Rule-Obj-Corr\",\"RequestRuleName\":\"undefined\"}" => HTTP 404 (100 bytes)
[PegaHttpClient] 📡 POST https://zdk8budo.pegaacademy.net/prweb/api/HRAppsV2Service/V1/rules/query?pxObjClass=Rule-HTML-Section&appliesTo=Rule-Obj-Corr&pyRuleName=undefined&RequestClass=Rule-HTML-Section&RequestAppliesTo=Rule-Obj-Corr&RequestRuleName=undefined Payload: "{\"RequestClass\":\"Rule-HTML-Section\",\"RequestAppliesTo\":\"Rule-Obj-Corr\",\"RequestRuleName\":\"undefined\"}" => HTTP 404 (18 bytes)
[PegaHttpClient] 📡 POST https://zdk8budo.pegaacademy.net/prweb/PRRestService/HRAppsV2Service/V1/rules/query?pxObjClass=Rule-HTML-Section&appliesTo=Rule-Obj-Corr&pyRuleName=undefined&RequestClass=Rule-HTML-Section&RequestAppliesTo=Rule-Obj-Corr&RequestRuleName=undefined Payload: "{\"RequestClass\":\"Rule-HTML-Section\",\"RequestAppliesTo\":\"Rule-Obj-Corr\",\"RequestRuleName\":\"undefined\"}" => HTTP 404 (18 bytes)
[PegaHttpClient] 📡 POST https://zdk8budo.pegaacademy.net/prweb/api/HRAppsV2/V1/rules/query?pxObjClass=Rule-HTML-Section&appliesTo=Rule-Obj-Corr&pyRuleName=undefined&RequestClass=Rule-HTML-Section&RequestAppliesTo=Rule-Obj-Corr&RequestRuleName=undefined Payload: "{\"RequestClass\":\"Rule-HTML-Section\",\"RequestAppliesTo\":\"Rule-Obj-Corr\",\"RequestRuleName\":\"undefined\"}" => HTTP 404 (18 bytes)
[PegaHttpClient] 📡 POST https://zdk8budo.pegaacademy.net/prweb/PRRestService/HRAppsV2/V1/rules/query?pxObjClass=Rule-HTML-Section&appliesTo=Rule-Obj-Corr&pyRuleName=undefined&RequestClass=Rule-HTML-Section&RequestAppliesTo=Rule-Obj-Corr&RequestRuleName=undefined Payload: "{\"RequestClass\":\"Rule-HTML-Section\",\"RequestAppliesTo\":\"Rule-Obj-Corr\",\"RequestRuleName\":\"undefined\"}" => HTTP 404 (18 bytes)
[PegaHttpClient] 📡 POST https://zdk8budo.pegaacademy.net/prweb/api/v1/rules/query?pxObjClass=Rule-HTML-Section&appliesTo=Rule-Obj-Corr&pyRuleName=undefined&RequestClass=Rule-HTML-Section&RequestAppliesTo=Rule-Obj-Corr&RequestRuleName=undefined Payload: "{\"RequestClass\":\"Rule-HTML-Section\",\"RequestAppliesTo\":\"Rule-Obj-Corr\",\"RequestRuleName\":\"undefined\"}" => HTTP 404 (18 bytes)
[PegaHttpClient] 📡 POST https://zdk8budo.pegaacademy.net/prweb/PRRestService/v1/rules/query?pxObjClass=Rule-HTML-Section&appliesTo=Rule-Obj-Corr&pyRuleName=undefined&RequestClass=Rule-HTML-Section&RequestAppliesTo=Rule-Obj-Corr&RequestRuleName=undefined Payload: "{\"RequestClass\":\"Rule-HTML-Section\",\"RequestAppliesTo\":\"Rule-Obj-Corr\",\"RequestRuleName\":\"undefined\"}" => HTTP 404 (18 bytes)
[PegaHttpClient] 📡 POST https://zdk8budo.pegaacademy.net/prweb/api/CodeIntelligence/v1/rules/query?pxObjClass=Rule-HTML-Section&appliesTo=Rule-Obj-Corr&pyRuleName=pzRuleFormToolbar&RequestClass=Rule-HTML-Section&RequestAppliesTo=Rule-Obj-Corr&RequestRuleName=pzRuleFormToolbar Payload: "{\"RequestClass\":\"Rule-HTML-Section\",\"RequestAppliesTo\":\"Rule-Obj-Corr\",\"RequestRuleName\":\"pzRuleFormToolbar\"}" => HTTP 200 (242691 bytes)
[PegaHttpClient] 📡 POST https://zdk8budo.pegaacademy.net/prweb/api/CodeIntelligence/v1/rules/query?pxObjClass=Rule-HTML-Section&appliesTo=Rule-Obj-Corr&pyRuleName=pzRuleFormToolbarCompare&RequestClass=Rule-HTML-Section&RequestAppliesTo=Rule-Obj-Corr&RequestRuleName=pzRuleFormToolbarCompare Payload: "{\"RequestClass\":\"Rule-HTML-Section\",\"RequestAppliesTo\":\"Rule-Obj-Corr\",\"RequestRuleName\":\"pzRuleFormToolbarCompare\"}" => HTTP 200 (61925 bytes)
[PegaHttpClient] 📡 POST https://zdk8budo.pegaacademy.net/prweb/api/CodeIntelligence/v1/rules/query?pxObjClass=Rule-HTML-Section&appliesTo=Rule-Obj-Corr&pyRuleName=RuleFormHeaderMessages&RequestClass=Rule-HTML-Section&RequestAppliesTo=Rule-Obj-Corr&RequestRuleName=RuleFormHeaderMessages Payload: "{\"RequestClass\":\"Rule-HTML-Section\",\"RequestAppliesTo\":\"Rule-Obj-Corr\",\"RequestRuleName\":\"RuleFormHeaderMessages\"}" => HTTP 200 (26518 bytes)
[PegaHttpClient] 📡 POST https://zdk8budo.pegaacademy.net/prweb/api/CodeIntelligence/v1/rules/query?pxObjClass=Rule-HTML-Section&appliesTo=Rule-Obj-Corr&pyRuleName=pzSwitchEmailViewMode&RequestClass=Rule-HTML-Section&RequestAppliesTo=Rule-Obj-Corr&RequestRuleName=pzSwitchEmailViewMode Payload: "{\"RequestClass\":\"Rule-HTML-Section\",\"RequestAppliesTo\":\"Rule-Obj-Corr\",\"RequestRuleName\":\"pzSwitchEmailViewMode\"}" => HTTP 200 (22054 bytes)
[PegaHttpClient] 📡 POST https://zdk8budo.pegaacademy.net/prweb/api/CodeIntelligence/v1/rules/query?pxObjClass=Rule-HTML-Section&appliesTo=Rule-Obj-Corr&pyRuleName=pzCorrespondenceWrapper&RequestClass=Rule-HTML-Section&RequestAppliesTo=Rule-Obj-Corr&RequestRuleName=pzCorrespondenceWrapper Payload: "{\"RequestClass\":\"Rule-HTML-Section\",\"RequestAppliesTo\":\"Rule-Obj-Corr\",\"RequestRuleName\":\"pzCorrespondenceWrapper\"}" => HTTP 200 (47320 bytes)
[PegaHttpClient] 📡 POST https://zdk8budo.pegaacademy.net/prweb/api/CodeIntelligence/v1/rules/query?pxObjClass=Rule-HTML-Section&appliesTo=Rule-Obj-Corr&pyRuleName=RuleFormCorrPrinter&RequestClass=Rule-HTML-Section&RequestAppliesTo=Rule-Obj-Corr&RequestRuleName=RuleFormCorrPrinter Payload: "{\"RequestClass\":\"Rule-HTML-Section\",\"RequestAppliesTo\":\"Rule-Obj-Corr\",\"RequestRuleName\":\"RuleFormCorrPrinter\"}" => HTTP 200 (52164 bytes)
[PegaHttpClient] 📡 POST https://zdk8budo.pegaacademy.net/prweb/api/CodeIntelligence/v1/rules/query?pxObjClass=Rule-HTML-Section&appliesTo=Rule-Obj-Corr&pyRuleName=pzSpecifications&RequestClass=Rule-HTML-Section&RequestAppliesTo=Rule-Obj-Corr&RequestRuleName=pzSpecifications Payload: "{\"RequestClass\":\"Rule-HTML-Section\",\"RequestAppliesTo\":\"Rule-Obj-Corr\",\"RequestRuleName\":\"pzSpecifications\"}" => HTTP 200 (16577 bytes)
[PegaHttpClient] 📡 POST https://zdk8budo.pegaacademy.net/prweb/api/CodeIntelligence/v1/rules/query?pxObjClass=Rule-HTML-Section&appliesTo=Rule-Obj-Corr&pyRuleName=RuleFormHistory&RequestClass=Rule-HTML-Section&RequestAppliesTo=Rule-Obj-Corr&RequestRuleName=RuleFormHistory Payload: "{\"RequestClass\":\"Rule-HTML-Section\",\"RequestAppliesTo\":\"Rule-Obj-Corr\",\"RequestRuleName\":\"RuleFormHistory\"}" => HTTP 200 (76091 bytes)
[PegaHttpClient] 📡 POST https://zdk8budo.pegaacademy.net/prweb/api/CodeIntelligence/v1/rules/query?pxObjClass=Rule-HTML-Section&appliesTo=Rule-Obj-Corr&pyRuleName=pzRuleFormStatus&RequestClass=Rule-HTML-Section&RequestAppliesTo=Rule-Obj-Corr&RequestRuleName=pzRuleFormStatus Payload: "{\"RequestClass\":\"Rule-HTML-Section\",\"RequestAppliesTo\":\"Rule-Obj-Corr\",\"RequestRuleName\":\"pzRuleFormStatus\"}" => HTTP 200 (97627 bytes)
[PegaHttpClient] 📡 POST https://zdk8budo.pegaacademy.net/prweb/api/CodeIntelligence/v1/rules/query?pxObjClass=Rule-HTML-Section&appliesTo=Rule-Obj-Corr&pyRuleName=pzRuleFormHeaderCompareWithDropDown&RequestClass=Rule-HTML-Section&RequestAppliesTo=Rule-Obj-Corr&RequestRuleName=pzRuleFormHeaderCompareWithDropDown Payload: "{\"RequestClass\":\"Rule-HTML-Section\",\"RequestAppliesTo\":\"Rule-Obj-Corr\",\"RequestRuleName\":\"pzRuleFormHeaderCompareWithDropDown\"}" => HTTP 200 (25396 bytes)
[PegaHttpClient] 📡 POST https://zdk8budo.pegaacademy.net/prweb/api/CodeIntelligence/v1/rules/query?pxObjClass=Rule-HTML-Section&appliesTo=Rule-Obj-Corr&pyRuleName=undefined&RequestClass=Rule-HTML-Section&RequestAppliesTo=Rule-Obj-Corr&RequestRuleName=undefined Payload: "{\"RequestClass\":\"Rule-HTML-Section\",\"RequestAppliesTo\":\"Rule-Obj-Corr\",\"RequestRuleName\":\"undefined\"}" => HTTP 404 (100 bytes)
[PegaHttpClient] 📡 POST https://zdk8budo.pegaacademy.net/prweb/PRRestService/CodeIntelligence/v1/rules/query?pxObjClass=Rule-HTML-Section&appliesTo=Rule-Obj-Corr&pyRuleName=undefined&RequestClass=Rule-HTML-Section&RequestAppliesTo=Rule-Obj-Corr&RequestRuleName=undefined Payload: "{\"RequestClass\":\"Rule-HTML-Section\",\"RequestAppliesTo\":\"Rule-Obj-Corr\",\"RequestRuleName\":\"undefined\"}" => HTTP 404 (100 bytes)
[PegaHttpClient] 📡 POST https://zdk8budo.pegaacademy.net/prweb/api/HRAppsV2Service/V1/rules/query?pxObjClass=Rule-HTML-Section&appliesTo=Rule-Obj-Corr&pyRuleName=undefined&RequestClass=Rule-HTML-Section&RequestAppliesTo=Rule-Obj-Corr&RequestRuleName=undefined Payload: "{\"RequestClass\":\"Rule-HTML-Section\",\"RequestAppliesTo\":\"Rule-Obj-Corr\",\"RequestRuleName\":\"undefined\"}" => HTTP 404 (18 bytes)
[PegaHttpClient] 📡 POST https://zdk8budo.pegaacademy.net/prweb/PRRestService/HRAppsV2Service/V1/rules/query?pxObjClass=Rule-HTML-Section&appliesTo=Rule-Obj-Corr&pyRuleName=undefined&RequestClass=Rule-HTML-Section&RequestAppliesTo=Rule-Obj-Corr&RequestRuleName=undefined Payload: "{\"RequestClass\":\"Rule-HTML-Section\",\"RequestAppliesTo\":\"Rule-Obj-Corr\",\"RequestRuleName\":\"undefined\"}" => HTTP 404 (18 bytes)
[PegaHttpClient] 📡 POST https://zdk8budo.pegaacademy.net/prweb/api/HRAppsV2/V1/rules/query?pxObjClass=Rule-HTML-Section&appliesTo=Rule-Obj-Corr&pyRuleName=undefined&RequestClass=Rule-HTML-Section&RequestAppliesTo=Rule-Obj-Corr&RequestRuleName=undefined Payload: "{\"RequestClass\":\"Rule-HTML-Section\",\"RequestAppliesTo\":\"Rule-Obj-Corr\",\"RequestRuleName\":\"undefined\"}" => HTTP 404 (18 bytes)
[PegaHttpClient] 📡 POST https://zdk8budo.pegaacademy.net/prweb/PRRestService/HRAppsV2/V1/rules/query?pxObjClass=Rule-HTML-Section&appliesTo=Rule-Obj-Corr&pyRuleName=undefined&RequestClass=Rule-HTML-Section&RequestAppliesTo=Rule-Obj-Corr&RequestRuleName=undefined Payload: "{\"RequestClass\":\"Rule-HTML-Section\",\"RequestAppliesTo\":\"Rule-Obj-Corr\",\"RequestRuleName\":\"undefined\"}" => HTTP 404 (18 bytes)
[PegaHttpClient] 📡 POST https://zdk8budo.pegaacademy.net/prweb/api/v1/rules/query?pxObjClass=Rule-HTML-Section&appliesTo=Rule-Obj-Corr&pyRuleName=undefined&RequestClass=Rule-HTML-Section&RequestAppliesTo=Rule-Obj-Corr&RequestRuleName=undefined Payload: "{\"RequestClass\":\"Rule-HTML-Section\",\"RequestAppliesTo\":\"Rule-Obj-Corr\",\"RequestRuleName\":\"undefined\"}" => HTTP 404 (18 bytes)
[PegaHttpClient] 📡 POST https://zdk8budo.pegaacademy.net/prweb/PRRestService/v1/rules/query?pxObjClass=Rule-HTML-Section&appliesTo=Rule-Obj-Corr&pyRuleName=undefined&RequestClass=Rule-HTML-Section&RequestAppliesTo=Rule-Obj-Corr&RequestRuleName=undefined Payload: "{\"RequestClass\":\"Rule-HTML-Section\",\"RequestAppliesTo\":\"Rule-Obj-Corr\",\"RequestRuleName\":\"undefined\"}" => HTTP 404 (18 bytes)
[PegaHttpClient] 📡 POST https://zdk8budo.pegaacademy.net/prweb/api/CodeIntelligence/v1/rules/query?pxObjClass=Rule-HTML-Section&appliesTo=Rule-Obj-Corr&pyRuleName=pzRuleFormToolbarHotKeys&RequestClass=Rule-HTML-Section&RequestAppliesTo=Rule-Obj-Corr&RequestRuleName=pzRuleFormToolbarHotKeys Payload: "{\"RequestClass\":\"Rule-HTML-Section\",\"RequestAppliesTo\":\"Rule-Obj-Corr\",\"RequestRuleName\":\"pzRuleFormToolbarHotKeys\"}" => HTTP 200 (85058 bytes)
[PegaHttpClient] 📡 POST https://zdk8budo.pegaacademy.net/prweb/api/CodeIntelligence/v1/rules/query?pxObjClass=Rule-HTML-Section&appliesTo=Rule-Obj-Corr&pyRuleName=pzRuleFormToolbarLockedIcon&RequestClass=Rule-HTML-Section&RequestAppliesTo=Rule-Obj-Corr&RequestRuleName=pzRuleFormToolbarLockedIcon Payload: "{\"RequestClass\":\"Rule-HTML-Section\",\"RequestAppliesTo\":\"Rule-Obj-Corr\",\"RequestRuleName\":\"pzRuleFormToolbarLockedIcon\"}" => HTTP 200 (24898 bytes)
[PegaHttpClient] 📡 POST https://zdk8budo.pegaacademy.net/prweb/api/CodeIntelligence/v1/rules/query?pxObjClass=Rule-HTML-Section&appliesTo=Rule-Obj-Corr&pyRuleName=pzRuleFormToolbarCollaborators&RequestClass=Rule-HTML-Section&RequestAppliesTo=Rule-Obj-Corr&RequestRuleName=pzRuleFormToolbarCollaborators Payload: "{\"RequestClass\":\"Rule-HTML-Section\",\"RequestAppliesTo\":\"Rule-Obj-Corr\",\"RequestRuleName\":\"pzRuleFormToolbarCollaborators\"}" => HTTP 200 (15254 bytes)
[PegaHttpClient] 📡 POST https://zdk8budo.pegaacademy.net/prweb/api/CodeIntelligence/v1/rules/query?pxObjClass=Rule-HTML-Section&appliesTo=Rule-Obj-Corr&pyRuleName=pzRuleFormToolbarSaveAs&RequestClass=Rule-HTML-Section&RequestAppliesTo=Rule-Obj-Corr&RequestRuleName=pzRuleFormToolbarSaveAs Payload: "{\"RequestClass\":\"Rule-HTML-Section\",\"RequestAppliesTo\":\"Rule-Obj-Corr\",\"RequestRuleName\":\"pzRuleFormToolbarSaveAs\"}" => HTTP 200 (64084 bytes)
[PegaHttpClient] 📡 POST https://zdk8budo.pegaacademy.net/prweb/api/CodeIntelligence/v1/rules/query?pxObjClass=Rule-HTML-Section&appliesTo=Rule-Obj-Corr&pyRuleName=pzRuleFormToolbarCheckin&RequestClass=Rule-HTML-Section&RequestAppliesTo=Rule-Obj-Corr&RequestRuleName=pzRuleFormToolbarCheckin Payload: "{\"RequestClass\":\"Rule-HTML-Section\",\"RequestAppliesTo\":\"Rule-Obj-Corr\",\"RequestRuleName\":\"pzRuleFormToolbarCheckin\"}" => HTTP 200 (119096 bytes)
[PegaHttpClient] 📡 POST https://zdk8budo.pegaacademy.net/prweb/api/CodeIntelligence/v1/rules/query?pxObjClass=Rule-HTML-Section&appliesTo=Rule-Obj-Corr&pyRuleName=pzRuleFormToolbarDelete&RequestClass=Rule-HTML-Section&RequestAppliesTo=Rule-Obj-Corr&RequestRuleName=pzRuleFormToolbarDelete Payload: "{\"RequestClass\":\"Rule-HTML-Section\",\"RequestAppliesTo\":\"Rule-Obj-Corr\",\"RequestRuleName\":\"pzRuleFormToolbarDelete\"}" => HTTP 200 (30249 bytes)
[PegaHttpClient] 📡 POST https://zdk8budo.pegaacademy.net/prweb/api/CodeIntelligence/v1/rules/query?pxObjClass=Rule-HTML-Section&appliesTo=Rule-Obj-Corr&pyRuleName=pzRuleFormToolbarSave&RequestClass=Rule-HTML-Section&RequestAppliesTo=Rule-Obj-Corr&RequestRuleName=pzRuleFormToolbarSave Payload: "{\"RequestClass\":\"Rule-HTML-Section\",\"RequestAppliesTo\":\"Rule-Obj-Corr\",\"RequestRuleName\":\"pzRuleFormToolbarSave\"}" => HTTP 200 (293885 bytes)
[PegaHttpClient] 📡 POST https://zdk8budo.pegaacademy.net/prweb/api/CodeIntelligence/v1/rules/query?pxObjClass=Rule-HTML-Section&appliesTo=Rule-Obj-Corr&pyRuleName=pzRuleFormToolbarCheckout&RequestClass=Rule-HTML-Section&RequestAppliesTo=Rule-Obj-Corr&RequestRuleName=pzRuleFormToolbarCheckout Payload: "{\"RequestClass\":\"Rule-HTML-Section\",\"RequestAppliesTo\":\"Rule-Obj-Corr\",\"RequestRuleName\":\"pzRuleFormToolbarCheckout\"}" => HTTP 200 (238148 bytes)
[PegaHttpClient] 📡 POST https://zdk8budo.pegaacademy.net/prweb/api/CodeIntelligence/v1/rules/query?pxObjClass=Rule-HTML-Section&appliesTo=Rule-Obj-Corr&pyRuleName=pzRemoveErrorsDataPage&RequestClass=Rule-HTML-Section&RequestAppliesTo=Rule-Obj-Corr&RequestRuleName=pzRemoveErrorsDataPage Payload: "{\"RequestClass\":\"Rule-HTML-Section\",\"RequestAppliesTo\":\"Rule-Obj-Corr\",\"RequestRuleName\":\"pzRemoveErrorsDataPage\"}" => HTTP 200 (16733 bytes)
[PegaHttpClient] 📡 POST https://zdk8budo.pegaacademy.net/prweb/api/CodeIntelligence/v1/rules/query?pxObjClass=Rule-HTML-Section&appliesTo=Rule-Obj-Corr&pyRuleName=pzRuleFormHeaderMessagesWrapper&RequestClass=Rule-HTML-Section&RequestAppliesTo=Rule-Obj-Corr&RequestRuleName=pzRuleFormHeaderMessagesWrapper Payload: "{\"RequestClass\":\"Rule-HTML-Section\",\"RequestAppliesTo\":\"Rule-Obj-Corr\",\"RequestRuleName\":\"pzRuleFormHeaderMessagesWrapper\"}" => HTTP 200 (16981 bytes)
[PegaHttpClient] 📡 POST https://zdk8budo.pegaacademy.net/prweb/api/CodeIntelligence/v1/rules/query?pxObjClass=Rule-HTML-Section&appliesTo=Rule-Obj-Corr&pyRuleName=pzEmailEditor&RequestClass=Rule-HTML-Section&RequestAppliesTo=Rule-Obj-Corr&RequestRuleName=pzEmailEditor Payload: "{\"RequestClass\":\"Rule-HTML-Section\",\"RequestAppliesTo\":\"Rule-Obj-Corr\",\"RequestRuleName\":\"pzEmailEditor\"}" => HTTP 200 (179588 bytes)
[PegaHttpClient] 📡 POST https://zdk8budo.pegaacademy.net/prweb/api/CodeIntelligence/v1/rules/query?pxObjClass=Rule-HTML-Section&appliesTo=Rule-Obj-Corr&pyRuleName=pzSpecificationsInner&RequestClass=Rule-HTML-Section&RequestAppliesTo=Rule-Obj-Corr&RequestRuleName=pzSpecificationsInner Payload: "{\"RequestClass\":\"Rule-HTML-Section\",\"RequestAppliesTo\":\"Rule-Obj-Corr\",\"RequestRuleName\":\"pzSpecificationsInner\"}" => HTTP 200 (142370 bytes)
[PegaHttpClient] 📡 POST https://zdk8budo.pegaacademy.net/prweb/api/CodeIntelligence/v1/rules/query?pxObjClass=Rule-HTML-Section&appliesTo=Rule-Obj-Corr&pyRuleName=pzAlternateRuleInfo&RequestClass=Rule-HTML-Section&RequestAppliesTo=Rule-Obj-Corr&RequestRuleName=pzAlternateRuleInfo Payload: "{\"RequestClass\":\"Rule-HTML-Section\",\"RequestAppliesTo\":\"Rule-Obj-Corr\",\"RequestRuleName\":\"pzAlternateRuleInfo\"}" => HTTP 200 (140407 bytes)
[PegaHttpClient] 📡 POST https://zdk8budo.pegaacademy.net/prweb/api/CodeIntelligence/v1/rules/query?pxObjClass=Rule-HTML-Section&appliesTo=Rule-Obj-Corr&pyRuleName=RuleFormHistory_Description&RequestClass=Rule-HTML-Section&RequestAppliesTo=Rule-Obj-Corr&RequestRuleName=RuleFormHistory_Description Payload: "{\"RequestClass\":\"Rule-HTML-Section\",\"RequestAppliesTo\":\"Rule-Obj-Corr\",\"RequestRuleName\":\"RuleFormHistory_Description\"}" => HTTP 200 (46242 bytes)
[PegaHttpClient] 📡 POST https://zdk8budo.pegaacademy.net/prweb/api/CodeIntelligence/v1/rules/query?pxObjClass=Rule-HTML-Section&appliesTo=Rule-Obj-Corr&pyRuleName=RuleFormHistory_CustomFields&RequestClass=Rule-HTML-Section&RequestAppliesTo=Rule-Obj-Corr&RequestRuleName=RuleFormHistory_CustomFields Payload: "{\"RequestClass\":\"Rule-HTML-Section\",\"RequestAppliesTo\":\"Rule-Obj-Corr\",\"RequestRuleName\":\"RuleFormHistory_CustomFields\"}" => HTTP 200 (75856 bytes)
[PegaHttpClient] 📡 POST https://zdk8budo.pegaacademy.net/prweb/api/CodeIntelligence/v1/rules/query?pxObjClass=Rule-HTML-Section&appliesTo=Rule-Obj-Corr&pyRuleName=RuleFormHistory_HistoryDetails&RequestClass=Rule-HTML-Section&RequestAppliesTo=Rule-Obj-Corr&RequestRuleName=RuleFormHistory_HistoryDetails Payload: "{\"RequestClass\":\"Rule-HTML-Section\",\"RequestAppliesTo\":\"Rule-Obj-Corr\",\"RequestRuleName\":\"RuleFormHistory_HistoryDetails\"}" => HTTP 200 (179535 bytes)
[PegaHttpClient] 📡 POST https://zdk8budo.pegaacademy.net/prweb/api/CodeIntelligence/v1/rules/query?pxObjClass=Rule-HTML-Section&appliesTo=Rule-Obj-Corr&pyRuleName=pxDisplayCollaborators&RequestClass=Rule-HTML-Section&RequestAppliesTo=Rule-Obj-Corr&RequestRuleName=pxDisplayCollaborators Payload: "{\"RequestClass\":\"Rule-HTML-Section\",\"RequestAppliesTo\":\"Rule-Obj-Corr\",\"RequestRuleName\":\"pxDisplayCollaborators\"}" => HTTP 200 (94171 bytes)
[PegaHttpClient] 📡 POST https://zdk8budo.pegaacademy.net/prweb/api/CodeIntelligence/v1/rules/query?pxObjClass=Rule-HTML-Section&appliesTo=Rule-Obj-Corr&pyRuleName=pzRuleFormToolbarDeleteCheckOut&RequestClass=Rule-HTML-Section&RequestAppliesTo=Rule-Obj-Corr&RequestRuleName=pzRuleFormToolbarDeleteCheckOut Payload: "{\"RequestClass\":\"Rule-HTML-Section\",\"RequestAppliesTo\":\"Rule-Obj-Corr\",\"RequestRuleName\":\"pzRuleFormToolbarDeleteCheckOut\"}" => HTTP 200 (29433 bytes)
[PegaHttpClient] 📡 POST https://zdk8budo.pegaacademy.net/prweb/api/CodeIntelligence/v1/rules/query?pxObjClass=Rule-HTML-Section&appliesTo=Rule-Obj-Corr&pyRuleName=pzRuleFormToolbarDeleteRule&RequestClass=Rule-HTML-Section&RequestAppliesTo=Rule-Obj-Corr&RequestRuleName=pzRuleFormToolbarDeleteRule Payload: "{\"RequestClass\":\"Rule-HTML-Section\",\"RequestAppliesTo\":\"Rule-Obj-Corr\",\"RequestRuleName\":\"pzRuleFormToolbarDeleteRule\"}" => HTTP 200 (32314 bytes)
[PegaHttpClient] 📡 POST https://zdk8budo.pegaacademy.net/prweb/api/CodeIntelligence/v1/rules/query?pxObjClass=Rule-HTML-Section&appliesTo=Rule-Obj-Corr&pyRuleName=pzEmailEditorScripts&RequestClass=Rule-HTML-Section&RequestAppliesTo=Rule-Obj-Corr&RequestRuleName=pzEmailEditorScripts Payload: "{\"RequestClass\":\"Rule-HTML-Section\",\"RequestAppliesTo\":\"Rule-Obj-Corr\",\"RequestRuleName\":\"pzEmailEditorScripts\"}" => HTTP 200 (18141 bytes)
[PegaHttpClient] 📡 POST https://zdk8budo.pegaacademy.net/prweb/api/CodeIntelligence/v1/rules/query?pxObjClass=Rule-HTML-Section&appliesTo=Rule-Obj-Corr&pyRuleName=pzEmailEditorActionButtons&RequestClass=Rule-HTML-Section&RequestAppliesTo=Rule-Obj-Corr&RequestRuleName=pzEmailEditorActionButtons Payload: "{\"RequestClass\":\"Rule-HTML-Section\",\"RequestAppliesTo\":\"Rule-Obj-Corr\",\"RequestRuleName\":\"pzEmailEditorActionButtons\"}" => HTTP 200 (44570 bytes)
[PegaHttpClient] 📡 POST https://zdk8budo.pegaacademy.net/prweb/api/CodeIntelligence/v1/rules/query?pxObjClass=Rule-HTML-Section&appliesTo=Rule-Obj-Corr&pyRuleName=pzEmailEditorPreviewArea&RequestClass=Rule-HTML-Section&RequestAppliesTo=Rule-Obj-Corr&RequestRuleName=pzEmailEditorPreviewArea Payload: "{\"RequestClass\":\"Rule-HTML-Section\",\"RequestAppliesTo\":\"Rule-Obj-Corr\",\"RequestRuleName\":\"pzEmailEditorPreviewArea\"}" => HTTP 200 (19518 bytes)
[PegaHttpClient] 📡 POST https://zdk8budo.pegaacademy.net/prweb/api/CodeIntelligence/v1/rules/query?pxObjClass=Rule-HTML-Section&appliesTo=Rule-Obj-Corr&pyRuleName=pzRegionPanel&RequestClass=Rule-HTML-Section&RequestAppliesTo=Rule-Obj-Corr&RequestRuleName=pzRegionPanel Payload: "{\"RequestClass\":\"Rule-HTML-Section\",\"RequestAppliesTo\":\"Rule-Obj-Corr\",\"RequestRuleName\":\"pzRegionPanel\"}" => HTTP 200 (65605 bytes)
[PegaHttpClient] 📡 POST https://zdk8budo.pegaacademy.net/prweb/api/CodeIntelligence/v1/rules/query?pxObjClass=Rule-HTML-Section&appliesTo=Rule-Obj-Corr&pyRuleName=pzSpecificationName&RequestClass=Rule-HTML-Section&RequestAppliesTo=Rule-Obj-Corr&RequestRuleName=pzSpecificationName Payload: "{\"RequestClass\":\"Rule-HTML-Section\",\"RequestAppliesTo\":\"Rule-Obj-Corr\",\"RequestRuleName\":\"pzSpecificationName\"}" => HTTP 404 (110 bytes)
[PegaHttpClient] 📡 POST https://zdk8budo.pegaacademy.net/prweb/PRRestService/CodeIntelligence/v1/rules/query?pxObjClass=Rule-HTML-Section&appliesTo=Rule-Obj-Corr&pyRuleName=pzSpecificationName&RequestClass=Rule-HTML-Section&RequestAppliesTo=Rule-Obj-Corr&RequestRuleName=pzSpecificationName Payload: "{\"RequestClass\":\"Rule-HTML-Section\",\"RequestAppliesTo\":\"Rule-Obj-Corr\",\"RequestRuleName\":\"pzSpecificationName\"}" => HTTP 404 (110 bytes)
[PegaHttpClient] 📡 POST https://zdk8budo.pegaacademy.net/prweb/api/HRAppsV2Service/V1/rules/query?pxObjClass=Rule-HTML-Section&appliesTo=Rule-Obj-Corr&pyRuleName=pzSpecificationName&RequestClass=Rule-HTML-Section&RequestAppliesTo=Rule-Obj-Corr&RequestRuleName=pzSpecificationName Payload: "{\"RequestClass\":\"Rule-HTML-Section\",\"RequestAppliesTo\":\"Rule-Obj-Corr\",\"RequestRuleName\":\"pzSpecificationName\"}" => HTTP 404 (18 bytes)
[PegaHttpClient] 📡 POST https://zdk8budo.pegaacademy.net/prweb/PRRestService/HRAppsV2Service/V1/rules/query?pxObjClass=Rule-HTML-Section&appliesTo=Rule-Obj-Corr&pyRuleName=pzSpecificationName&RequestClass=Rule-HTML-Section&RequestAppliesTo=Rule-Obj-Corr&RequestRuleName=pzSpecificationName Payload: "{\"RequestClass\":\"Rule-HTML-Section\",\"RequestAppliesTo\":\"Rule-Obj-Corr\",\"RequestRuleName\":\"pzSpecificationName\"}" => HTTP 404 (18 bytes)
[PegaHttpClient] 📡 POST https://zdk8budo.pegaacademy.net/prweb/api/HRAppsV2/V1/rules/query?pxObjClass=Rule-HTML-Section&appliesTo=Rule-Obj-Corr&pyRuleName=pzSpecificationName&RequestClass=Rule-HTML-Section&RequestAppliesTo=Rule-Obj-Corr&RequestRuleName=pzSpecificationName Payload: "{\"RequestClass\":\"Rule-HTML-Section\",\"RequestAppliesTo\":\"Rule-Obj-Corr\",\"RequestRuleName\":\"pzSpecificationName\"}" => HTTP 404 (18 bytes)
[PegaHttpClient] 📡 POST https://zdk8budo.pegaacademy.net/prweb/PRRestService/HRAppsV2/V1/rules/query?pxObjClass=Rule-HTML-Section&appliesTo=Rule-Obj-Corr&pyRuleName=pzSpecificationName&RequestClass=Rule-HTML-Section&RequestAppliesTo=Rule-Obj-Corr&RequestRuleName=pzSpecificationName Payload: "{\"RequestClass\":\"Rule-HTML-Section\",\"RequestAppliesTo\":\"Rule-Obj-Corr\",\"RequestRuleName\":\"pzSpecificationName\"}" => HTTP 404 (18 bytes)
[PegaHttpClient] 📡 POST https://zdk8budo.pegaacademy.net/prweb/api/v1/rules/query?pxObjClass=Rule-HTML-Section&appliesTo=Rule-Obj-Corr&pyRuleName=pzSpecificationName&RequestClass=Rule-HTML-Section&RequestAppliesTo=Rule-Obj-Corr&RequestRuleName=pzSpecificationName Payload: "{\"RequestClass\":\"Rule-HTML-Section\",\"RequestAppliesTo\":\"Rule-Obj-Corr\",\"RequestRuleName\":\"pzSpecificationName\"}" => HTTP 404 (18 bytes)
[PegaHttpClient] 📡 POST https://zdk8budo.pegaacademy.net/prweb/PRRestService/v1/rules/query?pxObjClass=Rule-HTML-Section&appliesTo=Rule-Obj-Corr&pyRuleName=pzSpecificationName&RequestClass=Rule-HTML-Section&RequestAppliesTo=Rule-Obj-Corr&RequestRuleName=pzSpecificationName Payload: "{\"RequestClass\":\"Rule-HTML-Section\",\"RequestAppliesTo\":\"Rule-Obj-Corr\",\"RequestRuleName\":\"pzSpecificationName\"}" => HTTP 404 (18 bytes)
[PegaHttpClient] 📡 POST https://zdk8budo.pegaacademy.net/prweb/api/CodeIntelligence/v1/rules/query?pxObjClass=Rule-HTML-Section&appliesTo=Rule-Obj-Corr&pyRuleName=pzScm_RuleHistory&RequestClass=Rule-HTML-Section&RequestAppliesTo=Rule-Obj-Corr&RequestRuleName=pzScm_RuleHistory Payload: "{\"RequestClass\":\"Rule-HTML-Section\",\"RequestAppliesTo\":\"Rule-Obj-Corr\",\"RequestRuleName\":\"pzScm_RuleHistory\"}" => HTTP 200 (14682 bytes)
[PegaHttpClient] 📡 POST https://zdk8budo.pegaacademy.net/prweb/api/CodeIntelligence/v1/rules/query?pxObjClass=Rule-HTML-Section&appliesTo=Rule-Obj-Corr&pyRuleName=pzLoadCollaborationScripts&RequestClass=Rule-HTML-Section&RequestAppliesTo=Rule-Obj-Corr&RequestRuleName=pzLoadCollaborationScripts Payload: "{\"RequestClass\":\"Rule-HTML-Section\",\"RequestAppliesTo\":\"Rule-Obj-Corr\",\"RequestRuleName\":\"pzLoadCollaborationScripts\"}" => HTTP 200 (23453 bytes)
[PegaHttpClient] 📡 POST https://zdk8budo.pegaacademy.net/prweb/api/CodeIntelligence/v1/rules/query?pxObjClass=Rule-HTML-Section&appliesTo=Rule-Obj-Corr&pyRuleName=pzDisplayCollaboratorsList&RequestClass=Rule-HTML-Section&RequestAppliesTo=Rule-Obj-Corr&RequestRuleName=pzDisplayCollaboratorsList Payload: "{\"RequestClass\":\"Rule-HTML-Section\",\"RequestAppliesTo\":\"Rule-Obj-Corr\",\"RequestRuleName\":\"pzDisplayCollaboratorsList\"}" => HTTP 200 (105418 bytes)
[PegaHttpClient] 📡 POST https://zdk8budo.pegaacademy.net/prweb/api/CodeIntelligence/v1/rules/query?pxObjClass=Rule-HTML-Section&appliesTo=Rule-Obj-Corr&pyRuleName=pzRegionPanelContent&RequestClass=Rule-HTML-Section&RequestAppliesTo=Rule-Obj-Corr&RequestRuleName=pzRegionPanelContent Payload: "{\"RequestClass\":\"Rule-HTML-Section\",\"RequestAppliesTo\":\"Rule-Obj-Corr\",\"RequestRuleName\":\"pzRegionPanelContent\"}" => HTTP 404 (111 bytes)
[PegaHttpClient] 📡 POST https://zdk8budo.pegaacademy.net/prweb/PRRestService/CodeIntelligence/v1/rules/query?pxObjClass=Rule-HTML-Section&appliesTo=Rule-Obj-Corr&pyRuleName=pzRegionPanelContent&RequestClass=Rule-HTML-Section&RequestAppliesTo=Rule-Obj-Corr&RequestRuleName=pzRegionPanelContent Payload: "{\"RequestClass\":\"Rule-HTML-Section\",\"RequestAppliesTo\":\"Rule-Obj-Corr\",\"RequestRuleName\":\"pzRegionPanelContent\"}" => HTTP 404 (111 bytes)
[PegaHttpClient] 📡 POST https://zdk8budo.pegaacademy.net/prweb/api/HRAppsV2Service/V1/rules/query?pxObjClass=Rule-HTML-Section&appliesTo=Rule-Obj-Corr&pyRuleName=pzRegionPanelContent&RequestClass=Rule-HTML-Section&RequestAppliesTo=Rule-Obj-Corr&RequestRuleName=pzRegionPanelContent Payload: "{\"RequestClass\":\"Rule-HTML-Section\",\"RequestAppliesTo\":\"Rule-Obj-Corr\",\"RequestRuleName\":\"pzRegionPanelContent\"}" => HTTP 404 (18 bytes)
[PegaHttpClient] 📡 POST https://zdk8budo.pegaacademy.net/prweb/PRRestService/HRAppsV2Service/V1/rules/query?pxObjClass=Rule-HTML-Section&appliesTo=Rule-Obj-Corr&pyRuleName=pzRegionPanelContent&RequestClass=Rule-HTML-Section&RequestAppliesTo=Rule-Obj-Corr&RequestRuleName=pzRegionPanelContent Payload: "{\"RequestClass\":\"Rule-HTML-Section\",\"RequestAppliesTo\":\"Rule-Obj-Corr\",\"RequestRuleName\":\"pzRegionPanelContent\"}" => HTTP 404 (18 bytes)
[PegaHttpClient] 📡 POST https://zdk8budo.pegaacademy.net/prweb/api/HRAppsV2/V1/rules/query?pxObjClass=Rule-HTML-Section&appliesTo=Rule-Obj-Corr&pyRuleName=pzRegionPanelContent&RequestClass=Rule-HTML-Section&RequestAppliesTo=Rule-Obj-Corr&RequestRuleName=pzRegionPanelContent Payload: "{\"RequestClass\":\"Rule-HTML-Section\",\"RequestAppliesTo\":\"Rule-Obj-Corr\",\"RequestRuleName\":\"pzRegionPanelContent\"}" => HTTP 404 (18 bytes)
[PegaHttpClient] 📡 POST https://zdk8budo.pegaacademy.net/prweb/PRRestService/HRAppsV2/V1/rules/query?pxObjClass=Rule-HTML-Section&appliesTo=Rule-Obj-Corr&pyRuleName=pzRegionPanelContent&RequestClass=Rule-HTML-Section&RequestAppliesTo=Rule-Obj-Corr&RequestRuleName=pzRegionPanelContent Payload: "{\"RequestClass\":\"Rule-HTML-Section\",\"RequestAppliesTo\":\"Rule-Obj-Corr\",\"RequestRuleName\":\"pzRegionPanelContent\"}" => HTTP 404 (18 bytes)
[PegaHttpClient] 📡 POST https://zdk8budo.pegaacademy.net/prweb/api/v1/rules/query?pxObjClass=Rule-HTML-Section&appliesTo=Rule-Obj-Corr&pyRuleName=pzRegionPanelContent&RequestClass=Rule-HTML-Section&RequestAppliesTo=Rule-Obj-Corr&RequestRuleName=pzRegionPanelContent Payload: "{\"RequestClass\":\"Rule-HTML-Section\",\"RequestAppliesTo\":\"Rule-Obj-Corr\",\"RequestRuleName\":\"pzRegionPanelContent\"}" => HTTP 404 (18 bytes)
[PegaHttpClient] 📡 POST https://zdk8budo.pegaacademy.net/prweb/PRRestService/v1/rules/query?pxObjClass=Rule-HTML-Section&appliesTo=Rule-Obj-Corr&pyRuleName=pzRegionPanelContent&RequestClass=Rule-HTML-Section&RequestAppliesTo=Rule-Obj-Corr&RequestRuleName=pzRegionPanelContent Payload: "{\"RequestClass\":\"Rule-HTML-Section\",\"RequestAppliesTo\":\"Rule-Obj-Corr\",\"RequestRuleName\":\"pzRegionPanelContent\"}" => HTTP 404 (18 bytes)
[PegaHttpClient] 📡 POST https://zdk8budo.pegaacademy.net/prweb/api/CodeIntelligence/v1/rules/query?pxObjClass=Rule-HTML-Section&appliesTo=Rule-Obj-Corr&pyRuleName=pyCollaborator&RequestClass=Rule-HTML-Section&RequestAppliesTo=Rule-Obj-Corr&RequestRuleName=pyCollaborator Payload: "{\"RequestClass\":\"Rule-HTML-Section\",\"RequestAppliesTo\":\"Rule-Obj-Corr\",\"RequestRuleName\":\"pyCollaborator\"}" => HTTP 404 (105 bytes)
[PegaHttpClient] 📡 POST https://zdk8budo.pegaacademy.net/prweb/PRRestService/CodeIntelligence/v1/rules/query?pxObjClass=Rule-HTML-Section&appliesTo=Rule-Obj-Corr&pyRuleName=pyCollaborator&RequestClass=Rule-HTML-Section&RequestAppliesTo=Rule-Obj-Corr&RequestRuleName=pyCollaborator Payload: "{\"RequestClass\":\"Rule-HTML-Section\",\"RequestAppliesTo\":\"Rule-Obj-Corr\",\"RequestRuleName\":\"pyCollaborator\"}" => HTTP 404 (105 bytes)
[PegaHttpClient] 📡 POST https://zdk8budo.pegaacademy.net/prweb/api/HRAppsV2Service/V1/rules/query?pxObjClass=Rule-HTML-Section&appliesTo=Rule-Obj-Corr&pyRuleName=pyCollaborator&RequestClass=Rule-HTML-Section&RequestAppliesTo=Rule-Obj-Corr&RequestRuleName=pyCollaborator Payload: "{\"RequestClass\":\"Rule-HTML-Section\",\"RequestAppliesTo\":\"Rule-Obj-Corr\",\"RequestRuleName\":\"pyCollaborator\"}" => HTTP 404 (18 bytes)
[PegaHttpClient] 📡 POST https://zdk8budo.pegaacademy.net/prweb/PRRestService/HRAppsV2Service/V1/rules/query?pxObjClass=Rule-HTML-Section&appliesTo=Rule-Obj-Corr&pyRuleName=pyCollaborator&RequestClass=Rule-HTML-Section&RequestAppliesTo=Rule-Obj-Corr&RequestRuleName=pyCollaborator Payload: "{\"RequestClass\":\"Rule-HTML-Section\",\"RequestAppliesTo\":\"Rule-Obj-Corr\",\"RequestRuleName\":\"pyCollaborator\"}" => HTTP 404 (18 bytes)
[PegaHttpClient] 📡 POST https://zdk8budo.pegaacademy.net/prweb/api/HRAppsV2/V1/rules/query?pxObjClass=Rule-HTML-Section&appliesTo=Rule-Obj-Corr&pyRuleName=pyCollaborator&RequestClass=Rule-HTML-Section&RequestAppliesTo=Rule-Obj-Corr&RequestRuleName=pyCollaborator Payload: "{\"RequestClass\":\"Rule-HTML-Section\",\"RequestAppliesTo\":\"Rule-Obj-Corr\",\"RequestRuleName\":\"pyCollaborator\"}" => HTTP 404 (18 bytes)
[PegaHttpClient] 📡 POST https://zdk8budo.pegaacademy.net/prweb/PRRestService/HRAppsV2/V1/rules/query?pxObjClass=Rule-HTML-Section&appliesTo=Rule-Obj-Corr&pyRuleName=pyCollaborator&RequestClass=Rule-HTML-Section&RequestAppliesTo=Rule-Obj-Corr&RequestRuleName=pyCollaborator Payload: "{\"RequestClass\":\"Rule-HTML-Section\",\"RequestAppliesTo\":\"Rule-Obj-Corr\",\"RequestRuleName\":\"pyCollaborator\"}" => HTTP 404 (18 bytes)
[PegaHttpClient] 📡 POST https://zdk8budo.pegaacademy.net/prweb/api/v1/rules/query?pxObjClass=Rule-HTML-Section&appliesTo=Rule-Obj-Corr&pyRuleName=pyCollaborator&RequestClass=Rule-HTML-Section&RequestAppliesTo=Rule-Obj-Corr&RequestRuleName=pyCollaborator Payload: "{\"RequestClass\":\"Rule-HTML-Section\",\"RequestAppliesTo\":\"Rule-Obj-Corr\",\"RequestRuleName\":\"pyCollaborator\"}" => HTTP 404 (18 bytes)
[PegaHttpClient] 📡 POST https://zdk8budo.pegaacademy.net/prweb/PRRestService/v1/rules/query?pxObjClass=Rule-HTML-Section&appliesTo=Rule-Obj-Corr&pyRuleName=pyCollaborator&RequestClass=Rule-HTML-Section&RequestAppliesTo=Rule-Obj-Corr&RequestRuleName=pyCollaborator Payload: "{\"RequestClass\":\"Rule-HTML-Section\",\"RequestAppliesTo\":\"Rule-Obj-Corr\",\"RequestRuleName\":\"pyCollaborator\"}" => HTTP 404 (18 bytes)
[PegaHttpClient] 📡 POST https://zdk8budo.pegaacademy.net/prweb/api/CodeIntelligence/v1/rules/query?pxObjClass=Rule-HTML-Section&appliesTo=Rule-Obj-Corr&pyRuleName=pzDisplayPartialCount&RequestClass=Rule-HTML-Section&RequestAppliesTo=Rule-Obj-Corr&RequestRuleName=pzDisplayPartialCount Payload: "{\"RequestClass\":\"Rule-HTML-Section\",\"RequestAppliesTo\":\"Rule-Obj-Corr\",\"RequestRuleName\":\"pzDisplayPartialCount\"}" => HTTP 404 (112 bytes)
[PegaHttpClient] 📡 POST https://zdk8budo.pegaacademy.net/prweb/PRRestService/CodeIntelligence/v1/rules/query?pxObjClass=Rule-HTML-Section&appliesTo=Rule-Obj-Corr&pyRuleName=pzDisplayPartialCount&RequestClass=Rule-HTML-Section&RequestAppliesTo=Rule-Obj-Corr&RequestRuleName=pzDisplayPartialCount Payload: "{\"RequestClass\":\"Rule-HTML-Section\",\"RequestAppliesTo\":\"Rule-Obj-Corr\",\"RequestRuleName\":\"pzDisplayPartialCount\"}" => HTTP 404 (112 bytes)
[PegaHttpClient] 📡 POST https://zdk8budo.pegaacademy.net/prweb/api/HRAppsV2Service/V1/rules/query?pxObjClass=Rule-HTML-Section&appliesTo=Rule-Obj-Corr&pyRuleName=pzDisplayPartialCount&RequestClass=Rule-HTML-Section&RequestAppliesTo=Rule-Obj-Corr&RequestRuleName=pzDisplayPartialCount Payload: "{\"RequestClass\":\"Rule-HTML-Section\",\"RequestAppliesTo\":\"Rule-Obj-Corr\",\"RequestRuleName\":\"pzDisplayPartialCount\"}" => HTTP 404 (18 bytes)
[PegaHttpClient] 📡 POST https://zdk8budo.pegaacademy.net/prweb/PRRestService/HRAppsV2Service/V1/rules/query?pxObjClass=Rule-HTML-Section&appliesTo=Rule-Obj-Corr&pyRuleName=pzDisplayPartialCount&RequestClass=Rule-HTML-Section&RequestAppliesTo=Rule-Obj-Corr&RequestRuleName=pzDisplayPartialCount Payload: "{\"RequestClass\":\"Rule-HTML-Section\",\"RequestAppliesTo\":\"Rule-Obj-Corr\",\"RequestRuleName\":\"pzDisplayPartialCount\"}" => HTTP 404 (18 bytes)
[PegaHttpClient] 📡 POST https://zdk8budo.pegaacademy.net/prweb/api/HRAppsV2/V1/rules/query?pxObjClass=Rule-HTML-Section&appliesTo=Rule-Obj-Corr&pyRuleName=pzDisplayPartialCount&RequestClass=Rule-HTML-Section&RequestAppliesTo=Rule-Obj-Corr&RequestRuleName=pzDisplayPartialCount Payload: "{\"RequestClass\":\"Rule-HTML-Section\",\"RequestAppliesTo\":\"Rule-Obj-Corr\",\"RequestRuleName\":\"pzDisplayPartialCount\"}" => HTTP 404 (18 bytes)
[PegaHttpClient] 📡 POST https://zdk8budo.pegaacademy.net/prweb/PRRestService/HRAppsV2/V1/rules/query?pxObjClass=Rule-HTML-Section&appliesTo=Rule-Obj-Corr&pyRuleName=pzDisplayPartialCount&RequestClass=Rule-HTML-Section&RequestAppliesTo=Rule-Obj-Corr&RequestRuleName=pzDisplayPartialCount Payload: "{\"RequestClass\":\"Rule-HTML-Section\",\"RequestAppliesTo\":\"Rule-Obj-Corr\",\"RequestRuleName\":\"pzDisplayPartialCount\"}" => HTTP 404 (18 bytes)
[PegaHttpClient] 📡 POST https://zdk8budo.pegaacademy.net/prweb/api/v1/rules/query?pxObjClass=Rule-HTML-Section&appliesTo=Rule-Obj-Corr&pyRuleName=pzDisplayPartialCount&RequestClass=Rule-HTML-Section&RequestAppliesTo=Rule-Obj-Corr&RequestRuleName=pzDisplayPartialCount Payload: "{\"RequestClass\":\"Rule-HTML-Section\",\"RequestAppliesTo\":\"Rule-Obj-Corr\",\"RequestRuleName\":\"pzDisplayPartialCount\"}" => HTTP 404 (18 bytes)
[PegaHttpClient] 📡 POST https://zdk8budo.pegaacademy.net/prweb/PRRestService/v1/rules/query?pxObjClass=Rule-HTML-Section&appliesTo=Rule-Obj-Corr&pyRuleName=pzDisplayPartialCount&RequestClass=Rule-HTML-Section&RequestAppliesTo=Rule-Obj-Corr&RequestRuleName=pzDisplayPartialCount Payload: "{\"RequestClass\":\"Rule-HTML-Section\",\"RequestAppliesTo\":\"Rule-Obj-Corr\",\"RequestRuleName\":\"pzDisplayPartialCount\"}" => HTTP 404 (18 bytes)
[SchemaGen] ✅ Schema written for Rule-Obj-Corr
[PegaHttpClient] 📡 GET https://zdk8budo.pegaacademy.net/prweb/api/CodeIntelligence/v1/rules/RULE-HTML-HARNESS%20RULE-OBJ-CLASS%20RULEFORM%20%2320180713T135119.536%20GMT => HTTP 200 (31270 bytes)
[PegaHttpClient] 📡 POST https://zdk8budo.pegaacademy.net/prweb/api/CodeIntelligence/v1/rules/query?pxObjClass=Rule-HTML-Section&appliesTo=Rule-Obj-Class&pyRuleName=RuleFormMain&RequestClass=Rule-HTML-Section&RequestAppliesTo=Rule-Obj-Class&RequestRuleName=RuleFormMain Payload: "{\"RequestClass\":\"Rule-HTML-Section\",\"RequestAppliesTo\":\"Rule-Obj-Class\",\"RequestRuleName\":\"RuleFormMain\"}" => HTTP 200 (156234 bytes)
[PegaHttpClient] 📡 POST https://zdk8budo.pegaacademy.net/prweb/api/CodeIntelligence/v1/rules/query?pxObjClass=Rule-HTML-Section&appliesTo=Rule-Obj-Class&pyRuleName=pxAlternateRuleForm&RequestClass=Rule-HTML-Section&RequestAppliesTo=Rule-Obj-Class&RequestRuleName=pxAlternateRuleForm Payload: "{\"RequestClass\":\"Rule-HTML-Section\",\"RequestAppliesTo\":\"Rule-Obj-Class\",\"RequestRuleName\":\"pxAlternateRuleForm\"}" => HTTP 200 (66153 bytes)
[PegaHttpClient] 📡 POST https://zdk8budo.pegaacademy.net/prweb/api/CodeIntelligence/v1/rules/query?pxObjClass=Rule-HTML-Section&appliesTo=Rule-Obj-Class&pyRuleName=pzRuleFormScripts&RequestClass=Rule-HTML-Section&RequestAppliesTo=Rule-Obj-Class&RequestRuleName=pzRuleFormScripts Payload: "{\"RequestClass\":\"Rule-HTML-Section\",\"RequestAppliesTo\":\"Rule-Obj-Class\",\"RequestRuleName\":\"pzRuleFormScripts\"}" => HTTP 200 (40822 bytes)
[PegaHttpClient] 📡 POST https://zdk8budo.pegaacademy.net/prweb/api/CodeIntelligence/v1/rules/query?pxObjClass=Rule-HTML-Section&appliesTo=Rule-Obj-Class&pyRuleName=pzRuleFormLayoutDelegated&RequestClass=Rule-HTML-Section&RequestAppliesTo=Rule-Obj-Class&RequestRuleName=pzRuleFormLayoutDelegated Payload: "{\"RequestClass\":\"Rule-HTML-Section\",\"RequestAppliesTo\":\"Rule-Obj-Class\",\"RequestRuleName\":\"pzRuleFormLayoutDelegated\"}" => HTTP 200 (70998 bytes)
[PegaHttpClient] 📡 POST https://zdk8budo.pegaacademy.net/prweb/api/CodeIntelligence/v1/rules/query?pxObjClass=Rule-HTML-Section&appliesTo=Rule-Obj-Class&pyRuleName=RuleFormLayout&RequestClass=Rule-HTML-Section&RequestAppliesTo=Rule-Obj-Class&RequestRuleName=RuleFormLayout Payload: "{\"RequestClass\":\"Rule-HTML-Section\",\"RequestAppliesTo\":\"Rule-Obj-Class\",\"RequestRuleName\":\"RuleFormLayout\"}" => HTTP 200 (189448 bytes)
[PegaHttpClient] 📡 POST https://zdk8budo.pegaacademy.net/prweb/api/CodeIntelligence/v1/rules/query?pxObjClass=Rule-HTML-Section&appliesTo=Rule-Obj-Class&pyRuleName=RuleFormSettings&RequestClass=Rule-HTML-Section&RequestAppliesTo=Rule-Obj-Class&RequestRuleName=RuleFormSettings Payload: "{\"RequestClass\":\"Rule-HTML-Section\",\"RequestAppliesTo\":\"Rule-Obj-Class\",\"RequestRuleName\":\"RuleFormSettings\"}" => HTTP 200 (14670 bytes)
[PegaHttpClient] 📡 POST https://zdk8budo.pegaacademy.net/prweb/api/CodeIntelligence/v1/rules/query?pxObjClass=Rule-HTML-Section&appliesTo=Rule-Obj-Class&pyRuleName=OpenAuthoring&RequestClass=Rule-HTML-Section&RequestAppliesTo=Rule-Obj-Class&RequestRuleName=OpenAuthoring Payload: "{\"RequestClass\":\"Rule-HTML-Section\",\"RequestAppliesTo\":\"Rule-Obj-Class\",\"RequestRuleName\":\"OpenAuthoring\"}" => HTTP 200 (23695 bytes)
[PegaHttpClient] 📡 POST https://zdk8budo.pegaacademy.net/prweb/api/CodeIntelligence/v1/rules/query?pxObjClass=Rule-HTML-Section&appliesTo=Rule-Obj-Class&pyRuleName=pyCustomHelp&RequestClass=Rule-HTML-Section&RequestAppliesTo=Rule-Obj-Class&RequestRuleName=pyCustomHelp Payload: "{\"RequestClass\":\"Rule-HTML-Section\",\"RequestAppliesTo\":\"Rule-Obj-Class\",\"RequestRuleName\":\"pyCustomHelp\"}" => HTTP 200 (17256 bytes)
[PegaHttpClient] 📡 POST https://zdk8budo.pegaacademy.net/prweb/api/CodeIntelligence/v1/rules/query?pxObjClass=Rule-HTML-Section&appliesTo=Rule-Obj-Class&pyRuleName=pzRuleformMainInclude&RequestClass=Rule-HTML-Section&RequestAppliesTo=Rule-Obj-Class&RequestRuleName=pzRuleformMainInclude Payload: "{\"RequestClass\":\"Rule-HTML-Section\",\"RequestAppliesTo\":\"Rule-Obj-Class\",\"RequestRuleName\":\"pzRuleformMainInclude\"}" => HTTP 200 (22375 bytes)
[PegaHttpClient] 📡 POST https://zdk8budo.pegaacademy.net/prweb/api/CodeIntelligence/v1/rules/query?pxObjClass=Rule-HTML-Section&appliesTo=Rule-Obj-Class&pyRuleName=pyAlternativeRuleFormStrategicAppExtension&RequestClass=Rule-HTML-Section&RequestAppliesTo=Rule-Obj-Class&RequestRuleName=pyAlternativeRuleFormStrategicAppExtension Payload: "{\"RequestClass\":\"Rule-HTML-Section\",\"RequestAppliesTo\":\"Rule-Obj-Class\",\"RequestRuleName\":\"pyAlternativeRuleFormStrategicAppExtension\"}" => HTTP 200 (25042 bytes)
[PegaHttpClient] 📡 POST https://zdk8budo.pegaacademy.net/prweb/api/CodeIntelligence/v1/rules/query?pxObjClass=Rule-HTML-Section&appliesTo=Rule-Obj-Class&pyRuleName=pyAlternativeRuleFormExtension&RequestClass=Rule-HTML-Section&RequestAppliesTo=Rule-Obj-Class&RequestRuleName=pyAlternativeRuleFormExtension Payload: "{\"RequestClass\":\"Rule-HTML-Section\",\"RequestAppliesTo\":\"Rule-Obj-Class\",\"RequestRuleName\":\"pyAlternativeRuleFormExtension\"}" => HTTP 200 (24863 bytes)
[PegaHttpClient] 📡 POST https://zdk8budo.pegaacademy.net/prweb/api/CodeIntelligence/v1/rules/query?pxObjClass=Rule-HTML-Section&appliesTo=Rule-Obj-Class&pyRuleName=RuleFormHeader&RequestClass=Rule-HTML-Section&RequestAppliesTo=Rule-Obj-Class&RequestRuleName=RuleFormHeader Payload: "{\"RequestClass\":\"Rule-HTML-Section\",\"RequestAppliesTo\":\"Rule-Obj-Class\",\"RequestRuleName\":\"RuleFormHeader\"}" => HTTP 200 (183800 bytes)
[PegaHttpClient] 📡 POST https://zdk8budo.pegaacademy.net/prweb/api/CodeIntelligence/v1/rules/query?pxObjClass=Rule-HTML-Section&appliesTo=Rule-Obj-Class&pyRuleName=pzDelegationExperience&RequestClass=Rule-HTML-Section&RequestAppliesTo=Rule-Obj-Class&RequestRuleName=pzDelegationExperience Payload: "{\"RequestClass\":\"Rule-HTML-Section\",\"RequestAppliesTo\":\"Rule-Obj-Class\",\"RequestRuleName\":\"pzDelegationExperience\"}" => HTTP 404 (114 bytes)
[PegaHttpClient] 📡 POST https://zdk8budo.pegaacademy.net/prweb/PRRestService/CodeIntelligence/v1/rules/query?pxObjClass=Rule-HTML-Section&appliesTo=Rule-Obj-Class&pyRuleName=pzDelegationExperience&RequestClass=Rule-HTML-Section&RequestAppliesTo=Rule-Obj-Class&RequestRuleName=pzDelegationExperience Payload: "{\"RequestClass\":\"Rule-HTML-Section\",\"RequestAppliesTo\":\"Rule-Obj-Class\",\"RequestRuleName\":\"pzDelegationExperience\"}" => HTTP 404 (114 bytes)
[PegaHttpClient] 📡 POST https://zdk8budo.pegaacademy.net/prweb/api/HRAppsV2Service/V1/rules/query?pxObjClass=Rule-HTML-Section&appliesTo=Rule-Obj-Class&pyRuleName=pzDelegationExperience&RequestClass=Rule-HTML-Section&RequestAppliesTo=Rule-Obj-Class&RequestRuleName=pzDelegationExperience Payload: "{\"RequestClass\":\"Rule-HTML-Section\",\"RequestAppliesTo\":\"Rule-Obj-Class\",\"RequestRuleName\":\"pzDelegationExperience\"}" => HTTP 404 (18 bytes)
[PegaHttpClient] 📡 POST https://zdk8budo.pegaacademy.net/prweb/PRRestService/HRAppsV2Service/V1/rules/query?pxObjClass=Rule-HTML-Section&appliesTo=Rule-Obj-Class&pyRuleName=pzDelegationExperience&RequestClass=Rule-HTML-Section&RequestAppliesTo=Rule-Obj-Class&RequestRuleName=pzDelegationExperience Payload: "{\"RequestClass\":\"Rule-HTML-Section\",\"RequestAppliesTo\":\"Rule-Obj-Class\",\"RequestRuleName\":\"pzDelegationExperience\"}" => HTTP 404 (18 bytes)
[PegaHttpClient] 📡 POST https://zdk8budo.pegaacademy.net/prweb/api/HRAppsV2/V1/rules/query?pxObjClass=Rule-HTML-Section&appliesTo=Rule-Obj-Class&pyRuleName=pzDelegationExperience&RequestClass=Rule-HTML-Section&RequestAppliesTo=Rule-Obj-Class&RequestRuleName=pzDelegationExperience Payload: "{\"RequestClass\":\"Rule-HTML-Section\",\"RequestAppliesTo\":\"Rule-Obj-Class\",\"RequestRuleName\":\"pzDelegationExperience\"}" => HTTP 404 (18 bytes)
[PegaHttpClient] 📡 POST https://zdk8budo.pegaacademy.net/prweb/PRRestService/HRAppsV2/V1/rules/query?pxObjClass=Rule-HTML-Section&appliesTo=Rule-Obj-Class&pyRuleName=pzDelegationExperience&RequestClass=Rule-HTML-Section&RequestAppliesTo=Rule-Obj-Class&RequestRuleName=pzDelegationExperience Payload: "{\"RequestClass\":\"Rule-HTML-Section\",\"RequestAppliesTo\":\"Rule-Obj-Class\",\"RequestRuleName\":\"pzDelegationExperience\"}" => HTTP 404 (18 bytes)
[PegaHttpClient] 📡 POST https://zdk8budo.pegaacademy.net/prweb/api/v1/rules/query?pxObjClass=Rule-HTML-Section&appliesTo=Rule-Obj-Class&pyRuleName=pzDelegationExperience&RequestClass=Rule-HTML-Section&RequestAppliesTo=Rule-Obj-Class&RequestRuleName=pzDelegationExperience Payload: "{\"RequestClass\":\"Rule-HTML-Section\",\"RequestAppliesTo\":\"Rule-Obj-Class\",\"RequestRuleName\":\"pzDelegationExperience\"}" => HTTP 404 (18 bytes)
[PegaHttpClient] 📡 POST https://zdk8budo.pegaacademy.net/prweb/PRRestService/v1/rules/query?pxObjClass=Rule-HTML-Section&appliesTo=Rule-Obj-Class&pyRuleName=pzDelegationExperience&RequestClass=Rule-HTML-Section&RequestAppliesTo=Rule-Obj-Class&RequestRuleName=pzDelegationExperience Payload: "{\"RequestClass\":\"Rule-HTML-Section\",\"RequestAppliesTo\":\"Rule-Obj-Class\",\"RequestRuleName\":\"pzDelegationExperience\"}" => HTTP 404 (18 bytes)
[PegaHttpClient] 📡 POST https://zdk8budo.pegaacademy.net/prweb/api/CodeIntelligence/v1/rules/query?pxObjClass=Rule-HTML-Section&appliesTo=Rule-Obj-Class&pyRuleName=RF_Class_RuleFormLayout&RequestClass=Rule-HTML-Section&RequestAppliesTo=Rule-Obj-Class&RequestRuleName=RF_Class_RuleFormLayout Payload: "{\"RequestClass\":\"Rule-HTML-Section\",\"RequestAppliesTo\":\"Rule-Obj-Class\",\"RequestRuleName\":\"RF_Class_RuleFormLayout\"}" => HTTP 200 (21999 bytes)
[PegaHttpClient] 📡 POST https://zdk8budo.pegaacademy.net/prweb/api/CodeIntelligence/v1/rules/query?pxObjClass=Rule-HTML-Section&appliesTo=Rule-Obj-Class&pyRuleName=General&RequestClass=Rule-HTML-Section&RequestAppliesTo=Rule-Obj-Class&RequestRuleName=General Payload: "{\"RequestClass\":\"Rule-HTML-Section\",\"RequestAppliesTo\":\"Rule-Obj-Class\",\"RequestRuleName\":\"General\"}" => HTTP 200 (169775 bytes)
[PegaHttpClient] 📡 POST https://zdk8budo.pegaacademy.net/prweb/api/CodeIntelligence/v1/rules/query?pxObjClass=Rule-HTML-Section&appliesTo=Rule-Obj-Class&pyRuleName=Locking&RequestClass=Rule-HTML-Section&RequestAppliesTo=Rule-Obj-Class&RequestRuleName=Locking Payload: "{\"RequestClass\":\"Rule-HTML-Section\",\"RequestAppliesTo\":\"Rule-Obj-Class\",\"RequestRuleName\":\"Locking\"}" => HTTP 200 (71659 bytes)
[PegaHttpClient] 📡 POST https://zdk8budo.pegaacademy.net/prweb/api/CodeIntelligence/v1/rules/query?pxObjClass=Rule-HTML-Section&appliesTo=Rule-Obj-Class&pyRuleName=ExternalMapping&RequestClass=Rule-HTML-Section&RequestAppliesTo=Rule-Obj-Class&RequestRuleName=ExternalMapping Payload: "{\"RequestClass\":\"Rule-HTML-Section\",\"RequestAppliesTo\":\"Rule-Obj-Class\",\"RequestRuleName\":\"ExternalMapping\"}" => HTTP 200 (148253 bytes)
[PegaHttpClient] 📡 POST https://zdk8budo.pegaacademy.net/prweb/api/CodeIntelligence/v1/rules/query?pxObjClass=Rule-HTML-Section&appliesTo=Rule-Obj-Class&pyRuleName=Advanced&RequestClass=Rule-HTML-Section&RequestAppliesTo=Rule-Obj-Class&RequestRuleName=Advanced Payload: "{\"RequestClass\":\"Rule-HTML-Section\",\"RequestAppliesTo\":\"Rule-Obj-Class\",\"RequestRuleName\":\"Advanced\"}" => HTTP 200 (104968 bytes)
[PegaHttpClient] 📡 POST https://zdk8budo.pegaacademy.net/prweb/api/CodeIntelligence/v1/rules/query?pxObjClass=Rule-HTML-Section&appliesTo=Rule-Obj-Class&pyRuleName=RuleFormHistory&RequestClass=Rule-HTML-Section&RequestAppliesTo=Rule-Obj-Class&RequestRuleName=RuleFormHistory Payload: "{\"RequestClass\":\"Rule-HTML-Section\",\"RequestAppliesTo\":\"Rule-Obj-Class\",\"RequestRuleName\":\"RuleFormHistory\"}" => HTTP 200 (76091 bytes)
[PegaHttpClient] 📡 POST https://zdk8budo.pegaacademy.net/prweb/api/CodeIntelligence/v1/rules/query?pxObjClass=Rule-HTML-Section&appliesTo=Rule-Obj-Class&pyRuleName=pzCustomHelp&RequestClass=Rule-HTML-Section&RequestAppliesTo=Rule-Obj-Class&RequestRuleName=pzCustomHelp Payload: "{\"RequestClass\":\"Rule-HTML-Section\",\"RequestAppliesTo\":\"Rule-Obj-Class\",\"RequestRuleName\":\"pzCustomHelp\"}" => HTTP 200 (31573 bytes)
[PegaHttpClient] 📡 POST https://zdk8budo.pegaacademy.net/prweb/api/CodeIntelligence/v1/rules/query?pxObjClass=Rule-HTML-Section&appliesTo=Rule-Obj-Class&pyRuleName=pzRuleFormKeysAndDescription&RequestClass=Rule-HTML-Section&RequestAppliesTo=Rule-Obj-Class&RequestRuleName=pzRuleFormKeysAndDescription Payload: "{\"RequestClass\":\"Rule-HTML-Section\",\"RequestAppliesTo\":\"Rule-Obj-Class\",\"RequestRuleName\":\"pzRuleFormKeysAndDescription\"}" => HTTP 200 (218057 bytes)
[PegaHttpClient] 📡 POST https://zdk8budo.pegaacademy.net/prweb/api/CodeIntelligence/v1/rules/query?pxObjClass=Rule-HTML-Section&appliesTo=Rule-Obj-Class&pyRuleName=pzRuleFormRuleset&RequestClass=Rule-HTML-Section&RequestAppliesTo=Rule-Obj-Class&RequestRuleName=pzRuleFormRuleset Payload: "{\"RequestClass\":\"Rule-HTML-Section\",\"RequestAppliesTo\":\"Rule-Obj-Class\",\"RequestRuleName\":\"pzRuleFormRuleset\"}" => HTTP 200 (33985 bytes)
[PegaHttpClient] 📡 POST https://zdk8budo.pegaacademy.net/prweb/api/CodeIntelligence/v1/rules/query?pxObjClass=Rule-HTML-Section&appliesTo=Rule-Obj-Class&pyRuleName=undefined&RequestClass=Rule-HTML-Section&RequestAppliesTo=Rule-Obj-Class&RequestRuleName=undefined Payload: "{\"RequestClass\":\"Rule-HTML-Section\",\"RequestAppliesTo\":\"Rule-Obj-Class\",\"RequestRuleName\":\"undefined\"}" => HTTP 404 (101 bytes)
[PegaHttpClient] 📡 POST https://zdk8budo.pegaacademy.net/prweb/PRRestService/CodeIntelligence/v1/rules/query?pxObjClass=Rule-HTML-Section&appliesTo=Rule-Obj-Class&pyRuleName=undefined&RequestClass=Rule-HTML-Section&RequestAppliesTo=Rule-Obj-Class&RequestRuleName=undefined Payload: "{\"RequestClass\":\"Rule-HTML-Section\",\"RequestAppliesTo\":\"Rule-Obj-Class\",\"RequestRuleName\":\"undefined\"}" => HTTP 404 (101 bytes)
[PegaHttpClient] 📡 POST https://zdk8budo.pegaacademy.net/prweb/api/HRAppsV2Service/V1/rules/query?pxObjClass=Rule-HTML-Section&appliesTo=Rule-Obj-Class&pyRuleName=undefined&RequestClass=Rule-HTML-Section&RequestAppliesTo=Rule-Obj-Class&RequestRuleName=undefined Payload: "{\"RequestClass\":\"Rule-HTML-Section\",\"RequestAppliesTo\":\"Rule-Obj-Class\",\"RequestRuleName\":\"undefined\"}" => HTTP 404 (18 bytes)
[PegaHttpClient] 📡 POST https://zdk8budo.pegaacademy.net/prweb/PRRestService/HRAppsV2Service/V1/rules/query?pxObjClass=Rule-HTML-Section&appliesTo=Rule-Obj-Class&pyRuleName=undefined&RequestClass=Rule-HTML-Section&RequestAppliesTo=Rule-Obj-Class&RequestRuleName=undefined Payload: "{\"RequestClass\":\"Rule-HTML-Section\",\"RequestAppliesTo\":\"Rule-Obj-Class\",\"RequestRuleName\":\"undefined\"}" => HTTP 404 (18 bytes)
[PegaHttpClient] 📡 POST https://zdk8budo.pegaacademy.net/prweb/api/HRAppsV2/V1/rules/query?pxObjClass=Rule-HTML-Section&appliesTo=Rule-Obj-Class&pyRuleName=undefined&RequestClass=Rule-HTML-Section&RequestAppliesTo=Rule-Obj-Class&RequestRuleName=undefined Payload: "{\"RequestClass\":\"Rule-HTML-Section\",\"RequestAppliesTo\":\"Rule-Obj-Class\",\"RequestRuleName\":\"undefined\"}" => HTTP 404 (18 bytes)
[PegaHttpClient] 📡 POST https://zdk8budo.pegaacademy.net/prweb/PRRestService/HRAppsV2/V1/rules/query?pxObjClass=Rule-HTML-Section&appliesTo=Rule-Obj-Class&pyRuleName=undefined&RequestClass=Rule-HTML-Section&RequestAppliesTo=Rule-Obj-Class&RequestRuleName=undefined Payload: "{\"RequestClass\":\"Rule-HTML-Section\",\"RequestAppliesTo\":\"Rule-Obj-Class\",\"RequestRuleName\":\"undefined\"}" => HTTP 404 (18 bytes)
[PegaHttpClient] 📡 POST https://zdk8budo.pegaacademy.net/prweb/api/v1/rules/query?pxObjClass=Rule-HTML-Section&appliesTo=Rule-Obj-Class&pyRuleName=undefined&RequestClass=Rule-HTML-Section&RequestAppliesTo=Rule-Obj-Class&RequestRuleName=undefined Payload: "{\"RequestClass\":\"Rule-HTML-Section\",\"RequestAppliesTo\":\"Rule-Obj-Class\",\"RequestRuleName\":\"undefined\"}" => HTTP 404 (18 bytes)
[PegaHttpClient] 📡 POST https://zdk8budo.pegaacademy.net/prweb/PRRestService/v1/rules/query?pxObjClass=Rule-HTML-Section&appliesTo=Rule-Obj-Class&pyRuleName=undefined&RequestClass=Rule-HTML-Section&RequestAppliesTo=Rule-Obj-Class&RequestRuleName=undefined Payload: "{\"RequestClass\":\"Rule-HTML-Section\",\"RequestAppliesTo\":\"Rule-Obj-Class\",\"RequestRuleName\":\"undefined\"}" => HTTP 404 (18 bytes)
[PegaHttpClient] 📡 POST https://zdk8budo.pegaacademy.net/prweb/api/CodeIntelligence/v1/rules/query?pxObjClass=Rule-HTML-Section&appliesTo=Rule-Obj-Class&pyRuleName=pzRuleFormToolbar&RequestClass=Rule-HTML-Section&RequestAppliesTo=Rule-Obj-Class&RequestRuleName=pzRuleFormToolbar Payload: "{\"RequestClass\":\"Rule-HTML-Section\",\"RequestAppliesTo\":\"Rule-Obj-Class\",\"RequestRuleName\":\"pzRuleFormToolbar\"}" => HTTP 200 (242691 bytes)
[PegaHttpClient] 📡 POST https://zdk8budo.pegaacademy.net/prweb/api/CodeIntelligence/v1/rules/query?pxObjClass=Rule-HTML-Section&appliesTo=Rule-Obj-Class&pyRuleName=pzRuleFormToolbarCompare&RequestClass=Rule-HTML-Section&RequestAppliesTo=Rule-Obj-Class&RequestRuleName=pzRuleFormToolbarCompare Payload: "{\"RequestClass\":\"Rule-HTML-Section\",\"RequestAppliesTo\":\"Rule-Obj-Class\",\"RequestRuleName\":\"pzRuleFormToolbarCompare\"}" => HTTP 200 (61925 bytes)
[PegaHttpClient] 📡 POST https://zdk8budo.pegaacademy.net/prweb/api/CodeIntelligence/v1/rules/query?pxObjClass=Rule-HTML-Section&appliesTo=Rule-Obj-Class&pyRuleName=RuleFormHeaderMessages&RequestClass=Rule-HTML-Section&RequestAppliesTo=Rule-Obj-Class&RequestRuleName=RuleFormHeaderMessages Payload: "{\"RequestClass\":\"Rule-HTML-Section\",\"RequestAppliesTo\":\"Rule-Obj-Class\",\"RequestRuleName\":\"RuleFormHeaderMessages\"}" => HTTP 200 (26518 bytes)
[PegaHttpClient] 📡 POST https://zdk8budo.pegaacademy.net/prweb/api/CodeIntelligence/v1/rules/query?pxObjClass=Rule-HTML-Section&appliesTo=Rule-Obj-Class&pyRuleName=pzGeneralSetting&RequestClass=Rule-HTML-Section&RequestAppliesTo=Rule-Obj-Class&RequestRuleName=pzGeneralSetting Payload: "{\"RequestClass\":\"Rule-HTML-Section\",\"RequestAppliesTo\":\"Rule-Obj-Class\",\"RequestRuleName\":\"pzGeneralSetting\"}" => HTTP 200 (28636 bytes)
[PegaHttpClient] 📡 POST https://zdk8budo.pegaacademy.net/prweb/api/CodeIntelligence/v1/rules/query?pxObjClass=Rule-HTML-Section&appliesTo=Rule-Obj-Class&pyRuleName=pzKeyList&RequestClass=Rule-HTML-Section&RequestAppliesTo=Rule-Obj-Class&RequestRuleName=pzKeyList Payload: "{\"RequestClass\":\"Rule-HTML-Section\",\"RequestAppliesTo\":\"Rule-Obj-Class\",\"RequestRuleName\":\"pzKeyList\"}" => HTTP 200 (61852 bytes)
[PegaHttpClient] 📡 POST https://zdk8budo.pegaacademy.net/prweb/api/CodeIntelligence/v1/rules/query?pxObjClass=Rule-HTML-Section&appliesTo=Rule-Obj-Class&pyRuleName=pzAutomaticallyGeneratedKey&RequestClass=Rule-HTML-Section&RequestAppliesTo=Rule-Obj-Class&RequestRuleName=pzAutomaticallyGeneratedKey Payload: "{\"RequestClass\":\"Rule-HTML-Section\",\"RequestAppliesTo\":\"Rule-Obj-Class\",\"RequestRuleName\":\"pzAutomaticallyGeneratedKey\"}" => HTTP 200 (41334 bytes)
[PegaHttpClient] 📡 POST https://zdk8budo.pegaacademy.net/prweb/api/CodeIntelligence/v1/rules/query?pxObjClass=Rule-HTML-Section&appliesTo=Rule-Obj-Class&pyRuleName=pzRuleInstances&RequestClass=Rule-HTML-Section&RequestAppliesTo=Rule-Obj-Class&RequestRuleName=pzRuleInstances Payload: "{\"RequestClass\":\"Rule-HTML-Section\",\"RequestAppliesTo\":\"Rule-Obj-Class\",\"RequestRuleName\":\"pzRuleInstances\"}" => HTTP 200 (43668 bytes)
[PegaHttpClient] 📡 POST https://zdk8budo.pegaacademy.net/prweb/api/CodeIntelligence/v1/rules/query?pxObjClass=Rule-HTML-Section&appliesTo=Rule-Obj-Class&pyRuleName=pzClassInheritance&RequestClass=Rule-HTML-Section&RequestAppliesTo=Rule-Obj-Class&RequestRuleName=pzClassInheritance Payload: "{\"RequestClass\":\"Rule-HTML-Section\",\"RequestAppliesTo\":\"Rule-Obj-Class\",\"RequestRuleName\":\"pzClassInheritance\"}" => HTTP 200 (37914 bytes)
[PegaHttpClient] 📡 POST https://zdk8budo.pegaacademy.net/prweb/api/CodeIntelligence/v1/rules/query?pxObjClass=Rule-HTML-Section&appliesTo=Rule-Obj-Class&pyRuleName=pzAdvancedConcrete&RequestClass=Rule-HTML-Section&RequestAppliesTo=Rule-Obj-Class&RequestRuleName=pzAdvancedConcrete Payload: "{\"RequestClass\":\"Rule-HTML-Section\",\"RequestAppliesTo\":\"Rule-Obj-Class\",\"RequestRuleName\":\"pzAdvancedConcrete\"}" => HTTP 200 (215683 bytes)
[PegaHttpClient] 📡 POST https://zdk8budo.pegaacademy.net/prweb/api/CodeIntelligence/v1/rules/query?pxObjClass=Rule-HTML-Section&appliesTo=Rule-Obj-Class&pyRuleName=pzAdvancedRuleSet&RequestClass=Rule-HTML-Section&RequestAppliesTo=Rule-Obj-Class&RequestRuleName=pzAdvancedRuleSet Payload: "{\"RequestClass\":\"Rule-HTML-Section\",\"RequestAppliesTo\":\"Rule-Obj-Class\",\"RequestRuleName\":\"pzAdvancedRuleSet\"}" => HTTP 200 (61964 bytes)
[PegaHttpClient] 📡 POST https://zdk8budo.pegaacademy.net/prweb/api/CodeIntelligence/v1/rules/query?pxObjClass=Rule-HTML-Section&appliesTo=Rule-Obj-Class&pyRuleName=pzAlternateRuleInfo&RequestClass=Rule-HTML-Section&RequestAppliesTo=Rule-Obj-Class&RequestRuleName=pzAlternateRuleInfo Payload: "{\"RequestClass\":\"Rule-HTML-Section\",\"RequestAppliesTo\":\"Rule-Obj-Class\",\"RequestRuleName\":\"pzAlternateRuleInfo\"}" => HTTP 200 (140407 bytes)
[PegaHttpClient] 📡 POST https://zdk8budo.pegaacademy.net/prweb/api/CodeIntelligence/v1/rules/query?pxObjClass=Rule-HTML-Section&appliesTo=Rule-Obj-Class&pyRuleName=RuleFormHistory_Description&RequestClass=Rule-HTML-Section&RequestAppliesTo=Rule-Obj-Class&RequestRuleName=RuleFormHistory_Description Payload: "{\"RequestClass\":\"Rule-HTML-Section\",\"RequestAppliesTo\":\"Rule-Obj-Class\",\"RequestRuleName\":\"RuleFormHistory_Description\"}" => HTTP 200 (46242 bytes)
[PegaHttpClient] 📡 POST https://zdk8budo.pegaacademy.net/prweb/api/CodeIntelligence/v1/rules/query?pxObjClass=Rule-HTML-Section&appliesTo=Rule-Obj-Class&pyRuleName=RuleFormHistory_CustomFields&RequestClass=Rule-HTML-Section&RequestAppliesTo=Rule-Obj-Class&RequestRuleName=RuleFormHistory_CustomFields Payload: "{\"RequestClass\":\"Rule-HTML-Section\",\"RequestAppliesTo\":\"Rule-Obj-Class\",\"RequestRuleName\":\"RuleFormHistory_CustomFields\"}" => HTTP 200 (75856 bytes)
[PegaHttpClient] 📡 POST https://zdk8budo.pegaacademy.net/prweb/api/CodeIntelligence/v1/rules/query?pxObjClass=Rule-HTML-Section&appliesTo=Rule-Obj-Class&pyRuleName=RuleFormHistory_HistoryDetails&RequestClass=Rule-HTML-Section&RequestAppliesTo=Rule-Obj-Class&RequestRuleName=RuleFormHistory_HistoryDetails Payload: "{\"RequestClass\":\"Rule-HTML-Section\",\"RequestAppliesTo\":\"Rule-Obj-Class\",\"RequestRuleName\":\"RuleFormHistory_HistoryDetails\"}" => HTTP 200 (179535 bytes)
[PegaHttpClient] 📡 POST https://zdk8budo.pegaacademy.net/prweb/api/CodeIntelligence/v1/rules/query?pxObjClass=Rule-HTML-Section&appliesTo=Rule-Obj-Class&pyRuleName=pzRuleFormStatus&RequestClass=Rule-HTML-Section&RequestAppliesTo=Rule-Obj-Class&RequestRuleName=pzRuleFormStatus Payload: "{\"RequestClass\":\"Rule-HTML-Section\",\"RequestAppliesTo\":\"Rule-Obj-Class\",\"RequestRuleName\":\"pzRuleFormStatus\"}" => HTTP 200 (97627 bytes)
[PegaHttpClient] 📡 POST https://zdk8budo.pegaacademy.net/prweb/api/CodeIntelligence/v1/rules/query?pxObjClass=Rule-HTML-Section&appliesTo=Rule-Obj-Class&pyRuleName=pzRuleFormHeaderCompareWithDropDown&RequestClass=Rule-HTML-Section&RequestAppliesTo=Rule-Obj-Class&RequestRuleName=pzRuleFormHeaderCompareWithDropDown Payload: "{\"RequestClass\":\"Rule-HTML-Section\",\"RequestAppliesTo\":\"Rule-Obj-Class\",\"RequestRuleName\":\"pzRuleFormHeaderCompareWithDropDown\"}" => HTTP 200 (25396 bytes)
[PegaHttpClient] 📡 POST https://zdk8budo.pegaacademy.net/prweb/api/CodeIntelligence/v1/rules/query?pxObjClass=Rule-HTML-Section&appliesTo=Rule-Obj-Class&pyRuleName=undefined&RequestClass=Rule-HTML-Section&RequestAppliesTo=Rule-Obj-Class&RequestRuleName=undefined Payload: "{\"RequestClass\":\"Rule-HTML-Section\",\"RequestAppliesTo\":\"Rule-Obj-Class\",\"RequestRuleName\":\"undefined\"}" => HTTP 404 (101 bytes)
[PegaHttpClient] 📡 POST https://zdk8budo.pegaacademy.net/prweb/PRRestService/CodeIntelligence/v1/rules/query?pxObjClass=Rule-HTML-Section&appliesTo=Rule-Obj-Class&pyRuleName=undefined&RequestClass=Rule-HTML-Section&RequestAppliesTo=Rule-Obj-Class&RequestRuleName=undefined Payload: "{\"RequestClass\":\"Rule-HTML-Section\",\"RequestAppliesTo\":\"Rule-Obj-Class\",\"RequestRuleName\":\"undefined\"}" => HTTP 404 (101 bytes)
[PegaHttpClient] 📡 POST https://zdk8budo.pegaacademy.net/prweb/api/HRAppsV2Service/V1/rules/query?pxObjClass=Rule-HTML-Section&appliesTo=Rule-Obj-Class&pyRuleName=undefined&RequestClass=Rule-HTML-Section&RequestAppliesTo=Rule-Obj-Class&RequestRuleName=undefined Payload: "{\"RequestClass\":\"Rule-HTML-Section\",\"RequestAppliesTo\":\"Rule-Obj-Class\",\"RequestRuleName\":\"undefined\"}" => HTTP 404 (18 bytes)
[PegaHttpClient] 📡 POST https://zdk8budo.pegaacademy.net/prweb/PRRestService/HRAppsV2Service/V1/rules/query?pxObjClass=Rule-HTML-Section&appliesTo=Rule-Obj-Class&pyRuleName=undefined&RequestClass=Rule-HTML-Section&RequestAppliesTo=Rule-Obj-Class&RequestRuleName=undefined Payload: "{\"RequestClass\":\"Rule-HTML-Section\",\"RequestAppliesTo\":\"Rule-Obj-Class\",\"RequestRuleName\":\"undefined\"}" => HTTP 404 (18 bytes)
[PegaHttpClient] 📡 POST https://zdk8budo.pegaacademy.net/prweb/api/HRAppsV2/V1/rules/query?pxObjClass=Rule-HTML-Section&appliesTo=Rule-Obj-Class&pyRuleName=undefined&RequestClass=Rule-HTML-Section&RequestAppliesTo=Rule-Obj-Class&RequestRuleName=undefined Payload: "{\"RequestClass\":\"Rule-HTML-Section\",\"RequestAppliesTo\":\"Rule-Obj-Class\",\"RequestRuleName\":\"undefined\"}" => HTTP 404 (18 bytes)
[PegaHttpClient] 📡 POST https://zdk8budo.pegaacademy.net/prweb/PRRestService/HRAppsV2/V1/rules/query?pxObjClass=Rule-HTML-Section&appliesTo=Rule-Obj-Class&pyRuleName=undefined&RequestClass=Rule-HTML-Section&RequestAppliesTo=Rule-Obj-Class&RequestRuleName=undefined Payload: "{\"RequestClass\":\"Rule-HTML-Section\",\"RequestAppliesTo\":\"Rule-Obj-Class\",\"RequestRuleName\":\"undefined\"}" => HTTP 404 (18 bytes)
[PegaHttpClient] 📡 POST https://zdk8budo.pegaacademy.net/prweb/api/v1/rules/query?pxObjClass=Rule-HTML-Section&appliesTo=Rule-Obj-Class&pyRuleName=undefined&RequestClass=Rule-HTML-Section&RequestAppliesTo=Rule-Obj-Class&RequestRuleName=undefined Payload: "{\"RequestClass\":\"Rule-HTML-Section\",\"RequestAppliesTo\":\"Rule-Obj-Class\",\"RequestRuleName\":\"undefined\"}" => HTTP 404 (18 bytes)
[PegaHttpClient] 📡 POST https://zdk8budo.pegaacademy.net/prweb/PRRestService/v1/rules/query?pxObjClass=Rule-HTML-Section&appliesTo=Rule-Obj-Class&pyRuleName=undefined&RequestClass=Rule-HTML-Section&RequestAppliesTo=Rule-Obj-Class&RequestRuleName=undefined Payload: "{\"RequestClass\":\"Rule-HTML-Section\",\"RequestAppliesTo\":\"Rule-Obj-Class\",\"RequestRuleName\":\"undefined\"}" => HTTP 404 (18 bytes)
[PegaHttpClient] 📡 POST https://zdk8budo.pegaacademy.net/prweb/api/CodeIntelligence/v1/rules/query?pxObjClass=Rule-HTML-Section&appliesTo=Rule-Obj-Class&pyRuleName=pzRuleFormToolbarHotKeys&RequestClass=Rule-HTML-Section&RequestAppliesTo=Rule-Obj-Class&RequestRuleName=pzRuleFormToolbarHotKeys Payload: "{\"RequestClass\":\"Rule-HTML-Section\",\"RequestAppliesTo\":\"Rule-Obj-Class\",\"RequestRuleName\":\"pzRuleFormToolbarHotKeys\"}" => HTTP 200 (85058 bytes)
[PegaHttpClient] 📡 POST https://zdk8budo.pegaacademy.net/prweb/api/CodeIntelligence/v1/rules/query?pxObjClass=Rule-HTML-Section&appliesTo=Rule-Obj-Class&pyRuleName=pzRuleFormToolbarLockedIcon&RequestClass=Rule-HTML-Section&RequestAppliesTo=Rule-Obj-Class&RequestRuleName=pzRuleFormToolbarLockedIcon Payload: "{\"RequestClass\":\"Rule-HTML-Section\",\"RequestAppliesTo\":\"Rule-Obj-Class\",\"RequestRuleName\":\"pzRuleFormToolbarLockedIcon\"}" => HTTP 200 (24898 bytes)
[PegaHttpClient] 📡 POST https://zdk8budo.pegaacademy.net/prweb/api/CodeIntelligence/v1/rules/query?pxObjClass=Rule-HTML-Section&appliesTo=Rule-Obj-Class&pyRuleName=pzRuleFormToolbarCollaborators&RequestClass=Rule-HTML-Section&RequestAppliesTo=Rule-Obj-Class&RequestRuleName=pzRuleFormToolbarCollaborators Payload: "{\"RequestClass\":\"Rule-HTML-Section\",\"RequestAppliesTo\":\"Rule-Obj-Class\",\"RequestRuleName\":\"pzRuleFormToolbarCollaborators\"}" => HTTP 200 (15254 bytes)
[PegaHttpClient] 📡 POST https://zdk8budo.pegaacademy.net/prweb/api/CodeIntelligence/v1/rules/query?pxObjClass=Rule-HTML-Section&appliesTo=Rule-Obj-Class&pyRuleName=pzRuleFormToolbarSaveAs&RequestClass=Rule-HTML-Section&RequestAppliesTo=Rule-Obj-Class&RequestRuleName=pzRuleFormToolbarSaveAs Payload: "{\"RequestClass\":\"Rule-HTML-Section\",\"RequestAppliesTo\":\"Rule-Obj-Class\",\"RequestRuleName\":\"pzRuleFormToolbarSaveAs\"}" => HTTP 200 (64084 bytes)
[PegaHttpClient] 📡 POST https://zdk8budo.pegaacademy.net/prweb/api/CodeIntelligence/v1/rules/query?pxObjClass=Rule-HTML-Section&appliesTo=Rule-Obj-Class&pyRuleName=pzRuleFormToolbarCheckin&RequestClass=Rule-HTML-Section&RequestAppliesTo=Rule-Obj-Class&RequestRuleName=pzRuleFormToolbarCheckin Payload: "{\"RequestClass\":\"Rule-HTML-Section\",\"RequestAppliesTo\":\"Rule-Obj-Class\",\"RequestRuleName\":\"pzRuleFormToolbarCheckin\"}" => HTTP 200 (119096 bytes)
[PegaHttpClient] 📡 POST https://zdk8budo.pegaacademy.net/prweb/api/CodeIntelligence/v1/rules/query?pxObjClass=Rule-HTML-Section&appliesTo=Rule-Obj-Class&pyRuleName=pzRuleFormToolbarDelete&RequestClass=Rule-HTML-Section&RequestAppliesTo=Rule-Obj-Class&RequestRuleName=pzRuleFormToolbarDelete Payload: "{\"RequestClass\":\"Rule-HTML-Section\",\"RequestAppliesTo\":\"Rule-Obj-Class\",\"RequestRuleName\":\"pzRuleFormToolbarDelete\"}" => HTTP 200 (30249 bytes)
[PegaHttpClient] 📡 POST https://zdk8budo.pegaacademy.net/prweb/api/CodeIntelligence/v1/rules/query?pxObjClass=Rule-HTML-Section&appliesTo=Rule-Obj-Class&pyRuleName=pzRuleFormToolbarSave&RequestClass=Rule-HTML-Section&RequestAppliesTo=Rule-Obj-Class&RequestRuleName=pzRuleFormToolbarSave Payload: "{\"RequestClass\":\"Rule-HTML-Section\",\"RequestAppliesTo\":\"Rule-Obj-Class\",\"RequestRuleName\":\"pzRuleFormToolbarSave\"}" => HTTP 200 (293885 bytes)
[PegaHttpClient] 📡 POST https://zdk8budo.pegaacademy.net/prweb/api/CodeIntelligence/v1/rules/query?pxObjClass=Rule-HTML-Section&appliesTo=Rule-Obj-Class&pyRuleName=pzRuleFormToolbarCheckout&RequestClass=Rule-HTML-Section&RequestAppliesTo=Rule-Obj-Class&RequestRuleName=pzRuleFormToolbarCheckout Payload: "{\"RequestClass\":\"Rule-HTML-Section\",\"RequestAppliesTo\":\"Rule-Obj-Class\",\"RequestRuleName\":\"pzRuleFormToolbarCheckout\"}" => HTTP 200 (238148 bytes)
[PegaHttpClient] 📡 POST https://zdk8budo.pegaacademy.net/prweb/api/CodeIntelligence/v1/rules/query?pxObjClass=Rule-HTML-Section&appliesTo=Rule-Obj-Class&pyRuleName=pzRemoveErrorsDataPage&RequestClass=Rule-HTML-Section&RequestAppliesTo=Rule-Obj-Class&RequestRuleName=pzRemoveErrorsDataPage Payload: "{\"RequestClass\":\"Rule-HTML-Section\",\"RequestAppliesTo\":\"Rule-Obj-Class\",\"RequestRuleName\":\"pzRemoveErrorsDataPage\"}" => HTTP 200 (16733 bytes)
[PegaHttpClient] 📡 POST https://zdk8budo.pegaacademy.net/prweb/api/CodeIntelligence/v1/rules/query?pxObjClass=Rule-HTML-Section&appliesTo=Rule-Obj-Class&pyRuleName=pzRuleFormHeaderMessagesWrapper&RequestClass=Rule-HTML-Section&RequestAppliesTo=Rule-Obj-Class&RequestRuleName=pzRuleFormHeaderMessagesWrapper Payload: "{\"RequestClass\":\"Rule-HTML-Section\",\"RequestAppliesTo\":\"Rule-Obj-Class\",\"RequestRuleName\":\"pzRuleFormHeaderMessagesWrapper\"}" => HTTP 200 (16981 bytes)
[PegaHttpClient] 📡 POST https://zdk8budo.pegaacademy.net/prweb/api/CodeIntelligence/v1/rules/query?pxObjClass=Rule-HTML-Section&appliesTo=Rule-Obj-Class&pyRuleName=pzGeneralSettingConcrete&RequestClass=Rule-HTML-Section&RequestAppliesTo=Rule-Obj-Class&RequestRuleName=pzGeneralSettingConcrete Payload: "{\"RequestClass\":\"Rule-HTML-Section\",\"RequestAppliesTo\":\"Rule-Obj-Class\",\"RequestRuleName\":\"pzGeneralSettingConcrete\"}" => HTTP 200 (59257 bytes)
[PegaHttpClient] 📡 POST https://zdk8budo.pegaacademy.net/prweb/api/CodeIntelligence/v1/rules/query?pxObjClass=Rule-HTML-Section&appliesTo=Rule-Obj-Class&pyRuleName=pzParentClass&RequestClass=Rule-HTML-Section&RequestAppliesTo=Rule-Obj-Class&RequestRuleName=pzParentClass Payload: "{\"RequestClass\":\"Rule-HTML-Section\",\"RequestAppliesTo\":\"Rule-Obj-Class\",\"RequestRuleName\":\"pzParentClass\"}" => HTTP 200 (21688 bytes)
[PegaHttpClient] 📡 POST https://zdk8budo.pegaacademy.net/prweb/api/CodeIntelligence/v1/rules/query?pxObjClass=Rule-HTML-Section&appliesTo=Rule-Obj-Class&pyRuleName=pzCreateDedicatedTable&RequestClass=Rule-HTML-Section&RequestAppliesTo=Rule-Obj-Class&RequestRuleName=pzCreateDedicatedTable Payload: "{\"RequestClass\":\"Rule-HTML-Section\",\"RequestAppliesTo\":\"Rule-Obj-Class\",\"RequestRuleName\":\"pzCreateDedicatedTable\"}" => HTTP 200 (19534 bytes)
[PegaHttpClient] 📡 POST https://zdk8budo.pegaacademy.net/prweb/api/CodeIntelligence/v1/rules/query?pxObjClass=Rule-HTML-Section&appliesTo=Rule-Obj-Class&pyRuleName=pzScm_RuleHistory&RequestClass=Rule-HTML-Section&RequestAppliesTo=Rule-Obj-Class&RequestRuleName=pzScm_RuleHistory Payload: "{\"RequestClass\":\"Rule-HTML-Section\",\"RequestAppliesTo\":\"Rule-Obj-Class\",\"RequestRuleName\":\"pzScm_RuleHistory\"}" => HTTP 200 (14682 bytes)
[PegaHttpClient] 📡 POST https://zdk8budo.pegaacademy.net/prweb/api/CodeIntelligence/v1/rules/query?pxObjClass=Rule-HTML-Section&appliesTo=Rule-Obj-Class&pyRuleName=pxDisplayCollaborators&RequestClass=Rule-HTML-Section&RequestAppliesTo=Rule-Obj-Class&RequestRuleName=pxDisplayCollaborators Payload: "{\"RequestClass\":\"Rule-HTML-Section\",\"RequestAppliesTo\":\"Rule-Obj-Class\",\"RequestRuleName\":\"pxDisplayCollaborators\"}" => HTTP 200 (94171 bytes)
[PegaHttpClient] 📡 POST https://zdk8budo.pegaacademy.net/prweb/api/CodeIntelligence/v1/rules/query?pxObjClass=Rule-HTML-Section&appliesTo=Rule-Obj-Class&pyRuleName=pzRuleFormToolbarDeleteCheckOut&RequestClass=Rule-HTML-Section&RequestAppliesTo=Rule-Obj-Class&RequestRuleName=pzRuleFormToolbarDeleteCheckOut Payload: "{\"RequestClass\":\"Rule-HTML-Section\",\"RequestAppliesTo\":\"Rule-Obj-Class\",\"RequestRuleName\":\"pzRuleFormToolbarDeleteCheckOut\"}" => HTTP 200 (29433 bytes)
[PegaHttpClient] 📡 POST https://zdk8budo.pegaacademy.net/prweb/api/CodeIntelligence/v1/rules/query?pxObjClass=Rule-HTML-Section&appliesTo=Rule-Obj-Class&pyRuleName=pzRuleFormToolbarDeleteRule&RequestClass=Rule-HTML-Section&RequestAppliesTo=Rule-Obj-Class&RequestRuleName=pzRuleFormToolbarDeleteRule Payload: "{\"RequestClass\":\"Rule-HTML-Section\",\"RequestAppliesTo\":\"Rule-Obj-Class\",\"RequestRuleName\":\"pzRuleFormToolbarDeleteRule\"}" => HTTP 200 (32314 bytes)
[PegaHttpClient] 📡 POST https://zdk8budo.pegaacademy.net/prweb/api/CodeIntelligence/v1/rules/query?pxObjClass=Rule-HTML-Section&appliesTo=Rule-Obj-Class&pyRuleName=pzLoadCollaborationScripts&RequestClass=Rule-HTML-Section&RequestAppliesTo=Rule-Obj-Class&RequestRuleName=pzLoadCollaborationScripts Payload: "{\"RequestClass\":\"Rule-HTML-Section\",\"RequestAppliesTo\":\"Rule-Obj-Class\",\"RequestRuleName\":\"pzLoadCollaborationScripts\"}" => HTTP 200 (23453 bytes)
[PegaHttpClient] 📡 POST https://zdk8budo.pegaacademy.net/prweb/api/CodeIntelligence/v1/rules/query?pxObjClass=Rule-HTML-Section&appliesTo=Rule-Obj-Class&pyRuleName=pzDisplayCollaboratorsList&RequestClass=Rule-HTML-Section&RequestAppliesTo=Rule-Obj-Class&RequestRuleName=pzDisplayCollaboratorsList Payload: "{\"RequestClass\":\"Rule-HTML-Section\",\"RequestAppliesTo\":\"Rule-Obj-Class\",\"RequestRuleName\":\"pzDisplayCollaboratorsList\"}" => HTTP 200 (105418 bytes)
[PegaHttpClient] 📡 POST https://zdk8budo.pegaacademy.net/prweb/api/CodeIntelligence/v1/rules/query?pxObjClass=Rule-HTML-Section&appliesTo=Rule-Obj-Class&pyRuleName=pyCollaborator&RequestClass=Rule-HTML-Section&RequestAppliesTo=Rule-Obj-Class&RequestRuleName=pyCollaborator Payload: "{\"RequestClass\":\"Rule-HTML-Section\",\"RequestAppliesTo\":\"Rule-Obj-Class\",\"RequestRuleName\":\"pyCollaborator\"}" => HTTP 404 (106 bytes)
[PegaHttpClient] 📡 POST https://zdk8budo.pegaacademy.net/prweb/PRRestService/CodeIntelligence/v1/rules/query?pxObjClass=Rule-HTML-Section&appliesTo=Rule-Obj-Class&pyRuleName=pyCollaborator&RequestClass=Rule-HTML-Section&RequestAppliesTo=Rule-Obj-Class&RequestRuleName=pyCollaborator Payload: "{\"RequestClass\":\"Rule-HTML-Section\",\"RequestAppliesTo\":\"Rule-Obj-Class\",\"RequestRuleName\":\"pyCollaborator\"}" => HTTP 404 (106 bytes)
[PegaHttpClient] 📡 POST https://zdk8budo.pegaacademy.net/prweb/api/HRAppsV2Service/V1/rules/query?pxObjClass=Rule-HTML-Section&appliesTo=Rule-Obj-Class&pyRuleName=pyCollaborator&RequestClass=Rule-HTML-Section&RequestAppliesTo=Rule-Obj-Class&RequestRuleName=pyCollaborator Payload: "{\"RequestClass\":\"Rule-HTML-Section\",\"RequestAppliesTo\":\"Rule-Obj-Class\",\"RequestRuleName\":\"pyCollaborator\"}" => HTTP 404 (18 bytes)
[PegaHttpClient] 📡 POST https://zdk8budo.pegaacademy.net/prweb/PRRestService/HRAppsV2Service/V1/rules/query?pxObjClass=Rule-HTML-Section&appliesTo=Rule-Obj-Class&pyRuleName=pyCollaborator&RequestClass=Rule-HTML-Section&RequestAppliesTo=Rule-Obj-Class&RequestRuleName=pyCollaborator Payload: "{\"RequestClass\":\"Rule-HTML-Section\",\"RequestAppliesTo\":\"Rule-Obj-Class\",\"RequestRuleName\":\"pyCollaborator\"}" => HTTP 404 (18 bytes)
[PegaHttpClient] 📡 POST https://zdk8budo.pegaacademy.net/prweb/api/HRAppsV2/V1/rules/query?pxObjClass=Rule-HTML-Section&appliesTo=Rule-Obj-Class&pyRuleName=pyCollaborator&RequestClass=Rule-HTML-Section&RequestAppliesTo=Rule-Obj-Class&RequestRuleName=pyCollaborator Payload: "{\"RequestClass\":\"Rule-HTML-Section\",\"RequestAppliesTo\":\"Rule-Obj-Class\",\"RequestRuleName\":\"pyCollaborator\"}" => HTTP 404 (18 bytes)
[PegaHttpClient] 📡 POST https://zdk8budo.pegaacademy.net/prweb/PRRestService/HRAppsV2/V1/rules/query?pxObjClass=Rule-HTML-Section&appliesTo=Rule-Obj-Class&pyRuleName=pyCollaborator&RequestClass=Rule-HTML-Section&RequestAppliesTo=Rule-Obj-Class&RequestRuleName=pyCollaborator Payload: "{\"RequestClass\":\"Rule-HTML-Section\",\"RequestAppliesTo\":\"Rule-Obj-Class\",\"RequestRuleName\":\"pyCollaborator\"}" => HTTP 404 (18 bytes)
[PegaHttpClient] 📡 POST https://zdk8budo.pegaacademy.net/prweb/api/v1/rules/query?pxObjClass=Rule-HTML-Section&appliesTo=Rule-Obj-Class&pyRuleName=pyCollaborator&RequestClass=Rule-HTML-Section&RequestAppliesTo=Rule-Obj-Class&RequestRuleName=pyCollaborator Payload: "{\"RequestClass\":\"Rule-HTML-Section\",\"RequestAppliesTo\":\"Rule-Obj-Class\",\"RequestRuleName\":\"pyCollaborator\"}" => HTTP 404 (18 bytes)
[PegaHttpClient] 📡 POST https://zdk8budo.pegaacademy.net/prweb/PRRestService/v1/rules/query?pxObjClass=Rule-HTML-Section&appliesTo=Rule-Obj-Class&pyRuleName=pyCollaborator&RequestClass=Rule-HTML-Section&RequestAppliesTo=Rule-Obj-Class&RequestRuleName=pyCollaborator Payload: "{\"RequestClass\":\"Rule-HTML-Section\",\"RequestAppliesTo\":\"Rule-Obj-Class\",\"RequestRuleName\":\"pyCollaborator\"}" => HTTP 404 (18 bytes)
[PegaHttpClient] 📡 POST https://zdk8budo.pegaacademy.net/prweb/api/CodeIntelligence/v1/rules/query?pxObjClass=Rule-HTML-Section&appliesTo=Rule-Obj-Class&pyRuleName=pzDisplayPartialCount&RequestClass=Rule-HTML-Section&RequestAppliesTo=Rule-Obj-Class&RequestRuleName=pzDisplayPartialCount Payload: "{\"RequestClass\":\"Rule-HTML-Section\",\"RequestAppliesTo\":\"Rule-Obj-Class\",\"RequestRuleName\":\"pzDisplayPartialCount\"}" => HTTP 404 (113 bytes)
[PegaHttpClient] 📡 POST https://zdk8budo.pegaacademy.net/prweb/PRRestService/CodeIntelligence/v1/rules/query?pxObjClass=Rule-HTML-Section&appliesTo=Rule-Obj-Class&pyRuleName=pzDisplayPartialCount&RequestClass=Rule-HTML-Section&RequestAppliesTo=Rule-Obj-Class&RequestRuleName=pzDisplayPartialCount Payload: "{\"RequestClass\":\"Rule-HTML-Section\",\"RequestAppliesTo\":\"Rule-Obj-Class\",\"RequestRuleName\":\"pzDisplayPartialCount\"}" => HTTP 404 (113 bytes)
[PegaHttpClient] 📡 POST https://zdk8budo.pegaacademy.net/prweb/api/HRAppsV2Service/V1/rules/query?pxObjClass=Rule-HTML-Section&appliesTo=Rule-Obj-Class&pyRuleName=pzDisplayPartialCount&RequestClass=Rule-HTML-Section&RequestAppliesTo=Rule-Obj-Class&RequestRuleName=pzDisplayPartialCount Payload: "{\"RequestClass\":\"Rule-HTML-Section\",\"RequestAppliesTo\":\"Rule-Obj-Class\",\"RequestRuleName\":\"pzDisplayPartialCount\"}" => HTTP 404 (18 bytes)
[PegaHttpClient] 📡 POST https://zdk8budo.pegaacademy.net/prweb/PRRestService/HRAppsV2Service/V1/rules/query?pxObjClass=Rule-HTML-Section&appliesTo=Rule-Obj-Class&pyRuleName=pzDisplayPartialCount&RequestClass=Rule-HTML-Section&RequestAppliesTo=Rule-Obj-Class&RequestRuleName=pzDisplayPartialCount Payload: "{\"RequestClass\":\"Rule-HTML-Section\",\"RequestAppliesTo\":\"Rule-Obj-Class\",\"RequestRuleName\":\"pzDisplayPartialCount\"}" => HTTP 404 (18 bytes)
[PegaHttpClient] 📡 POST https://zdk8budo.pegaacademy.net/prweb/api/HRAppsV2/V1/rules/query?pxObjClass=Rule-HTML-Section&appliesTo=Rule-Obj-Class&pyRuleName=pzDisplayPartialCount&RequestClass=Rule-HTML-Section&RequestAppliesTo=Rule-Obj-Class&RequestRuleName=pzDisplayPartialCount Payload: "{\"RequestClass\":\"Rule-HTML-Section\",\"RequestAppliesTo\":\"Rule-Obj-Class\",\"RequestRuleName\":\"pzDisplayPartialCount\"}" => HTTP 404 (18 bytes)
[PegaHttpClient] 📡 POST https://zdk8budo.pegaacademy.net/prweb/PRRestService/HRAppsV2/V1/rules/query?pxObjClass=Rule-HTML-Section&appliesTo=Rule-Obj-Class&pyRuleName=pzDisplayPartialCount&RequestClass=Rule-HTML-Section&RequestAppliesTo=Rule-Obj-Class&RequestRuleName=pzDisplayPartialCount Payload: "{\"RequestClass\":\"Rule-HTML-Section\",\"RequestAppliesTo\":\"Rule-Obj-Class\",\"RequestRuleName\":\"pzDisplayPartialCount\"}" => HTTP 404 (18 bytes)
[PegaHttpClient] 📡 POST https://zdk8budo.pegaacademy.net/prweb/api/v1/rules/query?pxObjClass=Rule-HTML-Section&appliesTo=Rule-Obj-Class&pyRuleName=pzDisplayPartialCount&RequestClass=Rule-HTML-Section&RequestAppliesTo=Rule-Obj-Class&RequestRuleName=pzDisplayPartialCount Payload: "{\"RequestClass\":\"Rule-HTML-Section\",\"RequestAppliesTo\":\"Rule-Obj-Class\",\"RequestRuleName\":\"pzDisplayPartialCount\"}" => HTTP 404 (18 bytes)
[PegaHttpClient] 📡 POST https://zdk8budo.pegaacademy.net/prweb/PRRestService/v1/rules/query?pxObjClass=Rule-HTML-Section&appliesTo=Rule-Obj-Class&pyRuleName=pzDisplayPartialCount&RequestClass=Rule-HTML-Section&RequestAppliesTo=Rule-Obj-Class&RequestRuleName=pzDisplayPartialCount Payload: "{\"RequestClass\":\"Rule-HTML-Section\",\"RequestAppliesTo\":\"Rule-Obj-Class\",\"RequestRuleName\":\"pzDisplayPartialCount\"}" => HTTP 404 (18 bytes)
[SchemaGen] ✅ Schema written for Rule-Obj-Class
[PegaHttpClient] 📡 GET https://zdk8budo.pegaacademy.net/prweb/api/CodeIntelligence/v1/rules/RULE-HTML-HARNESS%20RULE-OBJ-BATCH%20RULEFORM%20%2320180713T135119.330%20GMT => HTTP 200 (29116 bytes)
[PegaHttpClient] 📡 POST https://zdk8budo.pegaacademy.net/prweb/api/CodeIntelligence/v1/rules/query?pxObjClass=Rule-HTML-Section&appliesTo=Rule-Obj-Batch&pyRuleName=RuleFormMain&RequestClass=Rule-HTML-Section&RequestAppliesTo=Rule-Obj-Batch&RequestRuleName=RuleFormMain Payload: "{\"RequestClass\":\"Rule-HTML-Section\",\"RequestAppliesTo\":\"Rule-Obj-Batch\",\"RequestRuleName\":\"RuleFormMain\"}" => HTTP 200 (156234 bytes)
[PegaHttpClient] 📡 POST https://zdk8budo.pegaacademy.net/prweb/api/CodeIntelligence/v1/rules/query?pxObjClass=Rule-HTML-Section&appliesTo=Rule-Obj-Batch&pyRuleName=pxAlternateRuleForm&RequestClass=Rule-HTML-Section&RequestAppliesTo=Rule-Obj-Batch&RequestRuleName=pxAlternateRuleForm Payload: "{\"RequestClass\":\"Rule-HTML-Section\",\"RequestAppliesTo\":\"Rule-Obj-Batch\",\"RequestRuleName\":\"pxAlternateRuleForm\"}" => HTTP 200 (66153 bytes)
[PegaHttpClient] 📡 POST https://zdk8budo.pegaacademy.net/prweb/api/CodeIntelligence/v1/rules/query?pxObjClass=Rule-HTML-Section&appliesTo=Rule-Obj-Batch&pyRuleName=pzRuleFormScripts&RequestClass=Rule-HTML-Section&RequestAppliesTo=Rule-Obj-Batch&RequestRuleName=pzRuleFormScripts Payload: "{\"RequestClass\":\"Rule-HTML-Section\",\"RequestAppliesTo\":\"Rule-Obj-Batch\",\"RequestRuleName\":\"pzRuleFormScripts\"}" => HTTP 200 (40822 bytes)
[PegaHttpClient] 📡 POST https://zdk8budo.pegaacademy.net/prweb/api/CodeIntelligence/v1/rules/query?pxObjClass=Rule-HTML-Section&appliesTo=Rule-Obj-Batch&pyRuleName=pzRuleFormLayoutDelegated&RequestClass=Rule-HTML-Section&RequestAppliesTo=Rule-Obj-Batch&RequestRuleName=pzRuleFormLayoutDelegated Payload: "{\"RequestClass\":\"Rule-HTML-Section\",\"RequestAppliesTo\":\"Rule-Obj-Batch\",\"RequestRuleName\":\"pzRuleFormLayoutDelegated\"}" => HTTP 200 (70998 bytes)
[PegaHttpClient] 📡 POST https://zdk8budo.pegaacademy.net/prweb/api/CodeIntelligence/v1/rules/query?pxObjClass=Rule-HTML-Section&appliesTo=Rule-Obj-Batch&pyRuleName=RuleFormLayout&RequestClass=Rule-HTML-Section&RequestAppliesTo=Rule-Obj-Batch&RequestRuleName=RuleFormLayout Payload: "{\"RequestClass\":\"Rule-HTML-Section\",\"RequestAppliesTo\":\"Rule-Obj-Batch\",\"RequestRuleName\":\"RuleFormLayout\"}" => HTTP 200 (111214 bytes)
[PegaHttpClient] 📡 POST https://zdk8budo.pegaacademy.net/prweb/api/CodeIntelligence/v1/rules/query?pxObjClass=Rule-HTML-Section&appliesTo=Rule-Obj-Batch&pyRuleName=RuleFormSettings&RequestClass=Rule-HTML-Section&RequestAppliesTo=Rule-Obj-Batch&RequestRuleName=RuleFormSettings Payload: "{\"RequestClass\":\"Rule-HTML-Section\",\"RequestAppliesTo\":\"Rule-Obj-Batch\",\"RequestRuleName\":\"RuleFormSettings\"}" => HTTP 200 (20540 bytes)
[PegaHttpClient] 📡 POST https://zdk8budo.pegaacademy.net/prweb/api/CodeIntelligence/v1/rules/query?pxObjClass=Rule-HTML-Section&appliesTo=Rule-Obj-Batch&pyRuleName=OpenAuthoring&RequestClass=Rule-HTML-Section&RequestAppliesTo=Rule-Obj-Batch&RequestRuleName=OpenAuthoring Payload: "{\"RequestClass\":\"Rule-HTML-Section\",\"RequestAppliesTo\":\"Rule-Obj-Batch\",\"RequestRuleName\":\"OpenAuthoring\"}" => HTTP 200 (23695 bytes)
[PegaHttpClient] 📡 POST https://zdk8budo.pegaacademy.net/prweb/api/CodeIntelligence/v1/rules/query?pxObjClass=Rule-HTML-Section&appliesTo=Rule-Obj-Batch&pyRuleName=pyCustomHelp&RequestClass=Rule-HTML-Section&RequestAppliesTo=Rule-Obj-Batch&RequestRuleName=pyCustomHelp Payload: "{\"RequestClass\":\"Rule-HTML-Section\",\"RequestAppliesTo\":\"Rule-Obj-Batch\",\"RequestRuleName\":\"pyCustomHelp\"}" => HTTP 200 (17256 bytes)
[PegaHttpClient] 📡 POST https://zdk8budo.pegaacademy.net/prweb/api/CodeIntelligence/v1/rules/query?pxObjClass=Rule-HTML-Section&appliesTo=Rule-Obj-Batch&pyRuleName=pzRuleformMainInclude&RequestClass=Rule-HTML-Section&RequestAppliesTo=Rule-Obj-Batch&RequestRuleName=pzRuleformMainInclude Payload: "{\"RequestClass\":\"Rule-HTML-Section\",\"RequestAppliesTo\":\"Rule-Obj-Batch\",\"RequestRuleName\":\"pzRuleformMainInclude\"}" => HTTP 200 (22375 bytes)
[PegaHttpClient] 📡 POST https://zdk8budo.pegaacademy.net/prweb/api/CodeIntelligence/v1/rules/query?pxObjClass=Rule-HTML-Section&appliesTo=Rule-Obj-Batch&pyRuleName=pyAlternativeRuleFormStrategicAppExtension&RequestClass=Rule-HTML-Section&RequestAppliesTo=Rule-Obj-Batch&RequestRuleName=pyAlternativeRuleFormStrategicAppExtension Payload: "{\"RequestClass\":\"Rule-HTML-Section\",\"RequestAppliesTo\":\"Rule-Obj-Batch\",\"RequestRuleName\":\"pyAlternativeRuleFormStrategicAppExtension\"}" => HTTP 200 (25042 bytes)
[PegaHttpClient] 📡 POST https://zdk8budo.pegaacademy.net/prweb/api/CodeIntelligence/v1/rules/query?pxObjClass=Rule-HTML-Section&appliesTo=Rule-Obj-Batch&pyRuleName=pyAlternativeRuleFormExtension&RequestClass=Rule-HTML-Section&RequestAppliesTo=Rule-Obj-Batch&RequestRuleName=pyAlternativeRuleFormExtension Payload: "{\"RequestClass\":\"Rule-HTML-Section\",\"RequestAppliesTo\":\"Rule-Obj-Batch\",\"RequestRuleName\":\"pyAlternativeRuleFormExtension\"}" => HTTP 200 (24863 bytes)
[PegaHttpClient] 📡 POST https://zdk8budo.pegaacademy.net/prweb/api/CodeIntelligence/v1/rules/query?pxObjClass=Rule-HTML-Section&appliesTo=Rule-Obj-Batch&pyRuleName=RuleFormHeader&RequestClass=Rule-HTML-Section&RequestAppliesTo=Rule-Obj-Batch&RequestRuleName=RuleFormHeader Payload: "{\"RequestClass\":\"Rule-HTML-Section\",\"RequestAppliesTo\":\"Rule-Obj-Batch\",\"RequestRuleName\":\"RuleFormHeader\"}" => HTTP 200 (183800 bytes)
[PegaHttpClient] 📡 POST https://zdk8budo.pegaacademy.net/prweb/api/CodeIntelligence/v1/rules/query?pxObjClass=Rule-HTML-Section&appliesTo=Rule-Obj-Batch&pyRuleName=pzDelegationExperience&RequestClass=Rule-HTML-Section&RequestAppliesTo=Rule-Obj-Batch&RequestRuleName=pzDelegationExperience Payload: "{\"RequestClass\":\"Rule-HTML-Section\",\"RequestAppliesTo\":\"Rule-Obj-Batch\",\"RequestRuleName\":\"pzDelegationExperience\"}" => HTTP 404 (114 bytes)
[PegaHttpClient] 📡 POST https://zdk8budo.pegaacademy.net/prweb/PRRestService/CodeIntelligence/v1/rules/query?pxObjClass=Rule-HTML-Section&appliesTo=Rule-Obj-Batch&pyRuleName=pzDelegationExperience&RequestClass=Rule-HTML-Section&RequestAppliesTo=Rule-Obj-Batch&RequestRuleName=pzDelegationExperience Payload: "{\"RequestClass\":\"Rule-HTML-Section\",\"RequestAppliesTo\":\"Rule-Obj-Batch\",\"RequestRuleName\":\"pzDelegationExperience\"}" => HTTP 404 (114 bytes)
[PegaHttpClient] 📡 POST https://zdk8budo.pegaacademy.net/prweb/api/HRAppsV2Service/V1/rules/query?pxObjClass=Rule-HTML-Section&appliesTo=Rule-Obj-Batch&pyRuleName=pzDelegationExperience&RequestClass=Rule-HTML-Section&RequestAppliesTo=Rule-Obj-Batch&RequestRuleName=pzDelegationExperience Payload: "{\"RequestClass\":\"Rule-HTML-Section\",\"RequestAppliesTo\":\"Rule-Obj-Batch\",\"RequestRuleName\":\"pzDelegationExperience\"}" => HTTP 404 (18 bytes)
[PegaHttpClient] 📡 POST https://zdk8budo.pegaacademy.net/prweb/PRRestService/HRAppsV2Service/V1/rules/query?pxObjClass=Rule-HTML-Section&appliesTo=Rule-Obj-Batch&pyRuleName=pzDelegationExperience&RequestClass=Rule-HTML-Section&RequestAppliesTo=Rule-Obj-Batch&RequestRuleName=pzDelegationExperience Payload: "{\"RequestClass\":\"Rule-HTML-Section\",\"RequestAppliesTo\":\"Rule-Obj-Batch\",\"RequestRuleName\":\"pzDelegationExperience\"}" => HTTP 404 (18 bytes)
[PegaHttpClient] 📡 POST https://zdk8budo.pegaacademy.net/prweb/api/HRAppsV2/V1/rules/query?pxObjClass=Rule-HTML-Section&appliesTo=Rule-Obj-Batch&pyRuleName=pzDelegationExperience&RequestClass=Rule-HTML-Section&RequestAppliesTo=Rule-Obj-Batch&RequestRuleName=pzDelegationExperience Payload: "{\"RequestClass\":\"Rule-HTML-Section\",\"RequestAppliesTo\":\"Rule-Obj-Batch\",\"RequestRuleName\":\"pzDelegationExperience\"}" => HTTP 404 (18 bytes)
[PegaHttpClient] 📡 POST https://zdk8budo.pegaacademy.net/prweb/PRRestService/HRAppsV2/V1/rules/query?pxObjClass=Rule-HTML-Section&appliesTo=Rule-Obj-Batch&pyRuleName=pzDelegationExperience&RequestClass=Rule-HTML-Section&RequestAppliesTo=Rule-Obj-Batch&RequestRuleName=pzDelegationExperience Payload: "{\"RequestClass\":\"Rule-HTML-Section\",\"RequestAppliesTo\":\"Rule-Obj-Batch\",\"RequestRuleName\":\"pzDelegationExperience\"}" => HTTP 404 (18 bytes)
[PegaHttpClient] 📡 POST https://zdk8budo.pegaacademy.net/prweb/api/v1/rules/query?pxObjClass=Rule-HTML-Section&appliesTo=Rule-Obj-Batch&pyRuleName=pzDelegationExperience&RequestClass=Rule-HTML-Section&RequestAppliesTo=Rule-Obj-Batch&RequestRuleName=pzDelegationExperience Payload: "{\"RequestClass\":\"Rule-HTML-Section\",\"RequestAppliesTo\":\"Rule-Obj-Batch\",\"RequestRuleName\":\"pzDelegationExperience\"}" => HTTP 404 (18 bytes)
[PegaHttpClient] 📡 POST https://zdk8budo.pegaacademy.net/prweb/PRRestService/v1/rules/query?pxObjClass=Rule-HTML-Section&appliesTo=Rule-Obj-Batch&pyRuleName=pzDelegationExperience&RequestClass=Rule-HTML-Section&RequestAppliesTo=Rule-Obj-Batch&RequestRuleName=pzDelegationExperience Payload: "{\"RequestClass\":\"Rule-HTML-Section\",\"RequestAppliesTo\":\"Rule-Obj-Batch\",\"RequestRuleName\":\"pzDelegationExperience\"}" => HTTP 404 (18 bytes)
[PegaHttpClient] 📡 POST https://zdk8budo.pegaacademy.net/prweb/api/CodeIntelligence/v1/rules/query?pxObjClass=Rule-HTML-Section&appliesTo=Rule-Obj-Batch&pyRuleName=pzGeneral&RequestClass=Rule-HTML-Section&RequestAppliesTo=Rule-Obj-Batch&RequestRuleName=pzGeneral Payload: "{\"RequestClass\":\"Rule-HTML-Section\",\"RequestAppliesTo\":\"Rule-Obj-Batch\",\"RequestRuleName\":\"pzGeneral\"}" => HTTP 200 (74008 bytes)
[PegaHttpClient] 📡 POST https://zdk8budo.pegaacademy.net/prweb/api/CodeIntelligence/v1/rules/query?pxObjClass=Rule-HTML-Section&appliesTo=Rule-Obj-Batch&pyRuleName=pzRuleFormParameters&RequestClass=Rule-HTML-Section&RequestAppliesTo=Rule-Obj-Batch&RequestRuleName=pzRuleFormParameters Payload: "{\"RequestClass\":\"Rule-HTML-Section\",\"RequestAppliesTo\":\"Rule-Obj-Batch\",\"RequestRuleName\":\"pzRuleFormParameters\"}" => HTTP 200 (81699 bytes)
[PegaHttpClient] 📡 POST https://zdk8budo.pegaacademy.net/prweb/api/CodeIntelligence/v1/rules/query?pxObjClass=Rule-HTML-Section&appliesTo=Rule-Obj-Batch&pyRuleName=RuleFormPagesAndClasses&RequestClass=Rule-HTML-Section&RequestAppliesTo=Rule-Obj-Batch&RequestRuleName=RuleFormPagesAndClasses Payload: "{\"RequestClass\":\"Rule-HTML-Section\",\"RequestAppliesTo\":\"Rule-Obj-Batch\",\"RequestRuleName\":\"RuleFormPagesAndClasses\"}" => HTTP 200 (34748 bytes)
[PegaHttpClient] 📡 POST https://zdk8budo.pegaacademy.net/prweb/api/CodeIntelligence/v1/rules/query?pxObjClass=Rule-HTML-Section&appliesTo=Rule-Obj-Batch&pyRuleName=pzAssociationsList&RequestClass=Rule-HTML-Section&RequestAppliesTo=Rule-Obj-Batch&RequestRuleName=pzAssociationsList Payload: "{\"RequestClass\":\"Rule-HTML-Section\",\"RequestAppliesTo\":\"Rule-Obj-Batch\",\"RequestRuleName\":\"pzAssociationsList\"}" => HTTP 200 (67866 bytes)
[PegaHttpClient] 📡 POST https://zdk8budo.pegaacademy.net/prweb/api/CodeIntelligence/v1/rules/query?pxObjClass=Rule-HTML-Section&appliesTo=Rule-Obj-Batch&pyRuleName=pzSpecifications&RequestClass=Rule-HTML-Section&RequestAppliesTo=Rule-Obj-Batch&RequestRuleName=pzSpecifications Payload: "{\"RequestClass\":\"Rule-HTML-Section\",\"RequestAppliesTo\":\"Rule-Obj-Batch\",\"RequestRuleName\":\"pzSpecifications\"}" => HTTP 200 (16577 bytes)
[PegaHttpClient] 📡 POST https://zdk8budo.pegaacademy.net/prweb/api/CodeIntelligence/v1/rules/query?pxObjClass=Rule-HTML-Section&appliesTo=Rule-Obj-Batch&pyRuleName=RuleFormHistory&RequestClass=Rule-HTML-Section&RequestAppliesTo=Rule-Obj-Batch&RequestRuleName=RuleFormHistory Payload: "{\"RequestClass\":\"Rule-HTML-Section\",\"RequestAppliesTo\":\"Rule-Obj-Batch\",\"RequestRuleName\":\"RuleFormHistory\"}" => HTTP 200 (76091 bytes)
[PegaHttpClient] 📡 POST https://zdk8budo.pegaacademy.net/prweb/api/CodeIntelligence/v1/rules/query?pxObjClass=Rule-HTML-Section&appliesTo=Rule-Obj-Batch&pyRuleName=pzCustomHelp&RequestClass=Rule-HTML-Section&RequestAppliesTo=Rule-Obj-Batch&RequestRuleName=pzCustomHelp Payload: "{\"RequestClass\":\"Rule-HTML-Section\",\"RequestAppliesTo\":\"Rule-Obj-Batch\",\"RequestRuleName\":\"pzCustomHelp\"}" => HTTP 200 (31573 bytes)
[PegaHttpClient] 📡 POST https://zdk8budo.pegaacademy.net/prweb/api/CodeIntelligence/v1/rules/query?pxObjClass=Rule-HTML-Section&appliesTo=Rule-Obj-Batch&pyRuleName=pzRuleFormKeysAndDescription&RequestClass=Rule-HTML-Section&RequestAppliesTo=Rule-Obj-Batch&RequestRuleName=pzRuleFormKeysAndDescription Payload: "{\"RequestClass\":\"Rule-HTML-Section\",\"RequestAppliesTo\":\"Rule-Obj-Batch\",\"RequestRuleName\":\"pzRuleFormKeysAndDescription\"}" => HTTP 200 (218057 bytes)
[PegaHttpClient] 📡 POST https://zdk8budo.pegaacademy.net/prweb/api/CodeIntelligence/v1/rules/query?pxObjClass=Rule-HTML-Section&appliesTo=Rule-Obj-Batch&pyRuleName=pzRuleFormRuleset&RequestClass=Rule-HTML-Section&RequestAppliesTo=Rule-Obj-Batch&RequestRuleName=pzRuleFormRuleset Payload: "{\"RequestClass\":\"Rule-HTML-Section\",\"RequestAppliesTo\":\"Rule-Obj-Batch\",\"RequestRuleName\":\"pzRuleFormRuleset\"}" => HTTP 200 (33985 bytes)
[PegaHttpClient] 📡 POST https://zdk8budo.pegaacademy.net/prweb/api/CodeIntelligence/v1/rules/query?pxObjClass=Rule-HTML-Section&appliesTo=Rule-Obj-Batch&pyRuleName=undefined&RequestClass=Rule-HTML-Section&RequestAppliesTo=Rule-Obj-Batch&RequestRuleName=undefined Payload: "{\"RequestClass\":\"Rule-HTML-Section\",\"RequestAppliesTo\":\"Rule-Obj-Batch\",\"RequestRuleName\":\"undefined\"}" => HTTP 404 (101 bytes)
[PegaHttpClient] 📡 POST https://zdk8budo.pegaacademy.net/prweb/PRRestService/CodeIntelligence/v1/rules/query?pxObjClass=Rule-HTML-Section&appliesTo=Rule-Obj-Batch&pyRuleName=undefined&RequestClass=Rule-HTML-Section&RequestAppliesTo=Rule-Obj-Batch&RequestRuleName=undefined Payload: "{\"RequestClass\":\"Rule-HTML-Section\",\"RequestAppliesTo\":\"Rule-Obj-Batch\",\"RequestRuleName\":\"undefined\"}" => HTTP 404 (101 bytes)
[PegaHttpClient] 📡 POST https://zdk8budo.pegaacademy.net/prweb/api/HRAppsV2Service/V1/rules/query?pxObjClass=Rule-HTML-Section&appliesTo=Rule-Obj-Batch&pyRuleName=undefined&RequestClass=Rule-HTML-Section&RequestAppliesTo=Rule-Obj-Batch&RequestRuleName=undefined Payload: "{\"RequestClass\":\"Rule-HTML-Section\",\"RequestAppliesTo\":\"Rule-Obj-Batch\",\"RequestRuleName\":\"undefined\"}" => HTTP 404 (18 bytes)
[PegaHttpClient] 📡 POST https://zdk8budo.pegaacademy.net/prweb/PRRestService/HRAppsV2Service/V1/rules/query?pxObjClass=Rule-HTML-Section&appliesTo=Rule-Obj-Batch&pyRuleName=undefined&RequestClass=Rule-HTML-Section&RequestAppliesTo=Rule-Obj-Batch&RequestRuleName=undefined Payload: "{\"RequestClass\":\"Rule-HTML-Section\",\"RequestAppliesTo\":\"Rule-Obj-Batch\",\"RequestRuleName\":\"undefined\"}" => HTTP 404 (18 bytes)
[PegaHttpClient] 📡 POST https://zdk8budo.pegaacademy.net/prweb/api/HRAppsV2/V1/rules/query?pxObjClass=Rule-HTML-Section&appliesTo=Rule-Obj-Batch&pyRuleName=undefined&RequestClass=Rule-HTML-Section&RequestAppliesTo=Rule-Obj-Batch&RequestRuleName=undefined Payload: "{\"RequestClass\":\"Rule-HTML-Section\",\"RequestAppliesTo\":\"Rule-Obj-Batch\",\"RequestRuleName\":\"undefined\"}" => HTTP 404 (18 bytes)
[PegaHttpClient] 📡 POST https://zdk8budo.pegaacademy.net/prweb/PRRestService/HRAppsV2/V1/rules/query?pxObjClass=Rule-HTML-Section&appliesTo=Rule-Obj-Batch&pyRuleName=undefined&RequestClass=Rule-HTML-Section&RequestAppliesTo=Rule-Obj-Batch&RequestRuleName=undefined Payload: "{\"RequestClass\":\"Rule-HTML-Section\",\"RequestAppliesTo\":\"Rule-Obj-Batch\",\"RequestRuleName\":\"undefined\"}" => HTTP 404 (18 bytes)
[PegaHttpClient] 📡 POST https://zdk8budo.pegaacademy.net/prweb/api/v1/rules/query?pxObjClass=Rule-HTML-Section&appliesTo=Rule-Obj-Batch&pyRuleName=undefined&RequestClass=Rule-HTML-Section&RequestAppliesTo=Rule-Obj-Batch&RequestRuleName=undefined Payload: "{\"RequestClass\":\"Rule-HTML-Section\",\"RequestAppliesTo\":\"Rule-Obj-Batch\",\"RequestRuleName\":\"undefined\"}" => HTTP 404 (18 bytes)
[PegaHttpClient] 📡 POST https://zdk8budo.pegaacademy.net/prweb/PRRestService/v1/rules/query?pxObjClass=Rule-HTML-Section&appliesTo=Rule-Obj-Batch&pyRuleName=undefined&RequestClass=Rule-HTML-Section&RequestAppliesTo=Rule-Obj-Batch&RequestRuleName=undefined Payload: "{\"RequestClass\":\"Rule-HTML-Section\",\"RequestAppliesTo\":\"Rule-Obj-Batch\",\"RequestRuleName\":\"undefined\"}" => HTTP 404 (18 bytes)
[PegaHttpClient] 📡 POST https://zdk8budo.pegaacademy.net/prweb/api/CodeIntelligence/v1/rules/query?pxObjClass=Rule-HTML-Section&appliesTo=Rule-Obj-Batch&pyRuleName=pzRuleFormToolbar&RequestClass=Rule-HTML-Section&RequestAppliesTo=Rule-Obj-Batch&RequestRuleName=pzRuleFormToolbar Payload: "{\"RequestClass\":\"Rule-HTML-Section\",\"RequestAppliesTo\":\"Rule-Obj-Batch\",\"RequestRuleName\":\"pzRuleFormToolbar\"}" => HTTP 200 (242691 bytes)
[PegaHttpClient] 📡 POST https://zdk8budo.pegaacademy.net/prweb/api/CodeIntelligence/v1/rules/query?pxObjClass=Rule-HTML-Section&appliesTo=Rule-Obj-Batch&pyRuleName=pzRuleFormToolbarCompare&RequestClass=Rule-HTML-Section&RequestAppliesTo=Rule-Obj-Batch&RequestRuleName=pzRuleFormToolbarCompare Payload: "{\"RequestClass\":\"Rule-HTML-Section\",\"RequestAppliesTo\":\"Rule-Obj-Batch\",\"RequestRuleName\":\"pzRuleFormToolbarCompare\"}" => HTTP 200 (61925 bytes)
[PegaHttpClient] 📡 POST https://zdk8budo.pegaacademy.net/prweb/api/CodeIntelligence/v1/rules/query?pxObjClass=Rule-HTML-Section&appliesTo=Rule-Obj-Batch&pyRuleName=RuleFormHeaderMessages&RequestClass=Rule-HTML-Section&RequestAppliesTo=Rule-Obj-Batch&RequestRuleName=RuleFormHeaderMessages Payload: "{\"RequestClass\":\"Rule-HTML-Section\",\"RequestAppliesTo\":\"Rule-Obj-Batch\",\"RequestRuleName\":\"RuleFormHeaderMessages\"}" => HTTP 200 (26518 bytes)
[PegaHttpClient] 📡 POST https://zdk8budo.pegaacademy.net/prweb/api/CodeIntelligence/v1/rules/query?pxObjClass=Rule-HTML-Section&appliesTo=Rule-Obj-Batch&pyRuleName=pzRuleFormPagesAndClassesScript&RequestClass=Rule-HTML-Section&RequestAppliesTo=Rule-Obj-Batch&RequestRuleName=pzRuleFormPagesAndClassesScript Payload: "{\"RequestClass\":\"Rule-HTML-Section\",\"RequestAppliesTo\":\"Rule-Obj-Batch\",\"RequestRuleName\":\"pzRuleFormPagesAndClassesScript\"}" => HTTP 200 (15730 bytes)
[PegaHttpClient] 📡 POST https://zdk8budo.pegaacademy.net/prweb/api/CodeIntelligence/v1/rules/query?pxObjClass=Rule-HTML-Section&appliesTo=Rule-Obj-Batch&pyRuleName=pzPagesAndClassesNoMode&RequestClass=Rule-HTML-Section&RequestAppliesTo=Rule-Obj-Batch&RequestRuleName=pzPagesAndClassesNoMode Payload: "{\"RequestClass\":\"Rule-HTML-Section\",\"RequestAppliesTo\":\"Rule-Obj-Batch\",\"RequestRuleName\":\"pzPagesAndClassesNoMode\"}" => HTTP 200 (90057 bytes)
[PegaHttpClient] 📡 POST https://zdk8budo.pegaacademy.net/prweb/api/CodeIntelligence/v1/rules/query?pxObjClass=Rule-HTML-Section&appliesTo=Rule-Obj-Batch&pyRuleName=pzPagesAndClassesWithMode&RequestClass=Rule-HTML-Section&RequestAppliesTo=Rule-Obj-Batch&RequestRuleName=pzPagesAndClassesWithMode Payload: "{\"RequestClass\":\"Rule-HTML-Section\",\"RequestAppliesTo\":\"Rule-Obj-Batch\",\"RequestRuleName\":\"pzPagesAndClassesWithMode\"}" => HTTP 200 (97424 bytes)
[PegaHttpClient] 📡 POST https://zdk8budo.pegaacademy.net/prweb/api/CodeIntelligence/v1/rules/query?pxObjClass=Rule-HTML-Section&appliesTo=Rule-Obj-Batch&pyRuleName=pzSpecificationsInner&RequestClass=Rule-HTML-Section&RequestAppliesTo=Rule-Obj-Batch&RequestRuleName=pzSpecificationsInner Payload: "{\"RequestClass\":\"Rule-HTML-Section\",\"RequestAppliesTo\":\"Rule-Obj-Batch\",\"RequestRuleName\":\"pzSpecificationsInner\"}" => HTTP 200 (142370 bytes)
[PegaHttpClient] 📡 POST https://zdk8budo.pegaacademy.net/prweb/api/CodeIntelligence/v1/rules/query?pxObjClass=Rule-HTML-Section&appliesTo=Rule-Obj-Batch&pyRuleName=pzAlternateRuleInfo&RequestClass=Rule-HTML-Section&RequestAppliesTo=Rule-Obj-Batch&RequestRuleName=pzAlternateRuleInfo Payload: "{\"RequestClass\":\"Rule-HTML-Section\",\"RequestAppliesTo\":\"Rule-Obj-Batch\",\"RequestRuleName\":\"pzAlternateRuleInfo\"}" => HTTP 200 (140407 bytes)
[PegaHttpClient] 📡 POST https://zdk8budo.pegaacademy.net/prweb/api/CodeIntelligence/v1/rules/query?pxObjClass=Rule-HTML-Section&appliesTo=Rule-Obj-Batch&pyRuleName=RuleFormHistory_Description&RequestClass=Rule-HTML-Section&RequestAppliesTo=Rule-Obj-Batch&RequestRuleName=RuleFormHistory_Description Payload: "{\"RequestClass\":\"Rule-HTML-Section\",\"RequestAppliesTo\":\"Rule-Obj-Batch\",\"RequestRuleName\":\"RuleFormHistory_Description\"}" => HTTP 200 (46242 bytes)
[PegaHttpClient] 📡 POST https://zdk8budo.pegaacademy.net/prweb/api/CodeIntelligence/v1/rules/query?pxObjClass=Rule-HTML-Section&appliesTo=Rule-Obj-Batch&pyRuleName=RuleFormHistory_CustomFields&RequestClass=Rule-HTML-Section&RequestAppliesTo=Rule-Obj-Batch&RequestRuleName=RuleFormHistory_CustomFields Payload: "{\"RequestClass\":\"Rule-HTML-Section\",\"RequestAppliesTo\":\"Rule-Obj-Batch\",\"RequestRuleName\":\"RuleFormHistory_CustomFields\"}" => HTTP 200 (75856 bytes)
[PegaHttpClient] 📡 POST https://zdk8budo.pegaacademy.net/prweb/api/CodeIntelligence/v1/rules/query?pxObjClass=Rule-HTML-Section&appliesTo=Rule-Obj-Batch&pyRuleName=RuleFormHistory_HistoryDetails&RequestClass=Rule-HTML-Section&RequestAppliesTo=Rule-Obj-Batch&RequestRuleName=RuleFormHistory_HistoryDetails Payload: "{\"RequestClass\":\"Rule-HTML-Section\",\"RequestAppliesTo\":\"Rule-Obj-Batch\",\"RequestRuleName\":\"RuleFormHistory_HistoryDetails\"}" => HTTP 200 (179535 bytes)
[PegaHttpClient] 📡 POST https://zdk8budo.pegaacademy.net/prweb/api/CodeIntelligence/v1/rules/query?pxObjClass=Rule-HTML-Section&appliesTo=Rule-Obj-Batch&pyRuleName=pzRuleFormStatus&RequestClass=Rule-HTML-Section&RequestAppliesTo=Rule-Obj-Batch&RequestRuleName=pzRuleFormStatus Payload: "{\"RequestClass\":\"Rule-HTML-Section\",\"RequestAppliesTo\":\"Rule-Obj-Batch\",\"RequestRuleName\":\"pzRuleFormStatus\"}" => HTTP 200 (97627 bytes)
[PegaHttpClient] 📡 POST https://zdk8budo.pegaacademy.net/prweb/api/CodeIntelligence/v1/rules/query?pxObjClass=Rule-HTML-Section&appliesTo=Rule-Obj-Batch&pyRuleName=pzRuleFormHeaderCompareWithDropDown&RequestClass=Rule-HTML-Section&RequestAppliesTo=Rule-Obj-Batch&RequestRuleName=pzRuleFormHeaderCompareWithDropDown Payload: "{\"RequestClass\":\"Rule-HTML-Section\",\"RequestAppliesTo\":\"Rule-Obj-Batch\",\"RequestRuleName\":\"pzRuleFormHeaderCompareWithDropDown\"}" => HTTP 200 (25396 bytes)
[PegaHttpClient] 📡 POST https://zdk8budo.pegaacademy.net/prweb/api/CodeIntelligence/v1/rules/query?pxObjClass=Rule-HTML-Section&appliesTo=Rule-Obj-Batch&pyRuleName=undefined&RequestClass=Rule-HTML-Section&RequestAppliesTo=Rule-Obj-Batch&RequestRuleName=undefined Payload: "{\"RequestClass\":\"Rule-HTML-Section\",\"RequestAppliesTo\":\"Rule-Obj-Batch\",\"RequestRuleName\":\"undefined\"}" => HTTP 404 (101 bytes)
[PegaHttpClient] 📡 POST https://zdk8budo.pegaacademy.net/prweb/PRRestService/CodeIntelligence/v1/rules/query?pxObjClass=Rule-HTML-Section&appliesTo=Rule-Obj-Batch&pyRuleName=undefined&RequestClass=Rule-HTML-Section&RequestAppliesTo=Rule-Obj-Batch&RequestRuleName=undefined Payload: "{\"RequestClass\":\"Rule-HTML-Section\",\"RequestAppliesTo\":\"Rule-Obj-Batch\",\"RequestRuleName\":\"undefined\"}" => HTTP 404 (101 bytes)
[PegaHttpClient] 📡 POST https://zdk8budo.pegaacademy.net/prweb/api/HRAppsV2Service/V1/rules/query?pxObjClass=Rule-HTML-Section&appliesTo=Rule-Obj-Batch&pyRuleName=undefined&RequestClass=Rule-HTML-Section&RequestAppliesTo=Rule-Obj-Batch&RequestRuleName=undefined Payload: "{\"RequestClass\":\"Rule-HTML-Section\",\"RequestAppliesTo\":\"Rule-Obj-Batch\",\"RequestRuleName\":\"undefined\"}" => HTTP 404 (18 bytes)
[PegaHttpClient] 📡 POST https://zdk8budo.pegaacademy.net/prweb/PRRestService/HRAppsV2Service/V1/rules/query?pxObjClass=Rule-HTML-Section&appliesTo=Rule-Obj-Batch&pyRuleName=undefined&RequestClass=Rule-HTML-Section&RequestAppliesTo=Rule-Obj-Batch&RequestRuleName=undefined Payload: "{\"RequestClass\":\"Rule-HTML-Section\",\"RequestAppliesTo\":\"Rule-Obj-Batch\",\"RequestRuleName\":\"undefined\"}" => HTTP 404 (18 bytes)
[PegaHttpClient] 📡 POST https://zdk8budo.pegaacademy.net/prweb/api/HRAppsV2/V1/rules/query?pxObjClass=Rule-HTML-Section&appliesTo=Rule-Obj-Batch&pyRuleName=undefined&RequestClass=Rule-HTML-Section&RequestAppliesTo=Rule-Obj-Batch&RequestRuleName=undefined Payload: "{\"RequestClass\":\"Rule-HTML-Section\",\"RequestAppliesTo\":\"Rule-Obj-Batch\",\"RequestRuleName\":\"undefined\"}" => HTTP 404 (18 bytes)
[PegaHttpClient] 📡 POST https://zdk8budo.pegaacademy.net/prweb/PRRestService/HRAppsV2/V1/rules/query?pxObjClass=Rule-HTML-Section&appliesTo=Rule-Obj-Batch&pyRuleName=undefined&RequestClass=Rule-HTML-Section&RequestAppliesTo=Rule-Obj-Batch&RequestRuleName=undefined Payload: "{\"RequestClass\":\"Rule-HTML-Section\",\"RequestAppliesTo\":\"Rule-Obj-Batch\",\"RequestRuleName\":\"undefined\"}" => HTTP 404 (18 bytes)
[PegaHttpClient] 📡 POST https://zdk8budo.pegaacademy.net/prweb/api/v1/rules/query?pxObjClass=Rule-HTML-Section&appliesTo=Rule-Obj-Batch&pyRuleName=undefined&RequestClass=Rule-HTML-Section&RequestAppliesTo=Rule-Obj-Batch&RequestRuleName=undefined Payload: "{\"RequestClass\":\"Rule-HTML-Section\",\"RequestAppliesTo\":\"Rule-Obj-Batch\",\"RequestRuleName\":\"undefined\"}" => HTTP 404 (18 bytes)
[PegaHttpClient] 📡 POST https://zdk8budo.pegaacademy.net/prweb/PRRestService/v1/rules/query?pxObjClass=Rule-HTML-Section&appliesTo=Rule-Obj-Batch&pyRuleName=undefined&RequestClass=Rule-HTML-Section&RequestAppliesTo=Rule-Obj-Batch&RequestRuleName=undefined Payload: "{\"RequestClass\":\"Rule-HTML-Section\",\"RequestAppliesTo\":\"Rule-Obj-Batch\",\"RequestRuleName\":\"undefined\"}" => HTTP 404 (18 bytes)
[PegaHttpClient] 📡 POST https://zdk8budo.pegaacademy.net/prweb/api/CodeIntelligence/v1/rules/query?pxObjClass=Rule-HTML-Section&appliesTo=Rule-Obj-Batch&pyRuleName=pzRuleFormToolbarHotKeys&RequestClass=Rule-HTML-Section&RequestAppliesTo=Rule-Obj-Batch&RequestRuleName=pzRuleFormToolbarHotKeys Payload: "{\"RequestClass\":\"Rule-HTML-Section\",\"RequestAppliesTo\":\"Rule-Obj-Batch\",\"RequestRuleName\":\"pzRuleFormToolbarHotKeys\"}" => HTTP 200 (85058 bytes)
[PegaHttpClient] 📡 POST https://zdk8budo.pegaacademy.net/prweb/api/CodeIntelligence/v1/rules/query?pxObjClass=Rule-HTML-Section&appliesTo=Rule-Obj-Batch&pyRuleName=pzRuleFormToolbarLockedIcon&RequestClass=Rule-HTML-Section&RequestAppliesTo=Rule-Obj-Batch&RequestRuleName=pzRuleFormToolbarLockedIcon Payload: "{\"RequestClass\":\"Rule-HTML-Section\",\"RequestAppliesTo\":\"Rule-Obj-Batch\",\"RequestRuleName\":\"pzRuleFormToolbarLockedIcon\"}" => HTTP 200 (24898 bytes)
[PegaHttpClient] 📡 POST https://zdk8budo.pegaacademy.net/prweb/api/CodeIntelligence/v1/rules/query?pxObjClass=Rule-HTML-Section&appliesTo=Rule-Obj-Batch&pyRuleName=pzRuleFormToolbarCollaborators&RequestClass=Rule-HTML-Section&RequestAppliesTo=Rule-Obj-Batch&RequestRuleName=pzRuleFormToolbarCollaborators Payload: "{\"RequestClass\":\"Rule-HTML-Section\",\"RequestAppliesTo\":\"Rule-Obj-Batch\",\"RequestRuleName\":\"pzRuleFormToolbarCollaborators\"}" => HTTP 200 (15254 bytes)
[PegaHttpClient] 📡 POST https://zdk8budo.pegaacademy.net/prweb/api/CodeIntelligence/v1/rules/query?pxObjClass=Rule-HTML-Section&appliesTo=Rule-Obj-Batch&pyRuleName=pzRuleFormToolbarSaveAs&RequestClass=Rule-HTML-Section&RequestAppliesTo=Rule-Obj-Batch&RequestRuleName=pzRuleFormToolbarSaveAs Payload: "{\"RequestClass\":\"Rule-HTML-Section\",\"RequestAppliesTo\":\"Rule-Obj-Batch\",\"RequestRuleName\":\"pzRuleFormToolbarSaveAs\"}" => HTTP 200 (64084 bytes)
[PegaHttpClient] 📡 POST https://zdk8budo.pegaacademy.net/prweb/api/CodeIntelligence/v1/rules/query?pxObjClass=Rule-HTML-Section&appliesTo=Rule-Obj-Batch&pyRuleName=pzRuleFormToolbarCheckin&RequestClass=Rule-HTML-Section&RequestAppliesTo=Rule-Obj-Batch&RequestRuleName=pzRuleFormToolbarCheckin Payload: "{\"RequestClass\":\"Rule-HTML-Section\",\"RequestAppliesTo\":\"Rule-Obj-Batch\",\"RequestRuleName\":\"pzRuleFormToolbarCheckin\"}" => HTTP 200 (119096 bytes)
[PegaHttpClient] 📡 POST https://zdk8budo.pegaacademy.net/prweb/api/CodeIntelligence/v1/rules/query?pxObjClass=Rule-HTML-Section&appliesTo=Rule-Obj-Batch&pyRuleName=pzRuleFormToolbarDelete&RequestClass=Rule-HTML-Section&RequestAppliesTo=Rule-Obj-Batch&RequestRuleName=pzRuleFormToolbarDelete Payload: "{\"RequestClass\":\"Rule-HTML-Section\",\"RequestAppliesTo\":\"Rule-Obj-Batch\",\"RequestRuleName\":\"pzRuleFormToolbarDelete\"}" => HTTP 200 (30249 bytes)
[PegaHttpClient] 📡 POST https://zdk8budo.pegaacademy.net/prweb/api/CodeIntelligence/v1/rules/query?pxObjClass=Rule-HTML-Section&appliesTo=Rule-Obj-Batch&pyRuleName=pzRuleFormToolbarSave&RequestClass=Rule-HTML-Section&RequestAppliesTo=Rule-Obj-Batch&RequestRuleName=pzRuleFormToolbarSave Payload: "{\"RequestClass\":\"Rule-HTML-Section\",\"RequestAppliesTo\":\"Rule-Obj-Batch\",\"RequestRuleName\":\"pzRuleFormToolbarSave\"}" => HTTP 200 (293885 bytes)
[PegaHttpClient] 📡 POST https://zdk8budo.pegaacademy.net/prweb/api/CodeIntelligence/v1/rules/query?pxObjClass=Rule-HTML-Section&appliesTo=Rule-Obj-Batch&pyRuleName=pzRuleFormToolbarCheckout&RequestClass=Rule-HTML-Section&RequestAppliesTo=Rule-Obj-Batch&RequestRuleName=pzRuleFormToolbarCheckout Payload: "{\"RequestClass\":\"Rule-HTML-Section\",\"RequestAppliesTo\":\"Rule-Obj-Batch\",\"RequestRuleName\":\"pzRuleFormToolbarCheckout\"}" => HTTP 200 (238148 bytes)
[PegaHttpClient] 📡 POST https://zdk8budo.pegaacademy.net/prweb/api/CodeIntelligence/v1/rules/query?pxObjClass=Rule-HTML-Section&appliesTo=Rule-Obj-Batch&pyRuleName=pzRemoveErrorsDataPage&RequestClass=Rule-HTML-Section&RequestAppliesTo=Rule-Obj-Batch&RequestRuleName=pzRemoveErrorsDataPage Payload: "{\"RequestClass\":\"Rule-HTML-Section\",\"RequestAppliesTo\":\"Rule-Obj-Batch\",\"RequestRuleName\":\"pzRemoveErrorsDataPage\"}" => HTTP 200 (16733 bytes)
[PegaHttpClient] 📡 POST https://zdk8budo.pegaacademy.net/prweb/api/CodeIntelligence/v1/rules/query?pxObjClass=Rule-HTML-Section&appliesTo=Rule-Obj-Batch&pyRuleName=pzRuleFormHeaderMessagesWrapper&RequestClass=Rule-HTML-Section&RequestAppliesTo=Rule-Obj-Batch&RequestRuleName=pzRuleFormHeaderMessagesWrapper Payload: "{\"RequestClass\":\"Rule-HTML-Section\",\"RequestAppliesTo\":\"Rule-Obj-Batch\",\"RequestRuleName\":\"pzRuleFormHeaderMessagesWrapper\"}" => HTTP 200 (16981 bytes)
[PegaHttpClient] 📡 POST https://zdk8budo.pegaacademy.net/prweb/api/CodeIntelligence/v1/rules/query?pxObjClass=Rule-HTML-Section&appliesTo=Rule-Obj-Batch&pyRuleName=pzPagesAndClassesScriptNoMode&RequestClass=Rule-HTML-Section&RequestAppliesTo=Rule-Obj-Batch&RequestRuleName=pzPagesAndClassesScriptNoMode Payload: "{\"RequestClass\":\"Rule-HTML-Section\",\"RequestAppliesTo\":\"Rule-Obj-Batch\",\"RequestRuleName\":\"pzPagesAndClassesScriptNoMode\"}" => HTTP 200 (25452 bytes)
[PegaHttpClient] 📡 POST https://zdk8budo.pegaacademy.net/prweb/api/CodeIntelligence/v1/rules/query?pxObjClass=Rule-HTML-Section&appliesTo=Rule-Obj-Batch&pyRuleName=pzPagesAndClassesScript&RequestClass=Rule-HTML-Section&RequestAppliesTo=Rule-Obj-Batch&RequestRuleName=pzPagesAndClassesScript Payload: "{\"RequestClass\":\"Rule-HTML-Section\",\"RequestAppliesTo\":\"Rule-Obj-Batch\",\"RequestRuleName\":\"pzPagesAndClassesScript\"}" => HTTP 200 (24224 bytes)
[PegaHttpClient] 📡 POST https://zdk8budo.pegaacademy.net/prweb/api/CodeIntelligence/v1/rules/query?pxObjClass=Rule-HTML-Section&appliesTo=Rule-Obj-Batch&pyRuleName=pzSpecificationName&RequestClass=Rule-HTML-Section&RequestAppliesTo=Rule-Obj-Batch&RequestRuleName=pzSpecificationName Payload: "{\"RequestClass\":\"Rule-HTML-Section\",\"RequestAppliesTo\":\"Rule-Obj-Batch\",\"RequestRuleName\":\"pzSpecificationName\"}" => HTTP 404 (111 bytes)
[PegaHttpClient] 📡 POST https://zdk8budo.pegaacademy.net/prweb/PRRestService/CodeIntelligence/v1/rules/query?pxObjClass=Rule-HTML-Section&appliesTo=Rule-Obj-Batch&pyRuleName=pzSpecificationName&RequestClass=Rule-HTML-Section&RequestAppliesTo=Rule-Obj-Batch&RequestRuleName=pzSpecificationName Payload: "{\"RequestClass\":\"Rule-HTML-Section\",\"RequestAppliesTo\":\"Rule-Obj-Batch\",\"RequestRuleName\":\"pzSpecificationName\"}" => HTTP 404 (111 bytes)
[PegaHttpClient] 📡 POST https://zdk8budo.pegaacademy.net/prweb/api/HRAppsV2Service/V1/rules/query?pxObjClass=Rule-HTML-Section&appliesTo=Rule-Obj-Batch&pyRuleName=pzSpecificationName&RequestClass=Rule-HTML-Section&RequestAppliesTo=Rule-Obj-Batch&RequestRuleName=pzSpecificationName Payload: "{\"RequestClass\":\"Rule-HTML-Section\",\"RequestAppliesTo\":\"Rule-Obj-Batch\",\"RequestRuleName\":\"pzSpecificationName\"}" => HTTP 404 (18 bytes)
[PegaHttpClient] 📡 POST https://zdk8budo.pegaacademy.net/prweb/PRRestService/HRAppsV2Service/V1/rules/query?pxObjClass=Rule-HTML-Section&appliesTo=Rule-Obj-Batch&pyRuleName=pzSpecificationName&RequestClass=Rule-HTML-Section&RequestAppliesTo=Rule-Obj-Batch&RequestRuleName=pzSpecificationName Payload: "{\"RequestClass\":\"Rule-HTML-Section\",\"RequestAppliesTo\":\"Rule-Obj-Batch\",\"RequestRuleName\":\"pzSpecificationName\"}" => HTTP 404 (18 bytes)
[PegaHttpClient] 📡 POST https://zdk8budo.pegaacademy.net/prweb/api/HRAppsV2/V1/rules/query?pxObjClass=Rule-HTML-Section&appliesTo=Rule-Obj-Batch&pyRuleName=pzSpecificationName&RequestClass=Rule-HTML-Section&RequestAppliesTo=Rule-Obj-Batch&RequestRuleName=pzSpecificationName Payload: "{\"RequestClass\":\"Rule-HTML-Section\",\"RequestAppliesTo\":\"Rule-Obj-Batch\",\"RequestRuleName\":\"pzSpecificationName\"}" => HTTP 404 (18 bytes)
[PegaHttpClient] 📡 POST https://zdk8budo.pegaacademy.net/prweb/PRRestService/HRAppsV2/V1/rules/query?pxObjClass=Rule-HTML-Section&appliesTo=Rule-Obj-Batch&pyRuleName=pzSpecificationName&RequestClass=Rule-HTML-Section&RequestAppliesTo=Rule-Obj-Batch&RequestRuleName=pzSpecificationName Payload: "{\"RequestClass\":\"Rule-HTML-Section\",\"RequestAppliesTo\":\"Rule-Obj-Batch\",\"RequestRuleName\":\"pzSpecificationName\"}" => HTTP 404 (18 bytes)
[PegaHttpClient] 📡 POST https://zdk8budo.pegaacademy.net/prweb/api/v1/rules/query?pxObjClass=Rule-HTML-Section&appliesTo=Rule-Obj-Batch&pyRuleName=pzSpecificationName&RequestClass=Rule-HTML-Section&RequestAppliesTo=Rule-Obj-Batch&RequestRuleName=pzSpecificationName Payload: "{\"RequestClass\":\"Rule-HTML-Section\",\"RequestAppliesTo\":\"Rule-Obj-Batch\",\"RequestRuleName\":\"pzSpecificationName\"}" => HTTP 404 (18 bytes)
[PegaHttpClient] 📡 POST https://zdk8budo.pegaacademy.net/prweb/PRRestService/v1/rules/query?pxObjClass=Rule-HTML-Section&appliesTo=Rule-Obj-Batch&pyRuleName=pzSpecificationName&RequestClass=Rule-HTML-Section&RequestAppliesTo=Rule-Obj-Batch&RequestRuleName=pzSpecificationName Payload: "{\"RequestClass\":\"Rule-HTML-Section\",\"RequestAppliesTo\":\"Rule-Obj-Batch\",\"RequestRuleName\":\"pzSpecificationName\"}" => HTTP 404 (18 bytes)
[PegaHttpClient] 📡 POST https://zdk8budo.pegaacademy.net/prweb/api/CodeIntelligence/v1/rules/query?pxObjClass=Rule-HTML-Section&appliesTo=Rule-Obj-Batch&pyRuleName=pzScm_RuleHistory&RequestClass=Rule-HTML-Section&RequestAppliesTo=Rule-Obj-Batch&RequestRuleName=pzScm_RuleHistory Payload: "{\"RequestClass\":\"Rule-HTML-Section\",\"RequestAppliesTo\":\"Rule-Obj-Batch\",\"RequestRuleName\":\"pzScm_RuleHistory\"}" => HTTP 200 (14682 bytes)
[PegaHttpClient] 📡 POST https://zdk8budo.pegaacademy.net/prweb/api/CodeIntelligence/v1/rules/query?pxObjClass=Rule-HTML-Section&appliesTo=Rule-Obj-Batch&pyRuleName=pxDisplayCollaborators&RequestClass=Rule-HTML-Section&RequestAppliesTo=Rule-Obj-Batch&RequestRuleName=pxDisplayCollaborators Payload: "{\"RequestClass\":\"Rule-HTML-Section\",\"RequestAppliesTo\":\"Rule-Obj-Batch\",\"RequestRuleName\":\"pxDisplayCollaborators\"}" => HTTP 200 (94171 bytes)
[PegaHttpClient] 📡 POST https://zdk8budo.pegaacademy.net/prweb/api/CodeIntelligence/v1/rules/query?pxObjClass=Rule-HTML-Section&appliesTo=Rule-Obj-Batch&pyRuleName=pzRuleFormToolbarDeleteCheckOut&RequestClass=Rule-HTML-Section&RequestAppliesTo=Rule-Obj-Batch&RequestRuleName=pzRuleFormToolbarDeleteCheckOut Payload: "{\"RequestClass\":\"Rule-HTML-Section\",\"RequestAppliesTo\":\"Rule-Obj-Batch\",\"RequestRuleName\":\"pzRuleFormToolbarDeleteCheckOut\"}" => HTTP 200 (29433 bytes)
[PegaHttpClient] 📡 POST https://zdk8budo.pegaacademy.net/prweb/api/CodeIntelligence/v1/rules/query?pxObjClass=Rule-HTML-Section&appliesTo=Rule-Obj-Batch&pyRuleName=pzRuleFormToolbarDeleteRule&RequestClass=Rule-HTML-Section&RequestAppliesTo=Rule-Obj-Batch&RequestRuleName=pzRuleFormToolbarDeleteRule Payload: "{\"RequestClass\":\"Rule-HTML-Section\",\"RequestAppliesTo\":\"Rule-Obj-Batch\",\"RequestRuleName\":\"pzRuleFormToolbarDeleteRule\"}" => HTTP 200 (32314 bytes)
[PegaHttpClient] 📡 POST https://zdk8budo.pegaacademy.net/prweb/api/CodeIntelligence/v1/rules/query?pxObjClass=Rule-HTML-Section&appliesTo=Rule-Obj-Batch&pyRuleName=pzLoadCollaborationScripts&RequestClass=Rule-HTML-Section&RequestAppliesTo=Rule-Obj-Batch&RequestRuleName=pzLoadCollaborationScripts Payload: "{\"RequestClass\":\"Rule-HTML-Section\",\"RequestAppliesTo\":\"Rule-Obj-Batch\",\"RequestRuleName\":\"pzLoadCollaborationScripts\"}" => HTTP 200 (23453 bytes)
[PegaHttpClient] 📡 POST https://zdk8budo.pegaacademy.net/prweb/api/CodeIntelligence/v1/rules/query?pxObjClass=Rule-HTML-Section&appliesTo=Rule-Obj-Batch&pyRuleName=pzDisplayCollaboratorsList&RequestClass=Rule-HTML-Section&RequestAppliesTo=Rule-Obj-Batch&RequestRuleName=pzDisplayCollaboratorsList Payload: "{\"RequestClass\":\"Rule-HTML-Section\",\"RequestAppliesTo\":\"Rule-Obj-Batch\",\"RequestRuleName\":\"pzDisplayCollaboratorsList\"}" => HTTP 200 (105418 bytes)
[PegaHttpClient] 📡 POST https://zdk8budo.pegaacademy.net/prweb/api/CodeIntelligence/v1/rules/query?pxObjClass=Rule-HTML-Section&appliesTo=Rule-Obj-Batch&pyRuleName=pyCollaborator&RequestClass=Rule-HTML-Section&RequestAppliesTo=Rule-Obj-Batch&RequestRuleName=pyCollaborator Payload: "{\"RequestClass\":\"Rule-HTML-Section\",\"RequestAppliesTo\":\"Rule-Obj-Batch\",\"RequestRuleName\":\"pyCollaborator\"}" => HTTP 404 (106 bytes)
[PegaHttpClient] 📡 POST https://zdk8budo.pegaacademy.net/prweb/PRRestService/CodeIntelligence/v1/rules/query?pxObjClass=Rule-HTML-Section&appliesTo=Rule-Obj-Batch&pyRuleName=pyCollaborator&RequestClass=Rule-HTML-Section&RequestAppliesTo=Rule-Obj-Batch&RequestRuleName=pyCollaborator Payload: "{\"RequestClass\":\"Rule-HTML-Section\",\"RequestAppliesTo\":\"Rule-Obj-Batch\",\"RequestRuleName\":\"pyCollaborator\"}" => HTTP 404 (106 bytes)
[PegaHttpClient] 📡 POST https://zdk8budo.pegaacademy.net/prweb/api/HRAppsV2Service/V1/rules/query?pxObjClass=Rule-HTML-Section&appliesTo=Rule-Obj-Batch&pyRuleName=pyCollaborator&RequestClass=Rule-HTML-Section&RequestAppliesTo=Rule-Obj-Batch&RequestRuleName=pyCollaborator Payload: "{\"RequestClass\":\"Rule-HTML-Section\",\"RequestAppliesTo\":\"Rule-Obj-Batch\",\"RequestRuleName\":\"pyCollaborator\"}" => HTTP 404 (18 bytes)
[PegaHttpClient] 📡 POST https://zdk8budo.pegaacademy.net/prweb/PRRestService/HRAppsV2Service/V1/rules/query?pxObjClass=Rule-HTML-Section&appliesTo=Rule-Obj-Batch&pyRuleName=pyCollaborator&RequestClass=Rule-HTML-Section&RequestAppliesTo=Rule-Obj-Batch&RequestRuleName=pyCollaborator Payload: "{\"RequestClass\":\"Rule-HTML-Section\",\"RequestAppliesTo\":\"Rule-Obj-Batch\",\"RequestRuleName\":\"pyCollaborator\"}" => HTTP 404 (18 bytes)
[PegaHttpClient] 📡 POST https://zdk8budo.pegaacademy.net/prweb/api/HRAppsV2/V1/rules/query?pxObjClass=Rule-HTML-Section&appliesTo=Rule-Obj-Batch&pyRuleName=pyCollaborator&RequestClass=Rule-HTML-Section&RequestAppliesTo=Rule-Obj-Batch&RequestRuleName=pyCollaborator Payload: "{\"RequestClass\":\"Rule-HTML-Section\",\"RequestAppliesTo\":\"Rule-Obj-Batch\",\"RequestRuleName\":\"pyCollaborator\"}" => HTTP 404 (18 bytes)
[PegaHttpClient] 📡 POST https://zdk8budo.pegaacademy.net/prweb/PRRestService/HRAppsV2/V1/rules/query?pxObjClass=Rule-HTML-Section&appliesTo=Rule-Obj-Batch&pyRuleName=pyCollaborator&RequestClass=Rule-HTML-Section&RequestAppliesTo=Rule-Obj-Batch&RequestRuleName=pyCollaborator Payload: "{\"RequestClass\":\"Rule-HTML-Section\",\"RequestAppliesTo\":\"Rule-Obj-Batch\",\"RequestRuleName\":\"pyCollaborator\"}" => HTTP 404 (18 bytes)
[PegaHttpClient] 📡 POST https://zdk8budo.pegaacademy.net/prweb/api/v1/rules/query?pxObjClass=Rule-HTML-Section&appliesTo=Rule-Obj-Batch&pyRuleName=pyCollaborator&RequestClass=Rule-HTML-Section&RequestAppliesTo=Rule-Obj-Batch&RequestRuleName=pyCollaborator Payload: "{\"RequestClass\":\"Rule-HTML-Section\",\"RequestAppliesTo\":\"Rule-Obj-Batch\",\"RequestRuleName\":\"pyCollaborator\"}" => HTTP 404 (18 bytes)
[PegaHttpClient] 📡 POST https://zdk8budo.pegaacademy.net/prweb/PRRestService/v1/rules/query?pxObjClass=Rule-HTML-Section&appliesTo=Rule-Obj-Batch&pyRuleName=pyCollaborator&RequestClass=Rule-HTML-Section&RequestAppliesTo=Rule-Obj-Batch&RequestRuleName=pyCollaborator Payload: "{\"RequestClass\":\"Rule-HTML-Section\",\"RequestAppliesTo\":\"Rule-Obj-Batch\",\"RequestRuleName\":\"pyCollaborator\"}" => HTTP 404 (18 bytes)
[PegaHttpClient] 📡 POST https://zdk8budo.pegaacademy.net/prweb/api/CodeIntelligence/v1/rules/query?pxObjClass=Rule-HTML-Section&appliesTo=Rule-Obj-Batch&pyRuleName=pzDisplayPartialCount&RequestClass=Rule-HTML-Section&RequestAppliesTo=Rule-Obj-Batch&RequestRuleName=pzDisplayPartialCount Payload: "{\"RequestClass\":\"Rule-HTML-Section\",\"RequestAppliesTo\":\"Rule-Obj-Batch\",\"RequestRuleName\":\"pzDisplayPartialCount\"}" => HTTP 404 (113 bytes)
[PegaHttpClient] 📡 POST https://zdk8budo.pegaacademy.net/prweb/PRRestService/CodeIntelligence/v1/rules/query?pxObjClass=Rule-HTML-Section&appliesTo=Rule-Obj-Batch&pyRuleName=pzDisplayPartialCount&RequestClass=Rule-HTML-Section&RequestAppliesTo=Rule-Obj-Batch&RequestRuleName=pzDisplayPartialCount Payload: "{\"RequestClass\":\"Rule-HTML-Section\",\"RequestAppliesTo\":\"Rule-Obj-Batch\",\"RequestRuleName\":\"pzDisplayPartialCount\"}" => HTTP 404 (113 bytes)
[PegaHttpClient] 📡 POST https://zdk8budo.pegaacademy.net/prweb/api/HRAppsV2Service/V1/rules/query?pxObjClass=Rule-HTML-Section&appliesTo=Rule-Obj-Batch&pyRuleName=pzDisplayPartialCount&RequestClass=Rule-HTML-Section&RequestAppliesTo=Rule-Obj-Batch&RequestRuleName=pzDisplayPartialCount Payload: "{\"RequestClass\":\"Rule-HTML-Section\",\"RequestAppliesTo\":\"Rule-Obj-Batch\",\"RequestRuleName\":\"pzDisplayPartialCount\"}" => HTTP 404 (18 bytes)
[PegaHttpClient] 📡 POST https://zdk8budo.pegaacademy.net/prweb/PRRestService/HRAppsV2Service/V1/rules/query?pxObjClass=Rule-HTML-Section&appliesTo=Rule-Obj-Batch&pyRuleName=pzDisplayPartialCount&RequestClass=Rule-HTML-Section&RequestAppliesTo=Rule-Obj-Batch&RequestRuleName=pzDisplayPartialCount Payload: "{\"RequestClass\":\"Rule-HTML-Section\",\"RequestAppliesTo\":\"Rule-Obj-Batch\",\"RequestRuleName\":\"pzDisplayPartialCount\"}" => HTTP 404 (18 bytes)
[PegaHttpClient] 📡 POST https://zdk8budo.pegaacademy.net/prweb/api/HRAppsV2/V1/rules/query?pxObjClass=Rule-HTML-Section&appliesTo=Rule-Obj-Batch&pyRuleName=pzDisplayPartialCount&RequestClass=Rule-HTML-Section&RequestAppliesTo=Rule-Obj-Batch&RequestRuleName=pzDisplayPartialCount Payload: "{\"RequestClass\":\"Rule-HTML-Section\",\"RequestAppliesTo\":\"Rule-Obj-Batch\",\"RequestRuleName\":\"pzDisplayPartialCount\"}" => HTTP 404 (18 bytes)
[PegaHttpClient] 📡 POST https://zdk8budo.pegaacademy.net/prweb/PRRestService/HRAppsV2/V1/rules/query?pxObjClass=Rule-HTML-Section&appliesTo=Rule-Obj-Batch&pyRuleName=pzDisplayPartialCount&RequestClass=Rule-HTML-Section&RequestAppliesTo=Rule-Obj-Batch&RequestRuleName=pzDisplayPartialCount Payload: "{\"RequestClass\":\"Rule-HTML-Section\",\"RequestAppliesTo\":\"Rule-Obj-Batch\",\"RequestRuleName\":\"pzDisplayPartialCount\"}" => HTTP 404 (18 bytes)
[PegaHttpClient] 📡 POST https://zdk8budo.pegaacademy.net/prweb/api/v1/rules/query?pxObjClass=Rule-HTML-Section&appliesTo=Rule-Obj-Batch&pyRuleName=pzDisplayPartialCount&RequestClass=Rule-HTML-Section&RequestAppliesTo=Rule-Obj-Batch&RequestRuleName=pzDisplayPartialCount Payload: "{\"RequestClass\":\"Rule-HTML-Section\",\"RequestAppliesTo\":\"Rule-Obj-Batch\",\"RequestRuleName\":\"pzDisplayPartialCount\"}" => HTTP 404 (18 bytes)
[PegaHttpClient] 📡 POST https://zdk8budo.pegaacademy.net/prweb/PRRestService/v1/rules/query?pxObjClass=Rule-HTML-Section&appliesTo=Rule-Obj-Batch&pyRuleName=pzDisplayPartialCount&RequestClass=Rule-HTML-Section&RequestAppliesTo=Rule-Obj-Batch&RequestRuleName=pzDisplayPartialCount Payload: "{\"RequestClass\":\"Rule-HTML-Section\",\"RequestAppliesTo\":\"Rule-Obj-Batch\",\"RequestRuleName\":\"pzDisplayPartialCount\"}" => HTTP 404 (18 bytes)
[SchemaGen] ✅ Schema written for Rule-Obj-Batch
[PegaHttpClient] 📡 GET https://zdk8budo.pegaacademy.net/prweb/api/CodeIntelligence/v1/rules/RULE-HTML-HARNESS%20RULE-OBJ-ACTIVITY%20RULEFORM%20%2320180713T135119.301%20GMT => HTTP 200 (31065 bytes)
[PegaHttpClient] 📡 POST https://zdk8budo.pegaacademy.net/prweb/api/CodeIntelligence/v1/rules/query?pxObjClass=Rule-HTML-Section&appliesTo=Rule-Obj-Activity&pyRuleName=RuleFormMain&RequestClass=Rule-HTML-Section&RequestAppliesTo=Rule-Obj-Activity&RequestRuleName=RuleFormMain Payload: "{\"RequestClass\":\"Rule-HTML-Section\",\"RequestAppliesTo\":\"Rule-Obj-Activity\",\"RequestRuleName\":\"RuleFormMain\"}" => HTTP 200 (156234 bytes)
[PegaHttpClient] 📡 POST https://zdk8budo.pegaacademy.net/prweb/api/CodeIntelligence/v1/rules/query?pxObjClass=Rule-HTML-Section&appliesTo=Rule-Obj-Activity&pyRuleName=pxAlternateRuleForm&RequestClass=Rule-HTML-Section&RequestAppliesTo=Rule-Obj-Activity&RequestRuleName=pxAlternateRuleForm Payload: "{\"RequestClass\":\"Rule-HTML-Section\",\"RequestAppliesTo\":\"Rule-Obj-Activity\",\"RequestRuleName\":\"pxAlternateRuleForm\"}" => HTTP 200 (66153 bytes)
[PegaHttpClient] 📡 POST https://zdk8budo.pegaacademy.net/prweb/api/CodeIntelligence/v1/rules/query?pxObjClass=Rule-HTML-Section&appliesTo=Rule-Obj-Activity&pyRuleName=pzRuleFormScripts&RequestClass=Rule-HTML-Section&RequestAppliesTo=Rule-Obj-Activity&RequestRuleName=pzRuleFormScripts Payload: "{\"RequestClass\":\"Rule-HTML-Section\",\"RequestAppliesTo\":\"Rule-Obj-Activity\",\"RequestRuleName\":\"pzRuleFormScripts\"}" => HTTP 200 (40822 bytes)
[PegaHttpClient] 📡 POST https://zdk8budo.pegaacademy.net/prweb/api/CodeIntelligence/v1/rules/query?pxObjClass=Rule-HTML-Section&appliesTo=Rule-Obj-Activity&pyRuleName=pzRuleFormLayoutDelegated&RequestClass=Rule-HTML-Section&RequestAppliesTo=Rule-Obj-Activity&RequestRuleName=pzRuleFormLayoutDelegated Payload: "{\"RequestClass\":\"Rule-HTML-Section\",\"RequestAppliesTo\":\"Rule-Obj-Activity\",\"RequestRuleName\":\"pzRuleFormLayoutDelegated\"}" => HTTP 200 (70998 bytes)
[PegaHttpClient] 📡 POST https://zdk8budo.pegaacademy.net/prweb/api/CodeIntelligence/v1/rules/query?pxObjClass=Rule-HTML-Section&appliesTo=Rule-Obj-Activity&pyRuleName=RuleFormLayout&RequestClass=Rule-HTML-Section&RequestAppliesTo=Rule-Obj-Activity&RequestRuleName=RuleFormLayout Payload: "{\"RequestClass\":\"Rule-HTML-Section\",\"RequestAppliesTo\":\"Rule-Obj-Activity\",\"RequestRuleName\":\"RuleFormLayout\"}" => HTTP 200 (35005 bytes)
[PegaHttpClient] 📡 POST https://zdk8budo.pegaacademy.net/prweb/api/CodeIntelligence/v1/rules/query?pxObjClass=Rule-HTML-Section&appliesTo=Rule-Obj-Activity&pyRuleName=RuleFormSettings&RequestClass=Rule-HTML-Section&RequestAppliesTo=Rule-Obj-Activity&RequestRuleName=RuleFormSettings Payload: "{\"RequestClass\":\"Rule-HTML-Section\",\"RequestAppliesTo\":\"Rule-Obj-Activity\",\"RequestRuleName\":\"RuleFormSettings\"}" => HTTP 200 (20540 bytes)
[PegaHttpClient] 📡 POST https://zdk8budo.pegaacademy.net/prweb/api/CodeIntelligence/v1/rules/query?pxObjClass=Rule-HTML-Section&appliesTo=Rule-Obj-Activity&pyRuleName=OpenAuthoring&RequestClass=Rule-HTML-Section&RequestAppliesTo=Rule-Obj-Activity&RequestRuleName=OpenAuthoring Payload: "{\"RequestClass\":\"Rule-HTML-Section\",\"RequestAppliesTo\":\"Rule-Obj-Activity\",\"RequestRuleName\":\"OpenAuthoring\"}" => HTTP 200 (23695 bytes)
[PegaHttpClient] 📡 POST https://zdk8budo.pegaacademy.net/prweb/api/CodeIntelligence/v1/rules/query?pxObjClass=Rule-HTML-Section&appliesTo=Rule-Obj-Activity&pyRuleName=pyCustomHelp&RequestClass=Rule-HTML-Section&RequestAppliesTo=Rule-Obj-Activity&RequestRuleName=pyCustomHelp Payload: "{\"RequestClass\":\"Rule-HTML-Section\",\"RequestAppliesTo\":\"Rule-Obj-Activity\",\"RequestRuleName\":\"pyCustomHelp\"}" => HTTP 200 (17256 bytes)
[PegaHttpClient] 📡 POST https://zdk8budo.pegaacademy.net/prweb/api/CodeIntelligence/v1/rules/query?pxObjClass=Rule-HTML-Section&appliesTo=Rule-Obj-Activity&pyRuleName=pzRuleformMainInclude&RequestClass=Rule-HTML-Section&RequestAppliesTo=Rule-Obj-Activity&RequestRuleName=pzRuleformMainInclude Payload: "{\"RequestClass\":\"Rule-HTML-Section\",\"RequestAppliesTo\":\"Rule-Obj-Activity\",\"RequestRuleName\":\"pzRuleformMainInclude\"}" => HTTP 200 (22375 bytes)
[PegaHttpClient] 📡 POST https://zdk8budo.pegaacademy.net/prweb/api/CodeIntelligence/v1/rules/query?pxObjClass=Rule-HTML-Section&appliesTo=Rule-Obj-Activity&pyRuleName=pyAlternativeRuleFormStrategicAppExtension&RequestClass=Rule-HTML-Section&RequestAppliesTo=Rule-Obj-Activity&RequestRuleName=pyAlternativeRuleFormStrategicAppExtension Payload: "{\"RequestClass\":\"Rule-HTML-Section\",\"RequestAppliesTo\":\"Rule-Obj-Activity\",\"RequestRuleName\":\"pyAlternativeRuleFormStrategicAppExtension\"}" => HTTP 200 (25042 bytes)
[PegaHttpClient] 📡 POST https://zdk8budo.pegaacademy.net/prweb/api/CodeIntelligence/v1/rules/query?pxObjClass=Rule-HTML-Section&appliesTo=Rule-Obj-Activity&pyRuleName=pyAlternativeRuleFormExtension&RequestClass=Rule-HTML-Section&RequestAppliesTo=Rule-Obj-Activity&RequestRuleName=pyAlternativeRuleFormExtension Payload: "{\"RequestClass\":\"Rule-HTML-Section\",\"RequestAppliesTo\":\"Rule-Obj-Activity\",\"RequestRuleName\":\"pyAlternativeRuleFormExtension\"}" => HTTP 200 (24863 bytes)
[PegaHttpClient] 📡 POST https://zdk8budo.pegaacademy.net/prweb/api/CodeIntelligence/v1/rules/query?pxObjClass=Rule-HTML-Section&appliesTo=Rule-Obj-Activity&pyRuleName=RuleFormHeader&RequestClass=Rule-HTML-Section&RequestAppliesTo=Rule-Obj-Activity&RequestRuleName=RuleFormHeader Payload: "{\"RequestClass\":\"Rule-HTML-Section\",\"RequestAppliesTo\":\"Rule-Obj-Activity\",\"RequestRuleName\":\"RuleFormHeader\"}" => HTTP 200 (183124 bytes)
[PegaHttpClient] 📡 POST https://zdk8budo.pegaacademy.net/prweb/api/CodeIntelligence/v1/rules/query?pxObjClass=Rule-HTML-Section&appliesTo=Rule-Obj-Activity&pyRuleName=pzDelegationExperience&RequestClass=Rule-HTML-Section&RequestAppliesTo=Rule-Obj-Activity&RequestRuleName=pzDelegationExperience Payload: "{\"RequestClass\":\"Rule-HTML-Section\",\"RequestAppliesTo\":\"Rule-Obj-Activity\",\"RequestRuleName\":\"pzDelegationExperience\"}" => HTTP 404 (117 bytes)
[PegaHttpClient] 📡 POST https://zdk8budo.pegaacademy.net/prweb/PRRestService/CodeIntelligence/v1/rules/query?pxObjClass=Rule-HTML-Section&appliesTo=Rule-Obj-Activity&pyRuleName=pzDelegationExperience&RequestClass=Rule-HTML-Section&RequestAppliesTo=Rule-Obj-Activity&RequestRuleName=pzDelegationExperience Payload: "{\"RequestClass\":\"Rule-HTML-Section\",\"RequestAppliesTo\":\"Rule-Obj-Activity\",\"RequestRuleName\":\"pzDelegationExperience\"}" => HTTP 404 (117 bytes)
[PegaHttpClient] 📡 POST https://zdk8budo.pegaacademy.net/prweb/api/HRAppsV2Service/V1/rules/query?pxObjClass=Rule-HTML-Section&appliesTo=Rule-Obj-Activity&pyRuleName=pzDelegationExperience&RequestClass=Rule-HTML-Section&RequestAppliesTo=Rule-Obj-Activity&RequestRuleName=pzDelegationExperience Payload: "{\"RequestClass\":\"Rule-HTML-Section\",\"RequestAppliesTo\":\"Rule-Obj-Activity\",\"RequestRuleName\":\"pzDelegationExperience\"}" => HTTP 404 (18 bytes)
[PegaHttpClient] 📡 POST https://zdk8budo.pegaacademy.net/prweb/PRRestService/HRAppsV2Service/V1/rules/query?pxObjClass=Rule-HTML-Section&appliesTo=Rule-Obj-Activity&pyRuleName=pzDelegationExperience&RequestClass=Rule-HTML-Section&RequestAppliesTo=Rule-Obj-Activity&RequestRuleName=pzDelegationExperience Payload: "{\"RequestClass\":\"Rule-HTML-Section\",\"RequestAppliesTo\":\"Rule-Obj-Activity\",\"RequestRuleName\":\"pzDelegationExperience\"}" => HTTP 404 (18 bytes)
[PegaHttpClient] 📡 POST https://zdk8budo.pegaacademy.net/prweb/api/HRAppsV2/V1/rules/query?pxObjClass=Rule-HTML-Section&appliesTo=Rule-Obj-Activity&pyRuleName=pzDelegationExperience&RequestClass=Rule-HTML-Section&RequestAppliesTo=Rule-Obj-Activity&RequestRuleName=pzDelegationExperience Payload: "{\"RequestClass\":\"Rule-HTML-Section\",\"RequestAppliesTo\":\"Rule-Obj-Activity\",\"RequestRuleName\":\"pzDelegationExperience\"}" => HTTP 404 (18 bytes)
[PegaHttpClient] 📡 POST https://zdk8budo.pegaacademy.net/prweb/PRRestService/HRAppsV2/V1/rules/query?pxObjClass=Rule-HTML-Section&appliesTo=Rule-Obj-Activity&pyRuleName=pzDelegationExperience&RequestClass=Rule-HTML-Section&RequestAppliesTo=Rule-Obj-Activity&RequestRuleName=pzDelegationExperience Payload: "{\"RequestClass\":\"Rule-HTML-Section\",\"RequestAppliesTo\":\"Rule-Obj-Activity\",\"RequestRuleName\":\"pzDelegationExperience\"}" => HTTP 404 (18 bytes)
[PegaHttpClient] 📡 POST https://zdk8budo.pegaacademy.net/prweb/api/v1/rules/query?pxObjClass=Rule-HTML-Section&appliesTo=Rule-Obj-Activity&pyRuleName=pzDelegationExperience&RequestClass=Rule-HTML-Section&RequestAppliesTo=Rule-Obj-Activity&RequestRuleName=pzDelegationExperience Payload: "{\"RequestClass\":\"Rule-HTML-Section\",\"RequestAppliesTo\":\"Rule-Obj-Activity\",\"RequestRuleName\":\"pzDelegationExperience\"}" => HTTP 404 (18 bytes)
[PegaHttpClient] 📡 POST https://zdk8budo.pegaacademy.net/prweb/PRRestService/v1/rules/query?pxObjClass=Rule-HTML-Section&appliesTo=Rule-Obj-Activity&pyRuleName=pzDelegationExperience&RequestClass=Rule-HTML-Section&RequestAppliesTo=Rule-Obj-Activity&RequestRuleName=pzDelegationExperience Payload: "{\"RequestClass\":\"Rule-HTML-Section\",\"RequestAppliesTo\":\"Rule-Obj-Activity\",\"RequestRuleName\":\"pzDelegationExperience\"}" => HTTP 404 (18 bytes)
[PegaHttpClient] 📡 POST https://zdk8budo.pegaacademy.net/prweb/api/CodeIntelligence/v1/rules/query?pxObjClass=Rule-HTML-Section&appliesTo=Rule-Obj-Activity&pyRuleName=pzRuleFormLayoutInner&RequestClass=Rule-HTML-Section&RequestAppliesTo=Rule-Obj-Activity&RequestRuleName=pzRuleFormLayoutInner Payload: "{\"RequestClass\":\"Rule-HTML-Section\",\"RequestAppliesTo\":\"Rule-Obj-Activity\",\"RequestRuleName\":\"pzRuleFormLayoutInner\"}" => HTTP 200 (111686 bytes)
[PegaHttpClient] 📡 POST https://zdk8budo.pegaacademy.net/prweb/api/CodeIntelligence/v1/rules/query?pxObjClass=Rule-HTML-Section&appliesTo=Rule-Obj-Activity&pyRuleName=pzCustomHelp&RequestClass=Rule-HTML-Section&RequestAppliesTo=Rule-Obj-Activity&RequestRuleName=pzCustomHelp Payload: "{\"RequestClass\":\"Rule-HTML-Section\",\"RequestAppliesTo\":\"Rule-Obj-Activity\",\"RequestRuleName\":\"pzCustomHelp\"}" => HTTP 200 (31573 bytes)
[PegaHttpClient] 📡 POST https://zdk8budo.pegaacademy.net/prweb/api/CodeIntelligence/v1/rules/query?pxObjClass=Rule-HTML-Section&appliesTo=Rule-Obj-Activity&pyRuleName=pzRuleFormKeysAndDescription&RequestClass=Rule-HTML-Section&RequestAppliesTo=Rule-Obj-Activity&RequestRuleName=pzRuleFormKeysAndDescription Payload: "{\"RequestClass\":\"Rule-HTML-Section\",\"RequestAppliesTo\":\"Rule-Obj-Activity\",\"RequestRuleName\":\"pzRuleFormKeysAndDescription\"}" => HTTP 200 (218057 bytes)
[PegaHttpClient] 📡 POST https://zdk8budo.pegaacademy.net/prweb/api/CodeIntelligence/v1/rules/query?pxObjClass=Rule-HTML-Section&appliesTo=Rule-Obj-Activity&pyRuleName=pzRuleFormRuleset&RequestClass=Rule-HTML-Section&RequestAppliesTo=Rule-Obj-Activity&RequestRuleName=pzRuleFormRuleset Payload: "{\"RequestClass\":\"Rule-HTML-Section\",\"RequestAppliesTo\":\"Rule-Obj-Activity\",\"RequestRuleName\":\"pzRuleFormRuleset\"}" => HTTP 200 (33985 bytes)
[PegaHttpClient] 📡 POST https://zdk8budo.pegaacademy.net/prweb/api/CodeIntelligence/v1/rules/query?pxObjClass=Rule-HTML-Section&appliesTo=Rule-Obj-Activity&pyRuleName=undefined&RequestClass=Rule-HTML-Section&RequestAppliesTo=Rule-Obj-Activity&RequestRuleName=undefined Payload: "{\"RequestClass\":\"Rule-HTML-Section\",\"RequestAppliesTo\":\"Rule-Obj-Activity\",\"RequestRuleName\":\"undefined\"}" => HTTP 404 (104 bytes)
[PegaHttpClient] 📡 POST https://zdk8budo.pegaacademy.net/prweb/PRRestService/CodeIntelligence/v1/rules/query?pxObjClass=Rule-HTML-Section&appliesTo=Rule-Obj-Activity&pyRuleName=undefined&RequestClass=Rule-HTML-Section&RequestAppliesTo=Rule-Obj-Activity&RequestRuleName=undefined Payload: "{\"RequestClass\":\"Rule-HTML-Section\",\"RequestAppliesTo\":\"Rule-Obj-Activity\",\"RequestRuleName\":\"undefined\"}" => HTTP 404 (104 bytes)
[PegaHttpClient] 📡 POST https://zdk8budo.pegaacademy.net/prweb/api/HRAppsV2Service/V1/rules/query?pxObjClass=Rule-HTML-Section&appliesTo=Rule-Obj-Activity&pyRuleName=undefined&RequestClass=Rule-HTML-Section&RequestAppliesTo=Rule-Obj-Activity&RequestRuleName=undefined Payload: "{\"RequestClass\":\"Rule-HTML-Section\",\"RequestAppliesTo\":\"Rule-Obj-Activity\",\"RequestRuleName\":\"undefined\"}" => HTTP 404 (18 bytes)
[PegaHttpClient] 📡 POST https://zdk8budo.pegaacademy.net/prweb/PRRestService/HRAppsV2Service/V1/rules/query?pxObjClass=Rule-HTML-Section&appliesTo=Rule-Obj-Activity&pyRuleName=undefined&RequestClass=Rule-HTML-Section&RequestAppliesTo=Rule-Obj-Activity&RequestRuleName=undefined Payload: "{\"RequestClass\":\"Rule-HTML-Section\",\"RequestAppliesTo\":\"Rule-Obj-Activity\",\"RequestRuleName\":\"undefined\"}" => HTTP 404 (18 bytes)
[PegaHttpClient] 📡 POST https://zdk8budo.pegaacademy.net/prweb/api/HRAppsV2/V1/rules/query?pxObjClass=Rule-HTML-Section&appliesTo=Rule-Obj-Activity&pyRuleName=undefined&RequestClass=Rule-HTML-Section&RequestAppliesTo=Rule-Obj-Activity&RequestRuleName=undefined Payload: "{\"RequestClass\":\"Rule-HTML-Section\",\"RequestAppliesTo\":\"Rule-Obj-Activity\",\"RequestRuleName\":\"undefined\"}" => HTTP 404 (18 bytes)
[PegaHttpClient] 📡 POST https://zdk8budo.pegaacademy.net/prweb/PRRestService/HRAppsV2/V1/rules/query?pxObjClass=Rule-HTML-Section&appliesTo=Rule-Obj-Activity&pyRuleName=undefined&RequestClass=Rule-HTML-Section&RequestAppliesTo=Rule-Obj-Activity&RequestRuleName=undefined Payload: "{\"RequestClass\":\"Rule-HTML-Section\",\"RequestAppliesTo\":\"Rule-Obj-Activity\",\"RequestRuleName\":\"undefined\"}" => HTTP 404 (18 bytes)
[PegaHttpClient] 📡 POST https://zdk8budo.pegaacademy.net/prweb/api/v1/rules/query?pxObjClass=Rule-HTML-Section&appliesTo=Rule-Obj-Activity&pyRuleName=undefined&RequestClass=Rule-HTML-Section&RequestAppliesTo=Rule-Obj-Activity&RequestRuleName=undefined Payload: "{\"RequestClass\":\"Rule-HTML-Section\",\"RequestAppliesTo\":\"Rule-Obj-Activity\",\"RequestRuleName\":\"undefined\"}" => HTTP 404 (18 bytes)
[PegaHttpClient] 📡 POST https://zdk8budo.pegaacademy.net/prweb/PRRestService/v1/rules/query?pxObjClass=Rule-HTML-Section&appliesTo=Rule-Obj-Activity&pyRuleName=undefined&RequestClass=Rule-HTML-Section&RequestAppliesTo=Rule-Obj-Activity&RequestRuleName=undefined Payload: "{\"RequestClass\":\"Rule-HTML-Section\",\"RequestAppliesTo\":\"Rule-Obj-Activity\",\"RequestRuleName\":\"undefined\"}" => HTTP 404 (18 bytes)
[PegaHttpClient] 📡 POST https://zdk8budo.pegaacademy.net/prweb/api/CodeIntelligence/v1/rules/query?pxObjClass=Rule-HTML-Section&appliesTo=Rule-Obj-Activity&pyRuleName=pzRuleFormToolbar&RequestClass=Rule-HTML-Section&RequestAppliesTo=Rule-Obj-Activity&RequestRuleName=pzRuleFormToolbar Payload: "{\"RequestClass\":\"Rule-HTML-Section\",\"RequestAppliesTo\":\"Rule-Obj-Activity\",\"RequestRuleName\":\"pzRuleFormToolbar\"}" => HTTP 200 (242691 bytes)
[PegaHttpClient] 📡 POST https://zdk8budo.pegaacademy.net/prweb/api/CodeIntelligence/v1/rules/query?pxObjClass=Rule-HTML-Section&appliesTo=Rule-Obj-Activity&pyRuleName=pzRuleFormToolbarCompare&RequestClass=Rule-HTML-Section&RequestAppliesTo=Rule-Obj-Activity&RequestRuleName=pzRuleFormToolbarCompare Payload: "{\"RequestClass\":\"Rule-HTML-Section\",\"RequestAppliesTo\":\"Rule-Obj-Activity\",\"RequestRuleName\":\"pzRuleFormToolbarCompare\"}" => HTTP 200 (61925 bytes)
[PegaHttpClient] 📡 POST https://zdk8budo.pegaacademy.net/prweb/api/CodeIntelligence/v1/rules/query?pxObjClass=Rule-HTML-Section&appliesTo=Rule-Obj-Activity&pyRuleName=RuleFormHeaderMessages&RequestClass=Rule-HTML-Section&RequestAppliesTo=Rule-Obj-Activity&RequestRuleName=RuleFormHeaderMessages Payload: "{\"RequestClass\":\"Rule-HTML-Section\",\"RequestAppliesTo\":\"Rule-Obj-Activity\",\"RequestRuleName\":\"RuleFormHeaderMessages\"}" => HTTP 200 (26518 bytes)
[PegaHttpClient] 📡 POST https://zdk8budo.pegaacademy.net/prweb/api/CodeIntelligence/v1/rules/query?pxObjClass=Rule-HTML-Section&appliesTo=Rule-Obj-Activity&pyRuleName=pzSteps&RequestClass=Rule-HTML-Section&RequestAppliesTo=Rule-Obj-Activity&RequestRuleName=pzSteps Payload: "{\"RequestClass\":\"Rule-HTML-Section\",\"RequestAppliesTo\":\"Rule-Obj-Activity\",\"RequestRuleName\":\"pzSteps\"}" => HTTP 200 (110876 bytes)
[PegaHttpClient] 📡 POST https://zdk8budo.pegaacademy.net/prweb/api/CodeIntelligence/v1/rules/query?pxObjClass=Rule-HTML-Section&appliesTo=Rule-Obj-Activity&pyRuleName=pzParameters&RequestClass=Rule-HTML-Section&RequestAppliesTo=Rule-Obj-Activity&RequestRuleName=pzParameters Payload: "{\"RequestClass\":\"Rule-HTML-Section\",\"RequestAppliesTo\":\"Rule-Obj-Activity\",\"RequestRuleName\":\"pzParameters\"}" => HTTP 200 (75075 bytes)
[PegaHttpClient] 📡 POST https://zdk8budo.pegaacademy.net/prweb/api/CodeIntelligence/v1/rules/query?pxObjClass=Rule-HTML-Section&appliesTo=Rule-Obj-Activity&pyRuleName=RuleFormPagesAndClasses&RequestClass=Rule-HTML-Section&RequestAppliesTo=Rule-Obj-Activity&RequestRuleName=RuleFormPagesAndClasses Payload: "{\"RequestClass\":\"Rule-HTML-Section\",\"RequestAppliesTo\":\"Rule-Obj-Activity\",\"RequestRuleName\":\"RuleFormPagesAndClasses\"}" => HTTP 200 (34748 bytes)
[PegaHttpClient] 📡 POST https://zdk8budo.pegaacademy.net/prweb/api/CodeIntelligence/v1/rules/query?pxObjClass=Rule-HTML-Section&appliesTo=Rule-Obj-Activity&pyRuleName=pzSecurity&RequestClass=Rule-HTML-Section&RequestAppliesTo=Rule-Obj-Activity&RequestRuleName=pzSecurity Payload: "{\"RequestClass\":\"Rule-HTML-Section\",\"RequestAppliesTo\":\"Rule-Obj-Activity\",\"RequestRuleName\":\"pzSecurity\"}" => HTTP 200 (57993 bytes)
[PegaHttpClient] 📡 POST https://zdk8budo.pegaacademy.net/prweb/api/CodeIntelligence/v1/rules/query?pxObjClass=Rule-HTML-Section&appliesTo=Rule-Obj-Activity&pyRuleName=pzTestCases&RequestClass=Rule-HTML-Section&RequestAppliesTo=Rule-Obj-Activity&RequestRuleName=pzTestCases Payload: "{\"RequestClass\":\"Rule-HTML-Section\",\"RequestAppliesTo\":\"Rule-Obj-Activity\",\"RequestRuleName\":\"pzTestCases\"}" => HTTP 200 (81350 bytes)
[PegaHttpClient] 📡 POST https://zdk8budo.pegaacademy.net/prweb/api/CodeIntelligence/v1/rules/query?pxObjClass=Rule-HTML-Section&appliesTo=Rule-Obj-Activity&pyRuleName=pzUnitTestCases&RequestClass=Rule-HTML-Section&RequestAppliesTo=Rule-Obj-Activity&RequestRuleName=pzUnitTestCases Payload: "{\"RequestClass\":\"Rule-HTML-Section\",\"RequestAppliesTo\":\"Rule-Obj-Activity\",\"RequestRuleName\":\"pzUnitTestCases\"}" => HTTP 200 (285239 bytes)
[PegaHttpClient] 📡 POST https://zdk8budo.pegaacademy.net/prweb/api/CodeIntelligence/v1/rules/query?pxObjClass=Rule-HTML-Section&appliesTo=Rule-Obj-Activity&pyRuleName=pzSpecifications&RequestClass=Rule-HTML-Section&RequestAppliesTo=Rule-Obj-Activity&RequestRuleName=pzSpecifications Payload: "{\"RequestClass\":\"Rule-HTML-Section\",\"RequestAppliesTo\":\"Rule-Obj-Activity\",\"RequestRuleName\":\"pzSpecifications\"}" => HTTP 200 (16577 bytes)
[PegaHttpClient] 📡 POST https://zdk8budo.pegaacademy.net/prweb/api/CodeIntelligence/v1/rules/query?pxObjClass=Rule-HTML-Section&appliesTo=Rule-Obj-Activity&pyRuleName=RuleFormHistory&RequestClass=Rule-HTML-Section&RequestAppliesTo=Rule-Obj-Activity&RequestRuleName=RuleFormHistory Payload: "{\"RequestClass\":\"Rule-HTML-Section\",\"RequestAppliesTo\":\"Rule-Obj-Activity\",\"RequestRuleName\":\"RuleFormHistory\"}" => HTTP 200 (76091 bytes)
[PegaHttpClient] 📡 POST https://zdk8budo.pegaacademy.net/prweb/api/CodeIntelligence/v1/rules/query?pxObjClass=Rule-HTML-Section&appliesTo=Rule-Obj-Activity&pyRuleName=pzRuleFormStatus&RequestClass=Rule-HTML-Section&RequestAppliesTo=Rule-Obj-Activity&RequestRuleName=pzRuleFormStatus Payload: "{\"RequestClass\":\"Rule-HTML-Section\",\"RequestAppliesTo\":\"Rule-Obj-Activity\",\"RequestRuleName\":\"pzRuleFormStatus\"}" => HTTP 200 (97627 bytes)
[PegaHttpClient] 📡 POST https://zdk8budo.pegaacademy.net/prweb/api/CodeIntelligence/v1/rules/query?pxObjClass=Rule-HTML-Section&appliesTo=Rule-Obj-Activity&pyRuleName=pzRuleFormHeaderCompareWithDropDown&RequestClass=Rule-HTML-Section&RequestAppliesTo=Rule-Obj-Activity&RequestRuleName=pzRuleFormHeaderCompareWithDropDown Payload: "{\"RequestClass\":\"Rule-HTML-Section\",\"RequestAppliesTo\":\"Rule-Obj-Activity\",\"RequestRuleName\":\"pzRuleFormHeaderCompareWithDropDown\"}" => HTTP 200 (25396 bytes)
[PegaHttpClient] 📡 POST https://zdk8budo.pegaacademy.net/prweb/api/CodeIntelligence/v1/rules/query?pxObjClass=Rule-HTML-Section&appliesTo=Rule-Obj-Activity&pyRuleName=undefined&RequestClass=Rule-HTML-Section&RequestAppliesTo=Rule-Obj-Activity&RequestRuleName=undefined Payload: "{\"RequestClass\":\"Rule-HTML-Section\",\"RequestAppliesTo\":\"Rule-Obj-Activity\",\"RequestRuleName\":\"undefined\"}" => HTTP 404 (104 bytes)
[PegaHttpClient] 📡 POST https://zdk8budo.pegaacademy.net/prweb/PRRestService/CodeIntelligence/v1/rules/query?pxObjClass=Rule-HTML-Section&appliesTo=Rule-Obj-Activity&pyRuleName=undefined&RequestClass=Rule-HTML-Section&RequestAppliesTo=Rule-Obj-Activity&RequestRuleName=undefined Payload: "{\"RequestClass\":\"Rule-HTML-Section\",\"RequestAppliesTo\":\"Rule-Obj-Activity\",\"RequestRuleName\":\"undefined\"}" => HTTP 404 (104 bytes)
[PegaHttpClient] 📡 POST https://zdk8budo.pegaacademy.net/prweb/api/HRAppsV2Service/V1/rules/query?pxObjClass=Rule-HTML-Section&appliesTo=Rule-Obj-Activity&pyRuleName=undefined&RequestClass=Rule-HTML-Section&RequestAppliesTo=Rule-Obj-Activity&RequestRuleName=undefined Payload: "{\"RequestClass\":\"Rule-HTML-Section\",\"RequestAppliesTo\":\"Rule-Obj-Activity\",\"RequestRuleName\":\"undefined\"}" => HTTP 404 (18 bytes)
[PegaHttpClient] 📡 POST https://zdk8budo.pegaacademy.net/prweb/PRRestService/HRAppsV2Service/V1/rules/query?pxObjClass=Rule-HTML-Section&appliesTo=Rule-Obj-Activity&pyRuleName=undefined&RequestClass=Rule-HTML-Section&RequestAppliesTo=Rule-Obj-Activity&RequestRuleName=undefined Payload: "{\"RequestClass\":\"Rule-HTML-Section\",\"RequestAppliesTo\":\"Rule-Obj-Activity\",\"RequestRuleName\":\"undefined\"}" => HTTP 404 (18 bytes)
[PegaHttpClient] 📡 POST https://zdk8budo.pegaacademy.net/prweb/api/HRAppsV2/V1/rules/query?pxObjClass=Rule-HTML-Section&appliesTo=Rule-Obj-Activity&pyRuleName=undefined&RequestClass=Rule-HTML-Section&RequestAppliesTo=Rule-Obj-Activity&RequestRuleName=undefined Payload: "{\"RequestClass\":\"Rule-HTML-Section\",\"RequestAppliesTo\":\"Rule-Obj-Activity\",\"RequestRuleName\":\"undefined\"}" => HTTP 404 (18 bytes)
[PegaHttpClient] 📡 POST https://zdk8budo.pegaacademy.net/prweb/PRRestService/HRAppsV2/V1/rules/query?pxObjClass=Rule-HTML-Section&appliesTo=Rule-Obj-Activity&pyRuleName=undefined&RequestClass=Rule-HTML-Section&RequestAppliesTo=Rule-Obj-Activity&RequestRuleName=undefined Payload: "{\"RequestClass\":\"Rule-HTML-Section\",\"RequestAppliesTo\":\"Rule-Obj-Activity\",\"RequestRuleName\":\"undefined\"}" => HTTP 404 (18 bytes)
[PegaHttpClient] 📡 POST https://zdk8budo.pegaacademy.net/prweb/api/v1/rules/query?pxObjClass=Rule-HTML-Section&appliesTo=Rule-Obj-Activity&pyRuleName=undefined&RequestClass=Rule-HTML-Section&RequestAppliesTo=Rule-Obj-Activity&RequestRuleName=undefined Payload: "{\"RequestClass\":\"Rule-HTML-Section\",\"RequestAppliesTo\":\"Rule-Obj-Activity\",\"RequestRuleName\":\"undefined\"}" => HTTP 404 (18 bytes)
[PegaHttpClient] 📡 POST https://zdk8budo.pegaacademy.net/prweb/PRRestService/v1/rules/query?pxObjClass=Rule-HTML-Section&appliesTo=Rule-Obj-Activity&pyRuleName=undefined&RequestClass=Rule-HTML-Section&RequestAppliesTo=Rule-Obj-Activity&RequestRuleName=undefined Payload: "{\"RequestClass\":\"Rule-HTML-Section\",\"RequestAppliesTo\":\"Rule-Obj-Activity\",\"RequestRuleName\":\"undefined\"}" => HTTP 404 (18 bytes)
[PegaHttpClient] 📡 POST https://zdk8budo.pegaacademy.net/prweb/api/CodeIntelligence/v1/rules/query?pxObjClass=Rule-HTML-Section&appliesTo=Rule-Obj-Activity&pyRuleName=pzRuleFormToolbarHotKeys&RequestClass=Rule-HTML-Section&RequestAppliesTo=Rule-Obj-Activity&RequestRuleName=pzRuleFormToolbarHotKeys Payload: "{\"RequestClass\":\"Rule-HTML-Section\",\"RequestAppliesTo\":\"Rule-Obj-Activity\",\"RequestRuleName\":\"pzRuleFormToolbarHotKeys\"}" => HTTP 200 (85058 bytes)
[PegaHttpClient] 📡 POST https://zdk8budo.pegaacademy.net/prweb/api/CodeIntelligence/v1/rules/query?pxObjClass=Rule-HTML-Section&appliesTo=Rule-Obj-Activity&pyRuleName=pzRuleFormToolbarLockedIcon&RequestClass=Rule-HTML-Section&RequestAppliesTo=Rule-Obj-Activity&RequestRuleName=pzRuleFormToolbarLockedIcon Payload: "{\"RequestClass\":\"Rule-HTML-Section\",\"RequestAppliesTo\":\"Rule-Obj-Activity\",\"RequestRuleName\":\"pzRuleFormToolbarLockedIcon\"}" => HTTP 200 (24898 bytes)
[PegaHttpClient] 📡 POST https://zdk8budo.pegaacademy.net/prweb/api/CodeIntelligence/v1/rules/query?pxObjClass=Rule-HTML-Section&appliesTo=Rule-Obj-Activity&pyRuleName=pzRuleFormToolbarCollaborators&RequestClass=Rule-HTML-Section&RequestAppliesTo=Rule-Obj-Activity&RequestRuleName=pzRuleFormToolbarCollaborators Payload: "{\"RequestClass\":\"Rule-HTML-Section\",\"RequestAppliesTo\":\"Rule-Obj-Activity\",\"RequestRuleName\":\"pzRuleFormToolbarCollaborators\"}" => HTTP 200 (15254 bytes)
[PegaHttpClient] 📡 POST https://zdk8budo.pegaacademy.net/prweb/api/CodeIntelligence/v1/rules/query?pxObjClass=Rule-HTML-Section&appliesTo=Rule-Obj-Activity&pyRuleName=pzRuleFormToolbarSaveAs&RequestClass=Rule-HTML-Section&RequestAppliesTo=Rule-Obj-Activity&RequestRuleName=pzRuleFormToolbarSaveAs Payload: "{\"RequestClass\":\"Rule-HTML-Section\",\"RequestAppliesTo\":\"Rule-Obj-Activity\",\"RequestRuleName\":\"pzRuleFormToolbarSaveAs\"}" => HTTP 200 (64084 bytes)
[PegaHttpClient] 📡 POST https://zdk8budo.pegaacademy.net/prweb/api/CodeIntelligence/v1/rules/query?pxObjClass=Rule-HTML-Section&appliesTo=Rule-Obj-Activity&pyRuleName=pzRuleFormToolbarCheckin&RequestClass=Rule-HTML-Section&RequestAppliesTo=Rule-Obj-Activity&RequestRuleName=pzRuleFormToolbarCheckin Payload: "{\"RequestClass\":\"Rule-HTML-Section\",\"RequestAppliesTo\":\"Rule-Obj-Activity\",\"RequestRuleName\":\"pzRuleFormToolbarCheckin\"}" => HTTP 200 (119096 bytes)
[PegaHttpClient] 📡 POST https://zdk8budo.pegaacademy.net/prweb/api/CodeIntelligence/v1/rules/query?pxObjClass=Rule-HTML-Section&appliesTo=Rule-Obj-Activity&pyRuleName=pzRuleFormToolbarDelete&RequestClass=Rule-HTML-Section&RequestAppliesTo=Rule-Obj-Activity&RequestRuleName=pzRuleFormToolbarDelete Payload: "{\"RequestClass\":\"Rule-HTML-Section\",\"RequestAppliesTo\":\"Rule-Obj-Activity\",\"RequestRuleName\":\"pzRuleFormToolbarDelete\"}" => HTTP 200 (30249 bytes)
[PegaHttpClient] 📡 POST https://zdk8budo.pegaacademy.net/prweb/api/CodeIntelligence/v1/rules/query?pxObjClass=Rule-HTML-Section&appliesTo=Rule-Obj-Activity&pyRuleName=pzRuleFormToolbarSave&RequestClass=Rule-HTML-Section&RequestAppliesTo=Rule-Obj-Activity&RequestRuleName=pzRuleFormToolbarSave Payload: "{\"RequestClass\":\"Rule-HTML-Section\",\"RequestAppliesTo\":\"Rule-Obj-Activity\",\"RequestRuleName\":\"pzRuleFormToolbarSave\"}" => HTTP 200 (293885 bytes)
[PegaHttpClient] 📡 POST https://zdk8budo.pegaacademy.net/prweb/api/CodeIntelligence/v1/rules/query?pxObjClass=Rule-HTML-Section&appliesTo=Rule-Obj-Activity&pyRuleName=pzRuleFormToolbarCheckout&RequestClass=Rule-HTML-Section&RequestAppliesTo=Rule-Obj-Activity&RequestRuleName=pzRuleFormToolbarCheckout Payload: "{\"RequestClass\":\"Rule-HTML-Section\",\"RequestAppliesTo\":\"Rule-Obj-Activity\",\"RequestRuleName\":\"pzRuleFormToolbarCheckout\"}" => HTTP 200 (238148 bytes)
[PegaHttpClient] 📡 POST https://zdk8budo.pegaacademy.net/prweb/api/CodeIntelligence/v1/rules/query?pxObjClass=Rule-HTML-Section&appliesTo=Rule-Obj-Activity&pyRuleName=pzRemoveErrorsDataPage&RequestClass=Rule-HTML-Section&RequestAppliesTo=Rule-Obj-Activity&RequestRuleName=pzRemoveErrorsDataPage Payload: "{\"RequestClass\":\"Rule-HTML-Section\",\"RequestAppliesTo\":\"Rule-Obj-Activity\",\"RequestRuleName\":\"pzRemoveErrorsDataPage\"}" => HTTP 200 (16733 bytes)
[PegaHttpClient] 📡 POST https://zdk8budo.pegaacademy.net/prweb/api/CodeIntelligence/v1/rules/query?pxObjClass=Rule-HTML-Section&appliesTo=Rule-Obj-Activity&pyRuleName=pzRuleFormHeaderMessagesWrapper&RequestClass=Rule-HTML-Section&RequestAppliesTo=Rule-Obj-Activity&RequestRuleName=pzRuleFormHeaderMessagesWrapper Payload: "{\"RequestClass\":\"Rule-HTML-Section\",\"RequestAppliesTo\":\"Rule-Obj-Activity\",\"RequestRuleName\":\"pzRuleFormHeaderMessagesWrapper\"}" => HTTP 200 (16981 bytes)
[PegaHttpClient] 📡 POST https://zdk8budo.pegaacademy.net/prweb/api/CodeIntelligence/v1/rules/query?pxObjClass=Rule-HTML-Section&appliesTo=Rule-Obj-Activity&pyRuleName=pzRuleFormParametersScript&RequestClass=Rule-HTML-Section&RequestAppliesTo=Rule-Obj-Activity&RequestRuleName=pzRuleFormParametersScript Payload: "{\"RequestClass\":\"Rule-HTML-Section\",\"RequestAppliesTo\":\"Rule-Obj-Activity\",\"RequestRuleName\":\"pzRuleFormParametersScript\"}" => HTTP 200 (32712 bytes)
[PegaHttpClient] 📡 POST https://zdk8budo.pegaacademy.net/prweb/api/CodeIntelligence/v1/rules/query?pxObjClass=Rule-HTML-Section&appliesTo=Rule-Obj-Activity&pyRuleName=pxRuleFormParameters&RequestClass=Rule-HTML-Section&RequestAppliesTo=Rule-Obj-Activity&RequestRuleName=pxRuleFormParameters Payload: "{\"RequestClass\":\"Rule-HTML-Section\",\"RequestAppliesTo\":\"Rule-Obj-Activity\",\"RequestRuleName\":\"pxRuleFormParameters\"}" => HTTP 200 (24542 bytes)
[PegaHttpClient] 📡 POST https://zdk8budo.pegaacademy.net/prweb/api/CodeIntelligence/v1/rules/query?pxObjClass=Rule-HTML-Section&appliesTo=Rule-Obj-Activity&pyRuleName=pxRuleFormSystemVariables&RequestClass=Rule-HTML-Section&RequestAppliesTo=Rule-Obj-Activity&RequestRuleName=pxRuleFormSystemVariables Payload: "{\"RequestClass\":\"Rule-HTML-Section\",\"RequestAppliesTo\":\"Rule-Obj-Activity\",\"RequestRuleName\":\"pxRuleFormSystemVariables\"}" => HTTP 200 (66514 bytes)
[PegaHttpClient] 📡 POST https://zdk8budo.pegaacademy.net/prweb/api/CodeIntelligence/v1/rules/query?pxObjClass=Rule-HTML-Section&appliesTo=Rule-Obj-Activity&pyRuleName=pxRuleFormLocalVariables&RequestClass=Rule-HTML-Section&RequestAppliesTo=Rule-Obj-Activity&RequestRuleName=pxRuleFormLocalVariables Payload: "{\"RequestClass\":\"Rule-HTML-Section\",\"RequestAppliesTo\":\"Rule-Obj-Activity\",\"RequestRuleName\":\"pxRuleFormLocalVariables\"}" => HTTP 200 (82021 bytes)
[PegaHttpClient] 📡 POST https://zdk8budo.pegaacademy.net/prweb/api/CodeIntelligence/v1/rules/query?pxObjClass=Rule-HTML-Section&appliesTo=Rule-Obj-Activity&pyRuleName=pzLocalActionPrompt&RequestClass=Rule-HTML-Section&RequestAppliesTo=Rule-Obj-Activity&RequestRuleName=pzLocalActionPrompt Payload: "{\"RequestClass\":\"Rule-HTML-Section\",\"RequestAppliesTo\":\"Rule-Obj-Activity\",\"RequestRuleName\":\"pzLocalActionPrompt\"}" => HTTP 200 (20663 bytes)
[PegaHttpClient] 📡 POST https://zdk8budo.pegaacademy.net/prweb/api/CodeIntelligence/v1/rules/query?pxObjClass=Rule-HTML-Section&appliesTo=Rule-Obj-Activity&pyRuleName=pzRuleFormPagesAndClassesScript&RequestClass=Rule-HTML-Section&RequestAppliesTo=Rule-Obj-Activity&RequestRuleName=pzRuleFormPagesAndClassesScript Payload: "{\"RequestClass\":\"Rule-HTML-Section\",\"RequestAppliesTo\":\"Rule-Obj-Activity\",\"RequestRuleName\":\"pzRuleFormPagesAndClassesScript\"}" => HTTP 200 (15730 bytes)
[PegaHttpClient] 📡 POST https://zdk8budo.pegaacademy.net/prweb/api/CodeIntelligence/v1/rules/query?pxObjClass=Rule-HTML-Section&appliesTo=Rule-Obj-Activity&pyRuleName=pzPagesAndClassesNoMode&RequestClass=Rule-HTML-Section&RequestAppliesTo=Rule-Obj-Activity&RequestRuleName=pzPagesAndClassesNoMode Payload: "{\"RequestClass\":\"Rule-HTML-Section\",\"RequestAppliesTo\":\"Rule-Obj-Activity\",\"RequestRuleName\":\"pzPagesAndClassesNoMode\"}" => HTTP 200 (90057 bytes)
[PegaHttpClient] 📡 POST https://zdk8budo.pegaacademy.net/prweb/api/CodeIntelligence/v1/rules/query?pxObjClass=Rule-HTML-Section&appliesTo=Rule-Obj-Activity&pyRuleName=pzPagesAndClassesWithMode&RequestClass=Rule-HTML-Section&RequestAppliesTo=Rule-Obj-Activity&RequestRuleName=pzPagesAndClassesWithMode Payload: "{\"RequestClass\":\"Rule-HTML-Section\",\"RequestAppliesTo\":\"Rule-Obj-Activity\",\"RequestRuleName\":\"pzPagesAndClassesWithMode\"}" => HTTP 200 (97424 bytes)
[PegaHttpClient] 📡 POST https://zdk8budo.pegaacademy.net/prweb/api/CodeIntelligence/v1/rules/query?pxObjClass=Rule-HTML-Section&appliesTo=Rule-Obj-Activity&pyRuleName=pzPrivileges&RequestClass=Rule-HTML-Section&RequestAppliesTo=Rule-Obj-Activity&RequestRuleName=pzPrivileges Payload: "{\"RequestClass\":\"Rule-HTML-Section\",\"RequestAppliesTo\":\"Rule-Obj-Activity\",\"RequestRuleName\":\"pzPrivileges\"}" => HTTP 200 (48259 bytes)
[PegaHttpClient] 📡 POST https://zdk8budo.pegaacademy.net/prweb/api/CodeIntelligence/v1/rules/query?pxObjClass=Rule-HTML-Section&appliesTo=Rule-Obj-Activity&pyRuleName=pzOldAUTWarningMessage&RequestClass=Rule-HTML-Section&RequestAppliesTo=Rule-Obj-Activity&RequestRuleName=pzOldAUTWarningMessage Payload: "{\"RequestClass\":\"Rule-HTML-Section\",\"RequestAppliesTo\":\"Rule-Obj-Activity\",\"RequestRuleName\":\"pzOldAUTWarningMessage\"}" => HTTP 200 (42077 bytes)
[PegaHttpClient] 📡 POST https://zdk8budo.pegaacademy.net/prweb/api/CodeIntelligence/v1/rules/query?pxObjClass=Rule-HTML-Section&appliesTo=Rule-Obj-Activity&pyRuleName=pzRFSelectAllTestCases&RequestClass=Rule-HTML-Section&RequestAppliesTo=Rule-Obj-Activity&RequestRuleName=pzRFSelectAllTestCases Payload: "{\"RequestClass\":\"Rule-HTML-Section\",\"RequestAppliesTo\":\"Rule-Obj-Activity\",\"RequestRuleName\":\"pzRFSelectAllTestCases\"}" => HTTP 200 (83585 bytes)
[PegaHttpClient] 📡 POST https://zdk8budo.pegaacademy.net/prweb/api/CodeIntelligence/v1/rules/query?pxObjClass=Rule-HTML-Section&appliesTo=Rule-Obj-Activity&pyRuleName=pzRFProgressbarWrapper&RequestClass=Rule-HTML-Section&RequestAppliesTo=Rule-Obj-Activity&RequestRuleName=pzRFProgressbarWrapper Payload: "{\"RequestClass\":\"Rule-HTML-Section\",\"RequestAppliesTo\":\"Rule-Obj-Activity\",\"RequestRuleName\":\"pzRFProgressbarWrapper\"}" => HTTP 200 (17204 bytes)
[PegaHttpClient] 📡 POST https://zdk8budo.pegaacademy.net/prweb/api/CodeIntelligence/v1/rules/query?pxObjClass=Rule-HTML-Section&appliesTo=Rule-Obj-Activity&pyRuleName=pzRFRunSelected&RequestClass=Rule-HTML-Section&RequestAppliesTo=Rule-Obj-Activity&RequestRuleName=pzRFRunSelected Payload: "{\"RequestClass\":\"Rule-HTML-Section\",\"RequestAppliesTo\":\"Rule-Obj-Activity\",\"RequestRuleName\":\"pzRFRunSelected\"}" => HTTP 200 (19863 bytes)
[PegaHttpClient] 📡 POST https://zdk8budo.pegaacademy.net/prweb/api/CodeIntelligence/v1/rules/query?pxObjClass=Rule-HTML-Section&appliesTo=Rule-Obj-Activity&pyRuleName=pzRuleSpecificButtons&RequestClass=Rule-HTML-Section&RequestAppliesTo=Rule-Obj-Activity&RequestRuleName=pzRuleSpecificButtons Payload: "{\"RequestClass\":\"Rule-HTML-Section\",\"RequestAppliesTo\":\"Rule-Obj-Activity\",\"RequestRuleName\":\"pzRuleSpecificButtons\"}" => HTTP 200 (15181 bytes)
[PegaHttpClient] 📡 POST https://zdk8budo.pegaacademy.net/prweb/api/CodeIntelligence/v1/rules/query?pxObjClass=Rule-HTML-Section&appliesTo=Rule-Obj-Activity&pyRuleName=pzRFSelectATest&RequestClass=Rule-HTML-Section&RequestAppliesTo=Rule-Obj-Activity&RequestRuleName=pzRFSelectATest Payload: "{\"RequestClass\":\"Rule-HTML-Section\",\"RequestAppliesTo\":\"Rule-Obj-Activity\",\"RequestRuleName\":\"pzRFSelectATest\"}" => HTTP 200 (23363 bytes)
[PegaHttpClient] 📡 POST https://zdk8budo.pegaacademy.net/prweb/api/CodeIntelligence/v1/rules/query?pxObjClass=Rule-HTML-Section&appliesTo=Rule-Obj-Activity&pyRuleName=pzTestCaseRunTimeWrapperLP&RequestClass=Rule-HTML-Section&RequestAppliesTo=Rule-Obj-Activity&RequestRuleName=pzTestCaseRunTimeWrapperLP Payload: "{\"RequestClass\":\"Rule-HTML-Section\",\"RequestAppliesTo\":\"Rule-Obj-Activity\",\"RequestRuleName\":\"pzTestCaseRunTimeWrapperLP\"}" => HTTP 200 (19734 bytes)
[PegaHttpClient] 📡 POST https://zdk8budo.pegaacademy.net/prweb/api/CodeIntelligence/v1/rules/query?pxObjClass=Rule-HTML-Section&appliesTo=Rule-Obj-Activity&pyRuleName=pzShowRunAndExpectedTimeWrapper&RequestClass=Rule-HTML-Section&RequestAppliesTo=Rule-Obj-Activity&RequestRuleName=pzShowRunAndExpectedTimeWrapper Payload: "{\"RequestClass\":\"Rule-HTML-Section\",\"RequestAppliesTo\":\"Rule-Obj-Activity\",\"RequestRuleName\":\"pzShowRunAndExpectedTimeWrapper\"}" => HTTP 200 (30204 bytes)
[PegaHttpClient] 📡 POST https://zdk8budo.pegaacademy.net/prweb/api/CodeIntelligence/v1/rules/query?pxObjClass=Rule-HTML-Section&appliesTo=Rule-Obj-Activity&pyRuleName=pzTestCaseRunStatusWrapperLP&RequestClass=Rule-HTML-Section&RequestAppliesTo=Rule-Obj-Activity&RequestRuleName=pzTestCaseRunStatusWrapperLP Payload: "{\"RequestClass\":\"Rule-HTML-Section\",\"RequestAppliesTo\":\"Rule-Obj-Activity\",\"RequestRuleName\":\"pzTestCaseRunStatusWrapperLP\"}" => HTTP 200 (56140 bytes)
[PegaHttpClient] 📡 POST https://zdk8budo.pegaacademy.net/prweb/api/CodeIntelligence/v1/rules/query?pxObjClass=Rule-HTML-Section&appliesTo=Rule-Obj-Activity&pyRuleName=pzSpecificationsInner&RequestClass=Rule-HTML-Section&RequestAppliesTo=Rule-Obj-Activity&RequestRuleName=pzSpecificationsInner Payload: "{\"RequestClass\":\"Rule-HTML-Section\",\"RequestAppliesTo\":\"Rule-Obj-Activity\",\"RequestRuleName\":\"pzSpecificationsInner\"}" => HTTP 200 (142370 bytes)
[PegaHttpClient] 📡 POST https://zdk8budo.pegaacademy.net/prweb/api/CodeIntelligence/v1/rules/query?pxObjClass=Rule-HTML-Section&appliesTo=Rule-Obj-Activity&pyRuleName=pzAlternateRuleInfo&RequestClass=Rule-HTML-Section&RequestAppliesTo=Rule-Obj-Activity&RequestRuleName=pzAlternateRuleInfo Payload: "{\"RequestClass\":\"Rule-HTML-Section\",\"RequestAppliesTo\":\"Rule-Obj-Activity\",\"RequestRuleName\":\"pzAlternateRuleInfo\"}" => HTTP 200 (140407 bytes)
[PegaHttpClient] 📡 POST https://zdk8budo.pegaacademy.net/prweb/api/CodeIntelligence/v1/rules/query?pxObjClass=Rule-HTML-Section&appliesTo=Rule-Obj-Activity&pyRuleName=RuleFormHistory_Description&RequestClass=Rule-HTML-Section&RequestAppliesTo=Rule-Obj-Activity&RequestRuleName=RuleFormHistory_Description Payload: "{\"RequestClass\":\"Rule-HTML-Section\",\"RequestAppliesTo\":\"Rule-Obj-Activity\",\"RequestRuleName\":\"RuleFormHistory_Description\"}" => HTTP 200 (46242 bytes)
[PegaHttpClient] 📡 POST https://zdk8budo.pegaacademy.net/prweb/api/CodeIntelligence/v1/rules/query?pxObjClass=Rule-HTML-Section&appliesTo=Rule-Obj-Activity&pyRuleName=RuleFormHistory_CustomFields&RequestClass=Rule-HTML-Section&RequestAppliesTo=Rule-Obj-Activity&RequestRuleName=RuleFormHistory_CustomFields Payload: "{\"RequestClass\":\"Rule-HTML-Section\",\"RequestAppliesTo\":\"Rule-Obj-Activity\",\"RequestRuleName\":\"RuleFormHistory_CustomFields\"}" => HTTP 200 (75856 bytes)
[PegaHttpClient] 📡 POST https://zdk8budo.pegaacademy.net/prweb/api/CodeIntelligence/v1/rules/query?pxObjClass=Rule-HTML-Section&appliesTo=Rule-Obj-Activity&pyRuleName=RuleFormHistory_HistoryDetails&RequestClass=Rule-HTML-Section&RequestAppliesTo=Rule-Obj-Activity&RequestRuleName=RuleFormHistory_HistoryDetails Payload: "{\"RequestClass\":\"Rule-HTML-Section\",\"RequestAppliesTo\":\"Rule-Obj-Activity\",\"RequestRuleName\":\"RuleFormHistory_HistoryDetails\"}" => HTTP 200 (179535 bytes)
[PegaHttpClient] 📡 POST https://zdk8budo.pegaacademy.net/prweb/api/CodeIntelligence/v1/rules/query?pxObjClass=Rule-HTML-Section&appliesTo=Rule-Obj-Activity&pyRuleName=pxDisplayCollaborators&RequestClass=Rule-HTML-Section&RequestAppliesTo=Rule-Obj-Activity&RequestRuleName=pxDisplayCollaborators Payload: "{\"RequestClass\":\"Rule-HTML-Section\",\"RequestAppliesTo\":\"Rule-Obj-Activity\",\"RequestRuleName\":\"pxDisplayCollaborators\"}" => HTTP 200 (94171 bytes)
[PegaHttpClient] 📡 POST https://zdk8budo.pegaacademy.net/prweb/api/CodeIntelligence/v1/rules/query?pxObjClass=Rule-HTML-Section&appliesTo=Rule-Obj-Activity&pyRuleName=pzRuleFormToolbarDeleteCheckOut&RequestClass=Rule-HTML-Section&RequestAppliesTo=Rule-Obj-Activity&RequestRuleName=pzRuleFormToolbarDeleteCheckOut Payload: "{\"RequestClass\":\"Rule-HTML-Section\",\"RequestAppliesTo\":\"Rule-Obj-Activity\",\"RequestRuleName\":\"pzRuleFormToolbarDeleteCheckOut\"}" => HTTP 200 (29433 bytes)
[PegaHttpClient] 📡 POST https://zdk8budo.pegaacademy.net/prweb/api/CodeIntelligence/v1/rules/query?pxObjClass=Rule-HTML-Section&appliesTo=Rule-Obj-Activity&pyRuleName=pzRuleFormToolbarDeleteRule&RequestClass=Rule-HTML-Section&RequestAppliesTo=Rule-Obj-Activity&RequestRuleName=pzRuleFormToolbarDeleteRule Payload: "{\"RequestClass\":\"Rule-HTML-Section\",\"RequestAppliesTo\":\"Rule-Obj-Activity\",\"RequestRuleName\":\"pzRuleFormToolbarDeleteRule\"}" => HTTP 200 (32314 bytes)
[PegaHttpClient] 📡 POST https://zdk8budo.pegaacademy.net/prweb/api/CodeIntelligence/v1/rules/query?pxObjClass=Rule-HTML-Section&appliesTo=Rule-Obj-Activity&pyRuleName=pzParametersAdvConf&RequestClass=Rule-HTML-Section&RequestAppliesTo=Rule-Obj-Activity&RequestRuleName=pzParametersAdvConf Payload: "{\"RequestClass\":\"Rule-HTML-Section\",\"RequestAppliesTo\":\"Rule-Obj-Activity\",\"RequestRuleName\":\"pzParametersAdvConf\"}" => HTTP 200 (127328 bytes)
[PegaHttpClient] 📡 POST https://zdk8budo.pegaacademy.net/prweb/api/CodeIntelligence/v1/rules/query?pxObjClass=Rule-HTML-Section&appliesTo=Rule-Obj-Activity&pyRuleName=pzParametersBasicConf&RequestClass=Rule-HTML-Section&RequestAppliesTo=Rule-Obj-Activity&RequestRuleName=pzParametersBasicConf Payload: "{\"RequestClass\":\"Rule-HTML-Section\",\"RequestAppliesTo\":\"Rule-Obj-Activity\",\"RequestRuleName\":\"pzParametersBasicConf\"}" => HTTP 200 (88892 bytes)
[PegaHttpClient] 📡 POST https://zdk8budo.pegaacademy.net/prweb/api/CodeIntelligence/v1/rules/query?pxObjClass=Rule-HTML-Section&appliesTo=Rule-Obj-Activity&pyRuleName=pzRuleFormLocalParametersScript&RequestClass=Rule-HTML-Section&RequestAppliesTo=Rule-Obj-Activity&RequestRuleName=pzRuleFormLocalParametersScript Payload: "{\"RequestClass\":\"Rule-HTML-Section\",\"RequestAppliesTo\":\"Rule-Obj-Activity\",\"RequestRuleName\":\"pzRuleFormLocalParametersScript\"}" => HTTP 200 (37420 bytes)
[PegaHttpClient] 📡 POST https://zdk8budo.pegaacademy.net/prweb/api/CodeIntelligence/v1/rules/query?pxObjClass=Rule-HTML-Section&appliesTo=Rule-Obj-Activity&pyRuleName=pzPagesAndClassesScriptNoMode&RequestClass=Rule-HTML-Section&RequestAppliesTo=Rule-Obj-Activity&RequestRuleName=pzPagesAndClassesScriptNoMode Payload: "{\"RequestClass\":\"Rule-HTML-Section\",\"RequestAppliesTo\":\"Rule-Obj-Activity\",\"RequestRuleName\":\"pzPagesAndClassesScriptNoMode\"}" => HTTP 200 (25452 bytes)
[PegaHttpClient] 📡 POST https://zdk8budo.pegaacademy.net/prweb/api/CodeIntelligence/v1/rules/query?pxObjClass=Rule-HTML-Section&appliesTo=Rule-Obj-Activity&pyRuleName=pzPagesAndClassesScript&RequestClass=Rule-HTML-Section&RequestAppliesTo=Rule-Obj-Activity&RequestRuleName=pzPagesAndClassesScript Payload: "{\"RequestClass\":\"Rule-HTML-Section\",\"RequestAppliesTo\":\"Rule-Obj-Activity\",\"RequestRuleName\":\"pzPagesAndClassesScript\"}" => HTTP 200 (24224 bytes)
[PegaHttpClient] 📡 POST https://zdk8budo.pegaacademy.net/prweb/api/CodeIntelligence/v1/rules/query?pxObjClass=Rule-HTML-Section&appliesTo=Rule-Obj-Activity&pyRuleName=pzViewTestCases&RequestClass=Rule-HTML-Section&RequestAppliesTo=Rule-Obj-Activity&RequestRuleName=pzViewTestCases Payload: "{\"RequestClass\":\"Rule-HTML-Section\",\"RequestAppliesTo\":\"Rule-Obj-Activity\",\"RequestRuleName\":\"pzViewTestCases\"}" => HTTP 404 (110 bytes)
[PegaHttpClient] 📡 POST https://zdk8budo.pegaacademy.net/prweb/PRRestService/CodeIntelligence/v1/rules/query?pxObjClass=Rule-HTML-Section&appliesTo=Rule-Obj-Activity&pyRuleName=pzViewTestCases&RequestClass=Rule-HTML-Section&RequestAppliesTo=Rule-Obj-Activity&RequestRuleName=pzViewTestCases Payload: "{\"RequestClass\":\"Rule-HTML-Section\",\"RequestAppliesTo\":\"Rule-Obj-Activity\",\"RequestRuleName\":\"pzViewTestCases\"}" => HTTP 404 (110 bytes)
[PegaHttpClient] 📡 POST https://zdk8budo.pegaacademy.net/prweb/api/HRAppsV2Service/V1/rules/query?pxObjClass=Rule-HTML-Section&appliesTo=Rule-Obj-Activity&pyRuleName=pzViewTestCases&RequestClass=Rule-HTML-Section&RequestAppliesTo=Rule-Obj-Activity&RequestRuleName=pzViewTestCases Payload: "{\"RequestClass\":\"Rule-HTML-Section\",\"RequestAppliesTo\":\"Rule-Obj-Activity\",\"RequestRuleName\":\"pzViewTestCases\"}" => HTTP 404 (18 bytes)
[PegaHttpClient] 📡 POST https://zdk8budo.pegaacademy.net/prweb/PRRestService/HRAppsV2Service/V1/rules/query?pxObjClass=Rule-HTML-Section&appliesTo=Rule-Obj-Activity&pyRuleName=pzViewTestCases&RequestClass=Rule-HTML-Section&RequestAppliesTo=Rule-Obj-Activity&RequestRuleName=pzViewTestCases Payload: "{\"RequestClass\":\"Rule-HTML-Section\",\"RequestAppliesTo\":\"Rule-Obj-Activity\",\"RequestRuleName\":\"pzViewTestCases\"}" => HTTP 404 (18 bytes)
[PegaHttpClient] 📡 POST https://zdk8budo.pegaacademy.net/prweb/api/HRAppsV2/V1/rules/query?pxObjClass=Rule-HTML-Section&appliesTo=Rule-Obj-Activity&pyRuleName=pzViewTestCases&RequestClass=Rule-HTML-Section&RequestAppliesTo=Rule-Obj-Activity&RequestRuleName=pzViewTestCases Payload: "{\"RequestClass\":\"Rule-HTML-Section\",\"RequestAppliesTo\":\"Rule-Obj-Activity\",\"RequestRuleName\":\"pzViewTestCases\"}" => HTTP 404 (18 bytes)
[PegaHttpClient] 📡 POST https://zdk8budo.pegaacademy.net/prweb/PRRestService/HRAppsV2/V1/rules/query?pxObjClass=Rule-HTML-Section&appliesTo=Rule-Obj-Activity&pyRuleName=pzViewTestCases&RequestClass=Rule-HTML-Section&RequestAppliesTo=Rule-Obj-Activity&RequestRuleName=pzViewTestCases Payload: "{\"RequestClass\":\"Rule-HTML-Section\",\"RequestAppliesTo\":\"Rule-Obj-Activity\",\"RequestRuleName\":\"pzViewTestCases\"}" => HTTP 404 (18 bytes)
[PegaHttpClient] 📡 POST https://zdk8budo.pegaacademy.net/prweb/api/v1/rules/query?pxObjClass=Rule-HTML-Section&appliesTo=Rule-Obj-Activity&pyRuleName=pzViewTestCases&RequestClass=Rule-HTML-Section&RequestAppliesTo=Rule-Obj-Activity&RequestRuleName=pzViewTestCases Payload: "{\"RequestClass\":\"Rule-HTML-Section\",\"RequestAppliesTo\":\"Rule-Obj-Activity\",\"RequestRuleName\":\"pzViewTestCases\"}" => HTTP 404 (18 bytes)
[PegaHttpClient] 📡 POST https://zdk8budo.pegaacademy.net/prweb/PRRestService/v1/rules/query?pxObjClass=Rule-HTML-Section&appliesTo=Rule-Obj-Activity&pyRuleName=pzViewTestCases&RequestClass=Rule-HTML-Section&RequestAppliesTo=Rule-Obj-Activity&RequestRuleName=pzViewTestCases Payload: "{\"RequestClass\":\"Rule-HTML-Section\",\"RequestAppliesTo\":\"Rule-Obj-Activity\",\"RequestRuleName\":\"pzViewTestCases\"}" => HTTP 404 (18 bytes)
[PegaHttpClient] 📡 POST https://zdk8budo.pegaacademy.net/prweb/api/CodeIntelligence/v1/rules/query?pxObjClass=Rule-HTML-Section&appliesTo=Rule-Obj-Activity&pyRuleName=pzRunSelected&RequestClass=Rule-HTML-Section&RequestAppliesTo=Rule-Obj-Activity&RequestRuleName=pzRunSelected Payload: "{\"RequestClass\":\"Rule-HTML-Section\",\"RequestAppliesTo\":\"Rule-Obj-Activity\",\"RequestRuleName\":\"pzRunSelected\"}" => HTTP 404 (108 bytes)
[PegaHttpClient] 📡 POST https://zdk8budo.pegaacademy.net/prweb/PRRestService/CodeIntelligence/v1/rules/query?pxObjClass=Rule-HTML-Section&appliesTo=Rule-Obj-Activity&pyRuleName=pzRunSelected&RequestClass=Rule-HTML-Section&RequestAppliesTo=Rule-Obj-Activity&RequestRuleName=pzRunSelected Payload: "{\"RequestClass\":\"Rule-HTML-Section\",\"RequestAppliesTo\":\"Rule-Obj-Activity\",\"RequestRuleName\":\"pzRunSelected\"}" => HTTP 404 (108 bytes)
[PegaHttpClient] 📡 POST https://zdk8budo.pegaacademy.net/prweb/api/HRAppsV2Service/V1/rules/query?pxObjClass=Rule-HTML-Section&appliesTo=Rule-Obj-Activity&pyRuleName=pzRunSelected&RequestClass=Rule-HTML-Section&RequestAppliesTo=Rule-Obj-Activity&RequestRuleName=pzRunSelected Payload: "{\"RequestClass\":\"Rule-HTML-Section\",\"RequestAppliesTo\":\"Rule-Obj-Activity\",\"RequestRuleName\":\"pzRunSelected\"}" => HTTP 404 (18 bytes)
[PegaHttpClient] 📡 POST https://zdk8budo.pegaacademy.net/prweb/PRRestService/HRAppsV2Service/V1/rules/query?pxObjClass=Rule-HTML-Section&appliesTo=Rule-Obj-Activity&pyRuleName=pzRunSelected&RequestClass=Rule-HTML-Section&RequestAppliesTo=Rule-Obj-Activity&RequestRuleName=pzRunSelected Payload: "{\"RequestClass\":\"Rule-HTML-Section\",\"RequestAppliesTo\":\"Rule-Obj-Activity\",\"RequestRuleName\":\"pzRunSelected\"}" => HTTP 404 (18 bytes)
[PegaHttpClient] 📡 POST https://zdk8budo.pegaacademy.net/prweb/api/HRAppsV2/V1/rules/query?pxObjClass=Rule-HTML-Section&appliesTo=Rule-Obj-Activity&pyRuleName=pzRunSelected&RequestClass=Rule-HTML-Section&RequestAppliesTo=Rule-Obj-Activity&RequestRuleName=pzRunSelected Payload: "{\"RequestClass\":\"Rule-HTML-Section\",\"RequestAppliesTo\":\"Rule-Obj-Activity\",\"RequestRuleName\":\"pzRunSelected\"}" => HTTP 404 (18 bytes)
[PegaHttpClient] 📡 POST https://zdk8budo.pegaacademy.net/prweb/PRRestService/HRAppsV2/V1/rules/query?pxObjClass=Rule-HTML-Section&appliesTo=Rule-Obj-Activity&pyRuleName=pzRunSelected&RequestClass=Rule-HTML-Section&RequestAppliesTo=Rule-Obj-Activity&RequestRuleName=pzRunSelected Payload: "{\"RequestClass\":\"Rule-HTML-Section\",\"RequestAppliesTo\":\"Rule-Obj-Activity\",\"RequestRuleName\":\"pzRunSelected\"}" => HTTP 404 (18 bytes)
[PegaHttpClient] 📡 POST https://zdk8budo.pegaacademy.net/prweb/api/v1/rules/query?pxObjClass=Rule-HTML-Section&appliesTo=Rule-Obj-Activity&pyRuleName=pzRunSelected&RequestClass=Rule-HTML-Section&RequestAppliesTo=Rule-Obj-Activity&RequestRuleName=pzRunSelected Payload: "{\"RequestClass\":\"Rule-HTML-Section\",\"RequestAppliesTo\":\"Rule-Obj-Activity\",\"RequestRuleName\":\"pzRunSelected\"}" => HTTP 404 (18 bytes)
[PegaHttpClient] 📡 POST https://zdk8budo.pegaacademy.net/prweb/PRRestService/v1/rules/query?pxObjClass=Rule-HTML-Section&appliesTo=Rule-Obj-Activity&pyRuleName=pzRunSelected&RequestClass=Rule-HTML-Section&RequestAppliesTo=Rule-Obj-Activity&RequestRuleName=pzRunSelected Payload: "{\"RequestClass\":\"Rule-HTML-Section\",\"RequestAppliesTo\":\"Rule-Obj-Activity\",\"RequestRuleName\":\"pzRunSelected\"}" => HTTP 404 (18 bytes)
[PegaHttpClient] 📡 POST https://zdk8budo.pegaacademy.net/prweb/api/CodeIntelligence/v1/rules/query?pxObjClass=Rule-HTML-Section&appliesTo=Rule-Obj-Activity&pyRuleName=pzShowRunAndExpectedTime&RequestClass=Rule-HTML-Section&RequestAppliesTo=Rule-Obj-Activity&RequestRuleName=pzShowRunAndExpectedTime Payload: "{\"RequestClass\":\"Rule-HTML-Section\",\"RequestAppliesTo\":\"Rule-Obj-Activity\",\"RequestRuleName\":\"pzShowRunAndExpectedTime\"}" => HTTP 200 (98943 bytes)
[PegaHttpClient] 📡 POST https://zdk8budo.pegaacademy.net/prweb/api/CodeIntelligence/v1/rules/query?pxObjClass=Rule-HTML-Section&appliesTo=Rule-Obj-Activity&pyRuleName=pzSpecificationName&RequestClass=Rule-HTML-Section&RequestAppliesTo=Rule-Obj-Activity&RequestRuleName=pzSpecificationName Payload: "{\"RequestClass\":\"Rule-HTML-Section\",\"RequestAppliesTo\":\"Rule-Obj-Activity\",\"RequestRuleName\":\"pzSpecificationName\"}" => HTTP 404 (114 bytes)
[PegaHttpClient] 📡 POST https://zdk8budo.pegaacademy.net/prweb/PRRestService/CodeIntelligence/v1/rules/query?pxObjClass=Rule-HTML-Section&appliesTo=Rule-Obj-Activity&pyRuleName=pzSpecificationName&RequestClass=Rule-HTML-Section&RequestAppliesTo=Rule-Obj-Activity&RequestRuleName=pzSpecificationName Payload: "{\"RequestClass\":\"Rule-HTML-Section\",\"RequestAppliesTo\":\"Rule-Obj-Activity\",\"RequestRuleName\":\"pzSpecificationName\"}" => HTTP 404 (114 bytes)
[PegaHttpClient] 📡 POST https://zdk8budo.pegaacademy.net/prweb/api/HRAppsV2Service/V1/rules/query?pxObjClass=Rule-HTML-Section&appliesTo=Rule-Obj-Activity&pyRuleName=pzSpecificationName&RequestClass=Rule-HTML-Section&RequestAppliesTo=Rule-Obj-Activity&RequestRuleName=pzSpecificationName Payload: "{\"RequestClass\":\"Rule-HTML-Section\",\"RequestAppliesTo\":\"Rule-Obj-Activity\",\"RequestRuleName\":\"pzSpecificationName\"}" => HTTP 404 (18 bytes)
[PegaHttpClient] 📡 POST https://zdk8budo.pegaacademy.net/prweb/PRRestService/HRAppsV2Service/V1/rules/query?pxObjClass=Rule-HTML-Section&appliesTo=Rule-Obj-Activity&pyRuleName=pzSpecificationName&RequestClass=Rule-HTML-Section&RequestAppliesTo=Rule-Obj-Activity&RequestRuleName=pzSpecificationName Payload: "{\"RequestClass\":\"Rule-HTML-Section\",\"RequestAppliesTo\":\"Rule-Obj-Activity\",\"RequestRuleName\":\"pzSpecificationName\"}" => HTTP 404 (18 bytes)
[PegaHttpClient] 📡 POST https://zdk8budo.pegaacademy.net/prweb/api/HRAppsV2/V1/rules/query?pxObjClass=Rule-HTML-Section&appliesTo=Rule-Obj-Activity&pyRuleName=pzSpecificationName&RequestClass=Rule-HTML-Section&RequestAppliesTo=Rule-Obj-Activity&RequestRuleName=pzSpecificationName Payload: "{\"RequestClass\":\"Rule-HTML-Section\",\"RequestAppliesTo\":\"Rule-Obj-Activity\",\"RequestRuleName\":\"pzSpecificationName\"}" => HTTP 404 (18 bytes)
[PegaHttpClient] 📡 POST https://zdk8budo.pegaacademy.net/prweb/PRRestService/HRAppsV2/V1/rules/query?pxObjClass=Rule-HTML-Section&appliesTo=Rule-Obj-Activity&pyRuleName=pzSpecificationName&RequestClass=Rule-HTML-Section&RequestAppliesTo=Rule-Obj-Activity&RequestRuleName=pzSpecificationName Payload: "{\"RequestClass\":\"Rule-HTML-Section\",\"RequestAppliesTo\":\"Rule-Obj-Activity\",\"RequestRuleName\":\"pzSpecificationName\"}" => HTTP 404 (18 bytes)
[PegaHttpClient] 📡 POST https://zdk8budo.pegaacademy.net/prweb/api/v1/rules/query?pxObjClass=Rule-HTML-Section&appliesTo=Rule-Obj-Activity&pyRuleName=pzSpecificationName&RequestClass=Rule-HTML-Section&RequestAppliesTo=Rule-Obj-Activity&RequestRuleName=pzSpecificationName Payload: "{\"RequestClass\":\"Rule-HTML-Section\",\"RequestAppliesTo\":\"Rule-Obj-Activity\",\"RequestRuleName\":\"pzSpecificationName\"}" => HTTP 404 (18 bytes)
[PegaHttpClient] 📡 POST https://zdk8budo.pegaacademy.net/prweb/PRRestService/v1/rules/query?pxObjClass=Rule-HTML-Section&appliesTo=Rule-Obj-Activity&pyRuleName=pzSpecificationName&RequestClass=Rule-HTML-Section&RequestAppliesTo=Rule-Obj-Activity&RequestRuleName=pzSpecificationName Payload: "{\"RequestClass\":\"Rule-HTML-Section\",\"RequestAppliesTo\":\"Rule-Obj-Activity\",\"RequestRuleName\":\"pzSpecificationName\"}" => HTTP 404 (18 bytes)
[PegaHttpClient] 📡 POST https://zdk8budo.pegaacademy.net/prweb/api/CodeIntelligence/v1/rules/query?pxObjClass=Rule-HTML-Section&appliesTo=Rule-Obj-Activity&pyRuleName=pzScm_RuleHistory&RequestClass=Rule-HTML-Section&RequestAppliesTo=Rule-Obj-Activity&RequestRuleName=pzScm_RuleHistory Payload: "{\"RequestClass\":\"Rule-HTML-Section\",\"RequestAppliesTo\":\"Rule-Obj-Activity\",\"RequestRuleName\":\"pzScm_RuleHistory\"}" => HTTP 200 (14682 bytes)
[PegaHttpClient] 📡 POST https://zdk8budo.pegaacademy.net/prweb/api/CodeIntelligence/v1/rules/query?pxObjClass=Rule-HTML-Section&appliesTo=Rule-Obj-Activity&pyRuleName=pzLoadCollaborationScripts&RequestClass=Rule-HTML-Section&RequestAppliesTo=Rule-Obj-Activity&RequestRuleName=pzLoadCollaborationScripts Payload: "{\"RequestClass\":\"Rule-HTML-Section\",\"RequestAppliesTo\":\"Rule-Obj-Activity\",\"RequestRuleName\":\"pzLoadCollaborationScripts\"}" => HTTP 200 (23453 bytes)
[PegaHttpClient] 📡 POST https://zdk8budo.pegaacademy.net/prweb/api/CodeIntelligence/v1/rules/query?pxObjClass=Rule-HTML-Section&appliesTo=Rule-Obj-Activity&pyRuleName=pzDisplayCollaboratorsList&RequestClass=Rule-HTML-Section&RequestAppliesTo=Rule-Obj-Activity&RequestRuleName=pzDisplayCollaboratorsList Payload: "{\"RequestClass\":\"Rule-HTML-Section\",\"RequestAppliesTo\":\"Rule-Obj-Activity\",\"RequestRuleName\":\"pzDisplayCollaboratorsList\"}" => HTTP 200 (105418 bytes)
[PegaHttpClient] 📡 POST https://zdk8budo.pegaacademy.net/prweb/api/CodeIntelligence/v1/rules/query?pxObjClass=Rule-HTML-Section&appliesTo=Rule-Obj-Activity&pyRuleName=pyCollaborator&RequestClass=Rule-HTML-Section&RequestAppliesTo=Rule-Obj-Activity&RequestRuleName=pyCollaborator Payload: "{\"RequestClass\":\"Rule-HTML-Section\",\"RequestAppliesTo\":\"Rule-Obj-Activity\",\"RequestRuleName\":\"pyCollaborator\"}" => HTTP 404 (109 bytes)
[PegaHttpClient] 📡 POST https://zdk8budo.pegaacademy.net/prweb/PRRestService/CodeIntelligence/v1/rules/query?pxObjClass=Rule-HTML-Section&appliesTo=Rule-Obj-Activity&pyRuleName=pyCollaborator&RequestClass=Rule-HTML-Section&RequestAppliesTo=Rule-Obj-Activity&RequestRuleName=pyCollaborator Payload: "{\"RequestClass\":\"Rule-HTML-Section\",\"RequestAppliesTo\":\"Rule-Obj-Activity\",\"RequestRuleName\":\"pyCollaborator\"}" => HTTP 404 (109 bytes)
[PegaHttpClient] 📡 POST https://zdk8budo.pegaacademy.net/prweb/api/HRAppsV2Service/V1/rules/query?pxObjClass=Rule-HTML-Section&appliesTo=Rule-Obj-Activity&pyRuleName=pyCollaborator&RequestClass=Rule-HTML-Section&RequestAppliesTo=Rule-Obj-Activity&RequestRuleName=pyCollaborator Payload: "{\"RequestClass\":\"Rule-HTML-Section\",\"RequestAppliesTo\":\"Rule-Obj-Activity\",\"RequestRuleName\":\"pyCollaborator\"}" => HTTP 404 (18 bytes)
[PegaHttpClient] 📡 POST https://zdk8budo.pegaacademy.net/prweb/PRRestService/HRAppsV2Service/V1/rules/query?pxObjClass=Rule-HTML-Section&appliesTo=Rule-Obj-Activity&pyRuleName=pyCollaborator&RequestClass=Rule-HTML-Section&RequestAppliesTo=Rule-Obj-Activity&RequestRuleName=pyCollaborator Payload: "{\"RequestClass\":\"Rule-HTML-Section\",\"RequestAppliesTo\":\"Rule-Obj-Activity\",\"RequestRuleName\":\"pyCollaborator\"}" => HTTP 404 (18 bytes)
[PegaHttpClient] 📡 POST https://zdk8budo.pegaacademy.net/prweb/api/HRAppsV2/V1/rules/query?pxObjClass=Rule-HTML-Section&appliesTo=Rule-Obj-Activity&pyRuleName=pyCollaborator&RequestClass=Rule-HTML-Section&RequestAppliesTo=Rule-Obj-Activity&RequestRuleName=pyCollaborator Payload: "{\"RequestClass\":\"Rule-HTML-Section\",\"RequestAppliesTo\":\"Rule-Obj-Activity\",\"RequestRuleName\":\"pyCollaborator\"}" => HTTP 404 (18 bytes)
[PegaHttpClient] 📡 POST https://zdk8budo.pegaacademy.net/prweb/PRRestService/HRAppsV2/V1/rules/query?pxObjClass=Rule-HTML-Section&appliesTo=Rule-Obj-Activity&pyRuleName=pyCollaborator&RequestClass=Rule-HTML-Section&RequestAppliesTo=Rule-Obj-Activity&RequestRuleName=pyCollaborator Payload: "{\"RequestClass\":\"Rule-HTML-Section\",\"RequestAppliesTo\":\"Rule-Obj-Activity\",\"RequestRuleName\":\"pyCollaborator\"}" => HTTP 404 (18 bytes)
[PegaHttpClient] 📡 POST https://zdk8budo.pegaacademy.net/prweb/api/v1/rules/query?pxObjClass=Rule-HTML-Section&appliesTo=Rule-Obj-Activity&pyRuleName=pyCollaborator&RequestClass=Rule-HTML-Section&RequestAppliesTo=Rule-Obj-Activity&RequestRuleName=pyCollaborator Payload: "{\"RequestClass\":\"Rule-HTML-Section\",\"RequestAppliesTo\":\"Rule-Obj-Activity\",\"RequestRuleName\":\"pyCollaborator\"}" => HTTP 404 (18 bytes)
[PegaHttpClient] 📡 POST https://zdk8budo.pegaacademy.net/prweb/PRRestService/v1/rules/query?pxObjClass=Rule-HTML-Section&appliesTo=Rule-Obj-Activity&pyRuleName=pyCollaborator&RequestClass=Rule-HTML-Section&RequestAppliesTo=Rule-Obj-Activity&RequestRuleName=pyCollaborator Payload: "{\"RequestClass\":\"Rule-HTML-Section\",\"RequestAppliesTo\":\"Rule-Obj-Activity\",\"RequestRuleName\":\"pyCollaborator\"}" => HTTP 404 (18 bytes)
[PegaHttpClient] 📡 POST https://zdk8budo.pegaacademy.net/prweb/api/CodeIntelligence/v1/rules/query?pxObjClass=Rule-HTML-Section&appliesTo=Rule-Obj-Activity&pyRuleName=pzDisplayPartialCount&RequestClass=Rule-HTML-Section&RequestAppliesTo=Rule-Obj-Activity&RequestRuleName=pzDisplayPartialCount Payload: "{\"RequestClass\":\"Rule-HTML-Section\",\"RequestAppliesTo\":\"Rule-Obj-Activity\",\"RequestRuleName\":\"pzDisplayPartialCount\"}" => HTTP 404 (116 bytes)
[PegaHttpClient] 📡 POST https://zdk8budo.pegaacademy.net/prweb/PRRestService/CodeIntelligence/v1/rules/query?pxObjClass=Rule-HTML-Section&appliesTo=Rule-Obj-Activity&pyRuleName=pzDisplayPartialCount&RequestClass=Rule-HTML-Section&RequestAppliesTo=Rule-Obj-Activity&RequestRuleName=pzDisplayPartialCount Payload: "{\"RequestClass\":\"Rule-HTML-Section\",\"RequestAppliesTo\":\"Rule-Obj-Activity\",\"RequestRuleName\":\"pzDisplayPartialCount\"}" => HTTP 404 (116 bytes)
[PegaHttpClient] 📡 POST https://zdk8budo.pegaacademy.net/prweb/api/HRAppsV2Service/V1/rules/query?pxObjClass=Rule-HTML-Section&appliesTo=Rule-Obj-Activity&pyRuleName=pzDisplayPartialCount&RequestClass=Rule-HTML-Section&RequestAppliesTo=Rule-Obj-Activity&RequestRuleName=pzDisplayPartialCount Payload: "{\"RequestClass\":\"Rule-HTML-Section\",\"RequestAppliesTo\":\"Rule-Obj-Activity\",\"RequestRuleName\":\"pzDisplayPartialCount\"}" => HTTP 404 (18 bytes)
[PegaHttpClient] 📡 POST https://zdk8budo.pegaacademy.net/prweb/PRRestService/HRAppsV2Service/V1/rules/query?pxObjClass=Rule-HTML-Section&appliesTo=Rule-Obj-Activity&pyRuleName=pzDisplayPartialCount&RequestClass=Rule-HTML-Section&RequestAppliesTo=Rule-Obj-Activity&RequestRuleName=pzDisplayPartialCount Payload: "{\"RequestClass\":\"Rule-HTML-Section\",\"RequestAppliesTo\":\"Rule-Obj-Activity\",\"RequestRuleName\":\"pzDisplayPartialCount\"}" => HTTP 404 (18 bytes)
[PegaHttpClient] 📡 POST https://zdk8budo.pegaacademy.net/prweb/api/HRAppsV2/V1/rules/query?pxObjClass=Rule-HTML-Section&appliesTo=Rule-Obj-Activity&pyRuleName=pzDisplayPartialCount&RequestClass=Rule-HTML-Section&RequestAppliesTo=Rule-Obj-Activity&RequestRuleName=pzDisplayPartialCount Payload: "{\"RequestClass\":\"Rule-HTML-Section\",\"RequestAppliesTo\":\"Rule-Obj-Activity\",\"RequestRuleName\":\"pzDisplayPartialCount\"}" => HTTP 404 (18 bytes)
[PegaHttpClient] 📡 POST https://zdk8budo.pegaacademy.net/prweb/PRRestService/HRAppsV2/V1/rules/query?pxObjClass=Rule-HTML-Section&appliesTo=Rule-Obj-Activity&pyRuleName=pzDisplayPartialCount&RequestClass=Rule-HTML-Section&RequestAppliesTo=Rule-Obj-Activity&RequestRuleName=pzDisplayPartialCount Payload: "{\"RequestClass\":\"Rule-HTML-Section\",\"RequestAppliesTo\":\"Rule-Obj-Activity\",\"RequestRuleName\":\"pzDisplayPartialCount\"}" => HTTP 404 (18 bytes)
[PegaHttpClient] 📡 POST https://zdk8budo.pegaacademy.net/prweb/api/v1/rules/query?pxObjClass=Rule-HTML-Section&appliesTo=Rule-Obj-Activity&pyRuleName=pzDisplayPartialCount&RequestClass=Rule-HTML-Section&RequestAppliesTo=Rule-Obj-Activity&RequestRuleName=pzDisplayPartialCount Payload: "{\"RequestClass\":\"Rule-HTML-Section\",\"RequestAppliesTo\":\"Rule-Obj-Activity\",\"RequestRuleName\":\"pzDisplayPartialCount\"}" => HTTP 404 (18 bytes)
[PegaHttpClient] 📡 POST https://zdk8budo.pegaacademy.net/prweb/PRRestService/v1/rules/query?pxObjClass=Rule-HTML-Section&appliesTo=Rule-Obj-Activity&pyRuleName=pzDisplayPartialCount&RequestClass=Rule-HTML-Section&RequestAppliesTo=Rule-Obj-Activity&RequestRuleName=pzDisplayPartialCount Payload: "{\"RequestClass\":\"Rule-HTML-Section\",\"RequestAppliesTo\":\"Rule-Obj-Activity\",\"RequestRuleName\":\"pzDisplayPartialCount\"}" => HTTP 404 (18 bytes)
[SchemaGen] ✅ Schema written for Rule-Obj-Activity
[PegaHttpClient] 📡 GET https://zdk8budo.pegaacademy.net/prweb/api/CodeIntelligence/v1/rules/RULE-HTML-HARNESS%20RULE-HTML-PROPERTY%20RULEFORM%20%2320180713T135119.259%20GMT => HTTP 200 (58045 bytes)
[PegaHttpClient] 📡 POST https://zdk8budo.pegaacademy.net/prweb/api/CodeIntelligence/v1/rules/query?pxObjClass=Rule-HTML-Section&appliesTo=Rule-HTML-Property&pyRuleName=RuleFormMain&RequestClass=Rule-HTML-Section&RequestAppliesTo=Rule-HTML-Property&RequestRuleName=RuleFormMain Payload: "{\"RequestClass\":\"Rule-HTML-Section\",\"RequestAppliesTo\":\"Rule-HTML-Property\",\"RequestRuleName\":\"RuleFormMain\"}" => HTTP 200 (156234 bytes)
[PegaHttpClient] 📡 POST https://zdk8budo.pegaacademy.net/prweb/api/CodeIntelligence/v1/rules/query?pxObjClass=Rule-HTML-Section&appliesTo=Rule-HTML-Property&pyRuleName=pxAlternateRuleForm&RequestClass=Rule-HTML-Section&RequestAppliesTo=Rule-HTML-Property&RequestRuleName=pxAlternateRuleForm Payload: "{\"RequestClass\":\"Rule-HTML-Section\",\"RequestAppliesTo\":\"Rule-HTML-Property\",\"RequestRuleName\":\"pxAlternateRuleForm\"}" => HTTP 200 (66153 bytes)
[PegaHttpClient] 📡 POST https://zdk8budo.pegaacademy.net/prweb/api/CodeIntelligence/v1/rules/query?pxObjClass=Rule-HTML-Section&appliesTo=Rule-HTML-Property&pyRuleName=pzRuleFormScripts&RequestClass=Rule-HTML-Section&RequestAppliesTo=Rule-HTML-Property&RequestRuleName=pzRuleFormScripts Payload: "{\"RequestClass\":\"Rule-HTML-Section\",\"RequestAppliesTo\":\"Rule-HTML-Property\",\"RequestRuleName\":\"pzRuleFormScripts\"}" => HTTP 200 (40822 bytes)
[PegaHttpClient] 📡 POST https://zdk8budo.pegaacademy.net/prweb/api/CodeIntelligence/v1/rules/query?pxObjClass=Rule-HTML-Section&appliesTo=Rule-HTML-Property&pyRuleName=pzRuleFormLayoutDelegated&RequestClass=Rule-HTML-Section&RequestAppliesTo=Rule-HTML-Property&RequestRuleName=pzRuleFormLayoutDelegated Payload: "{\"RequestClass\":\"Rule-HTML-Section\",\"RequestAppliesTo\":\"Rule-HTML-Property\",\"RequestRuleName\":\"pzRuleFormLayoutDelegated\"}" => HTTP 200 (70998 bytes)
[PegaHttpClient] 📡 POST https://zdk8budo.pegaacademy.net/prweb/api/CodeIntelligence/v1/rules/query?pxObjClass=Rule-HTML-Section&appliesTo=Rule-HTML-Property&pyRuleName=RuleFormLayout&RequestClass=Rule-HTML-Section&RequestAppliesTo=Rule-HTML-Property&RequestRuleName=RuleFormLayout Payload: "{\"RequestClass\":\"Rule-HTML-Section\",\"RequestAppliesTo\":\"Rule-HTML-Property\",\"RequestRuleName\":\"RuleFormLayout\"}" => HTTP 200 (31039 bytes)
[PegaHttpClient] 📡 POST https://zdk8budo.pegaacademy.net/prweb/api/CodeIntelligence/v1/rules/query?pxObjClass=Rule-HTML-Section&appliesTo=Rule-HTML-Property&pyRuleName=RuleFormSettings&RequestClass=Rule-HTML-Section&RequestAppliesTo=Rule-HTML-Property&RequestRuleName=RuleFormSettings Payload: "{\"RequestClass\":\"Rule-HTML-Section\",\"RequestAppliesTo\":\"Rule-HTML-Property\",\"RequestRuleName\":\"RuleFormSettings\"}" => HTTP 200 (20540 bytes)
[PegaHttpClient] 📡 POST https://zdk8budo.pegaacademy.net/prweb/api/CodeIntelligence/v1/rules/query?pxObjClass=Rule-HTML-Section&appliesTo=Rule-HTML-Property&pyRuleName=OpenAuthoring&RequestClass=Rule-HTML-Section&RequestAppliesTo=Rule-HTML-Property&RequestRuleName=OpenAuthoring Payload: "{\"RequestClass\":\"Rule-HTML-Section\",\"RequestAppliesTo\":\"Rule-HTML-Property\",\"RequestRuleName\":\"OpenAuthoring\"}" => HTTP 200 (23695 bytes)
[PegaHttpClient] 📡 POST https://zdk8budo.pegaacademy.net/prweb/api/CodeIntelligence/v1/rules/query?pxObjClass=Rule-HTML-Section&appliesTo=Rule-HTML-Property&pyRuleName=pyCustomHelp&RequestClass=Rule-HTML-Section&RequestAppliesTo=Rule-HTML-Property&RequestRuleName=pyCustomHelp Payload: "{\"RequestClass\":\"Rule-HTML-Section\",\"RequestAppliesTo\":\"Rule-HTML-Property\",\"RequestRuleName\":\"pyCustomHelp\"}" => HTTP 200 (17256 bytes)
[PegaHttpClient] 📡 POST https://zdk8budo.pegaacademy.net/prweb/api/CodeIntelligence/v1/rules/query?pxObjClass=Rule-HTML-Section&appliesTo=Rule-HTML-Property&pyRuleName=pzRuleformMainInclude&RequestClass=Rule-HTML-Section&RequestAppliesTo=Rule-HTML-Property&RequestRuleName=pzRuleformMainInclude Payload: "{\"RequestClass\":\"Rule-HTML-Section\",\"RequestAppliesTo\":\"Rule-HTML-Property\",\"RequestRuleName\":\"pzRuleformMainInclude\"}" => HTTP 200 (22375 bytes)
[PegaHttpClient] 📡 POST https://zdk8budo.pegaacademy.net/prweb/api/CodeIntelligence/v1/rules/query?pxObjClass=Rule-HTML-Section&appliesTo=Rule-HTML-Property&pyRuleName=pyAlternativeRuleFormStrategicAppExtension&RequestClass=Rule-HTML-Section&RequestAppliesTo=Rule-HTML-Property&RequestRuleName=pyAlternativeRuleFormStrategicAppExtension Payload: "{\"RequestClass\":\"Rule-HTML-Section\",\"RequestAppliesTo\":\"Rule-HTML-Property\",\"RequestRuleName\":\"pyAlternativeRuleFormStrategicAppExtension\"}" => HTTP 200 (25042 bytes)
[PegaHttpClient] 📡 POST https://zdk8budo.pegaacademy.net/prweb/api/CodeIntelligence/v1/rules/query?pxObjClass=Rule-HTML-Section&appliesTo=Rule-HTML-Property&pyRuleName=pyAlternativeRuleFormExtension&RequestClass=Rule-HTML-Section&RequestAppliesTo=Rule-HTML-Property&RequestRuleName=pyAlternativeRuleFormExtension Payload: "{\"RequestClass\":\"Rule-HTML-Section\",\"RequestAppliesTo\":\"Rule-HTML-Property\",\"RequestRuleName\":\"pyAlternativeRuleFormExtension\"}" => HTTP 200 (24863 bytes)
[PegaHttpClient] 📡 POST https://zdk8budo.pegaacademy.net/prweb/api/CodeIntelligence/v1/rules/query?pxObjClass=Rule-HTML-Section&appliesTo=Rule-HTML-Property&pyRuleName=RuleFormHeader&RequestClass=Rule-HTML-Section&RequestAppliesTo=Rule-HTML-Property&RequestRuleName=RuleFormHeader Payload: "{\"RequestClass\":\"Rule-HTML-Section\",\"RequestAppliesTo\":\"Rule-HTML-Property\",\"RequestRuleName\":\"RuleFormHeader\"}" => HTTP 200 (183800 bytes)
[PegaHttpClient] 📡 POST https://zdk8budo.pegaacademy.net/prweb/api/CodeIntelligence/v1/rules/query?pxObjClass=Rule-HTML-Section&appliesTo=Rule-HTML-Property&pyRuleName=pzDelegationExperience&RequestClass=Rule-HTML-Section&RequestAppliesTo=Rule-HTML-Property&RequestRuleName=pzDelegationExperience Payload: "{\"RequestClass\":\"Rule-HTML-Section\",\"RequestAppliesTo\":\"Rule-HTML-Property\",\"RequestRuleName\":\"pzDelegationExperience\"}" => HTTP 404 (118 bytes)
[PegaHttpClient] 📡 POST https://zdk8budo.pegaacademy.net/prweb/PRRestService/CodeIntelligence/v1/rules/query?pxObjClass=Rule-HTML-Section&appliesTo=Rule-HTML-Property&pyRuleName=pzDelegationExperience&RequestClass=Rule-HTML-Section&RequestAppliesTo=Rule-HTML-Property&RequestRuleName=pzDelegationExperience Payload: "{\"RequestClass\":\"Rule-HTML-Section\",\"RequestAppliesTo\":\"Rule-HTML-Property\",\"RequestRuleName\":\"pzDelegationExperience\"}" => HTTP 404 (118 bytes)
[PegaHttpClient] 📡 POST https://zdk8budo.pegaacademy.net/prweb/api/HRAppsV2Service/V1/rules/query?pxObjClass=Rule-HTML-Section&appliesTo=Rule-HTML-Property&pyRuleName=pzDelegationExperience&RequestClass=Rule-HTML-Section&RequestAppliesTo=Rule-HTML-Property&RequestRuleName=pzDelegationExperience Payload: "{\"RequestClass\":\"Rule-HTML-Section\",\"RequestAppliesTo\":\"Rule-HTML-Property\",\"RequestRuleName\":\"pzDelegationExperience\"}" => HTTP 404 (18 bytes)
[PegaHttpClient] 📡 POST https://zdk8budo.pegaacademy.net/prweb/PRRestService/HRAppsV2Service/V1/rules/query?pxObjClass=Rule-HTML-Section&appliesTo=Rule-HTML-Property&pyRuleName=pzDelegationExperience&RequestClass=Rule-HTML-Section&RequestAppliesTo=Rule-HTML-Property&RequestRuleName=pzDelegationExperience Payload: "{\"RequestClass\":\"Rule-HTML-Section\",\"RequestAppliesTo\":\"Rule-HTML-Property\",\"RequestRuleName\":\"pzDelegationExperience\"}" => HTTP 404 (18 bytes)
[PegaHttpClient] 📡 POST https://zdk8budo.pegaacademy.net/prweb/api/HRAppsV2/V1/rules/query?pxObjClass=Rule-HTML-Section&appliesTo=Rule-HTML-Property&pyRuleName=pzDelegationExperience&RequestClass=Rule-HTML-Section&RequestAppliesTo=Rule-HTML-Property&RequestRuleName=pzDelegationExperience Payload: "{\"RequestClass\":\"Rule-HTML-Section\",\"RequestAppliesTo\":\"Rule-HTML-Property\",\"RequestRuleName\":\"pzDelegationExperience\"}" => HTTP 404 (18 bytes)
[PegaHttpClient] 📡 POST https://zdk8budo.pegaacademy.net/prweb/PRRestService/HRAppsV2/V1/rules/query?pxObjClass=Rule-HTML-Section&appliesTo=Rule-HTML-Property&pyRuleName=pzDelegationExperience&RequestClass=Rule-HTML-Section&RequestAppliesTo=Rule-HTML-Property&RequestRuleName=pzDelegationExperience Payload: "{\"RequestClass\":\"Rule-HTML-Section\",\"RequestAppliesTo\":\"Rule-HTML-Property\",\"RequestRuleName\":\"pzDelegationExperience\"}" => HTTP 404 (18 bytes)
[PegaHttpClient] 📡 POST https://zdk8budo.pegaacademy.net/prweb/api/v1/rules/query?pxObjClass=Rule-HTML-Section&appliesTo=Rule-HTML-Property&pyRuleName=pzDelegationExperience&RequestClass=Rule-HTML-Section&RequestAppliesTo=Rule-HTML-Property&RequestRuleName=pzDelegationExperience Payload: "{\"RequestClass\":\"Rule-HTML-Section\",\"RequestAppliesTo\":\"Rule-HTML-Property\",\"RequestRuleName\":\"pzDelegationExperience\"}" => HTTP 404 (18 bytes)
[PegaHttpClient] 📡 POST https://zdk8budo.pegaacademy.net/prweb/PRRestService/v1/rules/query?pxObjClass=Rule-HTML-Section&appliesTo=Rule-HTML-Property&pyRuleName=pzDelegationExperience&RequestClass=Rule-HTML-Section&RequestAppliesTo=Rule-HTML-Property&RequestRuleName=pzDelegationExperience Payload: "{\"RequestClass\":\"Rule-HTML-Section\",\"RequestAppliesTo\":\"Rule-HTML-Property\",\"RequestRuleName\":\"pzDelegationExperience\"}" => HTTP 404 (18 bytes)
[PegaHttpClient] 📡 POST https://zdk8budo.pegaacademy.net/prweb/api/CodeIntelligence/v1/rules/query?pxObjClass=Rule-HTML-Section&appliesTo=Rule-HTML-Property&pyRuleName=pzRuleFormLayoutTabs&RequestClass=Rule-HTML-Section&RequestAppliesTo=Rule-HTML-Property&RequestRuleName=pzRuleFormLayoutTabs Payload: "{\"RequestClass\":\"Rule-HTML-Section\",\"RequestAppliesTo\":\"Rule-HTML-Property\",\"RequestRuleName\":\"pzRuleFormLayoutTabs\"}" => HTTP 200 (147119 bytes)
[PegaHttpClient] 📡 POST https://zdk8budo.pegaacademy.net/prweb/api/CodeIntelligence/v1/rules/query?pxObjClass=Rule-HTML-Section&appliesTo=Rule-HTML-Property&pyRuleName=pzCustomHelp&RequestClass=Rule-HTML-Section&RequestAppliesTo=Rule-HTML-Property&RequestRuleName=pzCustomHelp Payload: "{\"RequestClass\":\"Rule-HTML-Section\",\"RequestAppliesTo\":\"Rule-HTML-Property\",\"RequestRuleName\":\"pzCustomHelp\"}" => HTTP 200 (31573 bytes)
[PegaHttpClient] 📡 POST https://zdk8budo.pegaacademy.net/prweb/api/CodeIntelligence/v1/rules/query?pxObjClass=Rule-HTML-Section&appliesTo=Rule-HTML-Property&pyRuleName=pzRuleFormKeysAndDescription&RequestClass=Rule-HTML-Section&RequestAppliesTo=Rule-HTML-Property&RequestRuleName=pzRuleFormKeysAndDescription Payload: "{\"RequestClass\":\"Rule-HTML-Section\",\"RequestAppliesTo\":\"Rule-HTML-Property\",\"RequestRuleName\":\"pzRuleFormKeysAndDescription\"}" => HTTP 200 (218057 bytes)
[PegaHttpClient] 📡 POST https://zdk8budo.pegaacademy.net/prweb/api/CodeIntelligence/v1/rules/query?pxObjClass=Rule-HTML-Section&appliesTo=Rule-HTML-Property&pyRuleName=pzRuleFormRuleset&RequestClass=Rule-HTML-Section&RequestAppliesTo=Rule-HTML-Property&RequestRuleName=pzRuleFormRuleset Payload: "{\"RequestClass\":\"Rule-HTML-Section\",\"RequestAppliesTo\":\"Rule-HTML-Property\",\"RequestRuleName\":\"pzRuleFormRuleset\"}" => HTTP 200 (33985 bytes)
[PegaHttpClient] 📡 POST https://zdk8budo.pegaacademy.net/prweb/api/CodeIntelligence/v1/rules/query?pxObjClass=Rule-HTML-Section&appliesTo=Rule-HTML-Property&pyRuleName=undefined&RequestClass=Rule-HTML-Section&RequestAppliesTo=Rule-HTML-Property&RequestRuleName=undefined Payload: "{\"RequestClass\":\"Rule-HTML-Section\",\"RequestAppliesTo\":\"Rule-HTML-Property\",\"RequestRuleName\":\"undefined\"}" => HTTP 404 (105 bytes)
[PegaHttpClient] 📡 POST https://zdk8budo.pegaacademy.net/prweb/PRRestService/CodeIntelligence/v1/rules/query?pxObjClass=Rule-HTML-Section&appliesTo=Rule-HTML-Property&pyRuleName=undefined&RequestClass=Rule-HTML-Section&RequestAppliesTo=Rule-HTML-Property&RequestRuleName=undefined Payload: "{\"RequestClass\":\"Rule-HTML-Section\",\"RequestAppliesTo\":\"Rule-HTML-Property\",\"RequestRuleName\":\"undefined\"}" => HTTP 404 (105 bytes)
[PegaHttpClient] 📡 POST https://zdk8budo.pegaacademy.net/prweb/api/HRAppsV2Service/V1/rules/query?pxObjClass=Rule-HTML-Section&appliesTo=Rule-HTML-Property&pyRuleName=undefined&RequestClass=Rule-HTML-Section&RequestAppliesTo=Rule-HTML-Property&RequestRuleName=undefined Payload: "{\"RequestClass\":\"Rule-HTML-Section\",\"RequestAppliesTo\":\"Rule-HTML-Property\",\"RequestRuleName\":\"undefined\"}" => HTTP 404 (18 bytes)
[PegaHttpClient] 📡 POST https://zdk8budo.pegaacademy.net/prweb/PRRestService/HRAppsV2Service/V1/rules/query?pxObjClass=Rule-HTML-Section&appliesTo=Rule-HTML-Property&pyRuleName=undefined&RequestClass=Rule-HTML-Section&RequestAppliesTo=Rule-HTML-Property&RequestRuleName=undefined Payload: "{\"RequestClass\":\"Rule-HTML-Section\",\"RequestAppliesTo\":\"Rule-HTML-Property\",\"RequestRuleName\":\"undefined\"}" => HTTP 404 (18 bytes)
[PegaHttpClient] 📡 POST https://zdk8budo.pegaacademy.net/prweb/api/HRAppsV2/V1/rules/query?pxObjClass=Rule-HTML-Section&appliesTo=Rule-HTML-Property&pyRuleName=undefined&RequestClass=Rule-HTML-Section&RequestAppliesTo=Rule-HTML-Property&RequestRuleName=undefined Payload: "{\"RequestClass\":\"Rule-HTML-Section\",\"RequestAppliesTo\":\"Rule-HTML-Property\",\"RequestRuleName\":\"undefined\"}" => HTTP 404 (18 bytes)
[PegaHttpClient] 📡 POST https://zdk8budo.pegaacademy.net/prweb/PRRestService/HRAppsV2/V1/rules/query?pxObjClass=Rule-HTML-Section&appliesTo=Rule-HTML-Property&pyRuleName=undefined&RequestClass=Rule-HTML-Section&RequestAppliesTo=Rule-HTML-Property&RequestRuleName=undefined Payload: "{\"RequestClass\":\"Rule-HTML-Section\",\"RequestAppliesTo\":\"Rule-HTML-Property\",\"RequestRuleName\":\"undefined\"}" => HTTP 404 (18 bytes)
[PegaHttpClient] 📡 POST https://zdk8budo.pegaacademy.net/prweb/api/v1/rules/query?pxObjClass=Rule-HTML-Section&appliesTo=Rule-HTML-Property&pyRuleName=undefined&RequestClass=Rule-HTML-Section&RequestAppliesTo=Rule-HTML-Property&RequestRuleName=undefined Payload: "{\"RequestClass\":\"Rule-HTML-Section\",\"RequestAppliesTo\":\"Rule-HTML-Property\",\"RequestRuleName\":\"undefined\"}" => HTTP 404 (18 bytes)
[PegaHttpClient] 📡 POST https://zdk8budo.pegaacademy.net/prweb/PRRestService/v1/rules/query?pxObjClass=Rule-HTML-Section&appliesTo=Rule-HTML-Property&pyRuleName=undefined&RequestClass=Rule-HTML-Section&RequestAppliesTo=Rule-HTML-Property&RequestRuleName=undefined Payload: "{\"RequestClass\":\"Rule-HTML-Section\",\"RequestAppliesTo\":\"Rule-HTML-Property\",\"RequestRuleName\":\"undefined\"}" => HTTP 404 (18 bytes)
[PegaHttpClient] 📡 POST https://zdk8budo.pegaacademy.net/prweb/api/CodeIntelligence/v1/rules/query?pxObjClass=Rule-HTML-Section&appliesTo=Rule-HTML-Property&pyRuleName=pzRuleFormToolbar&RequestClass=Rule-HTML-Section&RequestAppliesTo=Rule-HTML-Property&RequestRuleName=pzRuleFormToolbar Payload: "{\"RequestClass\":\"Rule-HTML-Section\",\"RequestAppliesTo\":\"Rule-HTML-Property\",\"RequestRuleName\":\"pzRuleFormToolbar\"}" => HTTP 200 (242691 bytes)
[PegaHttpClient] 📡 POST https://zdk8budo.pegaacademy.net/prweb/api/CodeIntelligence/v1/rules/query?pxObjClass=Rule-HTML-Section&appliesTo=Rule-HTML-Property&pyRuleName=pzRuleFormToolbarCompare&RequestClass=Rule-HTML-Section&RequestAppliesTo=Rule-HTML-Property&RequestRuleName=pzRuleFormToolbarCompare Payload: "{\"RequestClass\":\"Rule-HTML-Section\",\"RequestAppliesTo\":\"Rule-HTML-Property\",\"RequestRuleName\":\"pzRuleFormToolbarCompare\"}" => HTTP 200 (61925 bytes)
[PegaHttpClient] 📡 POST https://zdk8budo.pegaacademy.net/prweb/api/CodeIntelligence/v1/rules/query?pxObjClass=Rule-HTML-Section&appliesTo=Rule-HTML-Property&pyRuleName=RuleFormHeaderMessages&RequestClass=Rule-HTML-Section&RequestAppliesTo=Rule-HTML-Property&RequestRuleName=RuleFormHeaderMessages Payload: "{\"RequestClass\":\"Rule-HTML-Section\",\"RequestAppliesTo\":\"Rule-HTML-Property\",\"RequestRuleName\":\"RuleFormHeaderMessages\"}" => HTTP 200 (26518 bytes)
[PegaHttpClient] 📡 POST https://zdk8budo.pegaacademy.net/prweb/api/CodeIntelligence/v1/rules/query?pxObjClass=Rule-HTML-Section&appliesTo=Rule-HTML-Property&pyRuleName=pzControlWrapper&RequestClass=Rule-HTML-Section&RequestAppliesTo=Rule-HTML-Property&RequestRuleName=pzControlWrapper Payload: "{\"RequestClass\":\"Rule-HTML-Section\",\"RequestAppliesTo\":\"Rule-HTML-Property\",\"RequestRuleName\":\"pzControlWrapper\"}" => HTTP 200 (87233 bytes)
[PegaHttpClient] 📡 POST https://zdk8budo.pegaacademy.net/prweb/api/CodeIntelligence/v1/rules/query?pxObjClass=Rule-HTML-Section&appliesTo=Rule-HTML-Property&pyRuleName=pzOptions&RequestClass=Rule-HTML-Section&RequestAppliesTo=Rule-HTML-Property&RequestRuleName=pzOptions Payload: "{\"RequestClass\":\"Rule-HTML-Section\",\"RequestAppliesTo\":\"Rule-HTML-Property\",\"RequestRuleName\":\"pzOptions\"}" => HTTP 200 (124898 bytes)
[PegaHttpClient] 📡 POST https://zdk8budo.pegaacademy.net/prweb/api/CodeIntelligence/v1/rules/query?pxObjClass=Rule-HTML-Section&appliesTo=Rule-HTML-Property&pyRuleName=pzRuleFormParameters&RequestClass=Rule-HTML-Section&RequestAppliesTo=Rule-HTML-Property&RequestRuleName=pzRuleFormParameters Payload: "{\"RequestClass\":\"Rule-HTML-Section\",\"RequestAppliesTo\":\"Rule-HTML-Property\",\"RequestRuleName\":\"pzRuleFormParameters\"}" => HTTP 200 (45621 bytes)
[PegaHttpClient] 📡 POST https://zdk8budo.pegaacademy.net/prweb/api/CodeIntelligence/v1/rules/query?pxObjClass=Rule-HTML-Section&appliesTo=Rule-HTML-Property&pyRuleName=RuleFormPagesAndClasses&RequestClass=Rule-HTML-Section&RequestAppliesTo=Rule-HTML-Property&RequestRuleName=RuleFormPagesAndClasses Payload: "{\"RequestClass\":\"Rule-HTML-Section\",\"RequestAppliesTo\":\"Rule-HTML-Property\",\"RequestRuleName\":\"RuleFormPagesAndClasses\"}" => HTTP 200 (47209 bytes)
[PegaHttpClient] 📡 POST https://zdk8budo.pegaacademy.net/prweb/api/CodeIntelligence/v1/rules/query?pxObjClass=Rule-HTML-Section&appliesTo=Rule-HTML-Property&pyRuleName=pzSpecifications&RequestClass=Rule-HTML-Section&RequestAppliesTo=Rule-HTML-Property&RequestRuleName=pzSpecifications Payload: "{\"RequestClass\":\"Rule-HTML-Section\",\"RequestAppliesTo\":\"Rule-HTML-Property\",\"RequestRuleName\":\"pzSpecifications\"}" => HTTP 200 (16577 bytes)
[PegaHttpClient] 📡 POST https://zdk8budo.pegaacademy.net/prweb/api/CodeIntelligence/v1/rules/query?pxObjClass=Rule-HTML-Section&appliesTo=Rule-HTML-Property&pyRuleName=RuleFormHistory&RequestClass=Rule-HTML-Section&RequestAppliesTo=Rule-HTML-Property&RequestRuleName=RuleFormHistory Payload: "{\"RequestClass\":\"Rule-HTML-Section\",\"RequestAppliesTo\":\"Rule-HTML-Property\",\"RequestRuleName\":\"RuleFormHistory\"}" => HTTP 200 (76091 bytes)
[PegaHttpClient] 📡 POST https://zdk8budo.pegaacademy.net/prweb/api/CodeIntelligence/v1/rules/query?pxObjClass=Rule-HTML-Section&appliesTo=Rule-HTML-Property&pyRuleName=pzRuleFormStatus&RequestClass=Rule-HTML-Section&RequestAppliesTo=Rule-HTML-Property&RequestRuleName=pzRuleFormStatus Payload: "{\"RequestClass\":\"Rule-HTML-Section\",\"RequestAppliesTo\":\"Rule-HTML-Property\",\"RequestRuleName\":\"pzRuleFormStatus\"}" => HTTP 200 (97627 bytes)
[PegaHttpClient] 📡 POST https://zdk8budo.pegaacademy.net/prweb/api/CodeIntelligence/v1/rules/query?pxObjClass=Rule-HTML-Section&appliesTo=Rule-HTML-Property&pyRuleName=pzRuleFormHeaderCompareWithDropDown&RequestClass=Rule-HTML-Section&RequestAppliesTo=Rule-HTML-Property&RequestRuleName=pzRuleFormHeaderCompareWithDropDown Payload: "{\"RequestClass\":\"Rule-HTML-Section\",\"RequestAppliesTo\":\"Rule-HTML-Property\",\"RequestRuleName\":\"pzRuleFormHeaderCompareWithDropDown\"}" => HTTP 200 (25396 bytes)
[PegaHttpClient] 📡 POST https://zdk8budo.pegaacademy.net/prweb/api/CodeIntelligence/v1/rules/query?pxObjClass=Rule-HTML-Section&appliesTo=Rule-HTML-Property&pyRuleName=undefined&RequestClass=Rule-HTML-Section&RequestAppliesTo=Rule-HTML-Property&RequestRuleName=undefined Payload: "{\"RequestClass\":\"Rule-HTML-Section\",\"RequestAppliesTo\":\"Rule-HTML-Property\",\"RequestRuleName\":\"undefined\"}" => HTTP 404 (105 bytes)
[PegaHttpClient] 📡 POST https://zdk8budo.pegaacademy.net/prweb/PRRestService/CodeIntelligence/v1/rules/query?pxObjClass=Rule-HTML-Section&appliesTo=Rule-HTML-Property&pyRuleName=undefined&RequestClass=Rule-HTML-Section&RequestAppliesTo=Rule-HTML-Property&RequestRuleName=undefined Payload: "{\"RequestClass\":\"Rule-HTML-Section\",\"RequestAppliesTo\":\"Rule-HTML-Property\",\"RequestRuleName\":\"undefined\"}" => HTTP 404 (105 bytes)
[PegaHttpClient] 📡 POST https://zdk8budo.pegaacademy.net/prweb/api/HRAppsV2Service/V1/rules/query?pxObjClass=Rule-HTML-Section&appliesTo=Rule-HTML-Property&pyRuleName=undefined&RequestClass=Rule-HTML-Section&RequestAppliesTo=Rule-HTML-Property&RequestRuleName=undefined Payload: "{\"RequestClass\":\"Rule-HTML-Section\",\"RequestAppliesTo\":\"Rule-HTML-Property\",\"RequestRuleName\":\"undefined\"}" => HTTP 404 (18 bytes)
[PegaHttpClient] 📡 POST https://zdk8budo.pegaacademy.net/prweb/PRRestService/HRAppsV2Service/V1/rules/query?pxObjClass=Rule-HTML-Section&appliesTo=Rule-HTML-Property&pyRuleName=undefined&RequestClass=Rule-HTML-Section&RequestAppliesTo=Rule-HTML-Property&RequestRuleName=undefined Payload: "{\"RequestClass\":\"Rule-HTML-Section\",\"RequestAppliesTo\":\"Rule-HTML-Property\",\"RequestRuleName\":\"undefined\"}" => HTTP 404 (18 bytes)
[PegaHttpClient] 📡 POST https://zdk8budo.pegaacademy.net/prweb/api/HRAppsV2/V1/rules/query?pxObjClass=Rule-HTML-Section&appliesTo=Rule-HTML-Property&pyRuleName=undefined&RequestClass=Rule-HTML-Section&RequestAppliesTo=Rule-HTML-Property&RequestRuleName=undefined Payload: "{\"RequestClass\":\"Rule-HTML-Section\",\"RequestAppliesTo\":\"Rule-HTML-Property\",\"RequestRuleName\":\"undefined\"}" => HTTP 404 (18 bytes)
[PegaHttpClient] 📡 POST https://zdk8budo.pegaacademy.net/prweb/PRRestService/HRAppsV2/V1/rules/query?pxObjClass=Rule-HTML-Section&appliesTo=Rule-HTML-Property&pyRuleName=undefined&RequestClass=Rule-HTML-Section&RequestAppliesTo=Rule-HTML-Property&RequestRuleName=undefined Payload: "{\"RequestClass\":\"Rule-HTML-Section\",\"RequestAppliesTo\":\"Rule-HTML-Property\",\"RequestRuleName\":\"undefined\"}" => HTTP 404 (18 bytes)
[PegaHttpClient] 📡 POST https://zdk8budo.pegaacademy.net/prweb/api/v1/rules/query?pxObjClass=Rule-HTML-Section&appliesTo=Rule-HTML-Property&pyRuleName=undefined&RequestClass=Rule-HTML-Section&RequestAppliesTo=Rule-HTML-Property&RequestRuleName=undefined Payload: "{\"RequestClass\":\"Rule-HTML-Section\",\"RequestAppliesTo\":\"Rule-HTML-Property\",\"RequestRuleName\":\"undefined\"}" => HTTP 404 (18 bytes)
[PegaHttpClient] 📡 POST https://zdk8budo.pegaacademy.net/prweb/PRRestService/v1/rules/query?pxObjClass=Rule-HTML-Section&appliesTo=Rule-HTML-Property&pyRuleName=undefined&RequestClass=Rule-HTML-Section&RequestAppliesTo=Rule-HTML-Property&RequestRuleName=undefined Payload: "{\"RequestClass\":\"Rule-HTML-Section\",\"RequestAppliesTo\":\"Rule-HTML-Property\",\"RequestRuleName\":\"undefined\"}" => HTTP 404 (18 bytes)
[PegaHttpClient] 📡 POST https://zdk8budo.pegaacademy.net/prweb/api/CodeIntelligence/v1/rules/query?pxObjClass=Rule-HTML-Section&appliesTo=Rule-HTML-Property&pyRuleName=pzRuleFormToolbarHotKeys&RequestClass=Rule-HTML-Section&RequestAppliesTo=Rule-HTML-Property&RequestRuleName=pzRuleFormToolbarHotKeys Payload: "{\"RequestClass\":\"Rule-HTML-Section\",\"RequestAppliesTo\":\"Rule-HTML-Property\",\"RequestRuleName\":\"pzRuleFormToolbarHotKeys\"}" => HTTP 200 (85058 bytes)
[PegaHttpClient] 📡 POST https://zdk8budo.pegaacademy.net/prweb/api/CodeIntelligence/v1/rules/query?pxObjClass=Rule-HTML-Section&appliesTo=Rule-HTML-Property&pyRuleName=pzRuleFormToolbarLockedIcon&RequestClass=Rule-HTML-Section&RequestAppliesTo=Rule-HTML-Property&RequestRuleName=pzRuleFormToolbarLockedIcon Payload: "{\"RequestClass\":\"Rule-HTML-Section\",\"RequestAppliesTo\":\"Rule-HTML-Property\",\"RequestRuleName\":\"pzRuleFormToolbarLockedIcon\"}" => HTTP 200 (24898 bytes)
[PegaHttpClient] 📡 POST https://zdk8budo.pegaacademy.net/prweb/api/CodeIntelligence/v1/rules/query?pxObjClass=Rule-HTML-Section&appliesTo=Rule-HTML-Property&pyRuleName=pzRuleFormToolbarCollaborators&RequestClass=Rule-HTML-Section&RequestAppliesTo=Rule-HTML-Property&RequestRuleName=pzRuleFormToolbarCollaborators Payload: "{\"RequestClass\":\"Rule-HTML-Section\",\"RequestAppliesTo\":\"Rule-HTML-Property\",\"RequestRuleName\":\"pzRuleFormToolbarCollaborators\"}" => HTTP 200 (15254 bytes)
[PegaHttpClient] 📡 POST https://zdk8budo.pegaacademy.net/prweb/api/CodeIntelligence/v1/rules/query?pxObjClass=Rule-HTML-Section&appliesTo=Rule-HTML-Property&pyRuleName=pzRuleFormToolbarSaveAs&RequestClass=Rule-HTML-Section&RequestAppliesTo=Rule-HTML-Property&RequestRuleName=pzRuleFormToolbarSaveAs Payload: "{\"RequestClass\":\"Rule-HTML-Section\",\"RequestAppliesTo\":\"Rule-HTML-Property\",\"RequestRuleName\":\"pzRuleFormToolbarSaveAs\"}" => HTTP 200 (64084 bytes)
[PegaHttpClient] 📡 POST https://zdk8budo.pegaacademy.net/prweb/api/CodeIntelligence/v1/rules/query?pxObjClass=Rule-HTML-Section&appliesTo=Rule-HTML-Property&pyRuleName=pzRuleFormToolbarCheckin&RequestClass=Rule-HTML-Section&RequestAppliesTo=Rule-HTML-Property&RequestRuleName=pzRuleFormToolbarCheckin Payload: "{\"RequestClass\":\"Rule-HTML-Section\",\"RequestAppliesTo\":\"Rule-HTML-Property\",\"RequestRuleName\":\"pzRuleFormToolbarCheckin\"}" => HTTP 200 (119096 bytes)
[PegaHttpClient] 📡 POST https://zdk8budo.pegaacademy.net/prweb/api/CodeIntelligence/v1/rules/query?pxObjClass=Rule-HTML-Section&appliesTo=Rule-HTML-Property&pyRuleName=pzRuleFormToolbarDelete&RequestClass=Rule-HTML-Section&RequestAppliesTo=Rule-HTML-Property&RequestRuleName=pzRuleFormToolbarDelete Payload: "{\"RequestClass\":\"Rule-HTML-Section\",\"RequestAppliesTo\":\"Rule-HTML-Property\",\"RequestRuleName\":\"pzRuleFormToolbarDelete\"}" => HTTP 200 (30249 bytes)
[PegaHttpClient] 📡 POST https://zdk8budo.pegaacademy.net/prweb/api/CodeIntelligence/v1/rules/query?pxObjClass=Rule-HTML-Section&appliesTo=Rule-HTML-Property&pyRuleName=pzRuleFormToolbarSave&RequestClass=Rule-HTML-Section&RequestAppliesTo=Rule-HTML-Property&RequestRuleName=pzRuleFormToolbarSave Payload: "{\"RequestClass\":\"Rule-HTML-Section\",\"RequestAppliesTo\":\"Rule-HTML-Property\",\"RequestRuleName\":\"pzRuleFormToolbarSave\"}" => HTTP 200 (293885 bytes)
[PegaHttpClient] 📡 POST https://zdk8budo.pegaacademy.net/prweb/api/CodeIntelligence/v1/rules/query?pxObjClass=Rule-HTML-Section&appliesTo=Rule-HTML-Property&pyRuleName=pzRuleFormToolbarCheckout&RequestClass=Rule-HTML-Section&RequestAppliesTo=Rule-HTML-Property&RequestRuleName=pzRuleFormToolbarCheckout Payload: "{\"RequestClass\":\"Rule-HTML-Section\",\"RequestAppliesTo\":\"Rule-HTML-Property\",\"RequestRuleName\":\"pzRuleFormToolbarCheckout\"}" => HTTP 200 (238148 bytes)
[PegaHttpClient] 📡 POST https://zdk8budo.pegaacademy.net/prweb/api/CodeIntelligence/v1/rules/query?pxObjClass=Rule-HTML-Section&appliesTo=Rule-HTML-Property&pyRuleName=pzRemoveErrorsDataPage&RequestClass=Rule-HTML-Section&RequestAppliesTo=Rule-HTML-Property&RequestRuleName=pzRemoveErrorsDataPage Payload: "{\"RequestClass\":\"Rule-HTML-Section\",\"RequestAppliesTo\":\"Rule-HTML-Property\",\"RequestRuleName\":\"pzRemoveErrorsDataPage\"}" => HTTP 200 (16733 bytes)
[PegaHttpClient] 📡 POST https://zdk8budo.pegaacademy.net/prweb/api/CodeIntelligence/v1/rules/query?pxObjClass=Rule-HTML-Section&appliesTo=Rule-HTML-Property&pyRuleName=pzRuleFormHeaderMessagesWrapper&RequestClass=Rule-HTML-Section&RequestAppliesTo=Rule-HTML-Property&RequestRuleName=pzRuleFormHeaderMessagesWrapper Payload: "{\"RequestClass\":\"Rule-HTML-Section\",\"RequestAppliesTo\":\"Rule-HTML-Property\",\"RequestRuleName\":\"pzRuleFormHeaderMessagesWrapper\"}" => HTTP 200 (16981 bytes)
[PegaHttpClient] 📡 POST https://zdk8budo.pegaacademy.net/prweb/api/CodeIntelligence/v1/rules/query?pxObjClass=Rule-HTML-Section&appliesTo=Rule-HTML-Property&pyRuleName=pzControlOptionsWrapper&RequestClass=Rule-HTML-Section&RequestAppliesTo=Rule-HTML-Property&RequestRuleName=pzControlOptionsWrapper Payload: "{\"RequestClass\":\"Rule-HTML-Section\",\"RequestAppliesTo\":\"Rule-HTML-Property\",\"RequestRuleName\":\"pzControlOptionsWrapper\"}" => HTTP 200 (13582 bytes)
[PegaHttpClient] 📡 POST https://zdk8budo.pegaacademy.net/prweb/api/CodeIntelligence/v1/rules/query?pxObjClass=Rule-HTML-Section&appliesTo=Rule-HTML-Property&pyRuleName=pzRuleFormHTMLSource&RequestClass=Rule-HTML-Section&RequestAppliesTo=Rule-HTML-Property&RequestRuleName=pzRuleFormHTMLSource Payload: "{\"RequestClass\":\"Rule-HTML-Section\",\"RequestAppliesTo\":\"Rule-HTML-Property\",\"RequestRuleName\":\"pzRuleFormHTMLSource\"}" => HTTP 200 (28974 bytes)
[PegaHttpClient] 📡 POST https://zdk8budo.pegaacademy.net/prweb/api/CodeIntelligence/v1/rules/query?pxObjClass=Rule-HTML-Section&appliesTo=Rule-HTML-Property&pyRuleName=pxRuleFormParameters&RequestClass=Rule-HTML-Section&RequestAppliesTo=Rule-HTML-Property&RequestRuleName=pxRuleFormParameters Payload: "{\"RequestClass\":\"Rule-HTML-Section\",\"RequestAppliesTo\":\"Rule-HTML-Property\",\"RequestRuleName\":\"pxRuleFormParameters\"}" => HTTP 200 (24542 bytes)
[PegaHttpClient] 📡 POST https://zdk8budo.pegaacademy.net/prweb/api/CodeIntelligence/v1/rules/query?pxObjClass=Rule-HTML-Section&appliesTo=Rule-HTML-Property&pyRuleName=pzPagesAndClassesScript&RequestClass=Rule-HTML-Section&RequestAppliesTo=Rule-HTML-Property&RequestRuleName=pzPagesAndClassesScript Payload: "{\"RequestClass\":\"Rule-HTML-Section\",\"RequestAppliesTo\":\"Rule-HTML-Property\",\"RequestRuleName\":\"pzPagesAndClassesScript\"}" => HTTP 200 (24224 bytes)
[PegaHttpClient] 📡 POST https://zdk8budo.pegaacademy.net/prweb/api/CodeIntelligence/v1/rules/query?pxObjClass=Rule-HTML-Section&appliesTo=Rule-HTML-Property&pyRuleName=pzPagesAndClassesNoMode&RequestClass=Rule-HTML-Section&RequestAppliesTo=Rule-HTML-Property&RequestRuleName=pzPagesAndClassesNoMode Payload: "{\"RequestClass\":\"Rule-HTML-Section\",\"RequestAppliesTo\":\"Rule-HTML-Property\",\"RequestRuleName\":\"pzPagesAndClassesNoMode\"}" => HTTP 200 (90057 bytes)
[PegaHttpClient] 📡 POST https://zdk8budo.pegaacademy.net/prweb/api/CodeIntelligence/v1/rules/query?pxObjClass=Rule-HTML-Section&appliesTo=Rule-HTML-Property&pyRuleName=pzPagesAndClassesWithMode&RequestClass=Rule-HTML-Section&RequestAppliesTo=Rule-HTML-Property&RequestRuleName=pzPagesAndClassesWithMode Payload: "{\"RequestClass\":\"Rule-HTML-Section\",\"RequestAppliesTo\":\"Rule-HTML-Property\",\"RequestRuleName\":\"pzPagesAndClassesWithMode\"}" => HTTP 200 (97424 bytes)
[PegaHttpClient] 📡 POST https://zdk8budo.pegaacademy.net/prweb/api/CodeIntelligence/v1/rules/query?pxObjClass=Rule-HTML-Section&appliesTo=Rule-HTML-Property&pyRuleName=pzSpecificationsInner&RequestClass=Rule-HTML-Section&RequestAppliesTo=Rule-HTML-Property&RequestRuleName=pzSpecificationsInner Payload: "{\"RequestClass\":\"Rule-HTML-Section\",\"RequestAppliesTo\":\"Rule-HTML-Property\",\"RequestRuleName\":\"pzSpecificationsInner\"}" => HTTP 200 (142370 bytes)
[PegaHttpClient] 📡 POST https://zdk8budo.pegaacademy.net/prweb/api/CodeIntelligence/v1/rules/query?pxObjClass=Rule-HTML-Section&appliesTo=Rule-HTML-Property&pyRuleName=pzAlternateRuleInfo&RequestClass=Rule-HTML-Section&RequestAppliesTo=Rule-HTML-Property&RequestRuleName=pzAlternateRuleInfo Payload: "{\"RequestClass\":\"Rule-HTML-Section\",\"RequestAppliesTo\":\"Rule-HTML-Property\",\"RequestRuleName\":\"pzAlternateRuleInfo\"}" => HTTP 200 (140407 bytes)
[PegaHttpClient] 📡 POST https://zdk8budo.pegaacademy.net/prweb/api/CodeIntelligence/v1/rules/query?pxObjClass=Rule-HTML-Section&appliesTo=Rule-HTML-Property&pyRuleName=RuleFormHistory_Description&RequestClass=Rule-HTML-Section&RequestAppliesTo=Rule-HTML-Property&RequestRuleName=RuleFormHistory_Description Payload: "{\"RequestClass\":\"Rule-HTML-Section\",\"RequestAppliesTo\":\"Rule-HTML-Property\",\"RequestRuleName\":\"RuleFormHistory_Description\"}" => HTTP 200 (46242 bytes)
[PegaHttpClient] 📡 POST https://zdk8budo.pegaacademy.net/prweb/api/CodeIntelligence/v1/rules/query?pxObjClass=Rule-HTML-Section&appliesTo=Rule-HTML-Property&pyRuleName=RuleFormHistory_CustomFields&RequestClass=Rule-HTML-Section&RequestAppliesTo=Rule-HTML-Property&RequestRuleName=RuleFormHistory_CustomFields Payload: "{\"RequestClass\":\"Rule-HTML-Section\",\"RequestAppliesTo\":\"Rule-HTML-Property\",\"RequestRuleName\":\"RuleFormHistory_CustomFields\"}" => HTTP 200 (75856 bytes)
[PegaHttpClient] 📡 POST https://zdk8budo.pegaacademy.net/prweb/api/CodeIntelligence/v1/rules/query?pxObjClass=Rule-HTML-Section&appliesTo=Rule-HTML-Property&pyRuleName=RuleFormHistory_HistoryDetails&RequestClass=Rule-HTML-Section&RequestAppliesTo=Rule-HTML-Property&RequestRuleName=RuleFormHistory_HistoryDetails Payload: "{\"RequestClass\":\"Rule-HTML-Section\",\"RequestAppliesTo\":\"Rule-HTML-Property\",\"RequestRuleName\":\"RuleFormHistory_HistoryDetails\"}" => HTTP 200 (179535 bytes)
[PegaHttpClient] 📡 POST https://zdk8budo.pegaacademy.net/prweb/api/CodeIntelligence/v1/rules/query?pxObjClass=Rule-HTML-Section&appliesTo=Rule-HTML-Property&pyRuleName=pxDisplayCollaborators&RequestClass=Rule-HTML-Section&RequestAppliesTo=Rule-HTML-Property&RequestRuleName=pxDisplayCollaborators Payload: "{\"RequestClass\":\"Rule-HTML-Section\",\"RequestAppliesTo\":\"Rule-HTML-Property\",\"RequestRuleName\":\"pxDisplayCollaborators\"}" => HTTP 200 (94171 bytes)
[PegaHttpClient] 📡 POST https://zdk8budo.pegaacademy.net/prweb/api/CodeIntelligence/v1/rules/query?pxObjClass=Rule-HTML-Section&appliesTo=Rule-HTML-Property&pyRuleName=pzRuleFormToolbarDeleteCheckOut&RequestClass=Rule-HTML-Section&RequestAppliesTo=Rule-HTML-Property&RequestRuleName=pzRuleFormToolbarDeleteCheckOut Payload: "{\"RequestClass\":\"Rule-HTML-Section\",\"RequestAppliesTo\":\"Rule-HTML-Property\",\"RequestRuleName\":\"pzRuleFormToolbarDeleteCheckOut\"}" => HTTP 200 (29433 bytes)
[PegaHttpClient] 📡 POST https://zdk8budo.pegaacademy.net/prweb/api/CodeIntelligence/v1/rules/query?pxObjClass=Rule-HTML-Section&appliesTo=Rule-HTML-Property&pyRuleName=pzRuleFormToolbarDeleteRule&RequestClass=Rule-HTML-Section&RequestAppliesTo=Rule-HTML-Property&RequestRuleName=pzRuleFormToolbarDeleteRule Payload: "{\"RequestClass\":\"Rule-HTML-Section\",\"RequestAppliesTo\":\"Rule-HTML-Property\",\"RequestRuleName\":\"pzRuleFormToolbarDeleteRule\"}" => HTTP 200 (32314 bytes)
[PegaHttpClient] 📡 POST https://zdk8budo.pegaacademy.net/prweb/api/CodeIntelligence/v1/rules/query?pxObjClass=Rule-HTML-Section&appliesTo=Rule-HTML-Property&pyRuleName=pzParametersAdvConf&RequestClass=Rule-HTML-Section&RequestAppliesTo=Rule-HTML-Property&RequestRuleName=pzParametersAdvConf Payload: "{\"RequestClass\":\"Rule-HTML-Section\",\"RequestAppliesTo\":\"Rule-HTML-Property\",\"RequestRuleName\":\"pzParametersAdvConf\"}" => HTTP 200 (127328 bytes)
[PegaHttpClient] 📡 POST https://zdk8budo.pegaacademy.net/prweb/api/CodeIntelligence/v1/rules/query?pxObjClass=Rule-HTML-Section&appliesTo=Rule-HTML-Property&pyRuleName=pzParametersBasicConf&RequestClass=Rule-HTML-Section&RequestAppliesTo=Rule-HTML-Property&RequestRuleName=pzParametersBasicConf Payload: "{\"RequestClass\":\"Rule-HTML-Section\",\"RequestAppliesTo\":\"Rule-HTML-Property\",\"RequestRuleName\":\"pzParametersBasicConf\"}" => HTTP 200 (88892 bytes)
[PegaHttpClient] 📡 POST https://zdk8budo.pegaacademy.net/prweb/api/CodeIntelligence/v1/rules/query?pxObjClass=Rule-HTML-Section&appliesTo=Rule-HTML-Property&pyRuleName=pzPagesAndClassesScriptNoMode&RequestClass=Rule-HTML-Section&RequestAppliesTo=Rule-HTML-Property&RequestRuleName=pzPagesAndClassesScriptNoMode Payload: "{\"RequestClass\":\"Rule-HTML-Section\",\"RequestAppliesTo\":\"Rule-HTML-Property\",\"RequestRuleName\":\"pzPagesAndClassesScriptNoMode\"}" => HTTP 200 (25452 bytes)
[PegaHttpClient] 📡 POST https://zdk8budo.pegaacademy.net/prweb/api/CodeIntelligence/v1/rules/query?pxObjClass=Rule-HTML-Section&appliesTo=Rule-HTML-Property&pyRuleName=pzSpecificationName&RequestClass=Rule-HTML-Section&RequestAppliesTo=Rule-HTML-Property&RequestRuleName=pzSpecificationName Payload: "{\"RequestClass\":\"Rule-HTML-Section\",\"RequestAppliesTo\":\"Rule-HTML-Property\",\"RequestRuleName\":\"pzSpecificationName\"}" => HTTP 404 (115 bytes)
[PegaHttpClient] 📡 POST https://zdk8budo.pegaacademy.net/prweb/PRRestService/CodeIntelligence/v1/rules/query?pxObjClass=Rule-HTML-Section&appliesTo=Rule-HTML-Property&pyRuleName=pzSpecificationName&RequestClass=Rule-HTML-Section&RequestAppliesTo=Rule-HTML-Property&RequestRuleName=pzSpecificationName Payload: "{\"RequestClass\":\"Rule-HTML-Section\",\"RequestAppliesTo\":\"Rule-HTML-Property\",\"RequestRuleName\":\"pzSpecificationName\"}" => HTTP 404 (115 bytes)
[PegaHttpClient] 📡 POST https://zdk8budo.pegaacademy.net/prweb/api/HRAppsV2Service/V1/rules/query?pxObjClass=Rule-HTML-Section&appliesTo=Rule-HTML-Property&pyRuleName=pzSpecificationName&RequestClass=Rule-HTML-Section&RequestAppliesTo=Rule-HTML-Property&RequestRuleName=pzSpecificationName Payload: "{\"RequestClass\":\"Rule-HTML-Section\",\"RequestAppliesTo\":\"Rule-HTML-Property\",\"RequestRuleName\":\"pzSpecificationName\"}" => HTTP 404 (18 bytes)
[PegaHttpClient] 📡 POST https://zdk8budo.pegaacademy.net/prweb/PRRestService/HRAppsV2Service/V1/rules/query?pxObjClass=Rule-HTML-Section&appliesTo=Rule-HTML-Property&pyRuleName=pzSpecificationName&RequestClass=Rule-HTML-Section&RequestAppliesTo=Rule-HTML-Property&RequestRuleName=pzSpecificationName Payload: "{\"RequestClass\":\"Rule-HTML-Section\",\"RequestAppliesTo\":\"Rule-HTML-Property\",\"RequestRuleName\":\"pzSpecificationName\"}" => HTTP 404 (18 bytes)
[PegaHttpClient] 📡 POST https://zdk8budo.pegaacademy.net/prweb/api/HRAppsV2/V1/rules/query?pxObjClass=Rule-HTML-Section&appliesTo=Rule-HTML-Property&pyRuleName=pzSpecificationName&RequestClass=Rule-HTML-Section&RequestAppliesTo=Rule-HTML-Property&RequestRuleName=pzSpecificationName Payload: "{\"RequestClass\":\"Rule-HTML-Section\",\"RequestAppliesTo\":\"Rule-HTML-Property\",\"RequestRuleName\":\"pzSpecificationName\"}" => HTTP 404 (18 bytes)
[PegaHttpClient] 📡 POST https://zdk8budo.pegaacademy.net/prweb/PRRestService/HRAppsV2/V1/rules/query?pxObjClass=Rule-HTML-Section&appliesTo=Rule-HTML-Property&pyRuleName=pzSpecificationName&RequestClass=Rule-HTML-Section&RequestAppliesTo=Rule-HTML-Property&RequestRuleName=pzSpecificationName Payload: "{\"RequestClass\":\"Rule-HTML-Section\",\"RequestAppliesTo\":\"Rule-HTML-Property\",\"RequestRuleName\":\"pzSpecificationName\"}" => HTTP 404 (18 bytes)
[PegaHttpClient] 📡 POST https://zdk8budo.pegaacademy.net/prweb/api/v1/rules/query?pxObjClass=Rule-HTML-Section&appliesTo=Rule-HTML-Property&pyRuleName=pzSpecificationName&RequestClass=Rule-HTML-Section&RequestAppliesTo=Rule-HTML-Property&RequestRuleName=pzSpecificationName Payload: "{\"RequestClass\":\"Rule-HTML-Section\",\"RequestAppliesTo\":\"Rule-HTML-Property\",\"RequestRuleName\":\"pzSpecificationName\"}" => HTTP 404 (18 bytes)
[PegaHttpClient] 📡 POST https://zdk8budo.pegaacademy.net/prweb/PRRestService/v1/rules/query?pxObjClass=Rule-HTML-Section&appliesTo=Rule-HTML-Property&pyRuleName=pzSpecificationName&RequestClass=Rule-HTML-Section&RequestAppliesTo=Rule-HTML-Property&RequestRuleName=pzSpecificationName Payload: "{\"RequestClass\":\"Rule-HTML-Section\",\"RequestAppliesTo\":\"Rule-HTML-Property\",\"RequestRuleName\":\"pzSpecificationName\"}" => HTTP 404 (18 bytes)
[PegaHttpClient] 📡 POST https://zdk8budo.pegaacademy.net/prweb/api/CodeIntelligence/v1/rules/query?pxObjClass=Rule-HTML-Section&appliesTo=Rule-HTML-Property&pyRuleName=pzScm_RuleHistory&RequestClass=Rule-HTML-Section&RequestAppliesTo=Rule-HTML-Property&RequestRuleName=pzScm_RuleHistory Payload: "{\"RequestClass\":\"Rule-HTML-Section\",\"RequestAppliesTo\":\"Rule-HTML-Property\",\"RequestRuleName\":\"pzScm_RuleHistory\"}" => HTTP 200 (14682 bytes)
[PegaHttpClient] 📡 POST https://zdk8budo.pegaacademy.net/prweb/api/CodeIntelligence/v1/rules/query?pxObjClass=Rule-HTML-Section&appliesTo=Rule-HTML-Property&pyRuleName=pzLoadCollaborationScripts&RequestClass=Rule-HTML-Section&RequestAppliesTo=Rule-HTML-Property&RequestRuleName=pzLoadCollaborationScripts Payload: "{\"RequestClass\":\"Rule-HTML-Section\",\"RequestAppliesTo\":\"Rule-HTML-Property\",\"RequestRuleName\":\"pzLoadCollaborationScripts\"}" => HTTP 200 (23453 bytes)
[PegaHttpClient] 📡 POST https://zdk8budo.pegaacademy.net/prweb/api/CodeIntelligence/v1/rules/query?pxObjClass=Rule-HTML-Section&appliesTo=Rule-HTML-Property&pyRuleName=pzDisplayCollaboratorsList&RequestClass=Rule-HTML-Section&RequestAppliesTo=Rule-HTML-Property&RequestRuleName=pzDisplayCollaboratorsList Payload: "{\"RequestClass\":\"Rule-HTML-Section\",\"RequestAppliesTo\":\"Rule-HTML-Property\",\"RequestRuleName\":\"pzDisplayCollaboratorsList\"}" => HTTP 200 (105418 bytes)
[PegaHttpClient] 📡 POST https://zdk8budo.pegaacademy.net/prweb/api/CodeIntelligence/v1/rules/query?pxObjClass=Rule-HTML-Section&appliesTo=Rule-HTML-Property&pyRuleName=pyCollaborator&RequestClass=Rule-HTML-Section&RequestAppliesTo=Rule-HTML-Property&RequestRuleName=pyCollaborator Payload: "{\"RequestClass\":\"Rule-HTML-Section\",\"RequestAppliesTo\":\"Rule-HTML-Property\",\"RequestRuleName\":\"pyCollaborator\"}" => HTTP 404 (110 bytes)
[PegaHttpClient] 📡 POST https://zdk8budo.pegaacademy.net/prweb/PRRestService/CodeIntelligence/v1/rules/query?pxObjClass=Rule-HTML-Section&appliesTo=Rule-HTML-Property&pyRuleName=pyCollaborator&RequestClass=Rule-HTML-Section&RequestAppliesTo=Rule-HTML-Property&RequestRuleName=pyCollaborator Payload: "{\"RequestClass\":\"Rule-HTML-Section\",\"RequestAppliesTo\":\"Rule-HTML-Property\",\"RequestRuleName\":\"pyCollaborator\"}" => HTTP 404 (110 bytes)
[PegaHttpClient] 📡 POST https://zdk8budo.pegaacademy.net/prweb/api/HRAppsV2Service/V1/rules/query?pxObjClass=Rule-HTML-Section&appliesTo=Rule-HTML-Property&pyRuleName=pyCollaborator&RequestClass=Rule-HTML-Section&RequestAppliesTo=Rule-HTML-Property&RequestRuleName=pyCollaborator Payload: "{\"RequestClass\":\"Rule-HTML-Section\",\"RequestAppliesTo\":\"Rule-HTML-Property\",\"RequestRuleName\":\"pyCollaborator\"}" => HTTP 404 (18 bytes)
[PegaHttpClient] 📡 POST https://zdk8budo.pegaacademy.net/prweb/PRRestService/HRAppsV2Service/V1/rules/query?pxObjClass=Rule-HTML-Section&appliesTo=Rule-HTML-Property&pyRuleName=pyCollaborator&RequestClass=Rule-HTML-Section&RequestAppliesTo=Rule-HTML-Property&RequestRuleName=pyCollaborator Payload: "{\"RequestClass\":\"Rule-HTML-Section\",\"RequestAppliesTo\":\"Rule-HTML-Property\",\"RequestRuleName\":\"pyCollaborator\"}" => HTTP 404 (18 bytes)
[PegaHttpClient] 📡 POST https://zdk8budo.pegaacademy.net/prweb/api/HRAppsV2/V1/rules/query?pxObjClass=Rule-HTML-Section&appliesTo=Rule-HTML-Property&pyRuleName=pyCollaborator&RequestClass=Rule-HTML-Section&RequestAppliesTo=Rule-HTML-Property&RequestRuleName=pyCollaborator Payload: "{\"RequestClass\":\"Rule-HTML-Section\",\"RequestAppliesTo\":\"Rule-HTML-Property\",\"RequestRuleName\":\"pyCollaborator\"}" => HTTP 404 (18 bytes)
[PegaHttpClient] 📡 POST https://zdk8budo.pegaacademy.net/prweb/PRRestService/HRAppsV2/V1/rules/query?pxObjClass=Rule-HTML-Section&appliesTo=Rule-HTML-Property&pyRuleName=pyCollaborator&RequestClass=Rule-HTML-Section&RequestAppliesTo=Rule-HTML-Property&RequestRuleName=pyCollaborator Payload: "{\"RequestClass\":\"Rule-HTML-Section\",\"RequestAppliesTo\":\"Rule-HTML-Property\",\"RequestRuleName\":\"pyCollaborator\"}" => HTTP 404 (18 bytes)
[PegaHttpClient] 📡 POST https://zdk8budo.pegaacademy.net/prweb/api/v1/rules/query?pxObjClass=Rule-HTML-Section&appliesTo=Rule-HTML-Property&pyRuleName=pyCollaborator&RequestClass=Rule-HTML-Section&RequestAppliesTo=Rule-HTML-Property&RequestRuleName=pyCollaborator Payload: "{\"RequestClass\":\"Rule-HTML-Section\",\"RequestAppliesTo\":\"Rule-HTML-Property\",\"RequestRuleName\":\"pyCollaborator\"}" => HTTP 404 (18 bytes)
[PegaHttpClient] 📡 POST https://zdk8budo.pegaacademy.net/prweb/PRRestService/v1/rules/query?pxObjClass=Rule-HTML-Section&appliesTo=Rule-HTML-Property&pyRuleName=pyCollaborator&RequestClass=Rule-HTML-Section&RequestAppliesTo=Rule-HTML-Property&RequestRuleName=pyCollaborator Payload: "{\"RequestClass\":\"Rule-HTML-Section\",\"RequestAppliesTo\":\"Rule-HTML-Property\",\"RequestRuleName\":\"pyCollaborator\"}" => HTTP 404 (18 bytes)
[PegaHttpClient] 📡 POST https://zdk8budo.pegaacademy.net/prweb/api/CodeIntelligence/v1/rules/query?pxObjClass=Rule-HTML-Section&appliesTo=Rule-HTML-Property&pyRuleName=pzDisplayPartialCount&RequestClass=Rule-HTML-Section&RequestAppliesTo=Rule-HTML-Property&RequestRuleName=pzDisplayPartialCount Payload: "{\"RequestClass\":\"Rule-HTML-Section\",\"RequestAppliesTo\":\"Rule-HTML-Property\",\"RequestRuleName\":\"pzDisplayPartialCount\"}" => HTTP 404 (117 bytes)
[PegaHttpClient] 📡 POST https://zdk8budo.pegaacademy.net/prweb/PRRestService/CodeIntelligence/v1/rules/query?pxObjClass=Rule-HTML-Section&appliesTo=Rule-HTML-Property&pyRuleName=pzDisplayPartialCount&RequestClass=Rule-HTML-Section&RequestAppliesTo=Rule-HTML-Property&RequestRuleName=pzDisplayPartialCount Payload: "{\"RequestClass\":\"Rule-HTML-Section\",\"RequestAppliesTo\":\"Rule-HTML-Property\",\"RequestRuleName\":\"pzDisplayPartialCount\"}" => HTTP 404 (117 bytes)
[PegaHttpClient] 📡 POST https://zdk8budo.pegaacademy.net/prweb/api/HRAppsV2Service/V1/rules/query?pxObjClass=Rule-HTML-Section&appliesTo=Rule-HTML-Property&pyRuleName=pzDisplayPartialCount&RequestClass=Rule-HTML-Section&RequestAppliesTo=Rule-HTML-Property&RequestRuleName=pzDisplayPartialCount Payload: "{\"RequestClass\":\"Rule-HTML-Section\",\"RequestAppliesTo\":\"Rule-HTML-Property\",\"RequestRuleName\":\"pzDisplayPartialCount\"}" => HTTP 404 (18 bytes)
[PegaHttpClient] 📡 POST https://zdk8budo.pegaacademy.net/prweb/PRRestService/HRAppsV2Service/V1/rules/query?pxObjClass=Rule-HTML-Section&appliesTo=Rule-HTML-Property&pyRuleName=pzDisplayPartialCount&RequestClass=Rule-HTML-Section&RequestAppliesTo=Rule-HTML-Property&RequestRuleName=pzDisplayPartialCount Payload: "{\"RequestClass\":\"Rule-HTML-Section\",\"RequestAppliesTo\":\"Rule-HTML-Property\",\"RequestRuleName\":\"pzDisplayPartialCount\"}" => HTTP 404 (18 bytes)
[PegaHttpClient] 📡 POST https://zdk8budo.pegaacademy.net/prweb/api/HRAppsV2/V1/rules/query?pxObjClass=Rule-HTML-Section&appliesTo=Rule-HTML-Property&pyRuleName=pzDisplayPartialCount&RequestClass=Rule-HTML-Section&RequestAppliesTo=Rule-HTML-Property&RequestRuleName=pzDisplayPartialCount Payload: "{\"RequestClass\":\"Rule-HTML-Section\",\"RequestAppliesTo\":\"Rule-HTML-Property\",\"RequestRuleName\":\"pzDisplayPartialCount\"}" => HTTP 404 (18 bytes)
[PegaHttpClient] 📡 POST https://zdk8budo.pegaacademy.net/prweb/PRRestService/HRAppsV2/V1/rules/query?pxObjClass=Rule-HTML-Section&appliesTo=Rule-HTML-Property&pyRuleName=pzDisplayPartialCount&RequestClass=Rule-HTML-Section&RequestAppliesTo=Rule-HTML-Property&RequestRuleName=pzDisplayPartialCount Payload: "{\"RequestClass\":\"Rule-HTML-Section\",\"RequestAppliesTo\":\"Rule-HTML-Property\",\"RequestRuleName\":\"pzDisplayPartialCount\"}" => HTTP 404 (18 bytes)
[PegaHttpClient] 📡 POST https://zdk8budo.pegaacademy.net/prweb/api/v1/rules/query?pxObjClass=Rule-HTML-Section&appliesTo=Rule-HTML-Property&pyRuleName=pzDisplayPartialCount&RequestClass=Rule-HTML-Section&RequestAppliesTo=Rule-HTML-Property&RequestRuleName=pzDisplayPartialCount Payload: "{\"RequestClass\":\"Rule-HTML-Section\",\"RequestAppliesTo\":\"Rule-HTML-Property\",\"RequestRuleName\":\"pzDisplayPartialCount\"}" => HTTP 404 (18 bytes)
[PegaHttpClient] 📡 POST https://zdk8budo.pegaacademy.net/prweb/PRRestService/v1/rules/query?pxObjClass=Rule-HTML-Section&appliesTo=Rule-HTML-Property&pyRuleName=pzDisplayPartialCount&RequestClass=Rule-HTML-Section&RequestAppliesTo=Rule-HTML-Property&RequestRuleName=pzDisplayPartialCount Payload: "{\"RequestClass\":\"Rule-HTML-Section\",\"RequestAppliesTo\":\"Rule-HTML-Property\",\"RequestRuleName\":\"pzDisplayPartialCount\"}" => HTTP 404 (18 bytes)
[SchemaGen] ✅ Schema written for Rule-HTML-Property
[PegaHttpClient] 📡 GET https://zdk8budo.pegaacademy.net/prweb/api/CodeIntelligence/v1/rules/RULE-HTML-HARNESS%20RULE-HTML-PARAGRAPH%20RULEFORM%20%2320180713T135119.223%20GMT => HTTP 200 (45833 bytes)
[PegaHttpClient] 📡 POST https://zdk8budo.pegaacademy.net/prweb/api/CodeIntelligence/v1/rules/query?pxObjClass=Rule-HTML-Section&appliesTo=Rule-HTML-Paragraph&pyRuleName=RuleFormMain&RequestClass=Rule-HTML-Section&RequestAppliesTo=Rule-HTML-Paragraph&RequestRuleName=RuleFormMain Payload: "{\"RequestClass\":\"Rule-HTML-Section\",\"RequestAppliesTo\":\"Rule-HTML-Paragraph\",\"RequestRuleName\":\"RuleFormMain\"}" => HTTP 200 (156234 bytes)
[PegaHttpClient] 📡 POST https://zdk8budo.pegaacademy.net/prweb/api/CodeIntelligence/v1/rules/query?pxObjClass=Rule-HTML-Section&appliesTo=Rule-HTML-Paragraph&pyRuleName=pxAlternateRuleForm&RequestClass=Rule-HTML-Section&RequestAppliesTo=Rule-HTML-Paragraph&RequestRuleName=pxAlternateRuleForm Payload: "{\"RequestClass\":\"Rule-HTML-Section\",\"RequestAppliesTo\":\"Rule-HTML-Paragraph\",\"RequestRuleName\":\"pxAlternateRuleForm\"}" => HTTP 200 (66153 bytes)
[PegaHttpClient] 📡 POST https://zdk8budo.pegaacademy.net/prweb/api/CodeIntelligence/v1/rules/query?pxObjClass=Rule-HTML-Section&appliesTo=Rule-HTML-Paragraph&pyRuleName=pzRuleFormScripts&RequestClass=Rule-HTML-Section&RequestAppliesTo=Rule-HTML-Paragraph&RequestRuleName=pzRuleFormScripts Payload: "{\"RequestClass\":\"Rule-HTML-Section\",\"RequestAppliesTo\":\"Rule-HTML-Paragraph\",\"RequestRuleName\":\"pzRuleFormScripts\"}" => HTTP 200 (40822 bytes)
[PegaHttpClient] 📡 POST https://zdk8budo.pegaacademy.net/prweb/api/CodeIntelligence/v1/rules/query?pxObjClass=Rule-HTML-Section&appliesTo=Rule-HTML-Paragraph&pyRuleName=pzRuleFormLayoutDelegated&RequestClass=Rule-HTML-Section&RequestAppliesTo=Rule-HTML-Paragraph&RequestRuleName=pzRuleFormLayoutDelegated Payload: "{\"RequestClass\":\"Rule-HTML-Section\",\"RequestAppliesTo\":\"Rule-HTML-Paragraph\",\"RequestRuleName\":\"pzRuleFormLayoutDelegated\"}" => HTTP 200 (70998 bytes)
[PegaHttpClient] 📡 POST https://zdk8budo.pegaacademy.net/prweb/api/CodeIntelligence/v1/rules/query?pxObjClass=Rule-HTML-Section&appliesTo=Rule-HTML-Paragraph&pyRuleName=RuleFormLayout&RequestClass=Rule-HTML-Section&RequestAppliesTo=Rule-HTML-Paragraph&RequestRuleName=RuleFormLayout Payload: "{\"RequestClass\":\"Rule-HTML-Section\",\"RequestAppliesTo\":\"Rule-HTML-Paragraph\",\"RequestRuleName\":\"RuleFormLayout\"}" => HTTP 200 (34893 bytes)
[PegaHttpClient] 📡 POST https://zdk8budo.pegaacademy.net/prweb/api/CodeIntelligence/v1/rules/query?pxObjClass=Rule-HTML-Section&appliesTo=Rule-HTML-Paragraph&pyRuleName=RuleFormSettings&RequestClass=Rule-HTML-Section&RequestAppliesTo=Rule-HTML-Paragraph&RequestRuleName=RuleFormSettings Payload: "{\"RequestClass\":\"Rule-HTML-Section\",\"RequestAppliesTo\":\"Rule-HTML-Paragraph\",\"RequestRuleName\":\"RuleFormSettings\"}" => HTTP 200 (20540 bytes)
[PegaHttpClient] 📡 POST https://zdk8budo.pegaacademy.net/prweb/api/CodeIntelligence/v1/rules/query?pxObjClass=Rule-HTML-Section&appliesTo=Rule-HTML-Paragraph&pyRuleName=OpenAuthoring&RequestClass=Rule-HTML-Section&RequestAppliesTo=Rule-HTML-Paragraph&RequestRuleName=OpenAuthoring Payload: "{\"RequestClass\":\"Rule-HTML-Section\",\"RequestAppliesTo\":\"Rule-HTML-Paragraph\",\"RequestRuleName\":\"OpenAuthoring\"}" => HTTP 200 (23695 bytes)
[PegaHttpClient] 📡 POST https://zdk8budo.pegaacademy.net/prweb/api/CodeIntelligence/v1/rules/query?pxObjClass=Rule-HTML-Section&appliesTo=Rule-HTML-Paragraph&pyRuleName=pyCustomHelp&RequestClass=Rule-HTML-Section&RequestAppliesTo=Rule-HTML-Paragraph&RequestRuleName=pyCustomHelp Payload: "{\"RequestClass\":\"Rule-HTML-Section\",\"RequestAppliesTo\":\"Rule-HTML-Paragraph\",\"RequestRuleName\":\"pyCustomHelp\"}" => HTTP 200 (17256 bytes)
[PegaHttpClient] 📡 POST https://zdk8budo.pegaacademy.net/prweb/api/CodeIntelligence/v1/rules/query?pxObjClass=Rule-HTML-Section&appliesTo=Rule-HTML-Paragraph&pyRuleName=pzRuleformMainInclude&RequestClass=Rule-HTML-Section&RequestAppliesTo=Rule-HTML-Paragraph&RequestRuleName=pzRuleformMainInclude Payload: "{\"RequestClass\":\"Rule-HTML-Section\",\"RequestAppliesTo\":\"Rule-HTML-Paragraph\",\"RequestRuleName\":\"pzRuleformMainInclude\"}" => HTTP 200 (22375 bytes)
[PegaHttpClient] 📡 POST https://zdk8budo.pegaacademy.net/prweb/api/CodeIntelligence/v1/rules/query?pxObjClass=Rule-HTML-Section&appliesTo=Rule-HTML-Paragraph&pyRuleName=pyAlternativeRuleFormStrategicAppExtension&RequestClass=Rule-HTML-Section&RequestAppliesTo=Rule-HTML-Paragraph&RequestRuleName=pyAlternativeRuleFormStrategicAppExtension Payload: "{\"RequestClass\":\"Rule-HTML-Section\",\"RequestAppliesTo\":\"Rule-HTML-Paragraph\",\"RequestRuleName\":\"pyAlternativeRuleFormStrategicAppExtension\"}" => HTTP 200 (25042 bytes)
[PegaHttpClient] 📡 POST https://zdk8budo.pegaacademy.net/prweb/api/CodeIntelligence/v1/rules/query?pxObjClass=Rule-HTML-Section&appliesTo=Rule-HTML-Paragraph&pyRuleName=pyAlternativeRuleFormExtension&RequestClass=Rule-HTML-Section&RequestAppliesTo=Rule-HTML-Paragraph&RequestRuleName=pyAlternativeRuleFormExtension Payload: "{\"RequestClass\":\"Rule-HTML-Section\",\"RequestAppliesTo\":\"Rule-HTML-Paragraph\",\"RequestRuleName\":\"pyAlternativeRuleFormExtension\"}" => HTTP 200 (24863 bytes)
[PegaHttpClient] 📡 POST https://zdk8budo.pegaacademy.net/prweb/api/CodeIntelligence/v1/rules/query?pxObjClass=Rule-HTML-Section&appliesTo=Rule-HTML-Paragraph&pyRuleName=RuleFormHeader&RequestClass=Rule-HTML-Section&RequestAppliesTo=Rule-HTML-Paragraph&RequestRuleName=RuleFormHeader Payload: "{\"RequestClass\":\"Rule-HTML-Section\",\"RequestAppliesTo\":\"Rule-HTML-Paragraph\",\"RequestRuleName\":\"RuleFormHeader\"}" => HTTP 200 (183800 bytes)
[PegaHttpClient] 📡 POST https://zdk8budo.pegaacademy.net/prweb/api/CodeIntelligence/v1/rules/query?pxObjClass=Rule-HTML-Section&appliesTo=Rule-HTML-Paragraph&pyRuleName=pzDelegationExperience&RequestClass=Rule-HTML-Section&RequestAppliesTo=Rule-HTML-Paragraph&RequestRuleName=pzDelegationExperience Payload: "{\"RequestClass\":\"Rule-HTML-Section\",\"RequestAppliesTo\":\"Rule-HTML-Paragraph\",\"RequestRuleName\":\"pzDelegationExperience\"}" => HTTP 404 (119 bytes)
[PegaHttpClient] 📡 POST https://zdk8budo.pegaacademy.net/prweb/PRRestService/CodeIntelligence/v1/rules/query?pxObjClass=Rule-HTML-Section&appliesTo=Rule-HTML-Paragraph&pyRuleName=pzDelegationExperience&RequestClass=Rule-HTML-Section&RequestAppliesTo=Rule-HTML-Paragraph&RequestRuleName=pzDelegationExperience Payload: "{\"RequestClass\":\"Rule-HTML-Section\",\"RequestAppliesTo\":\"Rule-HTML-Paragraph\",\"RequestRuleName\":\"pzDelegationExperience\"}" => HTTP 404 (119 bytes)
[PegaHttpClient] 📡 POST https://zdk8budo.pegaacademy.net/prweb/api/HRAppsV2Service/V1/rules/query?pxObjClass=Rule-HTML-Section&appliesTo=Rule-HTML-Paragraph&pyRuleName=pzDelegationExperience&RequestClass=Rule-HTML-Section&RequestAppliesTo=Rule-HTML-Paragraph&RequestRuleName=pzDelegationExperience Payload: "{\"RequestClass\":\"Rule-HTML-Section\",\"RequestAppliesTo\":\"Rule-HTML-Paragraph\",\"RequestRuleName\":\"pzDelegationExperience\"}" => HTTP 404 (18 bytes)
[PegaHttpClient] 📡 POST https://zdk8budo.pegaacademy.net/prweb/PRRestService/HRAppsV2Service/V1/rules/query?pxObjClass=Rule-HTML-Section&appliesTo=Rule-HTML-Paragraph&pyRuleName=pzDelegationExperience&RequestClass=Rule-HTML-Section&RequestAppliesTo=Rule-HTML-Paragraph&RequestRuleName=pzDelegationExperience Payload: "{\"RequestClass\":\"Rule-HTML-Section\",\"RequestAppliesTo\":\"Rule-HTML-Paragraph\",\"RequestRuleName\":\"pzDelegationExperience\"}" => HTTP 404 (18 bytes)
[PegaHttpClient] 📡 POST https://zdk8budo.pegaacademy.net/prweb/api/HRAppsV2/V1/rules/query?pxObjClass=Rule-HTML-Section&appliesTo=Rule-HTML-Paragraph&pyRuleName=pzDelegationExperience&RequestClass=Rule-HTML-Section&RequestAppliesTo=Rule-HTML-Paragraph&RequestRuleName=pzDelegationExperience Payload: "{\"RequestClass\":\"Rule-HTML-Section\",\"RequestAppliesTo\":\"Rule-HTML-Paragraph\",\"RequestRuleName\":\"pzDelegationExperience\"}" => HTTP 404 (18 bytes)
[PegaHttpClient] 📡 POST https://zdk8budo.pegaacademy.net/prweb/PRRestService/HRAppsV2/V1/rules/query?pxObjClass=Rule-HTML-Section&appliesTo=Rule-HTML-Paragraph&pyRuleName=pzDelegationExperience&RequestClass=Rule-HTML-Section&RequestAppliesTo=Rule-HTML-Paragraph&RequestRuleName=pzDelegationExperience Payload: "{\"RequestClass\":\"Rule-HTML-Section\",\"RequestAppliesTo\":\"Rule-HTML-Paragraph\",\"RequestRuleName\":\"pzDelegationExperience\"}" => HTTP 404 (18 bytes)
[PegaHttpClient] 📡 POST https://zdk8budo.pegaacademy.net/prweb/api/v1/rules/query?pxObjClass=Rule-HTML-Section&appliesTo=Rule-HTML-Paragraph&pyRuleName=pzDelegationExperience&RequestClass=Rule-HTML-Section&RequestAppliesTo=Rule-HTML-Paragraph&RequestRuleName=pzDelegationExperience Payload: "{\"RequestClass\":\"Rule-HTML-Section\",\"RequestAppliesTo\":\"Rule-HTML-Paragraph\",\"RequestRuleName\":\"pzDelegationExperience\"}" => HTTP 404 (18 bytes)
[PegaHttpClient] 📡 POST https://zdk8budo.pegaacademy.net/prweb/PRRestService/v1/rules/query?pxObjClass=Rule-HTML-Section&appliesTo=Rule-HTML-Paragraph&pyRuleName=pzDelegationExperience&RequestClass=Rule-HTML-Section&RequestAppliesTo=Rule-HTML-Paragraph&RequestRuleName=pzDelegationExperience Payload: "{\"RequestClass\":\"Rule-HTML-Section\",\"RequestAppliesTo\":\"Rule-HTML-Paragraph\",\"RequestRuleName\":\"pzDelegationExperience\"}" => HTTP 404 (18 bytes)
[PegaHttpClient] 📡 POST https://zdk8budo.pegaacademy.net/prweb/api/CodeIntelligence/v1/rules/query?pxObjClass=Rule-HTML-Section&appliesTo=Rule-HTML-Paragraph&pyRuleName=pzViewParagraph&RequestClass=Rule-HTML-Section&RequestAppliesTo=Rule-HTML-Paragraph&RequestRuleName=pzViewParagraph Payload: "{\"RequestClass\":\"Rule-HTML-Section\",\"RequestAppliesTo\":\"Rule-HTML-Paragraph\",\"RequestRuleName\":\"pzViewParagraph\"}" => HTTP 200 (116557 bytes)
[PegaHttpClient] 📡 POST https://zdk8budo.pegaacademy.net/prweb/api/CodeIntelligence/v1/rules/query?pxObjClass=Rule-HTML-Section&appliesTo=Rule-HTML-Paragraph&pyRuleName=pzCustomHelp&RequestClass=Rule-HTML-Section&RequestAppliesTo=Rule-HTML-Paragraph&RequestRuleName=pzCustomHelp Payload: "{\"RequestClass\":\"Rule-HTML-Section\",\"RequestAppliesTo\":\"Rule-HTML-Paragraph\",\"RequestRuleName\":\"pzCustomHelp\"}" => HTTP 200 (31573 bytes)
[PegaHttpClient] 📡 POST https://zdk8budo.pegaacademy.net/prweb/api/CodeIntelligence/v1/rules/query?pxObjClass=Rule-HTML-Section&appliesTo=Rule-HTML-Paragraph&pyRuleName=pzRuleFormKeysAndDescription&RequestClass=Rule-HTML-Section&RequestAppliesTo=Rule-HTML-Paragraph&RequestRuleName=pzRuleFormKeysAndDescription Payload: "{\"RequestClass\":\"Rule-HTML-Section\",\"RequestAppliesTo\":\"Rule-HTML-Paragraph\",\"RequestRuleName\":\"pzRuleFormKeysAndDescription\"}" => HTTP 200 (218057 bytes)
[PegaHttpClient] 📡 POST https://zdk8budo.pegaacademy.net/prweb/api/CodeIntelligence/v1/rules/query?pxObjClass=Rule-HTML-Section&appliesTo=Rule-HTML-Paragraph&pyRuleName=pzRuleFormRuleset&RequestClass=Rule-HTML-Section&RequestAppliesTo=Rule-HTML-Paragraph&RequestRuleName=pzRuleFormRuleset Payload: "{\"RequestClass\":\"Rule-HTML-Section\",\"RequestAppliesTo\":\"Rule-HTML-Paragraph\",\"RequestRuleName\":\"pzRuleFormRuleset\"}" => HTTP 200 (33985 bytes)
[PegaHttpClient] 📡 POST https://zdk8budo.pegaacademy.net/prweb/api/CodeIntelligence/v1/rules/query?pxObjClass=Rule-HTML-Section&appliesTo=Rule-HTML-Paragraph&pyRuleName=undefined&RequestClass=Rule-HTML-Section&RequestAppliesTo=Rule-HTML-Paragraph&RequestRuleName=undefined Payload: "{\"RequestClass\":\"Rule-HTML-Section\",\"RequestAppliesTo\":\"Rule-HTML-Paragraph\",\"RequestRuleName\":\"undefined\"}" => HTTP 404 (106 bytes)
[PegaHttpClient] 📡 POST https://zdk8budo.pegaacademy.net/prweb/PRRestService/CodeIntelligence/v1/rules/query?pxObjClass=Rule-HTML-Section&appliesTo=Rule-HTML-Paragraph&pyRuleName=undefined&RequestClass=Rule-HTML-Section&RequestAppliesTo=Rule-HTML-Paragraph&RequestRuleName=undefined Payload: "{\"RequestClass\":\"Rule-HTML-Section\",\"RequestAppliesTo\":\"Rule-HTML-Paragraph\",\"RequestRuleName\":\"undefined\"}" => HTTP 404 (106 bytes)
[PegaHttpClient] 📡 POST https://zdk8budo.pegaacademy.net/prweb/api/HRAppsV2Service/V1/rules/query?pxObjClass=Rule-HTML-Section&appliesTo=Rule-HTML-Paragraph&pyRuleName=undefined&RequestClass=Rule-HTML-Section&RequestAppliesTo=Rule-HTML-Paragraph&RequestRuleName=undefined Payload: "{\"RequestClass\":\"Rule-HTML-Section\",\"RequestAppliesTo\":\"Rule-HTML-Paragraph\",\"RequestRuleName\":\"undefined\"}" => HTTP 404 (18 bytes)
[PegaHttpClient] 📡 POST https://zdk8budo.pegaacademy.net/prweb/PRRestService/HRAppsV2Service/V1/rules/query?pxObjClass=Rule-HTML-Section&appliesTo=Rule-HTML-Paragraph&pyRuleName=undefined&RequestClass=Rule-HTML-Section&RequestAppliesTo=Rule-HTML-Paragraph&RequestRuleName=undefined Payload: "{\"RequestClass\":\"Rule-HTML-Section\",\"RequestAppliesTo\":\"Rule-HTML-Paragraph\",\"RequestRuleName\":\"undefined\"}" => HTTP 404 (18 bytes)
[PegaHttpClient] 📡 POST https://zdk8budo.pegaacademy.net/prweb/api/HRAppsV2/V1/rules/query?pxObjClass=Rule-HTML-Section&appliesTo=Rule-HTML-Paragraph&pyRuleName=undefined&RequestClass=Rule-HTML-Section&RequestAppliesTo=Rule-HTML-Paragraph&RequestRuleName=undefined Payload: "{\"RequestClass\":\"Rule-HTML-Section\",\"RequestAppliesTo\":\"Rule-HTML-Paragraph\",\"RequestRuleName\":\"undefined\"}" => HTTP 404 (18 bytes)
[PegaHttpClient] 📡 POST https://zdk8budo.pegaacademy.net/prweb/PRRestService/HRAppsV2/V1/rules/query?pxObjClass=Rule-HTML-Section&appliesTo=Rule-HTML-Paragraph&pyRuleName=undefined&RequestClass=Rule-HTML-Section&RequestAppliesTo=Rule-HTML-Paragraph&RequestRuleName=undefined Payload: "{\"RequestClass\":\"Rule-HTML-Section\",\"RequestAppliesTo\":\"Rule-HTML-Paragraph\",\"RequestRuleName\":\"undefined\"}" => HTTP 404 (18 bytes)
[PegaHttpClient] 📡 POST https://zdk8budo.pegaacademy.net/prweb/api/v1/rules/query?pxObjClass=Rule-HTML-Section&appliesTo=Rule-HTML-Paragraph&pyRuleName=undefined&RequestClass=Rule-HTML-Section&RequestAppliesTo=Rule-HTML-Paragraph&RequestRuleName=undefined Payload: "{\"RequestClass\":\"Rule-HTML-Section\",\"RequestAppliesTo\":\"Rule-HTML-Paragraph\",\"RequestRuleName\":\"undefined\"}" => HTTP 404 (18 bytes)
[PegaHttpClient] 📡 POST https://zdk8budo.pegaacademy.net/prweb/PRRestService/v1/rules/query?pxObjClass=Rule-HTML-Section&appliesTo=Rule-HTML-Paragraph&pyRuleName=undefined&RequestClass=Rule-HTML-Section&RequestAppliesTo=Rule-HTML-Paragraph&RequestRuleName=undefined Payload: "{\"RequestClass\":\"Rule-HTML-Section\",\"RequestAppliesTo\":\"Rule-HTML-Paragraph\",\"RequestRuleName\":\"undefined\"}" => HTTP 404 (18 bytes)
[PegaHttpClient] 📡 POST https://zdk8budo.pegaacademy.net/prweb/api/CodeIntelligence/v1/rules/query?pxObjClass=Rule-HTML-Section&appliesTo=Rule-HTML-Paragraph&pyRuleName=pzRuleFormToolbar&RequestClass=Rule-HTML-Section&RequestAppliesTo=Rule-HTML-Paragraph&RequestRuleName=pzRuleFormToolbar Payload: "{\"RequestClass\":\"Rule-HTML-Section\",\"RequestAppliesTo\":\"Rule-HTML-Paragraph\",\"RequestRuleName\":\"pzRuleFormToolbar\"}" => HTTP 200 (242691 bytes)
[PegaHttpClient] 📡 POST https://zdk8budo.pegaacademy.net/prweb/api/CodeIntelligence/v1/rules/query?pxObjClass=Rule-HTML-Section&appliesTo=Rule-HTML-Paragraph&pyRuleName=pzRuleFormToolbarCompare&RequestClass=Rule-HTML-Section&RequestAppliesTo=Rule-HTML-Paragraph&RequestRuleName=pzRuleFormToolbarCompare Payload: "{\"RequestClass\":\"Rule-HTML-Section\",\"RequestAppliesTo\":\"Rule-HTML-Paragraph\",\"RequestRuleName\":\"pzRuleFormToolbarCompare\"}" => HTTP 200 (61925 bytes)
[PegaHttpClient] 📡 POST https://zdk8budo.pegaacademy.net/prweb/api/CodeIntelligence/v1/rules/query?pxObjClass=Rule-HTML-Section&appliesTo=Rule-HTML-Paragraph&pyRuleName=RuleFormHeaderMessages&RequestClass=Rule-HTML-Section&RequestAppliesTo=Rule-HTML-Paragraph&RequestRuleName=RuleFormHeaderMessages Payload: "{\"RequestClass\":\"Rule-HTML-Section\",\"RequestAppliesTo\":\"Rule-HTML-Paragraph\",\"RequestRuleName\":\"RuleFormHeaderMessages\"}" => HTTP 200 (26518 bytes)
[PegaHttpClient] 📡 POST https://zdk8budo.pegaacademy.net/prweb/api/CodeIntelligence/v1/rules/query?pxObjClass=Rule-HTML-Section&appliesTo=Rule-HTML-Paragraph&pyRuleName=pzParagraphWrapper&RequestClass=Rule-HTML-Section&RequestAppliesTo=Rule-HTML-Paragraph&RequestRuleName=pzParagraphWrapper Payload: "{\"RequestClass\":\"Rule-HTML-Section\",\"RequestAppliesTo\":\"Rule-HTML-Paragraph\",\"RequestRuleName\":\"pzParagraphWrapper\"}" => HTTP 200 (23262 bytes)
[PegaHttpClient] 📡 POST https://zdk8budo.pegaacademy.net/prweb/api/CodeIntelligence/v1/rules/query?pxObjClass=Rule-HTML-Section&appliesTo=Rule-HTML-Paragraph&pyRuleName=RuleFormPagesAndClasses&RequestClass=Rule-HTML-Section&RequestAppliesTo=Rule-HTML-Paragraph&RequestRuleName=RuleFormPagesAndClasses Payload: "{\"RequestClass\":\"Rule-HTML-Section\",\"RequestAppliesTo\":\"Rule-HTML-Paragraph\",\"RequestRuleName\":\"RuleFormPagesAndClasses\"}" => HTTP 200 (34748 bytes)
[PegaHttpClient] 📡 POST https://zdk8budo.pegaacademy.net/prweb/api/CodeIntelligence/v1/rules/query?pxObjClass=Rule-HTML-Section&appliesTo=Rule-HTML-Paragraph&pyRuleName=pzSpecifications&RequestClass=Rule-HTML-Section&RequestAppliesTo=Rule-HTML-Paragraph&RequestRuleName=pzSpecifications Payload: "{\"RequestClass\":\"Rule-HTML-Section\",\"RequestAppliesTo\":\"Rule-HTML-Paragraph\",\"RequestRuleName\":\"pzSpecifications\"}" => HTTP 200 (16577 bytes)
[PegaHttpClient] 📡 POST https://zdk8budo.pegaacademy.net/prweb/api/CodeIntelligence/v1/rules/query?pxObjClass=Rule-HTML-Section&appliesTo=Rule-HTML-Paragraph&pyRuleName=RuleFormHistory&RequestClass=Rule-HTML-Section&RequestAppliesTo=Rule-HTML-Paragraph&RequestRuleName=RuleFormHistory Payload: "{\"RequestClass\":\"Rule-HTML-Section\",\"RequestAppliesTo\":\"Rule-HTML-Paragraph\",\"RequestRuleName\":\"RuleFormHistory\"}" => HTTP 200 (76091 bytes)
[PegaHttpClient] 📡 POST https://zdk8budo.pegaacademy.net/prweb/api/CodeIntelligence/v1/rules/query?pxObjClass=Rule-HTML-Section&appliesTo=Rule-HTML-Paragraph&pyRuleName=pzRuleFormStatus&RequestClass=Rule-HTML-Section&RequestAppliesTo=Rule-HTML-Paragraph&RequestRuleName=pzRuleFormStatus Payload: "{\"RequestClass\":\"Rule-HTML-Section\",\"RequestAppliesTo\":\"Rule-HTML-Paragraph\",\"RequestRuleName\":\"pzRuleFormStatus\"}" => HTTP 200 (97627 bytes)
[PegaHttpClient] 📡 POST https://zdk8budo.pegaacademy.net/prweb/api/CodeIntelligence/v1/rules/query?pxObjClass=Rule-HTML-Section&appliesTo=Rule-HTML-Paragraph&pyRuleName=pzRuleFormHeaderCompareWithDropDown&RequestClass=Rule-HTML-Section&RequestAppliesTo=Rule-HTML-Paragraph&RequestRuleName=pzRuleFormHeaderCompareWithDropDown Payload: "{\"RequestClass\":\"Rule-HTML-Section\",\"RequestAppliesTo\":\"Rule-HTML-Paragraph\",\"RequestRuleName\":\"pzRuleFormHeaderCompareWithDropDown\"}" => HTTP 200 (25396 bytes)
[PegaHttpClient] 📡 POST https://zdk8budo.pegaacademy.net/prweb/api/CodeIntelligence/v1/rules/query?pxObjClass=Rule-HTML-Section&appliesTo=Rule-HTML-Paragraph&pyRuleName=undefined&RequestClass=Rule-HTML-Section&RequestAppliesTo=Rule-HTML-Paragraph&RequestRuleName=undefined Payload: "{\"RequestClass\":\"Rule-HTML-Section\",\"RequestAppliesTo\":\"Rule-HTML-Paragraph\",\"RequestRuleName\":\"undefined\"}" => HTTP 404 (106 bytes)
[PegaHttpClient] 📡 POST https://zdk8budo.pegaacademy.net/prweb/PRRestService/CodeIntelligence/v1/rules/query?pxObjClass=Rule-HTML-Section&appliesTo=Rule-HTML-Paragraph&pyRuleName=undefined&RequestClass=Rule-HTML-Section&RequestAppliesTo=Rule-HTML-Paragraph&RequestRuleName=undefined Payload: "{\"RequestClass\":\"Rule-HTML-Section\",\"RequestAppliesTo\":\"Rule-HTML-Paragraph\",\"RequestRuleName\":\"undefined\"}" => HTTP 404 (106 bytes)
[PegaHttpClient] 📡 POST https://zdk8budo.pegaacademy.net/prweb/api/HRAppsV2Service/V1/rules/query?pxObjClass=Rule-HTML-Section&appliesTo=Rule-HTML-Paragraph&pyRuleName=undefined&RequestClass=Rule-HTML-Section&RequestAppliesTo=Rule-HTML-Paragraph&RequestRuleName=undefined Payload: "{\"RequestClass\":\"Rule-HTML-Section\",\"RequestAppliesTo\":\"Rule-HTML-Paragraph\",\"RequestRuleName\":\"undefined\"}" => HTTP 404 (18 bytes)
[PegaHttpClient] 📡 POST https://zdk8budo.pegaacademy.net/prweb/PRRestService/HRAppsV2Service/V1/rules/query?pxObjClass=Rule-HTML-Section&appliesTo=Rule-HTML-Paragraph&pyRuleName=undefined&RequestClass=Rule-HTML-Section&RequestAppliesTo=Rule-HTML-Paragraph&RequestRuleName=undefined Payload: "{\"RequestClass\":\"Rule-HTML-Section\",\"RequestAppliesTo\":\"Rule-HTML-Paragraph\",\"RequestRuleName\":\"undefined\"}" => HTTP 404 (18 bytes)
[PegaHttpClient] 📡 POST https://zdk8budo.pegaacademy.net/prweb/api/HRAppsV2/V1/rules/query?pxObjClass=Rule-HTML-Section&appliesTo=Rule-HTML-Paragraph&pyRuleName=undefined&RequestClass=Rule-HTML-Section&RequestAppliesTo=Rule-HTML-Paragraph&RequestRuleName=undefined Payload: "{\"RequestClass\":\"Rule-HTML-Section\",\"RequestAppliesTo\":\"Rule-HTML-Paragraph\",\"RequestRuleName\":\"undefined\"}" => HTTP 404 (18 bytes)
[PegaHttpClient] 📡 POST https://zdk8budo.pegaacademy.net/prweb/PRRestService/HRAppsV2/V1/rules/query?pxObjClass=Rule-HTML-Section&appliesTo=Rule-HTML-Paragraph&pyRuleName=undefined&RequestClass=Rule-HTML-Section&RequestAppliesTo=Rule-HTML-Paragraph&RequestRuleName=undefined Payload: "{\"RequestClass\":\"Rule-HTML-Section\",\"RequestAppliesTo\":\"Rule-HTML-Paragraph\",\"RequestRuleName\":\"undefined\"}" => HTTP 404 (18 bytes)
[PegaHttpClient] 📡 POST https://zdk8budo.pegaacademy.net/prweb/api/v1/rules/query?pxObjClass=Rule-HTML-Section&appliesTo=Rule-HTML-Paragraph&pyRuleName=undefined&RequestClass=Rule-HTML-Section&RequestAppliesTo=Rule-HTML-Paragraph&RequestRuleName=undefined Payload: "{\"RequestClass\":\"Rule-HTML-Section\",\"RequestAppliesTo\":\"Rule-HTML-Paragraph\",\"RequestRuleName\":\"undefined\"}" => HTTP 404 (18 bytes)
[PegaHttpClient] 📡 POST https://zdk8budo.pegaacademy.net/prweb/PRRestService/v1/rules/query?pxObjClass=Rule-HTML-Section&appliesTo=Rule-HTML-Paragraph&pyRuleName=undefined&RequestClass=Rule-HTML-Section&RequestAppliesTo=Rule-HTML-Paragraph&RequestRuleName=undefined Payload: "{\"RequestClass\":\"Rule-HTML-Section\",\"RequestAppliesTo\":\"Rule-HTML-Paragraph\",\"RequestRuleName\":\"undefined\"}" => HTTP 404 (18 bytes)
[PegaHttpClient] 📡 POST https://zdk8budo.pegaacademy.net/prweb/api/CodeIntelligence/v1/rules/query?pxObjClass=Rule-HTML-Section&appliesTo=Rule-HTML-Paragraph&pyRuleName=pzRuleFormToolbarHotKeys&RequestClass=Rule-HTML-Section&RequestAppliesTo=Rule-HTML-Paragraph&RequestRuleName=pzRuleFormToolbarHotKeys Payload: "{\"RequestClass\":\"Rule-HTML-Section\",\"RequestAppliesTo\":\"Rule-HTML-Paragraph\",\"RequestRuleName\":\"pzRuleFormToolbarHotKeys\"}" => HTTP 200 (85058 bytes)
[PegaHttpClient] 📡 POST https://zdk8budo.pegaacademy.net/prweb/api/CodeIntelligence/v1/rules/query?pxObjClass=Rule-HTML-Section&appliesTo=Rule-HTML-Paragraph&pyRuleName=pzRuleFormToolbarLockedIcon&RequestClass=Rule-HTML-Section&RequestAppliesTo=Rule-HTML-Paragraph&RequestRuleName=pzRuleFormToolbarLockedIcon Payload: "{\"RequestClass\":\"Rule-HTML-Section\",\"RequestAppliesTo\":\"Rule-HTML-Paragraph\",\"RequestRuleName\":\"pzRuleFormToolbarLockedIcon\"}" => HTTP 200 (24898 bytes)
[PegaHttpClient] 📡 POST https://zdk8budo.pegaacademy.net/prweb/api/CodeIntelligence/v1/rules/query?pxObjClass=Rule-HTML-Section&appliesTo=Rule-HTML-Paragraph&pyRuleName=pzRuleFormToolbarCollaborators&RequestClass=Rule-HTML-Section&RequestAppliesTo=Rule-HTML-Paragraph&RequestRuleName=pzRuleFormToolbarCollaborators Payload: "{\"RequestClass\":\"Rule-HTML-Section\",\"RequestAppliesTo\":\"Rule-HTML-Paragraph\",\"RequestRuleName\":\"pzRuleFormToolbarCollaborators\"}" => HTTP 200 (15254 bytes)
[PegaHttpClient] 📡 POST https://zdk8budo.pegaacademy.net/prweb/api/CodeIntelligence/v1/rules/query?pxObjClass=Rule-HTML-Section&appliesTo=Rule-HTML-Paragraph&pyRuleName=pzRuleFormToolbarSaveAs&RequestClass=Rule-HTML-Section&RequestAppliesTo=Rule-HTML-Paragraph&RequestRuleName=pzRuleFormToolbarSaveAs Payload: "{\"RequestClass\":\"Rule-HTML-Section\",\"RequestAppliesTo\":\"Rule-HTML-Paragraph\",\"RequestRuleName\":\"pzRuleFormToolbarSaveAs\"}" => HTTP 200 (64084 bytes)
[PegaHttpClient] 📡 POST https://zdk8budo.pegaacademy.net/prweb/api/CodeIntelligence/v1/rules/query?pxObjClass=Rule-HTML-Section&appliesTo=Rule-HTML-Paragraph&pyRuleName=pzRuleFormToolbarCheckin&RequestClass=Rule-HTML-Section&RequestAppliesTo=Rule-HTML-Paragraph&RequestRuleName=pzRuleFormToolbarCheckin Payload: "{\"RequestClass\":\"Rule-HTML-Section\",\"RequestAppliesTo\":\"Rule-HTML-Paragraph\",\"RequestRuleName\":\"pzRuleFormToolbarCheckin\"}" => HTTP 200 (119096 bytes)
[PegaHttpClient] 📡 POST https://zdk8budo.pegaacademy.net/prweb/api/CodeIntelligence/v1/rules/query?pxObjClass=Rule-HTML-Section&appliesTo=Rule-HTML-Paragraph&pyRuleName=pzRuleFormToolbarDelete&RequestClass=Rule-HTML-Section&RequestAppliesTo=Rule-HTML-Paragraph&RequestRuleName=pzRuleFormToolbarDelete Payload: "{\"RequestClass\":\"Rule-HTML-Section\",\"RequestAppliesTo\":\"Rule-HTML-Paragraph\",\"RequestRuleName\":\"pzRuleFormToolbarDelete\"}" => HTTP 200 (30249 bytes)
[PegaHttpClient] 📡 POST https://zdk8budo.pegaacademy.net/prweb/api/CodeIntelligence/v1/rules/query?pxObjClass=Rule-HTML-Section&appliesTo=Rule-HTML-Paragraph&pyRuleName=pzRuleFormToolbarSave&RequestClass=Rule-HTML-Section&RequestAppliesTo=Rule-HTML-Paragraph&RequestRuleName=pzRuleFormToolbarSave Payload: "{\"RequestClass\":\"Rule-HTML-Section\",\"RequestAppliesTo\":\"Rule-HTML-Paragraph\",\"RequestRuleName\":\"pzRuleFormToolbarSave\"}" => HTTP 200 (293885 bytes)
[PegaHttpClient] 📡 POST https://zdk8budo.pegaacademy.net/prweb/api/CodeIntelligence/v1/rules/query?pxObjClass=Rule-HTML-Section&appliesTo=Rule-HTML-Paragraph&pyRuleName=pzRuleFormToolbarCheckout&RequestClass=Rule-HTML-Section&RequestAppliesTo=Rule-HTML-Paragraph&RequestRuleName=pzRuleFormToolbarCheckout Payload: "{\"RequestClass\":\"Rule-HTML-Section\",\"RequestAppliesTo\":\"Rule-HTML-Paragraph\",\"RequestRuleName\":\"pzRuleFormToolbarCheckout\"}" => HTTP 200 (238148 bytes)
[PegaHttpClient] 📡 POST https://zdk8budo.pegaacademy.net/prweb/api/CodeIntelligence/v1/rules/query?pxObjClass=Rule-HTML-Section&appliesTo=Rule-HTML-Paragraph&pyRuleName=pzRemoveErrorsDataPage&RequestClass=Rule-HTML-Section&RequestAppliesTo=Rule-HTML-Paragraph&RequestRuleName=pzRemoveErrorsDataPage Payload: "{\"RequestClass\":\"Rule-HTML-Section\",\"RequestAppliesTo\":\"Rule-HTML-Paragraph\",\"RequestRuleName\":\"pzRemoveErrorsDataPage\"}" => HTTP 200 (16733 bytes)
[PegaHttpClient] 📡 POST https://zdk8budo.pegaacademy.net/prweb/api/CodeIntelligence/v1/rules/query?pxObjClass=Rule-HTML-Section&appliesTo=Rule-HTML-Paragraph&pyRuleName=pzRuleFormHeaderMessagesWrapper&RequestClass=Rule-HTML-Section&RequestAppliesTo=Rule-HTML-Paragraph&RequestRuleName=pzRuleFormHeaderMessagesWrapper Payload: "{\"RequestClass\":\"Rule-HTML-Section\",\"RequestAppliesTo\":\"Rule-HTML-Paragraph\",\"RequestRuleName\":\"pzRuleFormHeaderMessagesWrapper\"}" => HTTP 200 (16981 bytes)
[PegaHttpClient] 📡 POST https://zdk8budo.pegaacademy.net/prweb/api/CodeIntelligence/v1/rules/query?pxObjClass=Rule-HTML-Section&appliesTo=Rule-HTML-Paragraph&pyRuleName=pzRuleFormPagesAndClassesScript&RequestClass=Rule-HTML-Section&RequestAppliesTo=Rule-HTML-Paragraph&RequestRuleName=pzRuleFormPagesAndClassesScript Payload: "{\"RequestClass\":\"Rule-HTML-Section\",\"RequestAppliesTo\":\"Rule-HTML-Paragraph\",\"RequestRuleName\":\"pzRuleFormPagesAndClassesScript\"}" => HTTP 200 (15730 bytes)
[PegaHttpClient] 📡 POST https://zdk8budo.pegaacademy.net/prweb/api/CodeIntelligence/v1/rules/query?pxObjClass=Rule-HTML-Section&appliesTo=Rule-HTML-Paragraph&pyRuleName=pzPagesAndClassesNoMode&RequestClass=Rule-HTML-Section&RequestAppliesTo=Rule-HTML-Paragraph&RequestRuleName=pzPagesAndClassesNoMode Payload: "{\"RequestClass\":\"Rule-HTML-Section\",\"RequestAppliesTo\":\"Rule-HTML-Paragraph\",\"RequestRuleName\":\"pzPagesAndClassesNoMode\"}" => HTTP 200 (90057 bytes)
[PegaHttpClient] 📡 POST https://zdk8budo.pegaacademy.net/prweb/api/CodeIntelligence/v1/rules/query?pxObjClass=Rule-HTML-Section&appliesTo=Rule-HTML-Paragraph&pyRuleName=pzPagesAndClassesWithMode&RequestClass=Rule-HTML-Section&RequestAppliesTo=Rule-HTML-Paragraph&RequestRuleName=pzPagesAndClassesWithMode Payload: "{\"RequestClass\":\"Rule-HTML-Section\",\"RequestAppliesTo\":\"Rule-HTML-Paragraph\",\"RequestRuleName\":\"pzPagesAndClassesWithMode\"}" => HTTP 200 (97424 bytes)
[PegaHttpClient] 📡 POST https://zdk8budo.pegaacademy.net/prweb/api/CodeIntelligence/v1/rules/query?pxObjClass=Rule-HTML-Section&appliesTo=Rule-HTML-Paragraph&pyRuleName=pzSpecificationsInner&RequestClass=Rule-HTML-Section&RequestAppliesTo=Rule-HTML-Paragraph&RequestRuleName=pzSpecificationsInner Payload: "{\"RequestClass\":\"Rule-HTML-Section\",\"RequestAppliesTo\":\"Rule-HTML-Paragraph\",\"RequestRuleName\":\"pzSpecificationsInner\"}" => HTTP 200 (142370 bytes)
[PegaHttpClient] 📡 POST https://zdk8budo.pegaacademy.net/prweb/api/CodeIntelligence/v1/rules/query?pxObjClass=Rule-HTML-Section&appliesTo=Rule-HTML-Paragraph&pyRuleName=pzAlternateRuleInfo&RequestClass=Rule-HTML-Section&RequestAppliesTo=Rule-HTML-Paragraph&RequestRuleName=pzAlternateRuleInfo Payload: "{\"RequestClass\":\"Rule-HTML-Section\",\"RequestAppliesTo\":\"Rule-HTML-Paragraph\",\"RequestRuleName\":\"pzAlternateRuleInfo\"}" => HTTP 200 (140407 bytes)
[PegaHttpClient] 📡 POST https://zdk8budo.pegaacademy.net/prweb/api/CodeIntelligence/v1/rules/query?pxObjClass=Rule-HTML-Section&appliesTo=Rule-HTML-Paragraph&pyRuleName=RuleFormHistory_Description&RequestClass=Rule-HTML-Section&RequestAppliesTo=Rule-HTML-Paragraph&RequestRuleName=RuleFormHistory_Description Payload: "{\"RequestClass\":\"Rule-HTML-Section\",\"RequestAppliesTo\":\"Rule-HTML-Paragraph\",\"RequestRuleName\":\"RuleFormHistory_Description\"}" => HTTP 200 (46242 bytes)
[PegaHttpClient] 📡 POST https://zdk8budo.pegaacademy.net/prweb/api/CodeIntelligence/v1/rules/query?pxObjClass=Rule-HTML-Section&appliesTo=Rule-HTML-Paragraph&pyRuleName=RuleFormHistory_CustomFields&RequestClass=Rule-HTML-Section&RequestAppliesTo=Rule-HTML-Paragraph&RequestRuleName=RuleFormHistory_CustomFields Payload: "{\"RequestClass\":\"Rule-HTML-Section\",\"RequestAppliesTo\":\"Rule-HTML-Paragraph\",\"RequestRuleName\":\"RuleFormHistory_CustomFields\"}" => HTTP 200 (75856 bytes)
[PegaHttpClient] 📡 POST https://zdk8budo.pegaacademy.net/prweb/api/CodeIntelligence/v1/rules/query?pxObjClass=Rule-HTML-Section&appliesTo=Rule-HTML-Paragraph&pyRuleName=RuleFormHistory_HistoryDetails&RequestClass=Rule-HTML-Section&RequestAppliesTo=Rule-HTML-Paragraph&RequestRuleName=RuleFormHistory_HistoryDetails Payload: "{\"RequestClass\":\"Rule-HTML-Section\",\"RequestAppliesTo\":\"Rule-HTML-Paragraph\",\"RequestRuleName\":\"RuleFormHistory_HistoryDetails\"}" => HTTP 200 (179535 bytes)
[PegaHttpClient] 📡 POST https://zdk8budo.pegaacademy.net/prweb/api/CodeIntelligence/v1/rules/query?pxObjClass=Rule-HTML-Section&appliesTo=Rule-HTML-Paragraph&pyRuleName=pxDisplayCollaborators&RequestClass=Rule-HTML-Section&RequestAppliesTo=Rule-HTML-Paragraph&RequestRuleName=pxDisplayCollaborators Payload: "{\"RequestClass\":\"Rule-HTML-Section\",\"RequestAppliesTo\":\"Rule-HTML-Paragraph\",\"RequestRuleName\":\"pxDisplayCollaborators\"}" => HTTP 200 (94171 bytes)
[PegaHttpClient] 📡 POST https://zdk8budo.pegaacademy.net/prweb/api/CodeIntelligence/v1/rules/query?pxObjClass=Rule-HTML-Section&appliesTo=Rule-HTML-Paragraph&pyRuleName=pzRuleFormToolbarDeleteCheckOut&RequestClass=Rule-HTML-Section&RequestAppliesTo=Rule-HTML-Paragraph&RequestRuleName=pzRuleFormToolbarDeleteCheckOut Payload: "{\"RequestClass\":\"Rule-HTML-Section\",\"RequestAppliesTo\":\"Rule-HTML-Paragraph\",\"RequestRuleName\":\"pzRuleFormToolbarDeleteCheckOut\"}" => HTTP 200 (29433 bytes)
[PegaHttpClient] 📡 POST https://zdk8budo.pegaacademy.net/prweb/api/CodeIntelligence/v1/rules/query?pxObjClass=Rule-HTML-Section&appliesTo=Rule-HTML-Paragraph&pyRuleName=pzRuleFormToolbarDeleteRule&RequestClass=Rule-HTML-Section&RequestAppliesTo=Rule-HTML-Paragraph&RequestRuleName=pzRuleFormToolbarDeleteRule Payload: "{\"RequestClass\":\"Rule-HTML-Section\",\"RequestAppliesTo\":\"Rule-HTML-Paragraph\",\"RequestRuleName\":\"pzRuleFormToolbarDeleteRule\"}" => HTTP 200 (32314 bytes)
[PegaHttpClient] 📡 POST https://zdk8budo.pegaacademy.net/prweb/api/CodeIntelligence/v1/rules/query?pxObjClass=Rule-HTML-Section&appliesTo=Rule-HTML-Paragraph&pyRuleName=pzPagesAndClassesScriptNoMode&RequestClass=Rule-HTML-Section&RequestAppliesTo=Rule-HTML-Paragraph&RequestRuleName=pzPagesAndClassesScriptNoMode Payload: "{\"RequestClass\":\"Rule-HTML-Section\",\"RequestAppliesTo\":\"Rule-HTML-Paragraph\",\"RequestRuleName\":\"pzPagesAndClassesScriptNoMode\"}" => HTTP 200 (25452 bytes)
[PegaHttpClient] 📡 POST https://zdk8budo.pegaacademy.net/prweb/api/CodeIntelligence/v1/rules/query?pxObjClass=Rule-HTML-Section&appliesTo=Rule-HTML-Paragraph&pyRuleName=pzPagesAndClassesScript&RequestClass=Rule-HTML-Section&RequestAppliesTo=Rule-HTML-Paragraph&RequestRuleName=pzPagesAndClassesScript Payload: "{\"RequestClass\":\"Rule-HTML-Section\",\"RequestAppliesTo\":\"Rule-HTML-Paragraph\",\"RequestRuleName\":\"pzPagesAndClassesScript\"}" => HTTP 200 (24224 bytes)
[PegaHttpClient] 📡 POST https://zdk8budo.pegaacademy.net/prweb/api/CodeIntelligence/v1/rules/query?pxObjClass=Rule-HTML-Section&appliesTo=Rule-HTML-Paragraph&pyRuleName=pzSpecificationName&RequestClass=Rule-HTML-Section&RequestAppliesTo=Rule-HTML-Paragraph&RequestRuleName=pzSpecificationName Payload: "{\"RequestClass\":\"Rule-HTML-Section\",\"RequestAppliesTo\":\"Rule-HTML-Paragraph\",\"RequestRuleName\":\"pzSpecificationName\"}" => HTTP 404 (116 bytes)
[PegaHttpClient] 📡 POST https://zdk8budo.pegaacademy.net/prweb/PRRestService/CodeIntelligence/v1/rules/query?pxObjClass=Rule-HTML-Section&appliesTo=Rule-HTML-Paragraph&pyRuleName=pzSpecificationName&RequestClass=Rule-HTML-Section&RequestAppliesTo=Rule-HTML-Paragraph&RequestRuleName=pzSpecificationName Payload: "{\"RequestClass\":\"Rule-HTML-Section\",\"RequestAppliesTo\":\"Rule-HTML-Paragraph\",\"RequestRuleName\":\"pzSpecificationName\"}" => HTTP 404 (116 bytes)
[PegaHttpClient] 📡 POST https://zdk8budo.pegaacademy.net/prweb/api/HRAppsV2Service/V1/rules/query?pxObjClass=Rule-HTML-Section&appliesTo=Rule-HTML-Paragraph&pyRuleName=pzSpecificationName&RequestClass=Rule-HTML-Section&RequestAppliesTo=Rule-HTML-Paragraph&RequestRuleName=pzSpecificationName Payload: "{\"RequestClass\":\"Rule-HTML-Section\",\"RequestAppliesTo\":\"Rule-HTML-Paragraph\",\"RequestRuleName\":\"pzSpecificationName\"}" => HTTP 404 (18 bytes)
[PegaHttpClient] 📡 POST https://zdk8budo.pegaacademy.net/prweb/PRRestService/HRAppsV2Service/V1/rules/query?pxObjClass=Rule-HTML-Section&appliesTo=Rule-HTML-Paragraph&pyRuleName=pzSpecificationName&RequestClass=Rule-HTML-Section&RequestAppliesTo=Rule-HTML-Paragraph&RequestRuleName=pzSpecificationName Payload: "{\"RequestClass\":\"Rule-HTML-Section\",\"RequestAppliesTo\":\"Rule-HTML-Paragraph\",\"RequestRuleName\":\"pzSpecificationName\"}" => HTTP 404 (18 bytes)
[PegaHttpClient] 📡 POST https://zdk8budo.pegaacademy.net/prweb/api/HRAppsV2/V1/rules/query?pxObjClass=Rule-HTML-Section&appliesTo=Rule-HTML-Paragraph&pyRuleName=pzSpecificationName&RequestClass=Rule-HTML-Section&RequestAppliesTo=Rule-HTML-Paragraph&RequestRuleName=pzSpecificationName Payload: "{\"RequestClass\":\"Rule-HTML-Section\",\"RequestAppliesTo\":\"Rule-HTML-Paragraph\",\"RequestRuleName\":\"pzSpecificationName\"}" => HTTP 404 (18 bytes)
[PegaHttpClient] 📡 POST https://zdk8budo.pegaacademy.net/prweb/PRRestService/HRAppsV2/V1/rules/query?pxObjClass=Rule-HTML-Section&appliesTo=Rule-HTML-Paragraph&pyRuleName=pzSpecificationName&RequestClass=Rule-HTML-Section&RequestAppliesTo=Rule-HTML-Paragraph&RequestRuleName=pzSpecificationName Payload: "{\"RequestClass\":\"Rule-HTML-Section\",\"RequestAppliesTo\":\"Rule-HTML-Paragraph\",\"RequestRuleName\":\"pzSpecificationName\"}" => HTTP 404 (18 bytes)
[PegaHttpClient] 📡 POST https://zdk8budo.pegaacademy.net/prweb/api/v1/rules/query?pxObjClass=Rule-HTML-Section&appliesTo=Rule-HTML-Paragraph&pyRuleName=pzSpecificationName&RequestClass=Rule-HTML-Section&RequestAppliesTo=Rule-HTML-Paragraph&RequestRuleName=pzSpecificationName Payload: "{\"RequestClass\":\"Rule-HTML-Section\",\"RequestAppliesTo\":\"Rule-HTML-Paragraph\",\"RequestRuleName\":\"pzSpecificationName\"}" => HTTP 404 (18 bytes)
[PegaHttpClient] 📡 POST https://zdk8budo.pegaacademy.net/prweb/PRRestService/v1/rules/query?pxObjClass=Rule-HTML-Section&appliesTo=Rule-HTML-Paragraph&pyRuleName=pzSpecificationName&RequestClass=Rule-HTML-Section&RequestAppliesTo=Rule-HTML-Paragraph&RequestRuleName=pzSpecificationName Payload: "{\"RequestClass\":\"Rule-HTML-Section\",\"RequestAppliesTo\":\"Rule-HTML-Paragraph\",\"RequestRuleName\":\"pzSpecificationName\"}" => HTTP 404 (18 bytes)
[PegaHttpClient] 📡 POST https://zdk8budo.pegaacademy.net/prweb/api/CodeIntelligence/v1/rules/query?pxObjClass=Rule-HTML-Section&appliesTo=Rule-HTML-Paragraph&pyRuleName=pzScm_RuleHistory&RequestClass=Rule-HTML-Section&RequestAppliesTo=Rule-HTML-Paragraph&RequestRuleName=pzScm_RuleHistory Payload: "{\"RequestClass\":\"Rule-HTML-Section\",\"RequestAppliesTo\":\"Rule-HTML-Paragraph\",\"RequestRuleName\":\"pzScm_RuleHistory\"}" => HTTP 200 (14682 bytes)
[PegaHttpClient] 📡 POST https://zdk8budo.pegaacademy.net/prweb/api/CodeIntelligence/v1/rules/query?pxObjClass=Rule-HTML-Section&appliesTo=Rule-HTML-Paragraph&pyRuleName=pzLoadCollaborationScripts&RequestClass=Rule-HTML-Section&RequestAppliesTo=Rule-HTML-Paragraph&RequestRuleName=pzLoadCollaborationScripts Payload: "{\"RequestClass\":\"Rule-HTML-Section\",\"RequestAppliesTo\":\"Rule-HTML-Paragraph\",\"RequestRuleName\":\"pzLoadCollaborationScripts\"}" => HTTP 200 (23453 bytes)
[PegaHttpClient] 📡 POST https://zdk8budo.pegaacademy.net/prweb/api/CodeIntelligence/v1/rules/query?pxObjClass=Rule-HTML-Section&appliesTo=Rule-HTML-Paragraph&pyRuleName=pzDisplayCollaboratorsList&RequestClass=Rule-HTML-Section&RequestAppliesTo=Rule-HTML-Paragraph&RequestRuleName=pzDisplayCollaboratorsList Payload: "{\"RequestClass\":\"Rule-HTML-Section\",\"RequestAppliesTo\":\"Rule-HTML-Paragraph\",\"RequestRuleName\":\"pzDisplayCollaboratorsList\"}" => HTTP 200 (105418 bytes)
[PegaHttpClient] 📡 POST https://zdk8budo.pegaacademy.net/prweb/api/CodeIntelligence/v1/rules/query?pxObjClass=Rule-HTML-Section&appliesTo=Rule-HTML-Paragraph&pyRuleName=pyCollaborator&RequestClass=Rule-HTML-Section&RequestAppliesTo=Rule-HTML-Paragraph&RequestRuleName=pyCollaborator Payload: "{\"RequestClass\":\"Rule-HTML-Section\",\"RequestAppliesTo\":\"Rule-HTML-Paragraph\",\"RequestRuleName\":\"pyCollaborator\"}" => HTTP 404 (111 bytes)
[PegaHttpClient] 📡 POST https://zdk8budo.pegaacademy.net/prweb/PRRestService/CodeIntelligence/v1/rules/query?pxObjClass=Rule-HTML-Section&appliesTo=Rule-HTML-Paragraph&pyRuleName=pyCollaborator&RequestClass=Rule-HTML-Section&RequestAppliesTo=Rule-HTML-Paragraph&RequestRuleName=pyCollaborator Payload: "{\"RequestClass\":\"Rule-HTML-Section\",\"RequestAppliesTo\":\"Rule-HTML-Paragraph\",\"RequestRuleName\":\"pyCollaborator\"}" => HTTP 404 (111 bytes)
[PegaHttpClient] 📡 POST https://zdk8budo.pegaacademy.net/prweb/api/HRAppsV2Service/V1/rules/query?pxObjClass=Rule-HTML-Section&appliesTo=Rule-HTML-Paragraph&pyRuleName=pyCollaborator&RequestClass=Rule-HTML-Section&RequestAppliesTo=Rule-HTML-Paragraph&RequestRuleName=pyCollaborator Payload: "{\"RequestClass\":\"Rule-HTML-Section\",\"RequestAppliesTo\":\"Rule-HTML-Paragraph\",\"RequestRuleName\":\"pyCollaborator\"}" => HTTP 404 (18 bytes)
[PegaHttpClient] 📡 POST https://zdk8budo.pegaacademy.net/prweb/PRRestService/HRAppsV2Service/V1/rules/query?pxObjClass=Rule-HTML-Section&appliesTo=Rule-HTML-Paragraph&pyRuleName=pyCollaborator&RequestClass=Rule-HTML-Section&RequestAppliesTo=Rule-HTML-Paragraph&RequestRuleName=pyCollaborator Payload: "{\"RequestClass\":\"Rule-HTML-Section\",\"RequestAppliesTo\":\"Rule-HTML-Paragraph\",\"RequestRuleName\":\"pyCollaborator\"}" => HTTP 404 (18 bytes)
[PegaHttpClient] 📡 POST https://zdk8budo.pegaacademy.net/prweb/api/HRAppsV2/V1/rules/query?pxObjClass=Rule-HTML-Section&appliesTo=Rule-HTML-Paragraph&pyRuleName=pyCollaborator&RequestClass=Rule-HTML-Section&RequestAppliesTo=Rule-HTML-Paragraph&RequestRuleName=pyCollaborator Payload: "{\"RequestClass\":\"Rule-HTML-Section\",\"RequestAppliesTo\":\"Rule-HTML-Paragraph\",\"RequestRuleName\":\"pyCollaborator\"}" => HTTP 404 (18 bytes)
[PegaHttpClient] 📡 POST https://zdk8budo.pegaacademy.net/prweb/PRRestService/HRAppsV2/V1/rules/query?pxObjClass=Rule-HTML-Section&appliesTo=Rule-HTML-Paragraph&pyRuleName=pyCollaborator&RequestClass=Rule-HTML-Section&RequestAppliesTo=Rule-HTML-Paragraph&RequestRuleName=pyCollaborator Payload: "{\"RequestClass\":\"Rule-HTML-Section\",\"RequestAppliesTo\":\"Rule-HTML-Paragraph\",\"RequestRuleName\":\"pyCollaborator\"}" => HTTP 404 (18 bytes)
[PegaHttpClient] 📡 POST https://zdk8budo.pegaacademy.net/prweb/api/v1/rules/query?pxObjClass=Rule-HTML-Section&appliesTo=Rule-HTML-Paragraph&pyRuleName=pyCollaborator&RequestClass=Rule-HTML-Section&RequestAppliesTo=Rule-HTML-Paragraph&RequestRuleName=pyCollaborator Payload: "{\"RequestClass\":\"Rule-HTML-Section\",\"RequestAppliesTo\":\"Rule-HTML-Paragraph\",\"RequestRuleName\":\"pyCollaborator\"}" => HTTP 404 (18 bytes)
[PegaHttpClient] 📡 POST https://zdk8budo.pegaacademy.net/prweb/PRRestService/v1/rules/query?pxObjClass=Rule-HTML-Section&appliesTo=Rule-HTML-Paragraph&pyRuleName=pyCollaborator&RequestClass=Rule-HTML-Section&RequestAppliesTo=Rule-HTML-Paragraph&RequestRuleName=pyCollaborator Payload: "{\"RequestClass\":\"Rule-HTML-Section\",\"RequestAppliesTo\":\"Rule-HTML-Paragraph\",\"RequestRuleName\":\"pyCollaborator\"}" => HTTP 404 (18 bytes)
[PegaHttpClient] 📡 POST https://zdk8budo.pegaacademy.net/prweb/api/CodeIntelligence/v1/rules/query?pxObjClass=Rule-HTML-Section&appliesTo=Rule-HTML-Paragraph&pyRuleName=pzDisplayPartialCount&RequestClass=Rule-HTML-Section&RequestAppliesTo=Rule-HTML-Paragraph&RequestRuleName=pzDisplayPartialCount Payload: "{\"RequestClass\":\"Rule-HTML-Section\",\"RequestAppliesTo\":\"Rule-HTML-Paragraph\",\"RequestRuleName\":\"pzDisplayPartialCount\"}" => HTTP 404 (118 bytes)
[PegaHttpClient] 📡 POST https://zdk8budo.pegaacademy.net/prweb/PRRestService/CodeIntelligence/v1/rules/query?pxObjClass=Rule-HTML-Section&appliesTo=Rule-HTML-Paragraph&pyRuleName=pzDisplayPartialCount&RequestClass=Rule-HTML-Section&RequestAppliesTo=Rule-HTML-Paragraph&RequestRuleName=pzDisplayPartialCount Payload: "{\"RequestClass\":\"Rule-HTML-Section\",\"RequestAppliesTo\":\"Rule-HTML-Paragraph\",\"RequestRuleName\":\"pzDisplayPartialCount\"}" => HTTP 404 (118 bytes)
[PegaHttpClient] 📡 POST https://zdk8budo.pegaacademy.net/prweb/api/HRAppsV2Service/V1/rules/query?pxObjClass=Rule-HTML-Section&appliesTo=Rule-HTML-Paragraph&pyRuleName=pzDisplayPartialCount&RequestClass=Rule-HTML-Section&RequestAppliesTo=Rule-HTML-Paragraph&RequestRuleName=pzDisplayPartialCount Payload: "{\"RequestClass\":\"Rule-HTML-Section\",\"RequestAppliesTo\":\"Rule-HTML-Paragraph\",\"RequestRuleName\":\"pzDisplayPartialCount\"}" => HTTP 404 (18 bytes)
[PegaHttpClient] 📡 POST https://zdk8budo.pegaacademy.net/prweb/PRRestService/HRAppsV2Service/V1/rules/query?pxObjClass=Rule-HTML-Section&appliesTo=Rule-HTML-Paragraph&pyRuleName=pzDisplayPartialCount&RequestClass=Rule-HTML-Section&RequestAppliesTo=Rule-HTML-Paragraph&RequestRuleName=pzDisplayPartialCount Payload: "{\"RequestClass\":\"Rule-HTML-Section\",\"RequestAppliesTo\":\"Rule-HTML-Paragraph\",\"RequestRuleName\":\"pzDisplayPartialCount\"}" => HTTP 404 (18 bytes)
[PegaHttpClient] 📡 POST https://zdk8budo.pegaacademy.net/prweb/api/HRAppsV2/V1/rules/query?pxObjClass=Rule-HTML-Section&appliesTo=Rule-HTML-Paragraph&pyRuleName=pzDisplayPartialCount&RequestClass=Rule-HTML-Section&RequestAppliesTo=Rule-HTML-Paragraph&RequestRuleName=pzDisplayPartialCount Payload: "{\"RequestClass\":\"Rule-HTML-Section\",\"RequestAppliesTo\":\"Rule-HTML-Paragraph\",\"RequestRuleName\":\"pzDisplayPartialCount\"}" => HTTP 404 (18 bytes)
[PegaHttpClient] 📡 POST https://zdk8budo.pegaacademy.net/prweb/PRRestService/HRAppsV2/V1/rules/query?pxObjClass=Rule-HTML-Section&appliesTo=Rule-HTML-Paragraph&pyRuleName=pzDisplayPartialCount&RequestClass=Rule-HTML-Section&RequestAppliesTo=Rule-HTML-Paragraph&RequestRuleName=pzDisplayPartialCount Payload: "{\"RequestClass\":\"Rule-HTML-Section\",\"RequestAppliesTo\":\"Rule-HTML-Paragraph\",\"RequestRuleName\":\"pzDisplayPartialCount\"}" => HTTP 404 (18 bytes)
[PegaHttpClient] 📡 POST https://zdk8budo.pegaacademy.net/prweb/api/v1/rules/query?pxObjClass=Rule-HTML-Section&appliesTo=Rule-HTML-Paragraph&pyRuleName=pzDisplayPartialCount&RequestClass=Rule-HTML-Section&RequestAppliesTo=Rule-HTML-Paragraph&RequestRuleName=pzDisplayPartialCount Payload: "{\"RequestClass\":\"Rule-HTML-Section\",\"RequestAppliesTo\":\"Rule-HTML-Paragraph\",\"RequestRuleName\":\"pzDisplayPartialCount\"}" => HTTP 404 (18 bytes)
[PegaHttpClient] 📡 POST https://zdk8budo.pegaacademy.net/prweb/PRRestService/v1/rules/query?pxObjClass=Rule-HTML-Section&appliesTo=Rule-HTML-Paragraph&pyRuleName=pzDisplayPartialCount&RequestClass=Rule-HTML-Section&RequestAppliesTo=Rule-HTML-Paragraph&RequestRuleName=pzDisplayPartialCount Payload: "{\"RequestClass\":\"Rule-HTML-Section\",\"RequestAppliesTo\":\"Rule-HTML-Paragraph\",\"RequestRuleName\":\"pzDisplayPartialCount\"}" => HTTP 404 (18 bytes)
[SchemaGen] ✅ Schema written for Rule-HTML-Paragraph
[PegaHttpClient] 📡 GET https://zdk8budo.pegaacademy.net/prweb/api/CodeIntelligence/v1/rules/RULE-HTML-HARNESS%20RULE-HTML-FRAGMENT%20RULEFORM%20%2320180713T135119.181%20GMT => HTTP 200 (61644 bytes)
[PegaHttpClient] 📡 POST https://zdk8budo.pegaacademy.net/prweb/api/CodeIntelligence/v1/rules/query?pxObjClass=Rule-HTML-Section&appliesTo=Rule-HTML-Fragment&pyRuleName=RuleFormMain&RequestClass=Rule-HTML-Section&RequestAppliesTo=Rule-HTML-Fragment&RequestRuleName=RuleFormMain Payload: "{\"RequestClass\":\"Rule-HTML-Section\",\"RequestAppliesTo\":\"Rule-HTML-Fragment\",\"RequestRuleName\":\"RuleFormMain\"}" => HTTP 200 (156234 bytes)
[PegaHttpClient] 📡 POST https://zdk8budo.pegaacademy.net/prweb/api/CodeIntelligence/v1/rules/query?pxObjClass=Rule-HTML-Section&appliesTo=Rule-HTML-Fragment&pyRuleName=pxAlternateRuleForm&RequestClass=Rule-HTML-Section&RequestAppliesTo=Rule-HTML-Fragment&RequestRuleName=pxAlternateRuleForm Payload: "{\"RequestClass\":\"Rule-HTML-Section\",\"RequestAppliesTo\":\"Rule-HTML-Fragment\",\"RequestRuleName\":\"pxAlternateRuleForm\"}" => HTTP 200 (66153 bytes)
[PegaHttpClient] 📡 POST https://zdk8budo.pegaacademy.net/prweb/api/CodeIntelligence/v1/rules/query?pxObjClass=Rule-HTML-Section&appliesTo=Rule-HTML-Fragment&pyRuleName=pzRuleFormScripts&RequestClass=Rule-HTML-Section&RequestAppliesTo=Rule-HTML-Fragment&RequestRuleName=pzRuleFormScripts Payload: "{\"RequestClass\":\"Rule-HTML-Section\",\"RequestAppliesTo\":\"Rule-HTML-Fragment\",\"RequestRuleName\":\"pzRuleFormScripts\"}" => HTTP 200 (40822 bytes)
[PegaHttpClient] 📡 POST https://zdk8budo.pegaacademy.net/prweb/api/CodeIntelligence/v1/rules/query?pxObjClass=Rule-HTML-Section&appliesTo=Rule-HTML-Fragment&pyRuleName=pzRuleFormLayoutDelegated&RequestClass=Rule-HTML-Section&RequestAppliesTo=Rule-HTML-Fragment&RequestRuleName=pzRuleFormLayoutDelegated Payload: "{\"RequestClass\":\"Rule-HTML-Section\",\"RequestAppliesTo\":\"Rule-HTML-Fragment\",\"RequestRuleName\":\"pzRuleFormLayoutDelegated\"}" => HTTP 200 (70998 bytes)
[PegaHttpClient] 📡 POST https://zdk8budo.pegaacademy.net/prweb/api/CodeIntelligence/v1/rules/query?pxObjClass=Rule-HTML-Section&appliesTo=Rule-HTML-Fragment&pyRuleName=RuleFormLayout&RequestClass=Rule-HTML-Section&RequestAppliesTo=Rule-HTML-Fragment&RequestRuleName=RuleFormLayout Payload: "{\"RequestClass\":\"Rule-HTML-Section\",\"RequestAppliesTo\":\"Rule-HTML-Fragment\",\"RequestRuleName\":\"RuleFormLayout\"}" => HTTP 200 (66965 bytes)
[PegaHttpClient] 📡 POST https://zdk8budo.pegaacademy.net/prweb/api/CodeIntelligence/v1/rules/query?pxObjClass=Rule-HTML-Section&appliesTo=Rule-HTML-Fragment&pyRuleName=RuleFormSettings&RequestClass=Rule-HTML-Section&RequestAppliesTo=Rule-HTML-Fragment&RequestRuleName=RuleFormSettings Payload: "{\"RequestClass\":\"Rule-HTML-Section\",\"RequestAppliesTo\":\"Rule-HTML-Fragment\",\"RequestRuleName\":\"RuleFormSettings\"}" => HTTP 200 (20540 bytes)
[PegaHttpClient] 📡 POST https://zdk8budo.pegaacademy.net/prweb/api/CodeIntelligence/v1/rules/query?pxObjClass=Rule-HTML-Section&appliesTo=Rule-HTML-Fragment&pyRuleName=OpenAuthoring&RequestClass=Rule-HTML-Section&RequestAppliesTo=Rule-HTML-Fragment&RequestRuleName=OpenAuthoring Payload: "{\"RequestClass\":\"Rule-HTML-Section\",\"RequestAppliesTo\":\"Rule-HTML-Fragment\",\"RequestRuleName\":\"OpenAuthoring\"}" => HTTP 200 (23695 bytes)
[PegaHttpClient] 📡 POST https://zdk8budo.pegaacademy.net/prweb/api/CodeIntelligence/v1/rules/query?pxObjClass=Rule-HTML-Section&appliesTo=Rule-HTML-Fragment&pyRuleName=pyCustomHelp&RequestClass=Rule-HTML-Section&RequestAppliesTo=Rule-HTML-Fragment&RequestRuleName=pyCustomHelp Payload: "{\"RequestClass\":\"Rule-HTML-Section\",\"RequestAppliesTo\":\"Rule-HTML-Fragment\",\"RequestRuleName\":\"pyCustomHelp\"}" => HTTP 200 (17256 bytes)
[PegaHttpClient] 📡 POST https://zdk8budo.pegaacademy.net/prweb/api/CodeIntelligence/v1/rules/query?pxObjClass=Rule-HTML-Section&appliesTo=Rule-HTML-Fragment&pyRuleName=pzRuleformMainInclude&RequestClass=Rule-HTML-Section&RequestAppliesTo=Rule-HTML-Fragment&RequestRuleName=pzRuleformMainInclude Payload: "{\"RequestClass\":\"Rule-HTML-Section\",\"RequestAppliesTo\":\"Rule-HTML-Fragment\",\"RequestRuleName\":\"pzRuleformMainInclude\"}" => HTTP 200 (22375 bytes)
[PegaHttpClient] 📡 POST https://zdk8budo.pegaacademy.net/prweb/api/CodeIntelligence/v1/rules/query?pxObjClass=Rule-HTML-Section&appliesTo=Rule-HTML-Fragment&pyRuleName=pyAlternativeRuleFormStrategicAppExtension&RequestClass=Rule-HTML-Section&RequestAppliesTo=Rule-HTML-Fragment&RequestRuleName=pyAlternativeRuleFormStrategicAppExtension Payload: "{\"RequestClass\":\"Rule-HTML-Section\",\"RequestAppliesTo\":\"Rule-HTML-Fragment\",\"RequestRuleName\":\"pyAlternativeRuleFormStrategicAppExtension\"}" => HTTP 200 (25042 bytes)
[PegaHttpClient] 📡 POST https://zdk8budo.pegaacademy.net/prweb/api/CodeIntelligence/v1/rules/query?pxObjClass=Rule-HTML-Section&appliesTo=Rule-HTML-Fragment&pyRuleName=pyAlternativeRuleFormExtension&RequestClass=Rule-HTML-Section&RequestAppliesTo=Rule-HTML-Fragment&RequestRuleName=pyAlternativeRuleFormExtension Payload: "{\"RequestClass\":\"Rule-HTML-Section\",\"RequestAppliesTo\":\"Rule-HTML-Fragment\",\"RequestRuleName\":\"pyAlternativeRuleFormExtension\"}" => HTTP 200 (24863 bytes)
[PegaHttpClient] 📡 POST https://zdk8budo.pegaacademy.net/prweb/api/CodeIntelligence/v1/rules/query?pxObjClass=Rule-HTML-Section&appliesTo=Rule-HTML-Fragment&pyRuleName=RuleFormHeader&RequestClass=Rule-HTML-Section&RequestAppliesTo=Rule-HTML-Fragment&RequestRuleName=RuleFormHeader Payload: "{\"RequestClass\":\"Rule-HTML-Section\",\"RequestAppliesTo\":\"Rule-HTML-Fragment\",\"RequestRuleName\":\"RuleFormHeader\"}" => HTTP 200 (183800 bytes)
[PegaHttpClient] 📡 POST https://zdk8budo.pegaacademy.net/prweb/api/CodeIntelligence/v1/rules/query?pxObjClass=Rule-HTML-Section&appliesTo=Rule-HTML-Fragment&pyRuleName=pzDelegationExperience&RequestClass=Rule-HTML-Section&RequestAppliesTo=Rule-HTML-Fragment&RequestRuleName=pzDelegationExperience Payload: "{\"RequestClass\":\"Rule-HTML-Section\",\"RequestAppliesTo\":\"Rule-HTML-Fragment\",\"RequestRuleName\":\"pzDelegationExperience\"}" => HTTP 404 (118 bytes)
[PegaHttpClient] 📡 POST https://zdk8budo.pegaacademy.net/prweb/PRRestService/CodeIntelligence/v1/rules/query?pxObjClass=Rule-HTML-Section&appliesTo=Rule-HTML-Fragment&pyRuleName=pzDelegationExperience&RequestClass=Rule-HTML-Section&RequestAppliesTo=Rule-HTML-Fragment&RequestRuleName=pzDelegationExperience Payload: "{\"RequestClass\":\"Rule-HTML-Section\",\"RequestAppliesTo\":\"Rule-HTML-Fragment\",\"RequestRuleName\":\"pzDelegationExperience\"}" => HTTP 404 (118 bytes)
[PegaHttpClient] 📡 POST https://zdk8budo.pegaacademy.net/prweb/api/HRAppsV2Service/V1/rules/query?pxObjClass=Rule-HTML-Section&appliesTo=Rule-HTML-Fragment&pyRuleName=pzDelegationExperience&RequestClass=Rule-HTML-Section&RequestAppliesTo=Rule-HTML-Fragment&RequestRuleName=pzDelegationExperience Payload: "{\"RequestClass\":\"Rule-HTML-Section\",\"RequestAppliesTo\":\"Rule-HTML-Fragment\",\"RequestRuleName\":\"pzDelegationExperience\"}" => HTTP 404 (18 bytes)
[PegaHttpClient] 📡 POST https://zdk8budo.pegaacademy.net/prweb/PRRestService/HRAppsV2Service/V1/rules/query?pxObjClass=Rule-HTML-Section&appliesTo=Rule-HTML-Fragment&pyRuleName=pzDelegationExperience&RequestClass=Rule-HTML-Section&RequestAppliesTo=Rule-HTML-Fragment&RequestRuleName=pzDelegationExperience Payload: "{\"RequestClass\":\"Rule-HTML-Section\",\"RequestAppliesTo\":\"Rule-HTML-Fragment\",\"RequestRuleName\":\"pzDelegationExperience\"}" => HTTP 404 (18 bytes)
[PegaHttpClient] 📡 POST https://zdk8budo.pegaacademy.net/prweb/api/HRAppsV2/V1/rules/query?pxObjClass=Rule-HTML-Section&appliesTo=Rule-HTML-Fragment&pyRuleName=pzDelegationExperience&RequestClass=Rule-HTML-Section&RequestAppliesTo=Rule-HTML-Fragment&RequestRuleName=pzDelegationExperience Payload: "{\"RequestClass\":\"Rule-HTML-Section\",\"RequestAppliesTo\":\"Rule-HTML-Fragment\",\"RequestRuleName\":\"pzDelegationExperience\"}" => HTTP 404 (18 bytes)
[PegaHttpClient] 📡 POST https://zdk8budo.pegaacademy.net/prweb/PRRestService/HRAppsV2/V1/rules/query?pxObjClass=Rule-HTML-Section&appliesTo=Rule-HTML-Fragment&pyRuleName=pzDelegationExperience&RequestClass=Rule-HTML-Section&RequestAppliesTo=Rule-HTML-Fragment&RequestRuleName=pzDelegationExperience Payload: "{\"RequestClass\":\"Rule-HTML-Section\",\"RequestAppliesTo\":\"Rule-HTML-Fragment\",\"RequestRuleName\":\"pzDelegationExperience\"}" => HTTP 404 (18 bytes)
[PegaHttpClient] 📡 POST https://zdk8budo.pegaacademy.net/prweb/api/v1/rules/query?pxObjClass=Rule-HTML-Section&appliesTo=Rule-HTML-Fragment&pyRuleName=pzDelegationExperience&RequestClass=Rule-HTML-Section&RequestAppliesTo=Rule-HTML-Fragment&RequestRuleName=pzDelegationExperience Payload: "{\"RequestClass\":\"Rule-HTML-Section\",\"RequestAppliesTo\":\"Rule-HTML-Fragment\",\"RequestRuleName\":\"pzDelegationExperience\"}" => HTTP 404 (18 bytes)
[PegaHttpClient] 📡 POST https://zdk8budo.pegaacademy.net/prweb/PRRestService/v1/rules/query?pxObjClass=Rule-HTML-Section&appliesTo=Rule-HTML-Fragment&pyRuleName=pzDelegationExperience&RequestClass=Rule-HTML-Section&RequestAppliesTo=Rule-HTML-Fragment&RequestRuleName=pzDelegationExperience Payload: "{\"RequestClass\":\"Rule-HTML-Section\",\"RequestAppliesTo\":\"Rule-HTML-Fragment\",\"RequestRuleName\":\"pzDelegationExperience\"}" => HTTP 404 (18 bytes)
[PegaHttpClient] 📡 POST https://zdk8budo.pegaacademy.net/prweb/api/CodeIntelligence/v1/rules/query?pxObjClass=Rule-HTML-Section&appliesTo=Rule-HTML-Fragment&pyRuleName=pzHTML&RequestClass=Rule-HTML-Section&RequestAppliesTo=Rule-HTML-Fragment&RequestRuleName=pzHTML Payload: "{\"RequestClass\":\"Rule-HTML-Section\",\"RequestAppliesTo\":\"Rule-HTML-Fragment\",\"RequestRuleName\":\"pzHTML\"}" => HTTP 200 (87175 bytes)
[PegaHttpClient] 📡 POST https://zdk8budo.pegaacademy.net/prweb/api/CodeIntelligence/v1/rules/query?pxObjClass=Rule-HTML-Section&appliesTo=Rule-HTML-Fragment&pyRuleName=pzPagesAndClasses&RequestClass=Rule-HTML-Section&RequestAppliesTo=Rule-HTML-Fragment&RequestRuleName=pzPagesAndClasses Payload: "{\"RequestClass\":\"Rule-HTML-Section\",\"RequestAppliesTo\":\"Rule-HTML-Fragment\",\"RequestRuleName\":\"pzPagesAndClasses\"}" => HTTP 200 (62351 bytes)
[PegaHttpClient] 📡 POST https://zdk8budo.pegaacademy.net/prweb/api/CodeIntelligence/v1/rules/query?pxObjClass=Rule-HTML-Section&appliesTo=Rule-HTML-Fragment&pyRuleName=pzSpecifications&RequestClass=Rule-HTML-Section&RequestAppliesTo=Rule-HTML-Fragment&RequestRuleName=pzSpecifications Payload: "{\"RequestClass\":\"Rule-HTML-Section\",\"RequestAppliesTo\":\"Rule-HTML-Fragment\",\"RequestRuleName\":\"pzSpecifications\"}" => HTTP 200 (16577 bytes)
[PegaHttpClient] 📡 POST https://zdk8budo.pegaacademy.net/prweb/api/CodeIntelligence/v1/rules/query?pxObjClass=Rule-HTML-Section&appliesTo=Rule-HTML-Fragment&pyRuleName=RuleFormHistory&RequestClass=Rule-HTML-Section&RequestAppliesTo=Rule-HTML-Fragment&RequestRuleName=RuleFormHistory Payload: "{\"RequestClass\":\"Rule-HTML-Section\",\"RequestAppliesTo\":\"Rule-HTML-Fragment\",\"RequestRuleName\":\"RuleFormHistory\"}" => HTTP 200 (76091 bytes)
[PegaHttpClient] 📡 POST https://zdk8budo.pegaacademy.net/prweb/api/CodeIntelligence/v1/rules/query?pxObjClass=Rule-HTML-Section&appliesTo=Rule-HTML-Fragment&pyRuleName=pzCustomHelp&RequestClass=Rule-HTML-Section&RequestAppliesTo=Rule-HTML-Fragment&RequestRuleName=pzCustomHelp Payload: "{\"RequestClass\":\"Rule-HTML-Section\",\"RequestAppliesTo\":\"Rule-HTML-Fragment\",\"RequestRuleName\":\"pzCustomHelp\"}" => HTTP 200 (31573 bytes)
[PegaHttpClient] 📡 POST https://zdk8budo.pegaacademy.net/prweb/api/CodeIntelligence/v1/rules/query?pxObjClass=Rule-HTML-Section&appliesTo=Rule-HTML-Fragment&pyRuleName=pzRuleFormKeysAndDescription&RequestClass=Rule-HTML-Section&RequestAppliesTo=Rule-HTML-Fragment&RequestRuleName=pzRuleFormKeysAndDescription Payload: "{\"RequestClass\":\"Rule-HTML-Section\",\"RequestAppliesTo\":\"Rule-HTML-Fragment\",\"RequestRuleName\":\"pzRuleFormKeysAndDescription\"}" => HTTP 200 (218057 bytes)
[PegaHttpClient] 📡 POST https://zdk8budo.pegaacademy.net/prweb/api/CodeIntelligence/v1/rules/query?pxObjClass=Rule-HTML-Section&appliesTo=Rule-HTML-Fragment&pyRuleName=pzRuleFormRuleset&RequestClass=Rule-HTML-Section&RequestAppliesTo=Rule-HTML-Fragment&RequestRuleName=pzRuleFormRuleset Payload: "{\"RequestClass\":\"Rule-HTML-Section\",\"RequestAppliesTo\":\"Rule-HTML-Fragment\",\"RequestRuleName\":\"pzRuleFormRuleset\"}" => HTTP 200 (33985 bytes)
[PegaHttpClient] 📡 POST https://zdk8budo.pegaacademy.net/prweb/api/CodeIntelligence/v1/rules/query?pxObjClass=Rule-HTML-Section&appliesTo=Rule-HTML-Fragment&pyRuleName=undefined&RequestClass=Rule-HTML-Section&RequestAppliesTo=Rule-HTML-Fragment&RequestRuleName=undefined Payload: "{\"RequestClass\":\"Rule-HTML-Section\",\"RequestAppliesTo\":\"Rule-HTML-Fragment\",\"RequestRuleName\":\"undefined\"}" => HTTP 404 (105 bytes)
[PegaHttpClient] 📡 POST https://zdk8budo.pegaacademy.net/prweb/PRRestService/CodeIntelligence/v1/rules/query?pxObjClass=Rule-HTML-Section&appliesTo=Rule-HTML-Fragment&pyRuleName=undefined&RequestClass=Rule-HTML-Section&RequestAppliesTo=Rule-HTML-Fragment&RequestRuleName=undefined Payload: "{\"RequestClass\":\"Rule-HTML-Section\",\"RequestAppliesTo\":\"Rule-HTML-Fragment\",\"RequestRuleName\":\"undefined\"}" => HTTP 404 (105 bytes)
[PegaHttpClient] 📡 POST https://zdk8budo.pegaacademy.net/prweb/api/HRAppsV2Service/V1/rules/query?pxObjClass=Rule-HTML-Section&appliesTo=Rule-HTML-Fragment&pyRuleName=undefined&RequestClass=Rule-HTML-Section&RequestAppliesTo=Rule-HTML-Fragment&RequestRuleName=undefined Payload: "{\"RequestClass\":\"Rule-HTML-Section\",\"RequestAppliesTo\":\"Rule-HTML-Fragment\",\"RequestRuleName\":\"undefined\"}" => HTTP 404 (18 bytes)
[PegaHttpClient] 📡 POST https://zdk8budo.pegaacademy.net/prweb/PRRestService/HRAppsV2Service/V1/rules/query?pxObjClass=Rule-HTML-Section&appliesTo=Rule-HTML-Fragment&pyRuleName=undefined&RequestClass=Rule-HTML-Section&RequestAppliesTo=Rule-HTML-Fragment&RequestRuleName=undefined Payload: "{\"RequestClass\":\"Rule-HTML-Section\",\"RequestAppliesTo\":\"Rule-HTML-Fragment\",\"RequestRuleName\":\"undefined\"}" => HTTP 404 (18 bytes)
[PegaHttpClient] 📡 POST https://zdk8budo.pegaacademy.net/prweb/api/HRAppsV2/V1/rules/query?pxObjClass=Rule-HTML-Section&appliesTo=Rule-HTML-Fragment&pyRuleName=undefined&RequestClass=Rule-HTML-Section&RequestAppliesTo=Rule-HTML-Fragment&RequestRuleName=undefined Payload: "{\"RequestClass\":\"Rule-HTML-Section\",\"RequestAppliesTo\":\"Rule-HTML-Fragment\",\"RequestRuleName\":\"undefined\"}" => HTTP 404 (18 bytes)
[PegaHttpClient] 📡 POST https://zdk8budo.pegaacademy.net/prweb/PRRestService/HRAppsV2/V1/rules/query?pxObjClass=Rule-HTML-Section&appliesTo=Rule-HTML-Fragment&pyRuleName=undefined&RequestClass=Rule-HTML-Section&RequestAppliesTo=Rule-HTML-Fragment&RequestRuleName=undefined Payload: "{\"RequestClass\":\"Rule-HTML-Section\",\"RequestAppliesTo\":\"Rule-HTML-Fragment\",\"RequestRuleName\":\"undefined\"}" => HTTP 404 (18 bytes)
[PegaHttpClient] 📡 POST https://zdk8budo.pegaacademy.net/prweb/api/v1/rules/query?pxObjClass=Rule-HTML-Section&appliesTo=Rule-HTML-Fragment&pyRuleName=undefined&RequestClass=Rule-HTML-Section&RequestAppliesTo=Rule-HTML-Fragment&RequestRuleName=undefined Payload: "{\"RequestClass\":\"Rule-HTML-Section\",\"RequestAppliesTo\":\"Rule-HTML-Fragment\",\"RequestRuleName\":\"undefined\"}" => HTTP 404 (18 bytes)
[PegaHttpClient] 📡 POST https://zdk8budo.pegaacademy.net/prweb/PRRestService/v1/rules/query?pxObjClass=Rule-HTML-Section&appliesTo=Rule-HTML-Fragment&pyRuleName=undefined&RequestClass=Rule-HTML-Section&RequestAppliesTo=Rule-HTML-Fragment&RequestRuleName=undefined Payload: "{\"RequestClass\":\"Rule-HTML-Section\",\"RequestAppliesTo\":\"Rule-HTML-Fragment\",\"RequestRuleName\":\"undefined\"}" => HTTP 404 (18 bytes)
[PegaHttpClient] 📡 POST https://zdk8budo.pegaacademy.net/prweb/api/CodeIntelligence/v1/rules/query?pxObjClass=Rule-HTML-Section&appliesTo=Rule-HTML-Fragment&pyRuleName=pzRuleFormToolbar&RequestClass=Rule-HTML-Section&RequestAppliesTo=Rule-HTML-Fragment&RequestRuleName=pzRuleFormToolbar Payload: "{\"RequestClass\":\"Rule-HTML-Section\",\"RequestAppliesTo\":\"Rule-HTML-Fragment\",\"RequestRuleName\":\"pzRuleFormToolbar\"}" => HTTP 200 (242691 bytes)
[PegaHttpClient] 📡 POST https://zdk8budo.pegaacademy.net/prweb/api/CodeIntelligence/v1/rules/query?pxObjClass=Rule-HTML-Section&appliesTo=Rule-HTML-Fragment&pyRuleName=pzRuleFormToolbarCompare&RequestClass=Rule-HTML-Section&RequestAppliesTo=Rule-HTML-Fragment&RequestRuleName=pzRuleFormToolbarCompare Payload: "{\"RequestClass\":\"Rule-HTML-Section\",\"RequestAppliesTo\":\"Rule-HTML-Fragment\",\"RequestRuleName\":\"pzRuleFormToolbarCompare\"}" => HTTP 200 (61925 bytes)
[PegaHttpClient] 📡 POST https://zdk8budo.pegaacademy.net/prweb/api/CodeIntelligence/v1/rules/query?pxObjClass=Rule-HTML-Section&appliesTo=Rule-HTML-Fragment&pyRuleName=RuleFormHeaderMessages&RequestClass=Rule-HTML-Section&RequestAppliesTo=Rule-HTML-Fragment&RequestRuleName=RuleFormHeaderMessages Payload: "{\"RequestClass\":\"Rule-HTML-Section\",\"RequestAppliesTo\":\"Rule-HTML-Fragment\",\"RequestRuleName\":\"RuleFormHeaderMessages\"}" => HTTP 200 (26518 bytes)
[PegaHttpClient] 📡 POST https://zdk8budo.pegaacademy.net/prweb/api/CodeIntelligence/v1/rules/query?pxObjClass=Rule-HTML-Section&appliesTo=Rule-HTML-Fragment&pyRuleName=pzSpecificationsInner&RequestClass=Rule-HTML-Section&RequestAppliesTo=Rule-HTML-Fragment&RequestRuleName=pzSpecificationsInner Payload: "{\"RequestClass\":\"Rule-HTML-Section\",\"RequestAppliesTo\":\"Rule-HTML-Fragment\",\"RequestRuleName\":\"pzSpecificationsInner\"}" => HTTP 200 (142370 bytes)
[PegaHttpClient] 📡 POST https://zdk8budo.pegaacademy.net/prweb/api/CodeIntelligence/v1/rules/query?pxObjClass=Rule-HTML-Section&appliesTo=Rule-HTML-Fragment&pyRuleName=pzAlternateRuleInfo&RequestClass=Rule-HTML-Section&RequestAppliesTo=Rule-HTML-Fragment&RequestRuleName=pzAlternateRuleInfo Payload: "{\"RequestClass\":\"Rule-HTML-Section\",\"RequestAppliesTo\":\"Rule-HTML-Fragment\",\"RequestRuleName\":\"pzAlternateRuleInfo\"}" => HTTP 200 (140407 bytes)
[PegaHttpClient] 📡 POST https://zdk8budo.pegaacademy.net/prweb/api/CodeIntelligence/v1/rules/query?pxObjClass=Rule-HTML-Section&appliesTo=Rule-HTML-Fragment&pyRuleName=RuleFormHistory_Description&RequestClass=Rule-HTML-Section&RequestAppliesTo=Rule-HTML-Fragment&RequestRuleName=RuleFormHistory_Description Payload: "{\"RequestClass\":\"Rule-HTML-Section\",\"RequestAppliesTo\":\"Rule-HTML-Fragment\",\"RequestRuleName\":\"RuleFormHistory_Description\"}" => HTTP 200 (46242 bytes)
[PegaHttpClient] 📡 POST https://zdk8budo.pegaacademy.net/prweb/api/CodeIntelligence/v1/rules/query?pxObjClass=Rule-HTML-Section&appliesTo=Rule-HTML-Fragment&pyRuleName=RuleFormHistory_CustomFields&RequestClass=Rule-HTML-Section&RequestAppliesTo=Rule-HTML-Fragment&RequestRuleName=RuleFormHistory_CustomFields Payload: "{\"RequestClass\":\"Rule-HTML-Section\",\"RequestAppliesTo\":\"Rule-HTML-Fragment\",\"RequestRuleName\":\"RuleFormHistory_CustomFields\"}" => HTTP 200 (75856 bytes)
[PegaHttpClient] 📡 POST https://zdk8budo.pegaacademy.net/prweb/api/CodeIntelligence/v1/rules/query?pxObjClass=Rule-HTML-Section&appliesTo=Rule-HTML-Fragment&pyRuleName=RuleFormHistory_HistoryDetails&RequestClass=Rule-HTML-Section&RequestAppliesTo=Rule-HTML-Fragment&RequestRuleName=RuleFormHistory_HistoryDetails Payload: "{\"RequestClass\":\"Rule-HTML-Section\",\"RequestAppliesTo\":\"Rule-HTML-Fragment\",\"RequestRuleName\":\"RuleFormHistory_HistoryDetails\"}" => HTTP 200 (179535 bytes)
[PegaHttpClient] 📡 POST https://zdk8budo.pegaacademy.net/prweb/api/CodeIntelligence/v1/rules/query?pxObjClass=Rule-HTML-Section&appliesTo=Rule-HTML-Fragment&pyRuleName=pzRuleFormStatus&RequestClass=Rule-HTML-Section&RequestAppliesTo=Rule-HTML-Fragment&RequestRuleName=pzRuleFormStatus Payload: "{\"RequestClass\":\"Rule-HTML-Section\",\"RequestAppliesTo\":\"Rule-HTML-Fragment\",\"RequestRuleName\":\"pzRuleFormStatus\"}" => HTTP 200 (97627 bytes)
[PegaHttpClient] 📡 POST https://zdk8budo.pegaacademy.net/prweb/api/CodeIntelligence/v1/rules/query?pxObjClass=Rule-HTML-Section&appliesTo=Rule-HTML-Fragment&pyRuleName=pzRuleFormHeaderCompareWithDropDown&RequestClass=Rule-HTML-Section&RequestAppliesTo=Rule-HTML-Fragment&RequestRuleName=pzRuleFormHeaderCompareWithDropDown Payload: "{\"RequestClass\":\"Rule-HTML-Section\",\"RequestAppliesTo\":\"Rule-HTML-Fragment\",\"RequestRuleName\":\"pzRuleFormHeaderCompareWithDropDown\"}" => HTTP 200 (25396 bytes)
[PegaHttpClient] 📡 POST https://zdk8budo.pegaacademy.net/prweb/api/CodeIntelligence/v1/rules/query?pxObjClass=Rule-HTML-Section&appliesTo=Rule-HTML-Fragment&pyRuleName=undefined&RequestClass=Rule-HTML-Section&RequestAppliesTo=Rule-HTML-Fragment&RequestRuleName=undefined Payload: "{\"RequestClass\":\"Rule-HTML-Section\",\"RequestAppliesTo\":\"Rule-HTML-Fragment\",\"RequestRuleName\":\"undefined\"}" => HTTP 404 (105 bytes)
[PegaHttpClient] 📡 POST https://zdk8budo.pegaacademy.net/prweb/PRRestService/CodeIntelligence/v1/rules/query?pxObjClass=Rule-HTML-Section&appliesTo=Rule-HTML-Fragment&pyRuleName=undefined&RequestClass=Rule-HTML-Section&RequestAppliesTo=Rule-HTML-Fragment&RequestRuleName=undefined Payload: "{\"RequestClass\":\"Rule-HTML-Section\",\"RequestAppliesTo\":\"Rule-HTML-Fragment\",\"RequestRuleName\":\"undefined\"}" => HTTP 404 (105 bytes)
[PegaHttpClient] 📡 POST https://zdk8budo.pegaacademy.net/prweb/api/HRAppsV2Service/V1/rules/query?pxObjClass=Rule-HTML-Section&appliesTo=Rule-HTML-Fragment&pyRuleName=undefined&RequestClass=Rule-HTML-Section&RequestAppliesTo=Rule-HTML-Fragment&RequestRuleName=undefined Payload: "{\"RequestClass\":\"Rule-HTML-Section\",\"RequestAppliesTo\":\"Rule-HTML-Fragment\",\"RequestRuleName\":\"undefined\"}" => HTTP 404 (18 bytes)
[PegaHttpClient] 📡 POST https://zdk8budo.pegaacademy.net/prweb/PRRestService/HRAppsV2Service/V1/rules/query?pxObjClass=Rule-HTML-Section&appliesTo=Rule-HTML-Fragment&pyRuleName=undefined&RequestClass=Rule-HTML-Section&RequestAppliesTo=Rule-HTML-Fragment&RequestRuleName=undefined Payload: "{\"RequestClass\":\"Rule-HTML-Section\",\"RequestAppliesTo\":\"Rule-HTML-Fragment\",\"RequestRuleName\":\"undefined\"}" => HTTP 404 (18 bytes)
[PegaHttpClient] 📡 POST https://zdk8budo.pegaacademy.net/prweb/api/HRAppsV2/V1/rules/query?pxObjClass=Rule-HTML-Section&appliesTo=Rule-HTML-Fragment&pyRuleName=undefined&RequestClass=Rule-HTML-Section&RequestAppliesTo=Rule-HTML-Fragment&RequestRuleName=undefined Payload: "{\"RequestClass\":\"Rule-HTML-Section\",\"RequestAppliesTo\":\"Rule-HTML-Fragment\",\"RequestRuleName\":\"undefined\"}" => HTTP 404 (18 bytes)
[PegaHttpClient] 📡 POST https://zdk8budo.pegaacademy.net/prweb/PRRestService/HRAppsV2/V1/rules/query?pxObjClass=Rule-HTML-Section&appliesTo=Rule-HTML-Fragment&pyRuleName=undefined&RequestClass=Rule-HTML-Section&RequestAppliesTo=Rule-HTML-Fragment&RequestRuleName=undefined Payload: "{\"RequestClass\":\"Rule-HTML-Section\",\"RequestAppliesTo\":\"Rule-HTML-Fragment\",\"RequestRuleName\":\"undefined\"}" => HTTP 404 (18 bytes)
[PegaHttpClient] 📡 POST https://zdk8budo.pegaacademy.net/prweb/api/v1/rules/query?pxObjClass=Rule-HTML-Section&appliesTo=Rule-HTML-Fragment&pyRuleName=undefined&RequestClass=Rule-HTML-Section&RequestAppliesTo=Rule-HTML-Fragment&RequestRuleName=undefined Payload: "{\"RequestClass\":\"Rule-HTML-Section\",\"RequestAppliesTo\":\"Rule-HTML-Fragment\",\"RequestRuleName\":\"undefined\"}" => HTTP 404 (18 bytes)
[PegaHttpClient] 📡 POST https://zdk8budo.pegaacademy.net/prweb/PRRestService/v1/rules/query?pxObjClass=Rule-HTML-Section&appliesTo=Rule-HTML-Fragment&pyRuleName=undefined&RequestClass=Rule-HTML-Section&RequestAppliesTo=Rule-HTML-Fragment&RequestRuleName=undefined Payload: "{\"RequestClass\":\"Rule-HTML-Section\",\"RequestAppliesTo\":\"Rule-HTML-Fragment\",\"RequestRuleName\":\"undefined\"}" => HTTP 404 (18 bytes)
[PegaHttpClient] 📡 POST https://zdk8budo.pegaacademy.net/prweb/api/CodeIntelligence/v1/rules/query?pxObjClass=Rule-HTML-Section&appliesTo=Rule-HTML-Fragment&pyRuleName=pzRuleFormToolbarHotKeys&RequestClass=Rule-HTML-Section&RequestAppliesTo=Rule-HTML-Fragment&RequestRuleName=pzRuleFormToolbarHotKeys Payload: "{\"RequestClass\":\"Rule-HTML-Section\",\"RequestAppliesTo\":\"Rule-HTML-Fragment\",\"RequestRuleName\":\"pzRuleFormToolbarHotKeys\"}" => HTTP 200 (85058 bytes)
[PegaHttpClient] 📡 POST https://zdk8budo.pegaacademy.net/prweb/api/CodeIntelligence/v1/rules/query?pxObjClass=Rule-HTML-Section&appliesTo=Rule-HTML-Fragment&pyRuleName=pzRuleFormToolbarLockedIcon&RequestClass=Rule-HTML-Section&RequestAppliesTo=Rule-HTML-Fragment&RequestRuleName=pzRuleFormToolbarLockedIcon Payload: "{\"RequestClass\":\"Rule-HTML-Section\",\"RequestAppliesTo\":\"Rule-HTML-Fragment\",\"RequestRuleName\":\"pzRuleFormToolbarLockedIcon\"}" => HTTP 200 (24898 bytes)
[PegaHttpClient] 📡 POST https://zdk8budo.pegaacademy.net/prweb/api/CodeIntelligence/v1/rules/query?pxObjClass=Rule-HTML-Section&appliesTo=Rule-HTML-Fragment&pyRuleName=pzRuleFormToolbarCollaborators&RequestClass=Rule-HTML-Section&RequestAppliesTo=Rule-HTML-Fragment&RequestRuleName=pzRuleFormToolbarCollaborators Payload: "{\"RequestClass\":\"Rule-HTML-Section\",\"RequestAppliesTo\":\"Rule-HTML-Fragment\",\"RequestRuleName\":\"pzRuleFormToolbarCollaborators\"}" => HTTP 200 (15254 bytes)
[PegaHttpClient] 📡 POST https://zdk8budo.pegaacademy.net/prweb/api/CodeIntelligence/v1/rules/query?pxObjClass=Rule-HTML-Section&appliesTo=Rule-HTML-Fragment&pyRuleName=pzRuleFormToolbarSaveAs&RequestClass=Rule-HTML-Section&RequestAppliesTo=Rule-HTML-Fragment&RequestRuleName=pzRuleFormToolbarSaveAs Payload: "{\"RequestClass\":\"Rule-HTML-Section\",\"RequestAppliesTo\":\"Rule-HTML-Fragment\",\"RequestRuleName\":\"pzRuleFormToolbarSaveAs\"}" => HTTP 200 (64084 bytes)
[PegaHttpClient] 📡 POST https://zdk8budo.pegaacademy.net/prweb/api/CodeIntelligence/v1/rules/query?pxObjClass=Rule-HTML-Section&appliesTo=Rule-HTML-Fragment&pyRuleName=pzRuleFormToolbarCheckin&RequestClass=Rule-HTML-Section&RequestAppliesTo=Rule-HTML-Fragment&RequestRuleName=pzRuleFormToolbarCheckin Payload: "{\"RequestClass\":\"Rule-HTML-Section\",\"RequestAppliesTo\":\"Rule-HTML-Fragment\",\"RequestRuleName\":\"pzRuleFormToolbarCheckin\"}" => HTTP 200 (119096 bytes)
[PegaHttpClient] 📡 POST https://zdk8budo.pegaacademy.net/prweb/api/CodeIntelligence/v1/rules/query?pxObjClass=Rule-HTML-Section&appliesTo=Rule-HTML-Fragment&pyRuleName=pzRuleFormToolbarDelete&RequestClass=Rule-HTML-Section&RequestAppliesTo=Rule-HTML-Fragment&RequestRuleName=pzRuleFormToolbarDelete Payload: "{\"RequestClass\":\"Rule-HTML-Section\",\"RequestAppliesTo\":\"Rule-HTML-Fragment\",\"RequestRuleName\":\"pzRuleFormToolbarDelete\"}" => HTTP 200 (30249 bytes)
[PegaHttpClient] 📡 POST https://zdk8budo.pegaacademy.net/prweb/api/CodeIntelligence/v1/rules/query?pxObjClass=Rule-HTML-Section&appliesTo=Rule-HTML-Fragment&pyRuleName=pzRuleFormToolbarSave&RequestClass=Rule-HTML-Section&RequestAppliesTo=Rule-HTML-Fragment&RequestRuleName=pzRuleFormToolbarSave Payload: "{\"RequestClass\":\"Rule-HTML-Section\",\"RequestAppliesTo\":\"Rule-HTML-Fragment\",\"RequestRuleName\":\"pzRuleFormToolbarSave\"}" => HTTP 200 (293885 bytes)
[PegaHttpClient] 📡 POST https://zdk8budo.pegaacademy.net/prweb/api/CodeIntelligence/v1/rules/query?pxObjClass=Rule-HTML-Section&appliesTo=Rule-HTML-Fragment&pyRuleName=pzRuleFormToolbarCheckout&RequestClass=Rule-HTML-Section&RequestAppliesTo=Rule-HTML-Fragment&RequestRuleName=pzRuleFormToolbarCheckout Payload: "{\"RequestClass\":\"Rule-HTML-Section\",\"RequestAppliesTo\":\"Rule-HTML-Fragment\",\"RequestRuleName\":\"pzRuleFormToolbarCheckout\"}" => HTTP 200 (238148 bytes)
[PegaHttpClient] 📡 POST https://zdk8budo.pegaacademy.net/prweb/api/CodeIntelligence/v1/rules/query?pxObjClass=Rule-HTML-Section&appliesTo=Rule-HTML-Fragment&pyRuleName=pzRemoveErrorsDataPage&RequestClass=Rule-HTML-Section&RequestAppliesTo=Rule-HTML-Fragment&RequestRuleName=pzRemoveErrorsDataPage Payload: "{\"RequestClass\":\"Rule-HTML-Section\",\"RequestAppliesTo\":\"Rule-HTML-Fragment\",\"RequestRuleName\":\"pzRemoveErrorsDataPage\"}" => HTTP 200 (16733 bytes)
[PegaHttpClient] 📡 POST https://zdk8budo.pegaacademy.net/prweb/api/CodeIntelligence/v1/rules/query?pxObjClass=Rule-HTML-Section&appliesTo=Rule-HTML-Fragment&pyRuleName=pzRuleFormHeaderMessagesWrapper&RequestClass=Rule-HTML-Section&RequestAppliesTo=Rule-HTML-Fragment&RequestRuleName=pzRuleFormHeaderMessagesWrapper Payload: "{\"RequestClass\":\"Rule-HTML-Section\",\"RequestAppliesTo\":\"Rule-HTML-Fragment\",\"RequestRuleName\":\"pzRuleFormHeaderMessagesWrapper\"}" => HTTP 200 (16981 bytes)
[PegaHttpClient] 📡 POST https://zdk8budo.pegaacademy.net/prweb/api/CodeIntelligence/v1/rules/query?pxObjClass=Rule-HTML-Section&appliesTo=Rule-HTML-Fragment&pyRuleName=pzSpecificationName&RequestClass=Rule-HTML-Section&RequestAppliesTo=Rule-HTML-Fragment&RequestRuleName=pzSpecificationName Payload: "{\"RequestClass\":\"Rule-HTML-Section\",\"RequestAppliesTo\":\"Rule-HTML-Fragment\",\"RequestRuleName\":\"pzSpecificationName\"}" => HTTP 404 (115 bytes)
[PegaHttpClient] 📡 POST https://zdk8budo.pegaacademy.net/prweb/PRRestService/CodeIntelligence/v1/rules/query?pxObjClass=Rule-HTML-Section&appliesTo=Rule-HTML-Fragment&pyRuleName=pzSpecificationName&RequestClass=Rule-HTML-Section&RequestAppliesTo=Rule-HTML-Fragment&RequestRuleName=pzSpecificationName Payload: "{\"RequestClass\":\"Rule-HTML-Section\",\"RequestAppliesTo\":\"Rule-HTML-Fragment\",\"RequestRuleName\":\"pzSpecificationName\"}" => HTTP 404 (115 bytes)
[PegaHttpClient] 📡 POST https://zdk8budo.pegaacademy.net/prweb/api/HRAppsV2Service/V1/rules/query?pxObjClass=Rule-HTML-Section&appliesTo=Rule-HTML-Fragment&pyRuleName=pzSpecificationName&RequestClass=Rule-HTML-Section&RequestAppliesTo=Rule-HTML-Fragment&RequestRuleName=pzSpecificationName Payload: "{\"RequestClass\":\"Rule-HTML-Section\",\"RequestAppliesTo\":\"Rule-HTML-Fragment\",\"RequestRuleName\":\"pzSpecificationName\"}" => HTTP 404 (18 bytes)
[PegaHttpClient] 📡 POST https://zdk8budo.pegaacademy.net/prweb/PRRestService/HRAppsV2Service/V1/rules/query?pxObjClass=Rule-HTML-Section&appliesTo=Rule-HTML-Fragment&pyRuleName=pzSpecificationName&RequestClass=Rule-HTML-Section&RequestAppliesTo=Rule-HTML-Fragment&RequestRuleName=pzSpecificationName Payload: "{\"RequestClass\":\"Rule-HTML-Section\",\"RequestAppliesTo\":\"Rule-HTML-Fragment\",\"RequestRuleName\":\"pzSpecificationName\"}" => HTTP 404 (18 bytes)
[PegaHttpClient] 📡 POST https://zdk8budo.pegaacademy.net/prweb/api/HRAppsV2/V1/rules/query?pxObjClass=Rule-HTML-Section&appliesTo=Rule-HTML-Fragment&pyRuleName=pzSpecificationName&RequestClass=Rule-HTML-Section&RequestAppliesTo=Rule-HTML-Fragment&RequestRuleName=pzSpecificationName Payload: "{\"RequestClass\":\"Rule-HTML-Section\",\"RequestAppliesTo\":\"Rule-HTML-Fragment\",\"RequestRuleName\":\"pzSpecificationName\"}" => HTTP 404 (18 bytes)
[PegaHttpClient] 📡 POST https://zdk8budo.pegaacademy.net/prweb/PRRestService/HRAppsV2/V1/rules/query?pxObjClass=Rule-HTML-Section&appliesTo=Rule-HTML-Fragment&pyRuleName=pzSpecificationName&RequestClass=Rule-HTML-Section&RequestAppliesTo=Rule-HTML-Fragment&RequestRuleName=pzSpecificationName Payload: "{\"RequestClass\":\"Rule-HTML-Section\",\"RequestAppliesTo\":\"Rule-HTML-Fragment\",\"RequestRuleName\":\"pzSpecificationName\"}" => HTTP 404 (18 bytes)
[PegaHttpClient] 📡 POST https://zdk8budo.pegaacademy.net/prweb/api/v1/rules/query?pxObjClass=Rule-HTML-Section&appliesTo=Rule-HTML-Fragment&pyRuleName=pzSpecificationName&RequestClass=Rule-HTML-Section&RequestAppliesTo=Rule-HTML-Fragment&RequestRuleName=pzSpecificationName Payload: "{\"RequestClass\":\"Rule-HTML-Section\",\"RequestAppliesTo\":\"Rule-HTML-Fragment\",\"RequestRuleName\":\"pzSpecificationName\"}" => HTTP 404 (18 bytes)
[PegaHttpClient] 📡 POST https://zdk8budo.pegaacademy.net/prweb/PRRestService/v1/rules/query?pxObjClass=Rule-HTML-Section&appliesTo=Rule-HTML-Fragment&pyRuleName=pzSpecificationName&RequestClass=Rule-HTML-Section&RequestAppliesTo=Rule-HTML-Fragment&RequestRuleName=pzSpecificationName Payload: "{\"RequestClass\":\"Rule-HTML-Section\",\"RequestAppliesTo\":\"Rule-HTML-Fragment\",\"RequestRuleName\":\"pzSpecificationName\"}" => HTTP 404 (18 bytes)
[PegaHttpClient] 📡 POST https://zdk8budo.pegaacademy.net/prweb/api/CodeIntelligence/v1/rules/query?pxObjClass=Rule-HTML-Section&appliesTo=Rule-HTML-Fragment&pyRuleName=pzScm_RuleHistory&RequestClass=Rule-HTML-Section&RequestAppliesTo=Rule-HTML-Fragment&RequestRuleName=pzScm_RuleHistory Payload: "{\"RequestClass\":\"Rule-HTML-Section\",\"RequestAppliesTo\":\"Rule-HTML-Fragment\",\"RequestRuleName\":\"pzScm_RuleHistory\"}" => HTTP 200 (14682 bytes)
[PegaHttpClient] 📡 POST https://zdk8budo.pegaacademy.net/prweb/api/CodeIntelligence/v1/rules/query?pxObjClass=Rule-HTML-Section&appliesTo=Rule-HTML-Fragment&pyRuleName=pxDisplayCollaborators&RequestClass=Rule-HTML-Section&RequestAppliesTo=Rule-HTML-Fragment&RequestRuleName=pxDisplayCollaborators Payload: "{\"RequestClass\":\"Rule-HTML-Section\",\"RequestAppliesTo\":\"Rule-HTML-Fragment\",\"RequestRuleName\":\"pxDisplayCollaborators\"}" => HTTP 200 (94171 bytes)
[PegaHttpClient] 📡 POST https://zdk8budo.pegaacademy.net/prweb/api/CodeIntelligence/v1/rules/query?pxObjClass=Rule-HTML-Section&appliesTo=Rule-HTML-Fragment&pyRuleName=pzRuleFormToolbarDeleteCheckOut&RequestClass=Rule-HTML-Section&RequestAppliesTo=Rule-HTML-Fragment&RequestRuleName=pzRuleFormToolbarDeleteCheckOut Payload: "{\"RequestClass\":\"Rule-HTML-Section\",\"RequestAppliesTo\":\"Rule-HTML-Fragment\",\"RequestRuleName\":\"pzRuleFormToolbarDeleteCheckOut\"}" => HTTP 200 (29433 bytes)
[PegaHttpClient] 📡 POST https://zdk8budo.pegaacademy.net/prweb/api/CodeIntelligence/v1/rules/query?pxObjClass=Rule-HTML-Section&appliesTo=Rule-HTML-Fragment&pyRuleName=pzRuleFormToolbarDeleteRule&RequestClass=Rule-HTML-Section&RequestAppliesTo=Rule-HTML-Fragment&RequestRuleName=pzRuleFormToolbarDeleteRule Payload: "{\"RequestClass\":\"Rule-HTML-Section\",\"RequestAppliesTo\":\"Rule-HTML-Fragment\",\"RequestRuleName\":\"pzRuleFormToolbarDeleteRule\"}" => HTTP 200 (32314 bytes)
[PegaHttpClient] 📡 POST https://zdk8budo.pegaacademy.net/prweb/api/CodeIntelligence/v1/rules/query?pxObjClass=Rule-HTML-Section&appliesTo=Rule-HTML-Fragment&pyRuleName=pzLoadCollaborationScripts&RequestClass=Rule-HTML-Section&RequestAppliesTo=Rule-HTML-Fragment&RequestRuleName=pzLoadCollaborationScripts Payload: "{\"RequestClass\":\"Rule-HTML-Section\",\"RequestAppliesTo\":\"Rule-HTML-Fragment\",\"RequestRuleName\":\"pzLoadCollaborationScripts\"}" => HTTP 200 (23453 bytes)
[PegaHttpClient] 📡 POST https://zdk8budo.pegaacademy.net/prweb/api/CodeIntelligence/v1/rules/query?pxObjClass=Rule-HTML-Section&appliesTo=Rule-HTML-Fragment&pyRuleName=pzDisplayCollaboratorsList&RequestClass=Rule-HTML-Section&RequestAppliesTo=Rule-HTML-Fragment&RequestRuleName=pzDisplayCollaboratorsList Payload: "{\"RequestClass\":\"Rule-HTML-Section\",\"RequestAppliesTo\":\"Rule-HTML-Fragment\",\"RequestRuleName\":\"pzDisplayCollaboratorsList\"}" => HTTP 200 (105418 bytes)
[PegaHttpClient] 📡 POST https://zdk8budo.pegaacademy.net/prweb/api/CodeIntelligence/v1/rules/query?pxObjClass=Rule-HTML-Section&appliesTo=Rule-HTML-Fragment&pyRuleName=pyCollaborator&RequestClass=Rule-HTML-Section&RequestAppliesTo=Rule-HTML-Fragment&RequestRuleName=pyCollaborator Payload: "{\"RequestClass\":\"Rule-HTML-Section\",\"RequestAppliesTo\":\"Rule-HTML-Fragment\",\"RequestRuleName\":\"pyCollaborator\"}" => HTTP 404 (110 bytes)
[PegaHttpClient] 📡 POST https://zdk8budo.pegaacademy.net/prweb/PRRestService/CodeIntelligence/v1/rules/query?pxObjClass=Rule-HTML-Section&appliesTo=Rule-HTML-Fragment&pyRuleName=pyCollaborator&RequestClass=Rule-HTML-Section&RequestAppliesTo=Rule-HTML-Fragment&RequestRuleName=pyCollaborator Payload: "{\"RequestClass\":\"Rule-HTML-Section\",\"RequestAppliesTo\":\"Rule-HTML-Fragment\",\"RequestRuleName\":\"pyCollaborator\"}" => HTTP 404 (110 bytes)
[PegaHttpClient] 📡 POST https://zdk8budo.pegaacademy.net/prweb/api/HRAppsV2Service/V1/rules/query?pxObjClass=Rule-HTML-Section&appliesTo=Rule-HTML-Fragment&pyRuleName=pyCollaborator&RequestClass=Rule-HTML-Section&RequestAppliesTo=Rule-HTML-Fragment&RequestRuleName=pyCollaborator Payload: "{\"RequestClass\":\"Rule-HTML-Section\",\"RequestAppliesTo\":\"Rule-HTML-Fragment\",\"RequestRuleName\":\"pyCollaborator\"}" => HTTP 404 (18 bytes)
[PegaHttpClient] 📡 POST https://zdk8budo.pegaacademy.net/prweb/PRRestService/HRAppsV2Service/V1/rules/query?pxObjClass=Rule-HTML-Section&appliesTo=Rule-HTML-Fragment&pyRuleName=pyCollaborator&RequestClass=Rule-HTML-Section&RequestAppliesTo=Rule-HTML-Fragment&RequestRuleName=pyCollaborator Payload: "{\"RequestClass\":\"Rule-HTML-Section\",\"RequestAppliesTo\":\"Rule-HTML-Fragment\",\"RequestRuleName\":\"pyCollaborator\"}" => HTTP 404 (18 bytes)
[PegaHttpClient] 📡 POST https://zdk8budo.pegaacademy.net/prweb/api/HRAppsV2/V1/rules/query?pxObjClass=Rule-HTML-Section&appliesTo=Rule-HTML-Fragment&pyRuleName=pyCollaborator&RequestClass=Rule-HTML-Section&RequestAppliesTo=Rule-HTML-Fragment&RequestRuleName=pyCollaborator Payload: "{\"RequestClass\":\"Rule-HTML-Section\",\"RequestAppliesTo\":\"Rule-HTML-Fragment\",\"RequestRuleName\":\"pyCollaborator\"}" => HTTP 404 (18 bytes)
[PegaHttpClient] 📡 POST https://zdk8budo.pegaacademy.net/prweb/PRRestService/HRAppsV2/V1/rules/query?pxObjClass=Rule-HTML-Section&appliesTo=Rule-HTML-Fragment&pyRuleName=pyCollaborator&RequestClass=Rule-HTML-Section&RequestAppliesTo=Rule-HTML-Fragment&RequestRuleName=pyCollaborator Payload: "{\"RequestClass\":\"Rule-HTML-Section\",\"RequestAppliesTo\":\"Rule-HTML-Fragment\",\"RequestRuleName\":\"pyCollaborator\"}" => HTTP 404 (18 bytes)
[PegaHttpClient] 📡 POST https://zdk8budo.pegaacademy.net/prweb/api/v1/rules/query?pxObjClass=Rule-HTML-Section&appliesTo=Rule-HTML-Fragment&pyRuleName=pyCollaborator&RequestClass=Rule-HTML-Section&RequestAppliesTo=Rule-HTML-Fragment&RequestRuleName=pyCollaborator Payload: "{\"RequestClass\":\"Rule-HTML-Section\",\"RequestAppliesTo\":\"Rule-HTML-Fragment\",\"RequestRuleName\":\"pyCollaborator\"}" => HTTP 404 (18 bytes)
[PegaHttpClient] 📡 POST https://zdk8budo.pegaacademy.net/prweb/PRRestService/v1/rules/query?pxObjClass=Rule-HTML-Section&appliesTo=Rule-HTML-Fragment&pyRuleName=pyCollaborator&RequestClass=Rule-HTML-Section&RequestAppliesTo=Rule-HTML-Fragment&RequestRuleName=pyCollaborator Payload: "{\"RequestClass\":\"Rule-HTML-Section\",\"RequestAppliesTo\":\"Rule-HTML-Fragment\",\"RequestRuleName\":\"pyCollaborator\"}" => HTTP 404 (18 bytes)
[PegaHttpClient] 📡 POST https://zdk8budo.pegaacademy.net/prweb/api/CodeIntelligence/v1/rules/query?pxObjClass=Rule-HTML-Section&appliesTo=Rule-HTML-Fragment&pyRuleName=pzDisplayPartialCount&RequestClass=Rule-HTML-Section&RequestAppliesTo=Rule-HTML-Fragment&RequestRuleName=pzDisplayPartialCount Payload: "{\"RequestClass\":\"Rule-HTML-Section\",\"RequestAppliesTo\":\"Rule-HTML-Fragment\",\"RequestRuleName\":\"pzDisplayPartialCount\"}" => HTTP 404 (117 bytes)
[PegaHttpClient] 📡 POST https://zdk8budo.pegaacademy.net/prweb/PRRestService/CodeIntelligence/v1/rules/query?pxObjClass=Rule-HTML-Section&appliesTo=Rule-HTML-Fragment&pyRuleName=pzDisplayPartialCount&RequestClass=Rule-HTML-Section&RequestAppliesTo=Rule-HTML-Fragment&RequestRuleName=pzDisplayPartialCount Payload: "{\"RequestClass\":\"Rule-HTML-Section\",\"RequestAppliesTo\":\"Rule-HTML-Fragment\",\"RequestRuleName\":\"pzDisplayPartialCount\"}" => HTTP 404 (117 bytes)
[PegaHttpClient] 📡 POST https://zdk8budo.pegaacademy.net/prweb/api/HRAppsV2Service/V1/rules/query?pxObjClass=Rule-HTML-Section&appliesTo=Rule-HTML-Fragment&pyRuleName=pzDisplayPartialCount&RequestClass=Rule-HTML-Section&RequestAppliesTo=Rule-HTML-Fragment&RequestRuleName=pzDisplayPartialCount Payload: "{\"RequestClass\":\"Rule-HTML-Section\",\"RequestAppliesTo\":\"Rule-HTML-Fragment\",\"RequestRuleName\":\"pzDisplayPartialCount\"}" => HTTP 404 (18 bytes)
[PegaHttpClient] 📡 POST https://zdk8budo.pegaacademy.net/prweb/PRRestService/HRAppsV2Service/V1/rules/query?pxObjClass=Rule-HTML-Section&appliesTo=Rule-HTML-Fragment&pyRuleName=pzDisplayPartialCount&RequestClass=Rule-HTML-Section&RequestAppliesTo=Rule-HTML-Fragment&RequestRuleName=pzDisplayPartialCount Payload: "{\"RequestClass\":\"Rule-HTML-Section\",\"RequestAppliesTo\":\"Rule-HTML-Fragment\",\"RequestRuleName\":\"pzDisplayPartialCount\"}" => HTTP 404 (18 bytes)
[PegaHttpClient] 📡 POST https://zdk8budo.pegaacademy.net/prweb/api/HRAppsV2/V1/rules/query?pxObjClass=Rule-HTML-Section&appliesTo=Rule-HTML-Fragment&pyRuleName=pzDisplayPartialCount&RequestClass=Rule-HTML-Section&RequestAppliesTo=Rule-HTML-Fragment&RequestRuleName=pzDisplayPartialCount Payload: "{\"RequestClass\":\"Rule-HTML-Section\",\"RequestAppliesTo\":\"Rule-HTML-Fragment\",\"RequestRuleName\":\"pzDisplayPartialCount\"}" => HTTP 404 (18 bytes)
[PegaHttpClient] 📡 POST https://zdk8budo.pegaacademy.net/prweb/PRRestService/HRAppsV2/V1/rules/query?pxObjClass=Rule-HTML-Section&appliesTo=Rule-HTML-Fragment&pyRuleName=pzDisplayPartialCount&RequestClass=Rule-HTML-Section&RequestAppliesTo=Rule-HTML-Fragment&RequestRuleName=pzDisplayPartialCount Payload: "{\"RequestClass\":\"Rule-HTML-Section\",\"RequestAppliesTo\":\"Rule-HTML-Fragment\",\"RequestRuleName\":\"pzDisplayPartialCount\"}" => HTTP 404 (18 bytes)
[PegaHttpClient] 📡 POST https://zdk8budo.pegaacademy.net/prweb/api/v1/rules/query?pxObjClass=Rule-HTML-Section&appliesTo=Rule-HTML-Fragment&pyRuleName=pzDisplayPartialCount&RequestClass=Rule-HTML-Section&RequestAppliesTo=Rule-HTML-Fragment&RequestRuleName=pzDisplayPartialCount Payload: "{\"RequestClass\":\"Rule-HTML-Section\",\"RequestAppliesTo\":\"Rule-HTML-Fragment\",\"RequestRuleName\":\"pzDisplayPartialCount\"}" => HTTP 404 (18 bytes)
[PegaHttpClient] 📡 POST https://zdk8budo.pegaacademy.net/prweb/PRRestService/v1/rules/query?pxObjClass=Rule-HTML-Section&appliesTo=Rule-HTML-Fragment&pyRuleName=pzDisplayPartialCount&RequestClass=Rule-HTML-Section&RequestAppliesTo=Rule-HTML-Fragment&RequestRuleName=pzDisplayPartialCount Payload: "{\"RequestClass\":\"Rule-HTML-Section\",\"RequestAppliesTo\":\"Rule-HTML-Fragment\",\"RequestRuleName\":\"pzDisplayPartialCount\"}" => HTTP 404 (18 bytes)
[SchemaGen] ✅ Schema written for Rule-HTML-Fragment
[PegaHttpClient] 📡 GET https://zdk8budo.pegaacademy.net/prweb/api/CodeIntelligence/v1/rules/RULE-HTML-HARNESS%20RULE-DECLARE-INDEX%20RULEFORM%20%2320180713T135119.142%20GMT => HTTP 200 (36145 bytes)
[PegaHttpClient] 📡 POST https://zdk8budo.pegaacademy.net/prweb/api/CodeIntelligence/v1/rules/query?pxObjClass=Rule-HTML-Section&appliesTo=Rule-Declare-Index&pyRuleName=RuleFormMain&RequestClass=Rule-HTML-Section&RequestAppliesTo=Rule-Declare-Index&RequestRuleName=RuleFormMain Payload: "{\"RequestClass\":\"Rule-HTML-Section\",\"RequestAppliesTo\":\"Rule-Declare-Index\",\"RequestRuleName\":\"RuleFormMain\"}" => HTTP 200 (156234 bytes)
[PegaHttpClient] 📡 POST https://zdk8budo.pegaacademy.net/prweb/api/CodeIntelligence/v1/rules/query?pxObjClass=Rule-HTML-Section&appliesTo=Rule-Declare-Index&pyRuleName=pxAlternateRuleForm&RequestClass=Rule-HTML-Section&RequestAppliesTo=Rule-Declare-Index&RequestRuleName=pxAlternateRuleForm Payload: "{\"RequestClass\":\"Rule-HTML-Section\",\"RequestAppliesTo\":\"Rule-Declare-Index\",\"RequestRuleName\":\"pxAlternateRuleForm\"}" => HTTP 200 (66153 bytes)
[PegaHttpClient] 📡 POST https://zdk8budo.pegaacademy.net/prweb/api/CodeIntelligence/v1/rules/query?pxObjClass=Rule-HTML-Section&appliesTo=Rule-Declare-Index&pyRuleName=pzRuleFormScripts&RequestClass=Rule-HTML-Section&RequestAppliesTo=Rule-Declare-Index&RequestRuleName=pzRuleFormScripts Payload: "{\"RequestClass\":\"Rule-HTML-Section\",\"RequestAppliesTo\":\"Rule-Declare-Index\",\"RequestRuleName\":\"pzRuleFormScripts\"}" => HTTP 200 (40822 bytes)
[PegaHttpClient] 📡 POST https://zdk8budo.pegaacademy.net/prweb/api/CodeIntelligence/v1/rules/query?pxObjClass=Rule-HTML-Section&appliesTo=Rule-Declare-Index&pyRuleName=pzRuleFormLayoutDelegated&RequestClass=Rule-HTML-Section&RequestAppliesTo=Rule-Declare-Index&RequestRuleName=pzRuleFormLayoutDelegated Payload: "{\"RequestClass\":\"Rule-HTML-Section\",\"RequestAppliesTo\":\"Rule-Declare-Index\",\"RequestRuleName\":\"pzRuleFormLayoutDelegated\"}" => HTTP 200 (70998 bytes)
[PegaHttpClient] 📡 POST https://zdk8budo.pegaacademy.net/prweb/api/CodeIntelligence/v1/rules/query?pxObjClass=Rule-HTML-Section&appliesTo=Rule-Declare-Index&pyRuleName=RuleFormLayout&RequestClass=Rule-HTML-Section&RequestAppliesTo=Rule-Declare-Index&RequestRuleName=RuleFormLayout Payload: "{\"RequestClass\":\"Rule-HTML-Section\",\"RequestAppliesTo\":\"Rule-Declare-Index\",\"RequestRuleName\":\"RuleFormLayout\"}" => HTTP 200 (84420 bytes)
[PegaHttpClient] 📡 POST https://zdk8budo.pegaacademy.net/prweb/api/CodeIntelligence/v1/rules/query?pxObjClass=Rule-HTML-Section&appliesTo=Rule-Declare-Index&pyRuleName=RuleFormSettings&RequestClass=Rule-HTML-Section&RequestAppliesTo=Rule-Declare-Index&RequestRuleName=RuleFormSettings Payload: "{\"RequestClass\":\"Rule-HTML-Section\",\"RequestAppliesTo\":\"Rule-Declare-Index\",\"RequestRuleName\":\"RuleFormSettings\"}" => HTTP 200 (20540 bytes)
[PegaHttpClient] 📡 POST https://zdk8budo.pegaacademy.net/prweb/api/CodeIntelligence/v1/rules/query?pxObjClass=Rule-HTML-Section&appliesTo=Rule-Declare-Index&pyRuleName=OpenAuthoring&RequestClass=Rule-HTML-Section&RequestAppliesTo=Rule-Declare-Index&RequestRuleName=OpenAuthoring Payload: "{\"RequestClass\":\"Rule-HTML-Section\",\"RequestAppliesTo\":\"Rule-Declare-Index\",\"RequestRuleName\":\"OpenAuthoring\"}" => HTTP 200 (23695 bytes)
[PegaHttpClient] 📡 POST https://zdk8budo.pegaacademy.net/prweb/api/CodeIntelligence/v1/rules/query?pxObjClass=Rule-HTML-Section&appliesTo=Rule-Declare-Index&pyRuleName=pyCustomHelp&RequestClass=Rule-HTML-Section&RequestAppliesTo=Rule-Declare-Index&RequestRuleName=pyCustomHelp Payload: "{\"RequestClass\":\"Rule-HTML-Section\",\"RequestAppliesTo\":\"Rule-Declare-Index\",\"RequestRuleName\":\"pyCustomHelp\"}" => HTTP 200 (17256 bytes)
[PegaHttpClient] 📡 POST https://zdk8budo.pegaacademy.net/prweb/api/CodeIntelligence/v1/rules/query?pxObjClass=Rule-HTML-Section&appliesTo=Rule-Declare-Index&pyRuleName=pzRuleformMainInclude&RequestClass=Rule-HTML-Section&RequestAppliesTo=Rule-Declare-Index&RequestRuleName=pzRuleformMainInclude Payload: "{\"RequestClass\":\"Rule-HTML-Section\",\"RequestAppliesTo\":\"Rule-Declare-Index\",\"RequestRuleName\":\"pzRuleformMainInclude\"}" => HTTP 200 (22375 bytes)
[PegaHttpClient] 📡 POST https://zdk8budo.pegaacademy.net/prweb/api/CodeIntelligence/v1/rules/query?pxObjClass=Rule-HTML-Section&appliesTo=Rule-Declare-Index&pyRuleName=pyAlternativeRuleFormStrategicAppExtension&RequestClass=Rule-HTML-Section&RequestAppliesTo=Rule-Declare-Index&RequestRuleName=pyAlternativeRuleFormStrategicAppExtension Payload: "{\"RequestClass\":\"Rule-HTML-Section\",\"RequestAppliesTo\":\"Rule-Declare-Index\",\"RequestRuleName\":\"pyAlternativeRuleFormStrategicAppExtension\"}" => HTTP 200 (25042 bytes)
[PegaHttpClient] 📡 POST https://zdk8budo.pegaacademy.net/prweb/api/CodeIntelligence/v1/rules/query?pxObjClass=Rule-HTML-Section&appliesTo=Rule-Declare-Index&pyRuleName=pyAlternativeRuleFormExtension&RequestClass=Rule-HTML-Section&RequestAppliesTo=Rule-Declare-Index&RequestRuleName=pyAlternativeRuleFormExtension Payload: "{\"RequestClass\":\"Rule-HTML-Section\",\"RequestAppliesTo\":\"Rule-Declare-Index\",\"RequestRuleName\":\"pyAlternativeRuleFormExtension\"}" => HTTP 200 (24863 bytes)
[PegaHttpClient] 📡 POST https://zdk8budo.pegaacademy.net/prweb/api/CodeIntelligence/v1/rules/query?pxObjClass=Rule-HTML-Section&appliesTo=Rule-Declare-Index&pyRuleName=RuleFormHeader&RequestClass=Rule-HTML-Section&RequestAppliesTo=Rule-Declare-Index&RequestRuleName=RuleFormHeader Payload: "{\"RequestClass\":\"Rule-HTML-Section\",\"RequestAppliesTo\":\"Rule-Declare-Index\",\"RequestRuleName\":\"RuleFormHeader\"}" => HTTP 200 (183800 bytes)
[PegaHttpClient] 📡 POST https://zdk8budo.pegaacademy.net/prweb/api/CodeIntelligence/v1/rules/query?pxObjClass=Rule-HTML-Section&appliesTo=Rule-Declare-Index&pyRuleName=pzDelegationExperience&RequestClass=Rule-HTML-Section&RequestAppliesTo=Rule-Declare-Index&RequestRuleName=pzDelegationExperience Payload: "{\"RequestClass\":\"Rule-HTML-Section\",\"RequestAppliesTo\":\"Rule-Declare-Index\",\"RequestRuleName\":\"pzDelegationExperience\"}" => HTTP 404 (118 bytes)
[PegaHttpClient] 📡 POST https://zdk8budo.pegaacademy.net/prweb/PRRestService/CodeIntelligence/v1/rules/query?pxObjClass=Rule-HTML-Section&appliesTo=Rule-Declare-Index&pyRuleName=pzDelegationExperience&RequestClass=Rule-HTML-Section&RequestAppliesTo=Rule-Declare-Index&RequestRuleName=pzDelegationExperience Payload: "{\"RequestClass\":\"Rule-HTML-Section\",\"RequestAppliesTo\":\"Rule-Declare-Index\",\"RequestRuleName\":\"pzDelegationExperience\"}" => HTTP 404 (118 bytes)
[PegaHttpClient] 📡 POST https://zdk8budo.pegaacademy.net/prweb/api/HRAppsV2Service/V1/rules/query?pxObjClass=Rule-HTML-Section&appliesTo=Rule-Declare-Index&pyRuleName=pzDelegationExperience&RequestClass=Rule-HTML-Section&RequestAppliesTo=Rule-Declare-Index&RequestRuleName=pzDelegationExperience Payload: "{\"RequestClass\":\"Rule-HTML-Section\",\"RequestAppliesTo\":\"Rule-Declare-Index\",\"RequestRuleName\":\"pzDelegationExperience\"}" => HTTP 404 (18 bytes)
[PegaHttpClient] 📡 POST https://zdk8budo.pegaacademy.net/prweb/PRRestService/HRAppsV2Service/V1/rules/query?pxObjClass=Rule-HTML-Section&appliesTo=Rule-Declare-Index&pyRuleName=pzDelegationExperience&RequestClass=Rule-HTML-Section&RequestAppliesTo=Rule-Declare-Index&RequestRuleName=pzDelegationExperience Payload: "{\"RequestClass\":\"Rule-HTML-Section\",\"RequestAppliesTo\":\"Rule-Declare-Index\",\"RequestRuleName\":\"pzDelegationExperience\"}" => HTTP 404 (18 bytes)
[PegaHttpClient] 📡 POST https://zdk8budo.pegaacademy.net/prweb/api/HRAppsV2/V1/rules/query?pxObjClass=Rule-HTML-Section&appliesTo=Rule-Declare-Index&pyRuleName=pzDelegationExperience&RequestClass=Rule-HTML-Section&RequestAppliesTo=Rule-Declare-Index&RequestRuleName=pzDelegationExperience Payload: "{\"RequestClass\":\"Rule-HTML-Section\",\"RequestAppliesTo\":\"Rule-Declare-Index\",\"RequestRuleName\":\"pzDelegationExperience\"}" => HTTP 404 (18 bytes)
[PegaHttpClient] 📡 POST https://zdk8budo.pegaacademy.net/prweb/PRRestService/HRAppsV2/V1/rules/query?pxObjClass=Rule-HTML-Section&appliesTo=Rule-Declare-Index&pyRuleName=pzDelegationExperience&RequestClass=Rule-HTML-Section&RequestAppliesTo=Rule-Declare-Index&RequestRuleName=pzDelegationExperience Payload: "{\"RequestClass\":\"Rule-HTML-Section\",\"RequestAppliesTo\":\"Rule-Declare-Index\",\"RequestRuleName\":\"pzDelegationExperience\"}" => HTTP 404 (18 bytes)
[PegaHttpClient] 📡 POST https://zdk8budo.pegaacademy.net/prweb/api/v1/rules/query?pxObjClass=Rule-HTML-Section&appliesTo=Rule-Declare-Index&pyRuleName=pzDelegationExperience&RequestClass=Rule-HTML-Section&RequestAppliesTo=Rule-Declare-Index&RequestRuleName=pzDelegationExperience Payload: "{\"RequestClass\":\"Rule-HTML-Section\",\"RequestAppliesTo\":\"Rule-Declare-Index\",\"RequestRuleName\":\"pzDelegationExperience\"}" => HTTP 404 (18 bytes)
[PegaHttpClient] 📡 POST https://zdk8budo.pegaacademy.net/prweb/PRRestService/v1/rules/query?pxObjClass=Rule-HTML-Section&appliesTo=Rule-Declare-Index&pyRuleName=pzDelegationExperience&RequestClass=Rule-HTML-Section&RequestAppliesTo=Rule-Declare-Index&RequestRuleName=pzDelegationExperience Payload: "{\"RequestClass\":\"Rule-HTML-Section\",\"RequestAppliesTo\":\"Rule-Declare-Index\",\"RequestRuleName\":\"pzDelegationExperience\"}" => HTTP 404 (18 bytes)
[PegaHttpClient] 📡 POST https://zdk8budo.pegaacademy.net/prweb/api/CodeIntelligence/v1/rules/query?pxObjClass=Rule-HTML-Section&appliesTo=Rule-Declare-Index&pyRuleName=Indexes&RequestClass=Rule-HTML-Section&RequestAppliesTo=Rule-Declare-Index&RequestRuleName=Indexes Payload: "{\"RequestClass\":\"Rule-HTML-Section\",\"RequestAppliesTo\":\"Rule-Declare-Index\",\"RequestRuleName\":\"Indexes\"}" => HTTP 200 (141338 bytes)
[PegaHttpClient] 📡 POST https://zdk8budo.pegaacademy.net/prweb/api/CodeIntelligence/v1/rules/query?pxObjClass=Rule-HTML-Section&appliesTo=Rule-Declare-Index&pyRuleName=PagesAndIndexes&RequestClass=Rule-HTML-Section&RequestAppliesTo=Rule-Declare-Index&RequestRuleName=PagesAndIndexes Payload: "{\"RequestClass\":\"Rule-HTML-Section\",\"RequestAppliesTo\":\"Rule-Declare-Index\",\"RequestRuleName\":\"PagesAndIndexes\"}" => HTTP 200 (61368 bytes)
[PegaHttpClient] 📡 POST https://zdk8budo.pegaacademy.net/prweb/api/CodeIntelligence/v1/rules/query?pxObjClass=Rule-HTML-Section&appliesTo=Rule-Declare-Index&pyRuleName=pzSpecifications&RequestClass=Rule-HTML-Section&RequestAppliesTo=Rule-Declare-Index&RequestRuleName=pzSpecifications Payload: "{\"RequestClass\":\"Rule-HTML-Section\",\"RequestAppliesTo\":\"Rule-Declare-Index\",\"RequestRuleName\":\"pzSpecifications\"}" => HTTP 200 (16577 bytes)
[PegaHttpClient] 📡 POST https://zdk8budo.pegaacademy.net/prweb/api/CodeIntelligence/v1/rules/query?pxObjClass=Rule-HTML-Section&appliesTo=Rule-Declare-Index&pyRuleName=RuleFormHistory&RequestClass=Rule-HTML-Section&RequestAppliesTo=Rule-Declare-Index&RequestRuleName=RuleFormHistory Payload: "{\"RequestClass\":\"Rule-HTML-Section\",\"RequestAppliesTo\":\"Rule-Declare-Index\",\"RequestRuleName\":\"RuleFormHistory\"}" => HTTP 200 (76091 bytes)
[PegaHttpClient] 📡 POST https://zdk8budo.pegaacademy.net/prweb/api/CodeIntelligence/v1/rules/query?pxObjClass=Rule-HTML-Section&appliesTo=Rule-Declare-Index&pyRuleName=pzCustomHelp&RequestClass=Rule-HTML-Section&RequestAppliesTo=Rule-Declare-Index&RequestRuleName=pzCustomHelp Payload: "{\"RequestClass\":\"Rule-HTML-Section\",\"RequestAppliesTo\":\"Rule-Declare-Index\",\"RequestRuleName\":\"pzCustomHelp\"}" => HTTP 200 (31573 bytes)
[PegaHttpClient] 📡 POST https://zdk8budo.pegaacademy.net/prweb/api/CodeIntelligence/v1/rules/query?pxObjClass=Rule-HTML-Section&appliesTo=Rule-Declare-Index&pyRuleName=pzRuleFormKeysAndDescription&RequestClass=Rule-HTML-Section&RequestAppliesTo=Rule-Declare-Index&RequestRuleName=pzRuleFormKeysAndDescription Payload: "{\"RequestClass\":\"Rule-HTML-Section\",\"RequestAppliesTo\":\"Rule-Declare-Index\",\"RequestRuleName\":\"pzRuleFormKeysAndDescription\"}" => HTTP 200 (218057 bytes)
[PegaHttpClient] 📡 POST https://zdk8budo.pegaacademy.net/prweb/api/CodeIntelligence/v1/rules/query?pxObjClass=Rule-HTML-Section&appliesTo=Rule-Declare-Index&pyRuleName=pzRuleFormRuleset&RequestClass=Rule-HTML-Section&RequestAppliesTo=Rule-Declare-Index&RequestRuleName=pzRuleFormRuleset Payload: "{\"RequestClass\":\"Rule-HTML-Section\",\"RequestAppliesTo\":\"Rule-Declare-Index\",\"RequestRuleName\":\"pzRuleFormRuleset\"}" => HTTP 200 (33985 bytes)
[PegaHttpClient] 📡 POST https://zdk8budo.pegaacademy.net/prweb/api/CodeIntelligence/v1/rules/query?pxObjClass=Rule-HTML-Section&appliesTo=Rule-Declare-Index&pyRuleName=undefined&RequestClass=Rule-HTML-Section&RequestAppliesTo=Rule-Declare-Index&RequestRuleName=undefined Payload: "{\"RequestClass\":\"Rule-HTML-Section\",\"RequestAppliesTo\":\"Rule-Declare-Index\",\"RequestRuleName\":\"undefined\"}" => HTTP 404 (105 bytes)
[PegaHttpClient] 📡 POST https://zdk8budo.pegaacademy.net/prweb/PRRestService/CodeIntelligence/v1/rules/query?pxObjClass=Rule-HTML-Section&appliesTo=Rule-Declare-Index&pyRuleName=undefined&RequestClass=Rule-HTML-Section&RequestAppliesTo=Rule-Declare-Index&RequestRuleName=undefined Payload: "{\"RequestClass\":\"Rule-HTML-Section\",\"RequestAppliesTo\":\"Rule-Declare-Index\",\"RequestRuleName\":\"undefined\"}" => HTTP 404 (105 bytes)
[PegaHttpClient] 📡 POST https://zdk8budo.pegaacademy.net/prweb/api/HRAppsV2Service/V1/rules/query?pxObjClass=Rule-HTML-Section&appliesTo=Rule-Declare-Index&pyRuleName=undefined&RequestClass=Rule-HTML-Section&RequestAppliesTo=Rule-Declare-Index&RequestRuleName=undefined Payload: "{\"RequestClass\":\"Rule-HTML-Section\",\"RequestAppliesTo\":\"Rule-Declare-Index\",\"RequestRuleName\":\"undefined\"}" => HTTP 404 (18 bytes)
[PegaHttpClient] 📡 POST https://zdk8budo.pegaacademy.net/prweb/PRRestService/HRAppsV2Service/V1/rules/query?pxObjClass=Rule-HTML-Section&appliesTo=Rule-Declare-Index&pyRuleName=undefined&RequestClass=Rule-HTML-Section&RequestAppliesTo=Rule-Declare-Index&RequestRuleName=undefined Payload: "{\"RequestClass\":\"Rule-HTML-Section\",\"RequestAppliesTo\":\"Rule-Declare-Index\",\"RequestRuleName\":\"undefined\"}" => HTTP 404 (18 bytes)
[PegaHttpClient] 📡 POST https://zdk8budo.pegaacademy.net/prweb/api/HRAppsV2/V1/rules/query?pxObjClass=Rule-HTML-Section&appliesTo=Rule-Declare-Index&pyRuleName=undefined&RequestClass=Rule-HTML-Section&RequestAppliesTo=Rule-Declare-Index&RequestRuleName=undefined Payload: "{\"RequestClass\":\"Rule-HTML-Section\",\"RequestAppliesTo\":\"Rule-Declare-Index\",\"RequestRuleName\":\"undefined\"}" => HTTP 404 (18 bytes)
[PegaHttpClient] 📡 POST https://zdk8budo.pegaacademy.net/prweb/PRRestService/HRAppsV2/V1/rules/query?pxObjClass=Rule-HTML-Section&appliesTo=Rule-Declare-Index&pyRuleName=undefined&RequestClass=Rule-HTML-Section&RequestAppliesTo=Rule-Declare-Index&RequestRuleName=undefined Payload: "{\"RequestClass\":\"Rule-HTML-Section\",\"RequestAppliesTo\":\"Rule-Declare-Index\",\"RequestRuleName\":\"undefined\"}" => HTTP 404 (18 bytes)
[PegaHttpClient] 📡 POST https://zdk8budo.pegaacademy.net/prweb/api/v1/rules/query?pxObjClass=Rule-HTML-Section&appliesTo=Rule-Declare-Index&pyRuleName=undefined&RequestClass=Rule-HTML-Section&RequestAppliesTo=Rule-Declare-Index&RequestRuleName=undefined Payload: "{\"RequestClass\":\"Rule-HTML-Section\",\"RequestAppliesTo\":\"Rule-Declare-Index\",\"RequestRuleName\":\"undefined\"}" => HTTP 404 (18 bytes)
[PegaHttpClient] 📡 POST https://zdk8budo.pegaacademy.net/prweb/PRRestService/v1/rules/query?pxObjClass=Rule-HTML-Section&appliesTo=Rule-Declare-Index&pyRuleName=undefined&RequestClass=Rule-HTML-Section&RequestAppliesTo=Rule-Declare-Index&RequestRuleName=undefined Payload: "{\"RequestClass\":\"Rule-HTML-Section\",\"RequestAppliesTo\":\"Rule-Declare-Index\",\"RequestRuleName\":\"undefined\"}" => HTTP 404 (18 bytes)
[PegaHttpClient] 📡 POST https://zdk8budo.pegaacademy.net/prweb/api/CodeIntelligence/v1/rules/query?pxObjClass=Rule-HTML-Section&appliesTo=Rule-Declare-Index&pyRuleName=pzRuleFormToolbar&RequestClass=Rule-HTML-Section&RequestAppliesTo=Rule-Declare-Index&RequestRuleName=pzRuleFormToolbar Payload: "{\"RequestClass\":\"Rule-HTML-Section\",\"RequestAppliesTo\":\"Rule-Declare-Index\",\"RequestRuleName\":\"pzRuleFormToolbar\"}" => HTTP 200 (242691 bytes)
[PegaHttpClient] 📡 POST https://zdk8budo.pegaacademy.net/prweb/api/CodeIntelligence/v1/rules/query?pxObjClass=Rule-HTML-Section&appliesTo=Rule-Declare-Index&pyRuleName=pzRuleFormToolbarCompare&RequestClass=Rule-HTML-Section&RequestAppliesTo=Rule-Declare-Index&RequestRuleName=pzRuleFormToolbarCompare Payload: "{\"RequestClass\":\"Rule-HTML-Section\",\"RequestAppliesTo\":\"Rule-Declare-Index\",\"RequestRuleName\":\"pzRuleFormToolbarCompare\"}" => HTTP 200 (61925 bytes)
[PegaHttpClient] 📡 POST https://zdk8budo.pegaacademy.net/prweb/api/CodeIntelligence/v1/rules/query?pxObjClass=Rule-HTML-Section&appliesTo=Rule-Declare-Index&pyRuleName=RuleFormHeaderMessages&RequestClass=Rule-HTML-Section&RequestAppliesTo=Rule-Declare-Index&RequestRuleName=RuleFormHeaderMessages Payload: "{\"RequestClass\":\"Rule-HTML-Section\",\"RequestAppliesTo\":\"Rule-Declare-Index\",\"RequestRuleName\":\"RuleFormHeaderMessages\"}" => HTTP 200 (26518 bytes)
[PegaHttpClient] 📡 POST https://zdk8budo.pegaacademy.net/prweb/api/CodeIntelligence/v1/rules/query?pxObjClass=Rule-HTML-Section&appliesTo=Rule-Declare-Index&pyRuleName=pxRuleParamsLink&RequestClass=Rule-HTML-Section&RequestAppliesTo=Rule-Declare-Index&RequestRuleName=pxRuleParamsLink Payload: "{\"RequestClass\":\"Rule-HTML-Section\",\"RequestAppliesTo\":\"Rule-Declare-Index\",\"RequestRuleName\":\"pxRuleParamsLink\"}" => HTTP 200 (21584 bytes)
[PegaHttpClient] 📡 POST https://zdk8budo.pegaacademy.net/prweb/api/CodeIntelligence/v1/rules/query?pxObjClass=Rule-HTML-Section&appliesTo=Rule-Declare-Index&pyRuleName=pzSpecificationsInner&RequestClass=Rule-HTML-Section&RequestAppliesTo=Rule-Declare-Index&RequestRuleName=pzSpecificationsInner Payload: "{\"RequestClass\":\"Rule-HTML-Section\",\"RequestAppliesTo\":\"Rule-Declare-Index\",\"RequestRuleName\":\"pzSpecificationsInner\"}" => HTTP 200 (142370 bytes)
[PegaHttpClient] 📡 POST https://zdk8budo.pegaacademy.net/prweb/api/CodeIntelligence/v1/rules/query?pxObjClass=Rule-HTML-Section&appliesTo=Rule-Declare-Index&pyRuleName=pzAlternateRuleInfo&RequestClass=Rule-HTML-Section&RequestAppliesTo=Rule-Declare-Index&RequestRuleName=pzAlternateRuleInfo Payload: "{\"RequestClass\":\"Rule-HTML-Section\",\"RequestAppliesTo\":\"Rule-Declare-Index\",\"RequestRuleName\":\"pzAlternateRuleInfo\"}" => HTTP 200 (140407 bytes)
[PegaHttpClient] 📡 POST https://zdk8budo.pegaacademy.net/prweb/api/CodeIntelligence/v1/rules/query?pxObjClass=Rule-HTML-Section&appliesTo=Rule-Declare-Index&pyRuleName=RuleFormHistory_Description&RequestClass=Rule-HTML-Section&RequestAppliesTo=Rule-Declare-Index&RequestRuleName=RuleFormHistory_Description Payload: "{\"RequestClass\":\"Rule-HTML-Section\",\"RequestAppliesTo\":\"Rule-Declare-Index\",\"RequestRuleName\":\"RuleFormHistory_Description\"}" => HTTP 200 (46242 bytes)
[PegaHttpClient] 📡 POST https://zdk8budo.pegaacademy.net/prweb/api/CodeIntelligence/v1/rules/query?pxObjClass=Rule-HTML-Section&appliesTo=Rule-Declare-Index&pyRuleName=RuleFormHistory_CustomFields&RequestClass=Rule-HTML-Section&RequestAppliesTo=Rule-Declare-Index&RequestRuleName=RuleFormHistory_CustomFields Payload: "{\"RequestClass\":\"Rule-HTML-Section\",\"RequestAppliesTo\":\"Rule-Declare-Index\",\"RequestRuleName\":\"RuleFormHistory_CustomFields\"}" => HTTP 200 (75856 bytes)
[PegaHttpClient] 📡 POST https://zdk8budo.pegaacademy.net/prweb/api/CodeIntelligence/v1/rules/query?pxObjClass=Rule-HTML-Section&appliesTo=Rule-Declare-Index&pyRuleName=RuleFormHistory_HistoryDetails&RequestClass=Rule-HTML-Section&RequestAppliesTo=Rule-Declare-Index&RequestRuleName=RuleFormHistory_HistoryDetails Payload: "{\"RequestClass\":\"Rule-HTML-Section\",\"RequestAppliesTo\":\"Rule-Declare-Index\",\"RequestRuleName\":\"RuleFormHistory_HistoryDetails\"}" => HTTP 200 (179535 bytes)
[PegaHttpClient] 📡 POST https://zdk8budo.pegaacademy.net/prweb/api/CodeIntelligence/v1/rules/query?pxObjClass=Rule-HTML-Section&appliesTo=Rule-Declare-Index&pyRuleName=pzRuleFormStatus&RequestClass=Rule-HTML-Section&RequestAppliesTo=Rule-Declare-Index&RequestRuleName=pzRuleFormStatus Payload: "{\"RequestClass\":\"Rule-HTML-Section\",\"RequestAppliesTo\":\"Rule-Declare-Index\",\"RequestRuleName\":\"pzRuleFormStatus\"}" => HTTP 200 (97627 bytes)
[PegaHttpClient] 📡 POST https://zdk8budo.pegaacademy.net/prweb/api/CodeIntelligence/v1/rules/query?pxObjClass=Rule-HTML-Section&appliesTo=Rule-Declare-Index&pyRuleName=pzRuleFormHeaderCompareWithDropDown&RequestClass=Rule-HTML-Section&RequestAppliesTo=Rule-Declare-Index&RequestRuleName=pzRuleFormHeaderCompareWithDropDown Payload: "{\"RequestClass\":\"Rule-HTML-Section\",\"RequestAppliesTo\":\"Rule-Declare-Index\",\"RequestRuleName\":\"pzRuleFormHeaderCompareWithDropDown\"}" => HTTP 200 (25396 bytes)
[PegaHttpClient] 📡 POST https://zdk8budo.pegaacademy.net/prweb/api/CodeIntelligence/v1/rules/query?pxObjClass=Rule-HTML-Section&appliesTo=Rule-Declare-Index&pyRuleName=undefined&RequestClass=Rule-HTML-Section&RequestAppliesTo=Rule-Declare-Index&RequestRuleName=undefined Payload: "{\"RequestClass\":\"Rule-HTML-Section\",\"RequestAppliesTo\":\"Rule-Declare-Index\",\"RequestRuleName\":\"undefined\"}" => HTTP 404 (105 bytes)
[PegaHttpClient] 📡 POST https://zdk8budo.pegaacademy.net/prweb/PRRestService/CodeIntelligence/v1/rules/query?pxObjClass=Rule-HTML-Section&appliesTo=Rule-Declare-Index&pyRuleName=undefined&RequestClass=Rule-HTML-Section&RequestAppliesTo=Rule-Declare-Index&RequestRuleName=undefined Payload: "{\"RequestClass\":\"Rule-HTML-Section\",\"RequestAppliesTo\":\"Rule-Declare-Index\",\"RequestRuleName\":\"undefined\"}" => HTTP 404 (105 bytes)
[PegaHttpClient] 📡 POST https://zdk8budo.pegaacademy.net/prweb/api/HRAppsV2Service/V1/rules/query?pxObjClass=Rule-HTML-Section&appliesTo=Rule-Declare-Index&pyRuleName=undefined&RequestClass=Rule-HTML-Section&RequestAppliesTo=Rule-Declare-Index&RequestRuleName=undefined Payload: "{\"RequestClass\":\"Rule-HTML-Section\",\"RequestAppliesTo\":\"Rule-Declare-Index\",\"RequestRuleName\":\"undefined\"}" => HTTP 404 (18 bytes)
[PegaHttpClient] 📡 POST https://zdk8budo.pegaacademy.net/prweb/PRRestService/HRAppsV2Service/V1/rules/query?pxObjClass=Rule-HTML-Section&appliesTo=Rule-Declare-Index&pyRuleName=undefined&RequestClass=Rule-HTML-Section&RequestAppliesTo=Rule-Declare-Index&RequestRuleName=undefined Payload: "{\"RequestClass\":\"Rule-HTML-Section\",\"RequestAppliesTo\":\"Rule-Declare-Index\",\"RequestRuleName\":\"undefined\"}" => HTTP 404 (18 bytes)
[PegaHttpClient] 📡 POST https://zdk8budo.pegaacademy.net/prweb/api/HRAppsV2/V1/rules/query?pxObjClass=Rule-HTML-Section&appliesTo=Rule-Declare-Index&pyRuleName=undefined&RequestClass=Rule-HTML-Section&RequestAppliesTo=Rule-Declare-Index&RequestRuleName=undefined Payload: "{\"RequestClass\":\"Rule-HTML-Section\",\"RequestAppliesTo\":\"Rule-Declare-Index\",\"RequestRuleName\":\"undefined\"}" => HTTP 404 (18 bytes)
[PegaHttpClient] 📡 POST https://zdk8budo.pegaacademy.net/prweb/PRRestService/HRAppsV2/V1/rules/query?pxObjClass=Rule-HTML-Section&appliesTo=Rule-Declare-Index&pyRuleName=undefined&RequestClass=Rule-HTML-Section&RequestAppliesTo=Rule-Declare-Index&RequestRuleName=undefined Payload: "{\"RequestClass\":\"Rule-HTML-Section\",\"RequestAppliesTo\":\"Rule-Declare-Index\",\"RequestRuleName\":\"undefined\"}" => HTTP 404 (18 bytes)
[PegaHttpClient] 📡 POST https://zdk8budo.pegaacademy.net/prweb/api/v1/rules/query?pxObjClass=Rule-HTML-Section&appliesTo=Rule-Declare-Index&pyRuleName=undefined&RequestClass=Rule-HTML-Section&RequestAppliesTo=Rule-Declare-Index&RequestRuleName=undefined Payload: "{\"RequestClass\":\"Rule-HTML-Section\",\"RequestAppliesTo\":\"Rule-Declare-Index\",\"RequestRuleName\":\"undefined\"}" => HTTP 404 (18 bytes)
[PegaHttpClient] 📡 POST https://zdk8budo.pegaacademy.net/prweb/PRRestService/v1/rules/query?pxObjClass=Rule-HTML-Section&appliesTo=Rule-Declare-Index&pyRuleName=undefined&RequestClass=Rule-HTML-Section&RequestAppliesTo=Rule-Declare-Index&RequestRuleName=undefined Payload: "{\"RequestClass\":\"Rule-HTML-Section\",\"RequestAppliesTo\":\"Rule-Declare-Index\",\"RequestRuleName\":\"undefined\"}" => HTTP 404 (18 bytes)
[PegaHttpClient] 📡 POST https://zdk8budo.pegaacademy.net/prweb/api/CodeIntelligence/v1/rules/query?pxObjClass=Rule-HTML-Section&appliesTo=Rule-Declare-Index&pyRuleName=pzRuleFormToolbarHotKeys&RequestClass=Rule-HTML-Section&RequestAppliesTo=Rule-Declare-Index&RequestRuleName=pzRuleFormToolbarHotKeys Payload: "{\"RequestClass\":\"Rule-HTML-Section\",\"RequestAppliesTo\":\"Rule-Declare-Index\",\"RequestRuleName\":\"pzRuleFormToolbarHotKeys\"}" => HTTP 200 (85058 bytes)
[PegaHttpClient] 📡 POST https://zdk8budo.pegaacademy.net/prweb/api/CodeIntelligence/v1/rules/query?pxObjClass=Rule-HTML-Section&appliesTo=Rule-Declare-Index&pyRuleName=pzRuleFormToolbarLockedIcon&RequestClass=Rule-HTML-Section&RequestAppliesTo=Rule-Declare-Index&RequestRuleName=pzRuleFormToolbarLockedIcon Payload: "{\"RequestClass\":\"Rule-HTML-Section\",\"RequestAppliesTo\":\"Rule-Declare-Index\",\"RequestRuleName\":\"pzRuleFormToolbarLockedIcon\"}" => HTTP 200 (24898 bytes)
[PegaHttpClient] 📡 POST https://zdk8budo.pegaacademy.net/prweb/api/CodeIntelligence/v1/rules/query?pxObjClass=Rule-HTML-Section&appliesTo=Rule-Declare-Index&pyRuleName=pzRuleFormToolbarCollaborators&RequestClass=Rule-HTML-Section&RequestAppliesTo=Rule-Declare-Index&RequestRuleName=pzRuleFormToolbarCollaborators Payload: "{\"RequestClass\":\"Rule-HTML-Section\",\"RequestAppliesTo\":\"Rule-Declare-Index\",\"RequestRuleName\":\"pzRuleFormToolbarCollaborators\"}" => HTTP 200 (15254 bytes)
[PegaHttpClient] 📡 POST https://zdk8budo.pegaacademy.net/prweb/api/CodeIntelligence/v1/rules/query?pxObjClass=Rule-HTML-Section&appliesTo=Rule-Declare-Index&pyRuleName=pzRuleFormToolbarSaveAs&RequestClass=Rule-HTML-Section&RequestAppliesTo=Rule-Declare-Index&RequestRuleName=pzRuleFormToolbarSaveAs Payload: "{\"RequestClass\":\"Rule-HTML-Section\",\"RequestAppliesTo\":\"Rule-Declare-Index\",\"RequestRuleName\":\"pzRuleFormToolbarSaveAs\"}" => HTTP 200 (64084 bytes)
[PegaHttpClient] 📡 POST https://zdk8budo.pegaacademy.net/prweb/api/CodeIntelligence/v1/rules/query?pxObjClass=Rule-HTML-Section&appliesTo=Rule-Declare-Index&pyRuleName=pzRuleFormToolbarCheckin&RequestClass=Rule-HTML-Section&RequestAppliesTo=Rule-Declare-Index&RequestRuleName=pzRuleFormToolbarCheckin Payload: "{\"RequestClass\":\"Rule-HTML-Section\",\"RequestAppliesTo\":\"Rule-Declare-Index\",\"RequestRuleName\":\"pzRuleFormToolbarCheckin\"}" => HTTP 200 (119096 bytes)
[PegaHttpClient] 📡 POST https://zdk8budo.pegaacademy.net/prweb/api/CodeIntelligence/v1/rules/query?pxObjClass=Rule-HTML-Section&appliesTo=Rule-Declare-Index&pyRuleName=pzRuleFormToolbarDelete&RequestClass=Rule-HTML-Section&RequestAppliesTo=Rule-Declare-Index&RequestRuleName=pzRuleFormToolbarDelete Payload: "{\"RequestClass\":\"Rule-HTML-Section\",\"RequestAppliesTo\":\"Rule-Declare-Index\",\"RequestRuleName\":\"pzRuleFormToolbarDelete\"}" => HTTP 200 (30249 bytes)
[PegaHttpClient] 📡 POST https://zdk8budo.pegaacademy.net/prweb/api/CodeIntelligence/v1/rules/query?pxObjClass=Rule-HTML-Section&appliesTo=Rule-Declare-Index&pyRuleName=pzRuleFormToolbarSave&RequestClass=Rule-HTML-Section&RequestAppliesTo=Rule-Declare-Index&RequestRuleName=pzRuleFormToolbarSave Payload: "{\"RequestClass\":\"Rule-HTML-Section\",\"RequestAppliesTo\":\"Rule-Declare-Index\",\"RequestRuleName\":\"pzRuleFormToolbarSave\"}" => HTTP 200 (293885 bytes)
[PegaHttpClient] 📡 POST https://zdk8budo.pegaacademy.net/prweb/api/CodeIntelligence/v1/rules/query?pxObjClass=Rule-HTML-Section&appliesTo=Rule-Declare-Index&pyRuleName=pzRuleFormToolbarCheckout&RequestClass=Rule-HTML-Section&RequestAppliesTo=Rule-Declare-Index&RequestRuleName=pzRuleFormToolbarCheckout Payload: "{\"RequestClass\":\"Rule-HTML-Section\",\"RequestAppliesTo\":\"Rule-Declare-Index\",\"RequestRuleName\":\"pzRuleFormToolbarCheckout\"}" => HTTP 200 (238148 bytes)
[PegaHttpClient] 📡 POST https://zdk8budo.pegaacademy.net/prweb/api/CodeIntelligence/v1/rules/query?pxObjClass=Rule-HTML-Section&appliesTo=Rule-Declare-Index&pyRuleName=pzRemoveErrorsDataPage&RequestClass=Rule-HTML-Section&RequestAppliesTo=Rule-Declare-Index&RequestRuleName=pzRemoveErrorsDataPage Payload: "{\"RequestClass\":\"Rule-HTML-Section\",\"RequestAppliesTo\":\"Rule-Declare-Index\",\"RequestRuleName\":\"pzRemoveErrorsDataPage\"}" => HTTP 200 (16733 bytes)
[PegaHttpClient] 📡 POST https://zdk8budo.pegaacademy.net/prweb/api/CodeIntelligence/v1/rules/query?pxObjClass=Rule-HTML-Section&appliesTo=Rule-Declare-Index&pyRuleName=pzRuleFormHeaderMessagesWrapper&RequestClass=Rule-HTML-Section&RequestAppliesTo=Rule-Declare-Index&RequestRuleName=pzRuleFormHeaderMessagesWrapper Payload: "{\"RequestClass\":\"Rule-HTML-Section\",\"RequestAppliesTo\":\"Rule-Declare-Index\",\"RequestRuleName\":\"pzRuleFormHeaderMessagesWrapper\"}" => HTTP 200 (16981 bytes)
[PegaHttpClient] 📡 POST https://zdk8budo.pegaacademy.net/prweb/api/CodeIntelligence/v1/rules/query?pxObjClass=Rule-HTML-Section&appliesTo=Rule-Declare-Index&pyRuleName=pzSpecificationName&RequestClass=Rule-HTML-Section&RequestAppliesTo=Rule-Declare-Index&RequestRuleName=pzSpecificationName Payload: "{\"RequestClass\":\"Rule-HTML-Section\",\"RequestAppliesTo\":\"Rule-Declare-Index\",\"RequestRuleName\":\"pzSpecificationName\"}" => HTTP 404 (115 bytes)
[PegaHttpClient] 📡 POST https://zdk8budo.pegaacademy.net/prweb/PRRestService/CodeIntelligence/v1/rules/query?pxObjClass=Rule-HTML-Section&appliesTo=Rule-Declare-Index&pyRuleName=pzSpecificationName&RequestClass=Rule-HTML-Section&RequestAppliesTo=Rule-Declare-Index&RequestRuleName=pzSpecificationName Payload: "{\"RequestClass\":\"Rule-HTML-Section\",\"RequestAppliesTo\":\"Rule-Declare-Index\",\"RequestRuleName\":\"pzSpecificationName\"}" => HTTP 404 (115 bytes)
[PegaHttpClient] 📡 POST https://zdk8budo.pegaacademy.net/prweb/api/HRAppsV2Service/V1/rules/query?pxObjClass=Rule-HTML-Section&appliesTo=Rule-Declare-Index&pyRuleName=pzSpecificationName&RequestClass=Rule-HTML-Section&RequestAppliesTo=Rule-Declare-Index&RequestRuleName=pzSpecificationName Payload: "{\"RequestClass\":\"Rule-HTML-Section\",\"RequestAppliesTo\":\"Rule-Declare-Index\",\"RequestRuleName\":\"pzSpecificationName\"}" => HTTP 404 (18 bytes)
[PegaHttpClient] 📡 POST https://zdk8budo.pegaacademy.net/prweb/PRRestService/HRAppsV2Service/V1/rules/query?pxObjClass=Rule-HTML-Section&appliesTo=Rule-Declare-Index&pyRuleName=pzSpecificationName&RequestClass=Rule-HTML-Section&RequestAppliesTo=Rule-Declare-Index&RequestRuleName=pzSpecificationName Payload: "{\"RequestClass\":\"Rule-HTML-Section\",\"RequestAppliesTo\":\"Rule-Declare-Index\",\"RequestRuleName\":\"pzSpecificationName\"}" => HTTP 404 (18 bytes)
[PegaHttpClient] 📡 POST https://zdk8budo.pegaacademy.net/prweb/api/HRAppsV2/V1/rules/query?pxObjClass=Rule-HTML-Section&appliesTo=Rule-Declare-Index&pyRuleName=pzSpecificationName&RequestClass=Rule-HTML-Section&RequestAppliesTo=Rule-Declare-Index&RequestRuleName=pzSpecificationName Payload: "{\"RequestClass\":\"Rule-HTML-Section\",\"RequestAppliesTo\":\"Rule-Declare-Index\",\"RequestRuleName\":\"pzSpecificationName\"}" => HTTP 404 (18 bytes)
[PegaHttpClient] 📡 POST https://zdk8budo.pegaacademy.net/prweb/PRRestService/HRAppsV2/V1/rules/query?pxObjClass=Rule-HTML-Section&appliesTo=Rule-Declare-Index&pyRuleName=pzSpecificationName&RequestClass=Rule-HTML-Section&RequestAppliesTo=Rule-Declare-Index&RequestRuleName=pzSpecificationName Payload: "{\"RequestClass\":\"Rule-HTML-Section\",\"RequestAppliesTo\":\"Rule-Declare-Index\",\"RequestRuleName\":\"pzSpecificationName\"}" => HTTP 404 (18 bytes)
[PegaHttpClient] 📡 POST https://zdk8budo.pegaacademy.net/prweb/api/v1/rules/query?pxObjClass=Rule-HTML-Section&appliesTo=Rule-Declare-Index&pyRuleName=pzSpecificationName&RequestClass=Rule-HTML-Section&RequestAppliesTo=Rule-Declare-Index&RequestRuleName=pzSpecificationName Payload: "{\"RequestClass\":\"Rule-HTML-Section\",\"RequestAppliesTo\":\"Rule-Declare-Index\",\"RequestRuleName\":\"pzSpecificationName\"}" => HTTP 404 (18 bytes)
[PegaHttpClient] 📡 POST https://zdk8budo.pegaacademy.net/prweb/PRRestService/v1/rules/query?pxObjClass=Rule-HTML-Section&appliesTo=Rule-Declare-Index&pyRuleName=pzSpecificationName&RequestClass=Rule-HTML-Section&RequestAppliesTo=Rule-Declare-Index&RequestRuleName=pzSpecificationName Payload: "{\"RequestClass\":\"Rule-HTML-Section\",\"RequestAppliesTo\":\"Rule-Declare-Index\",\"RequestRuleName\":\"pzSpecificationName\"}" => HTTP 404 (18 bytes)
[PegaHttpClient] 📡 POST https://zdk8budo.pegaacademy.net/prweb/api/CodeIntelligence/v1/rules/query?pxObjClass=Rule-HTML-Section&appliesTo=Rule-Declare-Index&pyRuleName=pzScm_RuleHistory&RequestClass=Rule-HTML-Section&RequestAppliesTo=Rule-Declare-Index&RequestRuleName=pzScm_RuleHistory Payload: "{\"RequestClass\":\"Rule-HTML-Section\",\"RequestAppliesTo\":\"Rule-Declare-Index\",\"RequestRuleName\":\"pzScm_RuleHistory\"}" => HTTP 200 (14682 bytes)
[PegaHttpClient] 📡 POST https://zdk8budo.pegaacademy.net/prweb/api/CodeIntelligence/v1/rules/query?pxObjClass=Rule-HTML-Section&appliesTo=Rule-Declare-Index&pyRuleName=pxDisplayCollaborators&RequestClass=Rule-HTML-Section&RequestAppliesTo=Rule-Declare-Index&RequestRuleName=pxDisplayCollaborators Payload: "{\"RequestClass\":\"Rule-HTML-Section\",\"RequestAppliesTo\":\"Rule-Declare-Index\",\"RequestRuleName\":\"pxDisplayCollaborators\"}" => HTTP 200 (94171 bytes)
[PegaHttpClient] 📡 POST https://zdk8budo.pegaacademy.net/prweb/api/CodeIntelligence/v1/rules/query?pxObjClass=Rule-HTML-Section&appliesTo=Rule-Declare-Index&pyRuleName=pzRuleFormToolbarDeleteCheckOut&RequestClass=Rule-HTML-Section&RequestAppliesTo=Rule-Declare-Index&RequestRuleName=pzRuleFormToolbarDeleteCheckOut Payload: "{\"RequestClass\":\"Rule-HTML-Section\",\"RequestAppliesTo\":\"Rule-Declare-Index\",\"RequestRuleName\":\"pzRuleFormToolbarDeleteCheckOut\"}" => HTTP 200 (29433 bytes)
[PegaHttpClient] 📡 POST https://zdk8budo.pegaacademy.net/prweb/api/CodeIntelligence/v1/rules/query?pxObjClass=Rule-HTML-Section&appliesTo=Rule-Declare-Index&pyRuleName=pzRuleFormToolbarDeleteRule&RequestClass=Rule-HTML-Section&RequestAppliesTo=Rule-Declare-Index&RequestRuleName=pzRuleFormToolbarDeleteRule Payload: "{\"RequestClass\":\"Rule-HTML-Section\",\"RequestAppliesTo\":\"Rule-Declare-Index\",\"RequestRuleName\":\"pzRuleFormToolbarDeleteRule\"}" => HTTP 200 (32314 bytes)
[PegaHttpClient] 📡 POST https://zdk8budo.pegaacademy.net/prweb/api/CodeIntelligence/v1/rules/query?pxObjClass=Rule-HTML-Section&appliesTo=Rule-Declare-Index&pyRuleName=pzLoadCollaborationScripts&RequestClass=Rule-HTML-Section&RequestAppliesTo=Rule-Declare-Index&RequestRuleName=pzLoadCollaborationScripts Payload: "{\"RequestClass\":\"Rule-HTML-Section\",\"RequestAppliesTo\":\"Rule-Declare-Index\",\"RequestRuleName\":\"pzLoadCollaborationScripts\"}" => HTTP 200 (23453 bytes)
[PegaHttpClient] 📡 POST https://zdk8budo.pegaacademy.net/prweb/api/CodeIntelligence/v1/rules/query?pxObjClass=Rule-HTML-Section&appliesTo=Rule-Declare-Index&pyRuleName=pzDisplayCollaboratorsList&RequestClass=Rule-HTML-Section&RequestAppliesTo=Rule-Declare-Index&RequestRuleName=pzDisplayCollaboratorsList Payload: "{\"RequestClass\":\"Rule-HTML-Section\",\"RequestAppliesTo\":\"Rule-Declare-Index\",\"RequestRuleName\":\"pzDisplayCollaboratorsList\"}" => HTTP 200 (105418 bytes)
[PegaHttpClient] 📡 POST https://zdk8budo.pegaacademy.net/prweb/api/CodeIntelligence/v1/rules/query?pxObjClass=Rule-HTML-Section&appliesTo=Rule-Declare-Index&pyRuleName=pyCollaborator&RequestClass=Rule-HTML-Section&RequestAppliesTo=Rule-Declare-Index&RequestRuleName=pyCollaborator Payload: "{\"RequestClass\":\"Rule-HTML-Section\",\"RequestAppliesTo\":\"Rule-Declare-Index\",\"RequestRuleName\":\"pyCollaborator\"}" => HTTP 404 (110 bytes)
[PegaHttpClient] 📡 POST https://zdk8budo.pegaacademy.net/prweb/PRRestService/CodeIntelligence/v1/rules/query?pxObjClass=Rule-HTML-Section&appliesTo=Rule-Declare-Index&pyRuleName=pyCollaborator&RequestClass=Rule-HTML-Section&RequestAppliesTo=Rule-Declare-Index&RequestRuleName=pyCollaborator Payload: "{\"RequestClass\":\"Rule-HTML-Section\",\"RequestAppliesTo\":\"Rule-Declare-Index\",\"RequestRuleName\":\"pyCollaborator\"}" => HTTP 404 (110 bytes)
[PegaHttpClient] 📡 POST https://zdk8budo.pegaacademy.net/prweb/api/HRAppsV2Service/V1/rules/query?pxObjClass=Rule-HTML-Section&appliesTo=Rule-Declare-Index&pyRuleName=pyCollaborator&RequestClass=Rule-HTML-Section&RequestAppliesTo=Rule-Declare-Index&RequestRuleName=pyCollaborator Payload: "{\"RequestClass\":\"Rule-HTML-Section\",\"RequestAppliesTo\":\"Rule-Declare-Index\",\"RequestRuleName\":\"pyCollaborator\"}" => HTTP 404 (18 bytes)
[PegaHttpClient] 📡 POST https://zdk8budo.pegaacademy.net/prweb/PRRestService/HRAppsV2Service/V1/rules/query?pxObjClass=Rule-HTML-Section&appliesTo=Rule-Declare-Index&pyRuleName=pyCollaborator&RequestClass=Rule-HTML-Section&RequestAppliesTo=Rule-Declare-Index&RequestRuleName=pyCollaborator Payload: "{\"RequestClass\":\"Rule-HTML-Section\",\"RequestAppliesTo\":\"Rule-Declare-Index\",\"RequestRuleName\":\"pyCollaborator\"}" => HTTP 404 (18 bytes)
[PegaHttpClient] 📡 POST https://zdk8budo.pegaacademy.net/prweb/api/HRAppsV2/V1/rules/query?pxObjClass=Rule-HTML-Section&appliesTo=Rule-Declare-Index&pyRuleName=pyCollaborator&RequestClass=Rule-HTML-Section&RequestAppliesTo=Rule-Declare-Index&RequestRuleName=pyCollaborator Payload: "{\"RequestClass\":\"Rule-HTML-Section\",\"RequestAppliesTo\":\"Rule-Declare-Index\",\"RequestRuleName\":\"pyCollaborator\"}" => HTTP 404 (18 bytes)
[PegaHttpClient] 📡 POST https://zdk8budo.pegaacademy.net/prweb/PRRestService/HRAppsV2/V1/rules/query?pxObjClass=Rule-HTML-Section&appliesTo=Rule-Declare-Index&pyRuleName=pyCollaborator&RequestClass=Rule-HTML-Section&RequestAppliesTo=Rule-Declare-Index&RequestRuleName=pyCollaborator Payload: "{\"RequestClass\":\"Rule-HTML-Section\",\"RequestAppliesTo\":\"Rule-Declare-Index\",\"RequestRuleName\":\"pyCollaborator\"}" => HTTP 404 (18 bytes)
[PegaHttpClient] 📡 POST https://zdk8budo.pegaacademy.net/prweb/api/v1/rules/query?pxObjClass=Rule-HTML-Section&appliesTo=Rule-Declare-Index&pyRuleName=pyCollaborator&RequestClass=Rule-HTML-Section&RequestAppliesTo=Rule-Declare-Index&RequestRuleName=pyCollaborator Payload: "{\"RequestClass\":\"Rule-HTML-Section\",\"RequestAppliesTo\":\"Rule-Declare-Index\",\"RequestRuleName\":\"pyCollaborator\"}" => HTTP 404 (18 bytes)
[PegaHttpClient] 📡 POST https://zdk8budo.pegaacademy.net/prweb/PRRestService/v1/rules/query?pxObjClass=Rule-HTML-Section&appliesTo=Rule-Declare-Index&pyRuleName=pyCollaborator&RequestClass=Rule-HTML-Section&RequestAppliesTo=Rule-Declare-Index&RequestRuleName=pyCollaborator Payload: "{\"RequestClass\":\"Rule-HTML-Section\",\"RequestAppliesTo\":\"Rule-Declare-Index\",\"RequestRuleName\":\"pyCollaborator\"}" => HTTP 404 (18 bytes)
[PegaHttpClient] 📡 POST https://zdk8budo.pegaacademy.net/prweb/api/CodeIntelligence/v1/rules/query?pxObjClass=Rule-HTML-Section&appliesTo=Rule-Declare-Index&pyRuleName=pzDisplayPartialCount&RequestClass=Rule-HTML-Section&RequestAppliesTo=Rule-Declare-Index&RequestRuleName=pzDisplayPartialCount Payload: "{\"RequestClass\":\"Rule-HTML-Section\",\"RequestAppliesTo\":\"Rule-Declare-Index\",\"RequestRuleName\":\"pzDisplayPartialCount\"}" => HTTP 404 (117 bytes)
[PegaHttpClient] 📡 POST https://zdk8budo.pegaacademy.net/prweb/PRRestService/CodeIntelligence/v1/rules/query?pxObjClass=Rule-HTML-Section&appliesTo=Rule-Declare-Index&pyRuleName=pzDisplayPartialCount&RequestClass=Rule-HTML-Section&RequestAppliesTo=Rule-Declare-Index&RequestRuleName=pzDisplayPartialCount Payload: "{\"RequestClass\":\"Rule-HTML-Section\",\"RequestAppliesTo\":\"Rule-Declare-Index\",\"RequestRuleName\":\"pzDisplayPartialCount\"}" => HTTP 404 (117 bytes)
[PegaHttpClient] 📡 POST https://zdk8budo.pegaacademy.net/prweb/api/HRAppsV2Service/V1/rules/query?pxObjClass=Rule-HTML-Section&appliesTo=Rule-Declare-Index&pyRuleName=pzDisplayPartialCount&RequestClass=Rule-HTML-Section&RequestAppliesTo=Rule-Declare-Index&RequestRuleName=pzDisplayPartialCount Payload: "{\"RequestClass\":\"Rule-HTML-Section\",\"RequestAppliesTo\":\"Rule-Declare-Index\",\"RequestRuleName\":\"pzDisplayPartialCount\"}" => HTTP 404 (18 bytes)
[PegaHttpClient] 📡 POST https://zdk8budo.pegaacademy.net/prweb/PRRestService/HRAppsV2Service/V1/rules/query?pxObjClass=Rule-HTML-Section&appliesTo=Rule-Declare-Index&pyRuleName=pzDisplayPartialCount&RequestClass=Rule-HTML-Section&RequestAppliesTo=Rule-Declare-Index&RequestRuleName=pzDisplayPartialCount Payload: "{\"RequestClass\":\"Rule-HTML-Section\",\"RequestAppliesTo\":\"Rule-Declare-Index\",\"RequestRuleName\":\"pzDisplayPartialCount\"}" => HTTP 404 (18 bytes)
[PegaHttpClient] 📡 POST https://zdk8budo.pegaacademy.net/prweb/api/HRAppsV2/V1/rules/query?pxObjClass=Rule-HTML-Section&appliesTo=Rule-Declare-Index&pyRuleName=pzDisplayPartialCount&RequestClass=Rule-HTML-Section&RequestAppliesTo=Rule-Declare-Index&RequestRuleName=pzDisplayPartialCount Payload: "{\"RequestClass\":\"Rule-HTML-Section\",\"RequestAppliesTo\":\"Rule-Declare-Index\",\"RequestRuleName\":\"pzDisplayPartialCount\"}" => HTTP 404 (18 bytes)
[PegaHttpClient] 📡 POST https://zdk8budo.pegaacademy.net/prweb/PRRestService/HRAppsV2/V1/rules/query?pxObjClass=Rule-HTML-Section&appliesTo=Rule-Declare-Index&pyRuleName=pzDisplayPartialCount&RequestClass=Rule-HTML-Section&RequestAppliesTo=Rule-Declare-Index&RequestRuleName=pzDisplayPartialCount Payload: "{\"RequestClass\":\"Rule-HTML-Section\",\"RequestAppliesTo\":\"Rule-Declare-Index\",\"RequestRuleName\":\"pzDisplayPartialCount\"}" => HTTP 404 (18 bytes)
[PegaHttpClient] 📡 POST https://zdk8budo.pegaacademy.net/prweb/api/v1/rules/query?pxObjClass=Rule-HTML-Section&appliesTo=Rule-Declare-Index&pyRuleName=pzDisplayPartialCount&RequestClass=Rule-HTML-Section&RequestAppliesTo=Rule-Declare-Index&RequestRuleName=pzDisplayPartialCount Payload: "{\"RequestClass\":\"Rule-HTML-Section\",\"RequestAppliesTo\":\"Rule-Declare-Index\",\"RequestRuleName\":\"pzDisplayPartialCount\"}" => HTTP 404 (18 bytes)
[PegaHttpClient] 📡 POST https://zdk8budo.pegaacademy.net/prweb/PRRestService/v1/rules/query?pxObjClass=Rule-HTML-Section&appliesTo=Rule-Declare-Index&pyRuleName=pzDisplayPartialCount&RequestClass=Rule-HTML-Section&RequestAppliesTo=Rule-Declare-Index&RequestRuleName=pzDisplayPartialCount Payload: "{\"RequestClass\":\"Rule-HTML-Section\",\"RequestAppliesTo\":\"Rule-Declare-Index\",\"RequestRuleName\":\"pzDisplayPartialCount\"}" => HTTP 404 (18 bytes)
[SchemaGen] ✅ Schema written for Rule-Declare-Index
[PegaHttpClient] 📡 GET https://zdk8budo.pegaacademy.net/prweb/api/CodeIntelligence/v1/rules/RULE-HTML-HARNESS%20RULE-DECLARE-CASEMATCH%20RULEFORM%20%2320180713T135119.109%20GMT => HTTP 200 (40059 bytes)
[PegaHttpClient] 📡 POST https://zdk8budo.pegaacademy.net/prweb/api/CodeIntelligence/v1/rules/query?pxObjClass=Rule-HTML-Section&appliesTo=Rule-Declare-CaseMatch&pyRuleName=RuleFormMain&RequestClass=Rule-HTML-Section&RequestAppliesTo=Rule-Declare-CaseMatch&RequestRuleName=RuleFormMain Payload: "{\"RequestClass\":\"Rule-HTML-Section\",\"RequestAppliesTo\":\"Rule-Declare-CaseMatch\",\"RequestRuleName\":\"RuleFormMain\"}" => HTTP 200 (156234 bytes)
[PegaHttpClient] 📡 POST https://zdk8budo.pegaacademy.net/prweb/api/CodeIntelligence/v1/rules/query?pxObjClass=Rule-HTML-Section&appliesTo=Rule-Declare-CaseMatch&pyRuleName=pxAlternateRuleForm&RequestClass=Rule-HTML-Section&RequestAppliesTo=Rule-Declare-CaseMatch&RequestRuleName=pxAlternateRuleForm Payload: "{\"RequestClass\":\"Rule-HTML-Section\",\"RequestAppliesTo\":\"Rule-Declare-CaseMatch\",\"RequestRuleName\":\"pxAlternateRuleForm\"}" => HTTP 200 (66153 bytes)
[PegaHttpClient] 📡 POST https://zdk8budo.pegaacademy.net/prweb/api/CodeIntelligence/v1/rules/query?pxObjClass=Rule-HTML-Section&appliesTo=Rule-Declare-CaseMatch&pyRuleName=pzRuleFormScripts&RequestClass=Rule-HTML-Section&RequestAppliesTo=Rule-Declare-CaseMatch&RequestRuleName=pzRuleFormScripts Payload: "{\"RequestClass\":\"Rule-HTML-Section\",\"RequestAppliesTo\":\"Rule-Declare-CaseMatch\",\"RequestRuleName\":\"pzRuleFormScripts\"}" => HTTP 200 (40822 bytes)
[PegaHttpClient] 📡 POST https://zdk8budo.pegaacademy.net/prweb/api/CodeIntelligence/v1/rules/query?pxObjClass=Rule-HTML-Section&appliesTo=Rule-Declare-CaseMatch&pyRuleName=pzRuleFormLayoutDelegated&RequestClass=Rule-HTML-Section&RequestAppliesTo=Rule-Declare-CaseMatch&RequestRuleName=pzRuleFormLayoutDelegated Payload: "{\"RequestClass\":\"Rule-HTML-Section\",\"RequestAppliesTo\":\"Rule-Declare-CaseMatch\",\"RequestRuleName\":\"pzRuleFormLayoutDelegated\"}" => HTTP 200 (70998 bytes)
[PegaHttpClient] 📡 POST https://zdk8budo.pegaacademy.net/prweb/api/CodeIntelligence/v1/rules/query?pxObjClass=Rule-HTML-Section&appliesTo=Rule-Declare-CaseMatch&pyRuleName=RuleFormLayout&RequestClass=Rule-HTML-Section&RequestAppliesTo=Rule-Declare-CaseMatch&RequestRuleName=RuleFormLayout Payload: "{\"RequestClass\":\"Rule-HTML-Section\",\"RequestAppliesTo\":\"Rule-Declare-CaseMatch\",\"RequestRuleName\":\"RuleFormLayout\"}" => HTTP 200 (152155 bytes)
[PegaHttpClient] 📡 POST https://zdk8budo.pegaacademy.net/prweb/api/CodeIntelligence/v1/rules/query?pxObjClass=Rule-HTML-Section&appliesTo=Rule-Declare-CaseMatch&pyRuleName=RuleFormSettings&RequestClass=Rule-HTML-Section&RequestAppliesTo=Rule-Declare-CaseMatch&RequestRuleName=RuleFormSettings Payload: "{\"RequestClass\":\"Rule-HTML-Section\",\"RequestAppliesTo\":\"Rule-Declare-CaseMatch\",\"RequestRuleName\":\"RuleFormSettings\"}" => HTTP 200 (20540 bytes)
[PegaHttpClient] 📡 POST https://zdk8budo.pegaacademy.net/prweb/api/CodeIntelligence/v1/rules/query?pxObjClass=Rule-HTML-Section&appliesTo=Rule-Declare-CaseMatch&pyRuleName=OpenAuthoring&RequestClass=Rule-HTML-Section&RequestAppliesTo=Rule-Declare-CaseMatch&RequestRuleName=OpenAuthoring Payload: "{\"RequestClass\":\"Rule-HTML-Section\",\"RequestAppliesTo\":\"Rule-Declare-CaseMatch\",\"RequestRuleName\":\"OpenAuthoring\"}" => HTTP 200 (23695 bytes)
[PegaHttpClient] 📡 POST https://zdk8budo.pegaacademy.net/prweb/api/CodeIntelligence/v1/rules/query?pxObjClass=Rule-HTML-Section&appliesTo=Rule-Declare-CaseMatch&pyRuleName=pyCustomHelp&RequestClass=Rule-HTML-Section&RequestAppliesTo=Rule-Declare-CaseMatch&RequestRuleName=pyCustomHelp Payload: "{\"RequestClass\":\"Rule-HTML-Section\",\"RequestAppliesTo\":\"Rule-Declare-CaseMatch\",\"RequestRuleName\":\"pyCustomHelp\"}" => HTTP 200 (17256 bytes)
[PegaHttpClient] 📡 POST https://zdk8budo.pegaacademy.net/prweb/api/CodeIntelligence/v1/rules/query?pxObjClass=Rule-HTML-Section&appliesTo=Rule-Declare-CaseMatch&pyRuleName=pzRuleformMainInclude&RequestClass=Rule-HTML-Section&RequestAppliesTo=Rule-Declare-CaseMatch&RequestRuleName=pzRuleformMainInclude Payload: "{\"RequestClass\":\"Rule-HTML-Section\",\"RequestAppliesTo\":\"Rule-Declare-CaseMatch\",\"RequestRuleName\":\"pzRuleformMainInclude\"}" => HTTP 200 (22375 bytes)
[PegaHttpClient] 📡 POST https://zdk8budo.pegaacademy.net/prweb/api/CodeIntelligence/v1/rules/query?pxObjClass=Rule-HTML-Section&appliesTo=Rule-Declare-CaseMatch&pyRuleName=pyAlternativeRuleFormStrategicAppExtension&RequestClass=Rule-HTML-Section&RequestAppliesTo=Rule-Declare-CaseMatch&RequestRuleName=pyAlternativeRuleFormStrategicAppExtension Payload: "{\"RequestClass\":\"Rule-HTML-Section\",\"RequestAppliesTo\":\"Rule-Declare-CaseMatch\",\"RequestRuleName\":\"pyAlternativeRuleFormStrategicAppExtension\"}" => HTTP 200 (25042 bytes)
[PegaHttpClient] 📡 POST https://zdk8budo.pegaacademy.net/prweb/api/CodeIntelligence/v1/rules/query?pxObjClass=Rule-HTML-Section&appliesTo=Rule-Declare-CaseMatch&pyRuleName=pyAlternativeRuleFormExtension&RequestClass=Rule-HTML-Section&RequestAppliesTo=Rule-Declare-CaseMatch&RequestRuleName=pyAlternativeRuleFormExtension Payload: "{\"RequestClass\":\"Rule-HTML-Section\",\"RequestAppliesTo\":\"Rule-Declare-CaseMatch\",\"RequestRuleName\":\"pyAlternativeRuleFormExtension\"}" => HTTP 200 (24863 bytes)
[PegaHttpClient] 📡 POST https://zdk8budo.pegaacademy.net/prweb/api/CodeIntelligence/v1/rules/query?pxObjClass=Rule-HTML-Section&appliesTo=Rule-Declare-CaseMatch&pyRuleName=RuleFormHeader&RequestClass=Rule-HTML-Section&RequestAppliesTo=Rule-Declare-CaseMatch&RequestRuleName=RuleFormHeader Payload: "{\"RequestClass\":\"Rule-HTML-Section\",\"RequestAppliesTo\":\"Rule-Declare-CaseMatch\",\"RequestRuleName\":\"RuleFormHeader\"}" => HTTP 200 (183800 bytes)
[PegaHttpClient] 📡 POST https://zdk8budo.pegaacademy.net/prweb/api/CodeIntelligence/v1/rules/query?pxObjClass=Rule-HTML-Section&appliesTo=Rule-Declare-CaseMatch&pyRuleName=pzDelegationExperience&RequestClass=Rule-HTML-Section&RequestAppliesTo=Rule-Declare-CaseMatch&RequestRuleName=pzDelegationExperience Payload: "{\"RequestClass\":\"Rule-HTML-Section\",\"RequestAppliesTo\":\"Rule-Declare-CaseMatch\",\"RequestRuleName\":\"pzDelegationExperience\"}" => HTTP 404 (122 bytes)
[PegaHttpClient] 📡 POST https://zdk8budo.pegaacademy.net/prweb/PRRestService/CodeIntelligence/v1/rules/query?pxObjClass=Rule-HTML-Section&appliesTo=Rule-Declare-CaseMatch&pyRuleName=pzDelegationExperience&RequestClass=Rule-HTML-Section&RequestAppliesTo=Rule-Declare-CaseMatch&RequestRuleName=pzDelegationExperience Payload: "{\"RequestClass\":\"Rule-HTML-Section\",\"RequestAppliesTo\":\"Rule-Declare-CaseMatch\",\"RequestRuleName\":\"pzDelegationExperience\"}" => HTTP 404 (122 bytes)
[PegaHttpClient] 📡 POST https://zdk8budo.pegaacademy.net/prweb/api/HRAppsV2Service/V1/rules/query?pxObjClass=Rule-HTML-Section&appliesTo=Rule-Declare-CaseMatch&pyRuleName=pzDelegationExperience&RequestClass=Rule-HTML-Section&RequestAppliesTo=Rule-Declare-CaseMatch&RequestRuleName=pzDelegationExperience Payload: "{\"RequestClass\":\"Rule-HTML-Section\",\"RequestAppliesTo\":\"Rule-Declare-CaseMatch\",\"RequestRuleName\":\"pzDelegationExperience\"}" => HTTP 404 (18 bytes)
[PegaHttpClient] 📡 POST https://zdk8budo.pegaacademy.net/prweb/PRRestService/HRAppsV2Service/V1/rules/query?pxObjClass=Rule-HTML-Section&appliesTo=Rule-Declare-CaseMatch&pyRuleName=pzDelegationExperience&RequestClass=Rule-HTML-Section&RequestAppliesTo=Rule-Declare-CaseMatch&RequestRuleName=pzDelegationExperience Payload: "{\"RequestClass\":\"Rule-HTML-Section\",\"RequestAppliesTo\":\"Rule-Declare-CaseMatch\",\"RequestRuleName\":\"pzDelegationExperience\"}" => HTTP 404 (18 bytes)
[PegaHttpClient] 📡 POST https://zdk8budo.pegaacademy.net/prweb/api/HRAppsV2/V1/rules/query?pxObjClass=Rule-HTML-Section&appliesTo=Rule-Declare-CaseMatch&pyRuleName=pzDelegationExperience&RequestClass=Rule-HTML-Section&RequestAppliesTo=Rule-Declare-CaseMatch&RequestRuleName=pzDelegationExperience Payload: "{\"RequestClass\":\"Rule-HTML-Section\",\"RequestAppliesTo\":\"Rule-Declare-CaseMatch\",\"RequestRuleName\":\"pzDelegationExperience\"}" => HTTP 404 (18 bytes)
[PegaHttpClient] 📡 POST https://zdk8budo.pegaacademy.net/prweb/PRRestService/HRAppsV2/V1/rules/query?pxObjClass=Rule-HTML-Section&appliesTo=Rule-Declare-CaseMatch&pyRuleName=pzDelegationExperience&RequestClass=Rule-HTML-Section&RequestAppliesTo=Rule-Declare-CaseMatch&RequestRuleName=pzDelegationExperience Payload: "{\"RequestClass\":\"Rule-HTML-Section\",\"RequestAppliesTo\":\"Rule-Declare-CaseMatch\",\"RequestRuleName\":\"pzDelegationExperience\"}" => HTTP 404 (18 bytes)
[PegaHttpClient] 📡 POST https://zdk8budo.pegaacademy.net/prweb/api/v1/rules/query?pxObjClass=Rule-HTML-Section&appliesTo=Rule-Declare-CaseMatch&pyRuleName=pzDelegationExperience&RequestClass=Rule-HTML-Section&RequestAppliesTo=Rule-Declare-CaseMatch&RequestRuleName=pzDelegationExperience Payload: "{\"RequestClass\":\"Rule-HTML-Section\",\"RequestAppliesTo\":\"Rule-Declare-CaseMatch\",\"RequestRuleName\":\"pzDelegationExperience\"}" => HTTP 404 (18 bytes)
[PegaHttpClient] 📡 POST https://zdk8budo.pegaacademy.net/prweb/PRRestService/v1/rules/query?pxObjClass=Rule-HTML-Section&appliesTo=Rule-Declare-CaseMatch&pyRuleName=pzDelegationExperience&RequestClass=Rule-HTML-Section&RequestAppliesTo=Rule-Declare-CaseMatch&RequestRuleName=pzDelegationExperience Payload: "{\"RequestClass\":\"Rule-HTML-Section\",\"RequestAppliesTo\":\"Rule-Declare-CaseMatch\",\"RequestRuleName\":\"pzDelegationExperience\"}" => HTTP 404 (18 bytes)
[PegaHttpClient] 📡 POST https://zdk8budo.pegaacademy.net/prweb/api/CodeIntelligence/v1/rules/query?pxObjClass=Rule-HTML-Section&appliesTo=Rule-Declare-CaseMatch&pyRuleName=Evaluation&RequestClass=Rule-HTML-Section&RequestAppliesTo=Rule-Declare-CaseMatch&RequestRuleName=Evaluation Payload: "{\"RequestClass\":\"Rule-HTML-Section\",\"RequestAppliesTo\":\"Rule-Declare-CaseMatch\",\"RequestRuleName\":\"Evaluation\"}" => HTTP 200 (53035 bytes)
[PegaHttpClient] 📡 POST https://zdk8budo.pegaacademy.net/prweb/api/CodeIntelligence/v1/rules/query?pxObjClass=Rule-HTML-Section&appliesTo=Rule-Declare-CaseMatch&pyRuleName=Retrieval&RequestClass=Rule-HTML-Section&RequestAppliesTo=Rule-Declare-CaseMatch&RequestRuleName=Retrieval Payload: "{\"RequestClass\":\"Rule-HTML-Section\",\"RequestAppliesTo\":\"Rule-Declare-CaseMatch\",\"RequestRuleName\":\"Retrieval\"}" => HTTP 200 (174540 bytes)
[PegaHttpClient] 📡 POST https://zdk8budo.pegaacademy.net/prweb/api/CodeIntelligence/v1/rules/query?pxObjClass=Rule-HTML-Section&appliesTo=Rule-Declare-CaseMatch&pyRuleName=RuleFormPagesAndClasses&RequestClass=Rule-HTML-Section&RequestAppliesTo=Rule-Declare-CaseMatch&RequestRuleName=RuleFormPagesAndClasses Payload: "{\"RequestClass\":\"Rule-HTML-Section\",\"RequestAppliesTo\":\"Rule-Declare-CaseMatch\",\"RequestRuleName\":\"RuleFormPagesAndClasses\"}" => HTTP 200 (34748 bytes)
[PegaHttpClient] 📡 POST https://zdk8budo.pegaacademy.net/prweb/api/CodeIntelligence/v1/rules/query?pxObjClass=Rule-HTML-Section&appliesTo=Rule-Declare-CaseMatch&pyRuleName=pzSpecifications&RequestClass=Rule-HTML-Section&RequestAppliesTo=Rule-Declare-CaseMatch&RequestRuleName=pzSpecifications Payload: "{\"RequestClass\":\"Rule-HTML-Section\",\"RequestAppliesTo\":\"Rule-Declare-CaseMatch\",\"RequestRuleName\":\"pzSpecifications\"}" => HTTP 200 (16577 bytes)
[PegaHttpClient] 📡 POST https://zdk8budo.pegaacademy.net/prweb/api/CodeIntelligence/v1/rules/query?pxObjClass=Rule-HTML-Section&appliesTo=Rule-Declare-CaseMatch&pyRuleName=RuleFormHistory&RequestClass=Rule-HTML-Section&RequestAppliesTo=Rule-Declare-CaseMatch&RequestRuleName=RuleFormHistory Payload: "{\"RequestClass\":\"Rule-HTML-Section\",\"RequestAppliesTo\":\"Rule-Declare-CaseMatch\",\"RequestRuleName\":\"RuleFormHistory\"}" => HTTP 200 (76091 bytes)
[PegaHttpClient] 📡 POST https://zdk8budo.pegaacademy.net/prweb/api/CodeIntelligence/v1/rules/query?pxObjClass=Rule-HTML-Section&appliesTo=Rule-Declare-CaseMatch&pyRuleName=pzCustomHelp&RequestClass=Rule-HTML-Section&RequestAppliesTo=Rule-Declare-CaseMatch&RequestRuleName=pzCustomHelp Payload: "{\"RequestClass\":\"Rule-HTML-Section\",\"RequestAppliesTo\":\"Rule-Declare-CaseMatch\",\"RequestRuleName\":\"pzCustomHelp\"}" => HTTP 200 (31573 bytes)
[PegaHttpClient] 📡 POST https://zdk8budo.pegaacademy.net/prweb/api/CodeIntelligence/v1/rules/query?pxObjClass=Rule-HTML-Section&appliesTo=Rule-Declare-CaseMatch&pyRuleName=pzRuleFormKeysAndDescription&RequestClass=Rule-HTML-Section&RequestAppliesTo=Rule-Declare-CaseMatch&RequestRuleName=pzRuleFormKeysAndDescription Payload: "{\"RequestClass\":\"Rule-HTML-Section\",\"RequestAppliesTo\":\"Rule-Declare-CaseMatch\",\"RequestRuleName\":\"pzRuleFormKeysAndDescription\"}" => HTTP 200 (218057 bytes)
[PegaHttpClient] 📡 POST https://zdk8budo.pegaacademy.net/prweb/api/CodeIntelligence/v1/rules/query?pxObjClass=Rule-HTML-Section&appliesTo=Rule-Declare-CaseMatch&pyRuleName=pzRuleFormRuleset&RequestClass=Rule-HTML-Section&RequestAppliesTo=Rule-Declare-CaseMatch&RequestRuleName=pzRuleFormRuleset Payload: "{\"RequestClass\":\"Rule-HTML-Section\",\"RequestAppliesTo\":\"Rule-Declare-CaseMatch\",\"RequestRuleName\":\"pzRuleFormRuleset\"}" => HTTP 200 (33985 bytes)
[PegaHttpClient] 📡 POST https://zdk8budo.pegaacademy.net/prweb/api/CodeIntelligence/v1/rules/query?pxObjClass=Rule-HTML-Section&appliesTo=Rule-Declare-CaseMatch&pyRuleName=undefined&RequestClass=Rule-HTML-Section&RequestAppliesTo=Rule-Declare-CaseMatch&RequestRuleName=undefined Payload: "{\"RequestClass\":\"Rule-HTML-Section\",\"RequestAppliesTo\":\"Rule-Declare-CaseMatch\",\"RequestRuleName\":\"undefined\"}" => HTTP 404 (109 bytes)
[PegaHttpClient] 📡 POST https://zdk8budo.pegaacademy.net/prweb/PRRestService/CodeIntelligence/v1/rules/query?pxObjClass=Rule-HTML-Section&appliesTo=Rule-Declare-CaseMatch&pyRuleName=undefined&RequestClass=Rule-HTML-Section&RequestAppliesTo=Rule-Declare-CaseMatch&RequestRuleName=undefined Payload: "{\"RequestClass\":\"Rule-HTML-Section\",\"RequestAppliesTo\":\"Rule-Declare-CaseMatch\",\"RequestRuleName\":\"undefined\"}" => HTTP 404 (109 bytes)
[PegaHttpClient] 📡 POST https://zdk8budo.pegaacademy.net/prweb/api/HRAppsV2Service/V1/rules/query?pxObjClass=Rule-HTML-Section&appliesTo=Rule-Declare-CaseMatch&pyRuleName=undefined&RequestClass=Rule-HTML-Section&RequestAppliesTo=Rule-Declare-CaseMatch&RequestRuleName=undefined Payload: "{\"RequestClass\":\"Rule-HTML-Section\",\"RequestAppliesTo\":\"Rule-Declare-CaseMatch\",\"RequestRuleName\":\"undefined\"}" => HTTP 404 (18 bytes)
[PegaHttpClient] 📡 POST https://zdk8budo.pegaacademy.net/prweb/PRRestService/HRAppsV2Service/V1/rules/query?pxObjClass=Rule-HTML-Section&appliesTo=Rule-Declare-CaseMatch&pyRuleName=undefined&RequestClass=Rule-HTML-Section&RequestAppliesTo=Rule-Declare-CaseMatch&RequestRuleName=undefined Payload: "{\"RequestClass\":\"Rule-HTML-Section\",\"RequestAppliesTo\":\"Rule-Declare-CaseMatch\",\"RequestRuleName\":\"undefined\"}" => HTTP 404 (18 bytes)
[PegaHttpClient] 📡 POST https://zdk8budo.pegaacademy.net/prweb/api/HRAppsV2/V1/rules/query?pxObjClass=Rule-HTML-Section&appliesTo=Rule-Declare-CaseMatch&pyRuleName=undefined&RequestClass=Rule-HTML-Section&RequestAppliesTo=Rule-Declare-CaseMatch&RequestRuleName=undefined Payload: "{\"RequestClass\":\"Rule-HTML-Section\",\"RequestAppliesTo\":\"Rule-Declare-CaseMatch\",\"RequestRuleName\":\"undefined\"}" => HTTP 404 (18 bytes)
[PegaHttpClient] 📡 POST https://zdk8budo.pegaacademy.net/prweb/PRRestService/HRAppsV2/V1/rules/query?pxObjClass=Rule-HTML-Section&appliesTo=Rule-Declare-CaseMatch&pyRuleName=undefined&RequestClass=Rule-HTML-Section&RequestAppliesTo=Rule-Declare-CaseMatch&RequestRuleName=undefined Payload: "{\"RequestClass\":\"Rule-HTML-Section\",\"RequestAppliesTo\":\"Rule-Declare-CaseMatch\",\"RequestRuleName\":\"undefined\"}" => HTTP 404 (18 bytes)
[PegaHttpClient] 📡 POST https://zdk8budo.pegaacademy.net/prweb/api/v1/rules/query?pxObjClass=Rule-HTML-Section&appliesTo=Rule-Declare-CaseMatch&pyRuleName=undefined&RequestClass=Rule-HTML-Section&RequestAppliesTo=Rule-Declare-CaseMatch&RequestRuleName=undefined Payload: "{\"RequestClass\":\"Rule-HTML-Section\",\"RequestAppliesTo\":\"Rule-Declare-CaseMatch\",\"RequestRuleName\":\"undefined\"}" => HTTP 404 (18 bytes)
[PegaHttpClient] 📡 POST https://zdk8budo.pegaacademy.net/prweb/PRRestService/v1/rules/query?pxObjClass=Rule-HTML-Section&appliesTo=Rule-Declare-CaseMatch&pyRuleName=undefined&RequestClass=Rule-HTML-Section&RequestAppliesTo=Rule-Declare-CaseMatch&RequestRuleName=undefined Payload: "{\"RequestClass\":\"Rule-HTML-Section\",\"RequestAppliesTo\":\"Rule-Declare-CaseMatch\",\"RequestRuleName\":\"undefined\"}" => HTTP 404 (18 bytes)
[PegaHttpClient] 📡 POST https://zdk8budo.pegaacademy.net/prweb/api/CodeIntelligence/v1/rules/query?pxObjClass=Rule-HTML-Section&appliesTo=Rule-Declare-CaseMatch&pyRuleName=pzRuleFormToolbar&RequestClass=Rule-HTML-Section&RequestAppliesTo=Rule-Declare-CaseMatch&RequestRuleName=pzRuleFormToolbar Payload: "{\"RequestClass\":\"Rule-HTML-Section\",\"RequestAppliesTo\":\"Rule-Declare-CaseMatch\",\"RequestRuleName\":\"pzRuleFormToolbar\"}" => HTTP 200 (242691 bytes)
[PegaHttpClient] 📡 POST https://zdk8budo.pegaacademy.net/prweb/api/CodeIntelligence/v1/rules/query?pxObjClass=Rule-HTML-Section&appliesTo=Rule-Declare-CaseMatch&pyRuleName=pzRuleFormToolbarCompare&RequestClass=Rule-HTML-Section&RequestAppliesTo=Rule-Declare-CaseMatch&RequestRuleName=pzRuleFormToolbarCompare Payload: "{\"RequestClass\":\"Rule-HTML-Section\",\"RequestAppliesTo\":\"Rule-Declare-CaseMatch\",\"RequestRuleName\":\"pzRuleFormToolbarCompare\"}" => HTTP 200 (61925 bytes)
[PegaHttpClient] 📡 POST https://zdk8budo.pegaacademy.net/prweb/api/CodeIntelligence/v1/rules/query?pxObjClass=Rule-HTML-Section&appliesTo=Rule-Declare-CaseMatch&pyRuleName=RuleFormHeaderMessages&RequestClass=Rule-HTML-Section&RequestAppliesTo=Rule-Declare-CaseMatch&RequestRuleName=RuleFormHeaderMessages Payload: "{\"RequestClass\":\"Rule-HTML-Section\",\"RequestAppliesTo\":\"Rule-Declare-CaseMatch\",\"RequestRuleName\":\"RuleFormHeaderMessages\"}" => HTTP 200 (26518 bytes)
[PegaHttpClient] 📡 POST https://zdk8budo.pegaacademy.net/prweb/api/CodeIntelligence/v1/rules/query?pxObjClass=Rule-HTML-Section&appliesTo=Rule-Declare-CaseMatch&pyRuleName=pzMustMatchConditions&RequestClass=Rule-HTML-Section&RequestAppliesTo=Rule-Declare-CaseMatch&RequestRuleName=pzMustMatchConditions Payload: "{\"RequestClass\":\"Rule-HTML-Section\",\"RequestAppliesTo\":\"Rule-Declare-CaseMatch\",\"RequestRuleName\":\"pzMustMatchConditions\"}" => HTTP 200 (67640 bytes)
[PegaHttpClient] 📡 POST https://zdk8budo.pegaacademy.net/prweb/api/CodeIntelligence/v1/rules/query?pxObjClass=Rule-HTML-Section&appliesTo=Rule-Declare-CaseMatch&pyRuleName=pzCaseMatchWeightedConditions&RequestClass=Rule-HTML-Section&RequestAppliesTo=Rule-Declare-CaseMatch&RequestRuleName=pzCaseMatchWeightedConditions Payload: "{\"RequestClass\":\"Rule-HTML-Section\",\"RequestAppliesTo\":\"Rule-Declare-CaseMatch\",\"RequestRuleName\":\"pzCaseMatchWeightedConditions\"}" => HTTP 200 (70469 bytes)
[PegaHttpClient] 📡 POST https://zdk8budo.pegaacademy.net/prweb/api/CodeIntelligence/v1/rules/query?pxObjClass=Rule-HTML-Section&appliesTo=Rule-Declare-CaseMatch&pyRuleName=pyCaseMatchEvaluationCriteria&RequestClass=Rule-HTML-Section&RequestAppliesTo=Rule-Declare-CaseMatch&RequestRuleName=pyCaseMatchEvaluationCriteria Payload: "{\"RequestClass\":\"Rule-HTML-Section\",\"RequestAppliesTo\":\"Rule-Declare-CaseMatch\",\"RequestRuleName\":\"pyCaseMatchEvaluationCriteria\"}" => HTTP 200 (59424 bytes)
[PegaHttpClient] 📡 POST https://zdk8budo.pegaacademy.net/prweb/api/CodeIntelligence/v1/rules/query?pxObjClass=Rule-HTML-Section&appliesTo=Rule-Declare-CaseMatch&pyRuleName=pzRuleCallParamsWrapper&RequestClass=Rule-HTML-Section&RequestAppliesTo=Rule-Declare-CaseMatch&RequestRuleName=pzRuleCallParamsWrapper Payload: "{\"RequestClass\":\"Rule-HTML-Section\",\"RequestAppliesTo\":\"Rule-Declare-CaseMatch\",\"RequestRuleName\":\"pzRuleCallParamsWrapper\"}" => HTTP 200 (43336 bytes)
[PegaHttpClient] 📡 POST https://zdk8budo.pegaacademy.net/prweb/api/CodeIntelligence/v1/rules/query?pxObjClass=Rule-HTML-Section&appliesTo=Rule-Declare-CaseMatch&pyRuleName=pzRuleFormPagesAndClassesScript&RequestClass=Rule-HTML-Section&RequestAppliesTo=Rule-Declare-CaseMatch&RequestRuleName=pzRuleFormPagesAndClassesScript Payload: "{\"RequestClass\":\"Rule-HTML-Section\",\"RequestAppliesTo\":\"Rule-Declare-CaseMatch\",\"RequestRuleName\":\"pzRuleFormPagesAndClassesScript\"}" => HTTP 200 (15730 bytes)
[PegaHttpClient] 📡 POST https://zdk8budo.pegaacademy.net/prweb/api/CodeIntelligence/v1/rules/query?pxObjClass=Rule-HTML-Section&appliesTo=Rule-Declare-CaseMatch&pyRuleName=pzPagesAndClassesNoMode&RequestClass=Rule-HTML-Section&RequestAppliesTo=Rule-Declare-CaseMatch&RequestRuleName=pzPagesAndClassesNoMode Payload: "{\"RequestClass\":\"Rule-HTML-Section\",\"RequestAppliesTo\":\"Rule-Declare-CaseMatch\",\"RequestRuleName\":\"pzPagesAndClassesNoMode\"}" => HTTP 200 (90057 bytes)
[PegaHttpClient] 📡 POST https://zdk8budo.pegaacademy.net/prweb/api/CodeIntelligence/v1/rules/query?pxObjClass=Rule-HTML-Section&appliesTo=Rule-Declare-CaseMatch&pyRuleName=pzPagesAndClassesWithMode&RequestClass=Rule-HTML-Section&RequestAppliesTo=Rule-Declare-CaseMatch&RequestRuleName=pzPagesAndClassesWithMode Payload: "{\"RequestClass\":\"Rule-HTML-Section\",\"RequestAppliesTo\":\"Rule-Declare-CaseMatch\",\"RequestRuleName\":\"pzPagesAndClassesWithMode\"}" => HTTP 200 (97424 bytes)
[PegaHttpClient] 📡 POST https://zdk8budo.pegaacademy.net/prweb/api/CodeIntelligence/v1/rules/query?pxObjClass=Rule-HTML-Section&appliesTo=Rule-Declare-CaseMatch&pyRuleName=pzSpecificationsInner&RequestClass=Rule-HTML-Section&RequestAppliesTo=Rule-Declare-CaseMatch&RequestRuleName=pzSpecificationsInner Payload: "{\"RequestClass\":\"Rule-HTML-Section\",\"RequestAppliesTo\":\"Rule-Declare-CaseMatch\",\"RequestRuleName\":\"pzSpecificationsInner\"}" => HTTP 200 (142370 bytes)
[PegaHttpClient] 📡 POST https://zdk8budo.pegaacademy.net/prweb/api/CodeIntelligence/v1/rules/query?pxObjClass=Rule-HTML-Section&appliesTo=Rule-Declare-CaseMatch&pyRuleName=pzAlternateRuleInfo&RequestClass=Rule-HTML-Section&RequestAppliesTo=Rule-Declare-CaseMatch&RequestRuleName=pzAlternateRuleInfo Payload: "{\"RequestClass\":\"Rule-HTML-Section\",\"RequestAppliesTo\":\"Rule-Declare-CaseMatch\",\"RequestRuleName\":\"pzAlternateRuleInfo\"}" => HTTP 200 (140407 bytes)
[PegaHttpClient] 📡 POST https://zdk8budo.pegaacademy.net/prweb/api/CodeIntelligence/v1/rules/query?pxObjClass=Rule-HTML-Section&appliesTo=Rule-Declare-CaseMatch&pyRuleName=RuleFormHistory_Description&RequestClass=Rule-HTML-Section&RequestAppliesTo=Rule-Declare-CaseMatch&RequestRuleName=RuleFormHistory_Description Payload: "{\"RequestClass\":\"Rule-HTML-Section\",\"RequestAppliesTo\":\"Rule-Declare-CaseMatch\",\"RequestRuleName\":\"RuleFormHistory_Description\"}" => HTTP 200 (46242 bytes)
[PegaHttpClient] 📡 POST https://zdk8budo.pegaacademy.net/prweb/api/CodeIntelligence/v1/rules/query?pxObjClass=Rule-HTML-Section&appliesTo=Rule-Declare-CaseMatch&pyRuleName=RuleFormHistory_CustomFields&RequestClass=Rule-HTML-Section&RequestAppliesTo=Rule-Declare-CaseMatch&RequestRuleName=RuleFormHistory_CustomFields Payload: "{\"RequestClass\":\"Rule-HTML-Section\",\"RequestAppliesTo\":\"Rule-Declare-CaseMatch\",\"RequestRuleName\":\"RuleFormHistory_CustomFields\"}" => HTTP 200 (75856 bytes)
[PegaHttpClient] 📡 POST https://zdk8budo.pegaacademy.net/prweb/api/CodeIntelligence/v1/rules/query?pxObjClass=Rule-HTML-Section&appliesTo=Rule-Declare-CaseMatch&pyRuleName=RuleFormHistory_HistoryDetails&RequestClass=Rule-HTML-Section&RequestAppliesTo=Rule-Declare-CaseMatch&RequestRuleName=RuleFormHistory_HistoryDetails Payload: "{\"RequestClass\":\"Rule-HTML-Section\",\"RequestAppliesTo\":\"Rule-Declare-CaseMatch\",\"RequestRuleName\":\"RuleFormHistory_HistoryDetails\"}" => HTTP 200 (179535 bytes)
[PegaHttpClient] 📡 POST https://zdk8budo.pegaacademy.net/prweb/api/CodeIntelligence/v1/rules/query?pxObjClass=Rule-HTML-Section&appliesTo=Rule-Declare-CaseMatch&pyRuleName=pzRuleFormStatus&RequestClass=Rule-HTML-Section&RequestAppliesTo=Rule-Declare-CaseMatch&RequestRuleName=pzRuleFormStatus Payload: "{\"RequestClass\":\"Rule-HTML-Section\",\"RequestAppliesTo\":\"Rule-Declare-CaseMatch\",\"RequestRuleName\":\"pzRuleFormStatus\"}" => HTTP 200 (97627 bytes)
[PegaHttpClient] 📡 POST https://zdk8budo.pegaacademy.net/prweb/api/CodeIntelligence/v1/rules/query?pxObjClass=Rule-HTML-Section&appliesTo=Rule-Declare-CaseMatch&pyRuleName=pzRuleFormHeaderCompareWithDropDown&RequestClass=Rule-HTML-Section&RequestAppliesTo=Rule-Declare-CaseMatch&RequestRuleName=pzRuleFormHeaderCompareWithDropDown Payload: "{\"RequestClass\":\"Rule-HTML-Section\",\"RequestAppliesTo\":\"Rule-Declare-CaseMatch\",\"RequestRuleName\":\"pzRuleFormHeaderCompareWithDropDown\"}" => HTTP 200 (25396 bytes)
[PegaHttpClient] 📡 POST https://zdk8budo.pegaacademy.net/prweb/api/CodeIntelligence/v1/rules/query?pxObjClass=Rule-HTML-Section&appliesTo=Rule-Declare-CaseMatch&pyRuleName=undefined&RequestClass=Rule-HTML-Section&RequestAppliesTo=Rule-Declare-CaseMatch&RequestRuleName=undefined Payload: "{\"RequestClass\":\"Rule-HTML-Section\",\"RequestAppliesTo\":\"Rule-Declare-CaseMatch\",\"RequestRuleName\":\"undefined\"}" => HTTP 404 (109 bytes)
[PegaHttpClient] 📡 POST https://zdk8budo.pegaacademy.net/prweb/PRRestService/CodeIntelligence/v1/rules/query?pxObjClass=Rule-HTML-Section&appliesTo=Rule-Declare-CaseMatch&pyRuleName=undefined&RequestClass=Rule-HTML-Section&RequestAppliesTo=Rule-Declare-CaseMatch&RequestRuleName=undefined Payload: "{\"RequestClass\":\"Rule-HTML-Section\",\"RequestAppliesTo\":\"Rule-Declare-CaseMatch\",\"RequestRuleName\":\"undefined\"}" => HTTP 404 (109 bytes)
[PegaHttpClient] 📡 POST https://zdk8budo.pegaacademy.net/prweb/api/HRAppsV2Service/V1/rules/query?pxObjClass=Rule-HTML-Section&appliesTo=Rule-Declare-CaseMatch&pyRuleName=undefined&RequestClass=Rule-HTML-Section&RequestAppliesTo=Rule-Declare-CaseMatch&RequestRuleName=undefined Payload: "{\"RequestClass\":\"Rule-HTML-Section\",\"RequestAppliesTo\":\"Rule-Declare-CaseMatch\",\"RequestRuleName\":\"undefined\"}" => HTTP 404 (18 bytes)
[PegaHttpClient] 📡 POST https://zdk8budo.pegaacademy.net/prweb/PRRestService/HRAppsV2Service/V1/rules/query?pxObjClass=Rule-HTML-Section&appliesTo=Rule-Declare-CaseMatch&pyRuleName=undefined&RequestClass=Rule-HTML-Section&RequestAppliesTo=Rule-Declare-CaseMatch&RequestRuleName=undefined Payload: "{\"RequestClass\":\"Rule-HTML-Section\",\"RequestAppliesTo\":\"Rule-Declare-CaseMatch\",\"RequestRuleName\":\"undefined\"}" => HTTP 404 (18 bytes)
[PegaHttpClient] 📡 POST https://zdk8budo.pegaacademy.net/prweb/api/HRAppsV2/V1/rules/query?pxObjClass=Rule-HTML-Section&appliesTo=Rule-Declare-CaseMatch&pyRuleName=undefined&RequestClass=Rule-HTML-Section&RequestAppliesTo=Rule-Declare-CaseMatch&RequestRuleName=undefined Payload: "{\"RequestClass\":\"Rule-HTML-Section\",\"RequestAppliesTo\":\"Rule-Declare-CaseMatch\",\"RequestRuleName\":\"undefined\"}" => HTTP 404 (18 bytes)
[PegaHttpClient] 📡 POST https://zdk8budo.pegaacademy.net/prweb/PRRestService/HRAppsV2/V1/rules/query?pxObjClass=Rule-HTML-Section&appliesTo=Rule-Declare-CaseMatch&pyRuleName=undefined&RequestClass=Rule-HTML-Section&RequestAppliesTo=Rule-Declare-CaseMatch&RequestRuleName=undefined Payload: "{\"RequestClass\":\"Rule-HTML-Section\",\"RequestAppliesTo\":\"Rule-Declare-CaseMatch\",\"RequestRuleName\":\"undefined\"}" => HTTP 404 (18 bytes)
[PegaHttpClient] 📡 POST https://zdk8budo.pegaacademy.net/prweb/api/v1/rules/query?pxObjClass=Rule-HTML-Section&appliesTo=Rule-Declare-CaseMatch&pyRuleName=undefined&RequestClass=Rule-HTML-Section&RequestAppliesTo=Rule-Declare-CaseMatch&RequestRuleName=undefined Payload: "{\"RequestClass\":\"Rule-HTML-Section\",\"RequestAppliesTo\":\"Rule-Declare-CaseMatch\",\"RequestRuleName\":\"undefined\"}" => HTTP 404 (18 bytes)
[PegaHttpClient] 📡 POST https://zdk8budo.pegaacademy.net/prweb/PRRestService/v1/rules/query?pxObjClass=Rule-HTML-Section&appliesTo=Rule-Declare-CaseMatch&pyRuleName=undefined&RequestClass=Rule-HTML-Section&RequestAppliesTo=Rule-Declare-CaseMatch&RequestRuleName=undefined Payload: "{\"RequestClass\":\"Rule-HTML-Section\",\"RequestAppliesTo\":\"Rule-Declare-CaseMatch\",\"RequestRuleName\":\"undefined\"}" => HTTP 404 (18 bytes)
[PegaHttpClient] 📡 POST https://zdk8budo.pegaacademy.net/prweb/api/CodeIntelligence/v1/rules/query?pxObjClass=Rule-HTML-Section&appliesTo=Rule-Declare-CaseMatch&pyRuleName=pzRuleFormToolbarHotKeys&RequestClass=Rule-HTML-Section&RequestAppliesTo=Rule-Declare-CaseMatch&RequestRuleName=pzRuleFormToolbarHotKeys Payload: "{\"RequestClass\":\"Rule-HTML-Section\",\"RequestAppliesTo\":\"Rule-Declare-CaseMatch\",\"RequestRuleName\":\"pzRuleFormToolbarHotKeys\"}" => HTTP 200 (85058 bytes)
[PegaHttpClient] 📡 POST https://zdk8budo.pegaacademy.net/prweb/api/CodeIntelligence/v1/rules/query?pxObjClass=Rule-HTML-Section&appliesTo=Rule-Declare-CaseMatch&pyRuleName=pzRuleFormToolbarLockedIcon&RequestClass=Rule-HTML-Section&RequestAppliesTo=Rule-Declare-CaseMatch&RequestRuleName=pzRuleFormToolbarLockedIcon Payload: "{\"RequestClass\":\"Rule-HTML-Section\",\"RequestAppliesTo\":\"Rule-Declare-CaseMatch\",\"RequestRuleName\":\"pzRuleFormToolbarLockedIcon\"}" => HTTP 200 (24898 bytes)
[PegaHttpClient] 📡 POST https://zdk8budo.pegaacademy.net/prweb/api/CodeIntelligence/v1/rules/query?pxObjClass=Rule-HTML-Section&appliesTo=Rule-Declare-CaseMatch&pyRuleName=pzRuleFormToolbarCollaborators&RequestClass=Rule-HTML-Section&RequestAppliesTo=Rule-Declare-CaseMatch&RequestRuleName=pzRuleFormToolbarCollaborators Payload: "{\"RequestClass\":\"Rule-HTML-Section\",\"RequestAppliesTo\":\"Rule-Declare-CaseMatch\",\"RequestRuleName\":\"pzRuleFormToolbarCollaborators\"}" => HTTP 200 (15254 bytes)
[PegaHttpClient] 📡 POST https://zdk8budo.pegaacademy.net/prweb/api/CodeIntelligence/v1/rules/query?pxObjClass=Rule-HTML-Section&appliesTo=Rule-Declare-CaseMatch&pyRuleName=pzRuleFormToolbarSaveAs&RequestClass=Rule-HTML-Section&RequestAppliesTo=Rule-Declare-CaseMatch&RequestRuleName=pzRuleFormToolbarSaveAs Payload: "{\"RequestClass\":\"Rule-HTML-Section\",\"RequestAppliesTo\":\"Rule-Declare-CaseMatch\",\"RequestRuleName\":\"pzRuleFormToolbarSaveAs\"}" => HTTP 200 (64084 bytes)
[PegaHttpClient] 📡 POST https://zdk8budo.pegaacademy.net/prweb/api/CodeIntelligence/v1/rules/query?pxObjClass=Rule-HTML-Section&appliesTo=Rule-Declare-CaseMatch&pyRuleName=pzRuleFormToolbarCheckin&RequestClass=Rule-HTML-Section&RequestAppliesTo=Rule-Declare-CaseMatch&RequestRuleName=pzRuleFormToolbarCheckin Payload: "{\"RequestClass\":\"Rule-HTML-Section\",\"RequestAppliesTo\":\"Rule-Declare-CaseMatch\",\"RequestRuleName\":\"pzRuleFormToolbarCheckin\"}" => HTTP 200 (119096 bytes)
[PegaHttpClient] 📡 POST https://zdk8budo.pegaacademy.net/prweb/api/CodeIntelligence/v1/rules/query?pxObjClass=Rule-HTML-Section&appliesTo=Rule-Declare-CaseMatch&pyRuleName=pzRuleFormToolbarDelete&RequestClass=Rule-HTML-Section&RequestAppliesTo=Rule-Declare-CaseMatch&RequestRuleName=pzRuleFormToolbarDelete Payload: "{\"RequestClass\":\"Rule-HTML-Section\",\"RequestAppliesTo\":\"Rule-Declare-CaseMatch\",\"RequestRuleName\":\"pzRuleFormToolbarDelete\"}" => HTTP 200 (30249 bytes)
[PegaHttpClient] 📡 POST https://zdk8budo.pegaacademy.net/prweb/api/CodeIntelligence/v1/rules/query?pxObjClass=Rule-HTML-Section&appliesTo=Rule-Declare-CaseMatch&pyRuleName=pzRuleFormToolbarSave&RequestClass=Rule-HTML-Section&RequestAppliesTo=Rule-Declare-CaseMatch&RequestRuleName=pzRuleFormToolbarSave Payload: "{\"RequestClass\":\"Rule-HTML-Section\",\"RequestAppliesTo\":\"Rule-Declare-CaseMatch\",\"RequestRuleName\":\"pzRuleFormToolbarSave\"}" => HTTP 200 (293885 bytes)
[PegaHttpClient] 📡 POST https://zdk8budo.pegaacademy.net/prweb/api/CodeIntelligence/v1/rules/query?pxObjClass=Rule-HTML-Section&appliesTo=Rule-Declare-CaseMatch&pyRuleName=pzRuleFormToolbarCheckout&RequestClass=Rule-HTML-Section&RequestAppliesTo=Rule-Declare-CaseMatch&RequestRuleName=pzRuleFormToolbarCheckout Payload: "{\"RequestClass\":\"Rule-HTML-Section\",\"RequestAppliesTo\":\"Rule-Declare-CaseMatch\",\"RequestRuleName\":\"pzRuleFormToolbarCheckout\"}" => HTTP 200 (238148 bytes)
[PegaHttpClient] 📡 POST https://zdk8budo.pegaacademy.net/prweb/api/CodeIntelligence/v1/rules/query?pxObjClass=Rule-HTML-Section&appliesTo=Rule-Declare-CaseMatch&pyRuleName=pzRemoveErrorsDataPage&RequestClass=Rule-HTML-Section&RequestAppliesTo=Rule-Declare-CaseMatch&RequestRuleName=pzRemoveErrorsDataPage Payload: "{\"RequestClass\":\"Rule-HTML-Section\",\"RequestAppliesTo\":\"Rule-Declare-CaseMatch\",\"RequestRuleName\":\"pzRemoveErrorsDataPage\"}" => HTTP 200 (16733 bytes)
[PegaHttpClient] 📡 POST https://zdk8budo.pegaacademy.net/prweb/api/CodeIntelligence/v1/rules/query?pxObjClass=Rule-HTML-Section&appliesTo=Rule-Declare-CaseMatch&pyRuleName=pzRuleFormHeaderMessagesWrapper&RequestClass=Rule-HTML-Section&RequestAppliesTo=Rule-Declare-CaseMatch&RequestRuleName=pzRuleFormHeaderMessagesWrapper Payload: "{\"RequestClass\":\"Rule-HTML-Section\",\"RequestAppliesTo\":\"Rule-Declare-CaseMatch\",\"RequestRuleName\":\"pzRuleFormHeaderMessagesWrapper\"}" => HTTP 200 (16981 bytes)
[PegaHttpClient] 📡 POST https://zdk8budo.pegaacademy.net/prweb/api/CodeIntelligence/v1/rules/query?pxObjClass=Rule-HTML-Section&appliesTo=Rule-Declare-CaseMatch&pyRuleName=pzDisplayMustMatchGrid&RequestClass=Rule-HTML-Section&RequestAppliesTo=Rule-Declare-CaseMatch&RequestRuleName=pzDisplayMustMatchGrid Payload: "{\"RequestClass\":\"Rule-HTML-Section\",\"RequestAppliesTo\":\"Rule-Declare-CaseMatch\",\"RequestRuleName\":\"pzDisplayMustMatchGrid\"}" => HTTP 200 (134482 bytes)
[PegaHttpClient] 📡 POST https://zdk8budo.pegaacademy.net/prweb/api/CodeIntelligence/v1/rules/query?pxObjClass=Rule-HTML-Section&appliesTo=Rule-Declare-CaseMatch&pyRuleName=pzRuleCallParamsPreProcessing&RequestClass=Rule-HTML-Section&RequestAppliesTo=Rule-Declare-CaseMatch&RequestRuleName=pzRuleCallParamsPreProcessing Payload: "{\"RequestClass\":\"Rule-HTML-Section\",\"RequestAppliesTo\":\"Rule-Declare-CaseMatch\",\"RequestRuleName\":\"pzRuleCallParamsPreProcessing\"}" => HTTP 200 (42275 bytes)
[PegaHttpClient] 📡 POST https://zdk8budo.pegaacademy.net/prweb/api/CodeIntelligence/v1/rules/query?pxObjClass=Rule-HTML-Section&appliesTo=Rule-Declare-CaseMatch&pyRuleName=pzRuleCallParams&RequestClass=Rule-HTML-Section&RequestAppliesTo=Rule-Declare-CaseMatch&RequestRuleName=pzRuleCallParams Payload: "{\"RequestClass\":\"Rule-HTML-Section\",\"RequestAppliesTo\":\"Rule-Declare-CaseMatch\",\"RequestRuleName\":\"pzRuleCallParams\"}" => HTTP 200 (54716 bytes)
[PegaHttpClient] 📡 POST https://zdk8budo.pegaacademy.net/prweb/api/CodeIntelligence/v1/rules/query?pxObjClass=Rule-HTML-Section&appliesTo=Rule-Declare-CaseMatch&pyRuleName=pxLocalAction&RequestClass=Rule-HTML-Section&RequestAppliesTo=Rule-Declare-CaseMatch&RequestRuleName=pxLocalAction Payload: "{\"RequestClass\":\"Rule-HTML-Section\",\"RequestAppliesTo\":\"Rule-Declare-CaseMatch\",\"RequestRuleName\":\"pxLocalAction\"}" => HTTP 200 (26223 bytes)
[PegaHttpClient] 📡 POST https://zdk8budo.pegaacademy.net/prweb/api/CodeIntelligence/v1/rules/query?pxObjClass=Rule-HTML-Section&appliesTo=Rule-Declare-CaseMatch&pyRuleName=pzPagesAndClassesScriptNoMode&RequestClass=Rule-HTML-Section&RequestAppliesTo=Rule-Declare-CaseMatch&RequestRuleName=pzPagesAndClassesScriptNoMode Payload: "{\"RequestClass\":\"Rule-HTML-Section\",\"RequestAppliesTo\":\"Rule-Declare-CaseMatch\",\"RequestRuleName\":\"pzPagesAndClassesScriptNoMode\"}" => HTTP 200 (25452 bytes)
[PegaHttpClient] 📡 POST https://zdk8budo.pegaacademy.net/prweb/api/CodeIntelligence/v1/rules/query?pxObjClass=Rule-HTML-Section&appliesTo=Rule-Declare-CaseMatch&pyRuleName=pzPagesAndClassesScript&RequestClass=Rule-HTML-Section&RequestAppliesTo=Rule-Declare-CaseMatch&RequestRuleName=pzPagesAndClassesScript Payload: "{\"RequestClass\":\"Rule-HTML-Section\",\"RequestAppliesTo\":\"Rule-Declare-CaseMatch\",\"RequestRuleName\":\"pzPagesAndClassesScript\"}" => HTTP 200 (24224 bytes)
[PegaHttpClient] 📡 POST https://zdk8budo.pegaacademy.net/prweb/api/CodeIntelligence/v1/rules/query?pxObjClass=Rule-HTML-Section&appliesTo=Rule-Declare-CaseMatch&pyRuleName=pzSpecificationName&RequestClass=Rule-HTML-Section&RequestAppliesTo=Rule-Declare-CaseMatch&RequestRuleName=pzSpecificationName Payload: "{\"RequestClass\":\"Rule-HTML-Section\",\"RequestAppliesTo\":\"Rule-Declare-CaseMatch\",\"RequestRuleName\":\"pzSpecificationName\"}" => HTTP 404 (119 bytes)
[PegaHttpClient] 📡 POST https://zdk8budo.pegaacademy.net/prweb/PRRestService/CodeIntelligence/v1/rules/query?pxObjClass=Rule-HTML-Section&appliesTo=Rule-Declare-CaseMatch&pyRuleName=pzSpecificationName&RequestClass=Rule-HTML-Section&RequestAppliesTo=Rule-Declare-CaseMatch&RequestRuleName=pzSpecificationName Payload: "{\"RequestClass\":\"Rule-HTML-Section\",\"RequestAppliesTo\":\"Rule-Declare-CaseMatch\",\"RequestRuleName\":\"pzSpecificationName\"}" => HTTP 404 (119 bytes)
[PegaHttpClient] 📡 POST https://zdk8budo.pegaacademy.net/prweb/api/HRAppsV2Service/V1/rules/query?pxObjClass=Rule-HTML-Section&appliesTo=Rule-Declare-CaseMatch&pyRuleName=pzSpecificationName&RequestClass=Rule-HTML-Section&RequestAppliesTo=Rule-Declare-CaseMatch&RequestRuleName=pzSpecificationName Payload: "{\"RequestClass\":\"Rule-HTML-Section\",\"RequestAppliesTo\":\"Rule-Declare-CaseMatch\",\"RequestRuleName\":\"pzSpecificationName\"}" => HTTP 404 (18 bytes)
[PegaHttpClient] 📡 POST https://zdk8budo.pegaacademy.net/prweb/PRRestService/HRAppsV2Service/V1/rules/query?pxObjClass=Rule-HTML-Section&appliesTo=Rule-Declare-CaseMatch&pyRuleName=pzSpecificationName&RequestClass=Rule-HTML-Section&RequestAppliesTo=Rule-Declare-CaseMatch&RequestRuleName=pzSpecificationName Payload: "{\"RequestClass\":\"Rule-HTML-Section\",\"RequestAppliesTo\":\"Rule-Declare-CaseMatch\",\"RequestRuleName\":\"pzSpecificationName\"}" => HTTP 404 (18 bytes)
[PegaHttpClient] 📡 POST https://zdk8budo.pegaacademy.net/prweb/api/HRAppsV2/V1/rules/query?pxObjClass=Rule-HTML-Section&appliesTo=Rule-Declare-CaseMatch&pyRuleName=pzSpecificationName&RequestClass=Rule-HTML-Section&RequestAppliesTo=Rule-Declare-CaseMatch&RequestRuleName=pzSpecificationName Payload: "{\"RequestClass\":\"Rule-HTML-Section\",\"RequestAppliesTo\":\"Rule-Declare-CaseMatch\",\"RequestRuleName\":\"pzSpecificationName\"}" => HTTP 404 (18 bytes)
[PegaHttpClient] 📡 POST https://zdk8budo.pegaacademy.net/prweb/PRRestService/HRAppsV2/V1/rules/query?pxObjClass=Rule-HTML-Section&appliesTo=Rule-Declare-CaseMatch&pyRuleName=pzSpecificationName&RequestClass=Rule-HTML-Section&RequestAppliesTo=Rule-Declare-CaseMatch&RequestRuleName=pzSpecificationName Payload: "{\"RequestClass\":\"Rule-HTML-Section\",\"RequestAppliesTo\":\"Rule-Declare-CaseMatch\",\"RequestRuleName\":\"pzSpecificationName\"}" => HTTP 404 (18 bytes)
[PegaHttpClient] 📡 POST https://zdk8budo.pegaacademy.net/prweb/api/v1/rules/query?pxObjClass=Rule-HTML-Section&appliesTo=Rule-Declare-CaseMatch&pyRuleName=pzSpecificationName&RequestClass=Rule-HTML-Section&RequestAppliesTo=Rule-Declare-CaseMatch&RequestRuleName=pzSpecificationName Payload: "{\"RequestClass\":\"Rule-HTML-Section\",\"RequestAppliesTo\":\"Rule-Declare-CaseMatch\",\"RequestRuleName\":\"pzSpecificationName\"}" => HTTP 404 (18 bytes)
[PegaHttpClient] 📡 POST https://zdk8budo.pegaacademy.net/prweb/PRRestService/v1/rules/query?pxObjClass=Rule-HTML-Section&appliesTo=Rule-Declare-CaseMatch&pyRuleName=pzSpecificationName&RequestClass=Rule-HTML-Section&RequestAppliesTo=Rule-Declare-CaseMatch&RequestRuleName=pzSpecificationName Payload: "{\"RequestClass\":\"Rule-HTML-Section\",\"RequestAppliesTo\":\"Rule-Declare-CaseMatch\",\"RequestRuleName\":\"pzSpecificationName\"}" => HTTP 404 (18 bytes)
[PegaHttpClient] 📡 POST https://zdk8budo.pegaacademy.net/prweb/api/CodeIntelligence/v1/rules/query?pxObjClass=Rule-HTML-Section&appliesTo=Rule-Declare-CaseMatch&pyRuleName=pzScm_RuleHistory&RequestClass=Rule-HTML-Section&RequestAppliesTo=Rule-Declare-CaseMatch&RequestRuleName=pzScm_RuleHistory Payload: "{\"RequestClass\":\"Rule-HTML-Section\",\"RequestAppliesTo\":\"Rule-Declare-CaseMatch\",\"RequestRuleName\":\"pzScm_RuleHistory\"}" => HTTP 200 (14682 bytes)
[PegaHttpClient] 📡 POST https://zdk8budo.pegaacademy.net/prweb/api/CodeIntelligence/v1/rules/query?pxObjClass=Rule-HTML-Section&appliesTo=Rule-Declare-CaseMatch&pyRuleName=pxDisplayCollaborators&RequestClass=Rule-HTML-Section&RequestAppliesTo=Rule-Declare-CaseMatch&RequestRuleName=pxDisplayCollaborators Payload: "{\"RequestClass\":\"Rule-HTML-Section\",\"RequestAppliesTo\":\"Rule-Declare-CaseMatch\",\"RequestRuleName\":\"pxDisplayCollaborators\"}" => HTTP 200 (94171 bytes)
[PegaHttpClient] 📡 POST https://zdk8budo.pegaacademy.net/prweb/api/CodeIntelligence/v1/rules/query?pxObjClass=Rule-HTML-Section&appliesTo=Rule-Declare-CaseMatch&pyRuleName=pzRuleFormToolbarDeleteCheckOut&RequestClass=Rule-HTML-Section&RequestAppliesTo=Rule-Declare-CaseMatch&RequestRuleName=pzRuleFormToolbarDeleteCheckOut Payload: "{\"RequestClass\":\"Rule-HTML-Section\",\"RequestAppliesTo\":\"Rule-Declare-CaseMatch\",\"RequestRuleName\":\"pzRuleFormToolbarDeleteCheckOut\"}" => HTTP 200 (29433 bytes)
[PegaHttpClient] 📡 POST https://zdk8budo.pegaacademy.net/prweb/api/CodeIntelligence/v1/rules/query?pxObjClass=Rule-HTML-Section&appliesTo=Rule-Declare-CaseMatch&pyRuleName=pzRuleFormToolbarDeleteRule&RequestClass=Rule-HTML-Section&RequestAppliesTo=Rule-Declare-CaseMatch&RequestRuleName=pzRuleFormToolbarDeleteRule Payload: "{\"RequestClass\":\"Rule-HTML-Section\",\"RequestAppliesTo\":\"Rule-Declare-CaseMatch\",\"RequestRuleName\":\"pzRuleFormToolbarDeleteRule\"}" => HTTP 200 (32314 bytes)
[PegaHttpClient] 📡 POST https://zdk8budo.pegaacademy.net/prweb/api/CodeIntelligence/v1/rules/query?pxObjClass=Rule-HTML-Section&appliesTo=Rule-Declare-CaseMatch&pyRuleName=pzAzTestDel2&RequestClass=Rule-HTML-Section&RequestAppliesTo=Rule-Declare-CaseMatch&RequestRuleName=pzAzTestDel2 Payload: "{\"RequestClass\":\"Rule-HTML-Section\",\"RequestAppliesTo\":\"Rule-Declare-CaseMatch\",\"RequestRuleName\":\"pzAzTestDel2\"}" => HTTP 404 (112 bytes)
[PegaHttpClient] 📡 POST https://zdk8budo.pegaacademy.net/prweb/PRRestService/CodeIntelligence/v1/rules/query?pxObjClass=Rule-HTML-Section&appliesTo=Rule-Declare-CaseMatch&pyRuleName=pzAzTestDel2&RequestClass=Rule-HTML-Section&RequestAppliesTo=Rule-Declare-CaseMatch&RequestRuleName=pzAzTestDel2 Payload: "{\"RequestClass\":\"Rule-HTML-Section\",\"RequestAppliesTo\":\"Rule-Declare-CaseMatch\",\"RequestRuleName\":\"pzAzTestDel2\"}" => HTTP 404 (112 bytes)
[PegaHttpClient] 📡 POST https://zdk8budo.pegaacademy.net/prweb/api/HRAppsV2Service/V1/rules/query?pxObjClass=Rule-HTML-Section&appliesTo=Rule-Declare-CaseMatch&pyRuleName=pzAzTestDel2&RequestClass=Rule-HTML-Section&RequestAppliesTo=Rule-Declare-CaseMatch&RequestRuleName=pzAzTestDel2 Payload: "{\"RequestClass\":\"Rule-HTML-Section\",\"RequestAppliesTo\":\"Rule-Declare-CaseMatch\",\"RequestRuleName\":\"pzAzTestDel2\"}" => HTTP 404 (18 bytes)
[PegaHttpClient] 📡 POST https://zdk8budo.pegaacademy.net/prweb/PRRestService/HRAppsV2Service/V1/rules/query?pxObjClass=Rule-HTML-Section&appliesTo=Rule-Declare-CaseMatch&pyRuleName=pzAzTestDel2&RequestClass=Rule-HTML-Section&RequestAppliesTo=Rule-Declare-CaseMatch&RequestRuleName=pzAzTestDel2 Payload: "{\"RequestClass\":\"Rule-HTML-Section\",\"RequestAppliesTo\":\"Rule-Declare-CaseMatch\",\"RequestRuleName\":\"pzAzTestDel2\"}" => HTTP 404 (18 bytes)
[PegaHttpClient] 📡 POST https://zdk8budo.pegaacademy.net/prweb/api/HRAppsV2/V1/rules/query?pxObjClass=Rule-HTML-Section&appliesTo=Rule-Declare-CaseMatch&pyRuleName=pzAzTestDel2&RequestClass=Rule-HTML-Section&RequestAppliesTo=Rule-Declare-CaseMatch&RequestRuleName=pzAzTestDel2 Payload: "{\"RequestClass\":\"Rule-HTML-Section\",\"RequestAppliesTo\":\"Rule-Declare-CaseMatch\",\"RequestRuleName\":\"pzAzTestDel2\"}" => HTTP 404 (18 bytes)
[PegaHttpClient] 📡 POST https://zdk8budo.pegaacademy.net/prweb/PRRestService/HRAppsV2/V1/rules/query?pxObjClass=Rule-HTML-Section&appliesTo=Rule-Declare-CaseMatch&pyRuleName=pzAzTestDel2&RequestClass=Rule-HTML-Section&RequestAppliesTo=Rule-Declare-CaseMatch&RequestRuleName=pzAzTestDel2 Payload: "{\"RequestClass\":\"Rule-HTML-Section\",\"RequestAppliesTo\":\"Rule-Declare-CaseMatch\",\"RequestRuleName\":\"pzAzTestDel2\"}" => HTTP 404 (18 bytes)
[PegaHttpClient] 📡 POST https://zdk8budo.pegaacademy.net/prweb/api/v1/rules/query?pxObjClass=Rule-HTML-Section&appliesTo=Rule-Declare-CaseMatch&pyRuleName=pzAzTestDel2&RequestClass=Rule-HTML-Section&RequestAppliesTo=Rule-Declare-CaseMatch&RequestRuleName=pzAzTestDel2 Payload: "{\"RequestClass\":\"Rule-HTML-Section\",\"RequestAppliesTo\":\"Rule-Declare-CaseMatch\",\"RequestRuleName\":\"pzAzTestDel2\"}" => HTTP 404 (18 bytes)
[PegaHttpClient] 📡 POST https://zdk8budo.pegaacademy.net/prweb/PRRestService/v1/rules/query?pxObjClass=Rule-HTML-Section&appliesTo=Rule-Declare-CaseMatch&pyRuleName=pzAzTestDel2&RequestClass=Rule-HTML-Section&RequestAppliesTo=Rule-Declare-CaseMatch&RequestRuleName=pzAzTestDel2 Payload: "{\"RequestClass\":\"Rule-HTML-Section\",\"RequestAppliesTo\":\"Rule-Declare-CaseMatch\",\"RequestRuleName\":\"pzAzTestDel2\"}" => HTTP 404 (18 bytes)
[PegaHttpClient] 📡 POST https://zdk8budo.pegaacademy.net/prweb/api/CodeIntelligence/v1/rules/query?pxObjClass=Rule-HTML-Section&appliesTo=Rule-Declare-CaseMatch&pyRuleName=pzLocalActionImpl&RequestClass=Rule-HTML-Section&RequestAppliesTo=Rule-Declare-CaseMatch&RequestRuleName=pzLocalActionImpl Payload: "{\"RequestClass\":\"Rule-HTML-Section\",\"RequestAppliesTo\":\"Rule-Declare-CaseMatch\",\"RequestRuleName\":\"pzLocalActionImpl\"}" => HTTP 200 (42500 bytes)
[PegaHttpClient] 📡 POST https://zdk8budo.pegaacademy.net/prweb/api/CodeIntelligence/v1/rules/query?pxObjClass=Rule-HTML-Section&appliesTo=Rule-Declare-CaseMatch&pyRuleName=pzLoadCollaborationScripts&RequestClass=Rule-HTML-Section&RequestAppliesTo=Rule-Declare-CaseMatch&RequestRuleName=pzLoadCollaborationScripts Payload: "{\"RequestClass\":\"Rule-HTML-Section\",\"RequestAppliesTo\":\"Rule-Declare-CaseMatch\",\"RequestRuleName\":\"pzLoadCollaborationScripts\"}" => HTTP 200 (23453 bytes)
[PegaHttpClient] 📡 POST https://zdk8budo.pegaacademy.net/prweb/api/CodeIntelligence/v1/rules/query?pxObjClass=Rule-HTML-Section&appliesTo=Rule-Declare-CaseMatch&pyRuleName=pzDisplayCollaboratorsList&RequestClass=Rule-HTML-Section&RequestAppliesTo=Rule-Declare-CaseMatch&RequestRuleName=pzDisplayCollaboratorsList Payload: "{\"RequestClass\":\"Rule-HTML-Section\",\"RequestAppliesTo\":\"Rule-Declare-CaseMatch\",\"RequestRuleName\":\"pzDisplayCollaboratorsList\"}" => HTTP 200 (105418 bytes)
[PegaHttpClient] 📡 POST https://zdk8budo.pegaacademy.net/prweb/api/CodeIntelligence/v1/rules/query?pxObjClass=Rule-HTML-Section&appliesTo=Rule-Declare-CaseMatch&pyRuleName=pyCollaborator&RequestClass=Rule-HTML-Section&RequestAppliesTo=Rule-Declare-CaseMatch&RequestRuleName=pyCollaborator Payload: "{\"RequestClass\":\"Rule-HTML-Section\",\"RequestAppliesTo\":\"Rule-Declare-CaseMatch\",\"RequestRuleName\":\"pyCollaborator\"}" => HTTP 404 (114 bytes)
[PegaHttpClient] 📡 POST https://zdk8budo.pegaacademy.net/prweb/PRRestService/CodeIntelligence/v1/rules/query?pxObjClass=Rule-HTML-Section&appliesTo=Rule-Declare-CaseMatch&pyRuleName=pyCollaborator&RequestClass=Rule-HTML-Section&RequestAppliesTo=Rule-Declare-CaseMatch&RequestRuleName=pyCollaborator Payload: "{\"RequestClass\":\"Rule-HTML-Section\",\"RequestAppliesTo\":\"Rule-Declare-CaseMatch\",\"RequestRuleName\":\"pyCollaborator\"}" => HTTP 404 (114 bytes)
[PegaHttpClient] 📡 POST https://zdk8budo.pegaacademy.net/prweb/api/HRAppsV2Service/V1/rules/query?pxObjClass=Rule-HTML-Section&appliesTo=Rule-Declare-CaseMatch&pyRuleName=pyCollaborator&RequestClass=Rule-HTML-Section&RequestAppliesTo=Rule-Declare-CaseMatch&RequestRuleName=pyCollaborator Payload: "{\"RequestClass\":\"Rule-HTML-Section\",\"RequestAppliesTo\":\"Rule-Declare-CaseMatch\",\"RequestRuleName\":\"pyCollaborator\"}" => HTTP 404 (18 bytes)
[PegaHttpClient] 📡 POST https://zdk8budo.pegaacademy.net/prweb/PRRestService/HRAppsV2Service/V1/rules/query?pxObjClass=Rule-HTML-Section&appliesTo=Rule-Declare-CaseMatch&pyRuleName=pyCollaborator&RequestClass=Rule-HTML-Section&RequestAppliesTo=Rule-Declare-CaseMatch&RequestRuleName=pyCollaborator Payload: "{\"RequestClass\":\"Rule-HTML-Section\",\"RequestAppliesTo\":\"Rule-Declare-CaseMatch\",\"RequestRuleName\":\"pyCollaborator\"}" => HTTP 404 (18 bytes)
[PegaHttpClient] 📡 POST https://zdk8budo.pegaacademy.net/prweb/api/HRAppsV2/V1/rules/query?pxObjClass=Rule-HTML-Section&appliesTo=Rule-Declare-CaseMatch&pyRuleName=pyCollaborator&RequestClass=Rule-HTML-Section&RequestAppliesTo=Rule-Declare-CaseMatch&RequestRuleName=pyCollaborator Payload: "{\"RequestClass\":\"Rule-HTML-Section\",\"RequestAppliesTo\":\"Rule-Declare-CaseMatch\",\"RequestRuleName\":\"pyCollaborator\"}" => HTTP 404 (18 bytes)
[PegaHttpClient] 📡 POST https://zdk8budo.pegaacademy.net/prweb/PRRestService/HRAppsV2/V1/rules/query?pxObjClass=Rule-HTML-Section&appliesTo=Rule-Declare-CaseMatch&pyRuleName=pyCollaborator&RequestClass=Rule-HTML-Section&RequestAppliesTo=Rule-Declare-CaseMatch&RequestRuleName=pyCollaborator Payload: "{\"RequestClass\":\"Rule-HTML-Section\",\"RequestAppliesTo\":\"Rule-Declare-CaseMatch\",\"RequestRuleName\":\"pyCollaborator\"}" => HTTP 404 (18 bytes)
[PegaHttpClient] 📡 POST https://zdk8budo.pegaacademy.net/prweb/api/v1/rules/query?pxObjClass=Rule-HTML-Section&appliesTo=Rule-Declare-CaseMatch&pyRuleName=pyCollaborator&RequestClass=Rule-HTML-Section&RequestAppliesTo=Rule-Declare-CaseMatch&RequestRuleName=pyCollaborator Payload: "{\"RequestClass\":\"Rule-HTML-Section\",\"RequestAppliesTo\":\"Rule-Declare-CaseMatch\",\"RequestRuleName\":\"pyCollaborator\"}" => HTTP 404 (18 bytes)
[PegaHttpClient] 📡 POST https://zdk8budo.pegaacademy.net/prweb/PRRestService/v1/rules/query?pxObjClass=Rule-HTML-Section&appliesTo=Rule-Declare-CaseMatch&pyRuleName=pyCollaborator&RequestClass=Rule-HTML-Section&RequestAppliesTo=Rule-Declare-CaseMatch&RequestRuleName=pyCollaborator Payload: "{\"RequestClass\":\"Rule-HTML-Section\",\"RequestAppliesTo\":\"Rule-Declare-CaseMatch\",\"RequestRuleName\":\"pyCollaborator\"}" => HTTP 404 (18 bytes)
[PegaHttpClient] 📡 POST https://zdk8budo.pegaacademy.net/prweb/api/CodeIntelligence/v1/rules/query?pxObjClass=Rule-HTML-Section&appliesTo=Rule-Declare-CaseMatch&pyRuleName=pzDisplayPartialCount&RequestClass=Rule-HTML-Section&RequestAppliesTo=Rule-Declare-CaseMatch&RequestRuleName=pzDisplayPartialCount Payload: "{\"RequestClass\":\"Rule-HTML-Section\",\"RequestAppliesTo\":\"Rule-Declare-CaseMatch\",\"RequestRuleName\":\"pzDisplayPartialCount\"}" => HTTP 404 (121 bytes)
[PegaHttpClient] 📡 POST https://zdk8budo.pegaacademy.net/prweb/PRRestService/CodeIntelligence/v1/rules/query?pxObjClass=Rule-HTML-Section&appliesTo=Rule-Declare-CaseMatch&pyRuleName=pzDisplayPartialCount&RequestClass=Rule-HTML-Section&RequestAppliesTo=Rule-Declare-CaseMatch&RequestRuleName=pzDisplayPartialCount Payload: "{\"RequestClass\":\"Rule-HTML-Section\",\"RequestAppliesTo\":\"Rule-Declare-CaseMatch\",\"RequestRuleName\":\"pzDisplayPartialCount\"}" => HTTP 404 (121 bytes)
[PegaHttpClient] 📡 POST https://zdk8budo.pegaacademy.net/prweb/api/HRAppsV2Service/V1/rules/query?pxObjClass=Rule-HTML-Section&appliesTo=Rule-Declare-CaseMatch&pyRuleName=pzDisplayPartialCount&RequestClass=Rule-HTML-Section&RequestAppliesTo=Rule-Declare-CaseMatch&RequestRuleName=pzDisplayPartialCount Payload: "{\"RequestClass\":\"Rule-HTML-Section\",\"RequestAppliesTo\":\"Rule-Declare-CaseMatch\",\"RequestRuleName\":\"pzDisplayPartialCount\"}" => HTTP 404 (18 bytes)
[PegaHttpClient] 📡 POST https://zdk8budo.pegaacademy.net/prweb/PRRestService/HRAppsV2Service/V1/rules/query?pxObjClass=Rule-HTML-Section&appliesTo=Rule-Declare-CaseMatch&pyRuleName=pzDisplayPartialCount&RequestClass=Rule-HTML-Section&RequestAppliesTo=Rule-Declare-CaseMatch&RequestRuleName=pzDisplayPartialCount Payload: "{\"RequestClass\":\"Rule-HTML-Section\",\"RequestAppliesTo\":\"Rule-Declare-CaseMatch\",\"RequestRuleName\":\"pzDisplayPartialCount\"}" => HTTP 404 (18 bytes)
[PegaHttpClient] 📡 POST https://zdk8budo.pegaacademy.net/prweb/api/HRAppsV2/V1/rules/query?pxObjClass=Rule-HTML-Section&appliesTo=Rule-Declare-CaseMatch&pyRuleName=pzDisplayPartialCount&RequestClass=Rule-HTML-Section&RequestAppliesTo=Rule-Declare-CaseMatch&RequestRuleName=pzDisplayPartialCount Payload: "{\"RequestClass\":\"Rule-HTML-Section\",\"RequestAppliesTo\":\"Rule-Declare-CaseMatch\",\"RequestRuleName\":\"pzDisplayPartialCount\"}" => HTTP 404 (18 bytes)
[PegaHttpClient] 📡 POST https://zdk8budo.pegaacademy.net/prweb/PRRestService/HRAppsV2/V1/rules/query?pxObjClass=Rule-HTML-Section&appliesTo=Rule-Declare-CaseMatch&pyRuleName=pzDisplayPartialCount&RequestClass=Rule-HTML-Section&RequestAppliesTo=Rule-Declare-CaseMatch&RequestRuleName=pzDisplayPartialCount Payload: "{\"RequestClass\":\"Rule-HTML-Section\",\"RequestAppliesTo\":\"Rule-Declare-CaseMatch\",\"RequestRuleName\":\"pzDisplayPartialCount\"}" => HTTP 404 (18 bytes)
[PegaHttpClient] 📡 POST https://zdk8budo.pegaacademy.net/prweb/api/v1/rules/query?pxObjClass=Rule-HTML-Section&appliesTo=Rule-Declare-CaseMatch&pyRuleName=pzDisplayPartialCount&RequestClass=Rule-HTML-Section&RequestAppliesTo=Rule-Declare-CaseMatch&RequestRuleName=pzDisplayPartialCount Payload: "{\"RequestClass\":\"Rule-HTML-Section\",\"RequestAppliesTo\":\"Rule-Declare-CaseMatch\",\"RequestRuleName\":\"pzDisplayPartialCount\"}" => HTTP 404 (18 bytes)
[PegaHttpClient] 📡 POST https://zdk8budo.pegaacademy.net/prweb/PRRestService/v1/rules/query?pxObjClass=Rule-HTML-Section&appliesTo=Rule-Declare-CaseMatch&pyRuleName=pzDisplayPartialCount&RequestClass=Rule-HTML-Section&RequestAppliesTo=Rule-Declare-CaseMatch&RequestRuleName=pzDisplayPartialCount Payload: "{\"RequestClass\":\"Rule-HTML-Section\",\"RequestAppliesTo\":\"Rule-Declare-CaseMatch\",\"RequestRuleName\":\"pzDisplayPartialCount\"}" => HTTP 404 (18 bytes)
[SchemaGen] ✅ Schema written for Rule-Declare-CaseMatch
[PegaHttpClient] 📡 GET https://zdk8budo.pegaacademy.net/prweb/api/CodeIntelligence/v1/rules/RULE-HTML-HARNESS%20RULE-CORR-FRAGMENT%20RULEFORM%20%2320180713T135119.059%20GMT => HTTP 200 (45798 bytes)
[PegaHttpClient] 📡 POST https://zdk8budo.pegaacademy.net/prweb/api/CodeIntelligence/v1/rules/query?pxObjClass=Rule-HTML-Section&appliesTo=Rule-Corr-Fragment&pyRuleName=RuleFormMain&RequestClass=Rule-HTML-Section&RequestAppliesTo=Rule-Corr-Fragment&RequestRuleName=RuleFormMain Payload: "{\"RequestClass\":\"Rule-HTML-Section\",\"RequestAppliesTo\":\"Rule-Corr-Fragment\",\"RequestRuleName\":\"RuleFormMain\"}" => HTTP 200 (156234 bytes)
[PegaHttpClient] 📡 POST https://zdk8budo.pegaacademy.net/prweb/api/CodeIntelligence/v1/rules/query?pxObjClass=Rule-HTML-Section&appliesTo=Rule-Corr-Fragment&pyRuleName=pxAlternateRuleForm&RequestClass=Rule-HTML-Section&RequestAppliesTo=Rule-Corr-Fragment&RequestRuleName=pxAlternateRuleForm Payload: "{\"RequestClass\":\"Rule-HTML-Section\",\"RequestAppliesTo\":\"Rule-Corr-Fragment\",\"RequestRuleName\":\"pxAlternateRuleForm\"}" => HTTP 200 (66153 bytes)
[PegaHttpClient] 📡 POST https://zdk8budo.pegaacademy.net/prweb/api/CodeIntelligence/v1/rules/query?pxObjClass=Rule-HTML-Section&appliesTo=Rule-Corr-Fragment&pyRuleName=pzRuleFormScripts&RequestClass=Rule-HTML-Section&RequestAppliesTo=Rule-Corr-Fragment&RequestRuleName=pzRuleFormScripts Payload: "{\"RequestClass\":\"Rule-HTML-Section\",\"RequestAppliesTo\":\"Rule-Corr-Fragment\",\"RequestRuleName\":\"pzRuleFormScripts\"}" => HTTP 200 (40822 bytes)
[PegaHttpClient] 📡 POST https://zdk8budo.pegaacademy.net/prweb/api/CodeIntelligence/v1/rules/query?pxObjClass=Rule-HTML-Section&appliesTo=Rule-Corr-Fragment&pyRuleName=pzRuleFormLayoutDelegated&RequestClass=Rule-HTML-Section&RequestAppliesTo=Rule-Corr-Fragment&RequestRuleName=pzRuleFormLayoutDelegated Payload: "{\"RequestClass\":\"Rule-HTML-Section\",\"RequestAppliesTo\":\"Rule-Corr-Fragment\",\"RequestRuleName\":\"pzRuleFormLayoutDelegated\"}" => HTTP 200 (70998 bytes)
[PegaHttpClient] 📡 POST https://zdk8budo.pegaacademy.net/prweb/api/CodeIntelligence/v1/rules/query?pxObjClass=Rule-HTML-Section&appliesTo=Rule-Corr-Fragment&pyRuleName=RuleFormLayout&RequestClass=Rule-HTML-Section&RequestAppliesTo=Rule-Corr-Fragment&RequestRuleName=RuleFormLayout Payload: "{\"RequestClass\":\"Rule-HTML-Section\",\"RequestAppliesTo\":\"Rule-Corr-Fragment\",\"RequestRuleName\":\"RuleFormLayout\"}" => HTTP 200 (26929 bytes)
[PegaHttpClient] 📡 POST https://zdk8budo.pegaacademy.net/prweb/api/CodeIntelligence/v1/rules/query?pxObjClass=Rule-HTML-Section&appliesTo=Rule-Corr-Fragment&pyRuleName=RuleFormSettings&RequestClass=Rule-HTML-Section&RequestAppliesTo=Rule-Corr-Fragment&RequestRuleName=RuleFormSettings Payload: "{\"RequestClass\":\"Rule-HTML-Section\",\"RequestAppliesTo\":\"Rule-Corr-Fragment\",\"RequestRuleName\":\"RuleFormSettings\"}" => HTTP 200 (20540 bytes)
[PegaHttpClient] 📡 POST https://zdk8budo.pegaacademy.net/prweb/api/CodeIntelligence/v1/rules/query?pxObjClass=Rule-HTML-Section&appliesTo=Rule-Corr-Fragment&pyRuleName=OpenAuthoring&RequestClass=Rule-HTML-Section&RequestAppliesTo=Rule-Corr-Fragment&RequestRuleName=OpenAuthoring Payload: "{\"RequestClass\":\"Rule-HTML-Section\",\"RequestAppliesTo\":\"Rule-Corr-Fragment\",\"RequestRuleName\":\"OpenAuthoring\"}" => HTTP 200 (23695 bytes)
[PegaHttpClient] 📡 POST https://zdk8budo.pegaacademy.net/prweb/api/CodeIntelligence/v1/rules/query?pxObjClass=Rule-HTML-Section&appliesTo=Rule-Corr-Fragment&pyRuleName=pyCustomHelp&RequestClass=Rule-HTML-Section&RequestAppliesTo=Rule-Corr-Fragment&RequestRuleName=pyCustomHelp Payload: "{\"RequestClass\":\"Rule-HTML-Section\",\"RequestAppliesTo\":\"Rule-Corr-Fragment\",\"RequestRuleName\":\"pyCustomHelp\"}" => HTTP 200 (17256 bytes)
[PegaHttpClient] 📡 POST https://zdk8budo.pegaacademy.net/prweb/api/CodeIntelligence/v1/rules/query?pxObjClass=Rule-HTML-Section&appliesTo=Rule-Corr-Fragment&pyRuleName=pzRuleformMainInclude&RequestClass=Rule-HTML-Section&RequestAppliesTo=Rule-Corr-Fragment&RequestRuleName=pzRuleformMainInclude Payload: "{\"RequestClass\":\"Rule-HTML-Section\",\"RequestAppliesTo\":\"Rule-Corr-Fragment\",\"RequestRuleName\":\"pzRuleformMainInclude\"}" => HTTP 200 (22375 bytes)
[PegaHttpClient] 📡 POST https://zdk8budo.pegaacademy.net/prweb/api/CodeIntelligence/v1/rules/query?pxObjClass=Rule-HTML-Section&appliesTo=Rule-Corr-Fragment&pyRuleName=pyAlternativeRuleFormStrategicAppExtension&RequestClass=Rule-HTML-Section&RequestAppliesTo=Rule-Corr-Fragment&RequestRuleName=pyAlternativeRuleFormStrategicAppExtension Payload: "{\"RequestClass\":\"Rule-HTML-Section\",\"RequestAppliesTo\":\"Rule-Corr-Fragment\",\"RequestRuleName\":\"pyAlternativeRuleFormStrategicAppExtension\"}" => HTTP 200 (25042 bytes)
[PegaHttpClient] 📡 POST https://zdk8budo.pegaacademy.net/prweb/api/CodeIntelligence/v1/rules/query?pxObjClass=Rule-HTML-Section&appliesTo=Rule-Corr-Fragment&pyRuleName=pyAlternativeRuleFormExtension&RequestClass=Rule-HTML-Section&RequestAppliesTo=Rule-Corr-Fragment&RequestRuleName=pyAlternativeRuleFormExtension Payload: "{\"RequestClass\":\"Rule-HTML-Section\",\"RequestAppliesTo\":\"Rule-Corr-Fragment\",\"RequestRuleName\":\"pyAlternativeRuleFormExtension\"}" => HTTP 200 (24863 bytes)
[PegaHttpClient] 📡 POST https://zdk8budo.pegaacademy.net/prweb/api/CodeIntelligence/v1/rules/query?pxObjClass=Rule-HTML-Section&appliesTo=Rule-Corr-Fragment&pyRuleName=RuleFormHeader&RequestClass=Rule-HTML-Section&RequestAppliesTo=Rule-Corr-Fragment&RequestRuleName=RuleFormHeader Payload: "{\"RequestClass\":\"Rule-HTML-Section\",\"RequestAppliesTo\":\"Rule-Corr-Fragment\",\"RequestRuleName\":\"RuleFormHeader\"}" => HTTP 200 (183800 bytes)
[PegaHttpClient] 📡 POST https://zdk8budo.pegaacademy.net/prweb/api/CodeIntelligence/v1/rules/query?pxObjClass=Rule-HTML-Section&appliesTo=Rule-Corr-Fragment&pyRuleName=pzDelegationExperience&RequestClass=Rule-HTML-Section&RequestAppliesTo=Rule-Corr-Fragment&RequestRuleName=pzDelegationExperience Payload: "{\"RequestClass\":\"Rule-HTML-Section\",\"RequestAppliesTo\":\"Rule-Corr-Fragment\",\"RequestRuleName\":\"pzDelegationExperience\"}" => HTTP 404 (118 bytes)
[PegaHttpClient] 📡 POST https://zdk8budo.pegaacademy.net/prweb/PRRestService/CodeIntelligence/v1/rules/query?pxObjClass=Rule-HTML-Section&appliesTo=Rule-Corr-Fragment&pyRuleName=pzDelegationExperience&RequestClass=Rule-HTML-Section&RequestAppliesTo=Rule-Corr-Fragment&RequestRuleName=pzDelegationExperience Payload: "{\"RequestClass\":\"Rule-HTML-Section\",\"RequestAppliesTo\":\"Rule-Corr-Fragment\",\"RequestRuleName\":\"pzDelegationExperience\"}" => HTTP 404 (118 bytes)
[PegaHttpClient] 📡 POST https://zdk8budo.pegaacademy.net/prweb/api/HRAppsV2Service/V1/rules/query?pxObjClass=Rule-HTML-Section&appliesTo=Rule-Corr-Fragment&pyRuleName=pzDelegationExperience&RequestClass=Rule-HTML-Section&RequestAppliesTo=Rule-Corr-Fragment&RequestRuleName=pzDelegationExperience Payload: "{\"RequestClass\":\"Rule-HTML-Section\",\"RequestAppliesTo\":\"Rule-Corr-Fragment\",\"RequestRuleName\":\"pzDelegationExperience\"}" => HTTP 404 (18 bytes)
[PegaHttpClient] 📡 POST https://zdk8budo.pegaacademy.net/prweb/PRRestService/HRAppsV2Service/V1/rules/query?pxObjClass=Rule-HTML-Section&appliesTo=Rule-Corr-Fragment&pyRuleName=pzDelegationExperience&RequestClass=Rule-HTML-Section&RequestAppliesTo=Rule-Corr-Fragment&RequestRuleName=pzDelegationExperience Payload: "{\"RequestClass\":\"Rule-HTML-Section\",\"RequestAppliesTo\":\"Rule-Corr-Fragment\",\"RequestRuleName\":\"pzDelegationExperience\"}" => HTTP 404 (18 bytes)
[PegaHttpClient] 📡 POST https://zdk8budo.pegaacademy.net/prweb/api/HRAppsV2/V1/rules/query?pxObjClass=Rule-HTML-Section&appliesTo=Rule-Corr-Fragment&pyRuleName=pzDelegationExperience&RequestClass=Rule-HTML-Section&RequestAppliesTo=Rule-Corr-Fragment&RequestRuleName=pzDelegationExperience Payload: "{\"RequestClass\":\"Rule-HTML-Section\",\"RequestAppliesTo\":\"Rule-Corr-Fragment\",\"RequestRuleName\":\"pzDelegationExperience\"}" => HTTP 404 (18 bytes)
[PegaHttpClient] 📡 POST https://zdk8budo.pegaacademy.net/prweb/PRRestService/HRAppsV2/V1/rules/query?pxObjClass=Rule-HTML-Section&appliesTo=Rule-Corr-Fragment&pyRuleName=pzDelegationExperience&RequestClass=Rule-HTML-Section&RequestAppliesTo=Rule-Corr-Fragment&RequestRuleName=pzDelegationExperience Payload: "{\"RequestClass\":\"Rule-HTML-Section\",\"RequestAppliesTo\":\"Rule-Corr-Fragment\",\"RequestRuleName\":\"pzDelegationExperience\"}" => HTTP 404 (18 bytes)
[PegaHttpClient] 📡 POST https://zdk8budo.pegaacademy.net/prweb/api/v1/rules/query?pxObjClass=Rule-HTML-Section&appliesTo=Rule-Corr-Fragment&pyRuleName=pzDelegationExperience&RequestClass=Rule-HTML-Section&RequestAppliesTo=Rule-Corr-Fragment&RequestRuleName=pzDelegationExperience Payload: "{\"RequestClass\":\"Rule-HTML-Section\",\"RequestAppliesTo\":\"Rule-Corr-Fragment\",\"RequestRuleName\":\"pzDelegationExperience\"}" => HTTP 404 (18 bytes)
[PegaHttpClient] 📡 POST https://zdk8budo.pegaacademy.net/prweb/PRRestService/v1/rules/query?pxObjClass=Rule-HTML-Section&appliesTo=Rule-Corr-Fragment&pyRuleName=pzDelegationExperience&RequestClass=Rule-HTML-Section&RequestAppliesTo=Rule-Corr-Fragment&RequestRuleName=pzDelegationExperience Payload: "{\"RequestClass\":\"Rule-HTML-Section\",\"RequestAppliesTo\":\"Rule-Corr-Fragment\",\"RequestRuleName\":\"pzDelegationExperience\"}" => HTTP 404 (18 bytes)
[PegaHttpClient] 📡 POST https://zdk8budo.pegaacademy.net/prweb/api/CodeIntelligence/v1/rules/query?pxObjClass=Rule-HTML-Section&appliesTo=Rule-Corr-Fragment&pyRuleName=pzShowFragment&RequestClass=Rule-HTML-Section&RequestAppliesTo=Rule-Corr-Fragment&RequestRuleName=pzShowFragment Payload: "{\"RequestClass\":\"Rule-HTML-Section\",\"RequestAppliesTo\":\"Rule-Corr-Fragment\",\"RequestRuleName\":\"pzShowFragment\"}" => HTTP 200 (103663 bytes)
[PegaHttpClient] 📡 POST https://zdk8budo.pegaacademy.net/prweb/api/CodeIntelligence/v1/rules/query?pxObjClass=Rule-HTML-Section&appliesTo=Rule-Corr-Fragment&pyRuleName=pzCustomHelp&RequestClass=Rule-HTML-Section&RequestAppliesTo=Rule-Corr-Fragment&RequestRuleName=pzCustomHelp Payload: "{\"RequestClass\":\"Rule-HTML-Section\",\"RequestAppliesTo\":\"Rule-Corr-Fragment\",\"RequestRuleName\":\"pzCustomHelp\"}" => HTTP 200 (31573 bytes)
[PegaHttpClient] 📡 POST https://zdk8budo.pegaacademy.net/prweb/api/CodeIntelligence/v1/rules/query?pxObjClass=Rule-HTML-Section&appliesTo=Rule-Corr-Fragment&pyRuleName=pzRuleFormKeysAndDescription&RequestClass=Rule-HTML-Section&RequestAppliesTo=Rule-Corr-Fragment&RequestRuleName=pzRuleFormKeysAndDescription Payload: "{\"RequestClass\":\"Rule-HTML-Section\",\"RequestAppliesTo\":\"Rule-Corr-Fragment\",\"RequestRuleName\":\"pzRuleFormKeysAndDescription\"}" => HTTP 200 (218057 bytes)
[PegaHttpClient] 📡 POST https://zdk8budo.pegaacademy.net/prweb/api/CodeIntelligence/v1/rules/query?pxObjClass=Rule-HTML-Section&appliesTo=Rule-Corr-Fragment&pyRuleName=pzRuleFormRuleset&RequestClass=Rule-HTML-Section&RequestAppliesTo=Rule-Corr-Fragment&RequestRuleName=pzRuleFormRuleset Payload: "{\"RequestClass\":\"Rule-HTML-Section\",\"RequestAppliesTo\":\"Rule-Corr-Fragment\",\"RequestRuleName\":\"pzRuleFormRuleset\"}" => HTTP 200 (33985 bytes)
[PegaHttpClient] 📡 POST https://zdk8budo.pegaacademy.net/prweb/api/CodeIntelligence/v1/rules/query?pxObjClass=Rule-HTML-Section&appliesTo=Rule-Corr-Fragment&pyRuleName=undefined&RequestClass=Rule-HTML-Section&RequestAppliesTo=Rule-Corr-Fragment&RequestRuleName=undefined Payload: "{\"RequestClass\":\"Rule-HTML-Section\",\"RequestAppliesTo\":\"Rule-Corr-Fragment\",\"RequestRuleName\":\"undefined\"}" => HTTP 404 (105 bytes)
[PegaHttpClient] 📡 POST https://zdk8budo.pegaacademy.net/prweb/PRRestService/CodeIntelligence/v1/rules/query?pxObjClass=Rule-HTML-Section&appliesTo=Rule-Corr-Fragment&pyRuleName=undefined&RequestClass=Rule-HTML-Section&RequestAppliesTo=Rule-Corr-Fragment&RequestRuleName=undefined Payload: "{\"RequestClass\":\"Rule-HTML-Section\",\"RequestAppliesTo\":\"Rule-Corr-Fragment\",\"RequestRuleName\":\"undefined\"}" => HTTP 404 (105 bytes)
[PegaHttpClient] 📡 POST https://zdk8budo.pegaacademy.net/prweb/api/HRAppsV2Service/V1/rules/query?pxObjClass=Rule-HTML-Section&appliesTo=Rule-Corr-Fragment&pyRuleName=undefined&RequestClass=Rule-HTML-Section&RequestAppliesTo=Rule-Corr-Fragment&RequestRuleName=undefined Payload: "{\"RequestClass\":\"Rule-HTML-Section\",\"RequestAppliesTo\":\"Rule-Corr-Fragment\",\"RequestRuleName\":\"undefined\"}" => HTTP 404 (18 bytes)
[PegaHttpClient] 📡 POST https://zdk8budo.pegaacademy.net/prweb/PRRestService/HRAppsV2Service/V1/rules/query?pxObjClass=Rule-HTML-Section&appliesTo=Rule-Corr-Fragment&pyRuleName=undefined&RequestClass=Rule-HTML-Section&RequestAppliesTo=Rule-Corr-Fragment&RequestRuleName=undefined Payload: "{\"RequestClass\":\"Rule-HTML-Section\",\"RequestAppliesTo\":\"Rule-Corr-Fragment\",\"RequestRuleName\":\"undefined\"}" => HTTP 404 (18 bytes)
[PegaHttpClient] 📡 POST https://zdk8budo.pegaacademy.net/prweb/api/HRAppsV2/V1/rules/query?pxObjClass=Rule-HTML-Section&appliesTo=Rule-Corr-Fragment&pyRuleName=undefined&RequestClass=Rule-HTML-Section&RequestAppliesTo=Rule-Corr-Fragment&RequestRuleName=undefined Payload: "{\"RequestClass\":\"Rule-HTML-Section\",\"RequestAppliesTo\":\"Rule-Corr-Fragment\",\"RequestRuleName\":\"undefined\"}" => HTTP 404 (18 bytes)
[PegaHttpClient] 📡 POST https://zdk8budo.pegaacademy.net/prweb/PRRestService/HRAppsV2/V1/rules/query?pxObjClass=Rule-HTML-Section&appliesTo=Rule-Corr-Fragment&pyRuleName=undefined&RequestClass=Rule-HTML-Section&RequestAppliesTo=Rule-Corr-Fragment&RequestRuleName=undefined Payload: "{\"RequestClass\":\"Rule-HTML-Section\",\"RequestAppliesTo\":\"Rule-Corr-Fragment\",\"RequestRuleName\":\"undefined\"}" => HTTP 404 (18 bytes)
[PegaHttpClient] 📡 POST https://zdk8budo.pegaacademy.net/prweb/api/v1/rules/query?pxObjClass=Rule-HTML-Section&appliesTo=Rule-Corr-Fragment&pyRuleName=undefined&RequestClass=Rule-HTML-Section&RequestAppliesTo=Rule-Corr-Fragment&RequestRuleName=undefined Payload: "{\"RequestClass\":\"Rule-HTML-Section\",\"RequestAppliesTo\":\"Rule-Corr-Fragment\",\"RequestRuleName\":\"undefined\"}" => HTTP 404 (18 bytes)
[PegaHttpClient] 📡 POST https://zdk8budo.pegaacademy.net/prweb/PRRestService/v1/rules/query?pxObjClass=Rule-HTML-Section&appliesTo=Rule-Corr-Fragment&pyRuleName=undefined&RequestClass=Rule-HTML-Section&RequestAppliesTo=Rule-Corr-Fragment&RequestRuleName=undefined Payload: "{\"RequestClass\":\"Rule-HTML-Section\",\"RequestAppliesTo\":\"Rule-Corr-Fragment\",\"RequestRuleName\":\"undefined\"}" => HTTP 404 (18 bytes)
[PegaHttpClient] 📡 POST https://zdk8budo.pegaacademy.net/prweb/api/CodeIntelligence/v1/rules/query?pxObjClass=Rule-HTML-Section&appliesTo=Rule-Corr-Fragment&pyRuleName=pzRuleFormToolbar&RequestClass=Rule-HTML-Section&RequestAppliesTo=Rule-Corr-Fragment&RequestRuleName=pzRuleFormToolbar Payload: "{\"RequestClass\":\"Rule-HTML-Section\",\"RequestAppliesTo\":\"Rule-Corr-Fragment\",\"RequestRuleName\":\"pzRuleFormToolbar\"}" => HTTP 200 (242691 bytes)
[PegaHttpClient] 📡 POST https://zdk8budo.pegaacademy.net/prweb/api/CodeIntelligence/v1/rules/query?pxObjClass=Rule-HTML-Section&appliesTo=Rule-Corr-Fragment&pyRuleName=pzRuleFormToolbarCompare&RequestClass=Rule-HTML-Section&RequestAppliesTo=Rule-Corr-Fragment&RequestRuleName=pzRuleFormToolbarCompare Payload: "{\"RequestClass\":\"Rule-HTML-Section\",\"RequestAppliesTo\":\"Rule-Corr-Fragment\",\"RequestRuleName\":\"pzRuleFormToolbarCompare\"}" => HTTP 200 (61925 bytes)
[PegaHttpClient] 📡 POST https://zdk8budo.pegaacademy.net/prweb/api/CodeIntelligence/v1/rules/query?pxObjClass=Rule-HTML-Section&appliesTo=Rule-Corr-Fragment&pyRuleName=RuleFormHeaderMessages&RequestClass=Rule-HTML-Section&RequestAppliesTo=Rule-Corr-Fragment&RequestRuleName=RuleFormHeaderMessages Payload: "{\"RequestClass\":\"Rule-HTML-Section\",\"RequestAppliesTo\":\"Rule-Corr-Fragment\",\"RequestRuleName\":\"RuleFormHeaderMessages\"}" => HTTP 200 (26518 bytes)
[PegaHttpClient] 📡 POST https://zdk8budo.pegaacademy.net/prweb/api/CodeIntelligence/v1/rules/query?pxObjClass=Rule-HTML-Section&appliesTo=Rule-Corr-Fragment&pyRuleName=pzSpecifications&RequestClass=Rule-HTML-Section&RequestAppliesTo=Rule-Corr-Fragment&RequestRuleName=pzSpecifications Payload: "{\"RequestClass\":\"Rule-HTML-Section\",\"RequestAppliesTo\":\"Rule-Corr-Fragment\",\"RequestRuleName\":\"pzSpecifications\"}" => HTTP 200 (16577 bytes)
[PegaHttpClient] 📡 POST https://zdk8budo.pegaacademy.net/prweb/api/CodeIntelligence/v1/rules/query?pxObjClass=Rule-HTML-Section&appliesTo=Rule-Corr-Fragment&pyRuleName=RuleFormHistory&RequestClass=Rule-HTML-Section&RequestAppliesTo=Rule-Corr-Fragment&RequestRuleName=RuleFormHistory Payload: "{\"RequestClass\":\"Rule-HTML-Section\",\"RequestAppliesTo\":\"Rule-Corr-Fragment\",\"RequestRuleName\":\"RuleFormHistory\"}" => HTTP 200 (76091 bytes)
[PegaHttpClient] 📡 POST https://zdk8budo.pegaacademy.net/prweb/api/CodeIntelligence/v1/rules/query?pxObjClass=Rule-HTML-Section&appliesTo=Rule-Corr-Fragment&pyRuleName=pzRuleFormStatus&RequestClass=Rule-HTML-Section&RequestAppliesTo=Rule-Corr-Fragment&RequestRuleName=pzRuleFormStatus Payload: "{\"RequestClass\":\"Rule-HTML-Section\",\"RequestAppliesTo\":\"Rule-Corr-Fragment\",\"RequestRuleName\":\"pzRuleFormStatus\"}" => HTTP 200 (97627 bytes)
[PegaHttpClient] 📡 POST https://zdk8budo.pegaacademy.net/prweb/api/CodeIntelligence/v1/rules/query?pxObjClass=Rule-HTML-Section&appliesTo=Rule-Corr-Fragment&pyRuleName=pzRuleFormHeaderCompareWithDropDown&RequestClass=Rule-HTML-Section&RequestAppliesTo=Rule-Corr-Fragment&RequestRuleName=pzRuleFormHeaderCompareWithDropDown Payload: "{\"RequestClass\":\"Rule-HTML-Section\",\"RequestAppliesTo\":\"Rule-Corr-Fragment\",\"RequestRuleName\":\"pzRuleFormHeaderCompareWithDropDown\"}" => HTTP 200 (25396 bytes)
[PegaHttpClient] 📡 POST https://zdk8budo.pegaacademy.net/prweb/api/CodeIntelligence/v1/rules/query?pxObjClass=Rule-HTML-Section&appliesTo=Rule-Corr-Fragment&pyRuleName=undefined&RequestClass=Rule-HTML-Section&RequestAppliesTo=Rule-Corr-Fragment&RequestRuleName=undefined Payload: "{\"RequestClass\":\"Rule-HTML-Section\",\"RequestAppliesTo\":\"Rule-Corr-Fragment\",\"RequestRuleName\":\"undefined\"}" => HTTP 404 (105 bytes)
[PegaHttpClient] 📡 POST https://zdk8budo.pegaacademy.net/prweb/PRRestService/CodeIntelligence/v1/rules/query?pxObjClass=Rule-HTML-Section&appliesTo=Rule-Corr-Fragment&pyRuleName=undefined&RequestClass=Rule-HTML-Section&RequestAppliesTo=Rule-Corr-Fragment&RequestRuleName=undefined Payload: "{\"RequestClass\":\"Rule-HTML-Section\",\"RequestAppliesTo\":\"Rule-Corr-Fragment\",\"RequestRuleName\":\"undefined\"}" => HTTP 404 (105 bytes)
[PegaHttpClient] 📡 POST https://zdk8budo.pegaacademy.net/prweb/api/HRAppsV2Service/V1/rules/query?pxObjClass=Rule-HTML-Section&appliesTo=Rule-Corr-Fragment&pyRuleName=undefined&RequestClass=Rule-HTML-Section&RequestAppliesTo=Rule-Corr-Fragment&RequestRuleName=undefined Payload: "{\"RequestClass\":\"Rule-HTML-Section\",\"RequestAppliesTo\":\"Rule-Corr-Fragment\",\"RequestRuleName\":\"undefined\"}" => HTTP 404 (18 bytes)
[PegaHttpClient] 📡 POST https://zdk8budo.pegaacademy.net/prweb/PRRestService/HRAppsV2Service/V1/rules/query?pxObjClass=Rule-HTML-Section&appliesTo=Rule-Corr-Fragment&pyRuleName=undefined&RequestClass=Rule-HTML-Section&RequestAppliesTo=Rule-Corr-Fragment&RequestRuleName=undefined Payload: "{\"RequestClass\":\"Rule-HTML-Section\",\"RequestAppliesTo\":\"Rule-Corr-Fragment\",\"RequestRuleName\":\"undefined\"}" => HTTP 404 (18 bytes)
[PegaHttpClient] 📡 POST https://zdk8budo.pegaacademy.net/prweb/api/HRAppsV2/V1/rules/query?pxObjClass=Rule-HTML-Section&appliesTo=Rule-Corr-Fragment&pyRuleName=undefined&RequestClass=Rule-HTML-Section&RequestAppliesTo=Rule-Corr-Fragment&RequestRuleName=undefined Payload: "{\"RequestClass\":\"Rule-HTML-Section\",\"RequestAppliesTo\":\"Rule-Corr-Fragment\",\"RequestRuleName\":\"undefined\"}" => HTTP 404 (18 bytes)
[PegaHttpClient] 📡 POST https://zdk8budo.pegaacademy.net/prweb/PRRestService/HRAppsV2/V1/rules/query?pxObjClass=Rule-HTML-Section&appliesTo=Rule-Corr-Fragment&pyRuleName=undefined&RequestClass=Rule-HTML-Section&RequestAppliesTo=Rule-Corr-Fragment&RequestRuleName=undefined Payload: "{\"RequestClass\":\"Rule-HTML-Section\",\"RequestAppliesTo\":\"Rule-Corr-Fragment\",\"RequestRuleName\":\"undefined\"}" => HTTP 404 (18 bytes)
[PegaHttpClient] 📡 POST https://zdk8budo.pegaacademy.net/prweb/api/v1/rules/query?pxObjClass=Rule-HTML-Section&appliesTo=Rule-Corr-Fragment&pyRuleName=undefined&RequestClass=Rule-HTML-Section&RequestAppliesTo=Rule-Corr-Fragment&RequestRuleName=undefined Payload: "{\"RequestClass\":\"Rule-HTML-Section\",\"RequestAppliesTo\":\"Rule-Corr-Fragment\",\"RequestRuleName\":\"undefined\"}" => HTTP 404 (18 bytes)
[PegaHttpClient] 📡 POST https://zdk8budo.pegaacademy.net/prweb/PRRestService/v1/rules/query?pxObjClass=Rule-HTML-Section&appliesTo=Rule-Corr-Fragment&pyRuleName=undefined&RequestClass=Rule-HTML-Section&RequestAppliesTo=Rule-Corr-Fragment&RequestRuleName=undefined Payload: "{\"RequestClass\":\"Rule-HTML-Section\",\"RequestAppliesTo\":\"Rule-Corr-Fragment\",\"RequestRuleName\":\"undefined\"}" => HTTP 404 (18 bytes)
[PegaHttpClient] 📡 POST https://zdk8budo.pegaacademy.net/prweb/api/CodeIntelligence/v1/rules/query?pxObjClass=Rule-HTML-Section&appliesTo=Rule-Corr-Fragment&pyRuleName=pzRuleFormToolbarHotKeys&RequestClass=Rule-HTML-Section&RequestAppliesTo=Rule-Corr-Fragment&RequestRuleName=pzRuleFormToolbarHotKeys Payload: "{\"RequestClass\":\"Rule-HTML-Section\",\"RequestAppliesTo\":\"Rule-Corr-Fragment\",\"RequestRuleName\":\"pzRuleFormToolbarHotKeys\"}" => HTTP 200 (85058 bytes)
[PegaHttpClient] 📡 POST https://zdk8budo.pegaacademy.net/prweb/api/CodeIntelligence/v1/rules/query?pxObjClass=Rule-HTML-Section&appliesTo=Rule-Corr-Fragment&pyRuleName=pzRuleFormToolbarLockedIcon&RequestClass=Rule-HTML-Section&RequestAppliesTo=Rule-Corr-Fragment&RequestRuleName=pzRuleFormToolbarLockedIcon Payload: "{\"RequestClass\":\"Rule-HTML-Section\",\"RequestAppliesTo\":\"Rule-Corr-Fragment\",\"RequestRuleName\":\"pzRuleFormToolbarLockedIcon\"}" => HTTP 200 (24898 bytes)
[PegaHttpClient] 📡 POST https://zdk8budo.pegaacademy.net/prweb/api/CodeIntelligence/v1/rules/query?pxObjClass=Rule-HTML-Section&appliesTo=Rule-Corr-Fragment&pyRuleName=pzRuleFormToolbarCollaborators&RequestClass=Rule-HTML-Section&RequestAppliesTo=Rule-Corr-Fragment&RequestRuleName=pzRuleFormToolbarCollaborators Payload: "{\"RequestClass\":\"Rule-HTML-Section\",\"RequestAppliesTo\":\"Rule-Corr-Fragment\",\"RequestRuleName\":\"pzRuleFormToolbarCollaborators\"}" => HTTP 200 (15254 bytes)
[PegaHttpClient] 📡 POST https://zdk8budo.pegaacademy.net/prweb/api/CodeIntelligence/v1/rules/query?pxObjClass=Rule-HTML-Section&appliesTo=Rule-Corr-Fragment&pyRuleName=pzRuleFormToolbarSaveAs&RequestClass=Rule-HTML-Section&RequestAppliesTo=Rule-Corr-Fragment&RequestRuleName=pzRuleFormToolbarSaveAs Payload: "{\"RequestClass\":\"Rule-HTML-Section\",\"RequestAppliesTo\":\"Rule-Corr-Fragment\",\"RequestRuleName\":\"pzRuleFormToolbarSaveAs\"}" => HTTP 200 (64084 bytes)
[PegaHttpClient] 📡 POST https://zdk8budo.pegaacademy.net/prweb/api/CodeIntelligence/v1/rules/query?pxObjClass=Rule-HTML-Section&appliesTo=Rule-Corr-Fragment&pyRuleName=pzRuleFormToolbarCheckin&RequestClass=Rule-HTML-Section&RequestAppliesTo=Rule-Corr-Fragment&RequestRuleName=pzRuleFormToolbarCheckin Payload: "{\"RequestClass\":\"Rule-HTML-Section\",\"RequestAppliesTo\":\"Rule-Corr-Fragment\",\"RequestRuleName\":\"pzRuleFormToolbarCheckin\"}" => HTTP 200 (119096 bytes)
[PegaHttpClient] 📡 POST https://zdk8budo.pegaacademy.net/prweb/api/CodeIntelligence/v1/rules/query?pxObjClass=Rule-HTML-Section&appliesTo=Rule-Corr-Fragment&pyRuleName=pzRuleFormToolbarDelete&RequestClass=Rule-HTML-Section&RequestAppliesTo=Rule-Corr-Fragment&RequestRuleName=pzRuleFormToolbarDelete Payload: "{\"RequestClass\":\"Rule-HTML-Section\",\"RequestAppliesTo\":\"Rule-Corr-Fragment\",\"RequestRuleName\":\"pzRuleFormToolbarDelete\"}" => HTTP 200 (30249 bytes)
[PegaHttpClient] 📡 POST https://zdk8budo.pegaacademy.net/prweb/api/CodeIntelligence/v1/rules/query?pxObjClass=Rule-HTML-Section&appliesTo=Rule-Corr-Fragment&pyRuleName=pzRuleFormToolbarSave&RequestClass=Rule-HTML-Section&RequestAppliesTo=Rule-Corr-Fragment&RequestRuleName=pzRuleFormToolbarSave Payload: "{\"RequestClass\":\"Rule-HTML-Section\",\"RequestAppliesTo\":\"Rule-Corr-Fragment\",\"RequestRuleName\":\"pzRuleFormToolbarSave\"}" => HTTP 200 (293885 bytes)
[PegaHttpClient] 📡 POST https://zdk8budo.pegaacademy.net/prweb/api/CodeIntelligence/v1/rules/query?pxObjClass=Rule-HTML-Section&appliesTo=Rule-Corr-Fragment&pyRuleName=pzRuleFormToolbarCheckout&RequestClass=Rule-HTML-Section&RequestAppliesTo=Rule-Corr-Fragment&RequestRuleName=pzRuleFormToolbarCheckout Payload: "{\"RequestClass\":\"Rule-HTML-Section\",\"RequestAppliesTo\":\"Rule-Corr-Fragment\",\"RequestRuleName\":\"pzRuleFormToolbarCheckout\"}" => HTTP 200 (238148 bytes)
[PegaHttpClient] 📡 POST https://zdk8budo.pegaacademy.net/prweb/api/CodeIntelligence/v1/rules/query?pxObjClass=Rule-HTML-Section&appliesTo=Rule-Corr-Fragment&pyRuleName=pzRemoveErrorsDataPage&RequestClass=Rule-HTML-Section&RequestAppliesTo=Rule-Corr-Fragment&RequestRuleName=pzRemoveErrorsDataPage Payload: "{\"RequestClass\":\"Rule-HTML-Section\",\"RequestAppliesTo\":\"Rule-Corr-Fragment\",\"RequestRuleName\":\"pzRemoveErrorsDataPage\"}" => HTTP 200 (16733 bytes)
[PegaHttpClient] 📡 POST https://zdk8budo.pegaacademy.net/prweb/api/CodeIntelligence/v1/rules/query?pxObjClass=Rule-HTML-Section&appliesTo=Rule-Corr-Fragment&pyRuleName=pzRuleFormHeaderMessagesWrapper&RequestClass=Rule-HTML-Section&RequestAppliesTo=Rule-Corr-Fragment&RequestRuleName=pzRuleFormHeaderMessagesWrapper Payload: "{\"RequestClass\":\"Rule-HTML-Section\",\"RequestAppliesTo\":\"Rule-Corr-Fragment\",\"RequestRuleName\":\"pzRuleFormHeaderMessagesWrapper\"}" => HTTP 200 (16981 bytes)
[PegaHttpClient] 📡 POST https://zdk8budo.pegaacademy.net/prweb/api/CodeIntelligence/v1/rules/query?pxObjClass=Rule-HTML-Section&appliesTo=Rule-Corr-Fragment&pyRuleName=pzSpecificationsInner&RequestClass=Rule-HTML-Section&RequestAppliesTo=Rule-Corr-Fragment&RequestRuleName=pzSpecificationsInner Payload: "{\"RequestClass\":\"Rule-HTML-Section\",\"RequestAppliesTo\":\"Rule-Corr-Fragment\",\"RequestRuleName\":\"pzSpecificationsInner\"}" => HTTP 200 (142370 bytes)
[PegaHttpClient] 📡 POST https://zdk8budo.pegaacademy.net/prweb/api/CodeIntelligence/v1/rules/query?pxObjClass=Rule-HTML-Section&appliesTo=Rule-Corr-Fragment&pyRuleName=pzAlternateRuleInfo&RequestClass=Rule-HTML-Section&RequestAppliesTo=Rule-Corr-Fragment&RequestRuleName=pzAlternateRuleInfo Payload: "{\"RequestClass\":\"Rule-HTML-Section\",\"RequestAppliesTo\":\"Rule-Corr-Fragment\",\"RequestRuleName\":\"pzAlternateRuleInfo\"}" => HTTP 200 (140407 bytes)
[PegaHttpClient] 📡 POST https://zdk8budo.pegaacademy.net/prweb/api/CodeIntelligence/v1/rules/query?pxObjClass=Rule-HTML-Section&appliesTo=Rule-Corr-Fragment&pyRuleName=RuleFormHistory_Description&RequestClass=Rule-HTML-Section&RequestAppliesTo=Rule-Corr-Fragment&RequestRuleName=RuleFormHistory_Description Payload: "{\"RequestClass\":\"Rule-HTML-Section\",\"RequestAppliesTo\":\"Rule-Corr-Fragment\",\"RequestRuleName\":\"RuleFormHistory_Description\"}" => HTTP 200 (46242 bytes)
[PegaHttpClient] 📡 POST https://zdk8budo.pegaacademy.net/prweb/api/CodeIntelligence/v1/rules/query?pxObjClass=Rule-HTML-Section&appliesTo=Rule-Corr-Fragment&pyRuleName=RuleFormHistory_CustomFields&RequestClass=Rule-HTML-Section&RequestAppliesTo=Rule-Corr-Fragment&RequestRuleName=RuleFormHistory_CustomFields Payload: "{\"RequestClass\":\"Rule-HTML-Section\",\"RequestAppliesTo\":\"Rule-Corr-Fragment\",\"RequestRuleName\":\"RuleFormHistory_CustomFields\"}" => HTTP 200 (75856 bytes)
[PegaHttpClient] 📡 POST https://zdk8budo.pegaacademy.net/prweb/api/CodeIntelligence/v1/rules/query?pxObjClass=Rule-HTML-Section&appliesTo=Rule-Corr-Fragment&pyRuleName=RuleFormHistory_HistoryDetails&RequestClass=Rule-HTML-Section&RequestAppliesTo=Rule-Corr-Fragment&RequestRuleName=RuleFormHistory_HistoryDetails Payload: "{\"RequestClass\":\"Rule-HTML-Section\",\"RequestAppliesTo\":\"Rule-Corr-Fragment\",\"RequestRuleName\":\"RuleFormHistory_HistoryDetails\"}" => HTTP 200 (179535 bytes)
[PegaHttpClient] 📡 POST https://zdk8budo.pegaacademy.net/prweb/api/CodeIntelligence/v1/rules/query?pxObjClass=Rule-HTML-Section&appliesTo=Rule-Corr-Fragment&pyRuleName=pxDisplayCollaborators&RequestClass=Rule-HTML-Section&RequestAppliesTo=Rule-Corr-Fragment&RequestRuleName=pxDisplayCollaborators Payload: "{\"RequestClass\":\"Rule-HTML-Section\",\"RequestAppliesTo\":\"Rule-Corr-Fragment\",\"RequestRuleName\":\"pxDisplayCollaborators\"}" => HTTP 200 (94171 bytes)
[PegaHttpClient] 📡 POST https://zdk8budo.pegaacademy.net/prweb/api/CodeIntelligence/v1/rules/query?pxObjClass=Rule-HTML-Section&appliesTo=Rule-Corr-Fragment&pyRuleName=pzRuleFormToolbarDeleteCheckOut&RequestClass=Rule-HTML-Section&RequestAppliesTo=Rule-Corr-Fragment&RequestRuleName=pzRuleFormToolbarDeleteCheckOut Payload: "{\"RequestClass\":\"Rule-HTML-Section\",\"RequestAppliesTo\":\"Rule-Corr-Fragment\",\"RequestRuleName\":\"pzRuleFormToolbarDeleteCheckOut\"}" => HTTP 200 (29433 bytes)
[PegaHttpClient] 📡 POST https://zdk8budo.pegaacademy.net/prweb/api/CodeIntelligence/v1/rules/query?pxObjClass=Rule-HTML-Section&appliesTo=Rule-Corr-Fragment&pyRuleName=pzRuleFormToolbarDeleteRule&RequestClass=Rule-HTML-Section&RequestAppliesTo=Rule-Corr-Fragment&RequestRuleName=pzRuleFormToolbarDeleteRule Payload: "{\"RequestClass\":\"Rule-HTML-Section\",\"RequestAppliesTo\":\"Rule-Corr-Fragment\",\"RequestRuleName\":\"pzRuleFormToolbarDeleteRule\"}" => HTTP 200 (32314 bytes)
[PegaHttpClient] 📡 POST https://zdk8budo.pegaacademy.net/prweb/api/CodeIntelligence/v1/rules/query?pxObjClass=Rule-HTML-Section&appliesTo=Rule-Corr-Fragment&pyRuleName=pzSpecificationName&RequestClass=Rule-HTML-Section&RequestAppliesTo=Rule-Corr-Fragment&RequestRuleName=pzSpecificationName Payload: "{\"RequestClass\":\"Rule-HTML-Section\",\"RequestAppliesTo\":\"Rule-Corr-Fragment\",\"RequestRuleName\":\"pzSpecificationName\"}" => HTTP 404 (115 bytes)
[PegaHttpClient] 📡 POST https://zdk8budo.pegaacademy.net/prweb/PRRestService/CodeIntelligence/v1/rules/query?pxObjClass=Rule-HTML-Section&appliesTo=Rule-Corr-Fragment&pyRuleName=pzSpecificationName&RequestClass=Rule-HTML-Section&RequestAppliesTo=Rule-Corr-Fragment&RequestRuleName=pzSpecificationName Payload: "{\"RequestClass\":\"Rule-HTML-Section\",\"RequestAppliesTo\":\"Rule-Corr-Fragment\",\"RequestRuleName\":\"pzSpecificationName\"}" => HTTP 404 (115 bytes)
[PegaHttpClient] 📡 POST https://zdk8budo.pegaacademy.net/prweb/api/HRAppsV2Service/V1/rules/query?pxObjClass=Rule-HTML-Section&appliesTo=Rule-Corr-Fragment&pyRuleName=pzSpecificationName&RequestClass=Rule-HTML-Section&RequestAppliesTo=Rule-Corr-Fragment&RequestRuleName=pzSpecificationName Payload: "{\"RequestClass\":\"Rule-HTML-Section\",\"RequestAppliesTo\":\"Rule-Corr-Fragment\",\"RequestRuleName\":\"pzSpecificationName\"}" => HTTP 404 (18 bytes)
[PegaHttpClient] 📡 POST https://zdk8budo.pegaacademy.net/prweb/PRRestService/HRAppsV2Service/V1/rules/query?pxObjClass=Rule-HTML-Section&appliesTo=Rule-Corr-Fragment&pyRuleName=pzSpecificationName&RequestClass=Rule-HTML-Section&RequestAppliesTo=Rule-Corr-Fragment&RequestRuleName=pzSpecificationName Payload: "{\"RequestClass\":\"Rule-HTML-Section\",\"RequestAppliesTo\":\"Rule-Corr-Fragment\",\"RequestRuleName\":\"pzSpecificationName\"}" => HTTP 404 (18 bytes)
[PegaHttpClient] 📡 POST https://zdk8budo.pegaacademy.net/prweb/api/HRAppsV2/V1/rules/query?pxObjClass=Rule-HTML-Section&appliesTo=Rule-Corr-Fragment&pyRuleName=pzSpecificationName&RequestClass=Rule-HTML-Section&RequestAppliesTo=Rule-Corr-Fragment&RequestRuleName=pzSpecificationName Payload: "{\"RequestClass\":\"Rule-HTML-Section\",\"RequestAppliesTo\":\"Rule-Corr-Fragment\",\"RequestRuleName\":\"pzSpecificationName\"}" => HTTP 404 (18 bytes)
[PegaHttpClient] 📡 POST https://zdk8budo.pegaacademy.net/prweb/PRRestService/HRAppsV2/V1/rules/query?pxObjClass=Rule-HTML-Section&appliesTo=Rule-Corr-Fragment&pyRuleName=pzSpecificationName&RequestClass=Rule-HTML-Section&RequestAppliesTo=Rule-Corr-Fragment&RequestRuleName=pzSpecificationName Payload: "{\"RequestClass\":\"Rule-HTML-Section\",\"RequestAppliesTo\":\"Rule-Corr-Fragment\",\"RequestRuleName\":\"pzSpecificationName\"}" => HTTP 404 (18 bytes)
[PegaHttpClient] 📡 POST https://zdk8budo.pegaacademy.net/prweb/api/v1/rules/query?pxObjClass=Rule-HTML-Section&appliesTo=Rule-Corr-Fragment&pyRuleName=pzSpecificationName&RequestClass=Rule-HTML-Section&RequestAppliesTo=Rule-Corr-Fragment&RequestRuleName=pzSpecificationName Payload: "{\"RequestClass\":\"Rule-HTML-Section\",\"RequestAppliesTo\":\"Rule-Corr-Fragment\",\"RequestRuleName\":\"pzSpecificationName\"}" => HTTP 404 (18 bytes)
[PegaHttpClient] 📡 POST https://zdk8budo.pegaacademy.net/prweb/PRRestService/v1/rules/query?pxObjClass=Rule-HTML-Section&appliesTo=Rule-Corr-Fragment&pyRuleName=pzSpecificationName&RequestClass=Rule-HTML-Section&RequestAppliesTo=Rule-Corr-Fragment&RequestRuleName=pzSpecificationName Payload: "{\"RequestClass\":\"Rule-HTML-Section\",\"RequestAppliesTo\":\"Rule-Corr-Fragment\",\"RequestRuleName\":\"pzSpecificationName\"}" => HTTP 404 (18 bytes)
[PegaHttpClient] 📡 POST https://zdk8budo.pegaacademy.net/prweb/api/CodeIntelligence/v1/rules/query?pxObjClass=Rule-HTML-Section&appliesTo=Rule-Corr-Fragment&pyRuleName=pzScm_RuleHistory&RequestClass=Rule-HTML-Section&RequestAppliesTo=Rule-Corr-Fragment&RequestRuleName=pzScm_RuleHistory Payload: "{\"RequestClass\":\"Rule-HTML-Section\",\"RequestAppliesTo\":\"Rule-Corr-Fragment\",\"RequestRuleName\":\"pzScm_RuleHistory\"}" => HTTP 200 (14682 bytes)
[PegaHttpClient] 📡 POST https://zdk8budo.pegaacademy.net/prweb/api/CodeIntelligence/v1/rules/query?pxObjClass=Rule-HTML-Section&appliesTo=Rule-Corr-Fragment&pyRuleName=pzLoadCollaborationScripts&RequestClass=Rule-HTML-Section&RequestAppliesTo=Rule-Corr-Fragment&RequestRuleName=pzLoadCollaborationScripts Payload: "{\"RequestClass\":\"Rule-HTML-Section\",\"RequestAppliesTo\":\"Rule-Corr-Fragment\",\"RequestRuleName\":\"pzLoadCollaborationScripts\"}" => HTTP 200 (23453 bytes)
[PegaHttpClient] 📡 POST https://zdk8budo.pegaacademy.net/prweb/api/CodeIntelligence/v1/rules/query?pxObjClass=Rule-HTML-Section&appliesTo=Rule-Corr-Fragment&pyRuleName=pzDisplayCollaboratorsList&RequestClass=Rule-HTML-Section&RequestAppliesTo=Rule-Corr-Fragment&RequestRuleName=pzDisplayCollaboratorsList Payload: "{\"RequestClass\":\"Rule-HTML-Section\",\"RequestAppliesTo\":\"Rule-Corr-Fragment\",\"RequestRuleName\":\"pzDisplayCollaboratorsList\"}" => HTTP 200 (105418 bytes)
[PegaHttpClient] 📡 POST https://zdk8budo.pegaacademy.net/prweb/api/CodeIntelligence/v1/rules/query?pxObjClass=Rule-HTML-Section&appliesTo=Rule-Corr-Fragment&pyRuleName=pyCollaborator&RequestClass=Rule-HTML-Section&RequestAppliesTo=Rule-Corr-Fragment&RequestRuleName=pyCollaborator Payload: "{\"RequestClass\":\"Rule-HTML-Section\",\"RequestAppliesTo\":\"Rule-Corr-Fragment\",\"RequestRuleName\":\"pyCollaborator\"}" => HTTP 404 (110 bytes)
[PegaHttpClient] 📡 POST https://zdk8budo.pegaacademy.net/prweb/PRRestService/CodeIntelligence/v1/rules/query?pxObjClass=Rule-HTML-Section&appliesTo=Rule-Corr-Fragment&pyRuleName=pyCollaborator&RequestClass=Rule-HTML-Section&RequestAppliesTo=Rule-Corr-Fragment&RequestRuleName=pyCollaborator Payload: "{\"RequestClass\":\"Rule-HTML-Section\",\"RequestAppliesTo\":\"Rule-Corr-Fragment\",\"RequestRuleName\":\"pyCollaborator\"}" => HTTP 404 (110 bytes)
[PegaHttpClient] 📡 POST https://zdk8budo.pegaacademy.net/prweb/api/HRAppsV2Service/V1/rules/query?pxObjClass=Rule-HTML-Section&appliesTo=Rule-Corr-Fragment&pyRuleName=pyCollaborator&RequestClass=Rule-HTML-Section&RequestAppliesTo=Rule-Corr-Fragment&RequestRuleName=pyCollaborator Payload: "{\"RequestClass\":\"Rule-HTML-Section\",\"RequestAppliesTo\":\"Rule-Corr-Fragment\",\"RequestRuleName\":\"pyCollaborator\"}" => HTTP 404 (18 bytes)
[PegaHttpClient] 📡 POST https://zdk8budo.pegaacademy.net/prweb/PRRestService/HRAppsV2Service/V1/rules/query?pxObjClass=Rule-HTML-Section&appliesTo=Rule-Corr-Fragment&pyRuleName=pyCollaborator&RequestClass=Rule-HTML-Section&RequestAppliesTo=Rule-Corr-Fragment&RequestRuleName=pyCollaborator Payload: "{\"RequestClass\":\"Rule-HTML-Section\",\"RequestAppliesTo\":\"Rule-Corr-Fragment\",\"RequestRuleName\":\"pyCollaborator\"}" => HTTP 404 (18 bytes)
[PegaHttpClient] 📡 POST https://zdk8budo.pegaacademy.net/prweb/api/HRAppsV2/V1/rules/query?pxObjClass=Rule-HTML-Section&appliesTo=Rule-Corr-Fragment&pyRuleName=pyCollaborator&RequestClass=Rule-HTML-Section&RequestAppliesTo=Rule-Corr-Fragment&RequestRuleName=pyCollaborator Payload: "{\"RequestClass\":\"Rule-HTML-Section\",\"RequestAppliesTo\":\"Rule-Corr-Fragment\",\"RequestRuleName\":\"pyCollaborator\"}" => HTTP 404 (18 bytes)
[PegaHttpClient] 📡 POST https://zdk8budo.pegaacademy.net/prweb/PRRestService/HRAppsV2/V1/rules/query?pxObjClass=Rule-HTML-Section&appliesTo=Rule-Corr-Fragment&pyRuleName=pyCollaborator&RequestClass=Rule-HTML-Section&RequestAppliesTo=Rule-Corr-Fragment&RequestRuleName=pyCollaborator Payload: "{\"RequestClass\":\"Rule-HTML-Section\",\"RequestAppliesTo\":\"Rule-Corr-Fragment\",\"RequestRuleName\":\"pyCollaborator\"}" => HTTP 404 (18 bytes)
[PegaHttpClient] 📡 POST https://zdk8budo.pegaacademy.net/prweb/api/v1/rules/query?pxObjClass=Rule-HTML-Section&appliesTo=Rule-Corr-Fragment&pyRuleName=pyCollaborator&RequestClass=Rule-HTML-Section&RequestAppliesTo=Rule-Corr-Fragment&RequestRuleName=pyCollaborator Payload: "{\"RequestClass\":\"Rule-HTML-Section\",\"RequestAppliesTo\":\"Rule-Corr-Fragment\",\"RequestRuleName\":\"pyCollaborator\"}" => HTTP 404 (18 bytes)
[PegaHttpClient] 📡 POST https://zdk8budo.pegaacademy.net/prweb/PRRestService/v1/rules/query?pxObjClass=Rule-HTML-Section&appliesTo=Rule-Corr-Fragment&pyRuleName=pyCollaborator&RequestClass=Rule-HTML-Section&RequestAppliesTo=Rule-Corr-Fragment&RequestRuleName=pyCollaborator Payload: "{\"RequestClass\":\"Rule-HTML-Section\",\"RequestAppliesTo\":\"Rule-Corr-Fragment\",\"RequestRuleName\":\"pyCollaborator\"}" => HTTP 404 (18 bytes)
[PegaHttpClient] 📡 POST https://zdk8budo.pegaacademy.net/prweb/api/CodeIntelligence/v1/rules/query?pxObjClass=Rule-HTML-Section&appliesTo=Rule-Corr-Fragment&pyRuleName=pzDisplayPartialCount&RequestClass=Rule-HTML-Section&RequestAppliesTo=Rule-Corr-Fragment&RequestRuleName=pzDisplayPartialCount Payload: "{\"RequestClass\":\"Rule-HTML-Section\",\"RequestAppliesTo\":\"Rule-Corr-Fragment\",\"RequestRuleName\":\"pzDisplayPartialCount\"}" => HTTP 404 (117 bytes)
[PegaHttpClient] 📡 POST https://zdk8budo.pegaacademy.net/prweb/PRRestService/CodeIntelligence/v1/rules/query?pxObjClass=Rule-HTML-Section&appliesTo=Rule-Corr-Fragment&pyRuleName=pzDisplayPartialCount&RequestClass=Rule-HTML-Section&RequestAppliesTo=Rule-Corr-Fragment&RequestRuleName=pzDisplayPartialCount Payload: "{\"RequestClass\":\"Rule-HTML-Section\",\"RequestAppliesTo\":\"Rule-Corr-Fragment\",\"RequestRuleName\":\"pzDisplayPartialCount\"}" => HTTP 404 (117 bytes)
[PegaHttpClient] 📡 POST https://zdk8budo.pegaacademy.net/prweb/api/HRAppsV2Service/V1/rules/query?pxObjClass=Rule-HTML-Section&appliesTo=Rule-Corr-Fragment&pyRuleName=pzDisplayPartialCount&RequestClass=Rule-HTML-Section&RequestAppliesTo=Rule-Corr-Fragment&RequestRuleName=pzDisplayPartialCount Payload: "{\"RequestClass\":\"Rule-HTML-Section\",\"RequestAppliesTo\":\"Rule-Corr-Fragment\",\"RequestRuleName\":\"pzDisplayPartialCount\"}" => HTTP 404 (18 bytes)
[PegaHttpClient] 📡 POST https://zdk8budo.pegaacademy.net/prweb/PRRestService/HRAppsV2Service/V1/rules/query?pxObjClass=Rule-HTML-Section&appliesTo=Rule-Corr-Fragment&pyRuleName=pzDisplayPartialCount&RequestClass=Rule-HTML-Section&RequestAppliesTo=Rule-Corr-Fragment&RequestRuleName=pzDisplayPartialCount Payload: "{\"RequestClass\":\"Rule-HTML-Section\",\"RequestAppliesTo\":\"Rule-Corr-Fragment\",\"RequestRuleName\":\"pzDisplayPartialCount\"}" => HTTP 404 (18 bytes)
[PegaHttpClient] 📡 POST https://zdk8budo.pegaacademy.net/prweb/api/HRAppsV2/V1/rules/query?pxObjClass=Rule-HTML-Section&appliesTo=Rule-Corr-Fragment&pyRuleName=pzDisplayPartialCount&RequestClass=Rule-HTML-Section&RequestAppliesTo=Rule-Corr-Fragment&RequestRuleName=pzDisplayPartialCount Payload: "{\"RequestClass\":\"Rule-HTML-Section\",\"RequestAppliesTo\":\"Rule-Corr-Fragment\",\"RequestRuleName\":\"pzDisplayPartialCount\"}" => HTTP 404 (18 bytes)
[PegaHttpClient] 📡 POST https://zdk8budo.pegaacademy.net/prweb/PRRestService/HRAppsV2/V1/rules/query?pxObjClass=Rule-HTML-Section&appliesTo=Rule-Corr-Fragment&pyRuleName=pzDisplayPartialCount&RequestClass=Rule-HTML-Section&RequestAppliesTo=Rule-Corr-Fragment&RequestRuleName=pzDisplayPartialCount Payload: "{\"RequestClass\":\"Rule-HTML-Section\",\"RequestAppliesTo\":\"Rule-Corr-Fragment\",\"RequestRuleName\":\"pzDisplayPartialCount\"}" => HTTP 404 (18 bytes)
[PegaHttpClient] 📡 POST https://zdk8budo.pegaacademy.net/prweb/api/v1/rules/query?pxObjClass=Rule-HTML-Section&appliesTo=Rule-Corr-Fragment&pyRuleName=pzDisplayPartialCount&RequestClass=Rule-HTML-Section&RequestAppliesTo=Rule-Corr-Fragment&RequestRuleName=pzDisplayPartialCount Payload: "{\"RequestClass\":\"Rule-HTML-Section\",\"RequestAppliesTo\":\"Rule-Corr-Fragment\",\"RequestRuleName\":\"pzDisplayPartialCount\"}" => HTTP 404 (18 bytes)
[PegaHttpClient] 📡 POST https://zdk8budo.pegaacademy.net/prweb/PRRestService/v1/rules/query?pxObjClass=Rule-HTML-Section&appliesTo=Rule-Corr-Fragment&pyRuleName=pzDisplayPartialCount&RequestClass=Rule-HTML-Section&RequestAppliesTo=Rule-Corr-Fragment&RequestRuleName=pzDisplayPartialCount Payload: "{\"RequestClass\":\"Rule-HTML-Section\",\"RequestAppliesTo\":\"Rule-Corr-Fragment\",\"RequestRuleName\":\"pzDisplayPartialCount\"}" => HTTP 404 (18 bytes)
[SchemaGen] ✅ Schema written for Rule-Corr-Fragment
[PegaHttpClient] 📡 GET https://zdk8budo.pegaacademy.net/prweb/api/CodeIntelligence/v1/rules/RULE-HTML-HARNESS%20RULE-CIRCUMSTANCE-TEMPLATE%20RULEFORM%20%2320180713T135119.020%20GMT => HTTP 200 (44003 bytes)
[PegaHttpClient] 📡 POST https://zdk8budo.pegaacademy.net/prweb/api/CodeIntelligence/v1/rules/query?pxObjClass=Rule-HTML-Section&appliesTo=Rule-Circumstance-Template&pyRuleName=RuleFormMain&RequestClass=Rule-HTML-Section&RequestAppliesTo=Rule-Circumstance-Template&RequestRuleName=RuleFormMain Payload: "{\"RequestClass\":\"Rule-HTML-Section\",\"RequestAppliesTo\":\"Rule-Circumstance-Template\",\"RequestRuleName\":\"RuleFormMain\"}" => HTTP 200 (156234 bytes)
[PegaHttpClient] 📡 POST https://zdk8budo.pegaacademy.net/prweb/api/CodeIntelligence/v1/rules/query?pxObjClass=Rule-HTML-Section&appliesTo=Rule-Circumstance-Template&pyRuleName=pxAlternateRuleForm&RequestClass=Rule-HTML-Section&RequestAppliesTo=Rule-Circumstance-Template&RequestRuleName=pxAlternateRuleForm Payload: "{\"RequestClass\":\"Rule-HTML-Section\",\"RequestAppliesTo\":\"Rule-Circumstance-Template\",\"RequestRuleName\":\"pxAlternateRuleForm\"}" => HTTP 200 (66153 bytes)
[PegaHttpClient] 📡 POST https://zdk8budo.pegaacademy.net/prweb/api/CodeIntelligence/v1/rules/query?pxObjClass=Rule-HTML-Section&appliesTo=Rule-Circumstance-Template&pyRuleName=pzRuleFormScripts&RequestClass=Rule-HTML-Section&RequestAppliesTo=Rule-Circumstance-Template&RequestRuleName=pzRuleFormScripts Payload: "{\"RequestClass\":\"Rule-HTML-Section\",\"RequestAppliesTo\":\"Rule-Circumstance-Template\",\"RequestRuleName\":\"pzRuleFormScripts\"}" => HTTP 200 (40822 bytes)
[PegaHttpClient] 📡 POST https://zdk8budo.pegaacademy.net/prweb/api/CodeIntelligence/v1/rules/query?pxObjClass=Rule-HTML-Section&appliesTo=Rule-Circumstance-Template&pyRuleName=pzRuleFormLayoutDelegated&RequestClass=Rule-HTML-Section&RequestAppliesTo=Rule-Circumstance-Template&RequestRuleName=pzRuleFormLayoutDelegated Payload: "{\"RequestClass\":\"Rule-HTML-Section\",\"RequestAppliesTo\":\"Rule-Circumstance-Template\",\"RequestRuleName\":\"pzRuleFormLayoutDelegated\"}" => HTTP 200 (70998 bytes)
[PegaHttpClient] 📡 POST https://zdk8budo.pegaacademy.net/prweb/api/CodeIntelligence/v1/rules/query?pxObjClass=Rule-HTML-Section&appliesTo=Rule-Circumstance-Template&pyRuleName=RuleFormLayout&RequestClass=Rule-HTML-Section&RequestAppliesTo=Rule-Circumstance-Template&RequestRuleName=RuleFormLayout Payload: "{\"RequestClass\":\"Rule-HTML-Section\",\"RequestAppliesTo\":\"Rule-Circumstance-Template\",\"RequestRuleName\":\"RuleFormLayout\"}" => HTTP 200 (180239 bytes)
[PegaHttpClient] 📡 POST https://zdk8budo.pegaacademy.net/prweb/api/CodeIntelligence/v1/rules/query?pxObjClass=Rule-HTML-Section&appliesTo=Rule-Circumstance-Template&pyRuleName=RuleFormSettings&RequestClass=Rule-HTML-Section&RequestAppliesTo=Rule-Circumstance-Template&RequestRuleName=RuleFormSettings Payload: "{\"RequestClass\":\"Rule-HTML-Section\",\"RequestAppliesTo\":\"Rule-Circumstance-Template\",\"RequestRuleName\":\"RuleFormSettings\"}" => HTTP 200 (20540 bytes)
[PegaHttpClient] 📡 POST https://zdk8budo.pegaacademy.net/prweb/api/CodeIntelligence/v1/rules/query?pxObjClass=Rule-HTML-Section&appliesTo=Rule-Circumstance-Template&pyRuleName=OpenAuthoring&RequestClass=Rule-HTML-Section&RequestAppliesTo=Rule-Circumstance-Template&RequestRuleName=OpenAuthoring Payload: "{\"RequestClass\":\"Rule-HTML-Section\",\"RequestAppliesTo\":\"Rule-Circumstance-Template\",\"RequestRuleName\":\"OpenAuthoring\"}" => HTTP 200 (23695 bytes)
[PegaHttpClient] 📡 POST https://zdk8budo.pegaacademy.net/prweb/api/CodeIntelligence/v1/rules/query?pxObjClass=Rule-HTML-Section&appliesTo=Rule-Circumstance-Template&pyRuleName=pyCustomHelp&RequestClass=Rule-HTML-Section&RequestAppliesTo=Rule-Circumstance-Template&RequestRuleName=pyCustomHelp Payload: "{\"RequestClass\":\"Rule-HTML-Section\",\"RequestAppliesTo\":\"Rule-Circumstance-Template\",\"RequestRuleName\":\"pyCustomHelp\"}" => HTTP 200 (17256 bytes)
[PegaHttpClient] 📡 POST https://zdk8budo.pegaacademy.net/prweb/api/CodeIntelligence/v1/rules/query?pxObjClass=Rule-HTML-Section&appliesTo=Rule-Circumstance-Template&pyRuleName=pzRuleformMainInclude&RequestClass=Rule-HTML-Section&RequestAppliesTo=Rule-Circumstance-Template&RequestRuleName=pzRuleformMainInclude Payload: "{\"RequestClass\":\"Rule-HTML-Section\",\"RequestAppliesTo\":\"Rule-Circumstance-Template\",\"RequestRuleName\":\"pzRuleformMainInclude\"}" => HTTP 200 (22375 bytes)
[PegaHttpClient] 📡 POST https://zdk8budo.pegaacademy.net/prweb/api/CodeIntelligence/v1/rules/query?pxObjClass=Rule-HTML-Section&appliesTo=Rule-Circumstance-Template&pyRuleName=pyAlternativeRuleFormStrategicAppExtension&RequestClass=Rule-HTML-Section&RequestAppliesTo=Rule-Circumstance-Template&RequestRuleName=pyAlternativeRuleFormStrategicAppExtension Payload: "{\"RequestClass\":\"Rule-HTML-Section\",\"RequestAppliesTo\":\"Rule-Circumstance-Template\",\"RequestRuleName\":\"pyAlternativeRuleFormStrategicAppExtension\"}" => HTTP 200 (25042 bytes)
[PegaHttpClient] 📡 POST https://zdk8budo.pegaacademy.net/prweb/api/CodeIntelligence/v1/rules/query?pxObjClass=Rule-HTML-Section&appliesTo=Rule-Circumstance-Template&pyRuleName=pyAlternativeRuleFormExtension&RequestClass=Rule-HTML-Section&RequestAppliesTo=Rule-Circumstance-Template&RequestRuleName=pyAlternativeRuleFormExtension Payload: "{\"RequestClass\":\"Rule-HTML-Section\",\"RequestAppliesTo\":\"Rule-Circumstance-Template\",\"RequestRuleName\":\"pyAlternativeRuleFormExtension\"}" => HTTP 200 (24863 bytes)
[PegaHttpClient] 📡 POST https://zdk8budo.pegaacademy.net/prweb/api/CodeIntelligence/v1/rules/query?pxObjClass=Rule-HTML-Section&appliesTo=Rule-Circumstance-Template&pyRuleName=RuleFormHeader&RequestClass=Rule-HTML-Section&RequestAppliesTo=Rule-Circumstance-Template&RequestRuleName=RuleFormHeader Payload: "{\"RequestClass\":\"Rule-HTML-Section\",\"RequestAppliesTo\":\"Rule-Circumstance-Template\",\"RequestRuleName\":\"RuleFormHeader\"}" => HTTP 200 (183800 bytes)
[PegaHttpClient] 📡 POST https://zdk8budo.pegaacademy.net/prweb/api/CodeIntelligence/v1/rules/query?pxObjClass=Rule-HTML-Section&appliesTo=Rule-Circumstance-Template&pyRuleName=pzDelegationExperience&RequestClass=Rule-HTML-Section&RequestAppliesTo=Rule-Circumstance-Template&RequestRuleName=pzDelegationExperience Payload: "{\"RequestClass\":\"Rule-HTML-Section\",\"RequestAppliesTo\":\"Rule-Circumstance-Template\",\"RequestRuleName\":\"pzDelegationExperience\"}" => HTTP 404 (126 bytes)
[PegaHttpClient] 📡 POST https://zdk8budo.pegaacademy.net/prweb/PRRestService/CodeIntelligence/v1/rules/query?pxObjClass=Rule-HTML-Section&appliesTo=Rule-Circumstance-Template&pyRuleName=pzDelegationExperience&RequestClass=Rule-HTML-Section&RequestAppliesTo=Rule-Circumstance-Template&RequestRuleName=pzDelegationExperience Payload: "{\"RequestClass\":\"Rule-HTML-Section\",\"RequestAppliesTo\":\"Rule-Circumstance-Template\",\"RequestRuleName\":\"pzDelegationExperience\"}" => HTTP 404 (126 bytes)
[PegaHttpClient] 📡 POST https://zdk8budo.pegaacademy.net/prweb/api/HRAppsV2Service/V1/rules/query?pxObjClass=Rule-HTML-Section&appliesTo=Rule-Circumstance-Template&pyRuleName=pzDelegationExperience&RequestClass=Rule-HTML-Section&RequestAppliesTo=Rule-Circumstance-Template&RequestRuleName=pzDelegationExperience Payload: "{\"RequestClass\":\"Rule-HTML-Section\",\"RequestAppliesTo\":\"Rule-Circumstance-Template\",\"RequestRuleName\":\"pzDelegationExperience\"}" => HTTP 404 (18 bytes)
[PegaHttpClient] 📡 POST https://zdk8budo.pegaacademy.net/prweb/PRRestService/HRAppsV2Service/V1/rules/query?pxObjClass=Rule-HTML-Section&appliesTo=Rule-Circumstance-Template&pyRuleName=pzDelegationExperience&RequestClass=Rule-HTML-Section&RequestAppliesTo=Rule-Circumstance-Template&RequestRuleName=pzDelegationExperience Payload: "{\"RequestClass\":\"Rule-HTML-Section\",\"RequestAppliesTo\":\"Rule-Circumstance-Template\",\"RequestRuleName\":\"pzDelegationExperience\"}" => HTTP 404 (18 bytes)
[PegaHttpClient] 📡 POST https://zdk8budo.pegaacademy.net/prweb/api/HRAppsV2/V1/rules/query?pxObjClass=Rule-HTML-Section&appliesTo=Rule-Circumstance-Template&pyRuleName=pzDelegationExperience&RequestClass=Rule-HTML-Section&RequestAppliesTo=Rule-Circumstance-Template&RequestRuleName=pzDelegationExperience Payload: "{\"RequestClass\":\"Rule-HTML-Section\",\"RequestAppliesTo\":\"Rule-Circumstance-Template\",\"RequestRuleName\":\"pzDelegationExperience\"}" => HTTP 404 (18 bytes)
[PegaHttpClient] 📡 POST https://zdk8budo.pegaacademy.net/prweb/PRRestService/HRAppsV2/V1/rules/query?pxObjClass=Rule-HTML-Section&appliesTo=Rule-Circumstance-Template&pyRuleName=pzDelegationExperience&RequestClass=Rule-HTML-Section&RequestAppliesTo=Rule-Circumstance-Template&RequestRuleName=pzDelegationExperience Payload: "{\"RequestClass\":\"Rule-HTML-Section\",\"RequestAppliesTo\":\"Rule-Circumstance-Template\",\"RequestRuleName\":\"pzDelegationExperience\"}" => HTTP 404 (18 bytes)
[PegaHttpClient] 📡 POST https://zdk8budo.pegaacademy.net/prweb/api/v1/rules/query?pxObjClass=Rule-HTML-Section&appliesTo=Rule-Circumstance-Template&pyRuleName=pzDelegationExperience&RequestClass=Rule-HTML-Section&RequestAppliesTo=Rule-Circumstance-Template&RequestRuleName=pzDelegationExperience Payload: "{\"RequestClass\":\"Rule-HTML-Section\",\"RequestAppliesTo\":\"Rule-Circumstance-Template\",\"RequestRuleName\":\"pzDelegationExperience\"}" => HTTP 404 (18 bytes)
[PegaHttpClient] 📡 POST https://zdk8budo.pegaacademy.net/prweb/PRRestService/v1/rules/query?pxObjClass=Rule-HTML-Section&appliesTo=Rule-Circumstance-Template&pyRuleName=pzDelegationExperience&RequestClass=Rule-HTML-Section&RequestAppliesTo=Rule-Circumstance-Template&RequestRuleName=pzDelegationExperience Payload: "{\"RequestClass\":\"Rule-HTML-Section\",\"RequestAppliesTo\":\"Rule-Circumstance-Template\",\"RequestRuleName\":\"pzDelegationExperience\"}" => HTTP 404 (18 bytes)
[PegaHttpClient] 📡 POST https://zdk8budo.pegaacademy.net/prweb/api/CodeIntelligence/v1/rules/query?pxObjClass=Rule-HTML-Section&appliesTo=Rule-Circumstance-Template&pyRuleName=pzTemplate&RequestClass=Rule-HTML-Section&RequestAppliesTo=Rule-Circumstance-Template&RequestRuleName=pzTemplate Payload: "{\"RequestClass\":\"Rule-HTML-Section\",\"RequestAppliesTo\":\"Rule-Circumstance-Template\",\"RequestRuleName\":\"pzTemplate\"}" => HTTP 200 (45554 bytes)
[PegaHttpClient] 📡 POST https://zdk8budo.pegaacademy.net/prweb/api/CodeIntelligence/v1/rules/query?pxObjClass=Rule-HTML-Section&appliesTo=Rule-Circumstance-Template&pyRuleName=pzDefinitions&RequestClass=Rule-HTML-Section&RequestAppliesTo=Rule-Circumstance-Template&RequestRuleName=pzDefinitions Payload: "{\"RequestClass\":\"Rule-HTML-Section\",\"RequestAppliesTo\":\"Rule-Circumstance-Template\",\"RequestRuleName\":\"pzDefinitions\"}" => HTTP 200 (138700 bytes)
[PegaHttpClient] 📡 POST https://zdk8budo.pegaacademy.net/prweb/api/CodeIntelligence/v1/rules/query?pxObjClass=Rule-HTML-Section&appliesTo=Rule-Circumstance-Template&pyRuleName=RuleFormPagesAndClasses&RequestClass=Rule-HTML-Section&RequestAppliesTo=Rule-Circumstance-Template&RequestRuleName=RuleFormPagesAndClasses Payload: "{\"RequestClass\":\"Rule-HTML-Section\",\"RequestAppliesTo\":\"Rule-Circumstance-Template\",\"RequestRuleName\":\"RuleFormPagesAndClasses\"}" => HTTP 200 (34748 bytes)
[PegaHttpClient] 📡 POST https://zdk8budo.pegaacademy.net/prweb/api/CodeIntelligence/v1/rules/query?pxObjClass=Rule-HTML-Section&appliesTo=Rule-Circumstance-Template&pyRuleName=pzSpecifications&RequestClass=Rule-HTML-Section&RequestAppliesTo=Rule-Circumstance-Template&RequestRuleName=pzSpecifications Payload: "{\"RequestClass\":\"Rule-HTML-Section\",\"RequestAppliesTo\":\"Rule-Circumstance-Template\",\"RequestRuleName\":\"pzSpecifications\"}" => HTTP 200 (16577 bytes)
[PegaHttpClient] 📡 POST https://zdk8budo.pegaacademy.net/prweb/api/CodeIntelligence/v1/rules/query?pxObjClass=Rule-HTML-Section&appliesTo=Rule-Circumstance-Template&pyRuleName=RuleFormHistory&RequestClass=Rule-HTML-Section&RequestAppliesTo=Rule-Circumstance-Template&RequestRuleName=RuleFormHistory Payload: "{\"RequestClass\":\"Rule-HTML-Section\",\"RequestAppliesTo\":\"Rule-Circumstance-Template\",\"RequestRuleName\":\"RuleFormHistory\"}" => HTTP 200 (76091 bytes)
[PegaHttpClient] 📡 POST https://zdk8budo.pegaacademy.net/prweb/api/CodeIntelligence/v1/rules/query?pxObjClass=Rule-HTML-Section&appliesTo=Rule-Circumstance-Template&pyRuleName=pzCustomHelp&RequestClass=Rule-HTML-Section&RequestAppliesTo=Rule-Circumstance-Template&RequestRuleName=pzCustomHelp Payload: "{\"RequestClass\":\"Rule-HTML-Section\",\"RequestAppliesTo\":\"Rule-Circumstance-Template\",\"RequestRuleName\":\"pzCustomHelp\"}" => HTTP 200 (31573 bytes)
[PegaHttpClient] 📡 POST https://zdk8budo.pegaacademy.net/prweb/api/CodeIntelligence/v1/rules/query?pxObjClass=Rule-HTML-Section&appliesTo=Rule-Circumstance-Template&pyRuleName=pzRuleFormKeysAndDescription&RequestClass=Rule-HTML-Section&RequestAppliesTo=Rule-Circumstance-Template&RequestRuleName=pzRuleFormKeysAndDescription Payload: "{\"RequestClass\":\"Rule-HTML-Section\",\"RequestAppliesTo\":\"Rule-Circumstance-Template\",\"RequestRuleName\":\"pzRuleFormKeysAndDescription\"}" => HTTP 200 (218057 bytes)
[PegaHttpClient] 📡 POST https://zdk8budo.pegaacademy.net/prweb/api/CodeIntelligence/v1/rules/query?pxObjClass=Rule-HTML-Section&appliesTo=Rule-Circumstance-Template&pyRuleName=pzRuleFormRuleset&RequestClass=Rule-HTML-Section&RequestAppliesTo=Rule-Circumstance-Template&RequestRuleName=pzRuleFormRuleset Payload: "{\"RequestClass\":\"Rule-HTML-Section\",\"RequestAppliesTo\":\"Rule-Circumstance-Template\",\"RequestRuleName\":\"pzRuleFormRuleset\"}" => HTTP 200 (33985 bytes)
[PegaHttpClient] 📡 POST https://zdk8budo.pegaacademy.net/prweb/api/CodeIntelligence/v1/rules/query?pxObjClass=Rule-HTML-Section&appliesTo=Rule-Circumstance-Template&pyRuleName=undefined&RequestClass=Rule-HTML-Section&RequestAppliesTo=Rule-Circumstance-Template&RequestRuleName=undefined Payload: "{\"RequestClass\":\"Rule-HTML-Section\",\"RequestAppliesTo\":\"Rule-Circumstance-Template\",\"RequestRuleName\":\"undefined\"}" => HTTP 404 (113 bytes)
[PegaHttpClient] 📡 POST https://zdk8budo.pegaacademy.net/prweb/PRRestService/CodeIntelligence/v1/rules/query?pxObjClass=Rule-HTML-Section&appliesTo=Rule-Circumstance-Template&pyRuleName=undefined&RequestClass=Rule-HTML-Section&RequestAppliesTo=Rule-Circumstance-Template&RequestRuleName=undefined Payload: "{\"RequestClass\":\"Rule-HTML-Section\",\"RequestAppliesTo\":\"Rule-Circumstance-Template\",\"RequestRuleName\":\"undefined\"}" => HTTP 404 (113 bytes)
[PegaHttpClient] 📡 POST https://zdk8budo.pegaacademy.net/prweb/api/HRAppsV2Service/V1/rules/query?pxObjClass=Rule-HTML-Section&appliesTo=Rule-Circumstance-Template&pyRuleName=undefined&RequestClass=Rule-HTML-Section&RequestAppliesTo=Rule-Circumstance-Template&RequestRuleName=undefined Payload: "{\"RequestClass\":\"Rule-HTML-Section\",\"RequestAppliesTo\":\"Rule-Circumstance-Template\",\"RequestRuleName\":\"undefined\"}" => HTTP 404 (18 bytes)
[PegaHttpClient] 📡 POST https://zdk8budo.pegaacademy.net/prweb/PRRestService/HRAppsV2Service/V1/rules/query?pxObjClass=Rule-HTML-Section&appliesTo=Rule-Circumstance-Template&pyRuleName=undefined&RequestClass=Rule-HTML-Section&RequestAppliesTo=Rule-Circumstance-Template&RequestRuleName=undefined Payload: "{\"RequestClass\":\"Rule-HTML-Section\",\"RequestAppliesTo\":\"Rule-Circumstance-Template\",\"RequestRuleName\":\"undefined\"}" => HTTP 404 (18 bytes)
[PegaHttpClient] 📡 POST https://zdk8budo.pegaacademy.net/prweb/api/HRAppsV2/V1/rules/query?pxObjClass=Rule-HTML-Section&appliesTo=Rule-Circumstance-Template&pyRuleName=undefined&RequestClass=Rule-HTML-Section&RequestAppliesTo=Rule-Circumstance-Template&RequestRuleName=undefined Payload: "{\"RequestClass\":\"Rule-HTML-Section\",\"RequestAppliesTo\":\"Rule-Circumstance-Template\",\"RequestRuleName\":\"undefined\"}" => HTTP 404 (18 bytes)
[PegaHttpClient] 📡 POST https://zdk8budo.pegaacademy.net/prweb/PRRestService/HRAppsV2/V1/rules/query?pxObjClass=Rule-HTML-Section&appliesTo=Rule-Circumstance-Template&pyRuleName=undefined&RequestClass=Rule-HTML-Section&RequestAppliesTo=Rule-Circumstance-Template&RequestRuleName=undefined Payload: "{\"RequestClass\":\"Rule-HTML-Section\",\"RequestAppliesTo\":\"Rule-Circumstance-Template\",\"RequestRuleName\":\"undefined\"}" => HTTP 404 (18 bytes)
[PegaHttpClient] 📡 POST https://zdk8budo.pegaacademy.net/prweb/api/v1/rules/query?pxObjClass=Rule-HTML-Section&appliesTo=Rule-Circumstance-Template&pyRuleName=undefined&RequestClass=Rule-HTML-Section&RequestAppliesTo=Rule-Circumstance-Template&RequestRuleName=undefined Payload: "{\"RequestClass\":\"Rule-HTML-Section\",\"RequestAppliesTo\":\"Rule-Circumstance-Template\",\"RequestRuleName\":\"undefined\"}" => HTTP 404 (18 bytes)
[PegaHttpClient] 📡 POST https://zdk8budo.pegaacademy.net/prweb/PRRestService/v1/rules/query?pxObjClass=Rule-HTML-Section&appliesTo=Rule-Circumstance-Template&pyRuleName=undefined&RequestClass=Rule-HTML-Section&RequestAppliesTo=Rule-Circumstance-Template&RequestRuleName=undefined Payload: "{\"RequestClass\":\"Rule-HTML-Section\",\"RequestAppliesTo\":\"Rule-Circumstance-Template\",\"RequestRuleName\":\"undefined\"}" => HTTP 404 (18 bytes)
[PegaHttpClient] 📡 POST https://zdk8budo.pegaacademy.net/prweb/api/CodeIntelligence/v1/rules/query?pxObjClass=Rule-HTML-Section&appliesTo=Rule-Circumstance-Template&pyRuleName=pzRuleFormToolbar&RequestClass=Rule-HTML-Section&RequestAppliesTo=Rule-Circumstance-Template&RequestRuleName=pzRuleFormToolbar Payload: "{\"RequestClass\":\"Rule-HTML-Section\",\"RequestAppliesTo\":\"Rule-Circumstance-Template\",\"RequestRuleName\":\"pzRuleFormToolbar\"}" => HTTP 200 (242691 bytes)
[PegaHttpClient] 📡 POST https://zdk8budo.pegaacademy.net/prweb/api/CodeIntelligence/v1/rules/query?pxObjClass=Rule-HTML-Section&appliesTo=Rule-Circumstance-Template&pyRuleName=pzRuleFormToolbarCompare&RequestClass=Rule-HTML-Section&RequestAppliesTo=Rule-Circumstance-Template&RequestRuleName=pzRuleFormToolbarCompare Payload: "{\"RequestClass\":\"Rule-HTML-Section\",\"RequestAppliesTo\":\"Rule-Circumstance-Template\",\"RequestRuleName\":\"pzRuleFormToolbarCompare\"}" => HTTP 200 (61925 bytes)
[PegaHttpClient] 📡 POST https://zdk8budo.pegaacademy.net/prweb/api/CodeIntelligence/v1/rules/query?pxObjClass=Rule-HTML-Section&appliesTo=Rule-Circumstance-Template&pyRuleName=RuleFormHeaderMessages&RequestClass=Rule-HTML-Section&RequestAppliesTo=Rule-Circumstance-Template&RequestRuleName=RuleFormHeaderMessages Payload: "{\"RequestClass\":\"Rule-HTML-Section\",\"RequestAppliesTo\":\"Rule-Circumstance-Template\",\"RequestRuleName\":\"RuleFormHeaderMessages\"}" => HTTP 200 (26518 bytes)
[PegaHttpClient] 📡 POST https://zdk8budo.pegaacademy.net/prweb/api/CodeIntelligence/v1/rules/query?pxObjClass=Rule-HTML-Section&appliesTo=Rule-Circumstance-Template&pyRuleName=pzRuleFormPagesAndClassesScript&RequestClass=Rule-HTML-Section&RequestAppliesTo=Rule-Circumstance-Template&RequestRuleName=pzRuleFormPagesAndClassesScript Payload: "{\"RequestClass\":\"Rule-HTML-Section\",\"RequestAppliesTo\":\"Rule-Circumstance-Template\",\"RequestRuleName\":\"pzRuleFormPagesAndClassesScript\"}" => HTTP 200 (15730 bytes)
[PegaHttpClient] 📡 POST https://zdk8budo.pegaacademy.net/prweb/api/CodeIntelligence/v1/rules/query?pxObjClass=Rule-HTML-Section&appliesTo=Rule-Circumstance-Template&pyRuleName=pzPagesAndClassesNoMode&RequestClass=Rule-HTML-Section&RequestAppliesTo=Rule-Circumstance-Template&RequestRuleName=pzPagesAndClassesNoMode Payload: "{\"RequestClass\":\"Rule-HTML-Section\",\"RequestAppliesTo\":\"Rule-Circumstance-Template\",\"RequestRuleName\":\"pzPagesAndClassesNoMode\"}" => HTTP 200 (90057 bytes)
[PegaHttpClient] 📡 POST https://zdk8budo.pegaacademy.net/prweb/api/CodeIntelligence/v1/rules/query?pxObjClass=Rule-HTML-Section&appliesTo=Rule-Circumstance-Template&pyRuleName=pzPagesAndClassesWithMode&RequestClass=Rule-HTML-Section&RequestAppliesTo=Rule-Circumstance-Template&RequestRuleName=pzPagesAndClassesWithMode Payload: "{\"RequestClass\":\"Rule-HTML-Section\",\"RequestAppliesTo\":\"Rule-Circumstance-Template\",\"RequestRuleName\":\"pzPagesAndClassesWithMode\"}" => HTTP 200 (97424 bytes)
[PegaHttpClient] 📡 POST https://zdk8budo.pegaacademy.net/prweb/api/CodeIntelligence/v1/rules/query?pxObjClass=Rule-HTML-Section&appliesTo=Rule-Circumstance-Template&pyRuleName=pzSpecificationsInner&RequestClass=Rule-HTML-Section&RequestAppliesTo=Rule-Circumstance-Template&RequestRuleName=pzSpecificationsInner Payload: "{\"RequestClass\":\"Rule-HTML-Section\",\"RequestAppliesTo\":\"Rule-Circumstance-Template\",\"RequestRuleName\":\"pzSpecificationsInner\"}" => HTTP 200 (142370 bytes)
[PegaHttpClient] 📡 POST https://zdk8budo.pegaacademy.net/prweb/api/CodeIntelligence/v1/rules/query?pxObjClass=Rule-HTML-Section&appliesTo=Rule-Circumstance-Template&pyRuleName=pzAlternateRuleInfo&RequestClass=Rule-HTML-Section&RequestAppliesTo=Rule-Circumstance-Template&RequestRuleName=pzAlternateRuleInfo Payload: "{\"RequestClass\":\"Rule-HTML-Section\",\"RequestAppliesTo\":\"Rule-Circumstance-Template\",\"RequestRuleName\":\"pzAlternateRuleInfo\"}" => HTTP 200 (140407 bytes)
[PegaHttpClient] 📡 POST https://zdk8budo.pegaacademy.net/prweb/api/CodeIntelligence/v1/rules/query?pxObjClass=Rule-HTML-Section&appliesTo=Rule-Circumstance-Template&pyRuleName=RuleFormHistory_Description&RequestClass=Rule-HTML-Section&RequestAppliesTo=Rule-Circumstance-Template&RequestRuleName=RuleFormHistory_Description Payload: "{\"RequestClass\":\"Rule-HTML-Section\",\"RequestAppliesTo\":\"Rule-Circumstance-Template\",\"RequestRuleName\":\"RuleFormHistory_Description\"}" => HTTP 200 (46242 bytes)
[PegaHttpClient] 📡 POST https://zdk8budo.pegaacademy.net/prweb/api/CodeIntelligence/v1/rules/query?pxObjClass=Rule-HTML-Section&appliesTo=Rule-Circumstance-Template&pyRuleName=RuleFormHistory_CustomFields&RequestClass=Rule-HTML-Section&RequestAppliesTo=Rule-Circumstance-Template&RequestRuleName=RuleFormHistory_CustomFields Payload: "{\"RequestClass\":\"Rule-HTML-Section\",\"RequestAppliesTo\":\"Rule-Circumstance-Template\",\"RequestRuleName\":\"RuleFormHistory_CustomFields\"}" => HTTP 200 (75856 bytes)
[PegaHttpClient] 📡 POST https://zdk8budo.pegaacademy.net/prweb/api/CodeIntelligence/v1/rules/query?pxObjClass=Rule-HTML-Section&appliesTo=Rule-Circumstance-Template&pyRuleName=RuleFormHistory_HistoryDetails&RequestClass=Rule-HTML-Section&RequestAppliesTo=Rule-Circumstance-Template&RequestRuleName=RuleFormHistory_HistoryDetails Payload: "{\"RequestClass\":\"Rule-HTML-Section\",\"RequestAppliesTo\":\"Rule-Circumstance-Template\",\"RequestRuleName\":\"RuleFormHistory_HistoryDetails\"}" => HTTP 200 (179535 bytes)
[PegaHttpClient] 📡 POST https://zdk8budo.pegaacademy.net/prweb/api/CodeIntelligence/v1/rules/query?pxObjClass=Rule-HTML-Section&appliesTo=Rule-Circumstance-Template&pyRuleName=pzRuleFormStatus&RequestClass=Rule-HTML-Section&RequestAppliesTo=Rule-Circumstance-Template&RequestRuleName=pzRuleFormStatus Payload: "{\"RequestClass\":\"Rule-HTML-Section\",\"RequestAppliesTo\":\"Rule-Circumstance-Template\",\"RequestRuleName\":\"pzRuleFormStatus\"}" => HTTP 200 (97627 bytes)
[PegaHttpClient] 📡 POST https://zdk8budo.pegaacademy.net/prweb/api/CodeIntelligence/v1/rules/query?pxObjClass=Rule-HTML-Section&appliesTo=Rule-Circumstance-Template&pyRuleName=pzRuleFormHeaderCompareWithDropDown&RequestClass=Rule-HTML-Section&RequestAppliesTo=Rule-Circumstance-Template&RequestRuleName=pzRuleFormHeaderCompareWithDropDown Payload: "{\"RequestClass\":\"Rule-HTML-Section\",\"RequestAppliesTo\":\"Rule-Circumstance-Template\",\"RequestRuleName\":\"pzRuleFormHeaderCompareWithDropDown\"}" => HTTP 200 (25396 bytes)
[PegaHttpClient] 📡 POST https://zdk8budo.pegaacademy.net/prweb/api/CodeIntelligence/v1/rules/query?pxObjClass=Rule-HTML-Section&appliesTo=Rule-Circumstance-Template&pyRuleName=undefined&RequestClass=Rule-HTML-Section&RequestAppliesTo=Rule-Circumstance-Template&RequestRuleName=undefined Payload: "{\"RequestClass\":\"Rule-HTML-Section\",\"RequestAppliesTo\":\"Rule-Circumstance-Template\",\"RequestRuleName\":\"undefined\"}" => HTTP 404 (113 bytes)
[PegaHttpClient] 📡 POST https://zdk8budo.pegaacademy.net/prweb/PRRestService/CodeIntelligence/v1/rules/query?pxObjClass=Rule-HTML-Section&appliesTo=Rule-Circumstance-Template&pyRuleName=undefined&RequestClass=Rule-HTML-Section&RequestAppliesTo=Rule-Circumstance-Template&RequestRuleName=undefined Payload: "{\"RequestClass\":\"Rule-HTML-Section\",\"RequestAppliesTo\":\"Rule-Circumstance-Template\",\"RequestRuleName\":\"undefined\"}" => HTTP 404 (113 bytes)
[PegaHttpClient] 📡 POST https://zdk8budo.pegaacademy.net/prweb/api/HRAppsV2Service/V1/rules/query?pxObjClass=Rule-HTML-Section&appliesTo=Rule-Circumstance-Template&pyRuleName=undefined&RequestClass=Rule-HTML-Section&RequestAppliesTo=Rule-Circumstance-Template&RequestRuleName=undefined Payload: "{\"RequestClass\":\"Rule-HTML-Section\",\"RequestAppliesTo\":\"Rule-Circumstance-Template\",\"RequestRuleName\":\"undefined\"}" => HTTP 404 (18 bytes)
[PegaHttpClient] 📡 POST https://zdk8budo.pegaacademy.net/prweb/PRRestService/HRAppsV2Service/V1/rules/query?pxObjClass=Rule-HTML-Section&appliesTo=Rule-Circumstance-Template&pyRuleName=undefined&RequestClass=Rule-HTML-Section&RequestAppliesTo=Rule-Circumstance-Template&RequestRuleName=undefined Payload: "{\"RequestClass\":\"Rule-HTML-Section\",\"RequestAppliesTo\":\"Rule-Circumstance-Template\",\"RequestRuleName\":\"undefined\"}" => HTTP 404 (18 bytes)
[PegaHttpClient] 📡 POST https://zdk8budo.pegaacademy.net/prweb/api/HRAppsV2/V1/rules/query?pxObjClass=Rule-HTML-Section&appliesTo=Rule-Circumstance-Template&pyRuleName=undefined&RequestClass=Rule-HTML-Section&RequestAppliesTo=Rule-Circumstance-Template&RequestRuleName=undefined Payload: "{\"RequestClass\":\"Rule-HTML-Section\",\"RequestAppliesTo\":\"Rule-Circumstance-Template\",\"RequestRuleName\":\"undefined\"}" => HTTP 404 (18 bytes)
[PegaHttpClient] 📡 POST https://zdk8budo.pegaacademy.net/prweb/PRRestService/HRAppsV2/V1/rules/query?pxObjClass=Rule-HTML-Section&appliesTo=Rule-Circumstance-Template&pyRuleName=undefined&RequestClass=Rule-HTML-Section&RequestAppliesTo=Rule-Circumstance-Template&RequestRuleName=undefined Payload: "{\"RequestClass\":\"Rule-HTML-Section\",\"RequestAppliesTo\":\"Rule-Circumstance-Template\",\"RequestRuleName\":\"undefined\"}" => HTTP 404 (18 bytes)
[PegaHttpClient] 📡 POST https://zdk8budo.pegaacademy.net/prweb/api/v1/rules/query?pxObjClass=Rule-HTML-Section&appliesTo=Rule-Circumstance-Template&pyRuleName=undefined&RequestClass=Rule-HTML-Section&RequestAppliesTo=Rule-Circumstance-Template&RequestRuleName=undefined Payload: "{\"RequestClass\":\"Rule-HTML-Section\",\"RequestAppliesTo\":\"Rule-Circumstance-Template\",\"RequestRuleName\":\"undefined\"}" => HTTP 404 (18 bytes)
[PegaHttpClient] 📡 POST https://zdk8budo.pegaacademy.net/prweb/PRRestService/v1/rules/query?pxObjClass=Rule-HTML-Section&appliesTo=Rule-Circumstance-Template&pyRuleName=undefined&RequestClass=Rule-HTML-Section&RequestAppliesTo=Rule-Circumstance-Template&RequestRuleName=undefined Payload: "{\"RequestClass\":\"Rule-HTML-Section\",\"RequestAppliesTo\":\"Rule-Circumstance-Template\",\"RequestRuleName\":\"undefined\"}" => HTTP 404 (18 bytes)
[PegaHttpClient] 📡 POST https://zdk8budo.pegaacademy.net/prweb/api/CodeIntelligence/v1/rules/query?pxObjClass=Rule-HTML-Section&appliesTo=Rule-Circumstance-Template&pyRuleName=pzRuleFormToolbarHotKeys&RequestClass=Rule-HTML-Section&RequestAppliesTo=Rule-Circumstance-Template&RequestRuleName=pzRuleFormToolbarHotKeys Payload: "{\"RequestClass\":\"Rule-HTML-Section\",\"RequestAppliesTo\":\"Rule-Circumstance-Template\",\"RequestRuleName\":\"pzRuleFormToolbarHotKeys\"}" => HTTP 200 (85058 bytes)
[PegaHttpClient] 📡 POST https://zdk8budo.pegaacademy.net/prweb/api/CodeIntelligence/v1/rules/query?pxObjClass=Rule-HTML-Section&appliesTo=Rule-Circumstance-Template&pyRuleName=pzRuleFormToolbarLockedIcon&RequestClass=Rule-HTML-Section&RequestAppliesTo=Rule-Circumstance-Template&RequestRuleName=pzRuleFormToolbarLockedIcon Payload: "{\"RequestClass\":\"Rule-HTML-Section\",\"RequestAppliesTo\":\"Rule-Circumstance-Template\",\"RequestRuleName\":\"pzRuleFormToolbarLockedIcon\"}" => HTTP 200 (24898 bytes)
[PegaHttpClient] 📡 POST https://zdk8budo.pegaacademy.net/prweb/api/CodeIntelligence/v1/rules/query?pxObjClass=Rule-HTML-Section&appliesTo=Rule-Circumstance-Template&pyRuleName=pzRuleFormToolbarCollaborators&RequestClass=Rule-HTML-Section&RequestAppliesTo=Rule-Circumstance-Template&RequestRuleName=pzRuleFormToolbarCollaborators Payload: "{\"RequestClass\":\"Rule-HTML-Section\",\"RequestAppliesTo\":\"Rule-Circumstance-Template\",\"RequestRuleName\":\"pzRuleFormToolbarCollaborators\"}" => HTTP 200 (15254 bytes)
[PegaHttpClient] 📡 POST https://zdk8budo.pegaacademy.net/prweb/api/CodeIntelligence/v1/rules/query?pxObjClass=Rule-HTML-Section&appliesTo=Rule-Circumstance-Template&pyRuleName=pzRuleFormToolbarSaveAs&RequestClass=Rule-HTML-Section&RequestAppliesTo=Rule-Circumstance-Template&RequestRuleName=pzRuleFormToolbarSaveAs Payload: "{\"RequestClass\":\"Rule-HTML-Section\",\"RequestAppliesTo\":\"Rule-Circumstance-Template\",\"RequestRuleName\":\"pzRuleFormToolbarSaveAs\"}" => HTTP 200 (64084 bytes)
[PegaHttpClient] 📡 POST https://zdk8budo.pegaacademy.net/prweb/api/CodeIntelligence/v1/rules/query?pxObjClass=Rule-HTML-Section&appliesTo=Rule-Circumstance-Template&pyRuleName=pzRuleFormToolbarCheckin&RequestClass=Rule-HTML-Section&RequestAppliesTo=Rule-Circumstance-Template&RequestRuleName=pzRuleFormToolbarCheckin Payload: "{\"RequestClass\":\"Rule-HTML-Section\",\"RequestAppliesTo\":\"Rule-Circumstance-Template\",\"RequestRuleName\":\"pzRuleFormToolbarCheckin\"}" => HTTP 200 (119096 bytes)
[PegaHttpClient] 📡 POST https://zdk8budo.pegaacademy.net/prweb/api/CodeIntelligence/v1/rules/query?pxObjClass=Rule-HTML-Section&appliesTo=Rule-Circumstance-Template&pyRuleName=pzRuleFormToolbarDelete&RequestClass=Rule-HTML-Section&RequestAppliesTo=Rule-Circumstance-Template&RequestRuleName=pzRuleFormToolbarDelete Payload: "{\"RequestClass\":\"Rule-HTML-Section\",\"RequestAppliesTo\":\"Rule-Circumstance-Template\",\"RequestRuleName\":\"pzRuleFormToolbarDelete\"}" => HTTP 200 (30249 bytes)
[PegaHttpClient] 📡 POST https://zdk8budo.pegaacademy.net/prweb/api/CodeIntelligence/v1/rules/query?pxObjClass=Rule-HTML-Section&appliesTo=Rule-Circumstance-Template&pyRuleName=pzRuleFormToolbarSave&RequestClass=Rule-HTML-Section&RequestAppliesTo=Rule-Circumstance-Template&RequestRuleName=pzRuleFormToolbarSave Payload: "{\"RequestClass\":\"Rule-HTML-Section\",\"RequestAppliesTo\":\"Rule-Circumstance-Template\",\"RequestRuleName\":\"pzRuleFormToolbarSave\"}" => HTTP 200 (293885 bytes)
[PegaHttpClient] 📡 POST https://zdk8budo.pegaacademy.net/prweb/api/CodeIntelligence/v1/rules/query?pxObjClass=Rule-HTML-Section&appliesTo=Rule-Circumstance-Template&pyRuleName=pzRuleFormToolbarCheckout&RequestClass=Rule-HTML-Section&RequestAppliesTo=Rule-Circumstance-Template&RequestRuleName=pzRuleFormToolbarCheckout Payload: "{\"RequestClass\":\"Rule-HTML-Section\",\"RequestAppliesTo\":\"Rule-Circumstance-Template\",\"RequestRuleName\":\"pzRuleFormToolbarCheckout\"}" => HTTP 200 (238148 bytes)
[PegaHttpClient] 📡 POST https://zdk8budo.pegaacademy.net/prweb/api/CodeIntelligence/v1/rules/query?pxObjClass=Rule-HTML-Section&appliesTo=Rule-Circumstance-Template&pyRuleName=pzRemoveErrorsDataPage&RequestClass=Rule-HTML-Section&RequestAppliesTo=Rule-Circumstance-Template&RequestRuleName=pzRemoveErrorsDataPage Payload: "{\"RequestClass\":\"Rule-HTML-Section\",\"RequestAppliesTo\":\"Rule-Circumstance-Template\",\"RequestRuleName\":\"pzRemoveErrorsDataPage\"}" => HTTP 200 (16733 bytes)
[PegaHttpClient] 📡 POST https://zdk8budo.pegaacademy.net/prweb/api/CodeIntelligence/v1/rules/query?pxObjClass=Rule-HTML-Section&appliesTo=Rule-Circumstance-Template&pyRuleName=pzRuleFormHeaderMessagesWrapper&RequestClass=Rule-HTML-Section&RequestAppliesTo=Rule-Circumstance-Template&RequestRuleName=pzRuleFormHeaderMessagesWrapper Payload: "{\"RequestClass\":\"Rule-HTML-Section\",\"RequestAppliesTo\":\"Rule-Circumstance-Template\",\"RequestRuleName\":\"pzRuleFormHeaderMessagesWrapper\"}" => HTTP 200 (16981 bytes)
[PegaHttpClient] 📡 POST https://zdk8budo.pegaacademy.net/prweb/api/CodeIntelligence/v1/rules/query?pxObjClass=Rule-HTML-Section&appliesTo=Rule-Circumstance-Template&pyRuleName=pzPagesAndClassesScriptNoMode&RequestClass=Rule-HTML-Section&RequestAppliesTo=Rule-Circumstance-Template&RequestRuleName=pzPagesAndClassesScriptNoMode Payload: "{\"RequestClass\":\"Rule-HTML-Section\",\"RequestAppliesTo\":\"Rule-Circumstance-Template\",\"RequestRuleName\":\"pzPagesAndClassesScriptNoMode\"}" => HTTP 200 (25452 bytes)
[PegaHttpClient] 📡 POST https://zdk8budo.pegaacademy.net/prweb/api/CodeIntelligence/v1/rules/query?pxObjClass=Rule-HTML-Section&appliesTo=Rule-Circumstance-Template&pyRuleName=pzPagesAndClassesScript&RequestClass=Rule-HTML-Section&RequestAppliesTo=Rule-Circumstance-Template&RequestRuleName=pzPagesAndClassesScript Payload: "{\"RequestClass\":\"Rule-HTML-Section\",\"RequestAppliesTo\":\"Rule-Circumstance-Template\",\"RequestRuleName\":\"pzPagesAndClassesScript\"}" => HTTP 200 (24224 bytes)
[PegaHttpClient] 📡 POST https://zdk8budo.pegaacademy.net/prweb/api/CodeIntelligence/v1/rules/query?pxObjClass=Rule-HTML-Section&appliesTo=Rule-Circumstance-Template&pyRuleName=pzSpecificationName&RequestClass=Rule-HTML-Section&RequestAppliesTo=Rule-Circumstance-Template&RequestRuleName=pzSpecificationName Payload: "{\"RequestClass\":\"Rule-HTML-Section\",\"RequestAppliesTo\":\"Rule-Circumstance-Template\",\"RequestRuleName\":\"pzSpecificationName\"}" => HTTP 404 (123 bytes)
[PegaHttpClient] 📡 POST https://zdk8budo.pegaacademy.net/prweb/PRRestService/CodeIntelligence/v1/rules/query?pxObjClass=Rule-HTML-Section&appliesTo=Rule-Circumstance-Template&pyRuleName=pzSpecificationName&RequestClass=Rule-HTML-Section&RequestAppliesTo=Rule-Circumstance-Template&RequestRuleName=pzSpecificationName Payload: "{\"RequestClass\":\"Rule-HTML-Section\",\"RequestAppliesTo\":\"Rule-Circumstance-Template\",\"RequestRuleName\":\"pzSpecificationName\"}" => HTTP 404 (123 bytes)
[PegaHttpClient] 📡 POST https://zdk8budo.pegaacademy.net/prweb/api/HRAppsV2Service/V1/rules/query?pxObjClass=Rule-HTML-Section&appliesTo=Rule-Circumstance-Template&pyRuleName=pzSpecificationName&RequestClass=Rule-HTML-Section&RequestAppliesTo=Rule-Circumstance-Template&RequestRuleName=pzSpecificationName Payload: "{\"RequestClass\":\"Rule-HTML-Section\",\"RequestAppliesTo\":\"Rule-Circumstance-Template\",\"RequestRuleName\":\"pzSpecificationName\"}" => HTTP 404 (18 bytes)
[PegaHttpClient] 📡 POST https://zdk8budo.pegaacademy.net/prweb/PRRestService/HRAppsV2Service/V1/rules/query?pxObjClass=Rule-HTML-Section&appliesTo=Rule-Circumstance-Template&pyRuleName=pzSpecificationName&RequestClass=Rule-HTML-Section&RequestAppliesTo=Rule-Circumstance-Template&RequestRuleName=pzSpecificationName Payload: "{\"RequestClass\":\"Rule-HTML-Section\",\"RequestAppliesTo\":\"Rule-Circumstance-Template\",\"RequestRuleName\":\"pzSpecificationName\"}" => HTTP 404 (18 bytes)
[PegaHttpClient] 📡 POST https://zdk8budo.pegaacademy.net/prweb/api/HRAppsV2/V1/rules/query?pxObjClass=Rule-HTML-Section&appliesTo=Rule-Circumstance-Template&pyRuleName=pzSpecificationName&RequestClass=Rule-HTML-Section&RequestAppliesTo=Rule-Circumstance-Template&RequestRuleName=pzSpecificationName Payload: "{\"RequestClass\":\"Rule-HTML-Section\",\"RequestAppliesTo\":\"Rule-Circumstance-Template\",\"RequestRuleName\":\"pzSpecificationName\"}" => HTTP 404 (18 bytes)
[PegaHttpClient] 📡 POST https://zdk8budo.pegaacademy.net/prweb/PRRestService/HRAppsV2/V1/rules/query?pxObjClass=Rule-HTML-Section&appliesTo=Rule-Circumstance-Template&pyRuleName=pzSpecificationName&RequestClass=Rule-HTML-Section&RequestAppliesTo=Rule-Circumstance-Template&RequestRuleName=pzSpecificationName Payload: "{\"RequestClass\":\"Rule-HTML-Section\",\"RequestAppliesTo\":\"Rule-Circumstance-Template\",\"RequestRuleName\":\"pzSpecificationName\"}" => HTTP 404 (18 bytes)
[PegaHttpClient] 📡 POST https://zdk8budo.pegaacademy.net/prweb/api/v1/rules/query?pxObjClass=Rule-HTML-Section&appliesTo=Rule-Circumstance-Template&pyRuleName=pzSpecificationName&RequestClass=Rule-HTML-Section&RequestAppliesTo=Rule-Circumstance-Template&RequestRuleName=pzSpecificationName Payload: "{\"RequestClass\":\"Rule-HTML-Section\",\"RequestAppliesTo\":\"Rule-Circumstance-Template\",\"RequestRuleName\":\"pzSpecificationName\"}" => HTTP 404 (18 bytes)
[PegaHttpClient] 📡 POST https://zdk8budo.pegaacademy.net/prweb/PRRestService/v1/rules/query?pxObjClass=Rule-HTML-Section&appliesTo=Rule-Circumstance-Template&pyRuleName=pzSpecificationName&RequestClass=Rule-HTML-Section&RequestAppliesTo=Rule-Circumstance-Template&RequestRuleName=pzSpecificationName Payload: "{\"RequestClass\":\"Rule-HTML-Section\",\"RequestAppliesTo\":\"Rule-Circumstance-Template\",\"RequestRuleName\":\"pzSpecificationName\"}" => HTTP 404 (18 bytes)
[PegaHttpClient] 📡 POST https://zdk8budo.pegaacademy.net/prweb/api/CodeIntelligence/v1/rules/query?pxObjClass=Rule-HTML-Section&appliesTo=Rule-Circumstance-Template&pyRuleName=pzScm_RuleHistory&RequestClass=Rule-HTML-Section&RequestAppliesTo=Rule-Circumstance-Template&RequestRuleName=pzScm_RuleHistory Payload: "{\"RequestClass\":\"Rule-HTML-Section\",\"RequestAppliesTo\":\"Rule-Circumstance-Template\",\"RequestRuleName\":\"pzScm_RuleHistory\"}" => HTTP 200 (14682 bytes)
[PegaHttpClient] 📡 POST https://zdk8budo.pegaacademy.net/prweb/api/CodeIntelligence/v1/rules/query?pxObjClass=Rule-HTML-Section&appliesTo=Rule-Circumstance-Template&pyRuleName=pxDisplayCollaborators&RequestClass=Rule-HTML-Section&RequestAppliesTo=Rule-Circumstance-Template&RequestRuleName=pxDisplayCollaborators Payload: "{\"RequestClass\":\"Rule-HTML-Section\",\"RequestAppliesTo\":\"Rule-Circumstance-Template\",\"RequestRuleName\":\"pxDisplayCollaborators\"}" => HTTP 200 (94171 bytes)
[PegaHttpClient] 📡 POST https://zdk8budo.pegaacademy.net/prweb/api/CodeIntelligence/v1/rules/query?pxObjClass=Rule-HTML-Section&appliesTo=Rule-Circumstance-Template&pyRuleName=pzRuleFormToolbarDeleteCheckOut&RequestClass=Rule-HTML-Section&RequestAppliesTo=Rule-Circumstance-Template&RequestRuleName=pzRuleFormToolbarDeleteCheckOut Payload: "{\"RequestClass\":\"Rule-HTML-Section\",\"RequestAppliesTo\":\"Rule-Circumstance-Template\",\"RequestRuleName\":\"pzRuleFormToolbarDeleteCheckOut\"}" => HTTP 200 (29433 bytes)
[PegaHttpClient] 📡 POST https://zdk8budo.pegaacademy.net/prweb/api/CodeIntelligence/v1/rules/query?pxObjClass=Rule-HTML-Section&appliesTo=Rule-Circumstance-Template&pyRuleName=pzRuleFormToolbarDeleteRule&RequestClass=Rule-HTML-Section&RequestAppliesTo=Rule-Circumstance-Template&RequestRuleName=pzRuleFormToolbarDeleteRule Payload: "{\"RequestClass\":\"Rule-HTML-Section\",\"RequestAppliesTo\":\"Rule-Circumstance-Template\",\"RequestRuleName\":\"pzRuleFormToolbarDeleteRule\"}" => HTTP 200 (32314 bytes)
[PegaHttpClient] 📡 POST https://zdk8budo.pegaacademy.net/prweb/api/CodeIntelligence/v1/rules/query?pxObjClass=Rule-HTML-Section&appliesTo=Rule-Circumstance-Template&pyRuleName=pzLoadCollaborationScripts&RequestClass=Rule-HTML-Section&RequestAppliesTo=Rule-Circumstance-Template&RequestRuleName=pzLoadCollaborationScripts Payload: "{\"RequestClass\":\"Rule-HTML-Section\",\"RequestAppliesTo\":\"Rule-Circumstance-Template\",\"RequestRuleName\":\"pzLoadCollaborationScripts\"}" => HTTP 200 (23453 bytes)
[PegaHttpClient] 📡 POST https://zdk8budo.pegaacademy.net/prweb/api/CodeIntelligence/v1/rules/query?pxObjClass=Rule-HTML-Section&appliesTo=Rule-Circumstance-Template&pyRuleName=pzDisplayCollaboratorsList&RequestClass=Rule-HTML-Section&RequestAppliesTo=Rule-Circumstance-Template&RequestRuleName=pzDisplayCollaboratorsList Payload: "{\"RequestClass\":\"Rule-HTML-Section\",\"RequestAppliesTo\":\"Rule-Circumstance-Template\",\"RequestRuleName\":\"pzDisplayCollaboratorsList\"}" => HTTP 200 (105418 bytes)
[PegaHttpClient] 📡 POST https://zdk8budo.pegaacademy.net/prweb/api/CodeIntelligence/v1/rules/query?pxObjClass=Rule-HTML-Section&appliesTo=Rule-Circumstance-Template&pyRuleName=pyCollaborator&RequestClass=Rule-HTML-Section&RequestAppliesTo=Rule-Circumstance-Template&RequestRuleName=pyCollaborator Payload: "{\"RequestClass\":\"Rule-HTML-Section\",\"RequestAppliesTo\":\"Rule-Circumstance-Template\",\"RequestRuleName\":\"pyCollaborator\"}" => HTTP 404 (118 bytes)
[PegaHttpClient] 📡 POST https://zdk8budo.pegaacademy.net/prweb/PRRestService/CodeIntelligence/v1/rules/query?pxObjClass=Rule-HTML-Section&appliesTo=Rule-Circumstance-Template&pyRuleName=pyCollaborator&RequestClass=Rule-HTML-Section&RequestAppliesTo=Rule-Circumstance-Template&RequestRuleName=pyCollaborator Payload: "{\"RequestClass\":\"Rule-HTML-Section\",\"RequestAppliesTo\":\"Rule-Circumstance-Template\",\"RequestRuleName\":\"pyCollaborator\"}" => HTTP 404 (118 bytes)
[PegaHttpClient] 📡 POST https://zdk8budo.pegaacademy.net/prweb/api/HRAppsV2Service/V1/rules/query?pxObjClass=Rule-HTML-Section&appliesTo=Rule-Circumstance-Template&pyRuleName=pyCollaborator&RequestClass=Rule-HTML-Section&RequestAppliesTo=Rule-Circumstance-Template&RequestRuleName=pyCollaborator Payload: "{\"RequestClass\":\"Rule-HTML-Section\",\"RequestAppliesTo\":\"Rule-Circumstance-Template\",\"RequestRuleName\":\"pyCollaborator\"}" => HTTP 404 (18 bytes)
[PegaHttpClient] 📡 POST https://zdk8budo.pegaacademy.net/prweb/PRRestService/HRAppsV2Service/V1/rules/query?pxObjClass=Rule-HTML-Section&appliesTo=Rule-Circumstance-Template&pyRuleName=pyCollaborator&RequestClass=Rule-HTML-Section&RequestAppliesTo=Rule-Circumstance-Template&RequestRuleName=pyCollaborator Payload: "{\"RequestClass\":\"Rule-HTML-Section\",\"RequestAppliesTo\":\"Rule-Circumstance-Template\",\"RequestRuleName\":\"pyCollaborator\"}" => HTTP 404 (18 bytes)
[PegaHttpClient] 📡 POST https://zdk8budo.pegaacademy.net/prweb/api/HRAppsV2/V1/rules/query?pxObjClass=Rule-HTML-Section&appliesTo=Rule-Circumstance-Template&pyRuleName=pyCollaborator&RequestClass=Rule-HTML-Section&RequestAppliesTo=Rule-Circumstance-Template&RequestRuleName=pyCollaborator Payload: "{\"RequestClass\":\"Rule-HTML-Section\",\"RequestAppliesTo\":\"Rule-Circumstance-Template\",\"RequestRuleName\":\"pyCollaborator\"}" => HTTP 404 (18 bytes)
[PegaHttpClient] 📡 POST https://zdk8budo.pegaacademy.net/prweb/PRRestService/HRAppsV2/V1/rules/query?pxObjClass=Rule-HTML-Section&appliesTo=Rule-Circumstance-Template&pyRuleName=pyCollaborator&RequestClass=Rule-HTML-Section&RequestAppliesTo=Rule-Circumstance-Template&RequestRuleName=pyCollaborator Payload: "{\"RequestClass\":\"Rule-HTML-Section\",\"RequestAppliesTo\":\"Rule-Circumstance-Template\",\"RequestRuleName\":\"pyCollaborator\"}" => HTTP 404 (18 bytes)
[PegaHttpClient] 📡 POST https://zdk8budo.pegaacademy.net/prweb/api/v1/rules/query?pxObjClass=Rule-HTML-Section&appliesTo=Rule-Circumstance-Template&pyRuleName=pyCollaborator&RequestClass=Rule-HTML-Section&RequestAppliesTo=Rule-Circumstance-Template&RequestRuleName=pyCollaborator Payload: "{\"RequestClass\":\"Rule-HTML-Section\",\"RequestAppliesTo\":\"Rule-Circumstance-Template\",\"RequestRuleName\":\"pyCollaborator\"}" => HTTP 404 (18 bytes)
[PegaHttpClient] 📡 POST https://zdk8budo.pegaacademy.net/prweb/PRRestService/v1/rules/query?pxObjClass=Rule-HTML-Section&appliesTo=Rule-Circumstance-Template&pyRuleName=pyCollaborator&RequestClass=Rule-HTML-Section&RequestAppliesTo=Rule-Circumstance-Template&RequestRuleName=pyCollaborator Payload: "{\"RequestClass\":\"Rule-HTML-Section\",\"RequestAppliesTo\":\"Rule-Circumstance-Template\",\"RequestRuleName\":\"pyCollaborator\"}" => HTTP 404 (18 bytes)
[PegaHttpClient] 📡 POST https://zdk8budo.pegaacademy.net/prweb/api/CodeIntelligence/v1/rules/query?pxObjClass=Rule-HTML-Section&appliesTo=Rule-Circumstance-Template&pyRuleName=pzDisplayPartialCount&RequestClass=Rule-HTML-Section&RequestAppliesTo=Rule-Circumstance-Template&RequestRuleName=pzDisplayPartialCount Payload: "{\"RequestClass\":\"Rule-HTML-Section\",\"RequestAppliesTo\":\"Rule-Circumstance-Template\",\"RequestRuleName\":\"pzDisplayPartialCount\"}" => HTTP 404 (125 bytes)
[PegaHttpClient] 📡 POST https://zdk8budo.pegaacademy.net/prweb/PRRestService/CodeIntelligence/v1/rules/query?pxObjClass=Rule-HTML-Section&appliesTo=Rule-Circumstance-Template&pyRuleName=pzDisplayPartialCount&RequestClass=Rule-HTML-Section&RequestAppliesTo=Rule-Circumstance-Template&RequestRuleName=pzDisplayPartialCount Payload: "{\"RequestClass\":\"Rule-HTML-Section\",\"RequestAppliesTo\":\"Rule-Circumstance-Template\",\"RequestRuleName\":\"pzDisplayPartialCount\"}" => HTTP 404 (125 bytes)
[PegaHttpClient] 📡 POST https://zdk8budo.pegaacademy.net/prweb/api/HRAppsV2Service/V1/rules/query?pxObjClass=Rule-HTML-Section&appliesTo=Rule-Circumstance-Template&pyRuleName=pzDisplayPartialCount&RequestClass=Rule-HTML-Section&RequestAppliesTo=Rule-Circumstance-Template&RequestRuleName=pzDisplayPartialCount Payload: "{\"RequestClass\":\"Rule-HTML-Section\",\"RequestAppliesTo\":\"Rule-Circumstance-Template\",\"RequestRuleName\":\"pzDisplayPartialCount\"}" => HTTP 404 (18 bytes)
[PegaHttpClient] 📡 POST https://zdk8budo.pegaacademy.net/prweb/PRRestService/HRAppsV2Service/V1/rules/query?pxObjClass=Rule-HTML-Section&appliesTo=Rule-Circumstance-Template&pyRuleName=pzDisplayPartialCount&RequestClass=Rule-HTML-Section&RequestAppliesTo=Rule-Circumstance-Template&RequestRuleName=pzDisplayPartialCount Payload: "{\"RequestClass\":\"Rule-HTML-Section\",\"RequestAppliesTo\":\"Rule-Circumstance-Template\",\"RequestRuleName\":\"pzDisplayPartialCount\"}" => HTTP 404 (18 bytes)
[PegaHttpClient] 📡 POST https://zdk8budo.pegaacademy.net/prweb/api/HRAppsV2/V1/rules/query?pxObjClass=Rule-HTML-Section&appliesTo=Rule-Circumstance-Template&pyRuleName=pzDisplayPartialCount&RequestClass=Rule-HTML-Section&RequestAppliesTo=Rule-Circumstance-Template&RequestRuleName=pzDisplayPartialCount Payload: "{\"RequestClass\":\"Rule-HTML-Section\",\"RequestAppliesTo\":\"Rule-Circumstance-Template\",\"RequestRuleName\":\"pzDisplayPartialCount\"}" => HTTP 404 (18 bytes)
[PegaHttpClient] 📡 POST https://zdk8budo.pegaacademy.net/prweb/PRRestService/HRAppsV2/V1/rules/query?pxObjClass=Rule-HTML-Section&appliesTo=Rule-Circumstance-Template&pyRuleName=pzDisplayPartialCount&RequestClass=Rule-HTML-Section&RequestAppliesTo=Rule-Circumstance-Template&RequestRuleName=pzDisplayPartialCount Payload: "{\"RequestClass\":\"Rule-HTML-Section\",\"RequestAppliesTo\":\"Rule-Circumstance-Template\",\"RequestRuleName\":\"pzDisplayPartialCount\"}" => HTTP 404 (18 bytes)
[PegaHttpClient] 📡 POST https://zdk8budo.pegaacademy.net/prweb/api/v1/rules/query?pxObjClass=Rule-HTML-Section&appliesTo=Rule-Circumstance-Template&pyRuleName=pzDisplayPartialCount&RequestClass=Rule-HTML-Section&RequestAppliesTo=Rule-Circumstance-Template&RequestRuleName=pzDisplayPartialCount Payload: "{\"RequestClass\":\"Rule-HTML-Section\",\"RequestAppliesTo\":\"Rule-Circumstance-Template\",\"RequestRuleName\":\"pzDisplayPartialCount\"}" => HTTP 404 (18 bytes)
[PegaHttpClient] 📡 POST https://zdk8budo.pegaacademy.net/prweb/PRRestService/v1/rules/query?pxObjClass=Rule-HTML-Section&appliesTo=Rule-Circumstance-Template&pyRuleName=pzDisplayPartialCount&RequestClass=Rule-HTML-Section&RequestAppliesTo=Rule-Circumstance-Template&RequestRuleName=pzDisplayPartialCount Payload: "{\"RequestClass\":\"Rule-HTML-Section\",\"RequestAppliesTo\":\"Rule-Circumstance-Template\",\"RequestRuleName\":\"pzDisplayPartialCount\"}" => HTTP 404 (18 bytes)
[SchemaGen] ✅ Schema written for Rule-Circumstance-Template
[PegaHttpClient] 📡 GET https://zdk8budo.pegaacademy.net/prweb/api/CodeIntelligence/v1/rules/RULE-HTML-HARNESS%20RULE-ASYNC-QUEUEPROCESSOR%20RULEFORM%20%2320180713T135118.996%20GMT => HTTP 200 (22293 bytes)
[PegaHttpClient] 📡 POST https://zdk8budo.pegaacademy.net/prweb/api/CodeIntelligence/v1/rules/query?pxObjClass=Rule-HTML-Section&appliesTo=Rule-Async-QueueProcessor&pyRuleName=RuleFormMain&RequestClass=Rule-HTML-Section&RequestAppliesTo=Rule-Async-QueueProcessor&RequestRuleName=RuleFormMain Payload: "{\"RequestClass\":\"Rule-HTML-Section\",\"RequestAppliesTo\":\"Rule-Async-QueueProcessor\",\"RequestRuleName\":\"RuleFormMain\"}" => HTTP 200 (156234 bytes)
[PegaHttpClient] 📡 POST https://zdk8budo.pegaacademy.net/prweb/api/CodeIntelligence/v1/rules/query?pxObjClass=Rule-HTML-Section&appliesTo=Rule-Async-QueueProcessor&pyRuleName=pxAlternateRuleForm&RequestClass=Rule-HTML-Section&RequestAppliesTo=Rule-Async-QueueProcessor&RequestRuleName=pxAlternateRuleForm Payload: "{\"RequestClass\":\"Rule-HTML-Section\",\"RequestAppliesTo\":\"Rule-Async-QueueProcessor\",\"RequestRuleName\":\"pxAlternateRuleForm\"}" => HTTP 200 (66153 bytes)
[PegaHttpClient] 📡 POST https://zdk8budo.pegaacademy.net/prweb/api/CodeIntelligence/v1/rules/query?pxObjClass=Rule-HTML-Section&appliesTo=Rule-Async-QueueProcessor&pyRuleName=pzRuleFormScripts&RequestClass=Rule-HTML-Section&RequestAppliesTo=Rule-Async-QueueProcessor&RequestRuleName=pzRuleFormScripts Payload: "{\"RequestClass\":\"Rule-HTML-Section\",\"RequestAppliesTo\":\"Rule-Async-QueueProcessor\",\"RequestRuleName\":\"pzRuleFormScripts\"}" => HTTP 200 (40822 bytes)
[PegaHttpClient] 📡 POST https://zdk8budo.pegaacademy.net/prweb/api/CodeIntelligence/v1/rules/query?pxObjClass=Rule-HTML-Section&appliesTo=Rule-Async-QueueProcessor&pyRuleName=pzRuleFormLayoutDelegated&RequestClass=Rule-HTML-Section&RequestAppliesTo=Rule-Async-QueueProcessor&RequestRuleName=pzRuleFormLayoutDelegated Payload: "{\"RequestClass\":\"Rule-HTML-Section\",\"RequestAppliesTo\":\"Rule-Async-QueueProcessor\",\"RequestRuleName\":\"pzRuleFormLayoutDelegated\"}" => HTTP 200 (70998 bytes)
[PegaHttpClient] 📡 POST https://zdk8budo.pegaacademy.net/prweb/api/CodeIntelligence/v1/rules/query?pxObjClass=Rule-HTML-Section&appliesTo=Rule-Async-QueueProcessor&pyRuleName=RuleFormLayout&RequestClass=Rule-HTML-Section&RequestAppliesTo=Rule-Async-QueueProcessor&RequestRuleName=RuleFormLayout Payload: "{\"RequestClass\":\"Rule-HTML-Section\",\"RequestAppliesTo\":\"Rule-Async-QueueProcessor\",\"RequestRuleName\":\"RuleFormLayout\"}" => HTTP 200 (65193 bytes)
[PegaHttpClient] 📡 POST https://zdk8budo.pegaacademy.net/prweb/api/CodeIntelligence/v1/rules/query?pxObjClass=Rule-HTML-Section&appliesTo=Rule-Async-QueueProcessor&pyRuleName=RuleFormSettings&RequestClass=Rule-HTML-Section&RequestAppliesTo=Rule-Async-QueueProcessor&RequestRuleName=RuleFormSettings Payload: "{\"RequestClass\":\"Rule-HTML-Section\",\"RequestAppliesTo\":\"Rule-Async-QueueProcessor\",\"RequestRuleName\":\"RuleFormSettings\"}" => HTTP 200 (20540 bytes)
[PegaHttpClient] 📡 POST https://zdk8budo.pegaacademy.net/prweb/api/CodeIntelligence/v1/rules/query?pxObjClass=Rule-HTML-Section&appliesTo=Rule-Async-QueueProcessor&pyRuleName=OpenAuthoring&RequestClass=Rule-HTML-Section&RequestAppliesTo=Rule-Async-QueueProcessor&RequestRuleName=OpenAuthoring Payload: "{\"RequestClass\":\"Rule-HTML-Section\",\"RequestAppliesTo\":\"Rule-Async-QueueProcessor\",\"RequestRuleName\":\"OpenAuthoring\"}" => HTTP 200 (23695 bytes)
[PegaHttpClient] 📡 POST https://zdk8budo.pegaacademy.net/prweb/api/CodeIntelligence/v1/rules/query?pxObjClass=Rule-HTML-Section&appliesTo=Rule-Async-QueueProcessor&pyRuleName=pyCustomHelp&RequestClass=Rule-HTML-Section&RequestAppliesTo=Rule-Async-QueueProcessor&RequestRuleName=pyCustomHelp Payload: "{\"RequestClass\":\"Rule-HTML-Section\",\"RequestAppliesTo\":\"Rule-Async-QueueProcessor\",\"RequestRuleName\":\"pyCustomHelp\"}" => HTTP 200 (17256 bytes)
[PegaHttpClient] 📡 POST https://zdk8budo.pegaacademy.net/prweb/api/CodeIntelligence/v1/rules/query?pxObjClass=Rule-HTML-Section&appliesTo=Rule-Async-QueueProcessor&pyRuleName=pzRuleformMainInclude&RequestClass=Rule-HTML-Section&RequestAppliesTo=Rule-Async-QueueProcessor&RequestRuleName=pzRuleformMainInclude Payload: "{\"RequestClass\":\"Rule-HTML-Section\",\"RequestAppliesTo\":\"Rule-Async-QueueProcessor\",\"RequestRuleName\":\"pzRuleformMainInclude\"}" => HTTP 200 (22375 bytes)
[PegaHttpClient] 📡 POST https://zdk8budo.pegaacademy.net/prweb/api/CodeIntelligence/v1/rules/query?pxObjClass=Rule-HTML-Section&appliesTo=Rule-Async-QueueProcessor&pyRuleName=pyAlternativeRuleFormStrategicAppExtension&RequestClass=Rule-HTML-Section&RequestAppliesTo=Rule-Async-QueueProcessor&RequestRuleName=pyAlternativeRuleFormStrategicAppExtension Payload: "{\"RequestClass\":\"Rule-HTML-Section\",\"RequestAppliesTo\":\"Rule-Async-QueueProcessor\",\"RequestRuleName\":\"pyAlternativeRuleFormStrategicAppExtension\"}" => HTTP 200 (25042 bytes)
[PegaHttpClient] 📡 POST https://zdk8budo.pegaacademy.net/prweb/api/CodeIntelligence/v1/rules/query?pxObjClass=Rule-HTML-Section&appliesTo=Rule-Async-QueueProcessor&pyRuleName=pyAlternativeRuleFormExtension&RequestClass=Rule-HTML-Section&RequestAppliesTo=Rule-Async-QueueProcessor&RequestRuleName=pyAlternativeRuleFormExtension Payload: "{\"RequestClass\":\"Rule-HTML-Section\",\"RequestAppliesTo\":\"Rule-Async-QueueProcessor\",\"RequestRuleName\":\"pyAlternativeRuleFormExtension\"}" => HTTP 200 (24863 bytes)
[PegaHttpClient] 📡 POST https://zdk8budo.pegaacademy.net/prweb/api/CodeIntelligence/v1/rules/query?pxObjClass=Rule-HTML-Section&appliesTo=Rule-Async-QueueProcessor&pyRuleName=RuleFormHeader&RequestClass=Rule-HTML-Section&RequestAppliesTo=Rule-Async-QueueProcessor&RequestRuleName=RuleFormHeader Payload: "{\"RequestClass\":\"Rule-HTML-Section\",\"RequestAppliesTo\":\"Rule-Async-QueueProcessor\",\"RequestRuleName\":\"RuleFormHeader\"}" => HTTP 200 (183800 bytes)
[PegaHttpClient] 📡 POST https://zdk8budo.pegaacademy.net/prweb/api/CodeIntelligence/v1/rules/query?pxObjClass=Rule-HTML-Section&appliesTo=Rule-Async-QueueProcessor&pyRuleName=pzDelegationExperience&RequestClass=Rule-HTML-Section&RequestAppliesTo=Rule-Async-QueueProcessor&RequestRuleName=pzDelegationExperience Payload: "{\"RequestClass\":\"Rule-HTML-Section\",\"RequestAppliesTo\":\"Rule-Async-QueueProcessor\",\"RequestRuleName\":\"pzDelegationExperience\"}" => HTTP 404 (125 bytes)
[PegaHttpClient] 📡 POST https://zdk8budo.pegaacademy.net/prweb/PRRestService/CodeIntelligence/v1/rules/query?pxObjClass=Rule-HTML-Section&appliesTo=Rule-Async-QueueProcessor&pyRuleName=pzDelegationExperience&RequestClass=Rule-HTML-Section&RequestAppliesTo=Rule-Async-QueueProcessor&RequestRuleName=pzDelegationExperience Payload: "{\"RequestClass\":\"Rule-HTML-Section\",\"RequestAppliesTo\":\"Rule-Async-QueueProcessor\",\"RequestRuleName\":\"pzDelegationExperience\"}" => HTTP 404 (125 bytes)
[PegaHttpClient] 📡 POST https://zdk8budo.pegaacademy.net/prweb/api/HRAppsV2Service/V1/rules/query?pxObjClass=Rule-HTML-Section&appliesTo=Rule-Async-QueueProcessor&pyRuleName=pzDelegationExperience&RequestClass=Rule-HTML-Section&RequestAppliesTo=Rule-Async-QueueProcessor&RequestRuleName=pzDelegationExperience Payload: "{\"RequestClass\":\"Rule-HTML-Section\",\"RequestAppliesTo\":\"Rule-Async-QueueProcessor\",\"RequestRuleName\":\"pzDelegationExperience\"}" => HTTP 404 (18 bytes)
[PegaHttpClient] 📡 POST https://zdk8budo.pegaacademy.net/prweb/PRRestService/HRAppsV2Service/V1/rules/query?pxObjClass=Rule-HTML-Section&appliesTo=Rule-Async-QueueProcessor&pyRuleName=pzDelegationExperience&RequestClass=Rule-HTML-Section&RequestAppliesTo=Rule-Async-QueueProcessor&RequestRuleName=pzDelegationExperience Payload: "{\"RequestClass\":\"Rule-HTML-Section\",\"RequestAppliesTo\":\"Rule-Async-QueueProcessor\",\"RequestRuleName\":\"pzDelegationExperience\"}" => HTTP 404 (18 bytes)
[PegaHttpClient] 📡 POST https://zdk8budo.pegaacademy.net/prweb/api/HRAppsV2/V1/rules/query?pxObjClass=Rule-HTML-Section&appliesTo=Rule-Async-QueueProcessor&pyRuleName=pzDelegationExperience&RequestClass=Rule-HTML-Section&RequestAppliesTo=Rule-Async-QueueProcessor&RequestRuleName=pzDelegationExperience Payload: "{\"RequestClass\":\"Rule-HTML-Section\",\"RequestAppliesTo\":\"Rule-Async-QueueProcessor\",\"RequestRuleName\":\"pzDelegationExperience\"}" => HTTP 404 (18 bytes)
[PegaHttpClient] 📡 POST https://zdk8budo.pegaacademy.net/prweb/PRRestService/HRAppsV2/V1/rules/query?pxObjClass=Rule-HTML-Section&appliesTo=Rule-Async-QueueProcessor&pyRuleName=pzDelegationExperience&RequestClass=Rule-HTML-Section&RequestAppliesTo=Rule-Async-QueueProcessor&RequestRuleName=pzDelegationExperience Payload: "{\"RequestClass\":\"Rule-HTML-Section\",\"RequestAppliesTo\":\"Rule-Async-QueueProcessor\",\"RequestRuleName\":\"pzDelegationExperience\"}" => HTTP 404 (18 bytes)
[PegaHttpClient] 📡 POST https://zdk8budo.pegaacademy.net/prweb/api/v1/rules/query?pxObjClass=Rule-HTML-Section&appliesTo=Rule-Async-QueueProcessor&pyRuleName=pzDelegationExperience&RequestClass=Rule-HTML-Section&RequestAppliesTo=Rule-Async-QueueProcessor&RequestRuleName=pzDelegationExperience Payload: "{\"RequestClass\":\"Rule-HTML-Section\",\"RequestAppliesTo\":\"Rule-Async-QueueProcessor\",\"RequestRuleName\":\"pzDelegationExperience\"}" => HTTP 404 (18 bytes)
[PegaHttpClient] 📡 POST https://zdk8budo.pegaacademy.net/prweb/PRRestService/v1/rules/query?pxObjClass=Rule-HTML-Section&appliesTo=Rule-Async-QueueProcessor&pyRuleName=pzDelegationExperience&RequestClass=Rule-HTML-Section&RequestAppliesTo=Rule-Async-QueueProcessor&RequestRuleName=pzDelegationExperience Payload: "{\"RequestClass\":\"Rule-HTML-Section\",\"RequestAppliesTo\":\"Rule-Async-QueueProcessor\",\"RequestRuleName\":\"pzDelegationExperience\"}" => HTTP 404 (18 bytes)
[PegaHttpClient] 📡 POST https://zdk8budo.pegaacademy.net/prweb/api/CodeIntelligence/v1/rules/query?pxObjClass=Rule-HTML-Section&appliesTo=Rule-Async-QueueProcessor&pyRuleName=pzDefinition&RequestClass=Rule-HTML-Section&RequestAppliesTo=Rule-Async-QueueProcessor&RequestRuleName=pzDefinition Payload: "{\"RequestClass\":\"Rule-HTML-Section\",\"RequestAppliesTo\":\"Rule-Async-QueueProcessor\",\"RequestRuleName\":\"pzDefinition\"}" => HTTP 200 (643548 bytes)
[PegaHttpClient] 📡 POST https://zdk8budo.pegaacademy.net/prweb/api/CodeIntelligence/v1/rules/query?pxObjClass=Rule-HTML-Section&appliesTo=Rule-Async-QueueProcessor&pyRuleName=RuleFormHistory&RequestClass=Rule-HTML-Section&RequestAppliesTo=Rule-Async-QueueProcessor&RequestRuleName=RuleFormHistory Payload: "{\"RequestClass\":\"Rule-HTML-Section\",\"RequestAppliesTo\":\"Rule-Async-QueueProcessor\",\"RequestRuleName\":\"RuleFormHistory\"}" => HTTP 200 (76091 bytes)
[PegaHttpClient] 📡 POST https://zdk8budo.pegaacademy.net/prweb/api/CodeIntelligence/v1/rules/query?pxObjClass=Rule-HTML-Section&appliesTo=Rule-Async-QueueProcessor&pyRuleName=pzCustomHelp&RequestClass=Rule-HTML-Section&RequestAppliesTo=Rule-Async-QueueProcessor&RequestRuleName=pzCustomHelp Payload: "{\"RequestClass\":\"Rule-HTML-Section\",\"RequestAppliesTo\":\"Rule-Async-QueueProcessor\",\"RequestRuleName\":\"pzCustomHelp\"}" => HTTP 200 (31573 bytes)
[PegaHttpClient] 📡 POST https://zdk8budo.pegaacademy.net/prweb/api/CodeIntelligence/v1/rules/query?pxObjClass=Rule-HTML-Section&appliesTo=Rule-Async-QueueProcessor&pyRuleName=pzRuleFormKeysAndDescription&RequestClass=Rule-HTML-Section&RequestAppliesTo=Rule-Async-QueueProcessor&RequestRuleName=pzRuleFormKeysAndDescription Payload: "{\"RequestClass\":\"Rule-HTML-Section\",\"RequestAppliesTo\":\"Rule-Async-QueueProcessor\",\"RequestRuleName\":\"pzRuleFormKeysAndDescription\"}" => HTTP 200 (218057 bytes)
[PegaHttpClient] 📡 POST https://zdk8budo.pegaacademy.net/prweb/api/CodeIntelligence/v1/rules/query?pxObjClass=Rule-HTML-Section&appliesTo=Rule-Async-QueueProcessor&pyRuleName=pzRuleFormRuleset&RequestClass=Rule-HTML-Section&RequestAppliesTo=Rule-Async-QueueProcessor&RequestRuleName=pzRuleFormRuleset Payload: "{\"RequestClass\":\"Rule-HTML-Section\",\"RequestAppliesTo\":\"Rule-Async-QueueProcessor\",\"RequestRuleName\":\"pzRuleFormRuleset\"}" => HTTP 200 (33985 bytes)
[PegaHttpClient] 📡 POST https://zdk8budo.pegaacademy.net/prweb/api/CodeIntelligence/v1/rules/query?pxObjClass=Rule-HTML-Section&appliesTo=Rule-Async-QueueProcessor&pyRuleName=undefined&RequestClass=Rule-HTML-Section&RequestAppliesTo=Rule-Async-QueueProcessor&RequestRuleName=undefined Payload: "{\"RequestClass\":\"Rule-HTML-Section\",\"RequestAppliesTo\":\"Rule-Async-QueueProcessor\",\"RequestRuleName\":\"undefined\"}" => HTTP 404 (112 bytes)
[PegaHttpClient] 📡 POST https://zdk8budo.pegaacademy.net/prweb/PRRestService/CodeIntelligence/v1/rules/query?pxObjClass=Rule-HTML-Section&appliesTo=Rule-Async-QueueProcessor&pyRuleName=undefined&RequestClass=Rule-HTML-Section&RequestAppliesTo=Rule-Async-QueueProcessor&RequestRuleName=undefined Payload: "{\"RequestClass\":\"Rule-HTML-Section\",\"RequestAppliesTo\":\"Rule-Async-QueueProcessor\",\"RequestRuleName\":\"undefined\"}" => HTTP 404 (112 bytes)
[PegaHttpClient] 📡 POST https://zdk8budo.pegaacademy.net/prweb/api/HRAppsV2Service/V1/rules/query?pxObjClass=Rule-HTML-Section&appliesTo=Rule-Async-QueueProcessor&pyRuleName=undefined&RequestClass=Rule-HTML-Section&RequestAppliesTo=Rule-Async-QueueProcessor&RequestRuleName=undefined Payload: "{\"RequestClass\":\"Rule-HTML-Section\",\"RequestAppliesTo\":\"Rule-Async-QueueProcessor\",\"RequestRuleName\":\"undefined\"}" => HTTP 404 (18 bytes)
[PegaHttpClient] 📡 POST https://zdk8budo.pegaacademy.net/prweb/PRRestService/HRAppsV2Service/V1/rules/query?pxObjClass=Rule-HTML-Section&appliesTo=Rule-Async-QueueProcessor&pyRuleName=undefined&RequestClass=Rule-HTML-Section&RequestAppliesTo=Rule-Async-QueueProcessor&RequestRuleName=undefined Payload: "{\"RequestClass\":\"Rule-HTML-Section\",\"RequestAppliesTo\":\"Rule-Async-QueueProcessor\",\"RequestRuleName\":\"undefined\"}" => HTTP 404 (18 bytes)
[PegaHttpClient] 📡 POST https://zdk8budo.pegaacademy.net/prweb/api/HRAppsV2/V1/rules/query?pxObjClass=Rule-HTML-Section&appliesTo=Rule-Async-QueueProcessor&pyRuleName=undefined&RequestClass=Rule-HTML-Section&RequestAppliesTo=Rule-Async-QueueProcessor&RequestRuleName=undefined Payload: "{\"RequestClass\":\"Rule-HTML-Section\",\"RequestAppliesTo\":\"Rule-Async-QueueProcessor\",\"RequestRuleName\":\"undefined\"}" => HTTP 404 (18 bytes)
[PegaHttpClient] 📡 POST https://zdk8budo.pegaacademy.net/prweb/PRRestService/HRAppsV2/V1/rules/query?pxObjClass=Rule-HTML-Section&appliesTo=Rule-Async-QueueProcessor&pyRuleName=undefined&RequestClass=Rule-HTML-Section&RequestAppliesTo=Rule-Async-QueueProcessor&RequestRuleName=undefined Payload: "{\"RequestClass\":\"Rule-HTML-Section\",\"RequestAppliesTo\":\"Rule-Async-QueueProcessor\",\"RequestRuleName\":\"undefined\"}" => HTTP 404 (18 bytes)
[PegaHttpClient] 📡 POST https://zdk8budo.pegaacademy.net/prweb/api/v1/rules/query?pxObjClass=Rule-HTML-Section&appliesTo=Rule-Async-QueueProcessor&pyRuleName=undefined&RequestClass=Rule-HTML-Section&RequestAppliesTo=Rule-Async-QueueProcessor&RequestRuleName=undefined Payload: "{\"RequestClass\":\"Rule-HTML-Section\",\"RequestAppliesTo\":\"Rule-Async-QueueProcessor\",\"RequestRuleName\":\"undefined\"}" => HTTP 404 (18 bytes)
[PegaHttpClient] 📡 POST https://zdk8budo.pegaacademy.net/prweb/PRRestService/v1/rules/query?pxObjClass=Rule-HTML-Section&appliesTo=Rule-Async-QueueProcessor&pyRuleName=undefined&RequestClass=Rule-HTML-Section&RequestAppliesTo=Rule-Async-QueueProcessor&RequestRuleName=undefined Payload: "{\"RequestClass\":\"Rule-HTML-Section\",\"RequestAppliesTo\":\"Rule-Async-QueueProcessor\",\"RequestRuleName\":\"undefined\"}" => HTTP 404 (18 bytes)
[PegaHttpClient] 📡 POST https://zdk8budo.pegaacademy.net/prweb/api/CodeIntelligence/v1/rules/query?pxObjClass=Rule-HTML-Section&appliesTo=Rule-Async-QueueProcessor&pyRuleName=pzRuleFormToolbar&RequestClass=Rule-HTML-Section&RequestAppliesTo=Rule-Async-QueueProcessor&RequestRuleName=pzRuleFormToolbar Payload: "{\"RequestClass\":\"Rule-HTML-Section\",\"RequestAppliesTo\":\"Rule-Async-QueueProcessor\",\"RequestRuleName\":\"pzRuleFormToolbar\"}" => HTTP 200 (242691 bytes)
[PegaHttpClient] 📡 POST https://zdk8budo.pegaacademy.net/prweb/api/CodeIntelligence/v1/rules/query?pxObjClass=Rule-HTML-Section&appliesTo=Rule-Async-QueueProcessor&pyRuleName=pzRuleFormToolbarCompare&RequestClass=Rule-HTML-Section&RequestAppliesTo=Rule-Async-QueueProcessor&RequestRuleName=pzRuleFormToolbarCompare Payload: "{\"RequestClass\":\"Rule-HTML-Section\",\"RequestAppliesTo\":\"Rule-Async-QueueProcessor\",\"RequestRuleName\":\"pzRuleFormToolbarCompare\"}" => HTTP 200 (61925 bytes)
[PegaHttpClient] 📡 POST https://zdk8budo.pegaacademy.net/prweb/api/CodeIntelligence/v1/rules/query?pxObjClass=Rule-HTML-Section&appliesTo=Rule-Async-QueueProcessor&pyRuleName=RuleFormHeaderMessages&RequestClass=Rule-HTML-Section&RequestAppliesTo=Rule-Async-QueueProcessor&RequestRuleName=RuleFormHeaderMessages Payload: "{\"RequestClass\":\"Rule-HTML-Section\",\"RequestAppliesTo\":\"Rule-Async-QueueProcessor\",\"RequestRuleName\":\"RuleFormHeaderMessages\"}" => HTTP 200 (26518 bytes)
[PegaHttpClient] 📡 POST https://zdk8budo.pegaacademy.net/prweb/api/CodeIntelligence/v1/rules/query?pxObjClass=Rule-HTML-Section&appliesTo=Rule-Async-QueueProcessor&pyRuleName=QPInstanceThresholdWarning&RequestClass=Rule-HTML-Section&RequestAppliesTo=Rule-Async-QueueProcessor&RequestRuleName=QPInstanceThresholdWarning Payload: "{\"RequestClass\":\"Rule-HTML-Section\",\"RequestAppliesTo\":\"Rule-Async-QueueProcessor\",\"RequestRuleName\":\"QPInstanceThresholdWarning\"}" => HTTP 200 (30203 bytes)
[PegaHttpClient] 📡 POST https://zdk8budo.pegaacademy.net/prweb/api/CodeIntelligence/v1/rules/query?pxObjClass=Rule-HTML-Section&appliesTo=Rule-Async-QueueProcessor&pyRuleName=pxHelpSnippetGadget&RequestClass=Rule-HTML-Section&RequestAppliesTo=Rule-Async-QueueProcessor&RequestRuleName=pxHelpSnippetGadget Payload: "{\"RequestClass\":\"Rule-HTML-Section\",\"RequestAppliesTo\":\"Rule-Async-QueueProcessor\",\"RequestRuleName\":\"pxHelpSnippetGadget\"}" => HTTP 200 (32934 bytes)
[PegaHttpClient] 📡 POST https://zdk8budo.pegaacademy.net/prweb/api/CodeIntelligence/v1/rules/query?pxObjClass=Rule-HTML-Section&appliesTo=Rule-Async-QueueProcessor&pyRuleName=pzAlternateRuleInfo&RequestClass=Rule-HTML-Section&RequestAppliesTo=Rule-Async-QueueProcessor&RequestRuleName=pzAlternateRuleInfo Payload: "{\"RequestClass\":\"Rule-HTML-Section\",\"RequestAppliesTo\":\"Rule-Async-QueueProcessor\",\"RequestRuleName\":\"pzAlternateRuleInfo\"}" => HTTP 200 (140407 bytes)
[PegaHttpClient] 📡 POST https://zdk8budo.pegaacademy.net/prweb/api/CodeIntelligence/v1/rules/query?pxObjClass=Rule-HTML-Section&appliesTo=Rule-Async-QueueProcessor&pyRuleName=RuleFormHistory_Description&RequestClass=Rule-HTML-Section&RequestAppliesTo=Rule-Async-QueueProcessor&RequestRuleName=RuleFormHistory_Description Payload: "{\"RequestClass\":\"Rule-HTML-Section\",\"RequestAppliesTo\":\"Rule-Async-QueueProcessor\",\"RequestRuleName\":\"RuleFormHistory_Description\"}" => HTTP 200 (46242 bytes)
[PegaHttpClient] 📡 POST https://zdk8budo.pegaacademy.net/prweb/api/CodeIntelligence/v1/rules/query?pxObjClass=Rule-HTML-Section&appliesTo=Rule-Async-QueueProcessor&pyRuleName=RuleFormHistory_CustomFields&RequestClass=Rule-HTML-Section&RequestAppliesTo=Rule-Async-QueueProcessor&RequestRuleName=RuleFormHistory_CustomFields Payload: "{\"RequestClass\":\"Rule-HTML-Section\",\"RequestAppliesTo\":\"Rule-Async-QueueProcessor\",\"RequestRuleName\":\"RuleFormHistory_CustomFields\"}" => HTTP 200 (75856 bytes)
[PegaHttpClient] 📡 POST https://zdk8budo.pegaacademy.net/prweb/api/CodeIntelligence/v1/rules/query?pxObjClass=Rule-HTML-Section&appliesTo=Rule-Async-QueueProcessor&pyRuleName=RuleFormHistory_HistoryDetails&RequestClass=Rule-HTML-Section&RequestAppliesTo=Rule-Async-QueueProcessor&RequestRuleName=RuleFormHistory_HistoryDetails Payload: "{\"RequestClass\":\"Rule-HTML-Section\",\"RequestAppliesTo\":\"Rule-Async-QueueProcessor\",\"RequestRuleName\":\"RuleFormHistory_HistoryDetails\"}" => HTTP 200 (179535 bytes)
[PegaHttpClient] 📡 POST https://zdk8budo.pegaacademy.net/prweb/api/CodeIntelligence/v1/rules/query?pxObjClass=Rule-HTML-Section&appliesTo=Rule-Async-QueueProcessor&pyRuleName=pzRuleFormStatus&RequestClass=Rule-HTML-Section&RequestAppliesTo=Rule-Async-QueueProcessor&RequestRuleName=pzRuleFormStatus Payload: "{\"RequestClass\":\"Rule-HTML-Section\",\"RequestAppliesTo\":\"Rule-Async-QueueProcessor\",\"RequestRuleName\":\"pzRuleFormStatus\"}" => HTTP 200 (97627 bytes)
[PegaHttpClient] 📡 POST https://zdk8budo.pegaacademy.net/prweb/api/CodeIntelligence/v1/rules/query?pxObjClass=Rule-HTML-Section&appliesTo=Rule-Async-QueueProcessor&pyRuleName=pzRuleFormHeaderCompareWithDropDown&RequestClass=Rule-HTML-Section&RequestAppliesTo=Rule-Async-QueueProcessor&RequestRuleName=pzRuleFormHeaderCompareWithDropDown Payload: "{\"RequestClass\":\"Rule-HTML-Section\",\"RequestAppliesTo\":\"Rule-Async-QueueProcessor\",\"RequestRuleName\":\"pzRuleFormHeaderCompareWithDropDown\"}" => HTTP 200 (25396 bytes)
[PegaHttpClient] 📡 POST https://zdk8budo.pegaacademy.net/prweb/api/CodeIntelligence/v1/rules/query?pxObjClass=Rule-HTML-Section&appliesTo=Rule-Async-QueueProcessor&pyRuleName=undefined&RequestClass=Rule-HTML-Section&RequestAppliesTo=Rule-Async-QueueProcessor&RequestRuleName=undefined Payload: "{\"RequestClass\":\"Rule-HTML-Section\",\"RequestAppliesTo\":\"Rule-Async-QueueProcessor\",\"RequestRuleName\":\"undefined\"}" => HTTP 404 (112 bytes)
[PegaHttpClient] 📡 POST https://zdk8budo.pegaacademy.net/prweb/PRRestService/CodeIntelligence/v1/rules/query?pxObjClass=Rule-HTML-Section&appliesTo=Rule-Async-QueueProcessor&pyRuleName=undefined&RequestClass=Rule-HTML-Section&RequestAppliesTo=Rule-Async-QueueProcessor&RequestRuleName=undefined Payload: "{\"RequestClass\":\"Rule-HTML-Section\",\"RequestAppliesTo\":\"Rule-Async-QueueProcessor\",\"RequestRuleName\":\"undefined\"}" => HTTP 404 (112 bytes)
[PegaHttpClient] 📡 POST https://zdk8budo.pegaacademy.net/prweb/api/HRAppsV2Service/V1/rules/query?pxObjClass=Rule-HTML-Section&appliesTo=Rule-Async-QueueProcessor&pyRuleName=undefined&RequestClass=Rule-HTML-Section&RequestAppliesTo=Rule-Async-QueueProcessor&RequestRuleName=undefined Payload: "{\"RequestClass\":\"Rule-HTML-Section\",\"RequestAppliesTo\":\"Rule-Async-QueueProcessor\",\"RequestRuleName\":\"undefined\"}" => HTTP 404 (18 bytes)
[PegaHttpClient] 📡 POST https://zdk8budo.pegaacademy.net/prweb/PRRestService/HRAppsV2Service/V1/rules/query?pxObjClass=Rule-HTML-Section&appliesTo=Rule-Async-QueueProcessor&pyRuleName=undefined&RequestClass=Rule-HTML-Section&RequestAppliesTo=Rule-Async-QueueProcessor&RequestRuleName=undefined Payload: "{\"RequestClass\":\"Rule-HTML-Section\",\"RequestAppliesTo\":\"Rule-Async-QueueProcessor\",\"RequestRuleName\":\"undefined\"}" => HTTP 404 (18 bytes)
[PegaHttpClient] 📡 POST https://zdk8budo.pegaacademy.net/prweb/api/HRAppsV2/V1/rules/query?pxObjClass=Rule-HTML-Section&appliesTo=Rule-Async-QueueProcessor&pyRuleName=undefined&RequestClass=Rule-HTML-Section&RequestAppliesTo=Rule-Async-QueueProcessor&RequestRuleName=undefined Payload: "{\"RequestClass\":\"Rule-HTML-Section\",\"RequestAppliesTo\":\"Rule-Async-QueueProcessor\",\"RequestRuleName\":\"undefined\"}" => HTTP 404 (18 bytes)
[PegaHttpClient] 📡 POST https://zdk8budo.pegaacademy.net/prweb/PRRestService/HRAppsV2/V1/rules/query?pxObjClass=Rule-HTML-Section&appliesTo=Rule-Async-QueueProcessor&pyRuleName=undefined&RequestClass=Rule-HTML-Section&RequestAppliesTo=Rule-Async-QueueProcessor&RequestRuleName=undefined Payload: "{\"RequestClass\":\"Rule-HTML-Section\",\"RequestAppliesTo\":\"Rule-Async-QueueProcessor\",\"RequestRuleName\":\"undefined\"}" => HTTP 404 (18 bytes)
[PegaHttpClient] 📡 POST https://zdk8budo.pegaacademy.net/prweb/api/v1/rules/query?pxObjClass=Rule-HTML-Section&appliesTo=Rule-Async-QueueProcessor&pyRuleName=undefined&RequestClass=Rule-HTML-Section&RequestAppliesTo=Rule-Async-QueueProcessor&RequestRuleName=undefined Payload: "{\"RequestClass\":\"Rule-HTML-Section\",\"RequestAppliesTo\":\"Rule-Async-QueueProcessor\",\"RequestRuleName\":\"undefined\"}" => HTTP 404 (18 bytes)
[PegaHttpClient] 📡 POST https://zdk8budo.pegaacademy.net/prweb/PRRestService/v1/rules/query?pxObjClass=Rule-HTML-Section&appliesTo=Rule-Async-QueueProcessor&pyRuleName=undefined&RequestClass=Rule-HTML-Section&RequestAppliesTo=Rule-Async-QueueProcessor&RequestRuleName=undefined Payload: "{\"RequestClass\":\"Rule-HTML-Section\",\"RequestAppliesTo\":\"Rule-Async-QueueProcessor\",\"RequestRuleName\":\"undefined\"}" => HTTP 404 (18 bytes)
[PegaHttpClient] 📡 POST https://zdk8budo.pegaacademy.net/prweb/api/CodeIntelligence/v1/rules/query?pxObjClass=Rule-HTML-Section&appliesTo=Rule-Async-QueueProcessor&pyRuleName=pzRuleFormToolbarHotKeys&RequestClass=Rule-HTML-Section&RequestAppliesTo=Rule-Async-QueueProcessor&RequestRuleName=pzRuleFormToolbarHotKeys Payload: "{\"RequestClass\":\"Rule-HTML-Section\",\"RequestAppliesTo\":\"Rule-Async-QueueProcessor\",\"RequestRuleName\":\"pzRuleFormToolbarHotKeys\"}" => HTTP 200 (85058 bytes)
[PegaHttpClient] 📡 POST https://zdk8budo.pegaacademy.net/prweb/api/CodeIntelligence/v1/rules/query?pxObjClass=Rule-HTML-Section&appliesTo=Rule-Async-QueueProcessor&pyRuleName=pzRuleFormToolbarLockedIcon&RequestClass=Rule-HTML-Section&RequestAppliesTo=Rule-Async-QueueProcessor&RequestRuleName=pzRuleFormToolbarLockedIcon Payload: "{\"RequestClass\":\"Rule-HTML-Section\",\"RequestAppliesTo\":\"Rule-Async-QueueProcessor\",\"RequestRuleName\":\"pzRuleFormToolbarLockedIcon\"}" => HTTP 200 (24898 bytes)
[PegaHttpClient] 📡 POST https://zdk8budo.pegaacademy.net/prweb/api/CodeIntelligence/v1/rules/query?pxObjClass=Rule-HTML-Section&appliesTo=Rule-Async-QueueProcessor&pyRuleName=pzRuleFormToolbarCollaborators&RequestClass=Rule-HTML-Section&RequestAppliesTo=Rule-Async-QueueProcessor&RequestRuleName=pzRuleFormToolbarCollaborators Payload: "{\"RequestClass\":\"Rule-HTML-Section\",\"RequestAppliesTo\":\"Rule-Async-QueueProcessor\",\"RequestRuleName\":\"pzRuleFormToolbarCollaborators\"}" => HTTP 200 (15254 bytes)
[PegaHttpClient] 📡 POST https://zdk8budo.pegaacademy.net/prweb/api/CodeIntelligence/v1/rules/query?pxObjClass=Rule-HTML-Section&appliesTo=Rule-Async-QueueProcessor&pyRuleName=pzRuleFormToolbarSaveAs&RequestClass=Rule-HTML-Section&RequestAppliesTo=Rule-Async-QueueProcessor&RequestRuleName=pzRuleFormToolbarSaveAs Payload: "{\"RequestClass\":\"Rule-HTML-Section\",\"RequestAppliesTo\":\"Rule-Async-QueueProcessor\",\"RequestRuleName\":\"pzRuleFormToolbarSaveAs\"}" => HTTP 200 (64084 bytes)
[PegaHttpClient] 📡 POST https://zdk8budo.pegaacademy.net/prweb/api/CodeIntelligence/v1/rules/query?pxObjClass=Rule-HTML-Section&appliesTo=Rule-Async-QueueProcessor&pyRuleName=pzRuleFormToolbarCheckin&RequestClass=Rule-HTML-Section&RequestAppliesTo=Rule-Async-QueueProcessor&RequestRuleName=pzRuleFormToolbarCheckin Payload: "{\"RequestClass\":\"Rule-HTML-Section\",\"RequestAppliesTo\":\"Rule-Async-QueueProcessor\",\"RequestRuleName\":\"pzRuleFormToolbarCheckin\"}" => HTTP 200 (119096 bytes)
[PegaHttpClient] 📡 POST https://zdk8budo.pegaacademy.net/prweb/api/CodeIntelligence/v1/rules/query?pxObjClass=Rule-HTML-Section&appliesTo=Rule-Async-QueueProcessor&pyRuleName=pzRuleFormToolbarDelete&RequestClass=Rule-HTML-Section&RequestAppliesTo=Rule-Async-QueueProcessor&RequestRuleName=pzRuleFormToolbarDelete Payload: "{\"RequestClass\":\"Rule-HTML-Section\",\"RequestAppliesTo\":\"Rule-Async-QueueProcessor\",\"RequestRuleName\":\"pzRuleFormToolbarDelete\"}" => HTTP 200 (30249 bytes)
[PegaHttpClient] 📡 POST https://zdk8budo.pegaacademy.net/prweb/api/CodeIntelligence/v1/rules/query?pxObjClass=Rule-HTML-Section&appliesTo=Rule-Async-QueueProcessor&pyRuleName=pzRuleFormToolbarSave&RequestClass=Rule-HTML-Section&RequestAppliesTo=Rule-Async-QueueProcessor&RequestRuleName=pzRuleFormToolbarSave Payload: "{\"RequestClass\":\"Rule-HTML-Section\",\"RequestAppliesTo\":\"Rule-Async-QueueProcessor\",\"RequestRuleName\":\"pzRuleFormToolbarSave\"}" => HTTP 200 (293885 bytes)
[PegaHttpClient] 📡 POST https://zdk8budo.pegaacademy.net/prweb/api/CodeIntelligence/v1/rules/query?pxObjClass=Rule-HTML-Section&appliesTo=Rule-Async-QueueProcessor&pyRuleName=pzRuleFormToolbarCheckout&RequestClass=Rule-HTML-Section&RequestAppliesTo=Rule-Async-QueueProcessor&RequestRuleName=pzRuleFormToolbarCheckout Payload: "{\"RequestClass\":\"Rule-HTML-Section\",\"RequestAppliesTo\":\"Rule-Async-QueueProcessor\",\"RequestRuleName\":\"pzRuleFormToolbarCheckout\"}" => HTTP 200 (238148 bytes)
[PegaHttpClient] 📡 POST https://zdk8budo.pegaacademy.net/prweb/api/CodeIntelligence/v1/rules/query?pxObjClass=Rule-HTML-Section&appliesTo=Rule-Async-QueueProcessor&pyRuleName=pzRemoveErrorsDataPage&RequestClass=Rule-HTML-Section&RequestAppliesTo=Rule-Async-QueueProcessor&RequestRuleName=pzRemoveErrorsDataPage Payload: "{\"RequestClass\":\"Rule-HTML-Section\",\"RequestAppliesTo\":\"Rule-Async-QueueProcessor\",\"RequestRuleName\":\"pzRemoveErrorsDataPage\"}" => HTTP 200 (16733 bytes)
[PegaHttpClient] 📡 POST https://zdk8budo.pegaacademy.net/prweb/api/CodeIntelligence/v1/rules/query?pxObjClass=Rule-HTML-Section&appliesTo=Rule-Async-QueueProcessor&pyRuleName=pzRuleFormHeaderMessagesWrapper&RequestClass=Rule-HTML-Section&RequestAppliesTo=Rule-Async-QueueProcessor&RequestRuleName=pzRuleFormHeaderMessagesWrapper Payload: "{\"RequestClass\":\"Rule-HTML-Section\",\"RequestAppliesTo\":\"Rule-Async-QueueProcessor\",\"RequestRuleName\":\"pzRuleFormHeaderMessagesWrapper\"}" => HTTP 200 (16981 bytes)
[PegaHttpClient] 📡 POST https://zdk8budo.pegaacademy.net/prweb/api/CodeIntelligence/v1/rules/query?pxObjClass=Rule-HTML-Section&appliesTo=Rule-Async-QueueProcessor&pyRuleName=pxShowHelpContent&RequestClass=Rule-HTML-Section&RequestAppliesTo=Rule-Async-QueueProcessor&RequestRuleName=pxShowHelpContent Payload: "{\"RequestClass\":\"Rule-HTML-Section\",\"RequestAppliesTo\":\"Rule-Async-QueueProcessor\",\"RequestRuleName\":\"pxShowHelpContent\"}" => HTTP 200 (27395 bytes)
[PegaHttpClient] 📡 POST https://zdk8budo.pegaacademy.net/prweb/api/CodeIntelligence/v1/rules/query?pxObjClass=Rule-HTML-Section&appliesTo=Rule-Async-QueueProcessor&pyRuleName=pzScm_RuleHistory&RequestClass=Rule-HTML-Section&RequestAppliesTo=Rule-Async-QueueProcessor&RequestRuleName=pzScm_RuleHistory Payload: "{\"RequestClass\":\"Rule-HTML-Section\",\"RequestAppliesTo\":\"Rule-Async-QueueProcessor\",\"RequestRuleName\":\"pzScm_RuleHistory\"}" => HTTP 200 (14682 bytes)
[PegaHttpClient] 📡 POST https://zdk8budo.pegaacademy.net/prweb/api/CodeIntelligence/v1/rules/query?pxObjClass=Rule-HTML-Section&appliesTo=Rule-Async-QueueProcessor&pyRuleName=pxDisplayCollaborators&RequestClass=Rule-HTML-Section&RequestAppliesTo=Rule-Async-QueueProcessor&RequestRuleName=pxDisplayCollaborators Payload: "{\"RequestClass\":\"Rule-HTML-Section\",\"RequestAppliesTo\":\"Rule-Async-QueueProcessor\",\"RequestRuleName\":\"pxDisplayCollaborators\"}" => HTTP 200 (94171 bytes)
[PegaHttpClient] 📡 POST https://zdk8budo.pegaacademy.net/prweb/api/CodeIntelligence/v1/rules/query?pxObjClass=Rule-HTML-Section&appliesTo=Rule-Async-QueueProcessor&pyRuleName=pzRuleFormToolbarDeleteCheckOut&RequestClass=Rule-HTML-Section&RequestAppliesTo=Rule-Async-QueueProcessor&RequestRuleName=pzRuleFormToolbarDeleteCheckOut Payload: "{\"RequestClass\":\"Rule-HTML-Section\",\"RequestAppliesTo\":\"Rule-Async-QueueProcessor\",\"RequestRuleName\":\"pzRuleFormToolbarDeleteCheckOut\"}" => HTTP 200 (29433 bytes)
[PegaHttpClient] 📡 POST https://zdk8budo.pegaacademy.net/prweb/api/CodeIntelligence/v1/rules/query?pxObjClass=Rule-HTML-Section&appliesTo=Rule-Async-QueueProcessor&pyRuleName=pzRuleFormToolbarDeleteRule&RequestClass=Rule-HTML-Section&RequestAppliesTo=Rule-Async-QueueProcessor&RequestRuleName=pzRuleFormToolbarDeleteRule Payload: "{\"RequestClass\":\"Rule-HTML-Section\",\"RequestAppliesTo\":\"Rule-Async-QueueProcessor\",\"RequestRuleName\":\"pzRuleFormToolbarDeleteRule\"}" => HTTP 200 (32314 bytes)
[PegaHttpClient] 📡 POST https://zdk8budo.pegaacademy.net/prweb/api/CodeIntelligence/v1/rules/query?pxObjClass=Rule-HTML-Section&appliesTo=Rule-Async-QueueProcessor&pyRuleName=pzHelpSnippetStyles&RequestClass=Rule-HTML-Section&RequestAppliesTo=Rule-Async-QueueProcessor&RequestRuleName=pzHelpSnippetStyles Payload: "{\"RequestClass\":\"Rule-HTML-Section\",\"RequestAppliesTo\":\"Rule-Async-QueueProcessor\",\"RequestRuleName\":\"pzHelpSnippetStyles\"}" => HTTP 200 (15797 bytes)
[PegaHttpClient] 📡 POST https://zdk8budo.pegaacademy.net/prweb/api/CodeIntelligence/v1/rules/query?pxObjClass=Rule-HTML-Section&appliesTo=Rule-Async-QueueProcessor&pyRuleName=pxDisplayHelpContent&RequestClass=Rule-HTML-Section&RequestAppliesTo=Rule-Async-QueueProcessor&RequestRuleName=pxDisplayHelpContent Payload: "{\"RequestClass\":\"Rule-HTML-Section\",\"RequestAppliesTo\":\"Rule-Async-QueueProcessor\",\"RequestRuleName\":\"pxDisplayHelpContent\"}" => HTTP 404 (123 bytes)
[PegaHttpClient] 📡 POST https://zdk8budo.pegaacademy.net/prweb/PRRestService/CodeIntelligence/v1/rules/query?pxObjClass=Rule-HTML-Section&appliesTo=Rule-Async-QueueProcessor&pyRuleName=pxDisplayHelpContent&RequestClass=Rule-HTML-Section&RequestAppliesTo=Rule-Async-QueueProcessor&RequestRuleName=pxDisplayHelpContent Payload: "{\"RequestClass\":\"Rule-HTML-Section\",\"RequestAppliesTo\":\"Rule-Async-QueueProcessor\",\"RequestRuleName\":\"pxDisplayHelpContent\"}" => HTTP 404 (123 bytes)
[PegaHttpClient] 📡 POST https://zdk8budo.pegaacademy.net/prweb/api/HRAppsV2Service/V1/rules/query?pxObjClass=Rule-HTML-Section&appliesTo=Rule-Async-QueueProcessor&pyRuleName=pxDisplayHelpContent&RequestClass=Rule-HTML-Section&RequestAppliesTo=Rule-Async-QueueProcessor&RequestRuleName=pxDisplayHelpContent Payload: "{\"RequestClass\":\"Rule-HTML-Section\",\"RequestAppliesTo\":\"Rule-Async-QueueProcessor\",\"RequestRuleName\":\"pxDisplayHelpContent\"}" => HTTP 404 (18 bytes)
[PegaHttpClient] 📡 POST https://zdk8budo.pegaacademy.net/prweb/PRRestService/HRAppsV2Service/V1/rules/query?pxObjClass=Rule-HTML-Section&appliesTo=Rule-Async-QueueProcessor&pyRuleName=pxDisplayHelpContent&RequestClass=Rule-HTML-Section&RequestAppliesTo=Rule-Async-QueueProcessor&RequestRuleName=pxDisplayHelpContent Payload: "{\"RequestClass\":\"Rule-HTML-Section\",\"RequestAppliesTo\":\"Rule-Async-QueueProcessor\",\"RequestRuleName\":\"pxDisplayHelpContent\"}" => HTTP 404 (18 bytes)
[PegaHttpClient] 📡 POST https://zdk8budo.pegaacademy.net/prweb/api/HRAppsV2/V1/rules/query?pxObjClass=Rule-HTML-Section&appliesTo=Rule-Async-QueueProcessor&pyRuleName=pxDisplayHelpContent&RequestClass=Rule-HTML-Section&RequestAppliesTo=Rule-Async-QueueProcessor&RequestRuleName=pxDisplayHelpContent Payload: "{\"RequestClass\":\"Rule-HTML-Section\",\"RequestAppliesTo\":\"Rule-Async-QueueProcessor\",\"RequestRuleName\":\"pxDisplayHelpContent\"}" => HTTP 404 (18 bytes)
[PegaHttpClient] 📡 POST https://zdk8budo.pegaacademy.net/prweb/PRRestService/HRAppsV2/V1/rules/query?pxObjClass=Rule-HTML-Section&appliesTo=Rule-Async-QueueProcessor&pyRuleName=pxDisplayHelpContent&RequestClass=Rule-HTML-Section&RequestAppliesTo=Rule-Async-QueueProcessor&RequestRuleName=pxDisplayHelpContent Payload: "{\"RequestClass\":\"Rule-HTML-Section\",\"RequestAppliesTo\":\"Rule-Async-QueueProcessor\",\"RequestRuleName\":\"pxDisplayHelpContent\"}" => HTTP 404 (18 bytes)
[PegaHttpClient] 📡 POST https://zdk8budo.pegaacademy.net/prweb/api/v1/rules/query?pxObjClass=Rule-HTML-Section&appliesTo=Rule-Async-QueueProcessor&pyRuleName=pxDisplayHelpContent&RequestClass=Rule-HTML-Section&RequestAppliesTo=Rule-Async-QueueProcessor&RequestRuleName=pxDisplayHelpContent Payload: "{\"RequestClass\":\"Rule-HTML-Section\",\"RequestAppliesTo\":\"Rule-Async-QueueProcessor\",\"RequestRuleName\":\"pxDisplayHelpContent\"}" => HTTP 404 (18 bytes)
[PegaHttpClient] 📡 POST https://zdk8budo.pegaacademy.net/prweb/PRRestService/v1/rules/query?pxObjClass=Rule-HTML-Section&appliesTo=Rule-Async-QueueProcessor&pyRuleName=pxDisplayHelpContent&RequestClass=Rule-HTML-Section&RequestAppliesTo=Rule-Async-QueueProcessor&RequestRuleName=pxDisplayHelpContent Payload: "{\"RequestClass\":\"Rule-HTML-Section\",\"RequestAppliesTo\":\"Rule-Async-QueueProcessor\",\"RequestRuleName\":\"pxDisplayHelpContent\"}" => HTTP 404 (18 bytes)
[PegaHttpClient] 📡 POST https://zdk8budo.pegaacademy.net/prweb/api/CodeIntelligence/v1/rules/query?pxObjClass=Rule-HTML-Section&appliesTo=Rule-Async-QueueProcessor&pyRuleName=pzLoadCollaborationScripts&RequestClass=Rule-HTML-Section&RequestAppliesTo=Rule-Async-QueueProcessor&RequestRuleName=pzLoadCollaborationScripts Payload: "{\"RequestClass\":\"Rule-HTML-Section\",\"RequestAppliesTo\":\"Rule-Async-QueueProcessor\",\"RequestRuleName\":\"pzLoadCollaborationScripts\"}" => HTTP 200 (23453 bytes)
[PegaHttpClient] 📡 POST https://zdk8budo.pegaacademy.net/prweb/api/CodeIntelligence/v1/rules/query?pxObjClass=Rule-HTML-Section&appliesTo=Rule-Async-QueueProcessor&pyRuleName=pzDisplayCollaboratorsList&RequestClass=Rule-HTML-Section&RequestAppliesTo=Rule-Async-QueueProcessor&RequestRuleName=pzDisplayCollaboratorsList Payload: "{\"RequestClass\":\"Rule-HTML-Section\",\"RequestAppliesTo\":\"Rule-Async-QueueProcessor\",\"RequestRuleName\":\"pzDisplayCollaboratorsList\"}" => HTTP 200 (105418 bytes)
[PegaHttpClient] 📡 POST https://zdk8budo.pegaacademy.net/prweb/api/CodeIntelligence/v1/rules/query?pxObjClass=Rule-HTML-Section&appliesTo=Rule-Async-QueueProcessor&pyRuleName=pyCollaborator&RequestClass=Rule-HTML-Section&RequestAppliesTo=Rule-Async-QueueProcessor&RequestRuleName=pyCollaborator Payload: "{\"RequestClass\":\"Rule-HTML-Section\",\"RequestAppliesTo\":\"Rule-Async-QueueProcessor\",\"RequestRuleName\":\"pyCollaborator\"}" => HTTP 404 (117 bytes)
[PegaHttpClient] 📡 POST https://zdk8budo.pegaacademy.net/prweb/PRRestService/CodeIntelligence/v1/rules/query?pxObjClass=Rule-HTML-Section&appliesTo=Rule-Async-QueueProcessor&pyRuleName=pyCollaborator&RequestClass=Rule-HTML-Section&RequestAppliesTo=Rule-Async-QueueProcessor&RequestRuleName=pyCollaborator Payload: "{\"RequestClass\":\"Rule-HTML-Section\",\"RequestAppliesTo\":\"Rule-Async-QueueProcessor\",\"RequestRuleName\":\"pyCollaborator\"}" => HTTP 404 (117 bytes)
[PegaHttpClient] 📡 POST https://zdk8budo.pegaacademy.net/prweb/api/HRAppsV2Service/V1/rules/query?pxObjClass=Rule-HTML-Section&appliesTo=Rule-Async-QueueProcessor&pyRuleName=pyCollaborator&RequestClass=Rule-HTML-Section&RequestAppliesTo=Rule-Async-QueueProcessor&RequestRuleName=pyCollaborator Payload: "{\"RequestClass\":\"Rule-HTML-Section\",\"RequestAppliesTo\":\"Rule-Async-QueueProcessor\",\"RequestRuleName\":\"pyCollaborator\"}" => HTTP 404 (18 bytes)
[PegaHttpClient] 📡 POST https://zdk8budo.pegaacademy.net/prweb/PRRestService/HRAppsV2Service/V1/rules/query?pxObjClass=Rule-HTML-Section&appliesTo=Rule-Async-QueueProcessor&pyRuleName=pyCollaborator&RequestClass=Rule-HTML-Section&RequestAppliesTo=Rule-Async-QueueProcessor&RequestRuleName=pyCollaborator Payload: "{\"RequestClass\":\"Rule-HTML-Section\",\"RequestAppliesTo\":\"Rule-Async-QueueProcessor\",\"RequestRuleName\":\"pyCollaborator\"}" => HTTP 404 (18 bytes)
[PegaHttpClient] 📡 POST https://zdk8budo.pegaacademy.net/prweb/api/HRAppsV2/V1/rules/query?pxObjClass=Rule-HTML-Section&appliesTo=Rule-Async-QueueProcessor&pyRuleName=pyCollaborator&RequestClass=Rule-HTML-Section&RequestAppliesTo=Rule-Async-QueueProcessor&RequestRuleName=pyCollaborator Payload: "{\"RequestClass\":\"Rule-HTML-Section\",\"RequestAppliesTo\":\"Rule-Async-QueueProcessor\",\"RequestRuleName\":\"pyCollaborator\"}" => HTTP 404 (18 bytes)
[PegaHttpClient] 📡 POST https://zdk8budo.pegaacademy.net/prweb/PRRestService/HRAppsV2/V1/rules/query?pxObjClass=Rule-HTML-Section&appliesTo=Rule-Async-QueueProcessor&pyRuleName=pyCollaborator&RequestClass=Rule-HTML-Section&RequestAppliesTo=Rule-Async-QueueProcessor&RequestRuleName=pyCollaborator Payload: "{\"RequestClass\":\"Rule-HTML-Section\",\"RequestAppliesTo\":\"Rule-Async-QueueProcessor\",\"RequestRuleName\":\"pyCollaborator\"}" => HTTP 404 (18 bytes)
[PegaHttpClient] 📡 POST https://zdk8budo.pegaacademy.net/prweb/api/v1/rules/query?pxObjClass=Rule-HTML-Section&appliesTo=Rule-Async-QueueProcessor&pyRuleName=pyCollaborator&RequestClass=Rule-HTML-Section&RequestAppliesTo=Rule-Async-QueueProcessor&RequestRuleName=pyCollaborator Payload: "{\"RequestClass\":\"Rule-HTML-Section\",\"RequestAppliesTo\":\"Rule-Async-QueueProcessor\",\"RequestRuleName\":\"pyCollaborator\"}" => HTTP 404 (18 bytes)
[PegaHttpClient] 📡 POST https://zdk8budo.pegaacademy.net/prweb/PRRestService/v1/rules/query?pxObjClass=Rule-HTML-Section&appliesTo=Rule-Async-QueueProcessor&pyRuleName=pyCollaborator&RequestClass=Rule-HTML-Section&RequestAppliesTo=Rule-Async-QueueProcessor&RequestRuleName=pyCollaborator Payload: "{\"RequestClass\":\"Rule-HTML-Section\",\"RequestAppliesTo\":\"Rule-Async-QueueProcessor\",\"RequestRuleName\":\"pyCollaborator\"}" => HTTP 404 (18 bytes)
[PegaHttpClient] 📡 POST https://zdk8budo.pegaacademy.net/prweb/api/CodeIntelligence/v1/rules/query?pxObjClass=Rule-HTML-Section&appliesTo=Rule-Async-QueueProcessor&pyRuleName=pzDisplayPartialCount&RequestClass=Rule-HTML-Section&RequestAppliesTo=Rule-Async-QueueProcessor&RequestRuleName=pzDisplayPartialCount Payload: "{\"RequestClass\":\"Rule-HTML-Section\",\"RequestAppliesTo\":\"Rule-Async-QueueProcessor\",\"RequestRuleName\":\"pzDisplayPartialCount\"}" => HTTP 404 (124 bytes)
[PegaHttpClient] 📡 POST https://zdk8budo.pegaacademy.net/prweb/PRRestService/CodeIntelligence/v1/rules/query?pxObjClass=Rule-HTML-Section&appliesTo=Rule-Async-QueueProcessor&pyRuleName=pzDisplayPartialCount&RequestClass=Rule-HTML-Section&RequestAppliesTo=Rule-Async-QueueProcessor&RequestRuleName=pzDisplayPartialCount Payload: "{\"RequestClass\":\"Rule-HTML-Section\",\"RequestAppliesTo\":\"Rule-Async-QueueProcessor\",\"RequestRuleName\":\"pzDisplayPartialCount\"}" => HTTP 404 (124 bytes)
[PegaHttpClient] 📡 POST https://zdk8budo.pegaacademy.net/prweb/api/HRAppsV2Service/V1/rules/query?pxObjClass=Rule-HTML-Section&appliesTo=Rule-Async-QueueProcessor&pyRuleName=pzDisplayPartialCount&RequestClass=Rule-HTML-Section&RequestAppliesTo=Rule-Async-QueueProcessor&RequestRuleName=pzDisplayPartialCount Payload: "{\"RequestClass\":\"Rule-HTML-Section\",\"RequestAppliesTo\":\"Rule-Async-QueueProcessor\",\"RequestRuleName\":\"pzDisplayPartialCount\"}" => HTTP 404 (18 bytes)
[PegaHttpClient] 📡 POST https://zdk8budo.pegaacademy.net/prweb/PRRestService/HRAppsV2Service/V1/rules/query?pxObjClass=Rule-HTML-Section&appliesTo=Rule-Async-QueueProcessor&pyRuleName=pzDisplayPartialCount&RequestClass=Rule-HTML-Section&RequestAppliesTo=Rule-Async-QueueProcessor&RequestRuleName=pzDisplayPartialCount Payload: "{\"RequestClass\":\"Rule-HTML-Section\",\"RequestAppliesTo\":\"Rule-Async-QueueProcessor\",\"RequestRuleName\":\"pzDisplayPartialCount\"}" => HTTP 404 (18 bytes)
[PegaHttpClient] 📡 POST https://zdk8budo.pegaacademy.net/prweb/api/HRAppsV2/V1/rules/query?pxObjClass=Rule-HTML-Section&appliesTo=Rule-Async-QueueProcessor&pyRuleName=pzDisplayPartialCount&RequestClass=Rule-HTML-Section&RequestAppliesTo=Rule-Async-QueueProcessor&RequestRuleName=pzDisplayPartialCount Payload: "{\"RequestClass\":\"Rule-HTML-Section\",\"RequestAppliesTo\":\"Rule-Async-QueueProcessor\",\"RequestRuleName\":\"pzDisplayPartialCount\"}" => HTTP 404 (18 bytes)
[PegaHttpClient] 📡 POST https://zdk8budo.pegaacademy.net/prweb/PRRestService/HRAppsV2/V1/rules/query?pxObjClass=Rule-HTML-Section&appliesTo=Rule-Async-QueueProcessor&pyRuleName=pzDisplayPartialCount&RequestClass=Rule-HTML-Section&RequestAppliesTo=Rule-Async-QueueProcessor&RequestRuleName=pzDisplayPartialCount Payload: "{\"RequestClass\":\"Rule-HTML-Section\",\"RequestAppliesTo\":\"Rule-Async-QueueProcessor\",\"RequestRuleName\":\"pzDisplayPartialCount\"}" => HTTP 404 (18 bytes)
[PegaHttpClient] 📡 POST https://zdk8budo.pegaacademy.net/prweb/api/v1/rules/query?pxObjClass=Rule-HTML-Section&appliesTo=Rule-Async-QueueProcessor&pyRuleName=pzDisplayPartialCount&RequestClass=Rule-HTML-Section&RequestAppliesTo=Rule-Async-QueueProcessor&RequestRuleName=pzDisplayPartialCount Payload: "{\"RequestClass\":\"Rule-HTML-Section\",\"RequestAppliesTo\":\"Rule-Async-QueueProcessor\",\"RequestRuleName\":\"pzDisplayPartialCount\"}" => HTTP 404 (18 bytes)
[PegaHttpClient] 📡 POST https://zdk8budo.pegaacademy.net/prweb/PRRestService/v1/rules/query?pxObjClass=Rule-HTML-Section&appliesTo=Rule-Async-QueueProcessor&pyRuleName=pzDisplayPartialCount&RequestClass=Rule-HTML-Section&RequestAppliesTo=Rule-Async-QueueProcessor&RequestRuleName=pzDisplayPartialCount Payload: "{\"RequestClass\":\"Rule-HTML-Section\",\"RequestAppliesTo\":\"Rule-Async-QueueProcessor\",\"RequestRuleName\":\"pzDisplayPartialCount\"}" => HTTP 404 (18 bytes)
[SchemaGen] ✅ Schema written for Rule-Async-QueueProcessor
[PegaHttpClient] 📡 GET https://zdk8budo.pegaacademy.net/prweb/api/CodeIntelligence/v1/rules/RULE-HTML-HARNESS%20RULE-API%20RULEFORM%20%2320180713T135118.983%20GMT => HTTP 200 (20920 bytes)
[PegaHttpClient] 📡 POST https://zdk8budo.pegaacademy.net/prweb/api/CodeIntelligence/v1/rules/query?pxObjClass=Rule-HTML-Section&appliesTo=Rule-API&pyRuleName=RuleFormMain&RequestClass=Rule-HTML-Section&RequestAppliesTo=Rule-API&RequestRuleName=RuleFormMain Payload: "{\"RequestClass\":\"Rule-HTML-Section\",\"RequestAppliesTo\":\"Rule-API\",\"RequestRuleName\":\"RuleFormMain\"}" => HTTP 200 (156234 bytes)
[PegaHttpClient] 📡 POST https://zdk8budo.pegaacademy.net/prweb/api/CodeIntelligence/v1/rules/query?pxObjClass=Rule-HTML-Section&appliesTo=Rule-API&pyRuleName=pxAlternateRuleForm&RequestClass=Rule-HTML-Section&RequestAppliesTo=Rule-API&RequestRuleName=pxAlternateRuleForm Payload: "{\"RequestClass\":\"Rule-HTML-Section\",\"RequestAppliesTo\":\"Rule-API\",\"RequestRuleName\":\"pxAlternateRuleForm\"}" => HTTP 200 (66153 bytes)
[PegaHttpClient] 📡 POST https://zdk8budo.pegaacademy.net/prweb/api/CodeIntelligence/v1/rules/query?pxObjClass=Rule-HTML-Section&appliesTo=Rule-API&pyRuleName=pzRuleFormScripts&RequestClass=Rule-HTML-Section&RequestAppliesTo=Rule-API&RequestRuleName=pzRuleFormScripts Payload: "{\"RequestClass\":\"Rule-HTML-Section\",\"RequestAppliesTo\":\"Rule-API\",\"RequestRuleName\":\"pzRuleFormScripts\"}" => HTTP 200 (40822 bytes)
[PegaHttpClient] 📡 POST https://zdk8budo.pegaacademy.net/prweb/api/CodeIntelligence/v1/rules/query?pxObjClass=Rule-HTML-Section&appliesTo=Rule-API&pyRuleName=pzRuleFormLayoutDelegated&RequestClass=Rule-HTML-Section&RequestAppliesTo=Rule-API&RequestRuleName=pzRuleFormLayoutDelegated Payload: "{\"RequestClass\":\"Rule-HTML-Section\",\"RequestAppliesTo\":\"Rule-API\",\"RequestRuleName\":\"pzRuleFormLayoutDelegated\"}" => HTTP 200 (70998 bytes)
[PegaHttpClient] 📡 POST https://zdk8budo.pegaacademy.net/prweb/api/CodeIntelligence/v1/rules/query?pxObjClass=Rule-HTML-Section&appliesTo=Rule-API&pyRuleName=RuleFormLayout&RequestClass=Rule-HTML-Section&RequestAppliesTo=Rule-API&RequestRuleName=RuleFormLayout Payload: "{\"RequestClass\":\"Rule-HTML-Section\",\"RequestAppliesTo\":\"Rule-API\",\"RequestRuleName\":\"RuleFormLayout\"}" => HTTP 200 (158450 bytes)
[PegaHttpClient] 📡 POST https://zdk8budo.pegaacademy.net/prweb/api/CodeIntelligence/v1/rules/query?pxObjClass=Rule-HTML-Section&appliesTo=Rule-API&pyRuleName=RuleFormSettings&RequestClass=Rule-HTML-Section&RequestAppliesTo=Rule-API&RequestRuleName=RuleFormSettings Payload: "{\"RequestClass\":\"Rule-HTML-Section\",\"RequestAppliesTo\":\"Rule-API\",\"RequestRuleName\":\"RuleFormSettings\"}" => HTTP 200 (20540 bytes)
[PegaHttpClient] 📡 POST https://zdk8budo.pegaacademy.net/prweb/api/CodeIntelligence/v1/rules/query?pxObjClass=Rule-HTML-Section&appliesTo=Rule-API&pyRuleName=OpenAuthoring&RequestClass=Rule-HTML-Section&RequestAppliesTo=Rule-API&RequestRuleName=OpenAuthoring Payload: "{\"RequestClass\":\"Rule-HTML-Section\",\"RequestAppliesTo\":\"Rule-API\",\"RequestRuleName\":\"OpenAuthoring\"}" => HTTP 200 (23695 bytes)
[PegaHttpClient] 📡 POST https://zdk8budo.pegaacademy.net/prweb/api/CodeIntelligence/v1/rules/query?pxObjClass=Rule-HTML-Section&appliesTo=Rule-API&pyRuleName=pyCustomHelp&RequestClass=Rule-HTML-Section&RequestAppliesTo=Rule-API&RequestRuleName=pyCustomHelp Payload: "{\"RequestClass\":\"Rule-HTML-Section\",\"RequestAppliesTo\":\"Rule-API\",\"RequestRuleName\":\"pyCustomHelp\"}" => HTTP 200 (17256 bytes)
[PegaHttpClient] 📡 POST https://zdk8budo.pegaacademy.net/prweb/api/CodeIntelligence/v1/rules/query?pxObjClass=Rule-HTML-Section&appliesTo=Rule-API&pyRuleName=pzRuleformMainInclude&RequestClass=Rule-HTML-Section&RequestAppliesTo=Rule-API&RequestRuleName=pzRuleformMainInclude Payload: "{\"RequestClass\":\"Rule-HTML-Section\",\"RequestAppliesTo\":\"Rule-API\",\"RequestRuleName\":\"pzRuleformMainInclude\"}" => HTTP 200 (22375 bytes)
[PegaHttpClient] 📡 POST https://zdk8budo.pegaacademy.net/prweb/api/CodeIntelligence/v1/rules/query?pxObjClass=Rule-HTML-Section&appliesTo=Rule-API&pyRuleName=pyAlternativeRuleFormStrategicAppExtension&RequestClass=Rule-HTML-Section&RequestAppliesTo=Rule-API&RequestRuleName=pyAlternativeRuleFormStrategicAppExtension Payload: "{\"RequestClass\":\"Rule-HTML-Section\",\"RequestAppliesTo\":\"Rule-API\",\"RequestRuleName\":\"pyAlternativeRuleFormStrategicAppExtension\"}" => HTTP 200 (25042 bytes)
[PegaHttpClient] 📡 POST https://zdk8budo.pegaacademy.net/prweb/api/CodeIntelligence/v1/rules/query?pxObjClass=Rule-HTML-Section&appliesTo=Rule-API&pyRuleName=pyAlternativeRuleFormExtension&RequestClass=Rule-HTML-Section&RequestAppliesTo=Rule-API&RequestRuleName=pyAlternativeRuleFormExtension Payload: "{\"RequestClass\":\"Rule-HTML-Section\",\"RequestAppliesTo\":\"Rule-API\",\"RequestRuleName\":\"pyAlternativeRuleFormExtension\"}" => HTTP 200 (24863 bytes)
[PegaHttpClient] 📡 POST https://zdk8budo.pegaacademy.net/prweb/api/CodeIntelligence/v1/rules/query?pxObjClass=Rule-HTML-Section&appliesTo=Rule-API&pyRuleName=RuleFormHeader&RequestClass=Rule-HTML-Section&RequestAppliesTo=Rule-API&RequestRuleName=RuleFormHeader Payload: "{\"RequestClass\":\"Rule-HTML-Section\",\"RequestAppliesTo\":\"Rule-API\",\"RequestRuleName\":\"RuleFormHeader\"}" => HTTP 200 (183800 bytes)
[PegaHttpClient] 📡 POST https://zdk8budo.pegaacademy.net/prweb/api/CodeIntelligence/v1/rules/query?pxObjClass=Rule-HTML-Section&appliesTo=Rule-API&pyRuleName=pzDelegationExperience&RequestClass=Rule-HTML-Section&RequestAppliesTo=Rule-API&RequestRuleName=pzDelegationExperience Payload: "{\"RequestClass\":\"Rule-HTML-Section\",\"RequestAppliesTo\":\"Rule-API\",\"RequestRuleName\":\"pzDelegationExperience\"}" => HTTP 404 (108 bytes)
[PegaHttpClient] 📡 POST https://zdk8budo.pegaacademy.net/prweb/PRRestService/CodeIntelligence/v1/rules/query?pxObjClass=Rule-HTML-Section&appliesTo=Rule-API&pyRuleName=pzDelegationExperience&RequestClass=Rule-HTML-Section&RequestAppliesTo=Rule-API&RequestRuleName=pzDelegationExperience Payload: "{\"RequestClass\":\"Rule-HTML-Section\",\"RequestAppliesTo\":\"Rule-API\",\"RequestRuleName\":\"pzDelegationExperience\"}" => HTTP 404 (108 bytes)
[PegaHttpClient] 📡 POST https://zdk8budo.pegaacademy.net/prweb/api/HRAppsV2Service/V1/rules/query?pxObjClass=Rule-HTML-Section&appliesTo=Rule-API&pyRuleName=pzDelegationExperience&RequestClass=Rule-HTML-Section&RequestAppliesTo=Rule-API&RequestRuleName=pzDelegationExperience Payload: "{\"RequestClass\":\"Rule-HTML-Section\",\"RequestAppliesTo\":\"Rule-API\",\"RequestRuleName\":\"pzDelegationExperience\"}" => HTTP 404 (18 bytes)
[PegaHttpClient] 📡 POST https://zdk8budo.pegaacademy.net/prweb/PRRestService/HRAppsV2Service/V1/rules/query?pxObjClass=Rule-HTML-Section&appliesTo=Rule-API&pyRuleName=pzDelegationExperience&RequestClass=Rule-HTML-Section&RequestAppliesTo=Rule-API&RequestRuleName=pzDelegationExperience Payload: "{\"RequestClass\":\"Rule-HTML-Section\",\"RequestAppliesTo\":\"Rule-API\",\"RequestRuleName\":\"pzDelegationExperience\"}" => HTTP 404 (18 bytes)
[PegaHttpClient] 📡 POST https://zdk8budo.pegaacademy.net/prweb/api/HRAppsV2/V1/rules/query?pxObjClass=Rule-HTML-Section&appliesTo=Rule-API&pyRuleName=pzDelegationExperience&RequestClass=Rule-HTML-Section&RequestAppliesTo=Rule-API&RequestRuleName=pzDelegationExperience Payload: "{\"RequestClass\":\"Rule-HTML-Section\",\"RequestAppliesTo\":\"Rule-API\",\"RequestRuleName\":\"pzDelegationExperience\"}" => HTTP 404 (18 bytes)
[PegaHttpClient] 📡 POST https://zdk8budo.pegaacademy.net/prweb/PRRestService/HRAppsV2/V1/rules/query?pxObjClass=Rule-HTML-Section&appliesTo=Rule-API&pyRuleName=pzDelegationExperience&RequestClass=Rule-HTML-Section&RequestAppliesTo=Rule-API&RequestRuleName=pzDelegationExperience Payload: "{\"RequestClass\":\"Rule-HTML-Section\",\"RequestAppliesTo\":\"Rule-API\",\"RequestRuleName\":\"pzDelegationExperience\"}" => HTTP 404 (18 bytes)
[PegaHttpClient] 📡 POST https://zdk8budo.pegaacademy.net/prweb/api/v1/rules/query?pxObjClass=Rule-HTML-Section&appliesTo=Rule-API&pyRuleName=pzDelegationExperience&RequestClass=Rule-HTML-Section&RequestAppliesTo=Rule-API&RequestRuleName=pzDelegationExperience Payload: "{\"RequestClass\":\"Rule-HTML-Section\",\"RequestAppliesTo\":\"Rule-API\",\"RequestRuleName\":\"pzDelegationExperience\"}" => HTTP 404 (18 bytes)
[PegaHttpClient] 📡 POST https://zdk8budo.pegaacademy.net/prweb/PRRestService/v1/rules/query?pxObjClass=Rule-HTML-Section&appliesTo=Rule-API&pyRuleName=pzDelegationExperience&RequestClass=Rule-HTML-Section&RequestAppliesTo=Rule-API&RequestRuleName=pzDelegationExperience Payload: "{\"RequestClass\":\"Rule-HTML-Section\",\"RequestAppliesTo\":\"Rule-API\",\"RequestRuleName\":\"pzDelegationExperience\"}" => HTTP 404 (18 bytes)
[PegaHttpClient] 📡 POST https://zdk8budo.pegaacademy.net/prweb/api/CodeIntelligence/v1/rules/query?pxObjClass=Rule-HTML-Section&appliesTo=Rule-API&pyRuleName=pzDefinition&RequestClass=Rule-HTML-Section&RequestAppliesTo=Rule-API&RequestRuleName=pzDefinition Payload: "{\"RequestClass\":\"Rule-HTML-Section\",\"RequestAppliesTo\":\"Rule-API\",\"RequestRuleName\":\"pzDefinition\"}" => HTTP 200 (59848 bytes)
[PegaHttpClient] 📡 POST https://zdk8budo.pegaacademy.net/prweb/api/CodeIntelligence/v1/rules/query?pxObjClass=Rule-HTML-Section&appliesTo=Rule-API&pyRuleName=pzParameters&RequestClass=Rule-HTML-Section&RequestAppliesTo=Rule-API&RequestRuleName=pzParameters Payload: "{\"RequestClass\":\"Rule-HTML-Section\",\"RequestAppliesTo\":\"Rule-API\",\"RequestRuleName\":\"pzParameters\"}" => HTTP 200 (53558 bytes)
[PegaHttpClient] 📡 POST https://zdk8budo.pegaacademy.net/prweb/api/CodeIntelligence/v1/rules/query?pxObjClass=Rule-HTML-Section&appliesTo=Rule-API&pyRuleName=pzOutput&RequestClass=Rule-HTML-Section&RequestAppliesTo=Rule-API&RequestRuleName=pzOutput Payload: "{\"RequestClass\":\"Rule-HTML-Section\",\"RequestAppliesTo\":\"Rule-API\",\"RequestRuleName\":\"pzOutput\"}" => HTTP 200 (48803 bytes)
[PegaHttpClient] 📡 POST https://zdk8budo.pegaacademy.net/prweb/api/CodeIntelligence/v1/rules/query?pxObjClass=Rule-HTML-Section&appliesTo=Rule-API&pyRuleName=pzImplementation&RequestClass=Rule-HTML-Section&RequestAppliesTo=Rule-API&RequestRuleName=pzImplementation Payload: "{\"RequestClass\":\"Rule-HTML-Section\",\"RequestAppliesTo\":\"Rule-API\",\"RequestRuleName\":\"pzImplementation\"}" => HTTP 200 (16830 bytes)
[PegaHttpClient] 📡 POST https://zdk8budo.pegaacademy.net/prweb/api/CodeIntelligence/v1/rules/query?pxObjClass=Rule-HTML-Section&appliesTo=Rule-API&pyRuleName=RuleFormHistory&RequestClass=Rule-HTML-Section&RequestAppliesTo=Rule-API&RequestRuleName=RuleFormHistory Payload: "{\"RequestClass\":\"Rule-HTML-Section\",\"RequestAppliesTo\":\"Rule-API\",\"RequestRuleName\":\"RuleFormHistory\"}" => HTTP 200 (76091 bytes)
[PegaHttpClient] 📡 POST https://zdk8budo.pegaacademy.net/prweb/api/CodeIntelligence/v1/rules/query?pxObjClass=Rule-HTML-Section&appliesTo=Rule-API&pyRuleName=pzCustomHelp&RequestClass=Rule-HTML-Section&RequestAppliesTo=Rule-API&RequestRuleName=pzCustomHelp Payload: "{\"RequestClass\":\"Rule-HTML-Section\",\"RequestAppliesTo\":\"Rule-API\",\"RequestRuleName\":\"pzCustomHelp\"}" => HTTP 200 (31573 bytes)
[PegaHttpClient] 📡 POST https://zdk8budo.pegaacademy.net/prweb/api/CodeIntelligence/v1/rules/query?pxObjClass=Rule-HTML-Section&appliesTo=Rule-API&pyRuleName=pzRuleFormKeysAndDescription&RequestClass=Rule-HTML-Section&RequestAppliesTo=Rule-API&RequestRuleName=pzRuleFormKeysAndDescription Payload: "{\"RequestClass\":\"Rule-HTML-Section\",\"RequestAppliesTo\":\"Rule-API\",\"RequestRuleName\":\"pzRuleFormKeysAndDescription\"}" => HTTP 200 (218057 bytes)
[PegaHttpClient] 📡 POST https://zdk8budo.pegaacademy.net/prweb/api/CodeIntelligence/v1/rules/query?pxObjClass=Rule-HTML-Section&appliesTo=Rule-API&pyRuleName=pzRuleFormRuleset&RequestClass=Rule-HTML-Section&RequestAppliesTo=Rule-API&RequestRuleName=pzRuleFormRuleset Payload: "{\"RequestClass\":\"Rule-HTML-Section\",\"RequestAppliesTo\":\"Rule-API\",\"RequestRuleName\":\"pzRuleFormRuleset\"}" => HTTP 200 (33985 bytes)
[PegaHttpClient] 📡 POST https://zdk8budo.pegaacademy.net/prweb/api/CodeIntelligence/v1/rules/query?pxObjClass=Rule-HTML-Section&appliesTo=Rule-API&pyRuleName=undefined&RequestClass=Rule-HTML-Section&RequestAppliesTo=Rule-API&RequestRuleName=undefined Payload: "{\"RequestClass\":\"Rule-HTML-Section\",\"RequestAppliesTo\":\"Rule-API\",\"RequestRuleName\":\"undefined\"}" => HTTP 404 (95 bytes)
[PegaHttpClient] 📡 POST https://zdk8budo.pegaacademy.net/prweb/PRRestService/CodeIntelligence/v1/rules/query?pxObjClass=Rule-HTML-Section&appliesTo=Rule-API&pyRuleName=undefined&RequestClass=Rule-HTML-Section&RequestAppliesTo=Rule-API&RequestRuleName=undefined Payload: "{\"RequestClass\":\"Rule-HTML-Section\",\"RequestAppliesTo\":\"Rule-API\",\"RequestRuleName\":\"undefined\"}" => HTTP 404 (95 bytes)
[PegaHttpClient] 📡 POST https://zdk8budo.pegaacademy.net/prweb/api/HRAppsV2Service/V1/rules/query?pxObjClass=Rule-HTML-Section&appliesTo=Rule-API&pyRuleName=undefined&RequestClass=Rule-HTML-Section&RequestAppliesTo=Rule-API&RequestRuleName=undefined Payload: "{\"RequestClass\":\"Rule-HTML-Section\",\"RequestAppliesTo\":\"Rule-API\",\"RequestRuleName\":\"undefined\"}" => HTTP 404 (18 bytes)
[PegaHttpClient] 📡 POST https://zdk8budo.pegaacademy.net/prweb/PRRestService/HRAppsV2Service/V1/rules/query?pxObjClass=Rule-HTML-Section&appliesTo=Rule-API&pyRuleName=undefined&RequestClass=Rule-HTML-Section&RequestAppliesTo=Rule-API&RequestRuleName=undefined Payload: "{\"RequestClass\":\"Rule-HTML-Section\",\"RequestAppliesTo\":\"Rule-API\",\"RequestRuleName\":\"undefined\"}" => HTTP 404 (18 bytes)
[PegaHttpClient] 📡 POST https://zdk8budo.pegaacademy.net/prweb/api/HRAppsV2/V1/rules/query?pxObjClass=Rule-HTML-Section&appliesTo=Rule-API&pyRuleName=undefined&RequestClass=Rule-HTML-Section&RequestAppliesTo=Rule-API&RequestRuleName=undefined Payload: "{\"RequestClass\":\"Rule-HTML-Section\",\"RequestAppliesTo\":\"Rule-API\",\"RequestRuleName\":\"undefined\"}" => HTTP 404 (18 bytes)
[PegaHttpClient] 📡 POST https://zdk8budo.pegaacademy.net/prweb/PRRestService/HRAppsV2/V1/rules/query?pxObjClass=Rule-HTML-Section&appliesTo=Rule-API&pyRuleName=undefined&RequestClass=Rule-HTML-Section&RequestAppliesTo=Rule-API&RequestRuleName=undefined Payload: "{\"RequestClass\":\"Rule-HTML-Section\",\"RequestAppliesTo\":\"Rule-API\",\"RequestRuleName\":\"undefined\"}" => HTTP 404 (18 bytes)
[PegaHttpClient] 📡 POST https://zdk8budo.pegaacademy.net/prweb/api/v1/rules/query?pxObjClass=Rule-HTML-Section&appliesTo=Rule-API&pyRuleName=undefined&RequestClass=Rule-HTML-Section&RequestAppliesTo=Rule-API&RequestRuleName=undefined Payload: "{\"RequestClass\":\"Rule-HTML-Section\",\"RequestAppliesTo\":\"Rule-API\",\"RequestRuleName\":\"undefined\"}" => HTTP 404 (18 bytes)
[PegaHttpClient] 📡 POST https://zdk8budo.pegaacademy.net/prweb/PRRestService/v1/rules/query?pxObjClass=Rule-HTML-Section&appliesTo=Rule-API&pyRuleName=undefined&RequestClass=Rule-HTML-Section&RequestAppliesTo=Rule-API&RequestRuleName=undefined Payload: "{\"RequestClass\":\"Rule-HTML-Section\",\"RequestAppliesTo\":\"Rule-API\",\"RequestRuleName\":\"undefined\"}" => HTTP 404 (18 bytes)
[PegaHttpClient] 📡 POST https://zdk8budo.pegaacademy.net/prweb/api/CodeIntelligence/v1/rules/query?pxObjClass=Rule-HTML-Section&appliesTo=Rule-API&pyRuleName=pzRuleFormToolbar&RequestClass=Rule-HTML-Section&RequestAppliesTo=Rule-API&RequestRuleName=pzRuleFormToolbar Payload: "{\"RequestClass\":\"Rule-HTML-Section\",\"RequestAppliesTo\":\"Rule-API\",\"RequestRuleName\":\"pzRuleFormToolbar\"}" => HTTP 200 (242691 bytes)
[PegaHttpClient] 📡 POST https://zdk8budo.pegaacademy.net/prweb/api/CodeIntelligence/v1/rules/query?pxObjClass=Rule-HTML-Section&appliesTo=Rule-API&pyRuleName=pzRuleFormToolbarCompare&RequestClass=Rule-HTML-Section&RequestAppliesTo=Rule-API&RequestRuleName=pzRuleFormToolbarCompare Payload: "{\"RequestClass\":\"Rule-HTML-Section\",\"RequestAppliesTo\":\"Rule-API\",\"RequestRuleName\":\"pzRuleFormToolbarCompare\"}" => HTTP 200 (61925 bytes)
[PegaHttpClient] 📡 POST https://zdk8budo.pegaacademy.net/prweb/api/CodeIntelligence/v1/rules/query?pxObjClass=Rule-HTML-Section&appliesTo=Rule-API&pyRuleName=RuleFormHeaderMessages&RequestClass=Rule-HTML-Section&RequestAppliesTo=Rule-API&RequestRuleName=RuleFormHeaderMessages Payload: "{\"RequestClass\":\"Rule-HTML-Section\",\"RequestAppliesTo\":\"Rule-API\",\"RequestRuleName\":\"RuleFormHeaderMessages\"}" => HTTP 200 (26518 bytes)
[PegaHttpClient] 📡 POST https://zdk8budo.pegaacademy.net/prweb/api/CodeIntelligence/v1/rules/query?pxObjClass=Rule-HTML-Section&appliesTo=Rule-API&pyRuleName=pzViewImplementationOptions&RequestClass=Rule-HTML-Section&RequestAppliesTo=Rule-API&RequestRuleName=pzViewImplementationOptions Payload: "{\"RequestClass\":\"Rule-HTML-Section\",\"RequestAppliesTo\":\"Rule-API\",\"RequestRuleName\":\"pzViewImplementationOptions\"}" => HTTP 404 (113 bytes)
[PegaHttpClient] 📡 POST https://zdk8budo.pegaacademy.net/prweb/PRRestService/CodeIntelligence/v1/rules/query?pxObjClass=Rule-HTML-Section&appliesTo=Rule-API&pyRuleName=pzViewImplementationOptions&RequestClass=Rule-HTML-Section&RequestAppliesTo=Rule-API&RequestRuleName=pzViewImplementationOptions Payload: "{\"RequestClass\":\"Rule-HTML-Section\",\"RequestAppliesTo\":\"Rule-API\",\"RequestRuleName\":\"pzViewImplementationOptions\"}" => HTTP 404 (113 bytes)
[PegaHttpClient] 📡 POST https://zdk8budo.pegaacademy.net/prweb/api/HRAppsV2Service/V1/rules/query?pxObjClass=Rule-HTML-Section&appliesTo=Rule-API&pyRuleName=pzViewImplementationOptions&RequestClass=Rule-HTML-Section&RequestAppliesTo=Rule-API&RequestRuleName=pzViewImplementationOptions Payload: "{\"RequestClass\":\"Rule-HTML-Section\",\"RequestAppliesTo\":\"Rule-API\",\"RequestRuleName\":\"pzViewImplementationOptions\"}" => HTTP 404 (18 bytes)
[PegaHttpClient] 📡 POST https://zdk8budo.pegaacademy.net/prweb/PRRestService/HRAppsV2Service/V1/rules/query?pxObjClass=Rule-HTML-Section&appliesTo=Rule-API&pyRuleName=pzViewImplementationOptions&RequestClass=Rule-HTML-Section&RequestAppliesTo=Rule-API&RequestRuleName=pzViewImplementationOptions Payload: "{\"RequestClass\":\"Rule-HTML-Section\",\"RequestAppliesTo\":\"Rule-API\",\"RequestRuleName\":\"pzViewImplementationOptions\"}" => HTTP 404 (18 bytes)
[PegaHttpClient] 📡 POST https://zdk8budo.pegaacademy.net/prweb/api/HRAppsV2/V1/rules/query?pxObjClass=Rule-HTML-Section&appliesTo=Rule-API&pyRuleName=pzViewImplementationOptions&RequestClass=Rule-HTML-Section&RequestAppliesTo=Rule-API&RequestRuleName=pzViewImplementationOptions Payload: "{\"RequestClass\":\"Rule-HTML-Section\",\"RequestAppliesTo\":\"Rule-API\",\"RequestRuleName\":\"pzViewImplementationOptions\"}" => HTTP 404 (18 bytes)
[PegaHttpClient] 📡 POST https://zdk8budo.pegaacademy.net/prweb/PRRestService/HRAppsV2/V1/rules/query?pxObjClass=Rule-HTML-Section&appliesTo=Rule-API&pyRuleName=pzViewImplementationOptions&RequestClass=Rule-HTML-Section&RequestAppliesTo=Rule-API&RequestRuleName=pzViewImplementationOptions Payload: "{\"RequestClass\":\"Rule-HTML-Section\",\"RequestAppliesTo\":\"Rule-API\",\"RequestRuleName\":\"pzViewImplementationOptions\"}" => HTTP 404 (18 bytes)
[PegaHttpClient] 📡 POST https://zdk8budo.pegaacademy.net/prweb/api/v1/rules/query?pxObjClass=Rule-HTML-Section&appliesTo=Rule-API&pyRuleName=pzViewImplementationOptions&RequestClass=Rule-HTML-Section&RequestAppliesTo=Rule-API&RequestRuleName=pzViewImplementationOptions Payload: "{\"RequestClass\":\"Rule-HTML-Section\",\"RequestAppliesTo\":\"Rule-API\",\"RequestRuleName\":\"pzViewImplementationOptions\"}" => HTTP 404 (18 bytes)
[PegaHttpClient] 📡 POST https://zdk8budo.pegaacademy.net/prweb/PRRestService/v1/rules/query?pxObjClass=Rule-HTML-Section&appliesTo=Rule-API&pyRuleName=pzViewImplementationOptions&RequestClass=Rule-HTML-Section&RequestAppliesTo=Rule-API&RequestRuleName=pzViewImplementationOptions Payload: "{\"RequestClass\":\"Rule-HTML-Section\",\"RequestAppliesTo\":\"Rule-API\",\"RequestRuleName\":\"pzViewImplementationOptions\"}" => HTTP 404 (18 bytes)
[PegaHttpClient] 📡 POST https://zdk8budo.pegaacademy.net/prweb/api/CodeIntelligence/v1/rules/query?pxObjClass=Rule-HTML-Section&appliesTo=Rule-API&pyRuleName=pzAlternateRuleInfo&RequestClass=Rule-HTML-Section&RequestAppliesTo=Rule-API&RequestRuleName=pzAlternateRuleInfo Payload: "{\"RequestClass\":\"Rule-HTML-Section\",\"RequestAppliesTo\":\"Rule-API\",\"RequestRuleName\":\"pzAlternateRuleInfo\"}" => HTTP 200 (140407 bytes)
[PegaHttpClient] 📡 POST https://zdk8budo.pegaacademy.net/prweb/api/CodeIntelligence/v1/rules/query?pxObjClass=Rule-HTML-Section&appliesTo=Rule-API&pyRuleName=RuleFormHistory_Description&RequestClass=Rule-HTML-Section&RequestAppliesTo=Rule-API&RequestRuleName=RuleFormHistory_Description Payload: "{\"RequestClass\":\"Rule-HTML-Section\",\"RequestAppliesTo\":\"Rule-API\",\"RequestRuleName\":\"RuleFormHistory_Description\"}" => HTTP 200 (46242 bytes)
[PegaHttpClient] 📡 POST https://zdk8budo.pegaacademy.net/prweb/api/CodeIntelligence/v1/rules/query?pxObjClass=Rule-HTML-Section&appliesTo=Rule-API&pyRuleName=RuleFormHistory_CustomFields&RequestClass=Rule-HTML-Section&RequestAppliesTo=Rule-API&RequestRuleName=RuleFormHistory_CustomFields Payload: "{\"RequestClass\":\"Rule-HTML-Section\",\"RequestAppliesTo\":\"Rule-API\",\"RequestRuleName\":\"RuleFormHistory_CustomFields\"}" => HTTP 200 (75856 bytes)
[PegaHttpClient] 📡 POST https://zdk8budo.pegaacademy.net/prweb/api/CodeIntelligence/v1/rules/query?pxObjClass=Rule-HTML-Section&appliesTo=Rule-API&pyRuleName=RuleFormHistory_HistoryDetails&RequestClass=Rule-HTML-Section&RequestAppliesTo=Rule-API&RequestRuleName=RuleFormHistory_HistoryDetails Payload: "{\"RequestClass\":\"Rule-HTML-Section\",\"RequestAppliesTo\":\"Rule-API\",\"RequestRuleName\":\"RuleFormHistory_HistoryDetails\"}" => HTTP 200 (179535 bytes)
[PegaHttpClient] 📡 POST https://zdk8budo.pegaacademy.net/prweb/api/CodeIntelligence/v1/rules/query?pxObjClass=Rule-HTML-Section&appliesTo=Rule-API&pyRuleName=pzRuleFormStatus&RequestClass=Rule-HTML-Section&RequestAppliesTo=Rule-API&RequestRuleName=pzRuleFormStatus Payload: "{\"RequestClass\":\"Rule-HTML-Section\",\"RequestAppliesTo\":\"Rule-API\",\"RequestRuleName\":\"pzRuleFormStatus\"}" => HTTP 200 (97627 bytes)
[PegaHttpClient] 📡 POST https://zdk8budo.pegaacademy.net/prweb/api/CodeIntelligence/v1/rules/query?pxObjClass=Rule-HTML-Section&appliesTo=Rule-API&pyRuleName=pzRuleFormHeaderCompareWithDropDown&RequestClass=Rule-HTML-Section&RequestAppliesTo=Rule-API&RequestRuleName=pzRuleFormHeaderCompareWithDropDown Payload: "{\"RequestClass\":\"Rule-HTML-Section\",\"RequestAppliesTo\":\"Rule-API\",\"RequestRuleName\":\"pzRuleFormHeaderCompareWithDropDown\"}" => HTTP 200 (25396 bytes)
[PegaHttpClient] 📡 POST https://zdk8budo.pegaacademy.net/prweb/api/CodeIntelligence/v1/rules/query?pxObjClass=Rule-HTML-Section&appliesTo=Rule-API&pyRuleName=undefined&RequestClass=Rule-HTML-Section&RequestAppliesTo=Rule-API&RequestRuleName=undefined Payload: "{\"RequestClass\":\"Rule-HTML-Section\",\"RequestAppliesTo\":\"Rule-API\",\"RequestRuleName\":\"undefined\"}" => HTTP 404 (95 bytes)
[PegaHttpClient] 📡 POST https://zdk8budo.pegaacademy.net/prweb/PRRestService/CodeIntelligence/v1/rules/query?pxObjClass=Rule-HTML-Section&appliesTo=Rule-API&pyRuleName=undefined&RequestClass=Rule-HTML-Section&RequestAppliesTo=Rule-API&RequestRuleName=undefined Payload: "{\"RequestClass\":\"Rule-HTML-Section\",\"RequestAppliesTo\":\"Rule-API\",\"RequestRuleName\":\"undefined\"}" => HTTP 404 (95 bytes)
[PegaHttpClient] 📡 POST https://zdk8budo.pegaacademy.net/prweb/api/HRAppsV2Service/V1/rules/query?pxObjClass=Rule-HTML-Section&appliesTo=Rule-API&pyRuleName=undefined&RequestClass=Rule-HTML-Section&RequestAppliesTo=Rule-API&RequestRuleName=undefined Payload: "{\"RequestClass\":\"Rule-HTML-Section\",\"RequestAppliesTo\":\"Rule-API\",\"RequestRuleName\":\"undefined\"}" => HTTP 404 (18 bytes)
[PegaHttpClient] 📡 POST https://zdk8budo.pegaacademy.net/prweb/PRRestService/HRAppsV2Service/V1/rules/query?pxObjClass=Rule-HTML-Section&appliesTo=Rule-API&pyRuleName=undefined&RequestClass=Rule-HTML-Section&RequestAppliesTo=Rule-API&RequestRuleName=undefined Payload: "{\"RequestClass\":\"Rule-HTML-Section\",\"RequestAppliesTo\":\"Rule-API\",\"RequestRuleName\":\"undefined\"}" => HTTP 404 (18 bytes)
[PegaHttpClient] 📡 POST https://zdk8budo.pegaacademy.net/prweb/api/HRAppsV2/V1/rules/query?pxObjClass=Rule-HTML-Section&appliesTo=Rule-API&pyRuleName=undefined&RequestClass=Rule-HTML-Section&RequestAppliesTo=Rule-API&RequestRuleName=undefined Payload: "{\"RequestClass\":\"Rule-HTML-Section\",\"RequestAppliesTo\":\"Rule-API\",\"RequestRuleName\":\"undefined\"}" => HTTP 404 (18 bytes)
[PegaHttpClient] 📡 POST https://zdk8budo.pegaacademy.net/prweb/PRRestService/HRAppsV2/V1/rules/query?pxObjClass=Rule-HTML-Section&appliesTo=Rule-API&pyRuleName=undefined&RequestClass=Rule-HTML-Section&RequestAppliesTo=Rule-API&RequestRuleName=undefined Payload: "{\"RequestClass\":\"Rule-HTML-Section\",\"RequestAppliesTo\":\"Rule-API\",\"RequestRuleName\":\"undefined\"}" => HTTP 404 (18 bytes)
[PegaHttpClient] 📡 POST https://zdk8budo.pegaacademy.net/prweb/api/v1/rules/query?pxObjClass=Rule-HTML-Section&appliesTo=Rule-API&pyRuleName=undefined&RequestClass=Rule-HTML-Section&RequestAppliesTo=Rule-API&RequestRuleName=undefined Payload: "{\"RequestClass\":\"Rule-HTML-Section\",\"RequestAppliesTo\":\"Rule-API\",\"RequestRuleName\":\"undefined\"}" => HTTP 404 (18 bytes)
[PegaHttpClient] 📡 POST https://zdk8budo.pegaacademy.net/prweb/PRRestService/v1/rules/query?pxObjClass=Rule-HTML-Section&appliesTo=Rule-API&pyRuleName=undefined&RequestClass=Rule-HTML-Section&RequestAppliesTo=Rule-API&RequestRuleName=undefined Payload: "{\"RequestClass\":\"Rule-HTML-Section\",\"RequestAppliesTo\":\"Rule-API\",\"RequestRuleName\":\"undefined\"}" => HTTP 404 (18 bytes)
[PegaHttpClient] 📡 POST https://zdk8budo.pegaacademy.net/prweb/api/CodeIntelligence/v1/rules/query?pxObjClass=Rule-HTML-Section&appliesTo=Rule-API&pyRuleName=pzRuleFormToolbarHotKeys&RequestClass=Rule-HTML-Section&RequestAppliesTo=Rule-API&RequestRuleName=pzRuleFormToolbarHotKeys Payload: "{\"RequestClass\":\"Rule-HTML-Section\",\"RequestAppliesTo\":\"Rule-API\",\"RequestRuleName\":\"pzRuleFormToolbarHotKeys\"}" => HTTP 200 (85058 bytes)
[PegaHttpClient] 📡 POST https://zdk8budo.pegaacademy.net/prweb/api/CodeIntelligence/v1/rules/query?pxObjClass=Rule-HTML-Section&appliesTo=Rule-API&pyRuleName=pzRuleFormToolbarLockedIcon&RequestClass=Rule-HTML-Section&RequestAppliesTo=Rule-API&RequestRuleName=pzRuleFormToolbarLockedIcon Payload: "{\"RequestClass\":\"Rule-HTML-Section\",\"RequestAppliesTo\":\"Rule-API\",\"RequestRuleName\":\"pzRuleFormToolbarLockedIcon\"}" => HTTP 200 (24898 bytes)
[PegaHttpClient] 📡 POST https://zdk8budo.pegaacademy.net/prweb/api/CodeIntelligence/v1/rules/query?pxObjClass=Rule-HTML-Section&appliesTo=Rule-API&pyRuleName=pzRuleFormToolbarCollaborators&RequestClass=Rule-HTML-Section&RequestAppliesTo=Rule-API&RequestRuleName=pzRuleFormToolbarCollaborators Payload: "{\"RequestClass\":\"Rule-HTML-Section\",\"RequestAppliesTo\":\"Rule-API\",\"RequestRuleName\":\"pzRuleFormToolbarCollaborators\"}" => HTTP 200 (15254 bytes)
[PegaHttpClient] 📡 POST https://zdk8budo.pegaacademy.net/prweb/api/CodeIntelligence/v1/rules/query?pxObjClass=Rule-HTML-Section&appliesTo=Rule-API&pyRuleName=pzRuleFormToolbarSaveAs&RequestClass=Rule-HTML-Section&RequestAppliesTo=Rule-API&RequestRuleName=pzRuleFormToolbarSaveAs Payload: "{\"RequestClass\":\"Rule-HTML-Section\",\"RequestAppliesTo\":\"Rule-API\",\"RequestRuleName\":\"pzRuleFormToolbarSaveAs\"}" => HTTP 200 (64084 bytes)
[PegaHttpClient] 📡 POST https://zdk8budo.pegaacademy.net/prweb/api/CodeIntelligence/v1/rules/query?pxObjClass=Rule-HTML-Section&appliesTo=Rule-API&pyRuleName=pzRuleFormToolbarCheckin&RequestClass=Rule-HTML-Section&RequestAppliesTo=Rule-API&RequestRuleName=pzRuleFormToolbarCheckin Payload: "{\"RequestClass\":\"Rule-HTML-Section\",\"RequestAppliesTo\":\"Rule-API\",\"RequestRuleName\":\"pzRuleFormToolbarCheckin\"}" => HTTP 200 (119096 bytes)
[PegaHttpClient] 📡 POST https://zdk8budo.pegaacademy.net/prweb/api/CodeIntelligence/v1/rules/query?pxObjClass=Rule-HTML-Section&appliesTo=Rule-API&pyRuleName=pzRuleFormToolbarDelete&RequestClass=Rule-HTML-Section&RequestAppliesTo=Rule-API&RequestRuleName=pzRuleFormToolbarDelete Payload: "{\"RequestClass\":\"Rule-HTML-Section\",\"RequestAppliesTo\":\"Rule-API\",\"RequestRuleName\":\"pzRuleFormToolbarDelete\"}" => HTTP 200 (30249 bytes)
[PegaHttpClient] 📡 POST https://zdk8budo.pegaacademy.net/prweb/api/CodeIntelligence/v1/rules/query?pxObjClass=Rule-HTML-Section&appliesTo=Rule-API&pyRuleName=pzRuleFormToolbarSave&RequestClass=Rule-HTML-Section&RequestAppliesTo=Rule-API&RequestRuleName=pzRuleFormToolbarSave Payload: "{\"RequestClass\":\"Rule-HTML-Section\",\"RequestAppliesTo\":\"Rule-API\",\"RequestRuleName\":\"pzRuleFormToolbarSave\"}" => HTTP 200 (293885 bytes)
[PegaHttpClient] 📡 POST https://zdk8budo.pegaacademy.net/prweb/api/CodeIntelligence/v1/rules/query?pxObjClass=Rule-HTML-Section&appliesTo=Rule-API&pyRuleName=pzRuleFormToolbarCheckout&RequestClass=Rule-HTML-Section&RequestAppliesTo=Rule-API&RequestRuleName=pzRuleFormToolbarCheckout Payload: "{\"RequestClass\":\"Rule-HTML-Section\",\"RequestAppliesTo\":\"Rule-API\",\"RequestRuleName\":\"pzRuleFormToolbarCheckout\"}" => HTTP 200 (238148 bytes)
[PegaHttpClient] 📡 POST https://zdk8budo.pegaacademy.net/prweb/api/CodeIntelligence/v1/rules/query?pxObjClass=Rule-HTML-Section&appliesTo=Rule-API&pyRuleName=pzRemoveErrorsDataPage&RequestClass=Rule-HTML-Section&RequestAppliesTo=Rule-API&RequestRuleName=pzRemoveErrorsDataPage Payload: "{\"RequestClass\":\"Rule-HTML-Section\",\"RequestAppliesTo\":\"Rule-API\",\"RequestRuleName\":\"pzRemoveErrorsDataPage\"}" => HTTP 200 (16733 bytes)
[PegaHttpClient] 📡 POST https://zdk8budo.pegaacademy.net/prweb/api/CodeIntelligence/v1/rules/query?pxObjClass=Rule-HTML-Section&appliesTo=Rule-API&pyRuleName=pzRuleFormHeaderMessagesWrapper&RequestClass=Rule-HTML-Section&RequestAppliesTo=Rule-API&RequestRuleName=pzRuleFormHeaderMessagesWrapper Payload: "{\"RequestClass\":\"Rule-HTML-Section\",\"RequestAppliesTo\":\"Rule-API\",\"RequestRuleName\":\"pzRuleFormHeaderMessagesWrapper\"}" => HTTP 200 (16981 bytes)
[PegaHttpClient] 📡 POST https://zdk8budo.pegaacademy.net/prweb/api/CodeIntelligence/v1/rules/query?pxObjClass=Rule-HTML-Section&appliesTo=Rule-API&pyRuleName=pzScm_RuleHistory&RequestClass=Rule-HTML-Section&RequestAppliesTo=Rule-API&RequestRuleName=pzScm_RuleHistory Payload: "{\"RequestClass\":\"Rule-HTML-Section\",\"RequestAppliesTo\":\"Rule-API\",\"RequestRuleName\":\"pzScm_RuleHistory\"}" => HTTP 200 (14682 bytes)
[PegaHttpClient] 📡 POST https://zdk8budo.pegaacademy.net/prweb/api/CodeIntelligence/v1/rules/query?pxObjClass=Rule-HTML-Section&appliesTo=Rule-API&pyRuleName=pxDisplayCollaborators&RequestClass=Rule-HTML-Section&RequestAppliesTo=Rule-API&RequestRuleName=pxDisplayCollaborators Payload: "{\"RequestClass\":\"Rule-HTML-Section\",\"RequestAppliesTo\":\"Rule-API\",\"RequestRuleName\":\"pxDisplayCollaborators\"}" => HTTP 200 (94171 bytes)
[PegaHttpClient] 📡 POST https://zdk8budo.pegaacademy.net/prweb/api/CodeIntelligence/v1/rules/query?pxObjClass=Rule-HTML-Section&appliesTo=Rule-API&pyRuleName=pzRuleFormToolbarDeleteCheckOut&RequestClass=Rule-HTML-Section&RequestAppliesTo=Rule-API&RequestRuleName=pzRuleFormToolbarDeleteCheckOut Payload: "{\"RequestClass\":\"Rule-HTML-Section\",\"RequestAppliesTo\":\"Rule-API\",\"RequestRuleName\":\"pzRuleFormToolbarDeleteCheckOut\"}" => HTTP 200 (29433 bytes)
[PegaHttpClient] 📡 POST https://zdk8budo.pegaacademy.net/prweb/api/CodeIntelligence/v1/rules/query?pxObjClass=Rule-HTML-Section&appliesTo=Rule-API&pyRuleName=pzRuleFormToolbarDeleteRule&RequestClass=Rule-HTML-Section&RequestAppliesTo=Rule-API&RequestRuleName=pzRuleFormToolbarDeleteRule Payload: "{\"RequestClass\":\"Rule-HTML-Section\",\"RequestAppliesTo\":\"Rule-API\",\"RequestRuleName\":\"pzRuleFormToolbarDeleteRule\"}" => HTTP 200 (32314 bytes)
[PegaHttpClient] 📡 POST https://zdk8budo.pegaacademy.net/prweb/api/CodeIntelligence/v1/rules/query?pxObjClass=Rule-HTML-Section&appliesTo=Rule-API&pyRuleName=pzLoadCollaborationScripts&RequestClass=Rule-HTML-Section&RequestAppliesTo=Rule-API&RequestRuleName=pzLoadCollaborationScripts Payload: "{\"RequestClass\":\"Rule-HTML-Section\",\"RequestAppliesTo\":\"Rule-API\",\"RequestRuleName\":\"pzLoadCollaborationScripts\"}" => HTTP 200 (23453 bytes)
[PegaHttpClient] 📡 POST https://zdk8budo.pegaacademy.net/prweb/api/CodeIntelligence/v1/rules/query?pxObjClass=Rule-HTML-Section&appliesTo=Rule-API&pyRuleName=pzDisplayCollaboratorsList&RequestClass=Rule-HTML-Section&RequestAppliesTo=Rule-API&RequestRuleName=pzDisplayCollaboratorsList Payload: "{\"RequestClass\":\"Rule-HTML-Section\",\"RequestAppliesTo\":\"Rule-API\",\"RequestRuleName\":\"pzDisplayCollaboratorsList\"}" => HTTP 200 (105418 bytes)
[PegaHttpClient] 📡 POST https://zdk8budo.pegaacademy.net/prweb/api/CodeIntelligence/v1/rules/query?pxObjClass=Rule-HTML-Section&appliesTo=Rule-API&pyRuleName=pyCollaborator&RequestClass=Rule-HTML-Section&RequestAppliesTo=Rule-API&RequestRuleName=pyCollaborator Payload: "{\"RequestClass\":\"Rule-HTML-Section\",\"RequestAppliesTo\":\"Rule-API\",\"RequestRuleName\":\"pyCollaborator\"}" => HTTP 404 (100 bytes)
[PegaHttpClient] 📡 POST https://zdk8budo.pegaacademy.net/prweb/PRRestService/CodeIntelligence/v1/rules/query?pxObjClass=Rule-HTML-Section&appliesTo=Rule-API&pyRuleName=pyCollaborator&RequestClass=Rule-HTML-Section&RequestAppliesTo=Rule-API&RequestRuleName=pyCollaborator Payload: "{\"RequestClass\":\"Rule-HTML-Section\",\"RequestAppliesTo\":\"Rule-API\",\"RequestRuleName\":\"pyCollaborator\"}" => HTTP 404 (100 bytes)
[PegaHttpClient] 📡 POST https://zdk8budo.pegaacademy.net/prweb/api/HRAppsV2Service/V1/rules/query?pxObjClass=Rule-HTML-Section&appliesTo=Rule-API&pyRuleName=pyCollaborator&RequestClass=Rule-HTML-Section&RequestAppliesTo=Rule-API&RequestRuleName=pyCollaborator Payload: "{\"RequestClass\":\"Rule-HTML-Section\",\"RequestAppliesTo\":\"Rule-API\",\"RequestRuleName\":\"pyCollaborator\"}" => HTTP 404 (18 bytes)
[PegaHttpClient] 📡 POST https://zdk8budo.pegaacademy.net/prweb/PRRestService/HRAppsV2Service/V1/rules/query?pxObjClass=Rule-HTML-Section&appliesTo=Rule-API&pyRuleName=pyCollaborator&RequestClass=Rule-HTML-Section&RequestAppliesTo=Rule-API&RequestRuleName=pyCollaborator Payload: "{\"RequestClass\":\"Rule-HTML-Section\",\"RequestAppliesTo\":\"Rule-API\",\"RequestRuleName\":\"pyCollaborator\"}" => HTTP 404 (18 bytes)
[PegaHttpClient] 📡 POST https://zdk8budo.pegaacademy.net/prweb/api/HRAppsV2/V1/rules/query?pxObjClass=Rule-HTML-Section&appliesTo=Rule-API&pyRuleName=pyCollaborator&RequestClass=Rule-HTML-Section&RequestAppliesTo=Rule-API&RequestRuleName=pyCollaborator Payload: "{\"RequestClass\":\"Rule-HTML-Section\",\"RequestAppliesTo\":\"Rule-API\",\"RequestRuleName\":\"pyCollaborator\"}" => HTTP 404 (18 bytes)
[PegaHttpClient] 📡 POST https://zdk8budo.pegaacademy.net/prweb/PRRestService/HRAppsV2/V1/rules/query?pxObjClass=Rule-HTML-Section&appliesTo=Rule-API&pyRuleName=pyCollaborator&RequestClass=Rule-HTML-Section&RequestAppliesTo=Rule-API&RequestRuleName=pyCollaborator Payload: "{\"RequestClass\":\"Rule-HTML-Section\",\"RequestAppliesTo\":\"Rule-API\",\"RequestRuleName\":\"pyCollaborator\"}" => HTTP 404 (18 bytes)
[PegaHttpClient] 📡 POST https://zdk8budo.pegaacademy.net/prweb/api/v1/rules/query?pxObjClass=Rule-HTML-Section&appliesTo=Rule-API&pyRuleName=pyCollaborator&RequestClass=Rule-HTML-Section&RequestAppliesTo=Rule-API&RequestRuleName=pyCollaborator Payload: "{\"RequestClass\":\"Rule-HTML-Section\",\"RequestAppliesTo\":\"Rule-API\",\"RequestRuleName\":\"pyCollaborator\"}" => HTTP 404 (18 bytes)
[PegaHttpClient] 📡 POST https://zdk8budo.pegaacademy.net/prweb/PRRestService/v1/rules/query?pxObjClass=Rule-HTML-Section&appliesTo=Rule-API&pyRuleName=pyCollaborator&RequestClass=Rule-HTML-Section&RequestAppliesTo=Rule-API&RequestRuleName=pyCollaborator Payload: "{\"RequestClass\":\"Rule-HTML-Section\",\"RequestAppliesTo\":\"Rule-API\",\"RequestRuleName\":\"pyCollaborator\"}" => HTTP 404 (18 bytes)
[PegaHttpClient] 📡 POST https://zdk8budo.pegaacademy.net/prweb/api/CodeIntelligence/v1/rules/query?pxObjClass=Rule-HTML-Section&appliesTo=Rule-API&pyRuleName=pzDisplayPartialCount&RequestClass=Rule-HTML-Section&RequestAppliesTo=Rule-API&RequestRuleName=pzDisplayPartialCount Payload: "{\"RequestClass\":\"Rule-HTML-Section\",\"RequestAppliesTo\":\"Rule-API\",\"RequestRuleName\":\"pzDisplayPartialCount\"}" => HTTP 404 (107 bytes)
[PegaHttpClient] 📡 POST https://zdk8budo.pegaacademy.net/prweb/PRRestService/CodeIntelligence/v1/rules/query?pxObjClass=Rule-HTML-Section&appliesTo=Rule-API&pyRuleName=pzDisplayPartialCount&RequestClass=Rule-HTML-Section&RequestAppliesTo=Rule-API&RequestRuleName=pzDisplayPartialCount Payload: "{\"RequestClass\":\"Rule-HTML-Section\",\"RequestAppliesTo\":\"Rule-API\",\"RequestRuleName\":\"pzDisplayPartialCount\"}" => HTTP 404 (107 bytes)
[PegaHttpClient] 📡 POST https://zdk8budo.pegaacademy.net/prweb/api/HRAppsV2Service/V1/rules/query?pxObjClass=Rule-HTML-Section&appliesTo=Rule-API&pyRuleName=pzDisplayPartialCount&RequestClass=Rule-HTML-Section&RequestAppliesTo=Rule-API&RequestRuleName=pzDisplayPartialCount Payload: "{\"RequestClass\":\"Rule-HTML-Section\",\"RequestAppliesTo\":\"Rule-API\",\"RequestRuleName\":\"pzDisplayPartialCount\"}" => HTTP 404 (18 bytes)
[PegaHttpClient] 📡 POST https://zdk8budo.pegaacademy.net/prweb/PRRestService/HRAppsV2Service/V1/rules/query?pxObjClass=Rule-HTML-Section&appliesTo=Rule-API&pyRuleName=pzDisplayPartialCount&RequestClass=Rule-HTML-Section&RequestAppliesTo=Rule-API&RequestRuleName=pzDisplayPartialCount Payload: "{\"RequestClass\":\"Rule-HTML-Section\",\"RequestAppliesTo\":\"Rule-API\",\"RequestRuleName\":\"pzDisplayPartialCount\"}" => HTTP 404 (18 bytes)
[PegaHttpClient] 📡 POST https://zdk8budo.pegaacademy.net/prweb/api/HRAppsV2/V1/rules/query?pxObjClass=Rule-HTML-Section&appliesTo=Rule-API&pyRuleName=pzDisplayPartialCount&RequestClass=Rule-HTML-Section&RequestAppliesTo=Rule-API&RequestRuleName=pzDisplayPartialCount Payload: "{\"RequestClass\":\"Rule-HTML-Section\",\"RequestAppliesTo\":\"Rule-API\",\"RequestRuleName\":\"pzDisplayPartialCount\"}" => HTTP 404 (18 bytes)
[PegaHttpClient] 📡 POST https://zdk8budo.pegaacademy.net/prweb/PRRestService/HRAppsV2/V1/rules/query?pxObjClass=Rule-HTML-Section&appliesTo=Rule-API&pyRuleName=pzDisplayPartialCount&RequestClass=Rule-HTML-Section&RequestAppliesTo=Rule-API&RequestRuleName=pzDisplayPartialCount Payload: "{\"RequestClass\":\"Rule-HTML-Section\",\"RequestAppliesTo\":\"Rule-API\",\"RequestRuleName\":\"pzDisplayPartialCount\"}" => HTTP 404 (18 bytes)
[PegaHttpClient] 📡 POST https://zdk8budo.pegaacademy.net/prweb/api/v1/rules/query?pxObjClass=Rule-HTML-Section&appliesTo=Rule-API&pyRuleName=pzDisplayPartialCount&RequestClass=Rule-HTML-Section&RequestAppliesTo=Rule-API&RequestRuleName=pzDisplayPartialCount Payload: "{\"RequestClass\":\"Rule-HTML-Section\",\"RequestAppliesTo\":\"Rule-API\",\"RequestRuleName\":\"pzDisplayPartialCount\"}" => HTTP 404 (18 bytes)
[PegaHttpClient] 📡 POST https://zdk8budo.pegaacademy.net/prweb/PRRestService/v1/rules/query?pxObjClass=Rule-HTML-Section&appliesTo=Rule-API&pyRuleName=pzDisplayPartialCount&RequestClass=Rule-HTML-Section&RequestAppliesTo=Rule-API&RequestRuleName=pzDisplayPartialCount Payload: "{\"RequestClass\":\"Rule-HTML-Section\",\"RequestAppliesTo\":\"Rule-API\",\"RequestRuleName\":\"pzDisplayPartialCount\"}" => HTTP 404 (18 bytes)
[SchemaGen] ✅ Schema written for Rule-API
[PegaHttpClient] 📡 GET https://zdk8budo.pegaacademy.net/prweb/api/CodeIntelligence/v1/rules/RULE-HTML-HARNESS%20RULE-ACCESS-WHEN%20RULEFORM%20%2320180713T135118.956%20GMT => HTTP 200 (30475 bytes)
[PegaHttpClient] 📡 POST https://zdk8budo.pegaacademy.net/prweb/api/CodeIntelligence/v1/rules/query?pxObjClass=Rule-HTML-Section&appliesTo=Rule-Access-When&pyRuleName=RuleFormMain&RequestClass=Rule-HTML-Section&RequestAppliesTo=Rule-Access-When&RequestRuleName=RuleFormMain Payload: "{\"RequestClass\":\"Rule-HTML-Section\",\"RequestAppliesTo\":\"Rule-Access-When\",\"RequestRuleName\":\"RuleFormMain\"}" => HTTP 200 (156234 bytes)
[PegaHttpClient] 📡 POST https://zdk8budo.pegaacademy.net/prweb/api/CodeIntelligence/v1/rules/query?pxObjClass=Rule-HTML-Section&appliesTo=Rule-Access-When&pyRuleName=pxAlternateRuleForm&RequestClass=Rule-HTML-Section&RequestAppliesTo=Rule-Access-When&RequestRuleName=pxAlternateRuleForm Payload: "{\"RequestClass\":\"Rule-HTML-Section\",\"RequestAppliesTo\":\"Rule-Access-When\",\"RequestRuleName\":\"pxAlternateRuleForm\"}" => HTTP 200 (66153 bytes)
[PegaHttpClient] 📡 POST https://zdk8budo.pegaacademy.net/prweb/api/CodeIntelligence/v1/rules/query?pxObjClass=Rule-HTML-Section&appliesTo=Rule-Access-When&pyRuleName=pzRuleFormScripts&RequestClass=Rule-HTML-Section&RequestAppliesTo=Rule-Access-When&RequestRuleName=pzRuleFormScripts Payload: "{\"RequestClass\":\"Rule-HTML-Section\",\"RequestAppliesTo\":\"Rule-Access-When\",\"RequestRuleName\":\"pzRuleFormScripts\"}" => HTTP 200 (40822 bytes)
[PegaHttpClient] 📡 POST https://zdk8budo.pegaacademy.net/prweb/api/CodeIntelligence/v1/rules/query?pxObjClass=Rule-HTML-Section&appliesTo=Rule-Access-When&pyRuleName=pzRuleFormLayoutDelegated&RequestClass=Rule-HTML-Section&RequestAppliesTo=Rule-Access-When&RequestRuleName=pzRuleFormLayoutDelegated Payload: "{\"RequestClass\":\"Rule-HTML-Section\",\"RequestAppliesTo\":\"Rule-Access-When\",\"RequestRuleName\":\"pzRuleFormLayoutDelegated\"}" => HTTP 200 (70998 bytes)
[PegaHttpClient] 📡 POST https://zdk8budo.pegaacademy.net/prweb/api/CodeIntelligence/v1/rules/query?pxObjClass=Rule-HTML-Section&appliesTo=Rule-Access-When&pyRuleName=RuleFormLayout&RequestClass=Rule-HTML-Section&RequestAppliesTo=Rule-Access-When&RequestRuleName=RuleFormLayout Payload: "{\"RequestClass\":\"Rule-HTML-Section\",\"RequestAppliesTo\":\"Rule-Access-When\",\"RequestRuleName\":\"RuleFormLayout\"}" => HTTP 200 (108945 bytes)
[PegaHttpClient] 📡 POST https://zdk8budo.pegaacademy.net/prweb/api/CodeIntelligence/v1/rules/query?pxObjClass=Rule-HTML-Section&appliesTo=Rule-Access-When&pyRuleName=RuleFormSettings&RequestClass=Rule-HTML-Section&RequestAppliesTo=Rule-Access-When&RequestRuleName=RuleFormSettings Payload: "{\"RequestClass\":\"Rule-HTML-Section\",\"RequestAppliesTo\":\"Rule-Access-When\",\"RequestRuleName\":\"RuleFormSettings\"}" => HTTP 200 (20540 bytes)
[PegaHttpClient] 📡 POST https://zdk8budo.pegaacademy.net/prweb/api/CodeIntelligence/v1/rules/query?pxObjClass=Rule-HTML-Section&appliesTo=Rule-Access-When&pyRuleName=OpenAuthoring&RequestClass=Rule-HTML-Section&RequestAppliesTo=Rule-Access-When&RequestRuleName=OpenAuthoring Payload: "{\"RequestClass\":\"Rule-HTML-Section\",\"RequestAppliesTo\":\"Rule-Access-When\",\"RequestRuleName\":\"OpenAuthoring\"}" => HTTP 200 (23695 bytes)
[PegaHttpClient] 📡 POST https://zdk8budo.pegaacademy.net/prweb/api/CodeIntelligence/v1/rules/query?pxObjClass=Rule-HTML-Section&appliesTo=Rule-Access-When&pyRuleName=pyCustomHelp&RequestClass=Rule-HTML-Section&RequestAppliesTo=Rule-Access-When&RequestRuleName=pyCustomHelp Payload: "{\"RequestClass\":\"Rule-HTML-Section\",\"RequestAppliesTo\":\"Rule-Access-When\",\"RequestRuleName\":\"pyCustomHelp\"}" => HTTP 200 (17256 bytes)
[PegaHttpClient] 📡 POST https://zdk8budo.pegaacademy.net/prweb/api/CodeIntelligence/v1/rules/query?pxObjClass=Rule-HTML-Section&appliesTo=Rule-Access-When&pyRuleName=pzRuleformMainInclude&RequestClass=Rule-HTML-Section&RequestAppliesTo=Rule-Access-When&RequestRuleName=pzRuleformMainInclude Payload: "{\"RequestClass\":\"Rule-HTML-Section\",\"RequestAppliesTo\":\"Rule-Access-When\",\"RequestRuleName\":\"pzRuleformMainInclude\"}" => HTTP 200 (22375 bytes)
[PegaHttpClient] 📡 POST https://zdk8budo.pegaacademy.net/prweb/api/CodeIntelligence/v1/rules/query?pxObjClass=Rule-HTML-Section&appliesTo=Rule-Access-When&pyRuleName=pyAlternativeRuleFormStrategicAppExtension&RequestClass=Rule-HTML-Section&RequestAppliesTo=Rule-Access-When&RequestRuleName=pyAlternativeRuleFormStrategicAppExtension Payload: "{\"RequestClass\":\"Rule-HTML-Section\",\"RequestAppliesTo\":\"Rule-Access-When\",\"RequestRuleName\":\"pyAlternativeRuleFormStrategicAppExtension\"}" => HTTP 200 (25042 bytes)
[PegaHttpClient] 📡 POST https://zdk8budo.pegaacademy.net/prweb/api/CodeIntelligence/v1/rules/query?pxObjClass=Rule-HTML-Section&appliesTo=Rule-Access-When&pyRuleName=pyAlternativeRuleFormExtension&RequestClass=Rule-HTML-Section&RequestAppliesTo=Rule-Access-When&RequestRuleName=pyAlternativeRuleFormExtension Payload: "{\"RequestClass\":\"Rule-HTML-Section\",\"RequestAppliesTo\":\"Rule-Access-When\",\"RequestRuleName\":\"pyAlternativeRuleFormExtension\"}" => HTTP 200 (24863 bytes)
[PegaHttpClient] 📡 POST https://zdk8budo.pegaacademy.net/prweb/api/CodeIntelligence/v1/rules/query?pxObjClass=Rule-HTML-Section&appliesTo=Rule-Access-When&pyRuleName=RuleFormHeader&RequestClass=Rule-HTML-Section&RequestAppliesTo=Rule-Access-When&RequestRuleName=RuleFormHeader Payload: "{\"RequestClass\":\"Rule-HTML-Section\",\"RequestAppliesTo\":\"Rule-Access-When\",\"RequestRuleName\":\"RuleFormHeader\"}" => HTTP 200 (183800 bytes)
[PegaHttpClient] 📡 POST https://zdk8budo.pegaacademy.net/prweb/api/CodeIntelligence/v1/rules/query?pxObjClass=Rule-HTML-Section&appliesTo=Rule-Access-When&pyRuleName=pzDelegationExperience&RequestClass=Rule-HTML-Section&RequestAppliesTo=Rule-Access-When&RequestRuleName=pzDelegationExperience Payload: "{\"RequestClass\":\"Rule-HTML-Section\",\"RequestAppliesTo\":\"Rule-Access-When\",\"RequestRuleName\":\"pzDelegationExperience\"}" => HTTP 404 (116 bytes)
[PegaHttpClient] 📡 POST https://zdk8budo.pegaacademy.net/prweb/PRRestService/CodeIntelligence/v1/rules/query?pxObjClass=Rule-HTML-Section&appliesTo=Rule-Access-When&pyRuleName=pzDelegationExperience&RequestClass=Rule-HTML-Section&RequestAppliesTo=Rule-Access-When&RequestRuleName=pzDelegationExperience Payload: "{\"RequestClass\":\"Rule-HTML-Section\",\"RequestAppliesTo\":\"Rule-Access-When\",\"RequestRuleName\":\"pzDelegationExperience\"}" => HTTP 404 (116 bytes)
[PegaHttpClient] 📡 POST https://zdk8budo.pegaacademy.net/prweb/api/HRAppsV2Service/V1/rules/query?pxObjClass=Rule-HTML-Section&appliesTo=Rule-Access-When&pyRuleName=pzDelegationExperience&RequestClass=Rule-HTML-Section&RequestAppliesTo=Rule-Access-When&RequestRuleName=pzDelegationExperience Payload: "{\"RequestClass\":\"Rule-HTML-Section\",\"RequestAppliesTo\":\"Rule-Access-When\",\"RequestRuleName\":\"pzDelegationExperience\"}" => HTTP 404 (18 bytes)
[PegaHttpClient] 📡 POST https://zdk8budo.pegaacademy.net/prweb/PRRestService/HRAppsV2Service/V1/rules/query?pxObjClass=Rule-HTML-Section&appliesTo=Rule-Access-When&pyRuleName=pzDelegationExperience&RequestClass=Rule-HTML-Section&RequestAppliesTo=Rule-Access-When&RequestRuleName=pzDelegationExperience Payload: "{\"RequestClass\":\"Rule-HTML-Section\",\"RequestAppliesTo\":\"Rule-Access-When\",\"RequestRuleName\":\"pzDelegationExperience\"}" => HTTP 404 (18 bytes)
[PegaHttpClient] 📡 POST https://zdk8budo.pegaacademy.net/prweb/api/HRAppsV2/V1/rules/query?pxObjClass=Rule-HTML-Section&appliesTo=Rule-Access-When&pyRuleName=pzDelegationExperience&RequestClass=Rule-HTML-Section&RequestAppliesTo=Rule-Access-When&RequestRuleName=pzDelegationExperience Payload: "{\"RequestClass\":\"Rule-HTML-Section\",\"RequestAppliesTo\":\"Rule-Access-When\",\"RequestRuleName\":\"pzDelegationExperience\"}" => HTTP 404 (18 bytes)
[PegaHttpClient] 📡 POST https://zdk8budo.pegaacademy.net/prweb/PRRestService/HRAppsV2/V1/rules/query?pxObjClass=Rule-HTML-Section&appliesTo=Rule-Access-When&pyRuleName=pzDelegationExperience&RequestClass=Rule-HTML-Section&RequestAppliesTo=Rule-Access-When&RequestRuleName=pzDelegationExperience Payload: "{\"RequestClass\":\"Rule-HTML-Section\",\"RequestAppliesTo\":\"Rule-Access-When\",\"RequestRuleName\":\"pzDelegationExperience\"}" => HTTP 404 (18 bytes)
[PegaHttpClient] 📡 POST https://zdk8budo.pegaacademy.net/prweb/api/v1/rules/query?pxObjClass=Rule-HTML-Section&appliesTo=Rule-Access-When&pyRuleName=pzDelegationExperience&RequestClass=Rule-HTML-Section&RequestAppliesTo=Rule-Access-When&RequestRuleName=pzDelegationExperience Payload: "{\"RequestClass\":\"Rule-HTML-Section\",\"RequestAppliesTo\":\"Rule-Access-When\",\"RequestRuleName\":\"pzDelegationExperience\"}" => HTTP 404 (18 bytes)
[PegaHttpClient] 📡 POST https://zdk8budo.pegaacademy.net/prweb/PRRestService/v1/rules/query?pxObjClass=Rule-HTML-Section&appliesTo=Rule-Access-When&pyRuleName=pzDelegationExperience&RequestClass=Rule-HTML-Section&RequestAppliesTo=Rule-Access-When&RequestRuleName=pzDelegationExperience Payload: "{\"RequestClass\":\"Rule-HTML-Section\",\"RequestAppliesTo\":\"Rule-Access-When\",\"RequestRuleName\":\"pzDelegationExperience\"}" => HTTP 404 (18 bytes)
[PegaHttpClient] 📡 POST https://zdk8budo.pegaacademy.net/prweb/api/CodeIntelligence/v1/rules/query?pxObjClass=Rule-HTML-Section&appliesTo=Rule-Access-When&pyRuleName=pzConditions&RequestClass=Rule-HTML-Section&RequestAppliesTo=Rule-Access-When&RequestRuleName=pzConditions Payload: "{\"RequestClass\":\"Rule-HTML-Section\",\"RequestAppliesTo\":\"Rule-Access-When\",\"RequestRuleName\":\"pzConditions\"}" => HTTP 200 (33486 bytes)
[PegaHttpClient] 📡 POST https://zdk8budo.pegaacademy.net/prweb/api/CodeIntelligence/v1/rules/query?pxObjClass=Rule-HTML-Section&appliesTo=Rule-Access-When&pyRuleName=pzAdvanced&RequestClass=Rule-HTML-Section&RequestAppliesTo=Rule-Access-When&RequestRuleName=pzAdvanced Payload: "{\"RequestClass\":\"Rule-HTML-Section\",\"RequestAppliesTo\":\"Rule-Access-When\",\"RequestRuleName\":\"pzAdvanced\"}" => HTTP 200 (17415 bytes)
[PegaHttpClient] 📡 POST https://zdk8budo.pegaacademy.net/prweb/api/CodeIntelligence/v1/rules/query?pxObjClass=Rule-HTML-Section&appliesTo=Rule-Access-When&pyRuleName=pzRuleFormParameters&RequestClass=Rule-HTML-Section&RequestAppliesTo=Rule-Access-When&RequestRuleName=pzRuleFormParameters Payload: "{\"RequestClass\":\"Rule-HTML-Section\",\"RequestAppliesTo\":\"Rule-Access-When\",\"RequestRuleName\":\"pzRuleFormParameters\"}" => HTTP 200 (65506 bytes)
[PegaHttpClient] 📡 POST https://zdk8budo.pegaacademy.net/prweb/api/CodeIntelligence/v1/rules/query?pxObjClass=Rule-HTML-Section&appliesTo=Rule-Access-When&pyRuleName=pzRuleFormPagesAndClassesWithLocate&RequestClass=Rule-HTML-Section&RequestAppliesTo=Rule-Access-When&RequestRuleName=pzRuleFormPagesAndClassesWithLocate Payload: "{\"RequestClass\":\"Rule-HTML-Section\",\"RequestAppliesTo\":\"Rule-Access-When\",\"RequestRuleName\":\"pzRuleFormPagesAndClassesWithLocate\"}" => HTTP 200 (69641 bytes)
[PegaHttpClient] 📡 POST https://zdk8budo.pegaacademy.net/prweb/api/CodeIntelligence/v1/rules/query?pxObjClass=Rule-HTML-Section&appliesTo=Rule-Access-When&pyRuleName=pzSpecifications&RequestClass=Rule-HTML-Section&RequestAppliesTo=Rule-Access-When&RequestRuleName=pzSpecifications Payload: "{\"RequestClass\":\"Rule-HTML-Section\",\"RequestAppliesTo\":\"Rule-Access-When\",\"RequestRuleName\":\"pzSpecifications\"}" => HTTP 200 (16577 bytes)
[PegaHttpClient] 📡 POST https://zdk8budo.pegaacademy.net/prweb/api/CodeIntelligence/v1/rules/query?pxObjClass=Rule-HTML-Section&appliesTo=Rule-Access-When&pyRuleName=RuleFormHistory&RequestClass=Rule-HTML-Section&RequestAppliesTo=Rule-Access-When&RequestRuleName=RuleFormHistory Payload: "{\"RequestClass\":\"Rule-HTML-Section\",\"RequestAppliesTo\":\"Rule-Access-When\",\"RequestRuleName\":\"RuleFormHistory\"}" => HTTP 200 (76091 bytes)
[PegaHttpClient] 📡 POST https://zdk8budo.pegaacademy.net/prweb/api/CodeIntelligence/v1/rules/query?pxObjClass=Rule-HTML-Section&appliesTo=Rule-Access-When&pyRuleName=pzWhenTabListener&RequestClass=Rule-HTML-Section&RequestAppliesTo=Rule-Access-When&RequestRuleName=pzWhenTabListener Payload: "{\"RequestClass\":\"Rule-HTML-Section\",\"RequestAppliesTo\":\"Rule-Access-When\",\"RequestRuleName\":\"pzWhenTabListener\"}" => HTTP 404 (111 bytes)
[PegaHttpClient] 📡 POST https://zdk8budo.pegaacademy.net/prweb/PRRestService/CodeIntelligence/v1/rules/query?pxObjClass=Rule-HTML-Section&appliesTo=Rule-Access-When&pyRuleName=pzWhenTabListener&RequestClass=Rule-HTML-Section&RequestAppliesTo=Rule-Access-When&RequestRuleName=pzWhenTabListener Payload: "{\"RequestClass\":\"Rule-HTML-Section\",\"RequestAppliesTo\":\"Rule-Access-When\",\"RequestRuleName\":\"pzWhenTabListener\"}" => HTTP 404 (111 bytes)
[PegaHttpClient] 📡 POST https://zdk8budo.pegaacademy.net/prweb/api/HRAppsV2Service/V1/rules/query?pxObjClass=Rule-HTML-Section&appliesTo=Rule-Access-When&pyRuleName=pzWhenTabListener&RequestClass=Rule-HTML-Section&RequestAppliesTo=Rule-Access-When&RequestRuleName=pzWhenTabListener Payload: "{\"RequestClass\":\"Rule-HTML-Section\",\"RequestAppliesTo\":\"Rule-Access-When\",\"RequestRuleName\":\"pzWhenTabListener\"}" => HTTP 404 (18 bytes)
[PegaHttpClient] 📡 POST https://zdk8budo.pegaacademy.net/prweb/PRRestService/HRAppsV2Service/V1/rules/query?pxObjClass=Rule-HTML-Section&appliesTo=Rule-Access-When&pyRuleName=pzWhenTabListener&RequestClass=Rule-HTML-Section&RequestAppliesTo=Rule-Access-When&RequestRuleName=pzWhenTabListener Payload: "{\"RequestClass\":\"Rule-HTML-Section\",\"RequestAppliesTo\":\"Rule-Access-When\",\"RequestRuleName\":\"pzWhenTabListener\"}" => HTTP 404 (18 bytes)
[PegaHttpClient] 📡 POST https://zdk8budo.pegaacademy.net/prweb/api/HRAppsV2/V1/rules/query?pxObjClass=Rule-HTML-Section&appliesTo=Rule-Access-When&pyRuleName=pzWhenTabListener&RequestClass=Rule-HTML-Section&RequestAppliesTo=Rule-Access-When&RequestRuleName=pzWhenTabListener Payload: "{\"RequestClass\":\"Rule-HTML-Section\",\"RequestAppliesTo\":\"Rule-Access-When\",\"RequestRuleName\":\"pzWhenTabListener\"}" => HTTP 404 (18 bytes)
[PegaHttpClient] 📡 POST https://zdk8budo.pegaacademy.net/prweb/PRRestService/HRAppsV2/V1/rules/query?pxObjClass=Rule-HTML-Section&appliesTo=Rule-Access-When&pyRuleName=pzWhenTabListener&RequestClass=Rule-HTML-Section&RequestAppliesTo=Rule-Access-When&RequestRuleName=pzWhenTabListener Payload: "{\"RequestClass\":\"Rule-HTML-Section\",\"RequestAppliesTo\":\"Rule-Access-When\",\"RequestRuleName\":\"pzWhenTabListener\"}" => HTTP 404 (18 bytes)
[PegaHttpClient] 📡 POST https://zdk8budo.pegaacademy.net/prweb/api/v1/rules/query?pxObjClass=Rule-HTML-Section&appliesTo=Rule-Access-When&pyRuleName=pzWhenTabListener&RequestClass=Rule-HTML-Section&RequestAppliesTo=Rule-Access-When&RequestRuleName=pzWhenTabListener Payload: "{\"RequestClass\":\"Rule-HTML-Section\",\"RequestAppliesTo\":\"Rule-Access-When\",\"RequestRuleName\":\"pzWhenTabListener\"}" => HTTP 404 (18 bytes)
[PegaHttpClient] 📡 POST https://zdk8budo.pegaacademy.net/prweb/PRRestService/v1/rules/query?pxObjClass=Rule-HTML-Section&appliesTo=Rule-Access-When&pyRuleName=pzWhenTabListener&RequestClass=Rule-HTML-Section&RequestAppliesTo=Rule-Access-When&RequestRuleName=pzWhenTabListener Payload: "{\"RequestClass\":\"Rule-HTML-Section\",\"RequestAppliesTo\":\"Rule-Access-When\",\"RequestRuleName\":\"pzWhenTabListener\"}" => HTTP 404 (18 bytes)
[PegaHttpClient] 📡 POST https://zdk8budo.pegaacademy.net/prweb/api/CodeIntelligence/v1/rules/query?pxObjClass=Rule-HTML-Section&appliesTo=Rule-Access-When&pyRuleName=pzCustomHelp&RequestClass=Rule-HTML-Section&RequestAppliesTo=Rule-Access-When&RequestRuleName=pzCustomHelp Payload: "{\"RequestClass\":\"Rule-HTML-Section\",\"RequestAppliesTo\":\"Rule-Access-When\",\"RequestRuleName\":\"pzCustomHelp\"}" => HTTP 200 (31573 bytes)
[PegaHttpClient] 📡 POST https://zdk8budo.pegaacademy.net/prweb/api/CodeIntelligence/v1/rules/query?pxObjClass=Rule-HTML-Section&appliesTo=Rule-Access-When&pyRuleName=pzRuleFormKeysAndDescription&RequestClass=Rule-HTML-Section&RequestAppliesTo=Rule-Access-When&RequestRuleName=pzRuleFormKeysAndDescription Payload: "{\"RequestClass\":\"Rule-HTML-Section\",\"RequestAppliesTo\":\"Rule-Access-When\",\"RequestRuleName\":\"pzRuleFormKeysAndDescription\"}" => HTTP 200 (218057 bytes)
[PegaHttpClient] 📡 POST https://zdk8budo.pegaacademy.net/prweb/api/CodeIntelligence/v1/rules/query?pxObjClass=Rule-HTML-Section&appliesTo=Rule-Access-When&pyRuleName=pzRuleFormRuleset&RequestClass=Rule-HTML-Section&RequestAppliesTo=Rule-Access-When&RequestRuleName=pzRuleFormRuleset Payload: "{\"RequestClass\":\"Rule-HTML-Section\",\"RequestAppliesTo\":\"Rule-Access-When\",\"RequestRuleName\":\"pzRuleFormRuleset\"}" => HTTP 200 (33985 bytes)
[PegaHttpClient] 📡 POST https://zdk8budo.pegaacademy.net/prweb/api/CodeIntelligence/v1/rules/query?pxObjClass=Rule-HTML-Section&appliesTo=Rule-Access-When&pyRuleName=undefined&RequestClass=Rule-HTML-Section&RequestAppliesTo=Rule-Access-When&RequestRuleName=undefined Payload: "{\"RequestClass\":\"Rule-HTML-Section\",\"RequestAppliesTo\":\"Rule-Access-When\",\"RequestRuleName\":\"undefined\"}" => HTTP 404 (103 bytes)
[PegaHttpClient] 📡 POST https://zdk8budo.pegaacademy.net/prweb/PRRestService/CodeIntelligence/v1/rules/query?pxObjClass=Rule-HTML-Section&appliesTo=Rule-Access-When&pyRuleName=undefined&RequestClass=Rule-HTML-Section&RequestAppliesTo=Rule-Access-When&RequestRuleName=undefined Payload: "{\"RequestClass\":\"Rule-HTML-Section\",\"RequestAppliesTo\":\"Rule-Access-When\",\"RequestRuleName\":\"undefined\"}" => HTTP 404 (103 bytes)
[PegaHttpClient] 📡 POST https://zdk8budo.pegaacademy.net/prweb/api/HRAppsV2Service/V1/rules/query?pxObjClass=Rule-HTML-Section&appliesTo=Rule-Access-When&pyRuleName=undefined&RequestClass=Rule-HTML-Section&RequestAppliesTo=Rule-Access-When&RequestRuleName=undefined Payload: "{\"RequestClass\":\"Rule-HTML-Section\",\"RequestAppliesTo\":\"Rule-Access-When\",\"RequestRuleName\":\"undefined\"}" => HTTP 404 (18 bytes)
[PegaHttpClient] 📡 POST https://zdk8budo.pegaacademy.net/prweb/PRRestService/HRAppsV2Service/V1/rules/query?pxObjClass=Rule-HTML-Section&appliesTo=Rule-Access-When&pyRuleName=undefined&RequestClass=Rule-HTML-Section&RequestAppliesTo=Rule-Access-When&RequestRuleName=undefined Payload: "{\"RequestClass\":\"Rule-HTML-Section\",\"RequestAppliesTo\":\"Rule-Access-When\",\"RequestRuleName\":\"undefined\"}" => HTTP 404 (18 bytes)
[PegaHttpClient] 📡 POST https://zdk8budo.pegaacademy.net/prweb/api/HRAppsV2/V1/rules/query?pxObjClass=Rule-HTML-Section&appliesTo=Rule-Access-When&pyRuleName=undefined&RequestClass=Rule-HTML-Section&RequestAppliesTo=Rule-Access-When&RequestRuleName=undefined Payload: "{\"RequestClass\":\"Rule-HTML-Section\",\"RequestAppliesTo\":\"Rule-Access-When\",\"RequestRuleName\":\"undefined\"}" => HTTP 404 (18 bytes)
[PegaHttpClient] 📡 POST https://zdk8budo.pegaacademy.net/prweb/PRRestService/HRAppsV2/V1/rules/query?pxObjClass=Rule-HTML-Section&appliesTo=Rule-Access-When&pyRuleName=undefined&RequestClass=Rule-HTML-Section&RequestAppliesTo=Rule-Access-When&RequestRuleName=undefined Payload: "{\"RequestClass\":\"Rule-HTML-Section\",\"RequestAppliesTo\":\"Rule-Access-When\",\"RequestRuleName\":\"undefined\"}" => HTTP 404 (18 bytes)
[PegaHttpClient] 📡 POST https://zdk8budo.pegaacademy.net/prweb/api/v1/rules/query?pxObjClass=Rule-HTML-Section&appliesTo=Rule-Access-When&pyRuleName=undefined&RequestClass=Rule-HTML-Section&RequestAppliesTo=Rule-Access-When&RequestRuleName=undefined Payload: "{\"RequestClass\":\"Rule-HTML-Section\",\"RequestAppliesTo\":\"Rule-Access-When\",\"RequestRuleName\":\"undefined\"}" => HTTP 404 (18 bytes)
[PegaHttpClient] 📡 POST https://zdk8budo.pegaacademy.net/prweb/PRRestService/v1/rules/query?pxObjClass=Rule-HTML-Section&appliesTo=Rule-Access-When&pyRuleName=undefined&RequestClass=Rule-HTML-Section&RequestAppliesTo=Rule-Access-When&RequestRuleName=undefined Payload: "{\"RequestClass\":\"Rule-HTML-Section\",\"RequestAppliesTo\":\"Rule-Access-When\",\"RequestRuleName\":\"undefined\"}" => HTTP 404 (18 bytes)
[PegaHttpClient] 📡 POST https://zdk8budo.pegaacademy.net/prweb/api/CodeIntelligence/v1/rules/query?pxObjClass=Rule-HTML-Section&appliesTo=Rule-Access-When&pyRuleName=pzRuleFormToolbar&RequestClass=Rule-HTML-Section&RequestAppliesTo=Rule-Access-When&RequestRuleName=pzRuleFormToolbar Payload: "{\"RequestClass\":\"Rule-HTML-Section\",\"RequestAppliesTo\":\"Rule-Access-When\",\"RequestRuleName\":\"pzRuleFormToolbar\"}" => HTTP 200 (242691 bytes)
[PegaHttpClient] 📡 POST https://zdk8budo.pegaacademy.net/prweb/api/CodeIntelligence/v1/rules/query?pxObjClass=Rule-HTML-Section&appliesTo=Rule-Access-When&pyRuleName=pzRuleFormToolbarCompare&RequestClass=Rule-HTML-Section&RequestAppliesTo=Rule-Access-When&RequestRuleName=pzRuleFormToolbarCompare Payload: "{\"RequestClass\":\"Rule-HTML-Section\",\"RequestAppliesTo\":\"Rule-Access-When\",\"RequestRuleName\":\"pzRuleFormToolbarCompare\"}" => HTTP 200 (61925 bytes)
[PegaHttpClient] 📡 POST https://zdk8budo.pegaacademy.net/prweb/api/CodeIntelligence/v1/rules/query?pxObjClass=Rule-HTML-Section&appliesTo=Rule-Access-When&pyRuleName=RuleFormHeaderMessages&RequestClass=Rule-HTML-Section&RequestAppliesTo=Rule-Access-When&RequestRuleName=RuleFormHeaderMessages Payload: "{\"RequestClass\":\"Rule-HTML-Section\",\"RequestAppliesTo\":\"Rule-Access-When\",\"RequestRuleName\":\"RuleFormHeaderMessages\"}" => HTTP 200 (26518 bytes)
[PegaHttpClient] 📡 POST https://zdk8budo.pegaacademy.net/prweb/api/CodeIntelligence/v1/rules/query?pxObjClass=Rule-HTML-Section&appliesTo=Rule-Access-When&pyRuleName=pzConditionTree&RequestClass=Rule-HTML-Section&RequestAppliesTo=Rule-Access-When&RequestRuleName=pzConditionTree Payload: "{\"RequestClass\":\"Rule-HTML-Section\",\"RequestAppliesTo\":\"Rule-Access-When\",\"RequestRuleName\":\"pzConditionTree\"}" => HTTP 200 (70257 bytes)
[PegaHttpClient] 📡 POST https://zdk8budo.pegaacademy.net/prweb/api/CodeIntelligence/v1/rules/query?pxObjClass=Rule-HTML-Section&appliesTo=Rule-Access-When&pyRuleName=pzAdvancedConditions&RequestClass=Rule-HTML-Section&RequestAppliesTo=Rule-Access-When&RequestRuleName=pzAdvancedConditions Payload: "{\"RequestClass\":\"Rule-HTML-Section\",\"RequestAppliesTo\":\"Rule-Access-When\",\"RequestRuleName\":\"pzAdvancedConditions\"}" => HTTP 200 (108947 bytes)
[PegaHttpClient] 📡 POST https://zdk8budo.pegaacademy.net/prweb/api/CodeIntelligence/v1/rules/query?pxObjClass=Rule-HTML-Section&appliesTo=Rule-Access-When&pyRuleName=pzPagesAndClassesScriptNoMode&RequestClass=Rule-HTML-Section&RequestAppliesTo=Rule-Access-When&RequestRuleName=pzPagesAndClassesScriptNoMode Payload: "{\"RequestClass\":\"Rule-HTML-Section\",\"RequestAppliesTo\":\"Rule-Access-When\",\"RequestRuleName\":\"pzPagesAndClassesScriptNoMode\"}" => HTTP 200 (25452 bytes)
[PegaHttpClient] 📡 POST https://zdk8budo.pegaacademy.net/prweb/api/CodeIntelligence/v1/rules/query?pxObjClass=Rule-HTML-Section&appliesTo=Rule-Access-When&pyRuleName=RuleFormPagesAndClasses&RequestClass=Rule-HTML-Section&RequestAppliesTo=Rule-Access-When&RequestRuleName=RuleFormPagesAndClasses Payload: "{\"RequestClass\":\"Rule-HTML-Section\",\"RequestAppliesTo\":\"Rule-Access-When\",\"RequestRuleName\":\"RuleFormPagesAndClasses\"}" => HTTP 200 (34748 bytes)
[PegaHttpClient] 📡 POST https://zdk8budo.pegaacademy.net/prweb/api/CodeIntelligence/v1/rules/query?pxObjClass=Rule-HTML-Section&appliesTo=Rule-Access-When&pyRuleName=pzSpecificationsInner&RequestClass=Rule-HTML-Section&RequestAppliesTo=Rule-Access-When&RequestRuleName=pzSpecificationsInner Payload: "{\"RequestClass\":\"Rule-HTML-Section\",\"RequestAppliesTo\":\"Rule-Access-When\",\"RequestRuleName\":\"pzSpecificationsInner\"}" => HTTP 200 (142370 bytes)
[PegaHttpClient] 📡 POST https://zdk8budo.pegaacademy.net/prweb/api/CodeIntelligence/v1/rules/query?pxObjClass=Rule-HTML-Section&appliesTo=Rule-Access-When&pyRuleName=pzAlternateRuleInfo&RequestClass=Rule-HTML-Section&RequestAppliesTo=Rule-Access-When&RequestRuleName=pzAlternateRuleInfo Payload: "{\"RequestClass\":\"Rule-HTML-Section\",\"RequestAppliesTo\":\"Rule-Access-When\",\"RequestRuleName\":\"pzAlternateRuleInfo\"}" => HTTP 200 (140407 bytes)
[PegaHttpClient] 📡 POST https://zdk8budo.pegaacademy.net/prweb/api/CodeIntelligence/v1/rules/query?pxObjClass=Rule-HTML-Section&appliesTo=Rule-Access-When&pyRuleName=RuleFormHistory_Description&RequestClass=Rule-HTML-Section&RequestAppliesTo=Rule-Access-When&RequestRuleName=RuleFormHistory_Description Payload: "{\"RequestClass\":\"Rule-HTML-Section\",\"RequestAppliesTo\":\"Rule-Access-When\",\"RequestRuleName\":\"RuleFormHistory_Description\"}" => HTTP 200 (46242 bytes)
[PegaHttpClient] 📡 POST https://zdk8budo.pegaacademy.net/prweb/api/CodeIntelligence/v1/rules/query?pxObjClass=Rule-HTML-Section&appliesTo=Rule-Access-When&pyRuleName=RuleFormHistory_CustomFields&RequestClass=Rule-HTML-Section&RequestAppliesTo=Rule-Access-When&RequestRuleName=RuleFormHistory_CustomFields Payload: "{\"RequestClass\":\"Rule-HTML-Section\",\"RequestAppliesTo\":\"Rule-Access-When\",\"RequestRuleName\":\"RuleFormHistory_CustomFields\"}" => HTTP 200 (75856 bytes)
[PegaHttpClient] 📡 POST https://zdk8budo.pegaacademy.net/prweb/api/CodeIntelligence/v1/rules/query?pxObjClass=Rule-HTML-Section&appliesTo=Rule-Access-When&pyRuleName=RuleFormHistory_HistoryDetails&RequestClass=Rule-HTML-Section&RequestAppliesTo=Rule-Access-When&RequestRuleName=RuleFormHistory_HistoryDetails Payload: "{\"RequestClass\":\"Rule-HTML-Section\",\"RequestAppliesTo\":\"Rule-Access-When\",\"RequestRuleName\":\"RuleFormHistory_HistoryDetails\"}" => HTTP 200 (179535 bytes)
[PegaHttpClient] 📡 POST https://zdk8budo.pegaacademy.net/prweb/api/CodeIntelligence/v1/rules/query?pxObjClass=Rule-HTML-Section&appliesTo=Rule-Access-When&pyRuleName=pzRuleFormStatus&RequestClass=Rule-HTML-Section&RequestAppliesTo=Rule-Access-When&RequestRuleName=pzRuleFormStatus Payload: "{\"RequestClass\":\"Rule-HTML-Section\",\"RequestAppliesTo\":\"Rule-Access-When\",\"RequestRuleName\":\"pzRuleFormStatus\"}" => HTTP 200 (97627 bytes)
[PegaHttpClient] 📡 POST https://zdk8budo.pegaacademy.net/prweb/api/CodeIntelligence/v1/rules/query?pxObjClass=Rule-HTML-Section&appliesTo=Rule-Access-When&pyRuleName=pzRuleFormHeaderCompareWithDropDown&RequestClass=Rule-HTML-Section&RequestAppliesTo=Rule-Access-When&RequestRuleName=pzRuleFormHeaderCompareWithDropDown Payload: "{\"RequestClass\":\"Rule-HTML-Section\",\"RequestAppliesTo\":\"Rule-Access-When\",\"RequestRuleName\":\"pzRuleFormHeaderCompareWithDropDown\"}" => HTTP 200 (25396 bytes)
[PegaHttpClient] 📡 POST https://zdk8budo.pegaacademy.net/prweb/api/CodeIntelligence/v1/rules/query?pxObjClass=Rule-HTML-Section&appliesTo=Rule-Access-When&pyRuleName=undefined&RequestClass=Rule-HTML-Section&RequestAppliesTo=Rule-Access-When&RequestRuleName=undefined Payload: "{\"RequestClass\":\"Rule-HTML-Section\",\"RequestAppliesTo\":\"Rule-Access-When\",\"RequestRuleName\":\"undefined\"}" => HTTP 404 (103 bytes)
[PegaHttpClient] 📡 POST https://zdk8budo.pegaacademy.net/prweb/PRRestService/CodeIntelligence/v1/rules/query?pxObjClass=Rule-HTML-Section&appliesTo=Rule-Access-When&pyRuleName=undefined&RequestClass=Rule-HTML-Section&RequestAppliesTo=Rule-Access-When&RequestRuleName=undefined Payload: "{\"RequestClass\":\"Rule-HTML-Section\",\"RequestAppliesTo\":\"Rule-Access-When\",\"RequestRuleName\":\"undefined\"}" => HTTP 404 (103 bytes)
[PegaHttpClient] 📡 POST https://zdk8budo.pegaacademy.net/prweb/api/HRAppsV2Service/V1/rules/query?pxObjClass=Rule-HTML-Section&appliesTo=Rule-Access-When&pyRuleName=undefined&RequestClass=Rule-HTML-Section&RequestAppliesTo=Rule-Access-When&RequestRuleName=undefined Payload: "{\"RequestClass\":\"Rule-HTML-Section\",\"RequestAppliesTo\":\"Rule-Access-When\",\"RequestRuleName\":\"undefined\"}" => HTTP 404 (18 bytes)
[PegaHttpClient] 📡 POST https://zdk8budo.pegaacademy.net/prweb/PRRestService/HRAppsV2Service/V1/rules/query?pxObjClass=Rule-HTML-Section&appliesTo=Rule-Access-When&pyRuleName=undefined&RequestClass=Rule-HTML-Section&RequestAppliesTo=Rule-Access-When&RequestRuleName=undefined Payload: "{\"RequestClass\":\"Rule-HTML-Section\",\"RequestAppliesTo\":\"Rule-Access-When\",\"RequestRuleName\":\"undefined\"}" => HTTP 404 (18 bytes)
[PegaHttpClient] 📡 POST https://zdk8budo.pegaacademy.net/prweb/api/HRAppsV2/V1/rules/query?pxObjClass=Rule-HTML-Section&appliesTo=Rule-Access-When&pyRuleName=undefined&RequestClass=Rule-HTML-Section&RequestAppliesTo=Rule-Access-When&RequestRuleName=undefined Payload: "{\"RequestClass\":\"Rule-HTML-Section\",\"RequestAppliesTo\":\"Rule-Access-When\",\"RequestRuleName\":\"undefined\"}" => HTTP 404 (18 bytes)
[PegaHttpClient] 📡 POST https://zdk8budo.pegaacademy.net/prweb/PRRestService/HRAppsV2/V1/rules/query?pxObjClass=Rule-HTML-Section&appliesTo=Rule-Access-When&pyRuleName=undefined&RequestClass=Rule-HTML-Section&RequestAppliesTo=Rule-Access-When&RequestRuleName=undefined Payload: "{\"RequestClass\":\"Rule-HTML-Section\",\"RequestAppliesTo\":\"Rule-Access-When\",\"RequestRuleName\":\"undefined\"}" => HTTP 404 (18 bytes)
[PegaHttpClient] 📡 POST https://zdk8budo.pegaacademy.net/prweb/api/v1/rules/query?pxObjClass=Rule-HTML-Section&appliesTo=Rule-Access-When&pyRuleName=undefined&RequestClass=Rule-HTML-Section&RequestAppliesTo=Rule-Access-When&RequestRuleName=undefined Payload: "{\"RequestClass\":\"Rule-HTML-Section\",\"RequestAppliesTo\":\"Rule-Access-When\",\"RequestRuleName\":\"undefined\"}" => HTTP 404 (18 bytes)
[PegaHttpClient] 📡 POST https://zdk8budo.pegaacademy.net/prweb/PRRestService/v1/rules/query?pxObjClass=Rule-HTML-Section&appliesTo=Rule-Access-When&pyRuleName=undefined&RequestClass=Rule-HTML-Section&RequestAppliesTo=Rule-Access-When&RequestRuleName=undefined Payload: "{\"RequestClass\":\"Rule-HTML-Section\",\"RequestAppliesTo\":\"Rule-Access-When\",\"RequestRuleName\":\"undefined\"}" => HTTP 404 (18 bytes)
[PegaHttpClient] 📡 POST https://zdk8budo.pegaacademy.net/prweb/api/CodeIntelligence/v1/rules/query?pxObjClass=Rule-HTML-Section&appliesTo=Rule-Access-When&pyRuleName=pzRuleFormToolbarHotKeys&RequestClass=Rule-HTML-Section&RequestAppliesTo=Rule-Access-When&RequestRuleName=pzRuleFormToolbarHotKeys Payload: "{\"RequestClass\":\"Rule-HTML-Section\",\"RequestAppliesTo\":\"Rule-Access-When\",\"RequestRuleName\":\"pzRuleFormToolbarHotKeys\"}" => HTTP 200 (85058 bytes)
[PegaHttpClient] 📡 POST https://zdk8budo.pegaacademy.net/prweb/api/CodeIntelligence/v1/rules/query?pxObjClass=Rule-HTML-Section&appliesTo=Rule-Access-When&pyRuleName=pzRuleFormToolbarLockedIcon&RequestClass=Rule-HTML-Section&RequestAppliesTo=Rule-Access-When&RequestRuleName=pzRuleFormToolbarLockedIcon Payload: "{\"RequestClass\":\"Rule-HTML-Section\",\"RequestAppliesTo\":\"Rule-Access-When\",\"RequestRuleName\":\"pzRuleFormToolbarLockedIcon\"}" => HTTP 200 (24898 bytes)
[PegaHttpClient] 📡 POST https://zdk8budo.pegaacademy.net/prweb/api/CodeIntelligence/v1/rules/query?pxObjClass=Rule-HTML-Section&appliesTo=Rule-Access-When&pyRuleName=pzRuleFormToolbarCollaborators&RequestClass=Rule-HTML-Section&RequestAppliesTo=Rule-Access-When&RequestRuleName=pzRuleFormToolbarCollaborators Payload: "{\"RequestClass\":\"Rule-HTML-Section\",\"RequestAppliesTo\":\"Rule-Access-When\",\"RequestRuleName\":\"pzRuleFormToolbarCollaborators\"}" => HTTP 200 (15254 bytes)
[PegaHttpClient] 📡 POST https://zdk8budo.pegaacademy.net/prweb/api/CodeIntelligence/v1/rules/query?pxObjClass=Rule-HTML-Section&appliesTo=Rule-Access-When&pyRuleName=pzRuleFormToolbarSaveAs&RequestClass=Rule-HTML-Section&RequestAppliesTo=Rule-Access-When&RequestRuleName=pzRuleFormToolbarSaveAs Payload: "{\"RequestClass\":\"Rule-HTML-Section\",\"RequestAppliesTo\":\"Rule-Access-When\",\"RequestRuleName\":\"pzRuleFormToolbarSaveAs\"}" => HTTP 200 (64084 bytes)
[PegaHttpClient] 📡 POST https://zdk8budo.pegaacademy.net/prweb/api/CodeIntelligence/v1/rules/query?pxObjClass=Rule-HTML-Section&appliesTo=Rule-Access-When&pyRuleName=pzRuleFormToolbarCheckin&RequestClass=Rule-HTML-Section&RequestAppliesTo=Rule-Access-When&RequestRuleName=pzRuleFormToolbarCheckin Payload: "{\"RequestClass\":\"Rule-HTML-Section\",\"RequestAppliesTo\":\"Rule-Access-When\",\"RequestRuleName\":\"pzRuleFormToolbarCheckin\"}" => HTTP 200 (119096 bytes)
[PegaHttpClient] 📡 POST https://zdk8budo.pegaacademy.net/prweb/api/CodeIntelligence/v1/rules/query?pxObjClass=Rule-HTML-Section&appliesTo=Rule-Access-When&pyRuleName=pzRuleFormToolbarDelete&RequestClass=Rule-HTML-Section&RequestAppliesTo=Rule-Access-When&RequestRuleName=pzRuleFormToolbarDelete Payload: "{\"RequestClass\":\"Rule-HTML-Section\",\"RequestAppliesTo\":\"Rule-Access-When\",\"RequestRuleName\":\"pzRuleFormToolbarDelete\"}" => HTTP 200 (30249 bytes)
[PegaHttpClient] 📡 POST https://zdk8budo.pegaacademy.net/prweb/api/CodeIntelligence/v1/rules/query?pxObjClass=Rule-HTML-Section&appliesTo=Rule-Access-When&pyRuleName=pzRuleFormToolbarSave&RequestClass=Rule-HTML-Section&RequestAppliesTo=Rule-Access-When&RequestRuleName=pzRuleFormToolbarSave Payload: "{\"RequestClass\":\"Rule-HTML-Section\",\"RequestAppliesTo\":\"Rule-Access-When\",\"RequestRuleName\":\"pzRuleFormToolbarSave\"}" => HTTP 200 (293885 bytes)
[PegaHttpClient] 📡 POST https://zdk8budo.pegaacademy.net/prweb/api/CodeIntelligence/v1/rules/query?pxObjClass=Rule-HTML-Section&appliesTo=Rule-Access-When&pyRuleName=pzRuleFormToolbarCheckout&RequestClass=Rule-HTML-Section&RequestAppliesTo=Rule-Access-When&RequestRuleName=pzRuleFormToolbarCheckout Payload: "{\"RequestClass\":\"Rule-HTML-Section\",\"RequestAppliesTo\":\"Rule-Access-When\",\"RequestRuleName\":\"pzRuleFormToolbarCheckout\"}" => HTTP 200 (238148 bytes)
[PegaHttpClient] 📡 POST https://zdk8budo.pegaacademy.net/prweb/api/CodeIntelligence/v1/rules/query?pxObjClass=Rule-HTML-Section&appliesTo=Rule-Access-When&pyRuleName=pzRemoveErrorsDataPage&RequestClass=Rule-HTML-Section&RequestAppliesTo=Rule-Access-When&RequestRuleName=pzRemoveErrorsDataPage Payload: "{\"RequestClass\":\"Rule-HTML-Section\",\"RequestAppliesTo\":\"Rule-Access-When\",\"RequestRuleName\":\"pzRemoveErrorsDataPage\"}" => HTTP 200 (16733 bytes)
[PegaHttpClient] 📡 POST https://zdk8budo.pegaacademy.net/prweb/api/CodeIntelligence/v1/rules/query?pxObjClass=Rule-HTML-Section&appliesTo=Rule-Access-When&pyRuleName=pzRuleFormHeaderMessagesWrapper&RequestClass=Rule-HTML-Section&RequestAppliesTo=Rule-Access-When&RequestRuleName=pzRuleFormHeaderMessagesWrapper Payload: "{\"RequestClass\":\"Rule-HTML-Section\",\"RequestAppliesTo\":\"Rule-Access-When\",\"RequestRuleName\":\"pzRuleFormHeaderMessagesWrapper\"}" => HTTP 200 (16981 bytes)
[PegaHttpClient] 📡 POST https://zdk8budo.pegaacademy.net/prweb/api/CodeIntelligence/v1/rules/query?pxObjClass=Rule-HTML-Section&appliesTo=Rule-Access-When&pyRuleName=pzConditionBuilderView&RequestClass=Rule-HTML-Section&RequestAppliesTo=Rule-Access-When&RequestRuleName=pzConditionBuilderView Payload: "{\"RequestClass\":\"Rule-HTML-Section\",\"RequestAppliesTo\":\"Rule-Access-When\",\"RequestRuleName\":\"pzConditionBuilderView\"}" => HTTP 200 (30638 bytes)
[PegaHttpClient] 📡 POST https://zdk8budo.pegaacademy.net/prweb/api/CodeIntelligence/v1/rules/query?pxObjClass=Rule-HTML-Section&appliesTo=Rule-Access-When&pyRuleName=pzCopyMessagesToFB&RequestClass=Rule-HTML-Section&RequestAppliesTo=Rule-Access-When&RequestRuleName=pzCopyMessagesToFB Payload: "{\"RequestClass\":\"Rule-HTML-Section\",\"RequestAppliesTo\":\"Rule-Access-When\",\"RequestRuleName\":\"pzCopyMessagesToFB\"}" => HTTP 200 (14710 bytes)
[PegaHttpClient] 📡 POST https://zdk8budo.pegaacademy.net/prweb/api/CodeIntelligence/v1/rules/query?pxObjClass=Rule-HTML-Section&appliesTo=Rule-Access-When&pyRuleName=pzRuleFormPagesAndClassesScript&RequestClass=Rule-HTML-Section&RequestAppliesTo=Rule-Access-When&RequestRuleName=pzRuleFormPagesAndClassesScript Payload: "{\"RequestClass\":\"Rule-HTML-Section\",\"RequestAppliesTo\":\"Rule-Access-When\",\"RequestRuleName\":\"pzRuleFormPagesAndClassesScript\"}" => HTTP 200 (15730 bytes)
[PegaHttpClient] 📡 POST https://zdk8budo.pegaacademy.net/prweb/api/CodeIntelligence/v1/rules/query?pxObjClass=Rule-HTML-Section&appliesTo=Rule-Access-When&pyRuleName=pzPagesAndClassesNoMode&RequestClass=Rule-HTML-Section&RequestAppliesTo=Rule-Access-When&RequestRuleName=pzPagesAndClassesNoMode Payload: "{\"RequestClass\":\"Rule-HTML-Section\",\"RequestAppliesTo\":\"Rule-Access-When\",\"RequestRuleName\":\"pzPagesAndClassesNoMode\"}" => HTTP 200 (90057 bytes)
[PegaHttpClient] 📡 POST https://zdk8budo.pegaacademy.net/prweb/api/CodeIntelligence/v1/rules/query?pxObjClass=Rule-HTML-Section&appliesTo=Rule-Access-When&pyRuleName=pzPagesAndClassesWithMode&RequestClass=Rule-HTML-Section&RequestAppliesTo=Rule-Access-When&RequestRuleName=pzPagesAndClassesWithMode Payload: "{\"RequestClass\":\"Rule-HTML-Section\",\"RequestAppliesTo\":\"Rule-Access-When\",\"RequestRuleName\":\"pzPagesAndClassesWithMode\"}" => HTTP 200 (97424 bytes)
[PegaHttpClient] 📡 POST https://zdk8budo.pegaacademy.net/prweb/api/CodeIntelligence/v1/rules/query?pxObjClass=Rule-HTML-Section&appliesTo=Rule-Access-When&pyRuleName=pzSpecificationName&RequestClass=Rule-HTML-Section&RequestAppliesTo=Rule-Access-When&RequestRuleName=pzSpecificationName Payload: "{\"RequestClass\":\"Rule-HTML-Section\",\"RequestAppliesTo\":\"Rule-Access-When\",\"RequestRuleName\":\"pzSpecificationName\"}" => HTTP 404 (113 bytes)
[PegaHttpClient] 📡 POST https://zdk8budo.pegaacademy.net/prweb/PRRestService/CodeIntelligence/v1/rules/query?pxObjClass=Rule-HTML-Section&appliesTo=Rule-Access-When&pyRuleName=pzSpecificationName&RequestClass=Rule-HTML-Section&RequestAppliesTo=Rule-Access-When&RequestRuleName=pzSpecificationName Payload: "{\"RequestClass\":\"Rule-HTML-Section\",\"RequestAppliesTo\":\"Rule-Access-When\",\"RequestRuleName\":\"pzSpecificationName\"}" => HTTP 404 (113 bytes)
[PegaHttpClient] 📡 POST https://zdk8budo.pegaacademy.net/prweb/api/HRAppsV2Service/V1/rules/query?pxObjClass=Rule-HTML-Section&appliesTo=Rule-Access-When&pyRuleName=pzSpecificationName&RequestClass=Rule-HTML-Section&RequestAppliesTo=Rule-Access-When&RequestRuleName=pzSpecificationName Payload: "{\"RequestClass\":\"Rule-HTML-Section\",\"RequestAppliesTo\":\"Rule-Access-When\",\"RequestRuleName\":\"pzSpecificationName\"}" => HTTP 404 (18 bytes)
[PegaHttpClient] 📡 POST https://zdk8budo.pegaacademy.net/prweb/PRRestService/HRAppsV2Service/V1/rules/query?pxObjClass=Rule-HTML-Section&appliesTo=Rule-Access-When&pyRuleName=pzSpecificationName&RequestClass=Rule-HTML-Section&RequestAppliesTo=Rule-Access-When&RequestRuleName=pzSpecificationName Payload: "{\"RequestClass\":\"Rule-HTML-Section\",\"RequestAppliesTo\":\"Rule-Access-When\",\"RequestRuleName\":\"pzSpecificationName\"}" => HTTP 404 (18 bytes)
[PegaHttpClient] 📡 POST https://zdk8budo.pegaacademy.net/prweb/api/HRAppsV2/V1/rules/query?pxObjClass=Rule-HTML-Section&appliesTo=Rule-Access-When&pyRuleName=pzSpecificationName&RequestClass=Rule-HTML-Section&RequestAppliesTo=Rule-Access-When&RequestRuleName=pzSpecificationName Payload: "{\"RequestClass\":\"Rule-HTML-Section\",\"RequestAppliesTo\":\"Rule-Access-When\",\"RequestRuleName\":\"pzSpecificationName\"}" => HTTP 404 (18 bytes)
[PegaHttpClient] 📡 POST https://zdk8budo.pegaacademy.net/prweb/PRRestService/HRAppsV2/V1/rules/query?pxObjClass=Rule-HTML-Section&appliesTo=Rule-Access-When&pyRuleName=pzSpecificationName&RequestClass=Rule-HTML-Section&RequestAppliesTo=Rule-Access-When&RequestRuleName=pzSpecificationName Payload: "{\"RequestClass\":\"Rule-HTML-Section\",\"RequestAppliesTo\":\"Rule-Access-When\",\"RequestRuleName\":\"pzSpecificationName\"}" => HTTP 404 (18 bytes)
[PegaHttpClient] 📡 POST https://zdk8budo.pegaacademy.net/prweb/api/v1/rules/query?pxObjClass=Rule-HTML-Section&appliesTo=Rule-Access-When&pyRuleName=pzSpecificationName&RequestClass=Rule-HTML-Section&RequestAppliesTo=Rule-Access-When&RequestRuleName=pzSpecificationName Payload: "{\"RequestClass\":\"Rule-HTML-Section\",\"RequestAppliesTo\":\"Rule-Access-When\",\"RequestRuleName\":\"pzSpecificationName\"}" => HTTP 404 (18 bytes)
[PegaHttpClient] 📡 POST https://zdk8budo.pegaacademy.net/prweb/PRRestService/v1/rules/query?pxObjClass=Rule-HTML-Section&appliesTo=Rule-Access-When&pyRuleName=pzSpecificationName&RequestClass=Rule-HTML-Section&RequestAppliesTo=Rule-Access-When&RequestRuleName=pzSpecificationName Payload: "{\"RequestClass\":\"Rule-HTML-Section\",\"RequestAppliesTo\":\"Rule-Access-When\",\"RequestRuleName\":\"pzSpecificationName\"}" => HTTP 404 (18 bytes)
[PegaHttpClient] 📡 POST https://zdk8budo.pegaacademy.net/prweb/api/CodeIntelligence/v1/rules/query?pxObjClass=Rule-HTML-Section&appliesTo=Rule-Access-When&pyRuleName=pzScm_RuleHistory&RequestClass=Rule-HTML-Section&RequestAppliesTo=Rule-Access-When&RequestRuleName=pzScm_RuleHistory Payload: "{\"RequestClass\":\"Rule-HTML-Section\",\"RequestAppliesTo\":\"Rule-Access-When\",\"RequestRuleName\":\"pzScm_RuleHistory\"}" => HTTP 200 (14682 bytes)
[PegaHttpClient] 📡 POST https://zdk8budo.pegaacademy.net/prweb/api/CodeIntelligence/v1/rules/query?pxObjClass=Rule-HTML-Section&appliesTo=Rule-Access-When&pyRuleName=pxDisplayCollaborators&RequestClass=Rule-HTML-Section&RequestAppliesTo=Rule-Access-When&RequestRuleName=pxDisplayCollaborators Payload: "{\"RequestClass\":\"Rule-HTML-Section\",\"RequestAppliesTo\":\"Rule-Access-When\",\"RequestRuleName\":\"pxDisplayCollaborators\"}" => HTTP 200 (94171 bytes)
[PegaHttpClient] 📡 POST https://zdk8budo.pegaacademy.net/prweb/api/CodeIntelligence/v1/rules/query?pxObjClass=Rule-HTML-Section&appliesTo=Rule-Access-When&pyRuleName=pzRuleFormToolbarDeleteCheckOut&RequestClass=Rule-HTML-Section&RequestAppliesTo=Rule-Access-When&RequestRuleName=pzRuleFormToolbarDeleteCheckOut Payload: "{\"RequestClass\":\"Rule-HTML-Section\",\"RequestAppliesTo\":\"Rule-Access-When\",\"RequestRuleName\":\"pzRuleFormToolbarDeleteCheckOut\"}" => HTTP 200 (29433 bytes)
[PegaHttpClient] 📡 POST https://zdk8budo.pegaacademy.net/prweb/api/CodeIntelligence/v1/rules/query?pxObjClass=Rule-HTML-Section&appliesTo=Rule-Access-When&pyRuleName=pzRuleFormToolbarDeleteRule&RequestClass=Rule-HTML-Section&RequestAppliesTo=Rule-Access-When&RequestRuleName=pzRuleFormToolbarDeleteRule Payload: "{\"RequestClass\":\"Rule-HTML-Section\",\"RequestAppliesTo\":\"Rule-Access-When\",\"RequestRuleName\":\"pzRuleFormToolbarDeleteRule\"}" => HTTP 200 (32314 bytes)
[PegaHttpClient] 📡 POST https://zdk8budo.pegaacademy.net/prweb/api/CodeIntelligence/v1/rules/query?pxObjClass=Rule-HTML-Section&appliesTo=Rule-Access-When&pyRuleName=pzConfigureConditionsInner&RequestClass=Rule-HTML-Section&RequestAppliesTo=Rule-Access-When&RequestRuleName=pzConfigureConditionsInner Payload: "{\"RequestClass\":\"Rule-HTML-Section\",\"RequestAppliesTo\":\"Rule-Access-When\",\"RequestRuleName\":\"pzConfigureConditionsInner\"}" => HTTP 200 (111675 bytes)
[PegaHttpClient] 📡 POST https://zdk8budo.pegaacademy.net/prweb/api/CodeIntelligence/v1/rules/query?pxObjClass=Rule-HTML-Section&appliesTo=Rule-Access-When&pyRuleName=pzWhenRulePresentation&RequestClass=Rule-HTML-Section&RequestAppliesTo=Rule-Access-When&RequestRuleName=pzWhenRulePresentation Payload: "{\"RequestClass\":\"Rule-HTML-Section\",\"RequestAppliesTo\":\"Rule-Access-When\",\"RequestRuleName\":\"pzWhenRulePresentation\"}" => HTTP 200 (179584 bytes)
[PegaHttpClient] 📡 POST https://zdk8budo.pegaacademy.net/prweb/api/CodeIntelligence/v1/rules/query?pxObjClass=Rule-HTML-Section&appliesTo=Rule-Access-When&pyRuleName=pzPagesAndClassesScript&RequestClass=Rule-HTML-Section&RequestAppliesTo=Rule-Access-When&RequestRuleName=pzPagesAndClassesScript Payload: "{\"RequestClass\":\"Rule-HTML-Section\",\"RequestAppliesTo\":\"Rule-Access-When\",\"RequestRuleName\":\"pzPagesAndClassesScript\"}" => HTTP 200 (24224 bytes)
[PegaHttpClient] 📡 POST https://zdk8budo.pegaacademy.net/prweb/api/CodeIntelligence/v1/rules/query?pxObjClass=Rule-HTML-Section&appliesTo=Rule-Access-When&pyRuleName=pzLoadCollaborationScripts&RequestClass=Rule-HTML-Section&RequestAppliesTo=Rule-Access-When&RequestRuleName=pzLoadCollaborationScripts Payload: "{\"RequestClass\":\"Rule-HTML-Section\",\"RequestAppliesTo\":\"Rule-Access-When\",\"RequestRuleName\":\"pzLoadCollaborationScripts\"}" => HTTP 200 (23453 bytes)
[PegaHttpClient] 📡 POST https://zdk8budo.pegaacademy.net/prweb/api/CodeIntelligence/v1/rules/query?pxObjClass=Rule-HTML-Section&appliesTo=Rule-Access-When&pyRuleName=pzDisplayCollaboratorsList&RequestClass=Rule-HTML-Section&RequestAppliesTo=Rule-Access-When&RequestRuleName=pzDisplayCollaboratorsList Payload: "{\"RequestClass\":\"Rule-HTML-Section\",\"RequestAppliesTo\":\"Rule-Access-When\",\"RequestRuleName\":\"pzDisplayCollaboratorsList\"}" => HTTP 200 (105418 bytes)
[PegaHttpClient] 📡 POST https://zdk8budo.pegaacademy.net/prweb/api/CodeIntelligence/v1/rules/query?pxObjClass=Rule-HTML-Section&appliesTo=Rule-Access-When&pyRuleName=pzConfigureConditionsMenu&RequestClass=Rule-HTML-Section&RequestAppliesTo=Rule-Access-When&RequestRuleName=pzConfigureConditionsMenu Payload: "{\"RequestClass\":\"Rule-HTML-Section\",\"RequestAppliesTo\":\"Rule-Access-When\",\"RequestRuleName\":\"pzConfigureConditionsMenu\"}" => HTTP 200 (30579 bytes)
[PegaHttpClient] 📡 POST https://zdk8budo.pegaacademy.net/prweb/api/CodeIntelligence/v1/rules/query?pxObjClass=Rule-HTML-Section&appliesTo=Rule-Access-When&pyRuleName=pzConditionBuilderStyles&RequestClass=Rule-HTML-Section&RequestAppliesTo=Rule-Access-When&RequestRuleName=pzConditionBuilderStyles Payload: "{\"RequestClass\":\"Rule-HTML-Section\",\"RequestAppliesTo\":\"Rule-Access-When\",\"RequestRuleName\":\"pzConditionBuilderStyles\"}" => HTTP 200 (19790 bytes)
[PegaHttpClient] 📡 POST https://zdk8budo.pegaacademy.net/prweb/api/CodeIntelligence/v1/rules/query?pxObjClass=Rule-HTML-Section&appliesTo=Rule-Access-When&pyRuleName=pyLoadErrorMessagesForGdget&RequestClass=Rule-HTML-Section&RequestAppliesTo=Rule-Access-When&RequestRuleName=pyLoadErrorMessagesForGdget Payload: "{\"RequestClass\":\"Rule-HTML-Section\",\"RequestAppliesTo\":\"Rule-Access-When\",\"RequestRuleName\":\"pyLoadErrorMessagesForGdget\"}" => HTTP 200 (23027 bytes)
[PegaHttpClient] 📡 POST https://zdk8budo.pegaacademy.net/prweb/api/CodeIntelligence/v1/rules/query?pxObjClass=Rule-HTML-Section&appliesTo=Rule-Access-When&pyRuleName=pzDisplayNonAutoGenCondition&RequestClass=Rule-HTML-Section&RequestAppliesTo=Rule-Access-When&RequestRuleName=pzDisplayNonAutoGenCondition Payload: "{\"RequestClass\":\"Rule-HTML-Section\",\"RequestAppliesTo\":\"Rule-Access-When\",\"RequestRuleName\":\"pzDisplayNonAutoGenCondition\"}" => HTTP 200 (68658 bytes)
[PegaHttpClient] 📡 POST https://zdk8budo.pegaacademy.net/prweb/api/CodeIntelligence/v1/rules/query?pxObjClass=Rule-HTML-Section&appliesTo=Rule-Access-When&pyRuleName=pzInnerEmbedConditions&RequestClass=Rule-HTML-Section&RequestAppliesTo=Rule-Access-When&RequestRuleName=pzInnerEmbedConditions Payload: "{\"RequestClass\":\"Rule-HTML-Section\",\"RequestAppliesTo\":\"Rule-Access-When\",\"RequestRuleName\":\"pzInnerEmbedConditions\"}" => HTTP 404 (116 bytes)
[PegaHttpClient] 📡 POST https://zdk8budo.pegaacademy.net/prweb/PRRestService/CodeIntelligence/v1/rules/query?pxObjClass=Rule-HTML-Section&appliesTo=Rule-Access-When&pyRuleName=pzInnerEmbedConditions&RequestClass=Rule-HTML-Section&RequestAppliesTo=Rule-Access-When&RequestRuleName=pzInnerEmbedConditions Payload: "{\"RequestClass\":\"Rule-HTML-Section\",\"RequestAppliesTo\":\"Rule-Access-When\",\"RequestRuleName\":\"pzInnerEmbedConditions\"}" => HTTP 404 (116 bytes)
[PegaHttpClient] 📡 POST https://zdk8budo.pegaacademy.net/prweb/api/HRAppsV2Service/V1/rules/query?pxObjClass=Rule-HTML-Section&appliesTo=Rule-Access-When&pyRuleName=pzInnerEmbedConditions&RequestClass=Rule-HTML-Section&RequestAppliesTo=Rule-Access-When&RequestRuleName=pzInnerEmbedConditions Payload: "{\"RequestClass\":\"Rule-HTML-Section\",\"RequestAppliesTo\":\"Rule-Access-When\",\"RequestRuleName\":\"pzInnerEmbedConditions\"}" => HTTP 404 (18 bytes)
[PegaHttpClient] 📡 POST https://zdk8budo.pegaacademy.net/prweb/PRRestService/HRAppsV2Service/V1/rules/query?pxObjClass=Rule-HTML-Section&appliesTo=Rule-Access-When&pyRuleName=pzInnerEmbedConditions&RequestClass=Rule-HTML-Section&RequestAppliesTo=Rule-Access-When&RequestRuleName=pzInnerEmbedConditions Payload: "{\"RequestClass\":\"Rule-HTML-Section\",\"RequestAppliesTo\":\"Rule-Access-When\",\"RequestRuleName\":\"pzInnerEmbedConditions\"}" => HTTP 404 (18 bytes)
[PegaHttpClient] 📡 POST https://zdk8budo.pegaacademy.net/prweb/api/HRAppsV2/V1/rules/query?pxObjClass=Rule-HTML-Section&appliesTo=Rule-Access-When&pyRuleName=pzInnerEmbedConditions&RequestClass=Rule-HTML-Section&RequestAppliesTo=Rule-Access-When&RequestRuleName=pzInnerEmbedConditions Payload: "{\"RequestClass\":\"Rule-HTML-Section\",\"RequestAppliesTo\":\"Rule-Access-When\",\"RequestRuleName\":\"pzInnerEmbedConditions\"}" => HTTP 404 (18 bytes)
[PegaHttpClient] 📡 POST https://zdk8budo.pegaacademy.net/prweb/PRRestService/HRAppsV2/V1/rules/query?pxObjClass=Rule-HTML-Section&appliesTo=Rule-Access-When&pyRuleName=pzInnerEmbedConditions&RequestClass=Rule-HTML-Section&RequestAppliesTo=Rule-Access-When&RequestRuleName=pzInnerEmbedConditions Payload: "{\"RequestClass\":\"Rule-HTML-Section\",\"RequestAppliesTo\":\"Rule-Access-When\",\"RequestRuleName\":\"pzInnerEmbedConditions\"}" => HTTP 404 (18 bytes)
[PegaHttpClient] 📡 POST https://zdk8budo.pegaacademy.net/prweb/api/v1/rules/query?pxObjClass=Rule-HTML-Section&appliesTo=Rule-Access-When&pyRuleName=pzInnerEmbedConditions&RequestClass=Rule-HTML-Section&RequestAppliesTo=Rule-Access-When&RequestRuleName=pzInnerEmbedConditions Payload: "{\"RequestClass\":\"Rule-HTML-Section\",\"RequestAppliesTo\":\"Rule-Access-When\",\"RequestRuleName\":\"pzInnerEmbedConditions\"}" => HTTP 404 (18 bytes)
[PegaHttpClient] 📡 POST https://zdk8budo.pegaacademy.net/prweb/PRRestService/v1/rules/query?pxObjClass=Rule-HTML-Section&appliesTo=Rule-Access-When&pyRuleName=pzInnerEmbedConditions&RequestClass=Rule-HTML-Section&RequestAppliesTo=Rule-Access-When&RequestRuleName=pzInnerEmbedConditions Payload: "{\"RequestClass\":\"Rule-HTML-Section\",\"RequestAppliesTo\":\"Rule-Access-When\",\"RequestRuleName\":\"pzInnerEmbedConditions\"}" => HTTP 404 (18 bytes)
[PegaHttpClient] 📡 POST https://zdk8budo.pegaacademy.net/prweb/api/CodeIntelligence/v1/rules/query?pxObjClass=Rule-HTML-Section&appliesTo=Rule-Access-When&pyRuleName=pzDisplayAdvancedConditions&RequestClass=Rule-HTML-Section&RequestAppliesTo=Rule-Access-When&RequestRuleName=pzDisplayAdvancedConditions Payload: "{\"RequestClass\":\"Rule-HTML-Section\",\"RequestAppliesTo\":\"Rule-Access-When\",\"RequestRuleName\":\"pzDisplayAdvancedConditions\"}" => HTTP 200 (61534 bytes)
[PegaHttpClient] 📡 POST https://zdk8budo.pegaacademy.net/prweb/api/CodeIntelligence/v1/rules/query?pxObjClass=Rule-HTML-Section&appliesTo=Rule-Access-When&pyRuleName=pyCollaborator&RequestClass=Rule-HTML-Section&RequestAppliesTo=Rule-Access-When&RequestRuleName=pyCollaborator Payload: "{\"RequestClass\":\"Rule-HTML-Section\",\"RequestAppliesTo\":\"Rule-Access-When\",\"RequestRuleName\":\"pyCollaborator\"}" => HTTP 404 (108 bytes)
[PegaHttpClient] 📡 POST https://zdk8budo.pegaacademy.net/prweb/PRRestService/CodeIntelligence/v1/rules/query?pxObjClass=Rule-HTML-Section&appliesTo=Rule-Access-When&pyRuleName=pyCollaborator&RequestClass=Rule-HTML-Section&RequestAppliesTo=Rule-Access-When&RequestRuleName=pyCollaborator Payload: "{\"RequestClass\":\"Rule-HTML-Section\",\"RequestAppliesTo\":\"Rule-Access-When\",\"RequestRuleName\":\"pyCollaborator\"}" => HTTP 404 (108 bytes)
[PegaHttpClient] 📡 POST https://zdk8budo.pegaacademy.net/prweb/api/HRAppsV2Service/V1/rules/query?pxObjClass=Rule-HTML-Section&appliesTo=Rule-Access-When&pyRuleName=pyCollaborator&RequestClass=Rule-HTML-Section&RequestAppliesTo=Rule-Access-When&RequestRuleName=pyCollaborator Payload: "{\"RequestClass\":\"Rule-HTML-Section\",\"RequestAppliesTo\":\"Rule-Access-When\",\"RequestRuleName\":\"pyCollaborator\"}" => HTTP 404 (18 bytes)
[PegaHttpClient] 📡 POST https://zdk8budo.pegaacademy.net/prweb/PRRestService/HRAppsV2Service/V1/rules/query?pxObjClass=Rule-HTML-Section&appliesTo=Rule-Access-When&pyRuleName=pyCollaborator&RequestClass=Rule-HTML-Section&RequestAppliesTo=Rule-Access-When&RequestRuleName=pyCollaborator Payload: "{\"RequestClass\":\"Rule-HTML-Section\",\"RequestAppliesTo\":\"Rule-Access-When\",\"RequestRuleName\":\"pyCollaborator\"}" => HTTP 404 (18 bytes)
[PegaHttpClient] 📡 POST https://zdk8budo.pegaacademy.net/prweb/api/HRAppsV2/V1/rules/query?pxObjClass=Rule-HTML-Section&appliesTo=Rule-Access-When&pyRuleName=pyCollaborator&RequestClass=Rule-HTML-Section&RequestAppliesTo=Rule-Access-When&RequestRuleName=pyCollaborator Payload: "{\"RequestClass\":\"Rule-HTML-Section\",\"RequestAppliesTo\":\"Rule-Access-When\",\"RequestRuleName\":\"pyCollaborator\"}" => HTTP 404 (18 bytes)
[PegaHttpClient] 📡 POST https://zdk8budo.pegaacademy.net/prweb/PRRestService/HRAppsV2/V1/rules/query?pxObjClass=Rule-HTML-Section&appliesTo=Rule-Access-When&pyRuleName=pyCollaborator&RequestClass=Rule-HTML-Section&RequestAppliesTo=Rule-Access-When&RequestRuleName=pyCollaborator Payload: "{\"RequestClass\":\"Rule-HTML-Section\",\"RequestAppliesTo\":\"Rule-Access-When\",\"RequestRuleName\":\"pyCollaborator\"}" => HTTP 404 (18 bytes)
[PegaHttpClient] 📡 POST https://zdk8budo.pegaacademy.net/prweb/api/v1/rules/query?pxObjClass=Rule-HTML-Section&appliesTo=Rule-Access-When&pyRuleName=pyCollaborator&RequestClass=Rule-HTML-Section&RequestAppliesTo=Rule-Access-When&RequestRuleName=pyCollaborator Payload: "{\"RequestClass\":\"Rule-HTML-Section\",\"RequestAppliesTo\":\"Rule-Access-When\",\"RequestRuleName\":\"pyCollaborator\"}" => HTTP 404 (18 bytes)
[PegaHttpClient] 📡 POST https://zdk8budo.pegaacademy.net/prweb/PRRestService/v1/rules/query?pxObjClass=Rule-HTML-Section&appliesTo=Rule-Access-When&pyRuleName=pyCollaborator&RequestClass=Rule-HTML-Section&RequestAppliesTo=Rule-Access-When&RequestRuleName=pyCollaborator Payload: "{\"RequestClass\":\"Rule-HTML-Section\",\"RequestAppliesTo\":\"Rule-Access-When\",\"RequestRuleName\":\"pyCollaborator\"}" => HTTP 404 (18 bytes)
[PegaHttpClient] 📡 POST https://zdk8budo.pegaacademy.net/prweb/api/CodeIntelligence/v1/rules/query?pxObjClass=Rule-HTML-Section&appliesTo=Rule-Access-When&pyRuleName=pzDisplayPartialCount&RequestClass=Rule-HTML-Section&RequestAppliesTo=Rule-Access-When&RequestRuleName=pzDisplayPartialCount Payload: "{\"RequestClass\":\"Rule-HTML-Section\",\"RequestAppliesTo\":\"Rule-Access-When\",\"RequestRuleName\":\"pzDisplayPartialCount\"}" => HTTP 404 (115 bytes)
[PegaHttpClient] 📡 POST https://zdk8budo.pegaacademy.net/prweb/PRRestService/CodeIntelligence/v1/rules/query?pxObjClass=Rule-HTML-Section&appliesTo=Rule-Access-When&pyRuleName=pzDisplayPartialCount&RequestClass=Rule-HTML-Section&RequestAppliesTo=Rule-Access-When&RequestRuleName=pzDisplayPartialCount Payload: "{\"RequestClass\":\"Rule-HTML-Section\",\"RequestAppliesTo\":\"Rule-Access-When\",\"RequestRuleName\":\"pzDisplayPartialCount\"}" => HTTP 404 (115 bytes)
[PegaHttpClient] 📡 POST https://zdk8budo.pegaacademy.net/prweb/api/HRAppsV2Service/V1/rules/query?pxObjClass=Rule-HTML-Section&appliesTo=Rule-Access-When&pyRuleName=pzDisplayPartialCount&RequestClass=Rule-HTML-Section&RequestAppliesTo=Rule-Access-When&RequestRuleName=pzDisplayPartialCount Payload: "{\"RequestClass\":\"Rule-HTML-Section\",\"RequestAppliesTo\":\"Rule-Access-When\",\"RequestRuleName\":\"pzDisplayPartialCount\"}" => HTTP 404 (18 bytes)
[PegaHttpClient] 📡 POST https://zdk8budo.pegaacademy.net/prweb/PRRestService/HRAppsV2Service/V1/rules/query?pxObjClass=Rule-HTML-Section&appliesTo=Rule-Access-When&pyRuleName=pzDisplayPartialCount&RequestClass=Rule-HTML-Section&RequestAppliesTo=Rule-Access-When&RequestRuleName=pzDisplayPartialCount Payload: "{\"RequestClass\":\"Rule-HTML-Section\",\"RequestAppliesTo\":\"Rule-Access-When\",\"RequestRuleName\":\"pzDisplayPartialCount\"}" => HTTP 404 (18 bytes)
[PegaHttpClient] 📡 POST https://zdk8budo.pegaacademy.net/prweb/api/HRAppsV2/V1/rules/query?pxObjClass=Rule-HTML-Section&appliesTo=Rule-Access-When&pyRuleName=pzDisplayPartialCount&RequestClass=Rule-HTML-Section&RequestAppliesTo=Rule-Access-When&RequestRuleName=pzDisplayPartialCount Payload: "{\"RequestClass\":\"Rule-HTML-Section\",\"RequestAppliesTo\":\"Rule-Access-When\",\"RequestRuleName\":\"pzDisplayPartialCount\"}" => HTTP 404 (18 bytes)
[PegaHttpClient] 📡 POST https://zdk8budo.pegaacademy.net/prweb/PRRestService/HRAppsV2/V1/rules/query?pxObjClass=Rule-HTML-Section&appliesTo=Rule-Access-When&pyRuleName=pzDisplayPartialCount&RequestClass=Rule-HTML-Section&RequestAppliesTo=Rule-Access-When&RequestRuleName=pzDisplayPartialCount Payload: "{\"RequestClass\":\"Rule-HTML-Section\",\"RequestAppliesTo\":\"Rule-Access-When\",\"RequestRuleName\":\"pzDisplayPartialCount\"}" => HTTP 404 (18 bytes)
[PegaHttpClient] 📡 POST https://zdk8budo.pegaacademy.net/prweb/api/v1/rules/query?pxObjClass=Rule-HTML-Section&appliesTo=Rule-Access-When&pyRuleName=pzDisplayPartialCount&RequestClass=Rule-HTML-Section&RequestAppliesTo=Rule-Access-When&RequestRuleName=pzDisplayPartialCount Payload: "{\"RequestClass\":\"Rule-HTML-Section\",\"RequestAppliesTo\":\"Rule-Access-When\",\"RequestRuleName\":\"pzDisplayPartialCount\"}" => HTTP 404 (18 bytes)
[PegaHttpClient] 📡 POST https://zdk8budo.pegaacademy.net/prweb/PRRestService/v1/rules/query?pxObjClass=Rule-HTML-Section&appliesTo=Rule-Access-When&pyRuleName=pzDisplayPartialCount&RequestClass=Rule-HTML-Section&RequestAppliesTo=Rule-Access-When&RequestRuleName=pzDisplayPartialCount Payload: "{\"RequestClass\":\"Rule-HTML-Section\",\"RequestAppliesTo\":\"Rule-Access-When\",\"RequestRuleName\":\"pzDisplayPartialCount\"}" => HTTP 404 (18 bytes)
[PegaHttpClient] 📡 POST https://zdk8budo.pegaacademy.net/prweb/api/CodeIntelligence/v1/rules/query?pxObjClass=Rule-HTML-Section&appliesTo=Rule-Access-When&pyRuleName=pzOpenWhenRuleInDS&RequestClass=Rule-HTML-Section&RequestAppliesTo=Rule-Access-When&RequestRuleName=pzOpenWhenRuleInDS Payload: "{\"RequestClass\":\"Rule-HTML-Section\",\"RequestAppliesTo\":\"Rule-Access-When\",\"RequestRuleName\":\"pzOpenWhenRuleInDS\"}" => HTTP 200 (35681 bytes)
[PegaHttpClient] 📡 POST https://zdk8budo.pegaacademy.net/prweb/api/CodeIntelligence/v1/rules/query?pxObjClass=Rule-HTML-Section&appliesTo=Rule-Access-When&pyRuleName=pzInnerEmbedConditions&RequestClass=Rule-HTML-Section&RequestAppliesTo=Rule-Access-When&RequestRuleName=pzInnerEmbedConditions Payload: "{\"RequestClass\":\"Rule-HTML-Section\",\"RequestAppliesTo\":\"Rule-Access-When\",\"RequestRuleName\":\"pzInnerEmbedConditions\"}" => HTTP 404 (116 bytes)
[PegaHttpClient] 📡 POST https://zdk8budo.pegaacademy.net/prweb/PRRestService/CodeIntelligence/v1/rules/query?pxObjClass=Rule-HTML-Section&appliesTo=Rule-Access-When&pyRuleName=pzInnerEmbedConditions&RequestClass=Rule-HTML-Section&RequestAppliesTo=Rule-Access-When&RequestRuleName=pzInnerEmbedConditions Payload: "{\"RequestClass\":\"Rule-HTML-Section\",\"RequestAppliesTo\":\"Rule-Access-When\",\"RequestRuleName\":\"pzInnerEmbedConditions\"}" => HTTP 404 (116 bytes)
[PegaHttpClient] 📡 POST https://zdk8budo.pegaacademy.net/prweb/api/HRAppsV2Service/V1/rules/query?pxObjClass=Rule-HTML-Section&appliesTo=Rule-Access-When&pyRuleName=pzInnerEmbedConditions&RequestClass=Rule-HTML-Section&RequestAppliesTo=Rule-Access-When&RequestRuleName=pzInnerEmbedConditions Payload: "{\"RequestClass\":\"Rule-HTML-Section\",\"RequestAppliesTo\":\"Rule-Access-When\",\"RequestRuleName\":\"pzInnerEmbedConditions\"}" => HTTP 404 (18 bytes)
[PegaHttpClient] 📡 POST https://zdk8budo.pegaacademy.net/prweb/PRRestService/HRAppsV2Service/V1/rules/query?pxObjClass=Rule-HTML-Section&appliesTo=Rule-Access-When&pyRuleName=pzInnerEmbedConditions&RequestClass=Rule-HTML-Section&RequestAppliesTo=Rule-Access-When&RequestRuleName=pzInnerEmbedConditions Payload: "{\"RequestClass\":\"Rule-HTML-Section\",\"RequestAppliesTo\":\"Rule-Access-When\",\"RequestRuleName\":\"pzInnerEmbedConditions\"}" => HTTP 404 (18 bytes)
[PegaHttpClient] 📡 POST https://zdk8budo.pegaacademy.net/prweb/api/HRAppsV2/V1/rules/query?pxObjClass=Rule-HTML-Section&appliesTo=Rule-Access-When&pyRuleName=pzInnerEmbedConditions&RequestClass=Rule-HTML-Section&RequestAppliesTo=Rule-Access-When&RequestRuleName=pzInnerEmbedConditions Payload: "{\"RequestClass\":\"Rule-HTML-Section\",\"RequestAppliesTo\":\"Rule-Access-When\",\"RequestRuleName\":\"pzInnerEmbedConditions\"}" => HTTP 404 (18 bytes)
[PegaHttpClient] 📡 POST https://zdk8budo.pegaacademy.net/prweb/PRRestService/HRAppsV2/V1/rules/query?pxObjClass=Rule-HTML-Section&appliesTo=Rule-Access-When&pyRuleName=pzInnerEmbedConditions&RequestClass=Rule-HTML-Section&RequestAppliesTo=Rule-Access-When&RequestRuleName=pzInnerEmbedConditions Payload: "{\"RequestClass\":\"Rule-HTML-Section\",\"RequestAppliesTo\":\"Rule-Access-When\",\"RequestRuleName\":\"pzInnerEmbedConditions\"}" => HTTP 404 (18 bytes)
[PegaHttpClient] 📡 POST https://zdk8budo.pegaacademy.net/prweb/api/v1/rules/query?pxObjClass=Rule-HTML-Section&appliesTo=Rule-Access-When&pyRuleName=pzInnerEmbedConditions&RequestClass=Rule-HTML-Section&RequestAppliesTo=Rule-Access-When&RequestRuleName=pzInnerEmbedConditions Payload: "{\"RequestClass\":\"Rule-HTML-Section\",\"RequestAppliesTo\":\"Rule-Access-When\",\"RequestRuleName\":\"pzInnerEmbedConditions\"}" => HTTP 404 (18 bytes)
[PegaHttpClient] 📡 POST https://zdk8budo.pegaacademy.net/prweb/PRRestService/v1/rules/query?pxObjClass=Rule-HTML-Section&appliesTo=Rule-Access-When&pyRuleName=pzInnerEmbedConditions&RequestClass=Rule-HTML-Section&RequestAppliesTo=Rule-Access-When&RequestRuleName=pzInnerEmbedConditions Payload: "{\"RequestClass\":\"Rule-HTML-Section\",\"RequestAppliesTo\":\"Rule-Access-When\",\"RequestRuleName\":\"pzInnerEmbedConditions\"}" => HTTP 404 (18 bytes)
[PegaHttpClient] 📡 POST https://zdk8budo.pegaacademy.net/prweb/api/CodeIntelligence/v1/rules/query?pxObjClass=Rule-HTML-Section&appliesTo=Rule-Access-When&pyRuleName=pzDisplayLogicStringInCB&RequestClass=Rule-HTML-Section&RequestAppliesTo=Rule-Access-When&RequestRuleName=pzDisplayLogicStringInCB Payload: "{\"RequestClass\":\"Rule-HTML-Section\",\"RequestAppliesTo\":\"Rule-Access-When\",\"RequestRuleName\":\"pzDisplayLogicStringInCB\"}" => HTTP 200 (35234 bytes)
[SchemaGen] ✅ Schema written for Rule-Access-When
[PegaHttpClient] 📡 GET https://zdk8budo.pegaacademy.net/prweb/api/CodeIntelligence/v1/rules/RULE-HTML-HARNESS%20RULE-ACCESS-ROLE-OBJ%20RULEFORM%20%2320180713T135118.931%20GMT => HTTP 200 (30679 bytes)
[PegaHttpClient] 📡 POST https://zdk8budo.pegaacademy.net/prweb/api/CodeIntelligence/v1/rules/query?pxObjClass=Rule-HTML-Section&appliesTo=Rule-Access-Role-Obj&pyRuleName=RuleFormMain&RequestClass=Rule-HTML-Section&RequestAppliesTo=Rule-Access-Role-Obj&RequestRuleName=RuleFormMain Payload: "{\"RequestClass\":\"Rule-HTML-Section\",\"RequestAppliesTo\":\"Rule-Access-Role-Obj\",\"RequestRuleName\":\"RuleFormMain\"}" => HTTP 200 (156234 bytes)
[PegaHttpClient] 📡 POST https://zdk8budo.pegaacademy.net/prweb/api/CodeIntelligence/v1/rules/query?pxObjClass=Rule-HTML-Section&appliesTo=Rule-Access-Role-Obj&pyRuleName=pxAlternateRuleForm&RequestClass=Rule-HTML-Section&RequestAppliesTo=Rule-Access-Role-Obj&RequestRuleName=pxAlternateRuleForm Payload: "{\"RequestClass\":\"Rule-HTML-Section\",\"RequestAppliesTo\":\"Rule-Access-Role-Obj\",\"RequestRuleName\":\"pxAlternateRuleForm\"}" => HTTP 200 (66153 bytes)
[PegaHttpClient] 📡 POST https://zdk8budo.pegaacademy.net/prweb/api/CodeIntelligence/v1/rules/query?pxObjClass=Rule-HTML-Section&appliesTo=Rule-Access-Role-Obj&pyRuleName=pzRuleFormScripts&RequestClass=Rule-HTML-Section&RequestAppliesTo=Rule-Access-Role-Obj&RequestRuleName=pzRuleFormScripts Payload: "{\"RequestClass\":\"Rule-HTML-Section\",\"RequestAppliesTo\":\"Rule-Access-Role-Obj\",\"RequestRuleName\":\"pzRuleFormScripts\"}" => HTTP 200 (40822 bytes)
[PegaHttpClient] 📡 POST https://zdk8budo.pegaacademy.net/prweb/api/CodeIntelligence/v1/rules/query?pxObjClass=Rule-HTML-Section&appliesTo=Rule-Access-Role-Obj&pyRuleName=pzRuleFormLayoutDelegated&RequestClass=Rule-HTML-Section&RequestAppliesTo=Rule-Access-Role-Obj&RequestRuleName=pzRuleFormLayoutDelegated Payload: "{\"RequestClass\":\"Rule-HTML-Section\",\"RequestAppliesTo\":\"Rule-Access-Role-Obj\",\"RequestRuleName\":\"pzRuleFormLayoutDelegated\"}" => HTTP 200 (70998 bytes)
[PegaHttpClient] 📡 POST https://zdk8budo.pegaacademy.net/prweb/api/CodeIntelligence/v1/rules/query?pxObjClass=Rule-HTML-Section&appliesTo=Rule-Access-Role-Obj&pyRuleName=RuleFormLayout&RequestClass=Rule-HTML-Section&RequestAppliesTo=Rule-Access-Role-Obj&RequestRuleName=RuleFormLayout Payload: "{\"RequestClass\":\"Rule-HTML-Section\",\"RequestAppliesTo\":\"Rule-Access-Role-Obj\",\"RequestRuleName\":\"RuleFormLayout\"}" => HTTP 200 (80371 bytes)
[PegaHttpClient] 📡 POST https://zdk8budo.pegaacademy.net/prweb/api/CodeIntelligence/v1/rules/query?pxObjClass=Rule-HTML-Section&appliesTo=Rule-Access-Role-Obj&pyRuleName=RuleFormSettings&RequestClass=Rule-HTML-Section&RequestAppliesTo=Rule-Access-Role-Obj&RequestRuleName=RuleFormSettings Payload: "{\"RequestClass\":\"Rule-HTML-Section\",\"RequestAppliesTo\":\"Rule-Access-Role-Obj\",\"RequestRuleName\":\"RuleFormSettings\"}" => HTTP 200 (20540 bytes)
[PegaHttpClient] 📡 POST https://zdk8budo.pegaacademy.net/prweb/api/CodeIntelligence/v1/rules/query?pxObjClass=Rule-HTML-Section&appliesTo=Rule-Access-Role-Obj&pyRuleName=OpenAuthoring&RequestClass=Rule-HTML-Section&RequestAppliesTo=Rule-Access-Role-Obj&RequestRuleName=OpenAuthoring Payload: "{\"RequestClass\":\"Rule-HTML-Section\",\"RequestAppliesTo\":\"Rule-Access-Role-Obj\",\"RequestRuleName\":\"OpenAuthoring\"}" => HTTP 200 (23695 bytes)
[PegaHttpClient] 📡 POST https://zdk8budo.pegaacademy.net/prweb/api/CodeIntelligence/v1/rules/query?pxObjClass=Rule-HTML-Section&appliesTo=Rule-Access-Role-Obj&pyRuleName=pyCustomHelp&RequestClass=Rule-HTML-Section&RequestAppliesTo=Rule-Access-Role-Obj&RequestRuleName=pyCustomHelp Payload: "{\"RequestClass\":\"Rule-HTML-Section\",\"RequestAppliesTo\":\"Rule-Access-Role-Obj\",\"RequestRuleName\":\"pyCustomHelp\"}" => HTTP 200 (17256 bytes)
[PegaHttpClient] 📡 POST https://zdk8budo.pegaacademy.net/prweb/api/CodeIntelligence/v1/rules/query?pxObjClass=Rule-HTML-Section&appliesTo=Rule-Access-Role-Obj&pyRuleName=pzRuleformMainInclude&RequestClass=Rule-HTML-Section&RequestAppliesTo=Rule-Access-Role-Obj&RequestRuleName=pzRuleformMainInclude Payload: "{\"RequestClass\":\"Rule-HTML-Section\",\"RequestAppliesTo\":\"Rule-Access-Role-Obj\",\"RequestRuleName\":\"pzRuleformMainInclude\"}" => HTTP 200 (22375 bytes)
[PegaHttpClient] 📡 POST https://zdk8budo.pegaacademy.net/prweb/api/CodeIntelligence/v1/rules/query?pxObjClass=Rule-HTML-Section&appliesTo=Rule-Access-Role-Obj&pyRuleName=pyAlternativeRuleFormStrategicAppExtension&RequestClass=Rule-HTML-Section&RequestAppliesTo=Rule-Access-Role-Obj&RequestRuleName=pyAlternativeRuleFormStrategicAppExtension Payload: "{\"RequestClass\":\"Rule-HTML-Section\",\"RequestAppliesTo\":\"Rule-Access-Role-Obj\",\"RequestRuleName\":\"pyAlternativeRuleFormStrategicAppExtension\"}" => HTTP 200 (25042 bytes)
[PegaHttpClient] 📡 POST https://zdk8budo.pegaacademy.net/prweb/api/CodeIntelligence/v1/rules/query?pxObjClass=Rule-HTML-Section&appliesTo=Rule-Access-Role-Obj&pyRuleName=pyAlternativeRuleFormExtension&RequestClass=Rule-HTML-Section&RequestAppliesTo=Rule-Access-Role-Obj&RequestRuleName=pyAlternativeRuleFormExtension Payload: "{\"RequestClass\":\"Rule-HTML-Section\",\"RequestAppliesTo\":\"Rule-Access-Role-Obj\",\"RequestRuleName\":\"pyAlternativeRuleFormExtension\"}" => HTTP 200 (24863 bytes)
[PegaHttpClient] 📡 POST https://zdk8budo.pegaacademy.net/prweb/api/CodeIntelligence/v1/rules/query?pxObjClass=Rule-HTML-Section&appliesTo=Rule-Access-Role-Obj&pyRuleName=RuleFormHeader&RequestClass=Rule-HTML-Section&RequestAppliesTo=Rule-Access-Role-Obj&RequestRuleName=RuleFormHeader Payload: "{\"RequestClass\":\"Rule-HTML-Section\",\"RequestAppliesTo\":\"Rule-Access-Role-Obj\",\"RequestRuleName\":\"RuleFormHeader\"}" => HTTP 200 (183800 bytes)
[PegaHttpClient] 📡 POST https://zdk8budo.pegaacademy.net/prweb/api/CodeIntelligence/v1/rules/query?pxObjClass=Rule-HTML-Section&appliesTo=Rule-Access-Role-Obj&pyRuleName=pzDelegationExperience&RequestClass=Rule-HTML-Section&RequestAppliesTo=Rule-Access-Role-Obj&RequestRuleName=pzDelegationExperience Payload: "{\"RequestClass\":\"Rule-HTML-Section\",\"RequestAppliesTo\":\"Rule-Access-Role-Obj\",\"RequestRuleName\":\"pzDelegationExperience\"}" => HTTP 404 (120 bytes)
[PegaHttpClient] 📡 POST https://zdk8budo.pegaacademy.net/prweb/PRRestService/CodeIntelligence/v1/rules/query?pxObjClass=Rule-HTML-Section&appliesTo=Rule-Access-Role-Obj&pyRuleName=pzDelegationExperience&RequestClass=Rule-HTML-Section&RequestAppliesTo=Rule-Access-Role-Obj&RequestRuleName=pzDelegationExperience Payload: "{\"RequestClass\":\"Rule-HTML-Section\",\"RequestAppliesTo\":\"Rule-Access-Role-Obj\",\"RequestRuleName\":\"pzDelegationExperience\"}" => HTTP 404 (120 bytes)
[PegaHttpClient] 📡 POST https://zdk8budo.pegaacademy.net/prweb/api/HRAppsV2Service/V1/rules/query?pxObjClass=Rule-HTML-Section&appliesTo=Rule-Access-Role-Obj&pyRuleName=pzDelegationExperience&RequestClass=Rule-HTML-Section&RequestAppliesTo=Rule-Access-Role-Obj&RequestRuleName=pzDelegationExperience Payload: "{\"RequestClass\":\"Rule-HTML-Section\",\"RequestAppliesTo\":\"Rule-Access-Role-Obj\",\"RequestRuleName\":\"pzDelegationExperience\"}" => HTTP 404 (18 bytes)
[PegaHttpClient] 📡 POST https://zdk8budo.pegaacademy.net/prweb/PRRestService/HRAppsV2Service/V1/rules/query?pxObjClass=Rule-HTML-Section&appliesTo=Rule-Access-Role-Obj&pyRuleName=pzDelegationExperience&RequestClass=Rule-HTML-Section&RequestAppliesTo=Rule-Access-Role-Obj&RequestRuleName=pzDelegationExperience Payload: "{\"RequestClass\":\"Rule-HTML-Section\",\"RequestAppliesTo\":\"Rule-Access-Role-Obj\",\"RequestRuleName\":\"pzDelegationExperience\"}" => HTTP 404 (18 bytes)
[PegaHttpClient] 📡 POST https://zdk8budo.pegaacademy.net/prweb/api/HRAppsV2/V1/rules/query?pxObjClass=Rule-HTML-Section&appliesTo=Rule-Access-Role-Obj&pyRuleName=pzDelegationExperience&RequestClass=Rule-HTML-Section&RequestAppliesTo=Rule-Access-Role-Obj&RequestRuleName=pzDelegationExperience Payload: "{\"RequestClass\":\"Rule-HTML-Section\",\"RequestAppliesTo\":\"Rule-Access-Role-Obj\",\"RequestRuleName\":\"pzDelegationExperience\"}" => HTTP 404 (18 bytes)
[PegaHttpClient] 📡 POST https://zdk8budo.pegaacademy.net/prweb/PRRestService/HRAppsV2/V1/rules/query?pxObjClass=Rule-HTML-Section&appliesTo=Rule-Access-Role-Obj&pyRuleName=pzDelegationExperience&RequestClass=Rule-HTML-Section&RequestAppliesTo=Rule-Access-Role-Obj&RequestRuleName=pzDelegationExperience Payload: "{\"RequestClass\":\"Rule-HTML-Section\",\"RequestAppliesTo\":\"Rule-Access-Role-Obj\",\"RequestRuleName\":\"pzDelegationExperience\"}" => HTTP 404 (18 bytes)
[PegaHttpClient] 📡 POST https://zdk8budo.pegaacademy.net/prweb/api/v1/rules/query?pxObjClass=Rule-HTML-Section&appliesTo=Rule-Access-Role-Obj&pyRuleName=pzDelegationExperience&RequestClass=Rule-HTML-Section&RequestAppliesTo=Rule-Access-Role-Obj&RequestRuleName=pzDelegationExperience Payload: "{\"RequestClass\":\"Rule-HTML-Section\",\"RequestAppliesTo\":\"Rule-Access-Role-Obj\",\"RequestRuleName\":\"pzDelegationExperience\"}" => HTTP 404 (18 bytes)
[PegaHttpClient] 📡 POST https://zdk8budo.pegaacademy.net/prweb/PRRestService/v1/rules/query?pxObjClass=Rule-HTML-Section&appliesTo=Rule-Access-Role-Obj&pyRuleName=pzDelegationExperience&RequestClass=Rule-HTML-Section&RequestAppliesTo=Rule-Access-Role-Obj&RequestRuleName=pzDelegationExperience Payload: "{\"RequestClass\":\"Rule-HTML-Section\",\"RequestAppliesTo\":\"Rule-Access-Role-Obj\",\"RequestRuleName\":\"pzDelegationExperience\"}" => HTTP 404 (18 bytes)
[PegaHttpClient] 📡 POST https://zdk8budo.pegaacademy.net/prweb/api/CodeIntelligence/v1/rules/query?pxObjClass=Rule-HTML-Section&appliesTo=Rule-Access-Role-Obj&pyRuleName=Security&RequestClass=Rule-HTML-Section&RequestAppliesTo=Rule-Access-Role-Obj&RequestRuleName=Security Payload: "{\"RequestClass\":\"Rule-HTML-Section\",\"RequestAppliesTo\":\"Rule-Access-Role-Obj\",\"RequestRuleName\":\"Security\"}" => HTTP 200 (46728 bytes)
[PegaHttpClient] 📡 POST https://zdk8budo.pegaacademy.net/prweb/api/CodeIntelligence/v1/rules/query?pxObjClass=Rule-HTML-Section&appliesTo=Rule-Access-Role-Obj&pyRuleName=Privileges&RequestClass=Rule-HTML-Section&RequestAppliesTo=Rule-Access-Role-Obj&RequestRuleName=Privileges Payload: "{\"RequestClass\":\"Rule-HTML-Section\",\"RequestAppliesTo\":\"Rule-Access-Role-Obj\",\"RequestRuleName\":\"Privileges\"}" => HTTP 200 (65679 bytes)
[PegaHttpClient] 📡 POST https://zdk8budo.pegaacademy.net/prweb/api/CodeIntelligence/v1/rules/query?pxObjClass=Rule-HTML-Section&appliesTo=Rule-Access-Role-Obj&pyRuleName=Settings&RequestClass=Rule-HTML-Section&RequestAppliesTo=Rule-Access-Role-Obj&RequestRuleName=Settings Payload: "{\"RequestClass\":\"Rule-HTML-Section\",\"RequestAppliesTo\":\"Rule-Access-Role-Obj\",\"RequestRuleName\":\"Settings\"}" => HTTP 200 (49163 bytes)
[PegaHttpClient] 📡 POST https://zdk8budo.pegaacademy.net/prweb/api/CodeIntelligence/v1/rules/query?pxObjClass=Rule-HTML-Section&appliesTo=Rule-Access-Role-Obj&pyRuleName=pzSpecifications&RequestClass=Rule-HTML-Section&RequestAppliesTo=Rule-Access-Role-Obj&RequestRuleName=pzSpecifications Payload: "{\"RequestClass\":\"Rule-HTML-Section\",\"RequestAppliesTo\":\"Rule-Access-Role-Obj\",\"RequestRuleName\":\"pzSpecifications\"}" => HTTP 200 (16577 bytes)
[PegaHttpClient] 📡 POST https://zdk8budo.pegaacademy.net/prweb/api/CodeIntelligence/v1/rules/query?pxObjClass=Rule-HTML-Section&appliesTo=Rule-Access-Role-Obj&pyRuleName=RuleFormHistory&RequestClass=Rule-HTML-Section&RequestAppliesTo=Rule-Access-Role-Obj&RequestRuleName=RuleFormHistory Payload: "{\"RequestClass\":\"Rule-HTML-Section\",\"RequestAppliesTo\":\"Rule-Access-Role-Obj\",\"RequestRuleName\":\"RuleFormHistory\"}" => HTTP 200 (76091 bytes)
[PegaHttpClient] 📡 POST https://zdk8budo.pegaacademy.net/prweb/api/CodeIntelligence/v1/rules/query?pxObjClass=Rule-HTML-Section&appliesTo=Rule-Access-Role-Obj&pyRuleName=pzCustomHelp&RequestClass=Rule-HTML-Section&RequestAppliesTo=Rule-Access-Role-Obj&RequestRuleName=pzCustomHelp Payload: "{\"RequestClass\":\"Rule-HTML-Section\",\"RequestAppliesTo\":\"Rule-Access-Role-Obj\",\"RequestRuleName\":\"pzCustomHelp\"}" => HTTP 200 (31573 bytes)
[PegaHttpClient] 📡 POST https://zdk8budo.pegaacademy.net/prweb/api/CodeIntelligence/v1/rules/query?pxObjClass=Rule-HTML-Section&appliesTo=Rule-Access-Role-Obj&pyRuleName=pzRuleFormKeysAndDescription&RequestClass=Rule-HTML-Section&RequestAppliesTo=Rule-Access-Role-Obj&RequestRuleName=pzRuleFormKeysAndDescription Payload: "{\"RequestClass\":\"Rule-HTML-Section\",\"RequestAppliesTo\":\"Rule-Access-Role-Obj\",\"RequestRuleName\":\"pzRuleFormKeysAndDescription\"}" => HTTP 200 (218057 bytes)
[PegaHttpClient] 📡 POST https://zdk8budo.pegaacademy.net/prweb/api/CodeIntelligence/v1/rules/query?pxObjClass=Rule-HTML-Section&appliesTo=Rule-Access-Role-Obj&pyRuleName=pzRuleFormRuleset&RequestClass=Rule-HTML-Section&RequestAppliesTo=Rule-Access-Role-Obj&RequestRuleName=pzRuleFormRuleset Payload: "{\"RequestClass\":\"Rule-HTML-Section\",\"RequestAppliesTo\":\"Rule-Access-Role-Obj\",\"RequestRuleName\":\"pzRuleFormRuleset\"}" => HTTP 200 (33985 bytes)
[PegaHttpClient] 📡 POST https://zdk8budo.pegaacademy.net/prweb/api/CodeIntelligence/v1/rules/query?pxObjClass=Rule-HTML-Section&appliesTo=Rule-Access-Role-Obj&pyRuleName=undefined&RequestClass=Rule-HTML-Section&RequestAppliesTo=Rule-Access-Role-Obj&RequestRuleName=undefined Payload: "{\"RequestClass\":\"Rule-HTML-Section\",\"RequestAppliesTo\":\"Rule-Access-Role-Obj\",\"RequestRuleName\":\"undefined\"}" => HTTP 404 (107 bytes)
[PegaHttpClient] 📡 POST https://zdk8budo.pegaacademy.net/prweb/PRRestService/CodeIntelligence/v1/rules/query?pxObjClass=Rule-HTML-Section&appliesTo=Rule-Access-Role-Obj&pyRuleName=undefined&RequestClass=Rule-HTML-Section&RequestAppliesTo=Rule-Access-Role-Obj&RequestRuleName=undefined Payload: "{\"RequestClass\":\"Rule-HTML-Section\",\"RequestAppliesTo\":\"Rule-Access-Role-Obj\",\"RequestRuleName\":\"undefined\"}" => HTTP 404 (107 bytes)
[PegaHttpClient] 📡 POST https://zdk8budo.pegaacademy.net/prweb/api/HRAppsV2Service/V1/rules/query?pxObjClass=Rule-HTML-Section&appliesTo=Rule-Access-Role-Obj&pyRuleName=undefined&RequestClass=Rule-HTML-Section&RequestAppliesTo=Rule-Access-Role-Obj&RequestRuleName=undefined Payload: "{\"RequestClass\":\"Rule-HTML-Section\",\"RequestAppliesTo\":\"Rule-Access-Role-Obj\",\"RequestRuleName\":\"undefined\"}" => HTTP 404 (18 bytes)
[PegaHttpClient] 📡 POST https://zdk8budo.pegaacademy.net/prweb/PRRestService/HRAppsV2Service/V1/rules/query?pxObjClass=Rule-HTML-Section&appliesTo=Rule-Access-Role-Obj&pyRuleName=undefined&RequestClass=Rule-HTML-Section&RequestAppliesTo=Rule-Access-Role-Obj&RequestRuleName=undefined Payload: "{\"RequestClass\":\"Rule-HTML-Section\",\"RequestAppliesTo\":\"Rule-Access-Role-Obj\",\"RequestRuleName\":\"undefined\"}" => HTTP 404 (18 bytes)
[PegaHttpClient] 📡 POST https://zdk8budo.pegaacademy.net/prweb/api/HRAppsV2/V1/rules/query?pxObjClass=Rule-HTML-Section&appliesTo=Rule-Access-Role-Obj&pyRuleName=undefined&RequestClass=Rule-HTML-Section&RequestAppliesTo=Rule-Access-Role-Obj&RequestRuleName=undefined Payload: "{\"RequestClass\":\"Rule-HTML-Section\",\"RequestAppliesTo\":\"Rule-Access-Role-Obj\",\"RequestRuleName\":\"undefined\"}" => HTTP 404 (18 bytes)
[PegaHttpClient] 📡 POST https://zdk8budo.pegaacademy.net/prweb/PRRestService/HRAppsV2/V1/rules/query?pxObjClass=Rule-HTML-Section&appliesTo=Rule-Access-Role-Obj&pyRuleName=undefined&RequestClass=Rule-HTML-Section&RequestAppliesTo=Rule-Access-Role-Obj&RequestRuleName=undefined Payload: "{\"RequestClass\":\"Rule-HTML-Section\",\"RequestAppliesTo\":\"Rule-Access-Role-Obj\",\"RequestRuleName\":\"undefined\"}" => HTTP 404 (18 bytes)
[PegaHttpClient] 📡 POST https://zdk8budo.pegaacademy.net/prweb/api/v1/rules/query?pxObjClass=Rule-HTML-Section&appliesTo=Rule-Access-Role-Obj&pyRuleName=undefined&RequestClass=Rule-HTML-Section&RequestAppliesTo=Rule-Access-Role-Obj&RequestRuleName=undefined Payload: "{\"RequestClass\":\"Rule-HTML-Section\",\"RequestAppliesTo\":\"Rule-Access-Role-Obj\",\"RequestRuleName\":\"undefined\"}" => HTTP 404 (18 bytes)
[PegaHttpClient] 📡 POST https://zdk8budo.pegaacademy.net/prweb/PRRestService/v1/rules/query?pxObjClass=Rule-HTML-Section&appliesTo=Rule-Access-Role-Obj&pyRuleName=undefined&RequestClass=Rule-HTML-Section&RequestAppliesTo=Rule-Access-Role-Obj&RequestRuleName=undefined Payload: "{\"RequestClass\":\"Rule-HTML-Section\",\"RequestAppliesTo\":\"Rule-Access-Role-Obj\",\"RequestRuleName\":\"undefined\"}" => HTTP 404 (18 bytes)
[PegaHttpClient] 📡 POST https://zdk8budo.pegaacademy.net/prweb/api/CodeIntelligence/v1/rules/query?pxObjClass=Rule-HTML-Section&appliesTo=Rule-Access-Role-Obj&pyRuleName=pzRuleFormToolbar&RequestClass=Rule-HTML-Section&RequestAppliesTo=Rule-Access-Role-Obj&RequestRuleName=pzRuleFormToolbar Payload: "{\"RequestClass\":\"Rule-HTML-Section\",\"RequestAppliesTo\":\"Rule-Access-Role-Obj\",\"RequestRuleName\":\"pzRuleFormToolbar\"}" => HTTP 200 (242691 bytes)
[PegaHttpClient] 📡 POST https://zdk8budo.pegaacademy.net/prweb/api/CodeIntelligence/v1/rules/query?pxObjClass=Rule-HTML-Section&appliesTo=Rule-Access-Role-Obj&pyRuleName=pzRuleFormToolbarCompare&RequestClass=Rule-HTML-Section&RequestAppliesTo=Rule-Access-Role-Obj&RequestRuleName=pzRuleFormToolbarCompare Payload: "{\"RequestClass\":\"Rule-HTML-Section\",\"RequestAppliesTo\":\"Rule-Access-Role-Obj\",\"RequestRuleName\":\"pzRuleFormToolbarCompare\"}" => HTTP 200 (61925 bytes)
[PegaHttpClient] 📡 POST https://zdk8budo.pegaacademy.net/prweb/api/CodeIntelligence/v1/rules/query?pxObjClass=Rule-HTML-Section&appliesTo=Rule-Access-Role-Obj&pyRuleName=RuleFormHeaderMessages&RequestClass=Rule-HTML-Section&RequestAppliesTo=Rule-Access-Role-Obj&RequestRuleName=RuleFormHeaderMessages Payload: "{\"RequestClass\":\"Rule-HTML-Section\",\"RequestAppliesTo\":\"Rule-Access-Role-Obj\",\"RequestRuleName\":\"RuleFormHeaderMessages\"}" => HTTP 200 (26518 bytes)
[PegaHttpClient] 📡 POST https://zdk8budo.pegaacademy.net/prweb/api/CodeIntelligence/v1/rules/query?pxObjClass=Rule-HTML-Section&appliesTo=Rule-Access-Role-Obj&pyRuleName=Security21&RequestClass=Rule-HTML-Section&RequestAppliesTo=Rule-Access-Role-Obj&RequestRuleName=Security21 Payload: "{\"RequestClass\":\"Rule-HTML-Section\",\"RequestAppliesTo\":\"Rule-Access-Role-Obj\",\"RequestRuleName\":\"Security21\"}" => HTTP 200 (16170 bytes)
[PegaHttpClient] 📡 POST https://zdk8budo.pegaacademy.net/prweb/api/CodeIntelligence/v1/rules/query?pxObjClass=Rule-HTML-Section&appliesTo=Rule-Access-Role-Obj&pyRuleName=pzSpecificationsInner&RequestClass=Rule-HTML-Section&RequestAppliesTo=Rule-Access-Role-Obj&RequestRuleName=pzSpecificationsInner Payload: "{\"RequestClass\":\"Rule-HTML-Section\",\"RequestAppliesTo\":\"Rule-Access-Role-Obj\",\"RequestRuleName\":\"pzSpecificationsInner\"}" => HTTP 200 (142370 bytes)
[PegaHttpClient] 📡 POST https://zdk8budo.pegaacademy.net/prweb/api/CodeIntelligence/v1/rules/query?pxObjClass=Rule-HTML-Section&appliesTo=Rule-Access-Role-Obj&pyRuleName=pzAlternateRuleInfo&RequestClass=Rule-HTML-Section&RequestAppliesTo=Rule-Access-Role-Obj&RequestRuleName=pzAlternateRuleInfo Payload: "{\"RequestClass\":\"Rule-HTML-Section\",\"RequestAppliesTo\":\"Rule-Access-Role-Obj\",\"RequestRuleName\":\"pzAlternateRuleInfo\"}" => HTTP 200 (140407 bytes)
[PegaHttpClient] 📡 POST https://zdk8budo.pegaacademy.net/prweb/api/CodeIntelligence/v1/rules/query?pxObjClass=Rule-HTML-Section&appliesTo=Rule-Access-Role-Obj&pyRuleName=RuleFormHistory_Description&RequestClass=Rule-HTML-Section&RequestAppliesTo=Rule-Access-Role-Obj&RequestRuleName=RuleFormHistory_Description Payload: "{\"RequestClass\":\"Rule-HTML-Section\",\"RequestAppliesTo\":\"Rule-Access-Role-Obj\",\"RequestRuleName\":\"RuleFormHistory_Description\"}" => HTTP 200 (46242 bytes)
[PegaHttpClient] 📡 POST https://zdk8budo.pegaacademy.net/prweb/api/CodeIntelligence/v1/rules/query?pxObjClass=Rule-HTML-Section&appliesTo=Rule-Access-Role-Obj&pyRuleName=RuleFormHistory_CustomFields&RequestClass=Rule-HTML-Section&RequestAppliesTo=Rule-Access-Role-Obj&RequestRuleName=RuleFormHistory_CustomFields Payload: "{\"RequestClass\":\"Rule-HTML-Section\",\"RequestAppliesTo\":\"Rule-Access-Role-Obj\",\"RequestRuleName\":\"RuleFormHistory_CustomFields\"}" => HTTP 200 (75856 bytes)
[PegaHttpClient] 📡 POST https://zdk8budo.pegaacademy.net/prweb/api/CodeIntelligence/v1/rules/query?pxObjClass=Rule-HTML-Section&appliesTo=Rule-Access-Role-Obj&pyRuleName=RuleFormHistory_HistoryDetails&RequestClass=Rule-HTML-Section&RequestAppliesTo=Rule-Access-Role-Obj&RequestRuleName=RuleFormHistory_HistoryDetails Payload: "{\"RequestClass\":\"Rule-HTML-Section\",\"RequestAppliesTo\":\"Rule-Access-Role-Obj\",\"RequestRuleName\":\"RuleFormHistory_HistoryDetails\"}" => HTTP 200 (179535 bytes)
[PegaHttpClient] 📡 POST https://zdk8budo.pegaacademy.net/prweb/api/CodeIntelligence/v1/rules/query?pxObjClass=Rule-HTML-Section&appliesTo=Rule-Access-Role-Obj&pyRuleName=pzRuleFormStatus&RequestClass=Rule-HTML-Section&RequestAppliesTo=Rule-Access-Role-Obj&RequestRuleName=pzRuleFormStatus Payload: "{\"RequestClass\":\"Rule-HTML-Section\",\"RequestAppliesTo\":\"Rule-Access-Role-Obj\",\"RequestRuleName\":\"pzRuleFormStatus\"}" => HTTP 200 (97627 bytes)
[PegaHttpClient] 📡 POST https://zdk8budo.pegaacademy.net/prweb/api/CodeIntelligence/v1/rules/query?pxObjClass=Rule-HTML-Section&appliesTo=Rule-Access-Role-Obj&pyRuleName=pzRuleFormHeaderCompareWithDropDown&RequestClass=Rule-HTML-Section&RequestAppliesTo=Rule-Access-Role-Obj&RequestRuleName=pzRuleFormHeaderCompareWithDropDown Payload: "{\"RequestClass\":\"Rule-HTML-Section\",\"RequestAppliesTo\":\"Rule-Access-Role-Obj\",\"RequestRuleName\":\"pzRuleFormHeaderCompareWithDropDown\"}" => HTTP 200 (25396 bytes)
[PegaHttpClient] 📡 POST https://zdk8budo.pegaacademy.net/prweb/api/CodeIntelligence/v1/rules/query?pxObjClass=Rule-HTML-Section&appliesTo=Rule-Access-Role-Obj&pyRuleName=undefined&RequestClass=Rule-HTML-Section&RequestAppliesTo=Rule-Access-Role-Obj&RequestRuleName=undefined Payload: "{\"RequestClass\":\"Rule-HTML-Section\",\"RequestAppliesTo\":\"Rule-Access-Role-Obj\",\"RequestRuleName\":\"undefined\"}" => HTTP 404 (107 bytes)
[PegaHttpClient] 📡 POST https://zdk8budo.pegaacademy.net/prweb/PRRestService/CodeIntelligence/v1/rules/query?pxObjClass=Rule-HTML-Section&appliesTo=Rule-Access-Role-Obj&pyRuleName=undefined&RequestClass=Rule-HTML-Section&RequestAppliesTo=Rule-Access-Role-Obj&RequestRuleName=undefined Payload: "{\"RequestClass\":\"Rule-HTML-Section\",\"RequestAppliesTo\":\"Rule-Access-Role-Obj\",\"RequestRuleName\":\"undefined\"}" => HTTP 404 (107 bytes)
[PegaHttpClient] 📡 POST https://zdk8budo.pegaacademy.net/prweb/api/HRAppsV2Service/V1/rules/query?pxObjClass=Rule-HTML-Section&appliesTo=Rule-Access-Role-Obj&pyRuleName=undefined&RequestClass=Rule-HTML-Section&RequestAppliesTo=Rule-Access-Role-Obj&RequestRuleName=undefined Payload: "{\"RequestClass\":\"Rule-HTML-Section\",\"RequestAppliesTo\":\"Rule-Access-Role-Obj\",\"RequestRuleName\":\"undefined\"}" => HTTP 404 (18 bytes)
[PegaHttpClient] 📡 POST https://zdk8budo.pegaacademy.net/prweb/PRRestService/HRAppsV2Service/V1/rules/query?pxObjClass=Rule-HTML-Section&appliesTo=Rule-Access-Role-Obj&pyRuleName=undefined&RequestClass=Rule-HTML-Section&RequestAppliesTo=Rule-Access-Role-Obj&RequestRuleName=undefined Payload: "{\"RequestClass\":\"Rule-HTML-Section\",\"RequestAppliesTo\":\"Rule-Access-Role-Obj\",\"RequestRuleName\":\"undefined\"}" => HTTP 404 (18 bytes)
[PegaHttpClient] 📡 POST https://zdk8budo.pegaacademy.net/prweb/api/HRAppsV2/V1/rules/query?pxObjClass=Rule-HTML-Section&appliesTo=Rule-Access-Role-Obj&pyRuleName=undefined&RequestClass=Rule-HTML-Section&RequestAppliesTo=Rule-Access-Role-Obj&RequestRuleName=undefined Payload: "{\"RequestClass\":\"Rule-HTML-Section\",\"RequestAppliesTo\":\"Rule-Access-Role-Obj\",\"RequestRuleName\":\"undefined\"}" => HTTP 404 (18 bytes)
[PegaHttpClient] 📡 POST https://zdk8budo.pegaacademy.net/prweb/PRRestService/HRAppsV2/V1/rules/query?pxObjClass=Rule-HTML-Section&appliesTo=Rule-Access-Role-Obj&pyRuleName=undefined&RequestClass=Rule-HTML-Section&RequestAppliesTo=Rule-Access-Role-Obj&RequestRuleName=undefined Payload: "{\"RequestClass\":\"Rule-HTML-Section\",\"RequestAppliesTo\":\"Rule-Access-Role-Obj\",\"RequestRuleName\":\"undefined\"}" => HTTP 404 (18 bytes)
[PegaHttpClient] 📡 POST https://zdk8budo.pegaacademy.net/prweb/api/v1/rules/query?pxObjClass=Rule-HTML-Section&appliesTo=Rule-Access-Role-Obj&pyRuleName=undefined&RequestClass=Rule-HTML-Section&RequestAppliesTo=Rule-Access-Role-Obj&RequestRuleName=undefined Payload: "{\"RequestClass\":\"Rule-HTML-Section\",\"RequestAppliesTo\":\"Rule-Access-Role-Obj\",\"RequestRuleName\":\"undefined\"}" => HTTP 404 (18 bytes)
[PegaHttpClient] 📡 POST https://zdk8budo.pegaacademy.net/prweb/PRRestService/v1/rules/query?pxObjClass=Rule-HTML-Section&appliesTo=Rule-Access-Role-Obj&pyRuleName=undefined&RequestClass=Rule-HTML-Section&RequestAppliesTo=Rule-Access-Role-Obj&RequestRuleName=undefined Payload: "{\"RequestClass\":\"Rule-HTML-Section\",\"RequestAppliesTo\":\"Rule-Access-Role-Obj\",\"RequestRuleName\":\"undefined\"}" => HTTP 404 (18 bytes)
[PegaHttpClient] 📡 POST https://zdk8budo.pegaacademy.net/prweb/api/CodeIntelligence/v1/rules/query?pxObjClass=Rule-HTML-Section&appliesTo=Rule-Access-Role-Obj&pyRuleName=pzRuleFormToolbarHotKeys&RequestClass=Rule-HTML-Section&RequestAppliesTo=Rule-Access-Role-Obj&RequestRuleName=pzRuleFormToolbarHotKeys Payload: "{\"RequestClass\":\"Rule-HTML-Section\",\"RequestAppliesTo\":\"Rule-Access-Role-Obj\",\"RequestRuleName\":\"pzRuleFormToolbarHotKeys\"}" => HTTP 200 (85058 bytes)
[PegaHttpClient] 📡 POST https://zdk8budo.pegaacademy.net/prweb/api/CodeIntelligence/v1/rules/query?pxObjClass=Rule-HTML-Section&appliesTo=Rule-Access-Role-Obj&pyRuleName=pzRuleFormToolbarLockedIcon&RequestClass=Rule-HTML-Section&RequestAppliesTo=Rule-Access-Role-Obj&RequestRuleName=pzRuleFormToolbarLockedIcon Payload: "{\"RequestClass\":\"Rule-HTML-Section\",\"RequestAppliesTo\":\"Rule-Access-Role-Obj\",\"RequestRuleName\":\"pzRuleFormToolbarLockedIcon\"}" => HTTP 200 (24898 bytes)
[PegaHttpClient] 📡 POST https://zdk8budo.pegaacademy.net/prweb/api/CodeIntelligence/v1/rules/query?pxObjClass=Rule-HTML-Section&appliesTo=Rule-Access-Role-Obj&pyRuleName=pzRuleFormToolbarCollaborators&RequestClass=Rule-HTML-Section&RequestAppliesTo=Rule-Access-Role-Obj&RequestRuleName=pzRuleFormToolbarCollaborators Payload: "{\"RequestClass\":\"Rule-HTML-Section\",\"RequestAppliesTo\":\"Rule-Access-Role-Obj\",\"RequestRuleName\":\"pzRuleFormToolbarCollaborators\"}" => HTTP 200 (15254 bytes)
[PegaHttpClient] 📡 POST https://zdk8budo.pegaacademy.net/prweb/api/CodeIntelligence/v1/rules/query?pxObjClass=Rule-HTML-Section&appliesTo=Rule-Access-Role-Obj&pyRuleName=pzRuleFormToolbarSaveAs&RequestClass=Rule-HTML-Section&RequestAppliesTo=Rule-Access-Role-Obj&RequestRuleName=pzRuleFormToolbarSaveAs Payload: "{\"RequestClass\":\"Rule-HTML-Section\",\"RequestAppliesTo\":\"Rule-Access-Role-Obj\",\"RequestRuleName\":\"pzRuleFormToolbarSaveAs\"}" => HTTP 200 (64084 bytes)
[PegaHttpClient] 📡 POST https://zdk8budo.pegaacademy.net/prweb/api/CodeIntelligence/v1/rules/query?pxObjClass=Rule-HTML-Section&appliesTo=Rule-Access-Role-Obj&pyRuleName=pzRuleFormToolbarCheckin&RequestClass=Rule-HTML-Section&RequestAppliesTo=Rule-Access-Role-Obj&RequestRuleName=pzRuleFormToolbarCheckin Payload: "{\"RequestClass\":\"Rule-HTML-Section\",\"RequestAppliesTo\":\"Rule-Access-Role-Obj\",\"RequestRuleName\":\"pzRuleFormToolbarCheckin\"}" => HTTP 200 (119096 bytes)
[PegaHttpClient] 📡 POST https://zdk8budo.pegaacademy.net/prweb/api/CodeIntelligence/v1/rules/query?pxObjClass=Rule-HTML-Section&appliesTo=Rule-Access-Role-Obj&pyRuleName=pzRuleFormToolbarDelete&RequestClass=Rule-HTML-Section&RequestAppliesTo=Rule-Access-Role-Obj&RequestRuleName=pzRuleFormToolbarDelete Payload: "{\"RequestClass\":\"Rule-HTML-Section\",\"RequestAppliesTo\":\"Rule-Access-Role-Obj\",\"RequestRuleName\":\"pzRuleFormToolbarDelete\"}" => HTTP 200 (30249 bytes)
[PegaHttpClient] 📡 POST https://zdk8budo.pegaacademy.net/prweb/api/CodeIntelligence/v1/rules/query?pxObjClass=Rule-HTML-Section&appliesTo=Rule-Access-Role-Obj&pyRuleName=pzRuleFormToolbarSave&RequestClass=Rule-HTML-Section&RequestAppliesTo=Rule-Access-Role-Obj&RequestRuleName=pzRuleFormToolbarSave Payload: "{\"RequestClass\":\"Rule-HTML-Section\",\"RequestAppliesTo\":\"Rule-Access-Role-Obj\",\"RequestRuleName\":\"pzRuleFormToolbarSave\"}" => HTTP 200 (293885 bytes)
[PegaHttpClient] 📡 POST https://zdk8budo.pegaacademy.net/prweb/api/CodeIntelligence/v1/rules/query?pxObjClass=Rule-HTML-Section&appliesTo=Rule-Access-Role-Obj&pyRuleName=pzRuleFormToolbarCheckout&RequestClass=Rule-HTML-Section&RequestAppliesTo=Rule-Access-Role-Obj&RequestRuleName=pzRuleFormToolbarCheckout Payload: "{\"RequestClass\":\"Rule-HTML-Section\",\"RequestAppliesTo\":\"Rule-Access-Role-Obj\",\"RequestRuleName\":\"pzRuleFormToolbarCheckout\"}" => HTTP 200 (238148 bytes)
[PegaHttpClient] 📡 POST https://zdk8budo.pegaacademy.net/prweb/api/CodeIntelligence/v1/rules/query?pxObjClass=Rule-HTML-Section&appliesTo=Rule-Access-Role-Obj&pyRuleName=pzRemoveErrorsDataPage&RequestClass=Rule-HTML-Section&RequestAppliesTo=Rule-Access-Role-Obj&RequestRuleName=pzRemoveErrorsDataPage Payload: "{\"RequestClass\":\"Rule-HTML-Section\",\"RequestAppliesTo\":\"Rule-Access-Role-Obj\",\"RequestRuleName\":\"pzRemoveErrorsDataPage\"}" => HTTP 200 (16733 bytes)
[PegaHttpClient] 📡 POST https://zdk8budo.pegaacademy.net/prweb/api/CodeIntelligence/v1/rules/query?pxObjClass=Rule-HTML-Section&appliesTo=Rule-Access-Role-Obj&pyRuleName=pzRuleFormHeaderMessagesWrapper&RequestClass=Rule-HTML-Section&RequestAppliesTo=Rule-Access-Role-Obj&RequestRuleName=pzRuleFormHeaderMessagesWrapper Payload: "{\"RequestClass\":\"Rule-HTML-Section\",\"RequestAppliesTo\":\"Rule-Access-Role-Obj\",\"RequestRuleName\":\"pzRuleFormHeaderMessagesWrapper\"}" => HTTP 200 (16981 bytes)
[PegaHttpClient] 📡 POST https://zdk8budo.pegaacademy.net/prweb/api/CodeIntelligence/v1/rules/query?pxObjClass=Rule-HTML-Section&appliesTo=Rule-Access-Role-Obj&pyRuleName=pzSpecificationName&RequestClass=Rule-HTML-Section&RequestAppliesTo=Rule-Access-Role-Obj&RequestRuleName=pzSpecificationName Payload: "{\"RequestClass\":\"Rule-HTML-Section\",\"RequestAppliesTo\":\"Rule-Access-Role-Obj\",\"RequestRuleName\":\"pzSpecificationName\"}" => HTTP 404 (117 bytes)
[PegaHttpClient] 📡 POST https://zdk8budo.pegaacademy.net/prweb/PRRestService/CodeIntelligence/v1/rules/query?pxObjClass=Rule-HTML-Section&appliesTo=Rule-Access-Role-Obj&pyRuleName=pzSpecificationName&RequestClass=Rule-HTML-Section&RequestAppliesTo=Rule-Access-Role-Obj&RequestRuleName=pzSpecificationName Payload: "{\"RequestClass\":\"Rule-HTML-Section\",\"RequestAppliesTo\":\"Rule-Access-Role-Obj\",\"RequestRuleName\":\"pzSpecificationName\"}" => HTTP 404 (117 bytes)
[PegaHttpClient] 📡 POST https://zdk8budo.pegaacademy.net/prweb/api/HRAppsV2Service/V1/rules/query?pxObjClass=Rule-HTML-Section&appliesTo=Rule-Access-Role-Obj&pyRuleName=pzSpecificationName&RequestClass=Rule-HTML-Section&RequestAppliesTo=Rule-Access-Role-Obj&RequestRuleName=pzSpecificationName Payload: "{\"RequestClass\":\"Rule-HTML-Section\",\"RequestAppliesTo\":\"Rule-Access-Role-Obj\",\"RequestRuleName\":\"pzSpecificationName\"}" => HTTP 404 (18 bytes)
[PegaHttpClient] 📡 POST https://zdk8budo.pegaacademy.net/prweb/PRRestService/HRAppsV2Service/V1/rules/query?pxObjClass=Rule-HTML-Section&appliesTo=Rule-Access-Role-Obj&pyRuleName=pzSpecificationName&RequestClass=Rule-HTML-Section&RequestAppliesTo=Rule-Access-Role-Obj&RequestRuleName=pzSpecificationName Payload: "{\"RequestClass\":\"Rule-HTML-Section\",\"RequestAppliesTo\":\"Rule-Access-Role-Obj\",\"RequestRuleName\":\"pzSpecificationName\"}" => HTTP 404 (18 bytes)
[PegaHttpClient] 📡 POST https://zdk8budo.pegaacademy.net/prweb/api/HRAppsV2/V1/rules/query?pxObjClass=Rule-HTML-Section&appliesTo=Rule-Access-Role-Obj&pyRuleName=pzSpecificationName&RequestClass=Rule-HTML-Section&RequestAppliesTo=Rule-Access-Role-Obj&RequestRuleName=pzSpecificationName Payload: "{\"RequestClass\":\"Rule-HTML-Section\",\"RequestAppliesTo\":\"Rule-Access-Role-Obj\",\"RequestRuleName\":\"pzSpecificationName\"}" => HTTP 404 (18 bytes)
[PegaHttpClient] 📡 POST https://zdk8budo.pegaacademy.net/prweb/PRRestService/HRAppsV2/V1/rules/query?pxObjClass=Rule-HTML-Section&appliesTo=Rule-Access-Role-Obj&pyRuleName=pzSpecificationName&RequestClass=Rule-HTML-Section&RequestAppliesTo=Rule-Access-Role-Obj&RequestRuleName=pzSpecificationName Payload: "{\"RequestClass\":\"Rule-HTML-Section\",\"RequestAppliesTo\":\"Rule-Access-Role-Obj\",\"RequestRuleName\":\"pzSpecificationName\"}" => HTTP 404 (18 bytes)
[PegaHttpClient] 📡 POST https://zdk8budo.pegaacademy.net/prweb/api/v1/rules/query?pxObjClass=Rule-HTML-Section&appliesTo=Rule-Access-Role-Obj&pyRuleName=pzSpecificationName&RequestClass=Rule-HTML-Section&RequestAppliesTo=Rule-Access-Role-Obj&RequestRuleName=pzSpecificationName Payload: "{\"RequestClass\":\"Rule-HTML-Section\",\"RequestAppliesTo\":\"Rule-Access-Role-Obj\",\"RequestRuleName\":\"pzSpecificationName\"}" => HTTP 404 (18 bytes)
[PegaHttpClient] 📡 POST https://zdk8budo.pegaacademy.net/prweb/PRRestService/v1/rules/query?pxObjClass=Rule-HTML-Section&appliesTo=Rule-Access-Role-Obj&pyRuleName=pzSpecificationName&RequestClass=Rule-HTML-Section&RequestAppliesTo=Rule-Access-Role-Obj&RequestRuleName=pzSpecificationName Payload: "{\"RequestClass\":\"Rule-HTML-Section\",\"RequestAppliesTo\":\"Rule-Access-Role-Obj\",\"RequestRuleName\":\"pzSpecificationName\"}" => HTTP 404 (18 bytes)
[PegaHttpClient] 📡 POST https://zdk8budo.pegaacademy.net/prweb/api/CodeIntelligence/v1/rules/query?pxObjClass=Rule-HTML-Section&appliesTo=Rule-Access-Role-Obj&pyRuleName=pzScm_RuleHistory&RequestClass=Rule-HTML-Section&RequestAppliesTo=Rule-Access-Role-Obj&RequestRuleName=pzScm_RuleHistory Payload: "{\"RequestClass\":\"Rule-HTML-Section\",\"RequestAppliesTo\":\"Rule-Access-Role-Obj\",\"RequestRuleName\":\"pzScm_RuleHistory\"}" => HTTP 200 (14682 bytes)
[PegaHttpClient] 📡 POST https://zdk8budo.pegaacademy.net/prweb/api/CodeIntelligence/v1/rules/query?pxObjClass=Rule-HTML-Section&appliesTo=Rule-Access-Role-Obj&pyRuleName=pxDisplayCollaborators&RequestClass=Rule-HTML-Section&RequestAppliesTo=Rule-Access-Role-Obj&RequestRuleName=pxDisplayCollaborators Payload: "{\"RequestClass\":\"Rule-HTML-Section\",\"RequestAppliesTo\":\"Rule-Access-Role-Obj\",\"RequestRuleName\":\"pxDisplayCollaborators\"}" => HTTP 200 (94171 bytes)
[PegaHttpClient] 📡 POST https://zdk8budo.pegaacademy.net/prweb/api/CodeIntelligence/v1/rules/query?pxObjClass=Rule-HTML-Section&appliesTo=Rule-Access-Role-Obj&pyRuleName=pzRuleFormToolbarDeleteCheckOut&RequestClass=Rule-HTML-Section&RequestAppliesTo=Rule-Access-Role-Obj&RequestRuleName=pzRuleFormToolbarDeleteCheckOut Payload: "{\"RequestClass\":\"Rule-HTML-Section\",\"RequestAppliesTo\":\"Rule-Access-Role-Obj\",\"RequestRuleName\":\"pzRuleFormToolbarDeleteCheckOut\"}" => HTTP 200 (29433 bytes)
[PegaHttpClient] 📡 POST https://zdk8budo.pegaacademy.net/prweb/api/CodeIntelligence/v1/rules/query?pxObjClass=Rule-HTML-Section&appliesTo=Rule-Access-Role-Obj&pyRuleName=pzRuleFormToolbarDeleteRule&RequestClass=Rule-HTML-Section&RequestAppliesTo=Rule-Access-Role-Obj&RequestRuleName=pzRuleFormToolbarDeleteRule Payload: "{\"RequestClass\":\"Rule-HTML-Section\",\"RequestAppliesTo\":\"Rule-Access-Role-Obj\",\"RequestRuleName\":\"pzRuleFormToolbarDeleteRule\"}" => HTTP 200 (32314 bytes)
[PegaHttpClient] 📡 POST https://zdk8budo.pegaacademy.net/prweb/api/CodeIntelligence/v1/rules/query?pxObjClass=Rule-HTML-Section&appliesTo=Rule-Access-Role-Obj&pyRuleName=pzLoadCollaborationScripts&RequestClass=Rule-HTML-Section&RequestAppliesTo=Rule-Access-Role-Obj&RequestRuleName=pzLoadCollaborationScripts Payload: "{\"RequestClass\":\"Rule-HTML-Section\",\"RequestAppliesTo\":\"Rule-Access-Role-Obj\",\"RequestRuleName\":\"pzLoadCollaborationScripts\"}" => HTTP 200 (23453 bytes)
[PegaHttpClient] 📡 POST https://zdk8budo.pegaacademy.net/prweb/api/CodeIntelligence/v1/rules/query?pxObjClass=Rule-HTML-Section&appliesTo=Rule-Access-Role-Obj&pyRuleName=pzDisplayCollaboratorsList&RequestClass=Rule-HTML-Section&RequestAppliesTo=Rule-Access-Role-Obj&RequestRuleName=pzDisplayCollaboratorsList Payload: "{\"RequestClass\":\"Rule-HTML-Section\",\"RequestAppliesTo\":\"Rule-Access-Role-Obj\",\"RequestRuleName\":\"pzDisplayCollaboratorsList\"}" => HTTP 200 (105418 bytes)
[PegaHttpClient] 📡 POST https://zdk8budo.pegaacademy.net/prweb/api/CodeIntelligence/v1/rules/query?pxObjClass=Rule-HTML-Section&appliesTo=Rule-Access-Role-Obj&pyRuleName=pyCollaborator&RequestClass=Rule-HTML-Section&RequestAppliesTo=Rule-Access-Role-Obj&RequestRuleName=pyCollaborator Payload: "{\"RequestClass\":\"Rule-HTML-Section\",\"RequestAppliesTo\":\"Rule-Access-Role-Obj\",\"RequestRuleName\":\"pyCollaborator\"}" => HTTP 404 (112 bytes)
[PegaHttpClient] 📡 POST https://zdk8budo.pegaacademy.net/prweb/PRRestService/CodeIntelligence/v1/rules/query?pxObjClass=Rule-HTML-Section&appliesTo=Rule-Access-Role-Obj&pyRuleName=pyCollaborator&RequestClass=Rule-HTML-Section&RequestAppliesTo=Rule-Access-Role-Obj&RequestRuleName=pyCollaborator Payload: "{\"RequestClass\":\"Rule-HTML-Section\",\"RequestAppliesTo\":\"Rule-Access-Role-Obj\",\"RequestRuleName\":\"pyCollaborator\"}" => HTTP 404 (112 bytes)
[PegaHttpClient] 📡 POST https://zdk8budo.pegaacademy.net/prweb/api/HRAppsV2Service/V1/rules/query?pxObjClass=Rule-HTML-Section&appliesTo=Rule-Access-Role-Obj&pyRuleName=pyCollaborator&RequestClass=Rule-HTML-Section&RequestAppliesTo=Rule-Access-Role-Obj&RequestRuleName=pyCollaborator Payload: "{\"RequestClass\":\"Rule-HTML-Section\",\"RequestAppliesTo\":\"Rule-Access-Role-Obj\",\"RequestRuleName\":\"pyCollaborator\"}" => HTTP 404 (18 bytes)
[PegaHttpClient] 📡 POST https://zdk8budo.pegaacademy.net/prweb/PRRestService/HRAppsV2Service/V1/rules/query?pxObjClass=Rule-HTML-Section&appliesTo=Rule-Access-Role-Obj&pyRuleName=pyCollaborator&RequestClass=Rule-HTML-Section&RequestAppliesTo=Rule-Access-Role-Obj&RequestRuleName=pyCollaborator Payload: "{\"RequestClass\":\"Rule-HTML-Section\",\"RequestAppliesTo\":\"Rule-Access-Role-Obj\",\"RequestRuleName\":\"pyCollaborator\"}" => HTTP 404 (18 bytes)
[PegaHttpClient] 📡 POST https://zdk8budo.pegaacademy.net/prweb/api/HRAppsV2/V1/rules/query?pxObjClass=Rule-HTML-Section&appliesTo=Rule-Access-Role-Obj&pyRuleName=pyCollaborator&RequestClass=Rule-HTML-Section&RequestAppliesTo=Rule-Access-Role-Obj&RequestRuleName=pyCollaborator Payload: "{\"RequestClass\":\"Rule-HTML-Section\",\"RequestAppliesTo\":\"Rule-Access-Role-Obj\",\"RequestRuleName\":\"pyCollaborator\"}" => HTTP 404 (18 bytes)
[PegaHttpClient] 📡 POST https://zdk8budo.pegaacademy.net/prweb/PRRestService/HRAppsV2/V1/rules/query?pxObjClass=Rule-HTML-Section&appliesTo=Rule-Access-Role-Obj&pyRuleName=pyCollaborator&RequestClass=Rule-HTML-Section&RequestAppliesTo=Rule-Access-Role-Obj&RequestRuleName=pyCollaborator Payload: "{\"RequestClass\":\"Rule-HTML-Section\",\"RequestAppliesTo\":\"Rule-Access-Role-Obj\",\"RequestRuleName\":\"pyCollaborator\"}" => HTTP 404 (18 bytes)
[PegaHttpClient] 📡 POST https://zdk8budo.pegaacademy.net/prweb/api/v1/rules/query?pxObjClass=Rule-HTML-Section&appliesTo=Rule-Access-Role-Obj&pyRuleName=pyCollaborator&RequestClass=Rule-HTML-Section&RequestAppliesTo=Rule-Access-Role-Obj&RequestRuleName=pyCollaborator Payload: "{\"RequestClass\":\"Rule-HTML-Section\",\"RequestAppliesTo\":\"Rule-Access-Role-Obj\",\"RequestRuleName\":\"pyCollaborator\"}" => HTTP 404 (18 bytes)
[PegaHttpClient] 📡 POST https://zdk8budo.pegaacademy.net/prweb/PRRestService/v1/rules/query?pxObjClass=Rule-HTML-Section&appliesTo=Rule-Access-Role-Obj&pyRuleName=pyCollaborator&RequestClass=Rule-HTML-Section&RequestAppliesTo=Rule-Access-Role-Obj&RequestRuleName=pyCollaborator Payload: "{\"RequestClass\":\"Rule-HTML-Section\",\"RequestAppliesTo\":\"Rule-Access-Role-Obj\",\"RequestRuleName\":\"pyCollaborator\"}" => HTTP 404 (18 bytes)
[PegaHttpClient] 📡 POST https://zdk8budo.pegaacademy.net/prweb/api/CodeIntelligence/v1/rules/query?pxObjClass=Rule-HTML-Section&appliesTo=Rule-Access-Role-Obj&pyRuleName=pzDisplayPartialCount&RequestClass=Rule-HTML-Section&RequestAppliesTo=Rule-Access-Role-Obj&RequestRuleName=pzDisplayPartialCount Payload: "{\"RequestClass\":\"Rule-HTML-Section\",\"RequestAppliesTo\":\"Rule-Access-Role-Obj\",\"RequestRuleName\":\"pzDisplayPartialCount\"}" => HTTP 404 (119 bytes)
[PegaHttpClient] 📡 POST https://zdk8budo.pegaacademy.net/prweb/PRRestService/CodeIntelligence/v1/rules/query?pxObjClass=Rule-HTML-Section&appliesTo=Rule-Access-Role-Obj&pyRuleName=pzDisplayPartialCount&RequestClass=Rule-HTML-Section&RequestAppliesTo=Rule-Access-Role-Obj&RequestRuleName=pzDisplayPartialCount Payload: "{\"RequestClass\":\"Rule-HTML-Section\",\"RequestAppliesTo\":\"Rule-Access-Role-Obj\",\"RequestRuleName\":\"pzDisplayPartialCount\"}" => HTTP 404 (119 bytes)
[PegaHttpClient] 📡 POST https://zdk8budo.pegaacademy.net/prweb/api/HRAppsV2Service/V1/rules/query?pxObjClass=Rule-HTML-Section&appliesTo=Rule-Access-Role-Obj&pyRuleName=pzDisplayPartialCount&RequestClass=Rule-HTML-Section&RequestAppliesTo=Rule-Access-Role-Obj&RequestRuleName=pzDisplayPartialCount Payload: "{\"RequestClass\":\"Rule-HTML-Section\",\"RequestAppliesTo\":\"Rule-Access-Role-Obj\",\"RequestRuleName\":\"pzDisplayPartialCount\"}" => HTTP 404 (18 bytes)
[PegaHttpClient] 📡 POST https://zdk8budo.pegaacademy.net/prweb/PRRestService/HRAppsV2Service/V1/rules/query?pxObjClass=Rule-HTML-Section&appliesTo=Rule-Access-Role-Obj&pyRuleName=pzDisplayPartialCount&RequestClass=Rule-HTML-Section&RequestAppliesTo=Rule-Access-Role-Obj&RequestRuleName=pzDisplayPartialCount Payload: "{\"RequestClass\":\"Rule-HTML-Section\",\"RequestAppliesTo\":\"Rule-Access-Role-Obj\",\"RequestRuleName\":\"pzDisplayPartialCount\"}" => HTTP 404 (18 bytes)
[PegaHttpClient] 📡 POST https://zdk8budo.pegaacademy.net/prweb/api/HRAppsV2/V1/rules/query?pxObjClass=Rule-HTML-Section&appliesTo=Rule-Access-Role-Obj&pyRuleName=pzDisplayPartialCount&RequestClass=Rule-HTML-Section&RequestAppliesTo=Rule-Access-Role-Obj&RequestRuleName=pzDisplayPartialCount Payload: "{\"RequestClass\":\"Rule-HTML-Section\",\"RequestAppliesTo\":\"Rule-Access-Role-Obj\",\"RequestRuleName\":\"pzDisplayPartialCount\"}" => HTTP 404 (18 bytes)
[PegaHttpClient] 📡 POST https://zdk8budo.pegaacademy.net/prweb/PRRestService/HRAppsV2/V1/rules/query?pxObjClass=Rule-HTML-Section&appliesTo=Rule-Access-Role-Obj&pyRuleName=pzDisplayPartialCount&RequestClass=Rule-HTML-Section&RequestAppliesTo=Rule-Access-Role-Obj&RequestRuleName=pzDisplayPartialCount Payload: "{\"RequestClass\":\"Rule-HTML-Section\",\"RequestAppliesTo\":\"Rule-Access-Role-Obj\",\"RequestRuleName\":\"pzDisplayPartialCount\"}" => HTTP 404 (18 bytes)
[PegaHttpClient] 📡 POST https://zdk8budo.pegaacademy.net/prweb/api/v1/rules/query?pxObjClass=Rule-HTML-Section&appliesTo=Rule-Access-Role-Obj&pyRuleName=pzDisplayPartialCount&RequestClass=Rule-HTML-Section&RequestAppliesTo=Rule-Access-Role-Obj&RequestRuleName=pzDisplayPartialCount Payload: "{\"RequestClass\":\"Rule-HTML-Section\",\"RequestAppliesTo\":\"Rule-Access-Role-Obj\",\"RequestRuleName\":\"pzDisplayPartialCount\"}" => HTTP 404 (18 bytes)
[PegaHttpClient] 📡 POST https://zdk8budo.pegaacademy.net/prweb/PRRestService/v1/rules/query?pxObjClass=Rule-HTML-Section&appliesTo=Rule-Access-Role-Obj&pyRuleName=pzDisplayPartialCount&RequestClass=Rule-HTML-Section&RequestAppliesTo=Rule-Access-Role-Obj&RequestRuleName=pzDisplayPartialCount Payload: "{\"RequestClass\":\"Rule-HTML-Section\",\"RequestAppliesTo\":\"Rule-Access-Role-Obj\",\"RequestRuleName\":\"pzDisplayPartialCount\"}" => HTTP 404 (18 bytes)
[SchemaGen] ✅ Schema written for Rule-Access-Role-Obj
[PegaHttpClient] 📡 GET https://zdk8budo.pegaacademy.net/prweb/api/CodeIntelligence/v1/rules/RULE-HTML-HARNESS%20RULE-ACCESS-ROLE-NAME%20RULEFORM%20%2320180713T135118.906%20GMT => HTTP 200 (30712 bytes)
[PegaHttpClient] 📡 POST https://zdk8budo.pegaacademy.net/prweb/api/CodeIntelligence/v1/rules/query?pxObjClass=Rule-HTML-Section&appliesTo=Rule-Access-Role-Name&pyRuleName=RuleFormMain&RequestClass=Rule-HTML-Section&RequestAppliesTo=Rule-Access-Role-Name&RequestRuleName=RuleFormMain Payload: "{\"RequestClass\":\"Rule-HTML-Section\",\"RequestAppliesTo\":\"Rule-Access-Role-Name\",\"RequestRuleName\":\"RuleFormMain\"}" => HTTP 200 (156234 bytes)
[PegaHttpClient] 📡 POST https://zdk8budo.pegaacademy.net/prweb/api/CodeIntelligence/v1/rules/query?pxObjClass=Rule-HTML-Section&appliesTo=Rule-Access-Role-Name&pyRuleName=pxAlternateRuleForm&RequestClass=Rule-HTML-Section&RequestAppliesTo=Rule-Access-Role-Name&RequestRuleName=pxAlternateRuleForm Payload: "{\"RequestClass\":\"Rule-HTML-Section\",\"RequestAppliesTo\":\"Rule-Access-Role-Name\",\"RequestRuleName\":\"pxAlternateRuleForm\"}" => HTTP 200 (66153 bytes)
[PegaHttpClient] 📡 POST https://zdk8budo.pegaacademy.net/prweb/api/CodeIntelligence/v1/rules/query?pxObjClass=Rule-HTML-Section&appliesTo=Rule-Access-Role-Name&pyRuleName=pzRuleFormScripts&RequestClass=Rule-HTML-Section&RequestAppliesTo=Rule-Access-Role-Name&RequestRuleName=pzRuleFormScripts Payload: "{\"RequestClass\":\"Rule-HTML-Section\",\"RequestAppliesTo\":\"Rule-Access-Role-Name\",\"RequestRuleName\":\"pzRuleFormScripts\"}" => HTTP 200 (40822 bytes)
[PegaHttpClient] 📡 POST https://zdk8budo.pegaacademy.net/prweb/api/CodeIntelligence/v1/rules/query?pxObjClass=Rule-HTML-Section&appliesTo=Rule-Access-Role-Name&pyRuleName=pzRuleFormLayoutDelegated&RequestClass=Rule-HTML-Section&RequestAppliesTo=Rule-Access-Role-Name&RequestRuleName=pzRuleFormLayoutDelegated Payload: "{\"RequestClass\":\"Rule-HTML-Section\",\"RequestAppliesTo\":\"Rule-Access-Role-Name\",\"RequestRuleName\":\"pzRuleFormLayoutDelegated\"}" => HTTP 200 (70998 bytes)
[PegaHttpClient] 📡 POST https://zdk8budo.pegaacademy.net/prweb/api/CodeIntelligence/v1/rules/query?pxObjClass=Rule-HTML-Section&appliesTo=Rule-Access-Role-Name&pyRuleName=RuleFormLayout&RequestClass=Rule-HTML-Section&RequestAppliesTo=Rule-Access-Role-Name&RequestRuleName=RuleFormLayout Payload: "{\"RequestClass\":\"Rule-HTML-Section\",\"RequestAppliesTo\":\"Rule-Access-Role-Name\",\"RequestRuleName\":\"RuleFormLayout\"}" => HTTP 200 (59427 bytes)
[PegaHttpClient] 📡 POST https://zdk8budo.pegaacademy.net/prweb/api/CodeIntelligence/v1/rules/query?pxObjClass=Rule-HTML-Section&appliesTo=Rule-Access-Role-Name&pyRuleName=RuleFormSettings&RequestClass=Rule-HTML-Section&RequestAppliesTo=Rule-Access-Role-Name&RequestRuleName=RuleFormSettings Payload: "{\"RequestClass\":\"Rule-HTML-Section\",\"RequestAppliesTo\":\"Rule-Access-Role-Name\",\"RequestRuleName\":\"RuleFormSettings\"}" => HTTP 200 (20540 bytes)
[PegaHttpClient] 📡 POST https://zdk8budo.pegaacademy.net/prweb/api/CodeIntelligence/v1/rules/query?pxObjClass=Rule-HTML-Section&appliesTo=Rule-Access-Role-Name&pyRuleName=OpenAuthoring&RequestClass=Rule-HTML-Section&RequestAppliesTo=Rule-Access-Role-Name&RequestRuleName=OpenAuthoring Payload: "{\"RequestClass\":\"Rule-HTML-Section\",\"RequestAppliesTo\":\"Rule-Access-Role-Name\",\"RequestRuleName\":\"OpenAuthoring\"}" => HTTP 200 (23695 bytes)
[PegaHttpClient] 📡 POST https://zdk8budo.pegaacademy.net/prweb/api/CodeIntelligence/v1/rules/query?pxObjClass=Rule-HTML-Section&appliesTo=Rule-Access-Role-Name&pyRuleName=pyCustomHelp&RequestClass=Rule-HTML-Section&RequestAppliesTo=Rule-Access-Role-Name&RequestRuleName=pyCustomHelp Payload: "{\"RequestClass\":\"Rule-HTML-Section\",\"RequestAppliesTo\":\"Rule-Access-Role-Name\",\"RequestRuleName\":\"pyCustomHelp\"}" => HTTP 200 (17256 bytes)
[PegaHttpClient] 📡 POST https://zdk8budo.pegaacademy.net/prweb/api/CodeIntelligence/v1/rules/query?pxObjClass=Rule-HTML-Section&appliesTo=Rule-Access-Role-Name&pyRuleName=pzRuleformMainInclude&RequestClass=Rule-HTML-Section&RequestAppliesTo=Rule-Access-Role-Name&RequestRuleName=pzRuleformMainInclude Payload: "{\"RequestClass\":\"Rule-HTML-Section\",\"RequestAppliesTo\":\"Rule-Access-Role-Name\",\"RequestRuleName\":\"pzRuleformMainInclude\"}" => HTTP 200 (22375 bytes)
[PegaHttpClient] 📡 POST https://zdk8budo.pegaacademy.net/prweb/api/CodeIntelligence/v1/rules/query?pxObjClass=Rule-HTML-Section&appliesTo=Rule-Access-Role-Name&pyRuleName=pyAlternativeRuleFormStrategicAppExtension&RequestClass=Rule-HTML-Section&RequestAppliesTo=Rule-Access-Role-Name&RequestRuleName=pyAlternativeRuleFormStrategicAppExtension Payload: "{\"RequestClass\":\"Rule-HTML-Section\",\"RequestAppliesTo\":\"Rule-Access-Role-Name\",\"RequestRuleName\":\"pyAlternativeRuleFormStrategicAppExtension\"}" => HTTP 200 (25042 bytes)
[PegaHttpClient] 📡 POST https://zdk8budo.pegaacademy.net/prweb/api/CodeIntelligence/v1/rules/query?pxObjClass=Rule-HTML-Section&appliesTo=Rule-Access-Role-Name&pyRuleName=pyAlternativeRuleFormExtension&RequestClass=Rule-HTML-Section&RequestAppliesTo=Rule-Access-Role-Name&RequestRuleName=pyAlternativeRuleFormExtension Payload: "{\"RequestClass\":\"Rule-HTML-Section\",\"RequestAppliesTo\":\"Rule-Access-Role-Name\",\"RequestRuleName\":\"pyAlternativeRuleFormExtension\"}" => HTTP 200 (24863 bytes)
[PegaHttpClient] 📡 POST https://zdk8budo.pegaacademy.net/prweb/api/CodeIntelligence/v1/rules/query?pxObjClass=Rule-HTML-Section&appliesTo=Rule-Access-Role-Name&pyRuleName=RuleFormHeader&RequestClass=Rule-HTML-Section&RequestAppliesTo=Rule-Access-Role-Name&RequestRuleName=RuleFormHeader Payload: "{\"RequestClass\":\"Rule-HTML-Section\",\"RequestAppliesTo\":\"Rule-Access-Role-Name\",\"RequestRuleName\":\"RuleFormHeader\"}" => HTTP 200 (183800 bytes)
[PegaHttpClient] 📡 POST https://zdk8budo.pegaacademy.net/prweb/api/CodeIntelligence/v1/rules/query?pxObjClass=Rule-HTML-Section&appliesTo=Rule-Access-Role-Name&pyRuleName=pzDelegationExperience&RequestClass=Rule-HTML-Section&RequestAppliesTo=Rule-Access-Role-Name&RequestRuleName=pzDelegationExperience Payload: "{\"RequestClass\":\"Rule-HTML-Section\",\"RequestAppliesTo\":\"Rule-Access-Role-Name\",\"RequestRuleName\":\"pzDelegationExperience\"}" => HTTP 404 (121 bytes)
[PegaHttpClient] 📡 POST https://zdk8budo.pegaacademy.net/prweb/PRRestService/CodeIntelligence/v1/rules/query?pxObjClass=Rule-HTML-Section&appliesTo=Rule-Access-Role-Name&pyRuleName=pzDelegationExperience&RequestClass=Rule-HTML-Section&RequestAppliesTo=Rule-Access-Role-Name&RequestRuleName=pzDelegationExperience Payload: "{\"RequestClass\":\"Rule-HTML-Section\",\"RequestAppliesTo\":\"Rule-Access-Role-Name\",\"RequestRuleName\":\"pzDelegationExperience\"}" => HTTP 404 (121 bytes)
[PegaHttpClient] 📡 POST https://zdk8budo.pegaacademy.net/prweb/api/HRAppsV2Service/V1/rules/query?pxObjClass=Rule-HTML-Section&appliesTo=Rule-Access-Role-Name&pyRuleName=pzDelegationExperience&RequestClass=Rule-HTML-Section&RequestAppliesTo=Rule-Access-Role-Name&RequestRuleName=pzDelegationExperience Payload: "{\"RequestClass\":\"Rule-HTML-Section\",\"RequestAppliesTo\":\"Rule-Access-Role-Name\",\"RequestRuleName\":\"pzDelegationExperience\"}" => HTTP 404 (18 bytes)
[PegaHttpClient] 📡 POST https://zdk8budo.pegaacademy.net/prweb/PRRestService/HRAppsV2Service/V1/rules/query?pxObjClass=Rule-HTML-Section&appliesTo=Rule-Access-Role-Name&pyRuleName=pzDelegationExperience&RequestClass=Rule-HTML-Section&RequestAppliesTo=Rule-Access-Role-Name&RequestRuleName=pzDelegationExperience Payload: "{\"RequestClass\":\"Rule-HTML-Section\",\"RequestAppliesTo\":\"Rule-Access-Role-Name\",\"RequestRuleName\":\"pzDelegationExperience\"}" => HTTP 404 (18 bytes)
[PegaHttpClient] 📡 POST https://zdk8budo.pegaacademy.net/prweb/api/HRAppsV2/V1/rules/query?pxObjClass=Rule-HTML-Section&appliesTo=Rule-Access-Role-Name&pyRuleName=pzDelegationExperience&RequestClass=Rule-HTML-Section&RequestAppliesTo=Rule-Access-Role-Name&RequestRuleName=pzDelegationExperience Payload: "{\"RequestClass\":\"Rule-HTML-Section\",\"RequestAppliesTo\":\"Rule-Access-Role-Name\",\"RequestRuleName\":\"pzDelegationExperience\"}" => HTTP 404 (18 bytes)
[PegaHttpClient] 📡 POST https://zdk8budo.pegaacademy.net/prweb/PRRestService/HRAppsV2/V1/rules/query?pxObjClass=Rule-HTML-Section&appliesTo=Rule-Access-Role-Name&pyRuleName=pzDelegationExperience&RequestClass=Rule-HTML-Section&RequestAppliesTo=Rule-Access-Role-Name&RequestRuleName=pzDelegationExperience Payload: "{\"RequestClass\":\"Rule-HTML-Section\",\"RequestAppliesTo\":\"Rule-Access-Role-Name\",\"RequestRuleName\":\"pzDelegationExperience\"}" => HTTP 404 (18 bytes)
[PegaHttpClient] 📡 POST https://zdk8budo.pegaacademy.net/prweb/api/v1/rules/query?pxObjClass=Rule-HTML-Section&appliesTo=Rule-Access-Role-Name&pyRuleName=pzDelegationExperience&RequestClass=Rule-HTML-Section&RequestAppliesTo=Rule-Access-Role-Name&RequestRuleName=pzDelegationExperience Payload: "{\"RequestClass\":\"Rule-HTML-Section\",\"RequestAppliesTo\":\"Rule-Access-Role-Name\",\"RequestRuleName\":\"pzDelegationExperience\"}" => HTTP 404 (18 bytes)
[PegaHttpClient] 📡 POST https://zdk8budo.pegaacademy.net/prweb/PRRestService/v1/rules/query?pxObjClass=Rule-HTML-Section&appliesTo=Rule-Access-Role-Name&pyRuleName=pzDelegationExperience&RequestClass=Rule-HTML-Section&RequestAppliesTo=Rule-Access-Role-Name&RequestRuleName=pzDelegationExperience Payload: "{\"RequestClass\":\"Rule-HTML-Section\",\"RequestAppliesTo\":\"Rule-Access-Role-Name\",\"RequestRuleName\":\"pzDelegationExperience\"}" => HTTP 404 (18 bytes)
[PegaHttpClient] 📡 POST https://zdk8budo.pegaacademy.net/prweb/api/CodeIntelligence/v1/rules/query?pxObjClass=Rule-HTML-Section&appliesTo=Rule-Access-Role-Name&pyRuleName=Role&RequestClass=Rule-HTML-Section&RequestAppliesTo=Rule-Access-Role-Name&RequestRuleName=Role Payload: "{\"RequestClass\":\"Rule-HTML-Section\",\"RequestAppliesTo\":\"Rule-Access-Role-Name\",\"RequestRuleName\":\"Role\"}" => HTTP 200 (239818 bytes)
[PegaHttpClient] 📡 POST https://zdk8budo.pegaacademy.net/prweb/api/CodeIntelligence/v1/rules/query?pxObjClass=Rule-HTML-Section&appliesTo=Rule-Access-Role-Name&pyRuleName=pzSpecifications&RequestClass=Rule-HTML-Section&RequestAppliesTo=Rule-Access-Role-Name&RequestRuleName=pzSpecifications Payload: "{\"RequestClass\":\"Rule-HTML-Section\",\"RequestAppliesTo\":\"Rule-Access-Role-Name\",\"RequestRuleName\":\"pzSpecifications\"}" => HTTP 200 (16577 bytes)
[PegaHttpClient] 📡 POST https://zdk8budo.pegaacademy.net/prweb/api/CodeIntelligence/v1/rules/query?pxObjClass=Rule-HTML-Section&appliesTo=Rule-Access-Role-Name&pyRuleName=RuleFormHistory&RequestClass=Rule-HTML-Section&RequestAppliesTo=Rule-Access-Role-Name&RequestRuleName=RuleFormHistory Payload: "{\"RequestClass\":\"Rule-HTML-Section\",\"RequestAppliesTo\":\"Rule-Access-Role-Name\",\"RequestRuleName\":\"RuleFormHistory\"}" => HTTP 200 (76091 bytes)
[PegaHttpClient] 📡 POST https://zdk8budo.pegaacademy.net/prweb/api/CodeIntelligence/v1/rules/query?pxObjClass=Rule-HTML-Section&appliesTo=Rule-Access-Role-Name&pyRuleName=pzCustomHelp&RequestClass=Rule-HTML-Section&RequestAppliesTo=Rule-Access-Role-Name&RequestRuleName=pzCustomHelp Payload: "{\"RequestClass\":\"Rule-HTML-Section\",\"RequestAppliesTo\":\"Rule-Access-Role-Name\",\"RequestRuleName\":\"pzCustomHelp\"}" => HTTP 200 (31573 bytes)
[PegaHttpClient] 📡 POST https://zdk8budo.pegaacademy.net/prweb/api/CodeIntelligence/v1/rules/query?pxObjClass=Rule-HTML-Section&appliesTo=Rule-Access-Role-Name&pyRuleName=pzRuleFormKeysAndDescription&RequestClass=Rule-HTML-Section&RequestAppliesTo=Rule-Access-Role-Name&RequestRuleName=pzRuleFormKeysAndDescription Payload: "{\"RequestClass\":\"Rule-HTML-Section\",\"RequestAppliesTo\":\"Rule-Access-Role-Name\",\"RequestRuleName\":\"pzRuleFormKeysAndDescription\"}" => HTTP 200 (218057 bytes)
[PegaHttpClient] 📡 POST https://zdk8budo.pegaacademy.net/prweb/api/CodeIntelligence/v1/rules/query?pxObjClass=Rule-HTML-Section&appliesTo=Rule-Access-Role-Name&pyRuleName=pzRuleFormRuleset&RequestClass=Rule-HTML-Section&RequestAppliesTo=Rule-Access-Role-Name&RequestRuleName=pzRuleFormRuleset Payload: "{\"RequestClass\":\"Rule-HTML-Section\",\"RequestAppliesTo\":\"Rule-Access-Role-Name\",\"RequestRuleName\":\"pzRuleFormRuleset\"}" => HTTP 200 (33985 bytes)
[PegaHttpClient] 📡 POST https://zdk8budo.pegaacademy.net/prweb/api/CodeIntelligence/v1/rules/query?pxObjClass=Rule-HTML-Section&appliesTo=Rule-Access-Role-Name&pyRuleName=undefined&RequestClass=Rule-HTML-Section&RequestAppliesTo=Rule-Access-Role-Name&RequestRuleName=undefined Payload: "{\"RequestClass\":\"Rule-HTML-Section\",\"RequestAppliesTo\":\"Rule-Access-Role-Name\",\"RequestRuleName\":\"undefined\"}" => HTTP 404 (108 bytes)
[PegaHttpClient] 📡 POST https://zdk8budo.pegaacademy.net/prweb/PRRestService/CodeIntelligence/v1/rules/query?pxObjClass=Rule-HTML-Section&appliesTo=Rule-Access-Role-Name&pyRuleName=undefined&RequestClass=Rule-HTML-Section&RequestAppliesTo=Rule-Access-Role-Name&RequestRuleName=undefined Payload: "{\"RequestClass\":\"Rule-HTML-Section\",\"RequestAppliesTo\":\"Rule-Access-Role-Name\",\"RequestRuleName\":\"undefined\"}" => HTTP 404 (108 bytes)
[PegaHttpClient] 📡 POST https://zdk8budo.pegaacademy.net/prweb/api/HRAppsV2Service/V1/rules/query?pxObjClass=Rule-HTML-Section&appliesTo=Rule-Access-Role-Name&pyRuleName=undefined&RequestClass=Rule-HTML-Section&RequestAppliesTo=Rule-Access-Role-Name&RequestRuleName=undefined Payload: "{\"RequestClass\":\"Rule-HTML-Section\",\"RequestAppliesTo\":\"Rule-Access-Role-Name\",\"RequestRuleName\":\"undefined\"}" => HTTP 404 (18 bytes)
[PegaHttpClient] 📡 POST https://zdk8budo.pegaacademy.net/prweb/PRRestService/HRAppsV2Service/V1/rules/query?pxObjClass=Rule-HTML-Section&appliesTo=Rule-Access-Role-Name&pyRuleName=undefined&RequestClass=Rule-HTML-Section&RequestAppliesTo=Rule-Access-Role-Name&RequestRuleName=undefined Payload: "{\"RequestClass\":\"Rule-HTML-Section\",\"RequestAppliesTo\":\"Rule-Access-Role-Name\",\"RequestRuleName\":\"undefined\"}" => HTTP 404 (18 bytes)
[PegaHttpClient] 📡 POST https://zdk8budo.pegaacademy.net/prweb/api/HRAppsV2/V1/rules/query?pxObjClass=Rule-HTML-Section&appliesTo=Rule-Access-Role-Name&pyRuleName=undefined&RequestClass=Rule-HTML-Section&RequestAppliesTo=Rule-Access-Role-Name&RequestRuleName=undefined Payload: "{\"RequestClass\":\"Rule-HTML-Section\",\"RequestAppliesTo\":\"Rule-Access-Role-Name\",\"RequestRuleName\":\"undefined\"}" => HTTP 404 (18 bytes)
[PegaHttpClient] 📡 POST https://zdk8budo.pegaacademy.net/prweb/PRRestService/HRAppsV2/V1/rules/query?pxObjClass=Rule-HTML-Section&appliesTo=Rule-Access-Role-Name&pyRuleName=undefined&RequestClass=Rule-HTML-Section&RequestAppliesTo=Rule-Access-Role-Name&RequestRuleName=undefined Payload: "{\"RequestClass\":\"Rule-HTML-Section\",\"RequestAppliesTo\":\"Rule-Access-Role-Name\",\"RequestRuleName\":\"undefined\"}" => HTTP 404 (18 bytes)
[PegaHttpClient] 📡 POST https://zdk8budo.pegaacademy.net/prweb/api/v1/rules/query?pxObjClass=Rule-HTML-Section&appliesTo=Rule-Access-Role-Name&pyRuleName=undefined&RequestClass=Rule-HTML-Section&RequestAppliesTo=Rule-Access-Role-Name&RequestRuleName=undefined Payload: "{\"RequestClass\":\"Rule-HTML-Section\",\"RequestAppliesTo\":\"Rule-Access-Role-Name\",\"RequestRuleName\":\"undefined\"}" => HTTP 404 (18 bytes)
[PegaHttpClient] 📡 POST https://zdk8budo.pegaacademy.net/prweb/PRRestService/v1/rules/query?pxObjClass=Rule-HTML-Section&appliesTo=Rule-Access-Role-Name&pyRuleName=undefined&RequestClass=Rule-HTML-Section&RequestAppliesTo=Rule-Access-Role-Name&RequestRuleName=undefined Payload: "{\"RequestClass\":\"Rule-HTML-Section\",\"RequestAppliesTo\":\"Rule-Access-Role-Name\",\"RequestRuleName\":\"undefined\"}" => HTTP 404 (18 bytes)
[PegaHttpClient] 📡 POST https://zdk8budo.pegaacademy.net/prweb/api/CodeIntelligence/v1/rules/query?pxObjClass=Rule-HTML-Section&appliesTo=Rule-Access-Role-Name&pyRuleName=pzRuleFormToolbar&RequestClass=Rule-HTML-Section&RequestAppliesTo=Rule-Access-Role-Name&RequestRuleName=pzRuleFormToolbar Payload: "{\"RequestClass\":\"Rule-HTML-Section\",\"RequestAppliesTo\":\"Rule-Access-Role-Name\",\"RequestRuleName\":\"pzRuleFormToolbar\"}" => HTTP 200 (242691 bytes)
[PegaHttpClient] 📡 POST https://zdk8budo.pegaacademy.net/prweb/api/CodeIntelligence/v1/rules/query?pxObjClass=Rule-HTML-Section&appliesTo=Rule-Access-Role-Name&pyRuleName=pzRuleFormToolbarCompare&RequestClass=Rule-HTML-Section&RequestAppliesTo=Rule-Access-Role-Name&RequestRuleName=pzRuleFormToolbarCompare Payload: "{\"RequestClass\":\"Rule-HTML-Section\",\"RequestAppliesTo\":\"Rule-Access-Role-Name\",\"RequestRuleName\":\"pzRuleFormToolbarCompare\"}" => HTTP 200 (61925 bytes)
[PegaHttpClient] 📡 POST https://zdk8budo.pegaacademy.net/prweb/api/CodeIntelligence/v1/rules/query?pxObjClass=Rule-HTML-Section&appliesTo=Rule-Access-Role-Name&pyRuleName=RuleFormHeaderMessages&RequestClass=Rule-HTML-Section&RequestAppliesTo=Rule-Access-Role-Name&RequestRuleName=RuleFormHeaderMessages Payload: "{\"RequestClass\":\"Rule-HTML-Section\",\"RequestAppliesTo\":\"Rule-Access-Role-Name\",\"RequestRuleName\":\"RuleFormHeaderMessages\"}" => HTTP 200 (26518 bytes)
[PegaHttpClient] 📡 POST https://zdk8budo.pegaacademy.net/prweb/api/CodeIntelligence/v1/rules/query?pxObjClass=Rule-HTML-Section&appliesTo=Rule-Access-Role-Name&pyRuleName=pzDependentRoles&RequestClass=Rule-HTML-Section&RequestAppliesTo=Rule-Access-Role-Name&RequestRuleName=pzDependentRoles Payload: "{\"RequestClass\":\"Rule-HTML-Section\",\"RequestAppliesTo\":\"Rule-Access-Role-Name\",\"RequestRuleName\":\"pzDependentRoles\"}" => HTTP 200 (21431 bytes)
[PegaHttpClient] 📡 POST https://zdk8budo.pegaacademy.net/prweb/api/CodeIntelligence/v1/rules/query?pxObjClass=Rule-HTML-Section&appliesTo=Rule-Access-Role-Name&pyRuleName=pzSpecificationsInner&RequestClass=Rule-HTML-Section&RequestAppliesTo=Rule-Access-Role-Name&RequestRuleName=pzSpecificationsInner Payload: "{\"RequestClass\":\"Rule-HTML-Section\",\"RequestAppliesTo\":\"Rule-Access-Role-Name\",\"RequestRuleName\":\"pzSpecificationsInner\"}" => HTTP 200 (142370 bytes)
[PegaHttpClient] 📡 POST https://zdk8budo.pegaacademy.net/prweb/api/CodeIntelligence/v1/rules/query?pxObjClass=Rule-HTML-Section&appliesTo=Rule-Access-Role-Name&pyRuleName=pzAlternateRuleInfo&RequestClass=Rule-HTML-Section&RequestAppliesTo=Rule-Access-Role-Name&RequestRuleName=pzAlternateRuleInfo Payload: "{\"RequestClass\":\"Rule-HTML-Section\",\"RequestAppliesTo\":\"Rule-Access-Role-Name\",\"RequestRuleName\":\"pzAlternateRuleInfo\"}" => HTTP 200 (140407 bytes)
[PegaHttpClient] 📡 POST https://zdk8budo.pegaacademy.net/prweb/api/CodeIntelligence/v1/rules/query?pxObjClass=Rule-HTML-Section&appliesTo=Rule-Access-Role-Name&pyRuleName=RuleFormHistory_Description&RequestClass=Rule-HTML-Section&RequestAppliesTo=Rule-Access-Role-Name&RequestRuleName=RuleFormHistory_Description Payload: "{\"RequestClass\":\"Rule-HTML-Section\",\"RequestAppliesTo\":\"Rule-Access-Role-Name\",\"RequestRuleName\":\"RuleFormHistory_Description\"}" => HTTP 200 (46242 bytes)
[PegaHttpClient] 📡 POST https://zdk8budo.pegaacademy.net/prweb/api/CodeIntelligence/v1/rules/query?pxObjClass=Rule-HTML-Section&appliesTo=Rule-Access-Role-Name&pyRuleName=RuleFormHistory_CustomFields&RequestClass=Rule-HTML-Section&RequestAppliesTo=Rule-Access-Role-Name&RequestRuleName=RuleFormHistory_CustomFields Payload: "{\"RequestClass\":\"Rule-HTML-Section\",\"RequestAppliesTo\":\"Rule-Access-Role-Name\",\"RequestRuleName\":\"RuleFormHistory_CustomFields\"}" => HTTP 200 (75856 bytes)
[PegaHttpClient] 📡 POST https://zdk8budo.pegaacademy.net/prweb/api/CodeIntelligence/v1/rules/query?pxObjClass=Rule-HTML-Section&appliesTo=Rule-Access-Role-Name&pyRuleName=RuleFormHistory_HistoryDetails&RequestClass=Rule-HTML-Section&RequestAppliesTo=Rule-Access-Role-Name&RequestRuleName=RuleFormHistory_HistoryDetails Payload: "{\"RequestClass\":\"Rule-HTML-Section\",\"RequestAppliesTo\":\"Rule-Access-Role-Name\",\"RequestRuleName\":\"RuleFormHistory_HistoryDetails\"}" => HTTP 200 (179535 bytes)
[PegaHttpClient] 📡 POST https://zdk8budo.pegaacademy.net/prweb/api/CodeIntelligence/v1/rules/query?pxObjClass=Rule-HTML-Section&appliesTo=Rule-Access-Role-Name&pyRuleName=pzRuleFormStatus&RequestClass=Rule-HTML-Section&RequestAppliesTo=Rule-Access-Role-Name&RequestRuleName=pzRuleFormStatus Payload: "{\"RequestClass\":\"Rule-HTML-Section\",\"RequestAppliesTo\":\"Rule-Access-Role-Name\",\"RequestRuleName\":\"pzRuleFormStatus\"}" => HTTP 200 (97627 bytes)
[PegaHttpClient] 📡 POST https://zdk8budo.pegaacademy.net/prweb/api/CodeIntelligence/v1/rules/query?pxObjClass=Rule-HTML-Section&appliesTo=Rule-Access-Role-Name&pyRuleName=pzRuleFormHeaderCompareWithDropDown&RequestClass=Rule-HTML-Section&RequestAppliesTo=Rule-Access-Role-Name&RequestRuleName=pzRuleFormHeaderCompareWithDropDown Payload: "{\"RequestClass\":\"Rule-HTML-Section\",\"RequestAppliesTo\":\"Rule-Access-Role-Name\",\"RequestRuleName\":\"pzRuleFormHeaderCompareWithDropDown\"}" => HTTP 200 (25396 bytes)
[PegaHttpClient] 📡 POST https://zdk8budo.pegaacademy.net/prweb/api/CodeIntelligence/v1/rules/query?pxObjClass=Rule-HTML-Section&appliesTo=Rule-Access-Role-Name&pyRuleName=undefined&RequestClass=Rule-HTML-Section&RequestAppliesTo=Rule-Access-Role-Name&RequestRuleName=undefined Payload: "{\"RequestClass\":\"Rule-HTML-Section\",\"RequestAppliesTo\":\"Rule-Access-Role-Name\",\"RequestRuleName\":\"undefined\"}" => HTTP 404 (108 bytes)
[PegaHttpClient] 📡 POST https://zdk8budo.pegaacademy.net/prweb/PRRestService/CodeIntelligence/v1/rules/query?pxObjClass=Rule-HTML-Section&appliesTo=Rule-Access-Role-Name&pyRuleName=undefined&RequestClass=Rule-HTML-Section&RequestAppliesTo=Rule-Access-Role-Name&RequestRuleName=undefined Payload: "{\"RequestClass\":\"Rule-HTML-Section\",\"RequestAppliesTo\":\"Rule-Access-Role-Name\",\"RequestRuleName\":\"undefined\"}" => HTTP 404 (108 bytes)
[PegaHttpClient] 📡 POST https://zdk8budo.pegaacademy.net/prweb/api/HRAppsV2Service/V1/rules/query?pxObjClass=Rule-HTML-Section&appliesTo=Rule-Access-Role-Name&pyRuleName=undefined&RequestClass=Rule-HTML-Section&RequestAppliesTo=Rule-Access-Role-Name&RequestRuleName=undefined Payload: "{\"RequestClass\":\"Rule-HTML-Section\",\"RequestAppliesTo\":\"Rule-Access-Role-Name\",\"RequestRuleName\":\"undefined\"}" => HTTP 404 (18 bytes)
[PegaHttpClient] 📡 POST https://zdk8budo.pegaacademy.net/prweb/PRRestService/HRAppsV2Service/V1/rules/query?pxObjClass=Rule-HTML-Section&appliesTo=Rule-Access-Role-Name&pyRuleName=undefined&RequestClass=Rule-HTML-Section&RequestAppliesTo=Rule-Access-Role-Name&RequestRuleName=undefined Payload: "{\"RequestClass\":\"Rule-HTML-Section\",\"RequestAppliesTo\":\"Rule-Access-Role-Name\",\"RequestRuleName\":\"undefined\"}" => HTTP 404 (18 bytes)
[PegaHttpClient] 📡 POST https://zdk8budo.pegaacademy.net/prweb/api/HRAppsV2/V1/rules/query?pxObjClass=Rule-HTML-Section&appliesTo=Rule-Access-Role-Name&pyRuleName=undefined&RequestClass=Rule-HTML-Section&RequestAppliesTo=Rule-Access-Role-Name&RequestRuleName=undefined Payload: "{\"RequestClass\":\"Rule-HTML-Section\",\"RequestAppliesTo\":\"Rule-Access-Role-Name\",\"RequestRuleName\":\"undefined\"}" => HTTP 404 (18 bytes)
[PegaHttpClient] 📡 POST https://zdk8budo.pegaacademy.net/prweb/PRRestService/HRAppsV2/V1/rules/query?pxObjClass=Rule-HTML-Section&appliesTo=Rule-Access-Role-Name&pyRuleName=undefined&RequestClass=Rule-HTML-Section&RequestAppliesTo=Rule-Access-Role-Name&RequestRuleName=undefined Payload: "{\"RequestClass\":\"Rule-HTML-Section\",\"RequestAppliesTo\":\"Rule-Access-Role-Name\",\"RequestRuleName\":\"undefined\"}" => HTTP 404 (18 bytes)
[PegaHttpClient] 📡 POST https://zdk8budo.pegaacademy.net/prweb/api/v1/rules/query?pxObjClass=Rule-HTML-Section&appliesTo=Rule-Access-Role-Name&pyRuleName=undefined&RequestClass=Rule-HTML-Section&RequestAppliesTo=Rule-Access-Role-Name&RequestRuleName=undefined Payload: "{\"RequestClass\":\"Rule-HTML-Section\",\"RequestAppliesTo\":\"Rule-Access-Role-Name\",\"RequestRuleName\":\"undefined\"}" => HTTP 404 (18 bytes)
[PegaHttpClient] 📡 POST https://zdk8budo.pegaacademy.net/prweb/PRRestService/v1/rules/query?pxObjClass=Rule-HTML-Section&appliesTo=Rule-Access-Role-Name&pyRuleName=undefined&RequestClass=Rule-HTML-Section&RequestAppliesTo=Rule-Access-Role-Name&RequestRuleName=undefined Payload: "{\"RequestClass\":\"Rule-HTML-Section\",\"RequestAppliesTo\":\"Rule-Access-Role-Name\",\"RequestRuleName\":\"undefined\"}" => HTTP 404 (18 bytes)
[PegaHttpClient] 📡 POST https://zdk8budo.pegaacademy.net/prweb/api/CodeIntelligence/v1/rules/query?pxObjClass=Rule-HTML-Section&appliesTo=Rule-Access-Role-Name&pyRuleName=pzRuleFormToolbarHotKeys&RequestClass=Rule-HTML-Section&RequestAppliesTo=Rule-Access-Role-Name&RequestRuleName=pzRuleFormToolbarHotKeys Payload: "{\"RequestClass\":\"Rule-HTML-Section\",\"RequestAppliesTo\":\"Rule-Access-Role-Name\",\"RequestRuleName\":\"pzRuleFormToolbarHotKeys\"}" => HTTP 200 (85058 bytes)
[PegaHttpClient] 📡 POST https://zdk8budo.pegaacademy.net/prweb/api/CodeIntelligence/v1/rules/query?pxObjClass=Rule-HTML-Section&appliesTo=Rule-Access-Role-Name&pyRuleName=pzRuleFormToolbarLockedIcon&RequestClass=Rule-HTML-Section&RequestAppliesTo=Rule-Access-Role-Name&RequestRuleName=pzRuleFormToolbarLockedIcon Payload: "{\"RequestClass\":\"Rule-HTML-Section\",\"RequestAppliesTo\":\"Rule-Access-Role-Name\",\"RequestRuleName\":\"pzRuleFormToolbarLockedIcon\"}" => HTTP 200 (24898 bytes)
[PegaHttpClient] 📡 POST https://zdk8budo.pegaacademy.net/prweb/api/CodeIntelligence/v1/rules/query?pxObjClass=Rule-HTML-Section&appliesTo=Rule-Access-Role-Name&pyRuleName=pzRuleFormToolbarCollaborators&RequestClass=Rule-HTML-Section&RequestAppliesTo=Rule-Access-Role-Name&RequestRuleName=pzRuleFormToolbarCollaborators Payload: "{\"RequestClass\":\"Rule-HTML-Section\",\"RequestAppliesTo\":\"Rule-Access-Role-Name\",\"RequestRuleName\":\"pzRuleFormToolbarCollaborators\"}" => HTTP 200 (15254 bytes)
[PegaHttpClient] 📡 POST https://zdk8budo.pegaacademy.net/prweb/api/CodeIntelligence/v1/rules/query?pxObjClass=Rule-HTML-Section&appliesTo=Rule-Access-Role-Name&pyRuleName=pzRuleFormToolbarSaveAs&RequestClass=Rule-HTML-Section&RequestAppliesTo=Rule-Access-Role-Name&RequestRuleName=pzRuleFormToolbarSaveAs Payload: "{\"RequestClass\":\"Rule-HTML-Section\",\"RequestAppliesTo\":\"Rule-Access-Role-Name\",\"RequestRuleName\":\"pzRuleFormToolbarSaveAs\"}" => HTTP 200 (64084 bytes)
[PegaHttpClient] 📡 POST https://zdk8budo.pegaacademy.net/prweb/api/CodeIntelligence/v1/rules/query?pxObjClass=Rule-HTML-Section&appliesTo=Rule-Access-Role-Name&pyRuleName=pzRuleFormToolbarCheckin&RequestClass=Rule-HTML-Section&RequestAppliesTo=Rule-Access-Role-Name&RequestRuleName=pzRuleFormToolbarCheckin Payload: "{\"RequestClass\":\"Rule-HTML-Section\",\"RequestAppliesTo\":\"Rule-Access-Role-Name\",\"RequestRuleName\":\"pzRuleFormToolbarCheckin\"}" => HTTP 200 (119096 bytes)
[PegaHttpClient] 📡 POST https://zdk8budo.pegaacademy.net/prweb/api/CodeIntelligence/v1/rules/query?pxObjClass=Rule-HTML-Section&appliesTo=Rule-Access-Role-Name&pyRuleName=pzRuleFormToolbarDelete&RequestClass=Rule-HTML-Section&RequestAppliesTo=Rule-Access-Role-Name&RequestRuleName=pzRuleFormToolbarDelete Payload: "{\"RequestClass\":\"Rule-HTML-Section\",\"RequestAppliesTo\":\"Rule-Access-Role-Name\",\"RequestRuleName\":\"pzRuleFormToolbarDelete\"}" => HTTP 200 (30249 bytes)
[PegaHttpClient] 📡 POST https://zdk8budo.pegaacademy.net/prweb/api/CodeIntelligence/v1/rules/query?pxObjClass=Rule-HTML-Section&appliesTo=Rule-Access-Role-Name&pyRuleName=pzRuleFormToolbarSave&RequestClass=Rule-HTML-Section&RequestAppliesTo=Rule-Access-Role-Name&RequestRuleName=pzRuleFormToolbarSave Payload: "{\"RequestClass\":\"Rule-HTML-Section\",\"RequestAppliesTo\":\"Rule-Access-Role-Name\",\"RequestRuleName\":\"pzRuleFormToolbarSave\"}" => HTTP 200 (293885 bytes)
[PegaHttpClient] 📡 POST https://zdk8budo.pegaacademy.net/prweb/api/CodeIntelligence/v1/rules/query?pxObjClass=Rule-HTML-Section&appliesTo=Rule-Access-Role-Name&pyRuleName=pzRuleFormToolbarCheckout&RequestClass=Rule-HTML-Section&RequestAppliesTo=Rule-Access-Role-Name&RequestRuleName=pzRuleFormToolbarCheckout Payload: "{\"RequestClass\":\"Rule-HTML-Section\",\"RequestAppliesTo\":\"Rule-Access-Role-Name\",\"RequestRuleName\":\"pzRuleFormToolbarCheckout\"}" => HTTP 200 (238148 bytes)
[PegaHttpClient] 📡 POST https://zdk8budo.pegaacademy.net/prweb/api/CodeIntelligence/v1/rules/query?pxObjClass=Rule-HTML-Section&appliesTo=Rule-Access-Role-Name&pyRuleName=pzRemoveErrorsDataPage&RequestClass=Rule-HTML-Section&RequestAppliesTo=Rule-Access-Role-Name&RequestRuleName=pzRemoveErrorsDataPage Payload: "{\"RequestClass\":\"Rule-HTML-Section\",\"RequestAppliesTo\":\"Rule-Access-Role-Name\",\"RequestRuleName\":\"pzRemoveErrorsDataPage\"}" => HTTP 200 (16733 bytes)
[PegaHttpClient] 📡 POST https://zdk8budo.pegaacademy.net/prweb/api/CodeIntelligence/v1/rules/query?pxObjClass=Rule-HTML-Section&appliesTo=Rule-Access-Role-Name&pyRuleName=pzRuleFormHeaderMessagesWrapper&RequestClass=Rule-HTML-Section&RequestAppliesTo=Rule-Access-Role-Name&RequestRuleName=pzRuleFormHeaderMessagesWrapper Payload: "{\"RequestClass\":\"Rule-HTML-Section\",\"RequestAppliesTo\":\"Rule-Access-Role-Name\",\"RequestRuleName\":\"pzRuleFormHeaderMessagesWrapper\"}" => HTTP 200 (16981 bytes)
[PegaHttpClient] 📡 POST https://zdk8budo.pegaacademy.net/prweb/api/CodeIntelligence/v1/rules/query?pxObjClass=Rule-HTML-Section&appliesTo=Rule-Access-Role-Name&pyRuleName=pzSpecificationName&RequestClass=Rule-HTML-Section&RequestAppliesTo=Rule-Access-Role-Name&RequestRuleName=pzSpecificationName Payload: "{\"RequestClass\":\"Rule-HTML-Section\",\"RequestAppliesTo\":\"Rule-Access-Role-Name\",\"RequestRuleName\":\"pzSpecificationName\"}" => HTTP 404 (118 bytes)
[PegaHttpClient] 📡 POST https://zdk8budo.pegaacademy.net/prweb/PRRestService/CodeIntelligence/v1/rules/query?pxObjClass=Rule-HTML-Section&appliesTo=Rule-Access-Role-Name&pyRuleName=pzSpecificationName&RequestClass=Rule-HTML-Section&RequestAppliesTo=Rule-Access-Role-Name&RequestRuleName=pzSpecificationName Payload: "{\"RequestClass\":\"Rule-HTML-Section\",\"RequestAppliesTo\":\"Rule-Access-Role-Name\",\"RequestRuleName\":\"pzSpecificationName\"}" => HTTP 404 (118 bytes)
[PegaHttpClient] 📡 POST https://zdk8budo.pegaacademy.net/prweb/api/HRAppsV2Service/V1/rules/query?pxObjClass=Rule-HTML-Section&appliesTo=Rule-Access-Role-Name&pyRuleName=pzSpecificationName&RequestClass=Rule-HTML-Section&RequestAppliesTo=Rule-Access-Role-Name&RequestRuleName=pzSpecificationName Payload: "{\"RequestClass\":\"Rule-HTML-Section\",\"RequestAppliesTo\":\"Rule-Access-Role-Name\",\"RequestRuleName\":\"pzSpecificationName\"}" => HTTP 404 (18 bytes)
[PegaHttpClient] 📡 POST https://zdk8budo.pegaacademy.net/prweb/PRRestService/HRAppsV2Service/V1/rules/query?pxObjClass=Rule-HTML-Section&appliesTo=Rule-Access-Role-Name&pyRuleName=pzSpecificationName&RequestClass=Rule-HTML-Section&RequestAppliesTo=Rule-Access-Role-Name&RequestRuleName=pzSpecificationName Payload: "{\"RequestClass\":\"Rule-HTML-Section\",\"RequestAppliesTo\":\"Rule-Access-Role-Name\",\"RequestRuleName\":\"pzSpecificationName\"}" => HTTP 404 (18 bytes)
[PegaHttpClient] 📡 POST https://zdk8budo.pegaacademy.net/prweb/api/HRAppsV2/V1/rules/query?pxObjClass=Rule-HTML-Section&appliesTo=Rule-Access-Role-Name&pyRuleName=pzSpecificationName&RequestClass=Rule-HTML-Section&RequestAppliesTo=Rule-Access-Role-Name&RequestRuleName=pzSpecificationName Payload: "{\"RequestClass\":\"Rule-HTML-Section\",\"RequestAppliesTo\":\"Rule-Access-Role-Name\",\"RequestRuleName\":\"pzSpecificationName\"}" => HTTP 404 (18 bytes)
[PegaHttpClient] 📡 POST https://zdk8budo.pegaacademy.net/prweb/PRRestService/HRAppsV2/V1/rules/query?pxObjClass=Rule-HTML-Section&appliesTo=Rule-Access-Role-Name&pyRuleName=pzSpecificationName&RequestClass=Rule-HTML-Section&RequestAppliesTo=Rule-Access-Role-Name&RequestRuleName=pzSpecificationName Payload: "{\"RequestClass\":\"Rule-HTML-Section\",\"RequestAppliesTo\":\"Rule-Access-Role-Name\",\"RequestRuleName\":\"pzSpecificationName\"}" => HTTP 404 (18 bytes)
[PegaHttpClient] 📡 POST https://zdk8budo.pegaacademy.net/prweb/api/v1/rules/query?pxObjClass=Rule-HTML-Section&appliesTo=Rule-Access-Role-Name&pyRuleName=pzSpecificationName&RequestClass=Rule-HTML-Section&RequestAppliesTo=Rule-Access-Role-Name&RequestRuleName=pzSpecificationName Payload: "{\"RequestClass\":\"Rule-HTML-Section\",\"RequestAppliesTo\":\"Rule-Access-Role-Name\",\"RequestRuleName\":\"pzSpecificationName\"}" => HTTP 404 (18 bytes)
[PegaHttpClient] 📡 POST https://zdk8budo.pegaacademy.net/prweb/PRRestService/v1/rules/query?pxObjClass=Rule-HTML-Section&appliesTo=Rule-Access-Role-Name&pyRuleName=pzSpecificationName&RequestClass=Rule-HTML-Section&RequestAppliesTo=Rule-Access-Role-Name&RequestRuleName=pzSpecificationName Payload: "{\"RequestClass\":\"Rule-HTML-Section\",\"RequestAppliesTo\":\"Rule-Access-Role-Name\",\"RequestRuleName\":\"pzSpecificationName\"}" => HTTP 404 (18 bytes)
[PegaHttpClient] 📡 POST https://zdk8budo.pegaacademy.net/prweb/api/CodeIntelligence/v1/rules/query?pxObjClass=Rule-HTML-Section&appliesTo=Rule-Access-Role-Name&pyRuleName=pzScm_RuleHistory&RequestClass=Rule-HTML-Section&RequestAppliesTo=Rule-Access-Role-Name&RequestRuleName=pzScm_RuleHistory Payload: "{\"RequestClass\":\"Rule-HTML-Section\",\"RequestAppliesTo\":\"Rule-Access-Role-Name\",\"RequestRuleName\":\"pzScm_RuleHistory\"}" => HTTP 200 (14682 bytes)
[PegaHttpClient] 📡 POST https://zdk8budo.pegaacademy.net/prweb/api/CodeIntelligence/v1/rules/query?pxObjClass=Rule-HTML-Section&appliesTo=Rule-Access-Role-Name&pyRuleName=pxDisplayCollaborators&RequestClass=Rule-HTML-Section&RequestAppliesTo=Rule-Access-Role-Name&RequestRuleName=pxDisplayCollaborators Payload: "{\"RequestClass\":\"Rule-HTML-Section\",\"RequestAppliesTo\":\"Rule-Access-Role-Name\",\"RequestRuleName\":\"pxDisplayCollaborators\"}" => HTTP 200 (94171 bytes)
[PegaHttpClient] 📡 POST https://zdk8budo.pegaacademy.net/prweb/api/CodeIntelligence/v1/rules/query?pxObjClass=Rule-HTML-Section&appliesTo=Rule-Access-Role-Name&pyRuleName=pzRuleFormToolbarDeleteCheckOut&RequestClass=Rule-HTML-Section&RequestAppliesTo=Rule-Access-Role-Name&RequestRuleName=pzRuleFormToolbarDeleteCheckOut Payload: "{\"RequestClass\":\"Rule-HTML-Section\",\"RequestAppliesTo\":\"Rule-Access-Role-Name\",\"RequestRuleName\":\"pzRuleFormToolbarDeleteCheckOut\"}" => HTTP 200 (29433 bytes)
[PegaHttpClient] 📡 POST https://zdk8budo.pegaacademy.net/prweb/api/CodeIntelligence/v1/rules/query?pxObjClass=Rule-HTML-Section&appliesTo=Rule-Access-Role-Name&pyRuleName=pzRuleFormToolbarDeleteRule&RequestClass=Rule-HTML-Section&RequestAppliesTo=Rule-Access-Role-Name&RequestRuleName=pzRuleFormToolbarDeleteRule Payload: "{\"RequestClass\":\"Rule-HTML-Section\",\"RequestAppliesTo\":\"Rule-Access-Role-Name\",\"RequestRuleName\":\"pzRuleFormToolbarDeleteRule\"}" => HTTP 200 (32314 bytes)
[PegaHttpClient] 📡 POST https://zdk8budo.pegaacademy.net/prweb/api/CodeIntelligence/v1/rules/query?pxObjClass=Rule-HTML-Section&appliesTo=Rule-Access-Role-Name&pyRuleName=pzLoadCollaborationScripts&RequestClass=Rule-HTML-Section&RequestAppliesTo=Rule-Access-Role-Name&RequestRuleName=pzLoadCollaborationScripts Payload: "{\"RequestClass\":\"Rule-HTML-Section\",\"RequestAppliesTo\":\"Rule-Access-Role-Name\",\"RequestRuleName\":\"pzLoadCollaborationScripts\"}" => HTTP 200 (23453 bytes)
[PegaHttpClient] 📡 POST https://zdk8budo.pegaacademy.net/prweb/api/CodeIntelligence/v1/rules/query?pxObjClass=Rule-HTML-Section&appliesTo=Rule-Access-Role-Name&pyRuleName=pzDisplayCollaboratorsList&RequestClass=Rule-HTML-Section&RequestAppliesTo=Rule-Access-Role-Name&RequestRuleName=pzDisplayCollaboratorsList Payload: "{\"RequestClass\":\"Rule-HTML-Section\",\"RequestAppliesTo\":\"Rule-Access-Role-Name\",\"RequestRuleName\":\"pzDisplayCollaboratorsList\"}" => HTTP 200 (105418 bytes)
[PegaHttpClient] 📡 POST https://zdk8budo.pegaacademy.net/prweb/api/CodeIntelligence/v1/rules/query?pxObjClass=Rule-HTML-Section&appliesTo=Rule-Access-Role-Name&pyRuleName=pyCollaborator&RequestClass=Rule-HTML-Section&RequestAppliesTo=Rule-Access-Role-Name&RequestRuleName=pyCollaborator Payload: "{\"RequestClass\":\"Rule-HTML-Section\",\"RequestAppliesTo\":\"Rule-Access-Role-Name\",\"RequestRuleName\":\"pyCollaborator\"}" => HTTP 404 (113 bytes)
[PegaHttpClient] 📡 POST https://zdk8budo.pegaacademy.net/prweb/PRRestService/CodeIntelligence/v1/rules/query?pxObjClass=Rule-HTML-Section&appliesTo=Rule-Access-Role-Name&pyRuleName=pyCollaborator&RequestClass=Rule-HTML-Section&RequestAppliesTo=Rule-Access-Role-Name&RequestRuleName=pyCollaborator Payload: "{\"RequestClass\":\"Rule-HTML-Section\",\"RequestAppliesTo\":\"Rule-Access-Role-Name\",\"RequestRuleName\":\"pyCollaborator\"}" => HTTP 404 (113 bytes)
[PegaHttpClient] 📡 POST https://zdk8budo.pegaacademy.net/prweb/api/HRAppsV2Service/V1/rules/query?pxObjClass=Rule-HTML-Section&appliesTo=Rule-Access-Role-Name&pyRuleName=pyCollaborator&RequestClass=Rule-HTML-Section&RequestAppliesTo=Rule-Access-Role-Name&RequestRuleName=pyCollaborator Payload: "{\"RequestClass\":\"Rule-HTML-Section\",\"RequestAppliesTo\":\"Rule-Access-Role-Name\",\"RequestRuleName\":\"pyCollaborator\"}" => HTTP 404 (18 bytes)
[PegaHttpClient] 📡 POST https://zdk8budo.pegaacademy.net/prweb/PRRestService/HRAppsV2Service/V1/rules/query?pxObjClass=Rule-HTML-Section&appliesTo=Rule-Access-Role-Name&pyRuleName=pyCollaborator&RequestClass=Rule-HTML-Section&RequestAppliesTo=Rule-Access-Role-Name&RequestRuleName=pyCollaborator Payload: "{\"RequestClass\":\"Rule-HTML-Section\",\"RequestAppliesTo\":\"Rule-Access-Role-Name\",\"RequestRuleName\":\"pyCollaborator\"}" => HTTP 404 (18 bytes)
[PegaHttpClient] 📡 POST https://zdk8budo.pegaacademy.net/prweb/api/HRAppsV2/V1/rules/query?pxObjClass=Rule-HTML-Section&appliesTo=Rule-Access-Role-Name&pyRuleName=pyCollaborator&RequestClass=Rule-HTML-Section&RequestAppliesTo=Rule-Access-Role-Name&RequestRuleName=pyCollaborator Payload: "{\"RequestClass\":\"Rule-HTML-Section\",\"RequestAppliesTo\":\"Rule-Access-Role-Name\",\"RequestRuleName\":\"pyCollaborator\"}" => HTTP 404 (18 bytes)
[PegaHttpClient] 📡 POST https://zdk8budo.pegaacademy.net/prweb/PRRestService/HRAppsV2/V1/rules/query?pxObjClass=Rule-HTML-Section&appliesTo=Rule-Access-Role-Name&pyRuleName=pyCollaborator&RequestClass=Rule-HTML-Section&RequestAppliesTo=Rule-Access-Role-Name&RequestRuleName=pyCollaborator Payload: "{\"RequestClass\":\"Rule-HTML-Section\",\"RequestAppliesTo\":\"Rule-Access-Role-Name\",\"RequestRuleName\":\"pyCollaborator\"}" => HTTP 404 (18 bytes)
[PegaHttpClient] 📡 POST https://zdk8budo.pegaacademy.net/prweb/api/v1/rules/query?pxObjClass=Rule-HTML-Section&appliesTo=Rule-Access-Role-Name&pyRuleName=pyCollaborator&RequestClass=Rule-HTML-Section&RequestAppliesTo=Rule-Access-Role-Name&RequestRuleName=pyCollaborator Payload: "{\"RequestClass\":\"Rule-HTML-Section\",\"RequestAppliesTo\":\"Rule-Access-Role-Name\",\"RequestRuleName\":\"pyCollaborator\"}" => HTTP 404 (18 bytes)
[PegaHttpClient] 📡 POST https://zdk8budo.pegaacademy.net/prweb/PRRestService/v1/rules/query?pxObjClass=Rule-HTML-Section&appliesTo=Rule-Access-Role-Name&pyRuleName=pyCollaborator&RequestClass=Rule-HTML-Section&RequestAppliesTo=Rule-Access-Role-Name&RequestRuleName=pyCollaborator Payload: "{\"RequestClass\":\"Rule-HTML-Section\",\"RequestAppliesTo\":\"Rule-Access-Role-Name\",\"RequestRuleName\":\"pyCollaborator\"}" => HTTP 404 (18 bytes)
[PegaHttpClient] 📡 POST https://zdk8budo.pegaacademy.net/prweb/api/CodeIntelligence/v1/rules/query?pxObjClass=Rule-HTML-Section&appliesTo=Rule-Access-Role-Name&pyRuleName=pzDisplayPartialCount&RequestClass=Rule-HTML-Section&RequestAppliesTo=Rule-Access-Role-Name&RequestRuleName=pzDisplayPartialCount Payload: "{\"RequestClass\":\"Rule-HTML-Section\",\"RequestAppliesTo\":\"Rule-Access-Role-Name\",\"RequestRuleName\":\"pzDisplayPartialCount\"}" => HTTP 404 (120 bytes)
[PegaHttpClient] 📡 POST https://zdk8budo.pegaacademy.net/prweb/PRRestService/CodeIntelligence/v1/rules/query?pxObjClass=Rule-HTML-Section&appliesTo=Rule-Access-Role-Name&pyRuleName=pzDisplayPartialCount&RequestClass=Rule-HTML-Section&RequestAppliesTo=Rule-Access-Role-Name&RequestRuleName=pzDisplayPartialCount Payload: "{\"RequestClass\":\"Rule-HTML-Section\",\"RequestAppliesTo\":\"Rule-Access-Role-Name\",\"RequestRuleName\":\"pzDisplayPartialCount\"}" => HTTP 404 (120 bytes)
[PegaHttpClient] 📡 POST https://zdk8budo.pegaacademy.net/prweb/api/HRAppsV2Service/V1/rules/query?pxObjClass=Rule-HTML-Section&appliesTo=Rule-Access-Role-Name&pyRuleName=pzDisplayPartialCount&RequestClass=Rule-HTML-Section&RequestAppliesTo=Rule-Access-Role-Name&RequestRuleName=pzDisplayPartialCount Payload: "{\"RequestClass\":\"Rule-HTML-Section\",\"RequestAppliesTo\":\"Rule-Access-Role-Name\",\"RequestRuleName\":\"pzDisplayPartialCount\"}" => HTTP 404 (18 bytes)
[PegaHttpClient] 📡 POST https://zdk8budo.pegaacademy.net/prweb/PRRestService/HRAppsV2Service/V1/rules/query?pxObjClass=Rule-HTML-Section&appliesTo=Rule-Access-Role-Name&pyRuleName=pzDisplayPartialCount&RequestClass=Rule-HTML-Section&RequestAppliesTo=Rule-Access-Role-Name&RequestRuleName=pzDisplayPartialCount Payload: "{\"RequestClass\":\"Rule-HTML-Section\",\"RequestAppliesTo\":\"Rule-Access-Role-Name\",\"RequestRuleName\":\"pzDisplayPartialCount\"}" => HTTP 404 (18 bytes)
[PegaHttpClient] 📡 POST https://zdk8budo.pegaacademy.net/prweb/api/HRAppsV2/V1/rules/query?pxObjClass=Rule-HTML-Section&appliesTo=Rule-Access-Role-Name&pyRuleName=pzDisplayPartialCount&RequestClass=Rule-HTML-Section&RequestAppliesTo=Rule-Access-Role-Name&RequestRuleName=pzDisplayPartialCount Payload: "{\"RequestClass\":\"Rule-HTML-Section\",\"RequestAppliesTo\":\"Rule-Access-Role-Name\",\"RequestRuleName\":\"pzDisplayPartialCount\"}" => HTTP 404 (18 bytes)
[PegaHttpClient] 📡 POST https://zdk8budo.pegaacademy.net/prweb/PRRestService/HRAppsV2/V1/rules/query?pxObjClass=Rule-HTML-Section&appliesTo=Rule-Access-Role-Name&pyRuleName=pzDisplayPartialCount&RequestClass=Rule-HTML-Section&RequestAppliesTo=Rule-Access-Role-Name&RequestRuleName=pzDisplayPartialCount Payload: "{\"RequestClass\":\"Rule-HTML-Section\",\"RequestAppliesTo\":\"Rule-Access-Role-Name\",\"RequestRuleName\":\"pzDisplayPartialCount\"}" => HTTP 404 (18 bytes)
[PegaHttpClient] 📡 POST https://zdk8budo.pegaacademy.net/prweb/api/v1/rules/query?pxObjClass=Rule-HTML-Section&appliesTo=Rule-Access-Role-Name&pyRuleName=pzDisplayPartialCount&RequestClass=Rule-HTML-Section&RequestAppliesTo=Rule-Access-Role-Name&RequestRuleName=pzDisplayPartialCount Payload: "{\"RequestClass\":\"Rule-HTML-Section\",\"RequestAppliesTo\":\"Rule-Access-Role-Name\",\"RequestRuleName\":\"pzDisplayPartialCount\"}" => HTTP 404 (18 bytes)
[PegaHttpClient] 📡 POST https://zdk8budo.pegaacademy.net/prweb/PRRestService/v1/rules/query?pxObjClass=Rule-HTML-Section&appliesTo=Rule-Access-Role-Name&pyRuleName=pzDisplayPartialCount&RequestClass=Rule-HTML-Section&RequestAppliesTo=Rule-Access-Role-Name&RequestRuleName=pzDisplayPartialCount Payload: "{\"RequestClass\":\"Rule-HTML-Section\",\"RequestAppliesTo\":\"Rule-Access-Role-Name\",\"RequestRuleName\":\"pzDisplayPartialCount\"}" => HTTP 404 (18 bytes)
[SchemaGen] ✅ Schema written for Rule-Access-Role-Name
[PegaHttpClient] 📡 GET https://zdk8budo.pegaacademy.net/prweb/api/CodeIntelligence/v1/rules/RULE-HTML-HARNESS%20RULE-ACCESS-PROPERTY%20RULEFORM%20%2320180713T135118.874%20GMT => HTTP 200 (40893 bytes)
[PegaHttpClient] 📡 POST https://zdk8budo.pegaacademy.net/prweb/api/CodeIntelligence/v1/rules/query?pxObjClass=Rule-HTML-Section&appliesTo=Rule-Access-Property&pyRuleName=RuleFormMain&RequestClass=Rule-HTML-Section&RequestAppliesTo=Rule-Access-Property&RequestRuleName=RuleFormMain Payload: "{\"RequestClass\":\"Rule-HTML-Section\",\"RequestAppliesTo\":\"Rule-Access-Property\",\"RequestRuleName\":\"RuleFormMain\"}" => HTTP 200 (156234 bytes)
[PegaHttpClient] 📡 POST https://zdk8budo.pegaacademy.net/prweb/api/CodeIntelligence/v1/rules/query?pxObjClass=Rule-HTML-Section&appliesTo=Rule-Access-Property&pyRuleName=pxAlternateRuleForm&RequestClass=Rule-HTML-Section&RequestAppliesTo=Rule-Access-Property&RequestRuleName=pxAlternateRuleForm Payload: "{\"RequestClass\":\"Rule-HTML-Section\",\"RequestAppliesTo\":\"Rule-Access-Property\",\"RequestRuleName\":\"pxAlternateRuleForm\"}" => HTTP 200 (66153 bytes)
[PegaHttpClient] 📡 POST https://zdk8budo.pegaacademy.net/prweb/api/CodeIntelligence/v1/rules/query?pxObjClass=Rule-HTML-Section&appliesTo=Rule-Access-Property&pyRuleName=pzRuleFormScripts&RequestClass=Rule-HTML-Section&RequestAppliesTo=Rule-Access-Property&RequestRuleName=pzRuleFormScripts Payload: "{\"RequestClass\":\"Rule-HTML-Section\",\"RequestAppliesTo\":\"Rule-Access-Property\",\"RequestRuleName\":\"pzRuleFormScripts\"}" => HTTP 200 (40822 bytes)
[PegaHttpClient] 📡 POST https://zdk8budo.pegaacademy.net/prweb/api/CodeIntelligence/v1/rules/query?pxObjClass=Rule-HTML-Section&appliesTo=Rule-Access-Property&pyRuleName=pzRuleFormLayoutDelegated&RequestClass=Rule-HTML-Section&RequestAppliesTo=Rule-Access-Property&RequestRuleName=pzRuleFormLayoutDelegated Payload: "{\"RequestClass\":\"Rule-HTML-Section\",\"RequestAppliesTo\":\"Rule-Access-Property\",\"RequestRuleName\":\"pzRuleFormLayoutDelegated\"}" => HTTP 200 (70998 bytes)
[PegaHttpClient] 📡 POST https://zdk8budo.pegaacademy.net/prweb/api/CodeIntelligence/v1/rules/query?pxObjClass=Rule-HTML-Section&appliesTo=Rule-Access-Property&pyRuleName=RuleFormLayout&RequestClass=Rule-HTML-Section&RequestAppliesTo=Rule-Access-Property&RequestRuleName=RuleFormLayout Payload: "{\"RequestClass\":\"Rule-HTML-Section\",\"RequestAppliesTo\":\"Rule-Access-Property\",\"RequestRuleName\":\"RuleFormLayout\"}" => HTTP 200 (71415 bytes)
[PegaHttpClient] 📡 POST https://zdk8budo.pegaacademy.net/prweb/api/CodeIntelligence/v1/rules/query?pxObjClass=Rule-HTML-Section&appliesTo=Rule-Access-Property&pyRuleName=RuleFormSettings&RequestClass=Rule-HTML-Section&RequestAppliesTo=Rule-Access-Property&RequestRuleName=RuleFormSettings Payload: "{\"RequestClass\":\"Rule-HTML-Section\",\"RequestAppliesTo\":\"Rule-Access-Property\",\"RequestRuleName\":\"RuleFormSettings\"}" => HTTP 200 (20540 bytes)
[PegaHttpClient] 📡 POST https://zdk8budo.pegaacademy.net/prweb/api/CodeIntelligence/v1/rules/query?pxObjClass=Rule-HTML-Section&appliesTo=Rule-Access-Property&pyRuleName=OpenAuthoring&RequestClass=Rule-HTML-Section&RequestAppliesTo=Rule-Access-Property&RequestRuleName=OpenAuthoring Payload: "{\"RequestClass\":\"Rule-HTML-Section\",\"RequestAppliesTo\":\"Rule-Access-Property\",\"RequestRuleName\":\"OpenAuthoring\"}" => HTTP 200 (23695 bytes)
[PegaHttpClient] 📡 POST https://zdk8budo.pegaacademy.net/prweb/api/CodeIntelligence/v1/rules/query?pxObjClass=Rule-HTML-Section&appliesTo=Rule-Access-Property&pyRuleName=pyCustomHelp&RequestClass=Rule-HTML-Section&RequestAppliesTo=Rule-Access-Property&RequestRuleName=pyCustomHelp Payload: "{\"RequestClass\":\"Rule-HTML-Section\",\"RequestAppliesTo\":\"Rule-Access-Property\",\"RequestRuleName\":\"pyCustomHelp\"}" => HTTP 200 (17256 bytes)
[PegaHttpClient] 📡 POST https://zdk8budo.pegaacademy.net/prweb/api/CodeIntelligence/v1/rules/query?pxObjClass=Rule-HTML-Section&appliesTo=Rule-Access-Property&pyRuleName=pzRuleformMainInclude&RequestClass=Rule-HTML-Section&RequestAppliesTo=Rule-Access-Property&RequestRuleName=pzRuleformMainInclude Payload: "{\"RequestClass\":\"Rule-HTML-Section\",\"RequestAppliesTo\":\"Rule-Access-Property\",\"RequestRuleName\":\"pzRuleformMainInclude\"}" => HTTP 200 (22375 bytes)
[PegaHttpClient] 📡 POST https://zdk8budo.pegaacademy.net/prweb/api/CodeIntelligence/v1/rules/query?pxObjClass=Rule-HTML-Section&appliesTo=Rule-Access-Property&pyRuleName=pyAlternativeRuleFormStrategicAppExtension&RequestClass=Rule-HTML-Section&RequestAppliesTo=Rule-Access-Property&RequestRuleName=pyAlternativeRuleFormStrategicAppExtension Payload: "{\"RequestClass\":\"Rule-HTML-Section\",\"RequestAppliesTo\":\"Rule-Access-Property\",\"RequestRuleName\":\"pyAlternativeRuleFormStrategicAppExtension\"}" => HTTP 200 (25042 bytes)
[PegaHttpClient] 📡 POST https://zdk8budo.pegaacademy.net/prweb/api/CodeIntelligence/v1/rules/query?pxObjClass=Rule-HTML-Section&appliesTo=Rule-Access-Property&pyRuleName=pyAlternativeRuleFormExtension&RequestClass=Rule-HTML-Section&RequestAppliesTo=Rule-Access-Property&RequestRuleName=pyAlternativeRuleFormExtension Payload: "{\"RequestClass\":\"Rule-HTML-Section\",\"RequestAppliesTo\":\"Rule-Access-Property\",\"RequestRuleName\":\"pyAlternativeRuleFormExtension\"}" => HTTP 200 (24863 bytes)
[PegaHttpClient] 📡 POST https://zdk8budo.pegaacademy.net/prweb/api/CodeIntelligence/v1/rules/query?pxObjClass=Rule-HTML-Section&appliesTo=Rule-Access-Property&pyRuleName=RuleFormHeader&RequestClass=Rule-HTML-Section&RequestAppliesTo=Rule-Access-Property&RequestRuleName=RuleFormHeader Payload: "{\"RequestClass\":\"Rule-HTML-Section\",\"RequestAppliesTo\":\"Rule-Access-Property\",\"RequestRuleName\":\"RuleFormHeader\"}" => HTTP 200 (183800 bytes)
[PegaHttpClient] 📡 POST https://zdk8budo.pegaacademy.net/prweb/api/CodeIntelligence/v1/rules/query?pxObjClass=Rule-HTML-Section&appliesTo=Rule-Access-Property&pyRuleName=pzDelegationExperience&RequestClass=Rule-HTML-Section&RequestAppliesTo=Rule-Access-Property&RequestRuleName=pzDelegationExperience Payload: "{\"RequestClass\":\"Rule-HTML-Section\",\"RequestAppliesTo\":\"Rule-Access-Property\",\"RequestRuleName\":\"pzDelegationExperience\"}" => HTTP 404 (120 bytes)
[PegaHttpClient] 📡 POST https://zdk8budo.pegaacademy.net/prweb/PRRestService/CodeIntelligence/v1/rules/query?pxObjClass=Rule-HTML-Section&appliesTo=Rule-Access-Property&pyRuleName=pzDelegationExperience&RequestClass=Rule-HTML-Section&RequestAppliesTo=Rule-Access-Property&RequestRuleName=pzDelegationExperience Payload: "{\"RequestClass\":\"Rule-HTML-Section\",\"RequestAppliesTo\":\"Rule-Access-Property\",\"RequestRuleName\":\"pzDelegationExperience\"}" => HTTP 404 (120 bytes)
[PegaHttpClient] 📡 POST https://zdk8budo.pegaacademy.net/prweb/api/HRAppsV2Service/V1/rules/query?pxObjClass=Rule-HTML-Section&appliesTo=Rule-Access-Property&pyRuleName=pzDelegationExperience&RequestClass=Rule-HTML-Section&RequestAppliesTo=Rule-Access-Property&RequestRuleName=pzDelegationExperience Payload: "{\"RequestClass\":\"Rule-HTML-Section\",\"RequestAppliesTo\":\"Rule-Access-Property\",\"RequestRuleName\":\"pzDelegationExperience\"}" => HTTP 404 (18 bytes)
[PegaHttpClient] 📡 POST https://zdk8budo.pegaacademy.net/prweb/PRRestService/HRAppsV2Service/V1/rules/query?pxObjClass=Rule-HTML-Section&appliesTo=Rule-Access-Property&pyRuleName=pzDelegationExperience&RequestClass=Rule-HTML-Section&RequestAppliesTo=Rule-Access-Property&RequestRuleName=pzDelegationExperience Payload: "{\"RequestClass\":\"Rule-HTML-Section\",\"RequestAppliesTo\":\"Rule-Access-Property\",\"RequestRuleName\":\"pzDelegationExperience\"}" => HTTP 404 (18 bytes)
[PegaHttpClient] 📡 POST https://zdk8budo.pegaacademy.net/prweb/api/HRAppsV2/V1/rules/query?pxObjClass=Rule-HTML-Section&appliesTo=Rule-Access-Property&pyRuleName=pzDelegationExperience&RequestClass=Rule-HTML-Section&RequestAppliesTo=Rule-Access-Property&RequestRuleName=pzDelegationExperience Payload: "{\"RequestClass\":\"Rule-HTML-Section\",\"RequestAppliesTo\":\"Rule-Access-Property\",\"RequestRuleName\":\"pzDelegationExperience\"}" => HTTP 404 (18 bytes)
[PegaHttpClient] 📡 POST https://zdk8budo.pegaacademy.net/prweb/PRRestService/HRAppsV2/V1/rules/query?pxObjClass=Rule-HTML-Section&appliesTo=Rule-Access-Property&pyRuleName=pzDelegationExperience&RequestClass=Rule-HTML-Section&RequestAppliesTo=Rule-Access-Property&RequestRuleName=pzDelegationExperience Payload: "{\"RequestClass\":\"Rule-HTML-Section\",\"RequestAppliesTo\":\"Rule-Access-Property\",\"RequestRuleName\":\"pzDelegationExperience\"}" => HTTP 404 (18 bytes)
[PegaHttpClient] 📡 POST https://zdk8budo.pegaacademy.net/prweb/api/v1/rules/query?pxObjClass=Rule-HTML-Section&appliesTo=Rule-Access-Property&pyRuleName=pzDelegationExperience&RequestClass=Rule-HTML-Section&RequestAppliesTo=Rule-Access-Property&RequestRuleName=pzDelegationExperience Payload: "{\"RequestClass\":\"Rule-HTML-Section\",\"RequestAppliesTo\":\"Rule-Access-Property\",\"RequestRuleName\":\"pzDelegationExperience\"}" => HTTP 404 (18 bytes)
[PegaHttpClient] 📡 POST https://zdk8budo.pegaacademy.net/prweb/PRRestService/v1/rules/query?pxObjClass=Rule-HTML-Section&appliesTo=Rule-Access-Property&pyRuleName=pzDelegationExperience&RequestClass=Rule-HTML-Section&RequestAppliesTo=Rule-Access-Property&RequestRuleName=pzDelegationExperience Payload: "{\"RequestClass\":\"Rule-HTML-Section\",\"RequestAppliesTo\":\"Rule-Access-Property\",\"RequestRuleName\":\"pzDelegationExperience\"}" => HTTP 404 (18 bytes)
[PegaHttpClient] 📡 POST https://zdk8budo.pegaacademy.net/prweb/api/CodeIntelligence/v1/rules/query?pxObjClass=Rule-HTML-Section&appliesTo=Rule-Access-Property&pyRuleName=pzPropertyPrivileges&RequestClass=Rule-HTML-Section&RequestAppliesTo=Rule-Access-Property&RequestRuleName=pzPropertyPrivileges Payload: "{\"RequestClass\":\"Rule-HTML-Section\",\"RequestAppliesTo\":\"Rule-Access-Property\",\"RequestRuleName\":\"pzPropertyPrivileges\"}" => HTTP 200 (26379 bytes)
[PegaHttpClient] 📡 POST https://zdk8budo.pegaacademy.net/prweb/api/CodeIntelligence/v1/rules/query?pxObjClass=Rule-HTML-Section&appliesTo=Rule-Access-Property&pyRuleName=pzSpecifications&RequestClass=Rule-HTML-Section&RequestAppliesTo=Rule-Access-Property&RequestRuleName=pzSpecifications Payload: "{\"RequestClass\":\"Rule-HTML-Section\",\"RequestAppliesTo\":\"Rule-Access-Property\",\"RequestRuleName\":\"pzSpecifications\"}" => HTTP 200 (16577 bytes)
[PegaHttpClient] 📡 POST https://zdk8budo.pegaacademy.net/prweb/api/CodeIntelligence/v1/rules/query?pxObjClass=Rule-HTML-Section&appliesTo=Rule-Access-Property&pyRuleName=RuleFormHistory&RequestClass=Rule-HTML-Section&RequestAppliesTo=Rule-Access-Property&RequestRuleName=RuleFormHistory Payload: "{\"RequestClass\":\"Rule-HTML-Section\",\"RequestAppliesTo\":\"Rule-Access-Property\",\"RequestRuleName\":\"RuleFormHistory\"}" => HTTP 200 (76091 bytes)
[PegaHttpClient] 📡 POST https://zdk8budo.pegaacademy.net/prweb/api/CodeIntelligence/v1/rules/query?pxObjClass=Rule-HTML-Section&appliesTo=Rule-Access-Property&pyRuleName=pzCustomHelp&RequestClass=Rule-HTML-Section&RequestAppliesTo=Rule-Access-Property&RequestRuleName=pzCustomHelp Payload: "{\"RequestClass\":\"Rule-HTML-Section\",\"RequestAppliesTo\":\"Rule-Access-Property\",\"RequestRuleName\":\"pzCustomHelp\"}" => HTTP 200 (31573 bytes)
[PegaHttpClient] 📡 POST https://zdk8budo.pegaacademy.net/prweb/api/CodeIntelligence/v1/rules/query?pxObjClass=Rule-HTML-Section&appliesTo=Rule-Access-Property&pyRuleName=pzRuleFormKeysAndDescription&RequestClass=Rule-HTML-Section&RequestAppliesTo=Rule-Access-Property&RequestRuleName=pzRuleFormKeysAndDescription Payload: "{\"RequestClass\":\"Rule-HTML-Section\",\"RequestAppliesTo\":\"Rule-Access-Property\",\"RequestRuleName\":\"pzRuleFormKeysAndDescription\"}" => HTTP 200 (218057 bytes)
[PegaHttpClient] 📡 POST https://zdk8budo.pegaacademy.net/prweb/api/CodeIntelligence/v1/rules/query?pxObjClass=Rule-HTML-Section&appliesTo=Rule-Access-Property&pyRuleName=pzRuleFormRuleset&RequestClass=Rule-HTML-Section&RequestAppliesTo=Rule-Access-Property&RequestRuleName=pzRuleFormRuleset Payload: "{\"RequestClass\":\"Rule-HTML-Section\",\"RequestAppliesTo\":\"Rule-Access-Property\",\"RequestRuleName\":\"pzRuleFormRuleset\"}" => HTTP 200 (33985 bytes)
[PegaHttpClient] 📡 POST https://zdk8budo.pegaacademy.net/prweb/api/CodeIntelligence/v1/rules/query?pxObjClass=Rule-HTML-Section&appliesTo=Rule-Access-Property&pyRuleName=undefined&RequestClass=Rule-HTML-Section&RequestAppliesTo=Rule-Access-Property&RequestRuleName=undefined Payload: "{\"RequestClass\":\"Rule-HTML-Section\",\"RequestAppliesTo\":\"Rule-Access-Property\",\"RequestRuleName\":\"undefined\"}" => HTTP 404 (107 bytes)
[PegaHttpClient] 📡 POST https://zdk8budo.pegaacademy.net/prweb/PRRestService/CodeIntelligence/v1/rules/query?pxObjClass=Rule-HTML-Section&appliesTo=Rule-Access-Property&pyRuleName=undefined&RequestClass=Rule-HTML-Section&RequestAppliesTo=Rule-Access-Property&RequestRuleName=undefined Payload: "{\"RequestClass\":\"Rule-HTML-Section\",\"RequestAppliesTo\":\"Rule-Access-Property\",\"RequestRuleName\":\"undefined\"}" => HTTP 404 (107 bytes)
[PegaHttpClient] 📡 POST https://zdk8budo.pegaacademy.net/prweb/api/HRAppsV2Service/V1/rules/query?pxObjClass=Rule-HTML-Section&appliesTo=Rule-Access-Property&pyRuleName=undefined&RequestClass=Rule-HTML-Section&RequestAppliesTo=Rule-Access-Property&RequestRuleName=undefined Payload: "{\"RequestClass\":\"Rule-HTML-Section\",\"RequestAppliesTo\":\"Rule-Access-Property\",\"RequestRuleName\":\"undefined\"}" => HTTP 404 (18 bytes)
[PegaHttpClient] 📡 POST https://zdk8budo.pegaacademy.net/prweb/PRRestService/HRAppsV2Service/V1/rules/query?pxObjClass=Rule-HTML-Section&appliesTo=Rule-Access-Property&pyRuleName=undefined&RequestClass=Rule-HTML-Section&RequestAppliesTo=Rule-Access-Property&RequestRuleName=undefined Payload: "{\"RequestClass\":\"Rule-HTML-Section\",\"RequestAppliesTo\":\"Rule-Access-Property\",\"RequestRuleName\":\"undefined\"}" => HTTP 404 (18 bytes)
[PegaHttpClient] 📡 POST https://zdk8budo.pegaacademy.net/prweb/api/HRAppsV2/V1/rules/query?pxObjClass=Rule-HTML-Section&appliesTo=Rule-Access-Property&pyRuleName=undefined&RequestClass=Rule-HTML-Section&RequestAppliesTo=Rule-Access-Property&RequestRuleName=undefined Payload: "{\"RequestClass\":\"Rule-HTML-Section\",\"RequestAppliesTo\":\"Rule-Access-Property\",\"RequestRuleName\":\"undefined\"}" => HTTP 404 (18 bytes)
[PegaHttpClient] 📡 POST https://zdk8budo.pegaacademy.net/prweb/PRRestService/HRAppsV2/V1/rules/query?pxObjClass=Rule-HTML-Section&appliesTo=Rule-Access-Property&pyRuleName=undefined&RequestClass=Rule-HTML-Section&RequestAppliesTo=Rule-Access-Property&RequestRuleName=undefined Payload: "{\"RequestClass\":\"Rule-HTML-Section\",\"RequestAppliesTo\":\"Rule-Access-Property\",\"RequestRuleName\":\"undefined\"}" => HTTP 404 (18 bytes)
[PegaHttpClient] 📡 POST https://zdk8budo.pegaacademy.net/prweb/api/v1/rules/query?pxObjClass=Rule-HTML-Section&appliesTo=Rule-Access-Property&pyRuleName=undefined&RequestClass=Rule-HTML-Section&RequestAppliesTo=Rule-Access-Property&RequestRuleName=undefined Payload: "{\"RequestClass\":\"Rule-HTML-Section\",\"RequestAppliesTo\":\"Rule-Access-Property\",\"RequestRuleName\":\"undefined\"}" => HTTP 404 (18 bytes)
[PegaHttpClient] 📡 POST https://zdk8budo.pegaacademy.net/prweb/PRRestService/v1/rules/query?pxObjClass=Rule-HTML-Section&appliesTo=Rule-Access-Property&pyRuleName=undefined&RequestClass=Rule-HTML-Section&RequestAppliesTo=Rule-Access-Property&RequestRuleName=undefined Payload: "{\"RequestClass\":\"Rule-HTML-Section\",\"RequestAppliesTo\":\"Rule-Access-Property\",\"RequestRuleName\":\"undefined\"}" => HTTP 404 (18 bytes)
[PegaHttpClient] 📡 POST https://zdk8budo.pegaacademy.net/prweb/api/CodeIntelligence/v1/rules/query?pxObjClass=Rule-HTML-Section&appliesTo=Rule-Access-Property&pyRuleName=pzRuleFormToolbar&RequestClass=Rule-HTML-Section&RequestAppliesTo=Rule-Access-Property&RequestRuleName=pzRuleFormToolbar Payload: "{\"RequestClass\":\"Rule-HTML-Section\",\"RequestAppliesTo\":\"Rule-Access-Property\",\"RequestRuleName\":\"pzRuleFormToolbar\"}" => HTTP 200 (242691 bytes)
[PegaHttpClient] 📡 POST https://zdk8budo.pegaacademy.net/prweb/api/CodeIntelligence/v1/rules/query?pxObjClass=Rule-HTML-Section&appliesTo=Rule-Access-Property&pyRuleName=pzRuleFormToolbarCompare&RequestClass=Rule-HTML-Section&RequestAppliesTo=Rule-Access-Property&RequestRuleName=pzRuleFormToolbarCompare Payload: "{\"RequestClass\":\"Rule-HTML-Section\",\"RequestAppliesTo\":\"Rule-Access-Property\",\"RequestRuleName\":\"pzRuleFormToolbarCompare\"}" => HTTP 200 (61925 bytes)
[PegaHttpClient] 📡 POST https://zdk8budo.pegaacademy.net/prweb/api/CodeIntelligence/v1/rules/query?pxObjClass=Rule-HTML-Section&appliesTo=Rule-Access-Property&pyRuleName=RuleFormHeaderMessages&RequestClass=Rule-HTML-Section&RequestAppliesTo=Rule-Access-Property&RequestRuleName=RuleFormHeaderMessages Payload: "{\"RequestClass\":\"Rule-HTML-Section\",\"RequestAppliesTo\":\"Rule-Access-Property\",\"RequestRuleName\":\"RuleFormHeaderMessages\"}" => HTTP 200 (26518 bytes)
[PegaHttpClient] 📡 POST https://zdk8budo.pegaacademy.net/prweb/api/CodeIntelligence/v1/rules/query?pxObjClass=Rule-HTML-Section&appliesTo=Rule-Access-Property&pyRuleName=pzSpecificationsInner&RequestClass=Rule-HTML-Section&RequestAppliesTo=Rule-Access-Property&RequestRuleName=pzSpecificationsInner Payload: "{\"RequestClass\":\"Rule-HTML-Section\",\"RequestAppliesTo\":\"Rule-Access-Property\",\"RequestRuleName\":\"pzSpecificationsInner\"}" => HTTP 200 (142370 bytes)
[PegaHttpClient] 📡 POST https://zdk8budo.pegaacademy.net/prweb/api/CodeIntelligence/v1/rules/query?pxObjClass=Rule-HTML-Section&appliesTo=Rule-Access-Property&pyRuleName=pzAlternateRuleInfo&RequestClass=Rule-HTML-Section&RequestAppliesTo=Rule-Access-Property&RequestRuleName=pzAlternateRuleInfo Payload: "{\"RequestClass\":\"Rule-HTML-Section\",\"RequestAppliesTo\":\"Rule-Access-Property\",\"RequestRuleName\":\"pzAlternateRuleInfo\"}" => HTTP 200 (140407 bytes)
[PegaHttpClient] 📡 POST https://zdk8budo.pegaacademy.net/prweb/api/CodeIntelligence/v1/rules/query?pxObjClass=Rule-HTML-Section&appliesTo=Rule-Access-Property&pyRuleName=RuleFormHistory_Description&RequestClass=Rule-HTML-Section&RequestAppliesTo=Rule-Access-Property&RequestRuleName=RuleFormHistory_Description Payload: "{\"RequestClass\":\"Rule-HTML-Section\",\"RequestAppliesTo\":\"Rule-Access-Property\",\"RequestRuleName\":\"RuleFormHistory_Description\"}" => HTTP 200 (46242 bytes)
[PegaHttpClient] 📡 POST https://zdk8budo.pegaacademy.net/prweb/api/CodeIntelligence/v1/rules/query?pxObjClass=Rule-HTML-Section&appliesTo=Rule-Access-Property&pyRuleName=RuleFormHistory_CustomFields&RequestClass=Rule-HTML-Section&RequestAppliesTo=Rule-Access-Property&RequestRuleName=RuleFormHistory_CustomFields Payload: "{\"RequestClass\":\"Rule-HTML-Section\",\"RequestAppliesTo\":\"Rule-Access-Property\",\"RequestRuleName\":\"RuleFormHistory_CustomFields\"}" => HTTP 200 (75856 bytes)
[PegaHttpClient] 📡 POST https://zdk8budo.pegaacademy.net/prweb/api/CodeIntelligence/v1/rules/query?pxObjClass=Rule-HTML-Section&appliesTo=Rule-Access-Property&pyRuleName=RuleFormHistory_HistoryDetails&RequestClass=Rule-HTML-Section&RequestAppliesTo=Rule-Access-Property&RequestRuleName=RuleFormHistory_HistoryDetails Payload: "{\"RequestClass\":\"Rule-HTML-Section\",\"RequestAppliesTo\":\"Rule-Access-Property\",\"RequestRuleName\":\"RuleFormHistory_HistoryDetails\"}" => HTTP 200 (179535 bytes)
[PegaHttpClient] 📡 POST https://zdk8budo.pegaacademy.net/prweb/api/CodeIntelligence/v1/rules/query?pxObjClass=Rule-HTML-Section&appliesTo=Rule-Access-Property&pyRuleName=pzRuleFormStatus&RequestClass=Rule-HTML-Section&RequestAppliesTo=Rule-Access-Property&RequestRuleName=pzRuleFormStatus Payload: "{\"RequestClass\":\"Rule-HTML-Section\",\"RequestAppliesTo\":\"Rule-Access-Property\",\"RequestRuleName\":\"pzRuleFormStatus\"}" => HTTP 200 (97627 bytes)
[PegaHttpClient] 📡 POST https://zdk8budo.pegaacademy.net/prweb/api/CodeIntelligence/v1/rules/query?pxObjClass=Rule-HTML-Section&appliesTo=Rule-Access-Property&pyRuleName=pzRuleFormHeaderCompareWithDropDown&RequestClass=Rule-HTML-Section&RequestAppliesTo=Rule-Access-Property&RequestRuleName=pzRuleFormHeaderCompareWithDropDown Payload: "{\"RequestClass\":\"Rule-HTML-Section\",\"RequestAppliesTo\":\"Rule-Access-Property\",\"RequestRuleName\":\"pzRuleFormHeaderCompareWithDropDown\"}" => HTTP 200 (25396 bytes)
[PegaHttpClient] 📡 POST https://zdk8budo.pegaacademy.net/prweb/api/CodeIntelligence/v1/rules/query?pxObjClass=Rule-HTML-Section&appliesTo=Rule-Access-Property&pyRuleName=undefined&RequestClass=Rule-HTML-Section&RequestAppliesTo=Rule-Access-Property&RequestRuleName=undefined Payload: "{\"RequestClass\":\"Rule-HTML-Section\",\"RequestAppliesTo\":\"Rule-Access-Property\",\"RequestRuleName\":\"undefined\"}" => HTTP 404 (107 bytes)
[PegaHttpClient] 📡 POST https://zdk8budo.pegaacademy.net/prweb/PRRestService/CodeIntelligence/v1/rules/query?pxObjClass=Rule-HTML-Section&appliesTo=Rule-Access-Property&pyRuleName=undefined&RequestClass=Rule-HTML-Section&RequestAppliesTo=Rule-Access-Property&RequestRuleName=undefined Payload: "{\"RequestClass\":\"Rule-HTML-Section\",\"RequestAppliesTo\":\"Rule-Access-Property\",\"RequestRuleName\":\"undefined\"}" => HTTP 404 (107 bytes)
[PegaHttpClient] 📡 POST https://zdk8budo.pegaacademy.net/prweb/api/HRAppsV2Service/V1/rules/query?pxObjClass=Rule-HTML-Section&appliesTo=Rule-Access-Property&pyRuleName=undefined&RequestClass=Rule-HTML-Section&RequestAppliesTo=Rule-Access-Property&RequestRuleName=undefined Payload: "{\"RequestClass\":\"Rule-HTML-Section\",\"RequestAppliesTo\":\"Rule-Access-Property\",\"RequestRuleName\":\"undefined\"}" => HTTP 404 (18 bytes)
[PegaHttpClient] 📡 POST https://zdk8budo.pegaacademy.net/prweb/PRRestService/HRAppsV2Service/V1/rules/query?pxObjClass=Rule-HTML-Section&appliesTo=Rule-Access-Property&pyRuleName=undefined&RequestClass=Rule-HTML-Section&RequestAppliesTo=Rule-Access-Property&RequestRuleName=undefined Payload: "{\"RequestClass\":\"Rule-HTML-Section\",\"RequestAppliesTo\":\"Rule-Access-Property\",\"RequestRuleName\":\"undefined\"}" => HTTP 404 (18 bytes)
[PegaHttpClient] 📡 POST https://zdk8budo.pegaacademy.net/prweb/api/HRAppsV2/V1/rules/query?pxObjClass=Rule-HTML-Section&appliesTo=Rule-Access-Property&pyRuleName=undefined&RequestClass=Rule-HTML-Section&RequestAppliesTo=Rule-Access-Property&RequestRuleName=undefined Payload: "{\"RequestClass\":\"Rule-HTML-Section\",\"RequestAppliesTo\":\"Rule-Access-Property\",\"RequestRuleName\":\"undefined\"}" => HTTP 404 (18 bytes)
[PegaHttpClient] 📡 POST https://zdk8budo.pegaacademy.net/prweb/PRRestService/HRAppsV2/V1/rules/query?pxObjClass=Rule-HTML-Section&appliesTo=Rule-Access-Property&pyRuleName=undefined&RequestClass=Rule-HTML-Section&RequestAppliesTo=Rule-Access-Property&RequestRuleName=undefined Payload: "{\"RequestClass\":\"Rule-HTML-Section\",\"RequestAppliesTo\":\"Rule-Access-Property\",\"RequestRuleName\":\"undefined\"}" => HTTP 404 (18 bytes)
[PegaHttpClient] 📡 POST https://zdk8budo.pegaacademy.net/prweb/api/v1/rules/query?pxObjClass=Rule-HTML-Section&appliesTo=Rule-Access-Property&pyRuleName=undefined&RequestClass=Rule-HTML-Section&RequestAppliesTo=Rule-Access-Property&RequestRuleName=undefined Payload: "{\"RequestClass\":\"Rule-HTML-Section\",\"RequestAppliesTo\":\"Rule-Access-Property\",\"RequestRuleName\":\"undefined\"}" => HTTP 404 (18 bytes)
[PegaHttpClient] 📡 POST https://zdk8budo.pegaacademy.net/prweb/PRRestService/v1/rules/query?pxObjClass=Rule-HTML-Section&appliesTo=Rule-Access-Property&pyRuleName=undefined&RequestClass=Rule-HTML-Section&RequestAppliesTo=Rule-Access-Property&RequestRuleName=undefined Payload: "{\"RequestClass\":\"Rule-HTML-Section\",\"RequestAppliesTo\":\"Rule-Access-Property\",\"RequestRuleName\":\"undefined\"}" => HTTP 404 (18 bytes)
[PegaHttpClient] 📡 POST https://zdk8budo.pegaacademy.net/prweb/api/CodeIntelligence/v1/rules/query?pxObjClass=Rule-HTML-Section&appliesTo=Rule-Access-Property&pyRuleName=pzRuleFormToolbarHotKeys&RequestClass=Rule-HTML-Section&RequestAppliesTo=Rule-Access-Property&RequestRuleName=pzRuleFormToolbarHotKeys Payload: "{\"RequestClass\":\"Rule-HTML-Section\",\"RequestAppliesTo\":\"Rule-Access-Property\",\"RequestRuleName\":\"pzRuleFormToolbarHotKeys\"}" => HTTP 200 (85058 bytes)
[PegaHttpClient] 📡 POST https://zdk8budo.pegaacademy.net/prweb/api/CodeIntelligence/v1/rules/query?pxObjClass=Rule-HTML-Section&appliesTo=Rule-Access-Property&pyRuleName=pzRuleFormToolbarLockedIcon&RequestClass=Rule-HTML-Section&RequestAppliesTo=Rule-Access-Property&RequestRuleName=pzRuleFormToolbarLockedIcon Payload: "{\"RequestClass\":\"Rule-HTML-Section\",\"RequestAppliesTo\":\"Rule-Access-Property\",\"RequestRuleName\":\"pzRuleFormToolbarLockedIcon\"}" => HTTP 200 (24898 bytes)
[PegaHttpClient] 📡 POST https://zdk8budo.pegaacademy.net/prweb/api/CodeIntelligence/v1/rules/query?pxObjClass=Rule-HTML-Section&appliesTo=Rule-Access-Property&pyRuleName=pzRuleFormToolbarCollaborators&RequestClass=Rule-HTML-Section&RequestAppliesTo=Rule-Access-Property&RequestRuleName=pzRuleFormToolbarCollaborators Payload: "{\"RequestClass\":\"Rule-HTML-Section\",\"RequestAppliesTo\":\"Rule-Access-Property\",\"RequestRuleName\":\"pzRuleFormToolbarCollaborators\"}" => HTTP 200 (15254 bytes)
[PegaHttpClient] 📡 POST https://zdk8budo.pegaacademy.net/prweb/api/CodeIntelligence/v1/rules/query?pxObjClass=Rule-HTML-Section&appliesTo=Rule-Access-Property&pyRuleName=pzRuleFormToolbarSaveAs&RequestClass=Rule-HTML-Section&RequestAppliesTo=Rule-Access-Property&RequestRuleName=pzRuleFormToolbarSaveAs Payload: "{\"RequestClass\":\"Rule-HTML-Section\",\"RequestAppliesTo\":\"Rule-Access-Property\",\"RequestRuleName\":\"pzRuleFormToolbarSaveAs\"}" => HTTP 200 (64084 bytes)
[PegaHttpClient] 📡 POST https://zdk8budo.pegaacademy.net/prweb/api/CodeIntelligence/v1/rules/query?pxObjClass=Rule-HTML-Section&appliesTo=Rule-Access-Property&pyRuleName=pzRuleFormToolbarCheckin&RequestClass=Rule-HTML-Section&RequestAppliesTo=Rule-Access-Property&RequestRuleName=pzRuleFormToolbarCheckin Payload: "{\"RequestClass\":\"Rule-HTML-Section\",\"RequestAppliesTo\":\"Rule-Access-Property\",\"RequestRuleName\":\"pzRuleFormToolbarCheckin\"}" => HTTP 200 (119096 bytes)
[PegaHttpClient] 📡 POST https://zdk8budo.pegaacademy.net/prweb/api/CodeIntelligence/v1/rules/query?pxObjClass=Rule-HTML-Section&appliesTo=Rule-Access-Property&pyRuleName=pzRuleFormToolbarDelete&RequestClass=Rule-HTML-Section&RequestAppliesTo=Rule-Access-Property&RequestRuleName=pzRuleFormToolbarDelete Payload: "{\"RequestClass\":\"Rule-HTML-Section\",\"RequestAppliesTo\":\"Rule-Access-Property\",\"RequestRuleName\":\"pzRuleFormToolbarDelete\"}" => HTTP 200 (30249 bytes)
[PegaHttpClient] 📡 POST https://zdk8budo.pegaacademy.net/prweb/api/CodeIntelligence/v1/rules/query?pxObjClass=Rule-HTML-Section&appliesTo=Rule-Access-Property&pyRuleName=pzRuleFormToolbarSave&RequestClass=Rule-HTML-Section&RequestAppliesTo=Rule-Access-Property&RequestRuleName=pzRuleFormToolbarSave Payload: "{\"RequestClass\":\"Rule-HTML-Section\",\"RequestAppliesTo\":\"Rule-Access-Property\",\"RequestRuleName\":\"pzRuleFormToolbarSave\"}" => HTTP 200 (293885 bytes)
[PegaHttpClient] 📡 POST https://zdk8budo.pegaacademy.net/prweb/api/CodeIntelligence/v1/rules/query?pxObjClass=Rule-HTML-Section&appliesTo=Rule-Access-Property&pyRuleName=pzRuleFormToolbarCheckout&RequestClass=Rule-HTML-Section&RequestAppliesTo=Rule-Access-Property&RequestRuleName=pzRuleFormToolbarCheckout Payload: "{\"RequestClass\":\"Rule-HTML-Section\",\"RequestAppliesTo\":\"Rule-Access-Property\",\"RequestRuleName\":\"pzRuleFormToolbarCheckout\"}" => HTTP 200 (238148 bytes)
[PegaHttpClient] 📡 POST https://zdk8budo.pegaacademy.net/prweb/api/CodeIntelligence/v1/rules/query?pxObjClass=Rule-HTML-Section&appliesTo=Rule-Access-Property&pyRuleName=pzRemoveErrorsDataPage&RequestClass=Rule-HTML-Section&RequestAppliesTo=Rule-Access-Property&RequestRuleName=pzRemoveErrorsDataPage Payload: "{\"RequestClass\":\"Rule-HTML-Section\",\"RequestAppliesTo\":\"Rule-Access-Property\",\"RequestRuleName\":\"pzRemoveErrorsDataPage\"}" => HTTP 200 (16733 bytes)
[PegaHttpClient] 📡 POST https://zdk8budo.pegaacademy.net/prweb/api/CodeIntelligence/v1/rules/query?pxObjClass=Rule-HTML-Section&appliesTo=Rule-Access-Property&pyRuleName=pzRuleFormHeaderMessagesWrapper&RequestClass=Rule-HTML-Section&RequestAppliesTo=Rule-Access-Property&RequestRuleName=pzRuleFormHeaderMessagesWrapper Payload: "{\"RequestClass\":\"Rule-HTML-Section\",\"RequestAppliesTo\":\"Rule-Access-Property\",\"RequestRuleName\":\"pzRuleFormHeaderMessagesWrapper\"}" => HTTP 200 (16981 bytes)
[PegaHttpClient] 📡 POST https://zdk8budo.pegaacademy.net/prweb/api/CodeIntelligence/v1/rules/query?pxObjClass=Rule-HTML-Section&appliesTo=Rule-Access-Property&pyRuleName=pzSpecificationName&RequestClass=Rule-HTML-Section&RequestAppliesTo=Rule-Access-Property&RequestRuleName=pzSpecificationName Payload: "{\"RequestClass\":\"Rule-HTML-Section\",\"RequestAppliesTo\":\"Rule-Access-Property\",\"RequestRuleName\":\"pzSpecificationName\"}" => HTTP 404 (117 bytes)
[PegaHttpClient] 📡 POST https://zdk8budo.pegaacademy.net/prweb/PRRestService/CodeIntelligence/v1/rules/query?pxObjClass=Rule-HTML-Section&appliesTo=Rule-Access-Property&pyRuleName=pzSpecificationName&RequestClass=Rule-HTML-Section&RequestAppliesTo=Rule-Access-Property&RequestRuleName=pzSpecificationName Payload: "{\"RequestClass\":\"Rule-HTML-Section\",\"RequestAppliesTo\":\"Rule-Access-Property\",\"RequestRuleName\":\"pzSpecificationName\"}" => HTTP 404 (117 bytes)
[PegaHttpClient] 📡 POST https://zdk8budo.pegaacademy.net/prweb/api/HRAppsV2Service/V1/rules/query?pxObjClass=Rule-HTML-Section&appliesTo=Rule-Access-Property&pyRuleName=pzSpecificationName&RequestClass=Rule-HTML-Section&RequestAppliesTo=Rule-Access-Property&RequestRuleName=pzSpecificationName Payload: "{\"RequestClass\":\"Rule-HTML-Section\",\"RequestAppliesTo\":\"Rule-Access-Property\",\"RequestRuleName\":\"pzSpecificationName\"}" => HTTP 404 (18 bytes)
[PegaHttpClient] 📡 POST https://zdk8budo.pegaacademy.net/prweb/PRRestService/HRAppsV2Service/V1/rules/query?pxObjClass=Rule-HTML-Section&appliesTo=Rule-Access-Property&pyRuleName=pzSpecificationName&RequestClass=Rule-HTML-Section&RequestAppliesTo=Rule-Access-Property&RequestRuleName=pzSpecificationName Payload: "{\"RequestClass\":\"Rule-HTML-Section\",\"RequestAppliesTo\":\"Rule-Access-Property\",\"RequestRuleName\":\"pzSpecificationName\"}" => HTTP 404 (18 bytes)
[PegaHttpClient] 📡 POST https://zdk8budo.pegaacademy.net/prweb/api/HRAppsV2/V1/rules/query?pxObjClass=Rule-HTML-Section&appliesTo=Rule-Access-Property&pyRuleName=pzSpecificationName&RequestClass=Rule-HTML-Section&RequestAppliesTo=Rule-Access-Property&RequestRuleName=pzSpecificationName Payload: "{\"RequestClass\":\"Rule-HTML-Section\",\"RequestAppliesTo\":\"Rule-Access-Property\",\"RequestRuleName\":\"pzSpecificationName\"}" => HTTP 404 (18 bytes)
[PegaHttpClient] 📡 POST https://zdk8budo.pegaacademy.net/prweb/PRRestService/HRAppsV2/V1/rules/query?pxObjClass=Rule-HTML-Section&appliesTo=Rule-Access-Property&pyRuleName=pzSpecificationName&RequestClass=Rule-HTML-Section&RequestAppliesTo=Rule-Access-Property&RequestRuleName=pzSpecificationName Payload: "{\"RequestClass\":\"Rule-HTML-Section\",\"RequestAppliesTo\":\"Rule-Access-Property\",\"RequestRuleName\":\"pzSpecificationName\"}" => HTTP 404 (18 bytes)
[PegaHttpClient] 📡 POST https://zdk8budo.pegaacademy.net/prweb/api/v1/rules/query?pxObjClass=Rule-HTML-Section&appliesTo=Rule-Access-Property&pyRuleName=pzSpecificationName&RequestClass=Rule-HTML-Section&RequestAppliesTo=Rule-Access-Property&RequestRuleName=pzSpecificationName Payload: "{\"RequestClass\":\"Rule-HTML-Section\",\"RequestAppliesTo\":\"Rule-Access-Property\",\"RequestRuleName\":\"pzSpecificationName\"}" => HTTP 404 (18 bytes)
[PegaHttpClient] 📡 POST https://zdk8budo.pegaacademy.net/prweb/PRRestService/v1/rules/query?pxObjClass=Rule-HTML-Section&appliesTo=Rule-Access-Property&pyRuleName=pzSpecificationName&RequestClass=Rule-HTML-Section&RequestAppliesTo=Rule-Access-Property&RequestRuleName=pzSpecificationName Payload: "{\"RequestClass\":\"Rule-HTML-Section\",\"RequestAppliesTo\":\"Rule-Access-Property\",\"RequestRuleName\":\"pzSpecificationName\"}" => HTTP 404 (18 bytes)
[PegaHttpClient] 📡 POST https://zdk8budo.pegaacademy.net/prweb/api/CodeIntelligence/v1/rules/query?pxObjClass=Rule-HTML-Section&appliesTo=Rule-Access-Property&pyRuleName=pzScm_RuleHistory&RequestClass=Rule-HTML-Section&RequestAppliesTo=Rule-Access-Property&RequestRuleName=pzScm_RuleHistory Payload: "{\"RequestClass\":\"Rule-HTML-Section\",\"RequestAppliesTo\":\"Rule-Access-Property\",\"RequestRuleName\":\"pzScm_RuleHistory\"}" => HTTP 200 (14682 bytes)
[PegaHttpClient] 📡 POST https://zdk8budo.pegaacademy.net/prweb/api/CodeIntelligence/v1/rules/query?pxObjClass=Rule-HTML-Section&appliesTo=Rule-Access-Property&pyRuleName=pxDisplayCollaborators&RequestClass=Rule-HTML-Section&RequestAppliesTo=Rule-Access-Property&RequestRuleName=pxDisplayCollaborators Payload: "{\"RequestClass\":\"Rule-HTML-Section\",\"RequestAppliesTo\":\"Rule-Access-Property\",\"RequestRuleName\":\"pxDisplayCollaborators\"}" => HTTP 200 (94171 bytes)
[PegaHttpClient] 📡 POST https://zdk8budo.pegaacademy.net/prweb/api/CodeIntelligence/v1/rules/query?pxObjClass=Rule-HTML-Section&appliesTo=Rule-Access-Property&pyRuleName=pzRuleFormToolbarDeleteCheckOut&RequestClass=Rule-HTML-Section&RequestAppliesTo=Rule-Access-Property&RequestRuleName=pzRuleFormToolbarDeleteCheckOut Payload: "{\"RequestClass\":\"Rule-HTML-Section\",\"RequestAppliesTo\":\"Rule-Access-Property\",\"RequestRuleName\":\"pzRuleFormToolbarDeleteCheckOut\"}" => HTTP 200 (29433 bytes)
[PegaHttpClient] 📡 POST https://zdk8budo.pegaacademy.net/prweb/api/CodeIntelligence/v1/rules/query?pxObjClass=Rule-HTML-Section&appliesTo=Rule-Access-Property&pyRuleName=pzRuleFormToolbarDeleteRule&RequestClass=Rule-HTML-Section&RequestAppliesTo=Rule-Access-Property&RequestRuleName=pzRuleFormToolbarDeleteRule Payload: "{\"RequestClass\":\"Rule-HTML-Section\",\"RequestAppliesTo\":\"Rule-Access-Property\",\"RequestRuleName\":\"pzRuleFormToolbarDeleteRule\"}" => HTTP 200 (32314 bytes)
[PegaHttpClient] 📡 POST https://zdk8budo.pegaacademy.net/prweb/api/CodeIntelligence/v1/rules/query?pxObjClass=Rule-HTML-Section&appliesTo=Rule-Access-Property&pyRuleName=pzLoadCollaborationScripts&RequestClass=Rule-HTML-Section&RequestAppliesTo=Rule-Access-Property&RequestRuleName=pzLoadCollaborationScripts Payload: "{\"RequestClass\":\"Rule-HTML-Section\",\"RequestAppliesTo\":\"Rule-Access-Property\",\"RequestRuleName\":\"pzLoadCollaborationScripts\"}" => HTTP 200 (23453 bytes)
[PegaHttpClient] 📡 POST https://zdk8budo.pegaacademy.net/prweb/api/CodeIntelligence/v1/rules/query?pxObjClass=Rule-HTML-Section&appliesTo=Rule-Access-Property&pyRuleName=pzDisplayCollaboratorsList&RequestClass=Rule-HTML-Section&RequestAppliesTo=Rule-Access-Property&RequestRuleName=pzDisplayCollaboratorsList Payload: "{\"RequestClass\":\"Rule-HTML-Section\",\"RequestAppliesTo\":\"Rule-Access-Property\",\"RequestRuleName\":\"pzDisplayCollaboratorsList\"}" => HTTP 200 (105418 bytes)
[PegaHttpClient] 📡 POST https://zdk8budo.pegaacademy.net/prweb/api/CodeIntelligence/v1/rules/query?pxObjClass=Rule-HTML-Section&appliesTo=Rule-Access-Property&pyRuleName=pyCollaborator&RequestClass=Rule-HTML-Section&RequestAppliesTo=Rule-Access-Property&RequestRuleName=pyCollaborator Payload: "{\"RequestClass\":\"Rule-HTML-Section\",\"RequestAppliesTo\":\"Rule-Access-Property\",\"RequestRuleName\":\"pyCollaborator\"}" => HTTP 404 (112 bytes)
[PegaHttpClient] 📡 POST https://zdk8budo.pegaacademy.net/prweb/PRRestService/CodeIntelligence/v1/rules/query?pxObjClass=Rule-HTML-Section&appliesTo=Rule-Access-Property&pyRuleName=pyCollaborator&RequestClass=Rule-HTML-Section&RequestAppliesTo=Rule-Access-Property&RequestRuleName=pyCollaborator Payload: "{\"RequestClass\":\"Rule-HTML-Section\",\"RequestAppliesTo\":\"Rule-Access-Property\",\"RequestRuleName\":\"pyCollaborator\"}" => HTTP 404 (112 bytes)
[PegaHttpClient] 📡 POST https://zdk8budo.pegaacademy.net/prweb/api/HRAppsV2Service/V1/rules/query?pxObjClass=Rule-HTML-Section&appliesTo=Rule-Access-Property&pyRuleName=pyCollaborator&RequestClass=Rule-HTML-Section&RequestAppliesTo=Rule-Access-Property&RequestRuleName=pyCollaborator Payload: "{\"RequestClass\":\"Rule-HTML-Section\",\"RequestAppliesTo\":\"Rule-Access-Property\",\"RequestRuleName\":\"pyCollaborator\"}" => HTTP 404 (18 bytes)
[PegaHttpClient] 📡 POST https://zdk8budo.pegaacademy.net/prweb/PRRestService/HRAppsV2Service/V1/rules/query?pxObjClass=Rule-HTML-Section&appliesTo=Rule-Access-Property&pyRuleName=pyCollaborator&RequestClass=Rule-HTML-Section&RequestAppliesTo=Rule-Access-Property&RequestRuleName=pyCollaborator Payload: "{\"RequestClass\":\"Rule-HTML-Section\",\"RequestAppliesTo\":\"Rule-Access-Property\",\"RequestRuleName\":\"pyCollaborator\"}" => HTTP 404 (18 bytes)
[PegaHttpClient] 📡 POST https://zdk8budo.pegaacademy.net/prweb/api/HRAppsV2/V1/rules/query?pxObjClass=Rule-HTML-Section&appliesTo=Rule-Access-Property&pyRuleName=pyCollaborator&RequestClass=Rule-HTML-Section&RequestAppliesTo=Rule-Access-Property&RequestRuleName=pyCollaborator Payload: "{\"RequestClass\":\"Rule-HTML-Section\",\"RequestAppliesTo\":\"Rule-Access-Property\",\"RequestRuleName\":\"pyCollaborator\"}" => HTTP 404 (18 bytes)
[PegaHttpClient] 📡 POST https://zdk8budo.pegaacademy.net/prweb/PRRestService/HRAppsV2/V1/rules/query?pxObjClass=Rule-HTML-Section&appliesTo=Rule-Access-Property&pyRuleName=pyCollaborator&RequestClass=Rule-HTML-Section&RequestAppliesTo=Rule-Access-Property&RequestRuleName=pyCollaborator Payload: "{\"RequestClass\":\"Rule-HTML-Section\",\"RequestAppliesTo\":\"Rule-Access-Property\",\"RequestRuleName\":\"pyCollaborator\"}" => HTTP 404 (18 bytes)
[PegaHttpClient] 📡 POST https://zdk8budo.pegaacademy.net/prweb/api/v1/rules/query?pxObjClass=Rule-HTML-Section&appliesTo=Rule-Access-Property&pyRuleName=pyCollaborator&RequestClass=Rule-HTML-Section&RequestAppliesTo=Rule-Access-Property&RequestRuleName=pyCollaborator Payload: "{\"RequestClass\":\"Rule-HTML-Section\",\"RequestAppliesTo\":\"Rule-Access-Property\",\"RequestRuleName\":\"pyCollaborator\"}" => HTTP 404 (18 bytes)
[PegaHttpClient] 📡 POST https://zdk8budo.pegaacademy.net/prweb/PRRestService/v1/rules/query?pxObjClass=Rule-HTML-Section&appliesTo=Rule-Access-Property&pyRuleName=pyCollaborator&RequestClass=Rule-HTML-Section&RequestAppliesTo=Rule-Access-Property&RequestRuleName=pyCollaborator Payload: "{\"RequestClass\":\"Rule-HTML-Section\",\"RequestAppliesTo\":\"Rule-Access-Property\",\"RequestRuleName\":\"pyCollaborator\"}" => HTTP 404 (18 bytes)
[PegaHttpClient] 📡 POST https://zdk8budo.pegaacademy.net/prweb/api/CodeIntelligence/v1/rules/query?pxObjClass=Rule-HTML-Section&appliesTo=Rule-Access-Property&pyRuleName=pzDisplayPartialCount&RequestClass=Rule-HTML-Section&RequestAppliesTo=Rule-Access-Property&RequestRuleName=pzDisplayPartialCount Payload: "{\"RequestClass\":\"Rule-HTML-Section\",\"RequestAppliesTo\":\"Rule-Access-Property\",\"RequestRuleName\":\"pzDisplayPartialCount\"}" => HTTP 404 (119 bytes)
[PegaHttpClient] 📡 POST https://zdk8budo.pegaacademy.net/prweb/PRRestService/CodeIntelligence/v1/rules/query?pxObjClass=Rule-HTML-Section&appliesTo=Rule-Access-Property&pyRuleName=pzDisplayPartialCount&RequestClass=Rule-HTML-Section&RequestAppliesTo=Rule-Access-Property&RequestRuleName=pzDisplayPartialCount Payload: "{\"RequestClass\":\"Rule-HTML-Section\",\"RequestAppliesTo\":\"Rule-Access-Property\",\"RequestRuleName\":\"pzDisplayPartialCount\"}" => HTTP 404 (119 bytes)
[PegaHttpClient] 📡 POST https://zdk8budo.pegaacademy.net/prweb/api/HRAppsV2Service/V1/rules/query?pxObjClass=Rule-HTML-Section&appliesTo=Rule-Access-Property&pyRuleName=pzDisplayPartialCount&RequestClass=Rule-HTML-Section&RequestAppliesTo=Rule-Access-Property&RequestRuleName=pzDisplayPartialCount Payload: "{\"RequestClass\":\"Rule-HTML-Section\",\"RequestAppliesTo\":\"Rule-Access-Property\",\"RequestRuleName\":\"pzDisplayPartialCount\"}" => HTTP 404 (18 bytes)
[PegaHttpClient] 📡 POST https://zdk8budo.pegaacademy.net/prweb/PRRestService/HRAppsV2Service/V1/rules/query?pxObjClass=Rule-HTML-Section&appliesTo=Rule-Access-Property&pyRuleName=pzDisplayPartialCount&RequestClass=Rule-HTML-Section&RequestAppliesTo=Rule-Access-Property&RequestRuleName=pzDisplayPartialCount Payload: "{\"RequestClass\":\"Rule-HTML-Section\",\"RequestAppliesTo\":\"Rule-Access-Property\",\"RequestRuleName\":\"pzDisplayPartialCount\"}" => HTTP 404 (18 bytes)
[PegaHttpClient] 📡 POST https://zdk8budo.pegaacademy.net/prweb/api/HRAppsV2/V1/rules/query?pxObjClass=Rule-HTML-Section&appliesTo=Rule-Access-Property&pyRuleName=pzDisplayPartialCount&RequestClass=Rule-HTML-Section&RequestAppliesTo=Rule-Access-Property&RequestRuleName=pzDisplayPartialCount Payload: "{\"RequestClass\":\"Rule-HTML-Section\",\"RequestAppliesTo\":\"Rule-Access-Property\",\"RequestRuleName\":\"pzDisplayPartialCount\"}" => HTTP 404 (18 bytes)
[PegaHttpClient] 📡 POST https://zdk8budo.pegaacademy.net/prweb/PRRestService/HRAppsV2/V1/rules/query?pxObjClass=Rule-HTML-Section&appliesTo=Rule-Access-Property&pyRuleName=pzDisplayPartialCount&RequestClass=Rule-HTML-Section&RequestAppliesTo=Rule-Access-Property&RequestRuleName=pzDisplayPartialCount Payload: "{\"RequestClass\":\"Rule-HTML-Section\",\"RequestAppliesTo\":\"Rule-Access-Property\",\"RequestRuleName\":\"pzDisplayPartialCount\"}" => HTTP 404 (18 bytes)
[PegaHttpClient] 📡 POST https://zdk8budo.pegaacademy.net/prweb/api/v1/rules/query?pxObjClass=Rule-HTML-Section&appliesTo=Rule-Access-Property&pyRuleName=pzDisplayPartialCount&RequestClass=Rule-HTML-Section&RequestAppliesTo=Rule-Access-Property&RequestRuleName=pzDisplayPartialCount Payload: "{\"RequestClass\":\"Rule-HTML-Section\",\"RequestAppliesTo\":\"Rule-Access-Property\",\"RequestRuleName\":\"pzDisplayPartialCount\"}" => HTTP 404 (18 bytes)
[PegaHttpClient] 📡 POST https://zdk8budo.pegaacademy.net/prweb/PRRestService/v1/rules/query?pxObjClass=Rule-HTML-Section&appliesTo=Rule-Access-Property&pyRuleName=pzDisplayPartialCount&RequestClass=Rule-HTML-Section&RequestAppliesTo=Rule-Access-Property&RequestRuleName=pzDisplayPartialCount Payload: "{\"RequestClass\":\"Rule-HTML-Section\",\"RequestAppliesTo\":\"Rule-Access-Property\",\"RequestRuleName\":\"pzDisplayPartialCount\"}" => HTTP 404 (18 bytes)
[SchemaGen] ✅ Schema written for Rule-Access-Property
[PegaHttpClient] 📡 GET https://zdk8budo.pegaacademy.net/prweb/api/CodeIntelligence/v1/rules/RULE-HTML-HARNESS%20RULE-ACCESS-PRIVILEGE%20RULEFORM%20%2320180713T135118.848%20GMT => HTTP 200 (30712 bytes)
[PegaHttpClient] 📡 POST https://zdk8budo.pegaacademy.net/prweb/api/CodeIntelligence/v1/rules/query?pxObjClass=Rule-HTML-Section&appliesTo=Rule-Access-Privilege&pyRuleName=RuleFormMain&RequestClass=Rule-HTML-Section&RequestAppliesTo=Rule-Access-Privilege&RequestRuleName=RuleFormMain Payload: "{\"RequestClass\":\"Rule-HTML-Section\",\"RequestAppliesTo\":\"Rule-Access-Privilege\",\"RequestRuleName\":\"RuleFormMain\"}" => HTTP 200 (156234 bytes)
[PegaHttpClient] 📡 POST https://zdk8budo.pegaacademy.net/prweb/api/CodeIntelligence/v1/rules/query?pxObjClass=Rule-HTML-Section&appliesTo=Rule-Access-Privilege&pyRuleName=pxAlternateRuleForm&RequestClass=Rule-HTML-Section&RequestAppliesTo=Rule-Access-Privilege&RequestRuleName=pxAlternateRuleForm Payload: "{\"RequestClass\":\"Rule-HTML-Section\",\"RequestAppliesTo\":\"Rule-Access-Privilege\",\"RequestRuleName\":\"pxAlternateRuleForm\"}" => HTTP 200 (66153 bytes)
[PegaHttpClient] 📡 POST https://zdk8budo.pegaacademy.net/prweb/api/CodeIntelligence/v1/rules/query?pxObjClass=Rule-HTML-Section&appliesTo=Rule-Access-Privilege&pyRuleName=pzRuleFormScripts&RequestClass=Rule-HTML-Section&RequestAppliesTo=Rule-Access-Privilege&RequestRuleName=pzRuleFormScripts Payload: "{\"RequestClass\":\"Rule-HTML-Section\",\"RequestAppliesTo\":\"Rule-Access-Privilege\",\"RequestRuleName\":\"pzRuleFormScripts\"}" => HTTP 200 (40822 bytes)
[PegaHttpClient] 📡 POST https://zdk8budo.pegaacademy.net/prweb/api/CodeIntelligence/v1/rules/query?pxObjClass=Rule-HTML-Section&appliesTo=Rule-Access-Privilege&pyRuleName=pzRuleFormLayoutDelegated&RequestClass=Rule-HTML-Section&RequestAppliesTo=Rule-Access-Privilege&RequestRuleName=pzRuleFormLayoutDelegated Payload: "{\"RequestClass\":\"Rule-HTML-Section\",\"RequestAppliesTo\":\"Rule-Access-Privilege\",\"RequestRuleName\":\"pzRuleFormLayoutDelegated\"}" => HTTP 200 (70998 bytes)
[PegaHttpClient] 📡 POST https://zdk8budo.pegaacademy.net/prweb/api/CodeIntelligence/v1/rules/query?pxObjClass=Rule-HTML-Section&appliesTo=Rule-Access-Privilege&pyRuleName=RuleFormLayout&RequestClass=Rule-HTML-Section&RequestAppliesTo=Rule-Access-Privilege&RequestRuleName=RuleFormLayout Payload: "{\"RequestClass\":\"Rule-HTML-Section\",\"RequestAppliesTo\":\"Rule-Access-Privilege\",\"RequestRuleName\":\"RuleFormLayout\"}" => HTTP 200 (83125 bytes)
[PegaHttpClient] 📡 POST https://zdk8budo.pegaacademy.net/prweb/api/CodeIntelligence/v1/rules/query?pxObjClass=Rule-HTML-Section&appliesTo=Rule-Access-Privilege&pyRuleName=RuleFormSettings&RequestClass=Rule-HTML-Section&RequestAppliesTo=Rule-Access-Privilege&RequestRuleName=RuleFormSettings Payload: "{\"RequestClass\":\"Rule-HTML-Section\",\"RequestAppliesTo\":\"Rule-Access-Privilege\",\"RequestRuleName\":\"RuleFormSettings\"}" => HTTP 200 (20540 bytes)
[PegaHttpClient] 📡 POST https://zdk8budo.pegaacademy.net/prweb/api/CodeIntelligence/v1/rules/query?pxObjClass=Rule-HTML-Section&appliesTo=Rule-Access-Privilege&pyRuleName=OpenAuthoring&RequestClass=Rule-HTML-Section&RequestAppliesTo=Rule-Access-Privilege&RequestRuleName=OpenAuthoring Payload: "{\"RequestClass\":\"Rule-HTML-Section\",\"RequestAppliesTo\":\"Rule-Access-Privilege\",\"RequestRuleName\":\"OpenAuthoring\"}" => HTTP 200 (23695 bytes)
[PegaHttpClient] 📡 POST https://zdk8budo.pegaacademy.net/prweb/api/CodeIntelligence/v1/rules/query?pxObjClass=Rule-HTML-Section&appliesTo=Rule-Access-Privilege&pyRuleName=pyCustomHelp&RequestClass=Rule-HTML-Section&RequestAppliesTo=Rule-Access-Privilege&RequestRuleName=pyCustomHelp Payload: "{\"RequestClass\":\"Rule-HTML-Section\",\"RequestAppliesTo\":\"Rule-Access-Privilege\",\"RequestRuleName\":\"pyCustomHelp\"}" => HTTP 200 (17256 bytes)
[PegaHttpClient] 📡 POST https://zdk8budo.pegaacademy.net/prweb/api/CodeIntelligence/v1/rules/query?pxObjClass=Rule-HTML-Section&appliesTo=Rule-Access-Privilege&pyRuleName=pzRuleformMainInclude&RequestClass=Rule-HTML-Section&RequestAppliesTo=Rule-Access-Privilege&RequestRuleName=pzRuleformMainInclude Payload: "{\"RequestClass\":\"Rule-HTML-Section\",\"RequestAppliesTo\":\"Rule-Access-Privilege\",\"RequestRuleName\":\"pzRuleformMainInclude\"}" => HTTP 200 (22375 bytes)
[PegaHttpClient] 📡 POST https://zdk8budo.pegaacademy.net/prweb/api/CodeIntelligence/v1/rules/query?pxObjClass=Rule-HTML-Section&appliesTo=Rule-Access-Privilege&pyRuleName=pyAlternativeRuleFormStrategicAppExtension&RequestClass=Rule-HTML-Section&RequestAppliesTo=Rule-Access-Privilege&RequestRuleName=pyAlternativeRuleFormStrategicAppExtension Payload: "{\"RequestClass\":\"Rule-HTML-Section\",\"RequestAppliesTo\":\"Rule-Access-Privilege\",\"RequestRuleName\":\"pyAlternativeRuleFormStrategicAppExtension\"}" => HTTP 200 (25042 bytes)
[PegaHttpClient] 📡 POST https://zdk8budo.pegaacademy.net/prweb/api/CodeIntelligence/v1/rules/query?pxObjClass=Rule-HTML-Section&appliesTo=Rule-Access-Privilege&pyRuleName=pyAlternativeRuleFormExtension&RequestClass=Rule-HTML-Section&RequestAppliesTo=Rule-Access-Privilege&RequestRuleName=pyAlternativeRuleFormExtension Payload: "{\"RequestClass\":\"Rule-HTML-Section\",\"RequestAppliesTo\":\"Rule-Access-Privilege\",\"RequestRuleName\":\"pyAlternativeRuleFormExtension\"}" => HTTP 200 (24863 bytes)
[PegaHttpClient] 📡 POST https://zdk8budo.pegaacademy.net/prweb/api/CodeIntelligence/v1/rules/query?pxObjClass=Rule-HTML-Section&appliesTo=Rule-Access-Privilege&pyRuleName=RuleFormHeader&RequestClass=Rule-HTML-Section&RequestAppliesTo=Rule-Access-Privilege&RequestRuleName=RuleFormHeader Payload: "{\"RequestClass\":\"Rule-HTML-Section\",\"RequestAppliesTo\":\"Rule-Access-Privilege\",\"RequestRuleName\":\"RuleFormHeader\"}" => HTTP 200 (183800 bytes)
[PegaHttpClient] 📡 POST https://zdk8budo.pegaacademy.net/prweb/api/CodeIntelligence/v1/rules/query?pxObjClass=Rule-HTML-Section&appliesTo=Rule-Access-Privilege&pyRuleName=pzDelegationExperience&RequestClass=Rule-HTML-Section&RequestAppliesTo=Rule-Access-Privilege&RequestRuleName=pzDelegationExperience Payload: "{\"RequestClass\":\"Rule-HTML-Section\",\"RequestAppliesTo\":\"Rule-Access-Privilege\",\"RequestRuleName\":\"pzDelegationExperience\"}" => HTTP 404 (121 bytes)
[PegaHttpClient] 📡 POST https://zdk8budo.pegaacademy.net/prweb/PRRestService/CodeIntelligence/v1/rules/query?pxObjClass=Rule-HTML-Section&appliesTo=Rule-Access-Privilege&pyRuleName=pzDelegationExperience&RequestClass=Rule-HTML-Section&RequestAppliesTo=Rule-Access-Privilege&RequestRuleName=pzDelegationExperience Payload: "{\"RequestClass\":\"Rule-HTML-Section\",\"RequestAppliesTo\":\"Rule-Access-Privilege\",\"RequestRuleName\":\"pzDelegationExperience\"}" => HTTP 404 (121 bytes)
[PegaHttpClient] 📡 POST https://zdk8budo.pegaacademy.net/prweb/api/HRAppsV2Service/V1/rules/query?pxObjClass=Rule-HTML-Section&appliesTo=Rule-Access-Privilege&pyRuleName=pzDelegationExperience&RequestClass=Rule-HTML-Section&RequestAppliesTo=Rule-Access-Privilege&RequestRuleName=pzDelegationExperience Payload: "{\"RequestClass\":\"Rule-HTML-Section\",\"RequestAppliesTo\":\"Rule-Access-Privilege\",\"RequestRuleName\":\"pzDelegationExperience\"}" => HTTP 404 (18 bytes)
[PegaHttpClient] 📡 POST https://zdk8budo.pegaacademy.net/prweb/PRRestService/HRAppsV2Service/V1/rules/query?pxObjClass=Rule-HTML-Section&appliesTo=Rule-Access-Privilege&pyRuleName=pzDelegationExperience&RequestClass=Rule-HTML-Section&RequestAppliesTo=Rule-Access-Privilege&RequestRuleName=pzDelegationExperience Payload: "{\"RequestClass\":\"Rule-HTML-Section\",\"RequestAppliesTo\":\"Rule-Access-Privilege\",\"RequestRuleName\":\"pzDelegationExperience\"}" => HTTP 404 (18 bytes)
[PegaHttpClient] 📡 POST https://zdk8budo.pegaacademy.net/prweb/api/HRAppsV2/V1/rules/query?pxObjClass=Rule-HTML-Section&appliesTo=Rule-Access-Privilege&pyRuleName=pzDelegationExperience&RequestClass=Rule-HTML-Section&RequestAppliesTo=Rule-Access-Privilege&RequestRuleName=pzDelegationExperience Payload: "{\"RequestClass\":\"Rule-HTML-Section\",\"RequestAppliesTo\":\"Rule-Access-Privilege\",\"RequestRuleName\":\"pzDelegationExperience\"}" => HTTP 404 (18 bytes)
[PegaHttpClient] 📡 POST https://zdk8budo.pegaacademy.net/prweb/PRRestService/HRAppsV2/V1/rules/query?pxObjClass=Rule-HTML-Section&appliesTo=Rule-Access-Privilege&pyRuleName=pzDelegationExperience&RequestClass=Rule-HTML-Section&RequestAppliesTo=Rule-Access-Privilege&RequestRuleName=pzDelegationExperience Payload: "{\"RequestClass\":\"Rule-HTML-Section\",\"RequestAppliesTo\":\"Rule-Access-Privilege\",\"RequestRuleName\":\"pzDelegationExperience\"}" => HTTP 404 (18 bytes)
[PegaHttpClient] 📡 POST https://zdk8budo.pegaacademy.net/prweb/api/v1/rules/query?pxObjClass=Rule-HTML-Section&appliesTo=Rule-Access-Privilege&pyRuleName=pzDelegationExperience&RequestClass=Rule-HTML-Section&RequestAppliesTo=Rule-Access-Privilege&RequestRuleName=pzDelegationExperience Payload: "{\"RequestClass\":\"Rule-HTML-Section\",\"RequestAppliesTo\":\"Rule-Access-Privilege\",\"RequestRuleName\":\"pzDelegationExperience\"}" => HTTP 404 (18 bytes)
[PegaHttpClient] 📡 POST https://zdk8budo.pegaacademy.net/prweb/PRRestService/v1/rules/query?pxObjClass=Rule-HTML-Section&appliesTo=Rule-Access-Privilege&pyRuleName=pzDelegationExperience&RequestClass=Rule-HTML-Section&RequestAppliesTo=Rule-Access-Privilege&RequestRuleName=pzDelegationExperience Payload: "{\"RequestClass\":\"Rule-HTML-Section\",\"RequestAppliesTo\":\"Rule-Access-Privilege\",\"RequestRuleName\":\"pzDelegationExperience\"}" => HTTP 404 (18 bytes)
[PegaHttpClient] 📡 POST https://zdk8budo.pegaacademy.net/prweb/api/CodeIntelligence/v1/rules/query?pxObjClass=Rule-HTML-Section&appliesTo=Rule-Access-Privilege&pyRuleName=Roles&RequestClass=Rule-HTML-Section&RequestAppliesTo=Rule-Access-Privilege&RequestRuleName=Roles Payload: "{\"RequestClass\":\"Rule-HTML-Section\",\"RequestAppliesTo\":\"Rule-Access-Privilege\",\"RequestRuleName\":\"Roles\"}" => HTTP 200 (78883 bytes)
[PegaHttpClient] 📡 POST https://zdk8budo.pegaacademy.net/prweb/api/CodeIntelligence/v1/rules/query?pxObjClass=Rule-HTML-Section&appliesTo=Rule-Access-Privilege&pyRuleName=pzSpecifications&RequestClass=Rule-HTML-Section&RequestAppliesTo=Rule-Access-Privilege&RequestRuleName=pzSpecifications Payload: "{\"RequestClass\":\"Rule-HTML-Section\",\"RequestAppliesTo\":\"Rule-Access-Privilege\",\"RequestRuleName\":\"pzSpecifications\"}" => HTTP 200 (16577 bytes)
[PegaHttpClient] 📡 POST https://zdk8budo.pegaacademy.net/prweb/api/CodeIntelligence/v1/rules/query?pxObjClass=Rule-HTML-Section&appliesTo=Rule-Access-Privilege&pyRuleName=RuleFormHistory&RequestClass=Rule-HTML-Section&RequestAppliesTo=Rule-Access-Privilege&RequestRuleName=RuleFormHistory Payload: "{\"RequestClass\":\"Rule-HTML-Section\",\"RequestAppliesTo\":\"Rule-Access-Privilege\",\"RequestRuleName\":\"RuleFormHistory\"}" => HTTP 200 (76091 bytes)
[PegaHttpClient] 📡 POST https://zdk8budo.pegaacademy.net/prweb/api/CodeIntelligence/v1/rules/query?pxObjClass=Rule-HTML-Section&appliesTo=Rule-Access-Privilege&pyRuleName=pyCustomTab&RequestClass=Rule-HTML-Section&RequestAppliesTo=Rule-Access-Privilege&RequestRuleName=pyCustomTab Payload: "{\"RequestClass\":\"Rule-HTML-Section\",\"RequestAppliesTo\":\"Rule-Access-Privilege\",\"RequestRuleName\":\"pyCustomTab\"}" => HTTP 200 (14803 bytes)
[PegaHttpClient] 📡 POST https://zdk8budo.pegaacademy.net/prweb/api/CodeIntelligence/v1/rules/query?pxObjClass=Rule-HTML-Section&appliesTo=Rule-Access-Privilege&pyRuleName=pzCustomHelp&RequestClass=Rule-HTML-Section&RequestAppliesTo=Rule-Access-Privilege&RequestRuleName=pzCustomHelp Payload: "{\"RequestClass\":\"Rule-HTML-Section\",\"RequestAppliesTo\":\"Rule-Access-Privilege\",\"RequestRuleName\":\"pzCustomHelp\"}" => HTTP 200 (31573 bytes)
[PegaHttpClient] 📡 POST https://zdk8budo.pegaacademy.net/prweb/api/CodeIntelligence/v1/rules/query?pxObjClass=Rule-HTML-Section&appliesTo=Rule-Access-Privilege&pyRuleName=pzRuleFormKeysAndDescription&RequestClass=Rule-HTML-Section&RequestAppliesTo=Rule-Access-Privilege&RequestRuleName=pzRuleFormKeysAndDescription Payload: "{\"RequestClass\":\"Rule-HTML-Section\",\"RequestAppliesTo\":\"Rule-Access-Privilege\",\"RequestRuleName\":\"pzRuleFormKeysAndDescription\"}" => HTTP 200 (218057 bytes)
[PegaHttpClient] 📡 POST https://zdk8budo.pegaacademy.net/prweb/api/CodeIntelligence/v1/rules/query?pxObjClass=Rule-HTML-Section&appliesTo=Rule-Access-Privilege&pyRuleName=pzRuleFormRuleset&RequestClass=Rule-HTML-Section&RequestAppliesTo=Rule-Access-Privilege&RequestRuleName=pzRuleFormRuleset Payload: "{\"RequestClass\":\"Rule-HTML-Section\",\"RequestAppliesTo\":\"Rule-Access-Privilege\",\"RequestRuleName\":\"pzRuleFormRuleset\"}" => HTTP 200 (33985 bytes)
[PegaHttpClient] 📡 POST https://zdk8budo.pegaacademy.net/prweb/api/CodeIntelligence/v1/rules/query?pxObjClass=Rule-HTML-Section&appliesTo=Rule-Access-Privilege&pyRuleName=undefined&RequestClass=Rule-HTML-Section&RequestAppliesTo=Rule-Access-Privilege&RequestRuleName=undefined Payload: "{\"RequestClass\":\"Rule-HTML-Section\",\"RequestAppliesTo\":\"Rule-Access-Privilege\",\"RequestRuleName\":\"undefined\"}" => HTTP 404 (108 bytes)
[PegaHttpClient] 📡 POST https://zdk8budo.pegaacademy.net/prweb/PRRestService/CodeIntelligence/v1/rules/query?pxObjClass=Rule-HTML-Section&appliesTo=Rule-Access-Privilege&pyRuleName=undefined&RequestClass=Rule-HTML-Section&RequestAppliesTo=Rule-Access-Privilege&RequestRuleName=undefined Payload: "{\"RequestClass\":\"Rule-HTML-Section\",\"RequestAppliesTo\":\"Rule-Access-Privilege\",\"RequestRuleName\":\"undefined\"}" => HTTP 404 (108 bytes)
[PegaHttpClient] 📡 POST https://zdk8budo.pegaacademy.net/prweb/api/HRAppsV2Service/V1/rules/query?pxObjClass=Rule-HTML-Section&appliesTo=Rule-Access-Privilege&pyRuleName=undefined&RequestClass=Rule-HTML-Section&RequestAppliesTo=Rule-Access-Privilege&RequestRuleName=undefined Payload: "{\"RequestClass\":\"Rule-HTML-Section\",\"RequestAppliesTo\":\"Rule-Access-Privilege\",\"RequestRuleName\":\"undefined\"}" => HTTP 404 (18 bytes)
[PegaHttpClient] 📡 POST https://zdk8budo.pegaacademy.net/prweb/PRRestService/HRAppsV2Service/V1/rules/query?pxObjClass=Rule-HTML-Section&appliesTo=Rule-Access-Privilege&pyRuleName=undefined&RequestClass=Rule-HTML-Section&RequestAppliesTo=Rule-Access-Privilege&RequestRuleName=undefined Payload: "{\"RequestClass\":\"Rule-HTML-Section\",\"RequestAppliesTo\":\"Rule-Access-Privilege\",\"RequestRuleName\":\"undefined\"}" => HTTP 404 (18 bytes)
[PegaHttpClient] 📡 POST https://zdk8budo.pegaacademy.net/prweb/api/HRAppsV2/V1/rules/query?pxObjClass=Rule-HTML-Section&appliesTo=Rule-Access-Privilege&pyRuleName=undefined&RequestClass=Rule-HTML-Section&RequestAppliesTo=Rule-Access-Privilege&RequestRuleName=undefined Payload: "{\"RequestClass\":\"Rule-HTML-Section\",\"RequestAppliesTo\":\"Rule-Access-Privilege\",\"RequestRuleName\":\"undefined\"}" => HTTP 404 (18 bytes)
[PegaHttpClient] 📡 POST https://zdk8budo.pegaacademy.net/prweb/PRRestService/HRAppsV2/V1/rules/query?pxObjClass=Rule-HTML-Section&appliesTo=Rule-Access-Privilege&pyRuleName=undefined&RequestClass=Rule-HTML-Section&RequestAppliesTo=Rule-Access-Privilege&RequestRuleName=undefined Payload: "{\"RequestClass\":\"Rule-HTML-Section\",\"RequestAppliesTo\":\"Rule-Access-Privilege\",\"RequestRuleName\":\"undefined\"}" => HTTP 404 (18 bytes)
[PegaHttpClient] 📡 POST https://zdk8budo.pegaacademy.net/prweb/api/v1/rules/query?pxObjClass=Rule-HTML-Section&appliesTo=Rule-Access-Privilege&pyRuleName=undefined&RequestClass=Rule-HTML-Section&RequestAppliesTo=Rule-Access-Privilege&RequestRuleName=undefined Payload: "{\"RequestClass\":\"Rule-HTML-Section\",\"RequestAppliesTo\":\"Rule-Access-Privilege\",\"RequestRuleName\":\"undefined\"}" => HTTP 404 (18 bytes)
[PegaHttpClient] 📡 POST https://zdk8budo.pegaacademy.net/prweb/PRRestService/v1/rules/query?pxObjClass=Rule-HTML-Section&appliesTo=Rule-Access-Privilege&pyRuleName=undefined&RequestClass=Rule-HTML-Section&RequestAppliesTo=Rule-Access-Privilege&RequestRuleName=undefined Payload: "{\"RequestClass\":\"Rule-HTML-Section\",\"RequestAppliesTo\":\"Rule-Access-Privilege\",\"RequestRuleName\":\"undefined\"}" => HTTP 404 (18 bytes)
[PegaHttpClient] 📡 POST https://zdk8budo.pegaacademy.net/prweb/api/CodeIntelligence/v1/rules/query?pxObjClass=Rule-HTML-Section&appliesTo=Rule-Access-Privilege&pyRuleName=pzRuleFormToolbar&RequestClass=Rule-HTML-Section&RequestAppliesTo=Rule-Access-Privilege&RequestRuleName=pzRuleFormToolbar Payload: "{\"RequestClass\":\"Rule-HTML-Section\",\"RequestAppliesTo\":\"Rule-Access-Privilege\",\"RequestRuleName\":\"pzRuleFormToolbar\"}" => HTTP 200 (242691 bytes)
[PegaHttpClient] 📡 POST https://zdk8budo.pegaacademy.net/prweb/api/CodeIntelligence/v1/rules/query?pxObjClass=Rule-HTML-Section&appliesTo=Rule-Access-Privilege&pyRuleName=pzRuleFormToolbarCompare&RequestClass=Rule-HTML-Section&RequestAppliesTo=Rule-Access-Privilege&RequestRuleName=pzRuleFormToolbarCompare Payload: "{\"RequestClass\":\"Rule-HTML-Section\",\"RequestAppliesTo\":\"Rule-Access-Privilege\",\"RequestRuleName\":\"pzRuleFormToolbarCompare\"}" => HTTP 200 (61925 bytes)
[PegaHttpClient] 📡 POST https://zdk8budo.pegaacademy.net/prweb/api/CodeIntelligence/v1/rules/query?pxObjClass=Rule-HTML-Section&appliesTo=Rule-Access-Privilege&pyRuleName=RuleFormHeaderMessages&RequestClass=Rule-HTML-Section&RequestAppliesTo=Rule-Access-Privilege&RequestRuleName=RuleFormHeaderMessages Payload: "{\"RequestClass\":\"Rule-HTML-Section\",\"RequestAppliesTo\":\"Rule-Access-Privilege\",\"RequestRuleName\":\"RuleFormHeaderMessages\"}" => HTTP 200 (26518 bytes)
[PegaHttpClient] 📡 POST https://zdk8budo.pegaacademy.net/prweb/api/CodeIntelligence/v1/rules/query?pxObjClass=Rule-HTML-Section&appliesTo=Rule-Access-Privilege&pyRuleName=pzSpecificationsInner&RequestClass=Rule-HTML-Section&RequestAppliesTo=Rule-Access-Privilege&RequestRuleName=pzSpecificationsInner Payload: "{\"RequestClass\":\"Rule-HTML-Section\",\"RequestAppliesTo\":\"Rule-Access-Privilege\",\"RequestRuleName\":\"pzSpecificationsInner\"}" => HTTP 200 (142370 bytes)
[PegaHttpClient] 📡 POST https://zdk8budo.pegaacademy.net/prweb/api/CodeIntelligence/v1/rules/query?pxObjClass=Rule-HTML-Section&appliesTo=Rule-Access-Privilege&pyRuleName=pzAlternateRuleInfo&RequestClass=Rule-HTML-Section&RequestAppliesTo=Rule-Access-Privilege&RequestRuleName=pzAlternateRuleInfo Payload: "{\"RequestClass\":\"Rule-HTML-Section\",\"RequestAppliesTo\":\"Rule-Access-Privilege\",\"RequestRuleName\":\"pzAlternateRuleInfo\"}" => HTTP 200 (140407 bytes)
[PegaHttpClient] 📡 POST https://zdk8budo.pegaacademy.net/prweb/api/CodeIntelligence/v1/rules/query?pxObjClass=Rule-HTML-Section&appliesTo=Rule-Access-Privilege&pyRuleName=RuleFormHistory_Description&RequestClass=Rule-HTML-Section&RequestAppliesTo=Rule-Access-Privilege&RequestRuleName=RuleFormHistory_Description Payload: "{\"RequestClass\":\"Rule-HTML-Section\",\"RequestAppliesTo\":\"Rule-Access-Privilege\",\"RequestRuleName\":\"RuleFormHistory_Description\"}" => HTTP 200 (46242 bytes)
[PegaHttpClient] 📡 POST https://zdk8budo.pegaacademy.net/prweb/api/CodeIntelligence/v1/rules/query?pxObjClass=Rule-HTML-Section&appliesTo=Rule-Access-Privilege&pyRuleName=RuleFormHistory_CustomFields&RequestClass=Rule-HTML-Section&RequestAppliesTo=Rule-Access-Privilege&RequestRuleName=RuleFormHistory_CustomFields Payload: "{\"RequestClass\":\"Rule-HTML-Section\",\"RequestAppliesTo\":\"Rule-Access-Privilege\",\"RequestRuleName\":\"RuleFormHistory_CustomFields\"}" => HTTP 200 (75856 bytes)
[PegaHttpClient] 📡 POST https://zdk8budo.pegaacademy.net/prweb/api/CodeIntelligence/v1/rules/query?pxObjClass=Rule-HTML-Section&appliesTo=Rule-Access-Privilege&pyRuleName=RuleFormHistory_HistoryDetails&RequestClass=Rule-HTML-Section&RequestAppliesTo=Rule-Access-Privilege&RequestRuleName=RuleFormHistory_HistoryDetails Payload: "{\"RequestClass\":\"Rule-HTML-Section\",\"RequestAppliesTo\":\"Rule-Access-Privilege\",\"RequestRuleName\":\"RuleFormHistory_HistoryDetails\"}" => HTTP 200 (179535 bytes)
[PegaHttpClient] 📡 POST https://zdk8budo.pegaacademy.net/prweb/api/CodeIntelligence/v1/rules/query?pxObjClass=Rule-HTML-Section&appliesTo=Rule-Access-Privilege&pyRuleName=pzRuleFormStatus&RequestClass=Rule-HTML-Section&RequestAppliesTo=Rule-Access-Privilege&RequestRuleName=pzRuleFormStatus Payload: "{\"RequestClass\":\"Rule-HTML-Section\",\"RequestAppliesTo\":\"Rule-Access-Privilege\",\"RequestRuleName\":\"pzRuleFormStatus\"}" => HTTP 200 (97627 bytes)
[PegaHttpClient] 📡 POST https://zdk8budo.pegaacademy.net/prweb/api/CodeIntelligence/v1/rules/query?pxObjClass=Rule-HTML-Section&appliesTo=Rule-Access-Privilege&pyRuleName=pzRuleFormHeaderCompareWithDropDown&RequestClass=Rule-HTML-Section&RequestAppliesTo=Rule-Access-Privilege&RequestRuleName=pzRuleFormHeaderCompareWithDropDown Payload: "{\"RequestClass\":\"Rule-HTML-Section\",\"RequestAppliesTo\":\"Rule-Access-Privilege\",\"RequestRuleName\":\"pzRuleFormHeaderCompareWithDropDown\"}" => HTTP 200 (25396 bytes)
[PegaHttpClient] 📡 POST https://zdk8budo.pegaacademy.net/prweb/api/CodeIntelligence/v1/rules/query?pxObjClass=Rule-HTML-Section&appliesTo=Rule-Access-Privilege&pyRuleName=undefined&RequestClass=Rule-HTML-Section&RequestAppliesTo=Rule-Access-Privilege&RequestRuleName=undefined Payload: "{\"RequestClass\":\"Rule-HTML-Section\",\"RequestAppliesTo\":\"Rule-Access-Privilege\",\"RequestRuleName\":\"undefined\"}" => HTTP 404 (108 bytes)
[PegaHttpClient] 📡 POST https://zdk8budo.pegaacademy.net/prweb/PRRestService/CodeIntelligence/v1/rules/query?pxObjClass=Rule-HTML-Section&appliesTo=Rule-Access-Privilege&pyRuleName=undefined&RequestClass=Rule-HTML-Section&RequestAppliesTo=Rule-Access-Privilege&RequestRuleName=undefined Payload: "{\"RequestClass\":\"Rule-HTML-Section\",\"RequestAppliesTo\":\"Rule-Access-Privilege\",\"RequestRuleName\":\"undefined\"}" => HTTP 404 (108 bytes)
[PegaHttpClient] 📡 POST https://zdk8budo.pegaacademy.net/prweb/api/HRAppsV2Service/V1/rules/query?pxObjClass=Rule-HTML-Section&appliesTo=Rule-Access-Privilege&pyRuleName=undefined&RequestClass=Rule-HTML-Section&RequestAppliesTo=Rule-Access-Privilege&RequestRuleName=undefined Payload: "{\"RequestClass\":\"Rule-HTML-Section\",\"RequestAppliesTo\":\"Rule-Access-Privilege\",\"RequestRuleName\":\"undefined\"}" => HTTP 404 (18 bytes)
[PegaHttpClient] 📡 POST https://zdk8budo.pegaacademy.net/prweb/PRRestService/HRAppsV2Service/V1/rules/query?pxObjClass=Rule-HTML-Section&appliesTo=Rule-Access-Privilege&pyRuleName=undefined&RequestClass=Rule-HTML-Section&RequestAppliesTo=Rule-Access-Privilege&RequestRuleName=undefined Payload: "{\"RequestClass\":\"Rule-HTML-Section\",\"RequestAppliesTo\":\"Rule-Access-Privilege\",\"RequestRuleName\":\"undefined\"}" => HTTP 404 (18 bytes)
[PegaHttpClient] 📡 POST https://zdk8budo.pegaacademy.net/prweb/api/HRAppsV2/V1/rules/query?pxObjClass=Rule-HTML-Section&appliesTo=Rule-Access-Privilege&pyRuleName=undefined&RequestClass=Rule-HTML-Section&RequestAppliesTo=Rule-Access-Privilege&RequestRuleName=undefined Payload: "{\"RequestClass\":\"Rule-HTML-Section\",\"RequestAppliesTo\":\"Rule-Access-Privilege\",\"RequestRuleName\":\"undefined\"}" => HTTP 404 (18 bytes)
[PegaHttpClient] 📡 POST https://zdk8budo.pegaacademy.net/prweb/PRRestService/HRAppsV2/V1/rules/query?pxObjClass=Rule-HTML-Section&appliesTo=Rule-Access-Privilege&pyRuleName=undefined&RequestClass=Rule-HTML-Section&RequestAppliesTo=Rule-Access-Privilege&RequestRuleName=undefined Payload: "{\"RequestClass\":\"Rule-HTML-Section\",\"RequestAppliesTo\":\"Rule-Access-Privilege\",\"RequestRuleName\":\"undefined\"}" => HTTP 404 (18 bytes)
[PegaHttpClient] 📡 POST https://zdk8budo.pegaacademy.net/prweb/api/v1/rules/query?pxObjClass=Rule-HTML-Section&appliesTo=Rule-Access-Privilege&pyRuleName=undefined&RequestClass=Rule-HTML-Section&RequestAppliesTo=Rule-Access-Privilege&RequestRuleName=undefined Payload: "{\"RequestClass\":\"Rule-HTML-Section\",\"RequestAppliesTo\":\"Rule-Access-Privilege\",\"RequestRuleName\":\"undefined\"}" => HTTP 404 (18 bytes)
[PegaHttpClient] 📡 POST https://zdk8budo.pegaacademy.net/prweb/PRRestService/v1/rules/query?pxObjClass=Rule-HTML-Section&appliesTo=Rule-Access-Privilege&pyRuleName=undefined&RequestClass=Rule-HTML-Section&RequestAppliesTo=Rule-Access-Privilege&RequestRuleName=undefined Payload: "{\"RequestClass\":\"Rule-HTML-Section\",\"RequestAppliesTo\":\"Rule-Access-Privilege\",\"RequestRuleName\":\"undefined\"}" => HTTP 404 (18 bytes)
[PegaHttpClient] 📡 POST https://zdk8budo.pegaacademy.net/prweb/api/CodeIntelligence/v1/rules/query?pxObjClass=Rule-HTML-Section&appliesTo=Rule-Access-Privilege&pyRuleName=pzRuleFormToolbarHotKeys&RequestClass=Rule-HTML-Section&RequestAppliesTo=Rule-Access-Privilege&RequestRuleName=pzRuleFormToolbarHotKeys Payload: "{\"RequestClass\":\"Rule-HTML-Section\",\"RequestAppliesTo\":\"Rule-Access-Privilege\",\"RequestRuleName\":\"pzRuleFormToolbarHotKeys\"}" => HTTP 200 (85058 bytes)
[PegaHttpClient] 📡 POST https://zdk8budo.pegaacademy.net/prweb/api/CodeIntelligence/v1/rules/query?pxObjClass=Rule-HTML-Section&appliesTo=Rule-Access-Privilege&pyRuleName=pzRuleFormToolbarLockedIcon&RequestClass=Rule-HTML-Section&RequestAppliesTo=Rule-Access-Privilege&RequestRuleName=pzRuleFormToolbarLockedIcon Payload: "{\"RequestClass\":\"Rule-HTML-Section\",\"RequestAppliesTo\":\"Rule-Access-Privilege\",\"RequestRuleName\":\"pzRuleFormToolbarLockedIcon\"}" => HTTP 200 (24898 bytes)
[PegaHttpClient] 📡 POST https://zdk8budo.pegaacademy.net/prweb/api/CodeIntelligence/v1/rules/query?pxObjClass=Rule-HTML-Section&appliesTo=Rule-Access-Privilege&pyRuleName=pzRuleFormToolbarCollaborators&RequestClass=Rule-HTML-Section&RequestAppliesTo=Rule-Access-Privilege&RequestRuleName=pzRuleFormToolbarCollaborators Payload: "{\"RequestClass\":\"Rule-HTML-Section\",\"RequestAppliesTo\":\"Rule-Access-Privilege\",\"RequestRuleName\":\"pzRuleFormToolbarCollaborators\"}" => HTTP 200 (15254 bytes)
[PegaHttpClient] 📡 POST https://zdk8budo.pegaacademy.net/prweb/api/CodeIntelligence/v1/rules/query?pxObjClass=Rule-HTML-Section&appliesTo=Rule-Access-Privilege&pyRuleName=pzRuleFormToolbarSaveAs&RequestClass=Rule-HTML-Section&RequestAppliesTo=Rule-Access-Privilege&RequestRuleName=pzRuleFormToolbarSaveAs Payload: "{\"RequestClass\":\"Rule-HTML-Section\",\"RequestAppliesTo\":\"Rule-Access-Privilege\",\"RequestRuleName\":\"pzRuleFormToolbarSaveAs\"}" => HTTP 200 (64084 bytes)
[PegaHttpClient] 📡 POST https://zdk8budo.pegaacademy.net/prweb/api/CodeIntelligence/v1/rules/query?pxObjClass=Rule-HTML-Section&appliesTo=Rule-Access-Privilege&pyRuleName=pzRuleFormToolbarCheckin&RequestClass=Rule-HTML-Section&RequestAppliesTo=Rule-Access-Privilege&RequestRuleName=pzRuleFormToolbarCheckin Payload: "{\"RequestClass\":\"Rule-HTML-Section\",\"RequestAppliesTo\":\"Rule-Access-Privilege\",\"RequestRuleName\":\"pzRuleFormToolbarCheckin\"}" => HTTP 200 (119096 bytes)
[PegaHttpClient] 📡 POST https://zdk8budo.pegaacademy.net/prweb/api/CodeIntelligence/v1/rules/query?pxObjClass=Rule-HTML-Section&appliesTo=Rule-Access-Privilege&pyRuleName=pzRuleFormToolbarDelete&RequestClass=Rule-HTML-Section&RequestAppliesTo=Rule-Access-Privilege&RequestRuleName=pzRuleFormToolbarDelete Payload: "{\"RequestClass\":\"Rule-HTML-Section\",\"RequestAppliesTo\":\"Rule-Access-Privilege\",\"RequestRuleName\":\"pzRuleFormToolbarDelete\"}" => HTTP 200 (30249 bytes)
[PegaHttpClient] 📡 POST https://zdk8budo.pegaacademy.net/prweb/api/CodeIntelligence/v1/rules/query?pxObjClass=Rule-HTML-Section&appliesTo=Rule-Access-Privilege&pyRuleName=pzRuleFormToolbarSave&RequestClass=Rule-HTML-Section&RequestAppliesTo=Rule-Access-Privilege&RequestRuleName=pzRuleFormToolbarSave Payload: "{\"RequestClass\":\"Rule-HTML-Section\",\"RequestAppliesTo\":\"Rule-Access-Privilege\",\"RequestRuleName\":\"pzRuleFormToolbarSave\"}" => HTTP 200 (293885 bytes)
[PegaHttpClient] 📡 POST https://zdk8budo.pegaacademy.net/prweb/api/CodeIntelligence/v1/rules/query?pxObjClass=Rule-HTML-Section&appliesTo=Rule-Access-Privilege&pyRuleName=pzRuleFormToolbarCheckout&RequestClass=Rule-HTML-Section&RequestAppliesTo=Rule-Access-Privilege&RequestRuleName=pzRuleFormToolbarCheckout Payload: "{\"RequestClass\":\"Rule-HTML-Section\",\"RequestAppliesTo\":\"Rule-Access-Privilege\",\"RequestRuleName\":\"pzRuleFormToolbarCheckout\"}" => HTTP 200 (238148 bytes)
[PegaHttpClient] 📡 POST https://zdk8budo.pegaacademy.net/prweb/api/CodeIntelligence/v1/rules/query?pxObjClass=Rule-HTML-Section&appliesTo=Rule-Access-Privilege&pyRuleName=pzRemoveErrorsDataPage&RequestClass=Rule-HTML-Section&RequestAppliesTo=Rule-Access-Privilege&RequestRuleName=pzRemoveErrorsDataPage Payload: "{\"RequestClass\":\"Rule-HTML-Section\",\"RequestAppliesTo\":\"Rule-Access-Privilege\",\"RequestRuleName\":\"pzRemoveErrorsDataPage\"}" => HTTP 200 (16733 bytes)
[PegaHttpClient] 📡 POST https://zdk8budo.pegaacademy.net/prweb/api/CodeIntelligence/v1/rules/query?pxObjClass=Rule-HTML-Section&appliesTo=Rule-Access-Privilege&pyRuleName=pzRuleFormHeaderMessagesWrapper&RequestClass=Rule-HTML-Section&RequestAppliesTo=Rule-Access-Privilege&RequestRuleName=pzRuleFormHeaderMessagesWrapper Payload: "{\"RequestClass\":\"Rule-HTML-Section\",\"RequestAppliesTo\":\"Rule-Access-Privilege\",\"RequestRuleName\":\"pzRuleFormHeaderMessagesWrapper\"}" => HTTP 200 (16981 bytes)
[PegaHttpClient] 📡 POST https://zdk8budo.pegaacademy.net/prweb/api/CodeIntelligence/v1/rules/query?pxObjClass=Rule-HTML-Section&appliesTo=Rule-Access-Privilege&pyRuleName=pzSpecificationName&RequestClass=Rule-HTML-Section&RequestAppliesTo=Rule-Access-Privilege&RequestRuleName=pzSpecificationName Payload: "{\"RequestClass\":\"Rule-HTML-Section\",\"RequestAppliesTo\":\"Rule-Access-Privilege\",\"RequestRuleName\":\"pzSpecificationName\"}" => HTTP 404 (118 bytes)
[PegaHttpClient] 📡 POST https://zdk8budo.pegaacademy.net/prweb/PRRestService/CodeIntelligence/v1/rules/query?pxObjClass=Rule-HTML-Section&appliesTo=Rule-Access-Privilege&pyRuleName=pzSpecificationName&RequestClass=Rule-HTML-Section&RequestAppliesTo=Rule-Access-Privilege&RequestRuleName=pzSpecificationName Payload: "{\"RequestClass\":\"Rule-HTML-Section\",\"RequestAppliesTo\":\"Rule-Access-Privilege\",\"RequestRuleName\":\"pzSpecificationName\"}" => HTTP 404 (118 bytes)
[PegaHttpClient] 📡 POST https://zdk8budo.pegaacademy.net/prweb/api/HRAppsV2Service/V1/rules/query?pxObjClass=Rule-HTML-Section&appliesTo=Rule-Access-Privilege&pyRuleName=pzSpecificationName&RequestClass=Rule-HTML-Section&RequestAppliesTo=Rule-Access-Privilege&RequestRuleName=pzSpecificationName Payload: "{\"RequestClass\":\"Rule-HTML-Section\",\"RequestAppliesTo\":\"Rule-Access-Privilege\",\"RequestRuleName\":\"pzSpecificationName\"}" => HTTP 404 (18 bytes)
[PegaHttpClient] 📡 POST https://zdk8budo.pegaacademy.net/prweb/PRRestService/HRAppsV2Service/V1/rules/query?pxObjClass=Rule-HTML-Section&appliesTo=Rule-Access-Privilege&pyRuleName=pzSpecificationName&RequestClass=Rule-HTML-Section&RequestAppliesTo=Rule-Access-Privilege&RequestRuleName=pzSpecificationName Payload: "{\"RequestClass\":\"Rule-HTML-Section\",\"RequestAppliesTo\":\"Rule-Access-Privilege\",\"RequestRuleName\":\"pzSpecificationName\"}" => HTTP 404 (18 bytes)
[PegaHttpClient] 📡 POST https://zdk8budo.pegaacademy.net/prweb/api/HRAppsV2/V1/rules/query?pxObjClass=Rule-HTML-Section&appliesTo=Rule-Access-Privilege&pyRuleName=pzSpecificationName&RequestClass=Rule-HTML-Section&RequestAppliesTo=Rule-Access-Privilege&RequestRuleName=pzSpecificationName Payload: "{\"RequestClass\":\"Rule-HTML-Section\",\"RequestAppliesTo\":\"Rule-Access-Privilege\",\"RequestRuleName\":\"pzSpecificationName\"}" => HTTP 404 (18 bytes)
[PegaHttpClient] 📡 POST https://zdk8budo.pegaacademy.net/prweb/PRRestService/HRAppsV2/V1/rules/query?pxObjClass=Rule-HTML-Section&appliesTo=Rule-Access-Privilege&pyRuleName=pzSpecificationName&RequestClass=Rule-HTML-Section&RequestAppliesTo=Rule-Access-Privilege&RequestRuleName=pzSpecificationName Payload: "{\"RequestClass\":\"Rule-HTML-Section\",\"RequestAppliesTo\":\"Rule-Access-Privilege\",\"RequestRuleName\":\"pzSpecificationName\"}" => HTTP 404 (18 bytes)
[PegaHttpClient] 📡 POST https://zdk8budo.pegaacademy.net/prweb/api/v1/rules/query?pxObjClass=Rule-HTML-Section&appliesTo=Rule-Access-Privilege&pyRuleName=pzSpecificationName&RequestClass=Rule-HTML-Section&RequestAppliesTo=Rule-Access-Privilege&RequestRuleName=pzSpecificationName Payload: "{\"RequestClass\":\"Rule-HTML-Section\",\"RequestAppliesTo\":\"Rule-Access-Privilege\",\"RequestRuleName\":\"pzSpecificationName\"}" => HTTP 404 (18 bytes)
[PegaHttpClient] 📡 POST https://zdk8budo.pegaacademy.net/prweb/PRRestService/v1/rules/query?pxObjClass=Rule-HTML-Section&appliesTo=Rule-Access-Privilege&pyRuleName=pzSpecificationName&RequestClass=Rule-HTML-Section&RequestAppliesTo=Rule-Access-Privilege&RequestRuleName=pzSpecificationName Payload: "{\"RequestClass\":\"Rule-HTML-Section\",\"RequestAppliesTo\":\"Rule-Access-Privilege\",\"RequestRuleName\":\"pzSpecificationName\"}" => HTTP 404 (18 bytes)
[PegaHttpClient] 📡 POST https://zdk8budo.pegaacademy.net/prweb/api/CodeIntelligence/v1/rules/query?pxObjClass=Rule-HTML-Section&appliesTo=Rule-Access-Privilege&pyRuleName=pzScm_RuleHistory&RequestClass=Rule-HTML-Section&RequestAppliesTo=Rule-Access-Privilege&RequestRuleName=pzScm_RuleHistory Payload: "{\"RequestClass\":\"Rule-HTML-Section\",\"RequestAppliesTo\":\"Rule-Access-Privilege\",\"RequestRuleName\":\"pzScm_RuleHistory\"}" => HTTP 200 (14682 bytes)
[PegaHttpClient] 📡 POST https://zdk8budo.pegaacademy.net/prweb/api/CodeIntelligence/v1/rules/query?pxObjClass=Rule-HTML-Section&appliesTo=Rule-Access-Privilege&pyRuleName=pxDisplayCollaborators&RequestClass=Rule-HTML-Section&RequestAppliesTo=Rule-Access-Privilege&RequestRuleName=pxDisplayCollaborators Payload: "{\"RequestClass\":\"Rule-HTML-Section\",\"RequestAppliesTo\":\"Rule-Access-Privilege\",\"RequestRuleName\":\"pxDisplayCollaborators\"}" => HTTP 200 (94171 bytes)
[PegaHttpClient] 📡 POST https://zdk8budo.pegaacademy.net/prweb/api/CodeIntelligence/v1/rules/query?pxObjClass=Rule-HTML-Section&appliesTo=Rule-Access-Privilege&pyRuleName=pzRuleFormToolbarDeleteCheckOut&RequestClass=Rule-HTML-Section&RequestAppliesTo=Rule-Access-Privilege&RequestRuleName=pzRuleFormToolbarDeleteCheckOut Payload: "{\"RequestClass\":\"Rule-HTML-Section\",\"RequestAppliesTo\":\"Rule-Access-Privilege\",\"RequestRuleName\":\"pzRuleFormToolbarDeleteCheckOut\"}" => HTTP 200 (29433 bytes)
[PegaHttpClient] 📡 POST https://zdk8budo.pegaacademy.net/prweb/api/CodeIntelligence/v1/rules/query?pxObjClass=Rule-HTML-Section&appliesTo=Rule-Access-Privilege&pyRuleName=pzRuleFormToolbarDeleteRule&RequestClass=Rule-HTML-Section&RequestAppliesTo=Rule-Access-Privilege&RequestRuleName=pzRuleFormToolbarDeleteRule Payload: "{\"RequestClass\":\"Rule-HTML-Section\",\"RequestAppliesTo\":\"Rule-Access-Privilege\",\"RequestRuleName\":\"pzRuleFormToolbarDeleteRule\"}" => HTTP 200 (32314 bytes)
[PegaHttpClient] 📡 POST https://zdk8budo.pegaacademy.net/prweb/api/CodeIntelligence/v1/rules/query?pxObjClass=Rule-HTML-Section&appliesTo=Rule-Access-Privilege&pyRuleName=pzLoadCollaborationScripts&RequestClass=Rule-HTML-Section&RequestAppliesTo=Rule-Access-Privilege&RequestRuleName=pzLoadCollaborationScripts Payload: "{\"RequestClass\":\"Rule-HTML-Section\",\"RequestAppliesTo\":\"Rule-Access-Privilege\",\"RequestRuleName\":\"pzLoadCollaborationScripts\"}" => HTTP 200 (23453 bytes)
[PegaHttpClient] 📡 POST https://zdk8budo.pegaacademy.net/prweb/api/CodeIntelligence/v1/rules/query?pxObjClass=Rule-HTML-Section&appliesTo=Rule-Access-Privilege&pyRuleName=pzDisplayCollaboratorsList&RequestClass=Rule-HTML-Section&RequestAppliesTo=Rule-Access-Privilege&RequestRuleName=pzDisplayCollaboratorsList Payload: "{\"RequestClass\":\"Rule-HTML-Section\",\"RequestAppliesTo\":\"Rule-Access-Privilege\",\"RequestRuleName\":\"pzDisplayCollaboratorsList\"}" => HTTP 200 (105418 bytes)
[PegaHttpClient] 📡 POST https://zdk8budo.pegaacademy.net/prweb/api/CodeIntelligence/v1/rules/query?pxObjClass=Rule-HTML-Section&appliesTo=Rule-Access-Privilege&pyRuleName=pyCollaborator&RequestClass=Rule-HTML-Section&RequestAppliesTo=Rule-Access-Privilege&RequestRuleName=pyCollaborator Payload: "{\"RequestClass\":\"Rule-HTML-Section\",\"RequestAppliesTo\":\"Rule-Access-Privilege\",\"RequestRuleName\":\"pyCollaborator\"}" => HTTP 404 (113 bytes)
[PegaHttpClient] 📡 POST https://zdk8budo.pegaacademy.net/prweb/PRRestService/CodeIntelligence/v1/rules/query?pxObjClass=Rule-HTML-Section&appliesTo=Rule-Access-Privilege&pyRuleName=pyCollaborator&RequestClass=Rule-HTML-Section&RequestAppliesTo=Rule-Access-Privilege&RequestRuleName=pyCollaborator Payload: "{\"RequestClass\":\"Rule-HTML-Section\",\"RequestAppliesTo\":\"Rule-Access-Privilege\",\"RequestRuleName\":\"pyCollaborator\"}" => HTTP 404 (113 bytes)
[PegaHttpClient] 📡 POST https://zdk8budo.pegaacademy.net/prweb/api/HRAppsV2Service/V1/rules/query?pxObjClass=Rule-HTML-Section&appliesTo=Rule-Access-Privilege&pyRuleName=pyCollaborator&RequestClass=Rule-HTML-Section&RequestAppliesTo=Rule-Access-Privilege&RequestRuleName=pyCollaborator Payload: "{\"RequestClass\":\"Rule-HTML-Section\",\"RequestAppliesTo\":\"Rule-Access-Privilege\",\"RequestRuleName\":\"pyCollaborator\"}" => HTTP 404 (18 bytes)
[PegaHttpClient] 📡 POST https://zdk8budo.pegaacademy.net/prweb/PRRestService/HRAppsV2Service/V1/rules/query?pxObjClass=Rule-HTML-Section&appliesTo=Rule-Access-Privilege&pyRuleName=pyCollaborator&RequestClass=Rule-HTML-Section&RequestAppliesTo=Rule-Access-Privilege&RequestRuleName=pyCollaborator Payload: "{\"RequestClass\":\"Rule-HTML-Section\",\"RequestAppliesTo\":\"Rule-Access-Privilege\",\"RequestRuleName\":\"pyCollaborator\"}" => HTTP 404 (18 bytes)
[PegaHttpClient] 📡 POST https://zdk8budo.pegaacademy.net/prweb/api/HRAppsV2/V1/rules/query?pxObjClass=Rule-HTML-Section&appliesTo=Rule-Access-Privilege&pyRuleName=pyCollaborator&RequestClass=Rule-HTML-Section&RequestAppliesTo=Rule-Access-Privilege&RequestRuleName=pyCollaborator Payload: "{\"RequestClass\":\"Rule-HTML-Section\",\"RequestAppliesTo\":\"Rule-Access-Privilege\",\"RequestRuleName\":\"pyCollaborator\"}" => HTTP 404 (18 bytes)
[PegaHttpClient] 📡 POST https://zdk8budo.pegaacademy.net/prweb/PRRestService/HRAppsV2/V1/rules/query?pxObjClass=Rule-HTML-Section&appliesTo=Rule-Access-Privilege&pyRuleName=pyCollaborator&RequestClass=Rule-HTML-Section&RequestAppliesTo=Rule-Access-Privilege&RequestRuleName=pyCollaborator Payload: "{\"RequestClass\":\"Rule-HTML-Section\",\"RequestAppliesTo\":\"Rule-Access-Privilege\",\"RequestRuleName\":\"pyCollaborator\"}" => HTTP 404 (18 bytes)
[PegaHttpClient] 📡 POST https://zdk8budo.pegaacademy.net/prweb/api/v1/rules/query?pxObjClass=Rule-HTML-Section&appliesTo=Rule-Access-Privilege&pyRuleName=pyCollaborator&RequestClass=Rule-HTML-Section&RequestAppliesTo=Rule-Access-Privilege&RequestRuleName=pyCollaborator Payload: "{\"RequestClass\":\"Rule-HTML-Section\",\"RequestAppliesTo\":\"Rule-Access-Privilege\",\"RequestRuleName\":\"pyCollaborator\"}" => HTTP 404 (18 bytes)
[PegaHttpClient] 📡 POST https://zdk8budo.pegaacademy.net/prweb/PRRestService/v1/rules/query?pxObjClass=Rule-HTML-Section&appliesTo=Rule-Access-Privilege&pyRuleName=pyCollaborator&RequestClass=Rule-HTML-Section&RequestAppliesTo=Rule-Access-Privilege&RequestRuleName=pyCollaborator Payload: "{\"RequestClass\":\"Rule-HTML-Section\",\"RequestAppliesTo\":\"Rule-Access-Privilege\",\"RequestRuleName\":\"pyCollaborator\"}" => HTTP 404 (18 bytes)
[PegaHttpClient] 📡 POST https://zdk8budo.pegaacademy.net/prweb/api/CodeIntelligence/v1/rules/query?pxObjClass=Rule-HTML-Section&appliesTo=Rule-Access-Privilege&pyRuleName=pzDisplayPartialCount&RequestClass=Rule-HTML-Section&RequestAppliesTo=Rule-Access-Privilege&RequestRuleName=pzDisplayPartialCount Payload: "{\"RequestClass\":\"Rule-HTML-Section\",\"RequestAppliesTo\":\"Rule-Access-Privilege\",\"RequestRuleName\":\"pzDisplayPartialCount\"}" => HTTP 404 (120 bytes)
[PegaHttpClient] 📡 POST https://zdk8budo.pegaacademy.net/prweb/PRRestService/CodeIntelligence/v1/rules/query?pxObjClass=Rule-HTML-Section&appliesTo=Rule-Access-Privilege&pyRuleName=pzDisplayPartialCount&RequestClass=Rule-HTML-Section&RequestAppliesTo=Rule-Access-Privilege&RequestRuleName=pzDisplayPartialCount Payload: "{\"RequestClass\":\"Rule-HTML-Section\",\"RequestAppliesTo\":\"Rule-Access-Privilege\",\"RequestRuleName\":\"pzDisplayPartialCount\"}" => HTTP 404 (120 bytes)
[PegaHttpClient] 📡 POST https://zdk8budo.pegaacademy.net/prweb/api/HRAppsV2Service/V1/rules/query?pxObjClass=Rule-HTML-Section&appliesTo=Rule-Access-Privilege&pyRuleName=pzDisplayPartialCount&RequestClass=Rule-HTML-Section&RequestAppliesTo=Rule-Access-Privilege&RequestRuleName=pzDisplayPartialCount Payload: "{\"RequestClass\":\"Rule-HTML-Section\",\"RequestAppliesTo\":\"Rule-Access-Privilege\",\"RequestRuleName\":\"pzDisplayPartialCount\"}" => HTTP 404 (18 bytes)
[PegaHttpClient] 📡 POST https://zdk8budo.pegaacademy.net/prweb/PRRestService/HRAppsV2Service/V1/rules/query?pxObjClass=Rule-HTML-Section&appliesTo=Rule-Access-Privilege&pyRuleName=pzDisplayPartialCount&RequestClass=Rule-HTML-Section&RequestAppliesTo=Rule-Access-Privilege&RequestRuleName=pzDisplayPartialCount Payload: "{\"RequestClass\":\"Rule-HTML-Section\",\"RequestAppliesTo\":\"Rule-Access-Privilege\",\"RequestRuleName\":\"pzDisplayPartialCount\"}" => HTTP 404 (18 bytes)
[PegaHttpClient] 📡 POST https://zdk8budo.pegaacademy.net/prweb/api/HRAppsV2/V1/rules/query?pxObjClass=Rule-HTML-Section&appliesTo=Rule-Access-Privilege&pyRuleName=pzDisplayPartialCount&RequestClass=Rule-HTML-Section&RequestAppliesTo=Rule-Access-Privilege&RequestRuleName=pzDisplayPartialCount Payload: "{\"RequestClass\":\"Rule-HTML-Section\",\"RequestAppliesTo\":\"Rule-Access-Privilege\",\"RequestRuleName\":\"pzDisplayPartialCount\"}" => HTTP 404 (18 bytes)
[PegaHttpClient] 📡 POST https://zdk8budo.pegaacademy.net/prweb/PRRestService/HRAppsV2/V1/rules/query?pxObjClass=Rule-HTML-Section&appliesTo=Rule-Access-Privilege&pyRuleName=pzDisplayPartialCount&RequestClass=Rule-HTML-Section&RequestAppliesTo=Rule-Access-Privilege&RequestRuleName=pzDisplayPartialCount Payload: "{\"RequestClass\":\"Rule-HTML-Section\",\"RequestAppliesTo\":\"Rule-Access-Privilege\",\"RequestRuleName\":\"pzDisplayPartialCount\"}" => HTTP 404 (18 bytes)
[PegaHttpClient] 📡 POST https://zdk8budo.pegaacademy.net/prweb/api/v1/rules/query?pxObjClass=Rule-HTML-Section&appliesTo=Rule-Access-Privilege&pyRuleName=pzDisplayPartialCount&RequestClass=Rule-HTML-Section&RequestAppliesTo=Rule-Access-Privilege&RequestRuleName=pzDisplayPartialCount Payload: "{\"RequestClass\":\"Rule-HTML-Section\",\"RequestAppliesTo\":\"Rule-Access-Privilege\",\"RequestRuleName\":\"pzDisplayPartialCount\"}" => HTTP 404 (18 bytes)
[PegaHttpClient] 📡 POST https://zdk8budo.pegaacademy.net/prweb/PRRestService/v1/rules/query?pxObjClass=Rule-HTML-Section&appliesTo=Rule-Access-Privilege&pyRuleName=pzDisplayPartialCount&RequestClass=Rule-HTML-Section&RequestAppliesTo=Rule-Access-Privilege&RequestRuleName=pzDisplayPartialCount Payload: "{\"RequestClass\":\"Rule-HTML-Section\",\"RequestAppliesTo\":\"Rule-Access-Privilege\",\"RequestRuleName\":\"pzDisplayPartialCount\"}" => HTTP 404 (18 bytes)
[SchemaGen] ✅ Schema written for Rule-Access-Privilege
[PegaHttpClient] 📡 GET https://zdk8budo.pegaacademy.net/prweb/api/CodeIntelligence/v1/rules/RULE-HTML-HARNESS%20RULE-ACCESS-DENY-OBJ%20RULEFORM%20%2320180713T135118.827%20GMT => HTTP 200 (30635 bytes)
[PegaHttpClient] 📡 POST https://zdk8budo.pegaacademy.net/prweb/api/CodeIntelligence/v1/rules/query?pxObjClass=Rule-HTML-Section&appliesTo=Rule-Access-Deny-Obj&pyRuleName=RuleFormMain&RequestClass=Rule-HTML-Section&RequestAppliesTo=Rule-Access-Deny-Obj&RequestRuleName=RuleFormMain Payload: "{\"RequestClass\":\"Rule-HTML-Section\",\"RequestAppliesTo\":\"Rule-Access-Deny-Obj\",\"RequestRuleName\":\"RuleFormMain\"}" => HTTP 200 (156234 bytes)
[PegaHttpClient] 📡 POST https://zdk8budo.pegaacademy.net/prweb/api/CodeIntelligence/v1/rules/query?pxObjClass=Rule-HTML-Section&appliesTo=Rule-Access-Deny-Obj&pyRuleName=pxAlternateRuleForm&RequestClass=Rule-HTML-Section&RequestAppliesTo=Rule-Access-Deny-Obj&RequestRuleName=pxAlternateRuleForm Payload: "{\"RequestClass\":\"Rule-HTML-Section\",\"RequestAppliesTo\":\"Rule-Access-Deny-Obj\",\"RequestRuleName\":\"pxAlternateRuleForm\"}" => HTTP 200 (66153 bytes)
[PegaHttpClient] 📡 POST https://zdk8budo.pegaacademy.net/prweb/api/CodeIntelligence/v1/rules/query?pxObjClass=Rule-HTML-Section&appliesTo=Rule-Access-Deny-Obj&pyRuleName=pzRuleFormScripts&RequestClass=Rule-HTML-Section&RequestAppliesTo=Rule-Access-Deny-Obj&RequestRuleName=pzRuleFormScripts Payload: "{\"RequestClass\":\"Rule-HTML-Section\",\"RequestAppliesTo\":\"Rule-Access-Deny-Obj\",\"RequestRuleName\":\"pzRuleFormScripts\"}" => HTTP 200 (40822 bytes)
[PegaHttpClient] 📡 POST https://zdk8budo.pegaacademy.net/prweb/api/CodeIntelligence/v1/rules/query?pxObjClass=Rule-HTML-Section&appliesTo=Rule-Access-Deny-Obj&pyRuleName=pzRuleFormLayoutDelegated&RequestClass=Rule-HTML-Section&RequestAppliesTo=Rule-Access-Deny-Obj&RequestRuleName=pzRuleFormLayoutDelegated Payload: "{\"RequestClass\":\"Rule-HTML-Section\",\"RequestAppliesTo\":\"Rule-Access-Deny-Obj\",\"RequestRuleName\":\"pzRuleFormLayoutDelegated\"}" => HTTP 200 (70998 bytes)
[PegaHttpClient] 📡 POST https://zdk8budo.pegaacademy.net/prweb/api/CodeIntelligence/v1/rules/query?pxObjClass=Rule-HTML-Section&appliesTo=Rule-Access-Deny-Obj&pyRuleName=RuleFormLayout&RequestClass=Rule-HTML-Section&RequestAppliesTo=Rule-Access-Deny-Obj&RequestRuleName=RuleFormLayout Payload: "{\"RequestClass\":\"Rule-HTML-Section\",\"RequestAppliesTo\":\"Rule-Access-Deny-Obj\",\"RequestRuleName\":\"RuleFormLayout\"}" => HTTP 200 (59376 bytes)
[PegaHttpClient] 📡 POST https://zdk8budo.pegaacademy.net/prweb/api/CodeIntelligence/v1/rules/query?pxObjClass=Rule-HTML-Section&appliesTo=Rule-Access-Deny-Obj&pyRuleName=RuleFormSettings&RequestClass=Rule-HTML-Section&RequestAppliesTo=Rule-Access-Deny-Obj&RequestRuleName=RuleFormSettings Payload: "{\"RequestClass\":\"Rule-HTML-Section\",\"RequestAppliesTo\":\"Rule-Access-Deny-Obj\",\"RequestRuleName\":\"RuleFormSettings\"}" => HTTP 200 (20540 bytes)
[PegaHttpClient] 📡 POST https://zdk8budo.pegaacademy.net/prweb/api/CodeIntelligence/v1/rules/query?pxObjClass=Rule-HTML-Section&appliesTo=Rule-Access-Deny-Obj&pyRuleName=OpenAuthoring&RequestClass=Rule-HTML-Section&RequestAppliesTo=Rule-Access-Deny-Obj&RequestRuleName=OpenAuthoring Payload: "{\"RequestClass\":\"Rule-HTML-Section\",\"RequestAppliesTo\":\"Rule-Access-Deny-Obj\",\"RequestRuleName\":\"OpenAuthoring\"}" => HTTP 200 (23695 bytes)
[PegaHttpClient] 📡 POST https://zdk8budo.pegaacademy.net/prweb/api/CodeIntelligence/v1/rules/query?pxObjClass=Rule-HTML-Section&appliesTo=Rule-Access-Deny-Obj&pyRuleName=pyCustomHelp&RequestClass=Rule-HTML-Section&RequestAppliesTo=Rule-Access-Deny-Obj&RequestRuleName=pyCustomHelp Payload: "{\"RequestClass\":\"Rule-HTML-Section\",\"RequestAppliesTo\":\"Rule-Access-Deny-Obj\",\"RequestRuleName\":\"pyCustomHelp\"}" => HTTP 200 (17256 bytes)
[PegaHttpClient] 📡 POST https://zdk8budo.pegaacademy.net/prweb/api/CodeIntelligence/v1/rules/query?pxObjClass=Rule-HTML-Section&appliesTo=Rule-Access-Deny-Obj&pyRuleName=pzRuleformMainInclude&RequestClass=Rule-HTML-Section&RequestAppliesTo=Rule-Access-Deny-Obj&RequestRuleName=pzRuleformMainInclude Payload: "{\"RequestClass\":\"Rule-HTML-Section\",\"RequestAppliesTo\":\"Rule-Access-Deny-Obj\",\"RequestRuleName\":\"pzRuleformMainInclude\"}" => HTTP 200 (22375 bytes)
[PegaHttpClient] 📡 POST https://zdk8budo.pegaacademy.net/prweb/api/CodeIntelligence/v1/rules/query?pxObjClass=Rule-HTML-Section&appliesTo=Rule-Access-Deny-Obj&pyRuleName=pyAlternativeRuleFormStrategicAppExtension&RequestClass=Rule-HTML-Section&RequestAppliesTo=Rule-Access-Deny-Obj&RequestRuleName=pyAlternativeRuleFormStrategicAppExtension Payload: "{\"RequestClass\":\"Rule-HTML-Section\",\"RequestAppliesTo\":\"Rule-Access-Deny-Obj\",\"RequestRuleName\":\"pyAlternativeRuleFormStrategicAppExtension\"}" => HTTP 200 (25042 bytes)
[PegaHttpClient] 📡 POST https://zdk8budo.pegaacademy.net/prweb/api/CodeIntelligence/v1/rules/query?pxObjClass=Rule-HTML-Section&appliesTo=Rule-Access-Deny-Obj&pyRuleName=pyAlternativeRuleFormExtension&RequestClass=Rule-HTML-Section&RequestAppliesTo=Rule-Access-Deny-Obj&RequestRuleName=pyAlternativeRuleFormExtension Payload: "{\"RequestClass\":\"Rule-HTML-Section\",\"RequestAppliesTo\":\"Rule-Access-Deny-Obj\",\"RequestRuleName\":\"pyAlternativeRuleFormExtension\"}" => HTTP 200 (24863 bytes)
[PegaHttpClient] 📡 POST https://zdk8budo.pegaacademy.net/prweb/api/CodeIntelligence/v1/rules/query?pxObjClass=Rule-HTML-Section&appliesTo=Rule-Access-Deny-Obj&pyRuleName=RuleFormHeader&RequestClass=Rule-HTML-Section&RequestAppliesTo=Rule-Access-Deny-Obj&RequestRuleName=RuleFormHeader Payload: "{\"RequestClass\":\"Rule-HTML-Section\",\"RequestAppliesTo\":\"Rule-Access-Deny-Obj\",\"RequestRuleName\":\"RuleFormHeader\"}" => HTTP 200 (183800 bytes)
[PegaHttpClient] 📡 POST https://zdk8budo.pegaacademy.net/prweb/api/CodeIntelligence/v1/rules/query?pxObjClass=Rule-HTML-Section&appliesTo=Rule-Access-Deny-Obj&pyRuleName=pzDelegationExperience&RequestClass=Rule-HTML-Section&RequestAppliesTo=Rule-Access-Deny-Obj&RequestRuleName=pzDelegationExperience Payload: "{\"RequestClass\":\"Rule-HTML-Section\",\"RequestAppliesTo\":\"Rule-Access-Deny-Obj\",\"RequestRuleName\":\"pzDelegationExperience\"}" => HTTP 404 (120 bytes)
[PegaHttpClient] 📡 POST https://zdk8budo.pegaacademy.net/prweb/PRRestService/CodeIntelligence/v1/rules/query?pxObjClass=Rule-HTML-Section&appliesTo=Rule-Access-Deny-Obj&pyRuleName=pzDelegationExperience&RequestClass=Rule-HTML-Section&RequestAppliesTo=Rule-Access-Deny-Obj&RequestRuleName=pzDelegationExperience Payload: "{\"RequestClass\":\"Rule-HTML-Section\",\"RequestAppliesTo\":\"Rule-Access-Deny-Obj\",\"RequestRuleName\":\"pzDelegationExperience\"}" => HTTP 404 (120 bytes)
[PegaHttpClient] 📡 POST https://zdk8budo.pegaacademy.net/prweb/api/HRAppsV2Service/V1/rules/query?pxObjClass=Rule-HTML-Section&appliesTo=Rule-Access-Deny-Obj&pyRuleName=pzDelegationExperience&RequestClass=Rule-HTML-Section&RequestAppliesTo=Rule-Access-Deny-Obj&RequestRuleName=pzDelegationExperience Payload: "{\"RequestClass\":\"Rule-HTML-Section\",\"RequestAppliesTo\":\"Rule-Access-Deny-Obj\",\"RequestRuleName\":\"pzDelegationExperience\"}" => HTTP 404 (18 bytes)
[PegaHttpClient] 📡 POST https://zdk8budo.pegaacademy.net/prweb/PRRestService/HRAppsV2Service/V1/rules/query?pxObjClass=Rule-HTML-Section&appliesTo=Rule-Access-Deny-Obj&pyRuleName=pzDelegationExperience&RequestClass=Rule-HTML-Section&RequestAppliesTo=Rule-Access-Deny-Obj&RequestRuleName=pzDelegationExperience Payload: "{\"RequestClass\":\"Rule-HTML-Section\",\"RequestAppliesTo\":\"Rule-Access-Deny-Obj\",\"RequestRuleName\":\"pzDelegationExperience\"}" => HTTP 404 (18 bytes)
[PegaHttpClient] 📡 POST https://zdk8budo.pegaacademy.net/prweb/api/HRAppsV2/V1/rules/query?pxObjClass=Rule-HTML-Section&appliesTo=Rule-Access-Deny-Obj&pyRuleName=pzDelegationExperience&RequestClass=Rule-HTML-Section&RequestAppliesTo=Rule-Access-Deny-Obj&RequestRuleName=pzDelegationExperience Payload: "{\"RequestClass\":\"Rule-HTML-Section\",\"RequestAppliesTo\":\"Rule-Access-Deny-Obj\",\"RequestRuleName\":\"pzDelegationExperience\"}" => HTTP 404 (18 bytes)
[PegaHttpClient] 📡 POST https://zdk8budo.pegaacademy.net/prweb/PRRestService/HRAppsV2/V1/rules/query?pxObjClass=Rule-HTML-Section&appliesTo=Rule-Access-Deny-Obj&pyRuleName=pzDelegationExperience&RequestClass=Rule-HTML-Section&RequestAppliesTo=Rule-Access-Deny-Obj&RequestRuleName=pzDelegationExperience Payload: "{\"RequestClass\":\"Rule-HTML-Section\",\"RequestAppliesTo\":\"Rule-Access-Deny-Obj\",\"RequestRuleName\":\"pzDelegationExperience\"}" => HTTP 404 (18 bytes)
[PegaHttpClient] 📡 POST https://zdk8budo.pegaacademy.net/prweb/api/v1/rules/query?pxObjClass=Rule-HTML-Section&appliesTo=Rule-Access-Deny-Obj&pyRuleName=pzDelegationExperience&RequestClass=Rule-HTML-Section&RequestAppliesTo=Rule-Access-Deny-Obj&RequestRuleName=pzDelegationExperience Payload: "{\"RequestClass\":\"Rule-HTML-Section\",\"RequestAppliesTo\":\"Rule-Access-Deny-Obj\",\"RequestRuleName\":\"pzDelegationExperience\"}" => HTTP 404 (18 bytes)
[PegaHttpClient] 📡 POST https://zdk8budo.pegaacademy.net/prweb/PRRestService/v1/rules/query?pxObjClass=Rule-HTML-Section&appliesTo=Rule-Access-Deny-Obj&pyRuleName=pzDelegationExperience&RequestClass=Rule-HTML-Section&RequestAppliesTo=Rule-Access-Deny-Obj&RequestRuleName=pzDelegationExperience Payload: "{\"RequestClass\":\"Rule-HTML-Section\",\"RequestAppliesTo\":\"Rule-Access-Deny-Obj\",\"RequestRuleName\":\"pzDelegationExperience\"}" => HTTP 404 (18 bytes)
[PegaHttpClient] 📡 POST https://zdk8budo.pegaacademy.net/prweb/api/CodeIntelligence/v1/rules/query?pxObjClass=Rule-HTML-Section&appliesTo=Rule-Access-Deny-Obj&pyRuleName=Security&RequestClass=Rule-HTML-Section&RequestAppliesTo=Rule-Access-Deny-Obj&RequestRuleName=Security Payload: "{\"RequestClass\":\"Rule-HTML-Section\",\"RequestAppliesTo\":\"Rule-Access-Deny-Obj\",\"RequestRuleName\":\"Security\"}" => HTTP 200 (86865 bytes)
[PegaHttpClient] 📡 POST https://zdk8budo.pegaacademy.net/prweb/api/CodeIntelligence/v1/rules/query?pxObjClass=Rule-HTML-Section&appliesTo=Rule-Access-Deny-Obj&pyRuleName=pzSpecifications&RequestClass=Rule-HTML-Section&RequestAppliesTo=Rule-Access-Deny-Obj&RequestRuleName=pzSpecifications Payload: "{\"RequestClass\":\"Rule-HTML-Section\",\"RequestAppliesTo\":\"Rule-Access-Deny-Obj\",\"RequestRuleName\":\"pzSpecifications\"}" => HTTP 200 (16577 bytes)
[PegaHttpClient] 📡 POST https://zdk8budo.pegaacademy.net/prweb/api/CodeIntelligence/v1/rules/query?pxObjClass=Rule-HTML-Section&appliesTo=Rule-Access-Deny-Obj&pyRuleName=RuleFormHistory&RequestClass=Rule-HTML-Section&RequestAppliesTo=Rule-Access-Deny-Obj&RequestRuleName=RuleFormHistory Payload: "{\"RequestClass\":\"Rule-HTML-Section\",\"RequestAppliesTo\":\"Rule-Access-Deny-Obj\",\"RequestRuleName\":\"RuleFormHistory\"}" => HTTP 200 (76091 bytes)
[PegaHttpClient] 📡 POST https://zdk8budo.pegaacademy.net/prweb/api/CodeIntelligence/v1/rules/query?pxObjClass=Rule-HTML-Section&appliesTo=Rule-Access-Deny-Obj&pyRuleName=pzCustomHelp&RequestClass=Rule-HTML-Section&RequestAppliesTo=Rule-Access-Deny-Obj&RequestRuleName=pzCustomHelp Payload: "{\"RequestClass\":\"Rule-HTML-Section\",\"RequestAppliesTo\":\"Rule-Access-Deny-Obj\",\"RequestRuleName\":\"pzCustomHelp\"}" => HTTP 200 (31573 bytes)
[PegaHttpClient] 📡 POST https://zdk8budo.pegaacademy.net/prweb/api/CodeIntelligence/v1/rules/query?pxObjClass=Rule-HTML-Section&appliesTo=Rule-Access-Deny-Obj&pyRuleName=pzRuleFormKeysAndDescription&RequestClass=Rule-HTML-Section&RequestAppliesTo=Rule-Access-Deny-Obj&RequestRuleName=pzRuleFormKeysAndDescription Payload: "{\"RequestClass\":\"Rule-HTML-Section\",\"RequestAppliesTo\":\"Rule-Access-Deny-Obj\",\"RequestRuleName\":\"pzRuleFormKeysAndDescription\"}" => HTTP 200 (218057 bytes)
[PegaHttpClient] 📡 POST https://zdk8budo.pegaacademy.net/prweb/api/CodeIntelligence/v1/rules/query?pxObjClass=Rule-HTML-Section&appliesTo=Rule-Access-Deny-Obj&pyRuleName=pzRuleFormRuleset&RequestClass=Rule-HTML-Section&RequestAppliesTo=Rule-Access-Deny-Obj&RequestRuleName=pzRuleFormRuleset Payload: "{\"RequestClass\":\"Rule-HTML-Section\",\"RequestAppliesTo\":\"Rule-Access-Deny-Obj\",\"RequestRuleName\":\"pzRuleFormRuleset\"}" => HTTP 200 (33985 bytes)
[PegaHttpClient] 📡 POST https://zdk8budo.pegaacademy.net/prweb/api/CodeIntelligence/v1/rules/query?pxObjClass=Rule-HTML-Section&appliesTo=Rule-Access-Deny-Obj&pyRuleName=undefined&RequestClass=Rule-HTML-Section&RequestAppliesTo=Rule-Access-Deny-Obj&RequestRuleName=undefined Payload: "{\"RequestClass\":\"Rule-HTML-Section\",\"RequestAppliesTo\":\"Rule-Access-Deny-Obj\",\"RequestRuleName\":\"undefined\"}" => HTTP 404 (107 bytes)
[PegaHttpClient] 📡 POST https://zdk8budo.pegaacademy.net/prweb/PRRestService/CodeIntelligence/v1/rules/query?pxObjClass=Rule-HTML-Section&appliesTo=Rule-Access-Deny-Obj&pyRuleName=undefined&RequestClass=Rule-HTML-Section&RequestAppliesTo=Rule-Access-Deny-Obj&RequestRuleName=undefined Payload: "{\"RequestClass\":\"Rule-HTML-Section\",\"RequestAppliesTo\":\"Rule-Access-Deny-Obj\",\"RequestRuleName\":\"undefined\"}" => HTTP 404 (107 bytes)
[PegaHttpClient] 📡 POST https://zdk8budo.pegaacademy.net/prweb/api/HRAppsV2Service/V1/rules/query?pxObjClass=Rule-HTML-Section&appliesTo=Rule-Access-Deny-Obj&pyRuleName=undefined&RequestClass=Rule-HTML-Section&RequestAppliesTo=Rule-Access-Deny-Obj&RequestRuleName=undefined Payload: "{\"RequestClass\":\"Rule-HTML-Section\",\"RequestAppliesTo\":\"Rule-Access-Deny-Obj\",\"RequestRuleName\":\"undefined\"}" => HTTP 404 (18 bytes)
[PegaHttpClient] 📡 POST https://zdk8budo.pegaacademy.net/prweb/PRRestService/HRAppsV2Service/V1/rules/query?pxObjClass=Rule-HTML-Section&appliesTo=Rule-Access-Deny-Obj&pyRuleName=undefined&RequestClass=Rule-HTML-Section&RequestAppliesTo=Rule-Access-Deny-Obj&RequestRuleName=undefined Payload: "{\"RequestClass\":\"Rule-HTML-Section\",\"RequestAppliesTo\":\"Rule-Access-Deny-Obj\",\"RequestRuleName\":\"undefined\"}" => HTTP 404 (18 bytes)
[PegaHttpClient] 📡 POST https://zdk8budo.pegaacademy.net/prweb/api/HRAppsV2/V1/rules/query?pxObjClass=Rule-HTML-Section&appliesTo=Rule-Access-Deny-Obj&pyRuleName=undefined&RequestClass=Rule-HTML-Section&RequestAppliesTo=Rule-Access-Deny-Obj&RequestRuleName=undefined Payload: "{\"RequestClass\":\"Rule-HTML-Section\",\"RequestAppliesTo\":\"Rule-Access-Deny-Obj\",\"RequestRuleName\":\"undefined\"}" => HTTP 404 (18 bytes)
[PegaHttpClient] 📡 POST https://zdk8budo.pegaacademy.net/prweb/PRRestService/HRAppsV2/V1/rules/query?pxObjClass=Rule-HTML-Section&appliesTo=Rule-Access-Deny-Obj&pyRuleName=undefined&RequestClass=Rule-HTML-Section&RequestAppliesTo=Rule-Access-Deny-Obj&RequestRuleName=undefined Payload: "{\"RequestClass\":\"Rule-HTML-Section\",\"RequestAppliesTo\":\"Rule-Access-Deny-Obj\",\"RequestRuleName\":\"undefined\"}" => HTTP 404 (18 bytes)
[PegaHttpClient] 📡 POST https://zdk8budo.pegaacademy.net/prweb/api/v1/rules/query?pxObjClass=Rule-HTML-Section&appliesTo=Rule-Access-Deny-Obj&pyRuleName=undefined&RequestClass=Rule-HTML-Section&RequestAppliesTo=Rule-Access-Deny-Obj&RequestRuleName=undefined Payload: "{\"RequestClass\":\"Rule-HTML-Section\",\"RequestAppliesTo\":\"Rule-Access-Deny-Obj\",\"RequestRuleName\":\"undefined\"}" => HTTP 404 (18 bytes)
[PegaHttpClient] 📡 POST https://zdk8budo.pegaacademy.net/prweb/PRRestService/v1/rules/query?pxObjClass=Rule-HTML-Section&appliesTo=Rule-Access-Deny-Obj&pyRuleName=undefined&RequestClass=Rule-HTML-Section&RequestAppliesTo=Rule-Access-Deny-Obj&RequestRuleName=undefined Payload: "{\"RequestClass\":\"Rule-HTML-Section\",\"RequestAppliesTo\":\"Rule-Access-Deny-Obj\",\"RequestRuleName\":\"undefined\"}" => HTTP 404 (18 bytes)
[PegaHttpClient] 📡 POST https://zdk8budo.pegaacademy.net/prweb/api/CodeIntelligence/v1/rules/query?pxObjClass=Rule-HTML-Section&appliesTo=Rule-Access-Deny-Obj&pyRuleName=pzRuleFormToolbar&RequestClass=Rule-HTML-Section&RequestAppliesTo=Rule-Access-Deny-Obj&RequestRuleName=pzRuleFormToolbar Payload: "{\"RequestClass\":\"Rule-HTML-Section\",\"RequestAppliesTo\":\"Rule-Access-Deny-Obj\",\"RequestRuleName\":\"pzRuleFormToolbar\"}" => HTTP 200 (242691 bytes)
[PegaHttpClient] 📡 POST https://zdk8budo.pegaacademy.net/prweb/api/CodeIntelligence/v1/rules/query?pxObjClass=Rule-HTML-Section&appliesTo=Rule-Access-Deny-Obj&pyRuleName=pzRuleFormToolbarCompare&RequestClass=Rule-HTML-Section&RequestAppliesTo=Rule-Access-Deny-Obj&RequestRuleName=pzRuleFormToolbarCompare Payload: "{\"RequestClass\":\"Rule-HTML-Section\",\"RequestAppliesTo\":\"Rule-Access-Deny-Obj\",\"RequestRuleName\":\"pzRuleFormToolbarCompare\"}" => HTTP 200 (61925 bytes)
[PegaHttpClient] 📡 POST https://zdk8budo.pegaacademy.net/prweb/api/CodeIntelligence/v1/rules/query?pxObjClass=Rule-HTML-Section&appliesTo=Rule-Access-Deny-Obj&pyRuleName=RuleFormHeaderMessages&RequestClass=Rule-HTML-Section&RequestAppliesTo=Rule-Access-Deny-Obj&RequestRuleName=RuleFormHeaderMessages Payload: "{\"RequestClass\":\"Rule-HTML-Section\",\"RequestAppliesTo\":\"Rule-Access-Deny-Obj\",\"RequestRuleName\":\"RuleFormHeaderMessages\"}" => HTTP 200 (26518 bytes)
[PegaHttpClient] 📡 POST https://zdk8budo.pegaacademy.net/prweb/api/CodeIntelligence/v1/rules/query?pxObjClass=Rule-HTML-Section&appliesTo=Rule-Access-Deny-Obj&pyRuleName=AccessControls&RequestClass=Rule-HTML-Section&RequestAppliesTo=Rule-Access-Deny-Obj&RequestRuleName=AccessControls Payload: "{\"RequestClass\":\"Rule-HTML-Section\",\"RequestAppliesTo\":\"Rule-Access-Deny-Obj\",\"RequestRuleName\":\"AccessControls\"}" => HTTP 200 (89861 bytes)
[PegaHttpClient] 📡 POST https://zdk8budo.pegaacademy.net/prweb/api/CodeIntelligence/v1/rules/query?pxObjClass=Rule-HTML-Section&appliesTo=Rule-Access-Deny-Obj&pyRuleName=LevelValues&RequestClass=Rule-HTML-Section&RequestAppliesTo=Rule-Access-Deny-Obj&RequestRuleName=LevelValues Payload: "{\"RequestClass\":\"Rule-HTML-Section\",\"RequestAppliesTo\":\"Rule-Access-Deny-Obj\",\"RequestRuleName\":\"LevelValues\"}" => HTTP 200 (36626 bytes)
[PegaHttpClient] 📡 POST https://zdk8budo.pegaacademy.net/prweb/api/CodeIntelligence/v1/rules/query?pxObjClass=Rule-HTML-Section&appliesTo=Rule-Access-Deny-Obj&pyRuleName=security21&RequestClass=Rule-HTML-Section&RequestAppliesTo=Rule-Access-Deny-Obj&RequestRuleName=security21 Payload: "{\"RequestClass\":\"Rule-HTML-Section\",\"RequestAppliesTo\":\"Rule-Access-Deny-Obj\",\"RequestRuleName\":\"security21\"}" => HTTP 200 (16202 bytes)
[PegaHttpClient] 📡 POST https://zdk8budo.pegaacademy.net/prweb/api/CodeIntelligence/v1/rules/query?pxObjClass=Rule-HTML-Section&appliesTo=Rule-Access-Deny-Obj&pyRuleName=pzSpecificationsInner&RequestClass=Rule-HTML-Section&RequestAppliesTo=Rule-Access-Deny-Obj&RequestRuleName=pzSpecificationsInner Payload: "{\"RequestClass\":\"Rule-HTML-Section\",\"RequestAppliesTo\":\"Rule-Access-Deny-Obj\",\"RequestRuleName\":\"pzSpecificationsInner\"}" => HTTP 200 (142370 bytes)
[PegaHttpClient] 📡 POST https://zdk8budo.pegaacademy.net/prweb/api/CodeIntelligence/v1/rules/query?pxObjClass=Rule-HTML-Section&appliesTo=Rule-Access-Deny-Obj&pyRuleName=pzAlternateRuleInfo&RequestClass=Rule-HTML-Section&RequestAppliesTo=Rule-Access-Deny-Obj&RequestRuleName=pzAlternateRuleInfo Payload: "{\"RequestClass\":\"Rule-HTML-Section\",\"RequestAppliesTo\":\"Rule-Access-Deny-Obj\",\"RequestRuleName\":\"pzAlternateRuleInfo\"}" => HTTP 200 (140407 bytes)
[PegaHttpClient] 📡 POST https://zdk8budo.pegaacademy.net/prweb/api/CodeIntelligence/v1/rules/query?pxObjClass=Rule-HTML-Section&appliesTo=Rule-Access-Deny-Obj&pyRuleName=RuleFormHistory_Description&RequestClass=Rule-HTML-Section&RequestAppliesTo=Rule-Access-Deny-Obj&RequestRuleName=RuleFormHistory_Description Payload: "{\"RequestClass\":\"Rule-HTML-Section\",\"RequestAppliesTo\":\"Rule-Access-Deny-Obj\",\"RequestRuleName\":\"RuleFormHistory_Description\"}" => HTTP 200 (46242 bytes)
[PegaHttpClient] 📡 POST https://zdk8budo.pegaacademy.net/prweb/api/CodeIntelligence/v1/rules/query?pxObjClass=Rule-HTML-Section&appliesTo=Rule-Access-Deny-Obj&pyRuleName=RuleFormHistory_CustomFields&RequestClass=Rule-HTML-Section&RequestAppliesTo=Rule-Access-Deny-Obj&RequestRuleName=RuleFormHistory_CustomFields Payload: "{\"RequestClass\":\"Rule-HTML-Section\",\"RequestAppliesTo\":\"Rule-Access-Deny-Obj\",\"RequestRuleName\":\"RuleFormHistory_CustomFields\"}" => HTTP 200 (75856 bytes)
[PegaHttpClient] 📡 POST https://zdk8budo.pegaacademy.net/prweb/api/CodeIntelligence/v1/rules/query?pxObjClass=Rule-HTML-Section&appliesTo=Rule-Access-Deny-Obj&pyRuleName=RuleFormHistory_HistoryDetails&RequestClass=Rule-HTML-Section&RequestAppliesTo=Rule-Access-Deny-Obj&RequestRuleName=RuleFormHistory_HistoryDetails Payload: "{\"RequestClass\":\"Rule-HTML-Section\",\"RequestAppliesTo\":\"Rule-Access-Deny-Obj\",\"RequestRuleName\":\"RuleFormHistory_HistoryDetails\"}" => HTTP 200 (179535 bytes)
[PegaHttpClient] 📡 POST https://zdk8budo.pegaacademy.net/prweb/api/CodeIntelligence/v1/rules/query?pxObjClass=Rule-HTML-Section&appliesTo=Rule-Access-Deny-Obj&pyRuleName=pzRuleFormStatus&RequestClass=Rule-HTML-Section&RequestAppliesTo=Rule-Access-Deny-Obj&RequestRuleName=pzRuleFormStatus Payload: "{\"RequestClass\":\"Rule-HTML-Section\",\"RequestAppliesTo\":\"Rule-Access-Deny-Obj\",\"RequestRuleName\":\"pzRuleFormStatus\"}" => HTTP 200 (97627 bytes)
[PegaHttpClient] 📡 POST https://zdk8budo.pegaacademy.net/prweb/api/CodeIntelligence/v1/rules/query?pxObjClass=Rule-HTML-Section&appliesTo=Rule-Access-Deny-Obj&pyRuleName=pzRuleFormHeaderCompareWithDropDown&RequestClass=Rule-HTML-Section&RequestAppliesTo=Rule-Access-Deny-Obj&RequestRuleName=pzRuleFormHeaderCompareWithDropDown Payload: "{\"RequestClass\":\"Rule-HTML-Section\",\"RequestAppliesTo\":\"Rule-Access-Deny-Obj\",\"RequestRuleName\":\"pzRuleFormHeaderCompareWithDropDown\"}" => HTTP 200 (25396 bytes)
[PegaHttpClient] 📡 POST https://zdk8budo.pegaacademy.net/prweb/api/CodeIntelligence/v1/rules/query?pxObjClass=Rule-HTML-Section&appliesTo=Rule-Access-Deny-Obj&pyRuleName=undefined&RequestClass=Rule-HTML-Section&RequestAppliesTo=Rule-Access-Deny-Obj&RequestRuleName=undefined Payload: "{\"RequestClass\":\"Rule-HTML-Section\",\"RequestAppliesTo\":\"Rule-Access-Deny-Obj\",\"RequestRuleName\":\"undefined\"}" => HTTP 404 (107 bytes)
[PegaHttpClient] 📡 POST https://zdk8budo.pegaacademy.net/prweb/PRRestService/CodeIntelligence/v1/rules/query?pxObjClass=Rule-HTML-Section&appliesTo=Rule-Access-Deny-Obj&pyRuleName=undefined&RequestClass=Rule-HTML-Section&RequestAppliesTo=Rule-Access-Deny-Obj&RequestRuleName=undefined Payload: "{\"RequestClass\":\"Rule-HTML-Section\",\"RequestAppliesTo\":\"Rule-Access-Deny-Obj\",\"RequestRuleName\":\"undefined\"}" => HTTP 404 (107 bytes)
[PegaHttpClient] 📡 POST https://zdk8budo.pegaacademy.net/prweb/api/HRAppsV2Service/V1/rules/query?pxObjClass=Rule-HTML-Section&appliesTo=Rule-Access-Deny-Obj&pyRuleName=undefined&RequestClass=Rule-HTML-Section&RequestAppliesTo=Rule-Access-Deny-Obj&RequestRuleName=undefined Payload: "{\"RequestClass\":\"Rule-HTML-Section\",\"RequestAppliesTo\":\"Rule-Access-Deny-Obj\",\"RequestRuleName\":\"undefined\"}" => HTTP 404 (18 bytes)
[PegaHttpClient] 📡 POST https://zdk8budo.pegaacademy.net/prweb/PRRestService/HRAppsV2Service/V1/rules/query?pxObjClass=Rule-HTML-Section&appliesTo=Rule-Access-Deny-Obj&pyRuleName=undefined&RequestClass=Rule-HTML-Section&RequestAppliesTo=Rule-Access-Deny-Obj&RequestRuleName=undefined Payload: "{\"RequestClass\":\"Rule-HTML-Section\",\"RequestAppliesTo\":\"Rule-Access-Deny-Obj\",\"RequestRuleName\":\"undefined\"}" => HTTP 404 (18 bytes)
[PegaHttpClient] 📡 POST https://zdk8budo.pegaacademy.net/prweb/api/HRAppsV2/V1/rules/query?pxObjClass=Rule-HTML-Section&appliesTo=Rule-Access-Deny-Obj&pyRuleName=undefined&RequestClass=Rule-HTML-Section&RequestAppliesTo=Rule-Access-Deny-Obj&RequestRuleName=undefined Payload: "{\"RequestClass\":\"Rule-HTML-Section\",\"RequestAppliesTo\":\"Rule-Access-Deny-Obj\",\"RequestRuleName\":\"undefined\"}" => HTTP 404 (18 bytes)
[PegaHttpClient] 📡 POST https://zdk8budo.pegaacademy.net/prweb/PRRestService/HRAppsV2/V1/rules/query?pxObjClass=Rule-HTML-Section&appliesTo=Rule-Access-Deny-Obj&pyRuleName=undefined&RequestClass=Rule-HTML-Section&RequestAppliesTo=Rule-Access-Deny-Obj&RequestRuleName=undefined Payload: "{\"RequestClass\":\"Rule-HTML-Section\",\"RequestAppliesTo\":\"Rule-Access-Deny-Obj\",\"RequestRuleName\":\"undefined\"}" => HTTP 404 (18 bytes)
[PegaHttpClient] 📡 POST https://zdk8budo.pegaacademy.net/prweb/api/v1/rules/query?pxObjClass=Rule-HTML-Section&appliesTo=Rule-Access-Deny-Obj&pyRuleName=undefined&RequestClass=Rule-HTML-Section&RequestAppliesTo=Rule-Access-Deny-Obj&RequestRuleName=undefined Payload: "{\"RequestClass\":\"Rule-HTML-Section\",\"RequestAppliesTo\":\"Rule-Access-Deny-Obj\",\"RequestRuleName\":\"undefined\"}" => HTTP 404 (18 bytes)
[PegaHttpClient] 📡 POST https://zdk8budo.pegaacademy.net/prweb/PRRestService/v1/rules/query?pxObjClass=Rule-HTML-Section&appliesTo=Rule-Access-Deny-Obj&pyRuleName=undefined&RequestClass=Rule-HTML-Section&RequestAppliesTo=Rule-Access-Deny-Obj&RequestRuleName=undefined Payload: "{\"RequestClass\":\"Rule-HTML-Section\",\"RequestAppliesTo\":\"Rule-Access-Deny-Obj\",\"RequestRuleName\":\"undefined\"}" => HTTP 404 (18 bytes)
[PegaHttpClient] 📡 POST https://zdk8budo.pegaacademy.net/prweb/api/CodeIntelligence/v1/rules/query?pxObjClass=Rule-HTML-Section&appliesTo=Rule-Access-Deny-Obj&pyRuleName=pzRuleFormToolbarHotKeys&RequestClass=Rule-HTML-Section&RequestAppliesTo=Rule-Access-Deny-Obj&RequestRuleName=pzRuleFormToolbarHotKeys Payload: "{\"RequestClass\":\"Rule-HTML-Section\",\"RequestAppliesTo\":\"Rule-Access-Deny-Obj\",\"RequestRuleName\":\"pzRuleFormToolbarHotKeys\"}" => HTTP 200 (85058 bytes)
[PegaHttpClient] 📡 POST https://zdk8budo.pegaacademy.net/prweb/api/CodeIntelligence/v1/rules/query?pxObjClass=Rule-HTML-Section&appliesTo=Rule-Access-Deny-Obj&pyRuleName=pzRuleFormToolbarLockedIcon&RequestClass=Rule-HTML-Section&RequestAppliesTo=Rule-Access-Deny-Obj&RequestRuleName=pzRuleFormToolbarLockedIcon Payload: "{\"RequestClass\":\"Rule-HTML-Section\",\"RequestAppliesTo\":\"Rule-Access-Deny-Obj\",\"RequestRuleName\":\"pzRuleFormToolbarLockedIcon\"}" => HTTP 200 (24898 bytes)
[PegaHttpClient] 📡 POST https://zdk8budo.pegaacademy.net/prweb/api/CodeIntelligence/v1/rules/query?pxObjClass=Rule-HTML-Section&appliesTo=Rule-Access-Deny-Obj&pyRuleName=pzRuleFormToolbarCollaborators&RequestClass=Rule-HTML-Section&RequestAppliesTo=Rule-Access-Deny-Obj&RequestRuleName=pzRuleFormToolbarCollaborators Payload: "{\"RequestClass\":\"Rule-HTML-Section\",\"RequestAppliesTo\":\"Rule-Access-Deny-Obj\",\"RequestRuleName\":\"pzRuleFormToolbarCollaborators\"}" => HTTP 200 (15254 bytes)
[PegaHttpClient] 📡 POST https://zdk8budo.pegaacademy.net/prweb/api/CodeIntelligence/v1/rules/query?pxObjClass=Rule-HTML-Section&appliesTo=Rule-Access-Deny-Obj&pyRuleName=pzRuleFormToolbarSaveAs&RequestClass=Rule-HTML-Section&RequestAppliesTo=Rule-Access-Deny-Obj&RequestRuleName=pzRuleFormToolbarSaveAs Payload: "{\"RequestClass\":\"Rule-HTML-Section\",\"RequestAppliesTo\":\"Rule-Access-Deny-Obj\",\"RequestRuleName\":\"pzRuleFormToolbarSaveAs\"}" => HTTP 200 (64084 bytes)
[PegaHttpClient] 📡 POST https://zdk8budo.pegaacademy.net/prweb/api/CodeIntelligence/v1/rules/query?pxObjClass=Rule-HTML-Section&appliesTo=Rule-Access-Deny-Obj&pyRuleName=pzRuleFormToolbarCheckin&RequestClass=Rule-HTML-Section&RequestAppliesTo=Rule-Access-Deny-Obj&RequestRuleName=pzRuleFormToolbarCheckin Payload: "{\"RequestClass\":\"Rule-HTML-Section\",\"RequestAppliesTo\":\"Rule-Access-Deny-Obj\",\"RequestRuleName\":\"pzRuleFormToolbarCheckin\"}" => HTTP 200 (119096 bytes)
[PegaHttpClient] 📡 POST https://zdk8budo.pegaacademy.net/prweb/api/CodeIntelligence/v1/rules/query?pxObjClass=Rule-HTML-Section&appliesTo=Rule-Access-Deny-Obj&pyRuleName=pzRuleFormToolbarDelete&RequestClass=Rule-HTML-Section&RequestAppliesTo=Rule-Access-Deny-Obj&RequestRuleName=pzRuleFormToolbarDelete Payload: "{\"RequestClass\":\"Rule-HTML-Section\",\"RequestAppliesTo\":\"Rule-Access-Deny-Obj\",\"RequestRuleName\":\"pzRuleFormToolbarDelete\"}" => HTTP 200 (30249 bytes)
[PegaHttpClient] 📡 POST https://zdk8budo.pegaacademy.net/prweb/api/CodeIntelligence/v1/rules/query?pxObjClass=Rule-HTML-Section&appliesTo=Rule-Access-Deny-Obj&pyRuleName=pzRuleFormToolbarSave&RequestClass=Rule-HTML-Section&RequestAppliesTo=Rule-Access-Deny-Obj&RequestRuleName=pzRuleFormToolbarSave Payload: "{\"RequestClass\":\"Rule-HTML-Section\",\"RequestAppliesTo\":\"Rule-Access-Deny-Obj\",\"RequestRuleName\":\"pzRuleFormToolbarSave\"}" => HTTP 200 (293885 bytes)
[PegaHttpClient] 📡 POST https://zdk8budo.pegaacademy.net/prweb/api/CodeIntelligence/v1/rules/query?pxObjClass=Rule-HTML-Section&appliesTo=Rule-Access-Deny-Obj&pyRuleName=pzRuleFormToolbarCheckout&RequestClass=Rule-HTML-Section&RequestAppliesTo=Rule-Access-Deny-Obj&RequestRuleName=pzRuleFormToolbarCheckout Payload: "{\"RequestClass\":\"Rule-HTML-Section\",\"RequestAppliesTo\":\"Rule-Access-Deny-Obj\",\"RequestRuleName\":\"pzRuleFormToolbarCheckout\"}" => HTTP 200 (238148 bytes)
[PegaHttpClient] 📡 POST https://zdk8budo.pegaacademy.net/prweb/api/CodeIntelligence/v1/rules/query?pxObjClass=Rule-HTML-Section&appliesTo=Rule-Access-Deny-Obj&pyRuleName=pzRemoveErrorsDataPage&RequestClass=Rule-HTML-Section&RequestAppliesTo=Rule-Access-Deny-Obj&RequestRuleName=pzRemoveErrorsDataPage Payload: "{\"RequestClass\":\"Rule-HTML-Section\",\"RequestAppliesTo\":\"Rule-Access-Deny-Obj\",\"RequestRuleName\":\"pzRemoveErrorsDataPage\"}" => HTTP 200 (16733 bytes)
[PegaHttpClient] 📡 POST https://zdk8budo.pegaacademy.net/prweb/api/CodeIntelligence/v1/rules/query?pxObjClass=Rule-HTML-Section&appliesTo=Rule-Access-Deny-Obj&pyRuleName=pzRuleFormHeaderMessagesWrapper&RequestClass=Rule-HTML-Section&RequestAppliesTo=Rule-Access-Deny-Obj&RequestRuleName=pzRuleFormHeaderMessagesWrapper Payload: "{\"RequestClass\":\"Rule-HTML-Section\",\"RequestAppliesTo\":\"Rule-Access-Deny-Obj\",\"RequestRuleName\":\"pzRuleFormHeaderMessagesWrapper\"}" => HTTP 200 (16981 bytes)
[PegaHttpClient] 📡 POST https://zdk8budo.pegaacademy.net/prweb/api/CodeIntelligence/v1/rules/query?pxObjClass=Rule-HTML-Section&appliesTo=Rule-Access-Deny-Obj&pyRuleName=pzSpecificationName&RequestClass=Rule-HTML-Section&RequestAppliesTo=Rule-Access-Deny-Obj&RequestRuleName=pzSpecificationName Payload: "{\"RequestClass\":\"Rule-HTML-Section\",\"RequestAppliesTo\":\"Rule-Access-Deny-Obj\",\"RequestRuleName\":\"pzSpecificationName\"}" => HTTP 404 (117 bytes)
[PegaHttpClient] 📡 POST https://zdk8budo.pegaacademy.net/prweb/PRRestService/CodeIntelligence/v1/rules/query?pxObjClass=Rule-HTML-Section&appliesTo=Rule-Access-Deny-Obj&pyRuleName=pzSpecificationName&RequestClass=Rule-HTML-Section&RequestAppliesTo=Rule-Access-Deny-Obj&RequestRuleName=pzSpecificationName Payload: "{\"RequestClass\":\"Rule-HTML-Section\",\"RequestAppliesTo\":\"Rule-Access-Deny-Obj\",\"RequestRuleName\":\"pzSpecificationName\"}" => HTTP 404 (117 bytes)
[PegaHttpClient] 📡 POST https://zdk8budo.pegaacademy.net/prweb/api/HRAppsV2Service/V1/rules/query?pxObjClass=Rule-HTML-Section&appliesTo=Rule-Access-Deny-Obj&pyRuleName=pzSpecificationName&RequestClass=Rule-HTML-Section&RequestAppliesTo=Rule-Access-Deny-Obj&RequestRuleName=pzSpecificationName Payload: "{\"RequestClass\":\"Rule-HTML-Section\",\"RequestAppliesTo\":\"Rule-Access-Deny-Obj\",\"RequestRuleName\":\"pzSpecificationName\"}" => HTTP 404 (18 bytes)
[PegaHttpClient] 📡 POST https://zdk8budo.pegaacademy.net/prweb/PRRestService/HRAppsV2Service/V1/rules/query?pxObjClass=Rule-HTML-Section&appliesTo=Rule-Access-Deny-Obj&pyRuleName=pzSpecificationName&RequestClass=Rule-HTML-Section&RequestAppliesTo=Rule-Access-Deny-Obj&RequestRuleName=pzSpecificationName Payload: "{\"RequestClass\":\"Rule-HTML-Section\",\"RequestAppliesTo\":\"Rule-Access-Deny-Obj\",\"RequestRuleName\":\"pzSpecificationName\"}" => HTTP 404 (18 bytes)
[PegaHttpClient] 📡 POST https://zdk8budo.pegaacademy.net/prweb/api/HRAppsV2/V1/rules/query?pxObjClass=Rule-HTML-Section&appliesTo=Rule-Access-Deny-Obj&pyRuleName=pzSpecificationName&RequestClass=Rule-HTML-Section&RequestAppliesTo=Rule-Access-Deny-Obj&RequestRuleName=pzSpecificationName Payload: "{\"RequestClass\":\"Rule-HTML-Section\",\"RequestAppliesTo\":\"Rule-Access-Deny-Obj\",\"RequestRuleName\":\"pzSpecificationName\"}" => HTTP 404 (18 bytes)
[PegaHttpClient] 📡 POST https://zdk8budo.pegaacademy.net/prweb/PRRestService/HRAppsV2/V1/rules/query?pxObjClass=Rule-HTML-Section&appliesTo=Rule-Access-Deny-Obj&pyRuleName=pzSpecificationName&RequestClass=Rule-HTML-Section&RequestAppliesTo=Rule-Access-Deny-Obj&RequestRuleName=pzSpecificationName Payload: "{\"RequestClass\":\"Rule-HTML-Section\",\"RequestAppliesTo\":\"Rule-Access-Deny-Obj\",\"RequestRuleName\":\"pzSpecificationName\"}" => HTTP 404 (18 bytes)
[PegaHttpClient] 📡 POST https://zdk8budo.pegaacademy.net/prweb/api/v1/rules/query?pxObjClass=Rule-HTML-Section&appliesTo=Rule-Access-Deny-Obj&pyRuleName=pzSpecificationName&RequestClass=Rule-HTML-Section&RequestAppliesTo=Rule-Access-Deny-Obj&RequestRuleName=pzSpecificationName Payload: "{\"RequestClass\":\"Rule-HTML-Section\",\"RequestAppliesTo\":\"Rule-Access-Deny-Obj\",\"RequestRuleName\":\"pzSpecificationName\"}" => HTTP 404 (18 bytes)
[PegaHttpClient] 📡 POST https://zdk8budo.pegaacademy.net/prweb/PRRestService/v1/rules/query?pxObjClass=Rule-HTML-Section&appliesTo=Rule-Access-Deny-Obj&pyRuleName=pzSpecificationName&RequestClass=Rule-HTML-Section&RequestAppliesTo=Rule-Access-Deny-Obj&RequestRuleName=pzSpecificationName Payload: "{\"RequestClass\":\"Rule-HTML-Section\",\"RequestAppliesTo\":\"Rule-Access-Deny-Obj\",\"RequestRuleName\":\"pzSpecificationName\"}" => HTTP 404 (18 bytes)
[PegaHttpClient] 📡 POST https://zdk8budo.pegaacademy.net/prweb/api/CodeIntelligence/v1/rules/query?pxObjClass=Rule-HTML-Section&appliesTo=Rule-Access-Deny-Obj&pyRuleName=pzScm_RuleHistory&RequestClass=Rule-HTML-Section&RequestAppliesTo=Rule-Access-Deny-Obj&RequestRuleName=pzScm_RuleHistory Payload: "{\"RequestClass\":\"Rule-HTML-Section\",\"RequestAppliesTo\":\"Rule-Access-Deny-Obj\",\"RequestRuleName\":\"pzScm_RuleHistory\"}" => HTTP 200 (14682 bytes)
[PegaHttpClient] 📡 POST https://zdk8budo.pegaacademy.net/prweb/api/CodeIntelligence/v1/rules/query?pxObjClass=Rule-HTML-Section&appliesTo=Rule-Access-Deny-Obj&pyRuleName=pxDisplayCollaborators&RequestClass=Rule-HTML-Section&RequestAppliesTo=Rule-Access-Deny-Obj&RequestRuleName=pxDisplayCollaborators Payload: "{\"RequestClass\":\"Rule-HTML-Section\",\"RequestAppliesTo\":\"Rule-Access-Deny-Obj\",\"RequestRuleName\":\"pxDisplayCollaborators\"}" => HTTP 200 (94171 bytes)
[PegaHttpClient] 📡 POST https://zdk8budo.pegaacademy.net/prweb/api/CodeIntelligence/v1/rules/query?pxObjClass=Rule-HTML-Section&appliesTo=Rule-Access-Deny-Obj&pyRuleName=pzRuleFormToolbarDeleteCheckOut&RequestClass=Rule-HTML-Section&RequestAppliesTo=Rule-Access-Deny-Obj&RequestRuleName=pzRuleFormToolbarDeleteCheckOut Payload: "{\"RequestClass\":\"Rule-HTML-Section\",\"RequestAppliesTo\":\"Rule-Access-Deny-Obj\",\"RequestRuleName\":\"pzRuleFormToolbarDeleteCheckOut\"}" => HTTP 200 (29433 bytes)
[PegaHttpClient] 📡 POST https://zdk8budo.pegaacademy.net/prweb/api/CodeIntelligence/v1/rules/query?pxObjClass=Rule-HTML-Section&appliesTo=Rule-Access-Deny-Obj&pyRuleName=pzRuleFormToolbarDeleteRule&RequestClass=Rule-HTML-Section&RequestAppliesTo=Rule-Access-Deny-Obj&RequestRuleName=pzRuleFormToolbarDeleteRule Payload: "{\"RequestClass\":\"Rule-HTML-Section\",\"RequestAppliesTo\":\"Rule-Access-Deny-Obj\",\"RequestRuleName\":\"pzRuleFormToolbarDeleteRule\"}" => HTTP 200 (32314 bytes)
[PegaHttpClient] 📡 POST https://zdk8budo.pegaacademy.net/prweb/api/CodeIntelligence/v1/rules/query?pxObjClass=Rule-HTML-Section&appliesTo=Rule-Access-Deny-Obj&pyRuleName=pzLoadCollaborationScripts&RequestClass=Rule-HTML-Section&RequestAppliesTo=Rule-Access-Deny-Obj&RequestRuleName=pzLoadCollaborationScripts Payload: "{\"RequestClass\":\"Rule-HTML-Section\",\"RequestAppliesTo\":\"Rule-Access-Deny-Obj\",\"RequestRuleName\":\"pzLoadCollaborationScripts\"}" => HTTP 200 (23453 bytes)
[PegaHttpClient] 📡 POST https://zdk8budo.pegaacademy.net/prweb/api/CodeIntelligence/v1/rules/query?pxObjClass=Rule-HTML-Section&appliesTo=Rule-Access-Deny-Obj&pyRuleName=pzDisplayCollaboratorsList&RequestClass=Rule-HTML-Section&RequestAppliesTo=Rule-Access-Deny-Obj&RequestRuleName=pzDisplayCollaboratorsList Payload: "{\"RequestClass\":\"Rule-HTML-Section\",\"RequestAppliesTo\":\"Rule-Access-Deny-Obj\",\"RequestRuleName\":\"pzDisplayCollaboratorsList\"}" => HTTP 200 (105418 bytes)
[PegaHttpClient] 📡 POST https://zdk8budo.pegaacademy.net/prweb/api/CodeIntelligence/v1/rules/query?pxObjClass=Rule-HTML-Section&appliesTo=Rule-Access-Deny-Obj&pyRuleName=pyCollaborator&RequestClass=Rule-HTML-Section&RequestAppliesTo=Rule-Access-Deny-Obj&RequestRuleName=pyCollaborator Payload: "{\"RequestClass\":\"Rule-HTML-Section\",\"RequestAppliesTo\":\"Rule-Access-Deny-Obj\",\"RequestRuleName\":\"pyCollaborator\"}" => HTTP 404 (112 bytes)
[PegaHttpClient] 📡 POST https://zdk8budo.pegaacademy.net/prweb/PRRestService/CodeIntelligence/v1/rules/query?pxObjClass=Rule-HTML-Section&appliesTo=Rule-Access-Deny-Obj&pyRuleName=pyCollaborator&RequestClass=Rule-HTML-Section&RequestAppliesTo=Rule-Access-Deny-Obj&RequestRuleName=pyCollaborator Payload: "{\"RequestClass\":\"Rule-HTML-Section\",\"RequestAppliesTo\":\"Rule-Access-Deny-Obj\",\"RequestRuleName\":\"pyCollaborator\"}" => HTTP 404 (112 bytes)
[PegaHttpClient] 📡 POST https://zdk8budo.pegaacademy.net/prweb/api/HRAppsV2Service/V1/rules/query?pxObjClass=Rule-HTML-Section&appliesTo=Rule-Access-Deny-Obj&pyRuleName=pyCollaborator&RequestClass=Rule-HTML-Section&RequestAppliesTo=Rule-Access-Deny-Obj&RequestRuleName=pyCollaborator Payload: "{\"RequestClass\":\"Rule-HTML-Section\",\"RequestAppliesTo\":\"Rule-Access-Deny-Obj\",\"RequestRuleName\":\"pyCollaborator\"}" => HTTP 404 (18 bytes)
[PegaHttpClient] 📡 POST https://zdk8budo.pegaacademy.net/prweb/PRRestService/HRAppsV2Service/V1/rules/query?pxObjClass=Rule-HTML-Section&appliesTo=Rule-Access-Deny-Obj&pyRuleName=pyCollaborator&RequestClass=Rule-HTML-Section&RequestAppliesTo=Rule-Access-Deny-Obj&RequestRuleName=pyCollaborator Payload: "{\"RequestClass\":\"Rule-HTML-Section\",\"RequestAppliesTo\":\"Rule-Access-Deny-Obj\",\"RequestRuleName\":\"pyCollaborator\"}" => HTTP 404 (18 bytes)
[PegaHttpClient] 📡 POST https://zdk8budo.pegaacademy.net/prweb/api/HRAppsV2/V1/rules/query?pxObjClass=Rule-HTML-Section&appliesTo=Rule-Access-Deny-Obj&pyRuleName=pyCollaborator&RequestClass=Rule-HTML-Section&RequestAppliesTo=Rule-Access-Deny-Obj&RequestRuleName=pyCollaborator Payload: "{\"RequestClass\":\"Rule-HTML-Section\",\"RequestAppliesTo\":\"Rule-Access-Deny-Obj\",\"RequestRuleName\":\"pyCollaborator\"}" => HTTP 404 (18 bytes)
[PegaHttpClient] 📡 POST https://zdk8budo.pegaacademy.net/prweb/PRRestService/HRAppsV2/V1/rules/query?pxObjClass=Rule-HTML-Section&appliesTo=Rule-Access-Deny-Obj&pyRuleName=pyCollaborator&RequestClass=Rule-HTML-Section&RequestAppliesTo=Rule-Access-Deny-Obj&RequestRuleName=pyCollaborator Payload: "{\"RequestClass\":\"Rule-HTML-Section\",\"RequestAppliesTo\":\"Rule-Access-Deny-Obj\",\"RequestRuleName\":\"pyCollaborator\"}" => HTTP 404 (18 bytes)
[PegaHttpClient] 📡 POST https://zdk8budo.pegaacademy.net/prweb/api/v1/rules/query?pxObjClass=Rule-HTML-Section&appliesTo=Rule-Access-Deny-Obj&pyRuleName=pyCollaborator&RequestClass=Rule-HTML-Section&RequestAppliesTo=Rule-Access-Deny-Obj&RequestRuleName=pyCollaborator Payload: "{\"RequestClass\":\"Rule-HTML-Section\",\"RequestAppliesTo\":\"Rule-Access-Deny-Obj\",\"RequestRuleName\":\"pyCollaborator\"}" => HTTP 404 (18 bytes)
[PegaHttpClient] 📡 POST https://zdk8budo.pegaacademy.net/prweb/PRRestService/v1/rules/query?pxObjClass=Rule-HTML-Section&appliesTo=Rule-Access-Deny-Obj&pyRuleName=pyCollaborator&RequestClass=Rule-HTML-Section&RequestAppliesTo=Rule-Access-Deny-Obj&RequestRuleName=pyCollaborator Payload: "{\"RequestClass\":\"Rule-HTML-Section\",\"RequestAppliesTo\":\"Rule-Access-Deny-Obj\",\"RequestRuleName\":\"pyCollaborator\"}" => HTTP 404 (18 bytes)
[PegaHttpClient] 📡 POST https://zdk8budo.pegaacademy.net/prweb/api/CodeIntelligence/v1/rules/query?pxObjClass=Rule-HTML-Section&appliesTo=Rule-Access-Deny-Obj&pyRuleName=pzDisplayPartialCount&RequestClass=Rule-HTML-Section&RequestAppliesTo=Rule-Access-Deny-Obj&RequestRuleName=pzDisplayPartialCount Payload: "{\"RequestClass\":\"Rule-HTML-Section\",\"RequestAppliesTo\":\"Rule-Access-Deny-Obj\",\"RequestRuleName\":\"pzDisplayPartialCount\"}" => HTTP 404 (119 bytes)
[PegaHttpClient] 📡 POST https://zdk8budo.pegaacademy.net/prweb/PRRestService/CodeIntelligence/v1/rules/query?pxObjClass=Rule-HTML-Section&appliesTo=Rule-Access-Deny-Obj&pyRuleName=pzDisplayPartialCount&RequestClass=Rule-HTML-Section&RequestAppliesTo=Rule-Access-Deny-Obj&RequestRuleName=pzDisplayPartialCount Payload: "{\"RequestClass\":\"Rule-HTML-Section\",\"RequestAppliesTo\":\"Rule-Access-Deny-Obj\",\"RequestRuleName\":\"pzDisplayPartialCount\"}" => HTTP 404 (119 bytes)
[PegaHttpClient] 📡 POST https://zdk8budo.pegaacademy.net/prweb/api/HRAppsV2Service/V1/rules/query?pxObjClass=Rule-HTML-Section&appliesTo=Rule-Access-Deny-Obj&pyRuleName=pzDisplayPartialCount&RequestClass=Rule-HTML-Section&RequestAppliesTo=Rule-Access-Deny-Obj&RequestRuleName=pzDisplayPartialCount Payload: "{\"RequestClass\":\"Rule-HTML-Section\",\"RequestAppliesTo\":\"Rule-Access-Deny-Obj\",\"RequestRuleName\":\"pzDisplayPartialCount\"}" => HTTP 404 (18 bytes)
[PegaHttpClient] 📡 POST https://zdk8budo.pegaacademy.net/prweb/PRRestService/HRAppsV2Service/V1/rules/query?pxObjClass=Rule-HTML-Section&appliesTo=Rule-Access-Deny-Obj&pyRuleName=pzDisplayPartialCount&RequestClass=Rule-HTML-Section&RequestAppliesTo=Rule-Access-Deny-Obj&RequestRuleName=pzDisplayPartialCount Payload: "{\"RequestClass\":\"Rule-HTML-Section\",\"RequestAppliesTo\":\"Rule-Access-Deny-Obj\",\"RequestRuleName\":\"pzDisplayPartialCount\"}" => HTTP 404 (18 bytes)
[PegaHttpClient] 📡 POST https://zdk8budo.pegaacademy.net/prweb/api/HRAppsV2/V1/rules/query?pxObjClass=Rule-HTML-Section&appliesTo=Rule-Access-Deny-Obj&pyRuleName=pzDisplayPartialCount&RequestClass=Rule-HTML-Section&RequestAppliesTo=Rule-Access-Deny-Obj&RequestRuleName=pzDisplayPartialCount Payload: "{\"RequestClass\":\"Rule-HTML-Section\",\"RequestAppliesTo\":\"Rule-Access-Deny-Obj\",\"RequestRuleName\":\"pzDisplayPartialCount\"}" => HTTP 404 (18 bytes)
[PegaHttpClient] 📡 POST https://zdk8budo.pegaacademy.net/prweb/PRRestService/HRAppsV2/V1/rules/query?pxObjClass=Rule-HTML-Section&appliesTo=Rule-Access-Deny-Obj&pyRuleName=pzDisplayPartialCount&RequestClass=Rule-HTML-Section&RequestAppliesTo=Rule-Access-Deny-Obj&RequestRuleName=pzDisplayPartialCount Payload: "{\"RequestClass\":\"Rule-HTML-Section\",\"RequestAppliesTo\":\"Rule-Access-Deny-Obj\",\"RequestRuleName\":\"pzDisplayPartialCount\"}" => HTTP 404 (18 bytes)
[PegaHttpClient] 📡 POST https://zdk8budo.pegaacademy.net/prweb/api/v1/rules/query?pxObjClass=Rule-HTML-Section&appliesTo=Rule-Access-Deny-Obj&pyRuleName=pzDisplayPartialCount&RequestClass=Rule-HTML-Section&RequestAppliesTo=Rule-Access-Deny-Obj&RequestRuleName=pzDisplayPartialCount Payload: "{\"RequestClass\":\"Rule-HTML-Section\",\"RequestAppliesTo\":\"Rule-Access-Deny-Obj\",\"RequestRuleName\":\"pzDisplayPartialCount\"}" => HTTP 404 (18 bytes)
[PegaHttpClient] 📡 POST https://zdk8budo.pegaacademy.net/prweb/PRRestService/v1/rules/query?pxObjClass=Rule-HTML-Section&appliesTo=Rule-Access-Deny-Obj&pyRuleName=pzDisplayPartialCount&RequestClass=Rule-HTML-Section&RequestAppliesTo=Rule-Access-Deny-Obj&RequestRuleName=pzDisplayPartialCount Payload: "{\"RequestClass\":\"Rule-HTML-Section\",\"RequestAppliesTo\":\"Rule-Access-Deny-Obj\",\"RequestRuleName\":\"pzDisplayPartialCount\"}" => HTTP 404 (18 bytes)
[SchemaGen] ✅ Schema written for Rule-Access-Deny-Obj
[PegaHttpClient] 📡 GET https://zdk8budo.pegaacademy.net/prweb/api/CodeIntelligence/v1/rules/RULE-HTML-HARNESS%20RULE-ACCESS-CSP%20RULEFORM%20%2320180713T135118.788%20GMT => HTTP 200 (46351 bytes)
[PegaHttpClient] 📡 POST https://zdk8budo.pegaacademy.net/prweb/api/CodeIntelligence/v1/rules/query?pxObjClass=Rule-HTML-Section&appliesTo=Rule-Access-CSP&pyRuleName=RuleFormMain&RequestClass=Rule-HTML-Section&RequestAppliesTo=Rule-Access-CSP&RequestRuleName=RuleFormMain Payload: "{\"RequestClass\":\"Rule-HTML-Section\",\"RequestAppliesTo\":\"Rule-Access-CSP\",\"RequestRuleName\":\"RuleFormMain\"}" => HTTP 200 (156234 bytes)
[PegaHttpClient] 📡 POST https://zdk8budo.pegaacademy.net/prweb/api/CodeIntelligence/v1/rules/query?pxObjClass=Rule-HTML-Section&appliesTo=Rule-Access-CSP&pyRuleName=pxAlternateRuleForm&RequestClass=Rule-HTML-Section&RequestAppliesTo=Rule-Access-CSP&RequestRuleName=pxAlternateRuleForm Payload: "{\"RequestClass\":\"Rule-HTML-Section\",\"RequestAppliesTo\":\"Rule-Access-CSP\",\"RequestRuleName\":\"pxAlternateRuleForm\"}" => HTTP 200 (66153 bytes)
[PegaHttpClient] 📡 POST https://zdk8budo.pegaacademy.net/prweb/api/CodeIntelligence/v1/rules/query?pxObjClass=Rule-HTML-Section&appliesTo=Rule-Access-CSP&pyRuleName=pzRuleFormScripts&RequestClass=Rule-HTML-Section&RequestAppliesTo=Rule-Access-CSP&RequestRuleName=pzRuleFormScripts Payload: "{\"RequestClass\":\"Rule-HTML-Section\",\"RequestAppliesTo\":\"Rule-Access-CSP\",\"RequestRuleName\":\"pzRuleFormScripts\"}" => HTTP 200 (40822 bytes)
[PegaHttpClient] 📡 POST https://zdk8budo.pegaacademy.net/prweb/api/CodeIntelligence/v1/rules/query?pxObjClass=Rule-HTML-Section&appliesTo=Rule-Access-CSP&pyRuleName=pzRuleFormLayoutDelegated&RequestClass=Rule-HTML-Section&RequestAppliesTo=Rule-Access-CSP&RequestRuleName=pzRuleFormLayoutDelegated Payload: "{\"RequestClass\":\"Rule-HTML-Section\",\"RequestAppliesTo\":\"Rule-Access-CSP\",\"RequestRuleName\":\"pzRuleFormLayoutDelegated\"}" => HTTP 200 (70998 bytes)
[PegaHttpClient] 📡 POST https://zdk8budo.pegaacademy.net/prweb/api/CodeIntelligence/v1/rules/query?pxObjClass=Rule-HTML-Section&appliesTo=Rule-Access-CSP&pyRuleName=RuleFormLayout&RequestClass=Rule-HTML-Section&RequestAppliesTo=Rule-Access-CSP&RequestRuleName=RuleFormLayout Payload: "{\"RequestClass\":\"Rule-HTML-Section\",\"RequestAppliesTo\":\"Rule-Access-CSP\",\"RequestRuleName\":\"RuleFormLayout\"}" => HTTP 200 (45855 bytes)
[PegaHttpClient] 📡 POST https://zdk8budo.pegaacademy.net/prweb/api/CodeIntelligence/v1/rules/query?pxObjClass=Rule-HTML-Section&appliesTo=Rule-Access-CSP&pyRuleName=RuleFormSettings&RequestClass=Rule-HTML-Section&RequestAppliesTo=Rule-Access-CSP&RequestRuleName=RuleFormSettings Payload: "{\"RequestClass\":\"Rule-HTML-Section\",\"RequestAppliesTo\":\"Rule-Access-CSP\",\"RequestRuleName\":\"RuleFormSettings\"}" => HTTP 200 (20540 bytes)
[PegaHttpClient] 📡 POST https://zdk8budo.pegaacademy.net/prweb/api/CodeIntelligence/v1/rules/query?pxObjClass=Rule-HTML-Section&appliesTo=Rule-Access-CSP&pyRuleName=OpenAuthoring&RequestClass=Rule-HTML-Section&RequestAppliesTo=Rule-Access-CSP&RequestRuleName=OpenAuthoring Payload: "{\"RequestClass\":\"Rule-HTML-Section\",\"RequestAppliesTo\":\"Rule-Access-CSP\",\"RequestRuleName\":\"OpenAuthoring\"}" => HTTP 200 (23695 bytes)
[PegaHttpClient] 📡 POST https://zdk8budo.pegaacademy.net/prweb/api/CodeIntelligence/v1/rules/query?pxObjClass=Rule-HTML-Section&appliesTo=Rule-Access-CSP&pyRuleName=pyCustomHelp&RequestClass=Rule-HTML-Section&RequestAppliesTo=Rule-Access-CSP&RequestRuleName=pyCustomHelp Payload: "{\"RequestClass\":\"Rule-HTML-Section\",\"RequestAppliesTo\":\"Rule-Access-CSP\",\"RequestRuleName\":\"pyCustomHelp\"}" => HTTP 200 (17256 bytes)
[PegaHttpClient] 📡 POST https://zdk8budo.pegaacademy.net/prweb/api/CodeIntelligence/v1/rules/query?pxObjClass=Rule-HTML-Section&appliesTo=Rule-Access-CSP&pyRuleName=pzRuleformMainInclude&RequestClass=Rule-HTML-Section&RequestAppliesTo=Rule-Access-CSP&RequestRuleName=pzRuleformMainInclude Payload: "{\"RequestClass\":\"Rule-HTML-Section\",\"RequestAppliesTo\":\"Rule-Access-CSP\",\"RequestRuleName\":\"pzRuleformMainInclude\"}" => HTTP 200 (22375 bytes)
[PegaHttpClient] 📡 POST https://zdk8budo.pegaacademy.net/prweb/api/CodeIntelligence/v1/rules/query?pxObjClass=Rule-HTML-Section&appliesTo=Rule-Access-CSP&pyRuleName=pyAlternativeRuleFormStrategicAppExtension&RequestClass=Rule-HTML-Section&RequestAppliesTo=Rule-Access-CSP&RequestRuleName=pyAlternativeRuleFormStrategicAppExtension Payload: "{\"RequestClass\":\"Rule-HTML-Section\",\"RequestAppliesTo\":\"Rule-Access-CSP\",\"RequestRuleName\":\"pyAlternativeRuleFormStrategicAppExtension\"}" => HTTP 200 (25042 bytes)
[PegaHttpClient] 📡 POST https://zdk8budo.pegaacademy.net/prweb/api/CodeIntelligence/v1/rules/query?pxObjClass=Rule-HTML-Section&appliesTo=Rule-Access-CSP&pyRuleName=pyAlternativeRuleFormExtension&RequestClass=Rule-HTML-Section&RequestAppliesTo=Rule-Access-CSP&RequestRuleName=pyAlternativeRuleFormExtension Payload: "{\"RequestClass\":\"Rule-HTML-Section\",\"RequestAppliesTo\":\"Rule-Access-CSP\",\"RequestRuleName\":\"pyAlternativeRuleFormExtension\"}" => HTTP 200 (24863 bytes)
[PegaHttpClient] 📡 POST https://zdk8budo.pegaacademy.net/prweb/api/CodeIntelligence/v1/rules/query?pxObjClass=Rule-HTML-Section&appliesTo=Rule-Access-CSP&pyRuleName=RuleFormHeader&RequestClass=Rule-HTML-Section&RequestAppliesTo=Rule-Access-CSP&RequestRuleName=RuleFormHeader Payload: "{\"RequestClass\":\"Rule-HTML-Section\",\"RequestAppliesTo\":\"Rule-Access-CSP\",\"RequestRuleName\":\"RuleFormHeader\"}" => HTTP 200 (183800 bytes)
[PegaHttpClient] 📡 POST https://zdk8budo.pegaacademy.net/prweb/api/CodeIntelligence/v1/rules/query?pxObjClass=Rule-HTML-Section&appliesTo=Rule-Access-CSP&pyRuleName=pzDelegationExperience&RequestClass=Rule-HTML-Section&RequestAppliesTo=Rule-Access-CSP&RequestRuleName=pzDelegationExperience Payload: "{\"RequestClass\":\"Rule-HTML-Section\",\"RequestAppliesTo\":\"Rule-Access-CSP\",\"RequestRuleName\":\"pzDelegationExperience\"}" => HTTP 404 (115 bytes)
[PegaHttpClient] 📡 POST https://zdk8budo.pegaacademy.net/prweb/PRRestService/CodeIntelligence/v1/rules/query?pxObjClass=Rule-HTML-Section&appliesTo=Rule-Access-CSP&pyRuleName=pzDelegationExperience&RequestClass=Rule-HTML-Section&RequestAppliesTo=Rule-Access-CSP&RequestRuleName=pzDelegationExperience Payload: "{\"RequestClass\":\"Rule-HTML-Section\",\"RequestAppliesTo\":\"Rule-Access-CSP\",\"RequestRuleName\":\"pzDelegationExperience\"}" => HTTP 404 (115 bytes)
[PegaHttpClient] 📡 POST https://zdk8budo.pegaacademy.net/prweb/api/HRAppsV2Service/V1/rules/query?pxObjClass=Rule-HTML-Section&appliesTo=Rule-Access-CSP&pyRuleName=pzDelegationExperience&RequestClass=Rule-HTML-Section&RequestAppliesTo=Rule-Access-CSP&RequestRuleName=pzDelegationExperience Payload: "{\"RequestClass\":\"Rule-HTML-Section\",\"RequestAppliesTo\":\"Rule-Access-CSP\",\"RequestRuleName\":\"pzDelegationExperience\"}" => HTTP 404 (18 bytes)
[PegaHttpClient] 📡 POST https://zdk8budo.pegaacademy.net/prweb/PRRestService/HRAppsV2Service/V1/rules/query?pxObjClass=Rule-HTML-Section&appliesTo=Rule-Access-CSP&pyRuleName=pzDelegationExperience&RequestClass=Rule-HTML-Section&RequestAppliesTo=Rule-Access-CSP&RequestRuleName=pzDelegationExperience Payload: "{\"RequestClass\":\"Rule-HTML-Section\",\"RequestAppliesTo\":\"Rule-Access-CSP\",\"RequestRuleName\":\"pzDelegationExperience\"}" => HTTP 404 (18 bytes)
[PegaHttpClient] 📡 POST https://zdk8budo.pegaacademy.net/prweb/api/HRAppsV2/V1/rules/query?pxObjClass=Rule-HTML-Section&appliesTo=Rule-Access-CSP&pyRuleName=pzDelegationExperience&RequestClass=Rule-HTML-Section&RequestAppliesTo=Rule-Access-CSP&RequestRuleName=pzDelegationExperience Payload: "{\"RequestClass\":\"Rule-HTML-Section\",\"RequestAppliesTo\":\"Rule-Access-CSP\",\"RequestRuleName\":\"pzDelegationExperience\"}" => HTTP 404 (18 bytes)
[PegaHttpClient] 📡 POST https://zdk8budo.pegaacademy.net/prweb/PRRestService/HRAppsV2/V1/rules/query?pxObjClass=Rule-HTML-Section&appliesTo=Rule-Access-CSP&pyRuleName=pzDelegationExperience&RequestClass=Rule-HTML-Section&RequestAppliesTo=Rule-Access-CSP&RequestRuleName=pzDelegationExperience Payload: "{\"RequestClass\":\"Rule-HTML-Section\",\"RequestAppliesTo\":\"Rule-Access-CSP\",\"RequestRuleName\":\"pzDelegationExperience\"}" => HTTP 404 (18 bytes)
[PegaHttpClient] 📡 POST https://zdk8budo.pegaacademy.net/prweb/api/v1/rules/query?pxObjClass=Rule-HTML-Section&appliesTo=Rule-Access-CSP&pyRuleName=pzDelegationExperience&RequestClass=Rule-HTML-Section&RequestAppliesTo=Rule-Access-CSP&RequestRuleName=pzDelegationExperience Payload: "{\"RequestClass\":\"Rule-HTML-Section\",\"RequestAppliesTo\":\"Rule-Access-CSP\",\"RequestRuleName\":\"pzDelegationExperience\"}" => HTTP 404 (18 bytes)
[PegaHttpClient] 📡 POST https://zdk8budo.pegaacademy.net/prweb/PRRestService/v1/rules/query?pxObjClass=Rule-HTML-Section&appliesTo=Rule-Access-CSP&pyRuleName=pzDelegationExperience&RequestClass=Rule-HTML-Section&RequestAppliesTo=Rule-Access-CSP&RequestRuleName=pzDelegationExperience Payload: "{\"RequestClass\":\"Rule-HTML-Section\",\"RequestAppliesTo\":\"Rule-Access-CSP\",\"RequestRuleName\":\"pzDelegationExperience\"}" => HTTP 404 (18 bytes)
[PegaHttpClient] 📡 POST https://zdk8budo.pegaacademy.net/prweb/api/CodeIntelligence/v1/rules/query?pxObjClass=Rule-HTML-Section&appliesTo=Rule-Access-CSP&pyRuleName=pzPolicyDefinition&RequestClass=Rule-HTML-Section&RequestAppliesTo=Rule-Access-CSP&RequestRuleName=pzPolicyDefinition Payload: "{\"RequestClass\":\"Rule-HTML-Section\",\"RequestAppliesTo\":\"Rule-Access-CSP\",\"RequestRuleName\":\"pzPolicyDefinition\"}" => HTTP 200 (989234 bytes)
[PegaHttpClient] 📡 POST https://zdk8budo.pegaacademy.net/prweb/api/CodeIntelligence/v1/rules/query?pxObjClass=Rule-HTML-Section&appliesTo=Rule-Access-CSP&pyRuleName=pzSpecifications&RequestClass=Rule-HTML-Section&RequestAppliesTo=Rule-Access-CSP&RequestRuleName=pzSpecifications Payload: "{\"RequestClass\":\"Rule-HTML-Section\",\"RequestAppliesTo\":\"Rule-Access-CSP\",\"RequestRuleName\":\"pzSpecifications\"}" => HTTP 200 (16577 bytes)
[PegaHttpClient] 📡 POST https://zdk8budo.pegaacademy.net/prweb/api/CodeIntelligence/v1/rules/query?pxObjClass=Rule-HTML-Section&appliesTo=Rule-Access-CSP&pyRuleName=RuleFormHistory&RequestClass=Rule-HTML-Section&RequestAppliesTo=Rule-Access-CSP&RequestRuleName=RuleFormHistory Payload: "{\"RequestClass\":\"Rule-HTML-Section\",\"RequestAppliesTo\":\"Rule-Access-CSP\",\"RequestRuleName\":\"RuleFormHistory\"}" => HTTP 200 (76091 bytes)
[PegaHttpClient] 📡 POST https://zdk8budo.pegaacademy.net/prweb/api/CodeIntelligence/v1/rules/query?pxObjClass=Rule-HTML-Section&appliesTo=Rule-Access-CSP&pyRuleName=pzCustomHelp&RequestClass=Rule-HTML-Section&RequestAppliesTo=Rule-Access-CSP&RequestRuleName=pzCustomHelp Payload: "{\"RequestClass\":\"Rule-HTML-Section\",\"RequestAppliesTo\":\"Rule-Access-CSP\",\"RequestRuleName\":\"pzCustomHelp\"}" => HTTP 200 (31573 bytes)
[PegaHttpClient] 📡 POST https://zdk8budo.pegaacademy.net/prweb/api/CodeIntelligence/v1/rules/query?pxObjClass=Rule-HTML-Section&appliesTo=Rule-Access-CSP&pyRuleName=pzRuleFormKeysAndDescription&RequestClass=Rule-HTML-Section&RequestAppliesTo=Rule-Access-CSP&RequestRuleName=pzRuleFormKeysAndDescription Payload: "{\"RequestClass\":\"Rule-HTML-Section\",\"RequestAppliesTo\":\"Rule-Access-CSP\",\"RequestRuleName\":\"pzRuleFormKeysAndDescription\"}" => HTTP 200 (218057 bytes)
[PegaHttpClient] 📡 POST https://zdk8budo.pegaacademy.net/prweb/api/CodeIntelligence/v1/rules/query?pxObjClass=Rule-HTML-Section&appliesTo=Rule-Access-CSP&pyRuleName=pzRuleFormRuleset&RequestClass=Rule-HTML-Section&RequestAppliesTo=Rule-Access-CSP&RequestRuleName=pzRuleFormRuleset Payload: "{\"RequestClass\":\"Rule-HTML-Section\",\"RequestAppliesTo\":\"Rule-Access-CSP\",\"RequestRuleName\":\"pzRuleFormRuleset\"}" => HTTP 200 (33985 bytes)
[PegaHttpClient] 📡 POST https://zdk8budo.pegaacademy.net/prweb/api/CodeIntelligence/v1/rules/query?pxObjClass=Rule-HTML-Section&appliesTo=Rule-Access-CSP&pyRuleName=undefined&RequestClass=Rule-HTML-Section&RequestAppliesTo=Rule-Access-CSP&RequestRuleName=undefined Payload: "{\"RequestClass\":\"Rule-HTML-Section\",\"RequestAppliesTo\":\"Rule-Access-CSP\",\"RequestRuleName\":\"undefined\"}" => HTTP 404 (102 bytes)
[PegaHttpClient] 📡 POST https://zdk8budo.pegaacademy.net/prweb/PRRestService/CodeIntelligence/v1/rules/query?pxObjClass=Rule-HTML-Section&appliesTo=Rule-Access-CSP&pyRuleName=undefined&RequestClass=Rule-HTML-Section&RequestAppliesTo=Rule-Access-CSP&RequestRuleName=undefined Payload: "{\"RequestClass\":\"Rule-HTML-Section\",\"RequestAppliesTo\":\"Rule-Access-CSP\",\"RequestRuleName\":\"undefined\"}" => HTTP 404 (102 bytes)
[PegaHttpClient] 📡 POST https://zdk8budo.pegaacademy.net/prweb/api/HRAppsV2Service/V1/rules/query?pxObjClass=Rule-HTML-Section&appliesTo=Rule-Access-CSP&pyRuleName=undefined&RequestClass=Rule-HTML-Section&RequestAppliesTo=Rule-Access-CSP&RequestRuleName=undefined Payload: "{\"RequestClass\":\"Rule-HTML-Section\",\"RequestAppliesTo\":\"Rule-Access-CSP\",\"RequestRuleName\":\"undefined\"}" => HTTP 404 (18 bytes)
[PegaHttpClient] 📡 POST https://zdk8budo.pegaacademy.net/prweb/PRRestService/HRAppsV2Service/V1/rules/query?pxObjClass=Rule-HTML-Section&appliesTo=Rule-Access-CSP&pyRuleName=undefined&RequestClass=Rule-HTML-Section&RequestAppliesTo=Rule-Access-CSP&RequestRuleName=undefined Payload: "{\"RequestClass\":\"Rule-HTML-Section\",\"RequestAppliesTo\":\"Rule-Access-CSP\",\"RequestRuleName\":\"undefined\"}" => HTTP 404 (18 bytes)
[PegaHttpClient] 📡 POST https://zdk8budo.pegaacademy.net/prweb/api/HRAppsV2/V1/rules/query?pxObjClass=Rule-HTML-Section&appliesTo=Rule-Access-CSP&pyRuleName=undefined&RequestClass=Rule-HTML-Section&RequestAppliesTo=Rule-Access-CSP&RequestRuleName=undefined Payload: "{\"RequestClass\":\"Rule-HTML-Section\",\"RequestAppliesTo\":\"Rule-Access-CSP\",\"RequestRuleName\":\"undefined\"}" => HTTP 404 (18 bytes)
[PegaHttpClient] 📡 POST https://zdk8budo.pegaacademy.net/prweb/PRRestService/HRAppsV2/V1/rules/query?pxObjClass=Rule-HTML-Section&appliesTo=Rule-Access-CSP&pyRuleName=undefined&RequestClass=Rule-HTML-Section&RequestAppliesTo=Rule-Access-CSP&RequestRuleName=undefined Payload: "{\"RequestClass\":\"Rule-HTML-Section\",\"RequestAppliesTo\":\"Rule-Access-CSP\",\"RequestRuleName\":\"undefined\"}" => HTTP 404 (18 bytes)
[PegaHttpClient] 📡 POST https://zdk8budo.pegaacademy.net/prweb/api/v1/rules/query?pxObjClass=Rule-HTML-Section&appliesTo=Rule-Access-CSP&pyRuleName=undefined&RequestClass=Rule-HTML-Section&RequestAppliesTo=Rule-Access-CSP&RequestRuleName=undefined Payload: "{\"RequestClass\":\"Rule-HTML-Section\",\"RequestAppliesTo\":\"Rule-Access-CSP\",\"RequestRuleName\":\"undefined\"}" => HTTP 404 (18 bytes)
[PegaHttpClient] 📡 POST https://zdk8budo.pegaacademy.net/prweb/PRRestService/v1/rules/query?pxObjClass=Rule-HTML-Section&appliesTo=Rule-Access-CSP&pyRuleName=undefined&RequestClass=Rule-HTML-Section&RequestAppliesTo=Rule-Access-CSP&RequestRuleName=undefined Payload: "{\"RequestClass\":\"Rule-HTML-Section\",\"RequestAppliesTo\":\"Rule-Access-CSP\",\"RequestRuleName\":\"undefined\"}" => HTTP 404 (18 bytes)
[PegaHttpClient] 📡 POST https://zdk8budo.pegaacademy.net/prweb/api/CodeIntelligence/v1/rules/query?pxObjClass=Rule-HTML-Section&appliesTo=Rule-Access-CSP&pyRuleName=pzRuleFormToolbar&RequestClass=Rule-HTML-Section&RequestAppliesTo=Rule-Access-CSP&RequestRuleName=pzRuleFormToolbar Payload: "{\"RequestClass\":\"Rule-HTML-Section\",\"RequestAppliesTo\":\"Rule-Access-CSP\",\"RequestRuleName\":\"pzRuleFormToolbar\"}" => HTTP 200 (242691 bytes)
[PegaHttpClient] 📡 POST https://zdk8budo.pegaacademy.net/prweb/api/CodeIntelligence/v1/rules/query?pxObjClass=Rule-HTML-Section&appliesTo=Rule-Access-CSP&pyRuleName=pzRuleFormToolbarCompare&RequestClass=Rule-HTML-Section&RequestAppliesTo=Rule-Access-CSP&RequestRuleName=pzRuleFormToolbarCompare Payload: "{\"RequestClass\":\"Rule-HTML-Section\",\"RequestAppliesTo\":\"Rule-Access-CSP\",\"RequestRuleName\":\"pzRuleFormToolbarCompare\"}" => HTTP 200 (61925 bytes)
[PegaHttpClient] 📡 POST https://zdk8budo.pegaacademy.net/prweb/api/CodeIntelligence/v1/rules/query?pxObjClass=Rule-HTML-Section&appliesTo=Rule-Access-CSP&pyRuleName=RuleFormHeaderMessages&RequestClass=Rule-HTML-Section&RequestAppliesTo=Rule-Access-CSP&RequestRuleName=RuleFormHeaderMessages Payload: "{\"RequestClass\":\"Rule-HTML-Section\",\"RequestAppliesTo\":\"Rule-Access-CSP\",\"RequestRuleName\":\"RuleFormHeaderMessages\"}" => HTTP 200 (26518 bytes)
[PegaHttpClient] 📡 POST https://zdk8budo.pegaacademy.net/prweb/api/CodeIntelligence/v1/rules/query?pxObjClass=Rule-HTML-Section&appliesTo=Rule-Access-CSP&pyRuleName=pxHelpSnippetGadget&RequestClass=Rule-HTML-Section&RequestAppliesTo=Rule-Access-CSP&RequestRuleName=pxHelpSnippetGadget Payload: "{\"RequestClass\":\"Rule-HTML-Section\",\"RequestAppliesTo\":\"Rule-Access-CSP\",\"RequestRuleName\":\"pxHelpSnippetGadget\"}" => HTTP 200 (32934 bytes)
[PegaHttpClient] 📡 POST https://zdk8budo.pegaacademy.net/prweb/api/CodeIntelligence/v1/rules/query?pxObjClass=Rule-HTML-Section&appliesTo=Rule-Access-CSP&pyRuleName=pzDefaultSrcList&RequestClass=Rule-HTML-Section&RequestAppliesTo=Rule-Access-CSP&RequestRuleName=pzDefaultSrcList Payload: "{\"RequestClass\":\"Rule-HTML-Section\",\"RequestAppliesTo\":\"Rule-Access-CSP\",\"RequestRuleName\":\"pzDefaultSrcList\"}" => HTTP 200 (71805 bytes)
[PegaHttpClient] 📡 POST https://zdk8budo.pegaacademy.net/prweb/api/CodeIntelligence/v1/rules/query?pxObjClass=Rule-HTML-Section&appliesTo=Rule-Access-CSP&pyRuleName=pzBaseURIList&RequestClass=Rule-HTML-Section&RequestAppliesTo=Rule-Access-CSP&RequestRuleName=pzBaseURIList Payload: "{\"RequestClass\":\"Rule-HTML-Section\",\"RequestAppliesTo\":\"Rule-Access-CSP\",\"RequestRuleName\":\"pzBaseURIList\"}" => HTTP 200 (56631 bytes)
[PegaHttpClient] 📡 POST https://zdk8budo.pegaacademy.net/prweb/api/CodeIntelligence/v1/rules/query?pxObjClass=Rule-HTML-Section&appliesTo=Rule-Access-CSP&pyRuleName=pzConnectSrcList&RequestClass=Rule-HTML-Section&RequestAppliesTo=Rule-Access-CSP&RequestRuleName=pzConnectSrcList Payload: "{\"RequestClass\":\"Rule-HTML-Section\",\"RequestAppliesTo\":\"Rule-Access-CSP\",\"RequestRuleName\":\"pzConnectSrcList\"}" => HTTP 200 (61523 bytes)
[PegaHttpClient] 📡 POST https://zdk8budo.pegaacademy.net/prweb/api/CodeIntelligence/v1/rules/query?pxObjClass=Rule-HTML-Section&appliesTo=Rule-Access-CSP&pyRuleName=pzFontSrcList&RequestClass=Rule-HTML-Section&RequestAppliesTo=Rule-Access-CSP&RequestRuleName=pzFontSrcList Payload: "{\"RequestClass\":\"Rule-HTML-Section\",\"RequestAppliesTo\":\"Rule-Access-CSP\",\"RequestRuleName\":\"pzFontSrcList\"}" => HTTP 200 (61808 bytes)
[PegaHttpClient] 📡 POST https://zdk8budo.pegaacademy.net/prweb/api/CodeIntelligence/v1/rules/query?pxObjClass=Rule-HTML-Section&appliesTo=Rule-Access-CSP&pyRuleName=pzFormActionOtherList&RequestClass=Rule-HTML-Section&RequestAppliesTo=Rule-Access-CSP&RequestRuleName=pzFormActionOtherList Payload: "{\"RequestClass\":\"Rule-HTML-Section\",\"RequestAppliesTo\":\"Rule-Access-CSP\",\"RequestRuleName\":\"pzFormActionOtherList\"}" => HTTP 200 (62088 bytes)
[PegaHttpClient] 📡 POST https://zdk8budo.pegaacademy.net/prweb/api/CodeIntelligence/v1/rules/query?pxObjClass=Rule-HTML-Section&appliesTo=Rule-Access-CSP&pyRuleName=pzFrameAncestorList&RequestClass=Rule-HTML-Section&RequestAppliesTo=Rule-Access-CSP&RequestRuleName=pzFrameAncestorList Payload: "{\"RequestClass\":\"Rule-HTML-Section\",\"RequestAppliesTo\":\"Rule-Access-CSP\",\"RequestRuleName\":\"pzFrameAncestorList\"}" => HTTP 200 (62014 bytes)
[PegaHttpClient] 📡 POST https://zdk8budo.pegaacademy.net/prweb/api/CodeIntelligence/v1/rules/query?pxObjClass=Rule-HTML-Section&appliesTo=Rule-Access-CSP&pyRuleName=pzFrameChildSrcList&RequestClass=Rule-HTML-Section&RequestAppliesTo=Rule-Access-CSP&RequestRuleName=pzFrameChildSrcList Payload: "{\"RequestClass\":\"Rule-HTML-Section\",\"RequestAppliesTo\":\"Rule-Access-CSP\",\"RequestRuleName\":\"pzFrameChildSrcList\"}" => HTTP 200 (62011 bytes)
[PegaHttpClient] 📡 POST https://zdk8budo.pegaacademy.net/prweb/api/CodeIntelligence/v1/rules/query?pxObjClass=Rule-HTML-Section&appliesTo=Rule-Access-CSP&pyRuleName=pzImageSrcList&RequestClass=Rule-HTML-Section&RequestAppliesTo=Rule-Access-CSP&RequestRuleName=pzImageSrcList Payload: "{\"RequestClass\":\"Rule-HTML-Section\",\"RequestAppliesTo\":\"Rule-Access-CSP\",\"RequestRuleName\":\"pzImageSrcList\"}" => HTTP 200 (56501 bytes)
[PegaHttpClient] 📡 POST https://zdk8budo.pegaacademy.net/prweb/api/CodeIntelligence/v1/rules/query?pxObjClass=Rule-HTML-Section&appliesTo=Rule-Access-CSP&pyRuleName=pzMediaSrcList&RequestClass=Rule-HTML-Section&RequestAppliesTo=Rule-Access-CSP&RequestRuleName=pzMediaSrcList Payload: "{\"RequestClass\":\"Rule-HTML-Section\",\"RequestAppliesTo\":\"Rule-Access-CSP\",\"RequestRuleName\":\"pzMediaSrcList\"}" => HTTP 200 (56502 bytes)
[PegaHttpClient] 📡 POST https://zdk8budo.pegaacademy.net/prweb/api/CodeIntelligence/v1/rules/query?pxObjClass=Rule-HTML-Section&appliesTo=Rule-Access-CSP&pyRuleName=pzObjectSrcList&RequestClass=Rule-HTML-Section&RequestAppliesTo=Rule-Access-CSP&RequestRuleName=pzObjectSrcList Payload: "{\"RequestClass\":\"Rule-HTML-Section\",\"RequestAppliesTo\":\"Rule-Access-CSP\",\"RequestRuleName\":\"pzObjectSrcList\"}" => HTTP 200 (56531 bytes)
[PegaHttpClient] 📡 POST https://zdk8budo.pegaacademy.net/prweb/api/CodeIntelligence/v1/rules/query?pxObjClass=Rule-HTML-Section&appliesTo=Rule-Access-CSP&pyRuleName=pzPluginTypesList&RequestClass=Rule-HTML-Section&RequestAppliesTo=Rule-Access-CSP&RequestRuleName=pzPluginTypesList Payload: "{\"RequestClass\":\"Rule-HTML-Section\",\"RequestAppliesTo\":\"Rule-Access-CSP\",\"RequestRuleName\":\"pzPluginTypesList\"}" => HTTP 200 (61918 bytes)
[PegaHttpClient] 📡 POST https://zdk8budo.pegaacademy.net/prweb/api/CodeIntelligence/v1/rules/query?pxObjClass=Rule-HTML-Section&appliesTo=Rule-Access-CSP&pyRuleName=pzScriptSrcList&RequestClass=Rule-HTML-Section&RequestAppliesTo=Rule-Access-CSP&RequestRuleName=pzScriptSrcList Payload: "{\"RequestClass\":\"Rule-HTML-Section\",\"RequestAppliesTo\":\"Rule-Access-CSP\",\"RequestRuleName\":\"pzScriptSrcList\"}" => HTTP 200 (56520 bytes)
[PegaHttpClient] 📡 POST https://zdk8budo.pegaacademy.net/prweb/api/CodeIntelligence/v1/rules/query?pxObjClass=Rule-HTML-Section&appliesTo=Rule-Access-CSP&pyRuleName=pzStyleSrcList&RequestClass=Rule-HTML-Section&RequestAppliesTo=Rule-Access-CSP&RequestRuleName=pzStyleSrcList Payload: "{\"RequestClass\":\"Rule-HTML-Section\",\"RequestAppliesTo\":\"Rule-Access-CSP\",\"RequestRuleName\":\"pzStyleSrcList\"}" => HTTP 200 (56502 bytes)
[PegaHttpClient] 📡 POST https://zdk8budo.pegaacademy.net/prweb/api/CodeIntelligence/v1/rules/query?pxObjClass=Rule-HTML-Section&appliesTo=Rule-Access-CSP&pyRuleName=pzSpecificationsInner&RequestClass=Rule-HTML-Section&RequestAppliesTo=Rule-Access-CSP&RequestRuleName=pzSpecificationsInner Payload: "{\"RequestClass\":\"Rule-HTML-Section\",\"RequestAppliesTo\":\"Rule-Access-CSP\",\"RequestRuleName\":\"pzSpecificationsInner\"}" => HTTP 200 (142370 bytes)
[PegaHttpClient] 📡 POST https://zdk8budo.pegaacademy.net/prweb/api/CodeIntelligence/v1/rules/query?pxObjClass=Rule-HTML-Section&appliesTo=Rule-Access-CSP&pyRuleName=pzAlternateRuleInfo&RequestClass=Rule-HTML-Section&RequestAppliesTo=Rule-Access-CSP&RequestRuleName=pzAlternateRuleInfo Payload: "{\"RequestClass\":\"Rule-HTML-Section\",\"RequestAppliesTo\":\"Rule-Access-CSP\",\"RequestRuleName\":\"pzAlternateRuleInfo\"}" => HTTP 200 (140407 bytes)
[PegaHttpClient] 📡 POST https://zdk8budo.pegaacademy.net/prweb/api/CodeIntelligence/v1/rules/query?pxObjClass=Rule-HTML-Section&appliesTo=Rule-Access-CSP&pyRuleName=RuleFormHistory_Description&RequestClass=Rule-HTML-Section&RequestAppliesTo=Rule-Access-CSP&RequestRuleName=RuleFormHistory_Description Payload: "{\"RequestClass\":\"Rule-HTML-Section\",\"RequestAppliesTo\":\"Rule-Access-CSP\",\"RequestRuleName\":\"RuleFormHistory_Description\"}" => HTTP 200 (46242 bytes)
[PegaHttpClient] 📡 POST https://zdk8budo.pegaacademy.net/prweb/api/CodeIntelligence/v1/rules/query?pxObjClass=Rule-HTML-Section&appliesTo=Rule-Access-CSP&pyRuleName=RuleFormHistory_CustomFields&RequestClass=Rule-HTML-Section&RequestAppliesTo=Rule-Access-CSP&RequestRuleName=RuleFormHistory_CustomFields Payload: "{\"RequestClass\":\"Rule-HTML-Section\",\"RequestAppliesTo\":\"Rule-Access-CSP\",\"RequestRuleName\":\"RuleFormHistory_CustomFields\"}" => HTTP 200 (75856 bytes)
[PegaHttpClient] 📡 POST https://zdk8budo.pegaacademy.net/prweb/api/CodeIntelligence/v1/rules/query?pxObjClass=Rule-HTML-Section&appliesTo=Rule-Access-CSP&pyRuleName=RuleFormHistory_HistoryDetails&RequestClass=Rule-HTML-Section&RequestAppliesTo=Rule-Access-CSP&RequestRuleName=RuleFormHistory_HistoryDetails Payload: "{\"RequestClass\":\"Rule-HTML-Section\",\"RequestAppliesTo\":\"Rule-Access-CSP\",\"RequestRuleName\":\"RuleFormHistory_HistoryDetails\"}" => HTTP 200 (179535 bytes)
[PegaHttpClient] 📡 POST https://zdk8budo.pegaacademy.net/prweb/api/CodeIntelligence/v1/rules/query?pxObjClass=Rule-HTML-Section&appliesTo=Rule-Access-CSP&pyRuleName=pzRuleFormStatus&RequestClass=Rule-HTML-Section&RequestAppliesTo=Rule-Access-CSP&RequestRuleName=pzRuleFormStatus Payload: "{\"RequestClass\":\"Rule-HTML-Section\",\"RequestAppliesTo\":\"Rule-Access-CSP\",\"RequestRuleName\":\"pzRuleFormStatus\"}" => HTTP 200 (97627 bytes)
[PegaHttpClient] 📡 POST https://zdk8budo.pegaacademy.net/prweb/api/CodeIntelligence/v1/rules/query?pxObjClass=Rule-HTML-Section&appliesTo=Rule-Access-CSP&pyRuleName=pzRuleFormHeaderCompareWithDropDown&RequestClass=Rule-HTML-Section&RequestAppliesTo=Rule-Access-CSP&RequestRuleName=pzRuleFormHeaderCompareWithDropDown Payload: "{\"RequestClass\":\"Rule-HTML-Section\",\"RequestAppliesTo\":\"Rule-Access-CSP\",\"RequestRuleName\":\"pzRuleFormHeaderCompareWithDropDown\"}" => HTTP 200 (25396 bytes)
[PegaHttpClient] 📡 POST https://zdk8budo.pegaacademy.net/prweb/api/CodeIntelligence/v1/rules/query?pxObjClass=Rule-HTML-Section&appliesTo=Rule-Access-CSP&pyRuleName=undefined&RequestClass=Rule-HTML-Section&RequestAppliesTo=Rule-Access-CSP&RequestRuleName=undefined Payload: "{\"RequestClass\":\"Rule-HTML-Section\",\"RequestAppliesTo\":\"Rule-Access-CSP\",\"RequestRuleName\":\"undefined\"}" => HTTP 404 (102 bytes)
[PegaHttpClient] 📡 POST https://zdk8budo.pegaacademy.net/prweb/PRRestService/CodeIntelligence/v1/rules/query?pxObjClass=Rule-HTML-Section&appliesTo=Rule-Access-CSP&pyRuleName=undefined&RequestClass=Rule-HTML-Section&RequestAppliesTo=Rule-Access-CSP&RequestRuleName=undefined Payload: "{\"RequestClass\":\"Rule-HTML-Section\",\"RequestAppliesTo\":\"Rule-Access-CSP\",\"RequestRuleName\":\"undefined\"}" => HTTP 404 (102 bytes)
[PegaHttpClient] 📡 POST https://zdk8budo.pegaacademy.net/prweb/api/HRAppsV2Service/V1/rules/query?pxObjClass=Rule-HTML-Section&appliesTo=Rule-Access-CSP&pyRuleName=undefined&RequestClass=Rule-HTML-Section&RequestAppliesTo=Rule-Access-CSP&RequestRuleName=undefined Payload: "{\"RequestClass\":\"Rule-HTML-Section\",\"RequestAppliesTo\":\"Rule-Access-CSP\",\"RequestRuleName\":\"undefined\"}" => HTTP 404 (18 bytes)
[PegaHttpClient] 📡 POST https://zdk8budo.pegaacademy.net/prweb/PRRestService/HRAppsV2Service/V1/rules/query?pxObjClass=Rule-HTML-Section&appliesTo=Rule-Access-CSP&pyRuleName=undefined&RequestClass=Rule-HTML-Section&RequestAppliesTo=Rule-Access-CSP&RequestRuleName=undefined Payload: "{\"RequestClass\":\"Rule-HTML-Section\",\"RequestAppliesTo\":\"Rule-Access-CSP\",\"RequestRuleName\":\"undefined\"}" => HTTP 404 (18 bytes)
[PegaHttpClient] 📡 POST https://zdk8budo.pegaacademy.net/prweb/api/HRAppsV2/V1/rules/query?pxObjClass=Rule-HTML-Section&appliesTo=Rule-Access-CSP&pyRuleName=undefined&RequestClass=Rule-HTML-Section&RequestAppliesTo=Rule-Access-CSP&RequestRuleName=undefined Payload: "{\"RequestClass\":\"Rule-HTML-Section\",\"RequestAppliesTo\":\"Rule-Access-CSP\",\"RequestRuleName\":\"undefined\"}" => HTTP 404 (18 bytes)
[PegaHttpClient] 📡 POST https://zdk8budo.pegaacademy.net/prweb/PRRestService/HRAppsV2/V1/rules/query?pxObjClass=Rule-HTML-Section&appliesTo=Rule-Access-CSP&pyRuleName=undefined&RequestClass=Rule-HTML-Section&RequestAppliesTo=Rule-Access-CSP&RequestRuleName=undefined Payload: "{\"RequestClass\":\"Rule-HTML-Section\",\"RequestAppliesTo\":\"Rule-Access-CSP\",\"RequestRuleName\":\"undefined\"}" => HTTP 404 (18 bytes)
[PegaHttpClient] 📡 POST https://zdk8budo.pegaacademy.net/prweb/api/v1/rules/query?pxObjClass=Rule-HTML-Section&appliesTo=Rule-Access-CSP&pyRuleName=undefined&RequestClass=Rule-HTML-Section&RequestAppliesTo=Rule-Access-CSP&RequestRuleName=undefined Payload: "{\"RequestClass\":\"Rule-HTML-Section\",\"RequestAppliesTo\":\"Rule-Access-CSP\",\"RequestRuleName\":\"undefined\"}" => HTTP 404 (18 bytes)
[PegaHttpClient] 📡 POST https://zdk8budo.pegaacademy.net/prweb/PRRestService/v1/rules/query?pxObjClass=Rule-HTML-Section&appliesTo=Rule-Access-CSP&pyRuleName=undefined&RequestClass=Rule-HTML-Section&RequestAppliesTo=Rule-Access-CSP&RequestRuleName=undefined Payload: "{\"RequestClass\":\"Rule-HTML-Section\",\"RequestAppliesTo\":\"Rule-Access-CSP\",\"RequestRuleName\":\"undefined\"}" => HTTP 404 (18 bytes)
[PegaHttpClient] 📡 POST https://zdk8budo.pegaacademy.net/prweb/api/CodeIntelligence/v1/rules/query?pxObjClass=Rule-HTML-Section&appliesTo=Rule-Access-CSP&pyRuleName=pzRuleFormToolbarHotKeys&RequestClass=Rule-HTML-Section&RequestAppliesTo=Rule-Access-CSP&RequestRuleName=pzRuleFormToolbarHotKeys Payload: "{\"RequestClass\":\"Rule-HTML-Section\",\"RequestAppliesTo\":\"Rule-Access-CSP\",\"RequestRuleName\":\"pzRuleFormToolbarHotKeys\"}" => HTTP 200 (85058 bytes)
[PegaHttpClient] 📡 POST https://zdk8budo.pegaacademy.net/prweb/api/CodeIntelligence/v1/rules/query?pxObjClass=Rule-HTML-Section&appliesTo=Rule-Access-CSP&pyRuleName=pzRuleFormToolbarLockedIcon&RequestClass=Rule-HTML-Section&RequestAppliesTo=Rule-Access-CSP&RequestRuleName=pzRuleFormToolbarLockedIcon Payload: "{\"RequestClass\":\"Rule-HTML-Section\",\"RequestAppliesTo\":\"Rule-Access-CSP\",\"RequestRuleName\":\"pzRuleFormToolbarLockedIcon\"}" => HTTP 200 (24898 bytes)
[PegaHttpClient] 📡 POST https://zdk8budo.pegaacademy.net/prweb/api/CodeIntelligence/v1/rules/query?pxObjClass=Rule-HTML-Section&appliesTo=Rule-Access-CSP&pyRuleName=pzRuleFormToolbarCollaborators&RequestClass=Rule-HTML-Section&RequestAppliesTo=Rule-Access-CSP&RequestRuleName=pzRuleFormToolbarCollaborators Payload: "{\"RequestClass\":\"Rule-HTML-Section\",\"RequestAppliesTo\":\"Rule-Access-CSP\",\"RequestRuleName\":\"pzRuleFormToolbarCollaborators\"}" => HTTP 200 (15254 bytes)
[PegaHttpClient] 📡 POST https://zdk8budo.pegaacademy.net/prweb/api/CodeIntelligence/v1/rules/query?pxObjClass=Rule-HTML-Section&appliesTo=Rule-Access-CSP&pyRuleName=pzRuleFormToolbarSaveAs&RequestClass=Rule-HTML-Section&RequestAppliesTo=Rule-Access-CSP&RequestRuleName=pzRuleFormToolbarSaveAs Payload: "{\"RequestClass\":\"Rule-HTML-Section\",\"RequestAppliesTo\":\"Rule-Access-CSP\",\"RequestRuleName\":\"pzRuleFormToolbarSaveAs\"}" => HTTP 200 (64084 bytes)
[PegaHttpClient] 📡 POST https://zdk8budo.pegaacademy.net/prweb/api/CodeIntelligence/v1/rules/query?pxObjClass=Rule-HTML-Section&appliesTo=Rule-Access-CSP&pyRuleName=pzRuleFormToolbarCheckin&RequestClass=Rule-HTML-Section&RequestAppliesTo=Rule-Access-CSP&RequestRuleName=pzRuleFormToolbarCheckin Payload: "{\"RequestClass\":\"Rule-HTML-Section\",\"RequestAppliesTo\":\"Rule-Access-CSP\",\"RequestRuleName\":\"pzRuleFormToolbarCheckin\"}" => HTTP 200 (119096 bytes)
[PegaHttpClient] 📡 POST https://zdk8budo.pegaacademy.net/prweb/api/CodeIntelligence/v1/rules/query?pxObjClass=Rule-HTML-Section&appliesTo=Rule-Access-CSP&pyRuleName=pzRuleFormToolbarDelete&RequestClass=Rule-HTML-Section&RequestAppliesTo=Rule-Access-CSP&RequestRuleName=pzRuleFormToolbarDelete Payload: "{\"RequestClass\":\"Rule-HTML-Section\",\"RequestAppliesTo\":\"Rule-Access-CSP\",\"RequestRuleName\":\"pzRuleFormToolbarDelete\"}" => HTTP 200 (30249 bytes)
[PegaHttpClient] 📡 POST https://zdk8budo.pegaacademy.net/prweb/api/CodeIntelligence/v1/rules/query?pxObjClass=Rule-HTML-Section&appliesTo=Rule-Access-CSP&pyRuleName=pzRuleFormToolbarSave&RequestClass=Rule-HTML-Section&RequestAppliesTo=Rule-Access-CSP&RequestRuleName=pzRuleFormToolbarSave Payload: "{\"RequestClass\":\"Rule-HTML-Section\",\"RequestAppliesTo\":\"Rule-Access-CSP\",\"RequestRuleName\":\"pzRuleFormToolbarSave\"}" => HTTP 200 (293885 bytes)
[PegaHttpClient] 📡 POST https://zdk8budo.pegaacademy.net/prweb/api/CodeIntelligence/v1/rules/query?pxObjClass=Rule-HTML-Section&appliesTo=Rule-Access-CSP&pyRuleName=pzRuleFormToolbarCheckout&RequestClass=Rule-HTML-Section&RequestAppliesTo=Rule-Access-CSP&RequestRuleName=pzRuleFormToolbarCheckout Payload: "{\"RequestClass\":\"Rule-HTML-Section\",\"RequestAppliesTo\":\"Rule-Access-CSP\",\"RequestRuleName\":\"pzRuleFormToolbarCheckout\"}" => HTTP 200 (238148 bytes)
[PegaHttpClient] 📡 POST https://zdk8budo.pegaacademy.net/prweb/api/CodeIntelligence/v1/rules/query?pxObjClass=Rule-HTML-Section&appliesTo=Rule-Access-CSP&pyRuleName=pzRemoveErrorsDataPage&RequestClass=Rule-HTML-Section&RequestAppliesTo=Rule-Access-CSP&RequestRuleName=pzRemoveErrorsDataPage Payload: "{\"RequestClass\":\"Rule-HTML-Section\",\"RequestAppliesTo\":\"Rule-Access-CSP\",\"RequestRuleName\":\"pzRemoveErrorsDataPage\"}" => HTTP 200 (16733 bytes)
[PegaHttpClient] 📡 POST https://zdk8budo.pegaacademy.net/prweb/api/CodeIntelligence/v1/rules/query?pxObjClass=Rule-HTML-Section&appliesTo=Rule-Access-CSP&pyRuleName=pzRuleFormHeaderMessagesWrapper&RequestClass=Rule-HTML-Section&RequestAppliesTo=Rule-Access-CSP&RequestRuleName=pzRuleFormHeaderMessagesWrapper Payload: "{\"RequestClass\":\"Rule-HTML-Section\",\"RequestAppliesTo\":\"Rule-Access-CSP\",\"RequestRuleName\":\"pzRuleFormHeaderMessagesWrapper\"}" => HTTP 200 (16981 bytes)
[PegaHttpClient] 📡 POST https://zdk8budo.pegaacademy.net/prweb/api/CodeIntelligence/v1/rules/query?pxObjClass=Rule-HTML-Section&appliesTo=Rule-Access-CSP&pyRuleName=pxShowHelpContent&RequestClass=Rule-HTML-Section&RequestAppliesTo=Rule-Access-CSP&RequestRuleName=pxShowHelpContent Payload: "{\"RequestClass\":\"Rule-HTML-Section\",\"RequestAppliesTo\":\"Rule-Access-CSP\",\"RequestRuleName\":\"pxShowHelpContent\"}" => HTTP 200 (27395 bytes)
[PegaHttpClient] 📡 POST https://zdk8budo.pegaacademy.net/prweb/api/CodeIntelligence/v1/rules/query?pxObjClass=Rule-HTML-Section&appliesTo=Rule-Access-CSP&pyRuleName=pzSpecificationName&RequestClass=Rule-HTML-Section&RequestAppliesTo=Rule-Access-CSP&RequestRuleName=pzSpecificationName Payload: "{\"RequestClass\":\"Rule-HTML-Section\",\"RequestAppliesTo\":\"Rule-Access-CSP\",\"RequestRuleName\":\"pzSpecificationName\"}" => HTTP 404 (112 bytes)
[PegaHttpClient] 📡 POST https://zdk8budo.pegaacademy.net/prweb/PRRestService/CodeIntelligence/v1/rules/query?pxObjClass=Rule-HTML-Section&appliesTo=Rule-Access-CSP&pyRuleName=pzSpecificationName&RequestClass=Rule-HTML-Section&RequestAppliesTo=Rule-Access-CSP&RequestRuleName=pzSpecificationName Payload: "{\"RequestClass\":\"Rule-HTML-Section\",\"RequestAppliesTo\":\"Rule-Access-CSP\",\"RequestRuleName\":\"pzSpecificationName\"}" => HTTP 404 (112 bytes)
[PegaHttpClient] 📡 POST https://zdk8budo.pegaacademy.net/prweb/api/HRAppsV2Service/V1/rules/query?pxObjClass=Rule-HTML-Section&appliesTo=Rule-Access-CSP&pyRuleName=pzSpecificationName&RequestClass=Rule-HTML-Section&RequestAppliesTo=Rule-Access-CSP&RequestRuleName=pzSpecificationName Payload: "{\"RequestClass\":\"Rule-HTML-Section\",\"RequestAppliesTo\":\"Rule-Access-CSP\",\"RequestRuleName\":\"pzSpecificationName\"}" => HTTP 404 (18 bytes)
[PegaHttpClient] 📡 POST https://zdk8budo.pegaacademy.net/prweb/PRRestService/HRAppsV2Service/V1/rules/query?pxObjClass=Rule-HTML-Section&appliesTo=Rule-Access-CSP&pyRuleName=pzSpecificationName&RequestClass=Rule-HTML-Section&RequestAppliesTo=Rule-Access-CSP&RequestRuleName=pzSpecificationName Payload: "{\"RequestClass\":\"Rule-HTML-Section\",\"RequestAppliesTo\":\"Rule-Access-CSP\",\"RequestRuleName\":\"pzSpecificationName\"}" => HTTP 404 (18 bytes)
[PegaHttpClient] 📡 POST https://zdk8budo.pegaacademy.net/prweb/api/HRAppsV2/V1/rules/query?pxObjClass=Rule-HTML-Section&appliesTo=Rule-Access-CSP&pyRuleName=pzSpecificationName&RequestClass=Rule-HTML-Section&RequestAppliesTo=Rule-Access-CSP&RequestRuleName=pzSpecificationName Payload: "{\"RequestClass\":\"Rule-HTML-Section\",\"RequestAppliesTo\":\"Rule-Access-CSP\",\"RequestRuleName\":\"pzSpecificationName\"}" => HTTP 404 (18 bytes)
[PegaHttpClient] 📡 POST https://zdk8budo.pegaacademy.net/prweb/PRRestService/HRAppsV2/V1/rules/query?pxObjClass=Rule-HTML-Section&appliesTo=Rule-Access-CSP&pyRuleName=pzSpecificationName&RequestClass=Rule-HTML-Section&RequestAppliesTo=Rule-Access-CSP&RequestRuleName=pzSpecificationName Payload: "{\"RequestClass\":\"Rule-HTML-Section\",\"RequestAppliesTo\":\"Rule-Access-CSP\",\"RequestRuleName\":\"pzSpecificationName\"}" => HTTP 404 (18 bytes)
[PegaHttpClient] 📡 POST https://zdk8budo.pegaacademy.net/prweb/api/v1/rules/query?pxObjClass=Rule-HTML-Section&appliesTo=Rule-Access-CSP&pyRuleName=pzSpecificationName&RequestClass=Rule-HTML-Section&RequestAppliesTo=Rule-Access-CSP&RequestRuleName=pzSpecificationName Payload: "{\"RequestClass\":\"Rule-HTML-Section\",\"RequestAppliesTo\":\"Rule-Access-CSP\",\"RequestRuleName\":\"pzSpecificationName\"}" => HTTP 404 (18 bytes)
[PegaHttpClient] 📡 POST https://zdk8budo.pegaacademy.net/prweb/PRRestService/v1/rules/query?pxObjClass=Rule-HTML-Section&appliesTo=Rule-Access-CSP&pyRuleName=pzSpecificationName&RequestClass=Rule-HTML-Section&RequestAppliesTo=Rule-Access-CSP&RequestRuleName=pzSpecificationName Payload: "{\"RequestClass\":\"Rule-HTML-Section\",\"RequestAppliesTo\":\"Rule-Access-CSP\",\"RequestRuleName\":\"pzSpecificationName\"}" => HTTP 404 (18 bytes)
[PegaHttpClient] 📡 POST https://zdk8budo.pegaacademy.net/prweb/api/CodeIntelligence/v1/rules/query?pxObjClass=Rule-HTML-Section&appliesTo=Rule-Access-CSP&pyRuleName=pzScm_RuleHistory&RequestClass=Rule-HTML-Section&RequestAppliesTo=Rule-Access-CSP&RequestRuleName=pzScm_RuleHistory Payload: "{\"RequestClass\":\"Rule-HTML-Section\",\"RequestAppliesTo\":\"Rule-Access-CSP\",\"RequestRuleName\":\"pzScm_RuleHistory\"}" => HTTP 200 (14682 bytes)
[PegaHttpClient] 📡 POST https://zdk8budo.pegaacademy.net/prweb/api/CodeIntelligence/v1/rules/query?pxObjClass=Rule-HTML-Section&appliesTo=Rule-Access-CSP&pyRuleName=pxDisplayCollaborators&RequestClass=Rule-HTML-Section&RequestAppliesTo=Rule-Access-CSP&RequestRuleName=pxDisplayCollaborators Payload: "{\"RequestClass\":\"Rule-HTML-Section\",\"RequestAppliesTo\":\"Rule-Access-CSP\",\"RequestRuleName\":\"pxDisplayCollaborators\"}" => HTTP 200 (94171 bytes)
[PegaHttpClient] 📡 POST https://zdk8budo.pegaacademy.net/prweb/api/CodeIntelligence/v1/rules/query?pxObjClass=Rule-HTML-Section&appliesTo=Rule-Access-CSP&pyRuleName=pzRuleFormToolbarDeleteCheckOut&RequestClass=Rule-HTML-Section&RequestAppliesTo=Rule-Access-CSP&RequestRuleName=pzRuleFormToolbarDeleteCheckOut Payload: "{\"RequestClass\":\"Rule-HTML-Section\",\"RequestAppliesTo\":\"Rule-Access-CSP\",\"RequestRuleName\":\"pzRuleFormToolbarDeleteCheckOut\"}" => HTTP 200 (29433 bytes)
[PegaHttpClient] 📡 POST https://zdk8budo.pegaacademy.net/prweb/api/CodeIntelligence/v1/rules/query?pxObjClass=Rule-HTML-Section&appliesTo=Rule-Access-CSP&pyRuleName=pzRuleFormToolbarDeleteRule&RequestClass=Rule-HTML-Section&RequestAppliesTo=Rule-Access-CSP&RequestRuleName=pzRuleFormToolbarDeleteRule Payload: "{\"RequestClass\":\"Rule-HTML-Section\",\"RequestAppliesTo\":\"Rule-Access-CSP\",\"RequestRuleName\":\"pzRuleFormToolbarDeleteRule\"}" => HTTP 200 (32314 bytes)
[PegaHttpClient] 📡 POST https://zdk8budo.pegaacademy.net/prweb/api/CodeIntelligence/v1/rules/query?pxObjClass=Rule-HTML-Section&appliesTo=Rule-Access-CSP&pyRuleName=pzHelpSnippetStyles&RequestClass=Rule-HTML-Section&RequestAppliesTo=Rule-Access-CSP&RequestRuleName=pzHelpSnippetStyles Payload: "{\"RequestClass\":\"Rule-HTML-Section\",\"RequestAppliesTo\":\"Rule-Access-CSP\",\"RequestRuleName\":\"pzHelpSnippetStyles\"}" => HTTP 200 (15797 bytes)
[PegaHttpClient] 📡 POST https://zdk8budo.pegaacademy.net/prweb/api/CodeIntelligence/v1/rules/query?pxObjClass=Rule-HTML-Section&appliesTo=Rule-Access-CSP&pyRuleName=pxDisplayHelpContent&RequestClass=Rule-HTML-Section&RequestAppliesTo=Rule-Access-CSP&RequestRuleName=pxDisplayHelpContent Payload: "{\"RequestClass\":\"Rule-HTML-Section\",\"RequestAppliesTo\":\"Rule-Access-CSP\",\"RequestRuleName\":\"pxDisplayHelpContent\"}" => HTTP 404 (113 bytes)
[PegaHttpClient] 📡 POST https://zdk8budo.pegaacademy.net/prweb/PRRestService/CodeIntelligence/v1/rules/query?pxObjClass=Rule-HTML-Section&appliesTo=Rule-Access-CSP&pyRuleName=pxDisplayHelpContent&RequestClass=Rule-HTML-Section&RequestAppliesTo=Rule-Access-CSP&RequestRuleName=pxDisplayHelpContent Payload: "{\"RequestClass\":\"Rule-HTML-Section\",\"RequestAppliesTo\":\"Rule-Access-CSP\",\"RequestRuleName\":\"pxDisplayHelpContent\"}" => HTTP 404 (113 bytes)
[PegaHttpClient] 📡 POST https://zdk8budo.pegaacademy.net/prweb/api/HRAppsV2Service/V1/rules/query?pxObjClass=Rule-HTML-Section&appliesTo=Rule-Access-CSP&pyRuleName=pxDisplayHelpContent&RequestClass=Rule-HTML-Section&RequestAppliesTo=Rule-Access-CSP&RequestRuleName=pxDisplayHelpContent Payload: "{\"RequestClass\":\"Rule-HTML-Section\",\"RequestAppliesTo\":\"Rule-Access-CSP\",\"RequestRuleName\":\"pxDisplayHelpContent\"}" => HTTP 404 (18 bytes)
[PegaHttpClient] 📡 POST https://zdk8budo.pegaacademy.net/prweb/PRRestService/HRAppsV2Service/V1/rules/query?pxObjClass=Rule-HTML-Section&appliesTo=Rule-Access-CSP&pyRuleName=pxDisplayHelpContent&RequestClass=Rule-HTML-Section&RequestAppliesTo=Rule-Access-CSP&RequestRuleName=pxDisplayHelpContent Payload: "{\"RequestClass\":\"Rule-HTML-Section\",\"RequestAppliesTo\":\"Rule-Access-CSP\",\"RequestRuleName\":\"pxDisplayHelpContent\"}" => HTTP 404 (18 bytes)
[PegaHttpClient] 📡 POST https://zdk8budo.pegaacademy.net/prweb/api/HRAppsV2/V1/rules/query?pxObjClass=Rule-HTML-Section&appliesTo=Rule-Access-CSP&pyRuleName=pxDisplayHelpContent&RequestClass=Rule-HTML-Section&RequestAppliesTo=Rule-Access-CSP&RequestRuleName=pxDisplayHelpContent Payload: "{\"RequestClass\":\"Rule-HTML-Section\",\"RequestAppliesTo\":\"Rule-Access-CSP\",\"RequestRuleName\":\"pxDisplayHelpContent\"}" => HTTP 404 (18 bytes)
[PegaHttpClient] 📡 POST https://zdk8budo.pegaacademy.net/prweb/PRRestService/HRAppsV2/V1/rules/query?pxObjClass=Rule-HTML-Section&appliesTo=Rule-Access-CSP&pyRuleName=pxDisplayHelpContent&RequestClass=Rule-HTML-Section&RequestAppliesTo=Rule-Access-CSP&RequestRuleName=pxDisplayHelpContent Payload: "{\"RequestClass\":\"Rule-HTML-Section\",\"RequestAppliesTo\":\"Rule-Access-CSP\",\"RequestRuleName\":\"pxDisplayHelpContent\"}" => HTTP 404 (18 bytes)
[PegaHttpClient] 📡 POST https://zdk8budo.pegaacademy.net/prweb/api/v1/rules/query?pxObjClass=Rule-HTML-Section&appliesTo=Rule-Access-CSP&pyRuleName=pxDisplayHelpContent&RequestClass=Rule-HTML-Section&RequestAppliesTo=Rule-Access-CSP&RequestRuleName=pxDisplayHelpContent Payload: "{\"RequestClass\":\"Rule-HTML-Section\",\"RequestAppliesTo\":\"Rule-Access-CSP\",\"RequestRuleName\":\"pxDisplayHelpContent\"}" => HTTP 404 (18 bytes)
[PegaHttpClient] 📡 POST https://zdk8budo.pegaacademy.net/prweb/PRRestService/v1/rules/query?pxObjClass=Rule-HTML-Section&appliesTo=Rule-Access-CSP&pyRuleName=pxDisplayHelpContent&RequestClass=Rule-HTML-Section&RequestAppliesTo=Rule-Access-CSP&RequestRuleName=pxDisplayHelpContent Payload: "{\"RequestClass\":\"Rule-HTML-Section\",\"RequestAppliesTo\":\"Rule-Access-CSP\",\"RequestRuleName\":\"pxDisplayHelpContent\"}" => HTTP 404 (18 bytes)
[PegaHttpClient] 📡 POST https://zdk8budo.pegaacademy.net/prweb/api/CodeIntelligence/v1/rules/query?pxObjClass=Rule-HTML-Section&appliesTo=Rule-Access-CSP&pyRuleName=pzLoadCollaborationScripts&RequestClass=Rule-HTML-Section&RequestAppliesTo=Rule-Access-CSP&RequestRuleName=pzLoadCollaborationScripts Payload: "{\"RequestClass\":\"Rule-HTML-Section\",\"RequestAppliesTo\":\"Rule-Access-CSP\",\"RequestRuleName\":\"pzLoadCollaborationScripts\"}" => HTTP 200 (23453 bytes)
[PegaHttpClient] 📡 POST https://zdk8budo.pegaacademy.net/prweb/api/CodeIntelligence/v1/rules/query?pxObjClass=Rule-HTML-Section&appliesTo=Rule-Access-CSP&pyRuleName=pzDisplayCollaboratorsList&RequestClass=Rule-HTML-Section&RequestAppliesTo=Rule-Access-CSP&RequestRuleName=pzDisplayCollaboratorsList Payload: "{\"RequestClass\":\"Rule-HTML-Section\",\"RequestAppliesTo\":\"Rule-Access-CSP\",\"RequestRuleName\":\"pzDisplayCollaboratorsList\"}" => HTTP 200 (105418 bytes)
[PegaHttpClient] 📡 POST https://zdk8budo.pegaacademy.net/prweb/api/CodeIntelligence/v1/rules/query?pxObjClass=Rule-HTML-Section&appliesTo=Rule-Access-CSP&pyRuleName=pyCollaborator&RequestClass=Rule-HTML-Section&RequestAppliesTo=Rule-Access-CSP&RequestRuleName=pyCollaborator Payload: "{\"RequestClass\":\"Rule-HTML-Section\",\"RequestAppliesTo\":\"Rule-Access-CSP\",\"RequestRuleName\":\"pyCollaborator\"}" => HTTP 404 (107 bytes)
[PegaHttpClient] 📡 POST https://zdk8budo.pegaacademy.net/prweb/PRRestService/CodeIntelligence/v1/rules/query?pxObjClass=Rule-HTML-Section&appliesTo=Rule-Access-CSP&pyRuleName=pyCollaborator&RequestClass=Rule-HTML-Section&RequestAppliesTo=Rule-Access-CSP&RequestRuleName=pyCollaborator Payload: "{\"RequestClass\":\"Rule-HTML-Section\",\"RequestAppliesTo\":\"Rule-Access-CSP\",\"RequestRuleName\":\"pyCollaborator\"}" => HTTP 404 (107 bytes)
[PegaHttpClient] 📡 POST https://zdk8budo.pegaacademy.net/prweb/api/HRAppsV2Service/V1/rules/query?pxObjClass=Rule-HTML-Section&appliesTo=Rule-Access-CSP&pyRuleName=pyCollaborator&RequestClass=Rule-HTML-Section&RequestAppliesTo=Rule-Access-CSP&RequestRuleName=pyCollaborator Payload: "{\"RequestClass\":\"Rule-HTML-Section\",\"RequestAppliesTo\":\"Rule-Access-CSP\",\"RequestRuleName\":\"pyCollaborator\"}" => HTTP 404 (18 bytes)
[PegaHttpClient] 📡 POST https://zdk8budo.pegaacademy.net/prweb/PRRestService/HRAppsV2Service/V1/rules/query?pxObjClass=Rule-HTML-Section&appliesTo=Rule-Access-CSP&pyRuleName=pyCollaborator&RequestClass=Rule-HTML-Section&RequestAppliesTo=Rule-Access-CSP&RequestRuleName=pyCollaborator Payload: "{\"RequestClass\":\"Rule-HTML-Section\",\"RequestAppliesTo\":\"Rule-Access-CSP\",\"RequestRuleName\":\"pyCollaborator\"}" => HTTP 404 (18 bytes)
[PegaHttpClient] 📡 POST https://zdk8budo.pegaacademy.net/prweb/api/HRAppsV2/V1/rules/query?pxObjClass=Rule-HTML-Section&appliesTo=Rule-Access-CSP&pyRuleName=pyCollaborator&RequestClass=Rule-HTML-Section&RequestAppliesTo=Rule-Access-CSP&RequestRuleName=pyCollaborator Payload: "{\"RequestClass\":\"Rule-HTML-Section\",\"RequestAppliesTo\":\"Rule-Access-CSP\",\"RequestRuleName\":\"pyCollaborator\"}" => HTTP 404 (18 bytes)
[PegaHttpClient] 📡 POST https://zdk8budo.pegaacademy.net/prweb/PRRestService/HRAppsV2/V1/rules/query?pxObjClass=Rule-HTML-Section&appliesTo=Rule-Access-CSP&pyRuleName=pyCollaborator&RequestClass=Rule-HTML-Section&RequestAppliesTo=Rule-Access-CSP&RequestRuleName=pyCollaborator Payload: "{\"RequestClass\":\"Rule-HTML-Section\",\"RequestAppliesTo\":\"Rule-Access-CSP\",\"RequestRuleName\":\"pyCollaborator\"}" => HTTP 404 (18 bytes)
[PegaHttpClient] 📡 POST https://zdk8budo.pegaacademy.net/prweb/api/v1/rules/query?pxObjClass=Rule-HTML-Section&appliesTo=Rule-Access-CSP&pyRuleName=pyCollaborator&RequestClass=Rule-HTML-Section&RequestAppliesTo=Rule-Access-CSP&RequestRuleName=pyCollaborator Payload: "{\"RequestClass\":\"Rule-HTML-Section\",\"RequestAppliesTo\":\"Rule-Access-CSP\",\"RequestRuleName\":\"pyCollaborator\"}" => HTTP 404 (18 bytes)
[PegaHttpClient] 📡 POST https://zdk8budo.pegaacademy.net/prweb/PRRestService/v1/rules/query?pxObjClass=Rule-HTML-Section&appliesTo=Rule-Access-CSP&pyRuleName=pyCollaborator&RequestClass=Rule-HTML-Section&RequestAppliesTo=Rule-Access-CSP&RequestRuleName=pyCollaborator Payload: "{\"RequestClass\":\"Rule-HTML-Section\",\"RequestAppliesTo\":\"Rule-Access-CSP\",\"RequestRuleName\":\"pyCollaborator\"}" => HTTP 404 (18 bytes)
[PegaHttpClient] 📡 POST https://zdk8budo.pegaacademy.net/prweb/api/CodeIntelligence/v1/rules/query?pxObjClass=Rule-HTML-Section&appliesTo=Rule-Access-CSP&pyRuleName=pzDisplayPartialCount&RequestClass=Rule-HTML-Section&RequestAppliesTo=Rule-Access-CSP&RequestRuleName=pzDisplayPartialCount Payload: "{\"RequestClass\":\"Rule-HTML-Section\",\"RequestAppliesTo\":\"Rule-Access-CSP\",\"RequestRuleName\":\"pzDisplayPartialCount\"}" => HTTP 404 (114 bytes)
[PegaHttpClient] 📡 POST https://zdk8budo.pegaacademy.net/prweb/PRRestService/CodeIntelligence/v1/rules/query?pxObjClass=Rule-HTML-Section&appliesTo=Rule-Access-CSP&pyRuleName=pzDisplayPartialCount&RequestClass=Rule-HTML-Section&RequestAppliesTo=Rule-Access-CSP&RequestRuleName=pzDisplayPartialCount Payload: "{\"RequestClass\":\"Rule-HTML-Section\",\"RequestAppliesTo\":\"Rule-Access-CSP\",\"RequestRuleName\":\"pzDisplayPartialCount\"}" => HTTP 404 (114 bytes)
[PegaHttpClient] 📡 POST https://zdk8budo.pegaacademy.net/prweb/api/HRAppsV2Service/V1/rules/query?pxObjClass=Rule-HTML-Section&appliesTo=Rule-Access-CSP&pyRuleName=pzDisplayPartialCount&RequestClass=Rule-HTML-Section&RequestAppliesTo=Rule-Access-CSP&RequestRuleName=pzDisplayPartialCount Payload: "{\"RequestClass\":\"Rule-HTML-Section\",\"RequestAppliesTo\":\"Rule-Access-CSP\",\"RequestRuleName\":\"pzDisplayPartialCount\"}" => HTTP 404 (18 bytes)
[PegaHttpClient] 📡 POST https://zdk8budo.pegaacademy.net/prweb/PRRestService/HRAppsV2Service/V1/rules/query?pxObjClass=Rule-HTML-Section&appliesTo=Rule-Access-CSP&pyRuleName=pzDisplayPartialCount&RequestClass=Rule-HTML-Section&RequestAppliesTo=Rule-Access-CSP&RequestRuleName=pzDisplayPartialCount Payload: "{\"RequestClass\":\"Rule-HTML-Section\",\"RequestAppliesTo\":\"Rule-Access-CSP\",\"RequestRuleName\":\"pzDisplayPartialCount\"}" => HTTP 404 (18 bytes)
[PegaHttpClient] 📡 POST https://zdk8budo.pegaacademy.net/prweb/api/HRAppsV2/V1/rules/query?pxObjClass=Rule-HTML-Section&appliesTo=Rule-Access-CSP&pyRuleName=pzDisplayPartialCount&RequestClass=Rule-HTML-Section&RequestAppliesTo=Rule-Access-CSP&RequestRuleName=pzDisplayPartialCount Payload: "{\"RequestClass\":\"Rule-HTML-Section\",\"RequestAppliesTo\":\"Rule-Access-CSP\",\"RequestRuleName\":\"pzDisplayPartialCount\"}" => HTTP 404 (18 bytes)
[PegaHttpClient] 📡 POST https://zdk8budo.pegaacademy.net/prweb/PRRestService/HRAppsV2/V1/rules/query?pxObjClass=Rule-HTML-Section&appliesTo=Rule-Access-CSP&pyRuleName=pzDisplayPartialCount&RequestClass=Rule-HTML-Section&RequestAppliesTo=Rule-Access-CSP&RequestRuleName=pzDisplayPartialCount Payload: "{\"RequestClass\":\"Rule-HTML-Section\",\"RequestAppliesTo\":\"Rule-Access-CSP\",\"RequestRuleName\":\"pzDisplayPartialCount\"}" => HTTP 404 (18 bytes)
[PegaHttpClient] 📡 POST https://zdk8budo.pegaacademy.net/prweb/api/v1/rules/query?pxObjClass=Rule-HTML-Section&appliesTo=Rule-Access-CSP&pyRuleName=pzDisplayPartialCount&RequestClass=Rule-HTML-Section&RequestAppliesTo=Rule-Access-CSP&RequestRuleName=pzDisplayPartialCount Payload: "{\"RequestClass\":\"Rule-HTML-Section\",\"RequestAppliesTo\":\"Rule-Access-CSP\",\"RequestRuleName\":\"pzDisplayPartialCount\"}" => HTTP 404 (18 bytes)
[PegaHttpClient] 📡 POST https://zdk8budo.pegaacademy.net/prweb/PRRestService/v1/rules/query?pxObjClass=Rule-HTML-Section&appliesTo=Rule-Access-CSP&pyRuleName=pzDisplayPartialCount&RequestClass=Rule-HTML-Section&RequestAppliesTo=Rule-Access-CSP&RequestRuleName=pzDisplayPartialCount Payload: "{\"RequestClass\":\"Rule-HTML-Section\",\"RequestAppliesTo\":\"Rule-Access-CSP\",\"RequestRuleName\":\"pzDisplayPartialCount\"}" => HTTP 404 (18 bytes)
[SchemaGen] ✅ Schema written for Rule-Access-CSP
[PegaHttpClient] 📡 GET https://zdk8budo.pegaacademy.net/prweb/api/CodeIntelligence/v1/rules/RULE-HTML-HARNESS%20DATA-TESTCASERESULTS%20RULEFORM%20%2320180713T135117.077%20GMT => HTTP 200 (59258 bytes)
[PegaHttpClient] 📡 POST https://zdk8budo.pegaacademy.net/prweb/api/CodeIntelligence/v1/rules/query?pxObjClass=Rule-HTML-Section&appliesTo=Data-TestCaseResults&pyRuleName=pzDisableDirtyCheck&RequestClass=Rule-HTML-Section&RequestAppliesTo=Data-TestCaseResults&RequestRuleName=pzDisableDirtyCheck Payload: "{\"RequestClass\":\"Rule-HTML-Section\",\"RequestAppliesTo\":\"Data-TestCaseResults\",\"RequestRuleName\":\"pzDisableDirtyCheck\"}" => HTTP 200 (37245 bytes)
[PegaHttpClient] 📡 POST https://zdk8budo.pegaacademy.net/prweb/api/CodeIntelligence/v1/rules/query?pxObjClass=Rule-HTML-Section&appliesTo=Data-TestCaseResults&pyRuleName=RuleFormMain&RequestClass=Rule-HTML-Section&RequestAppliesTo=Data-TestCaseResults&RequestRuleName=RuleFormMain Payload: "{\"RequestClass\":\"Rule-HTML-Section\",\"RequestAppliesTo\":\"Data-TestCaseResults\",\"RequestRuleName\":\"RuleFormMain\"}" => HTTP 200 (156234 bytes)
[PegaHttpClient] 📡 POST https://zdk8budo.pegaacademy.net/prweb/api/CodeIntelligence/v1/rules/query?pxObjClass=Rule-HTML-Section&appliesTo=Data-TestCaseResults&pyRuleName=pxAlternateRuleForm&RequestClass=Rule-HTML-Section&RequestAppliesTo=Data-TestCaseResults&RequestRuleName=pxAlternateRuleForm Payload: "{\"RequestClass\":\"Rule-HTML-Section\",\"RequestAppliesTo\":\"Data-TestCaseResults\",\"RequestRuleName\":\"pxAlternateRuleForm\"}" => HTTP 200 (66153 bytes)
[PegaHttpClient] 📡 POST https://zdk8budo.pegaacademy.net/prweb/api/CodeIntelligence/v1/rules/query?pxObjClass=Rule-HTML-Section&appliesTo=Data-TestCaseResults&pyRuleName=pzRuleFormScripts&RequestClass=Rule-HTML-Section&RequestAppliesTo=Data-TestCaseResults&RequestRuleName=pzRuleFormScripts Payload: "{\"RequestClass\":\"Rule-HTML-Section\",\"RequestAppliesTo\":\"Data-TestCaseResults\",\"RequestRuleName\":\"pzRuleFormScripts\"}" => HTTP 200 (40822 bytes)
[PegaHttpClient] 📡 POST https://zdk8budo.pegaacademy.net/prweb/api/CodeIntelligence/v1/rules/query?pxObjClass=Rule-HTML-Section&appliesTo=Data-TestCaseResults&pyRuleName=pzRuleFormLayoutDelegated&RequestClass=Rule-HTML-Section&RequestAppliesTo=Data-TestCaseResults&RequestRuleName=pzRuleFormLayoutDelegated Payload: "{\"RequestClass\":\"Rule-HTML-Section\",\"RequestAppliesTo\":\"Data-TestCaseResults\",\"RequestRuleName\":\"pzRuleFormLayoutDelegated\"}" => HTTP 200 (70998 bytes)
[PegaHttpClient] 📡 POST https://zdk8budo.pegaacademy.net/prweb/api/CodeIntelligence/v1/rules/query?pxObjClass=Rule-HTML-Section&appliesTo=Data-TestCaseResults&pyRuleName=RuleFormLayout&RequestClass=Rule-HTML-Section&RequestAppliesTo=Data-TestCaseResults&RequestRuleName=RuleFormLayout Payload: "{\"RequestClass\":\"Rule-HTML-Section\",\"RequestAppliesTo\":\"Data-TestCaseResults\",\"RequestRuleName\":\"RuleFormLayout\"}" => HTTP 200 (209442 bytes)
[PegaHttpClient] 📡 POST https://zdk8budo.pegaacademy.net/prweb/api/CodeIntelligence/v1/rules/query?pxObjClass=Rule-HTML-Section&appliesTo=Data-TestCaseResults&pyRuleName=RuleFormSettings&RequestClass=Rule-HTML-Section&RequestAppliesTo=Data-TestCaseResults&RequestRuleName=RuleFormSettings Payload: "{\"RequestClass\":\"Rule-HTML-Section\",\"RequestAppliesTo\":\"Data-TestCaseResults\",\"RequestRuleName\":\"RuleFormSettings\"}" => HTTP 200 (21582 bytes)
[PegaHttpClient] 📡 POST https://zdk8budo.pegaacademy.net/prweb/api/CodeIntelligence/v1/rules/query?pxObjClass=Rule-HTML-Section&appliesTo=Data-TestCaseResults&pyRuleName=OpenAuthoring&RequestClass=Rule-HTML-Section&RequestAppliesTo=Data-TestCaseResults&RequestRuleName=OpenAuthoring Payload: "{\"RequestClass\":\"Rule-HTML-Section\",\"RequestAppliesTo\":\"Data-TestCaseResults\",\"RequestRuleName\":\"OpenAuthoring\"}" => HTTP 200 (20315 bytes)
[PegaHttpClient] 📡 POST https://zdk8budo.pegaacademy.net/prweb/api/CodeIntelligence/v1/rules/query?pxObjClass=Rule-HTML-Section&appliesTo=Data-TestCaseResults&pyRuleName=pyCustomHelp&RequestClass=Rule-HTML-Section&RequestAppliesTo=Data-TestCaseResults&RequestRuleName=pyCustomHelp Payload: "{\"RequestClass\":\"Rule-HTML-Section\",\"RequestAppliesTo\":\"Data-TestCaseResults\",\"RequestRuleName\":\"pyCustomHelp\"}" => HTTP 200 (17256 bytes)
[PegaHttpClient] 📡 POST https://zdk8budo.pegaacademy.net/prweb/api/CodeIntelligence/v1/rules/query?pxObjClass=Rule-HTML-Section&appliesTo=Data-TestCaseResults&pyRuleName=pzRuleformMainInclude&RequestClass=Rule-HTML-Section&RequestAppliesTo=Data-TestCaseResults&RequestRuleName=pzRuleformMainInclude Payload: "{\"RequestClass\":\"Rule-HTML-Section\",\"RequestAppliesTo\":\"Data-TestCaseResults\",\"RequestRuleName\":\"pzRuleformMainInclude\"}" => HTTP 200 (22375 bytes)
[PegaHttpClient] 📡 POST https://zdk8budo.pegaacademy.net/prweb/api/CodeIntelligence/v1/rules/query?pxObjClass=Rule-HTML-Section&appliesTo=Data-TestCaseResults&pyRuleName=pyAlternativeRuleFormStrategicAppExtension&RequestClass=Rule-HTML-Section&RequestAppliesTo=Data-TestCaseResults&RequestRuleName=pyAlternativeRuleFormStrategicAppExtension Payload: "{\"RequestClass\":\"Rule-HTML-Section\",\"RequestAppliesTo\":\"Data-TestCaseResults\",\"RequestRuleName\":\"pyAlternativeRuleFormStrategicAppExtension\"}" => HTTP 200 (25042 bytes)
[PegaHttpClient] 📡 POST https://zdk8budo.pegaacademy.net/prweb/api/CodeIntelligence/v1/rules/query?pxObjClass=Rule-HTML-Section&appliesTo=Data-TestCaseResults&pyRuleName=pyAlternativeRuleFormExtension&RequestClass=Rule-HTML-Section&RequestAppliesTo=Data-TestCaseResults&RequestRuleName=pyAlternativeRuleFormExtension Payload: "{\"RequestClass\":\"Rule-HTML-Section\",\"RequestAppliesTo\":\"Data-TestCaseResults\",\"RequestRuleName\":\"pyAlternativeRuleFormExtension\"}" => HTTP 200 (24863 bytes)
[PegaHttpClient] 📡 POST https://zdk8budo.pegaacademy.net/prweb/api/CodeIntelligence/v1/rules/query?pxObjClass=Rule-HTML-Section&appliesTo=Data-TestCaseResults&pyRuleName=RuleFormHeader&RequestClass=Rule-HTML-Section&RequestAppliesTo=Data-TestCaseResults&RequestRuleName=RuleFormHeader Payload: "{\"RequestClass\":\"Rule-HTML-Section\",\"RequestAppliesTo\":\"Data-TestCaseResults\",\"RequestRuleName\":\"RuleFormHeader\"}" => HTTP 200 (183800 bytes)
[PegaHttpClient] 📡 POST https://zdk8budo.pegaacademy.net/prweb/api/CodeIntelligence/v1/rules/query?pxObjClass=Rule-HTML-Section&appliesTo=Data-TestCaseResults&pyRuleName=pzDelegationExperience&RequestClass=Rule-HTML-Section&RequestAppliesTo=Data-TestCaseResults&RequestRuleName=pzDelegationExperience Payload: "{\"RequestClass\":\"Rule-HTML-Section\",\"RequestAppliesTo\":\"Data-TestCaseResults\",\"RequestRuleName\":\"pzDelegationExperience\"}" => HTTP 404 (120 bytes)
[PegaHttpClient] 📡 POST https://zdk8budo.pegaacademy.net/prweb/PRRestService/CodeIntelligence/v1/rules/query?pxObjClass=Rule-HTML-Section&appliesTo=Data-TestCaseResults&pyRuleName=pzDelegationExperience&RequestClass=Rule-HTML-Section&RequestAppliesTo=Data-TestCaseResults&RequestRuleName=pzDelegationExperience Payload: "{\"RequestClass\":\"Rule-HTML-Section\",\"RequestAppliesTo\":\"Data-TestCaseResults\",\"RequestRuleName\":\"pzDelegationExperience\"}" => HTTP 404 (120 bytes)
[PegaHttpClient] 📡 POST https://zdk8budo.pegaacademy.net/prweb/api/HRAppsV2Service/V1/rules/query?pxObjClass=Rule-HTML-Section&appliesTo=Data-TestCaseResults&pyRuleName=pzDelegationExperience&RequestClass=Rule-HTML-Section&RequestAppliesTo=Data-TestCaseResults&RequestRuleName=pzDelegationExperience Payload: "{\"RequestClass\":\"Rule-HTML-Section\",\"RequestAppliesTo\":\"Data-TestCaseResults\",\"RequestRuleName\":\"pzDelegationExperience\"}" => HTTP 404 (18 bytes)
[PegaHttpClient] 📡 POST https://zdk8budo.pegaacademy.net/prweb/PRRestService/HRAppsV2Service/V1/rules/query?pxObjClass=Rule-HTML-Section&appliesTo=Data-TestCaseResults&pyRuleName=pzDelegationExperience&RequestClass=Rule-HTML-Section&RequestAppliesTo=Data-TestCaseResults&RequestRuleName=pzDelegationExperience Payload: "{\"RequestClass\":\"Rule-HTML-Section\",\"RequestAppliesTo\":\"Data-TestCaseResults\",\"RequestRuleName\":\"pzDelegationExperience\"}" => HTTP 404 (18 bytes)
[PegaHttpClient] 📡 POST https://zdk8budo.pegaacademy.net/prweb/api/HRAppsV2/V1/rules/query?pxObjClass=Rule-HTML-Section&appliesTo=Data-TestCaseResults&pyRuleName=pzDelegationExperience&RequestClass=Rule-HTML-Section&RequestAppliesTo=Data-TestCaseResults&RequestRuleName=pzDelegationExperience Payload: "{\"RequestClass\":\"Rule-HTML-Section\",\"RequestAppliesTo\":\"Data-TestCaseResults\",\"RequestRuleName\":\"pzDelegationExperience\"}" => HTTP 404 (18 bytes)
[PegaHttpClient] 📡 POST https://zdk8budo.pegaacademy.net/prweb/PRRestService/HRAppsV2/V1/rules/query?pxObjClass=Rule-HTML-Section&appliesTo=Data-TestCaseResults&pyRuleName=pzDelegationExperience&RequestClass=Rule-HTML-Section&RequestAppliesTo=Data-TestCaseResults&RequestRuleName=pzDelegationExperience Payload: "{\"RequestClass\":\"Rule-HTML-Section\",\"RequestAppliesTo\":\"Data-TestCaseResults\",\"RequestRuleName\":\"pzDelegationExperience\"}" => HTTP 404 (18 bytes)
[PegaHttpClient] 📡 POST https://zdk8budo.pegaacademy.net/prweb/api/v1/rules/query?pxObjClass=Rule-HTML-Section&appliesTo=Data-TestCaseResults&pyRuleName=pzDelegationExperience&RequestClass=Rule-HTML-Section&RequestAppliesTo=Data-TestCaseResults&RequestRuleName=pzDelegationExperience Payload: "{\"RequestClass\":\"Rule-HTML-Section\",\"RequestAppliesTo\":\"Data-TestCaseResults\",\"RequestRuleName\":\"pzDelegationExperience\"}" => HTTP 404 (18 bytes)
[PegaHttpClient] 📡 POST https://zdk8budo.pegaacademy.net/prweb/PRRestService/v1/rules/query?pxObjClass=Rule-HTML-Section&appliesTo=Data-TestCaseResults&pyRuleName=pzDelegationExperience&RequestClass=Rule-HTML-Section&RequestAppliesTo=Data-TestCaseResults&RequestRuleName=pzDelegationExperience Payload: "{\"RequestClass\":\"Rule-HTML-Section\",\"RequestAppliesTo\":\"Data-TestCaseResults\",\"RequestRuleName\":\"pzDelegationExperience\"}" => HTTP 404 (18 bytes)
[PegaHttpClient] 📡 POST https://zdk8budo.pegaacademy.net/prweb/api/CodeIntelligence/v1/rules/query?pxObjClass=Rule-HTML-Section&appliesTo=Data-TestCaseResults&pyRuleName=pzRuleFormKeysAndDescription&RequestClass=Rule-HTML-Section&RequestAppliesTo=Data-TestCaseResults&RequestRuleName=pzRuleFormKeysAndDescription Payload: "{\"RequestClass\":\"Rule-HTML-Section\",\"RequestAppliesTo\":\"Data-TestCaseResults\",\"RequestRuleName\":\"pzRuleFormKeysAndDescription\"}" => HTTP 200 (218057 bytes)
[PegaHttpClient] 📡 POST https://zdk8budo.pegaacademy.net/prweb/api/CodeIntelligence/v1/rules/query?pxObjClass=Rule-HTML-Section&appliesTo=Data-TestCaseResults&pyRuleName=pzTestCaseRunHeaderDetails&RequestClass=Rule-HTML-Section&RequestAppliesTo=Data-TestCaseResults&RequestRuleName=pzTestCaseRunHeaderDetails Payload: "{\"RequestClass\":\"Rule-HTML-Section\",\"RequestAppliesTo\":\"Data-TestCaseResults\",\"RequestRuleName\":\"pzTestCaseRunHeaderDetails\"}" => HTTP 200 (76948 bytes)
[PegaHttpClient] 📡 POST https://zdk8budo.pegaacademy.net/prweb/api/CodeIntelligence/v1/rules/query?pxObjClass=Rule-HTML-Section&appliesTo=Data-TestCaseResults&pyRuleName=pzRuleFormStatus&RequestClass=Rule-HTML-Section&RequestAppliesTo=Data-TestCaseResults&RequestRuleName=pzRuleFormStatus Payload: "{\"RequestClass\":\"Rule-HTML-Section\",\"RequestAppliesTo\":\"Data-TestCaseResults\",\"RequestRuleName\":\"pzRuleFormStatus\"}" => HTTP 200 (29579 bytes)
[PegaHttpClient] 📡 POST https://zdk8budo.pegaacademy.net/prweb/api/CodeIntelligence/v1/rules/query?pxObjClass=Rule-HTML-Section&appliesTo=Data-TestCaseResults&pyRuleName=pzTestResultsDetails&RequestClass=Rule-HTML-Section&RequestAppliesTo=Data-TestCaseResults&RequestRuleName=pzTestResultsDetails Payload: "{\"RequestClass\":\"Rule-HTML-Section\",\"RequestAppliesTo\":\"Data-TestCaseResults\",\"RequestRuleName\":\"pzTestResultsDetails\"}" => HTTP 200 (58975 bytes)
[PegaHttpClient] 📡 POST https://zdk8budo.pegaacademy.net/prweb/api/CodeIntelligence/v1/rules/query?pxObjClass=Rule-HTML-Section&appliesTo=Data-TestCaseResults&pyRuleName=pzCustomHelp&RequestClass=Rule-HTML-Section&RequestAppliesTo=Data-TestCaseResults&RequestRuleName=pzCustomHelp Payload: "{\"RequestClass\":\"Rule-HTML-Section\",\"RequestAppliesTo\":\"Data-TestCaseResults\",\"RequestRuleName\":\"pzCustomHelp\"}" => HTTP 200 (31573 bytes)
[PegaHttpClient] 📡 POST https://zdk8budo.pegaacademy.net/prweb/api/CodeIntelligence/v1/rules/query?pxObjClass=Rule-HTML-Section&appliesTo=Data-TestCaseResults&pyRuleName=pzRuleFormRuleset&RequestClass=Rule-HTML-Section&RequestAppliesTo=Data-TestCaseResults&RequestRuleName=pzRuleFormRuleset Payload: "{\"RequestClass\":\"Rule-HTML-Section\",\"RequestAppliesTo\":\"Data-TestCaseResults\",\"RequestRuleName\":\"pzRuleFormRuleset\"}" => HTTP 200 (29020 bytes)
[PegaHttpClient] 📡 POST https://zdk8budo.pegaacademy.net/prweb/api/CodeIntelligence/v1/rules/query?pxObjClass=Rule-HTML-Section&appliesTo=Data-TestCaseResults&pyRuleName=undefined&RequestClass=Rule-HTML-Section&RequestAppliesTo=Data-TestCaseResults&RequestRuleName=undefined Payload: "{\"RequestClass\":\"Rule-HTML-Section\",\"RequestAppliesTo\":\"Data-TestCaseResults\",\"RequestRuleName\":\"undefined\"}" => HTTP 404 (107 bytes)
[PegaHttpClient] 📡 POST https://zdk8budo.pegaacademy.net/prweb/PRRestService/CodeIntelligence/v1/rules/query?pxObjClass=Rule-HTML-Section&appliesTo=Data-TestCaseResults&pyRuleName=undefined&RequestClass=Rule-HTML-Section&RequestAppliesTo=Data-TestCaseResults&RequestRuleName=undefined Payload: "{\"RequestClass\":\"Rule-HTML-Section\",\"RequestAppliesTo\":\"Data-TestCaseResults\",\"RequestRuleName\":\"undefined\"}" => HTTP 404 (107 bytes)
[PegaHttpClient] 📡 POST https://zdk8budo.pegaacademy.net/prweb/api/HRAppsV2Service/V1/rules/query?pxObjClass=Rule-HTML-Section&appliesTo=Data-TestCaseResults&pyRuleName=undefined&RequestClass=Rule-HTML-Section&RequestAppliesTo=Data-TestCaseResults&RequestRuleName=undefined Payload: "{\"RequestClass\":\"Rule-HTML-Section\",\"RequestAppliesTo\":\"Data-TestCaseResults\",\"RequestRuleName\":\"undefined\"}" => HTTP 404 (18 bytes)
[PegaHttpClient] 📡 POST https://zdk8budo.pegaacademy.net/prweb/PRRestService/HRAppsV2Service/V1/rules/query?pxObjClass=Rule-HTML-Section&appliesTo=Data-TestCaseResults&pyRuleName=undefined&RequestClass=Rule-HTML-Section&RequestAppliesTo=Data-TestCaseResults&RequestRuleName=undefined Payload: "{\"RequestClass\":\"Rule-HTML-Section\",\"RequestAppliesTo\":\"Data-TestCaseResults\",\"RequestRuleName\":\"undefined\"}" => HTTP 404 (18 bytes)
[PegaHttpClient] 📡 POST https://zdk8budo.pegaacademy.net/prweb/api/HRAppsV2/V1/rules/query?pxObjClass=Rule-HTML-Section&appliesTo=Data-TestCaseResults&pyRuleName=undefined&RequestClass=Rule-HTML-Section&RequestAppliesTo=Data-TestCaseResults&RequestRuleName=undefined Payload: "{\"RequestClass\":\"Rule-HTML-Section\",\"RequestAppliesTo\":\"Data-TestCaseResults\",\"RequestRuleName\":\"undefined\"}" => HTTP 404 (18 bytes)
[PegaHttpClient] 📡 POST https://zdk8budo.pegaacademy.net/prweb/PRRestService/HRAppsV2/V1/rules/query?pxObjClass=Rule-HTML-Section&appliesTo=Data-TestCaseResults&pyRuleName=undefined&RequestClass=Rule-HTML-Section&RequestAppliesTo=Data-TestCaseResults&RequestRuleName=undefined Payload: "{\"RequestClass\":\"Rule-HTML-Section\",\"RequestAppliesTo\":\"Data-TestCaseResults\",\"RequestRuleName\":\"undefined\"}" => HTTP 404 (18 bytes)
[PegaHttpClient] 📡 POST https://zdk8budo.pegaacademy.net/prweb/api/v1/rules/query?pxObjClass=Rule-HTML-Section&appliesTo=Data-TestCaseResults&pyRuleName=undefined&RequestClass=Rule-HTML-Section&RequestAppliesTo=Data-TestCaseResults&RequestRuleName=undefined Payload: "{\"RequestClass\":\"Rule-HTML-Section\",\"RequestAppliesTo\":\"Data-TestCaseResults\",\"RequestRuleName\":\"undefined\"}" => HTTP 404 (18 bytes)
[PegaHttpClient] 📡 POST https://zdk8budo.pegaacademy.net/prweb/PRRestService/v1/rules/query?pxObjClass=Rule-HTML-Section&appliesTo=Data-TestCaseResults&pyRuleName=undefined&RequestClass=Rule-HTML-Section&RequestAppliesTo=Data-TestCaseResults&RequestRuleName=undefined Payload: "{\"RequestClass\":\"Rule-HTML-Section\",\"RequestAppliesTo\":\"Data-TestCaseResults\",\"RequestRuleName\":\"undefined\"}" => HTTP 404 (18 bytes)
[PegaHttpClient] 📡 POST https://zdk8budo.pegaacademy.net/prweb/api/CodeIntelligence/v1/rules/query?pxObjClass=Rule-HTML-Section&appliesTo=Data-TestCaseResults&pyRuleName=pzRuleFormToolbar&RequestClass=Rule-HTML-Section&RequestAppliesTo=Data-TestCaseResults&RequestRuleName=pzRuleFormToolbar Payload: "{\"RequestClass\":\"Rule-HTML-Section\",\"RequestAppliesTo\":\"Data-TestCaseResults\",\"RequestRuleName\":\"pzRuleFormToolbar\"}" => HTTP 200 (242691 bytes)
[PegaHttpClient] 📡 POST https://zdk8budo.pegaacademy.net/prweb/api/CodeIntelligence/v1/rules/query?pxObjClass=Rule-HTML-Section&appliesTo=Data-TestCaseResults&pyRuleName=pzRuleFormToolbarCompare&RequestClass=Rule-HTML-Section&RequestAppliesTo=Data-TestCaseResults&RequestRuleName=pzRuleFormToolbarCompare Payload: "{\"RequestClass\":\"Rule-HTML-Section\",\"RequestAppliesTo\":\"Data-TestCaseResults\",\"RequestRuleName\":\"pzRuleFormToolbarCompare\"}" => HTTP 200 (61925 bytes)
[PegaHttpClient] 📡 POST https://zdk8budo.pegaacademy.net/prweb/api/CodeIntelligence/v1/rules/query?pxObjClass=Rule-HTML-Section&appliesTo=Data-TestCaseResults&pyRuleName=RuleFormHeaderMessages&RequestClass=Rule-HTML-Section&RequestAppliesTo=Data-TestCaseResults&RequestRuleName=RuleFormHeaderMessages Payload: "{\"RequestClass\":\"Rule-HTML-Section\",\"RequestAppliesTo\":\"Data-TestCaseResults\",\"RequestRuleName\":\"RuleFormHeaderMessages\"}" => HTTP 200 (26518 bytes)
[PegaHttpClient] 📡 POST https://zdk8budo.pegaacademy.net/prweb/api/CodeIntelligence/v1/rules/query?pxObjClass=Rule-HTML-Section&appliesTo=Data-TestCaseResults&pyRuleName=pzRuleFormHeaderCompareWithDropDown&RequestClass=Rule-HTML-Section&RequestAppliesTo=Data-TestCaseResults&RequestRuleName=pzRuleFormHeaderCompareWithDropDown Payload: "{\"RequestClass\":\"Rule-HTML-Section\",\"RequestAppliesTo\":\"Data-TestCaseResults\",\"RequestRuleName\":\"pzRuleFormHeaderCompareWithDropDown\"}" => HTTP 200 (25396 bytes)
[PegaHttpClient] 📡 POST https://zdk8budo.pegaacademy.net/prweb/api/CodeIntelligence/v1/rules/query?pxObjClass=Rule-HTML-Section&appliesTo=Data-TestCaseResults&pyRuleName=pzTestResultStatusLeft&RequestClass=Rule-HTML-Section&RequestAppliesTo=Data-TestCaseResults&RequestRuleName=pzTestResultStatusLeft Payload: "{\"RequestClass\":\"Rule-HTML-Section\",\"RequestAppliesTo\":\"Data-TestCaseResults\",\"RequestRuleName\":\"pzTestResultStatusLeft\"}" => HTTP 200 (187126 bytes)
[PegaHttpClient] 📡 POST https://zdk8budo.pegaacademy.net/prweb/api/CodeIntelligence/v1/rules/query?pxObjClass=Rule-HTML-Section&appliesTo=Data-TestCaseResults&pyRuleName=pzErrorsAboveGrid&RequestClass=Rule-HTML-Section&RequestAppliesTo=Data-TestCaseResults&RequestRuleName=pzErrorsAboveGrid Payload: "{\"RequestClass\":\"Rule-HTML-Section\",\"RequestAppliesTo\":\"Data-TestCaseResults\",\"RequestRuleName\":\"pzErrorsAboveGrid\"}" => HTTP 200 (215087 bytes)
[PegaHttpClient] 📡 POST https://zdk8budo.pegaacademy.net/prweb/api/CodeIntelligence/v1/rules/query?pxObjClass=Rule-HTML-Section&appliesTo=Data-TestCaseResults&pyRuleName=pzUnexpectedResults&RequestClass=Rule-HTML-Section&RequestAppliesTo=Data-TestCaseResults&RequestRuleName=pzUnexpectedResults Payload: "{\"RequestClass\":\"Rule-HTML-Section\",\"RequestAppliesTo\":\"Data-TestCaseResults\",\"RequestRuleName\":\"pzUnexpectedResults\"}" => HTTP 200 (189607 bytes)
[PegaHttpClient] 📡 POST https://zdk8budo.pegaacademy.net/prweb/api/CodeIntelligence/v1/rules/query?pxObjClass=Rule-HTML-Section&appliesTo=Data-TestCaseResults&pyRuleName=undefined&RequestClass=Rule-HTML-Section&RequestAppliesTo=Data-TestCaseResults&RequestRuleName=undefined Payload: "{\"RequestClass\":\"Rule-HTML-Section\",\"RequestAppliesTo\":\"Data-TestCaseResults\",\"RequestRuleName\":\"undefined\"}" => HTTP 404 (107 bytes)
[PegaHttpClient] 📡 POST https://zdk8budo.pegaacademy.net/prweb/PRRestService/CodeIntelligence/v1/rules/query?pxObjClass=Rule-HTML-Section&appliesTo=Data-TestCaseResults&pyRuleName=undefined&RequestClass=Rule-HTML-Section&RequestAppliesTo=Data-TestCaseResults&RequestRuleName=undefined Payload: "{\"RequestClass\":\"Rule-HTML-Section\",\"RequestAppliesTo\":\"Data-TestCaseResults\",\"RequestRuleName\":\"undefined\"}" => HTTP 404 (107 bytes)
[PegaHttpClient] 📡 POST https://zdk8budo.pegaacademy.net/prweb/api/HRAppsV2Service/V1/rules/query?pxObjClass=Rule-HTML-Section&appliesTo=Data-TestCaseResults&pyRuleName=undefined&RequestClass=Rule-HTML-Section&RequestAppliesTo=Data-TestCaseResults&RequestRuleName=undefined Payload: "{\"RequestClass\":\"Rule-HTML-Section\",\"RequestAppliesTo\":\"Data-TestCaseResults\",\"RequestRuleName\":\"undefined\"}" => HTTP 404 (18 bytes)
[PegaHttpClient] 📡 POST https://zdk8budo.pegaacademy.net/prweb/PRRestService/HRAppsV2Service/V1/rules/query?pxObjClass=Rule-HTML-Section&appliesTo=Data-TestCaseResults&pyRuleName=undefined&RequestClass=Rule-HTML-Section&RequestAppliesTo=Data-TestCaseResults&RequestRuleName=undefined Payload: "{\"RequestClass\":\"Rule-HTML-Section\",\"RequestAppliesTo\":\"Data-TestCaseResults\",\"RequestRuleName\":\"undefined\"}" => HTTP 404 (18 bytes)
[PegaHttpClient] 📡 POST https://zdk8budo.pegaacademy.net/prweb/api/HRAppsV2/V1/rules/query?pxObjClass=Rule-HTML-Section&appliesTo=Data-TestCaseResults&pyRuleName=undefined&RequestClass=Rule-HTML-Section&RequestAppliesTo=Data-TestCaseResults&RequestRuleName=undefined Payload: "{\"RequestClass\":\"Rule-HTML-Section\",\"RequestAppliesTo\":\"Data-TestCaseResults\",\"RequestRuleName\":\"undefined\"}" => HTTP 404 (18 bytes)
[PegaHttpClient] 📡 POST https://zdk8budo.pegaacademy.net/prweb/PRRestService/HRAppsV2/V1/rules/query?pxObjClass=Rule-HTML-Section&appliesTo=Data-TestCaseResults&pyRuleName=undefined&RequestClass=Rule-HTML-Section&RequestAppliesTo=Data-TestCaseResults&RequestRuleName=undefined Payload: "{\"RequestClass\":\"Rule-HTML-Section\",\"RequestAppliesTo\":\"Data-TestCaseResults\",\"RequestRuleName\":\"undefined\"}" => HTTP 404 (18 bytes)
[PegaHttpClient] 📡 POST https://zdk8budo.pegaacademy.net/prweb/api/v1/rules/query?pxObjClass=Rule-HTML-Section&appliesTo=Data-TestCaseResults&pyRuleName=undefined&RequestClass=Rule-HTML-Section&RequestAppliesTo=Data-TestCaseResults&RequestRuleName=undefined Payload: "{\"RequestClass\":\"Rule-HTML-Section\",\"RequestAppliesTo\":\"Data-TestCaseResults\",\"RequestRuleName\":\"undefined\"}" => HTTP 404 (18 bytes)
[PegaHttpClient] 📡 POST https://zdk8budo.pegaacademy.net/prweb/PRRestService/v1/rules/query?pxObjClass=Rule-HTML-Section&appliesTo=Data-TestCaseResults&pyRuleName=undefined&RequestClass=Rule-HTML-Section&RequestAppliesTo=Data-TestCaseResults&RequestRuleName=undefined Payload: "{\"RequestClass\":\"Rule-HTML-Section\",\"RequestAppliesTo\":\"Data-TestCaseResults\",\"RequestRuleName\":\"undefined\"}" => HTTP 404 (18 bytes)
[PegaHttpClient] 📡 POST https://zdk8budo.pegaacademy.net/prweb/api/CodeIntelligence/v1/rules/query?pxObjClass=Rule-HTML-Section&appliesTo=Data-TestCaseResults&pyRuleName=pzRuleFormToolbarHotKeys&RequestClass=Rule-HTML-Section&RequestAppliesTo=Data-TestCaseResults&RequestRuleName=pzRuleFormToolbarHotKeys Payload: "{\"RequestClass\":\"Rule-HTML-Section\",\"RequestAppliesTo\":\"Data-TestCaseResults\",\"RequestRuleName\":\"pzRuleFormToolbarHotKeys\"}" => HTTP 200 (85058 bytes)
[PegaHttpClient] 📡 POST https://zdk8budo.pegaacademy.net/prweb/api/CodeIntelligence/v1/rules/query?pxObjClass=Rule-HTML-Section&appliesTo=Data-TestCaseResults&pyRuleName=pzRuleFormToolbarLockedIcon&RequestClass=Rule-HTML-Section&RequestAppliesTo=Data-TestCaseResults&RequestRuleName=pzRuleFormToolbarLockedIcon Payload: "{\"RequestClass\":\"Rule-HTML-Section\",\"RequestAppliesTo\":\"Data-TestCaseResults\",\"RequestRuleName\":\"pzRuleFormToolbarLockedIcon\"}" => HTTP 200 (19111 bytes)
[PegaHttpClient] 📡 POST https://zdk8budo.pegaacademy.net/prweb/api/CodeIntelligence/v1/rules/query?pxObjClass=Rule-HTML-Section&appliesTo=Data-TestCaseResults&pyRuleName=pzRuleFormToolbarCollaborators&RequestClass=Rule-HTML-Section&RequestAppliesTo=Data-TestCaseResults&RequestRuleName=pzRuleFormToolbarCollaborators Payload: "{\"RequestClass\":\"Rule-HTML-Section\",\"RequestAppliesTo\":\"Data-TestCaseResults\",\"RequestRuleName\":\"pzRuleFormToolbarCollaborators\"}" => HTTP 200 (15254 bytes)
[PegaHttpClient] 📡 POST https://zdk8budo.pegaacademy.net/prweb/api/CodeIntelligence/v1/rules/query?pxObjClass=Rule-HTML-Section&appliesTo=Data-TestCaseResults&pyRuleName=pzRuleFormToolbarSaveAs&RequestClass=Rule-HTML-Section&RequestAppliesTo=Data-TestCaseResults&RequestRuleName=pzRuleFormToolbarSaveAs Payload: "{\"RequestClass\":\"Rule-HTML-Section\",\"RequestAppliesTo\":\"Data-TestCaseResults\",\"RequestRuleName\":\"pzRuleFormToolbarSaveAs\"}" => HTTP 200 (64084 bytes)
[PegaHttpClient] 📡 POST https://zdk8budo.pegaacademy.net/prweb/api/CodeIntelligence/v1/rules/query?pxObjClass=Rule-HTML-Section&appliesTo=Data-TestCaseResults&pyRuleName=pzRuleFormToolbarCheckin&RequestClass=Rule-HTML-Section&RequestAppliesTo=Data-TestCaseResults&RequestRuleName=pzRuleFormToolbarCheckin Payload: "{\"RequestClass\":\"Rule-HTML-Section\",\"RequestAppliesTo\":\"Data-TestCaseResults\",\"RequestRuleName\":\"pzRuleFormToolbarCheckin\"}" => HTTP 200 (15601 bytes)
[PegaHttpClient] 📡 POST https://zdk8budo.pegaacademy.net/prweb/api/CodeIntelligence/v1/rules/query?pxObjClass=Rule-HTML-Section&appliesTo=Data-TestCaseResults&pyRuleName=pzRuleFormToolbarDelete&RequestClass=Rule-HTML-Section&RequestAppliesTo=Data-TestCaseResults&RequestRuleName=pzRuleFormToolbarDelete Payload: "{\"RequestClass\":\"Rule-HTML-Section\",\"RequestAppliesTo\":\"Data-TestCaseResults\",\"RequestRuleName\":\"pzRuleFormToolbarDelete\"}" => HTTP 200 (30249 bytes)
[PegaHttpClient] 📡 POST https://zdk8budo.pegaacademy.net/prweb/api/CodeIntelligence/v1/rules/query?pxObjClass=Rule-HTML-Section&appliesTo=Data-TestCaseResults&pyRuleName=pzRuleFormToolbarSave&RequestClass=Rule-HTML-Section&RequestAppliesTo=Data-TestCaseResults&RequestRuleName=pzRuleFormToolbarSave Payload: "{\"RequestClass\":\"Rule-HTML-Section\",\"RequestAppliesTo\":\"Data-TestCaseResults\",\"RequestRuleName\":\"pzRuleFormToolbarSave\"}" => HTTP 200 (293885 bytes)
[PegaHttpClient] 📡 POST https://zdk8budo.pegaacademy.net/prweb/api/CodeIntelligence/v1/rules/query?pxObjClass=Rule-HTML-Section&appliesTo=Data-TestCaseResults&pyRuleName=pzRuleFormToolbarCheckout&RequestClass=Rule-HTML-Section&RequestAppliesTo=Data-TestCaseResults&RequestRuleName=pzRuleFormToolbarCheckout Payload: "{\"RequestClass\":\"Rule-HTML-Section\",\"RequestAppliesTo\":\"Data-TestCaseResults\",\"RequestRuleName\":\"pzRuleFormToolbarCheckout\"}" => HTTP 200 (14854 bytes)
[PegaHttpClient] 📡 POST https://zdk8budo.pegaacademy.net/prweb/api/CodeIntelligence/v1/rules/query?pxObjClass=Rule-HTML-Section&appliesTo=Data-TestCaseResults&pyRuleName=pzRemoveErrorsDataPage&RequestClass=Rule-HTML-Section&RequestAppliesTo=Data-TestCaseResults&RequestRuleName=pzRemoveErrorsDataPage Payload: "{\"RequestClass\":\"Rule-HTML-Section\",\"RequestAppliesTo\":\"Data-TestCaseResults\",\"RequestRuleName\":\"pzRemoveErrorsDataPage\"}" => HTTP 200 (16733 bytes)
[PegaHttpClient] 📡 POST https://zdk8budo.pegaacademy.net/prweb/api/CodeIntelligence/v1/rules/query?pxObjClass=Rule-HTML-Section&appliesTo=Data-TestCaseResults&pyRuleName=pzRuleFormHeaderMessagesWrapper&RequestClass=Rule-HTML-Section&RequestAppliesTo=Data-TestCaseResults&RequestRuleName=pzRuleFormHeaderMessagesWrapper Payload: "{\"RequestClass\":\"Rule-HTML-Section\",\"RequestAppliesTo\":\"Data-TestCaseResults\",\"RequestRuleName\":\"pzRuleFormHeaderMessagesWrapper\"}" => HTTP 200 (16981 bytes)
[PegaHttpClient] 📡 POST https://zdk8budo.pegaacademy.net/prweb/api/CodeIntelligence/v1/rules/query?pxObjClass=Rule-HTML-Section&appliesTo=Data-TestCaseResults&pyRuleName=pzDataPageDetails&RequestClass=Rule-HTML-Section&RequestAppliesTo=Data-TestCaseResults&RequestRuleName=pzDataPageDetails Payload: "{\"RequestClass\":\"Rule-HTML-Section\",\"RequestAppliesTo\":\"Data-TestCaseResults\",\"RequestRuleName\":\"pzDataPageDetails\"}" => HTTP 200 (288047 bytes)
[PegaHttpClient] 📡 POST https://zdk8budo.pegaacademy.net/prweb/api/CodeIntelligence/v1/rules/query?pxObjClass=Rule-HTML-Section&appliesTo=Data-TestCaseResults&pyRuleName=pzShowCleanupErrorWrapper&RequestClass=Rule-HTML-Section&RequestAppliesTo=Data-TestCaseResults&RequestRuleName=pzShowCleanupErrorWrapper Payload: "{\"RequestClass\":\"Rule-HTML-Section\",\"RequestAppliesTo\":\"Data-TestCaseResults\",\"RequestRuleName\":\"pzShowCleanupErrorWrapper\"}" => HTTP 404 (123 bytes)
[PegaHttpClient] 📡 POST https://zdk8budo.pegaacademy.net/prweb/PRRestService/CodeIntelligence/v1/rules/query?pxObjClass=Rule-HTML-Section&appliesTo=Data-TestCaseResults&pyRuleName=pzShowCleanupErrorWrapper&RequestClass=Rule-HTML-Section&RequestAppliesTo=Data-TestCaseResults&RequestRuleName=pzShowCleanupErrorWrapper Payload: "{\"RequestClass\":\"Rule-HTML-Section\",\"RequestAppliesTo\":\"Data-TestCaseResults\",\"RequestRuleName\":\"pzShowCleanupErrorWrapper\"}" => HTTP 404 (123 bytes)
[PegaHttpClient] 📡 POST https://zdk8budo.pegaacademy.net/prweb/api/HRAppsV2Service/V1/rules/query?pxObjClass=Rule-HTML-Section&appliesTo=Data-TestCaseResults&pyRuleName=pzShowCleanupErrorWrapper&RequestClass=Rule-HTML-Section&RequestAppliesTo=Data-TestCaseResults&RequestRuleName=pzShowCleanupErrorWrapper Payload: "{\"RequestClass\":\"Rule-HTML-Section\",\"RequestAppliesTo\":\"Data-TestCaseResults\",\"RequestRuleName\":\"pzShowCleanupErrorWrapper\"}" => HTTP 404 (18 bytes)
[PegaHttpClient] 📡 POST https://zdk8budo.pegaacademy.net/prweb/PRRestService/HRAppsV2Service/V1/rules/query?pxObjClass=Rule-HTML-Section&appliesTo=Data-TestCaseResults&pyRuleName=pzShowCleanupErrorWrapper&RequestClass=Rule-HTML-Section&RequestAppliesTo=Data-TestCaseResults&RequestRuleName=pzShowCleanupErrorWrapper Payload: "{\"RequestClass\":\"Rule-HTML-Section\",\"RequestAppliesTo\":\"Data-TestCaseResults\",\"RequestRuleName\":\"pzShowCleanupErrorWrapper\"}" => HTTP 404 (18 bytes)
[PegaHttpClient] 📡 POST https://zdk8budo.pegaacademy.net/prweb/api/HRAppsV2/V1/rules/query?pxObjClass=Rule-HTML-Section&appliesTo=Data-TestCaseResults&pyRuleName=pzShowCleanupErrorWrapper&RequestClass=Rule-HTML-Section&RequestAppliesTo=Data-TestCaseResults&RequestRuleName=pzShowCleanupErrorWrapper Payload: "{\"RequestClass\":\"Rule-HTML-Section\",\"RequestAppliesTo\":\"Data-TestCaseResults\",\"RequestRuleName\":\"pzShowCleanupErrorWrapper\"}" => HTTP 404 (18 bytes)
[PegaHttpClient] 📡 POST https://zdk8budo.pegaacademy.net/prweb/PRRestService/HRAppsV2/V1/rules/query?pxObjClass=Rule-HTML-Section&appliesTo=Data-TestCaseResults&pyRuleName=pzShowCleanupErrorWrapper&RequestClass=Rule-HTML-Section&RequestAppliesTo=Data-TestCaseResults&RequestRuleName=pzShowCleanupErrorWrapper Payload: "{\"RequestClass\":\"Rule-HTML-Section\",\"RequestAppliesTo\":\"Data-TestCaseResults\",\"RequestRuleName\":\"pzShowCleanupErrorWrapper\"}" => HTTP 404 (18 bytes)
[PegaHttpClient] 📡 POST https://zdk8budo.pegaacademy.net/prweb/api/v1/rules/query?pxObjClass=Rule-HTML-Section&appliesTo=Data-TestCaseResults&pyRuleName=pzShowCleanupErrorWrapper&RequestClass=Rule-HTML-Section&RequestAppliesTo=Data-TestCaseResults&RequestRuleName=pzShowCleanupErrorWrapper Payload: "{\"RequestClass\":\"Rule-HTML-Section\",\"RequestAppliesTo\":\"Data-TestCaseResults\",\"RequestRuleName\":\"pzShowCleanupErrorWrapper\"}" => HTTP 404 (18 bytes)
[PegaHttpClient] 📡 POST https://zdk8budo.pegaacademy.net/prweb/PRRestService/v1/rules/query?pxObjClass=Rule-HTML-Section&appliesTo=Data-TestCaseResults&pyRuleName=pzShowCleanupErrorWrapper&RequestClass=Rule-HTML-Section&RequestAppliesTo=Data-TestCaseResults&RequestRuleName=pzShowCleanupErrorWrapper Payload: "{\"RequestClass\":\"Rule-HTML-Section\",\"RequestAppliesTo\":\"Data-TestCaseResults\",\"RequestRuleName\":\"pzShowCleanupErrorWrapper\"}" => HTTP 404 (18 bytes)
[PegaHttpClient] 📡 POST https://zdk8budo.pegaacademy.net/prweb/api/CodeIntelligence/v1/rules/query?pxObjClass=Rule-HTML-Section&appliesTo=Data-TestCaseResults&pyRuleName=pzMainDetails&RequestClass=Rule-HTML-Section&RequestAppliesTo=Data-TestCaseResults&RequestRuleName=pzMainDetails Payload: "{\"RequestClass\":\"Rule-HTML-Section\",\"RequestAppliesTo\":\"Data-TestCaseResults\",\"RequestRuleName\":\"pzMainDetails\"}" => HTTP 200 (32208 bytes)
[PegaHttpClient] 📡 POST https://zdk8budo.pegaacademy.net/prweb/api/CodeIntelligence/v1/rules/query?pxObjClass=Rule-HTML-Section&appliesTo=Data-TestCaseResults&pyRuleName=pxDisplayCollaborators&RequestClass=Rule-HTML-Section&RequestAppliesTo=Data-TestCaseResults&RequestRuleName=pxDisplayCollaborators Payload: "{\"RequestClass\":\"Rule-HTML-Section\",\"RequestAppliesTo\":\"Data-TestCaseResults\",\"RequestRuleName\":\"pxDisplayCollaborators\"}" => HTTP 200 (94171 bytes)
[PegaHttpClient] 📡 POST https://zdk8budo.pegaacademy.net/prweb/api/CodeIntelligence/v1/rules/query?pxObjClass=Rule-HTML-Section&appliesTo=Data-TestCaseResults&pyRuleName=pzRuleFormToolbarDeleteCheckOut&RequestClass=Rule-HTML-Section&RequestAppliesTo=Data-TestCaseResults&RequestRuleName=pzRuleFormToolbarDeleteCheckOut Payload: "{\"RequestClass\":\"Rule-HTML-Section\",\"RequestAppliesTo\":\"Data-TestCaseResults\",\"RequestRuleName\":\"pzRuleFormToolbarDeleteCheckOut\"}" => HTTP 404 (129 bytes)
[PegaHttpClient] 📡 POST https://zdk8budo.pegaacademy.net/prweb/PRRestService/CodeIntelligence/v1/rules/query?pxObjClass=Rule-HTML-Section&appliesTo=Data-TestCaseResults&pyRuleName=pzRuleFormToolbarDeleteCheckOut&RequestClass=Rule-HTML-Section&RequestAppliesTo=Data-TestCaseResults&RequestRuleName=pzRuleFormToolbarDeleteCheckOut Payload: "{\"RequestClass\":\"Rule-HTML-Section\",\"RequestAppliesTo\":\"Data-TestCaseResults\",\"RequestRuleName\":\"pzRuleFormToolbarDeleteCheckOut\"}" => HTTP 404 (129 bytes)
[PegaHttpClient] 📡 POST https://zdk8budo.pegaacademy.net/prweb/api/HRAppsV2Service/V1/rules/query?pxObjClass=Rule-HTML-Section&appliesTo=Data-TestCaseResults&pyRuleName=pzRuleFormToolbarDeleteCheckOut&RequestClass=Rule-HTML-Section&RequestAppliesTo=Data-TestCaseResults&RequestRuleName=pzRuleFormToolbarDeleteCheckOut Payload: "{\"RequestClass\":\"Rule-HTML-Section\",\"RequestAppliesTo\":\"Data-TestCaseResults\",\"RequestRuleName\":\"pzRuleFormToolbarDeleteCheckOut\"}" => HTTP 404 (18 bytes)
[PegaHttpClient] 📡 POST https://zdk8budo.pegaacademy.net/prweb/PRRestService/HRAppsV2Service/V1/rules/query?pxObjClass=Rule-HTML-Section&appliesTo=Data-TestCaseResults&pyRuleName=pzRuleFormToolbarDeleteCheckOut&RequestClass=Rule-HTML-Section&RequestAppliesTo=Data-TestCaseResults&RequestRuleName=pzRuleFormToolbarDeleteCheckOut Payload: "{\"RequestClass\":\"Rule-HTML-Section\",\"RequestAppliesTo\":\"Data-TestCaseResults\",\"RequestRuleName\":\"pzRuleFormToolbarDeleteCheckOut\"}" => HTTP 404 (18 bytes)
[PegaHttpClient] 📡 POST https://zdk8budo.pegaacademy.net/prweb/api/HRAppsV2/V1/rules/query?pxObjClass=Rule-HTML-Section&appliesTo=Data-TestCaseResults&pyRuleName=pzRuleFormToolbarDeleteCheckOut&RequestClass=Rule-HTML-Section&RequestAppliesTo=Data-TestCaseResults&RequestRuleName=pzRuleFormToolbarDeleteCheckOut Payload: "{\"RequestClass\":\"Rule-HTML-Section\",\"RequestAppliesTo\":\"Data-TestCaseResults\",\"RequestRuleName\":\"pzRuleFormToolbarDeleteCheckOut\"}" => HTTP 404 (18 bytes)
[PegaHttpClient] 📡 POST https://zdk8budo.pegaacademy.net/prweb/PRRestService/HRAppsV2/V1/rules/query?pxObjClass=Rule-HTML-Section&appliesTo=Data-TestCaseResults&pyRuleName=pzRuleFormToolbarDeleteCheckOut&RequestClass=Rule-HTML-Section&RequestAppliesTo=Data-TestCaseResults&RequestRuleName=pzRuleFormToolbarDeleteCheckOut Payload: "{\"RequestClass\":\"Rule-HTML-Section\",\"RequestAppliesTo\":\"Data-TestCaseResults\",\"RequestRuleName\":\"pzRuleFormToolbarDeleteCheckOut\"}" => HTTP 404 (18 bytes)
[PegaHttpClient] 📡 POST https://zdk8budo.pegaacademy.net/prweb/api/v1/rules/query?pxObjClass=Rule-HTML-Section&appliesTo=Data-TestCaseResults&pyRuleName=pzRuleFormToolbarDeleteCheckOut&RequestClass=Rule-HTML-Section&RequestAppliesTo=Data-TestCaseResults&RequestRuleName=pzRuleFormToolbarDeleteCheckOut Payload: "{\"RequestClass\":\"Rule-HTML-Section\",\"RequestAppliesTo\":\"Data-TestCaseResults\",\"RequestRuleName\":\"pzRuleFormToolbarDeleteCheckOut\"}" => HTTP 404 (18 bytes)
[PegaHttpClient] 📡 POST https://zdk8budo.pegaacademy.net/prweb/PRRestService/v1/rules/query?pxObjClass=Rule-HTML-Section&appliesTo=Data-TestCaseResults&pyRuleName=pzRuleFormToolbarDeleteCheckOut&RequestClass=Rule-HTML-Section&RequestAppliesTo=Data-TestCaseResults&RequestRuleName=pzRuleFormToolbarDeleteCheckOut Payload: "{\"RequestClass\":\"Rule-HTML-Section\",\"RequestAppliesTo\":\"Data-TestCaseResults\",\"RequestRuleName\":\"pzRuleFormToolbarDeleteCheckOut\"}" => HTTP 404 (18 bytes)
[PegaHttpClient] 📡 POST https://zdk8budo.pegaacademy.net/prweb/api/CodeIntelligence/v1/rules/query?pxObjClass=Rule-HTML-Section&appliesTo=Data-TestCaseResults&pyRuleName=pzRuleFormToolbarDeleteRule&RequestClass=Rule-HTML-Section&RequestAppliesTo=Data-TestCaseResults&RequestRuleName=pzRuleFormToolbarDeleteRule Payload: "{\"RequestClass\":\"Rule-HTML-Section\",\"RequestAppliesTo\":\"Data-TestCaseResults\",\"RequestRuleName\":\"pzRuleFormToolbarDeleteRule\"}" => HTTP 200 (32314 bytes)
[PegaHttpClient] 📡 POST https://zdk8budo.pegaacademy.net/prweb/api/CodeIntelligence/v1/rules/query?pxObjClass=Rule-HTML-Section&appliesTo=Data-TestCaseResults&pyRuleName=pzShowRunAndExpectedTime&RequestClass=Rule-HTML-Section&RequestAppliesTo=Data-TestCaseResults&RequestRuleName=pzShowRunAndExpectedTime Payload: "{\"RequestClass\":\"Rule-HTML-Section\",\"RequestAppliesTo\":\"Data-TestCaseResults\",\"RequestRuleName\":\"pzShowRunAndExpectedTime\"}" => HTTP 200 (98943 bytes)
[PegaHttpClient] 📡 POST https://zdk8budo.pegaacademy.net/prweb/api/CodeIntelligence/v1/rules/query?pxObjClass=Rule-HTML-Section&appliesTo=Data-TestCaseResults&pyRuleName=pzMainDetailsInner&RequestClass=Rule-HTML-Section&RequestAppliesTo=Data-TestCaseResults&RequestRuleName=pzMainDetailsInner Payload: "{\"RequestClass\":\"Rule-HTML-Section\",\"RequestAppliesTo\":\"Data-TestCaseResults\",\"RequestRuleName\":\"pzMainDetailsInner\"}" => HTTP 404 (116 bytes)
[PegaHttpClient] 📡 POST https://zdk8budo.pegaacademy.net/prweb/PRRestService/CodeIntelligence/v1/rules/query?pxObjClass=Rule-HTML-Section&appliesTo=Data-TestCaseResults&pyRuleName=pzMainDetailsInner&RequestClass=Rule-HTML-Section&RequestAppliesTo=Data-TestCaseResults&RequestRuleName=pzMainDetailsInner Payload: "{\"RequestClass\":\"Rule-HTML-Section\",\"RequestAppliesTo\":\"Data-TestCaseResults\",\"RequestRuleName\":\"pzMainDetailsInner\"}" => HTTP 404 (116 bytes)
[PegaHttpClient] 📡 POST https://zdk8budo.pegaacademy.net/prweb/api/HRAppsV2Service/V1/rules/query?pxObjClass=Rule-HTML-Section&appliesTo=Data-TestCaseResults&pyRuleName=pzMainDetailsInner&RequestClass=Rule-HTML-Section&RequestAppliesTo=Data-TestCaseResults&RequestRuleName=pzMainDetailsInner Payload: "{\"RequestClass\":\"Rule-HTML-Section\",\"RequestAppliesTo\":\"Data-TestCaseResults\",\"RequestRuleName\":\"pzMainDetailsInner\"}" => HTTP 404 (18 bytes)
[PegaHttpClient] 📡 POST https://zdk8budo.pegaacademy.net/prweb/PRRestService/HRAppsV2Service/V1/rules/query?pxObjClass=Rule-HTML-Section&appliesTo=Data-TestCaseResults&pyRuleName=pzMainDetailsInner&RequestClass=Rule-HTML-Section&RequestAppliesTo=Data-TestCaseResults&RequestRuleName=pzMainDetailsInner Payload: "{\"RequestClass\":\"Rule-HTML-Section\",\"RequestAppliesTo\":\"Data-TestCaseResults\",\"RequestRuleName\":\"pzMainDetailsInner\"}" => HTTP 404 (18 bytes)
[PegaHttpClient] 📡 POST https://zdk8budo.pegaacademy.net/prweb/api/HRAppsV2/V1/rules/query?pxObjClass=Rule-HTML-Section&appliesTo=Data-TestCaseResults&pyRuleName=pzMainDetailsInner&RequestClass=Rule-HTML-Section&RequestAppliesTo=Data-TestCaseResults&RequestRuleName=pzMainDetailsInner Payload: "{\"RequestClass\":\"Rule-HTML-Section\",\"RequestAppliesTo\":\"Data-TestCaseResults\",\"RequestRuleName\":\"pzMainDetailsInner\"}" => HTTP 404 (18 bytes)
[PegaHttpClient] 📡 POST https://zdk8budo.pegaacademy.net/prweb/PRRestService/HRAppsV2/V1/rules/query?pxObjClass=Rule-HTML-Section&appliesTo=Data-TestCaseResults&pyRuleName=pzMainDetailsInner&RequestClass=Rule-HTML-Section&RequestAppliesTo=Data-TestCaseResults&RequestRuleName=pzMainDetailsInner Payload: "{\"RequestClass\":\"Rule-HTML-Section\",\"RequestAppliesTo\":\"Data-TestCaseResults\",\"RequestRuleName\":\"pzMainDetailsInner\"}" => HTTP 404 (18 bytes)
[PegaHttpClient] 📡 POST https://zdk8budo.pegaacademy.net/prweb/api/v1/rules/query?pxObjClass=Rule-HTML-Section&appliesTo=Data-TestCaseResults&pyRuleName=pzMainDetailsInner&RequestClass=Rule-HTML-Section&RequestAppliesTo=Data-TestCaseResults&RequestRuleName=pzMainDetailsInner Payload: "{\"RequestClass\":\"Rule-HTML-Section\",\"RequestAppliesTo\":\"Data-TestCaseResults\",\"RequestRuleName\":\"pzMainDetailsInner\"}" => HTTP 404 (18 bytes)
[PegaHttpClient] 📡 POST https://zdk8budo.pegaacademy.net/prweb/PRRestService/v1/rules/query?pxObjClass=Rule-HTML-Section&appliesTo=Data-TestCaseResults&pyRuleName=pzMainDetailsInner&RequestClass=Rule-HTML-Section&RequestAppliesTo=Data-TestCaseResults&RequestRuleName=pzMainDetailsInner Payload: "{\"RequestClass\":\"Rule-HTML-Section\",\"RequestAppliesTo\":\"Data-TestCaseResults\",\"RequestRuleName\":\"pzMainDetailsInner\"}" => HTTP 404 (18 bytes)
[PegaHttpClient] 📡 POST https://zdk8budo.pegaacademy.net/prweb/api/CodeIntelligence/v1/rules/query?pxObjClass=Rule-HTML-Section&appliesTo=Data-TestCaseResults&pyRuleName=pzLoadCollaborationScripts&RequestClass=Rule-HTML-Section&RequestAppliesTo=Data-TestCaseResults&RequestRuleName=pzLoadCollaborationScripts Payload: "{\"RequestClass\":\"Rule-HTML-Section\",\"RequestAppliesTo\":\"Data-TestCaseResults\",\"RequestRuleName\":\"pzLoadCollaborationScripts\"}" => HTTP 200 (23453 bytes)
[PegaHttpClient] 📡 POST https://zdk8budo.pegaacademy.net/prweb/api/CodeIntelligence/v1/rules/query?pxObjClass=Rule-HTML-Section&appliesTo=Data-TestCaseResults&pyRuleName=pzDisplayCollaboratorsList&RequestClass=Rule-HTML-Section&RequestAppliesTo=Data-TestCaseResults&RequestRuleName=pzDisplayCollaboratorsList Payload: "{\"RequestClass\":\"Rule-HTML-Section\",\"RequestAppliesTo\":\"Data-TestCaseResults\",\"RequestRuleName\":\"pzDisplayCollaboratorsList\"}" => HTTP 200 (105418 bytes)
[PegaHttpClient] 📡 POST https://zdk8budo.pegaacademy.net/prweb/api/CodeIntelligence/v1/rules/query?pxObjClass=Rule-HTML-Section&appliesTo=Data-TestCaseResults&pyRuleName=pyCollaborator&RequestClass=Rule-HTML-Section&RequestAppliesTo=Data-TestCaseResults&RequestRuleName=pyCollaborator Payload: "{\"RequestClass\":\"Rule-HTML-Section\",\"RequestAppliesTo\":\"Data-TestCaseResults\",\"RequestRuleName\":\"pyCollaborator\"}" => HTTP 404 (112 bytes)
[PegaHttpClient] 📡 POST https://zdk8budo.pegaacademy.net/prweb/PRRestService/CodeIntelligence/v1/rules/query?pxObjClass=Rule-HTML-Section&appliesTo=Data-TestCaseResults&pyRuleName=pyCollaborator&RequestClass=Rule-HTML-Section&RequestAppliesTo=Data-TestCaseResults&RequestRuleName=pyCollaborator Payload: "{\"RequestClass\":\"Rule-HTML-Section\",\"RequestAppliesTo\":\"Data-TestCaseResults\",\"RequestRuleName\":\"pyCollaborator\"}" => HTTP 404 (112 bytes)
[PegaHttpClient] 📡 POST https://zdk8budo.pegaacademy.net/prweb/api/HRAppsV2Service/V1/rules/query?pxObjClass=Rule-HTML-Section&appliesTo=Data-TestCaseResults&pyRuleName=pyCollaborator&RequestClass=Rule-HTML-Section&RequestAppliesTo=Data-TestCaseResults&RequestRuleName=pyCollaborator Payload: "{\"RequestClass\":\"Rule-HTML-Section\",\"RequestAppliesTo\":\"Data-TestCaseResults\",\"RequestRuleName\":\"pyCollaborator\"}" => HTTP 404 (18 bytes)
[PegaHttpClient] 📡 POST https://zdk8budo.pegaacademy.net/prweb/PRRestService/HRAppsV2Service/V1/rules/query?pxObjClass=Rule-HTML-Section&appliesTo=Data-TestCaseResults&pyRuleName=pyCollaborator&RequestClass=Rule-HTML-Section&RequestAppliesTo=Data-TestCaseResults&RequestRuleName=pyCollaborator Payload: "{\"RequestClass\":\"Rule-HTML-Section\",\"RequestAppliesTo\":\"Data-TestCaseResults\",\"RequestRuleName\":\"pyCollaborator\"}" => HTTP 404 (18 bytes)
[PegaHttpClient] 📡 POST https://zdk8budo.pegaacademy.net/prweb/api/HRAppsV2/V1/rules/query?pxObjClass=Rule-HTML-Section&appliesTo=Data-TestCaseResults&pyRuleName=pyCollaborator&RequestClass=Rule-HTML-Section&RequestAppliesTo=Data-TestCaseResults&RequestRuleName=pyCollaborator Payload: "{\"RequestClass\":\"Rule-HTML-Section\",\"RequestAppliesTo\":\"Data-TestCaseResults\",\"RequestRuleName\":\"pyCollaborator\"}" => HTTP 404 (18 bytes)
[PegaHttpClient] 📡 POST https://zdk8budo.pegaacademy.net/prweb/PRRestService/HRAppsV2/V1/rules/query?pxObjClass=Rule-HTML-Section&appliesTo=Data-TestCaseResults&pyRuleName=pyCollaborator&RequestClass=Rule-HTML-Section&RequestAppliesTo=Data-TestCaseResults&RequestRuleName=pyCollaborator Payload: "{\"RequestClass\":\"Rule-HTML-Section\",\"RequestAppliesTo\":\"Data-TestCaseResults\",\"RequestRuleName\":\"pyCollaborator\"}" => HTTP 404 (18 bytes)
[PegaHttpClient] 📡 POST https://zdk8budo.pegaacademy.net/prweb/api/v1/rules/query?pxObjClass=Rule-HTML-Section&appliesTo=Data-TestCaseResults&pyRuleName=pyCollaborator&RequestClass=Rule-HTML-Section&RequestAppliesTo=Data-TestCaseResults&RequestRuleName=pyCollaborator Payload: "{\"RequestClass\":\"Rule-HTML-Section\",\"RequestAppliesTo\":\"Data-TestCaseResults\",\"RequestRuleName\":\"pyCollaborator\"}" => HTTP 404 (18 bytes)
[PegaHttpClient] 📡 POST https://zdk8budo.pegaacademy.net/prweb/PRRestService/v1/rules/query?pxObjClass=Rule-HTML-Section&appliesTo=Data-TestCaseResults&pyRuleName=pyCollaborator&RequestClass=Rule-HTML-Section&RequestAppliesTo=Data-TestCaseResults&RequestRuleName=pyCollaborator Payload: "{\"RequestClass\":\"Rule-HTML-Section\",\"RequestAppliesTo\":\"Data-TestCaseResults\",\"RequestRuleName\":\"pyCollaborator\"}" => HTTP 404 (18 bytes)
[PegaHttpClient] 📡 POST https://zdk8budo.pegaacademy.net/prweb/api/CodeIntelligence/v1/rules/query?pxObjClass=Rule-HTML-Section&appliesTo=Data-TestCaseResults&pyRuleName=pzDisplayPartialCount&RequestClass=Rule-HTML-Section&RequestAppliesTo=Data-TestCaseResults&RequestRuleName=pzDisplayPartialCount Payload: "{\"RequestClass\":\"Rule-HTML-Section\",\"RequestAppliesTo\":\"Data-TestCaseResults\",\"RequestRuleName\":\"pzDisplayPartialCount\"}" => HTTP 404 (119 bytes)
[PegaHttpClient] 📡 POST https://zdk8budo.pegaacademy.net/prweb/PRRestService/CodeIntelligence/v1/rules/query?pxObjClass=Rule-HTML-Section&appliesTo=Data-TestCaseResults&pyRuleName=pzDisplayPartialCount&RequestClass=Rule-HTML-Section&RequestAppliesTo=Data-TestCaseResults&RequestRuleName=pzDisplayPartialCount Payload: "{\"RequestClass\":\"Rule-HTML-Section\",\"RequestAppliesTo\":\"Data-TestCaseResults\",\"RequestRuleName\":\"pzDisplayPartialCount\"}" => HTTP 404 (119 bytes)
[PegaHttpClient] 📡 POST https://zdk8budo.pegaacademy.net/prweb/api/HRAppsV2Service/V1/rules/query?pxObjClass=Rule-HTML-Section&appliesTo=Data-TestCaseResults&pyRuleName=pzDisplayPartialCount&RequestClass=Rule-HTML-Section&RequestAppliesTo=Data-TestCaseResults&RequestRuleName=pzDisplayPartialCount Payload: "{\"RequestClass\":\"Rule-HTML-Section\",\"RequestAppliesTo\":\"Data-TestCaseResults\",\"RequestRuleName\":\"pzDisplayPartialCount\"}" => HTTP 404 (18 bytes)
[PegaHttpClient] 📡 POST https://zdk8budo.pegaacademy.net/prweb/PRRestService/HRAppsV2Service/V1/rules/query?pxObjClass=Rule-HTML-Section&appliesTo=Data-TestCaseResults&pyRuleName=pzDisplayPartialCount&RequestClass=Rule-HTML-Section&RequestAppliesTo=Data-TestCaseResults&RequestRuleName=pzDisplayPartialCount Payload: "{\"RequestClass\":\"Rule-HTML-Section\",\"RequestAppliesTo\":\"Data-TestCaseResults\",\"RequestRuleName\":\"pzDisplayPartialCount\"}" => HTTP 404 (18 bytes)
[PegaHttpClient] 📡 POST https://zdk8budo.pegaacademy.net/prweb/api/HRAppsV2/V1/rules/query?pxObjClass=Rule-HTML-Section&appliesTo=Data-TestCaseResults&pyRuleName=pzDisplayPartialCount&RequestClass=Rule-HTML-Section&RequestAppliesTo=Data-TestCaseResults&RequestRuleName=pzDisplayPartialCount Payload: "{\"RequestClass\":\"Rule-HTML-Section\",\"RequestAppliesTo\":\"Data-TestCaseResults\",\"RequestRuleName\":\"pzDisplayPartialCount\"}" => HTTP 404 (18 bytes)
[PegaHttpClient] 📡 POST https://zdk8budo.pegaacademy.net/prweb/PRRestService/HRAppsV2/V1/rules/query?pxObjClass=Rule-HTML-Section&appliesTo=Data-TestCaseResults&pyRuleName=pzDisplayPartialCount&RequestClass=Rule-HTML-Section&RequestAppliesTo=Data-TestCaseResults&RequestRuleName=pzDisplayPartialCount Payload: "{\"RequestClass\":\"Rule-HTML-Section\",\"RequestAppliesTo\":\"Data-TestCaseResults\",\"RequestRuleName\":\"pzDisplayPartialCount\"}" => HTTP 404 (18 bytes)
[PegaHttpClient] 📡 POST https://zdk8budo.pegaacademy.net/prweb/api/v1/rules/query?pxObjClass=Rule-HTML-Section&appliesTo=Data-TestCaseResults&pyRuleName=pzDisplayPartialCount&RequestClass=Rule-HTML-Section&RequestAppliesTo=Data-TestCaseResults&RequestRuleName=pzDisplayPartialCount Payload: "{\"RequestClass\":\"Rule-HTML-Section\",\"RequestAppliesTo\":\"Data-TestCaseResults\",\"RequestRuleName\":\"pzDisplayPartialCount\"}" => HTTP 404 (18 bytes)
[PegaHttpClient] 📡 POST https://zdk8budo.pegaacademy.net/prweb/PRRestService/v1/rules/query?pxObjClass=Rule-HTML-Section&appliesTo=Data-TestCaseResults&pyRuleName=pzDisplayPartialCount&RequestClass=Rule-HTML-Section&RequestAppliesTo=Data-TestCaseResults&RequestRuleName=pzDisplayPartialCount Payload: "{\"RequestClass\":\"Rule-HTML-Section\",\"RequestAppliesTo\":\"Data-TestCaseResults\",\"RequestRuleName\":\"pzDisplayPartialCount\"}" => HTTP 404 (18 bytes)
[SchemaGen] ✅ Schema written for Data-TestCaseResults
[PegaHttpClient] 📡 GET https://zdk8budo.pegaacademy.net/prweb/api/CodeIntelligence/v1/rules/RULE-HTML-HARNESS%20DATA-ADMIN-OPERATOR-ACCESSGROUP%20RULEFORM%20%2320180713T135116.589%20GMT => HTTP 200 (41992 bytes)
[PegaHttpClient] 📡 POST https://zdk8budo.pegaacademy.net/prweb/api/CodeIntelligence/v1/rules/query?pxObjClass=Rule-HTML-Section&appliesTo=Data-Admin-Operator-AccessGroup&pyRuleName=RuleFormMain&RequestClass=Rule-HTML-Section&RequestAppliesTo=Data-Admin-Operator-AccessGroup&RequestRuleName=RuleFormMain Payload: "{\"RequestClass\":\"Rule-HTML-Section\",\"RequestAppliesTo\":\"Data-Admin-Operator-AccessGroup\",\"RequestRuleName\":\"RuleFormMain\"}" => HTTP 200 (156234 bytes)
[PegaHttpClient] 📡 POST https://zdk8budo.pegaacademy.net/prweb/api/CodeIntelligence/v1/rules/query?pxObjClass=Rule-HTML-Section&appliesTo=Data-Admin-Operator-AccessGroup&pyRuleName=pxAlternateRuleForm&RequestClass=Rule-HTML-Section&RequestAppliesTo=Data-Admin-Operator-AccessGroup&RequestRuleName=pxAlternateRuleForm Payload: "{\"RequestClass\":\"Rule-HTML-Section\",\"RequestAppliesTo\":\"Data-Admin-Operator-AccessGroup\",\"RequestRuleName\":\"pxAlternateRuleForm\"}" => HTTP 200 (66153 bytes)
[PegaHttpClient] 📡 POST https://zdk8budo.pegaacademy.net/prweb/api/CodeIntelligence/v1/rules/query?pxObjClass=Rule-HTML-Section&appliesTo=Data-Admin-Operator-AccessGroup&pyRuleName=pzRuleFormScripts&RequestClass=Rule-HTML-Section&RequestAppliesTo=Data-Admin-Operator-AccessGroup&RequestRuleName=pzRuleFormScripts Payload: "{\"RequestClass\":\"Rule-HTML-Section\",\"RequestAppliesTo\":\"Data-Admin-Operator-AccessGroup\",\"RequestRuleName\":\"pzRuleFormScripts\"}" => HTTP 200 (40822 bytes)
[PegaHttpClient] 📡 POST https://zdk8budo.pegaacademy.net/prweb/api/CodeIntelligence/v1/rules/query?pxObjClass=Rule-HTML-Section&appliesTo=Data-Admin-Operator-AccessGroup&pyRuleName=pzRuleFormLayoutDelegated&RequestClass=Rule-HTML-Section&RequestAppliesTo=Data-Admin-Operator-AccessGroup&RequestRuleName=pzRuleFormLayoutDelegated Payload: "{\"RequestClass\":\"Rule-HTML-Section\",\"RequestAppliesTo\":\"Data-Admin-Operator-AccessGroup\",\"RequestRuleName\":\"pzRuleFormLayoutDelegated\"}" => HTTP 200 (70998 bytes)
[PegaHttpClient] 📡 POST https://zdk8budo.pegaacademy.net/prweb/api/CodeIntelligence/v1/rules/query?pxObjClass=Rule-HTML-Section&appliesTo=Data-Admin-Operator-AccessGroup&pyRuleName=RuleFormLayout&RequestClass=Rule-HTML-Section&RequestAppliesTo=Data-Admin-Operator-AccessGroup&RequestRuleName=RuleFormLayout Payload: "{\"RequestClass\":\"Rule-HTML-Section\",\"RequestAppliesTo\":\"Data-Admin-Operator-AccessGroup\",\"RequestRuleName\":\"RuleFormLayout\"}" => HTTP 200 (65549 bytes)
[PegaHttpClient] 📡 POST https://zdk8budo.pegaacademy.net/prweb/api/CodeIntelligence/v1/rules/query?pxObjClass=Rule-HTML-Section&appliesTo=Data-Admin-Operator-AccessGroup&pyRuleName=RuleFormSettings&RequestClass=Rule-HTML-Section&RequestAppliesTo=Data-Admin-Operator-AccessGroup&RequestRuleName=RuleFormSettings Payload: "{\"RequestClass\":\"Rule-HTML-Section\",\"RequestAppliesTo\":\"Data-Admin-Operator-AccessGroup\",\"RequestRuleName\":\"RuleFormSettings\"}" => HTTP 200 (21582 bytes)
[PegaHttpClient] 📡 POST https://zdk8budo.pegaacademy.net/prweb/api/CodeIntelligence/v1/rules/query?pxObjClass=Rule-HTML-Section&appliesTo=Data-Admin-Operator-AccessGroup&pyRuleName=OpenAuthoring&RequestClass=Rule-HTML-Section&RequestAppliesTo=Data-Admin-Operator-AccessGroup&RequestRuleName=OpenAuthoring Payload: "{\"RequestClass\":\"Rule-HTML-Section\",\"RequestAppliesTo\":\"Data-Admin-Operator-AccessGroup\",\"RequestRuleName\":\"OpenAuthoring\"}" => HTTP 200 (20315 bytes)
[PegaHttpClient] 📡 POST https://zdk8budo.pegaacademy.net/prweb/api/CodeIntelligence/v1/rules/query?pxObjClass=Rule-HTML-Section&appliesTo=Data-Admin-Operator-AccessGroup&pyRuleName=pyCustomHelp&RequestClass=Rule-HTML-Section&RequestAppliesTo=Data-Admin-Operator-AccessGroup&RequestRuleName=pyCustomHelp Payload: "{\"RequestClass\":\"Rule-HTML-Section\",\"RequestAppliesTo\":\"Data-Admin-Operator-AccessGroup\",\"RequestRuleName\":\"pyCustomHelp\"}" => HTTP 200 (17256 bytes)
[PegaHttpClient] 📡 POST https://zdk8budo.pegaacademy.net/prweb/api/CodeIntelligence/v1/rules/query?pxObjClass=Rule-HTML-Section&appliesTo=Data-Admin-Operator-AccessGroup&pyRuleName=pzRuleformMainInclude&RequestClass=Rule-HTML-Section&RequestAppliesTo=Data-Admin-Operator-AccessGroup&RequestRuleName=pzRuleformMainInclude Payload: "{\"RequestClass\":\"Rule-HTML-Section\",\"RequestAppliesTo\":\"Data-Admin-Operator-AccessGroup\",\"RequestRuleName\":\"pzRuleformMainInclude\"}" => HTTP 200 (22375 bytes)
[PegaHttpClient] 📡 POST https://zdk8budo.pegaacademy.net/prweb/api/CodeIntelligence/v1/rules/query?pxObjClass=Rule-HTML-Section&appliesTo=Data-Admin-Operator-AccessGroup&pyRuleName=pyAlternativeRuleFormStrategicAppExtension&RequestClass=Rule-HTML-Section&RequestAppliesTo=Data-Admin-Operator-AccessGroup&RequestRuleName=pyAlternativeRuleFormStrategicAppExtension Payload: "{\"RequestClass\":\"Rule-HTML-Section\",\"RequestAppliesTo\":\"Data-Admin-Operator-AccessGroup\",\"RequestRuleName\":\"pyAlternativeRuleFormStrategicAppExtension\"}" => HTTP 200 (25042 bytes)
[PegaHttpClient] 📡 POST https://zdk8budo.pegaacademy.net/prweb/api/CodeIntelligence/v1/rules/query?pxObjClass=Rule-HTML-Section&appliesTo=Data-Admin-Operator-AccessGroup&pyRuleName=pyAlternativeRuleFormExtension&RequestClass=Rule-HTML-Section&RequestAppliesTo=Data-Admin-Operator-AccessGroup&RequestRuleName=pyAlternativeRuleFormExtension Payload: "{\"RequestClass\":\"Rule-HTML-Section\",\"RequestAppliesTo\":\"Data-Admin-Operator-AccessGroup\",\"RequestRuleName\":\"pyAlternativeRuleFormExtension\"}" => HTTP 200 (24863 bytes)
[PegaHttpClient] 📡 POST https://zdk8budo.pegaacademy.net/prweb/api/CodeIntelligence/v1/rules/query?pxObjClass=Rule-HTML-Section&appliesTo=Data-Admin-Operator-AccessGroup&pyRuleName=RuleFormHeader&RequestClass=Rule-HTML-Section&RequestAppliesTo=Data-Admin-Operator-AccessGroup&RequestRuleName=RuleFormHeader Payload: "{\"RequestClass\":\"Rule-HTML-Section\",\"RequestAppliesTo\":\"Data-Admin-Operator-AccessGroup\",\"RequestRuleName\":\"RuleFormHeader\"}" => HTTP 200 (183800 bytes)
[PegaHttpClient] 📡 POST https://zdk8budo.pegaacademy.net/prweb/api/CodeIntelligence/v1/rules/query?pxObjClass=Rule-HTML-Section&appliesTo=Data-Admin-Operator-AccessGroup&pyRuleName=pzDelegationExperience&RequestClass=Rule-HTML-Section&RequestAppliesTo=Data-Admin-Operator-AccessGroup&RequestRuleName=pzDelegationExperience Payload: "{\"RequestClass\":\"Rule-HTML-Section\",\"RequestAppliesTo\":\"Data-Admin-Operator-AccessGroup\",\"RequestRuleName\":\"pzDelegationExperience\"}" => HTTP 404 (131 bytes)
[PegaHttpClient] 📡 POST https://zdk8budo.pegaacademy.net/prweb/PRRestService/CodeIntelligence/v1/rules/query?pxObjClass=Rule-HTML-Section&appliesTo=Data-Admin-Operator-AccessGroup&pyRuleName=pzDelegationExperience&RequestClass=Rule-HTML-Section&RequestAppliesTo=Data-Admin-Operator-AccessGroup&RequestRuleName=pzDelegationExperience Payload: "{\"RequestClass\":\"Rule-HTML-Section\",\"RequestAppliesTo\":\"Data-Admin-Operator-AccessGroup\",\"RequestRuleName\":\"pzDelegationExperience\"}" => HTTP 404 (131 bytes)
[PegaHttpClient] 📡 POST https://zdk8budo.pegaacademy.net/prweb/api/HRAppsV2Service/V1/rules/query?pxObjClass=Rule-HTML-Section&appliesTo=Data-Admin-Operator-AccessGroup&pyRuleName=pzDelegationExperience&RequestClass=Rule-HTML-Section&RequestAppliesTo=Data-Admin-Operator-AccessGroup&RequestRuleName=pzDelegationExperience Payload: "{\"RequestClass\":\"Rule-HTML-Section\",\"RequestAppliesTo\":\"Data-Admin-Operator-AccessGroup\",\"RequestRuleName\":\"pzDelegationExperience\"}" => HTTP 404 (18 bytes)
[PegaHttpClient] 📡 POST https://zdk8budo.pegaacademy.net/prweb/PRRestService/HRAppsV2Service/V1/rules/query?pxObjClass=Rule-HTML-Section&appliesTo=Data-Admin-Operator-AccessGroup&pyRuleName=pzDelegationExperience&RequestClass=Rule-HTML-Section&RequestAppliesTo=Data-Admin-Operator-AccessGroup&RequestRuleName=pzDelegationExperience Payload: "{\"RequestClass\":\"Rule-HTML-Section\",\"RequestAppliesTo\":\"Data-Admin-Operator-AccessGroup\",\"RequestRuleName\":\"pzDelegationExperience\"}" => HTTP 404 (18 bytes)
[PegaHttpClient] 📡 POST https://zdk8budo.pegaacademy.net/prweb/api/HRAppsV2/V1/rules/query?pxObjClass=Rule-HTML-Section&appliesTo=Data-Admin-Operator-AccessGroup&pyRuleName=pzDelegationExperience&RequestClass=Rule-HTML-Section&RequestAppliesTo=Data-Admin-Operator-AccessGroup&RequestRuleName=pzDelegationExperience Payload: "{\"RequestClass\":\"Rule-HTML-Section\",\"RequestAppliesTo\":\"Data-Admin-Operator-AccessGroup\",\"RequestRuleName\":\"pzDelegationExperience\"}" => HTTP 404 (18 bytes)
[PegaHttpClient] 📡 POST https://zdk8budo.pegaacademy.net/prweb/PRRestService/HRAppsV2/V1/rules/query?pxObjClass=Rule-HTML-Section&appliesTo=Data-Admin-Operator-AccessGroup&pyRuleName=pzDelegationExperience&RequestClass=Rule-HTML-Section&RequestAppliesTo=Data-Admin-Operator-AccessGroup&RequestRuleName=pzDelegationExperience Payload: "{\"RequestClass\":\"Rule-HTML-Section\",\"RequestAppliesTo\":\"Data-Admin-Operator-AccessGroup\",\"RequestRuleName\":\"pzDelegationExperience\"}" => HTTP 404 (18 bytes)
[PegaHttpClient] 📡 POST https://zdk8budo.pegaacademy.net/prweb/api/v1/rules/query?pxObjClass=Rule-HTML-Section&appliesTo=Data-Admin-Operator-AccessGroup&pyRuleName=pzDelegationExperience&RequestClass=Rule-HTML-Section&RequestAppliesTo=Data-Admin-Operator-AccessGroup&RequestRuleName=pzDelegationExperience Payload: "{\"RequestClass\":\"Rule-HTML-Section\",\"RequestAppliesTo\":\"Data-Admin-Operator-AccessGroup\",\"RequestRuleName\":\"pzDelegationExperience\"}" => HTTP 404 (18 bytes)
[PegaHttpClient] 📡 POST https://zdk8budo.pegaacademy.net/prweb/PRRestService/v1/rules/query?pxObjClass=Rule-HTML-Section&appliesTo=Data-Admin-Operator-AccessGroup&pyRuleName=pzDelegationExperience&RequestClass=Rule-HTML-Section&RequestAppliesTo=Data-Admin-Operator-AccessGroup&RequestRuleName=pzDelegationExperience Payload: "{\"RequestClass\":\"Rule-HTML-Section\",\"RequestAppliesTo\":\"Data-Admin-Operator-AccessGroup\",\"RequestRuleName\":\"pzDelegationExperience\"}" => HTTP 404 (18 bytes)
[PegaHttpClient] 📡 POST https://zdk8budo.pegaacademy.net/prweb/api/CodeIntelligence/v1/rules/query?pxObjClass=Rule-HTML-Section&appliesTo=Data-Admin-Operator-AccessGroup&pyRuleName=pzAccessGroupDefinition&RequestClass=Rule-HTML-Section&RequestAppliesTo=Data-Admin-Operator-AccessGroup&RequestRuleName=pzAccessGroupDefinition Payload: "{\"RequestClass\":\"Rule-HTML-Section\",\"RequestAppliesTo\":\"Data-Admin-Operator-AccessGroup\",\"RequestRuleName\":\"pzAccessGroupDefinition\"}" => HTTP 200 (169760 bytes)
[PegaHttpClient] 📡 POST https://zdk8budo.pegaacademy.net/prweb/api/CodeIntelligence/v1/rules/query?pxObjClass=Rule-HTML-Section&appliesTo=Data-Admin-Operator-AccessGroup&pyRuleName=pzAccessGroupSecurity&RequestClass=Rule-HTML-Section&RequestAppliesTo=Data-Admin-Operator-AccessGroup&RequestRuleName=pzAccessGroupSecurity Payload: "{\"RequestClass\":\"Rule-HTML-Section\",\"RequestAppliesTo\":\"Data-Admin-Operator-AccessGroup\",\"RequestRuleName\":\"pzAccessGroupSecurity\"}" => HTTP 200 (102648 bytes)
[PegaHttpClient] 📡 POST https://zdk8budo.pegaacademy.net/prweb/api/CodeIntelligence/v1/rules/query?pxObjClass=Rule-HTML-Section&appliesTo=Data-Admin-Operator-AccessGroup&pyRuleName=pzAccessGroupOperators&RequestClass=Rule-HTML-Section&RequestAppliesTo=Data-Admin-Operator-AccessGroup&RequestRuleName=pzAccessGroupOperators Payload: "{\"RequestClass\":\"Rule-HTML-Section\",\"RequestAppliesTo\":\"Data-Admin-Operator-AccessGroup\",\"RequestRuleName\":\"pzAccessGroupOperators\"}" => HTTP 200 (62806 bytes)
[PegaHttpClient] 📡 POST https://zdk8budo.pegaacademy.net/prweb/api/CodeIntelligence/v1/rules/query?pxObjClass=Rule-HTML-Section&appliesTo=Data-Admin-Operator-AccessGroup&pyRuleName=RuleFormHistory&RequestClass=Rule-HTML-Section&RequestAppliesTo=Data-Admin-Operator-AccessGroup&RequestRuleName=RuleFormHistory Payload: "{\"RequestClass\":\"Rule-HTML-Section\",\"RequestAppliesTo\":\"Data-Admin-Operator-AccessGroup\",\"RequestRuleName\":\"RuleFormHistory\"}" => HTTP 200 (18043 bytes)
[PegaHttpClient] 📡 POST https://zdk8budo.pegaacademy.net/prweb/api/CodeIntelligence/v1/rules/query?pxObjClass=Rule-HTML-Section&appliesTo=Data-Admin-Operator-AccessGroup&pyRuleName=pzCustomHelp&RequestClass=Rule-HTML-Section&RequestAppliesTo=Data-Admin-Operator-AccessGroup&RequestRuleName=pzCustomHelp Payload: "{\"RequestClass\":\"Rule-HTML-Section\",\"RequestAppliesTo\":\"Data-Admin-Operator-AccessGroup\",\"RequestRuleName\":\"pzCustomHelp\"}" => HTTP 200 (31573 bytes)
[PegaHttpClient] 📡 POST https://zdk8budo.pegaacademy.net/prweb/api/CodeIntelligence/v1/rules/query?pxObjClass=Rule-HTML-Section&appliesTo=Data-Admin-Operator-AccessGroup&pyRuleName=pzRuleFormKeysAndDescription&RequestClass=Rule-HTML-Section&RequestAppliesTo=Data-Admin-Operator-AccessGroup&RequestRuleName=pzRuleFormKeysAndDescription Payload: "{\"RequestClass\":\"Rule-HTML-Section\",\"RequestAppliesTo\":\"Data-Admin-Operator-AccessGroup\",\"RequestRuleName\":\"pzRuleFormKeysAndDescription\"}" => HTTP 200 (218057 bytes)
[PegaHttpClient] 📡 POST https://zdk8budo.pegaacademy.net/prweb/api/CodeIntelligence/v1/rules/query?pxObjClass=Rule-HTML-Section&appliesTo=Data-Admin-Operator-AccessGroup&pyRuleName=pzRuleFormRuleset&RequestClass=Rule-HTML-Section&RequestAppliesTo=Data-Admin-Operator-AccessGroup&RequestRuleName=pzRuleFormRuleset Payload: "{\"RequestClass\":\"Rule-HTML-Section\",\"RequestAppliesTo\":\"Data-Admin-Operator-AccessGroup\",\"RequestRuleName\":\"pzRuleFormRuleset\"}" => HTTP 200 (29020 bytes)
[PegaHttpClient] 📡 POST https://zdk8budo.pegaacademy.net/prweb/api/CodeIntelligence/v1/rules/query?pxObjClass=Rule-HTML-Section&appliesTo=Data-Admin-Operator-AccessGroup&pyRuleName=undefined&RequestClass=Rule-HTML-Section&RequestAppliesTo=Data-Admin-Operator-AccessGroup&RequestRuleName=undefined Payload: "{\"RequestClass\":\"Rule-HTML-Section\",\"RequestAppliesTo\":\"Data-Admin-Operator-AccessGroup\",\"RequestRuleName\":\"undefined\"}" => HTTP 404 (118 bytes)
[PegaHttpClient] 📡 POST https://zdk8budo.pegaacademy.net/prweb/PRRestService/CodeIntelligence/v1/rules/query?pxObjClass=Rule-HTML-Section&appliesTo=Data-Admin-Operator-AccessGroup&pyRuleName=undefined&RequestClass=Rule-HTML-Section&RequestAppliesTo=Data-Admin-Operator-AccessGroup&RequestRuleName=undefined Payload: "{\"RequestClass\":\"Rule-HTML-Section\",\"RequestAppliesTo\":\"Data-Admin-Operator-AccessGroup\",\"RequestRuleName\":\"undefined\"}" => HTTP 404 (118 bytes)
[PegaHttpClient] 📡 POST https://zdk8budo.pegaacademy.net/prweb/api/HRAppsV2Service/V1/rules/query?pxObjClass=Rule-HTML-Section&appliesTo=Data-Admin-Operator-AccessGroup&pyRuleName=undefined&RequestClass=Rule-HTML-Section&RequestAppliesTo=Data-Admin-Operator-AccessGroup&RequestRuleName=undefined Payload: "{\"RequestClass\":\"Rule-HTML-Section\",\"RequestAppliesTo\":\"Data-Admin-Operator-AccessGroup\",\"RequestRuleName\":\"undefined\"}" => HTTP 404 (18 bytes)
[PegaHttpClient] 📡 POST https://zdk8budo.pegaacademy.net/prweb/PRRestService/HRAppsV2Service/V1/rules/query?pxObjClass=Rule-HTML-Section&appliesTo=Data-Admin-Operator-AccessGroup&pyRuleName=undefined&RequestClass=Rule-HTML-Section&RequestAppliesTo=Data-Admin-Operator-AccessGroup&RequestRuleName=undefined Payload: "{\"RequestClass\":\"Rule-HTML-Section\",\"RequestAppliesTo\":\"Data-Admin-Operator-AccessGroup\",\"RequestRuleName\":\"undefined\"}" => HTTP 404 (18 bytes)
[PegaHttpClient] 📡 POST https://zdk8budo.pegaacademy.net/prweb/api/HRAppsV2/V1/rules/query?pxObjClass=Rule-HTML-Section&appliesTo=Data-Admin-Operator-AccessGroup&pyRuleName=undefined&RequestClass=Rule-HTML-Section&RequestAppliesTo=Data-Admin-Operator-AccessGroup&RequestRuleName=undefined Payload: "{\"RequestClass\":\"Rule-HTML-Section\",\"RequestAppliesTo\":\"Data-Admin-Operator-AccessGroup\",\"RequestRuleName\":\"undefined\"}" => HTTP 404 (18 bytes)
[PegaHttpClient] 📡 POST https://zdk8budo.pegaacademy.net/prweb/PRRestService/HRAppsV2/V1/rules/query?pxObjClass=Rule-HTML-Section&appliesTo=Data-Admin-Operator-AccessGroup&pyRuleName=undefined&RequestClass=Rule-HTML-Section&RequestAppliesTo=Data-Admin-Operator-AccessGroup&RequestRuleName=undefined Payload: "{\"RequestClass\":\"Rule-HTML-Section\",\"RequestAppliesTo\":\"Data-Admin-Operator-AccessGroup\",\"RequestRuleName\":\"undefined\"}" => HTTP 404 (18 bytes)
[PegaHttpClient] 📡 POST https://zdk8budo.pegaacademy.net/prweb/api/v1/rules/query?pxObjClass=Rule-HTML-Section&appliesTo=Data-Admin-Operator-AccessGroup&pyRuleName=undefined&RequestClass=Rule-HTML-Section&RequestAppliesTo=Data-Admin-Operator-AccessGroup&RequestRuleName=undefined Payload: "{\"RequestClass\":\"Rule-HTML-Section\",\"RequestAppliesTo\":\"Data-Admin-Operator-AccessGroup\",\"RequestRuleName\":\"undefined\"}" => HTTP 404 (18 bytes)
[PegaHttpClient] 📡 POST https://zdk8budo.pegaacademy.net/prweb/PRRestService/v1/rules/query?pxObjClass=Rule-HTML-Section&appliesTo=Data-Admin-Operator-AccessGroup&pyRuleName=undefined&RequestClass=Rule-HTML-Section&RequestAppliesTo=Data-Admin-Operator-AccessGroup&RequestRuleName=undefined Payload: "{\"RequestClass\":\"Rule-HTML-Section\",\"RequestAppliesTo\":\"Data-Admin-Operator-AccessGroup\",\"RequestRuleName\":\"undefined\"}" => HTTP 404 (18 bytes)
[PegaHttpClient] 📡 POST https://zdk8budo.pegaacademy.net/prweb/api/CodeIntelligence/v1/rules/query?pxObjClass=Rule-HTML-Section&appliesTo=Data-Admin-Operator-AccessGroup&pyRuleName=pzRuleFormToolbar&RequestClass=Rule-HTML-Section&RequestAppliesTo=Data-Admin-Operator-AccessGroup&RequestRuleName=pzRuleFormToolbar Payload: "{\"RequestClass\":\"Rule-HTML-Section\",\"RequestAppliesTo\":\"Data-Admin-Operator-AccessGroup\",\"RequestRuleName\":\"pzRuleFormToolbar\"}" => HTTP 200 (242691 bytes)
[PegaHttpClient] 📡 POST https://zdk8budo.pegaacademy.net/prweb/api/CodeIntelligence/v1/rules/query?pxObjClass=Rule-HTML-Section&appliesTo=Data-Admin-Operator-AccessGroup&pyRuleName=pzRuleFormToolbarCompare&RequestClass=Rule-HTML-Section&RequestAppliesTo=Data-Admin-Operator-AccessGroup&RequestRuleName=pzRuleFormToolbarCompare Payload: "{\"RequestClass\":\"Rule-HTML-Section\",\"RequestAppliesTo\":\"Data-Admin-Operator-AccessGroup\",\"RequestRuleName\":\"pzRuleFormToolbarCompare\"}" => HTTP 200 (61925 bytes)
[PegaHttpClient] 📡 POST https://zdk8budo.pegaacademy.net/prweb/api/CodeIntelligence/v1/rules/query?pxObjClass=Rule-HTML-Section&appliesTo=Data-Admin-Operator-AccessGroup&pyRuleName=RuleFormHeaderMessages&RequestClass=Rule-HTML-Section&RequestAppliesTo=Data-Admin-Operator-AccessGroup&RequestRuleName=RuleFormHeaderMessages Payload: "{\"RequestClass\":\"Rule-HTML-Section\",\"RequestAppliesTo\":\"Data-Admin-Operator-AccessGroup\",\"RequestRuleName\":\"RuleFormHeaderMessages\"}" => HTTP 200 (26518 bytes)
[PegaHttpClient] 📡 POST https://zdk8budo.pegaacademy.net/prweb/api/CodeIntelligence/v1/rules/query?pxObjClass=Rule-HTML-Section&appliesTo=Data-Admin-Operator-AccessGroup&pyRuleName=SecondaryPortalLayoutsSection&RequestClass=Rule-HTML-Section&RequestAppliesTo=Data-Admin-Operator-AccessGroup&RequestRuleName=SecondaryPortalLayoutsSection Payload: "{\"RequestClass\":\"Rule-HTML-Section\",\"RequestAppliesTo\":\"Data-Admin-Operator-AccessGroup\",\"RequestRuleName\":\"SecondaryPortalLayoutsSection\"}" => HTTP 200 (60336 bytes)
[PegaHttpClient] 📡 POST https://zdk8budo.pegaacademy.net/prweb/api/CodeIntelligence/v1/rules/query?pxObjClass=Rule-HTML-Section&appliesTo=Data-Admin-Operator-AccessGroup&pyRuleName=pzPersonaName&RequestClass=Rule-HTML-Section&RequestAppliesTo=Data-Admin-Operator-AccessGroup&RequestRuleName=pzPersonaName Payload: "{\"RequestClass\":\"Rule-HTML-Section\",\"RequestAppliesTo\":\"Data-Admin-Operator-AccessGroup\",\"RequestRuleName\":\"pzPersonaName\"}" => HTTP 404 (122 bytes)
[PegaHttpClient] 📡 POST https://zdk8budo.pegaacademy.net/prweb/PRRestService/CodeIntelligence/v1/rules/query?pxObjClass=Rule-HTML-Section&appliesTo=Data-Admin-Operator-AccessGroup&pyRuleName=pzPersonaName&RequestClass=Rule-HTML-Section&RequestAppliesTo=Data-Admin-Operator-AccessGroup&RequestRuleName=pzPersonaName Payload: "{\"RequestClass\":\"Rule-HTML-Section\",\"RequestAppliesTo\":\"Data-Admin-Operator-AccessGroup\",\"RequestRuleName\":\"pzPersonaName\"}" => HTTP 404 (122 bytes)
[PegaHttpClient] 📡 POST https://zdk8budo.pegaacademy.net/prweb/api/HRAppsV2Service/V1/rules/query?pxObjClass=Rule-HTML-Section&appliesTo=Data-Admin-Operator-AccessGroup&pyRuleName=pzPersonaName&RequestClass=Rule-HTML-Section&RequestAppliesTo=Data-Admin-Operator-AccessGroup&RequestRuleName=pzPersonaName Payload: "{\"RequestClass\":\"Rule-HTML-Section\",\"RequestAppliesTo\":\"Data-Admin-Operator-AccessGroup\",\"RequestRuleName\":\"pzPersonaName\"}" => HTTP 404 (18 bytes)
[PegaHttpClient] 📡 POST https://zdk8budo.pegaacademy.net/prweb/PRRestService/HRAppsV2Service/V1/rules/query?pxObjClass=Rule-HTML-Section&appliesTo=Data-Admin-Operator-AccessGroup&pyRuleName=pzPersonaName&RequestClass=Rule-HTML-Section&RequestAppliesTo=Data-Admin-Operator-AccessGroup&RequestRuleName=pzPersonaName Payload: "{\"RequestClass\":\"Rule-HTML-Section\",\"RequestAppliesTo\":\"Data-Admin-Operator-AccessGroup\",\"RequestRuleName\":\"pzPersonaName\"}" => HTTP 404 (18 bytes)
[PegaHttpClient] 📡 POST https://zdk8budo.pegaacademy.net/prweb/api/HRAppsV2/V1/rules/query?pxObjClass=Rule-HTML-Section&appliesTo=Data-Admin-Operator-AccessGroup&pyRuleName=pzPersonaName&RequestClass=Rule-HTML-Section&RequestAppliesTo=Data-Admin-Operator-AccessGroup&RequestRuleName=pzPersonaName Payload: "{\"RequestClass\":\"Rule-HTML-Section\",\"RequestAppliesTo\":\"Data-Admin-Operator-AccessGroup\",\"RequestRuleName\":\"pzPersonaName\"}" => HTTP 404 (18 bytes)
[PegaHttpClient] 📡 POST https://zdk8budo.pegaacademy.net/prweb/PRRestService/HRAppsV2/V1/rules/query?pxObjClass=Rule-HTML-Section&appliesTo=Data-Admin-Operator-AccessGroup&pyRuleName=pzPersonaName&RequestClass=Rule-HTML-Section&RequestAppliesTo=Data-Admin-Operator-AccessGroup&RequestRuleName=pzPersonaName Payload: "{\"RequestClass\":\"Rule-HTML-Section\",\"RequestAppliesTo\":\"Data-Admin-Operator-AccessGroup\",\"RequestRuleName\":\"pzPersonaName\"}" => HTTP 404 (18 bytes)
[PegaHttpClient] 📡 POST https://zdk8budo.pegaacademy.net/prweb/api/v1/rules/query?pxObjClass=Rule-HTML-Section&appliesTo=Data-Admin-Operator-AccessGroup&pyRuleName=pzPersonaName&RequestClass=Rule-HTML-Section&RequestAppliesTo=Data-Admin-Operator-AccessGroup&RequestRuleName=pzPersonaName Payload: "{\"RequestClass\":\"Rule-HTML-Section\",\"RequestAppliesTo\":\"Data-Admin-Operator-AccessGroup\",\"RequestRuleName\":\"pzPersonaName\"}" => HTTP 404 (18 bytes)
[PegaHttpClient] 📡 POST https://zdk8budo.pegaacademy.net/prweb/PRRestService/v1/rules/query?pxObjClass=Rule-HTML-Section&appliesTo=Data-Admin-Operator-AccessGroup&pyRuleName=pzPersonaName&RequestClass=Rule-HTML-Section&RequestAppliesTo=Data-Admin-Operator-AccessGroup&RequestRuleName=pzPersonaName Payload: "{\"RequestClass\":\"Rule-HTML-Section\",\"RequestAppliesTo\":\"Data-Admin-Operator-AccessGroup\",\"RequestRuleName\":\"pzPersonaName\"}" => HTTP 404 (18 bytes)
[PegaHttpClient] 📡 POST https://zdk8budo.pegaacademy.net/prweb/api/CodeIntelligence/v1/rules/query?pxObjClass=Rule-HTML-Section&appliesTo=Data-Admin-Operator-AccessGroup&pyRuleName=RolesSection&RequestClass=Rule-HTML-Section&RequestAppliesTo=Data-Admin-Operator-AccessGroup&RequestRuleName=RolesSection Payload: "{\"RequestClass\":\"Rule-HTML-Section\",\"RequestAppliesTo\":\"Data-Admin-Operator-AccessGroup\",\"RequestRuleName\":\"RolesSection\"}" => HTTP 200 (46089 bytes)
[PegaHttpClient] 📡 POST https://zdk8budo.pegaacademy.net/prweb/api/CodeIntelligence/v1/rules/query?pxObjClass=Rule-HTML-Section&appliesTo=Data-Admin-Operator-AccessGroup&pyRuleName=pzWorkPools&RequestClass=Rule-HTML-Section&RequestAppliesTo=Data-Admin-Operator-AccessGroup&RequestRuleName=pzWorkPools Payload: "{\"RequestClass\":\"Rule-HTML-Section\",\"RequestAppliesTo\":\"Data-Admin-Operator-AccessGroup\",\"RequestRuleName\":\"pzWorkPools\"}" => HTTP 200 (40980 bytes)
[PegaHttpClient] 📡 POST https://zdk8budo.pegaacademy.net/prweb/api/CodeIntelligence/v1/rules/query?pxObjClass=Rule-HTML-Section&appliesTo=Data-Admin-Operator-AccessGroup&pyRuleName=pzAGTimeoutHelpIconMsg&RequestClass=Rule-HTML-Section&RequestAppliesTo=Data-Admin-Operator-AccessGroup&RequestRuleName=pzAGTimeoutHelpIconMsg Payload: "{\"RequestClass\":\"Rule-HTML-Section\",\"RequestAppliesTo\":\"Data-Admin-Operator-AccessGroup\",\"RequestRuleName\":\"pzAGTimeoutHelpIconMsg\"}" => HTTP 200 (22608 bytes)
[PegaHttpClient] 📡 POST https://zdk8budo.pegaacademy.net/prweb/api/CodeIntelligence/v1/rules/query?pxObjClass=Rule-HTML-Section&appliesTo=Data-Admin-Operator-AccessGroup&pyRuleName=pzAdvanced&RequestClass=Rule-HTML-Section&RequestAppliesTo=Data-Admin-Operator-AccessGroup&RequestRuleName=pzAdvanced Payload: "{\"RequestClass\":\"Rule-HTML-Section\",\"RequestAppliesTo\":\"Data-Admin-Operator-AccessGroup\",\"RequestRuleName\":\"pzAdvanced\"}" => HTTP 200 (271981 bytes)
[PegaHttpClient] 📡 POST https://zdk8budo.pegaacademy.net/prweb/api/CodeIntelligence/v1/rules/query?pxObjClass=Rule-HTML-Section&appliesTo=Data-Admin-Operator-AccessGroup&pyRuleName=pzRuleFormStatus&RequestClass=Rule-HTML-Section&RequestAppliesTo=Data-Admin-Operator-AccessGroup&RequestRuleName=pzRuleFormStatus Payload: "{\"RequestClass\":\"Rule-HTML-Section\",\"RequestAppliesTo\":\"Data-Admin-Operator-AccessGroup\",\"RequestRuleName\":\"pzRuleFormStatus\"}" => HTTP 200 (29579 bytes)
[PegaHttpClient] 📡 POST https://zdk8budo.pegaacademy.net/prweb/api/CodeIntelligence/v1/rules/query?pxObjClass=Rule-HTML-Section&appliesTo=Data-Admin-Operator-AccessGroup&pyRuleName=pzRuleFormHeaderCompareWithDropDown&RequestClass=Rule-HTML-Section&RequestAppliesTo=Data-Admin-Operator-AccessGroup&RequestRuleName=pzRuleFormHeaderCompareWithDropDown Payload: "{\"RequestClass\":\"Rule-HTML-Section\",\"RequestAppliesTo\":\"Data-Admin-Operator-AccessGroup\",\"RequestRuleName\":\"pzRuleFormHeaderCompareWithDropDown\"}" => HTTP 200 (25396 bytes)
[PegaHttpClient] 📡 POST https://zdk8budo.pegaacademy.net/prweb/api/CodeIntelligence/v1/rules/query?pxObjClass=Rule-HTML-Section&appliesTo=Data-Admin-Operator-AccessGroup&pyRuleName=undefined&RequestClass=Rule-HTML-Section&RequestAppliesTo=Data-Admin-Operator-AccessGroup&RequestRuleName=undefined Payload: "{\"RequestClass\":\"Rule-HTML-Section\",\"RequestAppliesTo\":\"Data-Admin-Operator-AccessGroup\",\"RequestRuleName\":\"undefined\"}" => HTTP 404 (118 bytes)
[PegaHttpClient] 📡 POST https://zdk8budo.pegaacademy.net/prweb/PRRestService/CodeIntelligence/v1/rules/query?pxObjClass=Rule-HTML-Section&appliesTo=Data-Admin-Operator-AccessGroup&pyRuleName=undefined&RequestClass=Rule-HTML-Section&RequestAppliesTo=Data-Admin-Operator-AccessGroup&RequestRuleName=undefined Payload: "{\"RequestClass\":\"Rule-HTML-Section\",\"RequestAppliesTo\":\"Data-Admin-Operator-AccessGroup\",\"RequestRuleName\":\"undefined\"}" => HTTP 404 (118 bytes)
[PegaHttpClient] 📡 POST https://zdk8budo.pegaacademy.net/prweb/api/HRAppsV2Service/V1/rules/query?pxObjClass=Rule-HTML-Section&appliesTo=Data-Admin-Operator-AccessGroup&pyRuleName=undefined&RequestClass=Rule-HTML-Section&RequestAppliesTo=Data-Admin-Operator-AccessGroup&RequestRuleName=undefined Payload: "{\"RequestClass\":\"Rule-HTML-Section\",\"RequestAppliesTo\":\"Data-Admin-Operator-AccessGroup\",\"RequestRuleName\":\"undefined\"}" => HTTP 404 (18 bytes)
[PegaHttpClient] 📡 POST https://zdk8budo.pegaacademy.net/prweb/PRRestService/HRAppsV2Service/V1/rules/query?pxObjClass=Rule-HTML-Section&appliesTo=Data-Admin-Operator-AccessGroup&pyRuleName=undefined&RequestClass=Rule-HTML-Section&RequestAppliesTo=Data-Admin-Operator-AccessGroup&RequestRuleName=undefined Payload: "{\"RequestClass\":\"Rule-HTML-Section\",\"RequestAppliesTo\":\"Data-Admin-Operator-AccessGroup\",\"RequestRuleName\":\"undefined\"}" => HTTP 404 (18 bytes)
[PegaHttpClient] 📡 POST https://zdk8budo.pegaacademy.net/prweb/api/HRAppsV2/V1/rules/query?pxObjClass=Rule-HTML-Section&appliesTo=Data-Admin-Operator-AccessGroup&pyRuleName=undefined&RequestClass=Rule-HTML-Section&RequestAppliesTo=Data-Admin-Operator-AccessGroup&RequestRuleName=undefined Payload: "{\"RequestClass\":\"Rule-HTML-Section\",\"RequestAppliesTo\":\"Data-Admin-Operator-AccessGroup\",\"RequestRuleName\":\"undefined\"}" => HTTP 404 (18 bytes)
[PegaHttpClient] 📡 POST https://zdk8budo.pegaacademy.net/prweb/PRRestService/HRAppsV2/V1/rules/query?pxObjClass=Rule-HTML-Section&appliesTo=Data-Admin-Operator-AccessGroup&pyRuleName=undefined&RequestClass=Rule-HTML-Section&RequestAppliesTo=Data-Admin-Operator-AccessGroup&RequestRuleName=undefined Payload: "{\"RequestClass\":\"Rule-HTML-Section\",\"RequestAppliesTo\":\"Data-Admin-Operator-AccessGroup\",\"RequestRuleName\":\"undefined\"}" => HTTP 404 (18 bytes)
[PegaHttpClient] 📡 POST https://zdk8budo.pegaacademy.net/prweb/api/v1/rules/query?pxObjClass=Rule-HTML-Section&appliesTo=Data-Admin-Operator-AccessGroup&pyRuleName=undefined&RequestClass=Rule-HTML-Section&RequestAppliesTo=Data-Admin-Operator-AccessGroup&RequestRuleName=undefined Payload: "{\"RequestClass\":\"Rule-HTML-Section\",\"RequestAppliesTo\":\"Data-Admin-Operator-AccessGroup\",\"RequestRuleName\":\"undefined\"}" => HTTP 404 (18 bytes)
[PegaHttpClient] 📡 POST https://zdk8budo.pegaacademy.net/prweb/PRRestService/v1/rules/query?pxObjClass=Rule-HTML-Section&appliesTo=Data-Admin-Operator-AccessGroup&pyRuleName=undefined&RequestClass=Rule-HTML-Section&RequestAppliesTo=Data-Admin-Operator-AccessGroup&RequestRuleName=undefined Payload: "{\"RequestClass\":\"Rule-HTML-Section\",\"RequestAppliesTo\":\"Data-Admin-Operator-AccessGroup\",\"RequestRuleName\":\"undefined\"}" => HTTP 404 (18 bytes)
[PegaHttpClient] 📡 POST https://zdk8budo.pegaacademy.net/prweb/api/CodeIntelligence/v1/rules/query?pxObjClass=Rule-HTML-Section&appliesTo=Data-Admin-Operator-AccessGroup&pyRuleName=pzRuleFormToolbarHotKeys&RequestClass=Rule-HTML-Section&RequestAppliesTo=Data-Admin-Operator-AccessGroup&RequestRuleName=pzRuleFormToolbarHotKeys Payload: "{\"RequestClass\":\"Rule-HTML-Section\",\"RequestAppliesTo\":\"Data-Admin-Operator-AccessGroup\",\"RequestRuleName\":\"pzRuleFormToolbarHotKeys\"}" => HTTP 200 (85058 bytes)
[PegaHttpClient] 📡 POST https://zdk8budo.pegaacademy.net/prweb/api/CodeIntelligence/v1/rules/query?pxObjClass=Rule-HTML-Section&appliesTo=Data-Admin-Operator-AccessGroup&pyRuleName=pzRuleFormToolbarLockedIcon&RequestClass=Rule-HTML-Section&RequestAppliesTo=Data-Admin-Operator-AccessGroup&RequestRuleName=pzRuleFormToolbarLockedIcon Payload: "{\"RequestClass\":\"Rule-HTML-Section\",\"RequestAppliesTo\":\"Data-Admin-Operator-AccessGroup\",\"RequestRuleName\":\"pzRuleFormToolbarLockedIcon\"}" => HTTP 200 (19111 bytes)
[PegaHttpClient] 📡 POST https://zdk8budo.pegaacademy.net/prweb/api/CodeIntelligence/v1/rules/query?pxObjClass=Rule-HTML-Section&appliesTo=Data-Admin-Operator-AccessGroup&pyRuleName=pzRuleFormToolbarCollaborators&RequestClass=Rule-HTML-Section&RequestAppliesTo=Data-Admin-Operator-AccessGroup&RequestRuleName=pzRuleFormToolbarCollaborators Payload: "{\"RequestClass\":\"Rule-HTML-Section\",\"RequestAppliesTo\":\"Data-Admin-Operator-AccessGroup\",\"RequestRuleName\":\"pzRuleFormToolbarCollaborators\"}" => HTTP 200 (15254 bytes)
[PegaHttpClient] 📡 POST https://zdk8budo.pegaacademy.net/prweb/api/CodeIntelligence/v1/rules/query?pxObjClass=Rule-HTML-Section&appliesTo=Data-Admin-Operator-AccessGroup&pyRuleName=pzRuleFormToolbarSaveAs&RequestClass=Rule-HTML-Section&RequestAppliesTo=Data-Admin-Operator-AccessGroup&RequestRuleName=pzRuleFormToolbarSaveAs Payload: "{\"RequestClass\":\"Rule-HTML-Section\",\"RequestAppliesTo\":\"Data-Admin-Operator-AccessGroup\",\"RequestRuleName\":\"pzRuleFormToolbarSaveAs\"}" => HTTP 200 (64084 bytes)
[PegaHttpClient] 📡 POST https://zdk8budo.pegaacademy.net/prweb/api/CodeIntelligence/v1/rules/query?pxObjClass=Rule-HTML-Section&appliesTo=Data-Admin-Operator-AccessGroup&pyRuleName=pzRuleFormToolbarCheckin&RequestClass=Rule-HTML-Section&RequestAppliesTo=Data-Admin-Operator-AccessGroup&RequestRuleName=pzRuleFormToolbarCheckin Payload: "{\"RequestClass\":\"Rule-HTML-Section\",\"RequestAppliesTo\":\"Data-Admin-Operator-AccessGroup\",\"RequestRuleName\":\"pzRuleFormToolbarCheckin\"}" => HTTP 200 (15601 bytes)
[PegaHttpClient] 📡 POST https://zdk8budo.pegaacademy.net/prweb/api/CodeIntelligence/v1/rules/query?pxObjClass=Rule-HTML-Section&appliesTo=Data-Admin-Operator-AccessGroup&pyRuleName=pzRuleFormToolbarDelete&RequestClass=Rule-HTML-Section&RequestAppliesTo=Data-Admin-Operator-AccessGroup&RequestRuleName=pzRuleFormToolbarDelete Payload: "{\"RequestClass\":\"Rule-HTML-Section\",\"RequestAppliesTo\":\"Data-Admin-Operator-AccessGroup\",\"RequestRuleName\":\"pzRuleFormToolbarDelete\"}" => HTTP 200 (30249 bytes)
[PegaHttpClient] 📡 POST https://zdk8budo.pegaacademy.net/prweb/api/CodeIntelligence/v1/rules/query?pxObjClass=Rule-HTML-Section&appliesTo=Data-Admin-Operator-AccessGroup&pyRuleName=pzRuleFormToolbarSave&RequestClass=Rule-HTML-Section&RequestAppliesTo=Data-Admin-Operator-AccessGroup&RequestRuleName=pzRuleFormToolbarSave Payload: "{\"RequestClass\":\"Rule-HTML-Section\",\"RequestAppliesTo\":\"Data-Admin-Operator-AccessGroup\",\"RequestRuleName\":\"pzRuleFormToolbarSave\"}" => HTTP 200 (293885 bytes)
[PegaHttpClient] 📡 POST https://zdk8budo.pegaacademy.net/prweb/api/CodeIntelligence/v1/rules/query?pxObjClass=Rule-HTML-Section&appliesTo=Data-Admin-Operator-AccessGroup&pyRuleName=pzRuleFormToolbarCheckout&RequestClass=Rule-HTML-Section&RequestAppliesTo=Data-Admin-Operator-AccessGroup&RequestRuleName=pzRuleFormToolbarCheckout Payload: "{\"RequestClass\":\"Rule-HTML-Section\",\"RequestAppliesTo\":\"Data-Admin-Operator-AccessGroup\",\"RequestRuleName\":\"pzRuleFormToolbarCheckout\"}" => HTTP 200 (14854 bytes)
[PegaHttpClient] 📡 POST https://zdk8budo.pegaacademy.net/prweb/api/CodeIntelligence/v1/rules/query?pxObjClass=Rule-HTML-Section&appliesTo=Data-Admin-Operator-AccessGroup&pyRuleName=pzRemoveErrorsDataPage&RequestClass=Rule-HTML-Section&RequestAppliesTo=Data-Admin-Operator-AccessGroup&RequestRuleName=pzRemoveErrorsDataPage Payload: "{\"RequestClass\":\"Rule-HTML-Section\",\"RequestAppliesTo\":\"Data-Admin-Operator-AccessGroup\",\"RequestRuleName\":\"pzRemoveErrorsDataPage\"}" => HTTP 200 (16733 bytes)
[PegaHttpClient] 📡 POST https://zdk8budo.pegaacademy.net/prweb/api/CodeIntelligence/v1/rules/query?pxObjClass=Rule-HTML-Section&appliesTo=Data-Admin-Operator-AccessGroup&pyRuleName=pzRuleFormHeaderMessagesWrapper&RequestClass=Rule-HTML-Section&RequestAppliesTo=Data-Admin-Operator-AccessGroup&RequestRuleName=pzRuleFormHeaderMessagesWrapper Payload: "{\"RequestClass\":\"Rule-HTML-Section\",\"RequestAppliesTo\":\"Data-Admin-Operator-AccessGroup\",\"RequestRuleName\":\"pzRuleFormHeaderMessagesWrapper\"}" => HTTP 200 (16981 bytes)
[PegaHttpClient] 📡 POST https://zdk8budo.pegaacademy.net/prweb/api/CodeIntelligence/v1/rules/query?pxObjClass=Rule-HTML-Section&appliesTo=Data-Admin-Operator-AccessGroup&pyRuleName=ProductionRuleSetsSection&RequestClass=Rule-HTML-Section&RequestAppliesTo=Data-Admin-Operator-AccessGroup&RequestRuleName=ProductionRuleSetsSection Payload: "{\"RequestClass\":\"Rule-HTML-Section\",\"RequestAppliesTo\":\"Data-Admin-Operator-AccessGroup\",\"RequestRuleName\":\"ProductionRuleSetsSection\"}" => HTTP 200 (35010 bytes)
[PegaHttpClient] 📡 POST https://zdk8budo.pegaacademy.net/prweb/api/CodeIntelligence/v1/rules/query?pxObjClass=Rule-HTML-Section&appliesTo=Data-Admin-Operator-AccessGroup&pyRuleName=pzLocalCustomization&RequestClass=Rule-HTML-Section&RequestAppliesTo=Data-Admin-Operator-AccessGroup&RequestRuleName=pzLocalCustomization Payload: "{\"RequestClass\":\"Rule-HTML-Section\",\"RequestAppliesTo\":\"Data-Admin-Operator-AccessGroup\",\"RequestRuleName\":\"pzLocalCustomization\"}" => HTTP 200 (24831 bytes)
[PegaHttpClient] 📡 POST https://zdk8budo.pegaacademy.net/prweb/api/CodeIntelligence/v1/rules/query?pxObjClass=Rule-HTML-Section&appliesTo=Data-Admin-Operator-AccessGroup&pyRuleName=pxDisplayCollaborators&RequestClass=Rule-HTML-Section&RequestAppliesTo=Data-Admin-Operator-AccessGroup&RequestRuleName=pxDisplayCollaborators Payload: "{\"RequestClass\":\"Rule-HTML-Section\",\"RequestAppliesTo\":\"Data-Admin-Operator-AccessGroup\",\"RequestRuleName\":\"pxDisplayCollaborators\"}" => HTTP 200 (94171 bytes)
[PegaHttpClient] 📡 POST https://zdk8budo.pegaacademy.net/prweb/api/CodeIntelligence/v1/rules/query?pxObjClass=Rule-HTML-Section&appliesTo=Data-Admin-Operator-AccessGroup&pyRuleName=pzRuleFormToolbarDeleteCheckOut&RequestClass=Rule-HTML-Section&RequestAppliesTo=Data-Admin-Operator-AccessGroup&RequestRuleName=pzRuleFormToolbarDeleteCheckOut Payload: "{\"RequestClass\":\"Rule-HTML-Section\",\"RequestAppliesTo\":\"Data-Admin-Operator-AccessGroup\",\"RequestRuleName\":\"pzRuleFormToolbarDeleteCheckOut\"}" => HTTP 404 (140 bytes)
[PegaHttpClient] 📡 POST https://zdk8budo.pegaacademy.net/prweb/PRRestService/CodeIntelligence/v1/rules/query?pxObjClass=Rule-HTML-Section&appliesTo=Data-Admin-Operator-AccessGroup&pyRuleName=pzRuleFormToolbarDeleteCheckOut&RequestClass=Rule-HTML-Section&RequestAppliesTo=Data-Admin-Operator-AccessGroup&RequestRuleName=pzRuleFormToolbarDeleteCheckOut Payload: "{\"RequestClass\":\"Rule-HTML-Section\",\"RequestAppliesTo\":\"Data-Admin-Operator-AccessGroup\",\"RequestRuleName\":\"pzRuleFormToolbarDeleteCheckOut\"}" => HTTP 404 (140 bytes)
[PegaHttpClient] 📡 POST https://zdk8budo.pegaacademy.net/prweb/api/HRAppsV2Service/V1/rules/query?pxObjClass=Rule-HTML-Section&appliesTo=Data-Admin-Operator-AccessGroup&pyRuleName=pzRuleFormToolbarDeleteCheckOut&RequestClass=Rule-HTML-Section&RequestAppliesTo=Data-Admin-Operator-AccessGroup&RequestRuleName=pzRuleFormToolbarDeleteCheckOut Payload: "{\"RequestClass\":\"Rule-HTML-Section\",\"RequestAppliesTo\":\"Data-Admin-Operator-AccessGroup\",\"RequestRuleName\":\"pzRuleFormToolbarDeleteCheckOut\"}" => HTTP 404 (18 bytes)
[PegaHttpClient] 📡 POST https://zdk8budo.pegaacademy.net/prweb/PRRestService/HRAppsV2Service/V1/rules/query?pxObjClass=Rule-HTML-Section&appliesTo=Data-Admin-Operator-AccessGroup&pyRuleName=pzRuleFormToolbarDeleteCheckOut&RequestClass=Rule-HTML-Section&RequestAppliesTo=Data-Admin-Operator-AccessGroup&RequestRuleName=pzRuleFormToolbarDeleteCheckOut Payload: "{\"RequestClass\":\"Rule-HTML-Section\",\"RequestAppliesTo\":\"Data-Admin-Operator-AccessGroup\",\"RequestRuleName\":\"pzRuleFormToolbarDeleteCheckOut\"}" => HTTP 404 (18 bytes)
[PegaHttpClient] 📡 POST https://zdk8budo.pegaacademy.net/prweb/api/HRAppsV2/V1/rules/query?pxObjClass=Rule-HTML-Section&appliesTo=Data-Admin-Operator-AccessGroup&pyRuleName=pzRuleFormToolbarDeleteCheckOut&RequestClass=Rule-HTML-Section&RequestAppliesTo=Data-Admin-Operator-AccessGroup&RequestRuleName=pzRuleFormToolbarDeleteCheckOut Payload: "{\"RequestClass\":\"Rule-HTML-Section\",\"RequestAppliesTo\":\"Data-Admin-Operator-AccessGroup\",\"RequestRuleName\":\"pzRuleFormToolbarDeleteCheckOut\"}" => HTTP 404 (18 bytes)
[PegaHttpClient] 📡 POST https://zdk8budo.pegaacademy.net/prweb/PRRestService/HRAppsV2/V1/rules/query?pxObjClass=Rule-HTML-Section&appliesTo=Data-Admin-Operator-AccessGroup&pyRuleName=pzRuleFormToolbarDeleteCheckOut&RequestClass=Rule-HTML-Section&RequestAppliesTo=Data-Admin-Operator-AccessGroup&RequestRuleName=pzRuleFormToolbarDeleteCheckOut Payload: "{\"RequestClass\":\"Rule-HTML-Section\",\"RequestAppliesTo\":\"Data-Admin-Operator-AccessGroup\",\"RequestRuleName\":\"pzRuleFormToolbarDeleteCheckOut\"}" => HTTP 404 (18 bytes)
[PegaHttpClient] 📡 POST https://zdk8budo.pegaacademy.net/prweb/api/v1/rules/query?pxObjClass=Rule-HTML-Section&appliesTo=Data-Admin-Operator-AccessGroup&pyRuleName=pzRuleFormToolbarDeleteCheckOut&RequestClass=Rule-HTML-Section&RequestAppliesTo=Data-Admin-Operator-AccessGroup&RequestRuleName=pzRuleFormToolbarDeleteCheckOut Payload: "{\"RequestClass\":\"Rule-HTML-Section\",\"RequestAppliesTo\":\"Data-Admin-Operator-AccessGroup\",\"RequestRuleName\":\"pzRuleFormToolbarDeleteCheckOut\"}" => HTTP 404 (18 bytes)
[PegaHttpClient] 📡 POST https://zdk8budo.pegaacademy.net/prweb/PRRestService/v1/rules/query?pxObjClass=Rule-HTML-Section&appliesTo=Data-Admin-Operator-AccessGroup&pyRuleName=pzRuleFormToolbarDeleteCheckOut&RequestClass=Rule-HTML-Section&RequestAppliesTo=Data-Admin-Operator-AccessGroup&RequestRuleName=pzRuleFormToolbarDeleteCheckOut Payload: "{\"RequestClass\":\"Rule-HTML-Section\",\"RequestAppliesTo\":\"Data-Admin-Operator-AccessGroup\",\"RequestRuleName\":\"pzRuleFormToolbarDeleteCheckOut\"}" => HTTP 404 (18 bytes)
[PegaHttpClient] 📡 POST https://zdk8budo.pegaacademy.net/prweb/api/CodeIntelligence/v1/rules/query?pxObjClass=Rule-HTML-Section&appliesTo=Data-Admin-Operator-AccessGroup&pyRuleName=pzRuleFormToolbarDeleteRule&RequestClass=Rule-HTML-Section&RequestAppliesTo=Data-Admin-Operator-AccessGroup&RequestRuleName=pzRuleFormToolbarDeleteRule Payload: "{\"RequestClass\":\"Rule-HTML-Section\",\"RequestAppliesTo\":\"Data-Admin-Operator-AccessGroup\",\"RequestRuleName\":\"pzRuleFormToolbarDeleteRule\"}" => HTTP 200 (32314 bytes)
[PegaHttpClient] 📡 POST https://zdk8budo.pegaacademy.net/prweb/api/CodeIntelligence/v1/rules/query?pxObjClass=Rule-HTML-Section&appliesTo=Data-Admin-Operator-AccessGroup&pyRuleName=pzLoadCollaborationScripts&RequestClass=Rule-HTML-Section&RequestAppliesTo=Data-Admin-Operator-AccessGroup&RequestRuleName=pzLoadCollaborationScripts Payload: "{\"RequestClass\":\"Rule-HTML-Section\",\"RequestAppliesTo\":\"Data-Admin-Operator-AccessGroup\",\"RequestRuleName\":\"pzLoadCollaborationScripts\"}" => HTTP 200 (23453 bytes)
[PegaHttpClient] 📡 POST https://zdk8budo.pegaacademy.net/prweb/api/CodeIntelligence/v1/rules/query?pxObjClass=Rule-HTML-Section&appliesTo=Data-Admin-Operator-AccessGroup&pyRuleName=pzDisplayCollaboratorsList&RequestClass=Rule-HTML-Section&RequestAppliesTo=Data-Admin-Operator-AccessGroup&RequestRuleName=pzDisplayCollaboratorsList Payload: "{\"RequestClass\":\"Rule-HTML-Section\",\"RequestAppliesTo\":\"Data-Admin-Operator-AccessGroup\",\"RequestRuleName\":\"pzDisplayCollaboratorsList\"}" => HTTP 200 (105418 bytes)
[PegaHttpClient] 📡 POST https://zdk8budo.pegaacademy.net/prweb/api/CodeIntelligence/v1/rules/query?pxObjClass=Rule-HTML-Section&appliesTo=Data-Admin-Operator-AccessGroup&pyRuleName=pyCollaborator&RequestClass=Rule-HTML-Section&RequestAppliesTo=Data-Admin-Operator-AccessGroup&RequestRuleName=pyCollaborator Payload: "{\"RequestClass\":\"Rule-HTML-Section\",\"RequestAppliesTo\":\"Data-Admin-Operator-AccessGroup\",\"RequestRuleName\":\"pyCollaborator\"}" => HTTP 404 (123 bytes)
[PegaHttpClient] 📡 POST https://zdk8budo.pegaacademy.net/prweb/PRRestService/CodeIntelligence/v1/rules/query?pxObjClass=Rule-HTML-Section&appliesTo=Data-Admin-Operator-AccessGroup&pyRuleName=pyCollaborator&RequestClass=Rule-HTML-Section&RequestAppliesTo=Data-Admin-Operator-AccessGroup&RequestRuleName=pyCollaborator Payload: "{\"RequestClass\":\"Rule-HTML-Section\",\"RequestAppliesTo\":\"Data-Admin-Operator-AccessGroup\",\"RequestRuleName\":\"pyCollaborator\"}" => HTTP 404 (123 bytes)
[PegaHttpClient] 📡 POST https://zdk8budo.pegaacademy.net/prweb/api/HRAppsV2Service/V1/rules/query?pxObjClass=Rule-HTML-Section&appliesTo=Data-Admin-Operator-AccessGroup&pyRuleName=pyCollaborator&RequestClass=Rule-HTML-Section&RequestAppliesTo=Data-Admin-Operator-AccessGroup&RequestRuleName=pyCollaborator Payload: "{\"RequestClass\":\"Rule-HTML-Section\",\"RequestAppliesTo\":\"Data-Admin-Operator-AccessGroup\",\"RequestRuleName\":\"pyCollaborator\"}" => HTTP 404 (18 bytes)
[PegaHttpClient] 📡 POST https://zdk8budo.pegaacademy.net/prweb/PRRestService/HRAppsV2Service/V1/rules/query?pxObjClass=Rule-HTML-Section&appliesTo=Data-Admin-Operator-AccessGroup&pyRuleName=pyCollaborator&RequestClass=Rule-HTML-Section&RequestAppliesTo=Data-Admin-Operator-AccessGroup&RequestRuleName=pyCollaborator Payload: "{\"RequestClass\":\"Rule-HTML-Section\",\"RequestAppliesTo\":\"Data-Admin-Operator-AccessGroup\",\"RequestRuleName\":\"pyCollaborator\"}" => HTTP 404 (18 bytes)
[PegaHttpClient] 📡 POST https://zdk8budo.pegaacademy.net/prweb/api/HRAppsV2/V1/rules/query?pxObjClass=Rule-HTML-Section&appliesTo=Data-Admin-Operator-AccessGroup&pyRuleName=pyCollaborator&RequestClass=Rule-HTML-Section&RequestAppliesTo=Data-Admin-Operator-AccessGroup&RequestRuleName=pyCollaborator Payload: "{\"RequestClass\":\"Rule-HTML-Section\",\"RequestAppliesTo\":\"Data-Admin-Operator-AccessGroup\",\"RequestRuleName\":\"pyCollaborator\"}" => HTTP 404 (18 bytes)
[PegaHttpClient] 📡 POST https://zdk8budo.pegaacademy.net/prweb/PRRestService/HRAppsV2/V1/rules/query?pxObjClass=Rule-HTML-Section&appliesTo=Data-Admin-Operator-AccessGroup&pyRuleName=pyCollaborator&RequestClass=Rule-HTML-Section&RequestAppliesTo=Data-Admin-Operator-AccessGroup&RequestRuleName=pyCollaborator Payload: "{\"RequestClass\":\"Rule-HTML-Section\",\"RequestAppliesTo\":\"Data-Admin-Operator-AccessGroup\",\"RequestRuleName\":\"pyCollaborator\"}" => HTTP 404 (18 bytes)
[PegaHttpClient] 📡 POST https://zdk8budo.pegaacademy.net/prweb/api/v1/rules/query?pxObjClass=Rule-HTML-Section&appliesTo=Data-Admin-Operator-AccessGroup&pyRuleName=pyCollaborator&RequestClass=Rule-HTML-Section&RequestAppliesTo=Data-Admin-Operator-AccessGroup&RequestRuleName=pyCollaborator Payload: "{\"RequestClass\":\"Rule-HTML-Section\",\"RequestAppliesTo\":\"Data-Admin-Operator-AccessGroup\",\"RequestRuleName\":\"pyCollaborator\"}" => HTTP 404 (18 bytes)
[PegaHttpClient] 📡 POST https://zdk8budo.pegaacademy.net/prweb/PRRestService/v1/rules/query?pxObjClass=Rule-HTML-Section&appliesTo=Data-Admin-Operator-AccessGroup&pyRuleName=pyCollaborator&RequestClass=Rule-HTML-Section&RequestAppliesTo=Data-Admin-Operator-AccessGroup&RequestRuleName=pyCollaborator Payload: "{\"RequestClass\":\"Rule-HTML-Section\",\"RequestAppliesTo\":\"Data-Admin-Operator-AccessGroup\",\"RequestRuleName\":\"pyCollaborator\"}" => HTTP 404 (18 bytes)
[PegaHttpClient] 📡 POST https://zdk8budo.pegaacademy.net/prweb/api/CodeIntelligence/v1/rules/query?pxObjClass=Rule-HTML-Section&appliesTo=Data-Admin-Operator-AccessGroup&pyRuleName=pzDisplayPartialCount&RequestClass=Rule-HTML-Section&RequestAppliesTo=Data-Admin-Operator-AccessGroup&RequestRuleName=pzDisplayPartialCount Payload: "{\"RequestClass\":\"Rule-HTML-Section\",\"RequestAppliesTo\":\"Data-Admin-Operator-AccessGroup\",\"RequestRuleName\":\"pzDisplayPartialCount\"}" => HTTP 404 (130 bytes)
[PegaHttpClient] 📡 POST https://zdk8budo.pegaacademy.net/prweb/PRRestService/CodeIntelligence/v1/rules/query?pxObjClass=Rule-HTML-Section&appliesTo=Data-Admin-Operator-AccessGroup&pyRuleName=pzDisplayPartialCount&RequestClass=Rule-HTML-Section&RequestAppliesTo=Data-Admin-Operator-AccessGroup&RequestRuleName=pzDisplayPartialCount Payload: "{\"RequestClass\":\"Rule-HTML-Section\",\"RequestAppliesTo\":\"Data-Admin-Operator-AccessGroup\",\"RequestRuleName\":\"pzDisplayPartialCount\"}" => HTTP 404 (130 bytes)
[PegaHttpClient] 📡 POST https://zdk8budo.pegaacademy.net/prweb/api/HRAppsV2Service/V1/rules/query?pxObjClass=Rule-HTML-Section&appliesTo=Data-Admin-Operator-AccessGroup&pyRuleName=pzDisplayPartialCount&RequestClass=Rule-HTML-Section&RequestAppliesTo=Data-Admin-Operator-AccessGroup&RequestRuleName=pzDisplayPartialCount Payload: "{\"RequestClass\":\"Rule-HTML-Section\",\"RequestAppliesTo\":\"Data-Admin-Operator-AccessGroup\",\"RequestRuleName\":\"pzDisplayPartialCount\"}" => HTTP 404 (18 bytes)
[PegaHttpClient] 📡 POST https://zdk8budo.pegaacademy.net/prweb/PRRestService/HRAppsV2Service/V1/rules/query?pxObjClass=Rule-HTML-Section&appliesTo=Data-Admin-Operator-AccessGroup&pyRuleName=pzDisplayPartialCount&RequestClass=Rule-HTML-Section&RequestAppliesTo=Data-Admin-Operator-AccessGroup&RequestRuleName=pzDisplayPartialCount Payload: "{\"RequestClass\":\"Rule-HTML-Section\",\"RequestAppliesTo\":\"Data-Admin-Operator-AccessGroup\",\"RequestRuleName\":\"pzDisplayPartialCount\"}" => HTTP 404 (18 bytes)
[PegaHttpClient] 📡 POST https://zdk8budo.pegaacademy.net/prweb/api/HRAppsV2/V1/rules/query?pxObjClass=Rule-HTML-Section&appliesTo=Data-Admin-Operator-AccessGroup&pyRuleName=pzDisplayPartialCount&RequestClass=Rule-HTML-Section&RequestAppliesTo=Data-Admin-Operator-AccessGroup&RequestRuleName=pzDisplayPartialCount Payload: "{\"RequestClass\":\"Rule-HTML-Section\",\"RequestAppliesTo\":\"Data-Admin-Operator-AccessGroup\",\"RequestRuleName\":\"pzDisplayPartialCount\"}" => HTTP 404 (18 bytes)
[PegaHttpClient] 📡 POST https://zdk8budo.pegaacademy.net/prweb/PRRestService/HRAppsV2/V1/rules/query?pxObjClass=Rule-HTML-Section&appliesTo=Data-Admin-Operator-AccessGroup&pyRuleName=pzDisplayPartialCount&RequestClass=Rule-HTML-Section&RequestAppliesTo=Data-Admin-Operator-AccessGroup&RequestRuleName=pzDisplayPartialCount Payload: "{\"RequestClass\":\"Rule-HTML-Section\",\"RequestAppliesTo\":\"Data-Admin-Operator-AccessGroup\",\"RequestRuleName\":\"pzDisplayPartialCount\"}" => HTTP 404 (18 bytes)
[PegaHttpClient] 📡 POST https://zdk8budo.pegaacademy.net/prweb/api/v1/rules/query?pxObjClass=Rule-HTML-Section&appliesTo=Data-Admin-Operator-AccessGroup&pyRuleName=pzDisplayPartialCount&RequestClass=Rule-HTML-Section&RequestAppliesTo=Data-Admin-Operator-AccessGroup&RequestRuleName=pzDisplayPartialCount Payload: "{\"RequestClass\":\"Rule-HTML-Section\",\"RequestAppliesTo\":\"Data-Admin-Operator-AccessGroup\",\"RequestRuleName\":\"pzDisplayPartialCount\"}" => HTTP 404 (18 bytes)
[PegaHttpClient] 📡 POST https://zdk8budo.pegaacademy.net/prweb/PRRestService/v1/rules/query?pxObjClass=Rule-HTML-Section&appliesTo=Data-Admin-Operator-AccessGroup&pyRuleName=pzDisplayPartialCount&RequestClass=Rule-HTML-Section&RequestAppliesTo=Data-Admin-Operator-AccessGroup&RequestRuleName=pzDisplayPartialCount Payload: "{\"RequestClass\":\"Rule-HTML-Section\",\"RequestAppliesTo\":\"Data-Admin-Operator-AccessGroup\",\"RequestRuleName\":\"pzDisplayPartialCount\"}" => HTTP 404 (18 bytes)
[SchemaGen] ✅ Schema written for Data-Admin-Operator-AccessGroup
[PegaHttpClient] 📡 GET https://zdk8budo.pegaacademy.net/prweb/api/CodeIntelligence/v1/rules/RULE-HTML-HARNESS%20DATA-ADMIN-DB-CLASSGROUP%20RULEFORM%20%2320180713T135116.579%20GMT => HTTP 200 (23429 bytes)
[PegaHttpClient] 📡 POST https://zdk8budo.pegaacademy.net/prweb/api/CodeIntelligence/v1/rules/query?pxObjClass=Rule-HTML-Section&appliesTo=Data-Admin-DB-ClassGroup&pyRuleName=RuleFormMain&RequestClass=Rule-HTML-Section&RequestAppliesTo=Data-Admin-DB-ClassGroup&RequestRuleName=RuleFormMain Payload: "{\"RequestClass\":\"Rule-HTML-Section\",\"RequestAppliesTo\":\"Data-Admin-DB-ClassGroup\",\"RequestRuleName\":\"RuleFormMain\"}" => HTTP 200 (156234 bytes)
[PegaHttpClient] 📡 POST https://zdk8budo.pegaacademy.net/prweb/api/CodeIntelligence/v1/rules/query?pxObjClass=Rule-HTML-Section&appliesTo=Data-Admin-DB-ClassGroup&pyRuleName=pxAlternateRuleForm&RequestClass=Rule-HTML-Section&RequestAppliesTo=Data-Admin-DB-ClassGroup&RequestRuleName=pxAlternateRuleForm Payload: "{\"RequestClass\":\"Rule-HTML-Section\",\"RequestAppliesTo\":\"Data-Admin-DB-ClassGroup\",\"RequestRuleName\":\"pxAlternateRuleForm\"}" => HTTP 200 (66153 bytes)
[PegaHttpClient] 📡 POST https://zdk8budo.pegaacademy.net/prweb/api/CodeIntelligence/v1/rules/query?pxObjClass=Rule-HTML-Section&appliesTo=Data-Admin-DB-ClassGroup&pyRuleName=pzRuleFormScripts&RequestClass=Rule-HTML-Section&RequestAppliesTo=Data-Admin-DB-ClassGroup&RequestRuleName=pzRuleFormScripts Payload: "{\"RequestClass\":\"Rule-HTML-Section\",\"RequestAppliesTo\":\"Data-Admin-DB-ClassGroup\",\"RequestRuleName\":\"pzRuleFormScripts\"}" => HTTP 200 (40822 bytes)
[PegaHttpClient] 📡 POST https://zdk8budo.pegaacademy.net/prweb/api/CodeIntelligence/v1/rules/query?pxObjClass=Rule-HTML-Section&appliesTo=Data-Admin-DB-ClassGroup&pyRuleName=pzRuleFormLayoutDelegated&RequestClass=Rule-HTML-Section&RequestAppliesTo=Data-Admin-DB-ClassGroup&RequestRuleName=pzRuleFormLayoutDelegated Payload: "{\"RequestClass\":\"Rule-HTML-Section\",\"RequestAppliesTo\":\"Data-Admin-DB-ClassGroup\",\"RequestRuleName\":\"pzRuleFormLayoutDelegated\"}" => HTTP 200 (70998 bytes)
[PegaHttpClient] 📡 POST https://zdk8budo.pegaacademy.net/prweb/api/CodeIntelligence/v1/rules/query?pxObjClass=Rule-HTML-Section&appliesTo=Data-Admin-DB-ClassGroup&pyRuleName=RuleFormLayout&RequestClass=Rule-HTML-Section&RequestAppliesTo=Data-Admin-DB-ClassGroup&RequestRuleName=RuleFormLayout Payload: "{\"RequestClass\":\"Rule-HTML-Section\",\"RequestAppliesTo\":\"Data-Admin-DB-ClassGroup\",\"RequestRuleName\":\"RuleFormLayout\"}" => HTTP 200 (67223 bytes)
[PegaHttpClient] 📡 POST https://zdk8budo.pegaacademy.net/prweb/api/CodeIntelligence/v1/rules/query?pxObjClass=Rule-HTML-Section&appliesTo=Data-Admin-DB-ClassGroup&pyRuleName=RuleFormSettings&RequestClass=Rule-HTML-Section&RequestAppliesTo=Data-Admin-DB-ClassGroup&RequestRuleName=RuleFormSettings Payload: "{\"RequestClass\":\"Rule-HTML-Section\",\"RequestAppliesTo\":\"Data-Admin-DB-ClassGroup\",\"RequestRuleName\":\"RuleFormSettings\"}" => HTTP 200 (21582 bytes)
[PegaHttpClient] 📡 POST https://zdk8budo.pegaacademy.net/prweb/api/CodeIntelligence/v1/rules/query?pxObjClass=Rule-HTML-Section&appliesTo=Data-Admin-DB-ClassGroup&pyRuleName=OpenAuthoring&RequestClass=Rule-HTML-Section&RequestAppliesTo=Data-Admin-DB-ClassGroup&RequestRuleName=OpenAuthoring Payload: "{\"RequestClass\":\"Rule-HTML-Section\",\"RequestAppliesTo\":\"Data-Admin-DB-ClassGroup\",\"RequestRuleName\":\"OpenAuthoring\"}" => HTTP 200 (20315 bytes)
[PegaHttpClient] 📡 POST https://zdk8budo.pegaacademy.net/prweb/api/CodeIntelligence/v1/rules/query?pxObjClass=Rule-HTML-Section&appliesTo=Data-Admin-DB-ClassGroup&pyRuleName=pyCustomHelp&RequestClass=Rule-HTML-Section&RequestAppliesTo=Data-Admin-DB-ClassGroup&RequestRuleName=pyCustomHelp Payload: "{\"RequestClass\":\"Rule-HTML-Section\",\"RequestAppliesTo\":\"Data-Admin-DB-ClassGroup\",\"RequestRuleName\":\"pyCustomHelp\"}" => HTTP 200 (17256 bytes)
[PegaHttpClient] 📡 POST https://zdk8budo.pegaacademy.net/prweb/api/CodeIntelligence/v1/rules/query?pxObjClass=Rule-HTML-Section&appliesTo=Data-Admin-DB-ClassGroup&pyRuleName=pzRuleformMainInclude&RequestClass=Rule-HTML-Section&RequestAppliesTo=Data-Admin-DB-ClassGroup&RequestRuleName=pzRuleformMainInclude Payload: "{\"RequestClass\":\"Rule-HTML-Section\",\"RequestAppliesTo\":\"Data-Admin-DB-ClassGroup\",\"RequestRuleName\":\"pzRuleformMainInclude\"}" => HTTP 200 (22375 bytes)
[PegaHttpClient] 📡 POST https://zdk8budo.pegaacademy.net/prweb/api/CodeIntelligence/v1/rules/query?pxObjClass=Rule-HTML-Section&appliesTo=Data-Admin-DB-ClassGroup&pyRuleName=pyAlternativeRuleFormStrategicAppExtension&RequestClass=Rule-HTML-Section&RequestAppliesTo=Data-Admin-DB-ClassGroup&RequestRuleName=pyAlternativeRuleFormStrategicAppExtension Payload: "{\"RequestClass\":\"Rule-HTML-Section\",\"RequestAppliesTo\":\"Data-Admin-DB-ClassGroup\",\"RequestRuleName\":\"pyAlternativeRuleFormStrategicAppExtension\"}" => HTTP 200 (25042 bytes)
[PegaHttpClient] 📡 POST https://zdk8budo.pegaacademy.net/prweb/api/CodeIntelligence/v1/rules/query?pxObjClass=Rule-HTML-Section&appliesTo=Data-Admin-DB-ClassGroup&pyRuleName=pyAlternativeRuleFormExtension&RequestClass=Rule-HTML-Section&RequestAppliesTo=Data-Admin-DB-ClassGroup&RequestRuleName=pyAlternativeRuleFormExtension Payload: "{\"RequestClass\":\"Rule-HTML-Section\",\"RequestAppliesTo\":\"Data-Admin-DB-ClassGroup\",\"RequestRuleName\":\"pyAlternativeRuleFormExtension\"}" => HTTP 200 (24863 bytes)
[PegaHttpClient] 📡 POST https://zdk8budo.pegaacademy.net/prweb/api/CodeIntelligence/v1/rules/query?pxObjClass=Rule-HTML-Section&appliesTo=Data-Admin-DB-ClassGroup&pyRuleName=RuleFormHeader&RequestClass=Rule-HTML-Section&RequestAppliesTo=Data-Admin-DB-ClassGroup&RequestRuleName=RuleFormHeader Payload: "{\"RequestClass\":\"Rule-HTML-Section\",\"RequestAppliesTo\":\"Data-Admin-DB-ClassGroup\",\"RequestRuleName\":\"RuleFormHeader\"}" => HTTP 200 (183800 bytes)
[PegaHttpClient] 📡 POST https://zdk8budo.pegaacademy.net/prweb/api/CodeIntelligence/v1/rules/query?pxObjClass=Rule-HTML-Section&appliesTo=Data-Admin-DB-ClassGroup&pyRuleName=pzDelegationExperience&RequestClass=Rule-HTML-Section&RequestAppliesTo=Data-Admin-DB-ClassGroup&RequestRuleName=pzDelegationExperience Payload: "{\"RequestClass\":\"Rule-HTML-Section\",\"RequestAppliesTo\":\"Data-Admin-DB-ClassGroup\",\"RequestRuleName\":\"pzDelegationExperience\"}" => HTTP 404 (124 bytes)
[PegaHttpClient] 📡 POST https://zdk8budo.pegaacademy.net/prweb/PRRestService/CodeIntelligence/v1/rules/query?pxObjClass=Rule-HTML-Section&appliesTo=Data-Admin-DB-ClassGroup&pyRuleName=pzDelegationExperience&RequestClass=Rule-HTML-Section&RequestAppliesTo=Data-Admin-DB-ClassGroup&RequestRuleName=pzDelegationExperience Payload: "{\"RequestClass\":\"Rule-HTML-Section\",\"RequestAppliesTo\":\"Data-Admin-DB-ClassGroup\",\"RequestRuleName\":\"pzDelegationExperience\"}" => HTTP 404 (124 bytes)
[PegaHttpClient] 📡 POST https://zdk8budo.pegaacademy.net/prweb/api/HRAppsV2Service/V1/rules/query?pxObjClass=Rule-HTML-Section&appliesTo=Data-Admin-DB-ClassGroup&pyRuleName=pzDelegationExperience&RequestClass=Rule-HTML-Section&RequestAppliesTo=Data-Admin-DB-ClassGroup&RequestRuleName=pzDelegationExperience Payload: "{\"RequestClass\":\"Rule-HTML-Section\",\"RequestAppliesTo\":\"Data-Admin-DB-ClassGroup\",\"RequestRuleName\":\"pzDelegationExperience\"}" => HTTP 404 (18 bytes)
[PegaHttpClient] 📡 POST https://zdk8budo.pegaacademy.net/prweb/PRRestService/HRAppsV2Service/V1/rules/query?pxObjClass=Rule-HTML-Section&appliesTo=Data-Admin-DB-ClassGroup&pyRuleName=pzDelegationExperience&RequestClass=Rule-HTML-Section&RequestAppliesTo=Data-Admin-DB-ClassGroup&RequestRuleName=pzDelegationExperience Payload: "{\"RequestClass\":\"Rule-HTML-Section\",\"RequestAppliesTo\":\"Data-Admin-DB-ClassGroup\",\"RequestRuleName\":\"pzDelegationExperience\"}" => HTTP 404 (18 bytes)
[PegaHttpClient] 📡 POST https://zdk8budo.pegaacademy.net/prweb/api/HRAppsV2/V1/rules/query?pxObjClass=Rule-HTML-Section&appliesTo=Data-Admin-DB-ClassGroup&pyRuleName=pzDelegationExperience&RequestClass=Rule-HTML-Section&RequestAppliesTo=Data-Admin-DB-ClassGroup&RequestRuleName=pzDelegationExperience Payload: "{\"RequestClass\":\"Rule-HTML-Section\",\"RequestAppliesTo\":\"Data-Admin-DB-ClassGroup\",\"RequestRuleName\":\"pzDelegationExperience\"}" => HTTP 404 (18 bytes)
[PegaHttpClient] 📡 POST https://zdk8budo.pegaacademy.net/prweb/PRRestService/HRAppsV2/V1/rules/query?pxObjClass=Rule-HTML-Section&appliesTo=Data-Admin-DB-ClassGroup&pyRuleName=pzDelegationExperience&RequestClass=Rule-HTML-Section&RequestAppliesTo=Data-Admin-DB-ClassGroup&RequestRuleName=pzDelegationExperience Payload: "{\"RequestClass\":\"Rule-HTML-Section\",\"RequestAppliesTo\":\"Data-Admin-DB-ClassGroup\",\"RequestRuleName\":\"pzDelegationExperience\"}" => HTTP 404 (18 bytes)
[PegaHttpClient] 📡 POST https://zdk8budo.pegaacademy.net/prweb/api/v1/rules/query?pxObjClass=Rule-HTML-Section&appliesTo=Data-Admin-DB-ClassGroup&pyRuleName=pzDelegationExperience&RequestClass=Rule-HTML-Section&RequestAppliesTo=Data-Admin-DB-ClassGroup&RequestRuleName=pzDelegationExperience Payload: "{\"RequestClass\":\"Rule-HTML-Section\",\"RequestAppliesTo\":\"Data-Admin-DB-ClassGroup\",\"RequestRuleName\":\"pzDelegationExperience\"}" => HTTP 404 (18 bytes)
[PegaHttpClient] 📡 POST https://zdk8budo.pegaacademy.net/prweb/PRRestService/v1/rules/query?pxObjClass=Rule-HTML-Section&appliesTo=Data-Admin-DB-ClassGroup&pyRuleName=pzDelegationExperience&RequestClass=Rule-HTML-Section&RequestAppliesTo=Data-Admin-DB-ClassGroup&RequestRuleName=pzDelegationExperience Payload: "{\"RequestClass\":\"Rule-HTML-Section\",\"RequestAppliesTo\":\"Data-Admin-DB-ClassGroup\",\"RequestRuleName\":\"pzDelegationExperience\"}" => HTTP 404 (18 bytes)
[PegaHttpClient] 📡 POST https://zdk8budo.pegaacademy.net/prweb/api/CodeIntelligence/v1/rules/query?pxObjClass=Rule-HTML-Section&appliesTo=Data-Admin-DB-ClassGroup&pyRuleName=Keys_DADC&RequestClass=Rule-HTML-Section&RequestAppliesTo=Data-Admin-DB-ClassGroup&RequestRuleName=Keys_DADC Payload: "{\"RequestClass\":\"Rule-HTML-Section\",\"RequestAppliesTo\":\"Data-Admin-DB-ClassGroup\",\"RequestRuleName\":\"Keys_DADC\"}" => HTTP 200 (47179 bytes)
[PegaHttpClient] 📡 POST https://zdk8budo.pegaacademy.net/prweb/api/CodeIntelligence/v1/rules/query?pxObjClass=Rule-HTML-Section&appliesTo=Data-Admin-DB-ClassGroup&pyRuleName=Locks&RequestClass=Rule-HTML-Section&RequestAppliesTo=Data-Admin-DB-ClassGroup&RequestRuleName=Locks Payload: "{\"RequestClass\":\"Rule-HTML-Section\",\"RequestAppliesTo\":\"Data-Admin-DB-ClassGroup\",\"RequestRuleName\":\"Locks\"}" => HTTP 200 (60635 bytes)
[PegaHttpClient] 📡 POST https://zdk8budo.pegaacademy.net/prweb/api/CodeIntelligence/v1/rules/query?pxObjClass=Rule-HTML-Section&appliesTo=Data-Admin-DB-ClassGroup&pyRuleName=RuleFormHistory&RequestClass=Rule-HTML-Section&RequestAppliesTo=Data-Admin-DB-ClassGroup&RequestRuleName=RuleFormHistory Payload: "{\"RequestClass\":\"Rule-HTML-Section\",\"RequestAppliesTo\":\"Data-Admin-DB-ClassGroup\",\"RequestRuleName\":\"RuleFormHistory\"}" => HTTP 200 (18043 bytes)
[PegaHttpClient] 📡 POST https://zdk8budo.pegaacademy.net/prweb/api/CodeIntelligence/v1/rules/query?pxObjClass=Rule-HTML-Section&appliesTo=Data-Admin-DB-ClassGroup&pyRuleName=pzCustomHelp&RequestClass=Rule-HTML-Section&RequestAppliesTo=Data-Admin-DB-ClassGroup&RequestRuleName=pzCustomHelp Payload: "{\"RequestClass\":\"Rule-HTML-Section\",\"RequestAppliesTo\":\"Data-Admin-DB-ClassGroup\",\"RequestRuleName\":\"pzCustomHelp\"}" => HTTP 200 (31573 bytes)
[PegaHttpClient] 📡 POST https://zdk8budo.pegaacademy.net/prweb/api/CodeIntelligence/v1/rules/query?pxObjClass=Rule-HTML-Section&appliesTo=Data-Admin-DB-ClassGroup&pyRuleName=pzRuleFormKeysAndDescription&RequestClass=Rule-HTML-Section&RequestAppliesTo=Data-Admin-DB-ClassGroup&RequestRuleName=pzRuleFormKeysAndDescription Payload: "{\"RequestClass\":\"Rule-HTML-Section\",\"RequestAppliesTo\":\"Data-Admin-DB-ClassGroup\",\"RequestRuleName\":\"pzRuleFormKeysAndDescription\"}" => HTTP 200 (218057 bytes)
[PegaHttpClient] 📡 POST https://zdk8budo.pegaacademy.net/prweb/api/CodeIntelligence/v1/rules/query?pxObjClass=Rule-HTML-Section&appliesTo=Data-Admin-DB-ClassGroup&pyRuleName=pzRuleFormRuleset&RequestClass=Rule-HTML-Section&RequestAppliesTo=Data-Admin-DB-ClassGroup&RequestRuleName=pzRuleFormRuleset Payload: "{\"RequestClass\":\"Rule-HTML-Section\",\"RequestAppliesTo\":\"Data-Admin-DB-ClassGroup\",\"RequestRuleName\":\"pzRuleFormRuleset\"}" => HTTP 200 (29020 bytes)
[PegaHttpClient] 📡 POST https://zdk8budo.pegaacademy.net/prweb/api/CodeIntelligence/v1/rules/query?pxObjClass=Rule-HTML-Section&appliesTo=Data-Admin-DB-ClassGroup&pyRuleName=undefined&RequestClass=Rule-HTML-Section&RequestAppliesTo=Data-Admin-DB-ClassGroup&RequestRuleName=undefined Payload: "{\"RequestClass\":\"Rule-HTML-Section\",\"RequestAppliesTo\":\"Data-Admin-DB-ClassGroup\",\"RequestRuleName\":\"undefined\"}" => HTTP 404 (111 bytes)
[PegaHttpClient] 📡 POST https://zdk8budo.pegaacademy.net/prweb/PRRestService/CodeIntelligence/v1/rules/query?pxObjClass=Rule-HTML-Section&appliesTo=Data-Admin-DB-ClassGroup&pyRuleName=undefined&RequestClass=Rule-HTML-Section&RequestAppliesTo=Data-Admin-DB-ClassGroup&RequestRuleName=undefined Payload: "{\"RequestClass\":\"Rule-HTML-Section\",\"RequestAppliesTo\":\"Data-Admin-DB-ClassGroup\",\"RequestRuleName\":\"undefined\"}" => HTTP 404 (111 bytes)
[PegaHttpClient] 📡 POST https://zdk8budo.pegaacademy.net/prweb/api/HRAppsV2Service/V1/rules/query?pxObjClass=Rule-HTML-Section&appliesTo=Data-Admin-DB-ClassGroup&pyRuleName=undefined&RequestClass=Rule-HTML-Section&RequestAppliesTo=Data-Admin-DB-ClassGroup&RequestRuleName=undefined Payload: "{\"RequestClass\":\"Rule-HTML-Section\",\"RequestAppliesTo\":\"Data-Admin-DB-ClassGroup\",\"RequestRuleName\":\"undefined\"}" => HTTP 404 (18 bytes)
[PegaHttpClient] 📡 POST https://zdk8budo.pegaacademy.net/prweb/PRRestService/HRAppsV2Service/V1/rules/query?pxObjClass=Rule-HTML-Section&appliesTo=Data-Admin-DB-ClassGroup&pyRuleName=undefined&RequestClass=Rule-HTML-Section&RequestAppliesTo=Data-Admin-DB-ClassGroup&RequestRuleName=undefined Payload: "{\"RequestClass\":\"Rule-HTML-Section\",\"RequestAppliesTo\":\"Data-Admin-DB-ClassGroup\",\"RequestRuleName\":\"undefined\"}" => HTTP 404 (18 bytes)
[PegaHttpClient] 📡 POST https://zdk8budo.pegaacademy.net/prweb/api/HRAppsV2/V1/rules/query?pxObjClass=Rule-HTML-Section&appliesTo=Data-Admin-DB-ClassGroup&pyRuleName=undefined&RequestClass=Rule-HTML-Section&RequestAppliesTo=Data-Admin-DB-ClassGroup&RequestRuleName=undefined Payload: "{\"RequestClass\":\"Rule-HTML-Section\",\"RequestAppliesTo\":\"Data-Admin-DB-ClassGroup\",\"RequestRuleName\":\"undefined\"}" => HTTP 404 (18 bytes)
[PegaHttpClient] 📡 POST https://zdk8budo.pegaacademy.net/prweb/PRRestService/HRAppsV2/V1/rules/query?pxObjClass=Rule-HTML-Section&appliesTo=Data-Admin-DB-ClassGroup&pyRuleName=undefined&RequestClass=Rule-HTML-Section&RequestAppliesTo=Data-Admin-DB-ClassGroup&RequestRuleName=undefined Payload: "{\"RequestClass\":\"Rule-HTML-Section\",\"RequestAppliesTo\":\"Data-Admin-DB-ClassGroup\",\"RequestRuleName\":\"undefined\"}" => HTTP 404 (18 bytes)
[PegaHttpClient] 📡 POST https://zdk8budo.pegaacademy.net/prweb/api/v1/rules/query?pxObjClass=Rule-HTML-Section&appliesTo=Data-Admin-DB-ClassGroup&pyRuleName=undefined&RequestClass=Rule-HTML-Section&RequestAppliesTo=Data-Admin-DB-ClassGroup&RequestRuleName=undefined Payload: "{\"RequestClass\":\"Rule-HTML-Section\",\"RequestAppliesTo\":\"Data-Admin-DB-ClassGroup\",\"RequestRuleName\":\"undefined\"}" => HTTP 404 (18 bytes)
[PegaHttpClient] 📡 POST https://zdk8budo.pegaacademy.net/prweb/PRRestService/v1/rules/query?pxObjClass=Rule-HTML-Section&appliesTo=Data-Admin-DB-ClassGroup&pyRuleName=undefined&RequestClass=Rule-HTML-Section&RequestAppliesTo=Data-Admin-DB-ClassGroup&RequestRuleName=undefined Payload: "{\"RequestClass\":\"Rule-HTML-Section\",\"RequestAppliesTo\":\"Data-Admin-DB-ClassGroup\",\"RequestRuleName\":\"undefined\"}" => HTTP 404 (18 bytes)
[PegaHttpClient] 📡 POST https://zdk8budo.pegaacademy.net/prweb/api/CodeIntelligence/v1/rules/query?pxObjClass=Rule-HTML-Section&appliesTo=Data-Admin-DB-ClassGroup&pyRuleName=pzRuleFormToolbar&RequestClass=Rule-HTML-Section&RequestAppliesTo=Data-Admin-DB-ClassGroup&RequestRuleName=pzRuleFormToolbar Payload: "{\"RequestClass\":\"Rule-HTML-Section\",\"RequestAppliesTo\":\"Data-Admin-DB-ClassGroup\",\"RequestRuleName\":\"pzRuleFormToolbar\"}" => HTTP 200 (242691 bytes)
[PegaHttpClient] 📡 POST https://zdk8budo.pegaacademy.net/prweb/api/CodeIntelligence/v1/rules/query?pxObjClass=Rule-HTML-Section&appliesTo=Data-Admin-DB-ClassGroup&pyRuleName=pzRuleFormToolbarCompare&RequestClass=Rule-HTML-Section&RequestAppliesTo=Data-Admin-DB-ClassGroup&RequestRuleName=pzRuleFormToolbarCompare Payload: "{\"RequestClass\":\"Rule-HTML-Section\",\"RequestAppliesTo\":\"Data-Admin-DB-ClassGroup\",\"RequestRuleName\":\"pzRuleFormToolbarCompare\"}" => HTTP 200 (61925 bytes)
[PegaHttpClient] 📡 POST https://zdk8budo.pegaacademy.net/prweb/api/CodeIntelligence/v1/rules/query?pxObjClass=Rule-HTML-Section&appliesTo=Data-Admin-DB-ClassGroup&pyRuleName=RuleFormHeaderMessages&RequestClass=Rule-HTML-Section&RequestAppliesTo=Data-Admin-DB-ClassGroup&RequestRuleName=RuleFormHeaderMessages Payload: "{\"RequestClass\":\"Rule-HTML-Section\",\"RequestAppliesTo\":\"Data-Admin-DB-ClassGroup\",\"RequestRuleName\":\"RuleFormHeaderMessages\"}" => HTTP 200 (26518 bytes)
[PegaHttpClient] 📡 POST https://zdk8budo.pegaacademy.net/prweb/api/CodeIntelligence/v1/rules/query?pxObjClass=Rule-HTML-Section&appliesTo=Data-Admin-DB-ClassGroup&pyRuleName=pzRuleFormStatus&RequestClass=Rule-HTML-Section&RequestAppliesTo=Data-Admin-DB-ClassGroup&RequestRuleName=pzRuleFormStatus Payload: "{\"RequestClass\":\"Rule-HTML-Section\",\"RequestAppliesTo\":\"Data-Admin-DB-ClassGroup\",\"RequestRuleName\":\"pzRuleFormStatus\"}" => HTTP 200 (29579 bytes)
[PegaHttpClient] 📡 POST https://zdk8budo.pegaacademy.net/prweb/api/CodeIntelligence/v1/rules/query?pxObjClass=Rule-HTML-Section&appliesTo=Data-Admin-DB-ClassGroup&pyRuleName=pzRuleFormHeaderCompareWithDropDown&RequestClass=Rule-HTML-Section&RequestAppliesTo=Data-Admin-DB-ClassGroup&RequestRuleName=pzRuleFormHeaderCompareWithDropDown Payload: "{\"RequestClass\":\"Rule-HTML-Section\",\"RequestAppliesTo\":\"Data-Admin-DB-ClassGroup\",\"RequestRuleName\":\"pzRuleFormHeaderCompareWithDropDown\"}" => HTTP 200 (25396 bytes)
[PegaHttpClient] 📡 POST https://zdk8budo.pegaacademy.net/prweb/api/CodeIntelligence/v1/rules/query?pxObjClass=Rule-HTML-Section&appliesTo=Data-Admin-DB-ClassGroup&pyRuleName=undefined&RequestClass=Rule-HTML-Section&RequestAppliesTo=Data-Admin-DB-ClassGroup&RequestRuleName=undefined Payload: "{\"RequestClass\":\"Rule-HTML-Section\",\"RequestAppliesTo\":\"Data-Admin-DB-ClassGroup\",\"RequestRuleName\":\"undefined\"}" => HTTP 404 (111 bytes)
[PegaHttpClient] 📡 POST https://zdk8budo.pegaacademy.net/prweb/PRRestService/CodeIntelligence/v1/rules/query?pxObjClass=Rule-HTML-Section&appliesTo=Data-Admin-DB-ClassGroup&pyRuleName=undefined&RequestClass=Rule-HTML-Section&RequestAppliesTo=Data-Admin-DB-ClassGroup&RequestRuleName=undefined Payload: "{\"RequestClass\":\"Rule-HTML-Section\",\"RequestAppliesTo\":\"Data-Admin-DB-ClassGroup\",\"RequestRuleName\":\"undefined\"}" => HTTP 404 (111 bytes)
[PegaHttpClient] 📡 POST https://zdk8budo.pegaacademy.net/prweb/api/HRAppsV2Service/V1/rules/query?pxObjClass=Rule-HTML-Section&appliesTo=Data-Admin-DB-ClassGroup&pyRuleName=undefined&RequestClass=Rule-HTML-Section&RequestAppliesTo=Data-Admin-DB-ClassGroup&RequestRuleName=undefined Payload: "{\"RequestClass\":\"Rule-HTML-Section\",\"RequestAppliesTo\":\"Data-Admin-DB-ClassGroup\",\"RequestRuleName\":\"undefined\"}" => HTTP 404 (18 bytes)
[PegaHttpClient] 📡 POST https://zdk8budo.pegaacademy.net/prweb/PRRestService/HRAppsV2Service/V1/rules/query?pxObjClass=Rule-HTML-Section&appliesTo=Data-Admin-DB-ClassGroup&pyRuleName=undefined&RequestClass=Rule-HTML-Section&RequestAppliesTo=Data-Admin-DB-ClassGroup&RequestRuleName=undefined Payload: "{\"RequestClass\":\"Rule-HTML-Section\",\"RequestAppliesTo\":\"Data-Admin-DB-ClassGroup\",\"RequestRuleName\":\"undefined\"}" => HTTP 404 (18 bytes)
[PegaHttpClient] 📡 POST https://zdk8budo.pegaacademy.net/prweb/api/HRAppsV2/V1/rules/query?pxObjClass=Rule-HTML-Section&appliesTo=Data-Admin-DB-ClassGroup&pyRuleName=undefined&RequestClass=Rule-HTML-Section&RequestAppliesTo=Data-Admin-DB-ClassGroup&RequestRuleName=undefined Payload: "{\"RequestClass\":\"Rule-HTML-Section\",\"RequestAppliesTo\":\"Data-Admin-DB-ClassGroup\",\"RequestRuleName\":\"undefined\"}" => HTTP 404 (18 bytes)
[PegaHttpClient] 📡 POST https://zdk8budo.pegaacademy.net/prweb/PRRestService/HRAppsV2/V1/rules/query?pxObjClass=Rule-HTML-Section&appliesTo=Data-Admin-DB-ClassGroup&pyRuleName=undefined&RequestClass=Rule-HTML-Section&RequestAppliesTo=Data-Admin-DB-ClassGroup&RequestRuleName=undefined Payload: "{\"RequestClass\":\"Rule-HTML-Section\",\"RequestAppliesTo\":\"Data-Admin-DB-ClassGroup\",\"RequestRuleName\":\"undefined\"}" => HTTP 404 (18 bytes)
[PegaHttpClient] 📡 POST https://zdk8budo.pegaacademy.net/prweb/api/v1/rules/query?pxObjClass=Rule-HTML-Section&appliesTo=Data-Admin-DB-ClassGroup&pyRuleName=undefined&RequestClass=Rule-HTML-Section&RequestAppliesTo=Data-Admin-DB-ClassGroup&RequestRuleName=undefined Payload: "{\"RequestClass\":\"Rule-HTML-Section\",\"RequestAppliesTo\":\"Data-Admin-DB-ClassGroup\",\"RequestRuleName\":\"undefined\"}" => HTTP 404 (18 bytes)
[PegaHttpClient] 📡 POST https://zdk8budo.pegaacademy.net/prweb/PRRestService/v1/rules/query?pxObjClass=Rule-HTML-Section&appliesTo=Data-Admin-DB-ClassGroup&pyRuleName=undefined&RequestClass=Rule-HTML-Section&RequestAppliesTo=Data-Admin-DB-ClassGroup&RequestRuleName=undefined Payload: "{\"RequestClass\":\"Rule-HTML-Section\",\"RequestAppliesTo\":\"Data-Admin-DB-ClassGroup\",\"RequestRuleName\":\"undefined\"}" => HTTP 404 (18 bytes)
[PegaHttpClient] 📡 POST https://zdk8budo.pegaacademy.net/prweb/api/CodeIntelligence/v1/rules/query?pxObjClass=Rule-HTML-Section&appliesTo=Data-Admin-DB-ClassGroup&pyRuleName=pzRuleFormToolbarHotKeys&RequestClass=Rule-HTML-Section&RequestAppliesTo=Data-Admin-DB-ClassGroup&RequestRuleName=pzRuleFormToolbarHotKeys Payload: "{\"RequestClass\":\"Rule-HTML-Section\",\"RequestAppliesTo\":\"Data-Admin-DB-ClassGroup\",\"RequestRuleName\":\"pzRuleFormToolbarHotKeys\"}" => HTTP 200 (85058 bytes)
[PegaHttpClient] 📡 POST https://zdk8budo.pegaacademy.net/prweb/api/CodeIntelligence/v1/rules/query?pxObjClass=Rule-HTML-Section&appliesTo=Data-Admin-DB-ClassGroup&pyRuleName=pzRuleFormToolbarLockedIcon&RequestClass=Rule-HTML-Section&RequestAppliesTo=Data-Admin-DB-ClassGroup&RequestRuleName=pzRuleFormToolbarLockedIcon Payload: "{\"RequestClass\":\"Rule-HTML-Section\",\"RequestAppliesTo\":\"Data-Admin-DB-ClassGroup\",\"RequestRuleName\":\"pzRuleFormToolbarLockedIcon\"}" => HTTP 200 (19111 bytes)
[PegaHttpClient] 📡 POST https://zdk8budo.pegaacademy.net/prweb/api/CodeIntelligence/v1/rules/query?pxObjClass=Rule-HTML-Section&appliesTo=Data-Admin-DB-ClassGroup&pyRuleName=pzRuleFormToolbarCollaborators&RequestClass=Rule-HTML-Section&RequestAppliesTo=Data-Admin-DB-ClassGroup&RequestRuleName=pzRuleFormToolbarCollaborators Payload: "{\"RequestClass\":\"Rule-HTML-Section\",\"RequestAppliesTo\":\"Data-Admin-DB-ClassGroup\",\"RequestRuleName\":\"pzRuleFormToolbarCollaborators\"}" => HTTP 200 (15254 bytes)
[PegaHttpClient] 📡 POST https://zdk8budo.pegaacademy.net/prweb/api/CodeIntelligence/v1/rules/query?pxObjClass=Rule-HTML-Section&appliesTo=Data-Admin-DB-ClassGroup&pyRuleName=pzRuleFormToolbarSaveAs&RequestClass=Rule-HTML-Section&RequestAppliesTo=Data-Admin-DB-ClassGroup&RequestRuleName=pzRuleFormToolbarSaveAs Payload: "{\"RequestClass\":\"Rule-HTML-Section\",\"RequestAppliesTo\":\"Data-Admin-DB-ClassGroup\",\"RequestRuleName\":\"pzRuleFormToolbarSaveAs\"}" => HTTP 200 (64084 bytes)
[PegaHttpClient] 📡 POST https://zdk8budo.pegaacademy.net/prweb/api/CodeIntelligence/v1/rules/query?pxObjClass=Rule-HTML-Section&appliesTo=Data-Admin-DB-ClassGroup&pyRuleName=pzRuleFormToolbarCheckin&RequestClass=Rule-HTML-Section&RequestAppliesTo=Data-Admin-DB-ClassGroup&RequestRuleName=pzRuleFormToolbarCheckin Payload: "{\"RequestClass\":\"Rule-HTML-Section\",\"RequestAppliesTo\":\"Data-Admin-DB-ClassGroup\",\"RequestRuleName\":\"pzRuleFormToolbarCheckin\"}" => HTTP 200 (15601 bytes)
[PegaHttpClient] 📡 POST https://zdk8budo.pegaacademy.net/prweb/api/CodeIntelligence/v1/rules/query?pxObjClass=Rule-HTML-Section&appliesTo=Data-Admin-DB-ClassGroup&pyRuleName=pzRuleFormToolbarDelete&RequestClass=Rule-HTML-Section&RequestAppliesTo=Data-Admin-DB-ClassGroup&RequestRuleName=pzRuleFormToolbarDelete Payload: "{\"RequestClass\":\"Rule-HTML-Section\",\"RequestAppliesTo\":\"Data-Admin-DB-ClassGroup\",\"RequestRuleName\":\"pzRuleFormToolbarDelete\"}" => HTTP 200 (30249 bytes)
[PegaHttpClient] 📡 POST https://zdk8budo.pegaacademy.net/prweb/api/CodeIntelligence/v1/rules/query?pxObjClass=Rule-HTML-Section&appliesTo=Data-Admin-DB-ClassGroup&pyRuleName=pzRuleFormToolbarSave&RequestClass=Rule-HTML-Section&RequestAppliesTo=Data-Admin-DB-ClassGroup&RequestRuleName=pzRuleFormToolbarSave Payload: "{\"RequestClass\":\"Rule-HTML-Section\",\"RequestAppliesTo\":\"Data-Admin-DB-ClassGroup\",\"RequestRuleName\":\"pzRuleFormToolbarSave\"}" => HTTP 200 (293885 bytes)
[PegaHttpClient] 📡 POST https://zdk8budo.pegaacademy.net/prweb/api/CodeIntelligence/v1/rules/query?pxObjClass=Rule-HTML-Section&appliesTo=Data-Admin-DB-ClassGroup&pyRuleName=pzRuleFormToolbarCheckout&RequestClass=Rule-HTML-Section&RequestAppliesTo=Data-Admin-DB-ClassGroup&RequestRuleName=pzRuleFormToolbarCheckout Payload: "{\"RequestClass\":\"Rule-HTML-Section\",\"RequestAppliesTo\":\"Data-Admin-DB-ClassGroup\",\"RequestRuleName\":\"pzRuleFormToolbarCheckout\"}" => HTTP 200 (14854 bytes)
[PegaHttpClient] 📡 POST https://zdk8budo.pegaacademy.net/prweb/api/CodeIntelligence/v1/rules/query?pxObjClass=Rule-HTML-Section&appliesTo=Data-Admin-DB-ClassGroup&pyRuleName=pzRemoveErrorsDataPage&RequestClass=Rule-HTML-Section&RequestAppliesTo=Data-Admin-DB-ClassGroup&RequestRuleName=pzRemoveErrorsDataPage Payload: "{\"RequestClass\":\"Rule-HTML-Section\",\"RequestAppliesTo\":\"Data-Admin-DB-ClassGroup\",\"RequestRuleName\":\"pzRemoveErrorsDataPage\"}" => HTTP 200 (16733 bytes)
[PegaHttpClient] 📡 POST https://zdk8budo.pegaacademy.net/prweb/api/CodeIntelligence/v1/rules/query?pxObjClass=Rule-HTML-Section&appliesTo=Data-Admin-DB-ClassGroup&pyRuleName=pzRuleFormHeaderMessagesWrapper&RequestClass=Rule-HTML-Section&RequestAppliesTo=Data-Admin-DB-ClassGroup&RequestRuleName=pzRuleFormHeaderMessagesWrapper Payload: "{\"RequestClass\":\"Rule-HTML-Section\",\"RequestAppliesTo\":\"Data-Admin-DB-ClassGroup\",\"RequestRuleName\":\"pzRuleFormHeaderMessagesWrapper\"}" => HTTP 200 (16981 bytes)
[PegaHttpClient] 📡 POST https://zdk8budo.pegaacademy.net/prweb/api/CodeIntelligence/v1/rules/query?pxObjClass=Rule-HTML-Section&appliesTo=Data-Admin-DB-ClassGroup&pyRuleName=pxDisplayCollaborators&RequestClass=Rule-HTML-Section&RequestAppliesTo=Data-Admin-DB-ClassGroup&RequestRuleName=pxDisplayCollaborators Payload: "{\"RequestClass\":\"Rule-HTML-Section\",\"RequestAppliesTo\":\"Data-Admin-DB-ClassGroup\",\"RequestRuleName\":\"pxDisplayCollaborators\"}" => HTTP 200 (94171 bytes)
[PegaHttpClient] 📡 POST https://zdk8budo.pegaacademy.net/prweb/api/CodeIntelligence/v1/rules/query?pxObjClass=Rule-HTML-Section&appliesTo=Data-Admin-DB-ClassGroup&pyRuleName=pzRuleFormToolbarDeleteCheckOut&RequestClass=Rule-HTML-Section&RequestAppliesTo=Data-Admin-DB-ClassGroup&RequestRuleName=pzRuleFormToolbarDeleteCheckOut Payload: "{\"RequestClass\":\"Rule-HTML-Section\",\"RequestAppliesTo\":\"Data-Admin-DB-ClassGroup\",\"RequestRuleName\":\"pzRuleFormToolbarDeleteCheckOut\"}" => HTTP 404 (133 bytes)
[PegaHttpClient] 📡 POST https://zdk8budo.pegaacademy.net/prweb/PRRestService/CodeIntelligence/v1/rules/query?pxObjClass=Rule-HTML-Section&appliesTo=Data-Admin-DB-ClassGroup&pyRuleName=pzRuleFormToolbarDeleteCheckOut&RequestClass=Rule-HTML-Section&RequestAppliesTo=Data-Admin-DB-ClassGroup&RequestRuleName=pzRuleFormToolbarDeleteCheckOut Payload: "{\"RequestClass\":\"Rule-HTML-Section\",\"RequestAppliesTo\":\"Data-Admin-DB-ClassGroup\",\"RequestRuleName\":\"pzRuleFormToolbarDeleteCheckOut\"}" => HTTP 404 (133 bytes)
[PegaHttpClient] 📡 POST https://zdk8budo.pegaacademy.net/prweb/api/HRAppsV2Service/V1/rules/query?pxObjClass=Rule-HTML-Section&appliesTo=Data-Admin-DB-ClassGroup&pyRuleName=pzRuleFormToolbarDeleteCheckOut&RequestClass=Rule-HTML-Section&RequestAppliesTo=Data-Admin-DB-ClassGroup&RequestRuleName=pzRuleFormToolbarDeleteCheckOut Payload: "{\"RequestClass\":\"Rule-HTML-Section\",\"RequestAppliesTo\":\"Data-Admin-DB-ClassGroup\",\"RequestRuleName\":\"pzRuleFormToolbarDeleteCheckOut\"}" => HTTP 404 (18 bytes)
[PegaHttpClient] 📡 POST https://zdk8budo.pegaacademy.net/prweb/PRRestService/HRAppsV2Service/V1/rules/query?pxObjClass=Rule-HTML-Section&appliesTo=Data-Admin-DB-ClassGroup&pyRuleName=pzRuleFormToolbarDeleteCheckOut&RequestClass=Rule-HTML-Section&RequestAppliesTo=Data-Admin-DB-ClassGroup&RequestRuleName=pzRuleFormToolbarDeleteCheckOut Payload: "{\"RequestClass\":\"Rule-HTML-Section\",\"RequestAppliesTo\":\"Data-Admin-DB-ClassGroup\",\"RequestRuleName\":\"pzRuleFormToolbarDeleteCheckOut\"}" => HTTP 404 (18 bytes)
[PegaHttpClient] 📡 POST https://zdk8budo.pegaacademy.net/prweb/api/HRAppsV2/V1/rules/query?pxObjClass=Rule-HTML-Section&appliesTo=Data-Admin-DB-ClassGroup&pyRuleName=pzRuleFormToolbarDeleteCheckOut&RequestClass=Rule-HTML-Section&RequestAppliesTo=Data-Admin-DB-ClassGroup&RequestRuleName=pzRuleFormToolbarDeleteCheckOut Payload: "{\"RequestClass\":\"Rule-HTML-Section\",\"RequestAppliesTo\":\"Data-Admin-DB-ClassGroup\",\"RequestRuleName\":\"pzRuleFormToolbarDeleteCheckOut\"}" => HTTP 404 (18 bytes)
[PegaHttpClient] 📡 POST https://zdk8budo.pegaacademy.net/prweb/PRRestService/HRAppsV2/V1/rules/query?pxObjClass=Rule-HTML-Section&appliesTo=Data-Admin-DB-ClassGroup&pyRuleName=pzRuleFormToolbarDeleteCheckOut&RequestClass=Rule-HTML-Section&RequestAppliesTo=Data-Admin-DB-ClassGroup&RequestRuleName=pzRuleFormToolbarDeleteCheckOut Payload: "{\"RequestClass\":\"Rule-HTML-Section\",\"RequestAppliesTo\":\"Data-Admin-DB-ClassGroup\",\"RequestRuleName\":\"pzRuleFormToolbarDeleteCheckOut\"}" => HTTP 404 (18 bytes)
[PegaHttpClient] 📡 POST https://zdk8budo.pegaacademy.net/prweb/api/v1/rules/query?pxObjClass=Rule-HTML-Section&appliesTo=Data-Admin-DB-ClassGroup&pyRuleName=pzRuleFormToolbarDeleteCheckOut&RequestClass=Rule-HTML-Section&RequestAppliesTo=Data-Admin-DB-ClassGroup&RequestRuleName=pzRuleFormToolbarDeleteCheckOut Payload: "{\"RequestClass\":\"Rule-HTML-Section\",\"RequestAppliesTo\":\"Data-Admin-DB-ClassGroup\",\"RequestRuleName\":\"pzRuleFormToolbarDeleteCheckOut\"}" => HTTP 404 (18 bytes)
[PegaHttpClient] 📡 POST https://zdk8budo.pegaacademy.net/prweb/PRRestService/v1/rules/query?pxObjClass=Rule-HTML-Section&appliesTo=Data-Admin-DB-ClassGroup&pyRuleName=pzRuleFormToolbarDeleteCheckOut&RequestClass=Rule-HTML-Section&RequestAppliesTo=Data-Admin-DB-ClassGroup&RequestRuleName=pzRuleFormToolbarDeleteCheckOut Payload: "{\"RequestClass\":\"Rule-HTML-Section\",\"RequestAppliesTo\":\"Data-Admin-DB-ClassGroup\",\"RequestRuleName\":\"pzRuleFormToolbarDeleteCheckOut\"}" => HTTP 404 (18 bytes)
[PegaHttpClient] 📡 POST https://zdk8budo.pegaacademy.net/prweb/api/CodeIntelligence/v1/rules/query?pxObjClass=Rule-HTML-Section&appliesTo=Data-Admin-DB-ClassGroup&pyRuleName=pzRuleFormToolbarDeleteRule&RequestClass=Rule-HTML-Section&RequestAppliesTo=Data-Admin-DB-ClassGroup&RequestRuleName=pzRuleFormToolbarDeleteRule Payload: "{\"RequestClass\":\"Rule-HTML-Section\",\"RequestAppliesTo\":\"Data-Admin-DB-ClassGroup\",\"RequestRuleName\":\"pzRuleFormToolbarDeleteRule\"}" => HTTP 200 (32314 bytes)
[PegaHttpClient] 📡 POST https://zdk8budo.pegaacademy.net/prweb/api/CodeIntelligence/v1/rules/query?pxObjClass=Rule-HTML-Section&appliesTo=Data-Admin-DB-ClassGroup&pyRuleName=pzLoadCollaborationScripts&RequestClass=Rule-HTML-Section&RequestAppliesTo=Data-Admin-DB-ClassGroup&RequestRuleName=pzLoadCollaborationScripts Payload: "{\"RequestClass\":\"Rule-HTML-Section\",\"RequestAppliesTo\":\"Data-Admin-DB-ClassGroup\",\"RequestRuleName\":\"pzLoadCollaborationScripts\"}" => HTTP 200 (23453 bytes)
[PegaHttpClient] 📡 POST https://zdk8budo.pegaacademy.net/prweb/api/CodeIntelligence/v1/rules/query?pxObjClass=Rule-HTML-Section&appliesTo=Data-Admin-DB-ClassGroup&pyRuleName=pzDisplayCollaboratorsList&RequestClass=Rule-HTML-Section&RequestAppliesTo=Data-Admin-DB-ClassGroup&RequestRuleName=pzDisplayCollaboratorsList Payload: "{\"RequestClass\":\"Rule-HTML-Section\",\"RequestAppliesTo\":\"Data-Admin-DB-ClassGroup\",\"RequestRuleName\":\"pzDisplayCollaboratorsList\"}" => HTTP 200 (105418 bytes)
[PegaHttpClient] 📡 POST https://zdk8budo.pegaacademy.net/prweb/api/CodeIntelligence/v1/rules/query?pxObjClass=Rule-HTML-Section&appliesTo=Data-Admin-DB-ClassGroup&pyRuleName=pyCollaborator&RequestClass=Rule-HTML-Section&RequestAppliesTo=Data-Admin-DB-ClassGroup&RequestRuleName=pyCollaborator Payload: "{\"RequestClass\":\"Rule-HTML-Section\",\"RequestAppliesTo\":\"Data-Admin-DB-ClassGroup\",\"RequestRuleName\":\"pyCollaborator\"}" => HTTP 404 (116 bytes)
[PegaHttpClient] 📡 POST https://zdk8budo.pegaacademy.net/prweb/PRRestService/CodeIntelligence/v1/rules/query?pxObjClass=Rule-HTML-Section&appliesTo=Data-Admin-DB-ClassGroup&pyRuleName=pyCollaborator&RequestClass=Rule-HTML-Section&RequestAppliesTo=Data-Admin-DB-ClassGroup&RequestRuleName=pyCollaborator Payload: "{\"RequestClass\":\"Rule-HTML-Section\",\"RequestAppliesTo\":\"Data-Admin-DB-ClassGroup\",\"RequestRuleName\":\"pyCollaborator\"}" => HTTP 404 (116 bytes)
[PegaHttpClient] 📡 POST https://zdk8budo.pegaacademy.net/prweb/api/HRAppsV2Service/V1/rules/query?pxObjClass=Rule-HTML-Section&appliesTo=Data-Admin-DB-ClassGroup&pyRuleName=pyCollaborator&RequestClass=Rule-HTML-Section&RequestAppliesTo=Data-Admin-DB-ClassGroup&RequestRuleName=pyCollaborator Payload: "{\"RequestClass\":\"Rule-HTML-Section\",\"RequestAppliesTo\":\"Data-Admin-DB-ClassGroup\",\"RequestRuleName\":\"pyCollaborator\"}" => HTTP 404 (18 bytes)
[PegaHttpClient] 📡 POST https://zdk8budo.pegaacademy.net/prweb/PRRestService/HRAppsV2Service/V1/rules/query?pxObjClass=Rule-HTML-Section&appliesTo=Data-Admin-DB-ClassGroup&pyRuleName=pyCollaborator&RequestClass=Rule-HTML-Section&RequestAppliesTo=Data-Admin-DB-ClassGroup&RequestRuleName=pyCollaborator Payload: "{\"RequestClass\":\"Rule-HTML-Section\",\"RequestAppliesTo\":\"Data-Admin-DB-ClassGroup\",\"RequestRuleName\":\"pyCollaborator\"}" => HTTP 404 (18 bytes)
[PegaHttpClient] 📡 POST https://zdk8budo.pegaacademy.net/prweb/api/HRAppsV2/V1/rules/query?pxObjClass=Rule-HTML-Section&appliesTo=Data-Admin-DB-ClassGroup&pyRuleName=pyCollaborator&RequestClass=Rule-HTML-Section&RequestAppliesTo=Data-Admin-DB-ClassGroup&RequestRuleName=pyCollaborator Payload: "{\"RequestClass\":\"Rule-HTML-Section\",\"RequestAppliesTo\":\"Data-Admin-DB-ClassGroup\",\"RequestRuleName\":\"pyCollaborator\"}" => HTTP 404 (18 bytes)
[PegaHttpClient] 📡 POST https://zdk8budo.pegaacademy.net/prweb/PRRestService/HRAppsV2/V1/rules/query?pxObjClass=Rule-HTML-Section&appliesTo=Data-Admin-DB-ClassGroup&pyRuleName=pyCollaborator&RequestClass=Rule-HTML-Section&RequestAppliesTo=Data-Admin-DB-ClassGroup&RequestRuleName=pyCollaborator Payload: "{\"RequestClass\":\"Rule-HTML-Section\",\"RequestAppliesTo\":\"Data-Admin-DB-ClassGroup\",\"RequestRuleName\":\"pyCollaborator\"}" => HTTP 404 (18 bytes)
[PegaHttpClient] 📡 POST https://zdk8budo.pegaacademy.net/prweb/api/v1/rules/query?pxObjClass=Rule-HTML-Section&appliesTo=Data-Admin-DB-ClassGroup&pyRuleName=pyCollaborator&RequestClass=Rule-HTML-Section&RequestAppliesTo=Data-Admin-DB-ClassGroup&RequestRuleName=pyCollaborator Payload: "{\"RequestClass\":\"Rule-HTML-Section\",\"RequestAppliesTo\":\"Data-Admin-DB-ClassGroup\",\"RequestRuleName\":\"pyCollaborator\"}" => HTTP 404 (18 bytes)
[PegaHttpClient] 📡 POST https://zdk8budo.pegaacademy.net/prweb/PRRestService/v1/rules/query?pxObjClass=Rule-HTML-Section&appliesTo=Data-Admin-DB-ClassGroup&pyRuleName=pyCollaborator&RequestClass=Rule-HTML-Section&RequestAppliesTo=Data-Admin-DB-ClassGroup&RequestRuleName=pyCollaborator Payload: "{\"RequestClass\":\"Rule-HTML-Section\",\"RequestAppliesTo\":\"Data-Admin-DB-ClassGroup\",\"RequestRuleName\":\"pyCollaborator\"}" => HTTP 404 (18 bytes)
[PegaHttpClient] 📡 POST https://zdk8budo.pegaacademy.net/prweb/api/CodeIntelligence/v1/rules/query?pxObjClass=Rule-HTML-Section&appliesTo=Data-Admin-DB-ClassGroup&pyRuleName=pzDisplayPartialCount&RequestClass=Rule-HTML-Section&RequestAppliesTo=Data-Admin-DB-ClassGroup&RequestRuleName=pzDisplayPartialCount Payload: "{\"RequestClass\":\"Rule-HTML-Section\",\"RequestAppliesTo\":\"Data-Admin-DB-ClassGroup\",\"RequestRuleName\":\"pzDisplayPartialCount\"}" => HTTP 404 (123 bytes)
[PegaHttpClient] 📡 POST https://zdk8budo.pegaacademy.net/prweb/PRRestService/CodeIntelligence/v1/rules/query?pxObjClass=Rule-HTML-Section&appliesTo=Data-Admin-DB-ClassGroup&pyRuleName=pzDisplayPartialCount&RequestClass=Rule-HTML-Section&RequestAppliesTo=Data-Admin-DB-ClassGroup&RequestRuleName=pzDisplayPartialCount Payload: "{\"RequestClass\":\"Rule-HTML-Section\",\"RequestAppliesTo\":\"Data-Admin-DB-ClassGroup\",\"RequestRuleName\":\"pzDisplayPartialCount\"}" => HTTP 404 (123 bytes)
[PegaHttpClient] 📡 POST https://zdk8budo.pegaacademy.net/prweb/api/HRAppsV2Service/V1/rules/query?pxObjClass=Rule-HTML-Section&appliesTo=Data-Admin-DB-ClassGroup&pyRuleName=pzDisplayPartialCount&RequestClass=Rule-HTML-Section&RequestAppliesTo=Data-Admin-DB-ClassGroup&RequestRuleName=pzDisplayPartialCount Payload: "{\"RequestClass\":\"Rule-HTML-Section\",\"RequestAppliesTo\":\"Data-Admin-DB-ClassGroup\",\"RequestRuleName\":\"pzDisplayPartialCount\"}" => HTTP 404 (18 bytes)
[PegaHttpClient] 📡 POST https://zdk8budo.pegaacademy.net/prweb/PRRestService/HRAppsV2Service/V1/rules/query?pxObjClass=Rule-HTML-Section&appliesTo=Data-Admin-DB-ClassGroup&pyRuleName=pzDisplayPartialCount&RequestClass=Rule-HTML-Section&RequestAppliesTo=Data-Admin-DB-ClassGroup&RequestRuleName=pzDisplayPartialCount Payload: "{\"RequestClass\":\"Rule-HTML-Section\",\"RequestAppliesTo\":\"Data-Admin-DB-ClassGroup\",\"RequestRuleName\":\"pzDisplayPartialCount\"}" => HTTP 404 (18 bytes)
[PegaHttpClient] 📡 POST https://zdk8budo.pegaacademy.net/prweb/api/HRAppsV2/V1/rules/query?pxObjClass=Rule-HTML-Section&appliesTo=Data-Admin-DB-ClassGroup&pyRuleName=pzDisplayPartialCount&RequestClass=Rule-HTML-Section&RequestAppliesTo=Data-Admin-DB-ClassGroup&RequestRuleName=pzDisplayPartialCount Payload: "{\"RequestClass\":\"Rule-HTML-Section\",\"RequestAppliesTo\":\"Data-Admin-DB-ClassGroup\",\"RequestRuleName\":\"pzDisplayPartialCount\"}" => HTTP 404 (18 bytes)
[PegaHttpClient] 📡 POST https://zdk8budo.pegaacademy.net/prweb/PRRestService/HRAppsV2/V1/rules/query?pxObjClass=Rule-HTML-Section&appliesTo=Data-Admin-DB-ClassGroup&pyRuleName=pzDisplayPartialCount&RequestClass=Rule-HTML-Section&RequestAppliesTo=Data-Admin-DB-ClassGroup&RequestRuleName=pzDisplayPartialCount Payload: "{\"RequestClass\":\"Rule-HTML-Section\",\"RequestAppliesTo\":\"Data-Admin-DB-ClassGroup\",\"RequestRuleName\":\"pzDisplayPartialCount\"}" => HTTP 404 (18 bytes)
[PegaHttpClient] 📡 POST https://zdk8budo.pegaacademy.net/prweb/api/v1/rules/query?pxObjClass=Rule-HTML-Section&appliesTo=Data-Admin-DB-ClassGroup&pyRuleName=pzDisplayPartialCount&RequestClass=Rule-HTML-Section&RequestAppliesTo=Data-Admin-DB-ClassGroup&RequestRuleName=pzDisplayPartialCount Payload: "{\"RequestClass\":\"Rule-HTML-Section\",\"RequestAppliesTo\":\"Data-Admin-DB-ClassGroup\",\"RequestRuleName\":\"pzDisplayPartialCount\"}" => HTTP 404 (18 bytes)
[PegaHttpClient] 📡 POST https://zdk8budo.pegaacademy.net/prweb/PRRestService/v1/rules/query?pxObjClass=Rule-HTML-Section&appliesTo=Data-Admin-DB-ClassGroup&pyRuleName=pzDisplayPartialCount&RequestClass=Rule-HTML-Section&RequestAppliesTo=Data-Admin-DB-ClassGroup&RequestRuleName=pzDisplayPartialCount Payload: "{\"RequestClass\":\"Rule-HTML-Section\",\"RequestAppliesTo\":\"Data-Admin-DB-ClassGroup\",\"RequestRuleName\":\"pzDisplayPartialCount\"}" => HTTP 404 (18 bytes)
[SchemaGen] ✅ Schema written for Data-Admin-DB-ClassGroup
[PegaHttpClient] 📡 GET https://zdk8budo.pegaacademy.net/prweb/api/CodeIntelligence/v1/rules/RULE-HTML-HARNESS%20RULE-PEGAQ-%20RULEFORM%20%2320180713T134605.819%20GMT => HTTP 200 (23860 bytes)
[PegaHttpClient] 📡 POST https://zdk8budo.pegaacademy.net/prweb/api/CodeIntelligence/v1/rules/query?pxObjClass=Rule-HTML-Section&appliesTo=Rule-PegaQ-&pyRuleName=RuleFormMain&RequestClass=Rule-HTML-Section&RequestAppliesTo=Rule-PegaQ-&RequestRuleName=RuleFormMain Payload: "{\"RequestClass\":\"Rule-HTML-Section\",\"RequestAppliesTo\":\"Rule-PegaQ-\",\"RequestRuleName\":\"RuleFormMain\"}" => HTTP 200 (156234 bytes)
[PegaHttpClient] 📡 POST https://zdk8budo.pegaacademy.net/prweb/api/CodeIntelligence/v1/rules/query?pxObjClass=Rule-HTML-Section&appliesTo=Rule-PegaQ-&pyRuleName=pxAlternateRuleForm&RequestClass=Rule-HTML-Section&RequestAppliesTo=Rule-PegaQ-&RequestRuleName=pxAlternateRuleForm Payload: "{\"RequestClass\":\"Rule-HTML-Section\",\"RequestAppliesTo\":\"Rule-PegaQ-\",\"RequestRuleName\":\"pxAlternateRuleForm\"}" => HTTP 200 (66153 bytes)
[PegaHttpClient] 📡 POST https://zdk8budo.pegaacademy.net/prweb/api/CodeIntelligence/v1/rules/query?pxObjClass=Rule-HTML-Section&appliesTo=Rule-PegaQ-&pyRuleName=pzRuleFormScripts&RequestClass=Rule-HTML-Section&RequestAppliesTo=Rule-PegaQ-&RequestRuleName=pzRuleFormScripts Payload: "{\"RequestClass\":\"Rule-HTML-Section\",\"RequestAppliesTo\":\"Rule-PegaQ-\",\"RequestRuleName\":\"pzRuleFormScripts\"}" => HTTP 200 (40822 bytes)
[PegaHttpClient] 📡 POST https://zdk8budo.pegaacademy.net/prweb/api/CodeIntelligence/v1/rules/query?pxObjClass=Rule-HTML-Section&appliesTo=Rule-PegaQ-&pyRuleName=pzRuleFormLayoutDelegated&RequestClass=Rule-HTML-Section&RequestAppliesTo=Rule-PegaQ-&RequestRuleName=pzRuleFormLayoutDelegated Payload: "{\"RequestClass\":\"Rule-HTML-Section\",\"RequestAppliesTo\":\"Rule-PegaQ-\",\"RequestRuleName\":\"pzRuleFormLayoutDelegated\"}" => HTTP 200 (70998 bytes)
[PegaHttpClient] 📡 POST https://zdk8budo.pegaacademy.net/prweb/api/CodeIntelligence/v1/rules/query?pxObjClass=Rule-HTML-Section&appliesTo=Rule-PegaQ-&pyRuleName=RuleFormLayout&RequestClass=Rule-HTML-Section&RequestAppliesTo=Rule-PegaQ-&RequestRuleName=RuleFormLayout Payload: "{\"RequestClass\":\"Rule-HTML-Section\",\"RequestAppliesTo\":\"Rule-PegaQ-\",\"RequestRuleName\":\"RuleFormLayout\"}" => HTTP 200 (77415 bytes)
[PegaHttpClient] 📡 POST https://zdk8budo.pegaacademy.net/prweb/api/CodeIntelligence/v1/rules/query?pxObjClass=Rule-HTML-Section&appliesTo=Rule-PegaQ-&pyRuleName=RuleFormSettings&RequestClass=Rule-HTML-Section&RequestAppliesTo=Rule-PegaQ-&RequestRuleName=RuleFormSettings Payload: "{\"RequestClass\":\"Rule-HTML-Section\",\"RequestAppliesTo\":\"Rule-PegaQ-\",\"RequestRuleName\":\"RuleFormSettings\"}" => HTTP 200 (20540 bytes)
[PegaHttpClient] 📡 POST https://zdk8budo.pegaacademy.net/prweb/api/CodeIntelligence/v1/rules/query?pxObjClass=Rule-HTML-Section&appliesTo=Rule-PegaQ-&pyRuleName=OpenAuthoring&RequestClass=Rule-HTML-Section&RequestAppliesTo=Rule-PegaQ-&RequestRuleName=OpenAuthoring Payload: "{\"RequestClass\":\"Rule-HTML-Section\",\"RequestAppliesTo\":\"Rule-PegaQ-\",\"RequestRuleName\":\"OpenAuthoring\"}" => HTTP 200 (23695 bytes)
[PegaHttpClient] 📡 POST https://zdk8budo.pegaacademy.net/prweb/api/CodeIntelligence/v1/rules/query?pxObjClass=Rule-HTML-Section&appliesTo=Rule-PegaQ-&pyRuleName=pyCustomHelp&RequestClass=Rule-HTML-Section&RequestAppliesTo=Rule-PegaQ-&RequestRuleName=pyCustomHelp Payload: "{\"RequestClass\":\"Rule-HTML-Section\",\"RequestAppliesTo\":\"Rule-PegaQ-\",\"RequestRuleName\":\"pyCustomHelp\"}" => HTTP 200 (17256 bytes)
[PegaHttpClient] 📡 POST https://zdk8budo.pegaacademy.net/prweb/api/CodeIntelligence/v1/rules/query?pxObjClass=Rule-HTML-Section&appliesTo=Rule-PegaQ-&pyRuleName=pzRuleformMainInclude&RequestClass=Rule-HTML-Section&RequestAppliesTo=Rule-PegaQ-&RequestRuleName=pzRuleformMainInclude Payload: "{\"RequestClass\":\"Rule-HTML-Section\",\"RequestAppliesTo\":\"Rule-PegaQ-\",\"RequestRuleName\":\"pzRuleformMainInclude\"}" => HTTP 200 (22375 bytes)
[PegaHttpClient] 📡 POST https://zdk8budo.pegaacademy.net/prweb/api/CodeIntelligence/v1/rules/query?pxObjClass=Rule-HTML-Section&appliesTo=Rule-PegaQ-&pyRuleName=pyAlternativeRuleFormStrategicAppExtension&RequestClass=Rule-HTML-Section&RequestAppliesTo=Rule-PegaQ-&RequestRuleName=pyAlternativeRuleFormStrategicAppExtension Payload: "{\"RequestClass\":\"Rule-HTML-Section\",\"RequestAppliesTo\":\"Rule-PegaQ-\",\"RequestRuleName\":\"pyAlternativeRuleFormStrategicAppExtension\"}" => HTTP 200 (25042 bytes)
[PegaHttpClient] 📡 POST https://zdk8budo.pegaacademy.net/prweb/api/CodeIntelligence/v1/rules/query?pxObjClass=Rule-HTML-Section&appliesTo=Rule-PegaQ-&pyRuleName=pyAlternativeRuleFormExtension&RequestClass=Rule-HTML-Section&RequestAppliesTo=Rule-PegaQ-&RequestRuleName=pyAlternativeRuleFormExtension Payload: "{\"RequestClass\":\"Rule-HTML-Section\",\"RequestAppliesTo\":\"Rule-PegaQ-\",\"RequestRuleName\":\"pyAlternativeRuleFormExtension\"}" => HTTP 200 (24863 bytes)
[PegaHttpClient] 📡 POST https://zdk8budo.pegaacademy.net/prweb/api/CodeIntelligence/v1/rules/query?pxObjClass=Rule-HTML-Section&appliesTo=Rule-PegaQ-&pyRuleName=RuleFormHeader&RequestClass=Rule-HTML-Section&RequestAppliesTo=Rule-PegaQ-&RequestRuleName=RuleFormHeader Payload: "{\"RequestClass\":\"Rule-HTML-Section\",\"RequestAppliesTo\":\"Rule-PegaQ-\",\"RequestRuleName\":\"RuleFormHeader\"}" => HTTP 200 (183800 bytes)
[PegaHttpClient] 📡 POST https://zdk8budo.pegaacademy.net/prweb/api/CodeIntelligence/v1/rules/query?pxObjClass=Rule-HTML-Section&appliesTo=Rule-PegaQ-&pyRuleName=pzDelegationExperience&RequestClass=Rule-HTML-Section&RequestAppliesTo=Rule-PegaQ-&RequestRuleName=pzDelegationExperience Payload: "{\"RequestClass\":\"Rule-HTML-Section\",\"RequestAppliesTo\":\"Rule-PegaQ-\",\"RequestRuleName\":\"pzDelegationExperience\"}" => HTTP 404 (111 bytes)
[PegaHttpClient] 📡 POST https://zdk8budo.pegaacademy.net/prweb/PRRestService/CodeIntelligence/v1/rules/query?pxObjClass=Rule-HTML-Section&appliesTo=Rule-PegaQ-&pyRuleName=pzDelegationExperience&RequestClass=Rule-HTML-Section&RequestAppliesTo=Rule-PegaQ-&RequestRuleName=pzDelegationExperience Payload: "{\"RequestClass\":\"Rule-HTML-Section\",\"RequestAppliesTo\":\"Rule-PegaQ-\",\"RequestRuleName\":\"pzDelegationExperience\"}" => HTTP 404 (111 bytes)
[PegaHttpClient] 📡 POST https://zdk8budo.pegaacademy.net/prweb/api/HRAppsV2Service/V1/rules/query?pxObjClass=Rule-HTML-Section&appliesTo=Rule-PegaQ-&pyRuleName=pzDelegationExperience&RequestClass=Rule-HTML-Section&RequestAppliesTo=Rule-PegaQ-&RequestRuleName=pzDelegationExperience Payload: "{\"RequestClass\":\"Rule-HTML-Section\",\"RequestAppliesTo\":\"Rule-PegaQ-\",\"RequestRuleName\":\"pzDelegationExperience\"}" => HTTP 404 (18 bytes)
[PegaHttpClient] 📡 POST https://zdk8budo.pegaacademy.net/prweb/PRRestService/HRAppsV2Service/V1/rules/query?pxObjClass=Rule-HTML-Section&appliesTo=Rule-PegaQ-&pyRuleName=pzDelegationExperience&RequestClass=Rule-HTML-Section&RequestAppliesTo=Rule-PegaQ-&RequestRuleName=pzDelegationExperience Payload: "{\"RequestClass\":\"Rule-HTML-Section\",\"RequestAppliesTo\":\"Rule-PegaQ-\",\"RequestRuleName\":\"pzDelegationExperience\"}" => HTTP 404 (18 bytes)
[PegaHttpClient] 📡 POST https://zdk8budo.pegaacademy.net/prweb/api/HRAppsV2/V1/rules/query?pxObjClass=Rule-HTML-Section&appliesTo=Rule-PegaQ-&pyRuleName=pzDelegationExperience&RequestClass=Rule-HTML-Section&RequestAppliesTo=Rule-PegaQ-&RequestRuleName=pzDelegationExperience Payload: "{\"RequestClass\":\"Rule-HTML-Section\",\"RequestAppliesTo\":\"Rule-PegaQ-\",\"RequestRuleName\":\"pzDelegationExperience\"}" => HTTP 404 (18 bytes)
[PegaHttpClient] 📡 POST https://zdk8budo.pegaacademy.net/prweb/PRRestService/HRAppsV2/V1/rules/query?pxObjClass=Rule-HTML-Section&appliesTo=Rule-PegaQ-&pyRuleName=pzDelegationExperience&RequestClass=Rule-HTML-Section&RequestAppliesTo=Rule-PegaQ-&RequestRuleName=pzDelegationExperience Payload: "{\"RequestClass\":\"Rule-HTML-Section\",\"RequestAppliesTo\":\"Rule-PegaQ-\",\"RequestRuleName\":\"pzDelegationExperience\"}" => HTTP 404 (18 bytes)
[PegaHttpClient] 📡 POST https://zdk8budo.pegaacademy.net/prweb/api/v1/rules/query?pxObjClass=Rule-HTML-Section&appliesTo=Rule-PegaQ-&pyRuleName=pzDelegationExperience&RequestClass=Rule-HTML-Section&RequestAppliesTo=Rule-PegaQ-&RequestRuleName=pzDelegationExperience Payload: "{\"RequestClass\":\"Rule-HTML-Section\",\"RequestAppliesTo\":\"Rule-PegaQ-\",\"RequestRuleName\":\"pzDelegationExperience\"}" => HTTP 404 (18 bytes)
[PegaHttpClient] 📡 POST https://zdk8budo.pegaacademy.net/prweb/PRRestService/v1/rules/query?pxObjClass=Rule-HTML-Section&appliesTo=Rule-PegaQ-&pyRuleName=pzDelegationExperience&RequestClass=Rule-HTML-Section&RequestAppliesTo=Rule-PegaQ-&RequestRuleName=pzDelegationExperience Payload: "{\"RequestClass\":\"Rule-HTML-Section\",\"RequestAppliesTo\":\"Rule-PegaQ-\",\"RequestRuleName\":\"pzDelegationExperience\"}" => HTTP 404 (18 bytes)
[PegaHttpClient] 📡 POST https://zdk8budo.pegaacademy.net/prweb/api/CodeIntelligence/v1/rules/query?pxObjClass=Rule-HTML-Section&appliesTo=Rule-PegaQ-&pyRuleName=RuleFormHistory&RequestClass=Rule-HTML-Section&RequestAppliesTo=Rule-PegaQ-&RequestRuleName=RuleFormHistory Payload: "{\"RequestClass\":\"Rule-HTML-Section\",\"RequestAppliesTo\":\"Rule-PegaQ-\",\"RequestRuleName\":\"RuleFormHistory\"}" => HTTP 200 (76091 bytes)
[PegaHttpClient] 📡 POST https://zdk8budo.pegaacademy.net/prweb/api/CodeIntelligence/v1/rules/query?pxObjClass=Rule-HTML-Section&appliesTo=Rule-PegaQ-&pyRuleName=pzCustomHelp&RequestClass=Rule-HTML-Section&RequestAppliesTo=Rule-PegaQ-&RequestRuleName=pzCustomHelp Payload: "{\"RequestClass\":\"Rule-HTML-Section\",\"RequestAppliesTo\":\"Rule-PegaQ-\",\"RequestRuleName\":\"pzCustomHelp\"}" => HTTP 200 (31573 bytes)
[PegaHttpClient] 📡 POST https://zdk8budo.pegaacademy.net/prweb/api/CodeIntelligence/v1/rules/query?pxObjClass=Rule-HTML-Section&appliesTo=Rule-PegaQ-&pyRuleName=pzRuleFormKeysAndDescription&RequestClass=Rule-HTML-Section&RequestAppliesTo=Rule-PegaQ-&RequestRuleName=pzRuleFormKeysAndDescription Payload: "{\"RequestClass\":\"Rule-HTML-Section\",\"RequestAppliesTo\":\"Rule-PegaQ-\",\"RequestRuleName\":\"pzRuleFormKeysAndDescription\"}" => HTTP 200 (218057 bytes)
[PegaHttpClient] 📡 POST https://zdk8budo.pegaacademy.net/prweb/api/CodeIntelligence/v1/rules/query?pxObjClass=Rule-HTML-Section&appliesTo=Rule-PegaQ-&pyRuleName=pzRuleFormRuleset&RequestClass=Rule-HTML-Section&RequestAppliesTo=Rule-PegaQ-&RequestRuleName=pzRuleFormRuleset Payload: "{\"RequestClass\":\"Rule-HTML-Section\",\"RequestAppliesTo\":\"Rule-PegaQ-\",\"RequestRuleName\":\"pzRuleFormRuleset\"}" => HTTP 200 (33985 bytes)
[PegaHttpClient] 📡 POST https://zdk8budo.pegaacademy.net/prweb/api/CodeIntelligence/v1/rules/query?pxObjClass=Rule-HTML-Section&appliesTo=Rule-PegaQ-&pyRuleName=undefined&RequestClass=Rule-HTML-Section&RequestAppliesTo=Rule-PegaQ-&RequestRuleName=undefined Payload: "{\"RequestClass\":\"Rule-HTML-Section\",\"RequestAppliesTo\":\"Rule-PegaQ-\",\"RequestRuleName\":\"undefined\"}" => HTTP 404 (98 bytes)
[PegaHttpClient] 📡 POST https://zdk8budo.pegaacademy.net/prweb/PRRestService/CodeIntelligence/v1/rules/query?pxObjClass=Rule-HTML-Section&appliesTo=Rule-PegaQ-&pyRuleName=undefined&RequestClass=Rule-HTML-Section&RequestAppliesTo=Rule-PegaQ-&RequestRuleName=undefined Payload: "{\"RequestClass\":\"Rule-HTML-Section\",\"RequestAppliesTo\":\"Rule-PegaQ-\",\"RequestRuleName\":\"undefined\"}" => HTTP 404 (98 bytes)
[PegaHttpClient] 📡 POST https://zdk8budo.pegaacademy.net/prweb/api/HRAppsV2Service/V1/rules/query?pxObjClass=Rule-HTML-Section&appliesTo=Rule-PegaQ-&pyRuleName=undefined&RequestClass=Rule-HTML-Section&RequestAppliesTo=Rule-PegaQ-&RequestRuleName=undefined Payload: "{\"RequestClass\":\"Rule-HTML-Section\",\"RequestAppliesTo\":\"Rule-PegaQ-\",\"RequestRuleName\":\"undefined\"}" => HTTP 404 (18 bytes)
[PegaHttpClient] 📡 POST https://zdk8budo.pegaacademy.net/prweb/PRRestService/HRAppsV2Service/V1/rules/query?pxObjClass=Rule-HTML-Section&appliesTo=Rule-PegaQ-&pyRuleName=undefined&RequestClass=Rule-HTML-Section&RequestAppliesTo=Rule-PegaQ-&RequestRuleName=undefined Payload: "{\"RequestClass\":\"Rule-HTML-Section\",\"RequestAppliesTo\":\"Rule-PegaQ-\",\"RequestRuleName\":\"undefined\"}" => HTTP 404 (18 bytes)
[PegaHttpClient] 📡 POST https://zdk8budo.pegaacademy.net/prweb/api/HRAppsV2/V1/rules/query?pxObjClass=Rule-HTML-Section&appliesTo=Rule-PegaQ-&pyRuleName=undefined&RequestClass=Rule-HTML-Section&RequestAppliesTo=Rule-PegaQ-&RequestRuleName=undefined Payload: "{\"RequestClass\":\"Rule-HTML-Section\",\"RequestAppliesTo\":\"Rule-PegaQ-\",\"RequestRuleName\":\"undefined\"}" => HTTP 404 (18 bytes)
[PegaHttpClient] 📡 POST https://zdk8budo.pegaacademy.net/prweb/PRRestService/HRAppsV2/V1/rules/query?pxObjClass=Rule-HTML-Section&appliesTo=Rule-PegaQ-&pyRuleName=undefined&RequestClass=Rule-HTML-Section&RequestAppliesTo=Rule-PegaQ-&RequestRuleName=undefined Payload: "{\"RequestClass\":\"Rule-HTML-Section\",\"RequestAppliesTo\":\"Rule-PegaQ-\",\"RequestRuleName\":\"undefined\"}" => HTTP 404 (18 bytes)
[PegaHttpClient] 📡 POST https://zdk8budo.pegaacademy.net/prweb/api/v1/rules/query?pxObjClass=Rule-HTML-Section&appliesTo=Rule-PegaQ-&pyRuleName=undefined&RequestClass=Rule-HTML-Section&RequestAppliesTo=Rule-PegaQ-&RequestRuleName=undefined Payload: "{\"RequestClass\":\"Rule-HTML-Section\",\"RequestAppliesTo\":\"Rule-PegaQ-\",\"RequestRuleName\":\"undefined\"}" => HTTP 404 (18 bytes)
[PegaHttpClient] 📡 POST https://zdk8budo.pegaacademy.net/prweb/PRRestService/v1/rules/query?pxObjClass=Rule-HTML-Section&appliesTo=Rule-PegaQ-&pyRuleName=undefined&RequestClass=Rule-HTML-Section&RequestAppliesTo=Rule-PegaQ-&RequestRuleName=undefined Payload: "{\"RequestClass\":\"Rule-HTML-Section\",\"RequestAppliesTo\":\"Rule-PegaQ-\",\"RequestRuleName\":\"undefined\"}" => HTTP 404 (18 bytes)
[PegaHttpClient] 📡 POST https://zdk8budo.pegaacademy.net/prweb/api/CodeIntelligence/v1/rules/query?pxObjClass=Rule-HTML-Section&appliesTo=Rule-PegaQ-&pyRuleName=pzRuleFormToolbar&RequestClass=Rule-HTML-Section&RequestAppliesTo=Rule-PegaQ-&RequestRuleName=pzRuleFormToolbar Payload: "{\"RequestClass\":\"Rule-HTML-Section\",\"RequestAppliesTo\":\"Rule-PegaQ-\",\"RequestRuleName\":\"pzRuleFormToolbar\"}" => HTTP 200 (242691 bytes)
[PegaHttpClient] 📡 POST https://zdk8budo.pegaacademy.net/prweb/api/CodeIntelligence/v1/rules/query?pxObjClass=Rule-HTML-Section&appliesTo=Rule-PegaQ-&pyRuleName=pzRuleFormToolbarCompare&RequestClass=Rule-HTML-Section&RequestAppliesTo=Rule-PegaQ-&RequestRuleName=pzRuleFormToolbarCompare Payload: "{\"RequestClass\":\"Rule-HTML-Section\",\"RequestAppliesTo\":\"Rule-PegaQ-\",\"RequestRuleName\":\"pzRuleFormToolbarCompare\"}" => HTTP 200 (61925 bytes)
[PegaHttpClient] 📡 POST https://zdk8budo.pegaacademy.net/prweb/api/CodeIntelligence/v1/rules/query?pxObjClass=Rule-HTML-Section&appliesTo=Rule-PegaQ-&pyRuleName=RuleFormHeaderMessages&RequestClass=Rule-HTML-Section&RequestAppliesTo=Rule-PegaQ-&RequestRuleName=RuleFormHeaderMessages Payload: "{\"RequestClass\":\"Rule-HTML-Section\",\"RequestAppliesTo\":\"Rule-PegaQ-\",\"RequestRuleName\":\"RuleFormHeaderMessages\"}" => HTTP 200 (26518 bytes)
[PegaHttpClient] 📡 POST https://zdk8budo.pegaacademy.net/prweb/api/CodeIntelligence/v1/rules/query?pxObjClass=Rule-HTML-Section&appliesTo=Rule-PegaQ-&pyRuleName=pzAlternateRuleInfo&RequestClass=Rule-HTML-Section&RequestAppliesTo=Rule-PegaQ-&RequestRuleName=pzAlternateRuleInfo Payload: "{\"RequestClass\":\"Rule-HTML-Section\",\"RequestAppliesTo\":\"Rule-PegaQ-\",\"RequestRuleName\":\"pzAlternateRuleInfo\"}" => HTTP 200 (140407 bytes)
[PegaHttpClient] 📡 POST https://zdk8budo.pegaacademy.net/prweb/api/CodeIntelligence/v1/rules/query?pxObjClass=Rule-HTML-Section&appliesTo=Rule-PegaQ-&pyRuleName=RuleFormHistory_Description&RequestClass=Rule-HTML-Section&RequestAppliesTo=Rule-PegaQ-&RequestRuleName=RuleFormHistory_Description Payload: "{\"RequestClass\":\"Rule-HTML-Section\",\"RequestAppliesTo\":\"Rule-PegaQ-\",\"RequestRuleName\":\"RuleFormHistory_Description\"}" => HTTP 200 (46242 bytes)
[PegaHttpClient] 📡 POST https://zdk8budo.pegaacademy.net/prweb/api/CodeIntelligence/v1/rules/query?pxObjClass=Rule-HTML-Section&appliesTo=Rule-PegaQ-&pyRuleName=RuleFormHistory_CustomFields&RequestClass=Rule-HTML-Section&RequestAppliesTo=Rule-PegaQ-&RequestRuleName=RuleFormHistory_CustomFields Payload: "{\"RequestClass\":\"Rule-HTML-Section\",\"RequestAppliesTo\":\"Rule-PegaQ-\",\"RequestRuleName\":\"RuleFormHistory_CustomFields\"}" => HTTP 200 (75856 bytes)
[PegaHttpClient] 📡 POST https://zdk8budo.pegaacademy.net/prweb/api/CodeIntelligence/v1/rules/query?pxObjClass=Rule-HTML-Section&appliesTo=Rule-PegaQ-&pyRuleName=RuleFormHistory_HistoryDetails&RequestClass=Rule-HTML-Section&RequestAppliesTo=Rule-PegaQ-&RequestRuleName=RuleFormHistory_HistoryDetails Payload: "{\"RequestClass\":\"Rule-HTML-Section\",\"RequestAppliesTo\":\"Rule-PegaQ-\",\"RequestRuleName\":\"RuleFormHistory_HistoryDetails\"}" => HTTP 200 (179535 bytes)
[PegaHttpClient] 📡 POST https://zdk8budo.pegaacademy.net/prweb/api/CodeIntelligence/v1/rules/query?pxObjClass=Rule-HTML-Section&appliesTo=Rule-PegaQ-&pyRuleName=pzRuleFormStatus&RequestClass=Rule-HTML-Section&RequestAppliesTo=Rule-PegaQ-&RequestRuleName=pzRuleFormStatus Payload: "{\"RequestClass\":\"Rule-HTML-Section\",\"RequestAppliesTo\":\"Rule-PegaQ-\",\"RequestRuleName\":\"pzRuleFormStatus\"}" => HTTP 200 (97627 bytes)
[PegaHttpClient] 📡 POST https://zdk8budo.pegaacademy.net/prweb/api/CodeIntelligence/v1/rules/query?pxObjClass=Rule-HTML-Section&appliesTo=Rule-PegaQ-&pyRuleName=pzRuleFormHeaderCompareWithDropDown&RequestClass=Rule-HTML-Section&RequestAppliesTo=Rule-PegaQ-&RequestRuleName=pzRuleFormHeaderCompareWithDropDown Payload: "{\"RequestClass\":\"Rule-HTML-Section\",\"RequestAppliesTo\":\"Rule-PegaQ-\",\"RequestRuleName\":\"pzRuleFormHeaderCompareWithDropDown\"}" => HTTP 200 (25396 bytes)
[PegaHttpClient] 📡 POST https://zdk8budo.pegaacademy.net/prweb/api/CodeIntelligence/v1/rules/query?pxObjClass=Rule-HTML-Section&appliesTo=Rule-PegaQ-&pyRuleName=undefined&RequestClass=Rule-HTML-Section&RequestAppliesTo=Rule-PegaQ-&RequestRuleName=undefined Payload: "{\"RequestClass\":\"Rule-HTML-Section\",\"RequestAppliesTo\":\"Rule-PegaQ-\",\"RequestRuleName\":\"undefined\"}" => HTTP 404 (98 bytes)
[PegaHttpClient] 📡 POST https://zdk8budo.pegaacademy.net/prweb/PRRestService/CodeIntelligence/v1/rules/query?pxObjClass=Rule-HTML-Section&appliesTo=Rule-PegaQ-&pyRuleName=undefined&RequestClass=Rule-HTML-Section&RequestAppliesTo=Rule-PegaQ-&RequestRuleName=undefined Payload: "{\"RequestClass\":\"Rule-HTML-Section\",\"RequestAppliesTo\":\"Rule-PegaQ-\",\"RequestRuleName\":\"undefined\"}" => HTTP 404 (98 bytes)
[PegaHttpClient] 📡 POST https://zdk8budo.pegaacademy.net/prweb/api/HRAppsV2Service/V1/rules/query?pxObjClass=Rule-HTML-Section&appliesTo=Rule-PegaQ-&pyRuleName=undefined&RequestClass=Rule-HTML-Section&RequestAppliesTo=Rule-PegaQ-&RequestRuleName=undefined Payload: "{\"RequestClass\":\"Rule-HTML-Section\",\"RequestAppliesTo\":\"Rule-PegaQ-\",\"RequestRuleName\":\"undefined\"}" => HTTP 404 (18 bytes)
[PegaHttpClient] 📡 POST https://zdk8budo.pegaacademy.net/prweb/PRRestService/HRAppsV2Service/V1/rules/query?pxObjClass=Rule-HTML-Section&appliesTo=Rule-PegaQ-&pyRuleName=undefined&RequestClass=Rule-HTML-Section&RequestAppliesTo=Rule-PegaQ-&RequestRuleName=undefined Payload: "{\"RequestClass\":\"Rule-HTML-Section\",\"RequestAppliesTo\":\"Rule-PegaQ-\",\"RequestRuleName\":\"undefined\"}" => HTTP 404 (18 bytes)
[PegaHttpClient] 📡 POST https://zdk8budo.pegaacademy.net/prweb/api/HRAppsV2/V1/rules/query?pxObjClass=Rule-HTML-Section&appliesTo=Rule-PegaQ-&pyRuleName=undefined&RequestClass=Rule-HTML-Section&RequestAppliesTo=Rule-PegaQ-&RequestRuleName=undefined Payload: "{\"RequestClass\":\"Rule-HTML-Section\",\"RequestAppliesTo\":\"Rule-PegaQ-\",\"RequestRuleName\":\"undefined\"}" => HTTP 404 (18 bytes)
[PegaHttpClient] 📡 POST https://zdk8budo.pegaacademy.net/prweb/PRRestService/HRAppsV2/V1/rules/query?pxObjClass=Rule-HTML-Section&appliesTo=Rule-PegaQ-&pyRuleName=undefined&RequestClass=Rule-HTML-Section&RequestAppliesTo=Rule-PegaQ-&RequestRuleName=undefined Payload: "{\"RequestClass\":\"Rule-HTML-Section\",\"RequestAppliesTo\":\"Rule-PegaQ-\",\"RequestRuleName\":\"undefined\"}" => HTTP 404 (18 bytes)
[PegaHttpClient] 📡 POST https://zdk8budo.pegaacademy.net/prweb/api/v1/rules/query?pxObjClass=Rule-HTML-Section&appliesTo=Rule-PegaQ-&pyRuleName=undefined&RequestClass=Rule-HTML-Section&RequestAppliesTo=Rule-PegaQ-&RequestRuleName=undefined Payload: "{\"RequestClass\":\"Rule-HTML-Section\",\"RequestAppliesTo\":\"Rule-PegaQ-\",\"RequestRuleName\":\"undefined\"}" => HTTP 404 (18 bytes)
[PegaHttpClient] 📡 POST https://zdk8budo.pegaacademy.net/prweb/PRRestService/v1/rules/query?pxObjClass=Rule-HTML-Section&appliesTo=Rule-PegaQ-&pyRuleName=undefined&RequestClass=Rule-HTML-Section&RequestAppliesTo=Rule-PegaQ-&RequestRuleName=undefined Payload: "{\"RequestClass\":\"Rule-HTML-Section\",\"RequestAppliesTo\":\"Rule-PegaQ-\",\"RequestRuleName\":\"undefined\"}" => HTTP 404 (18 bytes)
[PegaHttpClient] 📡 POST https://zdk8budo.pegaacademy.net/prweb/api/CodeIntelligence/v1/rules/query?pxObjClass=Rule-HTML-Section&appliesTo=Rule-PegaQ-&pyRuleName=pzRuleFormToolbarHotKeys&RequestClass=Rule-HTML-Section&RequestAppliesTo=Rule-PegaQ-&RequestRuleName=pzRuleFormToolbarHotKeys Payload: "{\"RequestClass\":\"Rule-HTML-Section\",\"RequestAppliesTo\":\"Rule-PegaQ-\",\"RequestRuleName\":\"pzRuleFormToolbarHotKeys\"}" => HTTP 200 (85058 bytes)
[PegaHttpClient] 📡 POST https://zdk8budo.pegaacademy.net/prweb/api/CodeIntelligence/v1/rules/query?pxObjClass=Rule-HTML-Section&appliesTo=Rule-PegaQ-&pyRuleName=pzRuleFormToolbarLockedIcon&RequestClass=Rule-HTML-Section&RequestAppliesTo=Rule-PegaQ-&RequestRuleName=pzRuleFormToolbarLockedIcon Payload: "{\"RequestClass\":\"Rule-HTML-Section\",\"RequestAppliesTo\":\"Rule-PegaQ-\",\"RequestRuleName\":\"pzRuleFormToolbarLockedIcon\"}" => HTTP 200 (24898 bytes)
[PegaHttpClient] 📡 POST https://zdk8budo.pegaacademy.net/prweb/api/CodeIntelligence/v1/rules/query?pxObjClass=Rule-HTML-Section&appliesTo=Rule-PegaQ-&pyRuleName=pzRuleFormToolbarCollaborators&RequestClass=Rule-HTML-Section&RequestAppliesTo=Rule-PegaQ-&RequestRuleName=pzRuleFormToolbarCollaborators Payload: "{\"RequestClass\":\"Rule-HTML-Section\",\"RequestAppliesTo\":\"Rule-PegaQ-\",\"RequestRuleName\":\"pzRuleFormToolbarCollaborators\"}" => HTTP 200 (15254 bytes)
[PegaHttpClient] 📡 POST https://zdk8budo.pegaacademy.net/prweb/api/CodeIntelligence/v1/rules/query?pxObjClass=Rule-HTML-Section&appliesTo=Rule-PegaQ-&pyRuleName=pzRuleFormToolbarSaveAs&RequestClass=Rule-HTML-Section&RequestAppliesTo=Rule-PegaQ-&RequestRuleName=pzRuleFormToolbarSaveAs Payload: "{\"RequestClass\":\"Rule-HTML-Section\",\"RequestAppliesTo\":\"Rule-PegaQ-\",\"RequestRuleName\":\"pzRuleFormToolbarSaveAs\"}" => HTTP 200 (64084 bytes)
[PegaHttpClient] 📡 POST https://zdk8budo.pegaacademy.net/prweb/api/CodeIntelligence/v1/rules/query?pxObjClass=Rule-HTML-Section&appliesTo=Rule-PegaQ-&pyRuleName=pzRuleFormToolbarCheckin&RequestClass=Rule-HTML-Section&RequestAppliesTo=Rule-PegaQ-&RequestRuleName=pzRuleFormToolbarCheckin Payload: "{\"RequestClass\":\"Rule-HTML-Section\",\"RequestAppliesTo\":\"Rule-PegaQ-\",\"RequestRuleName\":\"pzRuleFormToolbarCheckin\"}" => HTTP 200 (119096 bytes)
[PegaHttpClient] 📡 POST https://zdk8budo.pegaacademy.net/prweb/api/CodeIntelligence/v1/rules/query?pxObjClass=Rule-HTML-Section&appliesTo=Rule-PegaQ-&pyRuleName=pzRuleFormToolbarDelete&RequestClass=Rule-HTML-Section&RequestAppliesTo=Rule-PegaQ-&RequestRuleName=pzRuleFormToolbarDelete Payload: "{\"RequestClass\":\"Rule-HTML-Section\",\"RequestAppliesTo\":\"Rule-PegaQ-\",\"RequestRuleName\":\"pzRuleFormToolbarDelete\"}" => HTTP 200 (30249 bytes)
[PegaHttpClient] 📡 POST https://zdk8budo.pegaacademy.net/prweb/api/CodeIntelligence/v1/rules/query?pxObjClass=Rule-HTML-Section&appliesTo=Rule-PegaQ-&pyRuleName=pzRuleFormToolbarSave&RequestClass=Rule-HTML-Section&RequestAppliesTo=Rule-PegaQ-&RequestRuleName=pzRuleFormToolbarSave Payload: "{\"RequestClass\":\"Rule-HTML-Section\",\"RequestAppliesTo\":\"Rule-PegaQ-\",\"RequestRuleName\":\"pzRuleFormToolbarSave\"}" => HTTP 200 (293885 bytes)
[PegaHttpClient] 📡 POST https://zdk8budo.pegaacademy.net/prweb/api/CodeIntelligence/v1/rules/query?pxObjClass=Rule-HTML-Section&appliesTo=Rule-PegaQ-&pyRuleName=pzRuleFormToolbarCheckout&RequestClass=Rule-HTML-Section&RequestAppliesTo=Rule-PegaQ-&RequestRuleName=pzRuleFormToolbarCheckout Payload: "{\"RequestClass\":\"Rule-HTML-Section\",\"RequestAppliesTo\":\"Rule-PegaQ-\",\"RequestRuleName\":\"pzRuleFormToolbarCheckout\"}" => HTTP 200 (238148 bytes)
[PegaHttpClient] 📡 POST https://zdk8budo.pegaacademy.net/prweb/api/CodeIntelligence/v1/rules/query?pxObjClass=Rule-HTML-Section&appliesTo=Rule-PegaQ-&pyRuleName=pzRemoveErrorsDataPage&RequestClass=Rule-HTML-Section&RequestAppliesTo=Rule-PegaQ-&RequestRuleName=pzRemoveErrorsDataPage Payload: "{\"RequestClass\":\"Rule-HTML-Section\",\"RequestAppliesTo\":\"Rule-PegaQ-\",\"RequestRuleName\":\"pzRemoveErrorsDataPage\"}" => HTTP 200 (16733 bytes)
[PegaHttpClient] 📡 POST https://zdk8budo.pegaacademy.net/prweb/api/CodeIntelligence/v1/rules/query?pxObjClass=Rule-HTML-Section&appliesTo=Rule-PegaQ-&pyRuleName=pzRuleFormHeaderMessagesWrapper&RequestClass=Rule-HTML-Section&RequestAppliesTo=Rule-PegaQ-&RequestRuleName=pzRuleFormHeaderMessagesWrapper Payload: "{\"RequestClass\":\"Rule-HTML-Section\",\"RequestAppliesTo\":\"Rule-PegaQ-\",\"RequestRuleName\":\"pzRuleFormHeaderMessagesWrapper\"}" => HTTP 200 (16981 bytes)
[PegaHttpClient] 📡 POST https://zdk8budo.pegaacademy.net/prweb/api/CodeIntelligence/v1/rules/query?pxObjClass=Rule-HTML-Section&appliesTo=Rule-PegaQ-&pyRuleName=pzScm_RuleHistory&RequestClass=Rule-HTML-Section&RequestAppliesTo=Rule-PegaQ-&RequestRuleName=pzScm_RuleHistory Payload: "{\"RequestClass\":\"Rule-HTML-Section\",\"RequestAppliesTo\":\"Rule-PegaQ-\",\"RequestRuleName\":\"pzScm_RuleHistory\"}" => HTTP 200 (14682 bytes)
[PegaHttpClient] 📡 POST https://zdk8budo.pegaacademy.net/prweb/api/CodeIntelligence/v1/rules/query?pxObjClass=Rule-HTML-Section&appliesTo=Rule-PegaQ-&pyRuleName=pxDisplayCollaborators&RequestClass=Rule-HTML-Section&RequestAppliesTo=Rule-PegaQ-&RequestRuleName=pxDisplayCollaborators Payload: "{\"RequestClass\":\"Rule-HTML-Section\",\"RequestAppliesTo\":\"Rule-PegaQ-\",\"RequestRuleName\":\"pxDisplayCollaborators\"}" => HTTP 200 (94171 bytes)
[PegaHttpClient] 📡 POST https://zdk8budo.pegaacademy.net/prweb/api/CodeIntelligence/v1/rules/query?pxObjClass=Rule-HTML-Section&appliesTo=Rule-PegaQ-&pyRuleName=pzRuleFormToolbarDeleteCheckOut&RequestClass=Rule-HTML-Section&RequestAppliesTo=Rule-PegaQ-&RequestRuleName=pzRuleFormToolbarDeleteCheckOut Payload: "{\"RequestClass\":\"Rule-HTML-Section\",\"RequestAppliesTo\":\"Rule-PegaQ-\",\"RequestRuleName\":\"pzRuleFormToolbarDeleteCheckOut\"}" => HTTP 200 (29433 bytes)
[PegaHttpClient] 📡 POST https://zdk8budo.pegaacademy.net/prweb/api/CodeIntelligence/v1/rules/query?pxObjClass=Rule-HTML-Section&appliesTo=Rule-PegaQ-&pyRuleName=pzRuleFormToolbarDeleteRule&RequestClass=Rule-HTML-Section&RequestAppliesTo=Rule-PegaQ-&RequestRuleName=pzRuleFormToolbarDeleteRule Payload: "{\"RequestClass\":\"Rule-HTML-Section\",\"RequestAppliesTo\":\"Rule-PegaQ-\",\"RequestRuleName\":\"pzRuleFormToolbarDeleteRule\"}" => HTTP 200 (32314 bytes)
[PegaHttpClient] 📡 POST https://zdk8budo.pegaacademy.net/prweb/api/CodeIntelligence/v1/rules/query?pxObjClass=Rule-HTML-Section&appliesTo=Rule-PegaQ-&pyRuleName=pzLoadCollaborationScripts&RequestClass=Rule-HTML-Section&RequestAppliesTo=Rule-PegaQ-&RequestRuleName=pzLoadCollaborationScripts Payload: "{\"RequestClass\":\"Rule-HTML-Section\",\"RequestAppliesTo\":\"Rule-PegaQ-\",\"RequestRuleName\":\"pzLoadCollaborationScripts\"}" => HTTP 200 (23453 bytes)
[PegaHttpClient] 📡 POST https://zdk8budo.pegaacademy.net/prweb/api/CodeIntelligence/v1/rules/query?pxObjClass=Rule-HTML-Section&appliesTo=Rule-PegaQ-&pyRuleName=pzDisplayCollaboratorsList&RequestClass=Rule-HTML-Section&RequestAppliesTo=Rule-PegaQ-&RequestRuleName=pzDisplayCollaboratorsList Payload: "{\"RequestClass\":\"Rule-HTML-Section\",\"RequestAppliesTo\":\"Rule-PegaQ-\",\"RequestRuleName\":\"pzDisplayCollaboratorsList\"}" => HTTP 200 (105418 bytes)
[PegaHttpClient] 📡 POST https://zdk8budo.pegaacademy.net/prweb/api/CodeIntelligence/v1/rules/query?pxObjClass=Rule-HTML-Section&appliesTo=Rule-PegaQ-&pyRuleName=pyCollaborator&RequestClass=Rule-HTML-Section&RequestAppliesTo=Rule-PegaQ-&RequestRuleName=pyCollaborator Payload: "{\"RequestClass\":\"Rule-HTML-Section\",\"RequestAppliesTo\":\"Rule-PegaQ-\",\"RequestRuleName\":\"pyCollaborator\"}" => HTTP 404 (103 bytes)
[PegaHttpClient] 📡 POST https://zdk8budo.pegaacademy.net/prweb/PRRestService/CodeIntelligence/v1/rules/query?pxObjClass=Rule-HTML-Section&appliesTo=Rule-PegaQ-&pyRuleName=pyCollaborator&RequestClass=Rule-HTML-Section&RequestAppliesTo=Rule-PegaQ-&RequestRuleName=pyCollaborator Payload: "{\"RequestClass\":\"Rule-HTML-Section\",\"RequestAppliesTo\":\"Rule-PegaQ-\",\"RequestRuleName\":\"pyCollaborator\"}" => HTTP 404 (103 bytes)
[PegaHttpClient] 📡 POST https://zdk8budo.pegaacademy.net/prweb/api/HRAppsV2Service/V1/rules/query?pxObjClass=Rule-HTML-Section&appliesTo=Rule-PegaQ-&pyRuleName=pyCollaborator&RequestClass=Rule-HTML-Section&RequestAppliesTo=Rule-PegaQ-&RequestRuleName=pyCollaborator Payload: "{\"RequestClass\":\"Rule-HTML-Section\",\"RequestAppliesTo\":\"Rule-PegaQ-\",\"RequestRuleName\":\"pyCollaborator\"}" => HTTP 404 (18 bytes)
[PegaHttpClient] 📡 POST https://zdk8budo.pegaacademy.net/prweb/PRRestService/HRAppsV2Service/V1/rules/query?pxObjClass=Rule-HTML-Section&appliesTo=Rule-PegaQ-&pyRuleName=pyCollaborator&RequestClass=Rule-HTML-Section&RequestAppliesTo=Rule-PegaQ-&RequestRuleName=pyCollaborator Payload: "{\"RequestClass\":\"Rule-HTML-Section\",\"RequestAppliesTo\":\"Rule-PegaQ-\",\"RequestRuleName\":\"pyCollaborator\"}" => HTTP 404 (18 bytes)
[PegaHttpClient] 📡 POST https://zdk8budo.pegaacademy.net/prweb/api/HRAppsV2/V1/rules/query?pxObjClass=Rule-HTML-Section&appliesTo=Rule-PegaQ-&pyRuleName=pyCollaborator&RequestClass=Rule-HTML-Section&RequestAppliesTo=Rule-PegaQ-&RequestRuleName=pyCollaborator Payload: "{\"RequestClass\":\"Rule-HTML-Section\",\"RequestAppliesTo\":\"Rule-PegaQ-\",\"RequestRuleName\":\"pyCollaborator\"}" => HTTP 404 (18 bytes)
[PegaHttpClient] 📡 POST https://zdk8budo.pegaacademy.net/prweb/PRRestService/HRAppsV2/V1/rules/query?pxObjClass=Rule-HTML-Section&appliesTo=Rule-PegaQ-&pyRuleName=pyCollaborator&RequestClass=Rule-HTML-Section&RequestAppliesTo=Rule-PegaQ-&RequestRuleName=pyCollaborator Payload: "{\"RequestClass\":\"Rule-HTML-Section\",\"RequestAppliesTo\":\"Rule-PegaQ-\",\"RequestRuleName\":\"pyCollaborator\"}" => HTTP 404 (18 bytes)
[PegaHttpClient] 📡 POST https://zdk8budo.pegaacademy.net/prweb/api/v1/rules/query?pxObjClass=Rule-HTML-Section&appliesTo=Rule-PegaQ-&pyRuleName=pyCollaborator&RequestClass=Rule-HTML-Section&RequestAppliesTo=Rule-PegaQ-&RequestRuleName=pyCollaborator Payload: "{\"RequestClass\":\"Rule-HTML-Section\",\"RequestAppliesTo\":\"Rule-PegaQ-\",\"RequestRuleName\":\"pyCollaborator\"}" => HTTP 404 (18 bytes)
[PegaHttpClient] 📡 POST https://zdk8budo.pegaacademy.net/prweb/PRRestService/v1/rules/query?pxObjClass=Rule-HTML-Section&appliesTo=Rule-PegaQ-&pyRuleName=pyCollaborator&RequestClass=Rule-HTML-Section&RequestAppliesTo=Rule-PegaQ-&RequestRuleName=pyCollaborator Payload: "{\"RequestClass\":\"Rule-HTML-Section\",\"RequestAppliesTo\":\"Rule-PegaQ-\",\"RequestRuleName\":\"pyCollaborator\"}" => HTTP 404 (18 bytes)
[PegaHttpClient] 📡 POST https://zdk8budo.pegaacademy.net/prweb/api/CodeIntelligence/v1/rules/query?pxObjClass=Rule-HTML-Section&appliesTo=Rule-PegaQ-&pyRuleName=pzDisplayPartialCount&RequestClass=Rule-HTML-Section&RequestAppliesTo=Rule-PegaQ-&RequestRuleName=pzDisplayPartialCount Payload: "{\"RequestClass\":\"Rule-HTML-Section\",\"RequestAppliesTo\":\"Rule-PegaQ-\",\"RequestRuleName\":\"pzDisplayPartialCount\"}" => HTTP 404 (110 bytes)
[PegaHttpClient] 📡 POST https://zdk8budo.pegaacademy.net/prweb/PRRestService/CodeIntelligence/v1/rules/query?pxObjClass=Rule-HTML-Section&appliesTo=Rule-PegaQ-&pyRuleName=pzDisplayPartialCount&RequestClass=Rule-HTML-Section&RequestAppliesTo=Rule-PegaQ-&RequestRuleName=pzDisplayPartialCount Payload: "{\"RequestClass\":\"Rule-HTML-Section\",\"RequestAppliesTo\":\"Rule-PegaQ-\",\"RequestRuleName\":\"pzDisplayPartialCount\"}" => HTTP 404 (110 bytes)
[PegaHttpClient] 📡 POST https://zdk8budo.pegaacademy.net/prweb/api/HRAppsV2Service/V1/rules/query?pxObjClass=Rule-HTML-Section&appliesTo=Rule-PegaQ-&pyRuleName=pzDisplayPartialCount&RequestClass=Rule-HTML-Section&RequestAppliesTo=Rule-PegaQ-&RequestRuleName=pzDisplayPartialCount Payload: "{\"RequestClass\":\"Rule-HTML-Section\",\"RequestAppliesTo\":\"Rule-PegaQ-\",\"RequestRuleName\":\"pzDisplayPartialCount\"}" => HTTP 404 (18 bytes)
[PegaHttpClient] 📡 POST https://zdk8budo.pegaacademy.net/prweb/PRRestService/HRAppsV2Service/V1/rules/query?pxObjClass=Rule-HTML-Section&appliesTo=Rule-PegaQ-&pyRuleName=pzDisplayPartialCount&RequestClass=Rule-HTML-Section&RequestAppliesTo=Rule-PegaQ-&RequestRuleName=pzDisplayPartialCount Payload: "{\"RequestClass\":\"Rule-HTML-Section\",\"RequestAppliesTo\":\"Rule-PegaQ-\",\"RequestRuleName\":\"pzDisplayPartialCount\"}" => HTTP 404 (18 bytes)
[PegaHttpClient] 📡 POST https://zdk8budo.pegaacademy.net/prweb/api/HRAppsV2/V1/rules/query?pxObjClass=Rule-HTML-Section&appliesTo=Rule-PegaQ-&pyRuleName=pzDisplayPartialCount&RequestClass=Rule-HTML-Section&RequestAppliesTo=Rule-PegaQ-&RequestRuleName=pzDisplayPartialCount Payload: "{\"RequestClass\":\"Rule-HTML-Section\",\"RequestAppliesTo\":\"Rule-PegaQ-\",\"RequestRuleName\":\"pzDisplayPartialCount\"}" => HTTP 404 (18 bytes)
[PegaHttpClient] 📡 POST https://zdk8budo.pegaacademy.net/prweb/PRRestService/HRAppsV2/V1/rules/query?pxObjClass=Rule-HTML-Section&appliesTo=Rule-PegaQ-&pyRuleName=pzDisplayPartialCount&RequestClass=Rule-HTML-Section&RequestAppliesTo=Rule-PegaQ-&RequestRuleName=pzDisplayPartialCount Payload: "{\"RequestClass\":\"Rule-HTML-Section\",\"RequestAppliesTo\":\"Rule-PegaQ-\",\"RequestRuleName\":\"pzDisplayPartialCount\"}" => HTTP 404 (18 bytes)
[PegaHttpClient] 📡 POST https://zdk8budo.pegaacademy.net/prweb/api/v1/rules/query?pxObjClass=Rule-HTML-Section&appliesTo=Rule-PegaQ-&pyRuleName=pzDisplayPartialCount&RequestClass=Rule-HTML-Section&RequestAppliesTo=Rule-PegaQ-&RequestRuleName=pzDisplayPartialCount Payload: "{\"RequestClass\":\"Rule-HTML-Section\",\"RequestAppliesTo\":\"Rule-PegaQ-\",\"RequestRuleName\":\"pzDisplayPartialCount\"}" => HTTP 404 (18 bytes)
[PegaHttpClient] 📡 POST https://zdk8budo.pegaacademy.net/prweb/PRRestService/v1/rules/query?pxObjClass=Rule-HTML-Section&appliesTo=Rule-PegaQ-&pyRuleName=pzDisplayPartialCount&RequestClass=Rule-HTML-Section&RequestAppliesTo=Rule-PegaQ-&RequestRuleName=pzDisplayPartialCount Payload: "{\"RequestClass\":\"Rule-HTML-Section\",\"RequestAppliesTo\":\"Rule-PegaQ-\",\"RequestRuleName\":\"pzDisplayPartialCount\"}" => HTTP 404 (18 bytes)
[SchemaGen] ✅ Schema written for Rule-PegaQ-
[PegaHttpClient] 📡 GET https://zdk8budo.pegaacademy.net/prweb/api/CodeIntelligence/v1/rules/RULE-HTML-HARNESS%20RULE-SHORTCUT%20RULEFORM%20%2320180713T134102.304%20GMT => HTTP 200 (24402 bytes)
[PegaHttpClient] 📡 POST https://zdk8budo.pegaacademy.net/prweb/api/CodeIntelligence/v1/rules/query?pxObjClass=Rule-HTML-Section&appliesTo=Rule-Shortcut&pyRuleName=RuleFormMain&RequestClass=Rule-HTML-Section&RequestAppliesTo=Rule-Shortcut&RequestRuleName=RuleFormMain Payload: "{\"RequestClass\":\"Rule-HTML-Section\",\"RequestAppliesTo\":\"Rule-Shortcut\",\"RequestRuleName\":\"RuleFormMain\"}" => HTTP 200 (156234 bytes)
[PegaHttpClient] 📡 POST https://zdk8budo.pegaacademy.net/prweb/api/CodeIntelligence/v1/rules/query?pxObjClass=Rule-HTML-Section&appliesTo=Rule-Shortcut&pyRuleName=pxAlternateRuleForm&RequestClass=Rule-HTML-Section&RequestAppliesTo=Rule-Shortcut&RequestRuleName=pxAlternateRuleForm Payload: "{\"RequestClass\":\"Rule-HTML-Section\",\"RequestAppliesTo\":\"Rule-Shortcut\",\"RequestRuleName\":\"pxAlternateRuleForm\"}" => HTTP 200 (66153 bytes)
[PegaHttpClient] 📡 POST https://zdk8budo.pegaacademy.net/prweb/api/CodeIntelligence/v1/rules/query?pxObjClass=Rule-HTML-Section&appliesTo=Rule-Shortcut&pyRuleName=pzRuleFormScripts&RequestClass=Rule-HTML-Section&RequestAppliesTo=Rule-Shortcut&RequestRuleName=pzRuleFormScripts Payload: "{\"RequestClass\":\"Rule-HTML-Section\",\"RequestAppliesTo\":\"Rule-Shortcut\",\"RequestRuleName\":\"pzRuleFormScripts\"}" => HTTP 200 (40822 bytes)
[PegaHttpClient] 📡 POST https://zdk8budo.pegaacademy.net/prweb/api/CodeIntelligence/v1/rules/query?pxObjClass=Rule-HTML-Section&appliesTo=Rule-Shortcut&pyRuleName=pzRuleFormLayoutDelegated&RequestClass=Rule-HTML-Section&RequestAppliesTo=Rule-Shortcut&RequestRuleName=pzRuleFormLayoutDelegated Payload: "{\"RequestClass\":\"Rule-HTML-Section\",\"RequestAppliesTo\":\"Rule-Shortcut\",\"RequestRuleName\":\"pzRuleFormLayoutDelegated\"}" => HTTP 200 (70998 bytes)
[PegaHttpClient] 📡 POST https://zdk8budo.pegaacademy.net/prweb/api/CodeIntelligence/v1/rules/query?pxObjClass=Rule-HTML-Section&appliesTo=Rule-Shortcut&pyRuleName=RuleFormLayout&RequestClass=Rule-HTML-Section&RequestAppliesTo=Rule-Shortcut&RequestRuleName=RuleFormLayout Payload: "{\"RequestClass\":\"Rule-HTML-Section\",\"RequestAppliesTo\":\"Rule-Shortcut\",\"RequestRuleName\":\"RuleFormLayout\"}" => HTTP 200 (54889 bytes)
[PegaHttpClient] 📡 POST https://zdk8budo.pegaacademy.net/prweb/api/CodeIntelligence/v1/rules/query?pxObjClass=Rule-HTML-Section&appliesTo=Rule-Shortcut&pyRuleName=RuleFormSettings&RequestClass=Rule-HTML-Section&RequestAppliesTo=Rule-Shortcut&RequestRuleName=RuleFormSettings Payload: "{\"RequestClass\":\"Rule-HTML-Section\",\"RequestAppliesTo\":\"Rule-Shortcut\",\"RequestRuleName\":\"RuleFormSettings\"}" => HTTP 200 (20540 bytes)
[PegaHttpClient] 📡 POST https://zdk8budo.pegaacademy.net/prweb/api/CodeIntelligence/v1/rules/query?pxObjClass=Rule-HTML-Section&appliesTo=Rule-Shortcut&pyRuleName=OpenAuthoring&RequestClass=Rule-HTML-Section&RequestAppliesTo=Rule-Shortcut&RequestRuleName=OpenAuthoring Payload: "{\"RequestClass\":\"Rule-HTML-Section\",\"RequestAppliesTo\":\"Rule-Shortcut\",\"RequestRuleName\":\"OpenAuthoring\"}" => HTTP 200 (23695 bytes)
[PegaHttpClient] 📡 POST https://zdk8budo.pegaacademy.net/prweb/api/CodeIntelligence/v1/rules/query?pxObjClass=Rule-HTML-Section&appliesTo=Rule-Shortcut&pyRuleName=pyCustomHelp&RequestClass=Rule-HTML-Section&RequestAppliesTo=Rule-Shortcut&RequestRuleName=pyCustomHelp Payload: "{\"RequestClass\":\"Rule-HTML-Section\",\"RequestAppliesTo\":\"Rule-Shortcut\",\"RequestRuleName\":\"pyCustomHelp\"}" => HTTP 200 (17256 bytes)
[PegaHttpClient] 📡 POST https://zdk8budo.pegaacademy.net/prweb/api/CodeIntelligence/v1/rules/query?pxObjClass=Rule-HTML-Section&appliesTo=Rule-Shortcut&pyRuleName=pzRuleformMainInclude&RequestClass=Rule-HTML-Section&RequestAppliesTo=Rule-Shortcut&RequestRuleName=pzRuleformMainInclude Payload: "{\"RequestClass\":\"Rule-HTML-Section\",\"RequestAppliesTo\":\"Rule-Shortcut\",\"RequestRuleName\":\"pzRuleformMainInclude\"}" => HTTP 200 (22375 bytes)
[PegaHttpClient] 📡 POST https://zdk8budo.pegaacademy.net/prweb/api/CodeIntelligence/v1/rules/query?pxObjClass=Rule-HTML-Section&appliesTo=Rule-Shortcut&pyRuleName=pyAlternativeRuleFormStrategicAppExtension&RequestClass=Rule-HTML-Section&RequestAppliesTo=Rule-Shortcut&RequestRuleName=pyAlternativeRuleFormStrategicAppExtension Payload: "{\"RequestClass\":\"Rule-HTML-Section\",\"RequestAppliesTo\":\"Rule-Shortcut\",\"RequestRuleName\":\"pyAlternativeRuleFormStrategicAppExtension\"}" => HTTP 200 (25042 bytes)
[PegaHttpClient] 📡 POST https://zdk8budo.pegaacademy.net/prweb/api/CodeIntelligence/v1/rules/query?pxObjClass=Rule-HTML-Section&appliesTo=Rule-Shortcut&pyRuleName=pyAlternativeRuleFormExtension&RequestClass=Rule-HTML-Section&RequestAppliesTo=Rule-Shortcut&RequestRuleName=pyAlternativeRuleFormExtension Payload: "{\"RequestClass\":\"Rule-HTML-Section\",\"RequestAppliesTo\":\"Rule-Shortcut\",\"RequestRuleName\":\"pyAlternativeRuleFormExtension\"}" => HTTP 200 (24863 bytes)
[PegaHttpClient] 📡 POST https://zdk8budo.pegaacademy.net/prweb/api/CodeIntelligence/v1/rules/query?pxObjClass=Rule-HTML-Section&appliesTo=Rule-Shortcut&pyRuleName=RuleFormHeader&RequestClass=Rule-HTML-Section&RequestAppliesTo=Rule-Shortcut&RequestRuleName=RuleFormHeader Payload: "{\"RequestClass\":\"Rule-HTML-Section\",\"RequestAppliesTo\":\"Rule-Shortcut\",\"RequestRuleName\":\"RuleFormHeader\"}" => HTTP 200 (183800 bytes)
[PegaHttpClient] 📡 POST https://zdk8budo.pegaacademy.net/prweb/api/CodeIntelligence/v1/rules/query?pxObjClass=Rule-HTML-Section&appliesTo=Rule-Shortcut&pyRuleName=pzDelegationExperience&RequestClass=Rule-HTML-Section&RequestAppliesTo=Rule-Shortcut&RequestRuleName=pzDelegationExperience Payload: "{\"RequestClass\":\"Rule-HTML-Section\",\"RequestAppliesTo\":\"Rule-Shortcut\",\"RequestRuleName\":\"pzDelegationExperience\"}" => HTTP 404 (113 bytes)
[PegaHttpClient] 📡 POST https://zdk8budo.pegaacademy.net/prweb/PRRestService/CodeIntelligence/v1/rules/query?pxObjClass=Rule-HTML-Section&appliesTo=Rule-Shortcut&pyRuleName=pzDelegationExperience&RequestClass=Rule-HTML-Section&RequestAppliesTo=Rule-Shortcut&RequestRuleName=pzDelegationExperience Payload: "{\"RequestClass\":\"Rule-HTML-Section\",\"RequestAppliesTo\":\"Rule-Shortcut\",\"RequestRuleName\":\"pzDelegationExperience\"}" => HTTP 404 (113 bytes)
[PegaHttpClient] 📡 POST https://zdk8budo.pegaacademy.net/prweb/api/HRAppsV2Service/V1/rules/query?pxObjClass=Rule-HTML-Section&appliesTo=Rule-Shortcut&pyRuleName=pzDelegationExperience&RequestClass=Rule-HTML-Section&RequestAppliesTo=Rule-Shortcut&RequestRuleName=pzDelegationExperience Payload: "{\"RequestClass\":\"Rule-HTML-Section\",\"RequestAppliesTo\":\"Rule-Shortcut\",\"RequestRuleName\":\"pzDelegationExperience\"}" => HTTP 404 (18 bytes)
[PegaHttpClient] 📡 POST https://zdk8budo.pegaacademy.net/prweb/PRRestService/HRAppsV2Service/V1/rules/query?pxObjClass=Rule-HTML-Section&appliesTo=Rule-Shortcut&pyRuleName=pzDelegationExperience&RequestClass=Rule-HTML-Section&RequestAppliesTo=Rule-Shortcut&RequestRuleName=pzDelegationExperience Payload: "{\"RequestClass\":\"Rule-HTML-Section\",\"RequestAppliesTo\":\"Rule-Shortcut\",\"RequestRuleName\":\"pzDelegationExperience\"}" => HTTP 404 (18 bytes)
[PegaHttpClient] 📡 POST https://zdk8budo.pegaacademy.net/prweb/api/HRAppsV2/V1/rules/query?pxObjClass=Rule-HTML-Section&appliesTo=Rule-Shortcut&pyRuleName=pzDelegationExperience&RequestClass=Rule-HTML-Section&RequestAppliesTo=Rule-Shortcut&RequestRuleName=pzDelegationExperience Payload: "{\"RequestClass\":\"Rule-HTML-Section\",\"RequestAppliesTo\":\"Rule-Shortcut\",\"RequestRuleName\":\"pzDelegationExperience\"}" => HTTP 404 (18 bytes)
[PegaHttpClient] 📡 POST https://zdk8budo.pegaacademy.net/prweb/PRRestService/HRAppsV2/V1/rules/query?pxObjClass=Rule-HTML-Section&appliesTo=Rule-Shortcut&pyRuleName=pzDelegationExperience&RequestClass=Rule-HTML-Section&RequestAppliesTo=Rule-Shortcut&RequestRuleName=pzDelegationExperience Payload: "{\"RequestClass\":\"Rule-HTML-Section\",\"RequestAppliesTo\":\"Rule-Shortcut\",\"RequestRuleName\":\"pzDelegationExperience\"}" => HTTP 404 (18 bytes)
[PegaHttpClient] 📡 POST https://zdk8budo.pegaacademy.net/prweb/api/v1/rules/query?pxObjClass=Rule-HTML-Section&appliesTo=Rule-Shortcut&pyRuleName=pzDelegationExperience&RequestClass=Rule-HTML-Section&RequestAppliesTo=Rule-Shortcut&RequestRuleName=pzDelegationExperience Payload: "{\"RequestClass\":\"Rule-HTML-Section\",\"RequestAppliesTo\":\"Rule-Shortcut\",\"RequestRuleName\":\"pzDelegationExperience\"}" => HTTP 404 (18 bytes)
[PegaHttpClient] 📡 POST https://zdk8budo.pegaacademy.net/prweb/PRRestService/v1/rules/query?pxObjClass=Rule-HTML-Section&appliesTo=Rule-Shortcut&pyRuleName=pzDelegationExperience&RequestClass=Rule-HTML-Section&RequestAppliesTo=Rule-Shortcut&RequestRuleName=pzDelegationExperience Payload: "{\"RequestClass\":\"Rule-HTML-Section\",\"RequestAppliesTo\":\"Rule-Shortcut\",\"RequestRuleName\":\"pzDelegationExperience\"}" => HTTP 404 (18 bytes)
[PegaHttpClient] 📡 POST https://zdk8budo.pegaacademy.net/prweb/api/CodeIntelligence/v1/rules/query?pxObjClass=Rule-HTML-Section&appliesTo=Rule-Shortcut&pyRuleName=pzShortcutTab&RequestClass=Rule-HTML-Section&RequestAppliesTo=Rule-Shortcut&RequestRuleName=pzShortcutTab Payload: "{\"RequestClass\":\"Rule-HTML-Section\",\"RequestAppliesTo\":\"Rule-Shortcut\",\"RequestRuleName\":\"pzShortcutTab\"}" => HTTP 200 (121431 bytes)
[PegaHttpClient] 📡 POST https://zdk8budo.pegaacademy.net/prweb/api/CodeIntelligence/v1/rules/query?pxObjClass=Rule-HTML-Section&appliesTo=Rule-Shortcut&pyRuleName=pzSpecifications&RequestClass=Rule-HTML-Section&RequestAppliesTo=Rule-Shortcut&RequestRuleName=pzSpecifications Payload: "{\"RequestClass\":\"Rule-HTML-Section\",\"RequestAppliesTo\":\"Rule-Shortcut\",\"RequestRuleName\":\"pzSpecifications\"}" => HTTP 200 (16577 bytes)
[PegaHttpClient] 📡 POST https://zdk8budo.pegaacademy.net/prweb/api/CodeIntelligence/v1/rules/query?pxObjClass=Rule-HTML-Section&appliesTo=Rule-Shortcut&pyRuleName=RuleFormHistory&RequestClass=Rule-HTML-Section&RequestAppliesTo=Rule-Shortcut&RequestRuleName=RuleFormHistory Payload: "{\"RequestClass\":\"Rule-HTML-Section\",\"RequestAppliesTo\":\"Rule-Shortcut\",\"RequestRuleName\":\"RuleFormHistory\"}" => HTTP 200 (76091 bytes)
[PegaHttpClient] 📡 POST https://zdk8budo.pegaacademy.net/prweb/api/CodeIntelligence/v1/rules/query?pxObjClass=Rule-HTML-Section&appliesTo=Rule-Shortcut&pyRuleName=pzCustomHelp&RequestClass=Rule-HTML-Section&RequestAppliesTo=Rule-Shortcut&RequestRuleName=pzCustomHelp Payload: "{\"RequestClass\":\"Rule-HTML-Section\",\"RequestAppliesTo\":\"Rule-Shortcut\",\"RequestRuleName\":\"pzCustomHelp\"}" => HTTP 200 (31573 bytes)
[PegaHttpClient] 📡 POST https://zdk8budo.pegaacademy.net/prweb/api/CodeIntelligence/v1/rules/query?pxObjClass=Rule-HTML-Section&appliesTo=Rule-Shortcut&pyRuleName=pzRuleFormKeysAndDescription&RequestClass=Rule-HTML-Section&RequestAppliesTo=Rule-Shortcut&RequestRuleName=pzRuleFormKeysAndDescription Payload: "{\"RequestClass\":\"Rule-HTML-Section\",\"RequestAppliesTo\":\"Rule-Shortcut\",\"RequestRuleName\":\"pzRuleFormKeysAndDescription\"}" => HTTP 200 (218057 bytes)
[PegaHttpClient] 📡 POST https://zdk8budo.pegaacademy.net/prweb/api/CodeIntelligence/v1/rules/query?pxObjClass=Rule-HTML-Section&appliesTo=Rule-Shortcut&pyRuleName=pzRuleFormRuleset&RequestClass=Rule-HTML-Section&RequestAppliesTo=Rule-Shortcut&RequestRuleName=pzRuleFormRuleset Payload: "{\"RequestClass\":\"Rule-HTML-Section\",\"RequestAppliesTo\":\"Rule-Shortcut\",\"RequestRuleName\":\"pzRuleFormRuleset\"}" => HTTP 200 (33985 bytes)
[PegaHttpClient] 📡 POST https://zdk8budo.pegaacademy.net/prweb/api/CodeIntelligence/v1/rules/query?pxObjClass=Rule-HTML-Section&appliesTo=Rule-Shortcut&pyRuleName=undefined&RequestClass=Rule-HTML-Section&RequestAppliesTo=Rule-Shortcut&RequestRuleName=undefined Payload: "{\"RequestClass\":\"Rule-HTML-Section\",\"RequestAppliesTo\":\"Rule-Shortcut\",\"RequestRuleName\":\"undefined\"}" => HTTP 404 (100 bytes)
[PegaHttpClient] 📡 POST https://zdk8budo.pegaacademy.net/prweb/PRRestService/CodeIntelligence/v1/rules/query?pxObjClass=Rule-HTML-Section&appliesTo=Rule-Shortcut&pyRuleName=undefined&RequestClass=Rule-HTML-Section&RequestAppliesTo=Rule-Shortcut&RequestRuleName=undefined Payload: "{\"RequestClass\":\"Rule-HTML-Section\",\"RequestAppliesTo\":\"Rule-Shortcut\",\"RequestRuleName\":\"undefined\"}" => HTTP 404 (100 bytes)
[PegaHttpClient] 📡 POST https://zdk8budo.pegaacademy.net/prweb/api/HRAppsV2Service/V1/rules/query?pxObjClass=Rule-HTML-Section&appliesTo=Rule-Shortcut&pyRuleName=undefined&RequestClass=Rule-HTML-Section&RequestAppliesTo=Rule-Shortcut&RequestRuleName=undefined Payload: "{\"RequestClass\":\"Rule-HTML-Section\",\"RequestAppliesTo\":\"Rule-Shortcut\",\"RequestRuleName\":\"undefined\"}" => HTTP 404 (18 bytes)
[PegaHttpClient] 📡 POST https://zdk8budo.pegaacademy.net/prweb/PRRestService/HRAppsV2Service/V1/rules/query?pxObjClass=Rule-HTML-Section&appliesTo=Rule-Shortcut&pyRuleName=undefined&RequestClass=Rule-HTML-Section&RequestAppliesTo=Rule-Shortcut&RequestRuleName=undefined Payload: "{\"RequestClass\":\"Rule-HTML-Section\",\"RequestAppliesTo\":\"Rule-Shortcut\",\"RequestRuleName\":\"undefined\"}" => HTTP 404 (18 bytes)
[PegaHttpClient] 📡 POST https://zdk8budo.pegaacademy.net/prweb/api/HRAppsV2/V1/rules/query?pxObjClass=Rule-HTML-Section&appliesTo=Rule-Shortcut&pyRuleName=undefined&RequestClass=Rule-HTML-Section&RequestAppliesTo=Rule-Shortcut&RequestRuleName=undefined Payload: "{\"RequestClass\":\"Rule-HTML-Section\",\"RequestAppliesTo\":\"Rule-Shortcut\",\"RequestRuleName\":\"undefined\"}" => HTTP 404 (18 bytes)
[PegaHttpClient] 📡 POST https://zdk8budo.pegaacademy.net/prweb/PRRestService/HRAppsV2/V1/rules/query?pxObjClass=Rule-HTML-Section&appliesTo=Rule-Shortcut&pyRuleName=undefined&RequestClass=Rule-HTML-Section&RequestAppliesTo=Rule-Shortcut&RequestRuleName=undefined Payload: "{\"RequestClass\":\"Rule-HTML-Section\",\"RequestAppliesTo\":\"Rule-Shortcut\",\"RequestRuleName\":\"undefined\"}" => HTTP 404 (18 bytes)
[PegaHttpClient] 📡 POST https://zdk8budo.pegaacademy.net/prweb/api/v1/rules/query?pxObjClass=Rule-HTML-Section&appliesTo=Rule-Shortcut&pyRuleName=undefined&RequestClass=Rule-HTML-Section&RequestAppliesTo=Rule-Shortcut&RequestRuleName=undefined Payload: "{\"RequestClass\":\"Rule-HTML-Section\",\"RequestAppliesTo\":\"Rule-Shortcut\",\"RequestRuleName\":\"undefined\"}" => HTTP 404 (18 bytes)
[PegaHttpClient] 📡 POST https://zdk8budo.pegaacademy.net/prweb/PRRestService/v1/rules/query?pxObjClass=Rule-HTML-Section&appliesTo=Rule-Shortcut&pyRuleName=undefined&RequestClass=Rule-HTML-Section&RequestAppliesTo=Rule-Shortcut&RequestRuleName=undefined Payload: "{\"RequestClass\":\"Rule-HTML-Section\",\"RequestAppliesTo\":\"Rule-Shortcut\",\"RequestRuleName\":\"undefined\"}" => HTTP 404 (18 bytes)
[PegaHttpClient] 📡 POST https://zdk8budo.pegaacademy.net/prweb/api/CodeIntelligence/v1/rules/query?pxObjClass=Rule-HTML-Section&appliesTo=Rule-Shortcut&pyRuleName=pzRuleFormToolbar&RequestClass=Rule-HTML-Section&RequestAppliesTo=Rule-Shortcut&RequestRuleName=pzRuleFormToolbar Payload: "{\"RequestClass\":\"Rule-HTML-Section\",\"RequestAppliesTo\":\"Rule-Shortcut\",\"RequestRuleName\":\"pzRuleFormToolbar\"}" => HTTP 200 (242691 bytes)
[PegaHttpClient] 📡 POST https://zdk8budo.pegaacademy.net/prweb/api/CodeIntelligence/v1/rules/query?pxObjClass=Rule-HTML-Section&appliesTo=Rule-Shortcut&pyRuleName=pzRuleFormToolbarCompare&RequestClass=Rule-HTML-Section&RequestAppliesTo=Rule-Shortcut&RequestRuleName=pzRuleFormToolbarCompare Payload: "{\"RequestClass\":\"Rule-HTML-Section\",\"RequestAppliesTo\":\"Rule-Shortcut\",\"RequestRuleName\":\"pzRuleFormToolbarCompare\"}" => HTTP 200 (61925 bytes)
[PegaHttpClient] 📡 POST https://zdk8budo.pegaacademy.net/prweb/api/CodeIntelligence/v1/rules/query?pxObjClass=Rule-HTML-Section&appliesTo=Rule-Shortcut&pyRuleName=RuleFormHeaderMessages&RequestClass=Rule-HTML-Section&RequestAppliesTo=Rule-Shortcut&RequestRuleName=RuleFormHeaderMessages Payload: "{\"RequestClass\":\"Rule-HTML-Section\",\"RequestAppliesTo\":\"Rule-Shortcut\",\"RequestRuleName\":\"RuleFormHeaderMessages\"}" => HTTP 200 (26518 bytes)
[PegaHttpClient] 📡 POST https://zdk8budo.pegaacademy.net/prweb/api/CodeIntelligence/v1/rules/query?pxObjClass=Rule-HTML-Section&appliesTo=Rule-Shortcut&pyRuleName=pzSpecificationsInner&RequestClass=Rule-HTML-Section&RequestAppliesTo=Rule-Shortcut&RequestRuleName=pzSpecificationsInner Payload: "{\"RequestClass\":\"Rule-HTML-Section\",\"RequestAppliesTo\":\"Rule-Shortcut\",\"RequestRuleName\":\"pzSpecificationsInner\"}" => HTTP 200 (142370 bytes)
[PegaHttpClient] 📡 POST https://zdk8budo.pegaacademy.net/prweb/api/CodeIntelligence/v1/rules/query?pxObjClass=Rule-HTML-Section&appliesTo=Rule-Shortcut&pyRuleName=pzAlternateRuleInfo&RequestClass=Rule-HTML-Section&RequestAppliesTo=Rule-Shortcut&RequestRuleName=pzAlternateRuleInfo Payload: "{\"RequestClass\":\"Rule-HTML-Section\",\"RequestAppliesTo\":\"Rule-Shortcut\",\"RequestRuleName\":\"pzAlternateRuleInfo\"}" => HTTP 200 (140407 bytes)
[PegaHttpClient] 📡 POST https://zdk8budo.pegaacademy.net/prweb/api/CodeIntelligence/v1/rules/query?pxObjClass=Rule-HTML-Section&appliesTo=Rule-Shortcut&pyRuleName=RuleFormHistory_Description&RequestClass=Rule-HTML-Section&RequestAppliesTo=Rule-Shortcut&RequestRuleName=RuleFormHistory_Description Payload: "{\"RequestClass\":\"Rule-HTML-Section\",\"RequestAppliesTo\":\"Rule-Shortcut\",\"RequestRuleName\":\"RuleFormHistory_Description\"}" => HTTP 200 (46242 bytes)
[PegaHttpClient] 📡 POST https://zdk8budo.pegaacademy.net/prweb/api/CodeIntelligence/v1/rules/query?pxObjClass=Rule-HTML-Section&appliesTo=Rule-Shortcut&pyRuleName=RuleFormHistory_CustomFields&RequestClass=Rule-HTML-Section&RequestAppliesTo=Rule-Shortcut&RequestRuleName=RuleFormHistory_CustomFields Payload: "{\"RequestClass\":\"Rule-HTML-Section\",\"RequestAppliesTo\":\"Rule-Shortcut\",\"RequestRuleName\":\"RuleFormHistory_CustomFields\"}" => HTTP 200 (75856 bytes)
[PegaHttpClient] 📡 POST https://zdk8budo.pegaacademy.net/prweb/api/CodeIntelligence/v1/rules/query?pxObjClass=Rule-HTML-Section&appliesTo=Rule-Shortcut&pyRuleName=RuleFormHistory_HistoryDetails&RequestClass=Rule-HTML-Section&RequestAppliesTo=Rule-Shortcut&RequestRuleName=RuleFormHistory_HistoryDetails Payload: "{\"RequestClass\":\"Rule-HTML-Section\",\"RequestAppliesTo\":\"Rule-Shortcut\",\"RequestRuleName\":\"RuleFormHistory_HistoryDetails\"}" => HTTP 200 (179535 bytes)
[PegaHttpClient] 📡 POST https://zdk8budo.pegaacademy.net/prweb/api/CodeIntelligence/v1/rules/query?pxObjClass=Rule-HTML-Section&appliesTo=Rule-Shortcut&pyRuleName=pzRuleFormStatus&RequestClass=Rule-HTML-Section&RequestAppliesTo=Rule-Shortcut&RequestRuleName=pzRuleFormStatus Payload: "{\"RequestClass\":\"Rule-HTML-Section\",\"RequestAppliesTo\":\"Rule-Shortcut\",\"RequestRuleName\":\"pzRuleFormStatus\"}" => HTTP 200 (97627 bytes)
[PegaHttpClient] 📡 POST https://zdk8budo.pegaacademy.net/prweb/api/CodeIntelligence/v1/rules/query?pxObjClass=Rule-HTML-Section&appliesTo=Rule-Shortcut&pyRuleName=pzRuleFormHeaderCompareWithDropDown&RequestClass=Rule-HTML-Section&RequestAppliesTo=Rule-Shortcut&RequestRuleName=pzRuleFormHeaderCompareWithDropDown Payload: "{\"RequestClass\":\"Rule-HTML-Section\",\"RequestAppliesTo\":\"Rule-Shortcut\",\"RequestRuleName\":\"pzRuleFormHeaderCompareWithDropDown\"}" => HTTP 200 (25396 bytes)
[PegaHttpClient] 📡 POST https://zdk8budo.pegaacademy.net/prweb/api/CodeIntelligence/v1/rules/query?pxObjClass=Rule-HTML-Section&appliesTo=Rule-Shortcut&pyRuleName=undefined&RequestClass=Rule-HTML-Section&RequestAppliesTo=Rule-Shortcut&RequestRuleName=undefined Payload: "{\"RequestClass\":\"Rule-HTML-Section\",\"RequestAppliesTo\":\"Rule-Shortcut\",\"RequestRuleName\":\"undefined\"}" => HTTP 404 (100 bytes)
[PegaHttpClient] 📡 POST https://zdk8budo.pegaacademy.net/prweb/PRRestService/CodeIntelligence/v1/rules/query?pxObjClass=Rule-HTML-Section&appliesTo=Rule-Shortcut&pyRuleName=undefined&RequestClass=Rule-HTML-Section&RequestAppliesTo=Rule-Shortcut&RequestRuleName=undefined Payload: "{\"RequestClass\":\"Rule-HTML-Section\",\"RequestAppliesTo\":\"Rule-Shortcut\",\"RequestRuleName\":\"undefined\"}" => HTTP 404 (100 bytes)
[PegaHttpClient] 📡 POST https://zdk8budo.pegaacademy.net/prweb/api/HRAppsV2Service/V1/rules/query?pxObjClass=Rule-HTML-Section&appliesTo=Rule-Shortcut&pyRuleName=undefined&RequestClass=Rule-HTML-Section&RequestAppliesTo=Rule-Shortcut&RequestRuleName=undefined Payload: "{\"RequestClass\":\"Rule-HTML-Section\",\"RequestAppliesTo\":\"Rule-Shortcut\",\"RequestRuleName\":\"undefined\"}" => HTTP 404 (18 bytes)
[PegaHttpClient] 📡 POST https://zdk8budo.pegaacademy.net/prweb/PRRestService/HRAppsV2Service/V1/rules/query?pxObjClass=Rule-HTML-Section&appliesTo=Rule-Shortcut&pyRuleName=undefined&RequestClass=Rule-HTML-Section&RequestAppliesTo=Rule-Shortcut&RequestRuleName=undefined Payload: "{\"RequestClass\":\"Rule-HTML-Section\",\"RequestAppliesTo\":\"Rule-Shortcut\",\"RequestRuleName\":\"undefined\"}" => HTTP 404 (18 bytes)
[PegaHttpClient] 📡 POST https://zdk8budo.pegaacademy.net/prweb/api/HRAppsV2/V1/rules/query?pxObjClass=Rule-HTML-Section&appliesTo=Rule-Shortcut&pyRuleName=undefined&RequestClass=Rule-HTML-Section&RequestAppliesTo=Rule-Shortcut&RequestRuleName=undefined Payload: "{\"RequestClass\":\"Rule-HTML-Section\",\"RequestAppliesTo\":\"Rule-Shortcut\",\"RequestRuleName\":\"undefined\"}" => HTTP 404 (18 bytes)
[PegaHttpClient] 📡 POST https://zdk8budo.pegaacademy.net/prweb/PRRestService/HRAppsV2/V1/rules/query?pxObjClass=Rule-HTML-Section&appliesTo=Rule-Shortcut&pyRuleName=undefined&RequestClass=Rule-HTML-Section&RequestAppliesTo=Rule-Shortcut&RequestRuleName=undefined Payload: "{\"RequestClass\":\"Rule-HTML-Section\",\"RequestAppliesTo\":\"Rule-Shortcut\",\"RequestRuleName\":\"undefined\"}" => HTTP 404 (18 bytes)
[PegaHttpClient] 📡 POST https://zdk8budo.pegaacademy.net/prweb/api/v1/rules/query?pxObjClass=Rule-HTML-Section&appliesTo=Rule-Shortcut&pyRuleName=undefined&RequestClass=Rule-HTML-Section&RequestAppliesTo=Rule-Shortcut&RequestRuleName=undefined Payload: "{\"RequestClass\":\"Rule-HTML-Section\",\"RequestAppliesTo\":\"Rule-Shortcut\",\"RequestRuleName\":\"undefined\"}" => HTTP 404 (18 bytes)
[PegaHttpClient] 📡 POST https://zdk8budo.pegaacademy.net/prweb/PRRestService/v1/rules/query?pxObjClass=Rule-HTML-Section&appliesTo=Rule-Shortcut&pyRuleName=undefined&RequestClass=Rule-HTML-Section&RequestAppliesTo=Rule-Shortcut&RequestRuleName=undefined Payload: "{\"RequestClass\":\"Rule-HTML-Section\",\"RequestAppliesTo\":\"Rule-Shortcut\",\"RequestRuleName\":\"undefined\"}" => HTTP 404 (18 bytes)
[PegaHttpClient] 📡 POST https://zdk8budo.pegaacademy.net/prweb/api/CodeIntelligence/v1/rules/query?pxObjClass=Rule-HTML-Section&appliesTo=Rule-Shortcut&pyRuleName=pzRuleFormToolbarHotKeys&RequestClass=Rule-HTML-Section&RequestAppliesTo=Rule-Shortcut&RequestRuleName=pzRuleFormToolbarHotKeys Payload: "{\"RequestClass\":\"Rule-HTML-Section\",\"RequestAppliesTo\":\"Rule-Shortcut\",\"RequestRuleName\":\"pzRuleFormToolbarHotKeys\"}" => HTTP 200 (85058 bytes)
[PegaHttpClient] 📡 POST https://zdk8budo.pegaacademy.net/prweb/api/CodeIntelligence/v1/rules/query?pxObjClass=Rule-HTML-Section&appliesTo=Rule-Shortcut&pyRuleName=pzRuleFormToolbarLockedIcon&RequestClass=Rule-HTML-Section&RequestAppliesTo=Rule-Shortcut&RequestRuleName=pzRuleFormToolbarLockedIcon Payload: "{\"RequestClass\":\"Rule-HTML-Section\",\"RequestAppliesTo\":\"Rule-Shortcut\",\"RequestRuleName\":\"pzRuleFormToolbarLockedIcon\"}" => HTTP 200 (24898 bytes)
[PegaHttpClient] 📡 POST https://zdk8budo.pegaacademy.net/prweb/api/CodeIntelligence/v1/rules/query?pxObjClass=Rule-HTML-Section&appliesTo=Rule-Shortcut&pyRuleName=pzRuleFormToolbarCollaborators&RequestClass=Rule-HTML-Section&RequestAppliesTo=Rule-Shortcut&RequestRuleName=pzRuleFormToolbarCollaborators Payload: "{\"RequestClass\":\"Rule-HTML-Section\",\"RequestAppliesTo\":\"Rule-Shortcut\",\"RequestRuleName\":\"pzRuleFormToolbarCollaborators\"}" => HTTP 200 (15254 bytes)
[PegaHttpClient] 📡 POST https://zdk8budo.pegaacademy.net/prweb/api/CodeIntelligence/v1/rules/query?pxObjClass=Rule-HTML-Section&appliesTo=Rule-Shortcut&pyRuleName=pzRuleFormToolbarSaveAs&RequestClass=Rule-HTML-Section&RequestAppliesTo=Rule-Shortcut&RequestRuleName=pzRuleFormToolbarSaveAs Payload: "{\"RequestClass\":\"Rule-HTML-Section\",\"RequestAppliesTo\":\"Rule-Shortcut\",\"RequestRuleName\":\"pzRuleFormToolbarSaveAs\"}" => HTTP 200 (64084 bytes)
[PegaHttpClient] 📡 POST https://zdk8budo.pegaacademy.net/prweb/api/CodeIntelligence/v1/rules/query?pxObjClass=Rule-HTML-Section&appliesTo=Rule-Shortcut&pyRuleName=pzRuleFormToolbarCheckin&RequestClass=Rule-HTML-Section&RequestAppliesTo=Rule-Shortcut&RequestRuleName=pzRuleFormToolbarCheckin Payload: "{\"RequestClass\":\"Rule-HTML-Section\",\"RequestAppliesTo\":\"Rule-Shortcut\",\"RequestRuleName\":\"pzRuleFormToolbarCheckin\"}" => HTTP 200 (119096 bytes)
[PegaHttpClient] 📡 POST https://zdk8budo.pegaacademy.net/prweb/api/CodeIntelligence/v1/rules/query?pxObjClass=Rule-HTML-Section&appliesTo=Rule-Shortcut&pyRuleName=pzRuleFormToolbarDelete&RequestClass=Rule-HTML-Section&RequestAppliesTo=Rule-Shortcut&RequestRuleName=pzRuleFormToolbarDelete Payload: "{\"RequestClass\":\"Rule-HTML-Section\",\"RequestAppliesTo\":\"Rule-Shortcut\",\"RequestRuleName\":\"pzRuleFormToolbarDelete\"}" => HTTP 200 (30249 bytes)
[PegaHttpClient] 📡 POST https://zdk8budo.pegaacademy.net/prweb/api/CodeIntelligence/v1/rules/query?pxObjClass=Rule-HTML-Section&appliesTo=Rule-Shortcut&pyRuleName=pzRuleFormToolbarSave&RequestClass=Rule-HTML-Section&RequestAppliesTo=Rule-Shortcut&RequestRuleName=pzRuleFormToolbarSave Payload: "{\"RequestClass\":\"Rule-HTML-Section\",\"RequestAppliesTo\":\"Rule-Shortcut\",\"RequestRuleName\":\"pzRuleFormToolbarSave\"}" => HTTP 200 (293885 bytes)
[PegaHttpClient] 📡 POST https://zdk8budo.pegaacademy.net/prweb/api/CodeIntelligence/v1/rules/query?pxObjClass=Rule-HTML-Section&appliesTo=Rule-Shortcut&pyRuleName=pzRuleFormToolbarCheckout&RequestClass=Rule-HTML-Section&RequestAppliesTo=Rule-Shortcut&RequestRuleName=pzRuleFormToolbarCheckout Payload: "{\"RequestClass\":\"Rule-HTML-Section\",\"RequestAppliesTo\":\"Rule-Shortcut\",\"RequestRuleName\":\"pzRuleFormToolbarCheckout\"}" => HTTP 200 (238148 bytes)
[PegaHttpClient] 📡 POST https://zdk8budo.pegaacademy.net/prweb/api/CodeIntelligence/v1/rules/query?pxObjClass=Rule-HTML-Section&appliesTo=Rule-Shortcut&pyRuleName=pzRemoveErrorsDataPage&RequestClass=Rule-HTML-Section&RequestAppliesTo=Rule-Shortcut&RequestRuleName=pzRemoveErrorsDataPage Payload: "{\"RequestClass\":\"Rule-HTML-Section\",\"RequestAppliesTo\":\"Rule-Shortcut\",\"RequestRuleName\":\"pzRemoveErrorsDataPage\"}" => HTTP 200 (16733 bytes)
[PegaHttpClient] 📡 POST https://zdk8budo.pegaacademy.net/prweb/api/CodeIntelligence/v1/rules/query?pxObjClass=Rule-HTML-Section&appliesTo=Rule-Shortcut&pyRuleName=pzRuleFormHeaderMessagesWrapper&RequestClass=Rule-HTML-Section&RequestAppliesTo=Rule-Shortcut&RequestRuleName=pzRuleFormHeaderMessagesWrapper Payload: "{\"RequestClass\":\"Rule-HTML-Section\",\"RequestAppliesTo\":\"Rule-Shortcut\",\"RequestRuleName\":\"pzRuleFormHeaderMessagesWrapper\"}" => HTTP 200 (16981 bytes)
[PegaHttpClient] 📡 POST https://zdk8budo.pegaacademy.net/prweb/api/CodeIntelligence/v1/rules/query?pxObjClass=Rule-HTML-Section&appliesTo=Rule-Shortcut&pyRuleName=pzSpecificationName&RequestClass=Rule-HTML-Section&RequestAppliesTo=Rule-Shortcut&RequestRuleName=pzSpecificationName Payload: "{\"RequestClass\":\"Rule-HTML-Section\",\"RequestAppliesTo\":\"Rule-Shortcut\",\"RequestRuleName\":\"pzSpecificationName\"}" => HTTP 404 (110 bytes)
[PegaHttpClient] 📡 POST https://zdk8budo.pegaacademy.net/prweb/PRRestService/CodeIntelligence/v1/rules/query?pxObjClass=Rule-HTML-Section&appliesTo=Rule-Shortcut&pyRuleName=pzSpecificationName&RequestClass=Rule-HTML-Section&RequestAppliesTo=Rule-Shortcut&RequestRuleName=pzSpecificationName Payload: "{\"RequestClass\":\"Rule-HTML-Section\",\"RequestAppliesTo\":\"Rule-Shortcut\",\"RequestRuleName\":\"pzSpecificationName\"}" => HTTP 404 (110 bytes)
[PegaHttpClient] 📡 POST https://zdk8budo.pegaacademy.net/prweb/api/HRAppsV2Service/V1/rules/query?pxObjClass=Rule-HTML-Section&appliesTo=Rule-Shortcut&pyRuleName=pzSpecificationName&RequestClass=Rule-HTML-Section&RequestAppliesTo=Rule-Shortcut&RequestRuleName=pzSpecificationName Payload: "{\"RequestClass\":\"Rule-HTML-Section\",\"RequestAppliesTo\":\"Rule-Shortcut\",\"RequestRuleName\":\"pzSpecificationName\"}" => HTTP 404 (18 bytes)
[PegaHttpClient] 📡 POST https://zdk8budo.pegaacademy.net/prweb/PRRestService/HRAppsV2Service/V1/rules/query?pxObjClass=Rule-HTML-Section&appliesTo=Rule-Shortcut&pyRuleName=pzSpecificationName&RequestClass=Rule-HTML-Section&RequestAppliesTo=Rule-Shortcut&RequestRuleName=pzSpecificationName Payload: "{\"RequestClass\":\"Rule-HTML-Section\",\"RequestAppliesTo\":\"Rule-Shortcut\",\"RequestRuleName\":\"pzSpecificationName\"}" => HTTP 404 (18 bytes)
[PegaHttpClient] 📡 POST https://zdk8budo.pegaacademy.net/prweb/api/HRAppsV2/V1/rules/query?pxObjClass=Rule-HTML-Section&appliesTo=Rule-Shortcut&pyRuleName=pzSpecificationName&RequestClass=Rule-HTML-Section&RequestAppliesTo=Rule-Shortcut&RequestRuleName=pzSpecificationName Payload: "{\"RequestClass\":\"Rule-HTML-Section\",\"RequestAppliesTo\":\"Rule-Shortcut\",\"RequestRuleName\":\"pzSpecificationName\"}" => HTTP 404 (18 bytes)
[PegaHttpClient] 📡 POST https://zdk8budo.pegaacademy.net/prweb/PRRestService/HRAppsV2/V1/rules/query?pxObjClass=Rule-HTML-Section&appliesTo=Rule-Shortcut&pyRuleName=pzSpecificationName&RequestClass=Rule-HTML-Section&RequestAppliesTo=Rule-Shortcut&RequestRuleName=pzSpecificationName Payload: "{\"RequestClass\":\"Rule-HTML-Section\",\"RequestAppliesTo\":\"Rule-Shortcut\",\"RequestRuleName\":\"pzSpecificationName\"}" => HTTP 404 (18 bytes)
[PegaHttpClient] 📡 POST https://zdk8budo.pegaacademy.net/prweb/api/v1/rules/query?pxObjClass=Rule-HTML-Section&appliesTo=Rule-Shortcut&pyRuleName=pzSpecificationName&RequestClass=Rule-HTML-Section&RequestAppliesTo=Rule-Shortcut&RequestRuleName=pzSpecificationName Payload: "{\"RequestClass\":\"Rule-HTML-Section\",\"RequestAppliesTo\":\"Rule-Shortcut\",\"RequestRuleName\":\"pzSpecificationName\"}" => HTTP 404 (18 bytes)
[PegaHttpClient] 📡 POST https://zdk8budo.pegaacademy.net/prweb/PRRestService/v1/rules/query?pxObjClass=Rule-HTML-Section&appliesTo=Rule-Shortcut&pyRuleName=pzSpecificationName&RequestClass=Rule-HTML-Section&RequestAppliesTo=Rule-Shortcut&RequestRuleName=pzSpecificationName Payload: "{\"RequestClass\":\"Rule-HTML-Section\",\"RequestAppliesTo\":\"Rule-Shortcut\",\"RequestRuleName\":\"pzSpecificationName\"}" => HTTP 404 (18 bytes)
[PegaHttpClient] 📡 POST https://zdk8budo.pegaacademy.net/prweb/api/CodeIntelligence/v1/rules/query?pxObjClass=Rule-HTML-Section&appliesTo=Rule-Shortcut&pyRuleName=pzScm_RuleHistory&RequestClass=Rule-HTML-Section&RequestAppliesTo=Rule-Shortcut&RequestRuleName=pzScm_RuleHistory Payload: "{\"RequestClass\":\"Rule-HTML-Section\",\"RequestAppliesTo\":\"Rule-Shortcut\",\"RequestRuleName\":\"pzScm_RuleHistory\"}" => HTTP 200 (14682 bytes)
[PegaHttpClient] 📡 POST https://zdk8budo.pegaacademy.net/prweb/api/CodeIntelligence/v1/rules/query?pxObjClass=Rule-HTML-Section&appliesTo=Rule-Shortcut&pyRuleName=pxDisplayCollaborators&RequestClass=Rule-HTML-Section&RequestAppliesTo=Rule-Shortcut&RequestRuleName=pxDisplayCollaborators Payload: "{\"RequestClass\":\"Rule-HTML-Section\",\"RequestAppliesTo\":\"Rule-Shortcut\",\"RequestRuleName\":\"pxDisplayCollaborators\"}" => HTTP 200 (94171 bytes)
[PegaHttpClient] 📡 POST https://zdk8budo.pegaacademy.net/prweb/api/CodeIntelligence/v1/rules/query?pxObjClass=Rule-HTML-Section&appliesTo=Rule-Shortcut&pyRuleName=pzRuleFormToolbarDeleteCheckOut&RequestClass=Rule-HTML-Section&RequestAppliesTo=Rule-Shortcut&RequestRuleName=pzRuleFormToolbarDeleteCheckOut Payload: "{\"RequestClass\":\"Rule-HTML-Section\",\"RequestAppliesTo\":\"Rule-Shortcut\",\"RequestRuleName\":\"pzRuleFormToolbarDeleteCheckOut\"}" => HTTP 200 (29433 bytes)
[PegaHttpClient] 📡 POST https://zdk8budo.pegaacademy.net/prweb/api/CodeIntelligence/v1/rules/query?pxObjClass=Rule-HTML-Section&appliesTo=Rule-Shortcut&pyRuleName=pzRuleFormToolbarDeleteRule&RequestClass=Rule-HTML-Section&RequestAppliesTo=Rule-Shortcut&RequestRuleName=pzRuleFormToolbarDeleteRule Payload: "{\"RequestClass\":\"Rule-HTML-Section\",\"RequestAppliesTo\":\"Rule-Shortcut\",\"RequestRuleName\":\"pzRuleFormToolbarDeleteRule\"}" => HTTP 200 (32314 bytes)
[PegaHttpClient] 📡 POST https://zdk8budo.pegaacademy.net/prweb/api/CodeIntelligence/v1/rules/query?pxObjClass=Rule-HTML-Section&appliesTo=Rule-Shortcut&pyRuleName=pzLoadCollaborationScripts&RequestClass=Rule-HTML-Section&RequestAppliesTo=Rule-Shortcut&RequestRuleName=pzLoadCollaborationScripts Payload: "{\"RequestClass\":\"Rule-HTML-Section\",\"RequestAppliesTo\":\"Rule-Shortcut\",\"RequestRuleName\":\"pzLoadCollaborationScripts\"}" => HTTP 200 (23453 bytes)
[PegaHttpClient] 📡 POST https://zdk8budo.pegaacademy.net/prweb/api/CodeIntelligence/v1/rules/query?pxObjClass=Rule-HTML-Section&appliesTo=Rule-Shortcut&pyRuleName=pzDisplayCollaboratorsList&RequestClass=Rule-HTML-Section&RequestAppliesTo=Rule-Shortcut&RequestRuleName=pzDisplayCollaboratorsList Payload: "{\"RequestClass\":\"Rule-HTML-Section\",\"RequestAppliesTo\":\"Rule-Shortcut\",\"RequestRuleName\":\"pzDisplayCollaboratorsList\"}" => HTTP 200 (105418 bytes)
[PegaHttpClient] 📡 POST https://zdk8budo.pegaacademy.net/prweb/api/CodeIntelligence/v1/rules/query?pxObjClass=Rule-HTML-Section&appliesTo=Rule-Shortcut&pyRuleName=pyCollaborator&RequestClass=Rule-HTML-Section&RequestAppliesTo=Rule-Shortcut&RequestRuleName=pyCollaborator Payload: "{\"RequestClass\":\"Rule-HTML-Section\",\"RequestAppliesTo\":\"Rule-Shortcut\",\"RequestRuleName\":\"pyCollaborator\"}" => HTTP 404 (105 bytes)
[PegaHttpClient] 📡 POST https://zdk8budo.pegaacademy.net/prweb/PRRestService/CodeIntelligence/v1/rules/query?pxObjClass=Rule-HTML-Section&appliesTo=Rule-Shortcut&pyRuleName=pyCollaborator&RequestClass=Rule-HTML-Section&RequestAppliesTo=Rule-Shortcut&RequestRuleName=pyCollaborator Payload: "{\"RequestClass\":\"Rule-HTML-Section\",\"RequestAppliesTo\":\"Rule-Shortcut\",\"RequestRuleName\":\"pyCollaborator\"}" => HTTP 404 (105 bytes)
[PegaHttpClient] 📡 POST https://zdk8budo.pegaacademy.net/prweb/api/HRAppsV2Service/V1/rules/query?pxObjClass=Rule-HTML-Section&appliesTo=Rule-Shortcut&pyRuleName=pyCollaborator&RequestClass=Rule-HTML-Section&RequestAppliesTo=Rule-Shortcut&RequestRuleName=pyCollaborator Payload: "{\"RequestClass\":\"Rule-HTML-Section\",\"RequestAppliesTo\":\"Rule-Shortcut\",\"RequestRuleName\":\"pyCollaborator\"}" => HTTP 404 (18 bytes)
[PegaHttpClient] 📡 POST https://zdk8budo.pegaacademy.net/prweb/PRRestService/HRAppsV2Service/V1/rules/query?pxObjClass=Rule-HTML-Section&appliesTo=Rule-Shortcut&pyRuleName=pyCollaborator&RequestClass=Rule-HTML-Section&RequestAppliesTo=Rule-Shortcut&RequestRuleName=pyCollaborator Payload: "{\"RequestClass\":\"Rule-HTML-Section\",\"RequestAppliesTo\":\"Rule-Shortcut\",\"RequestRuleName\":\"pyCollaborator\"}" => HTTP 404 (18 bytes)
[PegaHttpClient] 📡 POST https://zdk8budo.pegaacademy.net/prweb/api/HRAppsV2/V1/rules/query?pxObjClass=Rule-HTML-Section&appliesTo=Rule-Shortcut&pyRuleName=pyCollaborator&RequestClass=Rule-HTML-Section&RequestAppliesTo=Rule-Shortcut&RequestRuleName=pyCollaborator Payload: "{\"RequestClass\":\"Rule-HTML-Section\",\"RequestAppliesTo\":\"Rule-Shortcut\",\"RequestRuleName\":\"pyCollaborator\"}" => HTTP 404 (18 bytes)
[PegaHttpClient] 📡 POST https://zdk8budo.pegaacademy.net/prweb/PRRestService/HRAppsV2/V1/rules/query?pxObjClass=Rule-HTML-Section&appliesTo=Rule-Shortcut&pyRuleName=pyCollaborator&RequestClass=Rule-HTML-Section&RequestAppliesTo=Rule-Shortcut&RequestRuleName=pyCollaborator Payload: "{\"RequestClass\":\"Rule-HTML-Section\",\"RequestAppliesTo\":\"Rule-Shortcut\",\"RequestRuleName\":\"pyCollaborator\"}" => HTTP 404 (18 bytes)
[PegaHttpClient] 📡 POST https://zdk8budo.pegaacademy.net/prweb/api/v1/rules/query?pxObjClass=Rule-HTML-Section&appliesTo=Rule-Shortcut&pyRuleName=pyCollaborator&RequestClass=Rule-HTML-Section&RequestAppliesTo=Rule-Shortcut&RequestRuleName=pyCollaborator Payload: "{\"RequestClass\":\"Rule-HTML-Section\",\"RequestAppliesTo\":\"Rule-Shortcut\",\"RequestRuleName\":\"pyCollaborator\"}" => HTTP 404 (18 bytes)
[PegaHttpClient] 📡 POST https://zdk8budo.pegaacademy.net/prweb/PRRestService/v1/rules/query?pxObjClass=Rule-HTML-Section&appliesTo=Rule-Shortcut&pyRuleName=pyCollaborator&RequestClass=Rule-HTML-Section&RequestAppliesTo=Rule-Shortcut&RequestRuleName=pyCollaborator Payload: "{\"RequestClass\":\"Rule-HTML-Section\",\"RequestAppliesTo\":\"Rule-Shortcut\",\"RequestRuleName\":\"pyCollaborator\"}" => HTTP 404 (18 bytes)
[PegaHttpClient] 📡 POST https://zdk8budo.pegaacademy.net/prweb/api/CodeIntelligence/v1/rules/query?pxObjClass=Rule-HTML-Section&appliesTo=Rule-Shortcut&pyRuleName=pzDisplayPartialCount&RequestClass=Rule-HTML-Section&RequestAppliesTo=Rule-Shortcut&RequestRuleName=pzDisplayPartialCount Payload: "{\"RequestClass\":\"Rule-HTML-Section\",\"RequestAppliesTo\":\"Rule-Shortcut\",\"RequestRuleName\":\"pzDisplayPartialCount\"}" => HTTP 404 (112 bytes)
[PegaHttpClient] 📡 POST https://zdk8budo.pegaacademy.net/prweb/PRRestService/CodeIntelligence/v1/rules/query?pxObjClass=Rule-HTML-Section&appliesTo=Rule-Shortcut&pyRuleName=pzDisplayPartialCount&RequestClass=Rule-HTML-Section&RequestAppliesTo=Rule-Shortcut&RequestRuleName=pzDisplayPartialCount Payload: "{\"RequestClass\":\"Rule-HTML-Section\",\"RequestAppliesTo\":\"Rule-Shortcut\",\"RequestRuleName\":\"pzDisplayPartialCount\"}" => HTTP 404 (112 bytes)
[PegaHttpClient] 📡 POST https://zdk8budo.pegaacademy.net/prweb/api/HRAppsV2Service/V1/rules/query?pxObjClass=Rule-HTML-Section&appliesTo=Rule-Shortcut&pyRuleName=pzDisplayPartialCount&RequestClass=Rule-HTML-Section&RequestAppliesTo=Rule-Shortcut&RequestRuleName=pzDisplayPartialCount Payload: "{\"RequestClass\":\"Rule-HTML-Section\",\"RequestAppliesTo\":\"Rule-Shortcut\",\"RequestRuleName\":\"pzDisplayPartialCount\"}" => HTTP 404 (18 bytes)
[PegaHttpClient] 📡 POST https://zdk8budo.pegaacademy.net/prweb/PRRestService/HRAppsV2Service/V1/rules/query?pxObjClass=Rule-HTML-Section&appliesTo=Rule-Shortcut&pyRuleName=pzDisplayPartialCount&RequestClass=Rule-HTML-Section&RequestAppliesTo=Rule-Shortcut&RequestRuleName=pzDisplayPartialCount Payload: "{\"RequestClass\":\"Rule-HTML-Section\",\"RequestAppliesTo\":\"Rule-Shortcut\",\"RequestRuleName\":\"pzDisplayPartialCount\"}" => HTTP 404 (18 bytes)
[PegaHttpClient] 📡 POST https://zdk8budo.pegaacademy.net/prweb/api/HRAppsV2/V1/rules/query?pxObjClass=Rule-HTML-Section&appliesTo=Rule-Shortcut&pyRuleName=pzDisplayPartialCount&RequestClass=Rule-HTML-Section&RequestAppliesTo=Rule-Shortcut&RequestRuleName=pzDisplayPartialCount Payload: "{\"RequestClass\":\"Rule-HTML-Section\",\"RequestAppliesTo\":\"Rule-Shortcut\",\"RequestRuleName\":\"pzDisplayPartialCount\"}" => HTTP 404 (18 bytes)
[PegaHttpClient] 📡 POST https://zdk8budo.pegaacademy.net/prweb/PRRestService/HRAppsV2/V1/rules/query?pxObjClass=Rule-HTML-Section&appliesTo=Rule-Shortcut&pyRuleName=pzDisplayPartialCount&RequestClass=Rule-HTML-Section&RequestAppliesTo=Rule-Shortcut&RequestRuleName=pzDisplayPartialCount Payload: "{\"RequestClass\":\"Rule-HTML-Section\",\"RequestAppliesTo\":\"Rule-Shortcut\",\"RequestRuleName\":\"pzDisplayPartialCount\"}" => HTTP 404 (18 bytes)
[PegaHttpClient] 📡 POST https://zdk8budo.pegaacademy.net/prweb/api/v1/rules/query?pxObjClass=Rule-HTML-Section&appliesTo=Rule-Shortcut&pyRuleName=pzDisplayPartialCount&RequestClass=Rule-HTML-Section&RequestAppliesTo=Rule-Shortcut&RequestRuleName=pzDisplayPartialCount Payload: "{\"RequestClass\":\"Rule-HTML-Section\",\"RequestAppliesTo\":\"Rule-Shortcut\",\"RequestRuleName\":\"pzDisplayPartialCount\"}" => HTTP 404 (18 bytes)
[PegaHttpClient] 📡 POST https://zdk8budo.pegaacademy.net/prweb/PRRestService/v1/rules/query?pxObjClass=Rule-HTML-Section&appliesTo=Rule-Shortcut&pyRuleName=pzDisplayPartialCount&RequestClass=Rule-HTML-Section&RequestAppliesTo=Rule-Shortcut&RequestRuleName=pzDisplayPartialCount Payload: "{\"RequestClass\":\"Rule-HTML-Section\",\"RequestAppliesTo\":\"Rule-Shortcut\",\"RequestRuleName\":\"pzDisplayPartialCount\"}" => HTTP 404 (18 bytes)
[SchemaGen] ✅ Schema written for Rule-Shortcut
[PegaHttpClient] 📡 GET https://zdk8budo.pegaacademy.net/prweb/api/CodeIntelligence/v1/rules/RULE-HTML-HARNESS%20RULE-OBJ-LISTVIEW%20RULEFORM%20%2320180713T134102.244%20GMT => HTTP 200 (60539 bytes)
[PegaHttpClient] 📡 POST https://zdk8budo.pegaacademy.net/prweb/api/CodeIntelligence/v1/rules/query?pxObjClass=Rule-HTML-Section&appliesTo=Rule-Obj-ListView&pyRuleName=RuleFormMain&RequestClass=Rule-HTML-Section&RequestAppliesTo=Rule-Obj-ListView&RequestRuleName=RuleFormMain Payload: "{\"RequestClass\":\"Rule-HTML-Section\",\"RequestAppliesTo\":\"Rule-Obj-ListView\",\"RequestRuleName\":\"RuleFormMain\"}" => HTTP 200 (156234 bytes)
[PegaHttpClient] 📡 POST https://zdk8budo.pegaacademy.net/prweb/api/CodeIntelligence/v1/rules/query?pxObjClass=Rule-HTML-Section&appliesTo=Rule-Obj-ListView&pyRuleName=pxAlternateRuleForm&RequestClass=Rule-HTML-Section&RequestAppliesTo=Rule-Obj-ListView&RequestRuleName=pxAlternateRuleForm Payload: "{\"RequestClass\":\"Rule-HTML-Section\",\"RequestAppliesTo\":\"Rule-Obj-ListView\",\"RequestRuleName\":\"pxAlternateRuleForm\"}" => HTTP 200 (66153 bytes)
[PegaHttpClient] 📡 POST https://zdk8budo.pegaacademy.net/prweb/api/CodeIntelligence/v1/rules/query?pxObjClass=Rule-HTML-Section&appliesTo=Rule-Obj-ListView&pyRuleName=pzRuleFormScripts&RequestClass=Rule-HTML-Section&RequestAppliesTo=Rule-Obj-ListView&RequestRuleName=pzRuleFormScripts Payload: "{\"RequestClass\":\"Rule-HTML-Section\",\"RequestAppliesTo\":\"Rule-Obj-ListView\",\"RequestRuleName\":\"pzRuleFormScripts\"}" => HTTP 200 (40822 bytes)
[PegaHttpClient] 📡 POST https://zdk8budo.pegaacademy.net/prweb/api/CodeIntelligence/v1/rules/query?pxObjClass=Rule-HTML-Section&appliesTo=Rule-Obj-ListView&pyRuleName=pzRuleFormLayoutDelegated&RequestClass=Rule-HTML-Section&RequestAppliesTo=Rule-Obj-ListView&RequestRuleName=pzRuleFormLayoutDelegated Payload: "{\"RequestClass\":\"Rule-HTML-Section\",\"RequestAppliesTo\":\"Rule-Obj-ListView\",\"RequestRuleName\":\"pzRuleFormLayoutDelegated\"}" => HTTP 200 (70998 bytes)
[PegaHttpClient] 📡 POST https://zdk8budo.pegaacademy.net/prweb/api/CodeIntelligence/v1/rules/query?pxObjClass=Rule-HTML-Section&appliesTo=Rule-Obj-ListView&pyRuleName=RuleFormLayout&RequestClass=Rule-HTML-Section&RequestAppliesTo=Rule-Obj-ListView&RequestRuleName=RuleFormLayout Payload: "{\"RequestClass\":\"Rule-HTML-Section\",\"RequestAppliesTo\":\"Rule-Obj-ListView\",\"RequestRuleName\":\"RuleFormLayout\"}" => HTTP 200 (121773 bytes)
[PegaHttpClient] 📡 POST https://zdk8budo.pegaacademy.net/prweb/api/CodeIntelligence/v1/rules/query?pxObjClass=Rule-HTML-Section&appliesTo=Rule-Obj-ListView&pyRuleName=RuleFormSettings&RequestClass=Rule-HTML-Section&RequestAppliesTo=Rule-Obj-ListView&RequestRuleName=RuleFormSettings Payload: "{\"RequestClass\":\"Rule-HTML-Section\",\"RequestAppliesTo\":\"Rule-Obj-ListView\",\"RequestRuleName\":\"RuleFormSettings\"}" => HTTP 200 (20540 bytes)
[PegaHttpClient] 📡 POST https://zdk8budo.pegaacademy.net/prweb/api/CodeIntelligence/v1/rules/query?pxObjClass=Rule-HTML-Section&appliesTo=Rule-Obj-ListView&pyRuleName=OpenAuthoring&RequestClass=Rule-HTML-Section&RequestAppliesTo=Rule-Obj-ListView&RequestRuleName=OpenAuthoring Payload: "{\"RequestClass\":\"Rule-HTML-Section\",\"RequestAppliesTo\":\"Rule-Obj-ListView\",\"RequestRuleName\":\"OpenAuthoring\"}" => HTTP 200 (23695 bytes)
[PegaHttpClient] 📡 POST https://zdk8budo.pegaacademy.net/prweb/api/CodeIntelligence/v1/rules/query?pxObjClass=Rule-HTML-Section&appliesTo=Rule-Obj-ListView&pyRuleName=pyCustomHelp&RequestClass=Rule-HTML-Section&RequestAppliesTo=Rule-Obj-ListView&RequestRuleName=pyCustomHelp Payload: "{\"RequestClass\":\"Rule-HTML-Section\",\"RequestAppliesTo\":\"Rule-Obj-ListView\",\"RequestRuleName\":\"pyCustomHelp\"}" => HTTP 200 (17256 bytes)
[PegaHttpClient] 📡 POST https://zdk8budo.pegaacademy.net/prweb/api/CodeIntelligence/v1/rules/query?pxObjClass=Rule-HTML-Section&appliesTo=Rule-Obj-ListView&pyRuleName=pzRuleformMainInclude&RequestClass=Rule-HTML-Section&RequestAppliesTo=Rule-Obj-ListView&RequestRuleName=pzRuleformMainInclude Payload: "{\"RequestClass\":\"Rule-HTML-Section\",\"RequestAppliesTo\":\"Rule-Obj-ListView\",\"RequestRuleName\":\"pzRuleformMainInclude\"}" => HTTP 200 (22375 bytes)
[PegaHttpClient] 📡 POST https://zdk8budo.pegaacademy.net/prweb/api/CodeIntelligence/v1/rules/query?pxObjClass=Rule-HTML-Section&appliesTo=Rule-Obj-ListView&pyRuleName=pyAlternativeRuleFormStrategicAppExtension&RequestClass=Rule-HTML-Section&RequestAppliesTo=Rule-Obj-ListView&RequestRuleName=pyAlternativeRuleFormStrategicAppExtension Payload: "{\"RequestClass\":\"Rule-HTML-Section\",\"RequestAppliesTo\":\"Rule-Obj-ListView\",\"RequestRuleName\":\"pyAlternativeRuleFormStrategicAppExtension\"}" => HTTP 200 (25042 bytes)
[PegaHttpClient] 📡 POST https://zdk8budo.pegaacademy.net/prweb/api/CodeIntelligence/v1/rules/query?pxObjClass=Rule-HTML-Section&appliesTo=Rule-Obj-ListView&pyRuleName=pyAlternativeRuleFormExtension&RequestClass=Rule-HTML-Section&RequestAppliesTo=Rule-Obj-ListView&RequestRuleName=pyAlternativeRuleFormExtension Payload: "{\"RequestClass\":\"Rule-HTML-Section\",\"RequestAppliesTo\":\"Rule-Obj-ListView\",\"RequestRuleName\":\"pyAlternativeRuleFormExtension\"}" => HTTP 200 (24863 bytes)
[PegaHttpClient] 📡 POST https://zdk8budo.pegaacademy.net/prweb/api/CodeIntelligence/v1/rules/query?pxObjClass=Rule-HTML-Section&appliesTo=Rule-Obj-ListView&pyRuleName=RuleFormHeader&RequestClass=Rule-HTML-Section&RequestAppliesTo=Rule-Obj-ListView&RequestRuleName=RuleFormHeader Payload: "{\"RequestClass\":\"Rule-HTML-Section\",\"RequestAppliesTo\":\"Rule-Obj-ListView\",\"RequestRuleName\":\"RuleFormHeader\"}" => HTTP 200 (183800 bytes)
[PegaHttpClient] 📡 POST https://zdk8budo.pegaacademy.net/prweb/api/CodeIntelligence/v1/rules/query?pxObjClass=Rule-HTML-Section&appliesTo=Rule-Obj-ListView&pyRuleName=pzDelegationExperience&RequestClass=Rule-HTML-Section&RequestAppliesTo=Rule-Obj-ListView&RequestRuleName=pzDelegationExperience Payload: "{\"RequestClass\":\"Rule-HTML-Section\",\"RequestAppliesTo\":\"Rule-Obj-ListView\",\"RequestRuleName\":\"pzDelegationExperience\"}" => HTTP 404 (117 bytes)
[PegaHttpClient] 📡 POST https://zdk8budo.pegaacademy.net/prweb/PRRestService/CodeIntelligence/v1/rules/query?pxObjClass=Rule-HTML-Section&appliesTo=Rule-Obj-ListView&pyRuleName=pzDelegationExperience&RequestClass=Rule-HTML-Section&RequestAppliesTo=Rule-Obj-ListView&RequestRuleName=pzDelegationExperience Payload: "{\"RequestClass\":\"Rule-HTML-Section\",\"RequestAppliesTo\":\"Rule-Obj-ListView\",\"RequestRuleName\":\"pzDelegationExperience\"}" => HTTP 404 (117 bytes)
[PegaHttpClient] 📡 POST https://zdk8budo.pegaacademy.net/prweb/api/HRAppsV2Service/V1/rules/query?pxObjClass=Rule-HTML-Section&appliesTo=Rule-Obj-ListView&pyRuleName=pzDelegationExperience&RequestClass=Rule-HTML-Section&RequestAppliesTo=Rule-Obj-ListView&RequestRuleName=pzDelegationExperience Payload: "{\"RequestClass\":\"Rule-HTML-Section\",\"RequestAppliesTo\":\"Rule-Obj-ListView\",\"RequestRuleName\":\"pzDelegationExperience\"}" => HTTP 404 (18 bytes)
[PegaHttpClient] 📡 POST https://zdk8budo.pegaacademy.net/prweb/PRRestService/HRAppsV2Service/V1/rules/query?pxObjClass=Rule-HTML-Section&appliesTo=Rule-Obj-ListView&pyRuleName=pzDelegationExperience&RequestClass=Rule-HTML-Section&RequestAppliesTo=Rule-Obj-ListView&RequestRuleName=pzDelegationExperience Payload: "{\"RequestClass\":\"Rule-HTML-Section\",\"RequestAppliesTo\":\"Rule-Obj-ListView\",\"RequestRuleName\":\"pzDelegationExperience\"}" => HTTP 404 (18 bytes)
[PegaHttpClient] 📡 POST https://zdk8budo.pegaacademy.net/prweb/api/HRAppsV2/V1/rules/query?pxObjClass=Rule-HTML-Section&appliesTo=Rule-Obj-ListView&pyRuleName=pzDelegationExperience&RequestClass=Rule-HTML-Section&RequestAppliesTo=Rule-Obj-ListView&RequestRuleName=pzDelegationExperience Payload: "{\"RequestClass\":\"Rule-HTML-Section\",\"RequestAppliesTo\":\"Rule-Obj-ListView\",\"RequestRuleName\":\"pzDelegationExperience\"}" => HTTP 404 (18 bytes)
[PegaHttpClient] 📡 POST https://zdk8budo.pegaacademy.net/prweb/PRRestService/HRAppsV2/V1/rules/query?pxObjClass=Rule-HTML-Section&appliesTo=Rule-Obj-ListView&pyRuleName=pzDelegationExperience&RequestClass=Rule-HTML-Section&RequestAppliesTo=Rule-Obj-ListView&RequestRuleName=pzDelegationExperience Payload: "{\"RequestClass\":\"Rule-HTML-Section\",\"RequestAppliesTo\":\"Rule-Obj-ListView\",\"RequestRuleName\":\"pzDelegationExperience\"}" => HTTP 404 (18 bytes)
[PegaHttpClient] 📡 POST https://zdk8budo.pegaacademy.net/prweb/api/v1/rules/query?pxObjClass=Rule-HTML-Section&appliesTo=Rule-Obj-ListView&pyRuleName=pzDelegationExperience&RequestClass=Rule-HTML-Section&RequestAppliesTo=Rule-Obj-ListView&RequestRuleName=pzDelegationExperience Payload: "{\"RequestClass\":\"Rule-HTML-Section\",\"RequestAppliesTo\":\"Rule-Obj-ListView\",\"RequestRuleName\":\"pzDelegationExperience\"}" => HTTP 404 (18 bytes)
[PegaHttpClient] 📡 POST https://zdk8budo.pegaacademy.net/prweb/PRRestService/v1/rules/query?pxObjClass=Rule-HTML-Section&appliesTo=Rule-Obj-ListView&pyRuleName=pzDelegationExperience&RequestClass=Rule-HTML-Section&RequestAppliesTo=Rule-Obj-ListView&RequestRuleName=pzDelegationExperience Payload: "{\"RequestClass\":\"Rule-HTML-Section\",\"RequestAppliesTo\":\"Rule-Obj-ListView\",\"RequestRuleName\":\"pzDelegationExperience\"}" => HTTP 404 (18 bytes)
[PegaHttpClient] 📡 POST https://zdk8budo.pegaacademy.net/prweb/api/CodeIntelligence/v1/rules/query?pxObjClass=Rule-HTML-Section&appliesTo=Rule-Obj-ListView&pyRuleName=pzDisplayFields&RequestClass=Rule-HTML-Section&RequestAppliesTo=Rule-Obj-ListView&RequestRuleName=pzDisplayFields Payload: "{\"RequestClass\":\"Rule-HTML-Section\",\"RequestAppliesTo\":\"Rule-Obj-ListView\",\"RequestRuleName\":\"pzDisplayFields\"}" => HTTP 200 (238729 bytes)
[PegaHttpClient] 📡 POST https://zdk8budo.pegaacademy.net/prweb/api/CodeIntelligence/v1/rules/query?pxObjClass=Rule-HTML-Section&appliesTo=Rule-Obj-ListView&pyRuleName=pzContent&RequestClass=Rule-HTML-Section&RequestAppliesTo=Rule-Obj-ListView&RequestRuleName=pzContent Payload: "{\"RequestClass\":\"Rule-HTML-Section\",\"RequestAppliesTo\":\"Rule-Obj-ListView\",\"RequestRuleName\":\"pzContent\"}" => HTTP 200 (53091 bytes)
[PegaHttpClient] 📡 POST https://zdk8budo.pegaacademy.net/prweb/api/CodeIntelligence/v1/rules/query?pxObjClass=Rule-HTML-Section&appliesTo=Rule-Obj-ListView&pyRuleName=pzSelectable&RequestClass=Rule-HTML-Section&RequestAppliesTo=Rule-Obj-ListView&RequestRuleName=pzSelectable Payload: "{\"RequestClass\":\"Rule-HTML-Section\",\"RequestAppliesTo\":\"Rule-Obj-ListView\",\"RequestRuleName\":\"pzSelectable\"}" => HTTP 200 (70735 bytes)
[PegaHttpClient] 📡 POST https://zdk8budo.pegaacademy.net/prweb/api/CodeIntelligence/v1/rules/query?pxObjClass=Rule-HTML-Section&appliesTo=Rule-Obj-ListView&pyRuleName=Organize&RequestClass=Rule-HTML-Section&RequestAppliesTo=Rule-Obj-ListView&RequestRuleName=Organize Payload: "{\"RequestClass\":\"Rule-HTML-Section\",\"RequestAppliesTo\":\"Rule-Obj-ListView\",\"RequestRuleName\":\"Organize\"}" => HTTP 200 (180495 bytes)
[PegaHttpClient] 📡 POST https://zdk8budo.pegaacademy.net/prweb/api/CodeIntelligence/v1/rules/query?pxObjClass=Rule-HTML-Section&appliesTo=Rule-Obj-ListView&pyRuleName=pzFormat&RequestClass=Rule-HTML-Section&RequestAppliesTo=Rule-Obj-ListView&RequestRuleName=pzFormat Payload: "{\"RequestClass\":\"Rule-HTML-Section\",\"RequestAppliesTo\":\"Rule-Obj-ListView\",\"RequestRuleName\":\"pzFormat\"}" => HTTP 200 (23127 bytes)
[PegaHttpClient] 📡 POST https://zdk8budo.pegaacademy.net/prweb/api/CodeIntelligence/v1/rules/query?pxObjClass=Rule-HTML-Section&appliesTo=Rule-Obj-ListView&pyRuleName=pzjoin&RequestClass=Rule-HTML-Section&RequestAppliesTo=Rule-Obj-ListView&RequestRuleName=pzjoin Payload: "{\"RequestClass\":\"Rule-HTML-Section\",\"RequestAppliesTo\":\"Rule-Obj-ListView\",\"RequestRuleName\":\"pzjoin\"}" => HTTP 200 (116866 bytes)
[PegaHttpClient] 📡 POST https://zdk8budo.pegaacademy.net/prweb/api/CodeIntelligence/v1/rules/query?pxObjClass=Rule-HTML-Section&appliesTo=Rule-Obj-ListView&pyRuleName=pzParameters&RequestClass=Rule-HTML-Section&RequestAppliesTo=Rule-Obj-ListView&RequestRuleName=pzParameters Payload: "{\"RequestClass\":\"Rule-HTML-Section\",\"RequestAppliesTo\":\"Rule-Obj-ListView\",\"RequestRuleName\":\"pzParameters\"}" => HTTP 200 (72001 bytes)
[PegaHttpClient] 📡 POST https://zdk8budo.pegaacademy.net/prweb/api/CodeIntelligence/v1/rules/query?pxObjClass=Rule-HTML-Section&appliesTo=Rule-Obj-ListView&pyRuleName=pzPagesClasses&RequestClass=Rule-HTML-Section&RequestAppliesTo=Rule-Obj-ListView&RequestRuleName=pzPagesClasses Payload: "{\"RequestClass\":\"Rule-HTML-Section\",\"RequestAppliesTo\":\"Rule-Obj-ListView\",\"RequestRuleName\":\"pzPagesClasses\"}" => HTTP 200 (61445 bytes)
[PegaHttpClient] 📡 POST https://zdk8budo.pegaacademy.net/prweb/api/CodeIntelligence/v1/rules/query?pxObjClass=Rule-HTML-Section&appliesTo=Rule-Obj-ListView&pyRuleName=pzHtmlLV&RequestClass=Rule-HTML-Section&RequestAppliesTo=Rule-Obj-ListView&RequestRuleName=pzHtmlLV Payload: "{\"RequestClass\":\"Rule-HTML-Section\",\"RequestAppliesTo\":\"Rule-Obj-ListView\",\"RequestRuleName\":\"pzHtmlLV\"}" => HTTP 200 (23484 bytes)
[PegaHttpClient] 📡 POST https://zdk8budo.pegaacademy.net/prweb/api/CodeIntelligence/v1/rules/query?pxObjClass=Rule-HTML-Section&appliesTo=Rule-Obj-ListView&pyRuleName=RuleFormHistory&RequestClass=Rule-HTML-Section&RequestAppliesTo=Rule-Obj-ListView&RequestRuleName=RuleFormHistory Payload: "{\"RequestClass\":\"Rule-HTML-Section\",\"RequestAppliesTo\":\"Rule-Obj-ListView\",\"RequestRuleName\":\"RuleFormHistory\"}" => HTTP 200 (76091 bytes)
[PegaHttpClient] 📡 POST https://zdk8budo.pegaacademy.net/prweb/api/CodeIntelligence/v1/rules/query?pxObjClass=Rule-HTML-Section&appliesTo=Rule-Obj-ListView&pyRuleName=pzListViewCallBack&RequestClass=Rule-HTML-Section&RequestAppliesTo=Rule-Obj-ListView&RequestRuleName=pzListViewCallBack Payload: "{\"RequestClass\":\"Rule-HTML-Section\",\"RequestAppliesTo\":\"Rule-Obj-ListView\",\"RequestRuleName\":\"pzListViewCallBack\"}" => HTTP 200 (32178 bytes)
[PegaHttpClient] 📡 POST https://zdk8budo.pegaacademy.net/prweb/api/CodeIntelligence/v1/rules/query?pxObjClass=Rule-HTML-Section&appliesTo=Rule-Obj-ListView&pyRuleName=pzCustomHelp&RequestClass=Rule-HTML-Section&RequestAppliesTo=Rule-Obj-ListView&RequestRuleName=pzCustomHelp Payload: "{\"RequestClass\":\"Rule-HTML-Section\",\"RequestAppliesTo\":\"Rule-Obj-ListView\",\"RequestRuleName\":\"pzCustomHelp\"}" => HTTP 200 (31573 bytes)
[PegaHttpClient] 📡 POST https://zdk8budo.pegaacademy.net/prweb/api/CodeIntelligence/v1/rules/query?pxObjClass=Rule-HTML-Section&appliesTo=Rule-Obj-ListView&pyRuleName=pzRuleFormKeysAndDescription&RequestClass=Rule-HTML-Section&RequestAppliesTo=Rule-Obj-ListView&RequestRuleName=pzRuleFormKeysAndDescription Payload: "{\"RequestClass\":\"Rule-HTML-Section\",\"RequestAppliesTo\":\"Rule-Obj-ListView\",\"RequestRuleName\":\"pzRuleFormKeysAndDescription\"}" => HTTP 200 (218057 bytes)
[PegaHttpClient] 📡 POST https://zdk8budo.pegaacademy.net/prweb/api/CodeIntelligence/v1/rules/query?pxObjClass=Rule-HTML-Section&appliesTo=Rule-Obj-ListView&pyRuleName=pzRuleFormRuleset&RequestClass=Rule-HTML-Section&RequestAppliesTo=Rule-Obj-ListView&RequestRuleName=pzRuleFormRuleset Payload: "{\"RequestClass\":\"Rule-HTML-Section\",\"RequestAppliesTo\":\"Rule-Obj-ListView\",\"RequestRuleName\":\"pzRuleFormRuleset\"}" => HTTP 200 (33985 bytes)
[PegaHttpClient] 📡 POST https://zdk8budo.pegaacademy.net/prweb/api/CodeIntelligence/v1/rules/query?pxObjClass=Rule-HTML-Section&appliesTo=Rule-Obj-ListView&pyRuleName=undefined&RequestClass=Rule-HTML-Section&RequestAppliesTo=Rule-Obj-ListView&RequestRuleName=undefined Payload: "{\"RequestClass\":\"Rule-HTML-Section\",\"RequestAppliesTo\":\"Rule-Obj-ListView\",\"RequestRuleName\":\"undefined\"}" => HTTP 404 (104 bytes)
[PegaHttpClient] 📡 POST https://zdk8budo.pegaacademy.net/prweb/PRRestService/CodeIntelligence/v1/rules/query?pxObjClass=Rule-HTML-Section&appliesTo=Rule-Obj-ListView&pyRuleName=undefined&RequestClass=Rule-HTML-Section&RequestAppliesTo=Rule-Obj-ListView&RequestRuleName=undefined Payload: "{\"RequestClass\":\"Rule-HTML-Section\",\"RequestAppliesTo\":\"Rule-Obj-ListView\",\"RequestRuleName\":\"undefined\"}" => HTTP 404 (104 bytes)
[PegaHttpClient] 📡 POST https://zdk8budo.pegaacademy.net/prweb/api/HRAppsV2Service/V1/rules/query?pxObjClass=Rule-HTML-Section&appliesTo=Rule-Obj-ListView&pyRuleName=undefined&RequestClass=Rule-HTML-Section&RequestAppliesTo=Rule-Obj-ListView&RequestRuleName=undefined Payload: "{\"RequestClass\":\"Rule-HTML-Section\",\"RequestAppliesTo\":\"Rule-Obj-ListView\",\"RequestRuleName\":\"undefined\"}" => HTTP 404 (18 bytes)
[PegaHttpClient] 📡 POST https://zdk8budo.pegaacademy.net/prweb/PRRestService/HRAppsV2Service/V1/rules/query?pxObjClass=Rule-HTML-Section&appliesTo=Rule-Obj-ListView&pyRuleName=undefined&RequestClass=Rule-HTML-Section&RequestAppliesTo=Rule-Obj-ListView&RequestRuleName=undefined Payload: "{\"RequestClass\":\"Rule-HTML-Section\",\"RequestAppliesTo\":\"Rule-Obj-ListView\",\"RequestRuleName\":\"undefined\"}" => HTTP 404 (18 bytes)
[PegaHttpClient] 📡 POST https://zdk8budo.pegaacademy.net/prweb/api/HRAppsV2/V1/rules/query?pxObjClass=Rule-HTML-Section&appliesTo=Rule-Obj-ListView&pyRuleName=undefined&RequestClass=Rule-HTML-Section&RequestAppliesTo=Rule-Obj-ListView&RequestRuleName=undefined Payload: "{\"RequestClass\":\"Rule-HTML-Section\",\"RequestAppliesTo\":\"Rule-Obj-ListView\",\"RequestRuleName\":\"undefined\"}" => HTTP 404 (18 bytes)
[PegaHttpClient] 📡 POST https://zdk8budo.pegaacademy.net/prweb/PRRestService/HRAppsV2/V1/rules/query?pxObjClass=Rule-HTML-Section&appliesTo=Rule-Obj-ListView&pyRuleName=undefined&RequestClass=Rule-HTML-Section&RequestAppliesTo=Rule-Obj-ListView&RequestRuleName=undefined Payload: "{\"RequestClass\":\"Rule-HTML-Section\",\"RequestAppliesTo\":\"Rule-Obj-ListView\",\"RequestRuleName\":\"undefined\"}" => HTTP 404 (18 bytes)
[PegaHttpClient] 📡 POST https://zdk8budo.pegaacademy.net/prweb/api/v1/rules/query?pxObjClass=Rule-HTML-Section&appliesTo=Rule-Obj-ListView&pyRuleName=undefined&RequestClass=Rule-HTML-Section&RequestAppliesTo=Rule-Obj-ListView&RequestRuleName=undefined Payload: "{\"RequestClass\":\"Rule-HTML-Section\",\"RequestAppliesTo\":\"Rule-Obj-ListView\",\"RequestRuleName\":\"undefined\"}" => HTTP 404 (18 bytes)
[PegaHttpClient] 📡 POST https://zdk8budo.pegaacademy.net/prweb/PRRestService/v1/rules/query?pxObjClass=Rule-HTML-Section&appliesTo=Rule-Obj-ListView&pyRuleName=undefined&RequestClass=Rule-HTML-Section&RequestAppliesTo=Rule-Obj-ListView&RequestRuleName=undefined Payload: "{\"RequestClass\":\"Rule-HTML-Section\",\"RequestAppliesTo\":\"Rule-Obj-ListView\",\"RequestRuleName\":\"undefined\"}" => HTTP 404 (18 bytes)
[PegaHttpClient] 📡 POST https://zdk8budo.pegaacademy.net/prweb/api/CodeIntelligence/v1/rules/query?pxObjClass=Rule-HTML-Section&appliesTo=Rule-Obj-ListView&pyRuleName=pzRuleFormToolbar&RequestClass=Rule-HTML-Section&RequestAppliesTo=Rule-Obj-ListView&RequestRuleName=pzRuleFormToolbar Payload: "{\"RequestClass\":\"Rule-HTML-Section\",\"RequestAppliesTo\":\"Rule-Obj-ListView\",\"RequestRuleName\":\"pzRuleFormToolbar\"}" => HTTP 200 (242691 bytes)
[PegaHttpClient] 📡 POST https://zdk8budo.pegaacademy.net/prweb/api/CodeIntelligence/v1/rules/query?pxObjClass=Rule-HTML-Section&appliesTo=Rule-Obj-ListView&pyRuleName=pzRuleFormToolbarCompare&RequestClass=Rule-HTML-Section&RequestAppliesTo=Rule-Obj-ListView&RequestRuleName=pzRuleFormToolbarCompare Payload: "{\"RequestClass\":\"Rule-HTML-Section\",\"RequestAppliesTo\":\"Rule-Obj-ListView\",\"RequestRuleName\":\"pzRuleFormToolbarCompare\"}" => HTTP 200 (61925 bytes)
[PegaHttpClient] 📡 POST https://zdk8budo.pegaacademy.net/prweb/api/CodeIntelligence/v1/rules/query?pxObjClass=Rule-HTML-Section&appliesTo=Rule-Obj-ListView&pyRuleName=RuleFormHeaderMessages&RequestClass=Rule-HTML-Section&RequestAppliesTo=Rule-Obj-ListView&RequestRuleName=RuleFormHeaderMessages Payload: "{\"RequestClass\":\"Rule-HTML-Section\",\"RequestAppliesTo\":\"Rule-Obj-ListView\",\"RequestRuleName\":\"RuleFormHeaderMessages\"}" => HTTP 200 (26518 bytes)
[PegaHttpClient] 📡 POST https://zdk8budo.pegaacademy.net/prweb/api/CodeIntelligence/v1/rules/query?pxObjClass=Rule-HTML-Section&appliesTo=Rule-Obj-ListView&pyRuleName=pzFilterCondition&RequestClass=Rule-HTML-Section&RequestAppliesTo=Rule-Obj-ListView&RequestRuleName=pzFilterCondition Payload: "{\"RequestClass\":\"Rule-HTML-Section\",\"RequestAppliesTo\":\"Rule-Obj-ListView\",\"RequestRuleName\":\"pzFilterCondition\"}" => HTTP 200 (124127 bytes)
[PegaHttpClient] 📡 POST https://zdk8budo.pegaacademy.net/prweb/api/CodeIntelligence/v1/rules/query?pxObjClass=Rule-HTML-Section&appliesTo=Rule-Obj-ListView&pyRuleName=pzGetFields&RequestClass=Rule-HTML-Section&RequestAppliesTo=Rule-Obj-ListView&RequestRuleName=pzGetFields Payload: "{\"RequestClass\":\"Rule-HTML-Section\",\"RequestAppliesTo\":\"Rule-Obj-ListView\",\"RequestRuleName\":\"pzGetFields\"}" => HTTP 200 (110854 bytes)
[PegaHttpClient] 📡 POST https://zdk8budo.pegaacademy.net/prweb/api/CodeIntelligence/v1/rules/query?pxObjClass=Rule-HTML-Section&appliesTo=Rule-Obj-ListView&pyRuleName=pzEmbedded&RequestClass=Rule-HTML-Section&RequestAppliesTo=Rule-Obj-ListView&RequestRuleName=pzEmbedded Payload: "{\"RequestClass\":\"Rule-HTML-Section\",\"RequestAppliesTo\":\"Rule-Obj-ListView\",\"RequestRuleName\":\"pzEmbedded\"}" => HTTP 200 (39350 bytes)
[PegaHttpClient] 📡 POST https://zdk8budo.pegaacademy.net/prweb/api/CodeIntelligence/v1/rules/query?pxObjClass=Rule-HTML-Section&appliesTo=Rule-Obj-ListView&pyRuleName=pzPageProperties&RequestClass=Rule-HTML-Section&RequestAppliesTo=Rule-Obj-ListView&RequestRuleName=pzPageProperties Payload: "{\"RequestClass\":\"Rule-HTML-Section\",\"RequestAppliesTo\":\"Rule-Obj-ListView\",\"RequestRuleName\":\"pzPageProperties\"}" => HTTP 200 (77828 bytes)
[PegaHttpClient] 📡 POST https://zdk8budo.pegaacademy.net/prweb/api/CodeIntelligence/v1/rules/query?pxObjClass=Rule-HTML-Section&appliesTo=Rule-Obj-ListView&pyRuleName=pzSubclassesGrid&RequestClass=Rule-HTML-Section&RequestAppliesTo=Rule-Obj-ListView&RequestRuleName=pzSubclassesGrid Payload: "{\"RequestClass\":\"Rule-HTML-Section\",\"RequestAppliesTo\":\"Rule-Obj-ListView\",\"RequestRuleName\":\"pzSubclassesGrid\"}" => HTTP 200 (190938 bytes)
[PegaHttpClient] 📡 POST https://zdk8budo.pegaacademy.net/prweb/api/CodeIntelligence/v1/rules/query?pxObjClass=Rule-HTML-Section&appliesTo=Rule-Obj-ListView&pyRuleName=PagingProperties&RequestClass=Rule-HTML-Section&RequestAppliesTo=Rule-Obj-ListView&RequestRuleName=PagingProperties Payload: "{\"RequestClass\":\"Rule-HTML-Section\",\"RequestAppliesTo\":\"Rule-Obj-ListView\",\"RequestRuleName\":\"PagingProperties\"}" => HTTP 404 (111 bytes)
[PegaHttpClient] 📡 POST https://zdk8budo.pegaacademy.net/prweb/PRRestService/CodeIntelligence/v1/rules/query?pxObjClass=Rule-HTML-Section&appliesTo=Rule-Obj-ListView&pyRuleName=PagingProperties&RequestClass=Rule-HTML-Section&RequestAppliesTo=Rule-Obj-ListView&RequestRuleName=PagingProperties Payload: "{\"RequestClass\":\"Rule-HTML-Section\",\"RequestAppliesTo\":\"Rule-Obj-ListView\",\"RequestRuleName\":\"PagingProperties\"}" => HTTP 404 (111 bytes)
[PegaHttpClient] 📡 POST https://zdk8budo.pegaacademy.net/prweb/api/HRAppsV2Service/V1/rules/query?pxObjClass=Rule-HTML-Section&appliesTo=Rule-Obj-ListView&pyRuleName=PagingProperties&RequestClass=Rule-HTML-Section&RequestAppliesTo=Rule-Obj-ListView&RequestRuleName=PagingProperties Payload: "{\"RequestClass\":\"Rule-HTML-Section\",\"RequestAppliesTo\":\"Rule-Obj-ListView\",\"RequestRuleName\":\"PagingProperties\"}" => HTTP 404 (18 bytes)
[PegaHttpClient] 📡 POST https://zdk8budo.pegaacademy.net/prweb/PRRestService/HRAppsV2Service/V1/rules/query?pxObjClass=Rule-HTML-Section&appliesTo=Rule-Obj-ListView&pyRuleName=PagingProperties&RequestClass=Rule-HTML-Section&RequestAppliesTo=Rule-Obj-ListView&RequestRuleName=PagingProperties Payload: "{\"RequestClass\":\"Rule-HTML-Section\",\"RequestAppliesTo\":\"Rule-Obj-ListView\",\"RequestRuleName\":\"PagingProperties\"}" => HTTP 404 (18 bytes)
[PegaHttpClient] 📡 POST https://zdk8budo.pegaacademy.net/prweb/api/HRAppsV2/V1/rules/query?pxObjClass=Rule-HTML-Section&appliesTo=Rule-Obj-ListView&pyRuleName=PagingProperties&RequestClass=Rule-HTML-Section&RequestAppliesTo=Rule-Obj-ListView&RequestRuleName=PagingProperties Payload: "{\"RequestClass\":\"Rule-HTML-Section\",\"RequestAppliesTo\":\"Rule-Obj-ListView\",\"RequestRuleName\":\"PagingProperties\"}" => HTTP 404 (18 bytes)
[PegaHttpClient] 📡 POST https://zdk8budo.pegaacademy.net/prweb/PRRestService/HRAppsV2/V1/rules/query?pxObjClass=Rule-HTML-Section&appliesTo=Rule-Obj-ListView&pyRuleName=PagingProperties&RequestClass=Rule-HTML-Section&RequestAppliesTo=Rule-Obj-ListView&RequestRuleName=PagingProperties Payload: "{\"RequestClass\":\"Rule-HTML-Section\",\"RequestAppliesTo\":\"Rule-Obj-ListView\",\"RequestRuleName\":\"PagingProperties\"}" => HTTP 404 (18 bytes)
[PegaHttpClient] 📡 POST https://zdk8budo.pegaacademy.net/prweb/api/v1/rules/query?pxObjClass=Rule-HTML-Section&appliesTo=Rule-Obj-ListView&pyRuleName=PagingProperties&RequestClass=Rule-HTML-Section&RequestAppliesTo=Rule-Obj-ListView&RequestRuleName=PagingProperties Payload: "{\"RequestClass\":\"Rule-HTML-Section\",\"RequestAppliesTo\":\"Rule-Obj-ListView\",\"RequestRuleName\":\"PagingProperties\"}" => HTTP 404 (18 bytes)
[PegaHttpClient] 📡 POST https://zdk8budo.pegaacademy.net/prweb/PRRestService/v1/rules/query?pxObjClass=Rule-HTML-Section&appliesTo=Rule-Obj-ListView&pyRuleName=PagingProperties&RequestClass=Rule-HTML-Section&RequestAppliesTo=Rule-Obj-ListView&RequestRuleName=PagingProperties Payload: "{\"RequestClass\":\"Rule-HTML-Section\",\"RequestAppliesTo\":\"Rule-Obj-ListView\",\"RequestRuleName\":\"PagingProperties\"}" => HTTP 404 (18 bytes)
[PegaHttpClient] 📡 POST https://zdk8budo.pegaacademy.net/prweb/api/CodeIntelligence/v1/rules/query?pxObjClass=Rule-HTML-Section&appliesTo=Rule-Obj-ListView&pyRuleName=pzDisablePaging&RequestClass=Rule-HTML-Section&RequestAppliesTo=Rule-Obj-ListView&RequestRuleName=pzDisablePaging Payload: "{\"RequestClass\":\"Rule-HTML-Section\",\"RequestAppliesTo\":\"Rule-Obj-ListView\",\"RequestRuleName\":\"pzDisablePaging\"}" => HTTP 200 (195271 bytes)
[PegaHttpClient] 📡 POST https://zdk8budo.pegaacademy.net/prweb/api/CodeIntelligence/v1/rules/query?pxObjClass=Rule-HTML-Section&appliesTo=Rule-Obj-ListView&pyRuleName=pzOrganizeInlineGrid&RequestClass=Rule-HTML-Section&RequestAppliesTo=Rule-Obj-ListView&RequestRuleName=pzOrganizeInlineGrid Payload: "{\"RequestClass\":\"Rule-HTML-Section\",\"RequestAppliesTo\":\"Rule-Obj-ListView\",\"RequestRuleName\":\"pzOrganizeInlineGrid\"}" => HTTP 200 (162982 bytes)
[PegaHttpClient] 📡 POST https://zdk8budo.pegaacademy.net/prweb/api/CodeIntelligence/v1/rules/query?pxObjClass=Rule-HTML-Section&appliesTo=Rule-Obj-ListView&pyRuleName=pzRowStyles&RequestClass=Rule-HTML-Section&RequestAppliesTo=Rule-Obj-ListView&RequestRuleName=pzRowStyles Payload: "{\"RequestClass\":\"Rule-HTML-Section\",\"RequestAppliesTo\":\"Rule-Obj-ListView\",\"RequestRuleName\":\"pzRowStyles\"}" => HTTP 404 (106 bytes)
[PegaHttpClient] 📡 POST https://zdk8budo.pegaacademy.net/prweb/PRRestService/CodeIntelligence/v1/rules/query?pxObjClass=Rule-HTML-Section&appliesTo=Rule-Obj-ListView&pyRuleName=pzRowStyles&RequestClass=Rule-HTML-Section&RequestAppliesTo=Rule-Obj-ListView&RequestRuleName=pzRowStyles Payload: "{\"RequestClass\":\"Rule-HTML-Section\",\"RequestAppliesTo\":\"Rule-Obj-ListView\",\"RequestRuleName\":\"pzRowStyles\"}" => HTTP 404 (106 bytes)
[PegaHttpClient] 📡 POST https://zdk8budo.pegaacademy.net/prweb/api/HRAppsV2Service/V1/rules/query?pxObjClass=Rule-HTML-Section&appliesTo=Rule-Obj-ListView&pyRuleName=pzRowStyles&RequestClass=Rule-HTML-Section&RequestAppliesTo=Rule-Obj-ListView&RequestRuleName=pzRowStyles Payload: "{\"RequestClass\":\"Rule-HTML-Section\",\"RequestAppliesTo\":\"Rule-Obj-ListView\",\"RequestRuleName\":\"pzRowStyles\"}" => HTTP 404 (18 bytes)
[PegaHttpClient] 📡 POST https://zdk8budo.pegaacademy.net/prweb/PRRestService/HRAppsV2Service/V1/rules/query?pxObjClass=Rule-HTML-Section&appliesTo=Rule-Obj-ListView&pyRuleName=pzRowStyles&RequestClass=Rule-HTML-Section&RequestAppliesTo=Rule-Obj-ListView&RequestRuleName=pzRowStyles Payload: "{\"RequestClass\":\"Rule-HTML-Section\",\"RequestAppliesTo\":\"Rule-Obj-ListView\",\"RequestRuleName\":\"pzRowStyles\"}" => HTTP 404 (18 bytes)
[PegaHttpClient] 📡 POST https://zdk8budo.pegaacademy.net/prweb/api/HRAppsV2/V1/rules/query?pxObjClass=Rule-HTML-Section&appliesTo=Rule-Obj-ListView&pyRuleName=pzRowStyles&RequestClass=Rule-HTML-Section&RequestAppliesTo=Rule-Obj-ListView&RequestRuleName=pzRowStyles Payload: "{\"RequestClass\":\"Rule-HTML-Section\",\"RequestAppliesTo\":\"Rule-Obj-ListView\",\"RequestRuleName\":\"pzRowStyles\"}" => HTTP 404 (18 bytes)
[PegaHttpClient] 📡 POST https://zdk8budo.pegaacademy.net/prweb/PRRestService/HRAppsV2/V1/rules/query?pxObjClass=Rule-HTML-Section&appliesTo=Rule-Obj-ListView&pyRuleName=pzRowStyles&RequestClass=Rule-HTML-Section&RequestAppliesTo=Rule-Obj-ListView&RequestRuleName=pzRowStyles Payload: "{\"RequestClass\":\"Rule-HTML-Section\",\"RequestAppliesTo\":\"Rule-Obj-ListView\",\"RequestRuleName\":\"pzRowStyles\"}" => HTTP 404 (18 bytes)
[PegaHttpClient] 📡 POST https://zdk8budo.pegaacademy.net/prweb/api/v1/rules/query?pxObjClass=Rule-HTML-Section&appliesTo=Rule-Obj-ListView&pyRuleName=pzRowStyles&RequestClass=Rule-HTML-Section&RequestAppliesTo=Rule-Obj-ListView&RequestRuleName=pzRowStyles Payload: "{\"RequestClass\":\"Rule-HTML-Section\",\"RequestAppliesTo\":\"Rule-Obj-ListView\",\"RequestRuleName\":\"pzRowStyles\"}" => HTTP 404 (18 bytes)
[PegaHttpClient] 📡 POST https://zdk8budo.pegaacademy.net/prweb/PRRestService/v1/rules/query?pxObjClass=Rule-HTML-Section&appliesTo=Rule-Obj-ListView&pyRuleName=pzRowStyles&RequestClass=Rule-HTML-Section&RequestAppliesTo=Rule-Obj-ListView&RequestRuleName=pzRowStyles Payload: "{\"RequestClass\":\"Rule-HTML-Section\",\"RequestAppliesTo\":\"Rule-Obj-ListView\",\"RequestRuleName\":\"pzRowStyles\"}" => HTTP 404 (18 bytes)
[PegaHttpClient] 📡 POST https://zdk8budo.pegaacademy.net/prweb/api/CodeIntelligence/v1/rules/query?pxObjClass=Rule-HTML-Section&appliesTo=Rule-Obj-ListView&pyRuleName=pzEventHandling&RequestClass=Rule-HTML-Section&RequestAppliesTo=Rule-Obj-ListView&RequestRuleName=pzEventHandling Payload: "{\"RequestClass\":\"Rule-HTML-Section\",\"RequestAppliesTo\":\"Rule-Obj-ListView\",\"RequestRuleName\":\"pzEventHandling\"}" => HTTP 404 (110 bytes)
[PegaHttpClient] 📡 POST https://zdk8budo.pegaacademy.net/prweb/PRRestService/CodeIntelligence/v1/rules/query?pxObjClass=Rule-HTML-Section&appliesTo=Rule-Obj-ListView&pyRuleName=pzEventHandling&RequestClass=Rule-HTML-Section&RequestAppliesTo=Rule-Obj-ListView&RequestRuleName=pzEventHandling Payload: "{\"RequestClass\":\"Rule-HTML-Section\",\"RequestAppliesTo\":\"Rule-Obj-ListView\",\"RequestRuleName\":\"pzEventHandling\"}" => HTTP 404 (110 bytes)
[PegaHttpClient] 📡 POST https://zdk8budo.pegaacademy.net/prweb/api/HRAppsV2Service/V1/rules/query?pxObjClass=Rule-HTML-Section&appliesTo=Rule-Obj-ListView&pyRuleName=pzEventHandling&RequestClass=Rule-HTML-Section&RequestAppliesTo=Rule-Obj-ListView&RequestRuleName=pzEventHandling Payload: "{\"RequestClass\":\"Rule-HTML-Section\",\"RequestAppliesTo\":\"Rule-Obj-ListView\",\"RequestRuleName\":\"pzEventHandling\"}" => HTTP 404 (18 bytes)
[PegaHttpClient] 📡 POST https://zdk8budo.pegaacademy.net/prweb/PRRestService/HRAppsV2Service/V1/rules/query?pxObjClass=Rule-HTML-Section&appliesTo=Rule-Obj-ListView&pyRuleName=pzEventHandling&RequestClass=Rule-HTML-Section&RequestAppliesTo=Rule-Obj-ListView&RequestRuleName=pzEventHandling Payload: "{\"RequestClass\":\"Rule-HTML-Section\",\"RequestAppliesTo\":\"Rule-Obj-ListView\",\"RequestRuleName\":\"pzEventHandling\"}" => HTTP 404 (18 bytes)
[PegaHttpClient] 📡 POST https://zdk8budo.pegaacademy.net/prweb/api/HRAppsV2/V1/rules/query?pxObjClass=Rule-HTML-Section&appliesTo=Rule-Obj-ListView&pyRuleName=pzEventHandling&RequestClass=Rule-HTML-Section&RequestAppliesTo=Rule-Obj-ListView&RequestRuleName=pzEventHandling Payload: "{\"RequestClass\":\"Rule-HTML-Section\",\"RequestAppliesTo\":\"Rule-Obj-ListView\",\"RequestRuleName\":\"pzEventHandling\"}" => HTTP 404 (18 bytes)
[PegaHttpClient] 📡 POST https://zdk8budo.pegaacademy.net/prweb/PRRestService/HRAppsV2/V1/rules/query?pxObjClass=Rule-HTML-Section&appliesTo=Rule-Obj-ListView&pyRuleName=pzEventHandling&RequestClass=Rule-HTML-Section&RequestAppliesTo=Rule-Obj-ListView&RequestRuleName=pzEventHandling Payload: "{\"RequestClass\":\"Rule-HTML-Section\",\"RequestAppliesTo\":\"Rule-Obj-ListView\",\"RequestRuleName\":\"pzEventHandling\"}" => HTTP 404 (18 bytes)
[PegaHttpClient] 📡 POST https://zdk8budo.pegaacademy.net/prweb/api/v1/rules/query?pxObjClass=Rule-HTML-Section&appliesTo=Rule-Obj-ListView&pyRuleName=pzEventHandling&RequestClass=Rule-HTML-Section&RequestAppliesTo=Rule-Obj-ListView&RequestRuleName=pzEventHandling Payload: "{\"RequestClass\":\"Rule-HTML-Section\",\"RequestAppliesTo\":\"Rule-Obj-ListView\",\"RequestRuleName\":\"pzEventHandling\"}" => HTTP 404 (18 bytes)
[PegaHttpClient] 📡 POST https://zdk8budo.pegaacademy.net/prweb/PRRestService/v1/rules/query?pxObjClass=Rule-HTML-Section&appliesTo=Rule-Obj-ListView&pyRuleName=pzEventHandling&RequestClass=Rule-HTML-Section&RequestAppliesTo=Rule-Obj-ListView&RequestRuleName=pzEventHandling Payload: "{\"RequestClass\":\"Rule-HTML-Section\",\"RequestAppliesTo\":\"Rule-Obj-ListView\",\"RequestRuleName\":\"pzEventHandling\"}" => HTTP 404 (18 bytes)
[PegaHttpClient] 📡 POST https://zdk8budo.pegaacademy.net/prweb/api/CodeIntelligence/v1/rules/query?pxObjClass=Rule-HTML-Section&appliesTo=Rule-Obj-ListView&pyRuleName=pzAlternateRuleInfo&RequestClass=Rule-HTML-Section&RequestAppliesTo=Rule-Obj-ListView&RequestRuleName=pzAlternateRuleInfo Payload: "{\"RequestClass\":\"Rule-HTML-Section\",\"RequestAppliesTo\":\"Rule-Obj-ListView\",\"RequestRuleName\":\"pzAlternateRuleInfo\"}" => HTTP 200 (140407 bytes)
[PegaHttpClient] 📡 POST https://zdk8budo.pegaacademy.net/prweb/api/CodeIntelligence/v1/rules/query?pxObjClass=Rule-HTML-Section&appliesTo=Rule-Obj-ListView&pyRuleName=RuleFormHistory_Description&RequestClass=Rule-HTML-Section&RequestAppliesTo=Rule-Obj-ListView&RequestRuleName=RuleFormHistory_Description Payload: "{\"RequestClass\":\"Rule-HTML-Section\",\"RequestAppliesTo\":\"Rule-Obj-ListView\",\"RequestRuleName\":\"RuleFormHistory_Description\"}" => HTTP 200 (46242 bytes)
[PegaHttpClient] 📡 POST https://zdk8budo.pegaacademy.net/prweb/api/CodeIntelligence/v1/rules/query?pxObjClass=Rule-HTML-Section&appliesTo=Rule-Obj-ListView&pyRuleName=RuleFormHistory_CustomFields&RequestClass=Rule-HTML-Section&RequestAppliesTo=Rule-Obj-ListView&RequestRuleName=RuleFormHistory_CustomFields Payload: "{\"RequestClass\":\"Rule-HTML-Section\",\"RequestAppliesTo\":\"Rule-Obj-ListView\",\"RequestRuleName\":\"RuleFormHistory_CustomFields\"}" => HTTP 200 (75856 bytes)
[PegaHttpClient] 📡 POST https://zdk8budo.pegaacademy.net/prweb/api/CodeIntelligence/v1/rules/query?pxObjClass=Rule-HTML-Section&appliesTo=Rule-Obj-ListView&pyRuleName=RuleFormHistory_HistoryDetails&RequestClass=Rule-HTML-Section&RequestAppliesTo=Rule-Obj-ListView&RequestRuleName=RuleFormHistory_HistoryDetails Payload: "{\"RequestClass\":\"Rule-HTML-Section\",\"RequestAppliesTo\":\"Rule-Obj-ListView\",\"RequestRuleName\":\"RuleFormHistory_HistoryDetails\"}" => HTTP 200 (179535 bytes)
[PegaHttpClient] 📡 POST https://zdk8budo.pegaacademy.net/prweb/api/CodeIntelligence/v1/rules/query?pxObjClass=Rule-HTML-Section&appliesTo=Rule-Obj-ListView&pyRuleName=pzRuleFormStatus&RequestClass=Rule-HTML-Section&RequestAppliesTo=Rule-Obj-ListView&RequestRuleName=pzRuleFormStatus Payload: "{\"RequestClass\":\"Rule-HTML-Section\",\"RequestAppliesTo\":\"Rule-Obj-ListView\",\"RequestRuleName\":\"pzRuleFormStatus\"}" => HTTP 200 (97627 bytes)
[PegaHttpClient] 📡 POST https://zdk8budo.pegaacademy.net/prweb/api/CodeIntelligence/v1/rules/query?pxObjClass=Rule-HTML-Section&appliesTo=Rule-Obj-ListView&pyRuleName=pzRuleFormHeaderCompareWithDropDown&RequestClass=Rule-HTML-Section&RequestAppliesTo=Rule-Obj-ListView&RequestRuleName=pzRuleFormHeaderCompareWithDropDown Payload: "{\"RequestClass\":\"Rule-HTML-Section\",\"RequestAppliesTo\":\"Rule-Obj-ListView\",\"RequestRuleName\":\"pzRuleFormHeaderCompareWithDropDown\"}" => HTTP 200 (25396 bytes)
[PegaHttpClient] 📡 POST https://zdk8budo.pegaacademy.net/prweb/api/CodeIntelligence/v1/rules/query?pxObjClass=Rule-HTML-Section&appliesTo=Rule-Obj-ListView&pyRuleName=undefined&RequestClass=Rule-HTML-Section&RequestAppliesTo=Rule-Obj-ListView&RequestRuleName=undefined Payload: "{\"RequestClass\":\"Rule-HTML-Section\",\"RequestAppliesTo\":\"Rule-Obj-ListView\",\"RequestRuleName\":\"undefined\"}" => HTTP 404 (104 bytes)
[PegaHttpClient] 📡 POST https://zdk8budo.pegaacademy.net/prweb/PRRestService/CodeIntelligence/v1/rules/query?pxObjClass=Rule-HTML-Section&appliesTo=Rule-Obj-ListView&pyRuleName=undefined&RequestClass=Rule-HTML-Section&RequestAppliesTo=Rule-Obj-ListView&RequestRuleName=undefined Payload: "{\"RequestClass\":\"Rule-HTML-Section\",\"RequestAppliesTo\":\"Rule-Obj-ListView\",\"RequestRuleName\":\"undefined\"}" => HTTP 404 (104 bytes)
[PegaHttpClient] 📡 POST https://zdk8budo.pegaacademy.net/prweb/api/HRAppsV2Service/V1/rules/query?pxObjClass=Rule-HTML-Section&appliesTo=Rule-Obj-ListView&pyRuleName=undefined&RequestClass=Rule-HTML-Section&RequestAppliesTo=Rule-Obj-ListView&RequestRuleName=undefined Payload: "{\"RequestClass\":\"Rule-HTML-Section\",\"RequestAppliesTo\":\"Rule-Obj-ListView\",\"RequestRuleName\":\"undefined\"}" => HTTP 404 (18 bytes)
[PegaHttpClient] 📡 POST https://zdk8budo.pegaacademy.net/prweb/PRRestService/HRAppsV2Service/V1/rules/query?pxObjClass=Rule-HTML-Section&appliesTo=Rule-Obj-ListView&pyRuleName=undefined&RequestClass=Rule-HTML-Section&RequestAppliesTo=Rule-Obj-ListView&RequestRuleName=undefined Payload: "{\"RequestClass\":\"Rule-HTML-Section\",\"RequestAppliesTo\":\"Rule-Obj-ListView\",\"RequestRuleName\":\"undefined\"}" => HTTP 404 (18 bytes)
[PegaHttpClient] 📡 POST https://zdk8budo.pegaacademy.net/prweb/api/HRAppsV2/V1/rules/query?pxObjClass=Rule-HTML-Section&appliesTo=Rule-Obj-ListView&pyRuleName=undefined&RequestClass=Rule-HTML-Section&RequestAppliesTo=Rule-Obj-ListView&RequestRuleName=undefined Payload: "{\"RequestClass\":\"Rule-HTML-Section\",\"RequestAppliesTo\":\"Rule-Obj-ListView\",\"RequestRuleName\":\"undefined\"}" => HTTP 404 (18 bytes)
[PegaHttpClient] 📡 POST https://zdk8budo.pegaacademy.net/prweb/PRRestService/HRAppsV2/V1/rules/query?pxObjClass=Rule-HTML-Section&appliesTo=Rule-Obj-ListView&pyRuleName=undefined&RequestClass=Rule-HTML-Section&RequestAppliesTo=Rule-Obj-ListView&RequestRuleName=undefined Payload: "{\"RequestClass\":\"Rule-HTML-Section\",\"RequestAppliesTo\":\"Rule-Obj-ListView\",\"RequestRuleName\":\"undefined\"}" => HTTP 404 (18 bytes)
[PegaHttpClient] 📡 POST https://zdk8budo.pegaacademy.net/prweb/api/v1/rules/query?pxObjClass=Rule-HTML-Section&appliesTo=Rule-Obj-ListView&pyRuleName=undefined&RequestClass=Rule-HTML-Section&RequestAppliesTo=Rule-Obj-ListView&RequestRuleName=undefined Payload: "{\"RequestClass\":\"Rule-HTML-Section\",\"RequestAppliesTo\":\"Rule-Obj-ListView\",\"RequestRuleName\":\"undefined\"}" => HTTP 404 (18 bytes)
[PegaHttpClient] 📡 POST https://zdk8budo.pegaacademy.net/prweb/PRRestService/v1/rules/query?pxObjClass=Rule-HTML-Section&appliesTo=Rule-Obj-ListView&pyRuleName=undefined&RequestClass=Rule-HTML-Section&RequestAppliesTo=Rule-Obj-ListView&RequestRuleName=undefined Payload: "{\"RequestClass\":\"Rule-HTML-Section\",\"RequestAppliesTo\":\"Rule-Obj-ListView\",\"RequestRuleName\":\"undefined\"}" => HTTP 404 (18 bytes)
[PegaHttpClient] 📡 POST https://zdk8budo.pegaacademy.net/prweb/api/CodeIntelligence/v1/rules/query?pxObjClass=Rule-HTML-Section&appliesTo=Rule-Obj-ListView&pyRuleName=pzRuleFormToolbarHotKeys&RequestClass=Rule-HTML-Section&RequestAppliesTo=Rule-Obj-ListView&RequestRuleName=pzRuleFormToolbarHotKeys Payload: "{\"RequestClass\":\"Rule-HTML-Section\",\"RequestAppliesTo\":\"Rule-Obj-ListView\",\"RequestRuleName\":\"pzRuleFormToolbarHotKeys\"}" => HTTP 200 (85058 bytes)
[PegaHttpClient] 📡 POST https://zdk8budo.pegaacademy.net/prweb/api/CodeIntelligence/v1/rules/query?pxObjClass=Rule-HTML-Section&appliesTo=Rule-Obj-ListView&pyRuleName=pzRuleFormToolbarLockedIcon&RequestClass=Rule-HTML-Section&RequestAppliesTo=Rule-Obj-ListView&RequestRuleName=pzRuleFormToolbarLockedIcon Payload: "{\"RequestClass\":\"Rule-HTML-Section\",\"RequestAppliesTo\":\"Rule-Obj-ListView\",\"RequestRuleName\":\"pzRuleFormToolbarLockedIcon\"}" => HTTP 200 (24898 bytes)
[PegaHttpClient] 📡 POST https://zdk8budo.pegaacademy.net/prweb/api/CodeIntelligence/v1/rules/query?pxObjClass=Rule-HTML-Section&appliesTo=Rule-Obj-ListView&pyRuleName=pzRuleFormToolbarCollaborators&RequestClass=Rule-HTML-Section&RequestAppliesTo=Rule-Obj-ListView&RequestRuleName=pzRuleFormToolbarCollaborators Payload: "{\"RequestClass\":\"Rule-HTML-Section\",\"RequestAppliesTo\":\"Rule-Obj-ListView\",\"RequestRuleName\":\"pzRuleFormToolbarCollaborators\"}" => HTTP 200 (15254 bytes)
[PegaHttpClient] 📡 POST https://zdk8budo.pegaacademy.net/prweb/api/CodeIntelligence/v1/rules/query?pxObjClass=Rule-HTML-Section&appliesTo=Rule-Obj-ListView&pyRuleName=pzRuleFormToolbarSaveAs&RequestClass=Rule-HTML-Section&RequestAppliesTo=Rule-Obj-ListView&RequestRuleName=pzRuleFormToolbarSaveAs Payload: "{\"RequestClass\":\"Rule-HTML-Section\",\"RequestAppliesTo\":\"Rule-Obj-ListView\",\"RequestRuleName\":\"pzRuleFormToolbarSaveAs\"}" => HTTP 200 (64084 bytes)
[PegaHttpClient] 📡 POST https://zdk8budo.pegaacademy.net/prweb/api/CodeIntelligence/v1/rules/query?pxObjClass=Rule-HTML-Section&appliesTo=Rule-Obj-ListView&pyRuleName=pzRuleFormToolbarCheckin&RequestClass=Rule-HTML-Section&RequestAppliesTo=Rule-Obj-ListView&RequestRuleName=pzRuleFormToolbarCheckin Payload: "{\"RequestClass\":\"Rule-HTML-Section\",\"RequestAppliesTo\":\"Rule-Obj-ListView\",\"RequestRuleName\":\"pzRuleFormToolbarCheckin\"}" => HTTP 200 (119096 bytes)
[PegaHttpClient] 📡 POST https://zdk8budo.pegaacademy.net/prweb/api/CodeIntelligence/v1/rules/query?pxObjClass=Rule-HTML-Section&appliesTo=Rule-Obj-ListView&pyRuleName=pzRuleFormToolbarDelete&RequestClass=Rule-HTML-Section&RequestAppliesTo=Rule-Obj-ListView&RequestRuleName=pzRuleFormToolbarDelete Payload: "{\"RequestClass\":\"Rule-HTML-Section\",\"RequestAppliesTo\":\"Rule-Obj-ListView\",\"RequestRuleName\":\"pzRuleFormToolbarDelete\"}" => HTTP 200 (30249 bytes)
[PegaHttpClient] 📡 POST https://zdk8budo.pegaacademy.net/prweb/api/CodeIntelligence/v1/rules/query?pxObjClass=Rule-HTML-Section&appliesTo=Rule-Obj-ListView&pyRuleName=pzRuleFormToolbarSave&RequestClass=Rule-HTML-Section&RequestAppliesTo=Rule-Obj-ListView&RequestRuleName=pzRuleFormToolbarSave Payload: "{\"RequestClass\":\"Rule-HTML-Section\",\"RequestAppliesTo\":\"Rule-Obj-ListView\",\"RequestRuleName\":\"pzRuleFormToolbarSave\"}" => HTTP 200 (293885 bytes)
[PegaHttpClient] 📡 POST https://zdk8budo.pegaacademy.net/prweb/api/CodeIntelligence/v1/rules/query?pxObjClass=Rule-HTML-Section&appliesTo=Rule-Obj-ListView&pyRuleName=pzRuleFormToolbarCheckout&RequestClass=Rule-HTML-Section&RequestAppliesTo=Rule-Obj-ListView&RequestRuleName=pzRuleFormToolbarCheckout Payload: "{\"RequestClass\":\"Rule-HTML-Section\",\"RequestAppliesTo\":\"Rule-Obj-ListView\",\"RequestRuleName\":\"pzRuleFormToolbarCheckout\"}" => HTTP 200 (238148 bytes)
[PegaHttpClient] 📡 POST https://zdk8budo.pegaacademy.net/prweb/api/CodeIntelligence/v1/rules/query?pxObjClass=Rule-HTML-Section&appliesTo=Rule-Obj-ListView&pyRuleName=pzRemoveErrorsDataPage&RequestClass=Rule-HTML-Section&RequestAppliesTo=Rule-Obj-ListView&RequestRuleName=pzRemoveErrorsDataPage Payload: "{\"RequestClass\":\"Rule-HTML-Section\",\"RequestAppliesTo\":\"Rule-Obj-ListView\",\"RequestRuleName\":\"pzRemoveErrorsDataPage\"}" => HTTP 200 (16733 bytes)
[PegaHttpClient] 📡 POST https://zdk8budo.pegaacademy.net/prweb/api/CodeIntelligence/v1/rules/query?pxObjClass=Rule-HTML-Section&appliesTo=Rule-Obj-ListView&pyRuleName=pzRuleFormHeaderMessagesWrapper&RequestClass=Rule-HTML-Section&RequestAppliesTo=Rule-Obj-ListView&RequestRuleName=pzRuleFormHeaderMessagesWrapper Payload: "{\"RequestClass\":\"Rule-HTML-Section\",\"RequestAppliesTo\":\"Rule-Obj-ListView\",\"RequestRuleName\":\"pzRuleFormHeaderMessagesWrapper\"}" => HTTP 200 (16981 bytes)
[PegaHttpClient] 📡 POST https://zdk8budo.pegaacademy.net/prweb/api/CodeIntelligence/v1/rules/query?pxObjClass=Rule-HTML-Section&appliesTo=Rule-Obj-ListView&pyRuleName=pzConfigurePromptSettings&RequestClass=Rule-HTML-Section&RequestAppliesTo=Rule-Obj-ListView&RequestRuleName=pzConfigurePromptSettings Payload: "{\"RequestClass\":\"Rule-HTML-Section\",\"RequestAppliesTo\":\"Rule-Obj-ListView\",\"RequestRuleName\":\"pzConfigurePromptSettings\"}" => HTTP 200 (186841 bytes)
[PegaHttpClient] 📡 POST https://zdk8budo.pegaacademy.net/prweb/api/CodeIntelligence/v1/rules/query?pxObjClass=Rule-HTML-Section&appliesTo=Rule-Obj-ListView&pyRuleName=pzScm_RuleHistory&RequestClass=Rule-HTML-Section&RequestAppliesTo=Rule-Obj-ListView&RequestRuleName=pzScm_RuleHistory Payload: "{\"RequestClass\":\"Rule-HTML-Section\",\"RequestAppliesTo\":\"Rule-Obj-ListView\",\"RequestRuleName\":\"pzScm_RuleHistory\"}" => HTTP 200 (14682 bytes)
[PegaHttpClient] 📡 POST https://zdk8budo.pegaacademy.net/prweb/api/CodeIntelligence/v1/rules/query?pxObjClass=Rule-HTML-Section&appliesTo=Rule-Obj-ListView&pyRuleName=pxDisplayCollaborators&RequestClass=Rule-HTML-Section&RequestAppliesTo=Rule-Obj-ListView&RequestRuleName=pxDisplayCollaborators Payload: "{\"RequestClass\":\"Rule-HTML-Section\",\"RequestAppliesTo\":\"Rule-Obj-ListView\",\"RequestRuleName\":\"pxDisplayCollaborators\"}" => HTTP 200 (94171 bytes)
[PegaHttpClient] 📡 POST https://zdk8budo.pegaacademy.net/prweb/api/CodeIntelligence/v1/rules/query?pxObjClass=Rule-HTML-Section&appliesTo=Rule-Obj-ListView&pyRuleName=pzRuleFormToolbarDeleteCheckOut&RequestClass=Rule-HTML-Section&RequestAppliesTo=Rule-Obj-ListView&RequestRuleName=pzRuleFormToolbarDeleteCheckOut Payload: "{\"RequestClass\":\"Rule-HTML-Section\",\"RequestAppliesTo\":\"Rule-Obj-ListView\",\"RequestRuleName\":\"pzRuleFormToolbarDeleteCheckOut\"}" => HTTP 200 (29433 bytes)
[PegaHttpClient] 📡 POST https://zdk8budo.pegaacademy.net/prweb/api/CodeIntelligence/v1/rules/query?pxObjClass=Rule-HTML-Section&appliesTo=Rule-Obj-ListView&pyRuleName=pzRuleFormToolbarDeleteRule&RequestClass=Rule-HTML-Section&RequestAppliesTo=Rule-Obj-ListView&RequestRuleName=pzRuleFormToolbarDeleteRule Payload: "{\"RequestClass\":\"Rule-HTML-Section\",\"RequestAppliesTo\":\"Rule-Obj-ListView\",\"RequestRuleName\":\"pzRuleFormToolbarDeleteRule\"}" => HTTP 200 (32314 bytes)
[PegaHttpClient] 📡 POST https://zdk8budo.pegaacademy.net/prweb/api/CodeIntelligence/v1/rules/query?pxObjClass=Rule-HTML-Section&appliesTo=Rule-Obj-ListView&pyRuleName=pzLoadCollaborationScripts&RequestClass=Rule-HTML-Section&RequestAppliesTo=Rule-Obj-ListView&RequestRuleName=pzLoadCollaborationScripts Payload: "{\"RequestClass\":\"Rule-HTML-Section\",\"RequestAppliesTo\":\"Rule-Obj-ListView\",\"RequestRuleName\":\"pzLoadCollaborationScripts\"}" => HTTP 200 (23453 bytes)
[PegaHttpClient] 📡 POST https://zdk8budo.pegaacademy.net/prweb/api/CodeIntelligence/v1/rules/query?pxObjClass=Rule-HTML-Section&appliesTo=Rule-Obj-ListView&pyRuleName=pzDisplayCollaboratorsList&RequestClass=Rule-HTML-Section&RequestAppliesTo=Rule-Obj-ListView&RequestRuleName=pzDisplayCollaboratorsList Payload: "{\"RequestClass\":\"Rule-HTML-Section\",\"RequestAppliesTo\":\"Rule-Obj-ListView\",\"RequestRuleName\":\"pzDisplayCollaboratorsList\"}" => HTTP 200 (105418 bytes)
[PegaHttpClient] 📡 POST https://zdk8budo.pegaacademy.net/prweb/api/CodeIntelligence/v1/rules/query?pxObjClass=Rule-HTML-Section&appliesTo=Rule-Obj-ListView&pyRuleName=pyCollaborator&RequestClass=Rule-HTML-Section&RequestAppliesTo=Rule-Obj-ListView&RequestRuleName=pyCollaborator Payload: "{\"RequestClass\":\"Rule-HTML-Section\",\"RequestAppliesTo\":\"Rule-Obj-ListView\",\"RequestRuleName\":\"pyCollaborator\"}" => HTTP 404 (109 bytes)
[PegaHttpClient] 📡 POST https://zdk8budo.pegaacademy.net/prweb/PRRestService/CodeIntelligence/v1/rules/query?pxObjClass=Rule-HTML-Section&appliesTo=Rule-Obj-ListView&pyRuleName=pyCollaborator&RequestClass=Rule-HTML-Section&RequestAppliesTo=Rule-Obj-ListView&RequestRuleName=pyCollaborator Payload: "{\"RequestClass\":\"Rule-HTML-Section\",\"RequestAppliesTo\":\"Rule-Obj-ListView\",\"RequestRuleName\":\"pyCollaborator\"}" => HTTP 404 (109 bytes)
[PegaHttpClient] 📡 POST https://zdk8budo.pegaacademy.net/prweb/api/HRAppsV2Service/V1/rules/query?pxObjClass=Rule-HTML-Section&appliesTo=Rule-Obj-ListView&pyRuleName=pyCollaborator&RequestClass=Rule-HTML-Section&RequestAppliesTo=Rule-Obj-ListView&RequestRuleName=pyCollaborator Payload: "{\"RequestClass\":\"Rule-HTML-Section\",\"RequestAppliesTo\":\"Rule-Obj-ListView\",\"RequestRuleName\":\"pyCollaborator\"}" => HTTP 404 (18 bytes)
[PegaHttpClient] 📡 POST https://zdk8budo.pegaacademy.net/prweb/PRRestService/HRAppsV2Service/V1/rules/query?pxObjClass=Rule-HTML-Section&appliesTo=Rule-Obj-ListView&pyRuleName=pyCollaborator&RequestClass=Rule-HTML-Section&RequestAppliesTo=Rule-Obj-ListView&RequestRuleName=pyCollaborator Payload: "{\"RequestClass\":\"Rule-HTML-Section\",\"RequestAppliesTo\":\"Rule-Obj-ListView\",\"RequestRuleName\":\"pyCollaborator\"}" => HTTP 404 (18 bytes)
[PegaHttpClient] 📡 POST https://zdk8budo.pegaacademy.net/prweb/api/HRAppsV2/V1/rules/query?pxObjClass=Rule-HTML-Section&appliesTo=Rule-Obj-ListView&pyRuleName=pyCollaborator&RequestClass=Rule-HTML-Section&RequestAppliesTo=Rule-Obj-ListView&RequestRuleName=pyCollaborator Payload: "{\"RequestClass\":\"Rule-HTML-Section\",\"RequestAppliesTo\":\"Rule-Obj-ListView\",\"RequestRuleName\":\"pyCollaborator\"}" => HTTP 404 (18 bytes)
[PegaHttpClient] 📡 POST https://zdk8budo.pegaacademy.net/prweb/PRRestService/HRAppsV2/V1/rules/query?pxObjClass=Rule-HTML-Section&appliesTo=Rule-Obj-ListView&pyRuleName=pyCollaborator&RequestClass=Rule-HTML-Section&RequestAppliesTo=Rule-Obj-ListView&RequestRuleName=pyCollaborator Payload: "{\"RequestClass\":\"Rule-HTML-Section\",\"RequestAppliesTo\":\"Rule-Obj-ListView\",\"RequestRuleName\":\"pyCollaborator\"}" => HTTP 404 (18 bytes)
[PegaHttpClient] 📡 POST https://zdk8budo.pegaacademy.net/prweb/api/v1/rules/query?pxObjClass=Rule-HTML-Section&appliesTo=Rule-Obj-ListView&pyRuleName=pyCollaborator&RequestClass=Rule-HTML-Section&RequestAppliesTo=Rule-Obj-ListView&RequestRuleName=pyCollaborator Payload: "{\"RequestClass\":\"Rule-HTML-Section\",\"RequestAppliesTo\":\"Rule-Obj-ListView\",\"RequestRuleName\":\"pyCollaborator\"}" => HTTP 404 (18 bytes)
[PegaHttpClient] 📡 POST https://zdk8budo.pegaacademy.net/prweb/PRRestService/v1/rules/query?pxObjClass=Rule-HTML-Section&appliesTo=Rule-Obj-ListView&pyRuleName=pyCollaborator&RequestClass=Rule-HTML-Section&RequestAppliesTo=Rule-Obj-ListView&RequestRuleName=pyCollaborator Payload: "{\"RequestClass\":\"Rule-HTML-Section\",\"RequestAppliesTo\":\"Rule-Obj-ListView\",\"RequestRuleName\":\"pyCollaborator\"}" => HTTP 404 (18 bytes)
[PegaHttpClient] 📡 POST https://zdk8budo.pegaacademy.net/prweb/api/CodeIntelligence/v1/rules/query?pxObjClass=Rule-HTML-Section&appliesTo=Rule-Obj-ListView&pyRuleName=pzDisplayPartialCount&RequestClass=Rule-HTML-Section&RequestAppliesTo=Rule-Obj-ListView&RequestRuleName=pzDisplayPartialCount Payload: "{\"RequestClass\":\"Rule-HTML-Section\",\"RequestAppliesTo\":\"Rule-Obj-ListView\",\"RequestRuleName\":\"pzDisplayPartialCount\"}" => HTTP 404 (116 bytes)
[PegaHttpClient] 📡 POST https://zdk8budo.pegaacademy.net/prweb/PRRestService/CodeIntelligence/v1/rules/query?pxObjClass=Rule-HTML-Section&appliesTo=Rule-Obj-ListView&pyRuleName=pzDisplayPartialCount&RequestClass=Rule-HTML-Section&RequestAppliesTo=Rule-Obj-ListView&RequestRuleName=pzDisplayPartialCount Payload: "{\"RequestClass\":\"Rule-HTML-Section\",\"RequestAppliesTo\":\"Rule-Obj-ListView\",\"RequestRuleName\":\"pzDisplayPartialCount\"}" => HTTP 404 (116 bytes)
[PegaHttpClient] 📡 POST https://zdk8budo.pegaacademy.net/prweb/api/HRAppsV2Service/V1/rules/query?pxObjClass=Rule-HTML-Section&appliesTo=Rule-Obj-ListView&pyRuleName=pzDisplayPartialCount&RequestClass=Rule-HTML-Section&RequestAppliesTo=Rule-Obj-ListView&RequestRuleName=pzDisplayPartialCount Payload: "{\"RequestClass\":\"Rule-HTML-Section\",\"RequestAppliesTo\":\"Rule-Obj-ListView\",\"RequestRuleName\":\"pzDisplayPartialCount\"}" => HTTP 404 (18 bytes)
[PegaHttpClient] 📡 POST https://zdk8budo.pegaacademy.net/prweb/PRRestService/HRAppsV2Service/V1/rules/query?pxObjClass=Rule-HTML-Section&appliesTo=Rule-Obj-ListView&pyRuleName=pzDisplayPartialCount&RequestClass=Rule-HTML-Section&RequestAppliesTo=Rule-Obj-ListView&RequestRuleName=pzDisplayPartialCount Payload: "{\"RequestClass\":\"Rule-HTML-Section\",\"RequestAppliesTo\":\"Rule-Obj-ListView\",\"RequestRuleName\":\"pzDisplayPartialCount\"}" => HTTP 404 (18 bytes)
[PegaHttpClient] 📡 POST https://zdk8budo.pegaacademy.net/prweb/api/HRAppsV2/V1/rules/query?pxObjClass=Rule-HTML-Section&appliesTo=Rule-Obj-ListView&pyRuleName=pzDisplayPartialCount&RequestClass=Rule-HTML-Section&RequestAppliesTo=Rule-Obj-ListView&RequestRuleName=pzDisplayPartialCount Payload: "{\"RequestClass\":\"Rule-HTML-Section\",\"RequestAppliesTo\":\"Rule-Obj-ListView\",\"RequestRuleName\":\"pzDisplayPartialCount\"}" => HTTP 404 (18 bytes)
[PegaHttpClient] 📡 POST https://zdk8budo.pegaacademy.net/prweb/PRRestService/HRAppsV2/V1/rules/query?pxObjClass=Rule-HTML-Section&appliesTo=Rule-Obj-ListView&pyRuleName=pzDisplayPartialCount&RequestClass=Rule-HTML-Section&RequestAppliesTo=Rule-Obj-ListView&RequestRuleName=pzDisplayPartialCount Payload: "{\"RequestClass\":\"Rule-HTML-Section\",\"RequestAppliesTo\":\"Rule-Obj-ListView\",\"RequestRuleName\":\"pzDisplayPartialCount\"}" => HTTP 404 (18 bytes)
[PegaHttpClient] 📡 POST https://zdk8budo.pegaacademy.net/prweb/api/v1/rules/query?pxObjClass=Rule-HTML-Section&appliesTo=Rule-Obj-ListView&pyRuleName=pzDisplayPartialCount&RequestClass=Rule-HTML-Section&RequestAppliesTo=Rule-Obj-ListView&RequestRuleName=pzDisplayPartialCount Payload: "{\"RequestClass\":\"Rule-HTML-Section\",\"RequestAppliesTo\":\"Rule-Obj-ListView\",\"RequestRuleName\":\"pzDisplayPartialCount\"}" => HTTP 404 (18 bytes)
[PegaHttpClient] 📡 POST https://zdk8budo.pegaacademy.net/prweb/PRRestService/v1/rules/query?pxObjClass=Rule-HTML-Section&appliesTo=Rule-Obj-ListView&pyRuleName=pzDisplayPartialCount&RequestClass=Rule-HTML-Section&RequestAppliesTo=Rule-Obj-ListView&RequestRuleName=pzDisplayPartialCount Payload: "{\"RequestClass\":\"Rule-HTML-Section\",\"RequestAppliesTo\":\"Rule-Obj-ListView\",\"RequestRuleName\":\"pzDisplayPartialCount\"}" => HTTP 404 (18 bytes)
[SchemaGen] ✅ Schema written for Rule-Obj-ListView
[PegaHttpClient] 📡 GET https://zdk8budo.pegaacademy.net/prweb/api/CodeIntelligence/v1/rules/RULE-HTML-HARNESS%20RULE-CATEGORY%20RULEFORM%20%2320180713T134102.168%20GMT => HTTP 200 (24768 bytes)
[PegaHttpClient] 📡 POST https://zdk8budo.pegaacademy.net/prweb/api/CodeIntelligence/v1/rules/query?pxObjClass=Rule-HTML-Section&appliesTo=Rule-Category&pyRuleName=RuleFormMain&RequestClass=Rule-HTML-Section&RequestAppliesTo=Rule-Category&RequestRuleName=RuleFormMain Payload: "{\"RequestClass\":\"Rule-HTML-Section\",\"RequestAppliesTo\":\"Rule-Category\",\"RequestRuleName\":\"RuleFormMain\"}" => HTTP 200 (156234 bytes)
[PegaHttpClient] 📡 POST https://zdk8budo.pegaacademy.net/prweb/api/CodeIntelligence/v1/rules/query?pxObjClass=Rule-HTML-Section&appliesTo=Rule-Category&pyRuleName=pxAlternateRuleForm&RequestClass=Rule-HTML-Section&RequestAppliesTo=Rule-Category&RequestRuleName=pxAlternateRuleForm Payload: "{\"RequestClass\":\"Rule-HTML-Section\",\"RequestAppliesTo\":\"Rule-Category\",\"RequestRuleName\":\"pxAlternateRuleForm\"}" => HTTP 200 (66153 bytes)
[PegaHttpClient] 📡 POST https://zdk8budo.pegaacademy.net/prweb/api/CodeIntelligence/v1/rules/query?pxObjClass=Rule-HTML-Section&appliesTo=Rule-Category&pyRuleName=pzRuleFormScripts&RequestClass=Rule-HTML-Section&RequestAppliesTo=Rule-Category&RequestRuleName=pzRuleFormScripts Payload: "{\"RequestClass\":\"Rule-HTML-Section\",\"RequestAppliesTo\":\"Rule-Category\",\"RequestRuleName\":\"pzRuleFormScripts\"}" => HTTP 200 (40822 bytes)
[PegaHttpClient] 📡 POST https://zdk8budo.pegaacademy.net/prweb/api/CodeIntelligence/v1/rules/query?pxObjClass=Rule-HTML-Section&appliesTo=Rule-Category&pyRuleName=pzRuleFormLayoutDelegated&RequestClass=Rule-HTML-Section&RequestAppliesTo=Rule-Category&RequestRuleName=pzRuleFormLayoutDelegated Payload: "{\"RequestClass\":\"Rule-HTML-Section\",\"RequestAppliesTo\":\"Rule-Category\",\"RequestRuleName\":\"pzRuleFormLayoutDelegated\"}" => HTTP 200 (70998 bytes)
[PegaHttpClient] 📡 POST https://zdk8budo.pegaacademy.net/prweb/api/CodeIntelligence/v1/rules/query?pxObjClass=Rule-HTML-Section&appliesTo=Rule-Category&pyRuleName=RuleFormLayout&RequestClass=Rule-HTML-Section&RequestAppliesTo=Rule-Category&RequestRuleName=RuleFormLayout Payload: "{\"RequestClass\":\"Rule-HTML-Section\",\"RequestAppliesTo\":\"Rule-Category\",\"RequestRuleName\":\"RuleFormLayout\"}" => HTTP 200 (60350 bytes)
[PegaHttpClient] 📡 POST https://zdk8budo.pegaacademy.net/prweb/api/CodeIntelligence/v1/rules/query?pxObjClass=Rule-HTML-Section&appliesTo=Rule-Category&pyRuleName=RuleFormSettings&RequestClass=Rule-HTML-Section&RequestAppliesTo=Rule-Category&RequestRuleName=RuleFormSettings Payload: "{\"RequestClass\":\"Rule-HTML-Section\",\"RequestAppliesTo\":\"Rule-Category\",\"RequestRuleName\":\"RuleFormSettings\"}" => HTTP 200 (20540 bytes)
[PegaHttpClient] 📡 POST https://zdk8budo.pegaacademy.net/prweb/api/CodeIntelligence/v1/rules/query?pxObjClass=Rule-HTML-Section&appliesTo=Rule-Category&pyRuleName=OpenAuthoring&RequestClass=Rule-HTML-Section&RequestAppliesTo=Rule-Category&RequestRuleName=OpenAuthoring Payload: "{\"RequestClass\":\"Rule-HTML-Section\",\"RequestAppliesTo\":\"Rule-Category\",\"RequestRuleName\":\"OpenAuthoring\"}" => HTTP 200 (23695 bytes)
[PegaHttpClient] 📡 POST https://zdk8budo.pegaacademy.net/prweb/api/CodeIntelligence/v1/rules/query?pxObjClass=Rule-HTML-Section&appliesTo=Rule-Category&pyRuleName=pyCustomHelp&RequestClass=Rule-HTML-Section&RequestAppliesTo=Rule-Category&RequestRuleName=pyCustomHelp Payload: "{\"RequestClass\":\"Rule-HTML-Section\",\"RequestAppliesTo\":\"Rule-Category\",\"RequestRuleName\":\"pyCustomHelp\"}" => HTTP 200 (17256 bytes)
[PegaHttpClient] 📡 POST https://zdk8budo.pegaacademy.net/prweb/api/CodeIntelligence/v1/rules/query?pxObjClass=Rule-HTML-Section&appliesTo=Rule-Category&pyRuleName=pzRuleformMainInclude&RequestClass=Rule-HTML-Section&RequestAppliesTo=Rule-Category&RequestRuleName=pzRuleformMainInclude Payload: "{\"RequestClass\":\"Rule-HTML-Section\",\"RequestAppliesTo\":\"Rule-Category\",\"RequestRuleName\":\"pzRuleformMainInclude\"}" => HTTP 200 (22375 bytes)
[PegaHttpClient] 📡 POST https://zdk8budo.pegaacademy.net/prweb/api/CodeIntelligence/v1/rules/query?pxObjClass=Rule-HTML-Section&appliesTo=Rule-Category&pyRuleName=pyAlternativeRuleFormStrategicAppExtension&RequestClass=Rule-HTML-Section&RequestAppliesTo=Rule-Category&RequestRuleName=pyAlternativeRuleFormStrategicAppExtension Payload: "{\"RequestClass\":\"Rule-HTML-Section\",\"RequestAppliesTo\":\"Rule-Category\",\"RequestRuleName\":\"pyAlternativeRuleFormStrategicAppExtension\"}" => HTTP 200 (25042 bytes)
[PegaHttpClient] 📡 POST https://zdk8budo.pegaacademy.net/prweb/api/CodeIntelligence/v1/rules/query?pxObjClass=Rule-HTML-Section&appliesTo=Rule-Category&pyRuleName=pyAlternativeRuleFormExtension&RequestClass=Rule-HTML-Section&RequestAppliesTo=Rule-Category&RequestRuleName=pyAlternativeRuleFormExtension Payload: "{\"RequestClass\":\"Rule-HTML-Section\",\"RequestAppliesTo\":\"Rule-Category\",\"RequestRuleName\":\"pyAlternativeRuleFormExtension\"}" => HTTP 200 (24863 bytes)
[PegaHttpClient] 📡 POST https://zdk8budo.pegaacademy.net/prweb/api/CodeIntelligence/v1/rules/query?pxObjClass=Rule-HTML-Section&appliesTo=Rule-Category&pyRuleName=RuleFormHeader&RequestClass=Rule-HTML-Section&RequestAppliesTo=Rule-Category&RequestRuleName=RuleFormHeader Payload: "{\"RequestClass\":\"Rule-HTML-Section\",\"RequestAppliesTo\":\"Rule-Category\",\"RequestRuleName\":\"RuleFormHeader\"}" => HTTP 200 (183800 bytes)
[PegaHttpClient] 📡 POST https://zdk8budo.pegaacademy.net/prweb/api/CodeIntelligence/v1/rules/query?pxObjClass=Rule-HTML-Section&appliesTo=Rule-Category&pyRuleName=pzDelegationExperience&RequestClass=Rule-HTML-Section&RequestAppliesTo=Rule-Category&RequestRuleName=pzDelegationExperience Payload: "{\"RequestClass\":\"Rule-HTML-Section\",\"RequestAppliesTo\":\"Rule-Category\",\"RequestRuleName\":\"pzDelegationExperience\"}" => HTTP 404 (113 bytes)
[PegaHttpClient] 📡 POST https://zdk8budo.pegaacademy.net/prweb/PRRestService/CodeIntelligence/v1/rules/query?pxObjClass=Rule-HTML-Section&appliesTo=Rule-Category&pyRuleName=pzDelegationExperience&RequestClass=Rule-HTML-Section&RequestAppliesTo=Rule-Category&RequestRuleName=pzDelegationExperience Payload: "{\"RequestClass\":\"Rule-HTML-Section\",\"RequestAppliesTo\":\"Rule-Category\",\"RequestRuleName\":\"pzDelegationExperience\"}" => HTTP 404 (113 bytes)
[PegaHttpClient] 📡 POST https://zdk8budo.pegaacademy.net/prweb/api/HRAppsV2Service/V1/rules/query?pxObjClass=Rule-HTML-Section&appliesTo=Rule-Category&pyRuleName=pzDelegationExperience&RequestClass=Rule-HTML-Section&RequestAppliesTo=Rule-Category&RequestRuleName=pzDelegationExperience Payload: "{\"RequestClass\":\"Rule-HTML-Section\",\"RequestAppliesTo\":\"Rule-Category\",\"RequestRuleName\":\"pzDelegationExperience\"}" => HTTP 404 (18 bytes)
[PegaHttpClient] 📡 POST https://zdk8budo.pegaacademy.net/prweb/PRRestService/HRAppsV2Service/V1/rules/query?pxObjClass=Rule-HTML-Section&appliesTo=Rule-Category&pyRuleName=pzDelegationExperience&RequestClass=Rule-HTML-Section&RequestAppliesTo=Rule-Category&RequestRuleName=pzDelegationExperience Payload: "{\"RequestClass\":\"Rule-HTML-Section\",\"RequestAppliesTo\":\"Rule-Category\",\"RequestRuleName\":\"pzDelegationExperience\"}" => HTTP 404 (18 bytes)
[PegaHttpClient] 📡 POST https://zdk8budo.pegaacademy.net/prweb/api/HRAppsV2/V1/rules/query?pxObjClass=Rule-HTML-Section&appliesTo=Rule-Category&pyRuleName=pzDelegationExperience&RequestClass=Rule-HTML-Section&RequestAppliesTo=Rule-Category&RequestRuleName=pzDelegationExperience Payload: "{\"RequestClass\":\"Rule-HTML-Section\",\"RequestAppliesTo\":\"Rule-Category\",\"RequestRuleName\":\"pzDelegationExperience\"}" => HTTP 404 (18 bytes)
[PegaHttpClient] 📡 POST https://zdk8budo.pegaacademy.net/prweb/PRRestService/HRAppsV2/V1/rules/query?pxObjClass=Rule-HTML-Section&appliesTo=Rule-Category&pyRuleName=pzDelegationExperience&RequestClass=Rule-HTML-Section&RequestAppliesTo=Rule-Category&RequestRuleName=pzDelegationExperience Payload: "{\"RequestClass\":\"Rule-HTML-Section\",\"RequestAppliesTo\":\"Rule-Category\",\"RequestRuleName\":\"pzDelegationExperience\"}" => HTTP 404 (18 bytes)
[PegaHttpClient] 📡 POST https://zdk8budo.pegaacademy.net/prweb/api/v1/rules/query?pxObjClass=Rule-HTML-Section&appliesTo=Rule-Category&pyRuleName=pzDelegationExperience&RequestClass=Rule-HTML-Section&RequestAppliesTo=Rule-Category&RequestRuleName=pzDelegationExperience Payload: "{\"RequestClass\":\"Rule-HTML-Section\",\"RequestAppliesTo\":\"Rule-Category\",\"RequestRuleName\":\"pzDelegationExperience\"}" => HTTP 404 (18 bytes)
[PegaHttpClient] 📡 POST https://zdk8budo.pegaacademy.net/prweb/PRRestService/v1/rules/query?pxObjClass=Rule-HTML-Section&appliesTo=Rule-Category&pyRuleName=pzDelegationExperience&RequestClass=Rule-HTML-Section&RequestAppliesTo=Rule-Category&RequestRuleName=pzDelegationExperience Payload: "{\"RequestClass\":\"Rule-HTML-Section\",\"RequestAppliesTo\":\"Rule-Category\",\"RequestRuleName\":\"pzDelegationExperience\"}" => HTTP 404 (18 bytes)
[PegaHttpClient] 📡 POST https://zdk8budo.pegaacademy.net/prweb/api/CodeIntelligence/v1/rules/query?pxObjClass=Rule-HTML-Section&appliesTo=Rule-Category&pyRuleName=pzCategoryTab&RequestClass=Rule-HTML-Section&RequestAppliesTo=Rule-Category&RequestRuleName=pzCategoryTab Payload: "{\"RequestClass\":\"Rule-HTML-Section\",\"RequestAppliesTo\":\"Rule-Category\",\"RequestRuleName\":\"pzCategoryTab\"}" => HTTP 200 (23769 bytes)
[PegaHttpClient] 📡 POST https://zdk8budo.pegaacademy.net/prweb/api/CodeIntelligence/v1/rules/query?pxObjClass=Rule-HTML-Section&appliesTo=Rule-Category&pyRuleName=pzSpecifications&RequestClass=Rule-HTML-Section&RequestAppliesTo=Rule-Category&RequestRuleName=pzSpecifications Payload: "{\"RequestClass\":\"Rule-HTML-Section\",\"RequestAppliesTo\":\"Rule-Category\",\"RequestRuleName\":\"pzSpecifications\"}" => HTTP 200 (16577 bytes)
[PegaHttpClient] 📡 POST https://zdk8budo.pegaacademy.net/prweb/api/CodeIntelligence/v1/rules/query?pxObjClass=Rule-HTML-Section&appliesTo=Rule-Category&pyRuleName=RuleFormHistory&RequestClass=Rule-HTML-Section&RequestAppliesTo=Rule-Category&RequestRuleName=RuleFormHistory Payload: "{\"RequestClass\":\"Rule-HTML-Section\",\"RequestAppliesTo\":\"Rule-Category\",\"RequestRuleName\":\"RuleFormHistory\"}" => HTTP 200 (76091 bytes)
[PegaHttpClient] 📡 POST https://zdk8budo.pegaacademy.net/prweb/api/CodeIntelligence/v1/rules/query?pxObjClass=Rule-HTML-Section&appliesTo=Rule-Category&pyRuleName=pzCustomHelp&RequestClass=Rule-HTML-Section&RequestAppliesTo=Rule-Category&RequestRuleName=pzCustomHelp Payload: "{\"RequestClass\":\"Rule-HTML-Section\",\"RequestAppliesTo\":\"Rule-Category\",\"RequestRuleName\":\"pzCustomHelp\"}" => HTTP 200 (31573 bytes)
[PegaHttpClient] 📡 POST https://zdk8budo.pegaacademy.net/prweb/api/CodeIntelligence/v1/rules/query?pxObjClass=Rule-HTML-Section&appliesTo=Rule-Category&pyRuleName=pzRuleFormKeysAndDescription&RequestClass=Rule-HTML-Section&RequestAppliesTo=Rule-Category&RequestRuleName=pzRuleFormKeysAndDescription Payload: "{\"RequestClass\":\"Rule-HTML-Section\",\"RequestAppliesTo\":\"Rule-Category\",\"RequestRuleName\":\"pzRuleFormKeysAndDescription\"}" => HTTP 200 (218057 bytes)
[PegaHttpClient] 📡 POST https://zdk8budo.pegaacademy.net/prweb/api/CodeIntelligence/v1/rules/query?pxObjClass=Rule-HTML-Section&appliesTo=Rule-Category&pyRuleName=pzRuleFormRuleset&RequestClass=Rule-HTML-Section&RequestAppliesTo=Rule-Category&RequestRuleName=pzRuleFormRuleset Payload: "{\"RequestClass\":\"Rule-HTML-Section\",\"RequestAppliesTo\":\"Rule-Category\",\"RequestRuleName\":\"pzRuleFormRuleset\"}" => HTTP 200 (33985 bytes)
[PegaHttpClient] 📡 POST https://zdk8budo.pegaacademy.net/prweb/api/CodeIntelligence/v1/rules/query?pxObjClass=Rule-HTML-Section&appliesTo=Rule-Category&pyRuleName=undefined&RequestClass=Rule-HTML-Section&RequestAppliesTo=Rule-Category&RequestRuleName=undefined Payload: "{\"RequestClass\":\"Rule-HTML-Section\",\"RequestAppliesTo\":\"Rule-Category\",\"RequestRuleName\":\"undefined\"}" => HTTP 404 (100 bytes)
[PegaHttpClient] 📡 POST https://zdk8budo.pegaacademy.net/prweb/PRRestService/CodeIntelligence/v1/rules/query?pxObjClass=Rule-HTML-Section&appliesTo=Rule-Category&pyRuleName=undefined&RequestClass=Rule-HTML-Section&RequestAppliesTo=Rule-Category&RequestRuleName=undefined Payload: "{\"RequestClass\":\"Rule-HTML-Section\",\"RequestAppliesTo\":\"Rule-Category\",\"RequestRuleName\":\"undefined\"}" => HTTP 404 (100 bytes)
[PegaHttpClient] 📡 POST https://zdk8budo.pegaacademy.net/prweb/api/HRAppsV2Service/V1/rules/query?pxObjClass=Rule-HTML-Section&appliesTo=Rule-Category&pyRuleName=undefined&RequestClass=Rule-HTML-Section&RequestAppliesTo=Rule-Category&RequestRuleName=undefined Payload: "{\"RequestClass\":\"Rule-HTML-Section\",\"RequestAppliesTo\":\"Rule-Category\",\"RequestRuleName\":\"undefined\"}" => HTTP 404 (18 bytes)
[PegaHttpClient] 📡 POST https://zdk8budo.pegaacademy.net/prweb/PRRestService/HRAppsV2Service/V1/rules/query?pxObjClass=Rule-HTML-Section&appliesTo=Rule-Category&pyRuleName=undefined&RequestClass=Rule-HTML-Section&RequestAppliesTo=Rule-Category&RequestRuleName=undefined Payload: "{\"RequestClass\":\"Rule-HTML-Section\",\"RequestAppliesTo\":\"Rule-Category\",\"RequestRuleName\":\"undefined\"}" => HTTP 404 (18 bytes)
[PegaHttpClient] 📡 POST https://zdk8budo.pegaacademy.net/prweb/api/HRAppsV2/V1/rules/query?pxObjClass=Rule-HTML-Section&appliesTo=Rule-Category&pyRuleName=undefined&RequestClass=Rule-HTML-Section&RequestAppliesTo=Rule-Category&RequestRuleName=undefined Payload: "{\"RequestClass\":\"Rule-HTML-Section\",\"RequestAppliesTo\":\"Rule-Category\",\"RequestRuleName\":\"undefined\"}" => HTTP 404 (18 bytes)
[PegaHttpClient] 📡 POST https://zdk8budo.pegaacademy.net/prweb/PRRestService/HRAppsV2/V1/rules/query?pxObjClass=Rule-HTML-Section&appliesTo=Rule-Category&pyRuleName=undefined&RequestClass=Rule-HTML-Section&RequestAppliesTo=Rule-Category&RequestRuleName=undefined Payload: "{\"RequestClass\":\"Rule-HTML-Section\",\"RequestAppliesTo\":\"Rule-Category\",\"RequestRuleName\":\"undefined\"}" => HTTP 404 (18 bytes)
[PegaHttpClient] 📡 POST https://zdk8budo.pegaacademy.net/prweb/api/v1/rules/query?pxObjClass=Rule-HTML-Section&appliesTo=Rule-Category&pyRuleName=undefined&RequestClass=Rule-HTML-Section&RequestAppliesTo=Rule-Category&RequestRuleName=undefined Payload: "{\"RequestClass\":\"Rule-HTML-Section\",\"RequestAppliesTo\":\"Rule-Category\",\"RequestRuleName\":\"undefined\"}" => HTTP 404 (18 bytes)
[PegaHttpClient] 📡 POST https://zdk8budo.pegaacademy.net/prweb/PRRestService/v1/rules/query?pxObjClass=Rule-HTML-Section&appliesTo=Rule-Category&pyRuleName=undefined&RequestClass=Rule-HTML-Section&RequestAppliesTo=Rule-Category&RequestRuleName=undefined Payload: "{\"RequestClass\":\"Rule-HTML-Section\",\"RequestAppliesTo\":\"Rule-Category\",\"RequestRuleName\":\"undefined\"}" => HTTP 404 (18 bytes)
[PegaHttpClient] 📡 POST https://zdk8budo.pegaacademy.net/prweb/api/CodeIntelligence/v1/rules/query?pxObjClass=Rule-HTML-Section&appliesTo=Rule-Category&pyRuleName=pzRuleFormToolbar&RequestClass=Rule-HTML-Section&RequestAppliesTo=Rule-Category&RequestRuleName=pzRuleFormToolbar Payload: "{\"RequestClass\":\"Rule-HTML-Section\",\"RequestAppliesTo\":\"Rule-Category\",\"RequestRuleName\":\"pzRuleFormToolbar\"}" => HTTP 200 (242691 bytes)
[PegaHttpClient] 📡 POST https://zdk8budo.pegaacademy.net/prweb/api/CodeIntelligence/v1/rules/query?pxObjClass=Rule-HTML-Section&appliesTo=Rule-Category&pyRuleName=pzRuleFormToolbarCompare&RequestClass=Rule-HTML-Section&RequestAppliesTo=Rule-Category&RequestRuleName=pzRuleFormToolbarCompare Payload: "{\"RequestClass\":\"Rule-HTML-Section\",\"RequestAppliesTo\":\"Rule-Category\",\"RequestRuleName\":\"pzRuleFormToolbarCompare\"}" => HTTP 200 (61925 bytes)
[PegaHttpClient] 📡 POST https://zdk8budo.pegaacademy.net/prweb/api/CodeIntelligence/v1/rules/query?pxObjClass=Rule-HTML-Section&appliesTo=Rule-Category&pyRuleName=RuleFormHeaderMessages&RequestClass=Rule-HTML-Section&RequestAppliesTo=Rule-Category&RequestRuleName=RuleFormHeaderMessages Payload: "{\"RequestClass\":\"Rule-HTML-Section\",\"RequestAppliesTo\":\"Rule-Category\",\"RequestRuleName\":\"RuleFormHeaderMessages\"}" => HTTP 200 (26518 bytes)
[PegaHttpClient] 📡 POST https://zdk8budo.pegaacademy.net/prweb/api/CodeIntelligence/v1/rules/query?pxObjClass=Rule-HTML-Section&appliesTo=Rule-Category&pyRuleName=pzSpecificationsInner&RequestClass=Rule-HTML-Section&RequestAppliesTo=Rule-Category&RequestRuleName=pzSpecificationsInner Payload: "{\"RequestClass\":\"Rule-HTML-Section\",\"RequestAppliesTo\":\"Rule-Category\",\"RequestRuleName\":\"pzSpecificationsInner\"}" => HTTP 200 (142370 bytes)
[PegaHttpClient] 📡 POST https://zdk8budo.pegaacademy.net/prweb/api/CodeIntelligence/v1/rules/query?pxObjClass=Rule-HTML-Section&appliesTo=Rule-Category&pyRuleName=pzAlternateRuleInfo&RequestClass=Rule-HTML-Section&RequestAppliesTo=Rule-Category&RequestRuleName=pzAlternateRuleInfo Payload: "{\"RequestClass\":\"Rule-HTML-Section\",\"RequestAppliesTo\":\"Rule-Category\",\"RequestRuleName\":\"pzAlternateRuleInfo\"}" => HTTP 200 (140407 bytes)
[PegaHttpClient] 📡 POST https://zdk8budo.pegaacademy.net/prweb/api/CodeIntelligence/v1/rules/query?pxObjClass=Rule-HTML-Section&appliesTo=Rule-Category&pyRuleName=RuleFormHistory_Description&RequestClass=Rule-HTML-Section&RequestAppliesTo=Rule-Category&RequestRuleName=RuleFormHistory_Description Payload: "{\"RequestClass\":\"Rule-HTML-Section\",\"RequestAppliesTo\":\"Rule-Category\",\"RequestRuleName\":\"RuleFormHistory_Description\"}" => HTTP 200 (46242 bytes)
[PegaHttpClient] 📡 POST https://zdk8budo.pegaacademy.net/prweb/api/CodeIntelligence/v1/rules/query?pxObjClass=Rule-HTML-Section&appliesTo=Rule-Category&pyRuleName=RuleFormHistory_CustomFields&RequestClass=Rule-HTML-Section&RequestAppliesTo=Rule-Category&RequestRuleName=RuleFormHistory_CustomFields Payload: "{\"RequestClass\":\"Rule-HTML-Section\",\"RequestAppliesTo\":\"Rule-Category\",\"RequestRuleName\":\"RuleFormHistory_CustomFields\"}" => HTTP 200 (75856 bytes)
[PegaHttpClient] 📡 POST https://zdk8budo.pegaacademy.net/prweb/api/CodeIntelligence/v1/rules/query?pxObjClass=Rule-HTML-Section&appliesTo=Rule-Category&pyRuleName=RuleFormHistory_HistoryDetails&RequestClass=Rule-HTML-Section&RequestAppliesTo=Rule-Category&RequestRuleName=RuleFormHistory_HistoryDetails Payload: "{\"RequestClass\":\"Rule-HTML-Section\",\"RequestAppliesTo\":\"Rule-Category\",\"RequestRuleName\":\"RuleFormHistory_HistoryDetails\"}" => HTTP 200 (179535 bytes)
[PegaHttpClient] 📡 POST https://zdk8budo.pegaacademy.net/prweb/api/CodeIntelligence/v1/rules/query?pxObjClass=Rule-HTML-Section&appliesTo=Rule-Category&pyRuleName=pzRuleFormStatus&RequestClass=Rule-HTML-Section&RequestAppliesTo=Rule-Category&RequestRuleName=pzRuleFormStatus Payload: "{\"RequestClass\":\"Rule-HTML-Section\",\"RequestAppliesTo\":\"Rule-Category\",\"RequestRuleName\":\"pzRuleFormStatus\"}" => HTTP 200 (97627 bytes)
[PegaHttpClient] 📡 POST https://zdk8budo.pegaacademy.net/prweb/api/CodeIntelligence/v1/rules/query?pxObjClass=Rule-HTML-Section&appliesTo=Rule-Category&pyRuleName=pzRuleFormHeaderCompareWithDropDown&RequestClass=Rule-HTML-Section&RequestAppliesTo=Rule-Category&RequestRuleName=pzRuleFormHeaderCompareWithDropDown Payload: "{\"RequestClass\":\"Rule-HTML-Section\",\"RequestAppliesTo\":\"Rule-Category\",\"RequestRuleName\":\"pzRuleFormHeaderCompareWithDropDown\"}" => HTTP 200 (25396 bytes)
[PegaHttpClient] 📡 POST https://zdk8budo.pegaacademy.net/prweb/api/CodeIntelligence/v1/rules/query?pxObjClass=Rule-HTML-Section&appliesTo=Rule-Category&pyRuleName=undefined&RequestClass=Rule-HTML-Section&RequestAppliesTo=Rule-Category&RequestRuleName=undefined Payload: "{\"RequestClass\":\"Rule-HTML-Section\",\"RequestAppliesTo\":\"Rule-Category\",\"RequestRuleName\":\"undefined\"}" => HTTP 404 (100 bytes)
[PegaHttpClient] 📡 POST https://zdk8budo.pegaacademy.net/prweb/PRRestService/CodeIntelligence/v1/rules/query?pxObjClass=Rule-HTML-Section&appliesTo=Rule-Category&pyRuleName=undefined&RequestClass=Rule-HTML-Section&RequestAppliesTo=Rule-Category&RequestRuleName=undefined Payload: "{\"RequestClass\":\"Rule-HTML-Section\",\"RequestAppliesTo\":\"Rule-Category\",\"RequestRuleName\":\"undefined\"}" => HTTP 404 (100 bytes)
[PegaHttpClient] 📡 POST https://zdk8budo.pegaacademy.net/prweb/api/HRAppsV2Service/V1/rules/query?pxObjClass=Rule-HTML-Section&appliesTo=Rule-Category&pyRuleName=undefined&RequestClass=Rule-HTML-Section&RequestAppliesTo=Rule-Category&RequestRuleName=undefined Payload: "{\"RequestClass\":\"Rule-HTML-Section\",\"RequestAppliesTo\":\"Rule-Category\",\"RequestRuleName\":\"undefined\"}" => HTTP 404 (18 bytes)
[PegaHttpClient] 📡 POST https://zdk8budo.pegaacademy.net/prweb/PRRestService/HRAppsV2Service/V1/rules/query?pxObjClass=Rule-HTML-Section&appliesTo=Rule-Category&pyRuleName=undefined&RequestClass=Rule-HTML-Section&RequestAppliesTo=Rule-Category&RequestRuleName=undefined Payload: "{\"RequestClass\":\"Rule-HTML-Section\",\"RequestAppliesTo\":\"Rule-Category\",\"RequestRuleName\":\"undefined\"}" => HTTP 404 (18 bytes)
[PegaHttpClient] 📡 POST https://zdk8budo.pegaacademy.net/prweb/api/HRAppsV2/V1/rules/query?pxObjClass=Rule-HTML-Section&appliesTo=Rule-Category&pyRuleName=undefined&RequestClass=Rule-HTML-Section&RequestAppliesTo=Rule-Category&RequestRuleName=undefined Payload: "{\"RequestClass\":\"Rule-HTML-Section\",\"RequestAppliesTo\":\"Rule-Category\",\"RequestRuleName\":\"undefined\"}" => HTTP 404 (18 bytes)
[PegaHttpClient] 📡 POST https://zdk8budo.pegaacademy.net/prweb/PRRestService/HRAppsV2/V1/rules/query?pxObjClass=Rule-HTML-Section&appliesTo=Rule-Category&pyRuleName=undefined&RequestClass=Rule-HTML-Section&RequestAppliesTo=Rule-Category&RequestRuleName=undefined Payload: "{\"RequestClass\":\"Rule-HTML-Section\",\"RequestAppliesTo\":\"Rule-Category\",\"RequestRuleName\":\"undefined\"}" => HTTP 404 (18 bytes)
[PegaHttpClient] 📡 POST https://zdk8budo.pegaacademy.net/prweb/api/v1/rules/query?pxObjClass=Rule-HTML-Section&appliesTo=Rule-Category&pyRuleName=undefined&RequestClass=Rule-HTML-Section&RequestAppliesTo=Rule-Category&RequestRuleName=undefined Payload: "{\"RequestClass\":\"Rule-HTML-Section\",\"RequestAppliesTo\":\"Rule-Category\",\"RequestRuleName\":\"undefined\"}" => HTTP 404 (18 bytes)
[PegaHttpClient] 📡 POST https://zdk8budo.pegaacademy.net/prweb/PRRestService/v1/rules/query?pxObjClass=Rule-HTML-Section&appliesTo=Rule-Category&pyRuleName=undefined&RequestClass=Rule-HTML-Section&RequestAppliesTo=Rule-Category&RequestRuleName=undefined Payload: "{\"RequestClass\":\"Rule-HTML-Section\",\"RequestAppliesTo\":\"Rule-Category\",\"RequestRuleName\":\"undefined\"}" => HTTP 404 (18 bytes)
[PegaHttpClient] 📡 POST https://zdk8budo.pegaacademy.net/prweb/api/CodeIntelligence/v1/rules/query?pxObjClass=Rule-HTML-Section&appliesTo=Rule-Category&pyRuleName=pzRuleFormToolbarHotKeys&RequestClass=Rule-HTML-Section&RequestAppliesTo=Rule-Category&RequestRuleName=pzRuleFormToolbarHotKeys Payload: "{\"RequestClass\":\"Rule-HTML-Section\",\"RequestAppliesTo\":\"Rule-Category\",\"RequestRuleName\":\"pzRuleFormToolbarHotKeys\"}" => HTTP 200 (85058 bytes)
[PegaHttpClient] 📡 POST https://zdk8budo.pegaacademy.net/prweb/api/CodeIntelligence/v1/rules/query?pxObjClass=Rule-HTML-Section&appliesTo=Rule-Category&pyRuleName=pzRuleFormToolbarLockedIcon&RequestClass=Rule-HTML-Section&RequestAppliesTo=Rule-Category&RequestRuleName=pzRuleFormToolbarLockedIcon Payload: "{\"RequestClass\":\"Rule-HTML-Section\",\"RequestAppliesTo\":\"Rule-Category\",\"RequestRuleName\":\"pzRuleFormToolbarLockedIcon\"}" => HTTP 200 (24898 bytes)
[PegaHttpClient] 📡 POST https://zdk8budo.pegaacademy.net/prweb/api/CodeIntelligence/v1/rules/query?pxObjClass=Rule-HTML-Section&appliesTo=Rule-Category&pyRuleName=pzRuleFormToolbarCollaborators&RequestClass=Rule-HTML-Section&RequestAppliesTo=Rule-Category&RequestRuleName=pzRuleFormToolbarCollaborators Payload: "{\"RequestClass\":\"Rule-HTML-Section\",\"RequestAppliesTo\":\"Rule-Category\",\"RequestRuleName\":\"pzRuleFormToolbarCollaborators\"}" => HTTP 200 (15254 bytes)
[PegaHttpClient] 📡 POST https://zdk8budo.pegaacademy.net/prweb/api/CodeIntelligence/v1/rules/query?pxObjClass=Rule-HTML-Section&appliesTo=Rule-Category&pyRuleName=pzRuleFormToolbarSaveAs&RequestClass=Rule-HTML-Section&RequestAppliesTo=Rule-Category&RequestRuleName=pzRuleFormToolbarSaveAs Payload: "{\"RequestClass\":\"Rule-HTML-Section\",\"RequestAppliesTo\":\"Rule-Category\",\"RequestRuleName\":\"pzRuleFormToolbarSaveAs\"}" => HTTP 200 (64084 bytes)
[PegaHttpClient] 📡 POST https://zdk8budo.pegaacademy.net/prweb/api/CodeIntelligence/v1/rules/query?pxObjClass=Rule-HTML-Section&appliesTo=Rule-Category&pyRuleName=pzRuleFormToolbarCheckin&RequestClass=Rule-HTML-Section&RequestAppliesTo=Rule-Category&RequestRuleName=pzRuleFormToolbarCheckin Payload: "{\"RequestClass\":\"Rule-HTML-Section\",\"RequestAppliesTo\":\"Rule-Category\",\"RequestRuleName\":\"pzRuleFormToolbarCheckin\"}" => HTTP 200 (119096 bytes)
[PegaHttpClient] 📡 POST https://zdk8budo.pegaacademy.net/prweb/api/CodeIntelligence/v1/rules/query?pxObjClass=Rule-HTML-Section&appliesTo=Rule-Category&pyRuleName=pzRuleFormToolbarDelete&RequestClass=Rule-HTML-Section&RequestAppliesTo=Rule-Category&RequestRuleName=pzRuleFormToolbarDelete Payload: "{\"RequestClass\":\"Rule-HTML-Section\",\"RequestAppliesTo\":\"Rule-Category\",\"RequestRuleName\":\"pzRuleFormToolbarDelete\"}" => HTTP 200 (30249 bytes)
[PegaHttpClient] 📡 POST https://zdk8budo.pegaacademy.net/prweb/api/CodeIntelligence/v1/rules/query?pxObjClass=Rule-HTML-Section&appliesTo=Rule-Category&pyRuleName=pzRuleFormToolbarSave&RequestClass=Rule-HTML-Section&RequestAppliesTo=Rule-Category&RequestRuleName=pzRuleFormToolbarSave Payload: "{\"RequestClass\":\"Rule-HTML-Section\",\"RequestAppliesTo\":\"Rule-Category\",\"RequestRuleName\":\"pzRuleFormToolbarSave\"}" => HTTP 200 (293885 bytes)
[PegaHttpClient] 📡 POST https://zdk8budo.pegaacademy.net/prweb/api/CodeIntelligence/v1/rules/query?pxObjClass=Rule-HTML-Section&appliesTo=Rule-Category&pyRuleName=pzRuleFormToolbarCheckout&RequestClass=Rule-HTML-Section&RequestAppliesTo=Rule-Category&RequestRuleName=pzRuleFormToolbarCheckout Payload: "{\"RequestClass\":\"Rule-HTML-Section\",\"RequestAppliesTo\":\"Rule-Category\",\"RequestRuleName\":\"pzRuleFormToolbarCheckout\"}" => HTTP 200 (238148 bytes)
[PegaHttpClient] 📡 POST https://zdk8budo.pegaacademy.net/prweb/api/CodeIntelligence/v1/rules/query?pxObjClass=Rule-HTML-Section&appliesTo=Rule-Category&pyRuleName=pzRemoveErrorsDataPage&RequestClass=Rule-HTML-Section&RequestAppliesTo=Rule-Category&RequestRuleName=pzRemoveErrorsDataPage Payload: "{\"RequestClass\":\"Rule-HTML-Section\",\"RequestAppliesTo\":\"Rule-Category\",\"RequestRuleName\":\"pzRemoveErrorsDataPage\"}" => HTTP 200 (16733 bytes)
[PegaHttpClient] 📡 POST https://zdk8budo.pegaacademy.net/prweb/api/CodeIntelligence/v1/rules/query?pxObjClass=Rule-HTML-Section&appliesTo=Rule-Category&pyRuleName=pzRuleFormHeaderMessagesWrapper&RequestClass=Rule-HTML-Section&RequestAppliesTo=Rule-Category&RequestRuleName=pzRuleFormHeaderMessagesWrapper Payload: "{\"RequestClass\":\"Rule-HTML-Section\",\"RequestAppliesTo\":\"Rule-Category\",\"RequestRuleName\":\"pzRuleFormHeaderMessagesWrapper\"}" => HTTP 200 (16981 bytes)
[PegaHttpClient] 📡 POST https://zdk8budo.pegaacademy.net/prweb/api/CodeIntelligence/v1/rules/query?pxObjClass=Rule-HTML-Section&appliesTo=Rule-Category&pyRuleName=pzSpecificationName&RequestClass=Rule-HTML-Section&RequestAppliesTo=Rule-Category&RequestRuleName=pzSpecificationName Payload: "{\"RequestClass\":\"Rule-HTML-Section\",\"RequestAppliesTo\":\"Rule-Category\",\"RequestRuleName\":\"pzSpecificationName\"}" => HTTP 404 (110 bytes)
[PegaHttpClient] 📡 POST https://zdk8budo.pegaacademy.net/prweb/PRRestService/CodeIntelligence/v1/rules/query?pxObjClass=Rule-HTML-Section&appliesTo=Rule-Category&pyRuleName=pzSpecificationName&RequestClass=Rule-HTML-Section&RequestAppliesTo=Rule-Category&RequestRuleName=pzSpecificationName Payload: "{\"RequestClass\":\"Rule-HTML-Section\",\"RequestAppliesTo\":\"Rule-Category\",\"RequestRuleName\":\"pzSpecificationName\"}" => HTTP 404 (110 bytes)
[PegaHttpClient] 📡 POST https://zdk8budo.pegaacademy.net/prweb/api/HRAppsV2Service/V1/rules/query?pxObjClass=Rule-HTML-Section&appliesTo=Rule-Category&pyRuleName=pzSpecificationName&RequestClass=Rule-HTML-Section&RequestAppliesTo=Rule-Category&RequestRuleName=pzSpecificationName Payload: "{\"RequestClass\":\"Rule-HTML-Section\",\"RequestAppliesTo\":\"Rule-Category\",\"RequestRuleName\":\"pzSpecificationName\"}" => HTTP 404 (18 bytes)
[PegaHttpClient] 📡 POST https://zdk8budo.pegaacademy.net/prweb/PRRestService/HRAppsV2Service/V1/rules/query?pxObjClass=Rule-HTML-Section&appliesTo=Rule-Category&pyRuleName=pzSpecificationName&RequestClass=Rule-HTML-Section&RequestAppliesTo=Rule-Category&RequestRuleName=pzSpecificationName Payload: "{\"RequestClass\":\"Rule-HTML-Section\",\"RequestAppliesTo\":\"Rule-Category\",\"RequestRuleName\":\"pzSpecificationName\"}" => HTTP 404 (18 bytes)
[PegaHttpClient] 📡 POST https://zdk8budo.pegaacademy.net/prweb/api/HRAppsV2/V1/rules/query?pxObjClass=Rule-HTML-Section&appliesTo=Rule-Category&pyRuleName=pzSpecificationName&RequestClass=Rule-HTML-Section&RequestAppliesTo=Rule-Category&RequestRuleName=pzSpecificationName Payload: "{\"RequestClass\":\"Rule-HTML-Section\",\"RequestAppliesTo\":\"Rule-Category\",\"RequestRuleName\":\"pzSpecificationName\"}" => HTTP 404 (18 bytes)
[PegaHttpClient] 📡 POST https://zdk8budo.pegaacademy.net/prweb/PRRestService/HRAppsV2/V1/rules/query?pxObjClass=Rule-HTML-Section&appliesTo=Rule-Category&pyRuleName=pzSpecificationName&RequestClass=Rule-HTML-Section&RequestAppliesTo=Rule-Category&RequestRuleName=pzSpecificationName Payload: "{\"RequestClass\":\"Rule-HTML-Section\",\"RequestAppliesTo\":\"Rule-Category\",\"RequestRuleName\":\"pzSpecificationName\"}" => HTTP 404 (18 bytes)
[PegaHttpClient] 📡 POST https://zdk8budo.pegaacademy.net/prweb/api/v1/rules/query?pxObjClass=Rule-HTML-Section&appliesTo=Rule-Category&pyRuleName=pzSpecificationName&RequestClass=Rule-HTML-Section&RequestAppliesTo=Rule-Category&RequestRuleName=pzSpecificationName Payload: "{\"RequestClass\":\"Rule-HTML-Section\",\"RequestAppliesTo\":\"Rule-Category\",\"RequestRuleName\":\"pzSpecificationName\"}" => HTTP 404 (18 bytes)
[PegaHttpClient] 📡 POST https://zdk8budo.pegaacademy.net/prweb/PRRestService/v1/rules/query?pxObjClass=Rule-HTML-Section&appliesTo=Rule-Category&pyRuleName=pzSpecificationName&RequestClass=Rule-HTML-Section&RequestAppliesTo=Rule-Category&RequestRuleName=pzSpecificationName Payload: "{\"RequestClass\":\"Rule-HTML-Section\",\"RequestAppliesTo\":\"Rule-Category\",\"RequestRuleName\":\"pzSpecificationName\"}" => HTTP 404 (18 bytes)
[PegaHttpClient] 📡 POST https://zdk8budo.pegaacademy.net/prweb/api/CodeIntelligence/v1/rules/query?pxObjClass=Rule-HTML-Section&appliesTo=Rule-Category&pyRuleName=pzScm_RuleHistory&RequestClass=Rule-HTML-Section&RequestAppliesTo=Rule-Category&RequestRuleName=pzScm_RuleHistory Payload: "{\"RequestClass\":\"Rule-HTML-Section\",\"RequestAppliesTo\":\"Rule-Category\",\"RequestRuleName\":\"pzScm_RuleHistory\"}" => HTTP 200 (14682 bytes)
[PegaHttpClient] 📡 POST https://zdk8budo.pegaacademy.net/prweb/api/CodeIntelligence/v1/rules/query?pxObjClass=Rule-HTML-Section&appliesTo=Rule-Category&pyRuleName=pxDisplayCollaborators&RequestClass=Rule-HTML-Section&RequestAppliesTo=Rule-Category&RequestRuleName=pxDisplayCollaborators Payload: "{\"RequestClass\":\"Rule-HTML-Section\",\"RequestAppliesTo\":\"Rule-Category\",\"RequestRuleName\":\"pxDisplayCollaborators\"}" => HTTP 200 (94171 bytes)
[PegaHttpClient] 📡 POST https://zdk8budo.pegaacademy.net/prweb/api/CodeIntelligence/v1/rules/query?pxObjClass=Rule-HTML-Section&appliesTo=Rule-Category&pyRuleName=pzRuleFormToolbarDeleteCheckOut&RequestClass=Rule-HTML-Section&RequestAppliesTo=Rule-Category&RequestRuleName=pzRuleFormToolbarDeleteCheckOut Payload: "{\"RequestClass\":\"Rule-HTML-Section\",\"RequestAppliesTo\":\"Rule-Category\",\"RequestRuleName\":\"pzRuleFormToolbarDeleteCheckOut\"}" => HTTP 200 (29433 bytes)
[PegaHttpClient] 📡 POST https://zdk8budo.pegaacademy.net/prweb/api/CodeIntelligence/v1/rules/query?pxObjClass=Rule-HTML-Section&appliesTo=Rule-Category&pyRuleName=pzRuleFormToolbarDeleteRule&RequestClass=Rule-HTML-Section&RequestAppliesTo=Rule-Category&RequestRuleName=pzRuleFormToolbarDeleteRule Payload: "{\"RequestClass\":\"Rule-HTML-Section\",\"RequestAppliesTo\":\"Rule-Category\",\"RequestRuleName\":\"pzRuleFormToolbarDeleteRule\"}" => HTTP 200 (32314 bytes)
[PegaHttpClient] 📡 POST https://zdk8budo.pegaacademy.net/prweb/api/CodeIntelligence/v1/rules/query?pxObjClass=Rule-HTML-Section&appliesTo=Rule-Category&pyRuleName=pzLoadCollaborationScripts&RequestClass=Rule-HTML-Section&RequestAppliesTo=Rule-Category&RequestRuleName=pzLoadCollaborationScripts Payload: "{\"RequestClass\":\"Rule-HTML-Section\",\"RequestAppliesTo\":\"Rule-Category\",\"RequestRuleName\":\"pzLoadCollaborationScripts\"}" => HTTP 200 (23453 bytes)
[PegaHttpClient] 📡 POST https://zdk8budo.pegaacademy.net/prweb/api/CodeIntelligence/v1/rules/query?pxObjClass=Rule-HTML-Section&appliesTo=Rule-Category&pyRuleName=pzDisplayCollaboratorsList&RequestClass=Rule-HTML-Section&RequestAppliesTo=Rule-Category&RequestRuleName=pzDisplayCollaboratorsList Payload: "{\"RequestClass\":\"Rule-HTML-Section\",\"RequestAppliesTo\":\"Rule-Category\",\"RequestRuleName\":\"pzDisplayCollaboratorsList\"}" => HTTP 200 (105418 bytes)
[PegaHttpClient] 📡 POST https://zdk8budo.pegaacademy.net/prweb/api/CodeIntelligence/v1/rules/query?pxObjClass=Rule-HTML-Section&appliesTo=Rule-Category&pyRuleName=pyCollaborator&RequestClass=Rule-HTML-Section&RequestAppliesTo=Rule-Category&RequestRuleName=pyCollaborator Payload: "{\"RequestClass\":\"Rule-HTML-Section\",\"RequestAppliesTo\":\"Rule-Category\",\"RequestRuleName\":\"pyCollaborator\"}" => HTTP 404 (105 bytes)
[PegaHttpClient] 📡 POST https://zdk8budo.pegaacademy.net/prweb/PRRestService/CodeIntelligence/v1/rules/query?pxObjClass=Rule-HTML-Section&appliesTo=Rule-Category&pyRuleName=pyCollaborator&RequestClass=Rule-HTML-Section&RequestAppliesTo=Rule-Category&RequestRuleName=pyCollaborator Payload: "{\"RequestClass\":\"Rule-HTML-Section\",\"RequestAppliesTo\":\"Rule-Category\",\"RequestRuleName\":\"pyCollaborator\"}" => HTTP 404 (105 bytes)
[PegaHttpClient] 📡 POST https://zdk8budo.pegaacademy.net/prweb/api/HRAppsV2Service/V1/rules/query?pxObjClass=Rule-HTML-Section&appliesTo=Rule-Category&pyRuleName=pyCollaborator&RequestClass=Rule-HTML-Section&RequestAppliesTo=Rule-Category&RequestRuleName=pyCollaborator Payload: "{\"RequestClass\":\"Rule-HTML-Section\",\"RequestAppliesTo\":\"Rule-Category\",\"RequestRuleName\":\"pyCollaborator\"}" => HTTP 404 (18 bytes)
[PegaHttpClient] 📡 POST https://zdk8budo.pegaacademy.net/prweb/PRRestService/HRAppsV2Service/V1/rules/query?pxObjClass=Rule-HTML-Section&appliesTo=Rule-Category&pyRuleName=pyCollaborator&RequestClass=Rule-HTML-Section&RequestAppliesTo=Rule-Category&RequestRuleName=pyCollaborator Payload: "{\"RequestClass\":\"Rule-HTML-Section\",\"RequestAppliesTo\":\"Rule-Category\",\"RequestRuleName\":\"pyCollaborator\"}" => HTTP 404 (18 bytes)
[PegaHttpClient] 📡 POST https://zdk8budo.pegaacademy.net/prweb/api/HRAppsV2/V1/rules/query?pxObjClass=Rule-HTML-Section&appliesTo=Rule-Category&pyRuleName=pyCollaborator&RequestClass=Rule-HTML-Section&RequestAppliesTo=Rule-Category&RequestRuleName=pyCollaborator Payload: "{\"RequestClass\":\"Rule-HTML-Section\",\"RequestAppliesTo\":\"Rule-Category\",\"RequestRuleName\":\"pyCollaborator\"}" => HTTP 404 (18 bytes)
[PegaHttpClient] 📡 POST https://zdk8budo.pegaacademy.net/prweb/PRRestService/HRAppsV2/V1/rules/query?pxObjClass=Rule-HTML-Section&appliesTo=Rule-Category&pyRuleName=pyCollaborator&RequestClass=Rule-HTML-Section&RequestAppliesTo=Rule-Category&RequestRuleName=pyCollaborator Payload: "{\"RequestClass\":\"Rule-HTML-Section\",\"RequestAppliesTo\":\"Rule-Category\",\"RequestRuleName\":\"pyCollaborator\"}" => HTTP 404 (18 bytes)
[PegaHttpClient] 📡 POST https://zdk8budo.pegaacademy.net/prweb/api/v1/rules/query?pxObjClass=Rule-HTML-Section&appliesTo=Rule-Category&pyRuleName=pyCollaborator&RequestClass=Rule-HTML-Section&RequestAppliesTo=Rule-Category&RequestRuleName=pyCollaborator Payload: "{\"RequestClass\":\"Rule-HTML-Section\",\"RequestAppliesTo\":\"Rule-Category\",\"RequestRuleName\":\"pyCollaborator\"}" => HTTP 404 (18 bytes)
[PegaHttpClient] 📡 POST https://zdk8budo.pegaacademy.net/prweb/PRRestService/v1/rules/query?pxObjClass=Rule-HTML-Section&appliesTo=Rule-Category&pyRuleName=pyCollaborator&RequestClass=Rule-HTML-Section&RequestAppliesTo=Rule-Category&RequestRuleName=pyCollaborator Payload: "{\"RequestClass\":\"Rule-HTML-Section\",\"RequestAppliesTo\":\"Rule-Category\",\"RequestRuleName\":\"pyCollaborator\"}" => HTTP 404 (18 bytes)
[PegaHttpClient] 📡 POST https://zdk8budo.pegaacademy.net/prweb/api/CodeIntelligence/v1/rules/query?pxObjClass=Rule-HTML-Section&appliesTo=Rule-Category&pyRuleName=pzDisplayPartialCount&RequestClass=Rule-HTML-Section&RequestAppliesTo=Rule-Category&RequestRuleName=pzDisplayPartialCount Payload: "{\"RequestClass\":\"Rule-HTML-Section\",\"RequestAppliesTo\":\"Rule-Category\",\"RequestRuleName\":\"pzDisplayPartialCount\"}" => HTTP 404 (112 bytes)
[PegaHttpClient] 📡 POST https://zdk8budo.pegaacademy.net/prweb/PRRestService/CodeIntelligence/v1/rules/query?pxObjClass=Rule-HTML-Section&appliesTo=Rule-Category&pyRuleName=pzDisplayPartialCount&RequestClass=Rule-HTML-Section&RequestAppliesTo=Rule-Category&RequestRuleName=pzDisplayPartialCount Payload: "{\"RequestClass\":\"Rule-HTML-Section\",\"RequestAppliesTo\":\"Rule-Category\",\"RequestRuleName\":\"pzDisplayPartialCount\"}" => HTTP 404 (112 bytes)
[PegaHttpClient] 📡 POST https://zdk8budo.pegaacademy.net/prweb/api/HRAppsV2Service/V1/rules/query?pxObjClass=Rule-HTML-Section&appliesTo=Rule-Category&pyRuleName=pzDisplayPartialCount&RequestClass=Rule-HTML-Section&RequestAppliesTo=Rule-Category&RequestRuleName=pzDisplayPartialCount Payload: "{\"RequestClass\":\"Rule-HTML-Section\",\"RequestAppliesTo\":\"Rule-Category\",\"RequestRuleName\":\"pzDisplayPartialCount\"}" => HTTP 404 (18 bytes)
[PegaHttpClient] 📡 POST https://zdk8budo.pegaacademy.net/prweb/PRRestService/HRAppsV2Service/V1/rules/query?pxObjClass=Rule-HTML-Section&appliesTo=Rule-Category&pyRuleName=pzDisplayPartialCount&RequestClass=Rule-HTML-Section&RequestAppliesTo=Rule-Category&RequestRuleName=pzDisplayPartialCount Payload: "{\"RequestClass\":\"Rule-HTML-Section\",\"RequestAppliesTo\":\"Rule-Category\",\"RequestRuleName\":\"pzDisplayPartialCount\"}" => HTTP 404 (18 bytes)
[PegaHttpClient] 📡 POST https://zdk8budo.pegaacademy.net/prweb/api/HRAppsV2/V1/rules/query?pxObjClass=Rule-HTML-Section&appliesTo=Rule-Category&pyRuleName=pzDisplayPartialCount&RequestClass=Rule-HTML-Section&RequestAppliesTo=Rule-Category&RequestRuleName=pzDisplayPartialCount Payload: "{\"RequestClass\":\"Rule-HTML-Section\",\"RequestAppliesTo\":\"Rule-Category\",\"RequestRuleName\":\"pzDisplayPartialCount\"}" => HTTP 404 (18 bytes)
[PegaHttpClient] 📡 POST https://zdk8budo.pegaacademy.net/prweb/PRRestService/HRAppsV2/V1/rules/query?pxObjClass=Rule-HTML-Section&appliesTo=Rule-Category&pyRuleName=pzDisplayPartialCount&RequestClass=Rule-HTML-Section&RequestAppliesTo=Rule-Category&RequestRuleName=pzDisplayPartialCount Payload: "{\"RequestClass\":\"Rule-HTML-Section\",\"RequestAppliesTo\":\"Rule-Category\",\"RequestRuleName\":\"pzDisplayPartialCount\"}" => HTTP 404 (18 bytes)
[PegaHttpClient] 📡 POST https://zdk8budo.pegaacademy.net/prweb/api/v1/rules/query?pxObjClass=Rule-HTML-Section&appliesTo=Rule-Category&pyRuleName=pzDisplayPartialCount&RequestClass=Rule-HTML-Section&RequestAppliesTo=Rule-Category&RequestRuleName=pzDisplayPartialCount Payload: "{\"RequestClass\":\"Rule-HTML-Section\",\"RequestAppliesTo\":\"Rule-Category\",\"RequestRuleName\":\"pzDisplayPartialCount\"}" => HTTP 404 (18 bytes)
[PegaHttpClient] 📡 POST https://zdk8budo.pegaacademy.net/prweb/PRRestService/v1/rules/query?pxObjClass=Rule-HTML-Section&appliesTo=Rule-Category&pyRuleName=pzDisplayPartialCount&RequestClass=Rule-HTML-Section&RequestAppliesTo=Rule-Category&RequestRuleName=pzDisplayPartialCount Payload: "{\"RequestClass\":\"Rule-HTML-Section\",\"RequestAppliesTo\":\"Rule-Category\",\"RequestRuleName\":\"pzDisplayPartialCount\"}" => HTTP 404 (18 bytes)
[SchemaGen] ✅ Schema written for Rule-Category
[PegaHttpClient] 📡 GET https://zdk8budo.pegaacademy.net/prweb/api/CodeIntelligence/v1/rules/RULE-HTML-HARNESS%20RULE-NAVIGATION%20RULEFORM%20%2320180713T133629.663%20GMT => HTTP 200 (40852 bytes)
[PegaHttpClient] 📡 POST https://zdk8budo.pegaacademy.net/prweb/api/CodeIntelligence/v1/rules/query?pxObjClass=Rule-HTML-Section&appliesTo=Rule-Navigation&pyRuleName=RuleFormMain&RequestClass=Rule-HTML-Section&RequestAppliesTo=Rule-Navigation&RequestRuleName=RuleFormMain Payload: "{\"RequestClass\":\"Rule-HTML-Section\",\"RequestAppliesTo\":\"Rule-Navigation\",\"RequestRuleName\":\"RuleFormMain\"}" => HTTP 200 (156234 bytes)
[PegaHttpClient] 📡 POST https://zdk8budo.pegaacademy.net/prweb/api/CodeIntelligence/v1/rules/query?pxObjClass=Rule-HTML-Section&appliesTo=Rule-Navigation&pyRuleName=pxAlternateRuleForm&RequestClass=Rule-HTML-Section&RequestAppliesTo=Rule-Navigation&RequestRuleName=pxAlternateRuleForm Payload: "{\"RequestClass\":\"Rule-HTML-Section\",\"RequestAppliesTo\":\"Rule-Navigation\",\"RequestRuleName\":\"pxAlternateRuleForm\"}" => HTTP 200 (66153 bytes)
[PegaHttpClient] 📡 POST https://zdk8budo.pegaacademy.net/prweb/api/CodeIntelligence/v1/rules/query?pxObjClass=Rule-HTML-Section&appliesTo=Rule-Navigation&pyRuleName=pzRuleFormScripts&RequestClass=Rule-HTML-Section&RequestAppliesTo=Rule-Navigation&RequestRuleName=pzRuleFormScripts Payload: "{\"RequestClass\":\"Rule-HTML-Section\",\"RequestAppliesTo\":\"Rule-Navigation\",\"RequestRuleName\":\"pzRuleFormScripts\"}" => HTTP 200 (40822 bytes)
[PegaHttpClient] 📡 POST https://zdk8budo.pegaacademy.net/prweb/api/CodeIntelligence/v1/rules/query?pxObjClass=Rule-HTML-Section&appliesTo=Rule-Navigation&pyRuleName=pzRuleFormLayoutDelegated&RequestClass=Rule-HTML-Section&RequestAppliesTo=Rule-Navigation&RequestRuleName=pzRuleFormLayoutDelegated Payload: "{\"RequestClass\":\"Rule-HTML-Section\",\"RequestAppliesTo\":\"Rule-Navigation\",\"RequestRuleName\":\"pzRuleFormLayoutDelegated\"}" => HTTP 200 (70998 bytes)
[PegaHttpClient] 📡 POST https://zdk8budo.pegaacademy.net/prweb/api/CodeIntelligence/v1/rules/query?pxObjClass=Rule-HTML-Section&appliesTo=Rule-Navigation&pyRuleName=RuleFormLayout&RequestClass=Rule-HTML-Section&RequestAppliesTo=Rule-Navigation&RequestRuleName=RuleFormLayout Payload: "{\"RequestClass\":\"Rule-HTML-Section\",\"RequestAppliesTo\":\"Rule-Navigation\",\"RequestRuleName\":\"RuleFormLayout\"}" => HTTP 200 (139157 bytes)
[PegaHttpClient] 📡 POST https://zdk8budo.pegaacademy.net/prweb/api/CodeIntelligence/v1/rules/query?pxObjClass=Rule-HTML-Section&appliesTo=Rule-Navigation&pyRuleName=RuleFormSettings&RequestClass=Rule-HTML-Section&RequestAppliesTo=Rule-Navigation&RequestRuleName=RuleFormSettings Payload: "{\"RequestClass\":\"Rule-HTML-Section\",\"RequestAppliesTo\":\"Rule-Navigation\",\"RequestRuleName\":\"RuleFormSettings\"}" => HTTP 200 (20540 bytes)
[PegaHttpClient] 📡 POST https://zdk8budo.pegaacademy.net/prweb/api/CodeIntelligence/v1/rules/query?pxObjClass=Rule-HTML-Section&appliesTo=Rule-Navigation&pyRuleName=OpenAuthoring&RequestClass=Rule-HTML-Section&RequestAppliesTo=Rule-Navigation&RequestRuleName=OpenAuthoring Payload: "{\"RequestClass\":\"Rule-HTML-Section\",\"RequestAppliesTo\":\"Rule-Navigation\",\"RequestRuleName\":\"OpenAuthoring\"}" => HTTP 200 (23695 bytes)
[PegaHttpClient] 📡 POST https://zdk8budo.pegaacademy.net/prweb/api/CodeIntelligence/v1/rules/query?pxObjClass=Rule-HTML-Section&appliesTo=Rule-Navigation&pyRuleName=pyCustomHelp&RequestClass=Rule-HTML-Section&RequestAppliesTo=Rule-Navigation&RequestRuleName=pyCustomHelp Payload: "{\"RequestClass\":\"Rule-HTML-Section\",\"RequestAppliesTo\":\"Rule-Navigation\",\"RequestRuleName\":\"pyCustomHelp\"}" => HTTP 200 (17256 bytes)
[PegaHttpClient] 📡 POST https://zdk8budo.pegaacademy.net/prweb/api/CodeIntelligence/v1/rules/query?pxObjClass=Rule-HTML-Section&appliesTo=Rule-Navigation&pyRuleName=pzRuleformMainInclude&RequestClass=Rule-HTML-Section&RequestAppliesTo=Rule-Navigation&RequestRuleName=pzRuleformMainInclude Payload: "{\"RequestClass\":\"Rule-HTML-Section\",\"RequestAppliesTo\":\"Rule-Navigation\",\"RequestRuleName\":\"pzRuleformMainInclude\"}" => HTTP 200 (22375 bytes)
[PegaHttpClient] 📡 POST https://zdk8budo.pegaacademy.net/prweb/api/CodeIntelligence/v1/rules/query?pxObjClass=Rule-HTML-Section&appliesTo=Rule-Navigation&pyRuleName=pyAlternativeRuleFormStrategicAppExtension&RequestClass=Rule-HTML-Section&RequestAppliesTo=Rule-Navigation&RequestRuleName=pyAlternativeRuleFormStrategicAppExtension Payload: "{\"RequestClass\":\"Rule-HTML-Section\",\"RequestAppliesTo\":\"Rule-Navigation\",\"RequestRuleName\":\"pyAlternativeRuleFormStrategicAppExtension\"}" => HTTP 200 (25042 bytes)
[PegaHttpClient] 📡 POST https://zdk8budo.pegaacademy.net/prweb/api/CodeIntelligence/v1/rules/query?pxObjClass=Rule-HTML-Section&appliesTo=Rule-Navigation&pyRuleName=pyAlternativeRuleFormExtension&RequestClass=Rule-HTML-Section&RequestAppliesTo=Rule-Navigation&RequestRuleName=pyAlternativeRuleFormExtension Payload: "{\"RequestClass\":\"Rule-HTML-Section\",\"RequestAppliesTo\":\"Rule-Navigation\",\"RequestRuleName\":\"pyAlternativeRuleFormExtension\"}" => HTTP 200 (24863 bytes)
[PegaHttpClient] 📡 POST https://zdk8budo.pegaacademy.net/prweb/api/CodeIntelligence/v1/rules/query?pxObjClass=Rule-HTML-Section&appliesTo=Rule-Navigation&pyRuleName=RuleFormHeader&RequestClass=Rule-HTML-Section&RequestAppliesTo=Rule-Navigation&RequestRuleName=RuleFormHeader Payload: "{\"RequestClass\":\"Rule-HTML-Section\",\"RequestAppliesTo\":\"Rule-Navigation\",\"RequestRuleName\":\"RuleFormHeader\"}" => HTTP 200 (183800 bytes)
[PegaHttpClient] 📡 POST https://zdk8budo.pegaacademy.net/prweb/api/CodeIntelligence/v1/rules/query?pxObjClass=Rule-HTML-Section&appliesTo=Rule-Navigation&pyRuleName=pzDelegationExperience&RequestClass=Rule-HTML-Section&RequestAppliesTo=Rule-Navigation&RequestRuleName=pzDelegationExperience Payload: "{\"RequestClass\":\"Rule-HTML-Section\",\"RequestAppliesTo\":\"Rule-Navigation\",\"RequestRuleName\":\"pzDelegationExperience\"}" => HTTP 404 (115 bytes)
[PegaHttpClient] 📡 POST https://zdk8budo.pegaacademy.net/prweb/PRRestService/CodeIntelligence/v1/rules/query?pxObjClass=Rule-HTML-Section&appliesTo=Rule-Navigation&pyRuleName=pzDelegationExperience&RequestClass=Rule-HTML-Section&RequestAppliesTo=Rule-Navigation&RequestRuleName=pzDelegationExperience Payload: "{\"RequestClass\":\"Rule-HTML-Section\",\"RequestAppliesTo\":\"Rule-Navigation\",\"RequestRuleName\":\"pzDelegationExperience\"}" => HTTP 404 (115 bytes)
[PegaHttpClient] 📡 POST https://zdk8budo.pegaacademy.net/prweb/api/HRAppsV2Service/V1/rules/query?pxObjClass=Rule-HTML-Section&appliesTo=Rule-Navigation&pyRuleName=pzDelegationExperience&RequestClass=Rule-HTML-Section&RequestAppliesTo=Rule-Navigation&RequestRuleName=pzDelegationExperience Payload: "{\"RequestClass\":\"Rule-HTML-Section\",\"RequestAppliesTo\":\"Rule-Navigation\",\"RequestRuleName\":\"pzDelegationExperience\"}" => HTTP 404 (18 bytes)
[PegaHttpClient] 📡 POST https://zdk8budo.pegaacademy.net/prweb/PRRestService/HRAppsV2Service/V1/rules/query?pxObjClass=Rule-HTML-Section&appliesTo=Rule-Navigation&pyRuleName=pzDelegationExperience&RequestClass=Rule-HTML-Section&RequestAppliesTo=Rule-Navigation&RequestRuleName=pzDelegationExperience Payload: "{\"RequestClass\":\"Rule-HTML-Section\",\"RequestAppliesTo\":\"Rule-Navigation\",\"RequestRuleName\":\"pzDelegationExperience\"}" => HTTP 404 (18 bytes)
[PegaHttpClient] 📡 POST https://zdk8budo.pegaacademy.net/prweb/api/HRAppsV2/V1/rules/query?pxObjClass=Rule-HTML-Section&appliesTo=Rule-Navigation&pyRuleName=pzDelegationExperience&RequestClass=Rule-HTML-Section&RequestAppliesTo=Rule-Navigation&RequestRuleName=pzDelegationExperience Payload: "{\"RequestClass\":\"Rule-HTML-Section\",\"RequestAppliesTo\":\"Rule-Navigation\",\"RequestRuleName\":\"pzDelegationExperience\"}" => HTTP 404 (18 bytes)
[PegaHttpClient] 📡 POST https://zdk8budo.pegaacademy.net/prweb/PRRestService/HRAppsV2/V1/rules/query?pxObjClass=Rule-HTML-Section&appliesTo=Rule-Navigation&pyRuleName=pzDelegationExperience&RequestClass=Rule-HTML-Section&RequestAppliesTo=Rule-Navigation&RequestRuleName=pzDelegationExperience Payload: "{\"RequestClass\":\"Rule-HTML-Section\",\"RequestAppliesTo\":\"Rule-Navigation\",\"RequestRuleName\":\"pzDelegationExperience\"}" => HTTP 404 (18 bytes)
[PegaHttpClient] 📡 POST https://zdk8budo.pegaacademy.net/prweb/api/v1/rules/query?pxObjClass=Rule-HTML-Section&appliesTo=Rule-Navigation&pyRuleName=pzDelegationExperience&RequestClass=Rule-HTML-Section&RequestAppliesTo=Rule-Navigation&RequestRuleName=pzDelegationExperience Payload: "{\"RequestClass\":\"Rule-HTML-Section\",\"RequestAppliesTo\":\"Rule-Navigation\",\"RequestRuleName\":\"pzDelegationExperience\"}" => HTTP 404 (18 bytes)
[PegaHttpClient] 📡 POST https://zdk8budo.pegaacademy.net/prweb/PRRestService/v1/rules/query?pxObjClass=Rule-HTML-Section&appliesTo=Rule-Navigation&pyRuleName=pzDelegationExperience&RequestClass=Rule-HTML-Section&RequestAppliesTo=Rule-Navigation&RequestRuleName=pzDelegationExperience Payload: "{\"RequestClass\":\"Rule-HTML-Section\",\"RequestAppliesTo\":\"Rule-Navigation\",\"RequestRuleName\":\"pzDelegationExperience\"}" => HTTP 404 (18 bytes)
[PegaHttpClient] 📡 POST https://zdk8budo.pegaacademy.net/prweb/api/CodeIntelligence/v1/rules/query?pxObjClass=Rule-HTML-Section&appliesTo=Rule-Navigation&pyRuleName=pzNavigationEditor&RequestClass=Rule-HTML-Section&RequestAppliesTo=Rule-Navigation&RequestRuleName=pzNavigationEditor Payload: "{\"RequestClass\":\"Rule-HTML-Section\",\"RequestAppliesTo\":\"Rule-Navigation\",\"RequestRuleName\":\"pzNavigationEditor\"}" => HTTP 200 (18729 bytes)
[PegaHttpClient] 📡 POST https://zdk8budo.pegaacademy.net/prweb/api/CodeIntelligence/v1/rules/query?pxObjClass=Rule-HTML-Section&appliesTo=Rule-Navigation&pyRuleName=pzNodeTree&RequestClass=Rule-HTML-Section&RequestAppliesTo=Rule-Navigation&RequestRuleName=pzNodeTree Payload: "{\"RequestClass\":\"Rule-HTML-Section\",\"RequestAppliesTo\":\"Rule-Navigation\",\"RequestRuleName\":\"pzNodeTree\"}" => HTTP 200 (193083 bytes)
[PegaHttpClient] 📡 POST https://zdk8budo.pegaacademy.net/prweb/api/CodeIntelligence/v1/rules/query?pxObjClass=Rule-HTML-Section&appliesTo=Rule-Navigation&pyRuleName=RuleFormPagesAndClasses&RequestClass=Rule-HTML-Section&RequestAppliesTo=Rule-Navigation&RequestRuleName=RuleFormPagesAndClasses Payload: "{\"RequestClass\":\"Rule-HTML-Section\",\"RequestAppliesTo\":\"Rule-Navigation\",\"RequestRuleName\":\"RuleFormPagesAndClasses\"}" => HTTP 200 (34748 bytes)
[PegaHttpClient] 📡 POST https://zdk8budo.pegaacademy.net/prweb/api/CodeIntelligence/v1/rules/query?pxObjClass=Rule-HTML-Section&appliesTo=Rule-Navigation&pyRuleName=pzSpecifications&RequestClass=Rule-HTML-Section&RequestAppliesTo=Rule-Navigation&RequestRuleName=pzSpecifications Payload: "{\"RequestClass\":\"Rule-HTML-Section\",\"RequestAppliesTo\":\"Rule-Navigation\",\"RequestRuleName\":\"pzSpecifications\"}" => HTTP 200 (16577 bytes)
[PegaHttpClient] 📡 POST https://zdk8budo.pegaacademy.net/prweb/api/CodeIntelligence/v1/rules/query?pxObjClass=Rule-HTML-Section&appliesTo=Rule-Navigation&pyRuleName=RuleFormHistory&RequestClass=Rule-HTML-Section&RequestAppliesTo=Rule-Navigation&RequestRuleName=RuleFormHistory Payload: "{\"RequestClass\":\"Rule-HTML-Section\",\"RequestAppliesTo\":\"Rule-Navigation\",\"RequestRuleName\":\"RuleFormHistory\"}" => HTTP 200 (76091 bytes)
[PegaHttpClient] 📡 POST https://zdk8budo.pegaacademy.net/prweb/api/CodeIntelligence/v1/rules/query?pxObjClass=Rule-HTML-Section&appliesTo=Rule-Navigation&pyRuleName=pzCustomHelp&RequestClass=Rule-HTML-Section&RequestAppliesTo=Rule-Navigation&RequestRuleName=pzCustomHelp Payload: "{\"RequestClass\":\"Rule-HTML-Section\",\"RequestAppliesTo\":\"Rule-Navigation\",\"RequestRuleName\":\"pzCustomHelp\"}" => HTTP 200 (31573 bytes)
[PegaHttpClient] 📡 POST https://zdk8budo.pegaacademy.net/prweb/api/CodeIntelligence/v1/rules/query?pxObjClass=Rule-HTML-Section&appliesTo=Rule-Navigation&pyRuleName=pzRuleFormKeysAndDescription&RequestClass=Rule-HTML-Section&RequestAppliesTo=Rule-Navigation&RequestRuleName=pzRuleFormKeysAndDescription Payload: "{\"RequestClass\":\"Rule-HTML-Section\",\"RequestAppliesTo\":\"Rule-Navigation\",\"RequestRuleName\":\"pzRuleFormKeysAndDescription\"}" => HTTP 200 (218057 bytes)
[PegaHttpClient] 📡 POST https://zdk8budo.pegaacademy.net/prweb/api/CodeIntelligence/v1/rules/query?pxObjClass=Rule-HTML-Section&appliesTo=Rule-Navigation&pyRuleName=pzRuleFormRuleset&RequestClass=Rule-HTML-Section&RequestAppliesTo=Rule-Navigation&RequestRuleName=pzRuleFormRuleset Payload: "{\"RequestClass\":\"Rule-HTML-Section\",\"RequestAppliesTo\":\"Rule-Navigation\",\"RequestRuleName\":\"pzRuleFormRuleset\"}" => HTTP 200 (33985 bytes)
[PegaHttpClient] 📡 POST https://zdk8budo.pegaacademy.net/prweb/api/CodeIntelligence/v1/rules/query?pxObjClass=Rule-HTML-Section&appliesTo=Rule-Navigation&pyRuleName=undefined&RequestClass=Rule-HTML-Section&RequestAppliesTo=Rule-Navigation&RequestRuleName=undefined Payload: "{\"RequestClass\":\"Rule-HTML-Section\",\"RequestAppliesTo\":\"Rule-Navigation\",\"RequestRuleName\":\"undefined\"}" => HTTP 404 (102 bytes)
[PegaHttpClient] 📡 POST https://zdk8budo.pegaacademy.net/prweb/PRRestService/CodeIntelligence/v1/rules/query?pxObjClass=Rule-HTML-Section&appliesTo=Rule-Navigation&pyRuleName=undefined&RequestClass=Rule-HTML-Section&RequestAppliesTo=Rule-Navigation&RequestRuleName=undefined Payload: "{\"RequestClass\":\"Rule-HTML-Section\",\"RequestAppliesTo\":\"Rule-Navigation\",\"RequestRuleName\":\"undefined\"}" => HTTP 404 (102 bytes)
[PegaHttpClient] 📡 POST https://zdk8budo.pegaacademy.net/prweb/api/HRAppsV2Service/V1/rules/query?pxObjClass=Rule-HTML-Section&appliesTo=Rule-Navigation&pyRuleName=undefined&RequestClass=Rule-HTML-Section&RequestAppliesTo=Rule-Navigation&RequestRuleName=undefined Payload: "{\"RequestClass\":\"Rule-HTML-Section\",\"RequestAppliesTo\":\"Rule-Navigation\",\"RequestRuleName\":\"undefined\"}" => HTTP 404 (18 bytes)
[PegaHttpClient] 📡 POST https://zdk8budo.pegaacademy.net/prweb/PRRestService/HRAppsV2Service/V1/rules/query?pxObjClass=Rule-HTML-Section&appliesTo=Rule-Navigation&pyRuleName=undefined&RequestClass=Rule-HTML-Section&RequestAppliesTo=Rule-Navigation&RequestRuleName=undefined Payload: "{\"RequestClass\":\"Rule-HTML-Section\",\"RequestAppliesTo\":\"Rule-Navigation\",\"RequestRuleName\":\"undefined\"}" => HTTP 404 (18 bytes)
[PegaHttpClient] 📡 POST https://zdk8budo.pegaacademy.net/prweb/api/HRAppsV2/V1/rules/query?pxObjClass=Rule-HTML-Section&appliesTo=Rule-Navigation&pyRuleName=undefined&RequestClass=Rule-HTML-Section&RequestAppliesTo=Rule-Navigation&RequestRuleName=undefined Payload: "{\"RequestClass\":\"Rule-HTML-Section\",\"RequestAppliesTo\":\"Rule-Navigation\",\"RequestRuleName\":\"undefined\"}" => HTTP 404 (18 bytes)
[PegaHttpClient] 📡 POST https://zdk8budo.pegaacademy.net/prweb/PRRestService/HRAppsV2/V1/rules/query?pxObjClass=Rule-HTML-Section&appliesTo=Rule-Navigation&pyRuleName=undefined&RequestClass=Rule-HTML-Section&RequestAppliesTo=Rule-Navigation&RequestRuleName=undefined Payload: "{\"RequestClass\":\"Rule-HTML-Section\",\"RequestAppliesTo\":\"Rule-Navigation\",\"RequestRuleName\":\"undefined\"}" => HTTP 404 (18 bytes)
[PegaHttpClient] 📡 POST https://zdk8budo.pegaacademy.net/prweb/api/v1/rules/query?pxObjClass=Rule-HTML-Section&appliesTo=Rule-Navigation&pyRuleName=undefined&RequestClass=Rule-HTML-Section&RequestAppliesTo=Rule-Navigation&RequestRuleName=undefined Payload: "{\"RequestClass\":\"Rule-HTML-Section\",\"RequestAppliesTo\":\"Rule-Navigation\",\"RequestRuleName\":\"undefined\"}" => HTTP 404 (18 bytes)
[PegaHttpClient] 📡 POST https://zdk8budo.pegaacademy.net/prweb/PRRestService/v1/rules/query?pxObjClass=Rule-HTML-Section&appliesTo=Rule-Navigation&pyRuleName=undefined&RequestClass=Rule-HTML-Section&RequestAppliesTo=Rule-Navigation&RequestRuleName=undefined Payload: "{\"RequestClass\":\"Rule-HTML-Section\",\"RequestAppliesTo\":\"Rule-Navigation\",\"RequestRuleName\":\"undefined\"}" => HTTP 404 (18 bytes)
[PegaHttpClient] 📡 POST https://zdk8budo.pegaacademy.net/prweb/api/CodeIntelligence/v1/rules/query?pxObjClass=Rule-HTML-Section&appliesTo=Rule-Navigation&pyRuleName=pzRuleFormToolbar&RequestClass=Rule-HTML-Section&RequestAppliesTo=Rule-Navigation&RequestRuleName=pzRuleFormToolbar Payload: "{\"RequestClass\":\"Rule-HTML-Section\",\"RequestAppliesTo\":\"Rule-Navigation\",\"RequestRuleName\":\"pzRuleFormToolbar\"}" => HTTP 200 (242691 bytes)
[PegaHttpClient] 📡 POST https://zdk8budo.pegaacademy.net/prweb/api/CodeIntelligence/v1/rules/query?pxObjClass=Rule-HTML-Section&appliesTo=Rule-Navigation&pyRuleName=pzRuleFormToolbarCompare&RequestClass=Rule-HTML-Section&RequestAppliesTo=Rule-Navigation&RequestRuleName=pzRuleFormToolbarCompare Payload: "{\"RequestClass\":\"Rule-HTML-Section\",\"RequestAppliesTo\":\"Rule-Navigation\",\"RequestRuleName\":\"pzRuleFormToolbarCompare\"}" => HTTP 200 (61925 bytes)
[PegaHttpClient] 📡 POST https://zdk8budo.pegaacademy.net/prweb/api/CodeIntelligence/v1/rules/query?pxObjClass=Rule-HTML-Section&appliesTo=Rule-Navigation&pyRuleName=RuleFormHeaderMessages&RequestClass=Rule-HTML-Section&RequestAppliesTo=Rule-Navigation&RequestRuleName=RuleFormHeaderMessages Payload: "{\"RequestClass\":\"Rule-HTML-Section\",\"RequestAppliesTo\":\"Rule-Navigation\",\"RequestRuleName\":\"RuleFormHeaderMessages\"}" => HTTP 200 (26518 bytes)
[PegaHttpClient] 📡 POST https://zdk8budo.pegaacademy.net/prweb/api/CodeIntelligence/v1/rules/query?pxObjClass=Rule-HTML-Section&appliesTo=Rule-Navigation&pyRuleName=pxHelpSnippetGadget&RequestClass=Rule-HTML-Section&RequestAppliesTo=Rule-Navigation&RequestRuleName=pxHelpSnippetGadget Payload: "{\"RequestClass\":\"Rule-HTML-Section\",\"RequestAppliesTo\":\"Rule-Navigation\",\"RequestRuleName\":\"pxHelpSnippetGadget\"}" => HTTP 200 (32934 bytes)
[PegaHttpClient] 📡 POST https://zdk8budo.pegaacademy.net/prweb/api/CodeIntelligence/v1/rules/query?pxObjClass=Rule-HTML-Section&appliesTo=Rule-Navigation&pyRuleName=pzEmbeddedPane&RequestClass=Rule-HTML-Section&RequestAppliesTo=Rule-Navigation&RequestRuleName=pzEmbeddedPane Payload: "{\"RequestClass\":\"Rule-HTML-Section\",\"RequestAppliesTo\":\"Rule-Navigation\",\"RequestRuleName\":\"pzEmbeddedPane\"}" => HTTP 200 (29650 bytes)
[PegaHttpClient] 📡 POST https://zdk8budo.pegaacademy.net/prweb/api/CodeIntelligence/v1/rules/query?pxObjClass=Rule-HTML-Section&appliesTo=Rule-Navigation&pyRuleName=pzRuleFormPagesAndClassesScript&RequestClass=Rule-HTML-Section&RequestAppliesTo=Rule-Navigation&RequestRuleName=pzRuleFormPagesAndClassesScript Payload: "{\"RequestClass\":\"Rule-HTML-Section\",\"RequestAppliesTo\":\"Rule-Navigation\",\"RequestRuleName\":\"pzRuleFormPagesAndClassesScript\"}" => HTTP 200 (15730 bytes)
[PegaHttpClient] 📡 POST https://zdk8budo.pegaacademy.net/prweb/api/CodeIntelligence/v1/rules/query?pxObjClass=Rule-HTML-Section&appliesTo=Rule-Navigation&pyRuleName=pzPagesAndClassesNoMode&RequestClass=Rule-HTML-Section&RequestAppliesTo=Rule-Navigation&RequestRuleName=pzPagesAndClassesNoMode Payload: "{\"RequestClass\":\"Rule-HTML-Section\",\"RequestAppliesTo\":\"Rule-Navigation\",\"RequestRuleName\":\"pzPagesAndClassesNoMode\"}" => HTTP 200 (90057 bytes)
[PegaHttpClient] 📡 POST https://zdk8budo.pegaacademy.net/prweb/api/CodeIntelligence/v1/rules/query?pxObjClass=Rule-HTML-Section&appliesTo=Rule-Navigation&pyRuleName=pzPagesAndClassesWithMode&RequestClass=Rule-HTML-Section&RequestAppliesTo=Rule-Navigation&RequestRuleName=pzPagesAndClassesWithMode Payload: "{\"RequestClass\":\"Rule-HTML-Section\",\"RequestAppliesTo\":\"Rule-Navigation\",\"RequestRuleName\":\"pzPagesAndClassesWithMode\"}" => HTTP 200 (97424 bytes)
[PegaHttpClient] 📡 POST https://zdk8budo.pegaacademy.net/prweb/api/CodeIntelligence/v1/rules/query?pxObjClass=Rule-HTML-Section&appliesTo=Rule-Navigation&pyRuleName=pzSpecificationsInner&RequestClass=Rule-HTML-Section&RequestAppliesTo=Rule-Navigation&RequestRuleName=pzSpecificationsInner Payload: "{\"RequestClass\":\"Rule-HTML-Section\",\"RequestAppliesTo\":\"Rule-Navigation\",\"RequestRuleName\":\"pzSpecificationsInner\"}" => HTTP 200 (142370 bytes)
[PegaHttpClient] 📡 POST https://zdk8budo.pegaacademy.net/prweb/api/CodeIntelligence/v1/rules/query?pxObjClass=Rule-HTML-Section&appliesTo=Rule-Navigation&pyRuleName=pzAlternateRuleInfo&RequestClass=Rule-HTML-Section&RequestAppliesTo=Rule-Navigation&RequestRuleName=pzAlternateRuleInfo Payload: "{\"RequestClass\":\"Rule-HTML-Section\",\"RequestAppliesTo\":\"Rule-Navigation\",\"RequestRuleName\":\"pzAlternateRuleInfo\"}" => HTTP 200 (140407 bytes)
[PegaHttpClient] 📡 POST https://zdk8budo.pegaacademy.net/prweb/api/CodeIntelligence/v1/rules/query?pxObjClass=Rule-HTML-Section&appliesTo=Rule-Navigation&pyRuleName=RuleFormHistory_Description&RequestClass=Rule-HTML-Section&RequestAppliesTo=Rule-Navigation&RequestRuleName=RuleFormHistory_Description Payload: "{\"RequestClass\":\"Rule-HTML-Section\",\"RequestAppliesTo\":\"Rule-Navigation\",\"RequestRuleName\":\"RuleFormHistory_Description\"}" => HTTP 200 (46242 bytes)
[PegaHttpClient] 📡 POST https://zdk8budo.pegaacademy.net/prweb/api/CodeIntelligence/v1/rules/query?pxObjClass=Rule-HTML-Section&appliesTo=Rule-Navigation&pyRuleName=RuleFormHistory_CustomFields&RequestClass=Rule-HTML-Section&RequestAppliesTo=Rule-Navigation&RequestRuleName=RuleFormHistory_CustomFields Payload: "{\"RequestClass\":\"Rule-HTML-Section\",\"RequestAppliesTo\":\"Rule-Navigation\",\"RequestRuleName\":\"RuleFormHistory_CustomFields\"}" => HTTP 200 (75856 bytes)
[PegaHttpClient] 📡 POST https://zdk8budo.pegaacademy.net/prweb/api/CodeIntelligence/v1/rules/query?pxObjClass=Rule-HTML-Section&appliesTo=Rule-Navigation&pyRuleName=RuleFormHistory_HistoryDetails&RequestClass=Rule-HTML-Section&RequestAppliesTo=Rule-Navigation&RequestRuleName=RuleFormHistory_HistoryDetails Payload: "{\"RequestClass\":\"Rule-HTML-Section\",\"RequestAppliesTo\":\"Rule-Navigation\",\"RequestRuleName\":\"RuleFormHistory_HistoryDetails\"}" => HTTP 200 (179535 bytes)
[PegaHttpClient] 📡 POST https://zdk8budo.pegaacademy.net/prweb/api/CodeIntelligence/v1/rules/query?pxObjClass=Rule-HTML-Section&appliesTo=Rule-Navigation&pyRuleName=pzRuleFormStatus&RequestClass=Rule-HTML-Section&RequestAppliesTo=Rule-Navigation&RequestRuleName=pzRuleFormStatus Payload: "{\"RequestClass\":\"Rule-HTML-Section\",\"RequestAppliesTo\":\"Rule-Navigation\",\"RequestRuleName\":\"pzRuleFormStatus\"}" => HTTP 200 (97627 bytes)
[PegaHttpClient] 📡 POST https://zdk8budo.pegaacademy.net/prweb/api/CodeIntelligence/v1/rules/query?pxObjClass=Rule-HTML-Section&appliesTo=Rule-Navigation&pyRuleName=pzRuleFormHeaderCompareWithDropDown&RequestClass=Rule-HTML-Section&RequestAppliesTo=Rule-Navigation&RequestRuleName=pzRuleFormHeaderCompareWithDropDown Payload: "{\"RequestClass\":\"Rule-HTML-Section\",\"RequestAppliesTo\":\"Rule-Navigation\",\"RequestRuleName\":\"pzRuleFormHeaderCompareWithDropDown\"}" => HTTP 200 (25396 bytes)
[PegaHttpClient] 📡 POST https://zdk8budo.pegaacademy.net/prweb/api/CodeIntelligence/v1/rules/query?pxObjClass=Rule-HTML-Section&appliesTo=Rule-Navigation&pyRuleName=undefined&RequestClass=Rule-HTML-Section&RequestAppliesTo=Rule-Navigation&RequestRuleName=undefined Payload: "{\"RequestClass\":\"Rule-HTML-Section\",\"RequestAppliesTo\":\"Rule-Navigation\",\"RequestRuleName\":\"undefined\"}" => HTTP 404 (102 bytes)
[PegaHttpClient] 📡 POST https://zdk8budo.pegaacademy.net/prweb/PRRestService/CodeIntelligence/v1/rules/query?pxObjClass=Rule-HTML-Section&appliesTo=Rule-Navigation&pyRuleName=undefined&RequestClass=Rule-HTML-Section&RequestAppliesTo=Rule-Navigation&RequestRuleName=undefined Payload: "{\"RequestClass\":\"Rule-HTML-Section\",\"RequestAppliesTo\":\"Rule-Navigation\",\"RequestRuleName\":\"undefined\"}" => HTTP 404 (102 bytes)
[PegaHttpClient] 📡 POST https://zdk8budo.pegaacademy.net/prweb/api/HRAppsV2Service/V1/rules/query?pxObjClass=Rule-HTML-Section&appliesTo=Rule-Navigation&pyRuleName=undefined&RequestClass=Rule-HTML-Section&RequestAppliesTo=Rule-Navigation&RequestRuleName=undefined Payload: "{\"RequestClass\":\"Rule-HTML-Section\",\"RequestAppliesTo\":\"Rule-Navigation\",\"RequestRuleName\":\"undefined\"}" => HTTP 404 (18 bytes)
[PegaHttpClient] 📡 POST https://zdk8budo.pegaacademy.net/prweb/PRRestService/HRAppsV2Service/V1/rules/query?pxObjClass=Rule-HTML-Section&appliesTo=Rule-Navigation&pyRuleName=undefined&RequestClass=Rule-HTML-Section&RequestAppliesTo=Rule-Navigation&RequestRuleName=undefined Payload: "{\"RequestClass\":\"Rule-HTML-Section\",\"RequestAppliesTo\":\"Rule-Navigation\",\"RequestRuleName\":\"undefined\"}" => HTTP 404 (18 bytes)
[PegaHttpClient] 📡 POST https://zdk8budo.pegaacademy.net/prweb/api/HRAppsV2/V1/rules/query?pxObjClass=Rule-HTML-Section&appliesTo=Rule-Navigation&pyRuleName=undefined&RequestClass=Rule-HTML-Section&RequestAppliesTo=Rule-Navigation&RequestRuleName=undefined Payload: "{\"RequestClass\":\"Rule-HTML-Section\",\"RequestAppliesTo\":\"Rule-Navigation\",\"RequestRuleName\":\"undefined\"}" => HTTP 404 (18 bytes)
[PegaHttpClient] 📡 POST https://zdk8budo.pegaacademy.net/prweb/PRRestService/HRAppsV2/V1/rules/query?pxObjClass=Rule-HTML-Section&appliesTo=Rule-Navigation&pyRuleName=undefined&RequestClass=Rule-HTML-Section&RequestAppliesTo=Rule-Navigation&RequestRuleName=undefined Payload: "{\"RequestClass\":\"Rule-HTML-Section\",\"RequestAppliesTo\":\"Rule-Navigation\",\"RequestRuleName\":\"undefined\"}" => HTTP 404 (18 bytes)
[PegaHttpClient] 📡 POST https://zdk8budo.pegaacademy.net/prweb/api/v1/rules/query?pxObjClass=Rule-HTML-Section&appliesTo=Rule-Navigation&pyRuleName=undefined&RequestClass=Rule-HTML-Section&RequestAppliesTo=Rule-Navigation&RequestRuleName=undefined Payload: "{\"RequestClass\":\"Rule-HTML-Section\",\"RequestAppliesTo\":\"Rule-Navigation\",\"RequestRuleName\":\"undefined\"}" => HTTP 404 (18 bytes)
[PegaHttpClient] 📡 POST https://zdk8budo.pegaacademy.net/prweb/PRRestService/v1/rules/query?pxObjClass=Rule-HTML-Section&appliesTo=Rule-Navigation&pyRuleName=undefined&RequestClass=Rule-HTML-Section&RequestAppliesTo=Rule-Navigation&RequestRuleName=undefined Payload: "{\"RequestClass\":\"Rule-HTML-Section\",\"RequestAppliesTo\":\"Rule-Navigation\",\"RequestRuleName\":\"undefined\"}" => HTTP 404 (18 bytes)
[PegaHttpClient] 📡 POST https://zdk8budo.pegaacademy.net/prweb/api/CodeIntelligence/v1/rules/query?pxObjClass=Rule-HTML-Section&appliesTo=Rule-Navigation&pyRuleName=pzRuleFormToolbarHotKeys&RequestClass=Rule-HTML-Section&RequestAppliesTo=Rule-Navigation&RequestRuleName=pzRuleFormToolbarHotKeys Payload: "{\"RequestClass\":\"Rule-HTML-Section\",\"RequestAppliesTo\":\"Rule-Navigation\",\"RequestRuleName\":\"pzRuleFormToolbarHotKeys\"}" => HTTP 200 (85058 bytes)
[PegaHttpClient] 📡 POST https://zdk8budo.pegaacademy.net/prweb/api/CodeIntelligence/v1/rules/query?pxObjClass=Rule-HTML-Section&appliesTo=Rule-Navigation&pyRuleName=pzRuleFormToolbarLockedIcon&RequestClass=Rule-HTML-Section&RequestAppliesTo=Rule-Navigation&RequestRuleName=pzRuleFormToolbarLockedIcon Payload: "{\"RequestClass\":\"Rule-HTML-Section\",\"RequestAppliesTo\":\"Rule-Navigation\",\"RequestRuleName\":\"pzRuleFormToolbarLockedIcon\"}" => HTTP 200 (24898 bytes)
[PegaHttpClient] 📡 POST https://zdk8budo.pegaacademy.net/prweb/api/CodeIntelligence/v1/rules/query?pxObjClass=Rule-HTML-Section&appliesTo=Rule-Navigation&pyRuleName=pzRuleFormToolbarCollaborators&RequestClass=Rule-HTML-Section&RequestAppliesTo=Rule-Navigation&RequestRuleName=pzRuleFormToolbarCollaborators Payload: "{\"RequestClass\":\"Rule-HTML-Section\",\"RequestAppliesTo\":\"Rule-Navigation\",\"RequestRuleName\":\"pzRuleFormToolbarCollaborators\"}" => HTTP 200 (15254 bytes)
[PegaHttpClient] 📡 POST https://zdk8budo.pegaacademy.net/prweb/api/CodeIntelligence/v1/rules/query?pxObjClass=Rule-HTML-Section&appliesTo=Rule-Navigation&pyRuleName=pzRuleFormToolbarSaveAs&RequestClass=Rule-HTML-Section&RequestAppliesTo=Rule-Navigation&RequestRuleName=pzRuleFormToolbarSaveAs Payload: "{\"RequestClass\":\"Rule-HTML-Section\",\"RequestAppliesTo\":\"Rule-Navigation\",\"RequestRuleName\":\"pzRuleFormToolbarSaveAs\"}" => HTTP 200 (64084 bytes)
[PegaHttpClient] 📡 POST https://zdk8budo.pegaacademy.net/prweb/api/CodeIntelligence/v1/rules/query?pxObjClass=Rule-HTML-Section&appliesTo=Rule-Navigation&pyRuleName=pzRuleFormToolbarCheckin&RequestClass=Rule-HTML-Section&RequestAppliesTo=Rule-Navigation&RequestRuleName=pzRuleFormToolbarCheckin Payload: "{\"RequestClass\":\"Rule-HTML-Section\",\"RequestAppliesTo\":\"Rule-Navigation\",\"RequestRuleName\":\"pzRuleFormToolbarCheckin\"}" => HTTP 200 (119096 bytes)
[PegaHttpClient] 📡 POST https://zdk8budo.pegaacademy.net/prweb/api/CodeIntelligence/v1/rules/query?pxObjClass=Rule-HTML-Section&appliesTo=Rule-Navigation&pyRuleName=pzRuleFormToolbarDelete&RequestClass=Rule-HTML-Section&RequestAppliesTo=Rule-Navigation&RequestRuleName=pzRuleFormToolbarDelete Payload: "{\"RequestClass\":\"Rule-HTML-Section\",\"RequestAppliesTo\":\"Rule-Navigation\",\"RequestRuleName\":\"pzRuleFormToolbarDelete\"}" => HTTP 200 (30249 bytes)
[PegaHttpClient] 📡 POST https://zdk8budo.pegaacademy.net/prweb/api/CodeIntelligence/v1/rules/query?pxObjClass=Rule-HTML-Section&appliesTo=Rule-Navigation&pyRuleName=pzRuleFormToolbarSave&RequestClass=Rule-HTML-Section&RequestAppliesTo=Rule-Navigation&RequestRuleName=pzRuleFormToolbarSave Payload: "{\"RequestClass\":\"Rule-HTML-Section\",\"RequestAppliesTo\":\"Rule-Navigation\",\"RequestRuleName\":\"pzRuleFormToolbarSave\"}" => HTTP 200 (293885 bytes)
[PegaHttpClient] 📡 POST https://zdk8budo.pegaacademy.net/prweb/api/CodeIntelligence/v1/rules/query?pxObjClass=Rule-HTML-Section&appliesTo=Rule-Navigation&pyRuleName=pzRuleFormToolbarCheckout&RequestClass=Rule-HTML-Section&RequestAppliesTo=Rule-Navigation&RequestRuleName=pzRuleFormToolbarCheckout Payload: "{\"RequestClass\":\"Rule-HTML-Section\",\"RequestAppliesTo\":\"Rule-Navigation\",\"RequestRuleName\":\"pzRuleFormToolbarCheckout\"}" => HTTP 200 (238148 bytes)
[PegaHttpClient] 📡 POST https://zdk8budo.pegaacademy.net/prweb/api/CodeIntelligence/v1/rules/query?pxObjClass=Rule-HTML-Section&appliesTo=Rule-Navigation&pyRuleName=pzRemoveErrorsDataPage&RequestClass=Rule-HTML-Section&RequestAppliesTo=Rule-Navigation&RequestRuleName=pzRemoveErrorsDataPage Payload: "{\"RequestClass\":\"Rule-HTML-Section\",\"RequestAppliesTo\":\"Rule-Navigation\",\"RequestRuleName\":\"pzRemoveErrorsDataPage\"}" => HTTP 200 (16733 bytes)
[PegaHttpClient] 📡 POST https://zdk8budo.pegaacademy.net/prweb/api/CodeIntelligence/v1/rules/query?pxObjClass=Rule-HTML-Section&appliesTo=Rule-Navigation&pyRuleName=pzRuleFormHeaderMessagesWrapper&RequestClass=Rule-HTML-Section&RequestAppliesTo=Rule-Navigation&RequestRuleName=pzRuleFormHeaderMessagesWrapper Payload: "{\"RequestClass\":\"Rule-HTML-Section\",\"RequestAppliesTo\":\"Rule-Navigation\",\"RequestRuleName\":\"pzRuleFormHeaderMessagesWrapper\"}" => HTTP 200 (16981 bytes)
[PegaHttpClient] 📡 POST https://zdk8budo.pegaacademy.net/prweb/api/CodeIntelligence/v1/rules/query?pxObjClass=Rule-HTML-Section&appliesTo=Rule-Navigation&pyRuleName=pxShowHelpContent&RequestClass=Rule-HTML-Section&RequestAppliesTo=Rule-Navigation&RequestRuleName=pxShowHelpContent Payload: "{\"RequestClass\":\"Rule-HTML-Section\",\"RequestAppliesTo\":\"Rule-Navigation\",\"RequestRuleName\":\"pxShowHelpContent\"}" => HTTP 200 (27395 bytes)
[PegaHttpClient] 📡 POST https://zdk8budo.pegaacademy.net/prweb/api/CodeIntelligence/v1/rules/query?pxObjClass=Rule-HTML-Section&appliesTo=Rule-Navigation&pyRuleName=pzPagesAndClassesScriptNoMode&RequestClass=Rule-HTML-Section&RequestAppliesTo=Rule-Navigation&RequestRuleName=pzPagesAndClassesScriptNoMode Payload: "{\"RequestClass\":\"Rule-HTML-Section\",\"RequestAppliesTo\":\"Rule-Navigation\",\"RequestRuleName\":\"pzPagesAndClassesScriptNoMode\"}" => HTTP 200 (25452 bytes)
[PegaHttpClient] 📡 POST https://zdk8budo.pegaacademy.net/prweb/api/CodeIntelligence/v1/rules/query?pxObjClass=Rule-HTML-Section&appliesTo=Rule-Navigation&pyRuleName=pzPagesAndClassesScript&RequestClass=Rule-HTML-Section&RequestAppliesTo=Rule-Navigation&RequestRuleName=pzPagesAndClassesScript Payload: "{\"RequestClass\":\"Rule-HTML-Section\",\"RequestAppliesTo\":\"Rule-Navigation\",\"RequestRuleName\":\"pzPagesAndClassesScript\"}" => HTTP 200 (24224 bytes)
[PegaHttpClient] 📡 POST https://zdk8budo.pegaacademy.net/prweb/api/CodeIntelligence/v1/rules/query?pxObjClass=Rule-HTML-Section&appliesTo=Rule-Navigation&pyRuleName=pzSpecificationName&RequestClass=Rule-HTML-Section&RequestAppliesTo=Rule-Navigation&RequestRuleName=pzSpecificationName Payload: "{\"RequestClass\":\"Rule-HTML-Section\",\"RequestAppliesTo\":\"Rule-Navigation\",\"RequestRuleName\":\"pzSpecificationName\"}" => HTTP 404 (112 bytes)
[PegaHttpClient] 📡 POST https://zdk8budo.pegaacademy.net/prweb/PRRestService/CodeIntelligence/v1/rules/query?pxObjClass=Rule-HTML-Section&appliesTo=Rule-Navigation&pyRuleName=pzSpecificationName&RequestClass=Rule-HTML-Section&RequestAppliesTo=Rule-Navigation&RequestRuleName=pzSpecificationName Payload: "{\"RequestClass\":\"Rule-HTML-Section\",\"RequestAppliesTo\":\"Rule-Navigation\",\"RequestRuleName\":\"pzSpecificationName\"}" => HTTP 404 (112 bytes)
[PegaHttpClient] 📡 POST https://zdk8budo.pegaacademy.net/prweb/api/HRAppsV2Service/V1/rules/query?pxObjClass=Rule-HTML-Section&appliesTo=Rule-Navigation&pyRuleName=pzSpecificationName&RequestClass=Rule-HTML-Section&RequestAppliesTo=Rule-Navigation&RequestRuleName=pzSpecificationName Payload: "{\"RequestClass\":\"Rule-HTML-Section\",\"RequestAppliesTo\":\"Rule-Navigation\",\"RequestRuleName\":\"pzSpecificationName\"}" => HTTP 404 (18 bytes)
[PegaHttpClient] 📡 POST https://zdk8budo.pegaacademy.net/prweb/PRRestService/HRAppsV2Service/V1/rules/query?pxObjClass=Rule-HTML-Section&appliesTo=Rule-Navigation&pyRuleName=pzSpecificationName&RequestClass=Rule-HTML-Section&RequestAppliesTo=Rule-Navigation&RequestRuleName=pzSpecificationName Payload: "{\"RequestClass\":\"Rule-HTML-Section\",\"RequestAppliesTo\":\"Rule-Navigation\",\"RequestRuleName\":\"pzSpecificationName\"}" => HTTP 404 (18 bytes)
[PegaHttpClient] 📡 POST https://zdk8budo.pegaacademy.net/prweb/api/HRAppsV2/V1/rules/query?pxObjClass=Rule-HTML-Section&appliesTo=Rule-Navigation&pyRuleName=pzSpecificationName&RequestClass=Rule-HTML-Section&RequestAppliesTo=Rule-Navigation&RequestRuleName=pzSpecificationName Payload: "{\"RequestClass\":\"Rule-HTML-Section\",\"RequestAppliesTo\":\"Rule-Navigation\",\"RequestRuleName\":\"pzSpecificationName\"}" => HTTP 404 (18 bytes)
[PegaHttpClient] 📡 POST https://zdk8budo.pegaacademy.net/prweb/PRRestService/HRAppsV2/V1/rules/query?pxObjClass=Rule-HTML-Section&appliesTo=Rule-Navigation&pyRuleName=pzSpecificationName&RequestClass=Rule-HTML-Section&RequestAppliesTo=Rule-Navigation&RequestRuleName=pzSpecificationName Payload: "{\"RequestClass\":\"Rule-HTML-Section\",\"RequestAppliesTo\":\"Rule-Navigation\",\"RequestRuleName\":\"pzSpecificationName\"}" => HTTP 404 (18 bytes)
[PegaHttpClient] 📡 POST https://zdk8budo.pegaacademy.net/prweb/api/v1/rules/query?pxObjClass=Rule-HTML-Section&appliesTo=Rule-Navigation&pyRuleName=pzSpecificationName&RequestClass=Rule-HTML-Section&RequestAppliesTo=Rule-Navigation&RequestRuleName=pzSpecificationName Payload: "{\"RequestClass\":\"Rule-HTML-Section\",\"RequestAppliesTo\":\"Rule-Navigation\",\"RequestRuleName\":\"pzSpecificationName\"}" => HTTP 404 (18 bytes)
[PegaHttpClient] 📡 POST https://zdk8budo.pegaacademy.net/prweb/PRRestService/v1/rules/query?pxObjClass=Rule-HTML-Section&appliesTo=Rule-Navigation&pyRuleName=pzSpecificationName&RequestClass=Rule-HTML-Section&RequestAppliesTo=Rule-Navigation&RequestRuleName=pzSpecificationName Payload: "{\"RequestClass\":\"Rule-HTML-Section\",\"RequestAppliesTo\":\"Rule-Navigation\",\"RequestRuleName\":\"pzSpecificationName\"}" => HTTP 404 (18 bytes)
[PegaHttpClient] 📡 POST https://zdk8budo.pegaacademy.net/prweb/api/CodeIntelligence/v1/rules/query?pxObjClass=Rule-HTML-Section&appliesTo=Rule-Navigation&pyRuleName=pzScm_RuleHistory&RequestClass=Rule-HTML-Section&RequestAppliesTo=Rule-Navigation&RequestRuleName=pzScm_RuleHistory Payload: "{\"RequestClass\":\"Rule-HTML-Section\",\"RequestAppliesTo\":\"Rule-Navigation\",\"RequestRuleName\":\"pzScm_RuleHistory\"}" => HTTP 200 (14682 bytes)
[PegaHttpClient] 📡 POST https://zdk8budo.pegaacademy.net/prweb/api/CodeIntelligence/v1/rules/query?pxObjClass=Rule-HTML-Section&appliesTo=Rule-Navigation&pyRuleName=pxDisplayCollaborators&RequestClass=Rule-HTML-Section&RequestAppliesTo=Rule-Navigation&RequestRuleName=pxDisplayCollaborators Payload: "{\"RequestClass\":\"Rule-HTML-Section\",\"RequestAppliesTo\":\"Rule-Navigation\",\"RequestRuleName\":\"pxDisplayCollaborators\"}" => HTTP 200 (94171 bytes)
[PegaHttpClient] 📡 POST https://zdk8budo.pegaacademy.net/prweb/api/CodeIntelligence/v1/rules/query?pxObjClass=Rule-HTML-Section&appliesTo=Rule-Navigation&pyRuleName=pzRuleFormToolbarDeleteCheckOut&RequestClass=Rule-HTML-Section&RequestAppliesTo=Rule-Navigation&RequestRuleName=pzRuleFormToolbarDeleteCheckOut Payload: "{\"RequestClass\":\"Rule-HTML-Section\",\"RequestAppliesTo\":\"Rule-Navigation\",\"RequestRuleName\":\"pzRuleFormToolbarDeleteCheckOut\"}" => HTTP 200 (29433 bytes)
[PegaHttpClient] 📡 POST https://zdk8budo.pegaacademy.net/prweb/api/CodeIntelligence/v1/rules/query?pxObjClass=Rule-HTML-Section&appliesTo=Rule-Navigation&pyRuleName=pzRuleFormToolbarDeleteRule&RequestClass=Rule-HTML-Section&RequestAppliesTo=Rule-Navigation&RequestRuleName=pzRuleFormToolbarDeleteRule Payload: "{\"RequestClass\":\"Rule-HTML-Section\",\"RequestAppliesTo\":\"Rule-Navigation\",\"RequestRuleName\":\"pzRuleFormToolbarDeleteRule\"}" => HTTP 200 (32314 bytes)
[PegaHttpClient] 📡 POST https://zdk8budo.pegaacademy.net/prweb/api/CodeIntelligence/v1/rules/query?pxObjClass=Rule-HTML-Section&appliesTo=Rule-Navigation&pyRuleName=pzHelpSnippetStyles&RequestClass=Rule-HTML-Section&RequestAppliesTo=Rule-Navigation&RequestRuleName=pzHelpSnippetStyles Payload: "{\"RequestClass\":\"Rule-HTML-Section\",\"RequestAppliesTo\":\"Rule-Navigation\",\"RequestRuleName\":\"pzHelpSnippetStyles\"}" => HTTP 200 (15797 bytes)
[PegaHttpClient] 📡 POST https://zdk8budo.pegaacademy.net/prweb/api/CodeIntelligence/v1/rules/query?pxObjClass=Rule-HTML-Section&appliesTo=Rule-Navigation&pyRuleName=pxDisplayHelpContent&RequestClass=Rule-HTML-Section&RequestAppliesTo=Rule-Navigation&RequestRuleName=pxDisplayHelpContent Payload: "{\"RequestClass\":\"Rule-HTML-Section\",\"RequestAppliesTo\":\"Rule-Navigation\",\"RequestRuleName\":\"pxDisplayHelpContent\"}" => HTTP 404 (113 bytes)
[PegaHttpClient] 📡 POST https://zdk8budo.pegaacademy.net/prweb/PRRestService/CodeIntelligence/v1/rules/query?pxObjClass=Rule-HTML-Section&appliesTo=Rule-Navigation&pyRuleName=pxDisplayHelpContent&RequestClass=Rule-HTML-Section&RequestAppliesTo=Rule-Navigation&RequestRuleName=pxDisplayHelpContent Payload: "{\"RequestClass\":\"Rule-HTML-Section\",\"RequestAppliesTo\":\"Rule-Navigation\",\"RequestRuleName\":\"pxDisplayHelpContent\"}" => HTTP 404 (113 bytes)
[PegaHttpClient] 📡 POST https://zdk8budo.pegaacademy.net/prweb/api/HRAppsV2Service/V1/rules/query?pxObjClass=Rule-HTML-Section&appliesTo=Rule-Navigation&pyRuleName=pxDisplayHelpContent&RequestClass=Rule-HTML-Section&RequestAppliesTo=Rule-Navigation&RequestRuleName=pxDisplayHelpContent Payload: "{\"RequestClass\":\"Rule-HTML-Section\",\"RequestAppliesTo\":\"Rule-Navigation\",\"RequestRuleName\":\"pxDisplayHelpContent\"}" => HTTP 404 (18 bytes)
[PegaHttpClient] 📡 POST https://zdk8budo.pegaacademy.net/prweb/PRRestService/HRAppsV2Service/V1/rules/query?pxObjClass=Rule-HTML-Section&appliesTo=Rule-Navigation&pyRuleName=pxDisplayHelpContent&RequestClass=Rule-HTML-Section&RequestAppliesTo=Rule-Navigation&RequestRuleName=pxDisplayHelpContent Payload: "{\"RequestClass\":\"Rule-HTML-Section\",\"RequestAppliesTo\":\"Rule-Navigation\",\"RequestRuleName\":\"pxDisplayHelpContent\"}" => HTTP 404 (18 bytes)
[PegaHttpClient] 📡 POST https://zdk8budo.pegaacademy.net/prweb/api/HRAppsV2/V1/rules/query?pxObjClass=Rule-HTML-Section&appliesTo=Rule-Navigation&pyRuleName=pxDisplayHelpContent&RequestClass=Rule-HTML-Section&RequestAppliesTo=Rule-Navigation&RequestRuleName=pxDisplayHelpContent Payload: "{\"RequestClass\":\"Rule-HTML-Section\",\"RequestAppliesTo\":\"Rule-Navigation\",\"RequestRuleName\":\"pxDisplayHelpContent\"}" => HTTP 404 (18 bytes)
[PegaHttpClient] 📡 POST https://zdk8budo.pegaacademy.net/prweb/PRRestService/HRAppsV2/V1/rules/query?pxObjClass=Rule-HTML-Section&appliesTo=Rule-Navigation&pyRuleName=pxDisplayHelpContent&RequestClass=Rule-HTML-Section&RequestAppliesTo=Rule-Navigation&RequestRuleName=pxDisplayHelpContent Payload: "{\"RequestClass\":\"Rule-HTML-Section\",\"RequestAppliesTo\":\"Rule-Navigation\",\"RequestRuleName\":\"pxDisplayHelpContent\"}" => HTTP 404 (18 bytes)
[PegaHttpClient] 📡 POST https://zdk8budo.pegaacademy.net/prweb/api/v1/rules/query?pxObjClass=Rule-HTML-Section&appliesTo=Rule-Navigation&pyRuleName=pxDisplayHelpContent&RequestClass=Rule-HTML-Section&RequestAppliesTo=Rule-Navigation&RequestRuleName=pxDisplayHelpContent Payload: "{\"RequestClass\":\"Rule-HTML-Section\",\"RequestAppliesTo\":\"Rule-Navigation\",\"RequestRuleName\":\"pxDisplayHelpContent\"}" => HTTP 404 (18 bytes)
[PegaHttpClient] 📡 POST https://zdk8budo.pegaacademy.net/prweb/PRRestService/v1/rules/query?pxObjClass=Rule-HTML-Section&appliesTo=Rule-Navigation&pyRuleName=pxDisplayHelpContent&RequestClass=Rule-HTML-Section&RequestAppliesTo=Rule-Navigation&RequestRuleName=pxDisplayHelpContent Payload: "{\"RequestClass\":\"Rule-HTML-Section\",\"RequestAppliesTo\":\"Rule-Navigation\",\"RequestRuleName\":\"pxDisplayHelpContent\"}" => HTTP 404 (18 bytes)
[PegaHttpClient] 📡 POST https://zdk8budo.pegaacademy.net/prweb/api/CodeIntelligence/v1/rules/query?pxObjClass=Rule-HTML-Section&appliesTo=Rule-Navigation&pyRuleName=pzLoadCollaborationScripts&RequestClass=Rule-HTML-Section&RequestAppliesTo=Rule-Navigation&RequestRuleName=pzLoadCollaborationScripts Payload: "{\"RequestClass\":\"Rule-HTML-Section\",\"RequestAppliesTo\":\"Rule-Navigation\",\"RequestRuleName\":\"pzLoadCollaborationScripts\"}" => HTTP 200 (23453 bytes)
[PegaHttpClient] 📡 POST https://zdk8budo.pegaacademy.net/prweb/api/CodeIntelligence/v1/rules/query?pxObjClass=Rule-HTML-Section&appliesTo=Rule-Navigation&pyRuleName=pzDisplayCollaboratorsList&RequestClass=Rule-HTML-Section&RequestAppliesTo=Rule-Navigation&RequestRuleName=pzDisplayCollaboratorsList Payload: "{\"RequestClass\":\"Rule-HTML-Section\",\"RequestAppliesTo\":\"Rule-Navigation\",\"RequestRuleName\":\"pzDisplayCollaboratorsList\"}" => HTTP 200 (105418 bytes)
[PegaHttpClient] 📡 POST https://zdk8budo.pegaacademy.net/prweb/api/CodeIntelligence/v1/rules/query?pxObjClass=Rule-HTML-Section&appliesTo=Rule-Navigation&pyRuleName=pyCollaborator&RequestClass=Rule-HTML-Section&RequestAppliesTo=Rule-Navigation&RequestRuleName=pyCollaborator Payload: "{\"RequestClass\":\"Rule-HTML-Section\",\"RequestAppliesTo\":\"Rule-Navigation\",\"RequestRuleName\":\"pyCollaborator\"}" => HTTP 404 (107 bytes)
[PegaHttpClient] 📡 POST https://zdk8budo.pegaacademy.net/prweb/PRRestService/CodeIntelligence/v1/rules/query?pxObjClass=Rule-HTML-Section&appliesTo=Rule-Navigation&pyRuleName=pyCollaborator&RequestClass=Rule-HTML-Section&RequestAppliesTo=Rule-Navigation&RequestRuleName=pyCollaborator Payload: "{\"RequestClass\":\"Rule-HTML-Section\",\"RequestAppliesTo\":\"Rule-Navigation\",\"RequestRuleName\":\"pyCollaborator\"}" => HTTP 404 (107 bytes)
[PegaHttpClient] 📡 POST https://zdk8budo.pegaacademy.net/prweb/api/HRAppsV2Service/V1/rules/query?pxObjClass=Rule-HTML-Section&appliesTo=Rule-Navigation&pyRuleName=pyCollaborator&RequestClass=Rule-HTML-Section&RequestAppliesTo=Rule-Navigation&RequestRuleName=pyCollaborator Payload: "{\"RequestClass\":\"Rule-HTML-Section\",\"RequestAppliesTo\":\"Rule-Navigation\",\"RequestRuleName\":\"pyCollaborator\"}" => HTTP 404 (18 bytes)
[PegaHttpClient] 📡 POST https://zdk8budo.pegaacademy.net/prweb/PRRestService/HRAppsV2Service/V1/rules/query?pxObjClass=Rule-HTML-Section&appliesTo=Rule-Navigation&pyRuleName=pyCollaborator&RequestClass=Rule-HTML-Section&RequestAppliesTo=Rule-Navigation&RequestRuleName=pyCollaborator Payload: "{\"RequestClass\":\"Rule-HTML-Section\",\"RequestAppliesTo\":\"Rule-Navigation\",\"RequestRuleName\":\"pyCollaborator\"}" => HTTP 404 (18 bytes)
[PegaHttpClient] 📡 POST https://zdk8budo.pegaacademy.net/prweb/api/HRAppsV2/V1/rules/query?pxObjClass=Rule-HTML-Section&appliesTo=Rule-Navigation&pyRuleName=pyCollaborator&RequestClass=Rule-HTML-Section&RequestAppliesTo=Rule-Navigation&RequestRuleName=pyCollaborator Payload: "{\"RequestClass\":\"Rule-HTML-Section\",\"RequestAppliesTo\":\"Rule-Navigation\",\"RequestRuleName\":\"pyCollaborator\"}" => HTTP 404 (18 bytes)
[PegaHttpClient] 📡 POST https://zdk8budo.pegaacademy.net/prweb/PRRestService/HRAppsV2/V1/rules/query?pxObjClass=Rule-HTML-Section&appliesTo=Rule-Navigation&pyRuleName=pyCollaborator&RequestClass=Rule-HTML-Section&RequestAppliesTo=Rule-Navigation&RequestRuleName=pyCollaborator Payload: "{\"RequestClass\":\"Rule-HTML-Section\",\"RequestAppliesTo\":\"Rule-Navigation\",\"RequestRuleName\":\"pyCollaborator\"}" => HTTP 404 (18 bytes)
[PegaHttpClient] 📡 POST https://zdk8budo.pegaacademy.net/prweb/api/v1/rules/query?pxObjClass=Rule-HTML-Section&appliesTo=Rule-Navigation&pyRuleName=pyCollaborator&RequestClass=Rule-HTML-Section&RequestAppliesTo=Rule-Navigation&RequestRuleName=pyCollaborator Payload: "{\"RequestClass\":\"Rule-HTML-Section\",\"RequestAppliesTo\":\"Rule-Navigation\",\"RequestRuleName\":\"pyCollaborator\"}" => HTTP 404 (18 bytes)
[PegaHttpClient] 📡 POST https://zdk8budo.pegaacademy.net/prweb/PRRestService/v1/rules/query?pxObjClass=Rule-HTML-Section&appliesTo=Rule-Navigation&pyRuleName=pyCollaborator&RequestClass=Rule-HTML-Section&RequestAppliesTo=Rule-Navigation&RequestRuleName=pyCollaborator Payload: "{\"RequestClass\":\"Rule-HTML-Section\",\"RequestAppliesTo\":\"Rule-Navigation\",\"RequestRuleName\":\"pyCollaborator\"}" => HTTP 404 (18 bytes)
[PegaHttpClient] 📡 POST https://zdk8budo.pegaacademy.net/prweb/api/CodeIntelligence/v1/rules/query?pxObjClass=Rule-HTML-Section&appliesTo=Rule-Navigation&pyRuleName=pzDisplayPartialCount&RequestClass=Rule-HTML-Section&RequestAppliesTo=Rule-Navigation&RequestRuleName=pzDisplayPartialCount Payload: "{\"RequestClass\":\"Rule-HTML-Section\",\"RequestAppliesTo\":\"Rule-Navigation\",\"RequestRuleName\":\"pzDisplayPartialCount\"}" => HTTP 404 (114 bytes)
[PegaHttpClient] 📡 POST https://zdk8budo.pegaacademy.net/prweb/PRRestService/CodeIntelligence/v1/rules/query?pxObjClass=Rule-HTML-Section&appliesTo=Rule-Navigation&pyRuleName=pzDisplayPartialCount&RequestClass=Rule-HTML-Section&RequestAppliesTo=Rule-Navigation&RequestRuleName=pzDisplayPartialCount Payload: "{\"RequestClass\":\"Rule-HTML-Section\",\"RequestAppliesTo\":\"Rule-Navigation\",\"RequestRuleName\":\"pzDisplayPartialCount\"}" => HTTP 404 (114 bytes)
[PegaHttpClient] 📡 POST https://zdk8budo.pegaacademy.net/prweb/api/HRAppsV2Service/V1/rules/query?pxObjClass=Rule-HTML-Section&appliesTo=Rule-Navigation&pyRuleName=pzDisplayPartialCount&RequestClass=Rule-HTML-Section&RequestAppliesTo=Rule-Navigation&RequestRuleName=pzDisplayPartialCount Payload: "{\"RequestClass\":\"Rule-HTML-Section\",\"RequestAppliesTo\":\"Rule-Navigation\",\"RequestRuleName\":\"pzDisplayPartialCount\"}" => HTTP 404 (18 bytes)
[PegaHttpClient] 📡 POST https://zdk8budo.pegaacademy.net/prweb/PRRestService/HRAppsV2Service/V1/rules/query?pxObjClass=Rule-HTML-Section&appliesTo=Rule-Navigation&pyRuleName=pzDisplayPartialCount&RequestClass=Rule-HTML-Section&RequestAppliesTo=Rule-Navigation&RequestRuleName=pzDisplayPartialCount Payload: "{\"RequestClass\":\"Rule-HTML-Section\",\"RequestAppliesTo\":\"Rule-Navigation\",\"RequestRuleName\":\"pzDisplayPartialCount\"}" => HTTP 404 (18 bytes)
[PegaHttpClient] 📡 POST https://zdk8budo.pegaacademy.net/prweb/api/HRAppsV2/V1/rules/query?pxObjClass=Rule-HTML-Section&appliesTo=Rule-Navigation&pyRuleName=pzDisplayPartialCount&RequestClass=Rule-HTML-Section&RequestAppliesTo=Rule-Navigation&RequestRuleName=pzDisplayPartialCount Payload: "{\"RequestClass\":\"Rule-HTML-Section\",\"RequestAppliesTo\":\"Rule-Navigation\",\"RequestRuleName\":\"pzDisplayPartialCount\"}" => HTTP 404 (18 bytes)
[PegaHttpClient] 📡 POST https://zdk8budo.pegaacademy.net/prweb/PRRestService/HRAppsV2/V1/rules/query?pxObjClass=Rule-HTML-Section&appliesTo=Rule-Navigation&pyRuleName=pzDisplayPartialCount&RequestClass=Rule-HTML-Section&RequestAppliesTo=Rule-Navigation&RequestRuleName=pzDisplayPartialCount Payload: "{\"RequestClass\":\"Rule-HTML-Section\",\"RequestAppliesTo\":\"Rule-Navigation\",\"RequestRuleName\":\"pzDisplayPartialCount\"}" => HTTP 404 (18 bytes)
[PegaHttpClient] 📡 POST https://zdk8budo.pegaacademy.net/prweb/api/v1/rules/query?pxObjClass=Rule-HTML-Section&appliesTo=Rule-Navigation&pyRuleName=pzDisplayPartialCount&RequestClass=Rule-HTML-Section&RequestAppliesTo=Rule-Navigation&RequestRuleName=pzDisplayPartialCount Payload: "{\"RequestClass\":\"Rule-HTML-Section\",\"RequestAppliesTo\":\"Rule-Navigation\",\"RequestRuleName\":\"pzDisplayPartialCount\"}" => HTTP 404 (18 bytes)
[PegaHttpClient] 📡 POST https://zdk8budo.pegaacademy.net/prweb/PRRestService/v1/rules/query?pxObjClass=Rule-HTML-Section&appliesTo=Rule-Navigation&pyRuleName=pzDisplayPartialCount&RequestClass=Rule-HTML-Section&RequestAppliesTo=Rule-Navigation&RequestRuleName=pzDisplayPartialCount Payload: "{\"RequestClass\":\"Rule-HTML-Section\",\"RequestAppliesTo\":\"Rule-Navigation\",\"RequestRuleName\":\"pzDisplayPartialCount\"}" => HTTP 404 (18 bytes)
[SchemaGen] ✅ Schema written for Rule-Navigation
[PegaHttpClient] 📡 GET https://zdk8budo.pegaacademy.net/prweb/api/CodeIntelligence/v1/rules/RULE-HTML-HARNESS%20RULE-HTML-SECTION%20RULEFORM%20%2320180713T133629.616%20GMT => HTTP 200 (32340 bytes)
[PegaHttpClient] 📡 POST https://zdk8budo.pegaacademy.net/prweb/api/CodeIntelligence/v1/rules/query?pxObjClass=Rule-HTML-Section&appliesTo=Rule-HTML-Section&pyRuleName=RuleFormMain&RequestClass=Rule-HTML-Section&RequestAppliesTo=Rule-HTML-Section&RequestRuleName=RuleFormMain Payload: "{\"RequestClass\":\"Rule-HTML-Section\",\"RequestAppliesTo\":\"Rule-HTML-Section\",\"RequestRuleName\":\"RuleFormMain\"}" => HTTP 200 (156234 bytes)
[PegaHttpClient] 📡 POST https://zdk8budo.pegaacademy.net/prweb/api/CodeIntelligence/v1/rules/query?pxObjClass=Rule-HTML-Section&appliesTo=Rule-HTML-Section&pyRuleName=pxAlternateRuleForm&RequestClass=Rule-HTML-Section&RequestAppliesTo=Rule-HTML-Section&RequestRuleName=pxAlternateRuleForm Payload: "{\"RequestClass\":\"Rule-HTML-Section\",\"RequestAppliesTo\":\"Rule-HTML-Section\",\"RequestRuleName\":\"pxAlternateRuleForm\"}" => HTTP 200 (66153 bytes)
[PegaHttpClient] 📡 POST https://zdk8budo.pegaacademy.net/prweb/api/CodeIntelligence/v1/rules/query?pxObjClass=Rule-HTML-Section&appliesTo=Rule-HTML-Section&pyRuleName=pzRuleFormScripts&RequestClass=Rule-HTML-Section&RequestAppliesTo=Rule-HTML-Section&RequestRuleName=pzRuleFormScripts Payload: "{\"RequestClass\":\"Rule-HTML-Section\",\"RequestAppliesTo\":\"Rule-HTML-Section\",\"RequestRuleName\":\"pzRuleFormScripts\"}" => HTTP 200 (40822 bytes)
[PegaHttpClient] 📡 POST https://zdk8budo.pegaacademy.net/prweb/api/CodeIntelligence/v1/rules/query?pxObjClass=Rule-HTML-Section&appliesTo=Rule-HTML-Section&pyRuleName=pzRuleFormLayoutDelegated&RequestClass=Rule-HTML-Section&RequestAppliesTo=Rule-HTML-Section&RequestRuleName=pzRuleFormLayoutDelegated Payload: "{\"RequestClass\":\"Rule-HTML-Section\",\"RequestAppliesTo\":\"Rule-HTML-Section\",\"RequestRuleName\":\"pzRuleFormLayoutDelegated\"}" => HTTP 200 (70998 bytes)
[PegaHttpClient] 📡 POST https://zdk8budo.pegaacademy.net/prweb/api/CodeIntelligence/v1/rules/query?pxObjClass=Rule-HTML-Section&appliesTo=Rule-HTML-Section&pyRuleName=RuleFormLayout&RequestClass=Rule-HTML-Section&RequestAppliesTo=Rule-HTML-Section&RequestRuleName=RuleFormLayout Payload: "{\"RequestClass\":\"Rule-HTML-Section\",\"RequestAppliesTo\":\"Rule-HTML-Section\",\"RequestRuleName\":\"RuleFormLayout\"}" => HTTP 200 (1585609 bytes)
[PegaHttpClient] 📡 POST https://zdk8budo.pegaacademy.net/prweb/api/CodeIntelligence/v1/rules/query?pxObjClass=Rule-HTML-Section&appliesTo=Rule-HTML-Section&pyRuleName=RuleFormSettings&RequestClass=Rule-HTML-Section&RequestAppliesTo=Rule-HTML-Section&RequestRuleName=RuleFormSettings Payload: "{\"RequestClass\":\"Rule-HTML-Section\",\"RequestAppliesTo\":\"Rule-HTML-Section\",\"RequestRuleName\":\"RuleFormSettings\"}" => HTTP 200 (20140 bytes)
[PegaHttpClient] 📡 POST https://zdk8budo.pegaacademy.net/prweb/api/CodeIntelligence/v1/rules/query?pxObjClass=Rule-HTML-Section&appliesTo=Rule-HTML-Section&pyRuleName=OpenAuthoring&RequestClass=Rule-HTML-Section&RequestAppliesTo=Rule-HTML-Section&RequestRuleName=OpenAuthoring Payload: "{\"RequestClass\":\"Rule-HTML-Section\",\"RequestAppliesTo\":\"Rule-HTML-Section\",\"RequestRuleName\":\"OpenAuthoring\"}" => HTTP 200 (23695 bytes)
[PegaHttpClient] 📡 POST https://zdk8budo.pegaacademy.net/prweb/api/CodeIntelligence/v1/rules/query?pxObjClass=Rule-HTML-Section&appliesTo=Rule-HTML-Section&pyRuleName=pyCustomHelp&RequestClass=Rule-HTML-Section&RequestAppliesTo=Rule-HTML-Section&RequestRuleName=pyCustomHelp Payload: "{\"RequestClass\":\"Rule-HTML-Section\",\"RequestAppliesTo\":\"Rule-HTML-Section\",\"RequestRuleName\":\"pyCustomHelp\"}" => HTTP 200 (17256 bytes)
[PegaHttpClient] 📡 POST https://zdk8budo.pegaacademy.net/prweb/api/CodeIntelligence/v1/rules/query?pxObjClass=Rule-HTML-Section&appliesTo=Rule-HTML-Section&pyRuleName=pzRuleformMainInclude&RequestClass=Rule-HTML-Section&RequestAppliesTo=Rule-HTML-Section&RequestRuleName=pzRuleformMainInclude Payload: "{\"RequestClass\":\"Rule-HTML-Section\",\"RequestAppliesTo\":\"Rule-HTML-Section\",\"RequestRuleName\":\"pzRuleformMainInclude\"}" => HTTP 200 (22375 bytes)
[PegaHttpClient] 📡 POST https://zdk8budo.pegaacademy.net/prweb/api/CodeIntelligence/v1/rules/query?pxObjClass=Rule-HTML-Section&appliesTo=Rule-HTML-Section&pyRuleName=pyAlternativeRuleFormStrategicAppExtension&RequestClass=Rule-HTML-Section&RequestAppliesTo=Rule-HTML-Section&RequestRuleName=pyAlternativeRuleFormStrategicAppExtension Payload: "{\"RequestClass\":\"Rule-HTML-Section\",\"RequestAppliesTo\":\"Rule-HTML-Section\",\"RequestRuleName\":\"pyAlternativeRuleFormStrategicAppExtension\"}" => HTTP 200 (25042 bytes)
[PegaHttpClient] 📡 POST https://zdk8budo.pegaacademy.net/prweb/api/CodeIntelligence/v1/rules/query?pxObjClass=Rule-HTML-Section&appliesTo=Rule-HTML-Section&pyRuleName=pyAlternativeRuleFormExtension&RequestClass=Rule-HTML-Section&RequestAppliesTo=Rule-HTML-Section&RequestRuleName=pyAlternativeRuleFormExtension Payload: "{\"RequestClass\":\"Rule-HTML-Section\",\"RequestAppliesTo\":\"Rule-HTML-Section\",\"RequestRuleName\":\"pyAlternativeRuleFormExtension\"}" => HTTP 200 (24863 bytes)
[PegaHttpClient] 📡 POST https://zdk8budo.pegaacademy.net/prweb/api/CodeIntelligence/v1/rules/query?pxObjClass=Rule-HTML-Section&appliesTo=Rule-HTML-Section&pyRuleName=RuleFormHeader&RequestClass=Rule-HTML-Section&RequestAppliesTo=Rule-HTML-Section&RequestRuleName=RuleFormHeader Payload: "{\"RequestClass\":\"Rule-HTML-Section\",\"RequestAppliesTo\":\"Rule-HTML-Section\",\"RequestRuleName\":\"RuleFormHeader\"}" => HTTP 200 (183800 bytes)
[PegaHttpClient] 📡 POST https://zdk8budo.pegaacademy.net/prweb/api/CodeIntelligence/v1/rules/query?pxObjClass=Rule-HTML-Section&appliesTo=Rule-HTML-Section&pyRuleName=pzDelegationExperience&RequestClass=Rule-HTML-Section&RequestAppliesTo=Rule-HTML-Section&RequestRuleName=pzDelegationExperience Payload: "{\"RequestClass\":\"Rule-HTML-Section\",\"RequestAppliesTo\":\"Rule-HTML-Section\",\"RequestRuleName\":\"pzDelegationExperience\"}" => HTTP 404 (117 bytes)
[PegaHttpClient] 📡 POST https://zdk8budo.pegaacademy.net/prweb/PRRestService/CodeIntelligence/v1/rules/query?pxObjClass=Rule-HTML-Section&appliesTo=Rule-HTML-Section&pyRuleName=pzDelegationExperience&RequestClass=Rule-HTML-Section&RequestAppliesTo=Rule-HTML-Section&RequestRuleName=pzDelegationExperience Payload: "{\"RequestClass\":\"Rule-HTML-Section\",\"RequestAppliesTo\":\"Rule-HTML-Section\",\"RequestRuleName\":\"pzDelegationExperience\"}" => HTTP 404 (117 bytes)
[PegaHttpClient] 📡 POST https://zdk8budo.pegaacademy.net/prweb/api/HRAppsV2Service/V1/rules/query?pxObjClass=Rule-HTML-Section&appliesTo=Rule-HTML-Section&pyRuleName=pzDelegationExperience&RequestClass=Rule-HTML-Section&RequestAppliesTo=Rule-HTML-Section&RequestRuleName=pzDelegationExperience Payload: "{\"RequestClass\":\"Rule-HTML-Section\",\"RequestAppliesTo\":\"Rule-HTML-Section\",\"RequestRuleName\":\"pzDelegationExperience\"}" => HTTP 404 (18 bytes)
[PegaHttpClient] 📡 POST https://zdk8budo.pegaacademy.net/prweb/PRRestService/HRAppsV2Service/V1/rules/query?pxObjClass=Rule-HTML-Section&appliesTo=Rule-HTML-Section&pyRuleName=pzDelegationExperience&RequestClass=Rule-HTML-Section&RequestAppliesTo=Rule-HTML-Section&RequestRuleName=pzDelegationExperience Payload: "{\"RequestClass\":\"Rule-HTML-Section\",\"RequestAppliesTo\":\"Rule-HTML-Section\",\"RequestRuleName\":\"pzDelegationExperience\"}" => HTTP 404 (18 bytes)
[PegaHttpClient] 📡 POST https://zdk8budo.pegaacademy.net/prweb/api/HRAppsV2/V1/rules/query?pxObjClass=Rule-HTML-Section&appliesTo=Rule-HTML-Section&pyRuleName=pzDelegationExperience&RequestClass=Rule-HTML-Section&RequestAppliesTo=Rule-HTML-Section&RequestRuleName=pzDelegationExperience Payload: "{\"RequestClass\":\"Rule-HTML-Section\",\"RequestAppliesTo\":\"Rule-HTML-Section\",\"RequestRuleName\":\"pzDelegationExperience\"}" => HTTP 404 (18 bytes)
[PegaHttpClient] 📡 POST https://zdk8budo.pegaacademy.net/prweb/PRRestService/HRAppsV2/V1/rules/query?pxObjClass=Rule-HTML-Section&appliesTo=Rule-HTML-Section&pyRuleName=pzDelegationExperience&RequestClass=Rule-HTML-Section&RequestAppliesTo=Rule-HTML-Section&RequestRuleName=pzDelegationExperience Payload: "{\"RequestClass\":\"Rule-HTML-Section\",\"RequestAppliesTo\":\"Rule-HTML-Section\",\"RequestRuleName\":\"pzDelegationExperience\"}" => HTTP 404 (18 bytes)
[PegaHttpClient] 📡 POST https://zdk8budo.pegaacademy.net/prweb/api/v1/rules/query?pxObjClass=Rule-HTML-Section&appliesTo=Rule-HTML-Section&pyRuleName=pzDelegationExperience&RequestClass=Rule-HTML-Section&RequestAppliesTo=Rule-HTML-Section&RequestRuleName=pzDelegationExperience Payload: "{\"RequestClass\":\"Rule-HTML-Section\",\"RequestAppliesTo\":\"Rule-HTML-Section\",\"RequestRuleName\":\"pzDelegationExperience\"}" => HTTP 404 (18 bytes)
[PegaHttpClient] 📡 POST https://zdk8budo.pegaacademy.net/prweb/PRRestService/v1/rules/query?pxObjClass=Rule-HTML-Section&appliesTo=Rule-HTML-Section&pyRuleName=pzDelegationExperience&RequestClass=Rule-HTML-Section&RequestAppliesTo=Rule-HTML-Section&RequestRuleName=pzDelegationExperience Payload: "{\"RequestClass\":\"Rule-HTML-Section\",\"RequestAppliesTo\":\"Rule-HTML-Section\",\"RequestRuleName\":\"pzDelegationExperience\"}" => HTTP 404 (18 bytes)
[PegaHttpClient] 📡 POST https://zdk8budo.pegaacademy.net/prweb/api/CodeIntelligence/v1/rules/query?pxObjClass=Rule-HTML-Section&appliesTo=Rule-HTML-Section&pyRuleName=pzConvertToDesignViewMessage&RequestClass=Rule-HTML-Section&RequestAppliesTo=Rule-HTML-Section&RequestRuleName=pzConvertToDesignViewMessage Payload: "{\"RequestClass\":\"Rule-HTML-Section\",\"RequestAppliesTo\":\"Rule-HTML-Section\",\"RequestRuleName\":\"pzConvertToDesignViewMessage\"}" => HTTP 200 (46323 bytes)
[PegaHttpClient] 📡 POST https://zdk8budo.pegaacademy.net/prweb/api/CodeIntelligence/v1/rules/query?pxObjClass=Rule-HTML-Section&appliesTo=Rule-HTML-Section&pyRuleName=pzConvertToTemplateMessage&RequestClass=Rule-HTML-Section&RequestAppliesTo=Rule-HTML-Section&RequestRuleName=pzConvertToTemplateMessage Payload: "{\"RequestClass\":\"Rule-HTML-Section\",\"RequestAppliesTo\":\"Rule-HTML-Section\",\"RequestRuleName\":\"pzConvertToTemplateMessage\"}" => HTTP 200 (118146 bytes)
[PegaHttpClient] 📡 POST https://zdk8budo.pegaacademy.net/prweb/api/CodeIntelligence/v1/rules/query?pxObjClass=Rule-HTML-Section&appliesTo=Rule-HTML-Section&pyRuleName=pzLiveDesignViewTabContent&RequestClass=Rule-HTML-Section&RequestAppliesTo=Rule-HTML-Section&RequestRuleName=pzLiveDesignViewTabContent Payload: "{\"RequestClass\":\"Rule-HTML-Section\",\"RequestAppliesTo\":\"Rule-HTML-Section\",\"RequestRuleName\":\"pzLiveDesignViewTabContent\"}" => HTTP 200 (107093 bytes)
[PegaHttpClient] 📡 POST https://zdk8budo.pegaacademy.net/prweb/api/CodeIntelligence/v1/rules/query?pxObjClass=Rule-HTML-Section&appliesTo=Rule-HTML-Section&pyRuleName=pzDesignTabContent&RequestClass=Rule-HTML-Section&RequestAppliesTo=Rule-HTML-Section&RequestRuleName=pzDesignTabContent Payload: "{\"RequestClass\":\"Rule-HTML-Section\",\"RequestAppliesTo\":\"Rule-HTML-Section\",\"RequestRuleName\":\"pzDesignTabContent\"}" => HTTP 200 (42699 bytes)
[PegaHttpClient] 📡 POST https://zdk8budo.pegaacademy.net/prweb/api/CodeIntelligence/v1/rules/query?pxObjClass=Rule-HTML-Section&appliesTo=Rule-HTML-Section&pyRuleName=pzSectionSettingsTab&RequestClass=Rule-HTML-Section&RequestAppliesTo=Rule-HTML-Section&RequestRuleName=pzSectionSettingsTab Payload: "{\"RequestClass\":\"Rule-HTML-Section\",\"RequestAppliesTo\":\"Rule-HTML-Section\",\"RequestRuleName\":\"pzSectionSettingsTab\"}" => HTTP 200 (261186 bytes)
[PegaHttpClient] 📡 POST https://zdk8budo.pegaacademy.net/prweb/api/CodeIntelligence/v1/rules/query?pxObjClass=Rule-HTML-Section&appliesTo=Rule-HTML-Section&pyRuleName=pzRuleFormParametersTab&RequestClass=Rule-HTML-Section&RequestAppliesTo=Rule-HTML-Section&RequestRuleName=pzRuleFormParametersTab Payload: "{\"RequestClass\":\"Rule-HTML-Section\",\"RequestAppliesTo\":\"Rule-HTML-Section\",\"RequestRuleName\":\"pzRuleFormParametersTab\"}" => HTTP 200 (112981 bytes)
[PegaHttpClient] 📡 POST https://zdk8budo.pegaacademy.net/prweb/api/CodeIntelligence/v1/rules/query?pxObjClass=Rule-HTML-Section&appliesTo=Rule-HTML-Section&pyRuleName=RuleFormPagesAndClasses&RequestClass=Rule-HTML-Section&RequestAppliesTo=Rule-HTML-Section&RequestRuleName=RuleFormPagesAndClasses Payload: "{\"RequestClass\":\"Rule-HTML-Section\",\"RequestAppliesTo\":\"Rule-HTML-Section\",\"RequestRuleName\":\"RuleFormPagesAndClasses\"}" => HTTP 200 (34748 bytes)
[PegaHttpClient] 📡 POST https://zdk8budo.pegaacademy.net/prweb/api/CodeIntelligence/v1/rules/query?pxObjClass=Rule-HTML-Section&appliesTo=Rule-HTML-Section&pyRuleName=pzRuleFormHTML&RequestClass=Rule-HTML-Section&RequestAppliesTo=Rule-HTML-Section&RequestRuleName=pzRuleFormHTML Payload: "{\"RequestClass\":\"Rule-HTML-Section\",\"RequestAppliesTo\":\"Rule-HTML-Section\",\"RequestRuleName\":\"pzRuleFormHTML\"}" => HTTP 200 (152754 bytes)
[PegaHttpClient] 📡 POST https://zdk8budo.pegaacademy.net/prweb/api/CodeIntelligence/v1/rules/query?pxObjClass=Rule-HTML-Section&appliesTo=Rule-HTML-Section&pyRuleName=pzSpecifications&RequestClass=Rule-HTML-Section&RequestAppliesTo=Rule-HTML-Section&RequestRuleName=pzSpecifications Payload: "{\"RequestClass\":\"Rule-HTML-Section\",\"RequestAppliesTo\":\"Rule-HTML-Section\",\"RequestRuleName\":\"pzSpecifications\"}" => HTTP 200 (16577 bytes)
[PegaHttpClient] 📡 POST https://zdk8budo.pegaacademy.net/prweb/api/CodeIntelligence/v1/rules/query?pxObjClass=Rule-HTML-Section&appliesTo=Rule-HTML-Section&pyRuleName=RuleFormHistory&RequestClass=Rule-HTML-Section&RequestAppliesTo=Rule-HTML-Section&RequestRuleName=RuleFormHistory Payload: "{\"RequestClass\":\"Rule-HTML-Section\",\"RequestAppliesTo\":\"Rule-HTML-Section\",\"RequestRuleName\":\"RuleFormHistory\"}" => HTTP 200 (76091 bytes)
[PegaHttpClient] 📡 POST https://zdk8budo.pegaacademy.net/prweb/api/CodeIntelligence/v1/rules/query?pxObjClass=Rule-HTML-Section&appliesTo=Rule-HTML-Section&pyRuleName=pzCustomHelp&RequestClass=Rule-HTML-Section&RequestAppliesTo=Rule-HTML-Section&RequestRuleName=pzCustomHelp Payload: "{\"RequestClass\":\"Rule-HTML-Section\",\"RequestAppliesTo\":\"Rule-HTML-Section\",\"RequestRuleName\":\"pzCustomHelp\"}" => HTTP 200 (31573 bytes)
[PegaHttpClient] 📡 POST https://zdk8budo.pegaacademy.net/prweb/api/CodeIntelligence/v1/rules/query?pxObjClass=Rule-HTML-Section&appliesTo=Rule-HTML-Section&pyRuleName=pzRuleFormKeysAndDescription&RequestClass=Rule-HTML-Section&RequestAppliesTo=Rule-HTML-Section&RequestRuleName=pzRuleFormKeysAndDescription Payload: "{\"RequestClass\":\"Rule-HTML-Section\",\"RequestAppliesTo\":\"Rule-HTML-Section\",\"RequestRuleName\":\"pzRuleFormKeysAndDescription\"}" => HTTP 200 (134024 bytes)
[PegaHttpClient] 📡 POST https://zdk8budo.pegaacademy.net/prweb/api/CodeIntelligence/v1/rules/query?pxObjClass=Rule-HTML-Section&appliesTo=Rule-HTML-Section&pyRuleName=pzRuleFormRuleset&RequestClass=Rule-HTML-Section&RequestAppliesTo=Rule-HTML-Section&RequestRuleName=pzRuleFormRuleset Payload: "{\"RequestClass\":\"Rule-HTML-Section\",\"RequestAppliesTo\":\"Rule-HTML-Section\",\"RequestRuleName\":\"pzRuleFormRuleset\"}" => HTTP 200 (33985 bytes)
[PegaHttpClient] 📡 POST https://zdk8budo.pegaacademy.net/prweb/api/CodeIntelligence/v1/rules/query?pxObjClass=Rule-HTML-Section&appliesTo=Rule-HTML-Section&pyRuleName=undefined&RequestClass=Rule-HTML-Section&RequestAppliesTo=Rule-HTML-Section&RequestRuleName=undefined Payload: "{\"RequestClass\":\"Rule-HTML-Section\",\"RequestAppliesTo\":\"Rule-HTML-Section\",\"RequestRuleName\":\"undefined\"}" => HTTP 404 (104 bytes)
[PegaHttpClient] 📡 POST https://zdk8budo.pegaacademy.net/prweb/PRRestService/CodeIntelligence/v1/rules/query?pxObjClass=Rule-HTML-Section&appliesTo=Rule-HTML-Section&pyRuleName=undefined&RequestClass=Rule-HTML-Section&RequestAppliesTo=Rule-HTML-Section&RequestRuleName=undefined Payload: "{\"RequestClass\":\"Rule-HTML-Section\",\"RequestAppliesTo\":\"Rule-HTML-Section\",\"RequestRuleName\":\"undefined\"}" => HTTP 404 (104 bytes)
[PegaHttpClient] 📡 POST https://zdk8budo.pegaacademy.net/prweb/api/HRAppsV2Service/V1/rules/query?pxObjClass=Rule-HTML-Section&appliesTo=Rule-HTML-Section&pyRuleName=undefined&RequestClass=Rule-HTML-Section&RequestAppliesTo=Rule-HTML-Section&RequestRuleName=undefined Payload: "{\"RequestClass\":\"Rule-HTML-Section\",\"RequestAppliesTo\":\"Rule-HTML-Section\",\"RequestRuleName\":\"undefined\"}" => HTTP 404 (18 bytes)
[PegaHttpClient] 📡 POST https://zdk8budo.pegaacademy.net/prweb/PRRestService/HRAppsV2Service/V1/rules/query?pxObjClass=Rule-HTML-Section&appliesTo=Rule-HTML-Section&pyRuleName=undefined&RequestClass=Rule-HTML-Section&RequestAppliesTo=Rule-HTML-Section&RequestRuleName=undefined Payload: "{\"RequestClass\":\"Rule-HTML-Section\",\"RequestAppliesTo\":\"Rule-HTML-Section\",\"RequestRuleName\":\"undefined\"}" => HTTP 404 (18 bytes)
[PegaHttpClient] 📡 POST https://zdk8budo.pegaacademy.net/prweb/api/HRAppsV2/V1/rules/query?pxObjClass=Rule-HTML-Section&appliesTo=Rule-HTML-Section&pyRuleName=undefined&RequestClass=Rule-HTML-Section&RequestAppliesTo=Rule-HTML-Section&RequestRuleName=undefined Payload: "{\"RequestClass\":\"Rule-HTML-Section\",\"RequestAppliesTo\":\"Rule-HTML-Section\",\"RequestRuleName\":\"undefined\"}" => HTTP 404 (18 bytes)
[PegaHttpClient] 📡 POST https://zdk8budo.pegaacademy.net/prweb/PRRestService/HRAppsV2/V1/rules/query?pxObjClass=Rule-HTML-Section&appliesTo=Rule-HTML-Section&pyRuleName=undefined&RequestClass=Rule-HTML-Section&RequestAppliesTo=Rule-HTML-Section&RequestRuleName=undefined Payload: "{\"RequestClass\":\"Rule-HTML-Section\",\"RequestAppliesTo\":\"Rule-HTML-Section\",\"RequestRuleName\":\"undefined\"}" => HTTP 404 (18 bytes)
[PegaHttpClient] 📡 POST https://zdk8budo.pegaacademy.net/prweb/api/v1/rules/query?pxObjClass=Rule-HTML-Section&appliesTo=Rule-HTML-Section&pyRuleName=undefined&RequestClass=Rule-HTML-Section&RequestAppliesTo=Rule-HTML-Section&RequestRuleName=undefined Payload: "{\"RequestClass\":\"Rule-HTML-Section\",\"RequestAppliesTo\":\"Rule-HTML-Section\",\"RequestRuleName\":\"undefined\"}" => HTTP 404 (18 bytes)
[PegaHttpClient] 📡 POST https://zdk8budo.pegaacademy.net/prweb/PRRestService/v1/rules/query?pxObjClass=Rule-HTML-Section&appliesTo=Rule-HTML-Section&pyRuleName=undefined&RequestClass=Rule-HTML-Section&RequestAppliesTo=Rule-HTML-Section&RequestRuleName=undefined Payload: "{\"RequestClass\":\"Rule-HTML-Section\",\"RequestAppliesTo\":\"Rule-HTML-Section\",\"RequestRuleName\":\"undefined\"}" => HTTP 404 (18 bytes)
[PegaHttpClient] 📡 POST https://zdk8budo.pegaacademy.net/prweb/api/CodeIntelligence/v1/rules/query?pxObjClass=Rule-HTML-Section&appliesTo=Rule-HTML-Section&pyRuleName=pzRuleFormToolbar&RequestClass=Rule-HTML-Section&RequestAppliesTo=Rule-HTML-Section&RequestRuleName=pzRuleFormToolbar Payload: "{\"RequestClass\":\"Rule-HTML-Section\",\"RequestAppliesTo\":\"Rule-HTML-Section\",\"RequestRuleName\":\"pzRuleFormToolbar\"}" => HTTP 200 (242691 bytes)
[PegaHttpClient] 📡 POST https://zdk8budo.pegaacademy.net/prweb/api/CodeIntelligence/v1/rules/query?pxObjClass=Rule-HTML-Section&appliesTo=Rule-HTML-Section&pyRuleName=pzRuleFormToolbarCompare&RequestClass=Rule-HTML-Section&RequestAppliesTo=Rule-HTML-Section&RequestRuleName=pzRuleFormToolbarCompare Payload: "{\"RequestClass\":\"Rule-HTML-Section\",\"RequestAppliesTo\":\"Rule-HTML-Section\",\"RequestRuleName\":\"pzRuleFormToolbarCompare\"}" => HTTP 200 (61925 bytes)
[PegaHttpClient] 📡 POST https://zdk8budo.pegaacademy.net/prweb/api/CodeIntelligence/v1/rules/query?pxObjClass=Rule-HTML-Section&appliesTo=Rule-HTML-Section&pyRuleName=RuleFormHeaderMessages&RequestClass=Rule-HTML-Section&RequestAppliesTo=Rule-HTML-Section&RequestRuleName=RuleFormHeaderMessages Payload: "{\"RequestClass\":\"Rule-HTML-Section\",\"RequestAppliesTo\":\"Rule-HTML-Section\",\"RequestRuleName\":\"RuleFormHeaderMessages\"}" => HTTP 200 (26518 bytes)
[PegaHttpClient] 📡 POST https://zdk8budo.pegaacademy.net/prweb/api/CodeIntelligence/v1/rules/query?pxObjClass=Rule-HTML-Section&appliesTo=Rule-HTML-Section&pyRuleName=pzLiveDesignViewIncludes&RequestClass=Rule-HTML-Section&RequestAppliesTo=Rule-HTML-Section&RequestRuleName=pzLiveDesignViewIncludes Payload: "{\"RequestClass\":\"Rule-HTML-Section\",\"RequestAppliesTo\":\"Rule-HTML-Section\",\"RequestRuleName\":\"pzLiveDesignViewIncludes\"}" => HTTP 200 (20023 bytes)
[PegaHttpClient] 📡 POST https://zdk8budo.pegaacademy.net/prweb/api/CodeIntelligence/v1/rules/query?pxObjClass=Rule-HTML-Section&appliesTo=Rule-HTML-Section&pyRuleName=pzLiveDesignViewTabMain&RequestClass=Rule-HTML-Section&RequestAppliesTo=Rule-HTML-Section&RequestRuleName=pzLiveDesignViewTabMain Payload: "{\"RequestClass\":\"Rule-HTML-Section\",\"RequestAppliesTo\":\"Rule-HTML-Section\",\"RequestRuleName\":\"pzLiveDesignViewTabMain\"}" => HTTP 200 (19403 bytes)
[PegaHttpClient] 📡 POST https://zdk8budo.pegaacademy.net/prweb/api/CodeIntelligence/v1/rules/query?pxObjClass=Rule-HTML-Section&appliesTo=Rule-HTML-Section&pyRuleName=pzLayoutEditor&RequestClass=Rule-HTML-Section&RequestAppliesTo=Rule-HTML-Section&RequestRuleName=pzLayoutEditor Payload: "{\"RequestClass\":\"Rule-HTML-Section\",\"RequestAppliesTo\":\"Rule-HTML-Section\",\"RequestRuleName\":\"pzLayoutEditor\"}" => HTTP 200 (35863 bytes)
[PegaHttpClient] 📡 POST https://zdk8budo.pegaacademy.net/prweb/api/CodeIntelligence/v1/rules/query?pxObjClass=Rule-HTML-Section&appliesTo=Rule-HTML-Section&pyRuleName=pzDesignViewInclude&RequestClass=Rule-HTML-Section&RequestAppliesTo=Rule-HTML-Section&RequestRuleName=pzDesignViewInclude Payload: "{\"RequestClass\":\"Rule-HTML-Section\",\"RequestAppliesTo\":\"Rule-HTML-Section\",\"RequestRuleName\":\"pzDesignViewInclude\"}" => HTTP 200 (46368 bytes)
[PegaHttpClient] 📡 POST https://zdk8budo.pegaacademy.net/prweb/api/CodeIntelligence/v1/rules/query?pxObjClass=Rule-HTML-Section&appliesTo=Rule-HTML-Section&pyRuleName=pzRuleFormDesign&RequestClass=Rule-HTML-Section&RequestAppliesTo=Rule-HTML-Section&RequestRuleName=pzRuleFormDesign Payload: "{\"RequestClass\":\"Rule-HTML-Section\",\"RequestAppliesTo\":\"Rule-HTML-Section\",\"RequestRuleName\":\"pzRuleFormDesign\"}" => HTTP 200 (40791 bytes)
[PegaHttpClient] 📡 POST https://zdk8budo.pegaacademy.net/prweb/api/CodeIntelligence/v1/rules/query?pxObjClass=Rule-HTML-Section&appliesTo=Rule-HTML-Section&pyRuleName=pzShowRuntimeEdit&RequestClass=Rule-HTML-Section&RequestAppliesTo=Rule-HTML-Section&RequestRuleName=pzShowRuntimeEdit Payload: "{\"RequestClass\":\"Rule-HTML-Section\",\"RequestAppliesTo\":\"Rule-HTML-Section\",\"RequestRuleName\":\"pzShowRuntimeEdit\"}" => HTTP 200 (22205 bytes)
[PegaHttpClient] 📡 POST https://zdk8budo.pegaacademy.net/prweb/api/CodeIntelligence/v1/rules/query?pxObjClass=Rule-HTML-Section&appliesTo=Rule-HTML-Section&pyRuleName=pzParametersScript&RequestClass=Rule-HTML-Section&RequestAppliesTo=Rule-HTML-Section&RequestRuleName=pzParametersScript Payload: "{\"RequestClass\":\"Rule-HTML-Section\",\"RequestAppliesTo\":\"Rule-HTML-Section\",\"RequestRuleName\":\"pzParametersScript\"}" => HTTP 200 (20905 bytes)
[PegaHttpClient] 📡 POST https://zdk8budo.pegaacademy.net/prweb/api/CodeIntelligence/v1/rules/query?pxObjClass=Rule-HTML-Section&appliesTo=Rule-HTML-Section&pyRuleName=pzParameterTitles&RequestClass=Rule-HTML-Section&RequestAppliesTo=Rule-HTML-Section&RequestRuleName=pzParameterTitles Payload: "{\"RequestClass\":\"Rule-HTML-Section\",\"RequestAppliesTo\":\"Rule-HTML-Section\",\"RequestRuleName\":\"pzParameterTitles\"}" => HTTP 200 (28905 bytes)
[PegaHttpClient] 📡 POST https://zdk8budo.pegaacademy.net/prweb/api/CodeIntelligence/v1/rules/query?pxObjClass=Rule-HTML-Section&appliesTo=Rule-HTML-Section&pyRuleName=pzRuleFormParameters&RequestClass=Rule-HTML-Section&RequestAppliesTo=Rule-HTML-Section&RequestRuleName=pzRuleFormParameters Payload: "{\"RequestClass\":\"Rule-HTML-Section\",\"RequestAppliesTo\":\"Rule-HTML-Section\",\"RequestRuleName\":\"pzRuleFormParameters\"}" => HTTP 200 (31480 bytes)
[PegaHttpClient] 📡 POST https://zdk8budo.pegaacademy.net/prweb/api/CodeIntelligence/v1/rules/query?pxObjClass=Rule-HTML-Section&appliesTo=Rule-HTML-Section&pyRuleName=pzRuleFormParametersAdvanced&RequestClass=Rule-HTML-Section&RequestAppliesTo=Rule-HTML-Section&RequestRuleName=pzRuleFormParametersAdvanced Payload: "{\"RequestClass\":\"Rule-HTML-Section\",\"RequestAppliesTo\":\"Rule-HTML-Section\",\"RequestRuleName\":\"pzRuleFormParametersAdvanced\"}" => HTTP 200 (31864 bytes)
[PegaHttpClient] 📡 POST https://zdk8budo.pegaacademy.net/prweb/api/CodeIntelligence/v1/rules/query?pxObjClass=Rule-HTML-Section&appliesTo=Rule-HTML-Section&pyRuleName=pzRuleFormSpecialtyComponentParams&RequestClass=Rule-HTML-Section&RequestAppliesTo=Rule-HTML-Section&RequestRuleName=pzRuleFormSpecialtyComponentParams Payload: "{\"RequestClass\":\"Rule-HTML-Section\",\"RequestAppliesTo\":\"Rule-HTML-Section\",\"RequestRuleName\":\"pzRuleFormSpecialtyComponentParams\"}" => HTTP 200 (92833 bytes)
[PegaHttpClient] 📡 POST https://zdk8budo.pegaacademy.net/prweb/api/CodeIntelligence/v1/rules/query?pxObjClass=Rule-HTML-Section&appliesTo=Rule-HTML-Section&pyRuleName=pzRuleFormPagesAndClassesScript&RequestClass=Rule-HTML-Section&RequestAppliesTo=Rule-HTML-Section&RequestRuleName=pzRuleFormPagesAndClassesScript Payload: "{\"RequestClass\":\"Rule-HTML-Section\",\"RequestAppliesTo\":\"Rule-HTML-Section\",\"RequestRuleName\":\"pzRuleFormPagesAndClassesScript\"}" => HTTP 200 (15730 bytes)
[PegaHttpClient] 📡 POST https://zdk8budo.pegaacademy.net/prweb/api/CodeIntelligence/v1/rules/query?pxObjClass=Rule-HTML-Section&appliesTo=Rule-HTML-Section&pyRuleName=pzPagesAndClassesNoMode&RequestClass=Rule-HTML-Section&RequestAppliesTo=Rule-HTML-Section&RequestRuleName=pzPagesAndClassesNoMode Payload: "{\"RequestClass\":\"Rule-HTML-Section\",\"RequestAppliesTo\":\"Rule-HTML-Section\",\"RequestRuleName\":\"pzPagesAndClassesNoMode\"}" => HTTP 200 (90057 bytes)
[PegaHttpClient] 📡 POST https://zdk8budo.pegaacademy.net/prweb/api/CodeIntelligence/v1/rules/query?pxObjClass=Rule-HTML-Section&appliesTo=Rule-HTML-Section&pyRuleName=pzPagesAndClassesWithMode&RequestClass=Rule-HTML-Section&RequestAppliesTo=Rule-HTML-Section&RequestRuleName=pzPagesAndClassesWithMode Payload: "{\"RequestClass\":\"Rule-HTML-Section\",\"RequestAppliesTo\":\"Rule-HTML-Section\",\"RequestRuleName\":\"pzPagesAndClassesWithMode\"}" => HTTP 200 (97424 bytes)
[PegaHttpClient] 📡 POST https://zdk8budo.pegaacademy.net/prweb/api/CodeIntelligence/v1/rules/query?pxObjClass=Rule-HTML-Section&appliesTo=Rule-HTML-Section&pyRuleName=pzPreviewSkeletonOuter&RequestClass=Rule-HTML-Section&RequestAppliesTo=Rule-HTML-Section&RequestRuleName=pzPreviewSkeletonOuter Payload: "{\"RequestClass\":\"Rule-HTML-Section\",\"RequestAppliesTo\":\"Rule-HTML-Section\",\"RequestRuleName\":\"pzPreviewSkeletonOuter\"}" => HTTP 200 (18985 bytes)
[PegaHttpClient] 📡 POST https://zdk8budo.pegaacademy.net/prweb/api/CodeIntelligence/v1/rules/query?pxObjClass=Rule-HTML-Section&appliesTo=Rule-HTML-Section&pyRuleName=pzSpecificationsInner&RequestClass=Rule-HTML-Section&RequestAppliesTo=Rule-HTML-Section&RequestRuleName=pzSpecificationsInner Payload: "{\"RequestClass\":\"Rule-HTML-Section\",\"RequestAppliesTo\":\"Rule-HTML-Section\",\"RequestRuleName\":\"pzSpecificationsInner\"}" => HTTP 200 (142370 bytes)
[PegaHttpClient] 📡 POST https://zdk8budo.pegaacademy.net/prweb/api/CodeIntelligence/v1/rules/query?pxObjClass=Rule-HTML-Section&appliesTo=Rule-HTML-Section&pyRuleName=pzAlternateRuleInfo&RequestClass=Rule-HTML-Section&RequestAppliesTo=Rule-HTML-Section&RequestRuleName=pzAlternateRuleInfo Payload: "{\"RequestClass\":\"Rule-HTML-Section\",\"RequestAppliesTo\":\"Rule-HTML-Section\",\"RequestRuleName\":\"pzAlternateRuleInfo\"}" => HTTP 200 (140407 bytes)
[PegaHttpClient] 📡 POST https://zdk8budo.pegaacademy.net/prweb/api/CodeIntelligence/v1/rules/query?pxObjClass=Rule-HTML-Section&appliesTo=Rule-HTML-Section&pyRuleName=RuleFormHistory_Description&RequestClass=Rule-HTML-Section&RequestAppliesTo=Rule-HTML-Section&RequestRuleName=RuleFormHistory_Description Payload: "{\"RequestClass\":\"Rule-HTML-Section\",\"RequestAppliesTo\":\"Rule-HTML-Section\",\"RequestRuleName\":\"RuleFormHistory_Description\"}" => HTTP 200 (46242 bytes)
[PegaHttpClient] 📡 POST https://zdk8budo.pegaacademy.net/prweb/api/CodeIntelligence/v1/rules/query?pxObjClass=Rule-HTML-Section&appliesTo=Rule-HTML-Section&pyRuleName=RuleFormHistory_CustomFields&RequestClass=Rule-HTML-Section&RequestAppliesTo=Rule-HTML-Section&RequestRuleName=RuleFormHistory_CustomFields Payload: "{\"RequestClass\":\"Rule-HTML-Section\",\"RequestAppliesTo\":\"Rule-HTML-Section\",\"RequestRuleName\":\"RuleFormHistory_CustomFields\"}" => HTTP 200 (75856 bytes)
[PegaHttpClient] 📡 POST https://zdk8budo.pegaacademy.net/prweb/api/CodeIntelligence/v1/rules/query?pxObjClass=Rule-HTML-Section&appliesTo=Rule-HTML-Section&pyRuleName=RuleFormHistory_HistoryDetails&RequestClass=Rule-HTML-Section&RequestAppliesTo=Rule-HTML-Section&RequestRuleName=RuleFormHistory_HistoryDetails Payload: "{\"RequestClass\":\"Rule-HTML-Section\",\"RequestAppliesTo\":\"Rule-HTML-Section\",\"RequestRuleName\":\"RuleFormHistory_HistoryDetails\"}" => HTTP 200 (179535 bytes)
[PegaHttpClient] 📡 POST https://zdk8budo.pegaacademy.net/prweb/api/CodeIntelligence/v1/rules/query?pxObjClass=Rule-HTML-Section&appliesTo=Rule-HTML-Section&pyRuleName=pzRuleFormStatus&RequestClass=Rule-HTML-Section&RequestAppliesTo=Rule-HTML-Section&RequestRuleName=pzRuleFormStatus Payload: "{\"RequestClass\":\"Rule-HTML-Section\",\"RequestAppliesTo\":\"Rule-HTML-Section\",\"RequestRuleName\":\"pzRuleFormStatus\"}" => HTTP 200 (97627 bytes)
[PegaHttpClient] 📡 POST https://zdk8budo.pegaacademy.net/prweb/api/CodeIntelligence/v1/rules/query?pxObjClass=Rule-HTML-Section&appliesTo=Rule-HTML-Section&pyRuleName=pzRuleFormHeaderCompareWithDropDown&RequestClass=Rule-HTML-Section&RequestAppliesTo=Rule-HTML-Section&RequestRuleName=pzRuleFormHeaderCompareWithDropDown Payload: "{\"RequestClass\":\"Rule-HTML-Section\",\"RequestAppliesTo\":\"Rule-HTML-Section\",\"RequestRuleName\":\"pzRuleFormHeaderCompareWithDropDown\"}" => HTTP 200 (25396 bytes)
[PegaHttpClient] 📡 POST https://zdk8budo.pegaacademy.net/prweb/api/CodeIntelligence/v1/rules/query?pxObjClass=Rule-HTML-Section&appliesTo=Rule-HTML-Section&pyRuleName=undefined&RequestClass=Rule-HTML-Section&RequestAppliesTo=Rule-HTML-Section&RequestRuleName=undefined Payload: "{\"RequestClass\":\"Rule-HTML-Section\",\"RequestAppliesTo\":\"Rule-HTML-Section\",\"RequestRuleName\":\"undefined\"}" => HTTP 404 (104 bytes)
[PegaHttpClient] 📡 POST https://zdk8budo.pegaacademy.net/prweb/PRRestService/CodeIntelligence/v1/rules/query?pxObjClass=Rule-HTML-Section&appliesTo=Rule-HTML-Section&pyRuleName=undefined&RequestClass=Rule-HTML-Section&RequestAppliesTo=Rule-HTML-Section&RequestRuleName=undefined Payload: "{\"RequestClass\":\"Rule-HTML-Section\",\"RequestAppliesTo\":\"Rule-HTML-Section\",\"RequestRuleName\":\"undefined\"}" => HTTP 404 (104 bytes)
[PegaHttpClient] 📡 POST https://zdk8budo.pegaacademy.net/prweb/api/HRAppsV2Service/V1/rules/query?pxObjClass=Rule-HTML-Section&appliesTo=Rule-HTML-Section&pyRuleName=undefined&RequestClass=Rule-HTML-Section&RequestAppliesTo=Rule-HTML-Section&RequestRuleName=undefined Payload: "{\"RequestClass\":\"Rule-HTML-Section\",\"RequestAppliesTo\":\"Rule-HTML-Section\",\"RequestRuleName\":\"undefined\"}" => HTTP 404 (18 bytes)
[PegaHttpClient] 📡 POST https://zdk8budo.pegaacademy.net/prweb/PRRestService/HRAppsV2Service/V1/rules/query?pxObjClass=Rule-HTML-Section&appliesTo=Rule-HTML-Section&pyRuleName=undefined&RequestClass=Rule-HTML-Section&RequestAppliesTo=Rule-HTML-Section&RequestRuleName=undefined Payload: "{\"RequestClass\":\"Rule-HTML-Section\",\"RequestAppliesTo\":\"Rule-HTML-Section\",\"RequestRuleName\":\"undefined\"}" => HTTP 404 (18 bytes)
[PegaHttpClient] 📡 POST https://zdk8budo.pegaacademy.net/prweb/api/HRAppsV2/V1/rules/query?pxObjClass=Rule-HTML-Section&appliesTo=Rule-HTML-Section&pyRuleName=undefined&RequestClass=Rule-HTML-Section&RequestAppliesTo=Rule-HTML-Section&RequestRuleName=undefined Payload: "{\"RequestClass\":\"Rule-HTML-Section\",\"RequestAppliesTo\":\"Rule-HTML-Section\",\"RequestRuleName\":\"undefined\"}" => HTTP 404 (18 bytes)
[PegaHttpClient] 📡 POST https://zdk8budo.pegaacademy.net/prweb/PRRestService/HRAppsV2/V1/rules/query?pxObjClass=Rule-HTML-Section&appliesTo=Rule-HTML-Section&pyRuleName=undefined&RequestClass=Rule-HTML-Section&RequestAppliesTo=Rule-HTML-Section&RequestRuleName=undefined Payload: "{\"RequestClass\":\"Rule-HTML-Section\",\"RequestAppliesTo\":\"Rule-HTML-Section\",\"RequestRuleName\":\"undefined\"}" => HTTP 404 (18 bytes)
[PegaHttpClient] 📡 POST https://zdk8budo.pegaacademy.net/prweb/api/v1/rules/query?pxObjClass=Rule-HTML-Section&appliesTo=Rule-HTML-Section&pyRuleName=undefined&RequestClass=Rule-HTML-Section&RequestAppliesTo=Rule-HTML-Section&RequestRuleName=undefined Payload: "{\"RequestClass\":\"Rule-HTML-Section\",\"RequestAppliesTo\":\"Rule-HTML-Section\",\"RequestRuleName\":\"undefined\"}" => HTTP 404 (18 bytes)
[PegaHttpClient] 📡 POST https://zdk8budo.pegaacademy.net/prweb/PRRestService/v1/rules/query?pxObjClass=Rule-HTML-Section&appliesTo=Rule-HTML-Section&pyRuleName=undefined&RequestClass=Rule-HTML-Section&RequestAppliesTo=Rule-HTML-Section&RequestRuleName=undefined Payload: "{\"RequestClass\":\"Rule-HTML-Section\",\"RequestAppliesTo\":\"Rule-HTML-Section\",\"RequestRuleName\":\"undefined\"}" => HTTP 404 (18 bytes)
[PegaHttpClient] 📡 POST https://zdk8budo.pegaacademy.net/prweb/api/CodeIntelligence/v1/rules/query?pxObjClass=Rule-HTML-Section&appliesTo=Rule-HTML-Section&pyRuleName=pzRuleFormToolbarHotKeys&RequestClass=Rule-HTML-Section&RequestAppliesTo=Rule-HTML-Section&RequestRuleName=pzRuleFormToolbarHotKeys Payload: "{\"RequestClass\":\"Rule-HTML-Section\",\"RequestAppliesTo\":\"Rule-HTML-Section\",\"RequestRuleName\":\"pzRuleFormToolbarHotKeys\"}" => HTTP 200 (85058 bytes)
[PegaHttpClient] 📡 POST https://zdk8budo.pegaacademy.net/prweb/api/CodeIntelligence/v1/rules/query?pxObjClass=Rule-HTML-Section&appliesTo=Rule-HTML-Section&pyRuleName=pzRuleFormToolbarLockedIcon&RequestClass=Rule-HTML-Section&RequestAppliesTo=Rule-HTML-Section&RequestRuleName=pzRuleFormToolbarLockedIcon Payload: "{\"RequestClass\":\"Rule-HTML-Section\",\"RequestAppliesTo\":\"Rule-HTML-Section\",\"RequestRuleName\":\"pzRuleFormToolbarLockedIcon\"}" => HTTP 200 (24898 bytes)
[PegaHttpClient] 📡 POST https://zdk8budo.pegaacademy.net/prweb/api/CodeIntelligence/v1/rules/query?pxObjClass=Rule-HTML-Section&appliesTo=Rule-HTML-Section&pyRuleName=pzRuleFormToolbarCollaborators&RequestClass=Rule-HTML-Section&RequestAppliesTo=Rule-HTML-Section&RequestRuleName=pzRuleFormToolbarCollaborators Payload: "{\"RequestClass\":\"Rule-HTML-Section\",\"RequestAppliesTo\":\"Rule-HTML-Section\",\"RequestRuleName\":\"pzRuleFormToolbarCollaborators\"}" => HTTP 200 (15415 bytes)
[PegaHttpClient] 📡 POST https://zdk8budo.pegaacademy.net/prweb/api/CodeIntelligence/v1/rules/query?pxObjClass=Rule-HTML-Section&appliesTo=Rule-HTML-Section&pyRuleName=pzRuleFormToolbarSaveAs&RequestClass=Rule-HTML-Section&RequestAppliesTo=Rule-HTML-Section&RequestRuleName=pzRuleFormToolbarSaveAs Payload: "{\"RequestClass\":\"Rule-HTML-Section\",\"RequestAppliesTo\":\"Rule-HTML-Section\",\"RequestRuleName\":\"pzRuleFormToolbarSaveAs\"}" => HTTP 200 (64084 bytes)
[PegaHttpClient] 📡 POST https://zdk8budo.pegaacademy.net/prweb/api/CodeIntelligence/v1/rules/query?pxObjClass=Rule-HTML-Section&appliesTo=Rule-HTML-Section&pyRuleName=pzRuleFormToolbarCheckin&RequestClass=Rule-HTML-Section&RequestAppliesTo=Rule-HTML-Section&RequestRuleName=pzRuleFormToolbarCheckin Payload: "{\"RequestClass\":\"Rule-HTML-Section\",\"RequestAppliesTo\":\"Rule-HTML-Section\",\"RequestRuleName\":\"pzRuleFormToolbarCheckin\"}" => HTTP 200 (119096 bytes)
[PegaHttpClient] 📡 POST https://zdk8budo.pegaacademy.net/prweb/api/CodeIntelligence/v1/rules/query?pxObjClass=Rule-HTML-Section&appliesTo=Rule-HTML-Section&pyRuleName=pzRuleFormToolbarDelete&RequestClass=Rule-HTML-Section&RequestAppliesTo=Rule-HTML-Section&RequestRuleName=pzRuleFormToolbarDelete Payload: "{\"RequestClass\":\"Rule-HTML-Section\",\"RequestAppliesTo\":\"Rule-HTML-Section\",\"RequestRuleName\":\"pzRuleFormToolbarDelete\"}" => HTTP 200 (30249 bytes)
[PegaHttpClient] 📡 POST https://zdk8budo.pegaacademy.net/prweb/api/CodeIntelligence/v1/rules/query?pxObjClass=Rule-HTML-Section&appliesTo=Rule-HTML-Section&pyRuleName=pzRuleFormToolbarSave&RequestClass=Rule-HTML-Section&RequestAppliesTo=Rule-HTML-Section&RequestRuleName=pzRuleFormToolbarSave Payload: "{\"RequestClass\":\"Rule-HTML-Section\",\"RequestAppliesTo\":\"Rule-HTML-Section\",\"RequestRuleName\":\"pzRuleFormToolbarSave\"}" => HTTP 200 (293885 bytes)
[PegaHttpClient] 📡 POST https://zdk8budo.pegaacademy.net/prweb/api/CodeIntelligence/v1/rules/query?pxObjClass=Rule-HTML-Section&appliesTo=Rule-HTML-Section&pyRuleName=pzRuleFormToolbarCheckout&RequestClass=Rule-HTML-Section&RequestAppliesTo=Rule-HTML-Section&RequestRuleName=pzRuleFormToolbarCheckout Payload: "{\"RequestClass\":\"Rule-HTML-Section\",\"RequestAppliesTo\":\"Rule-HTML-Section\",\"RequestRuleName\":\"pzRuleFormToolbarCheckout\"}" => HTTP 200 (238148 bytes)
[PegaHttpClient] 📡 POST https://zdk8budo.pegaacademy.net/prweb/api/CodeIntelligence/v1/rules/query?pxObjClass=Rule-HTML-Section&appliesTo=Rule-HTML-Section&pyRuleName=pzRemoveErrorsDataPage&RequestClass=Rule-HTML-Section&RequestAppliesTo=Rule-HTML-Section&RequestRuleName=pzRemoveErrorsDataPage Payload: "{\"RequestClass\":\"Rule-HTML-Section\",\"RequestAppliesTo\":\"Rule-HTML-Section\",\"RequestRuleName\":\"pzRemoveErrorsDataPage\"}" => HTTP 200 (16733 bytes)
[PegaHttpClient] 📡 POST https://zdk8budo.pegaacademy.net/prweb/api/CodeIntelligence/v1/rules/query?pxObjClass=Rule-HTML-Section&appliesTo=Rule-HTML-Section&pyRuleName=pzRuleFormHeaderMessagesWrapper&RequestClass=Rule-HTML-Section&RequestAppliesTo=Rule-HTML-Section&RequestRuleName=pzRuleFormHeaderMessagesWrapper Payload: "{\"RequestClass\":\"Rule-HTML-Section\",\"RequestAppliesTo\":\"Rule-HTML-Section\",\"RequestRuleName\":\"pzRuleFormHeaderMessagesWrapper\"}" => HTTP 200 (16981 bytes)
[PegaHttpClient] 📡 POST https://zdk8budo.pegaacademy.net/prweb/api/CodeIntelligence/v1/rules/query?pxObjClass=Rule-HTML-Section&appliesTo=Rule-HTML-Section&pyRuleName=pzLayoutEditorScripts&RequestClass=Rule-HTML-Section&RequestAppliesTo=Rule-HTML-Section&RequestRuleName=pzLayoutEditorScripts Payload: "{\"RequestClass\":\"Rule-HTML-Section\",\"RequestAppliesTo\":\"Rule-HTML-Section\",\"RequestRuleName\":\"pzLayoutEditorScripts\"}" => HTTP 200 (22045 bytes)
[PegaHttpClient] 📡 POST https://zdk8budo.pegaacademy.net/prweb/api/CodeIntelligence/v1/rules/query?pxObjClass=Rule-HTML-Section&appliesTo=Rule-HTML-Section&pyRuleName=pzLayoutEditorContent&RequestClass=Rule-HTML-Section&RequestAppliesTo=Rule-HTML-Section&RequestRuleName=pzLayoutEditorContent Payload: "{\"RequestClass\":\"Rule-HTML-Section\",\"RequestAppliesTo\":\"Rule-HTML-Section\",\"RequestRuleName\":\"pzLayoutEditorContent\"}" => HTTP 200 (427656 bytes)
[PegaHttpClient] 📡 POST https://zdk8budo.pegaacademy.net/prweb/api/CodeIntelligence/v1/rules/query?pxObjClass=Rule-HTML-Section&appliesTo=Rule-HTML-Section&pyRuleName=pzRuleFormParametersScript&RequestClass=Rule-HTML-Section&RequestAppliesTo=Rule-HTML-Section&RequestRuleName=pzRuleFormParametersScript Payload: "{\"RequestClass\":\"Rule-HTML-Section\",\"RequestAppliesTo\":\"Rule-HTML-Section\",\"RequestRuleName\":\"pzRuleFormParametersScript\"}" => HTTP 200 (32712 bytes)
[PegaHttpClient] 📡 POST https://zdk8budo.pegaacademy.net/prweb/api/CodeIntelligence/v1/rules/query?pxObjClass=Rule-HTML-Section&appliesTo=Rule-HTML-Section&pyRuleName=pxRuleFormParameters&RequestClass=Rule-HTML-Section&RequestAppliesTo=Rule-HTML-Section&RequestRuleName=pxRuleFormParameters Payload: "{\"RequestClass\":\"Rule-HTML-Section\",\"RequestAppliesTo\":\"Rule-HTML-Section\",\"RequestRuleName\":\"pxRuleFormParameters\"}" => HTTP 200 (24542 bytes)
[PegaHttpClient] 📡 POST https://zdk8budo.pegaacademy.net/prweb/api/CodeIntelligence/v1/rules/query?pxObjClass=Rule-HTML-Section&appliesTo=Rule-HTML-Section&pyRuleName=pzHTMLStreamPrompt&RequestClass=Rule-HTML-Section&RequestAppliesTo=Rule-HTML-Section&RequestRuleName=pzHTMLStreamPrompt Payload: "{\"RequestClass\":\"Rule-HTML-Section\",\"RequestAppliesTo\":\"Rule-HTML-Section\",\"RequestRuleName\":\"pzHTMLStreamPrompt\"}" => HTTP 200 (15810 bytes)
[PegaHttpClient] 📡 POST https://zdk8budo.pegaacademy.net/prweb/api/CodeIntelligence/v1/rules/query?pxObjClass=Rule-HTML-Section&appliesTo=Rule-HTML-Section&pyRuleName=pzPagesAndClassesScriptNoMode&RequestClass=Rule-HTML-Section&RequestAppliesTo=Rule-HTML-Section&RequestRuleName=pzPagesAndClassesScriptNoMode Payload: "{\"RequestClass\":\"Rule-HTML-Section\",\"RequestAppliesTo\":\"Rule-HTML-Section\",\"RequestRuleName\":\"pzPagesAndClassesScriptNoMode\"}" => HTTP 200 (25452 bytes)
[PegaHttpClient] 📡 POST https://zdk8budo.pegaacademy.net/prweb/api/CodeIntelligence/v1/rules/query?pxObjClass=Rule-HTML-Section&appliesTo=Rule-HTML-Section&pyRuleName=pzPagesAndClassesScript&RequestClass=Rule-HTML-Section&RequestAppliesTo=Rule-HTML-Section&RequestRuleName=pzPagesAndClassesScript Payload: "{\"RequestClass\":\"Rule-HTML-Section\",\"RequestAppliesTo\":\"Rule-HTML-Section\",\"RequestRuleName\":\"pzPagesAndClassesScript\"}" => HTTP 200 (23134 bytes)
[PegaHttpClient] 📡 POST https://zdk8budo.pegaacademy.net/prweb/api/CodeIntelligence/v1/rules/query?pxObjClass=Rule-HTML-Section&appliesTo=Rule-HTML-Section&pyRuleName=pzSpecificationName&RequestClass=Rule-HTML-Section&RequestAppliesTo=Rule-HTML-Section&RequestRuleName=pzSpecificationName Payload: "{\"RequestClass\":\"Rule-HTML-Section\",\"RequestAppliesTo\":\"Rule-HTML-Section\",\"RequestRuleName\":\"pzSpecificationName\"}" => HTTP 404 (114 bytes)
[PegaHttpClient] 📡 POST https://zdk8budo.pegaacademy.net/prweb/PRRestService/CodeIntelligence/v1/rules/query?pxObjClass=Rule-HTML-Section&appliesTo=Rule-HTML-Section&pyRuleName=pzSpecificationName&RequestClass=Rule-HTML-Section&RequestAppliesTo=Rule-HTML-Section&RequestRuleName=pzSpecificationName Payload: "{\"RequestClass\":\"Rule-HTML-Section\",\"RequestAppliesTo\":\"Rule-HTML-Section\",\"RequestRuleName\":\"pzSpecificationName\"}" => HTTP 404 (114 bytes)
[PegaHttpClient] 📡 POST https://zdk8budo.pegaacademy.net/prweb/api/HRAppsV2Service/V1/rules/query?pxObjClass=Rule-HTML-Section&appliesTo=Rule-HTML-Section&pyRuleName=pzSpecificationName&RequestClass=Rule-HTML-Section&RequestAppliesTo=Rule-HTML-Section&RequestRuleName=pzSpecificationName Payload: "{\"RequestClass\":\"Rule-HTML-Section\",\"RequestAppliesTo\":\"Rule-HTML-Section\",\"RequestRuleName\":\"pzSpecificationName\"}" => HTTP 404 (18 bytes)
[PegaHttpClient] 📡 POST https://zdk8budo.pegaacademy.net/prweb/PRRestService/HRAppsV2Service/V1/rules/query?pxObjClass=Rule-HTML-Section&appliesTo=Rule-HTML-Section&pyRuleName=pzSpecificationName&RequestClass=Rule-HTML-Section&RequestAppliesTo=Rule-HTML-Section&RequestRuleName=pzSpecificationName Payload: "{\"RequestClass\":\"Rule-HTML-Section\",\"RequestAppliesTo\":\"Rule-HTML-Section\",\"RequestRuleName\":\"pzSpecificationName\"}" => HTTP 404 (18 bytes)
[PegaHttpClient] 📡 POST https://zdk8budo.pegaacademy.net/prweb/api/HRAppsV2/V1/rules/query?pxObjClass=Rule-HTML-Section&appliesTo=Rule-HTML-Section&pyRuleName=pzSpecificationName&RequestClass=Rule-HTML-Section&RequestAppliesTo=Rule-HTML-Section&RequestRuleName=pzSpecificationName Payload: "{\"RequestClass\":\"Rule-HTML-Section\",\"RequestAppliesTo\":\"Rule-HTML-Section\",\"RequestRuleName\":\"pzSpecificationName\"}" => HTTP 404 (18 bytes)
[PegaHttpClient] 📡 POST https://zdk8budo.pegaacademy.net/prweb/PRRestService/HRAppsV2/V1/rules/query?pxObjClass=Rule-HTML-Section&appliesTo=Rule-HTML-Section&pyRuleName=pzSpecificationName&RequestClass=Rule-HTML-Section&RequestAppliesTo=Rule-HTML-Section&RequestRuleName=pzSpecificationName Payload: "{\"RequestClass\":\"Rule-HTML-Section\",\"RequestAppliesTo\":\"Rule-HTML-Section\",\"RequestRuleName\":\"pzSpecificationName\"}" => HTTP 404 (18 bytes)
[PegaHttpClient] 📡 POST https://zdk8budo.pegaacademy.net/prweb/api/v1/rules/query?pxObjClass=Rule-HTML-Section&appliesTo=Rule-HTML-Section&pyRuleName=pzSpecificationName&RequestClass=Rule-HTML-Section&RequestAppliesTo=Rule-HTML-Section&RequestRuleName=pzSpecificationName Payload: "{\"RequestClass\":\"Rule-HTML-Section\",\"RequestAppliesTo\":\"Rule-HTML-Section\",\"RequestRuleName\":\"pzSpecificationName\"}" => HTTP 404 (18 bytes)
[PegaHttpClient] 📡 POST https://zdk8budo.pegaacademy.net/prweb/PRRestService/v1/rules/query?pxObjClass=Rule-HTML-Section&appliesTo=Rule-HTML-Section&pyRuleName=pzSpecificationName&RequestClass=Rule-HTML-Section&RequestAppliesTo=Rule-HTML-Section&RequestRuleName=pzSpecificationName Payload: "{\"RequestClass\":\"Rule-HTML-Section\",\"RequestAppliesTo\":\"Rule-HTML-Section\",\"RequestRuleName\":\"pzSpecificationName\"}" => HTTP 404 (18 bytes)
[PegaHttpClient] 📡 POST https://zdk8budo.pegaacademy.net/prweb/api/CodeIntelligence/v1/rules/query?pxObjClass=Rule-HTML-Section&appliesTo=Rule-HTML-Section&pyRuleName=pzScm_RuleHistory&RequestClass=Rule-HTML-Section&RequestAppliesTo=Rule-HTML-Section&RequestRuleName=pzScm_RuleHistory Payload: "{\"RequestClass\":\"Rule-HTML-Section\",\"RequestAppliesTo\":\"Rule-HTML-Section\",\"RequestRuleName\":\"pzScm_RuleHistory\"}" => HTTP 200 (14682 bytes)
[PegaHttpClient] 📡 POST https://zdk8budo.pegaacademy.net/prweb/api/CodeIntelligence/v1/rules/query?pxObjClass=Rule-HTML-Section&appliesTo=Rule-HTML-Section&pyRuleName=pxDisplayCollaborators&RequestClass=Rule-HTML-Section&RequestAppliesTo=Rule-HTML-Section&RequestRuleName=pxDisplayCollaborators Payload: "{\"RequestClass\":\"Rule-HTML-Section\",\"RequestAppliesTo\":\"Rule-HTML-Section\",\"RequestRuleName\":\"pxDisplayCollaborators\"}" => HTTP 200 (94171 bytes)
[PegaHttpClient] 📡 POST https://zdk8budo.pegaacademy.net/prweb/api/CodeIntelligence/v1/rules/query?pxObjClass=Rule-HTML-Section&appliesTo=Rule-HTML-Section&pyRuleName=pzRuleFormToolbarDeleteCheckOut&RequestClass=Rule-HTML-Section&RequestAppliesTo=Rule-HTML-Section&RequestRuleName=pzRuleFormToolbarDeleteCheckOut Payload: "{\"RequestClass\":\"Rule-HTML-Section\",\"RequestAppliesTo\":\"Rule-HTML-Section\",\"RequestRuleName\":\"pzRuleFormToolbarDeleteCheckOut\"}" => HTTP 200 (29433 bytes)
[PegaHttpClient] 📡 POST https://zdk8budo.pegaacademy.net/prweb/api/CodeIntelligence/v1/rules/query?pxObjClass=Rule-HTML-Section&appliesTo=Rule-HTML-Section&pyRuleName=pzRuleFormToolbarDeleteRule&RequestClass=Rule-HTML-Section&RequestAppliesTo=Rule-HTML-Section&RequestRuleName=pzRuleFormToolbarDeleteRule Payload: "{\"RequestClass\":\"Rule-HTML-Section\",\"RequestAppliesTo\":\"Rule-HTML-Section\",\"RequestRuleName\":\"pzRuleFormToolbarDeleteRule\"}" => HTTP 200 (32314 bytes)
[PegaHttpClient] 📡 POST https://zdk8budo.pegaacademy.net/prweb/api/CodeIntelligence/v1/rules/query?pxObjClass=Rule-HTML-Section&appliesTo=Rule-HTML-Section&pyRuleName=pzLayoutEditor_Breadcrumb_List&RequestClass=Rule-HTML-Section&RequestAppliesTo=Rule-HTML-Section&RequestRuleName=pzLayoutEditor_Breadcrumb_List Payload: "{\"RequestClass\":\"Rule-HTML-Section\",\"RequestAppliesTo\":\"Rule-HTML-Section\",\"RequestRuleName\":\"pzLayoutEditor_Breadcrumb_List\"}" => HTTP 200 (34591 bytes)
[PegaHttpClient] 📡 POST https://zdk8budo.pegaacademy.net/prweb/api/CodeIntelligence/v1/rules/query?pxObjClass=Rule-HTML-Section&appliesTo=Rule-HTML-Section&pyRuleName=pzRegionContent&RequestClass=Rule-HTML-Section&RequestAppliesTo=Rule-HTML-Section&RequestRuleName=pzRegionContent Payload: "{\"RequestClass\":\"Rule-HTML-Section\",\"RequestAppliesTo\":\"Rule-HTML-Section\",\"RequestRuleName\":\"pzRegionContent\"}" => HTTP 404 (110 bytes)
[PegaHttpClient] 📡 POST https://zdk8budo.pegaacademy.net/prweb/PRRestService/CodeIntelligence/v1/rules/query?pxObjClass=Rule-HTML-Section&appliesTo=Rule-HTML-Section&pyRuleName=pzRegionContent&RequestClass=Rule-HTML-Section&RequestAppliesTo=Rule-HTML-Section&RequestRuleName=pzRegionContent Payload: "{\"RequestClass\":\"Rule-HTML-Section\",\"RequestAppliesTo\":\"Rule-HTML-Section\",\"RequestRuleName\":\"pzRegionContent\"}" => HTTP 404 (110 bytes)
[PegaHttpClient] 📡 POST https://zdk8budo.pegaacademy.net/prweb/api/HRAppsV2Service/V1/rules/query?pxObjClass=Rule-HTML-Section&appliesTo=Rule-HTML-Section&pyRuleName=pzRegionContent&RequestClass=Rule-HTML-Section&RequestAppliesTo=Rule-HTML-Section&RequestRuleName=pzRegionContent Payload: "{\"RequestClass\":\"Rule-HTML-Section\",\"RequestAppliesTo\":\"Rule-HTML-Section\",\"RequestRuleName\":\"pzRegionContent\"}" => HTTP 404 (18 bytes)
[PegaHttpClient] 📡 POST https://zdk8budo.pegaacademy.net/prweb/PRRestService/HRAppsV2Service/V1/rules/query?pxObjClass=Rule-HTML-Section&appliesTo=Rule-HTML-Section&pyRuleName=pzRegionContent&RequestClass=Rule-HTML-Section&RequestAppliesTo=Rule-HTML-Section&RequestRuleName=pzRegionContent Payload: "{\"RequestClass\":\"Rule-HTML-Section\",\"RequestAppliesTo\":\"Rule-HTML-Section\",\"RequestRuleName\":\"pzRegionContent\"}" => HTTP 404 (18 bytes)
[PegaHttpClient] 📡 POST https://zdk8budo.pegaacademy.net/prweb/api/HRAppsV2/V1/rules/query?pxObjClass=Rule-HTML-Section&appliesTo=Rule-HTML-Section&pyRuleName=pzRegionContent&RequestClass=Rule-HTML-Section&RequestAppliesTo=Rule-HTML-Section&RequestRuleName=pzRegionContent Payload: "{\"RequestClass\":\"Rule-HTML-Section\",\"RequestAppliesTo\":\"Rule-HTML-Section\",\"RequestRuleName\":\"pzRegionContent\"}" => HTTP 404 (18 bytes)
[PegaHttpClient] 📡 POST https://zdk8budo.pegaacademy.net/prweb/PRRestService/HRAppsV2/V1/rules/query?pxObjClass=Rule-HTML-Section&appliesTo=Rule-HTML-Section&pyRuleName=pzRegionContent&RequestClass=Rule-HTML-Section&RequestAppliesTo=Rule-HTML-Section&RequestRuleName=pzRegionContent Payload: "{\"RequestClass\":\"Rule-HTML-Section\",\"RequestAppliesTo\":\"Rule-HTML-Section\",\"RequestRuleName\":\"pzRegionContent\"}" => HTTP 404 (18 bytes)
[PegaHttpClient] 📡 POST https://zdk8budo.pegaacademy.net/prweb/api/v1/rules/query?pxObjClass=Rule-HTML-Section&appliesTo=Rule-HTML-Section&pyRuleName=pzRegionContent&RequestClass=Rule-HTML-Section&RequestAppliesTo=Rule-HTML-Section&RequestRuleName=pzRegionContent Payload: "{\"RequestClass\":\"Rule-HTML-Section\",\"RequestAppliesTo\":\"Rule-HTML-Section\",\"RequestRuleName\":\"pzRegionContent\"}" => HTTP 404 (18 bytes)
[PegaHttpClient] 📡 POST https://zdk8budo.pegaacademy.net/prweb/PRRestService/v1/rules/query?pxObjClass=Rule-HTML-Section&appliesTo=Rule-HTML-Section&pyRuleName=pzRegionContent&RequestClass=Rule-HTML-Section&RequestAppliesTo=Rule-HTML-Section&RequestRuleName=pzRegionContent Payload: "{\"RequestClass\":\"Rule-HTML-Section\",\"RequestAppliesTo\":\"Rule-HTML-Section\",\"RequestRuleName\":\"pzRegionContent\"}" => HTTP 404 (18 bytes)
[PegaHttpClient] 📡 POST https://zdk8budo.pegaacademy.net/prweb/api/CodeIntelligence/v1/rules/query?pxObjClass=Rule-HTML-Section&appliesTo=Rule-HTML-Section&pyRuleName=pzRegionCell&RequestClass=Rule-HTML-Section&RequestAppliesTo=Rule-HTML-Section&RequestRuleName=pzRegionCell Payload: "{\"RequestClass\":\"Rule-HTML-Section\",\"RequestAppliesTo\":\"Rule-HTML-Section\",\"RequestRuleName\":\"pzRegionCell\"}" => HTTP 404 (107 bytes)
[PegaHttpClient] 📡 POST https://zdk8budo.pegaacademy.net/prweb/PRRestService/CodeIntelligence/v1/rules/query?pxObjClass=Rule-HTML-Section&appliesTo=Rule-HTML-Section&pyRuleName=pzRegionCell&RequestClass=Rule-HTML-Section&RequestAppliesTo=Rule-HTML-Section&RequestRuleName=pzRegionCell Payload: "{\"RequestClass\":\"Rule-HTML-Section\",\"RequestAppliesTo\":\"Rule-HTML-Section\",\"RequestRuleName\":\"pzRegionCell\"}" => HTTP 404 (107 bytes)
[PegaHttpClient] 📡 POST https://zdk8budo.pegaacademy.net/prweb/api/HRAppsV2Service/V1/rules/query?pxObjClass=Rule-HTML-Section&appliesTo=Rule-HTML-Section&pyRuleName=pzRegionCell&RequestClass=Rule-HTML-Section&RequestAppliesTo=Rule-HTML-Section&RequestRuleName=pzRegionCell Payload: "{\"RequestClass\":\"Rule-HTML-Section\",\"RequestAppliesTo\":\"Rule-HTML-Section\",\"RequestRuleName\":\"pzRegionCell\"}" => HTTP 404 (18 bytes)
[PegaHttpClient] 📡 POST https://zdk8budo.pegaacademy.net/prweb/PRRestService/HRAppsV2Service/V1/rules/query?pxObjClass=Rule-HTML-Section&appliesTo=Rule-HTML-Section&pyRuleName=pzRegionCell&RequestClass=Rule-HTML-Section&RequestAppliesTo=Rule-HTML-Section&RequestRuleName=pzRegionCell Payload: "{\"RequestClass\":\"Rule-HTML-Section\",\"RequestAppliesTo\":\"Rule-HTML-Section\",\"RequestRuleName\":\"pzRegionCell\"}" => HTTP 404 (18 bytes)
[PegaHttpClient] 📡 POST https://zdk8budo.pegaacademy.net/prweb/api/HRAppsV2/V1/rules/query?pxObjClass=Rule-HTML-Section&appliesTo=Rule-HTML-Section&pyRuleName=pzRegionCell&RequestClass=Rule-HTML-Section&RequestAppliesTo=Rule-HTML-Section&RequestRuleName=pzRegionCell Payload: "{\"RequestClass\":\"Rule-HTML-Section\",\"RequestAppliesTo\":\"Rule-HTML-Section\",\"RequestRuleName\":\"pzRegionCell\"}" => HTTP 404 (18 bytes)
[PegaHttpClient] 📡 POST https://zdk8budo.pegaacademy.net/prweb/PRRestService/HRAppsV2/V1/rules/query?pxObjClass=Rule-HTML-Section&appliesTo=Rule-HTML-Section&pyRuleName=pzRegionCell&RequestClass=Rule-HTML-Section&RequestAppliesTo=Rule-HTML-Section&RequestRuleName=pzRegionCell Payload: "{\"RequestClass\":\"Rule-HTML-Section\",\"RequestAppliesTo\":\"Rule-HTML-Section\",\"RequestRuleName\":\"pzRegionCell\"}" => HTTP 404 (18 bytes)
[PegaHttpClient] 📡 POST https://zdk8budo.pegaacademy.net/prweb/api/v1/rules/query?pxObjClass=Rule-HTML-Section&appliesTo=Rule-HTML-Section&pyRuleName=pzRegionCell&RequestClass=Rule-HTML-Section&RequestAppliesTo=Rule-HTML-Section&RequestRuleName=pzRegionCell Payload: "{\"RequestClass\":\"Rule-HTML-Section\",\"RequestAppliesTo\":\"Rule-HTML-Section\",\"RequestRuleName\":\"pzRegionCell\"}" => HTTP 404 (18 bytes)
[PegaHttpClient] 📡 POST https://zdk8budo.pegaacademy.net/prweb/PRRestService/v1/rules/query?pxObjClass=Rule-HTML-Section&appliesTo=Rule-HTML-Section&pyRuleName=pzRegionCell&RequestClass=Rule-HTML-Section&RequestAppliesTo=Rule-HTML-Section&RequestRuleName=pzRegionCell Payload: "{\"RequestClass\":\"Rule-HTML-Section\",\"RequestAppliesTo\":\"Rule-HTML-Section\",\"RequestRuleName\":\"pzRegionCell\"}" => HTTP 404 (18 bytes)
[PegaHttpClient] 📡 POST https://zdk8budo.pegaacademy.net/prweb/api/CodeIntelligence/v1/rules/query?pxObjClass=Rule-HTML-Section&appliesTo=Rule-HTML-Section&pyRuleName=undefined&RequestClass=Rule-HTML-Section&RequestAppliesTo=Rule-HTML-Section&RequestRuleName=undefined Payload: "{\"RequestClass\":\"Rule-HTML-Section\",\"RequestAppliesTo\":\"Rule-HTML-Section\",\"RequestRuleName\":\"undefined\"}" => HTTP 404 (104 bytes)
[PegaHttpClient] 📡 POST https://zdk8budo.pegaacademy.net/prweb/PRRestService/CodeIntelligence/v1/rules/query?pxObjClass=Rule-HTML-Section&appliesTo=Rule-HTML-Section&pyRuleName=undefined&RequestClass=Rule-HTML-Section&RequestAppliesTo=Rule-HTML-Section&RequestRuleName=undefined Payload: "{\"RequestClass\":\"Rule-HTML-Section\",\"RequestAppliesTo\":\"Rule-HTML-Section\",\"RequestRuleName\":\"undefined\"}" => HTTP 404 (104 bytes)
[PegaHttpClient] 📡 POST https://zdk8budo.pegaacademy.net/prweb/api/HRAppsV2Service/V1/rules/query?pxObjClass=Rule-HTML-Section&appliesTo=Rule-HTML-Section&pyRuleName=undefined&RequestClass=Rule-HTML-Section&RequestAppliesTo=Rule-HTML-Section&RequestRuleName=undefined Payload: "{\"RequestClass\":\"Rule-HTML-Section\",\"RequestAppliesTo\":\"Rule-HTML-Section\",\"RequestRuleName\":\"undefined\"}" => HTTP 404 (18 bytes)
[PegaHttpClient] 📡 POST https://zdk8budo.pegaacademy.net/prweb/PRRestService/HRAppsV2Service/V1/rules/query?pxObjClass=Rule-HTML-Section&appliesTo=Rule-HTML-Section&pyRuleName=undefined&RequestClass=Rule-HTML-Section&RequestAppliesTo=Rule-HTML-Section&RequestRuleName=undefined Payload: "{\"RequestClass\":\"Rule-HTML-Section\",\"RequestAppliesTo\":\"Rule-HTML-Section\",\"RequestRuleName\":\"undefined\"}" => HTTP 404 (18 bytes)
[PegaHttpClient] 📡 POST https://zdk8budo.pegaacademy.net/prweb/api/HRAppsV2/V1/rules/query?pxObjClass=Rule-HTML-Section&appliesTo=Rule-HTML-Section&pyRuleName=undefined&RequestClass=Rule-HTML-Section&RequestAppliesTo=Rule-HTML-Section&RequestRuleName=undefined Payload: "{\"RequestClass\":\"Rule-HTML-Section\",\"RequestAppliesTo\":\"Rule-HTML-Section\",\"RequestRuleName\":\"undefined\"}" => HTTP 404 (18 bytes)
[PegaHttpClient] 📡 POST https://zdk8budo.pegaacademy.net/prweb/PRRestService/HRAppsV2/V1/rules/query?pxObjClass=Rule-HTML-Section&appliesTo=Rule-HTML-Section&pyRuleName=undefined&RequestClass=Rule-HTML-Section&RequestAppliesTo=Rule-HTML-Section&RequestRuleName=undefined Payload: "{\"RequestClass\":\"Rule-HTML-Section\",\"RequestAppliesTo\":\"Rule-HTML-Section\",\"RequestRuleName\":\"undefined\"}" => HTTP 404 (18 bytes)
[PegaHttpClient] 📡 POST https://zdk8budo.pegaacademy.net/prweb/api/v1/rules/query?pxObjClass=Rule-HTML-Section&appliesTo=Rule-HTML-Section&pyRuleName=undefined&RequestClass=Rule-HTML-Section&RequestAppliesTo=Rule-HTML-Section&RequestRuleName=undefined Payload: "{\"RequestClass\":\"Rule-HTML-Section\",\"RequestAppliesTo\":\"Rule-HTML-Section\",\"RequestRuleName\":\"undefined\"}" => HTTP 404 (18 bytes)
[PegaHttpClient] 📡 POST https://zdk8budo.pegaacademy.net/prweb/PRRestService/v1/rules/query?pxObjClass=Rule-HTML-Section&appliesTo=Rule-HTML-Section&pyRuleName=undefined&RequestClass=Rule-HTML-Section&RequestAppliesTo=Rule-HTML-Section&RequestRuleName=undefined Payload: "{\"RequestClass\":\"Rule-HTML-Section\",\"RequestAppliesTo\":\"Rule-HTML-Section\",\"RequestRuleName\":\"undefined\"}" => HTTP 404 (18 bytes)
[PegaHttpClient] 📡 POST https://zdk8budo.pegaacademy.net/prweb/api/CodeIntelligence/v1/rules/query?pxObjClass=Rule-HTML-Section&appliesTo=Rule-HTML-Section&pyRuleName=pzConfigureNotAllowEditSection&RequestClass=Rule-HTML-Section&RequestAppliesTo=Rule-HTML-Section&RequestRuleName=pzConfigureNotAllowEditSection Payload: "{\"RequestClass\":\"Rule-HTML-Section\",\"RequestAppliesTo\":\"Rule-HTML-Section\",\"RequestRuleName\":\"pzConfigureNotAllowEditSection\"}" => HTTP 200 (43013 bytes)
[PegaHttpClient] 📡 POST https://zdk8budo.pegaacademy.net/prweb/api/CodeIntelligence/v1/rules/query?pxObjClass=Rule-HTML-Section&appliesTo=Rule-HTML-Section&pyRuleName=pzParametersAdvConf&RequestClass=Rule-HTML-Section&RequestAppliesTo=Rule-HTML-Section&RequestRuleName=pzParametersAdvConf Payload: "{\"RequestClass\":\"Rule-HTML-Section\",\"RequestAppliesTo\":\"Rule-HTML-Section\",\"RequestRuleName\":\"pzParametersAdvConf\"}" => HTTP 200 (127328 bytes)
[PegaHttpClient] 📡 POST https://zdk8budo.pegaacademy.net/prweb/api/CodeIntelligence/v1/rules/query?pxObjClass=Rule-HTML-Section&appliesTo=Rule-HTML-Section&pyRuleName=pzParametersBasicConf&RequestClass=Rule-HTML-Section&RequestAppliesTo=Rule-HTML-Section&RequestRuleName=pzParametersBasicConf Payload: "{\"RequestClass\":\"Rule-HTML-Section\",\"RequestAppliesTo\":\"Rule-HTML-Section\",\"RequestRuleName\":\"pzParametersBasicConf\"}" => HTTP 200 (107999 bytes)
[PegaHttpClient] 📡 POST https://zdk8budo.pegaacademy.net/prweb/api/CodeIntelligence/v1/rules/query?pxObjClass=Rule-HTML-Section&appliesTo=Rule-HTML-Section&pyRuleName=pzLoadCollaborationScripts&RequestClass=Rule-HTML-Section&RequestAppliesTo=Rule-HTML-Section&RequestRuleName=pzLoadCollaborationScripts Payload: "{\"RequestClass\":\"Rule-HTML-Section\",\"RequestAppliesTo\":\"Rule-HTML-Section\",\"RequestRuleName\":\"pzLoadCollaborationScripts\"}" => HTTP 200 (23453 bytes)
[PegaHttpClient] 📡 POST https://zdk8budo.pegaacademy.net/prweb/api/CodeIntelligence/v1/rules/query?pxObjClass=Rule-HTML-Section&appliesTo=Rule-HTML-Section&pyRuleName=pzDisplayCollaboratorsList&RequestClass=Rule-HTML-Section&RequestAppliesTo=Rule-HTML-Section&RequestRuleName=pzDisplayCollaboratorsList Payload: "{\"RequestClass\":\"Rule-HTML-Section\",\"RequestAppliesTo\":\"Rule-HTML-Section\",\"RequestRuleName\":\"pzDisplayCollaboratorsList\"}" => HTTP 200 (105418 bytes)
[PegaHttpClient] 📡 POST https://zdk8budo.pegaacademy.net/prweb/api/CodeIntelligence/v1/rules/query?pxObjClass=Rule-HTML-Section&appliesTo=Rule-HTML-Section&pyRuleName=pzLayoutEditor_Breadcrumb_Item&RequestClass=Rule-HTML-Section&RequestAppliesTo=Rule-HTML-Section&RequestRuleName=pzLayoutEditor_Breadcrumb_Item Payload: "{\"RequestClass\":\"Rule-HTML-Section\",\"RequestAppliesTo\":\"Rule-HTML-Section\",\"RequestRuleName\":\"pzLayoutEditor_Breadcrumb_Item\"}" => HTTP 200 (43359 bytes)
[PegaHttpClient] 📡 POST https://zdk8budo.pegaacademy.net/prweb/api/CodeIntelligence/v1/rules/query?pxObjClass=Rule-HTML-Section&appliesTo=Rule-HTML-Section&pyRuleName=pyParametersParamName&RequestClass=Rule-HTML-Section&RequestAppliesTo=Rule-HTML-Section&RequestRuleName=pyParametersParamName Payload: "{\"RequestClass\":\"Rule-HTML-Section\",\"RequestAppliesTo\":\"Rule-HTML-Section\",\"RequestRuleName\":\"pyParametersParamName\"}" => HTTP 404 (116 bytes)
[PegaHttpClient] 📡 POST https://zdk8budo.pegaacademy.net/prweb/PRRestService/CodeIntelligence/v1/rules/query?pxObjClass=Rule-HTML-Section&appliesTo=Rule-HTML-Section&pyRuleName=pyParametersParamName&RequestClass=Rule-HTML-Section&RequestAppliesTo=Rule-HTML-Section&RequestRuleName=pyParametersParamName Payload: "{\"RequestClass\":\"Rule-HTML-Section\",\"RequestAppliesTo\":\"Rule-HTML-Section\",\"RequestRuleName\":\"pyParametersParamName\"}" => HTTP 404 (116 bytes)
[PegaHttpClient] 📡 POST https://zdk8budo.pegaacademy.net/prweb/api/HRAppsV2Service/V1/rules/query?pxObjClass=Rule-HTML-Section&appliesTo=Rule-HTML-Section&pyRuleName=pyParametersParamName&RequestClass=Rule-HTML-Section&RequestAppliesTo=Rule-HTML-Section&RequestRuleName=pyParametersParamName Payload: "{\"RequestClass\":\"Rule-HTML-Section\",\"RequestAppliesTo\":\"Rule-HTML-Section\",\"RequestRuleName\":\"pyParametersParamName\"}" => HTTP 404 (18 bytes)
[PegaHttpClient] 📡 POST https://zdk8budo.pegaacademy.net/prweb/PRRestService/HRAppsV2Service/V1/rules/query?pxObjClass=Rule-HTML-Section&appliesTo=Rule-HTML-Section&pyRuleName=pyParametersParamName&RequestClass=Rule-HTML-Section&RequestAppliesTo=Rule-HTML-Section&RequestRuleName=pyParametersParamName Payload: "{\"RequestClass\":\"Rule-HTML-Section\",\"RequestAppliesTo\":\"Rule-HTML-Section\",\"RequestRuleName\":\"pyParametersParamName\"}" => HTTP 404 (18 bytes)
[PegaHttpClient] 📡 POST https://zdk8budo.pegaacademy.net/prweb/api/HRAppsV2/V1/rules/query?pxObjClass=Rule-HTML-Section&appliesTo=Rule-HTML-Section&pyRuleName=pyParametersParamName&RequestClass=Rule-HTML-Section&RequestAppliesTo=Rule-HTML-Section&RequestRuleName=pyParametersParamName Payload: "{\"RequestClass\":\"Rule-HTML-Section\",\"RequestAppliesTo\":\"Rule-HTML-Section\",\"RequestRuleName\":\"pyParametersParamName\"}" => HTTP 404 (18 bytes)
[PegaHttpClient] 📡 POST https://zdk8budo.pegaacademy.net/prweb/PRRestService/HRAppsV2/V1/rules/query?pxObjClass=Rule-HTML-Section&appliesTo=Rule-HTML-Section&pyRuleName=pyParametersParamName&RequestClass=Rule-HTML-Section&RequestAppliesTo=Rule-HTML-Section&RequestRuleName=pyParametersParamName Payload: "{\"RequestClass\":\"Rule-HTML-Section\",\"RequestAppliesTo\":\"Rule-HTML-Section\",\"RequestRuleName\":\"pyParametersParamName\"}" => HTTP 404 (18 bytes)
[PegaHttpClient] 📡 POST https://zdk8budo.pegaacademy.net/prweb/api/v1/rules/query?pxObjClass=Rule-HTML-Section&appliesTo=Rule-HTML-Section&pyRuleName=pyParametersParamName&RequestClass=Rule-HTML-Section&RequestAppliesTo=Rule-HTML-Section&RequestRuleName=pyParametersParamName Payload: "{\"RequestClass\":\"Rule-HTML-Section\",\"RequestAppliesTo\":\"Rule-HTML-Section\",\"RequestRuleName\":\"pyParametersParamName\"}" => HTTP 404 (18 bytes)
[PegaHttpClient] 📡 POST https://zdk8budo.pegaacademy.net/prweb/PRRestService/v1/rules/query?pxObjClass=Rule-HTML-Section&appliesTo=Rule-HTML-Section&pyRuleName=pyParametersParamName&RequestClass=Rule-HTML-Section&RequestAppliesTo=Rule-HTML-Section&RequestRuleName=pyParametersParamName Payload: "{\"RequestClass\":\"Rule-HTML-Section\",\"RequestAppliesTo\":\"Rule-HTML-Section\",\"RequestRuleName\":\"pyParametersParamName\"}" => HTTP 404 (18 bytes)
[PegaHttpClient] 📡 POST https://zdk8budo.pegaacademy.net/prweb/api/CodeIntelligence/v1/rules/query?pxObjClass=Rule-HTML-Section&appliesTo=Rule-HTML-Section&pyRuleName=pyCollaborator&RequestClass=Rule-HTML-Section&RequestAppliesTo=Rule-HTML-Section&RequestRuleName=pyCollaborator Payload: "{\"RequestClass\":\"Rule-HTML-Section\",\"RequestAppliesTo\":\"Rule-HTML-Section\",\"RequestRuleName\":\"pyCollaborator\"}" => HTTP 404 (109 bytes)
[PegaHttpClient] 📡 POST https://zdk8budo.pegaacademy.net/prweb/PRRestService/CodeIntelligence/v1/rules/query?pxObjClass=Rule-HTML-Section&appliesTo=Rule-HTML-Section&pyRuleName=pyCollaborator&RequestClass=Rule-HTML-Section&RequestAppliesTo=Rule-HTML-Section&RequestRuleName=pyCollaborator Payload: "{\"RequestClass\":\"Rule-HTML-Section\",\"RequestAppliesTo\":\"Rule-HTML-Section\",\"RequestRuleName\":\"pyCollaborator\"}" => HTTP 404 (109 bytes)
[PegaHttpClient] 📡 POST https://zdk8budo.pegaacademy.net/prweb/api/HRAppsV2Service/V1/rules/query?pxObjClass=Rule-HTML-Section&appliesTo=Rule-HTML-Section&pyRuleName=pyCollaborator&RequestClass=Rule-HTML-Section&RequestAppliesTo=Rule-HTML-Section&RequestRuleName=pyCollaborator Payload: "{\"RequestClass\":\"Rule-HTML-Section\",\"RequestAppliesTo\":\"Rule-HTML-Section\",\"RequestRuleName\":\"pyCollaborator\"}" => HTTP 404 (18 bytes)
[PegaHttpClient] 📡 POST https://zdk8budo.pegaacademy.net/prweb/PRRestService/HRAppsV2Service/V1/rules/query?pxObjClass=Rule-HTML-Section&appliesTo=Rule-HTML-Section&pyRuleName=pyCollaborator&RequestClass=Rule-HTML-Section&RequestAppliesTo=Rule-HTML-Section&RequestRuleName=pyCollaborator Payload: "{\"RequestClass\":\"Rule-HTML-Section\",\"RequestAppliesTo\":\"Rule-HTML-Section\",\"RequestRuleName\":\"pyCollaborator\"}" => HTTP 404 (18 bytes)
[PegaHttpClient] 📡 POST https://zdk8budo.pegaacademy.net/prweb/api/HRAppsV2/V1/rules/query?pxObjClass=Rule-HTML-Section&appliesTo=Rule-HTML-Section&pyRuleName=pyCollaborator&RequestClass=Rule-HTML-Section&RequestAppliesTo=Rule-HTML-Section&RequestRuleName=pyCollaborator Payload: "{\"RequestClass\":\"Rule-HTML-Section\",\"RequestAppliesTo\":\"Rule-HTML-Section\",\"RequestRuleName\":\"pyCollaborator\"}" => HTTP 404 (18 bytes)
[PegaHttpClient] 📡 POST https://zdk8budo.pegaacademy.net/prweb/PRRestService/HRAppsV2/V1/rules/query?pxObjClass=Rule-HTML-Section&appliesTo=Rule-HTML-Section&pyRuleName=pyCollaborator&RequestClass=Rule-HTML-Section&RequestAppliesTo=Rule-HTML-Section&RequestRuleName=pyCollaborator Payload: "{\"RequestClass\":\"Rule-HTML-Section\",\"RequestAppliesTo\":\"Rule-HTML-Section\",\"RequestRuleName\":\"pyCollaborator\"}" => HTTP 404 (18 bytes)
[PegaHttpClient] 📡 POST https://zdk8budo.pegaacademy.net/prweb/api/v1/rules/query?pxObjClass=Rule-HTML-Section&appliesTo=Rule-HTML-Section&pyRuleName=pyCollaborator&RequestClass=Rule-HTML-Section&RequestAppliesTo=Rule-HTML-Section&RequestRuleName=pyCollaborator Payload: "{\"RequestClass\":\"Rule-HTML-Section\",\"RequestAppliesTo\":\"Rule-HTML-Section\",\"RequestRuleName\":\"pyCollaborator\"}" => HTTP 404 (18 bytes)
[PegaHttpClient] 📡 POST https://zdk8budo.pegaacademy.net/prweb/PRRestService/v1/rules/query?pxObjClass=Rule-HTML-Section&appliesTo=Rule-HTML-Section&pyRuleName=pyCollaborator&RequestClass=Rule-HTML-Section&RequestAppliesTo=Rule-HTML-Section&RequestRuleName=pyCollaborator Payload: "{\"RequestClass\":\"Rule-HTML-Section\",\"RequestAppliesTo\":\"Rule-HTML-Section\",\"RequestRuleName\":\"pyCollaborator\"}" => HTTP 404 (18 bytes)
[PegaHttpClient] 📡 POST https://zdk8budo.pegaacademy.net/prweb/api/CodeIntelligence/v1/rules/query?pxObjClass=Rule-HTML-Section&appliesTo=Rule-HTML-Section&pyRuleName=pzDisplayPartialCount&RequestClass=Rule-HTML-Section&RequestAppliesTo=Rule-HTML-Section&RequestRuleName=pzDisplayPartialCount Payload: "{\"RequestClass\":\"Rule-HTML-Section\",\"RequestAppliesTo\":\"Rule-HTML-Section\",\"RequestRuleName\":\"pzDisplayPartialCount\"}" => HTTP 404 (116 bytes)
[PegaHttpClient] 📡 POST https://zdk8budo.pegaacademy.net/prweb/PRRestService/CodeIntelligence/v1/rules/query?pxObjClass=Rule-HTML-Section&appliesTo=Rule-HTML-Section&pyRuleName=pzDisplayPartialCount&RequestClass=Rule-HTML-Section&RequestAppliesTo=Rule-HTML-Section&RequestRuleName=pzDisplayPartialCount Payload: "{\"RequestClass\":\"Rule-HTML-Section\",\"RequestAppliesTo\":\"Rule-HTML-Section\",\"RequestRuleName\":\"pzDisplayPartialCount\"}" => HTTP 404 (116 bytes)
[PegaHttpClient] 📡 POST https://zdk8budo.pegaacademy.net/prweb/api/HRAppsV2Service/V1/rules/query?pxObjClass=Rule-HTML-Section&appliesTo=Rule-HTML-Section&pyRuleName=pzDisplayPartialCount&RequestClass=Rule-HTML-Section&RequestAppliesTo=Rule-HTML-Section&RequestRuleName=pzDisplayPartialCount Payload: "{\"RequestClass\":\"Rule-HTML-Section\",\"RequestAppliesTo\":\"Rule-HTML-Section\",\"RequestRuleName\":\"pzDisplayPartialCount\"}" => HTTP 404 (18 bytes)
[PegaHttpClient] 📡 POST https://zdk8budo.pegaacademy.net/prweb/PRRestService/HRAppsV2Service/V1/rules/query?pxObjClass=Rule-HTML-Section&appliesTo=Rule-HTML-Section&pyRuleName=pzDisplayPartialCount&RequestClass=Rule-HTML-Section&RequestAppliesTo=Rule-HTML-Section&RequestRuleName=pzDisplayPartialCount Payload: "{\"RequestClass\":\"Rule-HTML-Section\",\"RequestAppliesTo\":\"Rule-HTML-Section\",\"RequestRuleName\":\"pzDisplayPartialCount\"}" => HTTP 404 (18 bytes)
[PegaHttpClient] 📡 POST https://zdk8budo.pegaacademy.net/prweb/api/HRAppsV2/V1/rules/query?pxObjClass=Rule-HTML-Section&appliesTo=Rule-HTML-Section&pyRuleName=pzDisplayPartialCount&RequestClass=Rule-HTML-Section&RequestAppliesTo=Rule-HTML-Section&RequestRuleName=pzDisplayPartialCount Payload: "{\"RequestClass\":\"Rule-HTML-Section\",\"RequestAppliesTo\":\"Rule-HTML-Section\",\"RequestRuleName\":\"pzDisplayPartialCount\"}" => HTTP 404 (18 bytes)
[PegaHttpClient] 📡 POST https://zdk8budo.pegaacademy.net/prweb/PRRestService/HRAppsV2/V1/rules/query?pxObjClass=Rule-HTML-Section&appliesTo=Rule-HTML-Section&pyRuleName=pzDisplayPartialCount&RequestClass=Rule-HTML-Section&RequestAppliesTo=Rule-HTML-Section&RequestRuleName=pzDisplayPartialCount Payload: "{\"RequestClass\":\"Rule-HTML-Section\",\"RequestAppliesTo\":\"Rule-HTML-Section\",\"RequestRuleName\":\"pzDisplayPartialCount\"}" => HTTP 404 (18 bytes)
[PegaHttpClient] 📡 POST https://zdk8budo.pegaacademy.net/prweb/api/v1/rules/query?pxObjClass=Rule-HTML-Section&appliesTo=Rule-HTML-Section&pyRuleName=pzDisplayPartialCount&RequestClass=Rule-HTML-Section&RequestAppliesTo=Rule-HTML-Section&RequestRuleName=pzDisplayPartialCount Payload: "{\"RequestClass\":\"Rule-HTML-Section\",\"RequestAppliesTo\":\"Rule-HTML-Section\",\"RequestRuleName\":\"pzDisplayPartialCount\"}" => HTTP 404 (18 bytes)
[PegaHttpClient] 📡 POST https://zdk8budo.pegaacademy.net/prweb/PRRestService/v1/rules/query?pxObjClass=Rule-HTML-Section&appliesTo=Rule-HTML-Section&pyRuleName=pzDisplayPartialCount&RequestClass=Rule-HTML-Section&RequestAppliesTo=Rule-HTML-Section&RequestRuleName=pzDisplayPartialCount Payload: "{\"RequestClass\":\"Rule-HTML-Section\",\"RequestAppliesTo\":\"Rule-HTML-Section\",\"RequestRuleName\":\"pzDisplayPartialCount\"}" => HTTP 404 (18 bytes)
[PegaHttpClient] 📡 POST https://zdk8budo.pegaacademy.net/prweb/api/CodeIntelligence/v1/rules/query?pxObjClass=Rule-HTML-Section&appliesTo=Rule-HTML-Section&pyRuleName=pzPanelHeader&RequestClass=Rule-HTML-Section&RequestAppliesTo=Rule-HTML-Section&RequestRuleName=pzPanelHeader Payload: "{\"RequestClass\":\"Rule-HTML-Section\",\"RequestAppliesTo\":\"Rule-HTML-Section\",\"RequestRuleName\":\"pzPanelHeader\"}" => HTTP 200 (22278 bytes)
[SchemaGen] ✅ Schema written for Rule-HTML-Section
[PegaHttpClient] 📡 GET https://zdk8budo.pegaacademy.net/prweb/api/CodeIntelligence/v1/rules/RULE-HTML-HARNESS%20RULE-HTML-HARNESS%20RULEFORM%20%2320180713T133629.243%20GMT => HTTP 200 (62257 bytes)
[PegaHttpClient] 📡 POST https://zdk8budo.pegaacademy.net/prweb/api/CodeIntelligence/v1/rules/query?pxObjClass=Rule-HTML-Section&appliesTo=Rule-HTML-Harness&pyRuleName=RuleFormMain&RequestClass=Rule-HTML-Section&RequestAppliesTo=Rule-HTML-Harness&RequestRuleName=RuleFormMain Payload: "{\"RequestClass\":\"Rule-HTML-Section\",\"RequestAppliesTo\":\"Rule-HTML-Harness\",\"RequestRuleName\":\"RuleFormMain\"}" => HTTP 200 (156234 bytes)
[PegaHttpClient] 📡 POST https://zdk8budo.pegaacademy.net/prweb/api/CodeIntelligence/v1/rules/query?pxObjClass=Rule-HTML-Section&appliesTo=Rule-HTML-Harness&pyRuleName=pxAlternateRuleForm&RequestClass=Rule-HTML-Section&RequestAppliesTo=Rule-HTML-Harness&RequestRuleName=pxAlternateRuleForm Payload: "{\"RequestClass\":\"Rule-HTML-Section\",\"RequestAppliesTo\":\"Rule-HTML-Harness\",\"RequestRuleName\":\"pxAlternateRuleForm\"}" => HTTP 200 (66153 bytes)
[PegaHttpClient] 📡 POST https://zdk8budo.pegaacademy.net/prweb/api/CodeIntelligence/v1/rules/query?pxObjClass=Rule-HTML-Section&appliesTo=Rule-HTML-Harness&pyRuleName=pzRuleFormScripts&RequestClass=Rule-HTML-Section&RequestAppliesTo=Rule-HTML-Harness&RequestRuleName=pzRuleFormScripts Payload: "{\"RequestClass\":\"Rule-HTML-Section\",\"RequestAppliesTo\":\"Rule-HTML-Harness\",\"RequestRuleName\":\"pzRuleFormScripts\"}" => HTTP 200 (40822 bytes)
[PegaHttpClient] 📡 POST https://zdk8budo.pegaacademy.net/prweb/api/CodeIntelligence/v1/rules/query?pxObjClass=Rule-HTML-Section&appliesTo=Rule-HTML-Harness&pyRuleName=pzRuleFormLayoutDelegated&RequestClass=Rule-HTML-Section&RequestAppliesTo=Rule-HTML-Harness&RequestRuleName=pzRuleFormLayoutDelegated Payload: "{\"RequestClass\":\"Rule-HTML-Section\",\"RequestAppliesTo\":\"Rule-HTML-Harness\",\"RequestRuleName\":\"pzRuleFormLayoutDelegated\"}" => HTTP 200 (70998 bytes)
[PegaHttpClient] 📡 POST https://zdk8budo.pegaacademy.net/prweb/api/CodeIntelligence/v1/rules/query?pxObjClass=Rule-HTML-Section&appliesTo=Rule-HTML-Harness&pyRuleName=RuleFormLayout&RequestClass=Rule-HTML-Section&RequestAppliesTo=Rule-HTML-Harness&RequestRuleName=RuleFormLayout Payload: "{\"RequestClass\":\"Rule-HTML-Section\",\"RequestAppliesTo\":\"Rule-HTML-Harness\",\"RequestRuleName\":\"RuleFormLayout\"}" => HTTP 200 (176013 bytes)
[PegaHttpClient] 📡 POST https://zdk8budo.pegaacademy.net/prweb/api/CodeIntelligence/v1/rules/query?pxObjClass=Rule-HTML-Section&appliesTo=Rule-HTML-Harness&pyRuleName=RuleFormSettings&RequestClass=Rule-HTML-Section&RequestAppliesTo=Rule-HTML-Harness&RequestRuleName=RuleFormSettings Payload: "{\"RequestClass\":\"Rule-HTML-Section\",\"RequestAppliesTo\":\"Rule-HTML-Harness\",\"RequestRuleName\":\"RuleFormSettings\"}" => HTTP 200 (20081 bytes)
[PegaHttpClient] 📡 POST https://zdk8budo.pegaacademy.net/prweb/api/CodeIntelligence/v1/rules/query?pxObjClass=Rule-HTML-Section&appliesTo=Rule-HTML-Harness&pyRuleName=OpenAuthoring&RequestClass=Rule-HTML-Section&RequestAppliesTo=Rule-HTML-Harness&RequestRuleName=OpenAuthoring Payload: "{\"RequestClass\":\"Rule-HTML-Section\",\"RequestAppliesTo\":\"Rule-HTML-Harness\",\"RequestRuleName\":\"OpenAuthoring\"}" => HTTP 200 (23695 bytes)
[PegaHttpClient] 📡 POST https://zdk8budo.pegaacademy.net/prweb/api/CodeIntelligence/v1/rules/query?pxObjClass=Rule-HTML-Section&appliesTo=Rule-HTML-Harness&pyRuleName=pyCustomHelp&RequestClass=Rule-HTML-Section&RequestAppliesTo=Rule-HTML-Harness&RequestRuleName=pyCustomHelp Payload: "{\"RequestClass\":\"Rule-HTML-Section\",\"RequestAppliesTo\":\"Rule-HTML-Harness\",\"RequestRuleName\":\"pyCustomHelp\"}" => HTTP 200 (17256 bytes)
[PegaHttpClient] 📡 POST https://zdk8budo.pegaacademy.net/prweb/api/CodeIntelligence/v1/rules/query?pxObjClass=Rule-HTML-Section&appliesTo=Rule-HTML-Harness&pyRuleName=pzRuleformMainInclude&RequestClass=Rule-HTML-Section&RequestAppliesTo=Rule-HTML-Harness&RequestRuleName=pzRuleformMainInclude Payload: "{\"RequestClass\":\"Rule-HTML-Section\",\"RequestAppliesTo\":\"Rule-HTML-Harness\",\"RequestRuleName\":\"pzRuleformMainInclude\"}" => HTTP 200 (22375 bytes)
[PegaHttpClient] 📡 POST https://zdk8budo.pegaacademy.net/prweb/api/CodeIntelligence/v1/rules/query?pxObjClass=Rule-HTML-Section&appliesTo=Rule-HTML-Harness&pyRuleName=pyAlternativeRuleFormStrategicAppExtension&RequestClass=Rule-HTML-Section&RequestAppliesTo=Rule-HTML-Harness&RequestRuleName=pyAlternativeRuleFormStrategicAppExtension Payload: "{\"RequestClass\":\"Rule-HTML-Section\",\"RequestAppliesTo\":\"Rule-HTML-Harness\",\"RequestRuleName\":\"pyAlternativeRuleFormStrategicAppExtension\"}" => HTTP 200 (25042 bytes)
[PegaHttpClient] 📡 POST https://zdk8budo.pegaacademy.net/prweb/api/CodeIntelligence/v1/rules/query?pxObjClass=Rule-HTML-Section&appliesTo=Rule-HTML-Harness&pyRuleName=pyAlternativeRuleFormExtension&RequestClass=Rule-HTML-Section&RequestAppliesTo=Rule-HTML-Harness&RequestRuleName=pyAlternativeRuleFormExtension Payload: "{\"RequestClass\":\"Rule-HTML-Section\",\"RequestAppliesTo\":\"Rule-HTML-Harness\",\"RequestRuleName\":\"pyAlternativeRuleFormExtension\"}" => HTTP 200 (24863 bytes)
[PegaHttpClient] 📡 POST https://zdk8budo.pegaacademy.net/prweb/api/CodeIntelligence/v1/rules/query?pxObjClass=Rule-HTML-Section&appliesTo=Rule-HTML-Harness&pyRuleName=RuleFormHeader&RequestClass=Rule-HTML-Section&RequestAppliesTo=Rule-HTML-Harness&RequestRuleName=RuleFormHeader Payload: "{\"RequestClass\":\"Rule-HTML-Section\",\"RequestAppliesTo\":\"Rule-HTML-Harness\",\"RequestRuleName\":\"RuleFormHeader\"}" => HTTP 200 (183800 bytes)
[PegaHttpClient] 📡 POST https://zdk8budo.pegaacademy.net/prweb/api/CodeIntelligence/v1/rules/query?pxObjClass=Rule-HTML-Section&appliesTo=Rule-HTML-Harness&pyRuleName=pzDelegationExperience&RequestClass=Rule-HTML-Section&RequestAppliesTo=Rule-HTML-Harness&RequestRuleName=pzDelegationExperience Payload: "{\"RequestClass\":\"Rule-HTML-Section\",\"RequestAppliesTo\":\"Rule-HTML-Harness\",\"RequestRuleName\":\"pzDelegationExperience\"}" => HTTP 404 (117 bytes)
[PegaHttpClient] 📡 POST https://zdk8budo.pegaacademy.net/prweb/PRRestService/CodeIntelligence/v1/rules/query?pxObjClass=Rule-HTML-Section&appliesTo=Rule-HTML-Harness&pyRuleName=pzDelegationExperience&RequestClass=Rule-HTML-Section&RequestAppliesTo=Rule-HTML-Harness&RequestRuleName=pzDelegationExperience Payload: "{\"RequestClass\":\"Rule-HTML-Section\",\"RequestAppliesTo\":\"Rule-HTML-Harness\",\"RequestRuleName\":\"pzDelegationExperience\"}" => HTTP 404 (117 bytes)
[PegaHttpClient] 📡 POST https://zdk8budo.pegaacademy.net/prweb/api/HRAppsV2Service/V1/rules/query?pxObjClass=Rule-HTML-Section&appliesTo=Rule-HTML-Harness&pyRuleName=pzDelegationExperience&RequestClass=Rule-HTML-Section&RequestAppliesTo=Rule-HTML-Harness&RequestRuleName=pzDelegationExperience Payload: "{\"RequestClass\":\"Rule-HTML-Section\",\"RequestAppliesTo\":\"Rule-HTML-Harness\",\"RequestRuleName\":\"pzDelegationExperience\"}" => HTTP 404 (18 bytes)
[PegaHttpClient] 📡 POST https://zdk8budo.pegaacademy.net/prweb/PRRestService/HRAppsV2Service/V1/rules/query?pxObjClass=Rule-HTML-Section&appliesTo=Rule-HTML-Harness&pyRuleName=pzDelegationExperience&RequestClass=Rule-HTML-Section&RequestAppliesTo=Rule-HTML-Harness&RequestRuleName=pzDelegationExperience Payload: "{\"RequestClass\":\"Rule-HTML-Section\",\"RequestAppliesTo\":\"Rule-HTML-Harness\",\"RequestRuleName\":\"pzDelegationExperience\"}" => HTTP 404 (18 bytes)
[PegaHttpClient] 📡 POST https://zdk8budo.pegaacademy.net/prweb/api/HRAppsV2/V1/rules/query?pxObjClass=Rule-HTML-Section&appliesTo=Rule-HTML-Harness&pyRuleName=pzDelegationExperience&RequestClass=Rule-HTML-Section&RequestAppliesTo=Rule-HTML-Harness&RequestRuleName=pzDelegationExperience Payload: "{\"RequestClass\":\"Rule-HTML-Section\",\"RequestAppliesTo\":\"Rule-HTML-Harness\",\"RequestRuleName\":\"pzDelegationExperience\"}" => HTTP 404 (18 bytes)
[PegaHttpClient] 📡 POST https://zdk8budo.pegaacademy.net/prweb/PRRestService/HRAppsV2/V1/rules/query?pxObjClass=Rule-HTML-Section&appliesTo=Rule-HTML-Harness&pyRuleName=pzDelegationExperience&RequestClass=Rule-HTML-Section&RequestAppliesTo=Rule-HTML-Harness&RequestRuleName=pzDelegationExperience Payload: "{\"RequestClass\":\"Rule-HTML-Section\",\"RequestAppliesTo\":\"Rule-HTML-Harness\",\"RequestRuleName\":\"pzDelegationExperience\"}" => HTTP 404 (18 bytes)
[PegaHttpClient] 📡 POST https://zdk8budo.pegaacademy.net/prweb/api/v1/rules/query?pxObjClass=Rule-HTML-Section&appliesTo=Rule-HTML-Harness&pyRuleName=pzDelegationExperience&RequestClass=Rule-HTML-Section&RequestAppliesTo=Rule-HTML-Harness&RequestRuleName=pzDelegationExperience Payload: "{\"RequestClass\":\"Rule-HTML-Section\",\"RequestAppliesTo\":\"Rule-HTML-Harness\",\"RequestRuleName\":\"pzDelegationExperience\"}" => HTTP 404 (18 bytes)
[PegaHttpClient] 📡 POST https://zdk8budo.pegaacademy.net/prweb/PRRestService/v1/rules/query?pxObjClass=Rule-HTML-Section&appliesTo=Rule-HTML-Harness&pyRuleName=pzDelegationExperience&RequestClass=Rule-HTML-Section&RequestAppliesTo=Rule-HTML-Harness&RequestRuleName=pzDelegationExperience Payload: "{\"RequestClass\":\"Rule-HTML-Section\",\"RequestAppliesTo\":\"Rule-HTML-Harness\",\"RequestRuleName\":\"pzDelegationExperience\"}" => HTTP 404 (18 bytes)
[PegaHttpClient] 📡 POST https://zdk8budo.pegaacademy.net/prweb/api/CodeIntelligence/v1/rules/query?pxObjClass=Rule-HTML-Section&appliesTo=Rule-HTML-Harness&pyRuleName=pzDesignViewInclude&RequestClass=Rule-HTML-Section&RequestAppliesTo=Rule-HTML-Harness&RequestRuleName=pzDesignViewInclude Payload: "{\"RequestClass\":\"Rule-HTML-Section\",\"RequestAppliesTo\":\"Rule-HTML-Harness\",\"RequestRuleName\":\"pzDesignViewInclude\"}" => HTTP 200 (46368 bytes)
[PegaHttpClient] 📡 POST https://zdk8budo.pegaacademy.net/prweb/api/CodeIntelligence/v1/rules/query?pxObjClass=Rule-HTML-Section&appliesTo=Rule-HTML-Harness&pyRuleName=pzRuleFormDesign&RequestClass=Rule-HTML-Section&RequestAppliesTo=Rule-HTML-Harness&RequestRuleName=pzRuleFormDesign Payload: "{\"RequestClass\":\"Rule-HTML-Section\",\"RequestAppliesTo\":\"Rule-HTML-Harness\",\"RequestRuleName\":\"pzRuleFormDesign\"}" => HTTP 200 (47983 bytes)
[PegaHttpClient] 📡 POST https://zdk8budo.pegaacademy.net/prweb/api/CodeIntelligence/v1/rules/query?pxObjClass=Rule-HTML-Section&appliesTo=Rule-HTML-Harness&pyRuleName=pzRuleFormDisplayOptions&RequestClass=Rule-HTML-Section&RequestAppliesTo=Rule-HTML-Harness&RequestRuleName=pzRuleFormDisplayOptions Payload: "{\"RequestClass\":\"Rule-HTML-Section\",\"RequestAppliesTo\":\"Rule-HTML-Harness\",\"RequestRuleName\":\"pzRuleFormDisplayOptions\"}" => HTTP 200 (88642 bytes)
[PegaHttpClient] 📡 POST https://zdk8budo.pegaacademy.net/prweb/api/CodeIntelligence/v1/rules/query?pxObjClass=Rule-HTML-Section&appliesTo=Rule-HTML-Harness&pyRuleName=pzRuleFormScriptsStyles&RequestClass=Rule-HTML-Section&RequestAppliesTo=Rule-HTML-Harness&RequestRuleName=pzRuleFormScriptsStyles Payload: "{\"RequestClass\":\"Rule-HTML-Section\",\"RequestAppliesTo\":\"Rule-HTML-Harness\",\"RequestRuleName\":\"pzRuleFormScriptsStyles\"}" => HTTP 200 (32639 bytes)
[PegaHttpClient] 📡 POST https://zdk8budo.pegaacademy.net/prweb/api/CodeIntelligence/v1/rules/query?pxObjClass=Rule-HTML-Section&appliesTo=Rule-HTML-Harness&pyRuleName=RuleFormPagesAndClasses&RequestClass=Rule-HTML-Section&RequestAppliesTo=Rule-HTML-Harness&RequestRuleName=RuleFormPagesAndClasses Payload: "{\"RequestClass\":\"Rule-HTML-Section\",\"RequestAppliesTo\":\"Rule-HTML-Harness\",\"RequestRuleName\":\"RuleFormPagesAndClasses\"}" => HTTP 200 (34748 bytes)
[PegaHttpClient] 📡 POST https://zdk8budo.pegaacademy.net/prweb/api/CodeIntelligence/v1/rules/query?pxObjClass=Rule-HTML-Section&appliesTo=Rule-HTML-Harness&pyRuleName=pzRuleFormAdvancedTab&RequestClass=Rule-HTML-Section&RequestAppliesTo=Rule-HTML-Harness&RequestRuleName=pzRuleFormAdvancedTab Payload: "{\"RequestClass\":\"Rule-HTML-Section\",\"RequestAppliesTo\":\"Rule-HTML-Harness\",\"RequestRuleName\":\"pzRuleFormAdvancedTab\"}" => HTTP 200 (253228 bytes)
[PegaHttpClient] 📡 POST https://zdk8budo.pegaacademy.net/prweb/api/CodeIntelligence/v1/rules/query?pxObjClass=Rule-HTML-Section&appliesTo=Rule-HTML-Harness&pyRuleName=pzSpecifications&RequestClass=Rule-HTML-Section&RequestAppliesTo=Rule-HTML-Harness&RequestRuleName=pzSpecifications Payload: "{\"RequestClass\":\"Rule-HTML-Section\",\"RequestAppliesTo\":\"Rule-HTML-Harness\",\"RequestRuleName\":\"pzSpecifications\"}" => HTTP 200 (16577 bytes)
[PegaHttpClient] 📡 POST https://zdk8budo.pegaacademy.net/prweb/api/CodeIntelligence/v1/rules/query?pxObjClass=Rule-HTML-Section&appliesTo=Rule-HTML-Harness&pyRuleName=RuleFormHistory&RequestClass=Rule-HTML-Section&RequestAppliesTo=Rule-HTML-Harness&RequestRuleName=RuleFormHistory Payload: "{\"RequestClass\":\"Rule-HTML-Section\",\"RequestAppliesTo\":\"Rule-HTML-Harness\",\"RequestRuleName\":\"RuleFormHistory\"}" => HTTP 200 (76091 bytes)
[PegaHttpClient] 📡 POST https://zdk8budo.pegaacademy.net/prweb/api/CodeIntelligence/v1/rules/query?pxObjClass=Rule-HTML-Section&appliesTo=Rule-HTML-Harness&pyRuleName=pzCustomHelp&RequestClass=Rule-HTML-Section&RequestAppliesTo=Rule-HTML-Harness&RequestRuleName=pzCustomHelp Payload: "{\"RequestClass\":\"Rule-HTML-Section\",\"RequestAppliesTo\":\"Rule-HTML-Harness\",\"RequestRuleName\":\"pzCustomHelp\"}" => HTTP 200 (31573 bytes)
[PegaHttpClient] 📡 POST https://zdk8budo.pegaacademy.net/prweb/api/CodeIntelligence/v1/rules/query?pxObjClass=Rule-HTML-Section&appliesTo=Rule-HTML-Harness&pyRuleName=pzRuleFormKeysAndDescription&RequestClass=Rule-HTML-Section&RequestAppliesTo=Rule-HTML-Harness&RequestRuleName=pzRuleFormKeysAndDescription Payload: "{\"RequestClass\":\"Rule-HTML-Section\",\"RequestAppliesTo\":\"Rule-HTML-Harness\",\"RequestRuleName\":\"pzRuleFormKeysAndDescription\"}" => HTTP 200 (218057 bytes)
[PegaHttpClient] 📡 POST https://zdk8budo.pegaacademy.net/prweb/api/CodeIntelligence/v1/rules/query?pxObjClass=Rule-HTML-Section&appliesTo=Rule-HTML-Harness&pyRuleName=pzRuleFormRuleset&RequestClass=Rule-HTML-Section&RequestAppliesTo=Rule-HTML-Harness&RequestRuleName=pzRuleFormRuleset Payload: "{\"RequestClass\":\"Rule-HTML-Section\",\"RequestAppliesTo\":\"Rule-HTML-Harness\",\"RequestRuleName\":\"pzRuleFormRuleset\"}" => HTTP 200 (33985 bytes)
[PegaHttpClient] 📡 POST https://zdk8budo.pegaacademy.net/prweb/api/CodeIntelligence/v1/rules/query?pxObjClass=Rule-HTML-Section&appliesTo=Rule-HTML-Harness&pyRuleName=undefined&RequestClass=Rule-HTML-Section&RequestAppliesTo=Rule-HTML-Harness&RequestRuleName=undefined Payload: "{\"RequestClass\":\"Rule-HTML-Section\",\"RequestAppliesTo\":\"Rule-HTML-Harness\",\"RequestRuleName\":\"undefined\"}" => HTTP 404 (104 bytes)
[PegaHttpClient] 📡 POST https://zdk8budo.pegaacademy.net/prweb/PRRestService/CodeIntelligence/v1/rules/query?pxObjClass=Rule-HTML-Section&appliesTo=Rule-HTML-Harness&pyRuleName=undefined&RequestClass=Rule-HTML-Section&RequestAppliesTo=Rule-HTML-Harness&RequestRuleName=undefined Payload: "{\"RequestClass\":\"Rule-HTML-Section\",\"RequestAppliesTo\":\"Rule-HTML-Harness\",\"RequestRuleName\":\"undefined\"}" => HTTP 404 (104 bytes)
[PegaHttpClient] 📡 POST https://zdk8budo.pegaacademy.net/prweb/api/HRAppsV2Service/V1/rules/query?pxObjClass=Rule-HTML-Section&appliesTo=Rule-HTML-Harness&pyRuleName=undefined&RequestClass=Rule-HTML-Section&RequestAppliesTo=Rule-HTML-Harness&RequestRuleName=undefined Payload: "{\"RequestClass\":\"Rule-HTML-Section\",\"RequestAppliesTo\":\"Rule-HTML-Harness\",\"RequestRuleName\":\"undefined\"}" => HTTP 404 (18 bytes)
[PegaHttpClient] 📡 POST https://zdk8budo.pegaacademy.net/prweb/PRRestService/HRAppsV2Service/V1/rules/query?pxObjClass=Rule-HTML-Section&appliesTo=Rule-HTML-Harness&pyRuleName=undefined&RequestClass=Rule-HTML-Section&RequestAppliesTo=Rule-HTML-Harness&RequestRuleName=undefined Payload: "{\"RequestClass\":\"Rule-HTML-Section\",\"RequestAppliesTo\":\"Rule-HTML-Harness\",\"RequestRuleName\":\"undefined\"}" => HTTP 404 (18 bytes)
[PegaHttpClient] 📡 POST https://zdk8budo.pegaacademy.net/prweb/api/HRAppsV2/V1/rules/query?pxObjClass=Rule-HTML-Section&appliesTo=Rule-HTML-Harness&pyRuleName=undefined&RequestClass=Rule-HTML-Section&RequestAppliesTo=Rule-HTML-Harness&RequestRuleName=undefined Payload: "{\"RequestClass\":\"Rule-HTML-Section\",\"RequestAppliesTo\":\"Rule-HTML-Harness\",\"RequestRuleName\":\"undefined\"}" => HTTP 404 (18 bytes)
[PegaHttpClient] 📡 POST https://zdk8budo.pegaacademy.net/prweb/PRRestService/HRAppsV2/V1/rules/query?pxObjClass=Rule-HTML-Section&appliesTo=Rule-HTML-Harness&pyRuleName=undefined&RequestClass=Rule-HTML-Section&RequestAppliesTo=Rule-HTML-Harness&RequestRuleName=undefined Payload: "{\"RequestClass\":\"Rule-HTML-Section\",\"RequestAppliesTo\":\"Rule-HTML-Harness\",\"RequestRuleName\":\"undefined\"}" => HTTP 404 (18 bytes)
[PegaHttpClient] 📡 POST https://zdk8budo.pegaacademy.net/prweb/api/v1/rules/query?pxObjClass=Rule-HTML-Section&appliesTo=Rule-HTML-Harness&pyRuleName=undefined&RequestClass=Rule-HTML-Section&RequestAppliesTo=Rule-HTML-Harness&RequestRuleName=undefined Payload: "{\"RequestClass\":\"Rule-HTML-Section\",\"RequestAppliesTo\":\"Rule-HTML-Harness\",\"RequestRuleName\":\"undefined\"}" => HTTP 404 (18 bytes)
[PegaHttpClient] 📡 POST https://zdk8budo.pegaacademy.net/prweb/PRRestService/v1/rules/query?pxObjClass=Rule-HTML-Section&appliesTo=Rule-HTML-Harness&pyRuleName=undefined&RequestClass=Rule-HTML-Section&RequestAppliesTo=Rule-HTML-Harness&RequestRuleName=undefined Payload: "{\"RequestClass\":\"Rule-HTML-Section\",\"RequestAppliesTo\":\"Rule-HTML-Harness\",\"RequestRuleName\":\"undefined\"}" => HTTP 404 (18 bytes)
[PegaHttpClient] 📡 POST https://zdk8budo.pegaacademy.net/prweb/api/CodeIntelligence/v1/rules/query?pxObjClass=Rule-HTML-Section&appliesTo=Rule-HTML-Harness&pyRuleName=pzRuleFormToolbar&RequestClass=Rule-HTML-Section&RequestAppliesTo=Rule-HTML-Harness&RequestRuleName=pzRuleFormToolbar Payload: "{\"RequestClass\":\"Rule-HTML-Section\",\"RequestAppliesTo\":\"Rule-HTML-Harness\",\"RequestRuleName\":\"pzRuleFormToolbar\"}" => HTTP 200 (242691 bytes)
[PegaHttpClient] 📡 POST https://zdk8budo.pegaacademy.net/prweb/api/CodeIntelligence/v1/rules/query?pxObjClass=Rule-HTML-Section&appliesTo=Rule-HTML-Harness&pyRuleName=pzRuleFormToolbarCompare&RequestClass=Rule-HTML-Section&RequestAppliesTo=Rule-HTML-Harness&RequestRuleName=pzRuleFormToolbarCompare Payload: "{\"RequestClass\":\"Rule-HTML-Section\",\"RequestAppliesTo\":\"Rule-HTML-Harness\",\"RequestRuleName\":\"pzRuleFormToolbarCompare\"}" => HTTP 200 (61925 bytes)
[PegaHttpClient] 📡 POST https://zdk8budo.pegaacademy.net/prweb/api/CodeIntelligence/v1/rules/query?pxObjClass=Rule-HTML-Section&appliesTo=Rule-HTML-Harness&pyRuleName=RuleFormHeaderMessages&RequestClass=Rule-HTML-Section&RequestAppliesTo=Rule-HTML-Harness&RequestRuleName=RuleFormHeaderMessages Payload: "{\"RequestClass\":\"Rule-HTML-Section\",\"RequestAppliesTo\":\"Rule-HTML-Harness\",\"RequestRuleName\":\"RuleFormHeaderMessages\"}" => HTTP 200 (26518 bytes)
[PegaHttpClient] 📡 POST https://zdk8budo.pegaacademy.net/prweb/api/CodeIntelligence/v1/rules/query?pxObjClass=Rule-HTML-Section&appliesTo=Rule-HTML-Harness&pyRuleName=pzAuditInformation&RequestClass=Rule-HTML-Section&RequestAppliesTo=Rule-HTML-Harness&RequestRuleName=pzAuditInformation Payload: "{\"RequestClass\":\"Rule-HTML-Section\",\"RequestAppliesTo\":\"Rule-HTML-Harness\",\"RequestRuleName\":\"pzAuditInformation\"}" => HTTP 200 (42999 bytes)
[PegaHttpClient] 📡 POST https://zdk8budo.pegaacademy.net/prweb/api/CodeIntelligence/v1/rules/query?pxObjClass=Rule-HTML-Section&appliesTo=Rule-HTML-Harness&pyRuleName=pzShowHarnessAction&RequestClass=Rule-HTML-Section&RequestAppliesTo=Rule-HTML-Harness&RequestRuleName=pzShowHarnessAction Payload: "{\"RequestClass\":\"Rule-HTML-Section\",\"RequestAppliesTo\":\"Rule-HTML-Harness\",\"RequestRuleName\":\"pzShowHarnessAction\"}" => HTTP 200 (98968 bytes)
[PegaHttpClient] 📡 POST https://zdk8budo.pegaacademy.net/prweb/api/CodeIntelligence/v1/rules/query?pxObjClass=Rule-HTML-Section&appliesTo=Rule-HTML-Harness&pyRuleName=pzRuleFormScriptsList&RequestClass=Rule-HTML-Section&RequestAppliesTo=Rule-HTML-Harness&RequestRuleName=pzRuleFormScriptsList Payload: "{\"RequestClass\":\"Rule-HTML-Section\",\"RequestAppliesTo\":\"Rule-HTML-Harness\",\"RequestRuleName\":\"pzRuleFormScriptsList\"}" => HTTP 200 (60241 bytes)
[PegaHttpClient] 📡 POST https://zdk8budo.pegaacademy.net/prweb/api/CodeIntelligence/v1/rules/query?pxObjClass=Rule-HTML-Section&appliesTo=Rule-HTML-Harness&pyRuleName=pzRuleFormStylesList&RequestClass=Rule-HTML-Section&RequestAppliesTo=Rule-HTML-Harness&RequestRuleName=pzRuleFormStylesList Payload: "{\"RequestClass\":\"Rule-HTML-Section\",\"RequestAppliesTo\":\"Rule-HTML-Harness\",\"RequestRuleName\":\"pzRuleFormStylesList\"}" => HTTP 200 (69419 bytes)
[PegaHttpClient] 📡 POST https://zdk8budo.pegaacademy.net/prweb/api/CodeIntelligence/v1/rules/query?pxObjClass=Rule-HTML-Section&appliesTo=Rule-HTML-Harness&pyRuleName=pzRuleFormPagesAndClassesScript&RequestClass=Rule-HTML-Section&RequestAppliesTo=Rule-HTML-Harness&RequestRuleName=pzRuleFormPagesAndClassesScript Payload: "{\"RequestClass\":\"Rule-HTML-Section\",\"RequestAppliesTo\":\"Rule-HTML-Harness\",\"RequestRuleName\":\"pzRuleFormPagesAndClassesScript\"}" => HTTP 200 (15730 bytes)
[PegaHttpClient] 📡 POST https://zdk8budo.pegaacademy.net/prweb/api/CodeIntelligence/v1/rules/query?pxObjClass=Rule-HTML-Section&appliesTo=Rule-HTML-Harness&pyRuleName=pzPagesAndClassesNoMode&RequestClass=Rule-HTML-Section&RequestAppliesTo=Rule-HTML-Harness&RequestRuleName=pzPagesAndClassesNoMode Payload: "{\"RequestClass\":\"Rule-HTML-Section\",\"RequestAppliesTo\":\"Rule-HTML-Harness\",\"RequestRuleName\":\"pzPagesAndClassesNoMode\"}" => HTTP 200 (90057 bytes)
[PegaHttpClient] 📡 POST https://zdk8budo.pegaacademy.net/prweb/api/CodeIntelligence/v1/rules/query?pxObjClass=Rule-HTML-Section&appliesTo=Rule-HTML-Harness&pyRuleName=pzPagesAndClassesWithMode&RequestClass=Rule-HTML-Section&RequestAppliesTo=Rule-HTML-Harness&RequestRuleName=pzPagesAndClassesWithMode Payload: "{\"RequestClass\":\"Rule-HTML-Section\",\"RequestAppliesTo\":\"Rule-HTML-Harness\",\"RequestRuleName\":\"pzPagesAndClassesWithMode\"}" => HTTP 200 (97424 bytes)
[PegaHttpClient] 📡 POST https://zdk8budo.pegaacademy.net/prweb/api/CodeIntelligence/v1/rules/query?pxObjClass=Rule-HTML-Section&appliesTo=Rule-HTML-Harness&pyRuleName=pzSkeletonDetails&RequestClass=Rule-HTML-Section&RequestAppliesTo=Rule-HTML-Harness&RequestRuleName=pzSkeletonDetails Payload: "{\"RequestClass\":\"Rule-HTML-Section\",\"RequestAppliesTo\":\"Rule-HTML-Harness\",\"RequestRuleName\":\"pzSkeletonDetails\"}" => HTTP 200 (38150 bytes)
[PegaHttpClient] 📡 POST https://zdk8budo.pegaacademy.net/prweb/api/CodeIntelligence/v1/rules/query?pxObjClass=Rule-HTML-Section&appliesTo=Rule-HTML-Harness&pyRuleName=pzRuleFormAdvancedFrameSource&RequestClass=Rule-HTML-Section&RequestAppliesTo=Rule-HTML-Harness&RequestRuleName=pzRuleFormAdvancedFrameSource Payload: "{\"RequestClass\":\"Rule-HTML-Section\",\"RequestAppliesTo\":\"Rule-HTML-Harness\",\"RequestRuleName\":\"pzRuleFormAdvancedFrameSource\"}" => HTTP 200 (18395 bytes)
[PegaHttpClient] 📡 POST https://zdk8budo.pegaacademy.net/prweb/api/CodeIntelligence/v1/rules/query?pxObjClass=Rule-HTML-Section&appliesTo=Rule-HTML-Harness&pyRuleName=pzRuleFormAdvancedHTMLSource&RequestClass=Rule-HTML-Section&RequestAppliesTo=Rule-HTML-Harness&RequestRuleName=pzRuleFormAdvancedHTMLSource Payload: "{\"RequestClass\":\"Rule-HTML-Section\",\"RequestAppliesTo\":\"Rule-HTML-Harness\",\"RequestRuleName\":\"pzRuleFormAdvancedHTMLSource\"}" => HTTP 200 (22097 bytes)
[PegaHttpClient] 📡 POST https://zdk8budo.pegaacademy.net/prweb/api/CodeIntelligence/v1/rules/query?pxObjClass=Rule-HTML-Section&appliesTo=Rule-HTML-Harness&pyRuleName=pzSpecificationsInner&RequestClass=Rule-HTML-Section&RequestAppliesTo=Rule-HTML-Harness&RequestRuleName=pzSpecificationsInner Payload: "{\"RequestClass\":\"Rule-HTML-Section\",\"RequestAppliesTo\":\"Rule-HTML-Harness\",\"RequestRuleName\":\"pzSpecificationsInner\"}" => HTTP 200 (142370 bytes)
[PegaHttpClient] 📡 POST https://zdk8budo.pegaacademy.net/prweb/api/CodeIntelligence/v1/rules/query?pxObjClass=Rule-HTML-Section&appliesTo=Rule-HTML-Harness&pyRuleName=pzAlternateRuleInfo&RequestClass=Rule-HTML-Section&RequestAppliesTo=Rule-HTML-Harness&RequestRuleName=pzAlternateRuleInfo Payload: "{\"RequestClass\":\"Rule-HTML-Section\",\"RequestAppliesTo\":\"Rule-HTML-Harness\",\"RequestRuleName\":\"pzAlternateRuleInfo\"}" => HTTP 200 (140407 bytes)
[PegaHttpClient] 📡 POST https://zdk8budo.pegaacademy.net/prweb/api/CodeIntelligence/v1/rules/query?pxObjClass=Rule-HTML-Section&appliesTo=Rule-HTML-Harness&pyRuleName=RuleFormHistory_Description&RequestClass=Rule-HTML-Section&RequestAppliesTo=Rule-HTML-Harness&RequestRuleName=RuleFormHistory_Description Payload: "{\"RequestClass\":\"Rule-HTML-Section\",\"RequestAppliesTo\":\"Rule-HTML-Harness\",\"RequestRuleName\":\"RuleFormHistory_Description\"}" => HTTP 200 (46242 bytes)
[PegaHttpClient] 📡 POST https://zdk8budo.pegaacademy.net/prweb/api/CodeIntelligence/v1/rules/query?pxObjClass=Rule-HTML-Section&appliesTo=Rule-HTML-Harness&pyRuleName=RuleFormHistory_CustomFields&RequestClass=Rule-HTML-Section&RequestAppliesTo=Rule-HTML-Harness&RequestRuleName=RuleFormHistory_CustomFields Payload: "{\"RequestClass\":\"Rule-HTML-Section\",\"RequestAppliesTo\":\"Rule-HTML-Harness\",\"RequestRuleName\":\"RuleFormHistory_CustomFields\"}" => HTTP 200 (75856 bytes)
[PegaHttpClient] 📡 POST https://zdk8budo.pegaacademy.net/prweb/api/CodeIntelligence/v1/rules/query?pxObjClass=Rule-HTML-Section&appliesTo=Rule-HTML-Harness&pyRuleName=RuleFormHistory_HistoryDetails&RequestClass=Rule-HTML-Section&RequestAppliesTo=Rule-HTML-Harness&RequestRuleName=RuleFormHistory_HistoryDetails Payload: "{\"RequestClass\":\"Rule-HTML-Section\",\"RequestAppliesTo\":\"Rule-HTML-Harness\",\"RequestRuleName\":\"RuleFormHistory_HistoryDetails\"}" => HTTP 200 (179535 bytes)
[PegaHttpClient] 📡 POST https://zdk8budo.pegaacademy.net/prweb/api/CodeIntelligence/v1/rules/query?pxObjClass=Rule-HTML-Section&appliesTo=Rule-HTML-Harness&pyRuleName=pzRuleFormStatus&RequestClass=Rule-HTML-Section&RequestAppliesTo=Rule-HTML-Harness&RequestRuleName=pzRuleFormStatus Payload: "{\"RequestClass\":\"Rule-HTML-Section\",\"RequestAppliesTo\":\"Rule-HTML-Harness\",\"RequestRuleName\":\"pzRuleFormStatus\"}" => HTTP 200 (97627 bytes)
[PegaHttpClient] 📡 POST https://zdk8budo.pegaacademy.net/prweb/api/CodeIntelligence/v1/rules/query?pxObjClass=Rule-HTML-Section&appliesTo=Rule-HTML-Harness&pyRuleName=pzRuleFormHeaderCompareWithDropDown&RequestClass=Rule-HTML-Section&RequestAppliesTo=Rule-HTML-Harness&RequestRuleName=pzRuleFormHeaderCompareWithDropDown Payload: "{\"RequestClass\":\"Rule-HTML-Section\",\"RequestAppliesTo\":\"Rule-HTML-Harness\",\"RequestRuleName\":\"pzRuleFormHeaderCompareWithDropDown\"}" => HTTP 200 (25396 bytes)
[PegaHttpClient] 📡 POST https://zdk8budo.pegaacademy.net/prweb/api/CodeIntelligence/v1/rules/query?pxObjClass=Rule-HTML-Section&appliesTo=Rule-HTML-Harness&pyRuleName=undefined&RequestClass=Rule-HTML-Section&RequestAppliesTo=Rule-HTML-Harness&RequestRuleName=undefined Payload: "{\"RequestClass\":\"Rule-HTML-Section\",\"RequestAppliesTo\":\"Rule-HTML-Harness\",\"RequestRuleName\":\"undefined\"}" => HTTP 404 (104 bytes)
[PegaHttpClient] 📡 POST https://zdk8budo.pegaacademy.net/prweb/PRRestService/CodeIntelligence/v1/rules/query?pxObjClass=Rule-HTML-Section&appliesTo=Rule-HTML-Harness&pyRuleName=undefined&RequestClass=Rule-HTML-Section&RequestAppliesTo=Rule-HTML-Harness&RequestRuleName=undefined Payload: "{\"RequestClass\":\"Rule-HTML-Section\",\"RequestAppliesTo\":\"Rule-HTML-Harness\",\"RequestRuleName\":\"undefined\"}" => HTTP 404 (104 bytes)
[PegaHttpClient] 📡 POST https://zdk8budo.pegaacademy.net/prweb/api/HRAppsV2Service/V1/rules/query?pxObjClass=Rule-HTML-Section&appliesTo=Rule-HTML-Harness&pyRuleName=undefined&RequestClass=Rule-HTML-Section&RequestAppliesTo=Rule-HTML-Harness&RequestRuleName=undefined Payload: "{\"RequestClass\":\"Rule-HTML-Section\",\"RequestAppliesTo\":\"Rule-HTML-Harness\",\"RequestRuleName\":\"undefined\"}" => HTTP 404 (18 bytes)
[PegaHttpClient] 📡 POST https://zdk8budo.pegaacademy.net/prweb/PRRestService/HRAppsV2Service/V1/rules/query?pxObjClass=Rule-HTML-Section&appliesTo=Rule-HTML-Harness&pyRuleName=undefined&RequestClass=Rule-HTML-Section&RequestAppliesTo=Rule-HTML-Harness&RequestRuleName=undefined Payload: "{\"RequestClass\":\"Rule-HTML-Section\",\"RequestAppliesTo\":\"Rule-HTML-Harness\",\"RequestRuleName\":\"undefined\"}" => HTTP 404 (18 bytes)
[PegaHttpClient] 📡 POST https://zdk8budo.pegaacademy.net/prweb/api/HRAppsV2/V1/rules/query?pxObjClass=Rule-HTML-Section&appliesTo=Rule-HTML-Harness&pyRuleName=undefined&RequestClass=Rule-HTML-Section&RequestAppliesTo=Rule-HTML-Harness&RequestRuleName=undefined Payload: "{\"RequestClass\":\"Rule-HTML-Section\",\"RequestAppliesTo\":\"Rule-HTML-Harness\",\"RequestRuleName\":\"undefined\"}" => HTTP 404 (18 bytes)
[PegaHttpClient] 📡 POST https://zdk8budo.pegaacademy.net/prweb/PRRestService/HRAppsV2/V1/rules/query?pxObjClass=Rule-HTML-Section&appliesTo=Rule-HTML-Harness&pyRuleName=undefined&RequestClass=Rule-HTML-Section&RequestAppliesTo=Rule-HTML-Harness&RequestRuleName=undefined Payload: "{\"RequestClass\":\"Rule-HTML-Section\",\"RequestAppliesTo\":\"Rule-HTML-Harness\",\"RequestRuleName\":\"undefined\"}" => HTTP 404 (18 bytes)
[PegaHttpClient] 📡 POST https://zdk8budo.pegaacademy.net/prweb/api/v1/rules/query?pxObjClass=Rule-HTML-Section&appliesTo=Rule-HTML-Harness&pyRuleName=undefined&RequestClass=Rule-HTML-Section&RequestAppliesTo=Rule-HTML-Harness&RequestRuleName=undefined Payload: "{\"RequestClass\":\"Rule-HTML-Section\",\"RequestAppliesTo\":\"Rule-HTML-Harness\",\"RequestRuleName\":\"undefined\"}" => HTTP 404 (18 bytes)
[PegaHttpClient] 📡 POST https://zdk8budo.pegaacademy.net/prweb/PRRestService/v1/rules/query?pxObjClass=Rule-HTML-Section&appliesTo=Rule-HTML-Harness&pyRuleName=undefined&RequestClass=Rule-HTML-Section&RequestAppliesTo=Rule-HTML-Harness&RequestRuleName=undefined Payload: "{\"RequestClass\":\"Rule-HTML-Section\",\"RequestAppliesTo\":\"Rule-HTML-Harness\",\"RequestRuleName\":\"undefined\"}" => HTTP 404 (18 bytes)
[PegaHttpClient] 📡 POST https://zdk8budo.pegaacademy.net/prweb/api/CodeIntelligence/v1/rules/query?pxObjClass=Rule-HTML-Section&appliesTo=Rule-HTML-Harness&pyRuleName=pzRuleFormToolbarHotKeys&RequestClass=Rule-HTML-Section&RequestAppliesTo=Rule-HTML-Harness&RequestRuleName=pzRuleFormToolbarHotKeys Payload: "{\"RequestClass\":\"Rule-HTML-Section\",\"RequestAppliesTo\":\"Rule-HTML-Harness\",\"RequestRuleName\":\"pzRuleFormToolbarHotKeys\"}" => HTTP 200 (85058 bytes)
[PegaHttpClient] 📡 POST https://zdk8budo.pegaacademy.net/prweb/api/CodeIntelligence/v1/rules/query?pxObjClass=Rule-HTML-Section&appliesTo=Rule-HTML-Harness&pyRuleName=pzRuleFormToolbarLockedIcon&RequestClass=Rule-HTML-Section&RequestAppliesTo=Rule-HTML-Harness&RequestRuleName=pzRuleFormToolbarLockedIcon Payload: "{\"RequestClass\":\"Rule-HTML-Section\",\"RequestAppliesTo\":\"Rule-HTML-Harness\",\"RequestRuleName\":\"pzRuleFormToolbarLockedIcon\"}" => HTTP 200 (24898 bytes)
[PegaHttpClient] 📡 POST https://zdk8budo.pegaacademy.net/prweb/api/CodeIntelligence/v1/rules/query?pxObjClass=Rule-HTML-Section&appliesTo=Rule-HTML-Harness&pyRuleName=pzRuleFormToolbarCollaborators&RequestClass=Rule-HTML-Section&RequestAppliesTo=Rule-HTML-Harness&RequestRuleName=pzRuleFormToolbarCollaborators Payload: "{\"RequestClass\":\"Rule-HTML-Section\",\"RequestAppliesTo\":\"Rule-HTML-Harness\",\"RequestRuleName\":\"pzRuleFormToolbarCollaborators\"}" => HTTP 200 (15254 bytes)
[PegaHttpClient] 📡 POST https://zdk8budo.pegaacademy.net/prweb/api/CodeIntelligence/v1/rules/query?pxObjClass=Rule-HTML-Section&appliesTo=Rule-HTML-Harness&pyRuleName=pzRuleFormToolbarSaveAs&RequestClass=Rule-HTML-Section&RequestAppliesTo=Rule-HTML-Harness&RequestRuleName=pzRuleFormToolbarSaveAs Payload: "{\"RequestClass\":\"Rule-HTML-Section\",\"RequestAppliesTo\":\"Rule-HTML-Harness\",\"RequestRuleName\":\"pzRuleFormToolbarSaveAs\"}" => HTTP 200 (64084 bytes)
[PegaHttpClient] 📡 POST https://zdk8budo.pegaacademy.net/prweb/api/CodeIntelligence/v1/rules/query?pxObjClass=Rule-HTML-Section&appliesTo=Rule-HTML-Harness&pyRuleName=pzRuleFormToolbarCheckin&RequestClass=Rule-HTML-Section&RequestAppliesTo=Rule-HTML-Harness&RequestRuleName=pzRuleFormToolbarCheckin Payload: "{\"RequestClass\":\"Rule-HTML-Section\",\"RequestAppliesTo\":\"Rule-HTML-Harness\",\"RequestRuleName\":\"pzRuleFormToolbarCheckin\"}" => HTTP 200 (119096 bytes)
[PegaHttpClient] 📡 POST https://zdk8budo.pegaacademy.net/prweb/api/CodeIntelligence/v1/rules/query?pxObjClass=Rule-HTML-Section&appliesTo=Rule-HTML-Harness&pyRuleName=pzRuleFormToolbarDelete&RequestClass=Rule-HTML-Section&RequestAppliesTo=Rule-HTML-Harness&RequestRuleName=pzRuleFormToolbarDelete Payload: "{\"RequestClass\":\"Rule-HTML-Section\",\"RequestAppliesTo\":\"Rule-HTML-Harness\",\"RequestRuleName\":\"pzRuleFormToolbarDelete\"}" => HTTP 200 (30249 bytes)
[PegaHttpClient] 📡 POST https://zdk8budo.pegaacademy.net/prweb/api/CodeIntelligence/v1/rules/query?pxObjClass=Rule-HTML-Section&appliesTo=Rule-HTML-Harness&pyRuleName=pzRuleFormToolbarSave&RequestClass=Rule-HTML-Section&RequestAppliesTo=Rule-HTML-Harness&RequestRuleName=pzRuleFormToolbarSave Payload: "{\"RequestClass\":\"Rule-HTML-Section\",\"RequestAppliesTo\":\"Rule-HTML-Harness\",\"RequestRuleName\":\"pzRuleFormToolbarSave\"}" => HTTP 200 (293885 bytes)
[PegaHttpClient] 📡 POST https://zdk8budo.pegaacademy.net/prweb/api/CodeIntelligence/v1/rules/query?pxObjClass=Rule-HTML-Section&appliesTo=Rule-HTML-Harness&pyRuleName=pzRuleFormToolbarCheckout&RequestClass=Rule-HTML-Section&RequestAppliesTo=Rule-HTML-Harness&RequestRuleName=pzRuleFormToolbarCheckout Payload: "{\"RequestClass\":\"Rule-HTML-Section\",\"RequestAppliesTo\":\"Rule-HTML-Harness\",\"RequestRuleName\":\"pzRuleFormToolbarCheckout\"}" => HTTP 200 (238148 bytes)
[PegaHttpClient] 📡 POST https://zdk8budo.pegaacademy.net/prweb/api/CodeIntelligence/v1/rules/query?pxObjClass=Rule-HTML-Section&appliesTo=Rule-HTML-Harness&pyRuleName=pzRemoveErrorsDataPage&RequestClass=Rule-HTML-Section&RequestAppliesTo=Rule-HTML-Harness&RequestRuleName=pzRemoveErrorsDataPage Payload: "{\"RequestClass\":\"Rule-HTML-Section\",\"RequestAppliesTo\":\"Rule-HTML-Harness\",\"RequestRuleName\":\"pzRemoveErrorsDataPage\"}" => HTTP 200 (16733 bytes)
[PegaHttpClient] 📡 POST https://zdk8budo.pegaacademy.net/prweb/api/CodeIntelligence/v1/rules/query?pxObjClass=Rule-HTML-Section&appliesTo=Rule-HTML-Harness&pyRuleName=pzRuleFormHeaderMessagesWrapper&RequestClass=Rule-HTML-Section&RequestAppliesTo=Rule-HTML-Harness&RequestRuleName=pzRuleFormHeaderMessagesWrapper Payload: "{\"RequestClass\":\"Rule-HTML-Section\",\"RequestAppliesTo\":\"Rule-HTML-Harness\",\"RequestRuleName\":\"pzRuleFormHeaderMessagesWrapper\"}" => HTTP 200 (16981 bytes)
[PegaHttpClient] 📡 POST https://zdk8budo.pegaacademy.net/prweb/api/CodeIntelligence/v1/rules/query?pxObjClass=Rule-HTML-Section&appliesTo=Rule-HTML-Harness&pyRuleName=pzRuleCallParams&RequestClass=Rule-HTML-Section&RequestAppliesTo=Rule-HTML-Harness&RequestRuleName=pzRuleCallParams Payload: "{\"RequestClass\":\"Rule-HTML-Section\",\"RequestAppliesTo\":\"Rule-HTML-Harness\",\"RequestRuleName\":\"pzRuleCallParams\"}" => HTTP 200 (367091 bytes)
[PegaHttpClient] 📡 POST https://zdk8budo.pegaacademy.net/prweb/api/CodeIntelligence/v1/rules/query?pxObjClass=Rule-HTML-Section&appliesTo=Rule-HTML-Harness&pyRuleName=pzRuleCallParamsWrapper&RequestClass=Rule-HTML-Section&RequestAppliesTo=Rule-HTML-Harness&RequestRuleName=pzRuleCallParamsWrapper Payload: "{\"RequestClass\":\"Rule-HTML-Section\",\"RequestAppliesTo\":\"Rule-HTML-Harness\",\"RequestRuleName\":\"pzRuleCallParamsWrapper\"}" => HTTP 200 (43336 bytes)
[PegaHttpClient] 📡 POST https://zdk8budo.pegaacademy.net/prweb/api/CodeIntelligence/v1/rules/query?pxObjClass=Rule-HTML-Section&appliesTo=Rule-HTML-Harness&pyRuleName=pzPagesAndClassesScriptNoMode&RequestClass=Rule-HTML-Section&RequestAppliesTo=Rule-HTML-Harness&RequestRuleName=pzPagesAndClassesScriptNoMode Payload: "{\"RequestClass\":\"Rule-HTML-Section\",\"RequestAppliesTo\":\"Rule-HTML-Harness\",\"RequestRuleName\":\"pzPagesAndClassesScriptNoMode\"}" => HTTP 200 (25452 bytes)
[PegaHttpClient] 📡 POST https://zdk8budo.pegaacademy.net/prweb/api/CodeIntelligence/v1/rules/query?pxObjClass=Rule-HTML-Section&appliesTo=Rule-HTML-Harness&pyRuleName=pzPagesAndClassesScript&RequestClass=Rule-HTML-Section&RequestAppliesTo=Rule-HTML-Harness&RequestRuleName=pzPagesAndClassesScript Payload: "{\"RequestClass\":\"Rule-HTML-Section\",\"RequestAppliesTo\":\"Rule-HTML-Harness\",\"RequestRuleName\":\"pzPagesAndClassesScript\"}" => HTTP 200 (24224 bytes)
[PegaHttpClient] 📡 POST https://zdk8budo.pegaacademy.net/prweb/api/CodeIntelligence/v1/rules/query?pxObjClass=Rule-HTML-Section&appliesTo=Rule-HTML-Harness&pyRuleName=pzSpecificationName&RequestClass=Rule-HTML-Section&RequestAppliesTo=Rule-HTML-Harness&RequestRuleName=pzSpecificationName Payload: "{\"RequestClass\":\"Rule-HTML-Section\",\"RequestAppliesTo\":\"Rule-HTML-Harness\",\"RequestRuleName\":\"pzSpecificationName\"}" => HTTP 404 (114 bytes)
[PegaHttpClient] 📡 POST https://zdk8budo.pegaacademy.net/prweb/PRRestService/CodeIntelligence/v1/rules/query?pxObjClass=Rule-HTML-Section&appliesTo=Rule-HTML-Harness&pyRuleName=pzSpecificationName&RequestClass=Rule-HTML-Section&RequestAppliesTo=Rule-HTML-Harness&RequestRuleName=pzSpecificationName Payload: "{\"RequestClass\":\"Rule-HTML-Section\",\"RequestAppliesTo\":\"Rule-HTML-Harness\",\"RequestRuleName\":\"pzSpecificationName\"}" => HTTP 404 (114 bytes)
[PegaHttpClient] 📡 POST https://zdk8budo.pegaacademy.net/prweb/api/HRAppsV2Service/V1/rules/query?pxObjClass=Rule-HTML-Section&appliesTo=Rule-HTML-Harness&pyRuleName=pzSpecificationName&RequestClass=Rule-HTML-Section&RequestAppliesTo=Rule-HTML-Harness&RequestRuleName=pzSpecificationName Payload: "{\"RequestClass\":\"Rule-HTML-Section\",\"RequestAppliesTo\":\"Rule-HTML-Harness\",\"RequestRuleName\":\"pzSpecificationName\"}" => HTTP 404 (18 bytes)
[PegaHttpClient] 📡 POST https://zdk8budo.pegaacademy.net/prweb/PRRestService/HRAppsV2Service/V1/rules/query?pxObjClass=Rule-HTML-Section&appliesTo=Rule-HTML-Harness&pyRuleName=pzSpecificationName&RequestClass=Rule-HTML-Section&RequestAppliesTo=Rule-HTML-Harness&RequestRuleName=pzSpecificationName Payload: "{\"RequestClass\":\"Rule-HTML-Section\",\"RequestAppliesTo\":\"Rule-HTML-Harness\",\"RequestRuleName\":\"pzSpecificationName\"}" => HTTP 404 (18 bytes)
[PegaHttpClient] 📡 POST https://zdk8budo.pegaacademy.net/prweb/api/HRAppsV2/V1/rules/query?pxObjClass=Rule-HTML-Section&appliesTo=Rule-HTML-Harness&pyRuleName=pzSpecificationName&RequestClass=Rule-HTML-Section&RequestAppliesTo=Rule-HTML-Harness&RequestRuleName=pzSpecificationName Payload: "{\"RequestClass\":\"Rule-HTML-Section\",\"RequestAppliesTo\":\"Rule-HTML-Harness\",\"RequestRuleName\":\"pzSpecificationName\"}" => HTTP 404 (18 bytes)
[PegaHttpClient] 📡 POST https://zdk8budo.pegaacademy.net/prweb/PRRestService/HRAppsV2/V1/rules/query?pxObjClass=Rule-HTML-Section&appliesTo=Rule-HTML-Harness&pyRuleName=pzSpecificationName&RequestClass=Rule-HTML-Section&RequestAppliesTo=Rule-HTML-Harness&RequestRuleName=pzSpecificationName Payload: "{\"RequestClass\":\"Rule-HTML-Section\",\"RequestAppliesTo\":\"Rule-HTML-Harness\",\"RequestRuleName\":\"pzSpecificationName\"}" => HTTP 404 (18 bytes)
[PegaHttpClient] 📡 POST https://zdk8budo.pegaacademy.net/prweb/api/v1/rules/query?pxObjClass=Rule-HTML-Section&appliesTo=Rule-HTML-Harness&pyRuleName=pzSpecificationName&RequestClass=Rule-HTML-Section&RequestAppliesTo=Rule-HTML-Harness&RequestRuleName=pzSpecificationName Payload: "{\"RequestClass\":\"Rule-HTML-Section\",\"RequestAppliesTo\":\"Rule-HTML-Harness\",\"RequestRuleName\":\"pzSpecificationName\"}" => HTTP 404 (18 bytes)
[PegaHttpClient] 📡 POST https://zdk8budo.pegaacademy.net/prweb/PRRestService/v1/rules/query?pxObjClass=Rule-HTML-Section&appliesTo=Rule-HTML-Harness&pyRuleName=pzSpecificationName&RequestClass=Rule-HTML-Section&RequestAppliesTo=Rule-HTML-Harness&RequestRuleName=pzSpecificationName Payload: "{\"RequestClass\":\"Rule-HTML-Section\",\"RequestAppliesTo\":\"Rule-HTML-Harness\",\"RequestRuleName\":\"pzSpecificationName\"}" => HTTP 404 (18 bytes)
[PegaHttpClient] 📡 POST https://zdk8budo.pegaacademy.net/prweb/api/CodeIntelligence/v1/rules/query?pxObjClass=Rule-HTML-Section&appliesTo=Rule-HTML-Harness&pyRuleName=pzScm_RuleHistory&RequestClass=Rule-HTML-Section&RequestAppliesTo=Rule-HTML-Harness&RequestRuleName=pzScm_RuleHistory Payload: "{\"RequestClass\":\"Rule-HTML-Section\",\"RequestAppliesTo\":\"Rule-HTML-Harness\",\"RequestRuleName\":\"pzScm_RuleHistory\"}" => HTTP 200 (14682 bytes)
[PegaHttpClient] 📡 POST https://zdk8budo.pegaacademy.net/prweb/api/CodeIntelligence/v1/rules/query?pxObjClass=Rule-HTML-Section&appliesTo=Rule-HTML-Harness&pyRuleName=pxDisplayCollaborators&RequestClass=Rule-HTML-Section&RequestAppliesTo=Rule-HTML-Harness&RequestRuleName=pxDisplayCollaborators Payload: "{\"RequestClass\":\"Rule-HTML-Section\",\"RequestAppliesTo\":\"Rule-HTML-Harness\",\"RequestRuleName\":\"pxDisplayCollaborators\"}" => HTTP 200 (94171 bytes)
[PegaHttpClient] 📡 POST https://zdk8budo.pegaacademy.net/prweb/api/CodeIntelligence/v1/rules/query?pxObjClass=Rule-HTML-Section&appliesTo=Rule-HTML-Harness&pyRuleName=pzRuleFormToolbarDeleteCheckOut&RequestClass=Rule-HTML-Section&RequestAppliesTo=Rule-HTML-Harness&RequestRuleName=pzRuleFormToolbarDeleteCheckOut Payload: "{\"RequestClass\":\"Rule-HTML-Section\",\"RequestAppliesTo\":\"Rule-HTML-Harness\",\"RequestRuleName\":\"pzRuleFormToolbarDeleteCheckOut\"}" => HTTP 200 (29433 bytes)
[PegaHttpClient] 📡 POST https://zdk8budo.pegaacademy.net/prweb/api/CodeIntelligence/v1/rules/query?pxObjClass=Rule-HTML-Section&appliesTo=Rule-HTML-Harness&pyRuleName=pzRuleFormToolbarDeleteRule&RequestClass=Rule-HTML-Section&RequestAppliesTo=Rule-HTML-Harness&RequestRuleName=pzRuleFormToolbarDeleteRule Payload: "{\"RequestClass\":\"Rule-HTML-Section\",\"RequestAppliesTo\":\"Rule-HTML-Harness\",\"RequestRuleName\":\"pzRuleFormToolbarDeleteRule\"}" => HTTP 200 (32314 bytes)
[PegaHttpClient] 📡 POST https://zdk8budo.pegaacademy.net/prweb/api/CodeIntelligence/v1/rules/query?pxObjClass=Rule-HTML-Section&appliesTo=Rule-HTML-Harness&pyRuleName=pzRuleCallParamsPreProcessing&RequestClass=Rule-HTML-Section&RequestAppliesTo=Rule-HTML-Harness&RequestRuleName=pzRuleCallParamsPreProcessing Payload: "{\"RequestClass\":\"Rule-HTML-Section\",\"RequestAppliesTo\":\"Rule-HTML-Harness\",\"RequestRuleName\":\"pzRuleCallParamsPreProcessing\"}" => HTTP 200 (42275 bytes)
[PegaHttpClient] 📡 POST https://zdk8budo.pegaacademy.net/prweb/api/CodeIntelligence/v1/rules/query?pxObjClass=Rule-HTML-Section&appliesTo=Rule-HTML-Harness&pyRuleName=pzRuleCallParamsInner&RequestClass=Rule-HTML-Section&RequestAppliesTo=Rule-HTML-Harness&RequestRuleName=pzRuleCallParamsInner Payload: "{\"RequestClass\":\"Rule-HTML-Section\",\"RequestAppliesTo\":\"Rule-HTML-Harness\",\"RequestRuleName\":\"pzRuleCallParamsInner\"}" => HTTP 404 (116 bytes)
[PegaHttpClient] 📡 POST https://zdk8budo.pegaacademy.net/prweb/PRRestService/CodeIntelligence/v1/rules/query?pxObjClass=Rule-HTML-Section&appliesTo=Rule-HTML-Harness&pyRuleName=pzRuleCallParamsInner&RequestClass=Rule-HTML-Section&RequestAppliesTo=Rule-HTML-Harness&RequestRuleName=pzRuleCallParamsInner Payload: "{\"RequestClass\":\"Rule-HTML-Section\",\"RequestAppliesTo\":\"Rule-HTML-Harness\",\"RequestRuleName\":\"pzRuleCallParamsInner\"}" => HTTP 404 (116 bytes)
[PegaHttpClient] 📡 POST https://zdk8budo.pegaacademy.net/prweb/api/HRAppsV2Service/V1/rules/query?pxObjClass=Rule-HTML-Section&appliesTo=Rule-HTML-Harness&pyRuleName=pzRuleCallParamsInner&RequestClass=Rule-HTML-Section&RequestAppliesTo=Rule-HTML-Harness&RequestRuleName=pzRuleCallParamsInner Payload: "{\"RequestClass\":\"Rule-HTML-Section\",\"RequestAppliesTo\":\"Rule-HTML-Harness\",\"RequestRuleName\":\"pzRuleCallParamsInner\"}" => HTTP 404 (18 bytes)
[PegaHttpClient] 📡 POST https://zdk8budo.pegaacademy.net/prweb/PRRestService/HRAppsV2Service/V1/rules/query?pxObjClass=Rule-HTML-Section&appliesTo=Rule-HTML-Harness&pyRuleName=pzRuleCallParamsInner&RequestClass=Rule-HTML-Section&RequestAppliesTo=Rule-HTML-Harness&RequestRuleName=pzRuleCallParamsInner Payload: "{\"RequestClass\":\"Rule-HTML-Section\",\"RequestAppliesTo\":\"Rule-HTML-Harness\",\"RequestRuleName\":\"pzRuleCallParamsInner\"}" => HTTP 404 (18 bytes)
[PegaHttpClient] 📡 POST https://zdk8budo.pegaacademy.net/prweb/api/HRAppsV2/V1/rules/query?pxObjClass=Rule-HTML-Section&appliesTo=Rule-HTML-Harness&pyRuleName=pzRuleCallParamsInner&RequestClass=Rule-HTML-Section&RequestAppliesTo=Rule-HTML-Harness&RequestRuleName=pzRuleCallParamsInner Payload: "{\"RequestClass\":\"Rule-HTML-Section\",\"RequestAppliesTo\":\"Rule-HTML-Harness\",\"RequestRuleName\":\"pzRuleCallParamsInner\"}" => HTTP 404 (18 bytes)
[PegaHttpClient] 📡 POST https://zdk8budo.pegaacademy.net/prweb/PRRestService/HRAppsV2/V1/rules/query?pxObjClass=Rule-HTML-Section&appliesTo=Rule-HTML-Harness&pyRuleName=pzRuleCallParamsInner&RequestClass=Rule-HTML-Section&RequestAppliesTo=Rule-HTML-Harness&RequestRuleName=pzRuleCallParamsInner Payload: "{\"RequestClass\":\"Rule-HTML-Section\",\"RequestAppliesTo\":\"Rule-HTML-Harness\",\"RequestRuleName\":\"pzRuleCallParamsInner\"}" => HTTP 404 (18 bytes)
[PegaHttpClient] 📡 POST https://zdk8budo.pegaacademy.net/prweb/api/v1/rules/query?pxObjClass=Rule-HTML-Section&appliesTo=Rule-HTML-Harness&pyRuleName=pzRuleCallParamsInner&RequestClass=Rule-HTML-Section&RequestAppliesTo=Rule-HTML-Harness&RequestRuleName=pzRuleCallParamsInner Payload: "{\"RequestClass\":\"Rule-HTML-Section\",\"RequestAppliesTo\":\"Rule-HTML-Harness\",\"RequestRuleName\":\"pzRuleCallParamsInner\"}" => HTTP 404 (18 bytes)
[PegaHttpClient] 📡 POST https://zdk8budo.pegaacademy.net/prweb/PRRestService/v1/rules/query?pxObjClass=Rule-HTML-Section&appliesTo=Rule-HTML-Harness&pyRuleName=pzRuleCallParamsInner&RequestClass=Rule-HTML-Section&RequestAppliesTo=Rule-HTML-Harness&RequestRuleName=pzRuleCallParamsInner Payload: "{\"RequestClass\":\"Rule-HTML-Section\",\"RequestAppliesTo\":\"Rule-HTML-Harness\",\"RequestRuleName\":\"pzRuleCallParamsInner\"}" => HTTP 404 (18 bytes)
[PegaHttpClient] 📡 POST https://zdk8budo.pegaacademy.net/prweb/api/CodeIntelligence/v1/rules/query?pxObjClass=Rule-HTML-Section&appliesTo=Rule-HTML-Harness&pyRuleName=pzRuleCallParamsInnerForGenAI&RequestClass=Rule-HTML-Section&RequestAppliesTo=Rule-HTML-Harness&RequestRuleName=pzRuleCallParamsInnerForGenAI Payload: "{\"RequestClass\":\"Rule-HTML-Section\",\"RequestAppliesTo\":\"Rule-HTML-Harness\",\"RequestRuleName\":\"pzRuleCallParamsInnerForGenAI\"}" => HTTP 404 (124 bytes)
[PegaHttpClient] 📡 POST https://zdk8budo.pegaacademy.net/prweb/PRRestService/CodeIntelligence/v1/rules/query?pxObjClass=Rule-HTML-Section&appliesTo=Rule-HTML-Harness&pyRuleName=pzRuleCallParamsInnerForGenAI&RequestClass=Rule-HTML-Section&RequestAppliesTo=Rule-HTML-Harness&RequestRuleName=pzRuleCallParamsInnerForGenAI Payload: "{\"RequestClass\":\"Rule-HTML-Section\",\"RequestAppliesTo\":\"Rule-HTML-Harness\",\"RequestRuleName\":\"pzRuleCallParamsInnerForGenAI\"}" => HTTP 404 (124 bytes)
[PegaHttpClient] 📡 POST https://zdk8budo.pegaacademy.net/prweb/api/HRAppsV2Service/V1/rules/query?pxObjClass=Rule-HTML-Section&appliesTo=Rule-HTML-Harness&pyRuleName=pzRuleCallParamsInnerForGenAI&RequestClass=Rule-HTML-Section&RequestAppliesTo=Rule-HTML-Harness&RequestRuleName=pzRuleCallParamsInnerForGenAI Payload: "{\"RequestClass\":\"Rule-HTML-Section\",\"RequestAppliesTo\":\"Rule-HTML-Harness\",\"RequestRuleName\":\"pzRuleCallParamsInnerForGenAI\"}" => HTTP 404 (18 bytes)
[PegaHttpClient] 📡 POST https://zdk8budo.pegaacademy.net/prweb/PRRestService/HRAppsV2Service/V1/rules/query?pxObjClass=Rule-HTML-Section&appliesTo=Rule-HTML-Harness&pyRuleName=pzRuleCallParamsInnerForGenAI&RequestClass=Rule-HTML-Section&RequestAppliesTo=Rule-HTML-Harness&RequestRuleName=pzRuleCallParamsInnerForGenAI Payload: "{\"RequestClass\":\"Rule-HTML-Section\",\"RequestAppliesTo\":\"Rule-HTML-Harness\",\"RequestRuleName\":\"pzRuleCallParamsInnerForGenAI\"}" => HTTP 404 (18 bytes)
[PegaHttpClient] 📡 POST https://zdk8budo.pegaacademy.net/prweb/api/HRAppsV2/V1/rules/query?pxObjClass=Rule-HTML-Section&appliesTo=Rule-HTML-Harness&pyRuleName=pzRuleCallParamsInnerForGenAI&RequestClass=Rule-HTML-Section&RequestAppliesTo=Rule-HTML-Harness&RequestRuleName=pzRuleCallParamsInnerForGenAI Payload: "{\"RequestClass\":\"Rule-HTML-Section\",\"RequestAppliesTo\":\"Rule-HTML-Harness\",\"RequestRuleName\":\"pzRuleCallParamsInnerForGenAI\"}" => HTTP 404 (18 bytes)
[PegaHttpClient] 📡 POST https://zdk8budo.pegaacademy.net/prweb/PRRestService/HRAppsV2/V1/rules/query?pxObjClass=Rule-HTML-Section&appliesTo=Rule-HTML-Harness&pyRuleName=pzRuleCallParamsInnerForGenAI&RequestClass=Rule-HTML-Section&RequestAppliesTo=Rule-HTML-Harness&RequestRuleName=pzRuleCallParamsInnerForGenAI Payload: "{\"RequestClass\":\"Rule-HTML-Section\",\"RequestAppliesTo\":\"Rule-HTML-Harness\",\"RequestRuleName\":\"pzRuleCallParamsInnerForGenAI\"}" => HTTP 404 (18 bytes)
[PegaHttpClient] 📡 POST https://zdk8budo.pegaacademy.net/prweb/api/v1/rules/query?pxObjClass=Rule-HTML-Section&appliesTo=Rule-HTML-Harness&pyRuleName=pzRuleCallParamsInnerForGenAI&RequestClass=Rule-HTML-Section&RequestAppliesTo=Rule-HTML-Harness&RequestRuleName=pzRuleCallParamsInnerForGenAI Payload: "{\"RequestClass\":\"Rule-HTML-Section\",\"RequestAppliesTo\":\"Rule-HTML-Harness\",\"RequestRuleName\":\"pzRuleCallParamsInnerForGenAI\"}" => HTTP 404 (18 bytes)
[PegaHttpClient] 📡 POST https://zdk8budo.pegaacademy.net/prweb/PRRestService/v1/rules/query?pxObjClass=Rule-HTML-Section&appliesTo=Rule-HTML-Harness&pyRuleName=pzRuleCallParamsInnerForGenAI&RequestClass=Rule-HTML-Section&RequestAppliesTo=Rule-HTML-Harness&RequestRuleName=pzRuleCallParamsInnerForGenAI Payload: "{\"RequestClass\":\"Rule-HTML-Section\",\"RequestAppliesTo\":\"Rule-HTML-Harness\",\"RequestRuleName\":\"pzRuleCallParamsInnerForGenAI\"}" => HTTP 404 (18 bytes)
[PegaHttpClient] 📡 POST https://zdk8budo.pegaacademy.net/prweb/api/CodeIntelligence/v1/rules/query?pxObjClass=Rule-HTML-Section&appliesTo=Rule-HTML-Harness&pyRuleName=pxLocalAction&RequestClass=Rule-HTML-Section&RequestAppliesTo=Rule-HTML-Harness&RequestRuleName=pxLocalAction Payload: "{\"RequestClass\":\"Rule-HTML-Section\",\"RequestAppliesTo\":\"Rule-HTML-Harness\",\"RequestRuleName\":\"pxLocalAction\"}" => HTTP 200 (26223 bytes)
[PegaHttpClient] 📡 POST https://zdk8budo.pegaacademy.net/prweb/api/CodeIntelligence/v1/rules/query?pxObjClass=Rule-HTML-Section&appliesTo=Rule-HTML-Harness&pyRuleName=pzLoadCollaborationScripts&RequestClass=Rule-HTML-Section&RequestAppliesTo=Rule-HTML-Harness&RequestRuleName=pzLoadCollaborationScripts Payload: "{\"RequestClass\":\"Rule-HTML-Section\",\"RequestAppliesTo\":\"Rule-HTML-Harness\",\"RequestRuleName\":\"pzLoadCollaborationScripts\"}" => HTTP 200 (23453 bytes)
[PegaHttpClient] 📡 POST https://zdk8budo.pegaacademy.net/prweb/api/CodeIntelligence/v1/rules/query?pxObjClass=Rule-HTML-Section&appliesTo=Rule-HTML-Harness&pyRuleName=pzDisplayCollaboratorsList&RequestClass=Rule-HTML-Section&RequestAppliesTo=Rule-HTML-Harness&RequestRuleName=pzDisplayCollaboratorsList Payload: "{\"RequestClass\":\"Rule-HTML-Section\",\"RequestAppliesTo\":\"Rule-HTML-Harness\",\"RequestRuleName\":\"pzDisplayCollaboratorsList\"}" => HTTP 200 (105418 bytes)
[PegaHttpClient] 📡 POST https://zdk8budo.pegaacademy.net/prweb/api/CodeIntelligence/v1/rules/query?pxObjClass=Rule-HTML-Section&appliesTo=Rule-HTML-Harness&pyRuleName=pzLocalActionImpl&RequestClass=Rule-HTML-Section&RequestAppliesTo=Rule-HTML-Harness&RequestRuleName=pzLocalActionImpl Payload: "{\"RequestClass\":\"Rule-HTML-Section\",\"RequestAppliesTo\":\"Rule-HTML-Harness\",\"RequestRuleName\":\"pzLocalActionImpl\"}" => HTTP 200 (42500 bytes)
[PegaHttpClient] 📡 POST https://zdk8budo.pegaacademy.net/prweb/api/CodeIntelligence/v1/rules/query?pxObjClass=Rule-HTML-Section&appliesTo=Rule-HTML-Harness&pyRuleName=pyCollaborator&RequestClass=Rule-HTML-Section&RequestAppliesTo=Rule-HTML-Harness&RequestRuleName=pyCollaborator Payload: "{\"RequestClass\":\"Rule-HTML-Section\",\"RequestAppliesTo\":\"Rule-HTML-Harness\",\"RequestRuleName\":\"pyCollaborator\"}" => HTTP 404 (109 bytes)
[PegaHttpClient] 📡 POST https://zdk8budo.pegaacademy.net/prweb/PRRestService/CodeIntelligence/v1/rules/query?pxObjClass=Rule-HTML-Section&appliesTo=Rule-HTML-Harness&pyRuleName=pyCollaborator&RequestClass=Rule-HTML-Section&RequestAppliesTo=Rule-HTML-Harness&RequestRuleName=pyCollaborator Payload: "{\"RequestClass\":\"Rule-HTML-Section\",\"RequestAppliesTo\":\"Rule-HTML-Harness\",\"RequestRuleName\":\"pyCollaborator\"}" => HTTP 404 (109 bytes)
[PegaHttpClient] 📡 POST https://zdk8budo.pegaacademy.net/prweb/api/HRAppsV2Service/V1/rules/query?pxObjClass=Rule-HTML-Section&appliesTo=Rule-HTML-Harness&pyRuleName=pyCollaborator&RequestClass=Rule-HTML-Section&RequestAppliesTo=Rule-HTML-Harness&RequestRuleName=pyCollaborator Payload: "{\"RequestClass\":\"Rule-HTML-Section\",\"RequestAppliesTo\":\"Rule-HTML-Harness\",\"RequestRuleName\":\"pyCollaborator\"}" => HTTP 404 (18 bytes)
[PegaHttpClient] 📡 POST https://zdk8budo.pegaacademy.net/prweb/PRRestService/HRAppsV2Service/V1/rules/query?pxObjClass=Rule-HTML-Section&appliesTo=Rule-HTML-Harness&pyRuleName=pyCollaborator&RequestClass=Rule-HTML-Section&RequestAppliesTo=Rule-HTML-Harness&RequestRuleName=pyCollaborator Payload: "{\"RequestClass\":\"Rule-HTML-Section\",\"RequestAppliesTo\":\"Rule-HTML-Harness\",\"RequestRuleName\":\"pyCollaborator\"}" => HTTP 404 (18 bytes)
[PegaHttpClient] 📡 POST https://zdk8budo.pegaacademy.net/prweb/api/HRAppsV2/V1/rules/query?pxObjClass=Rule-HTML-Section&appliesTo=Rule-HTML-Harness&pyRuleName=pyCollaborator&RequestClass=Rule-HTML-Section&RequestAppliesTo=Rule-HTML-Harness&RequestRuleName=pyCollaborator Payload: "{\"RequestClass\":\"Rule-HTML-Section\",\"RequestAppliesTo\":\"Rule-HTML-Harness\",\"RequestRuleName\":\"pyCollaborator\"}" => HTTP 404 (18 bytes)
[PegaHttpClient] 📡 POST https://zdk8budo.pegaacademy.net/prweb/PRRestService/HRAppsV2/V1/rules/query?pxObjClass=Rule-HTML-Section&appliesTo=Rule-HTML-Harness&pyRuleName=pyCollaborator&RequestClass=Rule-HTML-Section&RequestAppliesTo=Rule-HTML-Harness&RequestRuleName=pyCollaborator Payload: "{\"RequestClass\":\"Rule-HTML-Section\",\"RequestAppliesTo\":\"Rule-HTML-Harness\",\"RequestRuleName\":\"pyCollaborator\"}" => HTTP 404 (18 bytes)
[PegaHttpClient] 📡 POST https://zdk8budo.pegaacademy.net/prweb/api/v1/rules/query?pxObjClass=Rule-HTML-Section&appliesTo=Rule-HTML-Harness&pyRuleName=pyCollaborator&RequestClass=Rule-HTML-Section&RequestAppliesTo=Rule-HTML-Harness&RequestRuleName=pyCollaborator Payload: "{\"RequestClass\":\"Rule-HTML-Section\",\"RequestAppliesTo\":\"Rule-HTML-Harness\",\"RequestRuleName\":\"pyCollaborator\"}" => HTTP 404 (18 bytes)
[PegaHttpClient] 📡 POST https://zdk8budo.pegaacademy.net/prweb/PRRestService/v1/rules/query?pxObjClass=Rule-HTML-Section&appliesTo=Rule-HTML-Harness&pyRuleName=pyCollaborator&RequestClass=Rule-HTML-Section&RequestAppliesTo=Rule-HTML-Harness&RequestRuleName=pyCollaborator Payload: "{\"RequestClass\":\"Rule-HTML-Section\",\"RequestAppliesTo\":\"Rule-HTML-Harness\",\"RequestRuleName\":\"pyCollaborator\"}" => HTTP 404 (18 bytes)
[PegaHttpClient] 📡 POST https://zdk8budo.pegaacademy.net/prweb/api/CodeIntelligence/v1/rules/query?pxObjClass=Rule-HTML-Section&appliesTo=Rule-HTML-Harness&pyRuleName=pzDisplayPartialCount&RequestClass=Rule-HTML-Section&RequestAppliesTo=Rule-HTML-Harness&RequestRuleName=pzDisplayPartialCount Payload: "{\"RequestClass\":\"Rule-HTML-Section\",\"RequestAppliesTo\":\"Rule-HTML-Harness\",\"RequestRuleName\":\"pzDisplayPartialCount\"}" => HTTP 404 (116 bytes)
[PegaHttpClient] 📡 POST https://zdk8budo.pegaacademy.net/prweb/PRRestService/CodeIntelligence/v1/rules/query?pxObjClass=Rule-HTML-Section&appliesTo=Rule-HTML-Harness&pyRuleName=pzDisplayPartialCount&RequestClass=Rule-HTML-Section&RequestAppliesTo=Rule-HTML-Harness&RequestRuleName=pzDisplayPartialCount Payload: "{\"RequestClass\":\"Rule-HTML-Section\",\"RequestAppliesTo\":\"Rule-HTML-Harness\",\"RequestRuleName\":\"pzDisplayPartialCount\"}" => HTTP 404 (116 bytes)
[PegaHttpClient] 📡 POST https://zdk8budo.pegaacademy.net/prweb/api/HRAppsV2Service/V1/rules/query?pxObjClass=Rule-HTML-Section&appliesTo=Rule-HTML-Harness&pyRuleName=pzDisplayPartialCount&RequestClass=Rule-HTML-Section&RequestAppliesTo=Rule-HTML-Harness&RequestRuleName=pzDisplayPartialCount Payload: "{\"RequestClass\":\"Rule-HTML-Section\",\"RequestAppliesTo\":\"Rule-HTML-Harness\",\"RequestRuleName\":\"pzDisplayPartialCount\"}" => HTTP 404 (18 bytes)
[PegaHttpClient] 📡 POST https://zdk8budo.pegaacademy.net/prweb/PRRestService/HRAppsV2Service/V1/rules/query?pxObjClass=Rule-HTML-Section&appliesTo=Rule-HTML-Harness&pyRuleName=pzDisplayPartialCount&RequestClass=Rule-HTML-Section&RequestAppliesTo=Rule-HTML-Harness&RequestRuleName=pzDisplayPartialCount Payload: "{\"RequestClass\":\"Rule-HTML-Section\",\"RequestAppliesTo\":\"Rule-HTML-Harness\",\"RequestRuleName\":\"pzDisplayPartialCount\"}" => HTTP 404 (18 bytes)
[PegaHttpClient] 📡 POST https://zdk8budo.pegaacademy.net/prweb/api/HRAppsV2/V1/rules/query?pxObjClass=Rule-HTML-Section&appliesTo=Rule-HTML-Harness&pyRuleName=pzDisplayPartialCount&RequestClass=Rule-HTML-Section&RequestAppliesTo=Rule-HTML-Harness&RequestRuleName=pzDisplayPartialCount Payload: "{\"RequestClass\":\"Rule-HTML-Section\",\"RequestAppliesTo\":\"Rule-HTML-Harness\",\"RequestRuleName\":\"pzDisplayPartialCount\"}" => HTTP 404 (18 bytes)
[PegaHttpClient] 📡 POST https://zdk8budo.pegaacademy.net/prweb/PRRestService/HRAppsV2/V1/rules/query?pxObjClass=Rule-HTML-Section&appliesTo=Rule-HTML-Harness&pyRuleName=pzDisplayPartialCount&RequestClass=Rule-HTML-Section&RequestAppliesTo=Rule-HTML-Harness&RequestRuleName=pzDisplayPartialCount Payload: "{\"RequestClass\":\"Rule-HTML-Section\",\"RequestAppliesTo\":\"Rule-HTML-Harness\",\"RequestRuleName\":\"pzDisplayPartialCount\"}" => HTTP 404 (18 bytes)
[PegaHttpClient] 📡 POST https://zdk8budo.pegaacademy.net/prweb/api/v1/rules/query?pxObjClass=Rule-HTML-Section&appliesTo=Rule-HTML-Harness&pyRuleName=pzDisplayPartialCount&RequestClass=Rule-HTML-Section&RequestAppliesTo=Rule-HTML-Harness&RequestRuleName=pzDisplayPartialCount Payload: "{\"RequestClass\":\"Rule-HTML-Section\",\"RequestAppliesTo\":\"Rule-HTML-Harness\",\"RequestRuleName\":\"pzDisplayPartialCount\"}" => HTTP 404 (18 bytes)
[PegaHttpClient] 📡 POST https://zdk8budo.pegaacademy.net/prweb/PRRestService/v1/rules/query?pxObjClass=Rule-HTML-Section&appliesTo=Rule-HTML-Harness&pyRuleName=pzDisplayPartialCount&RequestClass=Rule-HTML-Section&RequestAppliesTo=Rule-HTML-Harness&RequestRuleName=pzDisplayPartialCount Payload: "{\"RequestClass\":\"Rule-HTML-Section\",\"RequestAppliesTo\":\"Rule-HTML-Harness\",\"RequestRuleName\":\"pzDisplayPartialCount\"}" => HTTP 404 (18 bytes)
[SchemaGen] ✅ Schema written for Rule-HTML-Harness
[PegaHttpClient] 📡 GET https://zdk8budo.pegaacademy.net/prweb/api/CodeIntelligence/v1/rules/RULE-HTML-HARNESS%20DATA-ADMIN-CONNECT-MQLISTENER%20RULEFORM%20%2320180713T133628.510%20GMT => HTTP 200 (24516 bytes)
[PegaHttpClient] 📡 POST https://zdk8budo.pegaacademy.net/prweb/api/CodeIntelligence/v1/rules/query?pxObjClass=Rule-HTML-Section&appliesTo=Data-Admin-Connect-MQListener&pyRuleName=RuleFormMain&RequestClass=Rule-HTML-Section&RequestAppliesTo=Data-Admin-Connect-MQListener&RequestRuleName=RuleFormMain Payload: "{\"RequestClass\":\"Rule-HTML-Section\",\"RequestAppliesTo\":\"Data-Admin-Connect-MQListener\",\"RequestRuleName\":\"RuleFormMain\"}" => HTTP 200 (156234 bytes)
[PegaHttpClient] 📡 POST https://zdk8budo.pegaacademy.net/prweb/api/CodeIntelligence/v1/rules/query?pxObjClass=Rule-HTML-Section&appliesTo=Data-Admin-Connect-MQListener&pyRuleName=pxAlternateRuleForm&RequestClass=Rule-HTML-Section&RequestAppliesTo=Data-Admin-Connect-MQListener&RequestRuleName=pxAlternateRuleForm Payload: "{\"RequestClass\":\"Rule-HTML-Section\",\"RequestAppliesTo\":\"Data-Admin-Connect-MQListener\",\"RequestRuleName\":\"pxAlternateRuleForm\"}" => HTTP 200 (66153 bytes)
[PegaHttpClient] 📡 POST https://zdk8budo.pegaacademy.net/prweb/api/CodeIntelligence/v1/rules/query?pxObjClass=Rule-HTML-Section&appliesTo=Data-Admin-Connect-MQListener&pyRuleName=pzRuleFormScripts&RequestClass=Rule-HTML-Section&RequestAppliesTo=Data-Admin-Connect-MQListener&RequestRuleName=pzRuleFormScripts Payload: "{\"RequestClass\":\"Rule-HTML-Section\",\"RequestAppliesTo\":\"Data-Admin-Connect-MQListener\",\"RequestRuleName\":\"pzRuleFormScripts\"}" => HTTP 200 (40822 bytes)
[PegaHttpClient] 📡 POST https://zdk8budo.pegaacademy.net/prweb/api/CodeIntelligence/v1/rules/query?pxObjClass=Rule-HTML-Section&appliesTo=Data-Admin-Connect-MQListener&pyRuleName=pzRuleFormLayoutDelegated&RequestClass=Rule-HTML-Section&RequestAppliesTo=Data-Admin-Connect-MQListener&RequestRuleName=pzRuleFormLayoutDelegated Payload: "{\"RequestClass\":\"Rule-HTML-Section\",\"RequestAppliesTo\":\"Data-Admin-Connect-MQListener\",\"RequestRuleName\":\"pzRuleFormLayoutDelegated\"}" => HTTP 200 (70998 bytes)
[PegaHttpClient] 📡 POST https://zdk8budo.pegaacademy.net/prweb/api/CodeIntelligence/v1/rules/query?pxObjClass=Rule-HTML-Section&appliesTo=Data-Admin-Connect-MQListener&pyRuleName=RuleFormLayout&RequestClass=Rule-HTML-Section&RequestAppliesTo=Data-Admin-Connect-MQListener&RequestRuleName=RuleFormLayout Payload: "{\"RequestClass\":\"Rule-HTML-Section\",\"RequestAppliesTo\":\"Data-Admin-Connect-MQListener\",\"RequestRuleName\":\"RuleFormLayout\"}" => HTTP 200 (48176 bytes)
[PegaHttpClient] 📡 POST https://zdk8budo.pegaacademy.net/prweb/api/CodeIntelligence/v1/rules/query?pxObjClass=Rule-HTML-Section&appliesTo=Data-Admin-Connect-MQListener&pyRuleName=RuleFormSettings&RequestClass=Rule-HTML-Section&RequestAppliesTo=Data-Admin-Connect-MQListener&RequestRuleName=RuleFormSettings Payload: "{\"RequestClass\":\"Rule-HTML-Section\",\"RequestAppliesTo\":\"Data-Admin-Connect-MQListener\",\"RequestRuleName\":\"RuleFormSettings\"}" => HTTP 200 (21582 bytes)
[PegaHttpClient] 📡 POST https://zdk8budo.pegaacademy.net/prweb/api/CodeIntelligence/v1/rules/query?pxObjClass=Rule-HTML-Section&appliesTo=Data-Admin-Connect-MQListener&pyRuleName=OpenAuthoring&RequestClass=Rule-HTML-Section&RequestAppliesTo=Data-Admin-Connect-MQListener&RequestRuleName=OpenAuthoring Payload: "{\"RequestClass\":\"Rule-HTML-Section\",\"RequestAppliesTo\":\"Data-Admin-Connect-MQListener\",\"RequestRuleName\":\"OpenAuthoring\"}" => HTTP 200 (20315 bytes)
[PegaHttpClient] 📡 POST https://zdk8budo.pegaacademy.net/prweb/api/CodeIntelligence/v1/rules/query?pxObjClass=Rule-HTML-Section&appliesTo=Data-Admin-Connect-MQListener&pyRuleName=pyCustomHelp&RequestClass=Rule-HTML-Section&RequestAppliesTo=Data-Admin-Connect-MQListener&RequestRuleName=pyCustomHelp Payload: "{\"RequestClass\":\"Rule-HTML-Section\",\"RequestAppliesTo\":\"Data-Admin-Connect-MQListener\",\"RequestRuleName\":\"pyCustomHelp\"}" => HTTP 200 (17256 bytes)
[PegaHttpClient] 📡 POST https://zdk8budo.pegaacademy.net/prweb/api/CodeIntelligence/v1/rules/query?pxObjClass=Rule-HTML-Section&appliesTo=Data-Admin-Connect-MQListener&pyRuleName=pzRuleformMainInclude&RequestClass=Rule-HTML-Section&RequestAppliesTo=Data-Admin-Connect-MQListener&RequestRuleName=pzRuleformMainInclude Payload: "{\"RequestClass\":\"Rule-HTML-Section\",\"RequestAppliesTo\":\"Data-Admin-Connect-MQListener\",\"RequestRuleName\":\"pzRuleformMainInclude\"}" => HTTP 200 (22375 bytes)
[PegaHttpClient] 📡 POST https://zdk8budo.pegaacademy.net/prweb/api/CodeIntelligence/v1/rules/query?pxObjClass=Rule-HTML-Section&appliesTo=Data-Admin-Connect-MQListener&pyRuleName=pyAlternativeRuleFormStrategicAppExtension&RequestClass=Rule-HTML-Section&RequestAppliesTo=Data-Admin-Connect-MQListener&RequestRuleName=pyAlternativeRuleFormStrategicAppExtension Payload: "{\"RequestClass\":\"Rule-HTML-Section\",\"RequestAppliesTo\":\"Data-Admin-Connect-MQListener\",\"RequestRuleName\":\"pyAlternativeRuleFormStrategicAppExtension\"}" => HTTP 200 (25042 bytes)
[PegaHttpClient] 📡 POST https://zdk8budo.pegaacademy.net/prweb/api/CodeIntelligence/v1/rules/query?pxObjClass=Rule-HTML-Section&appliesTo=Data-Admin-Connect-MQListener&pyRuleName=pyAlternativeRuleFormExtension&RequestClass=Rule-HTML-Section&RequestAppliesTo=Data-Admin-Connect-MQListener&RequestRuleName=pyAlternativeRuleFormExtension Payload: "{\"RequestClass\":\"Rule-HTML-Section\",\"RequestAppliesTo\":\"Data-Admin-Connect-MQListener\",\"RequestRuleName\":\"pyAlternativeRuleFormExtension\"}" => HTTP 200 (24863 bytes)
[PegaHttpClient] 📡 POST https://zdk8budo.pegaacademy.net/prweb/api/CodeIntelligence/v1/rules/query?pxObjClass=Rule-HTML-Section&appliesTo=Data-Admin-Connect-MQListener&pyRuleName=RuleFormHeader&RequestClass=Rule-HTML-Section&RequestAppliesTo=Data-Admin-Connect-MQListener&RequestRuleName=RuleFormHeader Payload: "{\"RequestClass\":\"Rule-HTML-Section\",\"RequestAppliesTo\":\"Data-Admin-Connect-MQListener\",\"RequestRuleName\":\"RuleFormHeader\"}" => HTTP 200 (183800 bytes)
[PegaHttpClient] 📡 POST https://zdk8budo.pegaacademy.net/prweb/api/CodeIntelligence/v1/rules/query?pxObjClass=Rule-HTML-Section&appliesTo=Data-Admin-Connect-MQListener&pyRuleName=pzDelegationExperience&RequestClass=Rule-HTML-Section&RequestAppliesTo=Data-Admin-Connect-MQListener&RequestRuleName=pzDelegationExperience Payload: "{\"RequestClass\":\"Rule-HTML-Section\",\"RequestAppliesTo\":\"Data-Admin-Connect-MQListener\",\"RequestRuleName\":\"pzDelegationExperience\"}" => HTTP 404 (129 bytes)
[PegaHttpClient] 📡 POST https://zdk8budo.pegaacademy.net/prweb/PRRestService/CodeIntelligence/v1/rules/query?pxObjClass=Rule-HTML-Section&appliesTo=Data-Admin-Connect-MQListener&pyRuleName=pzDelegationExperience&RequestClass=Rule-HTML-Section&RequestAppliesTo=Data-Admin-Connect-MQListener&RequestRuleName=pzDelegationExperience Payload: "{\"RequestClass\":\"Rule-HTML-Section\",\"RequestAppliesTo\":\"Data-Admin-Connect-MQListener\",\"RequestRuleName\":\"pzDelegationExperience\"}" => HTTP 404 (129 bytes)
[PegaHttpClient] 📡 POST https://zdk8budo.pegaacademy.net/prweb/api/HRAppsV2Service/V1/rules/query?pxObjClass=Rule-HTML-Section&appliesTo=Data-Admin-Connect-MQListener&pyRuleName=pzDelegationExperience&RequestClass=Rule-HTML-Section&RequestAppliesTo=Data-Admin-Connect-MQListener&RequestRuleName=pzDelegationExperience Payload: "{\"RequestClass\":\"Rule-HTML-Section\",\"RequestAppliesTo\":\"Data-Admin-Connect-MQListener\",\"RequestRuleName\":\"pzDelegationExperience\"}" => HTTP 404 (18 bytes)
[PegaHttpClient] 📡 POST https://zdk8budo.pegaacademy.net/prweb/PRRestService/HRAppsV2Service/V1/rules/query?pxObjClass=Rule-HTML-Section&appliesTo=Data-Admin-Connect-MQListener&pyRuleName=pzDelegationExperience&RequestClass=Rule-HTML-Section&RequestAppliesTo=Data-Admin-Connect-MQListener&RequestRuleName=pzDelegationExperience Payload: "{\"RequestClass\":\"Rule-HTML-Section\",\"RequestAppliesTo\":\"Data-Admin-Connect-MQListener\",\"RequestRuleName\":\"pzDelegationExperience\"}" => HTTP 404 (18 bytes)
[PegaHttpClient] 📡 POST https://zdk8budo.pegaacademy.net/prweb/api/HRAppsV2/V1/rules/query?pxObjClass=Rule-HTML-Section&appliesTo=Data-Admin-Connect-MQListener&pyRuleName=pzDelegationExperience&RequestClass=Rule-HTML-Section&RequestAppliesTo=Data-Admin-Connect-MQListener&RequestRuleName=pzDelegationExperience Payload: "{\"RequestClass\":\"Rule-HTML-Section\",\"RequestAppliesTo\":\"Data-Admin-Connect-MQListener\",\"RequestRuleName\":\"pzDelegationExperience\"}" => HTTP 404 (18 bytes)
[PegaHttpClient] 📡 POST https://zdk8budo.pegaacademy.net/prweb/PRRestService/HRAppsV2/V1/rules/query?pxObjClass=Rule-HTML-Section&appliesTo=Data-Admin-Connect-MQListener&pyRuleName=pzDelegationExperience&RequestClass=Rule-HTML-Section&RequestAppliesTo=Data-Admin-Connect-MQListener&RequestRuleName=pzDelegationExperience Payload: "{\"RequestClass\":\"Rule-HTML-Section\",\"RequestAppliesTo\":\"Data-Admin-Connect-MQListener\",\"RequestRuleName\":\"pzDelegationExperience\"}" => HTTP 404 (18 bytes)
[PegaHttpClient] 📡 POST https://zdk8budo.pegaacademy.net/prweb/api/v1/rules/query?pxObjClass=Rule-HTML-Section&appliesTo=Data-Admin-Connect-MQListener&pyRuleName=pzDelegationExperience&RequestClass=Rule-HTML-Section&RequestAppliesTo=Data-Admin-Connect-MQListener&RequestRuleName=pzDelegationExperience Payload: "{\"RequestClass\":\"Rule-HTML-Section\",\"RequestAppliesTo\":\"Data-Admin-Connect-MQListener\",\"RequestRuleName\":\"pzDelegationExperience\"}" => HTTP 404 (18 bytes)
[PegaHttpClient] 📡 POST https://zdk8budo.pegaacademy.net/prweb/PRRestService/v1/rules/query?pxObjClass=Rule-HTML-Section&appliesTo=Data-Admin-Connect-MQListener&pyRuleName=pzDelegationExperience&RequestClass=Rule-HTML-Section&RequestAppliesTo=Data-Admin-Connect-MQListener&RequestRuleName=pzDelegationExperience Payload: "{\"RequestClass\":\"Rule-HTML-Section\",\"RequestAppliesTo\":\"Data-Admin-Connect-MQListener\",\"RequestRuleName\":\"pzDelegationExperience\"}" => HTTP 404 (18 bytes)
[PegaHttpClient] 📡 POST https://zdk8budo.pegaacademy.net/prweb/api/CodeIntelligence/v1/rules/query?pxObjClass=Rule-HTML-Section&appliesTo=Data-Admin-Connect-MQListener&pyRuleName=Listener_Properties&RequestClass=Rule-HTML-Section&RequestAppliesTo=Data-Admin-Connect-MQListener&RequestRuleName=Listener_Properties Payload: "{\"RequestClass\":\"Rule-HTML-Section\",\"RequestAppliesTo\":\"Data-Admin-Connect-MQListener\",\"RequestRuleName\":\"Listener_Properties\"}" => HTTP 200 (271403 bytes)
[PegaHttpClient] 📡 POST https://zdk8budo.pegaacademy.net/prweb/api/CodeIntelligence/v1/rules/query?pxObjClass=Rule-HTML-Section&appliesTo=Data-Admin-Connect-MQListener&pyRuleName=MQ_Properties&RequestClass=Rule-HTML-Section&RequestAppliesTo=Data-Admin-Connect-MQListener&RequestRuleName=MQ_Properties Payload: "{\"RequestClass\":\"Rule-HTML-Section\",\"RequestAppliesTo\":\"Data-Admin-Connect-MQListener\",\"RequestRuleName\":\"MQ_Properties\"}" => HTTP 200 (91959 bytes)
[PegaHttpClient] 📡 POST https://zdk8budo.pegaacademy.net/prweb/api/CodeIntelligence/v1/rules/query?pxObjClass=Rule-HTML-Section&appliesTo=Data-Admin-Connect-MQListener&pyRuleName=RuleFormHistory&RequestClass=Rule-HTML-Section&RequestAppliesTo=Data-Admin-Connect-MQListener&RequestRuleName=RuleFormHistory Payload: "{\"RequestClass\":\"Rule-HTML-Section\",\"RequestAppliesTo\":\"Data-Admin-Connect-MQListener\",\"RequestRuleName\":\"RuleFormHistory\"}" => HTTP 200 (18043 bytes)
[PegaHttpClient] 📡 POST https://zdk8budo.pegaacademy.net/prweb/api/CodeIntelligence/v1/rules/query?pxObjClass=Rule-HTML-Section&appliesTo=Data-Admin-Connect-MQListener&pyRuleName=pzCustomHelp&RequestClass=Rule-HTML-Section&RequestAppliesTo=Data-Admin-Connect-MQListener&RequestRuleName=pzCustomHelp Payload: "{\"RequestClass\":\"Rule-HTML-Section\",\"RequestAppliesTo\":\"Data-Admin-Connect-MQListener\",\"RequestRuleName\":\"pzCustomHelp\"}" => HTTP 200 (31573 bytes)
[PegaHttpClient] 📡 POST https://zdk8budo.pegaacademy.net/prweb/api/CodeIntelligence/v1/rules/query?pxObjClass=Rule-HTML-Section&appliesTo=Data-Admin-Connect-MQListener&pyRuleName=pzRuleFormKeysAndDescription&RequestClass=Rule-HTML-Section&RequestAppliesTo=Data-Admin-Connect-MQListener&RequestRuleName=pzRuleFormKeysAndDescription Payload: "{\"RequestClass\":\"Rule-HTML-Section\",\"RequestAppliesTo\":\"Data-Admin-Connect-MQListener\",\"RequestRuleName\":\"pzRuleFormKeysAndDescription\"}" => HTTP 200 (218057 bytes)
[PegaHttpClient] 📡 POST https://zdk8budo.pegaacademy.net/prweb/api/CodeIntelligence/v1/rules/query?pxObjClass=Rule-HTML-Section&appliesTo=Data-Admin-Connect-MQListener&pyRuleName=pzRuleFormRuleset&RequestClass=Rule-HTML-Section&RequestAppliesTo=Data-Admin-Connect-MQListener&RequestRuleName=pzRuleFormRuleset Payload: "{\"RequestClass\":\"Rule-HTML-Section\",\"RequestAppliesTo\":\"Data-Admin-Connect-MQListener\",\"RequestRuleName\":\"pzRuleFormRuleset\"}" => HTTP 200 (29020 bytes)
[PegaHttpClient] 📡 POST https://zdk8budo.pegaacademy.net/prweb/api/CodeIntelligence/v1/rules/query?pxObjClass=Rule-HTML-Section&appliesTo=Data-Admin-Connect-MQListener&pyRuleName=undefined&RequestClass=Rule-HTML-Section&RequestAppliesTo=Data-Admin-Connect-MQListener&RequestRuleName=undefined Payload: "{\"RequestClass\":\"Rule-HTML-Section\",\"RequestAppliesTo\":\"Data-Admin-Connect-MQListener\",\"RequestRuleName\":\"undefined\"}" => HTTP 404 (116 bytes)
[PegaHttpClient] 📡 POST https://zdk8budo.pegaacademy.net/prweb/PRRestService/CodeIntelligence/v1/rules/query?pxObjClass=Rule-HTML-Section&appliesTo=Data-Admin-Connect-MQListener&pyRuleName=undefined&RequestClass=Rule-HTML-Section&RequestAppliesTo=Data-Admin-Connect-MQListener&RequestRuleName=undefined Payload: "{\"RequestClass\":\"Rule-HTML-Section\",\"RequestAppliesTo\":\"Data-Admin-Connect-MQListener\",\"RequestRuleName\":\"undefined\"}" => HTTP 404 (116 bytes)
[PegaHttpClient] 📡 POST https://zdk8budo.pegaacademy.net/prweb/api/HRAppsV2Service/V1/rules/query?pxObjClass=Rule-HTML-Section&appliesTo=Data-Admin-Connect-MQListener&pyRuleName=undefined&RequestClass=Rule-HTML-Section&RequestAppliesTo=Data-Admin-Connect-MQListener&RequestRuleName=undefined Payload: "{\"RequestClass\":\"Rule-HTML-Section\",\"RequestAppliesTo\":\"Data-Admin-Connect-MQListener\",\"RequestRuleName\":\"undefined\"}" => HTTP 404 (18 bytes)
[PegaHttpClient] 📡 POST https://zdk8budo.pegaacademy.net/prweb/PRRestService/HRAppsV2Service/V1/rules/query?pxObjClass=Rule-HTML-Section&appliesTo=Data-Admin-Connect-MQListener&pyRuleName=undefined&RequestClass=Rule-HTML-Section&RequestAppliesTo=Data-Admin-Connect-MQListener&RequestRuleName=undefined Payload: "{\"RequestClass\":\"Rule-HTML-Section\",\"RequestAppliesTo\":\"Data-Admin-Connect-MQListener\",\"RequestRuleName\":\"undefined\"}" => HTTP 404 (18 bytes)
[PegaHttpClient] 📡 POST https://zdk8budo.pegaacademy.net/prweb/api/HRAppsV2/V1/rules/query?pxObjClass=Rule-HTML-Section&appliesTo=Data-Admin-Connect-MQListener&pyRuleName=undefined&RequestClass=Rule-HTML-Section&RequestAppliesTo=Data-Admin-Connect-MQListener&RequestRuleName=undefined Payload: "{\"RequestClass\":\"Rule-HTML-Section\",\"RequestAppliesTo\":\"Data-Admin-Connect-MQListener\",\"RequestRuleName\":\"undefined\"}" => HTTP 404 (18 bytes)
[PegaHttpClient] 📡 POST https://zdk8budo.pegaacademy.net/prweb/PRRestService/HRAppsV2/V1/rules/query?pxObjClass=Rule-HTML-Section&appliesTo=Data-Admin-Connect-MQListener&pyRuleName=undefined&RequestClass=Rule-HTML-Section&RequestAppliesTo=Data-Admin-Connect-MQListener&RequestRuleName=undefined Payload: "{\"RequestClass\":\"Rule-HTML-Section\",\"RequestAppliesTo\":\"Data-Admin-Connect-MQListener\",\"RequestRuleName\":\"undefined\"}" => HTTP 404 (18 bytes)
[PegaHttpClient] 📡 POST https://zdk8budo.pegaacademy.net/prweb/api/v1/rules/query?pxObjClass=Rule-HTML-Section&appliesTo=Data-Admin-Connect-MQListener&pyRuleName=undefined&RequestClass=Rule-HTML-Section&RequestAppliesTo=Data-Admin-Connect-MQListener&RequestRuleName=undefined Payload: "{\"RequestClass\":\"Rule-HTML-Section\",\"RequestAppliesTo\":\"Data-Admin-Connect-MQListener\",\"RequestRuleName\":\"undefined\"}" => HTTP 404 (18 bytes)
[PegaHttpClient] 📡 POST https://zdk8budo.pegaacademy.net/prweb/PRRestService/v1/rules/query?pxObjClass=Rule-HTML-Section&appliesTo=Data-Admin-Connect-MQListener&pyRuleName=undefined&RequestClass=Rule-HTML-Section&RequestAppliesTo=Data-Admin-Connect-MQListener&RequestRuleName=undefined Payload: "{\"RequestClass\":\"Rule-HTML-Section\",\"RequestAppliesTo\":\"Data-Admin-Connect-MQListener\",\"RequestRuleName\":\"undefined\"}" => HTTP 404 (18 bytes)
[PegaHttpClient] 📡 POST https://zdk8budo.pegaacademy.net/prweb/api/CodeIntelligence/v1/rules/query?pxObjClass=Rule-HTML-Section&appliesTo=Data-Admin-Connect-MQListener&pyRuleName=pzRuleFormToolbar&RequestClass=Rule-HTML-Section&RequestAppliesTo=Data-Admin-Connect-MQListener&RequestRuleName=pzRuleFormToolbar Payload: "{\"RequestClass\":\"Rule-HTML-Section\",\"RequestAppliesTo\":\"Data-Admin-Connect-MQListener\",\"RequestRuleName\":\"pzRuleFormToolbar\"}" => HTTP 200 (242691 bytes)
[PegaHttpClient] 📡 POST https://zdk8budo.pegaacademy.net/prweb/api/CodeIntelligence/v1/rules/query?pxObjClass=Rule-HTML-Section&appliesTo=Data-Admin-Connect-MQListener&pyRuleName=pzRuleFormToolbarCompare&RequestClass=Rule-HTML-Section&RequestAppliesTo=Data-Admin-Connect-MQListener&RequestRuleName=pzRuleFormToolbarCompare Payload: "{\"RequestClass\":\"Rule-HTML-Section\",\"RequestAppliesTo\":\"Data-Admin-Connect-MQListener\",\"RequestRuleName\":\"pzRuleFormToolbarCompare\"}" => HTTP 200 (61925 bytes)
[PegaHttpClient] 📡 POST https://zdk8budo.pegaacademy.net/prweb/api/CodeIntelligence/v1/rules/query?pxObjClass=Rule-HTML-Section&appliesTo=Data-Admin-Connect-MQListener&pyRuleName=RuleFormHeaderMessages&RequestClass=Rule-HTML-Section&RequestAppliesTo=Data-Admin-Connect-MQListener&RequestRuleName=RuleFormHeaderMessages Payload: "{\"RequestClass\":\"Rule-HTML-Section\",\"RequestAppliesTo\":\"Data-Admin-Connect-MQListener\",\"RequestRuleName\":\"RuleFormHeaderMessages\"}" => HTTP 200 (26518 bytes)
[PegaHttpClient] 📡 POST https://zdk8budo.pegaacademy.net/prweb/api/CodeIntelligence/v1/rules/query?pxObjClass=Rule-HTML-Section&appliesTo=Data-Admin-Connect-MQListener&pyRuleName=pxStartup&RequestClass=Rule-HTML-Section&RequestAppliesTo=Data-Admin-Connect-MQListener&RequestRuleName=pxStartup Payload: "{\"RequestClass\":\"Rule-HTML-Section\",\"RequestAppliesTo\":\"Data-Admin-Connect-MQListener\",\"RequestRuleName\":\"pxStartup\"}" => HTTP 200 (236657 bytes)
[PegaHttpClient] 📡 POST https://zdk8budo.pegaacademy.net/prweb/api/CodeIntelligence/v1/rules/query?pxObjClass=Rule-HTML-Section&appliesTo=Data-Admin-Connect-MQListener&pyRuleName=pxListener_Properties_SubSection&RequestClass=Rule-HTML-Section&RequestAppliesTo=Data-Admin-Connect-MQListener&RequestRuleName=pxListener_Properties_SubSection Payload: "{\"RequestClass\":\"Rule-HTML-Section\",\"RequestAppliesTo\":\"Data-Admin-Connect-MQListener\",\"RequestRuleName\":\"pxListener_Properties_SubSection\"}" => HTTP 200 (58134 bytes)
[PegaHttpClient] 📡 POST https://zdk8budo.pegaacademy.net/prweb/api/CodeIntelligence/v1/rules/query?pxObjClass=Rule-HTML-Section&appliesTo=Data-Admin-Connect-MQListener&pyRuleName=pzRuleFormStatus&RequestClass=Rule-HTML-Section&RequestAppliesTo=Data-Admin-Connect-MQListener&RequestRuleName=pzRuleFormStatus Payload: "{\"RequestClass\":\"Rule-HTML-Section\",\"RequestAppliesTo\":\"Data-Admin-Connect-MQListener\",\"RequestRuleName\":\"pzRuleFormStatus\"}" => HTTP 200 (29579 bytes)
[PegaHttpClient] 📡 POST https://zdk8budo.pegaacademy.net/prweb/api/CodeIntelligence/v1/rules/query?pxObjClass=Rule-HTML-Section&appliesTo=Data-Admin-Connect-MQListener&pyRuleName=pzRuleFormHeaderCompareWithDropDown&RequestClass=Rule-HTML-Section&RequestAppliesTo=Data-Admin-Connect-MQListener&RequestRuleName=pzRuleFormHeaderCompareWithDropDown Payload: "{\"RequestClass\":\"Rule-HTML-Section\",\"RequestAppliesTo\":\"Data-Admin-Connect-MQListener\",\"RequestRuleName\":\"pzRuleFormHeaderCompareWithDropDown\"}" => HTTP 200 (25396 bytes)
[PegaHttpClient] 📡 POST https://zdk8budo.pegaacademy.net/prweb/api/CodeIntelligence/v1/rules/query?pxObjClass=Rule-HTML-Section&appliesTo=Data-Admin-Connect-MQListener&pyRuleName=undefined&RequestClass=Rule-HTML-Section&RequestAppliesTo=Data-Admin-Connect-MQListener&RequestRuleName=undefined Payload: "{\"RequestClass\":\"Rule-HTML-Section\",\"RequestAppliesTo\":\"Data-Admin-Connect-MQListener\",\"RequestRuleName\":\"undefined\"}" => HTTP 404 (116 bytes)
[PegaHttpClient] 📡 POST https://zdk8budo.pegaacademy.net/prweb/PRRestService/CodeIntelligence/v1/rules/query?pxObjClass=Rule-HTML-Section&appliesTo=Data-Admin-Connect-MQListener&pyRuleName=undefined&RequestClass=Rule-HTML-Section&RequestAppliesTo=Data-Admin-Connect-MQListener&RequestRuleName=undefined Payload: "{\"RequestClass\":\"Rule-HTML-Section\",\"RequestAppliesTo\":\"Data-Admin-Connect-MQListener\",\"RequestRuleName\":\"undefined\"}" => HTTP 404 (116 bytes)
[PegaHttpClient] 📡 POST https://zdk8budo.pegaacademy.net/prweb/api/HRAppsV2Service/V1/rules/query?pxObjClass=Rule-HTML-Section&appliesTo=Data-Admin-Connect-MQListener&pyRuleName=undefined&RequestClass=Rule-HTML-Section&RequestAppliesTo=Data-Admin-Connect-MQListener&RequestRuleName=undefined Payload: "{\"RequestClass\":\"Rule-HTML-Section\",\"RequestAppliesTo\":\"Data-Admin-Connect-MQListener\",\"RequestRuleName\":\"undefined\"}" => HTTP 404 (18 bytes)
[PegaHttpClient] 📡 POST https://zdk8budo.pegaacademy.net/prweb/PRRestService/HRAppsV2Service/V1/rules/query?pxObjClass=Rule-HTML-Section&appliesTo=Data-Admin-Connect-MQListener&pyRuleName=undefined&RequestClass=Rule-HTML-Section&RequestAppliesTo=Data-Admin-Connect-MQListener&RequestRuleName=undefined Payload: "{\"RequestClass\":\"Rule-HTML-Section\",\"RequestAppliesTo\":\"Data-Admin-Connect-MQListener\",\"RequestRuleName\":\"undefined\"}" => HTTP 404 (18 bytes)
[PegaHttpClient] 📡 POST https://zdk8budo.pegaacademy.net/prweb/api/HRAppsV2/V1/rules/query?pxObjClass=Rule-HTML-Section&appliesTo=Data-Admin-Connect-MQListener&pyRuleName=undefined&RequestClass=Rule-HTML-Section&RequestAppliesTo=Data-Admin-Connect-MQListener&RequestRuleName=undefined Payload: "{\"RequestClass\":\"Rule-HTML-Section\",\"RequestAppliesTo\":\"Data-Admin-Connect-MQListener\",\"RequestRuleName\":\"undefined\"}" => HTTP 404 (18 bytes)
[PegaHttpClient] 📡 POST https://zdk8budo.pegaacademy.net/prweb/PRRestService/HRAppsV2/V1/rules/query?pxObjClass=Rule-HTML-Section&appliesTo=Data-Admin-Connect-MQListener&pyRuleName=undefined&RequestClass=Rule-HTML-Section&RequestAppliesTo=Data-Admin-Connect-MQListener&RequestRuleName=undefined Payload: "{\"RequestClass\":\"Rule-HTML-Section\",\"RequestAppliesTo\":\"Data-Admin-Connect-MQListener\",\"RequestRuleName\":\"undefined\"}" => HTTP 404 (18 bytes)
[PegaHttpClient] 📡 POST https://zdk8budo.pegaacademy.net/prweb/api/v1/rules/query?pxObjClass=Rule-HTML-Section&appliesTo=Data-Admin-Connect-MQListener&pyRuleName=undefined&RequestClass=Rule-HTML-Section&RequestAppliesTo=Data-Admin-Connect-MQListener&RequestRuleName=undefined Payload: "{\"RequestClass\":\"Rule-HTML-Section\",\"RequestAppliesTo\":\"Data-Admin-Connect-MQListener\",\"RequestRuleName\":\"undefined\"}" => HTTP 404 (18 bytes)
[PegaHttpClient] 📡 POST https://zdk8budo.pegaacademy.net/prweb/PRRestService/v1/rules/query?pxObjClass=Rule-HTML-Section&appliesTo=Data-Admin-Connect-MQListener&pyRuleName=undefined&RequestClass=Rule-HTML-Section&RequestAppliesTo=Data-Admin-Connect-MQListener&RequestRuleName=undefined Payload: "{\"RequestClass\":\"Rule-HTML-Section\",\"RequestAppliesTo\":\"Data-Admin-Connect-MQListener\",\"RequestRuleName\":\"undefined\"}" => HTTP 404 (18 bytes)
[PegaHttpClient] 📡 POST https://zdk8budo.pegaacademy.net/prweb/api/CodeIntelligence/v1/rules/query?pxObjClass=Rule-HTML-Section&appliesTo=Data-Admin-Connect-MQListener&pyRuleName=pzRuleFormToolbarHotKeys&RequestClass=Rule-HTML-Section&RequestAppliesTo=Data-Admin-Connect-MQListener&RequestRuleName=pzRuleFormToolbarHotKeys Payload: "{\"RequestClass\":\"Rule-HTML-Section\",\"RequestAppliesTo\":\"Data-Admin-Connect-MQListener\",\"RequestRuleName\":\"pzRuleFormToolbarHotKeys\"}" => HTTP 200 (85058 bytes)
[PegaHttpClient] 📡 POST https://zdk8budo.pegaacademy.net/prweb/api/CodeIntelligence/v1/rules/query?pxObjClass=Rule-HTML-Section&appliesTo=Data-Admin-Connect-MQListener&pyRuleName=pzRuleFormToolbarLockedIcon&RequestClass=Rule-HTML-Section&RequestAppliesTo=Data-Admin-Connect-MQListener&RequestRuleName=pzRuleFormToolbarLockedIcon Payload: "{\"RequestClass\":\"Rule-HTML-Section\",\"RequestAppliesTo\":\"Data-Admin-Connect-MQListener\",\"RequestRuleName\":\"pzRuleFormToolbarLockedIcon\"}" => HTTP 200 (19111 bytes)
[PegaHttpClient] 📡 POST https://zdk8budo.pegaacademy.net/prweb/api/CodeIntelligence/v1/rules/query?pxObjClass=Rule-HTML-Section&appliesTo=Data-Admin-Connect-MQListener&pyRuleName=pzRuleFormToolbarCollaborators&RequestClass=Rule-HTML-Section&RequestAppliesTo=Data-Admin-Connect-MQListener&RequestRuleName=pzRuleFormToolbarCollaborators Payload: "{\"RequestClass\":\"Rule-HTML-Section\",\"RequestAppliesTo\":\"Data-Admin-Connect-MQListener\",\"RequestRuleName\":\"pzRuleFormToolbarCollaborators\"}" => HTTP 200 (15254 bytes)
[PegaHttpClient] 📡 POST https://zdk8budo.pegaacademy.net/prweb/api/CodeIntelligence/v1/rules/query?pxObjClass=Rule-HTML-Section&appliesTo=Data-Admin-Connect-MQListener&pyRuleName=pzRuleFormToolbarSaveAs&RequestClass=Rule-HTML-Section&RequestAppliesTo=Data-Admin-Connect-MQListener&RequestRuleName=pzRuleFormToolbarSaveAs Payload: "{\"RequestClass\":\"Rule-HTML-Section\",\"RequestAppliesTo\":\"Data-Admin-Connect-MQListener\",\"RequestRuleName\":\"pzRuleFormToolbarSaveAs\"}" => HTTP 200 (64084 bytes)
[PegaHttpClient] 📡 POST https://zdk8budo.pegaacademy.net/prweb/api/CodeIntelligence/v1/rules/query?pxObjClass=Rule-HTML-Section&appliesTo=Data-Admin-Connect-MQListener&pyRuleName=pzRuleFormToolbarCheckin&RequestClass=Rule-HTML-Section&RequestAppliesTo=Data-Admin-Connect-MQListener&RequestRuleName=pzRuleFormToolbarCheckin Payload: "{\"RequestClass\":\"Rule-HTML-Section\",\"RequestAppliesTo\":\"Data-Admin-Connect-MQListener\",\"RequestRuleName\":\"pzRuleFormToolbarCheckin\"}" => HTTP 200 (15601 bytes)
[PegaHttpClient] 📡 POST https://zdk8budo.pegaacademy.net/prweb/api/CodeIntelligence/v1/rules/query?pxObjClass=Rule-HTML-Section&appliesTo=Data-Admin-Connect-MQListener&pyRuleName=pzRuleFormToolbarDelete&RequestClass=Rule-HTML-Section&RequestAppliesTo=Data-Admin-Connect-MQListener&RequestRuleName=pzRuleFormToolbarDelete Payload: "{\"RequestClass\":\"Rule-HTML-Section\",\"RequestAppliesTo\":\"Data-Admin-Connect-MQListener\",\"RequestRuleName\":\"pzRuleFormToolbarDelete\"}" => HTTP 200 (30249 bytes)
[PegaHttpClient] 📡 POST https://zdk8budo.pegaacademy.net/prweb/api/CodeIntelligence/v1/rules/query?pxObjClass=Rule-HTML-Section&appliesTo=Data-Admin-Connect-MQListener&pyRuleName=pzRuleFormToolbarSave&RequestClass=Rule-HTML-Section&RequestAppliesTo=Data-Admin-Connect-MQListener&RequestRuleName=pzRuleFormToolbarSave Payload: "{\"RequestClass\":\"Rule-HTML-Section\",\"RequestAppliesTo\":\"Data-Admin-Connect-MQListener\",\"RequestRuleName\":\"pzRuleFormToolbarSave\"}" => HTTP 200 (293885 bytes)
[PegaHttpClient] 📡 POST https://zdk8budo.pegaacademy.net/prweb/api/CodeIntelligence/v1/rules/query?pxObjClass=Rule-HTML-Section&appliesTo=Data-Admin-Connect-MQListener&pyRuleName=pzRuleFormToolbarCheckout&RequestClass=Rule-HTML-Section&RequestAppliesTo=Data-Admin-Connect-MQListener&RequestRuleName=pzRuleFormToolbarCheckout Payload: "{\"RequestClass\":\"Rule-HTML-Section\",\"RequestAppliesTo\":\"Data-Admin-Connect-MQListener\",\"RequestRuleName\":\"pzRuleFormToolbarCheckout\"}" => HTTP 200 (14854 bytes)
[PegaHttpClient] 📡 POST https://zdk8budo.pegaacademy.net/prweb/api/CodeIntelligence/v1/rules/query?pxObjClass=Rule-HTML-Section&appliesTo=Data-Admin-Connect-MQListener&pyRuleName=pzRemoveErrorsDataPage&RequestClass=Rule-HTML-Section&RequestAppliesTo=Data-Admin-Connect-MQListener&RequestRuleName=pzRemoveErrorsDataPage Payload: "{\"RequestClass\":\"Rule-HTML-Section\",\"RequestAppliesTo\":\"Data-Admin-Connect-MQListener\",\"RequestRuleName\":\"pzRemoveErrorsDataPage\"}" => HTTP 200 (16733 bytes)
[PegaHttpClient] 📡 POST https://zdk8budo.pegaacademy.net/prweb/api/CodeIntelligence/v1/rules/query?pxObjClass=Rule-HTML-Section&appliesTo=Data-Admin-Connect-MQListener&pyRuleName=pzRuleFormHeaderMessagesWrapper&RequestClass=Rule-HTML-Section&RequestAppliesTo=Data-Admin-Connect-MQListener&RequestRuleName=pzRuleFormHeaderMessagesWrapper Payload: "{\"RequestClass\":\"Rule-HTML-Section\",\"RequestAppliesTo\":\"Data-Admin-Connect-MQListener\",\"RequestRuleName\":\"pzRuleFormHeaderMessagesWrapper\"}" => HTTP 200 (16981 bytes)
[PegaHttpClient] 📡 POST https://zdk8budo.pegaacademy.net/prweb/api/CodeIntelligence/v1/rules/query?pxObjClass=Rule-HTML-Section&appliesTo=Data-Admin-Connect-MQListener&pyRuleName=pxDisplayCollaborators&RequestClass=Rule-HTML-Section&RequestAppliesTo=Data-Admin-Connect-MQListener&RequestRuleName=pxDisplayCollaborators Payload: "{\"RequestClass\":\"Rule-HTML-Section\",\"RequestAppliesTo\":\"Data-Admin-Connect-MQListener\",\"RequestRuleName\":\"pxDisplayCollaborators\"}" => HTTP 200 (94171 bytes)
[PegaHttpClient] 📡 POST https://zdk8budo.pegaacademy.net/prweb/api/CodeIntelligence/v1/rules/query?pxObjClass=Rule-HTML-Section&appliesTo=Data-Admin-Connect-MQListener&pyRuleName=pzRuleFormToolbarDeleteCheckOut&RequestClass=Rule-HTML-Section&RequestAppliesTo=Data-Admin-Connect-MQListener&RequestRuleName=pzRuleFormToolbarDeleteCheckOut Payload: "{\"RequestClass\":\"Rule-HTML-Section\",\"RequestAppliesTo\":\"Data-Admin-Connect-MQListener\",\"RequestRuleName\":\"pzRuleFormToolbarDeleteCheckOut\"}" => HTTP 404 (138 bytes)
[PegaHttpClient] 📡 POST https://zdk8budo.pegaacademy.net/prweb/PRRestService/CodeIntelligence/v1/rules/query?pxObjClass=Rule-HTML-Section&appliesTo=Data-Admin-Connect-MQListener&pyRuleName=pzRuleFormToolbarDeleteCheckOut&RequestClass=Rule-HTML-Section&RequestAppliesTo=Data-Admin-Connect-MQListener&RequestRuleName=pzRuleFormToolbarDeleteCheckOut Payload: "{\"RequestClass\":\"Rule-HTML-Section\",\"RequestAppliesTo\":\"Data-Admin-Connect-MQListener\",\"RequestRuleName\":\"pzRuleFormToolbarDeleteCheckOut\"}" => HTTP 404 (138 bytes)
[PegaHttpClient] 📡 POST https://zdk8budo.pegaacademy.net/prweb/api/HRAppsV2Service/V1/rules/query?pxObjClass=Rule-HTML-Section&appliesTo=Data-Admin-Connect-MQListener&pyRuleName=pzRuleFormToolbarDeleteCheckOut&RequestClass=Rule-HTML-Section&RequestAppliesTo=Data-Admin-Connect-MQListener&RequestRuleName=pzRuleFormToolbarDeleteCheckOut Payload: "{\"RequestClass\":\"Rule-HTML-Section\",\"RequestAppliesTo\":\"Data-Admin-Connect-MQListener\",\"RequestRuleName\":\"pzRuleFormToolbarDeleteCheckOut\"}" => HTTP 404 (18 bytes)
[PegaHttpClient] 📡 POST https://zdk8budo.pegaacademy.net/prweb/PRRestService/HRAppsV2Service/V1/rules/query?pxObjClass=Rule-HTML-Section&appliesTo=Data-Admin-Connect-MQListener&pyRuleName=pzRuleFormToolbarDeleteCheckOut&RequestClass=Rule-HTML-Section&RequestAppliesTo=Data-Admin-Connect-MQListener&RequestRuleName=pzRuleFormToolbarDeleteCheckOut Payload: "{\"RequestClass\":\"Rule-HTML-Section\",\"RequestAppliesTo\":\"Data-Admin-Connect-MQListener\",\"RequestRuleName\":\"pzRuleFormToolbarDeleteCheckOut\"}" => HTTP 404 (18 bytes)
[PegaHttpClient] 📡 POST https://zdk8budo.pegaacademy.net/prweb/api/HRAppsV2/V1/rules/query?pxObjClass=Rule-HTML-Section&appliesTo=Data-Admin-Connect-MQListener&pyRuleName=pzRuleFormToolbarDeleteCheckOut&RequestClass=Rule-HTML-Section&RequestAppliesTo=Data-Admin-Connect-MQListener&RequestRuleName=pzRuleFormToolbarDeleteCheckOut Payload: "{\"RequestClass\":\"Rule-HTML-Section\",\"RequestAppliesTo\":\"Data-Admin-Connect-MQListener\",\"RequestRuleName\":\"pzRuleFormToolbarDeleteCheckOut\"}" => HTTP 404 (18 bytes)
[PegaHttpClient] 📡 POST https://zdk8budo.pegaacademy.net/prweb/PRRestService/HRAppsV2/V1/rules/query?pxObjClass=Rule-HTML-Section&appliesTo=Data-Admin-Connect-MQListener&pyRuleName=pzRuleFormToolbarDeleteCheckOut&RequestClass=Rule-HTML-Section&RequestAppliesTo=Data-Admin-Connect-MQListener&RequestRuleName=pzRuleFormToolbarDeleteCheckOut Payload: "{\"RequestClass\":\"Rule-HTML-Section\",\"RequestAppliesTo\":\"Data-Admin-Connect-MQListener\",\"RequestRuleName\":\"pzRuleFormToolbarDeleteCheckOut\"}" => HTTP 404 (18 bytes)
[PegaHttpClient] 📡 POST https://zdk8budo.pegaacademy.net/prweb/api/v1/rules/query?pxObjClass=Rule-HTML-Section&appliesTo=Data-Admin-Connect-MQListener&pyRuleName=pzRuleFormToolbarDeleteCheckOut&RequestClass=Rule-HTML-Section&RequestAppliesTo=Data-Admin-Connect-MQListener&RequestRuleName=pzRuleFormToolbarDeleteCheckOut Payload: "{\"RequestClass\":\"Rule-HTML-Section\",\"RequestAppliesTo\":\"Data-Admin-Connect-MQListener\",\"RequestRuleName\":\"pzRuleFormToolbarDeleteCheckOut\"}" => HTTP 404 (18 bytes)
[PegaHttpClient] 📡 POST https://zdk8budo.pegaacademy.net/prweb/PRRestService/v1/rules/query?pxObjClass=Rule-HTML-Section&appliesTo=Data-Admin-Connect-MQListener&pyRuleName=pzRuleFormToolbarDeleteCheckOut&RequestClass=Rule-HTML-Section&RequestAppliesTo=Data-Admin-Connect-MQListener&RequestRuleName=pzRuleFormToolbarDeleteCheckOut Payload: "{\"RequestClass\":\"Rule-HTML-Section\",\"RequestAppliesTo\":\"Data-Admin-Connect-MQListener\",\"RequestRuleName\":\"pzRuleFormToolbarDeleteCheckOut\"}" => HTTP 404 (18 bytes)
[PegaHttpClient] 📡 POST https://zdk8budo.pegaacademy.net/prweb/api/CodeIntelligence/v1/rules/query?pxObjClass=Rule-HTML-Section&appliesTo=Data-Admin-Connect-MQListener&pyRuleName=pzRuleFormToolbarDeleteRule&RequestClass=Rule-HTML-Section&RequestAppliesTo=Data-Admin-Connect-MQListener&RequestRuleName=pzRuleFormToolbarDeleteRule Payload: "{\"RequestClass\":\"Rule-HTML-Section\",\"RequestAppliesTo\":\"Data-Admin-Connect-MQListener\",\"RequestRuleName\":\"pzRuleFormToolbarDeleteRule\"}" => HTTP 200 (32314 bytes)
[PegaHttpClient] 📡 POST https://zdk8budo.pegaacademy.net/prweb/api/CodeIntelligence/v1/rules/query?pxObjClass=Rule-HTML-Section&appliesTo=Data-Admin-Connect-MQListener&pyRuleName=pzLoadCollaborationScripts&RequestClass=Rule-HTML-Section&RequestAppliesTo=Data-Admin-Connect-MQListener&RequestRuleName=pzLoadCollaborationScripts Payload: "{\"RequestClass\":\"Rule-HTML-Section\",\"RequestAppliesTo\":\"Data-Admin-Connect-MQListener\",\"RequestRuleName\":\"pzLoadCollaborationScripts\"}" => HTTP 200 (23453 bytes)
[PegaHttpClient] 📡 POST https://zdk8budo.pegaacademy.net/prweb/api/CodeIntelligence/v1/rules/query?pxObjClass=Rule-HTML-Section&appliesTo=Data-Admin-Connect-MQListener&pyRuleName=pzDisplayCollaboratorsList&RequestClass=Rule-HTML-Section&RequestAppliesTo=Data-Admin-Connect-MQListener&RequestRuleName=pzDisplayCollaboratorsList Payload: "{\"RequestClass\":\"Rule-HTML-Section\",\"RequestAppliesTo\":\"Data-Admin-Connect-MQListener\",\"RequestRuleName\":\"pzDisplayCollaboratorsList\"}" => HTTP 200 (105418 bytes)
[PegaHttpClient] 📡 POST https://zdk8budo.pegaacademy.net/prweb/api/CodeIntelligence/v1/rules/query?pxObjClass=Rule-HTML-Section&appliesTo=Data-Admin-Connect-MQListener&pyRuleName=pyCollaborator&RequestClass=Rule-HTML-Section&RequestAppliesTo=Data-Admin-Connect-MQListener&RequestRuleName=pyCollaborator Payload: "{\"RequestClass\":\"Rule-HTML-Section\",\"RequestAppliesTo\":\"Data-Admin-Connect-MQListener\",\"RequestRuleName\":\"pyCollaborator\"}" => HTTP 404 (121 bytes)
[PegaHttpClient] 📡 POST https://zdk8budo.pegaacademy.net/prweb/PRRestService/CodeIntelligence/v1/rules/query?pxObjClass=Rule-HTML-Section&appliesTo=Data-Admin-Connect-MQListener&pyRuleName=pyCollaborator&RequestClass=Rule-HTML-Section&RequestAppliesTo=Data-Admin-Connect-MQListener&RequestRuleName=pyCollaborator Payload: "{\"RequestClass\":\"Rule-HTML-Section\",\"RequestAppliesTo\":\"Data-Admin-Connect-MQListener\",\"RequestRuleName\":\"pyCollaborator\"}" => HTTP 404 (121 bytes)
[PegaHttpClient] 📡 POST https://zdk8budo.pegaacademy.net/prweb/api/HRAppsV2Service/V1/rules/query?pxObjClass=Rule-HTML-Section&appliesTo=Data-Admin-Connect-MQListener&pyRuleName=pyCollaborator&RequestClass=Rule-HTML-Section&RequestAppliesTo=Data-Admin-Connect-MQListener&RequestRuleName=pyCollaborator Payload: "{\"RequestClass\":\"Rule-HTML-Section\",\"RequestAppliesTo\":\"Data-Admin-Connect-MQListener\",\"RequestRuleName\":\"pyCollaborator\"}" => HTTP 404 (18 bytes)
[PegaHttpClient] 📡 POST https://zdk8budo.pegaacademy.net/prweb/PRRestService/HRAppsV2Service/V1/rules/query?pxObjClass=Rule-HTML-Section&appliesTo=Data-Admin-Connect-MQListener&pyRuleName=pyCollaborator&RequestClass=Rule-HTML-Section&RequestAppliesTo=Data-Admin-Connect-MQListener&RequestRuleName=pyCollaborator Payload: "{\"RequestClass\":\"Rule-HTML-Section\",\"RequestAppliesTo\":\"Data-Admin-Connect-MQListener\",\"RequestRuleName\":\"pyCollaborator\"}" => HTTP 404 (18 bytes)
[PegaHttpClient] 📡 POST https://zdk8budo.pegaacademy.net/prweb/api/HRAppsV2/V1/rules/query?pxObjClass=Rule-HTML-Section&appliesTo=Data-Admin-Connect-MQListener&pyRuleName=pyCollaborator&RequestClass=Rule-HTML-Section&RequestAppliesTo=Data-Admin-Connect-MQListener&RequestRuleName=pyCollaborator Payload: "{\"RequestClass\":\"Rule-HTML-Section\",\"RequestAppliesTo\":\"Data-Admin-Connect-MQListener\",\"RequestRuleName\":\"pyCollaborator\"}" => HTTP 404 (18 bytes)
[PegaHttpClient] 📡 POST https://zdk8budo.pegaacademy.net/prweb/PRRestService/HRAppsV2/V1/rules/query?pxObjClass=Rule-HTML-Section&appliesTo=Data-Admin-Connect-MQListener&pyRuleName=pyCollaborator&RequestClass=Rule-HTML-Section&RequestAppliesTo=Data-Admin-Connect-MQListener&RequestRuleName=pyCollaborator Payload: "{\"RequestClass\":\"Rule-HTML-Section\",\"RequestAppliesTo\":\"Data-Admin-Connect-MQListener\",\"RequestRuleName\":\"pyCollaborator\"}" => HTTP 404 (18 bytes)
[PegaHttpClient] 📡 POST https://zdk8budo.pegaacademy.net/prweb/api/v1/rules/query?pxObjClass=Rule-HTML-Section&appliesTo=Data-Admin-Connect-MQListener&pyRuleName=pyCollaborator&RequestClass=Rule-HTML-Section&RequestAppliesTo=Data-Admin-Connect-MQListener&RequestRuleName=pyCollaborator Payload: "{\"RequestClass\":\"Rule-HTML-Section\",\"RequestAppliesTo\":\"Data-Admin-Connect-MQListener\",\"RequestRuleName\":\"pyCollaborator\"}" => HTTP 404 (18 bytes)
[PegaHttpClient] 📡 POST https://zdk8budo.pegaacademy.net/prweb/PRRestService/v1/rules/query?pxObjClass=Rule-HTML-Section&appliesTo=Data-Admin-Connect-MQListener&pyRuleName=pyCollaborator&RequestClass=Rule-HTML-Section&RequestAppliesTo=Data-Admin-Connect-MQListener&RequestRuleName=pyCollaborator Payload: "{\"RequestClass\":\"Rule-HTML-Section\",\"RequestAppliesTo\":\"Data-Admin-Connect-MQListener\",\"RequestRuleName\":\"pyCollaborator\"}" => HTTP 404 (18 bytes)
[PegaHttpClient] 📡 POST https://zdk8budo.pegaacademy.net/prweb/api/CodeIntelligence/v1/rules/query?pxObjClass=Rule-HTML-Section&appliesTo=Data-Admin-Connect-MQListener&pyRuleName=pzDisplayPartialCount&RequestClass=Rule-HTML-Section&RequestAppliesTo=Data-Admin-Connect-MQListener&RequestRuleName=pzDisplayPartialCount Payload: "{\"RequestClass\":\"Rule-HTML-Section\",\"RequestAppliesTo\":\"Data-Admin-Connect-MQListener\",\"RequestRuleName\":\"pzDisplayPartialCount\"}" => HTTP 404 (128 bytes)
[PegaHttpClient] 📡 POST https://zdk8budo.pegaacademy.net/prweb/PRRestService/CodeIntelligence/v1/rules/query?pxObjClass=Rule-HTML-Section&appliesTo=Data-Admin-Connect-MQListener&pyRuleName=pzDisplayPartialCount&RequestClass=Rule-HTML-Section&RequestAppliesTo=Data-Admin-Connect-MQListener&RequestRuleName=pzDisplayPartialCount Payload: "{\"RequestClass\":\"Rule-HTML-Section\",\"RequestAppliesTo\":\"Data-Admin-Connect-MQListener\",\"RequestRuleName\":\"pzDisplayPartialCount\"}" => HTTP 404 (128 bytes)
[PegaHttpClient] 📡 POST https://zdk8budo.pegaacademy.net/prweb/api/HRAppsV2Service/V1/rules/query?pxObjClass=Rule-HTML-Section&appliesTo=Data-Admin-Connect-MQListener&pyRuleName=pzDisplayPartialCount&RequestClass=Rule-HTML-Section&RequestAppliesTo=Data-Admin-Connect-MQListener&RequestRuleName=pzDisplayPartialCount Payload: "{\"RequestClass\":\"Rule-HTML-Section\",\"RequestAppliesTo\":\"Data-Admin-Connect-MQListener\",\"RequestRuleName\":\"pzDisplayPartialCount\"}" => HTTP 404 (18 bytes)
[PegaHttpClient] 📡 POST https://zdk8budo.pegaacademy.net/prweb/PRRestService/HRAppsV2Service/V1/rules/query?pxObjClass=Rule-HTML-Section&appliesTo=Data-Admin-Connect-MQListener&pyRuleName=pzDisplayPartialCount&RequestClass=Rule-HTML-Section&RequestAppliesTo=Data-Admin-Connect-MQListener&RequestRuleName=pzDisplayPartialCount Payload: "{\"RequestClass\":\"Rule-HTML-Section\",\"RequestAppliesTo\":\"Data-Admin-Connect-MQListener\",\"RequestRuleName\":\"pzDisplayPartialCount\"}" => HTTP 404 (18 bytes)
[PegaHttpClient] 📡 POST https://zdk8budo.pegaacademy.net/prweb/api/HRAppsV2/V1/rules/query?pxObjClass=Rule-HTML-Section&appliesTo=Data-Admin-Connect-MQListener&pyRuleName=pzDisplayPartialCount&RequestClass=Rule-HTML-Section&RequestAppliesTo=Data-Admin-Connect-MQListener&RequestRuleName=pzDisplayPartialCount Payload: "{\"RequestClass\":\"Rule-HTML-Section\",\"RequestAppliesTo\":\"Data-Admin-Connect-MQListener\",\"RequestRuleName\":\"pzDisplayPartialCount\"}" => HTTP 404 (18 bytes)
[PegaHttpClient] 📡 POST https://zdk8budo.pegaacademy.net/prweb/PRRestService/HRAppsV2/V1/rules/query?pxObjClass=Rule-HTML-Section&appliesTo=Data-Admin-Connect-MQListener&pyRuleName=pzDisplayPartialCount&RequestClass=Rule-HTML-Section&RequestAppliesTo=Data-Admin-Connect-MQListener&RequestRuleName=pzDisplayPartialCount Payload: "{\"RequestClass\":\"Rule-HTML-Section\",\"RequestAppliesTo\":\"Data-Admin-Connect-MQListener\",\"RequestRuleName\":\"pzDisplayPartialCount\"}" => HTTP 404 (18 bytes)
[PegaHttpClient] 📡 POST https://zdk8budo.pegaacademy.net/prweb/api/v1/rules/query?pxObjClass=Rule-HTML-Section&appliesTo=Data-Admin-Connect-MQListener&pyRuleName=pzDisplayPartialCount&RequestClass=Rule-HTML-Section&RequestAppliesTo=Data-Admin-Connect-MQListener&RequestRuleName=pzDisplayPartialCount Payload: "{\"RequestClass\":\"Rule-HTML-Section\",\"RequestAppliesTo\":\"Data-Admin-Connect-MQListener\",\"RequestRuleName\":\"pzDisplayPartialCount\"}" => HTTP 404 (18 bytes)
[PegaHttpClient] 📡 POST https://zdk8budo.pegaacademy.net/prweb/PRRestService/v1/rules/query?pxObjClass=Rule-HTML-Section&appliesTo=Data-Admin-Connect-MQListener&pyRuleName=pzDisplayPartialCount&RequestClass=Rule-HTML-Section&RequestAppliesTo=Data-Admin-Connect-MQListener&RequestRuleName=pzDisplayPartialCount Payload: "{\"RequestClass\":\"Rule-HTML-Section\",\"RequestAppliesTo\":\"Data-Admin-Connect-MQListener\",\"RequestRuleName\":\"pzDisplayPartialCount\"}" => HTTP 404 (18 bytes)
[SchemaGen] ✅ Schema written for Data-Admin-Connect-MQListener
[PegaHttpClient] 📡 GET https://zdk8budo.pegaacademy.net/prweb/api/CodeIntelligence/v1/rules/RULE-HTML-HARNESS%20DATA-ADMIN-CONNECT-FILELISTENER%20RULEFORM%20%2320180713T133628.496%20GMT => HTTP 200 (24213 bytes)
[PegaHttpClient] 📡 POST https://zdk8budo.pegaacademy.net/prweb/api/CodeIntelligence/v1/rules/query?pxObjClass=Rule-HTML-Section&appliesTo=Data-Admin-Connect-FileListener&pyRuleName=RuleFormMain&RequestClass=Rule-HTML-Section&RequestAppliesTo=Data-Admin-Connect-FileListener&RequestRuleName=RuleFormMain Payload: "{\"RequestClass\":\"Rule-HTML-Section\",\"RequestAppliesTo\":\"Data-Admin-Connect-FileListener\",\"RequestRuleName\":\"RuleFormMain\"}" => HTTP 200 (156234 bytes)
[PegaHttpClient] 📡 POST https://zdk8budo.pegaacademy.net/prweb/api/CodeIntelligence/v1/rules/query?pxObjClass=Rule-HTML-Section&appliesTo=Data-Admin-Connect-FileListener&pyRuleName=pxAlternateRuleForm&RequestClass=Rule-HTML-Section&RequestAppliesTo=Data-Admin-Connect-FileListener&RequestRuleName=pxAlternateRuleForm Payload: "{\"RequestClass\":\"Rule-HTML-Section\",\"RequestAppliesTo\":\"Data-Admin-Connect-FileListener\",\"RequestRuleName\":\"pxAlternateRuleForm\"}" => HTTP 200 (66153 bytes)
[PegaHttpClient] 📡 POST https://zdk8budo.pegaacademy.net/prweb/api/CodeIntelligence/v1/rules/query?pxObjClass=Rule-HTML-Section&appliesTo=Data-Admin-Connect-FileListener&pyRuleName=pzRuleFormScripts&RequestClass=Rule-HTML-Section&RequestAppliesTo=Data-Admin-Connect-FileListener&RequestRuleName=pzRuleFormScripts Payload: "{\"RequestClass\":\"Rule-HTML-Section\",\"RequestAppliesTo\":\"Data-Admin-Connect-FileListener\",\"RequestRuleName\":\"pzRuleFormScripts\"}" => HTTP 200 (40822 bytes)
[PegaHttpClient] 📡 POST https://zdk8budo.pegaacademy.net/prweb/api/CodeIntelligence/v1/rules/query?pxObjClass=Rule-HTML-Section&appliesTo=Data-Admin-Connect-FileListener&pyRuleName=pzRuleFormLayoutDelegated&RequestClass=Rule-HTML-Section&RequestAppliesTo=Data-Admin-Connect-FileListener&RequestRuleName=pzRuleFormLayoutDelegated Payload: "{\"RequestClass\":\"Rule-HTML-Section\",\"RequestAppliesTo\":\"Data-Admin-Connect-FileListener\",\"RequestRuleName\":\"pzRuleFormLayoutDelegated\"}" => HTTP 200 (70998 bytes)
[PegaHttpClient] 📡 POST https://zdk8budo.pegaacademy.net/prweb/api/CodeIntelligence/v1/rules/query?pxObjClass=Rule-HTML-Section&appliesTo=Data-Admin-Connect-FileListener&pyRuleName=RuleFormLayout&RequestClass=Rule-HTML-Section&RequestAppliesTo=Data-Admin-Connect-FileListener&RequestRuleName=RuleFormLayout Payload: "{\"RequestClass\":\"Rule-HTML-Section\",\"RequestAppliesTo\":\"Data-Admin-Connect-FileListener\",\"RequestRuleName\":\"RuleFormLayout\"}" => HTTP 200 (55539 bytes)
[PegaHttpClient] 📡 POST https://zdk8budo.pegaacademy.net/prweb/api/CodeIntelligence/v1/rules/query?pxObjClass=Rule-HTML-Section&appliesTo=Data-Admin-Connect-FileListener&pyRuleName=RuleFormSettings&RequestClass=Rule-HTML-Section&RequestAppliesTo=Data-Admin-Connect-FileListener&RequestRuleName=RuleFormSettings Payload: "{\"RequestClass\":\"Rule-HTML-Section\",\"RequestAppliesTo\":\"Data-Admin-Connect-FileListener\",\"RequestRuleName\":\"RuleFormSettings\"}" => HTTP 200 (21582 bytes)
[PegaHttpClient] 📡 POST https://zdk8budo.pegaacademy.net/prweb/api/CodeIntelligence/v1/rules/query?pxObjClass=Rule-HTML-Section&appliesTo=Data-Admin-Connect-FileListener&pyRuleName=OpenAuthoring&RequestClass=Rule-HTML-Section&RequestAppliesTo=Data-Admin-Connect-FileListener&RequestRuleName=OpenAuthoring Payload: "{\"RequestClass\":\"Rule-HTML-Section\",\"RequestAppliesTo\":\"Data-Admin-Connect-FileListener\",\"RequestRuleName\":\"OpenAuthoring\"}" => HTTP 200 (20315 bytes)
[PegaHttpClient] 📡 POST https://zdk8budo.pegaacademy.net/prweb/api/CodeIntelligence/v1/rules/query?pxObjClass=Rule-HTML-Section&appliesTo=Data-Admin-Connect-FileListener&pyRuleName=pyCustomHelp&RequestClass=Rule-HTML-Section&RequestAppliesTo=Data-Admin-Connect-FileListener&RequestRuleName=pyCustomHelp Payload: "{\"RequestClass\":\"Rule-HTML-Section\",\"RequestAppliesTo\":\"Data-Admin-Connect-FileListener\",\"RequestRuleName\":\"pyCustomHelp\"}" => HTTP 200 (17256 bytes)
[PegaHttpClient] 📡 POST https://zdk8budo.pegaacademy.net/prweb/api/CodeIntelligence/v1/rules/query?pxObjClass=Rule-HTML-Section&appliesTo=Data-Admin-Connect-FileListener&pyRuleName=pzRuleformMainInclude&RequestClass=Rule-HTML-Section&RequestAppliesTo=Data-Admin-Connect-FileListener&RequestRuleName=pzRuleformMainInclude Payload: "{\"RequestClass\":\"Rule-HTML-Section\",\"RequestAppliesTo\":\"Data-Admin-Connect-FileListener\",\"RequestRuleName\":\"pzRuleformMainInclude\"}" => HTTP 200 (22375 bytes)
[PegaHttpClient] 📡 POST https://zdk8budo.pegaacademy.net/prweb/api/CodeIntelligence/v1/rules/query?pxObjClass=Rule-HTML-Section&appliesTo=Data-Admin-Connect-FileListener&pyRuleName=pyAlternativeRuleFormStrategicAppExtension&RequestClass=Rule-HTML-Section&RequestAppliesTo=Data-Admin-Connect-FileListener&RequestRuleName=pyAlternativeRuleFormStrategicAppExtension Payload: "{\"RequestClass\":\"Rule-HTML-Section\",\"RequestAppliesTo\":\"Data-Admin-Connect-FileListener\",\"RequestRuleName\":\"pyAlternativeRuleFormStrategicAppExtension\"}" => HTTP 200 (25042 bytes)
[PegaHttpClient] 📡 POST https://zdk8budo.pegaacademy.net/prweb/api/CodeIntelligence/v1/rules/query?pxObjClass=Rule-HTML-Section&appliesTo=Data-Admin-Connect-FileListener&pyRuleName=pyAlternativeRuleFormExtension&RequestClass=Rule-HTML-Section&RequestAppliesTo=Data-Admin-Connect-FileListener&RequestRuleName=pyAlternativeRuleFormExtension Payload: "{\"RequestClass\":\"Rule-HTML-Section\",\"RequestAppliesTo\":\"Data-Admin-Connect-FileListener\",\"RequestRuleName\":\"pyAlternativeRuleFormExtension\"}" => HTTP 200 (24863 bytes)
[PegaHttpClient] 📡 POST https://zdk8budo.pegaacademy.net/prweb/api/CodeIntelligence/v1/rules/query?pxObjClass=Rule-HTML-Section&appliesTo=Data-Admin-Connect-FileListener&pyRuleName=RuleFormHeader&RequestClass=Rule-HTML-Section&RequestAppliesTo=Data-Admin-Connect-FileListener&RequestRuleName=RuleFormHeader Payload: "{\"RequestClass\":\"Rule-HTML-Section\",\"RequestAppliesTo\":\"Data-Admin-Connect-FileListener\",\"RequestRuleName\":\"RuleFormHeader\"}" => HTTP 200 (183800 bytes)
[PegaHttpClient] 📡 POST https://zdk8budo.pegaacademy.net/prweb/api/CodeIntelligence/v1/rules/query?pxObjClass=Rule-HTML-Section&appliesTo=Data-Admin-Connect-FileListener&pyRuleName=pzDelegationExperience&RequestClass=Rule-HTML-Section&RequestAppliesTo=Data-Admin-Connect-FileListener&RequestRuleName=pzDelegationExperience Payload: "{\"RequestClass\":\"Rule-HTML-Section\",\"RequestAppliesTo\":\"Data-Admin-Connect-FileListener\",\"RequestRuleName\":\"pzDelegationExperience\"}" => HTTP 404 (131 bytes)
[PegaHttpClient] 📡 POST https://zdk8budo.pegaacademy.net/prweb/PRRestService/CodeIntelligence/v1/rules/query?pxObjClass=Rule-HTML-Section&appliesTo=Data-Admin-Connect-FileListener&pyRuleName=pzDelegationExperience&RequestClass=Rule-HTML-Section&RequestAppliesTo=Data-Admin-Connect-FileListener&RequestRuleName=pzDelegationExperience Payload: "{\"RequestClass\":\"Rule-HTML-Section\",\"RequestAppliesTo\":\"Data-Admin-Connect-FileListener\",\"RequestRuleName\":\"pzDelegationExperience\"}" => HTTP 404 (131 bytes)
[PegaHttpClient] 📡 POST https://zdk8budo.pegaacademy.net/prweb/api/HRAppsV2Service/V1/rules/query?pxObjClass=Rule-HTML-Section&appliesTo=Data-Admin-Connect-FileListener&pyRuleName=pzDelegationExperience&RequestClass=Rule-HTML-Section&RequestAppliesTo=Data-Admin-Connect-FileListener&RequestRuleName=pzDelegationExperience Payload: "{\"RequestClass\":\"Rule-HTML-Section\",\"RequestAppliesTo\":\"Data-Admin-Connect-FileListener\",\"RequestRuleName\":\"pzDelegationExperience\"}" => HTTP 404 (18 bytes)
[PegaHttpClient] 📡 POST https://zdk8budo.pegaacademy.net/prweb/PRRestService/HRAppsV2Service/V1/rules/query?pxObjClass=Rule-HTML-Section&appliesTo=Data-Admin-Connect-FileListener&pyRuleName=pzDelegationExperience&RequestClass=Rule-HTML-Section&RequestAppliesTo=Data-Admin-Connect-FileListener&RequestRuleName=pzDelegationExperience Payload: "{\"RequestClass\":\"Rule-HTML-Section\",\"RequestAppliesTo\":\"Data-Admin-Connect-FileListener\",\"RequestRuleName\":\"pzDelegationExperience\"}" => HTTP 404 (18 bytes)
[PegaHttpClient] 📡 POST https://zdk8budo.pegaacademy.net/prweb/api/HRAppsV2/V1/rules/query?pxObjClass=Rule-HTML-Section&appliesTo=Data-Admin-Connect-FileListener&pyRuleName=pzDelegationExperience&RequestClass=Rule-HTML-Section&RequestAppliesTo=Data-Admin-Connect-FileListener&RequestRuleName=pzDelegationExperience Payload: "{\"RequestClass\":\"Rule-HTML-Section\",\"RequestAppliesTo\":\"Data-Admin-Connect-FileListener\",\"RequestRuleName\":\"pzDelegationExperience\"}" => HTTP 404 (18 bytes)
[PegaHttpClient] 📡 POST https://zdk8budo.pegaacademy.net/prweb/PRRestService/HRAppsV2/V1/rules/query?pxObjClass=Rule-HTML-Section&appliesTo=Data-Admin-Connect-FileListener&pyRuleName=pzDelegationExperience&RequestClass=Rule-HTML-Section&RequestAppliesTo=Data-Admin-Connect-FileListener&RequestRuleName=pzDelegationExperience Payload: "{\"RequestClass\":\"Rule-HTML-Section\",\"RequestAppliesTo\":\"Data-Admin-Connect-FileListener\",\"RequestRuleName\":\"pzDelegationExperience\"}" => HTTP 404 (18 bytes)
[PegaHttpClient] 📡 POST https://zdk8budo.pegaacademy.net/prweb/api/v1/rules/query?pxObjClass=Rule-HTML-Section&appliesTo=Data-Admin-Connect-FileListener&pyRuleName=pzDelegationExperience&RequestClass=Rule-HTML-Section&RequestAppliesTo=Data-Admin-Connect-FileListener&RequestRuleName=pzDelegationExperience Payload: "{\"RequestClass\":\"Rule-HTML-Section\",\"RequestAppliesTo\":\"Data-Admin-Connect-FileListener\",\"RequestRuleName\":\"pzDelegationExperience\"}" => HTTP 404 (18 bytes)
[PegaHttpClient] 📡 POST https://zdk8budo.pegaacademy.net/prweb/PRRestService/v1/rules/query?pxObjClass=Rule-HTML-Section&appliesTo=Data-Admin-Connect-FileListener&pyRuleName=pzDelegationExperience&RequestClass=Rule-HTML-Section&RequestAppliesTo=Data-Admin-Connect-FileListener&RequestRuleName=pzDelegationExperience Payload: "{\"RequestClass\":\"Rule-HTML-Section\",\"RequestAppliesTo\":\"Data-Admin-Connect-FileListener\",\"RequestRuleName\":\"pzDelegationExperience\"}" => HTTP 404 (18 bytes)
[PegaHttpClient] 📡 POST https://zdk8budo.pegaacademy.net/prweb/api/CodeIntelligence/v1/rules/query?pxObjClass=Rule-HTML-Section&appliesTo=Data-Admin-Connect-FileListener&pyRuleName=Properties&RequestClass=Rule-HTML-Section&RequestAppliesTo=Data-Admin-Connect-FileListener&RequestRuleName=Properties Payload: "{\"RequestClass\":\"Rule-HTML-Section\",\"RequestAppliesTo\":\"Data-Admin-Connect-FileListener\",\"RequestRuleName\":\"Properties\"}" => HTTP 200 (37371 bytes)
[PegaHttpClient] 📡 POST https://zdk8budo.pegaacademy.net/prweb/api/CodeIntelligence/v1/rules/query?pxObjClass=Rule-HTML-Section&appliesTo=Data-Admin-Connect-FileListener&pyRuleName=Process&RequestClass=Rule-HTML-Section&RequestAppliesTo=Data-Admin-Connect-FileListener&RequestRuleName=Process Payload: "{\"RequestClass\":\"Rule-HTML-Section\",\"RequestAppliesTo\":\"Data-Admin-Connect-FileListener\",\"RequestRuleName\":\"Process\"}" => HTTP 200 (102235 bytes)
[PegaHttpClient] 📡 POST https://zdk8budo.pegaacademy.net/prweb/api/CodeIntelligence/v1/rules/query?pxObjClass=Rule-HTML-Section&appliesTo=Data-Admin-Connect-FileListener&pyRuleName=Error&RequestClass=Rule-HTML-Section&RequestAppliesTo=Data-Admin-Connect-FileListener&RequestRuleName=Error Payload: "{\"RequestClass\":\"Rule-HTML-Section\",\"RequestAppliesTo\":\"Data-Admin-Connect-FileListener\",\"RequestRuleName\":\"Error\"}" => HTTP 200 (41202 bytes)
[PegaHttpClient] 📡 POST https://zdk8budo.pegaacademy.net/prweb/api/CodeIntelligence/v1/rules/query?pxObjClass=Rule-HTML-Section&appliesTo=Data-Admin-Connect-FileListener&pyRuleName=RuleFormHistory&RequestClass=Rule-HTML-Section&RequestAppliesTo=Data-Admin-Connect-FileListener&RequestRuleName=RuleFormHistory Payload: "{\"RequestClass\":\"Rule-HTML-Section\",\"RequestAppliesTo\":\"Data-Admin-Connect-FileListener\",\"RequestRuleName\":\"RuleFormHistory\"}" => HTTP 200 (18043 bytes)
[PegaHttpClient] 📡 POST https://zdk8budo.pegaacademy.net/prweb/api/CodeIntelligence/v1/rules/query?pxObjClass=Rule-HTML-Section&appliesTo=Data-Admin-Connect-FileListener&pyRuleName=pzCustomHelp&RequestClass=Rule-HTML-Section&RequestAppliesTo=Data-Admin-Connect-FileListener&RequestRuleName=pzCustomHelp Payload: "{\"RequestClass\":\"Rule-HTML-Section\",\"RequestAppliesTo\":\"Data-Admin-Connect-FileListener\",\"RequestRuleName\":\"pzCustomHelp\"}" => HTTP 200 (31573 bytes)
[PegaHttpClient] 📡 POST https://zdk8budo.pegaacademy.net/prweb/api/CodeIntelligence/v1/rules/query?pxObjClass=Rule-HTML-Section&appliesTo=Data-Admin-Connect-FileListener&pyRuleName=pzRuleFormKeysAndDescription&RequestClass=Rule-HTML-Section&RequestAppliesTo=Data-Admin-Connect-FileListener&RequestRuleName=pzRuleFormKeysAndDescription Payload: "{\"RequestClass\":\"Rule-HTML-Section\",\"RequestAppliesTo\":\"Data-Admin-Connect-FileListener\",\"RequestRuleName\":\"pzRuleFormKeysAndDescription\"}" => HTTP 200 (218057 bytes)
[PegaHttpClient] 📡 POST https://zdk8budo.pegaacademy.net/prweb/api/CodeIntelligence/v1/rules/query?pxObjClass=Rule-HTML-Section&appliesTo=Data-Admin-Connect-FileListener&pyRuleName=pzRuleFormRuleset&RequestClass=Rule-HTML-Section&RequestAppliesTo=Data-Admin-Connect-FileListener&RequestRuleName=pzRuleFormRuleset Payload: "{\"RequestClass\":\"Rule-HTML-Section\",\"RequestAppliesTo\":\"Data-Admin-Connect-FileListener\",\"RequestRuleName\":\"pzRuleFormRuleset\"}" => HTTP 200 (29020 bytes)
[PegaHttpClient] 📡 POST https://zdk8budo.pegaacademy.net/prweb/api/CodeIntelligence/v1/rules/query?pxObjClass=Rule-HTML-Section&appliesTo=Data-Admin-Connect-FileListener&pyRuleName=undefined&RequestClass=Rule-HTML-Section&RequestAppliesTo=Data-Admin-Connect-FileListener&RequestRuleName=undefined Payload: "{\"RequestClass\":\"Rule-HTML-Section\",\"RequestAppliesTo\":\"Data-Admin-Connect-FileListener\",\"RequestRuleName\":\"undefined\"}" => HTTP 404 (118 bytes)
[PegaHttpClient] 📡 POST https://zdk8budo.pegaacademy.net/prweb/PRRestService/CodeIntelligence/v1/rules/query?pxObjClass=Rule-HTML-Section&appliesTo=Data-Admin-Connect-FileListener&pyRuleName=undefined&RequestClass=Rule-HTML-Section&RequestAppliesTo=Data-Admin-Connect-FileListener&RequestRuleName=undefined Payload: "{\"RequestClass\":\"Rule-HTML-Section\",\"RequestAppliesTo\":\"Data-Admin-Connect-FileListener\",\"RequestRuleName\":\"undefined\"}" => HTTP 404 (118 bytes)
[PegaHttpClient] 📡 POST https://zdk8budo.pegaacademy.net/prweb/api/HRAppsV2Service/V1/rules/query?pxObjClass=Rule-HTML-Section&appliesTo=Data-Admin-Connect-FileListener&pyRuleName=undefined&RequestClass=Rule-HTML-Section&RequestAppliesTo=Data-Admin-Connect-FileListener&RequestRuleName=undefined Payload: "{\"RequestClass\":\"Rule-HTML-Section\",\"RequestAppliesTo\":\"Data-Admin-Connect-FileListener\",\"RequestRuleName\":\"undefined\"}" => HTTP 404 (18 bytes)
[PegaHttpClient] 📡 POST https://zdk8budo.pegaacademy.net/prweb/PRRestService/HRAppsV2Service/V1/rules/query?pxObjClass=Rule-HTML-Section&appliesTo=Data-Admin-Connect-FileListener&pyRuleName=undefined&RequestClass=Rule-HTML-Section&RequestAppliesTo=Data-Admin-Connect-FileListener&RequestRuleName=undefined Payload: "{\"RequestClass\":\"Rule-HTML-Section\",\"RequestAppliesTo\":\"Data-Admin-Connect-FileListener\",\"RequestRuleName\":\"undefined\"}" => HTTP 404 (18 bytes)
[PegaHttpClient] 📡 POST https://zdk8budo.pegaacademy.net/prweb/api/HRAppsV2/V1/rules/query?pxObjClass=Rule-HTML-Section&appliesTo=Data-Admin-Connect-FileListener&pyRuleName=undefined&RequestClass=Rule-HTML-Section&RequestAppliesTo=Data-Admin-Connect-FileListener&RequestRuleName=undefined Payload: "{\"RequestClass\":\"Rule-HTML-Section\",\"RequestAppliesTo\":\"Data-Admin-Connect-FileListener\",\"RequestRuleName\":\"undefined\"}" => HTTP 404 (18 bytes)
[PegaHttpClient] 📡 POST https://zdk8budo.pegaacademy.net/prweb/PRRestService/HRAppsV2/V1/rules/query?pxObjClass=Rule-HTML-Section&appliesTo=Data-Admin-Connect-FileListener&pyRuleName=undefined&RequestClass=Rule-HTML-Section&RequestAppliesTo=Data-Admin-Connect-FileListener&RequestRuleName=undefined Payload: "{\"RequestClass\":\"Rule-HTML-Section\",\"RequestAppliesTo\":\"Data-Admin-Connect-FileListener\",\"RequestRuleName\":\"undefined\"}" => HTTP 404 (18 bytes)
[PegaHttpClient] 📡 POST https://zdk8budo.pegaacademy.net/prweb/api/v1/rules/query?pxObjClass=Rule-HTML-Section&appliesTo=Data-Admin-Connect-FileListener&pyRuleName=undefined&RequestClass=Rule-HTML-Section&RequestAppliesTo=Data-Admin-Connect-FileListener&RequestRuleName=undefined Payload: "{\"RequestClass\":\"Rule-HTML-Section\",\"RequestAppliesTo\":\"Data-Admin-Connect-FileListener\",\"RequestRuleName\":\"undefined\"}" => HTTP 404 (18 bytes)
[PegaHttpClient] 📡 POST https://zdk8budo.pegaacademy.net/prweb/PRRestService/v1/rules/query?pxObjClass=Rule-HTML-Section&appliesTo=Data-Admin-Connect-FileListener&pyRuleName=undefined&RequestClass=Rule-HTML-Section&RequestAppliesTo=Data-Admin-Connect-FileListener&RequestRuleName=undefined Payload: "{\"RequestClass\":\"Rule-HTML-Section\",\"RequestAppliesTo\":\"Data-Admin-Connect-FileListener\",\"RequestRuleName\":\"undefined\"}" => HTTP 404 (18 bytes)
[PegaHttpClient] 📡 POST https://zdk8budo.pegaacademy.net/prweb/api/CodeIntelligence/v1/rules/query?pxObjClass=Rule-HTML-Section&appliesTo=Data-Admin-Connect-FileListener&pyRuleName=pzRuleFormToolbar&RequestClass=Rule-HTML-Section&RequestAppliesTo=Data-Admin-Connect-FileListener&RequestRuleName=pzRuleFormToolbar Payload: "{\"RequestClass\":\"Rule-HTML-Section\",\"RequestAppliesTo\":\"Data-Admin-Connect-FileListener\",\"RequestRuleName\":\"pzRuleFormToolbar\"}" => HTTP 200 (242691 bytes)
[PegaHttpClient] 📡 POST https://zdk8budo.pegaacademy.net/prweb/api/CodeIntelligence/v1/rules/query?pxObjClass=Rule-HTML-Section&appliesTo=Data-Admin-Connect-FileListener&pyRuleName=pzRuleFormToolbarCompare&RequestClass=Rule-HTML-Section&RequestAppliesTo=Data-Admin-Connect-FileListener&RequestRuleName=pzRuleFormToolbarCompare Payload: "{\"RequestClass\":\"Rule-HTML-Section\",\"RequestAppliesTo\":\"Data-Admin-Connect-FileListener\",\"RequestRuleName\":\"pzRuleFormToolbarCompare\"}" => HTTP 200 (61925 bytes)
[PegaHttpClient] 📡 POST https://zdk8budo.pegaacademy.net/prweb/api/CodeIntelligence/v1/rules/query?pxObjClass=Rule-HTML-Section&appliesTo=Data-Admin-Connect-FileListener&pyRuleName=RuleFormHeaderMessages&RequestClass=Rule-HTML-Section&RequestAppliesTo=Data-Admin-Connect-FileListener&RequestRuleName=RuleFormHeaderMessages Payload: "{\"RequestClass\":\"Rule-HTML-Section\",\"RequestAppliesTo\":\"Data-Admin-Connect-FileListener\",\"RequestRuleName\":\"RuleFormHeaderMessages\"}" => HTTP 200 (26518 bytes)
[PegaHttpClient] 📡 POST https://zdk8budo.pegaacademy.net/prweb/api/CodeIntelligence/v1/rules/query?pxObjClass=Rule-HTML-Section&appliesTo=Data-Admin-Connect-FileListener&pyRuleName=pxProperties_SubSection&RequestClass=Rule-HTML-Section&RequestAppliesTo=Data-Admin-Connect-FileListener&RequestRuleName=pxProperties_SubSection Payload: "{\"RequestClass\":\"Rule-HTML-Section\",\"RequestAppliesTo\":\"Data-Admin-Connect-FileListener\",\"RequestRuleName\":\"pxProperties_SubSection\"}" => HTTP 200 (321552 bytes)
[PegaHttpClient] 📡 POST https://zdk8budo.pegaacademy.net/prweb/api/CodeIntelligence/v1/rules/query?pxObjClass=Rule-HTML-Section&appliesTo=Data-Admin-Connect-FileListener&pyRuleName=pxRequestorLogin&RequestClass=Rule-HTML-Section&RequestAppliesTo=Data-Admin-Connect-FileListener&RequestRuleName=pxRequestorLogin Payload: "{\"RequestClass\":\"Rule-HTML-Section\",\"RequestAppliesTo\":\"Data-Admin-Connect-FileListener\",\"RequestRuleName\":\"pxRequestorLogin\"}" => HTTP 200 (24618 bytes)
[PegaHttpClient] 📡 POST https://zdk8budo.pegaacademy.net/prweb/api/CodeIntelligence/v1/rules/query?pxObjClass=Rule-HTML-Section&appliesTo=Data-Admin-Connect-FileListener&pyRuleName=pxDiagnostics&RequestClass=Rule-HTML-Section&RequestAppliesTo=Data-Admin-Connect-FileListener&RequestRuleName=pxDiagnostics Payload: "{\"RequestClass\":\"Rule-HTML-Section\",\"RequestAppliesTo\":\"Data-Admin-Connect-FileListener\",\"RequestRuleName\":\"pxDiagnostics\"}" => HTTP 200 (24508 bytes)
[PegaHttpClient] 📡 POST https://zdk8budo.pegaacademy.net/prweb/api/CodeIntelligence/v1/rules/query?pxObjClass=Rule-HTML-Section&appliesTo=Data-Admin-Connect-FileListener&pyRuleName=pzRuleFormStatus&RequestClass=Rule-HTML-Section&RequestAppliesTo=Data-Admin-Connect-FileListener&RequestRuleName=pzRuleFormStatus Payload: "{\"RequestClass\":\"Rule-HTML-Section\",\"RequestAppliesTo\":\"Data-Admin-Connect-FileListener\",\"RequestRuleName\":\"pzRuleFormStatus\"}" => HTTP 200 (29579 bytes)
[PegaHttpClient] 📡 POST https://zdk8budo.pegaacademy.net/prweb/api/CodeIntelligence/v1/rules/query?pxObjClass=Rule-HTML-Section&appliesTo=Data-Admin-Connect-FileListener&pyRuleName=pzRuleFormHeaderCompareWithDropDown&RequestClass=Rule-HTML-Section&RequestAppliesTo=Data-Admin-Connect-FileListener&RequestRuleName=pzRuleFormHeaderCompareWithDropDown Payload: "{\"RequestClass\":\"Rule-HTML-Section\",\"RequestAppliesTo\":\"Data-Admin-Connect-FileListener\",\"RequestRuleName\":\"pzRuleFormHeaderCompareWithDropDown\"}" => HTTP 200 (25396 bytes)
[PegaHttpClient] 📡 POST https://zdk8budo.pegaacademy.net/prweb/api/CodeIntelligence/v1/rules/query?pxObjClass=Rule-HTML-Section&appliesTo=Data-Admin-Connect-FileListener&pyRuleName=undefined&RequestClass=Rule-HTML-Section&RequestAppliesTo=Data-Admin-Connect-FileListener&RequestRuleName=undefined Payload: "{\"RequestClass\":\"Rule-HTML-Section\",\"RequestAppliesTo\":\"Data-Admin-Connect-FileListener\",\"RequestRuleName\":\"undefined\"}" => HTTP 404 (118 bytes)
[PegaHttpClient] 📡 POST https://zdk8budo.pegaacademy.net/prweb/PRRestService/CodeIntelligence/v1/rules/query?pxObjClass=Rule-HTML-Section&appliesTo=Data-Admin-Connect-FileListener&pyRuleName=undefined&RequestClass=Rule-HTML-Section&RequestAppliesTo=Data-Admin-Connect-FileListener&RequestRuleName=undefined Payload: "{\"RequestClass\":\"Rule-HTML-Section\",\"RequestAppliesTo\":\"Data-Admin-Connect-FileListener\",\"RequestRuleName\":\"undefined\"}" => HTTP 404 (118 bytes)
[PegaHttpClient] 📡 POST https://zdk8budo.pegaacademy.net/prweb/api/HRAppsV2Service/V1/rules/query?pxObjClass=Rule-HTML-Section&appliesTo=Data-Admin-Connect-FileListener&pyRuleName=undefined&RequestClass=Rule-HTML-Section&RequestAppliesTo=Data-Admin-Connect-FileListener&RequestRuleName=undefined Payload: "{\"RequestClass\":\"Rule-HTML-Section\",\"RequestAppliesTo\":\"Data-Admin-Connect-FileListener\",\"RequestRuleName\":\"undefined\"}" => HTTP 404 (18 bytes)
[PegaHttpClient] 📡 POST https://zdk8budo.pegaacademy.net/prweb/PRRestService/HRAppsV2Service/V1/rules/query?pxObjClass=Rule-HTML-Section&appliesTo=Data-Admin-Connect-FileListener&pyRuleName=undefined&RequestClass=Rule-HTML-Section&RequestAppliesTo=Data-Admin-Connect-FileListener&RequestRuleName=undefined Payload: "{\"RequestClass\":\"Rule-HTML-Section\",\"RequestAppliesTo\":\"Data-Admin-Connect-FileListener\",\"RequestRuleName\":\"undefined\"}" => HTTP 404 (18 bytes)
[PegaHttpClient] 📡 POST https://zdk8budo.pegaacademy.net/prweb/api/HRAppsV2/V1/rules/query?pxObjClass=Rule-HTML-Section&appliesTo=Data-Admin-Connect-FileListener&pyRuleName=undefined&RequestClass=Rule-HTML-Section&RequestAppliesTo=Data-Admin-Connect-FileListener&RequestRuleName=undefined Payload: "{\"RequestClass\":\"Rule-HTML-Section\",\"RequestAppliesTo\":\"Data-Admin-Connect-FileListener\",\"RequestRuleName\":\"undefined\"}" => HTTP 404 (18 bytes)
[PegaHttpClient] 📡 POST https://zdk8budo.pegaacademy.net/prweb/PRRestService/HRAppsV2/V1/rules/query?pxObjClass=Rule-HTML-Section&appliesTo=Data-Admin-Connect-FileListener&pyRuleName=undefined&RequestClass=Rule-HTML-Section&RequestAppliesTo=Data-Admin-Connect-FileListener&RequestRuleName=undefined Payload: "{\"RequestClass\":\"Rule-HTML-Section\",\"RequestAppliesTo\":\"Data-Admin-Connect-FileListener\",\"RequestRuleName\":\"undefined\"}" => HTTP 404 (18 bytes)
[PegaHttpClient] 📡 POST https://zdk8budo.pegaacademy.net/prweb/api/v1/rules/query?pxObjClass=Rule-HTML-Section&appliesTo=Data-Admin-Connect-FileListener&pyRuleName=undefined&RequestClass=Rule-HTML-Section&RequestAppliesTo=Data-Admin-Connect-FileListener&RequestRuleName=undefined Payload: "{\"RequestClass\":\"Rule-HTML-Section\",\"RequestAppliesTo\":\"Data-Admin-Connect-FileListener\",\"RequestRuleName\":\"undefined\"}" => HTTP 404 (18 bytes)
[PegaHttpClient] 📡 POST https://zdk8budo.pegaacademy.net/prweb/PRRestService/v1/rules/query?pxObjClass=Rule-HTML-Section&appliesTo=Data-Admin-Connect-FileListener&pyRuleName=undefined&RequestClass=Rule-HTML-Section&RequestAppliesTo=Data-Admin-Connect-FileListener&RequestRuleName=undefined Payload: "{\"RequestClass\":\"Rule-HTML-Section\",\"RequestAppliesTo\":\"Data-Admin-Connect-FileListener\",\"RequestRuleName\":\"undefined\"}" => HTTP 404 (18 bytes)
[PegaHttpClient] 📡 POST https://zdk8budo.pegaacademy.net/prweb/api/CodeIntelligence/v1/rules/query?pxObjClass=Rule-HTML-Section&appliesTo=Data-Admin-Connect-FileListener&pyRuleName=pzRuleFormToolbarHotKeys&RequestClass=Rule-HTML-Section&RequestAppliesTo=Data-Admin-Connect-FileListener&RequestRuleName=pzRuleFormToolbarHotKeys Payload: "{\"RequestClass\":\"Rule-HTML-Section\",\"RequestAppliesTo\":\"Data-Admin-Connect-FileListener\",\"RequestRuleName\":\"pzRuleFormToolbarHotKeys\"}" => HTTP 200 (85058 bytes)
[PegaHttpClient] 📡 POST https://zdk8budo.pegaacademy.net/prweb/api/CodeIntelligence/v1/rules/query?pxObjClass=Rule-HTML-Section&appliesTo=Data-Admin-Connect-FileListener&pyRuleName=pzRuleFormToolbarLockedIcon&RequestClass=Rule-HTML-Section&RequestAppliesTo=Data-Admin-Connect-FileListener&RequestRuleName=pzRuleFormToolbarLockedIcon Payload: "{\"RequestClass\":\"Rule-HTML-Section\",\"RequestAppliesTo\":\"Data-Admin-Connect-FileListener\",\"RequestRuleName\":\"pzRuleFormToolbarLockedIcon\"}" => HTTP 200 (19111 bytes)
[PegaHttpClient] 📡 POST https://zdk8budo.pegaacademy.net/prweb/api/CodeIntelligence/v1/rules/query?pxObjClass=Rule-HTML-Section&appliesTo=Data-Admin-Connect-FileListener&pyRuleName=pzRuleFormToolbarCollaborators&RequestClass=Rule-HTML-Section&RequestAppliesTo=Data-Admin-Connect-FileListener&RequestRuleName=pzRuleFormToolbarCollaborators Payload: "{\"RequestClass\":\"Rule-HTML-Section\",\"RequestAppliesTo\":\"Data-Admin-Connect-FileListener\",\"RequestRuleName\":\"pzRuleFormToolbarCollaborators\"}" => HTTP 200 (15254 bytes)
[PegaHttpClient] 📡 POST https://zdk8budo.pegaacademy.net/prweb/api/CodeIntelligence/v1/rules/query?pxObjClass=Rule-HTML-Section&appliesTo=Data-Admin-Connect-FileListener&pyRuleName=pzRuleFormToolbarSaveAs&RequestClass=Rule-HTML-Section&RequestAppliesTo=Data-Admin-Connect-FileListener&RequestRuleName=pzRuleFormToolbarSaveAs Payload: "{\"RequestClass\":\"Rule-HTML-Section\",\"RequestAppliesTo\":\"Data-Admin-Connect-FileListener\",\"RequestRuleName\":\"pzRuleFormToolbarSaveAs\"}" => HTTP 200 (64084 bytes)
[PegaHttpClient] 📡 POST https://zdk8budo.pegaacademy.net/prweb/api/CodeIntelligence/v1/rules/query?pxObjClass=Rule-HTML-Section&appliesTo=Data-Admin-Connect-FileListener&pyRuleName=pzRuleFormToolbarCheckin&RequestClass=Rule-HTML-Section&RequestAppliesTo=Data-Admin-Connect-FileListener&RequestRuleName=pzRuleFormToolbarCheckin Payload: "{\"RequestClass\":\"Rule-HTML-Section\",\"RequestAppliesTo\":\"Data-Admin-Connect-FileListener\",\"RequestRuleName\":\"pzRuleFormToolbarCheckin\"}" => HTTP 200 (15601 bytes)
[PegaHttpClient] 📡 POST https://zdk8budo.pegaacademy.net/prweb/api/CodeIntelligence/v1/rules/query?pxObjClass=Rule-HTML-Section&appliesTo=Data-Admin-Connect-FileListener&pyRuleName=pzRuleFormToolbarDelete&RequestClass=Rule-HTML-Section&RequestAppliesTo=Data-Admin-Connect-FileListener&RequestRuleName=pzRuleFormToolbarDelete Payload: "{\"RequestClass\":\"Rule-HTML-Section\",\"RequestAppliesTo\":\"Data-Admin-Connect-FileListener\",\"RequestRuleName\":\"pzRuleFormToolbarDelete\"}" => HTTP 200 (30249 bytes)
[PegaHttpClient] 📡 POST https://zdk8budo.pegaacademy.net/prweb/api/CodeIntelligence/v1/rules/query?pxObjClass=Rule-HTML-Section&appliesTo=Data-Admin-Connect-FileListener&pyRuleName=pzRuleFormToolbarSave&RequestClass=Rule-HTML-Section&RequestAppliesTo=Data-Admin-Connect-FileListener&RequestRuleName=pzRuleFormToolbarSave Payload: "{\"RequestClass\":\"Rule-HTML-Section\",\"RequestAppliesTo\":\"Data-Admin-Connect-FileListener\",\"RequestRuleName\":\"pzRuleFormToolbarSave\"}" => HTTP 200 (293885 bytes)
[PegaHttpClient] 📡 POST https://zdk8budo.pegaacademy.net/prweb/api/CodeIntelligence/v1/rules/query?pxObjClass=Rule-HTML-Section&appliesTo=Data-Admin-Connect-FileListener&pyRuleName=pzRuleFormToolbarCheckout&RequestClass=Rule-HTML-Section&RequestAppliesTo=Data-Admin-Connect-FileListener&RequestRuleName=pzRuleFormToolbarCheckout Payload: "{\"RequestClass\":\"Rule-HTML-Section\",\"RequestAppliesTo\":\"Data-Admin-Connect-FileListener\",\"RequestRuleName\":\"pzRuleFormToolbarCheckout\"}" => HTTP 200 (14854 bytes)
[PegaHttpClient] 📡 POST https://zdk8budo.pegaacademy.net/prweb/api/CodeIntelligence/v1/rules/query?pxObjClass=Rule-HTML-Section&appliesTo=Data-Admin-Connect-FileListener&pyRuleName=pzRemoveErrorsDataPage&RequestClass=Rule-HTML-Section&RequestAppliesTo=Data-Admin-Connect-FileListener&RequestRuleName=pzRemoveErrorsDataPage Payload: "{\"RequestClass\":\"Rule-HTML-Section\",\"RequestAppliesTo\":\"Data-Admin-Connect-FileListener\",\"RequestRuleName\":\"pzRemoveErrorsDataPage\"}" => HTTP 200 (16733 bytes)
[PegaHttpClient] 📡 POST https://zdk8budo.pegaacademy.net/prweb/api/CodeIntelligence/v1/rules/query?pxObjClass=Rule-HTML-Section&appliesTo=Data-Admin-Connect-FileListener&pyRuleName=pzRuleFormHeaderMessagesWrapper&RequestClass=Rule-HTML-Section&RequestAppliesTo=Data-Admin-Connect-FileListener&RequestRuleName=pzRuleFormHeaderMessagesWrapper Payload: "{\"RequestClass\":\"Rule-HTML-Section\",\"RequestAppliesTo\":\"Data-Admin-Connect-FileListener\",\"RequestRuleName\":\"pzRuleFormHeaderMessagesWrapper\"}" => HTTP 200 (16981 bytes)
[PegaHttpClient] 📡 POST https://zdk8budo.pegaacademy.net/prweb/api/CodeIntelligence/v1/rules/query?pxObjClass=Rule-HTML-Section&appliesTo=Data-Admin-Connect-FileListener&pyRuleName=pxStartup&RequestClass=Rule-HTML-Section&RequestAppliesTo=Data-Admin-Connect-FileListener&RequestRuleName=pxStartup Payload: "{\"RequestClass\":\"Rule-HTML-Section\",\"RequestAppliesTo\":\"Data-Admin-Connect-FileListener\",\"RequestRuleName\":\"pxStartup\"}" => HTTP 200 (236657 bytes)
[PegaHttpClient] 📡 POST https://zdk8budo.pegaacademy.net/prweb/api/CodeIntelligence/v1/rules/query?pxObjClass=Rule-HTML-Section&appliesTo=Data-Admin-Connect-FileListener&pyRuleName=pzSourceProperties&RequestClass=Rule-HTML-Section&RequestAppliesTo=Data-Admin-Connect-FileListener&RequestRuleName=pzSourceProperties Payload: "{\"RequestClass\":\"Rule-HTML-Section\",\"RequestAppliesTo\":\"Data-Admin-Connect-FileListener\",\"RequestRuleName\":\"pzSourceProperties\"}" => HTTP 200 (67999 bytes)
[PegaHttpClient] 📡 POST https://zdk8budo.pegaacademy.net/prweb/api/CodeIntelligence/v1/rules/query?pxObjClass=Rule-HTML-Section&appliesTo=Data-Admin-Connect-FileListener&pyRuleName=pxDisplayCollaborators&RequestClass=Rule-HTML-Section&RequestAppliesTo=Data-Admin-Connect-FileListener&RequestRuleName=pxDisplayCollaborators Payload: "{\"RequestClass\":\"Rule-HTML-Section\",\"RequestAppliesTo\":\"Data-Admin-Connect-FileListener\",\"RequestRuleName\":\"pxDisplayCollaborators\"}" => HTTP 200 (94171 bytes)
[PegaHttpClient] 📡 POST https://zdk8budo.pegaacademy.net/prweb/api/CodeIntelligence/v1/rules/query?pxObjClass=Rule-HTML-Section&appliesTo=Data-Admin-Connect-FileListener&pyRuleName=pzRuleFormToolbarDeleteCheckOut&RequestClass=Rule-HTML-Section&RequestAppliesTo=Data-Admin-Connect-FileListener&RequestRuleName=pzRuleFormToolbarDeleteCheckOut Payload: "{\"RequestClass\":\"Rule-HTML-Section\",\"RequestAppliesTo\":\"Data-Admin-Connect-FileListener\",\"RequestRuleName\":\"pzRuleFormToolbarDeleteCheckOut\"}" => HTTP 404 (140 bytes)
[PegaHttpClient] 📡 POST https://zdk8budo.pegaacademy.net/prweb/PRRestService/CodeIntelligence/v1/rules/query?pxObjClass=Rule-HTML-Section&appliesTo=Data-Admin-Connect-FileListener&pyRuleName=pzRuleFormToolbarDeleteCheckOut&RequestClass=Rule-HTML-Section&RequestAppliesTo=Data-Admin-Connect-FileListener&RequestRuleName=pzRuleFormToolbarDeleteCheckOut Payload: "{\"RequestClass\":\"Rule-HTML-Section\",\"RequestAppliesTo\":\"Data-Admin-Connect-FileListener\",\"RequestRuleName\":\"pzRuleFormToolbarDeleteCheckOut\"}" => HTTP 404 (140 bytes)
[PegaHttpClient] 📡 POST https://zdk8budo.pegaacademy.net/prweb/api/HRAppsV2Service/V1/rules/query?pxObjClass=Rule-HTML-Section&appliesTo=Data-Admin-Connect-FileListener&pyRuleName=pzRuleFormToolbarDeleteCheckOut&RequestClass=Rule-HTML-Section&RequestAppliesTo=Data-Admin-Connect-FileListener&RequestRuleName=pzRuleFormToolbarDeleteCheckOut Payload: "{\"RequestClass\":\"Rule-HTML-Section\",\"RequestAppliesTo\":\"Data-Admin-Connect-FileListener\",\"RequestRuleName\":\"pzRuleFormToolbarDeleteCheckOut\"}" => HTTP 404 (18 bytes)
[PegaHttpClient] 📡 POST https://zdk8budo.pegaacademy.net/prweb/PRRestService/HRAppsV2Service/V1/rules/query?pxObjClass=Rule-HTML-Section&appliesTo=Data-Admin-Connect-FileListener&pyRuleName=pzRuleFormToolbarDeleteCheckOut&RequestClass=Rule-HTML-Section&RequestAppliesTo=Data-Admin-Connect-FileListener&RequestRuleName=pzRuleFormToolbarDeleteCheckOut Payload: "{\"RequestClass\":\"Rule-HTML-Section\",\"RequestAppliesTo\":\"Data-Admin-Connect-FileListener\",\"RequestRuleName\":\"pzRuleFormToolbarDeleteCheckOut\"}" => HTTP 404 (18 bytes)
[PegaHttpClient] 📡 POST https://zdk8budo.pegaacademy.net/prweb/api/HRAppsV2/V1/rules/query?pxObjClass=Rule-HTML-Section&appliesTo=Data-Admin-Connect-FileListener&pyRuleName=pzRuleFormToolbarDeleteCheckOut&RequestClass=Rule-HTML-Section&RequestAppliesTo=Data-Admin-Connect-FileListener&RequestRuleName=pzRuleFormToolbarDeleteCheckOut Payload: "{\"RequestClass\":\"Rule-HTML-Section\",\"RequestAppliesTo\":\"Data-Admin-Connect-FileListener\",\"RequestRuleName\":\"pzRuleFormToolbarDeleteCheckOut\"}" => HTTP 404 (18 bytes)
[PegaHttpClient] 📡 POST https://zdk8budo.pegaacademy.net/prweb/PRRestService/HRAppsV2/V1/rules/query?pxObjClass=Rule-HTML-Section&appliesTo=Data-Admin-Connect-FileListener&pyRuleName=pzRuleFormToolbarDeleteCheckOut&RequestClass=Rule-HTML-Section&RequestAppliesTo=Data-Admin-Connect-FileListener&RequestRuleName=pzRuleFormToolbarDeleteCheckOut Payload: "{\"RequestClass\":\"Rule-HTML-Section\",\"RequestAppliesTo\":\"Data-Admin-Connect-FileListener\",\"RequestRuleName\":\"pzRuleFormToolbarDeleteCheckOut\"}" => HTTP 404 (18 bytes)
[PegaHttpClient] 📡 POST https://zdk8budo.pegaacademy.net/prweb/api/v1/rules/query?pxObjClass=Rule-HTML-Section&appliesTo=Data-Admin-Connect-FileListener&pyRuleName=pzRuleFormToolbarDeleteCheckOut&RequestClass=Rule-HTML-Section&RequestAppliesTo=Data-Admin-Connect-FileListener&RequestRuleName=pzRuleFormToolbarDeleteCheckOut Payload: "{\"RequestClass\":\"Rule-HTML-Section\",\"RequestAppliesTo\":\"Data-Admin-Connect-FileListener\",\"RequestRuleName\":\"pzRuleFormToolbarDeleteCheckOut\"}" => HTTP 404 (18 bytes)
[PegaHttpClient] 📡 POST https://zdk8budo.pegaacademy.net/prweb/PRRestService/v1/rules/query?pxObjClass=Rule-HTML-Section&appliesTo=Data-Admin-Connect-FileListener&pyRuleName=pzRuleFormToolbarDeleteCheckOut&RequestClass=Rule-HTML-Section&RequestAppliesTo=Data-Admin-Connect-FileListener&RequestRuleName=pzRuleFormToolbarDeleteCheckOut Payload: "{\"RequestClass\":\"Rule-HTML-Section\",\"RequestAppliesTo\":\"Data-Admin-Connect-FileListener\",\"RequestRuleName\":\"pzRuleFormToolbarDeleteCheckOut\"}" => HTTP 404 (18 bytes)
[PegaHttpClient] 📡 POST https://zdk8budo.pegaacademy.net/prweb/api/CodeIntelligence/v1/rules/query?pxObjClass=Rule-HTML-Section&appliesTo=Data-Admin-Connect-FileListener&pyRuleName=pzRuleFormToolbarDeleteRule&RequestClass=Rule-HTML-Section&RequestAppliesTo=Data-Admin-Connect-FileListener&RequestRuleName=pzRuleFormToolbarDeleteRule Payload: "{\"RequestClass\":\"Rule-HTML-Section\",\"RequestAppliesTo\":\"Data-Admin-Connect-FileListener\",\"RequestRuleName\":\"pzRuleFormToolbarDeleteRule\"}" => HTTP 200 (32314 bytes)
[PegaHttpClient] 📡 POST https://zdk8budo.pegaacademy.net/prweb/api/CodeIntelligence/v1/rules/query?pxObjClass=Rule-HTML-Section&appliesTo=Data-Admin-Connect-FileListener&pyRuleName=pzLoadCollaborationScripts&RequestClass=Rule-HTML-Section&RequestAppliesTo=Data-Admin-Connect-FileListener&RequestRuleName=pzLoadCollaborationScripts Payload: "{\"RequestClass\":\"Rule-HTML-Section\",\"RequestAppliesTo\":\"Data-Admin-Connect-FileListener\",\"RequestRuleName\":\"pzLoadCollaborationScripts\"}" => HTTP 200 (23453 bytes)
[PegaHttpClient] 📡 POST https://zdk8budo.pegaacademy.net/prweb/api/CodeIntelligence/v1/rules/query?pxObjClass=Rule-HTML-Section&appliesTo=Data-Admin-Connect-FileListener&pyRuleName=pzDisplayCollaboratorsList&RequestClass=Rule-HTML-Section&RequestAppliesTo=Data-Admin-Connect-FileListener&RequestRuleName=pzDisplayCollaboratorsList Payload: "{\"RequestClass\":\"Rule-HTML-Section\",\"RequestAppliesTo\":\"Data-Admin-Connect-FileListener\",\"RequestRuleName\":\"pzDisplayCollaboratorsList\"}" => HTTP 200 (105418 bytes)
[PegaHttpClient] 📡 POST https://zdk8budo.pegaacademy.net/prweb/api/CodeIntelligence/v1/rules/query?pxObjClass=Rule-HTML-Section&appliesTo=Data-Admin-Connect-FileListener&pyRuleName=pyCollaborator&RequestClass=Rule-HTML-Section&RequestAppliesTo=Data-Admin-Connect-FileListener&RequestRuleName=pyCollaborator Payload: "{\"RequestClass\":\"Rule-HTML-Section\",\"RequestAppliesTo\":\"Data-Admin-Connect-FileListener\",\"RequestRuleName\":\"pyCollaborator\"}" => HTTP 404 (123 bytes)
[PegaHttpClient] 📡 POST https://zdk8budo.pegaacademy.net/prweb/PRRestService/CodeIntelligence/v1/rules/query?pxObjClass=Rule-HTML-Section&appliesTo=Data-Admin-Connect-FileListener&pyRuleName=pyCollaborator&RequestClass=Rule-HTML-Section&RequestAppliesTo=Data-Admin-Connect-FileListener&RequestRuleName=pyCollaborator Payload: "{\"RequestClass\":\"Rule-HTML-Section\",\"RequestAppliesTo\":\"Data-Admin-Connect-FileListener\",\"RequestRuleName\":\"pyCollaborator\"}" => HTTP 404 (123 bytes)
[PegaHttpClient] 📡 POST https://zdk8budo.pegaacademy.net/prweb/api/HRAppsV2Service/V1/rules/query?pxObjClass=Rule-HTML-Section&appliesTo=Data-Admin-Connect-FileListener&pyRuleName=pyCollaborator&RequestClass=Rule-HTML-Section&RequestAppliesTo=Data-Admin-Connect-FileListener&RequestRuleName=pyCollaborator Payload: "{\"RequestClass\":\"Rule-HTML-Section\",\"RequestAppliesTo\":\"Data-Admin-Connect-FileListener\",\"RequestRuleName\":\"pyCollaborator\"}" => HTTP 404 (18 bytes)
[PegaHttpClient] 📡 POST https://zdk8budo.pegaacademy.net/prweb/PRRestService/HRAppsV2Service/V1/rules/query?pxObjClass=Rule-HTML-Section&appliesTo=Data-Admin-Connect-FileListener&pyRuleName=pyCollaborator&RequestClass=Rule-HTML-Section&RequestAppliesTo=Data-Admin-Connect-FileListener&RequestRuleName=pyCollaborator Payload: "{\"RequestClass\":\"Rule-HTML-Section\",\"RequestAppliesTo\":\"Data-Admin-Connect-FileListener\",\"RequestRuleName\":\"pyCollaborator\"}" => HTTP 404 (18 bytes)
[PegaHttpClient] 📡 POST https://zdk8budo.pegaacademy.net/prweb/api/HRAppsV2/V1/rules/query?pxObjClass=Rule-HTML-Section&appliesTo=Data-Admin-Connect-FileListener&pyRuleName=pyCollaborator&RequestClass=Rule-HTML-Section&RequestAppliesTo=Data-Admin-Connect-FileListener&RequestRuleName=pyCollaborator Payload: "{\"RequestClass\":\"Rule-HTML-Section\",\"RequestAppliesTo\":\"Data-Admin-Connect-FileListener\",\"RequestRuleName\":\"pyCollaborator\"}" => HTTP 404 (18 bytes)
[PegaHttpClient] 📡 POST https://zdk8budo.pegaacademy.net/prweb/PRRestService/HRAppsV2/V1/rules/query?pxObjClass=Rule-HTML-Section&appliesTo=Data-Admin-Connect-FileListener&pyRuleName=pyCollaborator&RequestClass=Rule-HTML-Section&RequestAppliesTo=Data-Admin-Connect-FileListener&RequestRuleName=pyCollaborator Payload: "{\"RequestClass\":\"Rule-HTML-Section\",\"RequestAppliesTo\":\"Data-Admin-Connect-FileListener\",\"RequestRuleName\":\"pyCollaborator\"}" => HTTP 404 (18 bytes)
[PegaHttpClient] 📡 POST https://zdk8budo.pegaacademy.net/prweb/api/v1/rules/query?pxObjClass=Rule-HTML-Section&appliesTo=Data-Admin-Connect-FileListener&pyRuleName=pyCollaborator&RequestClass=Rule-HTML-Section&RequestAppliesTo=Data-Admin-Connect-FileListener&RequestRuleName=pyCollaborator Payload: "{\"RequestClass\":\"Rule-HTML-Section\",\"RequestAppliesTo\":\"Data-Admin-Connect-FileListener\",\"RequestRuleName\":\"pyCollaborator\"}" => HTTP 404 (18 bytes)
[PegaHttpClient] 📡 POST https://zdk8budo.pegaacademy.net/prweb/PRRestService/v1/rules/query?pxObjClass=Rule-HTML-Section&appliesTo=Data-Admin-Connect-FileListener&pyRuleName=pyCollaborator&RequestClass=Rule-HTML-Section&RequestAppliesTo=Data-Admin-Connect-FileListener&RequestRuleName=pyCollaborator Payload: "{\"RequestClass\":\"Rule-HTML-Section\",\"RequestAppliesTo\":\"Data-Admin-Connect-FileListener\",\"RequestRuleName\":\"pyCollaborator\"}" => HTTP 404 (18 bytes)
[PegaHttpClient] 📡 POST https://zdk8budo.pegaacademy.net/prweb/api/CodeIntelligence/v1/rules/query?pxObjClass=Rule-HTML-Section&appliesTo=Data-Admin-Connect-FileListener&pyRuleName=pzDisplayPartialCount&RequestClass=Rule-HTML-Section&RequestAppliesTo=Data-Admin-Connect-FileListener&RequestRuleName=pzDisplayPartialCount Payload: "{\"RequestClass\":\"Rule-HTML-Section\",\"RequestAppliesTo\":\"Data-Admin-Connect-FileListener\",\"RequestRuleName\":\"pzDisplayPartialCount\"}" => HTTP 404 (130 bytes)
[PegaHttpClient] 📡 POST https://zdk8budo.pegaacademy.net/prweb/PRRestService/CodeIntelligence/v1/rules/query?pxObjClass=Rule-HTML-Section&appliesTo=Data-Admin-Connect-FileListener&pyRuleName=pzDisplayPartialCount&RequestClass=Rule-HTML-Section&RequestAppliesTo=Data-Admin-Connect-FileListener&RequestRuleName=pzDisplayPartialCount Payload: "{\"RequestClass\":\"Rule-HTML-Section\",\"RequestAppliesTo\":\"Data-Admin-Connect-FileListener\",\"RequestRuleName\":\"pzDisplayPartialCount\"}" => HTTP 404 (130 bytes)
[PegaHttpClient] 📡 POST https://zdk8budo.pegaacademy.net/prweb/api/HRAppsV2Service/V1/rules/query?pxObjClass=Rule-HTML-Section&appliesTo=Data-Admin-Connect-FileListener&pyRuleName=pzDisplayPartialCount&RequestClass=Rule-HTML-Section&RequestAppliesTo=Data-Admin-Connect-FileListener&RequestRuleName=pzDisplayPartialCount Payload: "{\"RequestClass\":\"Rule-HTML-Section\",\"RequestAppliesTo\":\"Data-Admin-Connect-FileListener\",\"RequestRuleName\":\"pzDisplayPartialCount\"}" => HTTP 404 (18 bytes)
[PegaHttpClient] 📡 POST https://zdk8budo.pegaacademy.net/prweb/PRRestService/HRAppsV2Service/V1/rules/query?pxObjClass=Rule-HTML-Section&appliesTo=Data-Admin-Connect-FileListener&pyRuleName=pzDisplayPartialCount&RequestClass=Rule-HTML-Section&RequestAppliesTo=Data-Admin-Connect-FileListener&RequestRuleName=pzDisplayPartialCount Payload: "{\"RequestClass\":\"Rule-HTML-Section\",\"RequestAppliesTo\":\"Data-Admin-Connect-FileListener\",\"RequestRuleName\":\"pzDisplayPartialCount\"}" => HTTP 404 (18 bytes)
[PegaHttpClient] 📡 POST https://zdk8budo.pegaacademy.net/prweb/api/HRAppsV2/V1/rules/query?pxObjClass=Rule-HTML-Section&appliesTo=Data-Admin-Connect-FileListener&pyRuleName=pzDisplayPartialCount&RequestClass=Rule-HTML-Section&RequestAppliesTo=Data-Admin-Connect-FileListener&RequestRuleName=pzDisplayPartialCount Payload: "{\"RequestClass\":\"Rule-HTML-Section\",\"RequestAppliesTo\":\"Data-Admin-Connect-FileListener\",\"RequestRuleName\":\"pzDisplayPartialCount\"}" => HTTP 404 (18 bytes)
[PegaHttpClient] 📡 POST https://zdk8budo.pegaacademy.net/prweb/PRRestService/HRAppsV2/V1/rules/query?pxObjClass=Rule-HTML-Section&appliesTo=Data-Admin-Connect-FileListener&pyRuleName=pzDisplayPartialCount&RequestClass=Rule-HTML-Section&RequestAppliesTo=Data-Admin-Connect-FileListener&RequestRuleName=pzDisplayPartialCount Payload: "{\"RequestClass\":\"Rule-HTML-Section\",\"RequestAppliesTo\":\"Data-Admin-Connect-FileListener\",\"RequestRuleName\":\"pzDisplayPartialCount\"}" => HTTP 404 (18 bytes)
[PegaHttpClient] 📡 POST https://zdk8budo.pegaacademy.net/prweb/api/v1/rules/query?pxObjClass=Rule-HTML-Section&appliesTo=Data-Admin-Connect-FileListener&pyRuleName=pzDisplayPartialCount&RequestClass=Rule-HTML-Section&RequestAppliesTo=Data-Admin-Connect-FileListener&RequestRuleName=pzDisplayPartialCount Payload: "{\"RequestClass\":\"Rule-HTML-Section\",\"RequestAppliesTo\":\"Data-Admin-Connect-FileListener\",\"RequestRuleName\":\"pzDisplayPartialCount\"}" => HTTP 404 (18 bytes)
[PegaHttpClient] 📡 POST https://zdk8budo.pegaacademy.net/prweb/PRRestService/v1/rules/query?pxObjClass=Rule-HTML-Section&appliesTo=Data-Admin-Connect-FileListener&pyRuleName=pzDisplayPartialCount&RequestClass=Rule-HTML-Section&RequestAppliesTo=Data-Admin-Connect-FileListener&RequestRuleName=pzDisplayPartialCount Payload: "{\"RequestClass\":\"Rule-HTML-Section\",\"RequestAppliesTo\":\"Data-Admin-Connect-FileListener\",\"RequestRuleName\":\"pzDisplayPartialCount\"}" => HTTP 404 (18 bytes)
[SchemaGen] ✅ Schema written for Data-Admin-Connect-FileListener
[PegaHttpClient] 📡 GET https://zdk8budo.pegaacademy.net/prweb/api/CodeIntelligence/v1/rules/RULE-HTML-HARNESS%20DATA-ADMIN-CONNECT-TRANSPORT-JMS%20RULEFORM%20%2320180713T132802.491%20GMT => HTTP 200 (23445 bytes)
[PegaHttpClient] 📡 POST https://zdk8budo.pegaacademy.net/prweb/api/CodeIntelligence/v1/rules/query?pxObjClass=Rule-HTML-Section&appliesTo=Data-Admin-Connect-Transport-JMS&pyRuleName=RuleFormMain&RequestClass=Rule-HTML-Section&RequestAppliesTo=Data-Admin-Connect-Transport-JMS&RequestRuleName=RuleFormMain Payload: "{\"RequestClass\":\"Rule-HTML-Section\",\"RequestAppliesTo\":\"Data-Admin-Connect-Transport-JMS\",\"RequestRuleName\":\"RuleFormMain\"}" => HTTP 200 (156234 bytes)
[PegaHttpClient] 📡 POST https://zdk8budo.pegaacademy.net/prweb/api/CodeIntelligence/v1/rules/query?pxObjClass=Rule-HTML-Section&appliesTo=Data-Admin-Connect-Transport-JMS&pyRuleName=pxAlternateRuleForm&RequestClass=Rule-HTML-Section&RequestAppliesTo=Data-Admin-Connect-Transport-JMS&RequestRuleName=pxAlternateRuleForm Payload: "{\"RequestClass\":\"Rule-HTML-Section\",\"RequestAppliesTo\":\"Data-Admin-Connect-Transport-JMS\",\"RequestRuleName\":\"pxAlternateRuleForm\"}" => HTTP 200 (66153 bytes)
[PegaHttpClient] 📡 POST https://zdk8budo.pegaacademy.net/prweb/api/CodeIntelligence/v1/rules/query?pxObjClass=Rule-HTML-Section&appliesTo=Data-Admin-Connect-Transport-JMS&pyRuleName=pzRuleFormScripts&RequestClass=Rule-HTML-Section&RequestAppliesTo=Data-Admin-Connect-Transport-JMS&RequestRuleName=pzRuleFormScripts Payload: "{\"RequestClass\":\"Rule-HTML-Section\",\"RequestAppliesTo\":\"Data-Admin-Connect-Transport-JMS\",\"RequestRuleName\":\"pzRuleFormScripts\"}" => HTTP 200 (40822 bytes)
[PegaHttpClient] 📡 POST https://zdk8budo.pegaacademy.net/prweb/api/CodeIntelligence/v1/rules/query?pxObjClass=Rule-HTML-Section&appliesTo=Data-Admin-Connect-Transport-JMS&pyRuleName=pzRuleFormLayoutDelegated&RequestClass=Rule-HTML-Section&RequestAppliesTo=Data-Admin-Connect-Transport-JMS&RequestRuleName=pzRuleFormLayoutDelegated Payload: "{\"RequestClass\":\"Rule-HTML-Section\",\"RequestAppliesTo\":\"Data-Admin-Connect-Transport-JMS\",\"RequestRuleName\":\"pzRuleFormLayoutDelegated\"}" => HTTP 200 (70998 bytes)
[PegaHttpClient] 📡 POST https://zdk8budo.pegaacademy.net/prweb/api/CodeIntelligence/v1/rules/query?pxObjClass=Rule-HTML-Section&appliesTo=Data-Admin-Connect-Transport-JMS&pyRuleName=RuleFormLayout&RequestClass=Rule-HTML-Section&RequestAppliesTo=Data-Admin-Connect-Transport-JMS&RequestRuleName=RuleFormLayout Payload: "{\"RequestClass\":\"Rule-HTML-Section\",\"RequestAppliesTo\":\"Data-Admin-Connect-Transport-JMS\",\"RequestRuleName\":\"RuleFormLayout\"}" => HTTP 200 (68585 bytes)
[PegaHttpClient] 📡 POST https://zdk8budo.pegaacademy.net/prweb/api/CodeIntelligence/v1/rules/query?pxObjClass=Rule-HTML-Section&appliesTo=Data-Admin-Connect-Transport-JMS&pyRuleName=RuleFormSettings&RequestClass=Rule-HTML-Section&RequestAppliesTo=Data-Admin-Connect-Transport-JMS&RequestRuleName=RuleFormSettings Payload: "{\"RequestClass\":\"Rule-HTML-Section\",\"RequestAppliesTo\":\"Data-Admin-Connect-Transport-JMS\",\"RequestRuleName\":\"RuleFormSettings\"}" => HTTP 200 (21582 bytes)
[PegaHttpClient] 📡 POST https://zdk8budo.pegaacademy.net/prweb/api/CodeIntelligence/v1/rules/query?pxObjClass=Rule-HTML-Section&appliesTo=Data-Admin-Connect-Transport-JMS&pyRuleName=OpenAuthoring&RequestClass=Rule-HTML-Section&RequestAppliesTo=Data-Admin-Connect-Transport-JMS&RequestRuleName=OpenAuthoring Payload: "{\"RequestClass\":\"Rule-HTML-Section\",\"RequestAppliesTo\":\"Data-Admin-Connect-Transport-JMS\",\"RequestRuleName\":\"OpenAuthoring\"}" => HTTP 200 (20315 bytes)
[PegaHttpClient] 📡 POST https://zdk8budo.pegaacademy.net/prweb/api/CodeIntelligence/v1/rules/query?pxObjClass=Rule-HTML-Section&appliesTo=Data-Admin-Connect-Transport-JMS&pyRuleName=pyCustomHelp&RequestClass=Rule-HTML-Section&RequestAppliesTo=Data-Admin-Connect-Transport-JMS&RequestRuleName=pyCustomHelp Payload: "{\"RequestClass\":\"Rule-HTML-Section\",\"RequestAppliesTo\":\"Data-Admin-Connect-Transport-JMS\",\"RequestRuleName\":\"pyCustomHelp\"}" => HTTP 200 (17256 bytes)
[PegaHttpClient] 📡 POST https://zdk8budo.pegaacademy.net/prweb/api/CodeIntelligence/v1/rules/query?pxObjClass=Rule-HTML-Section&appliesTo=Data-Admin-Connect-Transport-JMS&pyRuleName=pzRuleformMainInclude&RequestClass=Rule-HTML-Section&RequestAppliesTo=Data-Admin-Connect-Transport-JMS&RequestRuleName=pzRuleformMainInclude Payload: "{\"RequestClass\":\"Rule-HTML-Section\",\"RequestAppliesTo\":\"Data-Admin-Connect-Transport-JMS\",\"RequestRuleName\":\"pzRuleformMainInclude\"}" => HTTP 200 (22375 bytes)
[PegaHttpClient] 📡 POST https://zdk8budo.pegaacademy.net/prweb/api/CodeIntelligence/v1/rules/query?pxObjClass=Rule-HTML-Section&appliesTo=Data-Admin-Connect-Transport-JMS&pyRuleName=pyAlternativeRuleFormStrategicAppExtension&RequestClass=Rule-HTML-Section&RequestAppliesTo=Data-Admin-Connect-Transport-JMS&RequestRuleName=pyAlternativeRuleFormStrategicAppExtension Payload: "{\"RequestClass\":\"Rule-HTML-Section\",\"RequestAppliesTo\":\"Data-Admin-Connect-Transport-JMS\",\"RequestRuleName\":\"pyAlternativeRuleFormStrategicAppExtension\"}" => HTTP 200 (25042 bytes)
[PegaHttpClient] 📡 POST https://zdk8budo.pegaacademy.net/prweb/api/CodeIntelligence/v1/rules/query?pxObjClass=Rule-HTML-Section&appliesTo=Data-Admin-Connect-Transport-JMS&pyRuleName=pyAlternativeRuleFormExtension&RequestClass=Rule-HTML-Section&RequestAppliesTo=Data-Admin-Connect-Transport-JMS&RequestRuleName=pyAlternativeRuleFormExtension Payload: "{\"RequestClass\":\"Rule-HTML-Section\",\"RequestAppliesTo\":\"Data-Admin-Connect-Transport-JMS\",\"RequestRuleName\":\"pyAlternativeRuleFormExtension\"}" => HTTP 200 (24863 bytes)
[PegaHttpClient] 📡 POST https://zdk8budo.pegaacademy.net/prweb/api/CodeIntelligence/v1/rules/query?pxObjClass=Rule-HTML-Section&appliesTo=Data-Admin-Connect-Transport-JMS&pyRuleName=RuleFormHeader&RequestClass=Rule-HTML-Section&RequestAppliesTo=Data-Admin-Connect-Transport-JMS&RequestRuleName=RuleFormHeader Payload: "{\"RequestClass\":\"Rule-HTML-Section\",\"RequestAppliesTo\":\"Data-Admin-Connect-Transport-JMS\",\"RequestRuleName\":\"RuleFormHeader\"}" => HTTP 200 (183800 bytes)
[PegaHttpClient] 📡 POST https://zdk8budo.pegaacademy.net/prweb/api/CodeIntelligence/v1/rules/query?pxObjClass=Rule-HTML-Section&appliesTo=Data-Admin-Connect-Transport-JMS&pyRuleName=pzDelegationExperience&RequestClass=Rule-HTML-Section&RequestAppliesTo=Data-Admin-Connect-Transport-JMS&RequestRuleName=pzDelegationExperience Payload: "{\"RequestClass\":\"Rule-HTML-Section\",\"RequestAppliesTo\":\"Data-Admin-Connect-Transport-JMS\",\"RequestRuleName\":\"pzDelegationExperience\"}" => HTTP 404 (132 bytes)
[PegaHttpClient] 📡 POST https://zdk8budo.pegaacademy.net/prweb/PRRestService/CodeIntelligence/v1/rules/query?pxObjClass=Rule-HTML-Section&appliesTo=Data-Admin-Connect-Transport-JMS&pyRuleName=pzDelegationExperience&RequestClass=Rule-HTML-Section&RequestAppliesTo=Data-Admin-Connect-Transport-JMS&RequestRuleName=pzDelegationExperience Payload: "{\"RequestClass\":\"Rule-HTML-Section\",\"RequestAppliesTo\":\"Data-Admin-Connect-Transport-JMS\",\"RequestRuleName\":\"pzDelegationExperience\"}" => HTTP 404 (132 bytes)
[PegaHttpClient] 📡 POST https://zdk8budo.pegaacademy.net/prweb/api/HRAppsV2Service/V1/rules/query?pxObjClass=Rule-HTML-Section&appliesTo=Data-Admin-Connect-Transport-JMS&pyRuleName=pzDelegationExperience&RequestClass=Rule-HTML-Section&RequestAppliesTo=Data-Admin-Connect-Transport-JMS&RequestRuleName=pzDelegationExperience Payload: "{\"RequestClass\":\"Rule-HTML-Section\",\"RequestAppliesTo\":\"Data-Admin-Connect-Transport-JMS\",\"RequestRuleName\":\"pzDelegationExperience\"}" => HTTP 404 (18 bytes)
[PegaHttpClient] 📡 POST https://zdk8budo.pegaacademy.net/prweb/PRRestService/HRAppsV2Service/V1/rules/query?pxObjClass=Rule-HTML-Section&appliesTo=Data-Admin-Connect-Transport-JMS&pyRuleName=pzDelegationExperience&RequestClass=Rule-HTML-Section&RequestAppliesTo=Data-Admin-Connect-Transport-JMS&RequestRuleName=pzDelegationExperience Payload: "{\"RequestClass\":\"Rule-HTML-Section\",\"RequestAppliesTo\":\"Data-Admin-Connect-Transport-JMS\",\"RequestRuleName\":\"pzDelegationExperience\"}" => HTTP 404 (18 bytes)
[PegaHttpClient] 📡 POST https://zdk8budo.pegaacademy.net/prweb/api/HRAppsV2/V1/rules/query?pxObjClass=Rule-HTML-Section&appliesTo=Data-Admin-Connect-Transport-JMS&pyRuleName=pzDelegationExperience&RequestClass=Rule-HTML-Section&RequestAppliesTo=Data-Admin-Connect-Transport-JMS&RequestRuleName=pzDelegationExperience Payload: "{\"RequestClass\":\"Rule-HTML-Section\",\"RequestAppliesTo\":\"Data-Admin-Connect-Transport-JMS\",\"RequestRuleName\":\"pzDelegationExperience\"}" => HTTP 404 (18 bytes)
[PegaHttpClient] 📡 POST https://zdk8budo.pegaacademy.net/prweb/PRRestService/HRAppsV2/V1/rules/query?pxObjClass=Rule-HTML-Section&appliesTo=Data-Admin-Connect-Transport-JMS&pyRuleName=pzDelegationExperience&RequestClass=Rule-HTML-Section&RequestAppliesTo=Data-Admin-Connect-Transport-JMS&RequestRuleName=pzDelegationExperience Payload: "{\"RequestClass\":\"Rule-HTML-Section\",\"RequestAppliesTo\":\"Data-Admin-Connect-Transport-JMS\",\"RequestRuleName\":\"pzDelegationExperience\"}" => HTTP 404 (18 bytes)
[PegaHttpClient] 📡 POST https://zdk8budo.pegaacademy.net/prweb/api/v1/rules/query?pxObjClass=Rule-HTML-Section&appliesTo=Data-Admin-Connect-Transport-JMS&pyRuleName=pzDelegationExperience&RequestClass=Rule-HTML-Section&RequestAppliesTo=Data-Admin-Connect-Transport-JMS&RequestRuleName=pzDelegationExperience Payload: "{\"RequestClass\":\"Rule-HTML-Section\",\"RequestAppliesTo\":\"Data-Admin-Connect-Transport-JMS\",\"RequestRuleName\":\"pzDelegationExperience\"}" => HTTP 404 (18 bytes)
[PegaHttpClient] 📡 POST https://zdk8budo.pegaacademy.net/prweb/PRRestService/v1/rules/query?pxObjClass=Rule-HTML-Section&appliesTo=Data-Admin-Connect-Transport-JMS&pyRuleName=pzDelegationExperience&RequestClass=Rule-HTML-Section&RequestAppliesTo=Data-Admin-Connect-Transport-JMS&RequestRuleName=pzDelegationExperience Payload: "{\"RequestClass\":\"Rule-HTML-Section\",\"RequestAppliesTo\":\"Data-Admin-Connect-Transport-JMS\",\"RequestRuleName\":\"pzDelegationExperience\"}" => HTTP 404 (18 bytes)
[PegaHttpClient] 📡 POST https://zdk8budo.pegaacademy.net/prweb/api/CodeIntelligence/v1/rules/query?pxObjClass=Rule-HTML-Section&appliesTo=Data-Admin-Connect-Transport-JMS&pyRuleName=pyJMSTransportProfile&RequestClass=Rule-HTML-Section&RequestAppliesTo=Data-Admin-Connect-Transport-JMS&RequestRuleName=pyJMSTransportProfile Payload: "{\"RequestClass\":\"Rule-HTML-Section\",\"RequestAppliesTo\":\"Data-Admin-Connect-Transport-JMS\",\"RequestRuleName\":\"pyJMSTransportProfile\"}" => HTTP 200 (83788 bytes)
[PegaHttpClient] 📡 POST https://zdk8budo.pegaacademy.net/prweb/api/CodeIntelligence/v1/rules/query?pxObjClass=Rule-HTML-Section&appliesTo=Data-Admin-Connect-Transport-JMS&pyRuleName=pyRequestTab&RequestClass=Rule-HTML-Section&RequestAppliesTo=Data-Admin-Connect-Transport-JMS&RequestRuleName=pyRequestTab Payload: "{\"RequestClass\":\"Rule-HTML-Section\",\"RequestAppliesTo\":\"Data-Admin-Connect-Transport-JMS\",\"RequestRuleName\":\"pyRequestTab\"}" => HTTP 200 (121294 bytes)
[PegaHttpClient] 📡 POST https://zdk8budo.pegaacademy.net/prweb/api/CodeIntelligence/v1/rules/query?pxObjClass=Rule-HTML-Section&appliesTo=Data-Admin-Connect-Transport-JMS&pyRuleName=RuleFormHistory&RequestClass=Rule-HTML-Section&RequestAppliesTo=Data-Admin-Connect-Transport-JMS&RequestRuleName=RuleFormHistory Payload: "{\"RequestClass\":\"Rule-HTML-Section\",\"RequestAppliesTo\":\"Data-Admin-Connect-Transport-JMS\",\"RequestRuleName\":\"RuleFormHistory\"}" => HTTP 200 (18043 bytes)
[PegaHttpClient] 📡 POST https://zdk8budo.pegaacademy.net/prweb/api/CodeIntelligence/v1/rules/query?pxObjClass=Rule-HTML-Section&appliesTo=Data-Admin-Connect-Transport-JMS&pyRuleName=pzCustomHelp&RequestClass=Rule-HTML-Section&RequestAppliesTo=Data-Admin-Connect-Transport-JMS&RequestRuleName=pzCustomHelp Payload: "{\"RequestClass\":\"Rule-HTML-Section\",\"RequestAppliesTo\":\"Data-Admin-Connect-Transport-JMS\",\"RequestRuleName\":\"pzCustomHelp\"}" => HTTP 200 (31573 bytes)
[PegaHttpClient] 📡 POST https://zdk8budo.pegaacademy.net/prweb/api/CodeIntelligence/v1/rules/query?pxObjClass=Rule-HTML-Section&appliesTo=Data-Admin-Connect-Transport-JMS&pyRuleName=pzRuleFormKeysAndDescription&RequestClass=Rule-HTML-Section&RequestAppliesTo=Data-Admin-Connect-Transport-JMS&RequestRuleName=pzRuleFormKeysAndDescription Payload: "{\"RequestClass\":\"Rule-HTML-Section\",\"RequestAppliesTo\":\"Data-Admin-Connect-Transport-JMS\",\"RequestRuleName\":\"pzRuleFormKeysAndDescription\"}" => HTTP 200 (218057 bytes)
[PegaHttpClient] 📡 POST https://zdk8budo.pegaacademy.net/prweb/api/CodeIntelligence/v1/rules/query?pxObjClass=Rule-HTML-Section&appliesTo=Data-Admin-Connect-Transport-JMS&pyRuleName=pzRuleFormRuleset&RequestClass=Rule-HTML-Section&RequestAppliesTo=Data-Admin-Connect-Transport-JMS&RequestRuleName=pzRuleFormRuleset Payload: "{\"RequestClass\":\"Rule-HTML-Section\",\"RequestAppliesTo\":\"Data-Admin-Connect-Transport-JMS\",\"RequestRuleName\":\"pzRuleFormRuleset\"}" => HTTP 200 (29020 bytes)
[PegaHttpClient] 📡 POST https://zdk8budo.pegaacademy.net/prweb/api/CodeIntelligence/v1/rules/query?pxObjClass=Rule-HTML-Section&appliesTo=Data-Admin-Connect-Transport-JMS&pyRuleName=undefined&RequestClass=Rule-HTML-Section&RequestAppliesTo=Data-Admin-Connect-Transport-JMS&RequestRuleName=undefined Payload: "{\"RequestClass\":\"Rule-HTML-Section\",\"RequestAppliesTo\":\"Data-Admin-Connect-Transport-JMS\",\"RequestRuleName\":\"undefined\"}" => HTTP 404 (119 bytes)
[PegaHttpClient] 📡 POST https://zdk8budo.pegaacademy.net/prweb/PRRestService/CodeIntelligence/v1/rules/query?pxObjClass=Rule-HTML-Section&appliesTo=Data-Admin-Connect-Transport-JMS&pyRuleName=undefined&RequestClass=Rule-HTML-Section&RequestAppliesTo=Data-Admin-Connect-Transport-JMS&RequestRuleName=undefined Payload: "{\"RequestClass\":\"Rule-HTML-Section\",\"RequestAppliesTo\":\"Data-Admin-Connect-Transport-JMS\",\"RequestRuleName\":\"undefined\"}" => HTTP 404 (119 bytes)
[PegaHttpClient] 📡 POST https://zdk8budo.pegaacademy.net/prweb/api/HRAppsV2Service/V1/rules/query?pxObjClass=Rule-HTML-Section&appliesTo=Data-Admin-Connect-Transport-JMS&pyRuleName=undefined&RequestClass=Rule-HTML-Section&RequestAppliesTo=Data-Admin-Connect-Transport-JMS&RequestRuleName=undefined Payload: "{\"RequestClass\":\"Rule-HTML-Section\",\"RequestAppliesTo\":\"Data-Admin-Connect-Transport-JMS\",\"RequestRuleName\":\"undefined\"}" => HTTP 404 (18 bytes)
[PegaHttpClient] 📡 POST https://zdk8budo.pegaacademy.net/prweb/PRRestService/HRAppsV2Service/V1/rules/query?pxObjClass=Rule-HTML-Section&appliesTo=Data-Admin-Connect-Transport-JMS&pyRuleName=undefined&RequestClass=Rule-HTML-Section&RequestAppliesTo=Data-Admin-Connect-Transport-JMS&RequestRuleName=undefined Payload: "{\"RequestClass\":\"Rule-HTML-Section\",\"RequestAppliesTo\":\"Data-Admin-Connect-Transport-JMS\",\"RequestRuleName\":\"undefined\"}" => HTTP 404 (18 bytes)
[PegaHttpClient] 📡 POST https://zdk8budo.pegaacademy.net/prweb/api/HRAppsV2/V1/rules/query?pxObjClass=Rule-HTML-Section&appliesTo=Data-Admin-Connect-Transport-JMS&pyRuleName=undefined&RequestClass=Rule-HTML-Section&RequestAppliesTo=Data-Admin-Connect-Transport-JMS&RequestRuleName=undefined Payload: "{\"RequestClass\":\"Rule-HTML-Section\",\"RequestAppliesTo\":\"Data-Admin-Connect-Transport-JMS\",\"RequestRuleName\":\"undefined\"}" => HTTP 404 (18 bytes)
[PegaHttpClient] 📡 POST https://zdk8budo.pegaacademy.net/prweb/PRRestService/HRAppsV2/V1/rules/query?pxObjClass=Rule-HTML-Section&appliesTo=Data-Admin-Connect-Transport-JMS&pyRuleName=undefined&RequestClass=Rule-HTML-Section&RequestAppliesTo=Data-Admin-Connect-Transport-JMS&RequestRuleName=undefined Payload: "{\"RequestClass\":\"Rule-HTML-Section\",\"RequestAppliesTo\":\"Data-Admin-Connect-Transport-JMS\",\"RequestRuleName\":\"undefined\"}" => HTTP 404 (18 bytes)
[PegaHttpClient] 📡 POST https://zdk8budo.pegaacademy.net/prweb/api/v1/rules/query?pxObjClass=Rule-HTML-Section&appliesTo=Data-Admin-Connect-Transport-JMS&pyRuleName=undefined&RequestClass=Rule-HTML-Section&RequestAppliesTo=Data-Admin-Connect-Transport-JMS&RequestRuleName=undefined Payload: "{\"RequestClass\":\"Rule-HTML-Section\",\"RequestAppliesTo\":\"Data-Admin-Connect-Transport-JMS\",\"RequestRuleName\":\"undefined\"}" => HTTP 404 (18 bytes)
[PegaHttpClient] 📡 POST https://zdk8budo.pegaacademy.net/prweb/PRRestService/v1/rules/query?pxObjClass=Rule-HTML-Section&appliesTo=Data-Admin-Connect-Transport-JMS&pyRuleName=undefined&RequestClass=Rule-HTML-Section&RequestAppliesTo=Data-Admin-Connect-Transport-JMS&RequestRuleName=undefined Payload: "{\"RequestClass\":\"Rule-HTML-Section\",\"RequestAppliesTo\":\"Data-Admin-Connect-Transport-JMS\",\"RequestRuleName\":\"undefined\"}" => HTTP 404 (18 bytes)
[PegaHttpClient] 📡 POST https://zdk8budo.pegaacademy.net/prweb/api/CodeIntelligence/v1/rules/query?pxObjClass=Rule-HTML-Section&appliesTo=Data-Admin-Connect-Transport-JMS&pyRuleName=pzRuleFormToolbar&RequestClass=Rule-HTML-Section&RequestAppliesTo=Data-Admin-Connect-Transport-JMS&RequestRuleName=pzRuleFormToolbar Payload: "{\"RequestClass\":\"Rule-HTML-Section\",\"RequestAppliesTo\":\"Data-Admin-Connect-Transport-JMS\",\"RequestRuleName\":\"pzRuleFormToolbar\"}" => HTTP 200 (242691 bytes)
[PegaHttpClient] 📡 POST https://zdk8budo.pegaacademy.net/prweb/api/CodeIntelligence/v1/rules/query?pxObjClass=Rule-HTML-Section&appliesTo=Data-Admin-Connect-Transport-JMS&pyRuleName=pzRuleFormToolbarCompare&RequestClass=Rule-HTML-Section&RequestAppliesTo=Data-Admin-Connect-Transport-JMS&RequestRuleName=pzRuleFormToolbarCompare Payload: "{\"RequestClass\":\"Rule-HTML-Section\",\"RequestAppliesTo\":\"Data-Admin-Connect-Transport-JMS\",\"RequestRuleName\":\"pzRuleFormToolbarCompare\"}" => HTTP 200 (61925 bytes)
[PegaHttpClient] 📡 POST https://zdk8budo.pegaacademy.net/prweb/api/CodeIntelligence/v1/rules/query?pxObjClass=Rule-HTML-Section&appliesTo=Data-Admin-Connect-Transport-JMS&pyRuleName=RuleFormHeaderMessages&RequestClass=Rule-HTML-Section&RequestAppliesTo=Data-Admin-Connect-Transport-JMS&RequestRuleName=RuleFormHeaderMessages Payload: "{\"RequestClass\":\"Rule-HTML-Section\",\"RequestAppliesTo\":\"Data-Admin-Connect-Transport-JMS\",\"RequestRuleName\":\"RuleFormHeaderMessages\"}" => HTTP 200 (26518 bytes)
[PegaHttpClient] 📡 POST https://zdk8budo.pegaacademy.net/prweb/api/CodeIntelligence/v1/rules/query?pxObjClass=Rule-HTML-Section&appliesTo=Data-Admin-Connect-Transport-JMS&pyRuleName=pyConnectionInfo&RequestClass=Rule-HTML-Section&RequestAppliesTo=Data-Admin-Connect-Transport-JMS&RequestRuleName=pyConnectionInfo Payload: "{\"RequestClass\":\"Rule-HTML-Section\",\"RequestAppliesTo\":\"Data-Admin-Connect-Transport-JMS\",\"RequestRuleName\":\"pyConnectionInfo\"}" => HTTP 200 (33146 bytes)
[PegaHttpClient] 📡 POST https://zdk8budo.pegaacademy.net/prweb/api/CodeIntelligence/v1/rules/query?pxObjClass=Rule-HTML-Section&appliesTo=Data-Admin-Connect-Transport-JMS&pyRuleName=pzRuleFormStatus&RequestClass=Rule-HTML-Section&RequestAppliesTo=Data-Admin-Connect-Transport-JMS&RequestRuleName=pzRuleFormStatus Payload: "{\"RequestClass\":\"Rule-HTML-Section\",\"RequestAppliesTo\":\"Data-Admin-Connect-Transport-JMS\",\"RequestRuleName\":\"pzRuleFormStatus\"}" => HTTP 200 (29579 bytes)
[PegaHttpClient] 📡 POST https://zdk8budo.pegaacademy.net/prweb/api/CodeIntelligence/v1/rules/query?pxObjClass=Rule-HTML-Section&appliesTo=Data-Admin-Connect-Transport-JMS&pyRuleName=pzRuleFormHeaderCompareWithDropDown&RequestClass=Rule-HTML-Section&RequestAppliesTo=Data-Admin-Connect-Transport-JMS&RequestRuleName=pzRuleFormHeaderCompareWithDropDown Payload: "{\"RequestClass\":\"Rule-HTML-Section\",\"RequestAppliesTo\":\"Data-Admin-Connect-Transport-JMS\",\"RequestRuleName\":\"pzRuleFormHeaderCompareWithDropDown\"}" => HTTP 200 (25396 bytes)
[PegaHttpClient] 📡 POST https://zdk8budo.pegaacademy.net/prweb/api/CodeIntelligence/v1/rules/query?pxObjClass=Rule-HTML-Section&appliesTo=Data-Admin-Connect-Transport-JMS&pyRuleName=undefined&RequestClass=Rule-HTML-Section&RequestAppliesTo=Data-Admin-Connect-Transport-JMS&RequestRuleName=undefined Payload: "{\"RequestClass\":\"Rule-HTML-Section\",\"RequestAppliesTo\":\"Data-Admin-Connect-Transport-JMS\",\"RequestRuleName\":\"undefined\"}" => HTTP 404 (119 bytes)
[PegaHttpClient] 📡 POST https://zdk8budo.pegaacademy.net/prweb/PRRestService/CodeIntelligence/v1/rules/query?pxObjClass=Rule-HTML-Section&appliesTo=Data-Admin-Connect-Transport-JMS&pyRuleName=undefined&RequestClass=Rule-HTML-Section&RequestAppliesTo=Data-Admin-Connect-Transport-JMS&RequestRuleName=undefined Payload: "{\"RequestClass\":\"Rule-HTML-Section\",\"RequestAppliesTo\":\"Data-Admin-Connect-Transport-JMS\",\"RequestRuleName\":\"undefined\"}" => HTTP 404 (119 bytes)
[PegaHttpClient] 📡 POST https://zdk8budo.pegaacademy.net/prweb/api/HRAppsV2Service/V1/rules/query?pxObjClass=Rule-HTML-Section&appliesTo=Data-Admin-Connect-Transport-JMS&pyRuleName=undefined&RequestClass=Rule-HTML-Section&RequestAppliesTo=Data-Admin-Connect-Transport-JMS&RequestRuleName=undefined Payload: "{\"RequestClass\":\"Rule-HTML-Section\",\"RequestAppliesTo\":\"Data-Admin-Connect-Transport-JMS\",\"RequestRuleName\":\"undefined\"}" => HTTP 404 (18 bytes)
[PegaHttpClient] 📡 POST https://zdk8budo.pegaacademy.net/prweb/PRRestService/HRAppsV2Service/V1/rules/query?pxObjClass=Rule-HTML-Section&appliesTo=Data-Admin-Connect-Transport-JMS&pyRuleName=undefined&RequestClass=Rule-HTML-Section&RequestAppliesTo=Data-Admin-Connect-Transport-JMS&RequestRuleName=undefined Payload: "{\"RequestClass\":\"Rule-HTML-Section\",\"RequestAppliesTo\":\"Data-Admin-Connect-Transport-JMS\",\"RequestRuleName\":\"undefined\"}" => HTTP 404 (18 bytes)
[PegaHttpClient] 📡 POST https://zdk8budo.pegaacademy.net/prweb/api/HRAppsV2/V1/rules/query?pxObjClass=Rule-HTML-Section&appliesTo=Data-Admin-Connect-Transport-JMS&pyRuleName=undefined&RequestClass=Rule-HTML-Section&RequestAppliesTo=Data-Admin-Connect-Transport-JMS&RequestRuleName=undefined Payload: "{\"RequestClass\":\"Rule-HTML-Section\",\"RequestAppliesTo\":\"Data-Admin-Connect-Transport-JMS\",\"RequestRuleName\":\"undefined\"}" => HTTP 404 (18 bytes)
[PegaHttpClient] 📡 POST https://zdk8budo.pegaacademy.net/prweb/PRRestService/HRAppsV2/V1/rules/query?pxObjClass=Rule-HTML-Section&appliesTo=Data-Admin-Connect-Transport-JMS&pyRuleName=undefined&RequestClass=Rule-HTML-Section&RequestAppliesTo=Data-Admin-Connect-Transport-JMS&RequestRuleName=undefined Payload: "{\"RequestClass\":\"Rule-HTML-Section\",\"RequestAppliesTo\":\"Data-Admin-Connect-Transport-JMS\",\"RequestRuleName\":\"undefined\"}" => HTTP 404 (18 bytes)
[PegaHttpClient] 📡 POST https://zdk8budo.pegaacademy.net/prweb/api/v1/rules/query?pxObjClass=Rule-HTML-Section&appliesTo=Data-Admin-Connect-Transport-JMS&pyRuleName=undefined&RequestClass=Rule-HTML-Section&RequestAppliesTo=Data-Admin-Connect-Transport-JMS&RequestRuleName=undefined Payload: "{\"RequestClass\":\"Rule-HTML-Section\",\"RequestAppliesTo\":\"Data-Admin-Connect-Transport-JMS\",\"RequestRuleName\":\"undefined\"}" => HTTP 404 (18 bytes)
[PegaHttpClient] 📡 POST https://zdk8budo.pegaacademy.net/prweb/PRRestService/v1/rules/query?pxObjClass=Rule-HTML-Section&appliesTo=Data-Admin-Connect-Transport-JMS&pyRuleName=undefined&RequestClass=Rule-HTML-Section&RequestAppliesTo=Data-Admin-Connect-Transport-JMS&RequestRuleName=undefined Payload: "{\"RequestClass\":\"Rule-HTML-Section\",\"RequestAppliesTo\":\"Data-Admin-Connect-Transport-JMS\",\"RequestRuleName\":\"undefined\"}" => HTTP 404 (18 bytes)
[PegaHttpClient] 📡 POST https://zdk8budo.pegaacademy.net/prweb/api/CodeIntelligence/v1/rules/query?pxObjClass=Rule-HTML-Section&appliesTo=Data-Admin-Connect-Transport-JMS&pyRuleName=pzRuleFormToolbarHotKeys&RequestClass=Rule-HTML-Section&RequestAppliesTo=Data-Admin-Connect-Transport-JMS&RequestRuleName=pzRuleFormToolbarHotKeys Payload: "{\"RequestClass\":\"Rule-HTML-Section\",\"RequestAppliesTo\":\"Data-Admin-Connect-Transport-JMS\",\"RequestRuleName\":\"pzRuleFormToolbarHotKeys\"}" => HTTP 200 (85058 bytes)
[PegaHttpClient] 📡 POST https://zdk8budo.pegaacademy.net/prweb/api/CodeIntelligence/v1/rules/query?pxObjClass=Rule-HTML-Section&appliesTo=Data-Admin-Connect-Transport-JMS&pyRuleName=pzRuleFormToolbarLockedIcon&RequestClass=Rule-HTML-Section&RequestAppliesTo=Data-Admin-Connect-Transport-JMS&RequestRuleName=pzRuleFormToolbarLockedIcon Payload: "{\"RequestClass\":\"Rule-HTML-Section\",\"RequestAppliesTo\":\"Data-Admin-Connect-Transport-JMS\",\"RequestRuleName\":\"pzRuleFormToolbarLockedIcon\"}" => HTTP 200 (19111 bytes)
[PegaHttpClient] 📡 POST https://zdk8budo.pegaacademy.net/prweb/api/CodeIntelligence/v1/rules/query?pxObjClass=Rule-HTML-Section&appliesTo=Data-Admin-Connect-Transport-JMS&pyRuleName=pzRuleFormToolbarCollaborators&RequestClass=Rule-HTML-Section&RequestAppliesTo=Data-Admin-Connect-Transport-JMS&RequestRuleName=pzRuleFormToolbarCollaborators Payload: "{\"RequestClass\":\"Rule-HTML-Section\",\"RequestAppliesTo\":\"Data-Admin-Connect-Transport-JMS\",\"RequestRuleName\":\"pzRuleFormToolbarCollaborators\"}" => HTTP 200 (15254 bytes)
[PegaHttpClient] 📡 POST https://zdk8budo.pegaacademy.net/prweb/api/CodeIntelligence/v1/rules/query?pxObjClass=Rule-HTML-Section&appliesTo=Data-Admin-Connect-Transport-JMS&pyRuleName=pzRuleFormToolbarSaveAs&RequestClass=Rule-HTML-Section&RequestAppliesTo=Data-Admin-Connect-Transport-JMS&RequestRuleName=pzRuleFormToolbarSaveAs Payload: "{\"RequestClass\":\"Rule-HTML-Section\",\"RequestAppliesTo\":\"Data-Admin-Connect-Transport-JMS\",\"RequestRuleName\":\"pzRuleFormToolbarSaveAs\"}" => HTTP 200 (64084 bytes)
[PegaHttpClient] 📡 POST https://zdk8budo.pegaacademy.net/prweb/api/CodeIntelligence/v1/rules/query?pxObjClass=Rule-HTML-Section&appliesTo=Data-Admin-Connect-Transport-JMS&pyRuleName=pzRuleFormToolbarCheckin&RequestClass=Rule-HTML-Section&RequestAppliesTo=Data-Admin-Connect-Transport-JMS&RequestRuleName=pzRuleFormToolbarCheckin Payload: "{\"RequestClass\":\"Rule-HTML-Section\",\"RequestAppliesTo\":\"Data-Admin-Connect-Transport-JMS\",\"RequestRuleName\":\"pzRuleFormToolbarCheckin\"}" => HTTP 200 (15601 bytes)
[PegaHttpClient] 📡 POST https://zdk8budo.pegaacademy.net/prweb/api/CodeIntelligence/v1/rules/query?pxObjClass=Rule-HTML-Section&appliesTo=Data-Admin-Connect-Transport-JMS&pyRuleName=pzRuleFormToolbarDelete&RequestClass=Rule-HTML-Section&RequestAppliesTo=Data-Admin-Connect-Transport-JMS&RequestRuleName=pzRuleFormToolbarDelete Payload: "{\"RequestClass\":\"Rule-HTML-Section\",\"RequestAppliesTo\":\"Data-Admin-Connect-Transport-JMS\",\"RequestRuleName\":\"pzRuleFormToolbarDelete\"}" => HTTP 200 (30249 bytes)
[PegaHttpClient] 📡 POST https://zdk8budo.pegaacademy.net/prweb/api/CodeIntelligence/v1/rules/query?pxObjClass=Rule-HTML-Section&appliesTo=Data-Admin-Connect-Transport-JMS&pyRuleName=pzRuleFormToolbarSave&RequestClass=Rule-HTML-Section&RequestAppliesTo=Data-Admin-Connect-Transport-JMS&RequestRuleName=pzRuleFormToolbarSave Payload: "{\"RequestClass\":\"Rule-HTML-Section\",\"RequestAppliesTo\":\"Data-Admin-Connect-Transport-JMS\",\"RequestRuleName\":\"pzRuleFormToolbarSave\"}" => HTTP 200 (293885 bytes)
[PegaHttpClient] 📡 POST https://zdk8budo.pegaacademy.net/prweb/api/CodeIntelligence/v1/rules/query?pxObjClass=Rule-HTML-Section&appliesTo=Data-Admin-Connect-Transport-JMS&pyRuleName=pzRuleFormToolbarCheckout&RequestClass=Rule-HTML-Section&RequestAppliesTo=Data-Admin-Connect-Transport-JMS&RequestRuleName=pzRuleFormToolbarCheckout Payload: "{\"RequestClass\":\"Rule-HTML-Section\",\"RequestAppliesTo\":\"Data-Admin-Connect-Transport-JMS\",\"RequestRuleName\":\"pzRuleFormToolbarCheckout\"}" => HTTP 200 (14854 bytes)
[PegaHttpClient] 📡 POST https://zdk8budo.pegaacademy.net/prweb/api/CodeIntelligence/v1/rules/query?pxObjClass=Rule-HTML-Section&appliesTo=Data-Admin-Connect-Transport-JMS&pyRuleName=pzRemoveErrorsDataPage&RequestClass=Rule-HTML-Section&RequestAppliesTo=Data-Admin-Connect-Transport-JMS&RequestRuleName=pzRemoveErrorsDataPage Payload: "{\"RequestClass\":\"Rule-HTML-Section\",\"RequestAppliesTo\":\"Data-Admin-Connect-Transport-JMS\",\"RequestRuleName\":\"pzRemoveErrorsDataPage\"}" => HTTP 200 (16733 bytes)
[PegaHttpClient] 📡 POST https://zdk8budo.pegaacademy.net/prweb/api/CodeIntelligence/v1/rules/query?pxObjClass=Rule-HTML-Section&appliesTo=Data-Admin-Connect-Transport-JMS&pyRuleName=pzRuleFormHeaderMessagesWrapper&RequestClass=Rule-HTML-Section&RequestAppliesTo=Data-Admin-Connect-Transport-JMS&RequestRuleName=pzRuleFormHeaderMessagesWrapper Payload: "{\"RequestClass\":\"Rule-HTML-Section\",\"RequestAppliesTo\":\"Data-Admin-Connect-Transport-JMS\",\"RequestRuleName\":\"pzRuleFormHeaderMessagesWrapper\"}" => HTTP 200 (16981 bytes)
[PegaHttpClient] 📡 POST https://zdk8budo.pegaacademy.net/prweb/api/CodeIntelligence/v1/rules/query?pxObjClass=Rule-HTML-Section&appliesTo=Data-Admin-Connect-Transport-JMS&pyRuleName=pxDisplayCollaborators&RequestClass=Rule-HTML-Section&RequestAppliesTo=Data-Admin-Connect-Transport-JMS&RequestRuleName=pxDisplayCollaborators Payload: "{\"RequestClass\":\"Rule-HTML-Section\",\"RequestAppliesTo\":\"Data-Admin-Connect-Transport-JMS\",\"RequestRuleName\":\"pxDisplayCollaborators\"}" => HTTP 200 (94171 bytes)
[PegaHttpClient] 📡 POST https://zdk8budo.pegaacademy.net/prweb/api/CodeIntelligence/v1/rules/query?pxObjClass=Rule-HTML-Section&appliesTo=Data-Admin-Connect-Transport-JMS&pyRuleName=pzRuleFormToolbarDeleteCheckOut&RequestClass=Rule-HTML-Section&RequestAppliesTo=Data-Admin-Connect-Transport-JMS&RequestRuleName=pzRuleFormToolbarDeleteCheckOut Payload: "{\"RequestClass\":\"Rule-HTML-Section\",\"RequestAppliesTo\":\"Data-Admin-Connect-Transport-JMS\",\"RequestRuleName\":\"pzRuleFormToolbarDeleteCheckOut\"}" => HTTP 404 (141 bytes)
[PegaHttpClient] 📡 POST https://zdk8budo.pegaacademy.net/prweb/PRRestService/CodeIntelligence/v1/rules/query?pxObjClass=Rule-HTML-Section&appliesTo=Data-Admin-Connect-Transport-JMS&pyRuleName=pzRuleFormToolbarDeleteCheckOut&RequestClass=Rule-HTML-Section&RequestAppliesTo=Data-Admin-Connect-Transport-JMS&RequestRuleName=pzRuleFormToolbarDeleteCheckOut Payload: "{\"RequestClass\":\"Rule-HTML-Section\",\"RequestAppliesTo\":\"Data-Admin-Connect-Transport-JMS\",\"RequestRuleName\":\"pzRuleFormToolbarDeleteCheckOut\"}" => HTTP 404 (141 bytes)
[PegaHttpClient] 📡 POST https://zdk8budo.pegaacademy.net/prweb/api/HRAppsV2Service/V1/rules/query?pxObjClass=Rule-HTML-Section&appliesTo=Data-Admin-Connect-Transport-JMS&pyRuleName=pzRuleFormToolbarDeleteCheckOut&RequestClass=Rule-HTML-Section&RequestAppliesTo=Data-Admin-Connect-Transport-JMS&RequestRuleName=pzRuleFormToolbarDeleteCheckOut Payload: "{\"RequestClass\":\"Rule-HTML-Section\",\"RequestAppliesTo\":\"Data-Admin-Connect-Transport-JMS\",\"RequestRuleName\":\"pzRuleFormToolbarDeleteCheckOut\"}" => HTTP 404 (18 bytes)
[PegaHttpClient] 📡 POST https://zdk8budo.pegaacademy.net/prweb/PRRestService/HRAppsV2Service/V1/rules/query?pxObjClass=Rule-HTML-Section&appliesTo=Data-Admin-Connect-Transport-JMS&pyRuleName=pzRuleFormToolbarDeleteCheckOut&RequestClass=Rule-HTML-Section&RequestAppliesTo=Data-Admin-Connect-Transport-JMS&RequestRuleName=pzRuleFormToolbarDeleteCheckOut Payload: "{\"RequestClass\":\"Rule-HTML-Section\",\"RequestAppliesTo\":\"Data-Admin-Connect-Transport-JMS\",\"RequestRuleName\":\"pzRuleFormToolbarDeleteCheckOut\"}" => HTTP 404 (18 bytes)
[PegaHttpClient] 📡 POST https://zdk8budo.pegaacademy.net/prweb/api/HRAppsV2/V1/rules/query?pxObjClass=Rule-HTML-Section&appliesTo=Data-Admin-Connect-Transport-JMS&pyRuleName=pzRuleFormToolbarDeleteCheckOut&RequestClass=Rule-HTML-Section&RequestAppliesTo=Data-Admin-Connect-Transport-JMS&RequestRuleName=pzRuleFormToolbarDeleteCheckOut Payload: "{\"RequestClass\":\"Rule-HTML-Section\",\"RequestAppliesTo\":\"Data-Admin-Connect-Transport-JMS\",\"RequestRuleName\":\"pzRuleFormToolbarDeleteCheckOut\"}" => HTTP 404 (18 bytes)
[PegaHttpClient] 📡 POST https://zdk8budo.pegaacademy.net/prweb/PRRestService/HRAppsV2/V1/rules/query?pxObjClass=Rule-HTML-Section&appliesTo=Data-Admin-Connect-Transport-JMS&pyRuleName=pzRuleFormToolbarDeleteCheckOut&RequestClass=Rule-HTML-Section&RequestAppliesTo=Data-Admin-Connect-Transport-JMS&RequestRuleName=pzRuleFormToolbarDeleteCheckOut Payload: "{\"RequestClass\":\"Rule-HTML-Section\",\"RequestAppliesTo\":\"Data-Admin-Connect-Transport-JMS\",\"RequestRuleName\":\"pzRuleFormToolbarDeleteCheckOut\"}" => HTTP 404 (18 bytes)
[PegaHttpClient] 📡 POST https://zdk8budo.pegaacademy.net/prweb/api/v1/rules/query?pxObjClass=Rule-HTML-Section&appliesTo=Data-Admin-Connect-Transport-JMS&pyRuleName=pzRuleFormToolbarDeleteCheckOut&RequestClass=Rule-HTML-Section&RequestAppliesTo=Data-Admin-Connect-Transport-JMS&RequestRuleName=pzRuleFormToolbarDeleteCheckOut Payload: "{\"RequestClass\":\"Rule-HTML-Section\",\"RequestAppliesTo\":\"Data-Admin-Connect-Transport-JMS\",\"RequestRuleName\":\"pzRuleFormToolbarDeleteCheckOut\"}" => HTTP 404 (18 bytes)
[PegaHttpClient] 📡 POST https://zdk8budo.pegaacademy.net/prweb/PRRestService/v1/rules/query?pxObjClass=Rule-HTML-Section&appliesTo=Data-Admin-Connect-Transport-JMS&pyRuleName=pzRuleFormToolbarDeleteCheckOut&RequestClass=Rule-HTML-Section&RequestAppliesTo=Data-Admin-Connect-Transport-JMS&RequestRuleName=pzRuleFormToolbarDeleteCheckOut Payload: "{\"RequestClass\":\"Rule-HTML-Section\",\"RequestAppliesTo\":\"Data-Admin-Connect-Transport-JMS\",\"RequestRuleName\":\"pzRuleFormToolbarDeleteCheckOut\"}" => HTTP 404 (18 bytes)
[PegaHttpClient] 📡 POST https://zdk8budo.pegaacademy.net/prweb/api/CodeIntelligence/v1/rules/query?pxObjClass=Rule-HTML-Section&appliesTo=Data-Admin-Connect-Transport-JMS&pyRuleName=pzRuleFormToolbarDeleteRule&RequestClass=Rule-HTML-Section&RequestAppliesTo=Data-Admin-Connect-Transport-JMS&RequestRuleName=pzRuleFormToolbarDeleteRule Payload: "{\"RequestClass\":\"Rule-HTML-Section\",\"RequestAppliesTo\":\"Data-Admin-Connect-Transport-JMS\",\"RequestRuleName\":\"pzRuleFormToolbarDeleteRule\"}" => HTTP 200 (32314 bytes)
[PegaHttpClient] 📡 POST https://zdk8budo.pegaacademy.net/prweb/api/CodeIntelligence/v1/rules/query?pxObjClass=Rule-HTML-Section&appliesTo=Data-Admin-Connect-Transport-JMS&pyRuleName=pzLoadCollaborationScripts&RequestClass=Rule-HTML-Section&RequestAppliesTo=Data-Admin-Connect-Transport-JMS&RequestRuleName=pzLoadCollaborationScripts Payload: "{\"RequestClass\":\"Rule-HTML-Section\",\"RequestAppliesTo\":\"Data-Admin-Connect-Transport-JMS\",\"RequestRuleName\":\"pzLoadCollaborationScripts\"}" => HTTP 200 (23453 bytes)
[PegaHttpClient] 📡 POST https://zdk8budo.pegaacademy.net/prweb/api/CodeIntelligence/v1/rules/query?pxObjClass=Rule-HTML-Section&appliesTo=Data-Admin-Connect-Transport-JMS&pyRuleName=pzDisplayCollaboratorsList&RequestClass=Rule-HTML-Section&RequestAppliesTo=Data-Admin-Connect-Transport-JMS&RequestRuleName=pzDisplayCollaboratorsList Payload: "{\"RequestClass\":\"Rule-HTML-Section\",\"RequestAppliesTo\":\"Data-Admin-Connect-Transport-JMS\",\"RequestRuleName\":\"pzDisplayCollaboratorsList\"}" => HTTP 200 (105418 bytes)
[PegaHttpClient] 📡 POST https://zdk8budo.pegaacademy.net/prweb/api/CodeIntelligence/v1/rules/query?pxObjClass=Rule-HTML-Section&appliesTo=Data-Admin-Connect-Transport-JMS&pyRuleName=pyCollaborator&RequestClass=Rule-HTML-Section&RequestAppliesTo=Data-Admin-Connect-Transport-JMS&RequestRuleName=pyCollaborator Payload: "{\"RequestClass\":\"Rule-HTML-Section\",\"RequestAppliesTo\":\"Data-Admin-Connect-Transport-JMS\",\"RequestRuleName\":\"pyCollaborator\"}" => HTTP 404 (124 bytes)
[PegaHttpClient] 📡 POST https://zdk8budo.pegaacademy.net/prweb/PRRestService/CodeIntelligence/v1/rules/query?pxObjClass=Rule-HTML-Section&appliesTo=Data-Admin-Connect-Transport-JMS&pyRuleName=pyCollaborator&RequestClass=Rule-HTML-Section&RequestAppliesTo=Data-Admin-Connect-Transport-JMS&RequestRuleName=pyCollaborator Payload: "{\"RequestClass\":\"Rule-HTML-Section\",\"RequestAppliesTo\":\"Data-Admin-Connect-Transport-JMS\",\"RequestRuleName\":\"pyCollaborator\"}" => HTTP 404 (124 bytes)
[PegaHttpClient] 📡 POST https://zdk8budo.pegaacademy.net/prweb/api/HRAppsV2Service/V1/rules/query?pxObjClass=Rule-HTML-Section&appliesTo=Data-Admin-Connect-Transport-JMS&pyRuleName=pyCollaborator&RequestClass=Rule-HTML-Section&RequestAppliesTo=Data-Admin-Connect-Transport-JMS&RequestRuleName=pyCollaborator Payload: "{\"RequestClass\":\"Rule-HTML-Section\",\"RequestAppliesTo\":\"Data-Admin-Connect-Transport-JMS\",\"RequestRuleName\":\"pyCollaborator\"}" => HTTP 404 (18 bytes)
[PegaHttpClient] 📡 POST https://zdk8budo.pegaacademy.net/prweb/PRRestService/HRAppsV2Service/V1/rules/query?pxObjClass=Rule-HTML-Section&appliesTo=Data-Admin-Connect-Transport-JMS&pyRuleName=pyCollaborator&RequestClass=Rule-HTML-Section&RequestAppliesTo=Data-Admin-Connect-Transport-JMS&RequestRuleName=pyCollaborator Payload: "{\"RequestClass\":\"Rule-HTML-Section\",\"RequestAppliesTo\":\"Data-Admin-Connect-Transport-JMS\",\"RequestRuleName\":\"pyCollaborator\"}" => HTTP 404 (18 bytes)
[PegaHttpClient] 📡 POST https://zdk8budo.pegaacademy.net/prweb/api/HRAppsV2/V1/rules/query?pxObjClass=Rule-HTML-Section&appliesTo=Data-Admin-Connect-Transport-JMS&pyRuleName=pyCollaborator&RequestClass=Rule-HTML-Section&RequestAppliesTo=Data-Admin-Connect-Transport-JMS&RequestRuleName=pyCollaborator Payload: "{\"RequestClass\":\"Rule-HTML-Section\",\"RequestAppliesTo\":\"Data-Admin-Connect-Transport-JMS\",\"RequestRuleName\":\"pyCollaborator\"}" => HTTP 404 (18 bytes)
[PegaHttpClient] 📡 POST https://zdk8budo.pegaacademy.net/prweb/PRRestService/HRAppsV2/V1/rules/query?pxObjClass=Rule-HTML-Section&appliesTo=Data-Admin-Connect-Transport-JMS&pyRuleName=pyCollaborator&RequestClass=Rule-HTML-Section&RequestAppliesTo=Data-Admin-Connect-Transport-JMS&RequestRuleName=pyCollaborator Payload: "{\"RequestClass\":\"Rule-HTML-Section\",\"RequestAppliesTo\":\"Data-Admin-Connect-Transport-JMS\",\"RequestRuleName\":\"pyCollaborator\"}" => HTTP 404 (18 bytes)
[PegaHttpClient] 📡 POST https://zdk8budo.pegaacademy.net/prweb/api/v1/rules/query?pxObjClass=Rule-HTML-Section&appliesTo=Data-Admin-Connect-Transport-JMS&pyRuleName=pyCollaborator&RequestClass=Rule-HTML-Section&RequestAppliesTo=Data-Admin-Connect-Transport-JMS&RequestRuleName=pyCollaborator Payload: "{\"RequestClass\":\"Rule-HTML-Section\",\"RequestAppliesTo\":\"Data-Admin-Connect-Transport-JMS\",\"RequestRuleName\":\"pyCollaborator\"}" => HTTP 404 (18 bytes)
[PegaHttpClient] 📡 POST https://zdk8budo.pegaacademy.net/prweb/PRRestService/v1/rules/query?pxObjClass=Rule-HTML-Section&appliesTo=Data-Admin-Connect-Transport-JMS&pyRuleName=pyCollaborator&RequestClass=Rule-HTML-Section&RequestAppliesTo=Data-Admin-Connect-Transport-JMS&RequestRuleName=pyCollaborator Payload: "{\"RequestClass\":\"Rule-HTML-Section\",\"RequestAppliesTo\":\"Data-Admin-Connect-Transport-JMS\",\"RequestRuleName\":\"pyCollaborator\"}" => HTTP 404 (18 bytes)
[PegaHttpClient] 📡 POST https://zdk8budo.pegaacademy.net/prweb/api/CodeIntelligence/v1/rules/query?pxObjClass=Rule-HTML-Section&appliesTo=Data-Admin-Connect-Transport-JMS&pyRuleName=pzDisplayPartialCount&RequestClass=Rule-HTML-Section&RequestAppliesTo=Data-Admin-Connect-Transport-JMS&RequestRuleName=pzDisplayPartialCount Payload: "{\"RequestClass\":\"Rule-HTML-Section\",\"RequestAppliesTo\":\"Data-Admin-Connect-Transport-JMS\",\"RequestRuleName\":\"pzDisplayPartialCount\"}" => HTTP 404 (131 bytes)
[PegaHttpClient] 📡 POST https://zdk8budo.pegaacademy.net/prweb/PRRestService/CodeIntelligence/v1/rules/query?pxObjClass=Rule-HTML-Section&appliesTo=Data-Admin-Connect-Transport-JMS&pyRuleName=pzDisplayPartialCount&RequestClass=Rule-HTML-Section&RequestAppliesTo=Data-Admin-Connect-Transport-JMS&RequestRuleName=pzDisplayPartialCount Payload: "{\"RequestClass\":\"Rule-HTML-Section\",\"RequestAppliesTo\":\"Data-Admin-Connect-Transport-JMS\",\"RequestRuleName\":\"pzDisplayPartialCount\"}" => HTTP 404 (131 bytes)
[PegaHttpClient] 📡 POST https://zdk8budo.pegaacademy.net/prweb/api/HRAppsV2Service/V1/rules/query?pxObjClass=Rule-HTML-Section&appliesTo=Data-Admin-Connect-Transport-JMS&pyRuleName=pzDisplayPartialCount&RequestClass=Rule-HTML-Section&RequestAppliesTo=Data-Admin-Connect-Transport-JMS&RequestRuleName=pzDisplayPartialCount Payload: "{\"RequestClass\":\"Rule-HTML-Section\",\"RequestAppliesTo\":\"Data-Admin-Connect-Transport-JMS\",\"RequestRuleName\":\"pzDisplayPartialCount\"}" => HTTP 404 (18 bytes)
[PegaHttpClient] 📡 POST https://zdk8budo.pegaacademy.net/prweb/PRRestService/HRAppsV2Service/V1/rules/query?pxObjClass=Rule-HTML-Section&appliesTo=Data-Admin-Connect-Transport-JMS&pyRuleName=pzDisplayPartialCount&RequestClass=Rule-HTML-Section&RequestAppliesTo=Data-Admin-Connect-Transport-JMS&RequestRuleName=pzDisplayPartialCount Payload: "{\"RequestClass\":\"Rule-HTML-Section\",\"RequestAppliesTo\":\"Data-Admin-Connect-Transport-JMS\",\"RequestRuleName\":\"pzDisplayPartialCount\"}" => HTTP 404 (18 bytes)
[PegaHttpClient] 📡 POST https://zdk8budo.pegaacademy.net/prweb/api/HRAppsV2/V1/rules/query?pxObjClass=Rule-HTML-Section&appliesTo=Data-Admin-Connect-Transport-JMS&pyRuleName=pzDisplayPartialCount&RequestClass=Rule-HTML-Section&RequestAppliesTo=Data-Admin-Connect-Transport-JMS&RequestRuleName=pzDisplayPartialCount Payload: "{\"RequestClass\":\"Rule-HTML-Section\",\"RequestAppliesTo\":\"Data-Admin-Connect-Transport-JMS\",\"RequestRuleName\":\"pzDisplayPartialCount\"}" => HTTP 404 (18 bytes)
[PegaHttpClient] 📡 POST https://zdk8budo.pegaacademy.net/prweb/PRRestService/HRAppsV2/V1/rules/query?pxObjClass=Rule-HTML-Section&appliesTo=Data-Admin-Connect-Transport-JMS&pyRuleName=pzDisplayPartialCount&RequestClass=Rule-HTML-Section&RequestAppliesTo=Data-Admin-Connect-Transport-JMS&RequestRuleName=pzDisplayPartialCount Payload: "{\"RequestClass\":\"Rule-HTML-Section\",\"RequestAppliesTo\":\"Data-Admin-Connect-Transport-JMS\",\"RequestRuleName\":\"pzDisplayPartialCount\"}" => HTTP 404 (18 bytes)
[PegaHttpClient] 📡 POST https://zdk8budo.pegaacademy.net/prweb/api/v1/rules/query?pxObjClass=Rule-HTML-Section&appliesTo=Data-Admin-Connect-Transport-JMS&pyRuleName=pzDisplayPartialCount&RequestClass=Rule-HTML-Section&RequestAppliesTo=Data-Admin-Connect-Transport-JMS&RequestRuleName=pzDisplayPartialCount Payload: "{\"RequestClass\":\"Rule-HTML-Section\",\"RequestAppliesTo\":\"Data-Admin-Connect-Transport-JMS\",\"RequestRuleName\":\"pzDisplayPartialCount\"}" => HTTP 404 (18 bytes)
[PegaHttpClient] 📡 POST https://zdk8budo.pegaacademy.net/prweb/PRRestService/v1/rules/query?pxObjClass=Rule-HTML-Section&appliesTo=Data-Admin-Connect-Transport-JMS&pyRuleName=pzDisplayPartialCount&RequestClass=Rule-HTML-Section&RequestAppliesTo=Data-Admin-Connect-Transport-JMS&RequestRuleName=pzDisplayPartialCount Payload: "{\"RequestClass\":\"Rule-HTML-Section\",\"RequestAppliesTo\":\"Data-Admin-Connect-Transport-JMS\",\"RequestRuleName\":\"pzDisplayPartialCount\"}" => HTTP 404 (18 bytes)
[SchemaGen] ✅ Schema written for Data-Admin-Connect-Transport-JMS
[PegaHttpClient] 📡 GET https://zdk8budo.pegaacademy.net/prweb/api/CodeIntelligence/v1/rules/RULE-HTML-HARNESS%20RULE-URLMAPPINGS%20RULEFORM%20%2320180713T132617.580%20GMT => HTTP 200 (22337 bytes)
[PegaHttpClient] 📡 POST https://zdk8budo.pegaacademy.net/prweb/api/CodeIntelligence/v1/rules/query?pxObjClass=Rule-HTML-Section&appliesTo=Rule-URLMappings&pyRuleName=RuleFormMain&RequestClass=Rule-HTML-Section&RequestAppliesTo=Rule-URLMappings&RequestRuleName=RuleFormMain Payload: "{\"RequestClass\":\"Rule-HTML-Section\",\"RequestAppliesTo\":\"Rule-URLMappings\",\"RequestRuleName\":\"RuleFormMain\"}" => HTTP 200 (156234 bytes)
[PegaHttpClient] 📡 POST https://zdk8budo.pegaacademy.net/prweb/api/CodeIntelligence/v1/rules/query?pxObjClass=Rule-HTML-Section&appliesTo=Rule-URLMappings&pyRuleName=pxAlternateRuleForm&RequestClass=Rule-HTML-Section&RequestAppliesTo=Rule-URLMappings&RequestRuleName=pxAlternateRuleForm Payload: "{\"RequestClass\":\"Rule-HTML-Section\",\"RequestAppliesTo\":\"Rule-URLMappings\",\"RequestRuleName\":\"pxAlternateRuleForm\"}" => HTTP 200 (66153 bytes)
[PegaHttpClient] 📡 POST https://zdk8budo.pegaacademy.net/prweb/api/CodeIntelligence/v1/rules/query?pxObjClass=Rule-HTML-Section&appliesTo=Rule-URLMappings&pyRuleName=pzRuleFormScripts&RequestClass=Rule-HTML-Section&RequestAppliesTo=Rule-URLMappings&RequestRuleName=pzRuleFormScripts Payload: "{\"RequestClass\":\"Rule-HTML-Section\",\"RequestAppliesTo\":\"Rule-URLMappings\",\"RequestRuleName\":\"pzRuleFormScripts\"}" => HTTP 200 (40822 bytes)
[PegaHttpClient] 📡 POST https://zdk8budo.pegaacademy.net/prweb/api/CodeIntelligence/v1/rules/query?pxObjClass=Rule-HTML-Section&appliesTo=Rule-URLMappings&pyRuleName=pzRuleFormLayoutDelegated&RequestClass=Rule-HTML-Section&RequestAppliesTo=Rule-URLMappings&RequestRuleName=pzRuleFormLayoutDelegated Payload: "{\"RequestClass\":\"Rule-HTML-Section\",\"RequestAppliesTo\":\"Rule-URLMappings\",\"RequestRuleName\":\"pzRuleFormLayoutDelegated\"}" => HTTP 200 (70998 bytes)
[PegaHttpClient] 📡 POST https://zdk8budo.pegaacademy.net/prweb/api/CodeIntelligence/v1/rules/query?pxObjClass=Rule-HTML-Section&appliesTo=Rule-URLMappings&pyRuleName=RuleFormLayout&RequestClass=Rule-HTML-Section&RequestAppliesTo=Rule-URLMappings&RequestRuleName=RuleFormLayout Payload: "{\"RequestClass\":\"Rule-HTML-Section\",\"RequestAppliesTo\":\"Rule-URLMappings\",\"RequestRuleName\":\"RuleFormLayout\"}" => HTTP 200 (104135 bytes)
[PegaHttpClient] 📡 POST https://zdk8budo.pegaacademy.net/prweb/api/CodeIntelligence/v1/rules/query?pxObjClass=Rule-HTML-Section&appliesTo=Rule-URLMappings&pyRuleName=RuleFormSettings&RequestClass=Rule-HTML-Section&RequestAppliesTo=Rule-URLMappings&RequestRuleName=RuleFormSettings Payload: "{\"RequestClass\":\"Rule-HTML-Section\",\"RequestAppliesTo\":\"Rule-URLMappings\",\"RequestRuleName\":\"RuleFormSettings\"}" => HTTP 200 (20540 bytes)
[PegaHttpClient] 📡 POST https://zdk8budo.pegaacademy.net/prweb/api/CodeIntelligence/v1/rules/query?pxObjClass=Rule-HTML-Section&appliesTo=Rule-URLMappings&pyRuleName=OpenAuthoring&RequestClass=Rule-HTML-Section&RequestAppliesTo=Rule-URLMappings&RequestRuleName=OpenAuthoring Payload: "{\"RequestClass\":\"Rule-HTML-Section\",\"RequestAppliesTo\":\"Rule-URLMappings\",\"RequestRuleName\":\"OpenAuthoring\"}" => HTTP 200 (23695 bytes)
[PegaHttpClient] 📡 POST https://zdk8budo.pegaacademy.net/prweb/api/CodeIntelligence/v1/rules/query?pxObjClass=Rule-HTML-Section&appliesTo=Rule-URLMappings&pyRuleName=pyCustomHelp&RequestClass=Rule-HTML-Section&RequestAppliesTo=Rule-URLMappings&RequestRuleName=pyCustomHelp Payload: "{\"RequestClass\":\"Rule-HTML-Section\",\"RequestAppliesTo\":\"Rule-URLMappings\",\"RequestRuleName\":\"pyCustomHelp\"}" => HTTP 200 (17256 bytes)
[PegaHttpClient] 📡 POST https://zdk8budo.pegaacademy.net/prweb/api/CodeIntelligence/v1/rules/query?pxObjClass=Rule-HTML-Section&appliesTo=Rule-URLMappings&pyRuleName=pzRuleformMainInclude&RequestClass=Rule-HTML-Section&RequestAppliesTo=Rule-URLMappings&RequestRuleName=pzRuleformMainInclude Payload: "{\"RequestClass\":\"Rule-HTML-Section\",\"RequestAppliesTo\":\"Rule-URLMappings\",\"RequestRuleName\":\"pzRuleformMainInclude\"}" => HTTP 200 (22375 bytes)
[PegaHttpClient] 📡 POST https://zdk8budo.pegaacademy.net/prweb/api/CodeIntelligence/v1/rules/query?pxObjClass=Rule-HTML-Section&appliesTo=Rule-URLMappings&pyRuleName=pyAlternativeRuleFormStrategicAppExtension&RequestClass=Rule-HTML-Section&RequestAppliesTo=Rule-URLMappings&RequestRuleName=pyAlternativeRuleFormStrategicAppExtension Payload: "{\"RequestClass\":\"Rule-HTML-Section\",\"RequestAppliesTo\":\"Rule-URLMappings\",\"RequestRuleName\":\"pyAlternativeRuleFormStrategicAppExtension\"}" => HTTP 200 (25042 bytes)
[PegaHttpClient] 📡 POST https://zdk8budo.pegaacademy.net/prweb/api/CodeIntelligence/v1/rules/query?pxObjClass=Rule-HTML-Section&appliesTo=Rule-URLMappings&pyRuleName=pyAlternativeRuleFormExtension&RequestClass=Rule-HTML-Section&RequestAppliesTo=Rule-URLMappings&RequestRuleName=pyAlternativeRuleFormExtension Payload: "{\"RequestClass\":\"Rule-HTML-Section\",\"RequestAppliesTo\":\"Rule-URLMappings\",\"RequestRuleName\":\"pyAlternativeRuleFormExtension\"}" => HTTP 200 (24863 bytes)
[PegaHttpClient] 📡 POST https://zdk8budo.pegaacademy.net/prweb/api/CodeIntelligence/v1/rules/query?pxObjClass=Rule-HTML-Section&appliesTo=Rule-URLMappings&pyRuleName=RuleFormHeader&RequestClass=Rule-HTML-Section&RequestAppliesTo=Rule-URLMappings&RequestRuleName=RuleFormHeader Payload: "{\"RequestClass\":\"Rule-HTML-Section\",\"RequestAppliesTo\":\"Rule-URLMappings\",\"RequestRuleName\":\"RuleFormHeader\"}" => HTTP 200 (183800 bytes)
[PegaHttpClient] 📡 POST https://zdk8budo.pegaacademy.net/prweb/api/CodeIntelligence/v1/rules/query?pxObjClass=Rule-HTML-Section&appliesTo=Rule-URLMappings&pyRuleName=pzDelegationExperience&RequestClass=Rule-HTML-Section&RequestAppliesTo=Rule-URLMappings&RequestRuleName=pzDelegationExperience Payload: "{\"RequestClass\":\"Rule-HTML-Section\",\"RequestAppliesTo\":\"Rule-URLMappings\",\"RequestRuleName\":\"pzDelegationExperience\"}" => HTTP 404 (116 bytes)
[PegaHttpClient] 📡 POST https://zdk8budo.pegaacademy.net/prweb/PRRestService/CodeIntelligence/v1/rules/query?pxObjClass=Rule-HTML-Section&appliesTo=Rule-URLMappings&pyRuleName=pzDelegationExperience&RequestClass=Rule-HTML-Section&RequestAppliesTo=Rule-URLMappings&RequestRuleName=pzDelegationExperience Payload: "{\"RequestClass\":\"Rule-HTML-Section\",\"RequestAppliesTo\":\"Rule-URLMappings\",\"RequestRuleName\":\"pzDelegationExperience\"}" => HTTP 404 (116 bytes)
[PegaHttpClient] 📡 POST https://zdk8budo.pegaacademy.net/prweb/api/HRAppsV2Service/V1/rules/query?pxObjClass=Rule-HTML-Section&appliesTo=Rule-URLMappings&pyRuleName=pzDelegationExperience&RequestClass=Rule-HTML-Section&RequestAppliesTo=Rule-URLMappings&RequestRuleName=pzDelegationExperience Payload: "{\"RequestClass\":\"Rule-HTML-Section\",\"RequestAppliesTo\":\"Rule-URLMappings\",\"RequestRuleName\":\"pzDelegationExperience\"}" => HTTP 404 (18 bytes)
[PegaHttpClient] 📡 POST https://zdk8budo.pegaacademy.net/prweb/PRRestService/HRAppsV2Service/V1/rules/query?pxObjClass=Rule-HTML-Section&appliesTo=Rule-URLMappings&pyRuleName=pzDelegationExperience&RequestClass=Rule-HTML-Section&RequestAppliesTo=Rule-URLMappings&RequestRuleName=pzDelegationExperience Payload: "{\"RequestClass\":\"Rule-HTML-Section\",\"RequestAppliesTo\":\"Rule-URLMappings\",\"RequestRuleName\":\"pzDelegationExperience\"}" => HTTP 404 (18 bytes)
[PegaHttpClient] 📡 POST https://zdk8budo.pegaacademy.net/prweb/api/HRAppsV2/V1/rules/query?pxObjClass=Rule-HTML-Section&appliesTo=Rule-URLMappings&pyRuleName=pzDelegationExperience&RequestClass=Rule-HTML-Section&RequestAppliesTo=Rule-URLMappings&RequestRuleName=pzDelegationExperience Payload: "{\"RequestClass\":\"Rule-HTML-Section\",\"RequestAppliesTo\":\"Rule-URLMappings\",\"RequestRuleName\":\"pzDelegationExperience\"}" => HTTP 404 (18 bytes)
[PegaHttpClient] 📡 POST https://zdk8budo.pegaacademy.net/prweb/PRRestService/HRAppsV2/V1/rules/query?pxObjClass=Rule-HTML-Section&appliesTo=Rule-URLMappings&pyRuleName=pzDelegationExperience&RequestClass=Rule-HTML-Section&RequestAppliesTo=Rule-URLMappings&RequestRuleName=pzDelegationExperience Payload: "{\"RequestClass\":\"Rule-HTML-Section\",\"RequestAppliesTo\":\"Rule-URLMappings\",\"RequestRuleName\":\"pzDelegationExperience\"}" => HTTP 404 (18 bytes)
[PegaHttpClient] 📡 POST https://zdk8budo.pegaacademy.net/prweb/api/v1/rules/query?pxObjClass=Rule-HTML-Section&appliesTo=Rule-URLMappings&pyRuleName=pzDelegationExperience&RequestClass=Rule-HTML-Section&RequestAppliesTo=Rule-URLMappings&RequestRuleName=pzDelegationExperience Payload: "{\"RequestClass\":\"Rule-HTML-Section\",\"RequestAppliesTo\":\"Rule-URLMappings\",\"RequestRuleName\":\"pzDelegationExperience\"}" => HTTP 404 (18 bytes)
[PegaHttpClient] 📡 POST https://zdk8budo.pegaacademy.net/prweb/PRRestService/v1/rules/query?pxObjClass=Rule-HTML-Section&appliesTo=Rule-URLMappings&pyRuleName=pzDelegationExperience&RequestClass=Rule-HTML-Section&RequestAppliesTo=Rule-URLMappings&RequestRuleName=pzDelegationExperience Payload: "{\"RequestClass\":\"Rule-HTML-Section\",\"RequestAppliesTo\":\"Rule-URLMappings\",\"RequestRuleName\":\"pzDelegationExperience\"}" => HTTP 404 (18 bytes)
[PegaHttpClient] 📡 POST https://zdk8budo.pegaacademy.net/prweb/api/CodeIntelligence/v1/rules/query?pxObjClass=Rule-HTML-Section&appliesTo=Rule-URLMappings&pyRuleName=pxURLPatternGroups&RequestClass=Rule-HTML-Section&RequestAppliesTo=Rule-URLMappings&RequestRuleName=pxURLPatternGroups Payload: "{\"RequestClass\":\"Rule-HTML-Section\",\"RequestAppliesTo\":\"Rule-URLMappings\",\"RequestRuleName\":\"pxURLPatternGroups\"}" => HTTP 200 (50183 bytes)
[PegaHttpClient] 📡 POST https://zdk8budo.pegaacademy.net/prweb/api/CodeIntelligence/v1/rules/query?pxObjClass=Rule-HTML-Section&appliesTo=Rule-URLMappings&pyRuleName=RuleFormHistory&RequestClass=Rule-HTML-Section&RequestAppliesTo=Rule-URLMappings&RequestRuleName=RuleFormHistory Payload: "{\"RequestClass\":\"Rule-HTML-Section\",\"RequestAppliesTo\":\"Rule-URLMappings\",\"RequestRuleName\":\"RuleFormHistory\"}" => HTTP 200 (76091 bytes)
[PegaHttpClient] 📡 POST https://zdk8budo.pegaacademy.net/prweb/api/CodeIntelligence/v1/rules/query?pxObjClass=Rule-HTML-Section&appliesTo=Rule-URLMappings&pyRuleName=pzCustomHelp&RequestClass=Rule-HTML-Section&RequestAppliesTo=Rule-URLMappings&RequestRuleName=pzCustomHelp Payload: "{\"RequestClass\":\"Rule-HTML-Section\",\"RequestAppliesTo\":\"Rule-URLMappings\",\"RequestRuleName\":\"pzCustomHelp\"}" => HTTP 200 (31573 bytes)
[PegaHttpClient] 📡 POST https://zdk8budo.pegaacademy.net/prweb/api/CodeIntelligence/v1/rules/query?pxObjClass=Rule-HTML-Section&appliesTo=Rule-URLMappings&pyRuleName=pzRuleFormKeysAndDescription&RequestClass=Rule-HTML-Section&RequestAppliesTo=Rule-URLMappings&RequestRuleName=pzRuleFormKeysAndDescription Payload: "{\"RequestClass\":\"Rule-HTML-Section\",\"RequestAppliesTo\":\"Rule-URLMappings\",\"RequestRuleName\":\"pzRuleFormKeysAndDescription\"}" => HTTP 200 (218057 bytes)
[PegaHttpClient] 📡 POST https://zdk8budo.pegaacademy.net/prweb/api/CodeIntelligence/v1/rules/query?pxObjClass=Rule-HTML-Section&appliesTo=Rule-URLMappings&pyRuleName=pzRuleFormRuleset&RequestClass=Rule-HTML-Section&RequestAppliesTo=Rule-URLMappings&RequestRuleName=pzRuleFormRuleset Payload: "{\"RequestClass\":\"Rule-HTML-Section\",\"RequestAppliesTo\":\"Rule-URLMappings\",\"RequestRuleName\":\"pzRuleFormRuleset\"}" => HTTP 200 (33985 bytes)
[PegaHttpClient] 📡 POST https://zdk8budo.pegaacademy.net/prweb/api/CodeIntelligence/v1/rules/query?pxObjClass=Rule-HTML-Section&appliesTo=Rule-URLMappings&pyRuleName=undefined&RequestClass=Rule-HTML-Section&RequestAppliesTo=Rule-URLMappings&RequestRuleName=undefined Payload: "{\"RequestClass\":\"Rule-HTML-Section\",\"RequestAppliesTo\":\"Rule-URLMappings\",\"RequestRuleName\":\"undefined\"}" => HTTP 404 (103 bytes)
[PegaHttpClient] 📡 POST https://zdk8budo.pegaacademy.net/prweb/PRRestService/CodeIntelligence/v1/rules/query?pxObjClass=Rule-HTML-Section&appliesTo=Rule-URLMappings&pyRuleName=undefined&RequestClass=Rule-HTML-Section&RequestAppliesTo=Rule-URLMappings&RequestRuleName=undefined Payload: "{\"RequestClass\":\"Rule-HTML-Section\",\"RequestAppliesTo\":\"Rule-URLMappings\",\"RequestRuleName\":\"undefined\"}" => HTTP 404 (103 bytes)
[PegaHttpClient] 📡 POST https://zdk8budo.pegaacademy.net/prweb/api/HRAppsV2Service/V1/rules/query?pxObjClass=Rule-HTML-Section&appliesTo=Rule-URLMappings&pyRuleName=undefined&RequestClass=Rule-HTML-Section&RequestAppliesTo=Rule-URLMappings&RequestRuleName=undefined Payload: "{\"RequestClass\":\"Rule-HTML-Section\",\"RequestAppliesTo\":\"Rule-URLMappings\",\"RequestRuleName\":\"undefined\"}" => HTTP 404 (18 bytes)
[PegaHttpClient] 📡 POST https://zdk8budo.pegaacademy.net/prweb/PRRestService/HRAppsV2Service/V1/rules/query?pxObjClass=Rule-HTML-Section&appliesTo=Rule-URLMappings&pyRuleName=undefined&RequestClass=Rule-HTML-Section&RequestAppliesTo=Rule-URLMappings&RequestRuleName=undefined Payload: "{\"RequestClass\":\"Rule-HTML-Section\",\"RequestAppliesTo\":\"Rule-URLMappings\",\"RequestRuleName\":\"undefined\"}" => HTTP 404 (18 bytes)
[PegaHttpClient] 📡 POST https://zdk8budo.pegaacademy.net/prweb/api/HRAppsV2/V1/rules/query?pxObjClass=Rule-HTML-Section&appliesTo=Rule-URLMappings&pyRuleName=undefined&RequestClass=Rule-HTML-Section&RequestAppliesTo=Rule-URLMappings&RequestRuleName=undefined Payload: "{\"RequestClass\":\"Rule-HTML-Section\",\"RequestAppliesTo\":\"Rule-URLMappings\",\"RequestRuleName\":\"undefined\"}" => HTTP 404 (18 bytes)
[PegaHttpClient] 📡 POST https://zdk8budo.pegaacademy.net/prweb/PRRestService/HRAppsV2/V1/rules/query?pxObjClass=Rule-HTML-Section&appliesTo=Rule-URLMappings&pyRuleName=undefined&RequestClass=Rule-HTML-Section&RequestAppliesTo=Rule-URLMappings&RequestRuleName=undefined Payload: "{\"RequestClass\":\"Rule-HTML-Section\",\"RequestAppliesTo\":\"Rule-URLMappings\",\"RequestRuleName\":\"undefined\"}" => HTTP 404 (18 bytes)
[PegaHttpClient] 📡 POST https://zdk8budo.pegaacademy.net/prweb/api/v1/rules/query?pxObjClass=Rule-HTML-Section&appliesTo=Rule-URLMappings&pyRuleName=undefined&RequestClass=Rule-HTML-Section&RequestAppliesTo=Rule-URLMappings&RequestRuleName=undefined Payload: "{\"RequestClass\":\"Rule-HTML-Section\",\"RequestAppliesTo\":\"Rule-URLMappings\",\"RequestRuleName\":\"undefined\"}" => HTTP 404 (18 bytes)
[PegaHttpClient] 📡 POST https://zdk8budo.pegaacademy.net/prweb/PRRestService/v1/rules/query?pxObjClass=Rule-HTML-Section&appliesTo=Rule-URLMappings&pyRuleName=undefined&RequestClass=Rule-HTML-Section&RequestAppliesTo=Rule-URLMappings&RequestRuleName=undefined Payload: "{\"RequestClass\":\"Rule-HTML-Section\",\"RequestAppliesTo\":\"Rule-URLMappings\",\"RequestRuleName\":\"undefined\"}" => HTTP 404 (18 bytes)
[PegaHttpClient] 📡 POST https://zdk8budo.pegaacademy.net/prweb/api/CodeIntelligence/v1/rules/query?pxObjClass=Rule-HTML-Section&appliesTo=Rule-URLMappings&pyRuleName=pzRuleFormToolbar&RequestClass=Rule-HTML-Section&RequestAppliesTo=Rule-URLMappings&RequestRuleName=pzRuleFormToolbar Payload: "{\"RequestClass\":\"Rule-HTML-Section\",\"RequestAppliesTo\":\"Rule-URLMappings\",\"RequestRuleName\":\"pzRuleFormToolbar\"}" => HTTP 200 (242691 bytes)
[PegaHttpClient] 📡 POST https://zdk8budo.pegaacademy.net/prweb/api/CodeIntelligence/v1/rules/query?pxObjClass=Rule-HTML-Section&appliesTo=Rule-URLMappings&pyRuleName=pzRuleFormToolbarCompare&RequestClass=Rule-HTML-Section&RequestAppliesTo=Rule-URLMappings&RequestRuleName=pzRuleFormToolbarCompare Payload: "{\"RequestClass\":\"Rule-HTML-Section\",\"RequestAppliesTo\":\"Rule-URLMappings\",\"RequestRuleName\":\"pzRuleFormToolbarCompare\"}" => HTTP 200 (61925 bytes)
[PegaHttpClient] 📡 POST https://zdk8budo.pegaacademy.net/prweb/api/CodeIntelligence/v1/rules/query?pxObjClass=Rule-HTML-Section&appliesTo=Rule-URLMappings&pyRuleName=RuleFormHeaderMessages&RequestClass=Rule-HTML-Section&RequestAppliesTo=Rule-URLMappings&RequestRuleName=RuleFormHeaderMessages Payload: "{\"RequestClass\":\"Rule-HTML-Section\",\"RequestAppliesTo\":\"Rule-URLMappings\",\"RequestRuleName\":\"RuleFormHeaderMessages\"}" => HTTP 200 (26518 bytes)
[PegaHttpClient] 📡 POST https://zdk8budo.pegaacademy.net/prweb/api/CodeIntelligence/v1/rules/query?pxObjClass=Rule-HTML-Section&appliesTo=Rule-URLMappings&pyRuleName=pxURLMappings&RequestClass=Rule-HTML-Section&RequestAppliesTo=Rule-URLMappings&RequestRuleName=pxURLMappings Payload: "{\"RequestClass\":\"Rule-HTML-Section\",\"RequestAppliesTo\":\"Rule-URLMappings\",\"RequestRuleName\":\"pxURLMappings\"}" => HTTP 404 (107 bytes)
[PegaHttpClient] 📡 POST https://zdk8budo.pegaacademy.net/prweb/PRRestService/CodeIntelligence/v1/rules/query?pxObjClass=Rule-HTML-Section&appliesTo=Rule-URLMappings&pyRuleName=pxURLMappings&RequestClass=Rule-HTML-Section&RequestAppliesTo=Rule-URLMappings&RequestRuleName=pxURLMappings Payload: "{\"RequestClass\":\"Rule-HTML-Section\",\"RequestAppliesTo\":\"Rule-URLMappings\",\"RequestRuleName\":\"pxURLMappings\"}" => HTTP 404 (107 bytes)
[PegaHttpClient] 📡 POST https://zdk8budo.pegaacademy.net/prweb/api/HRAppsV2Service/V1/rules/query?pxObjClass=Rule-HTML-Section&appliesTo=Rule-URLMappings&pyRuleName=pxURLMappings&RequestClass=Rule-HTML-Section&RequestAppliesTo=Rule-URLMappings&RequestRuleName=pxURLMappings Payload: "{\"RequestClass\":\"Rule-HTML-Section\",\"RequestAppliesTo\":\"Rule-URLMappings\",\"RequestRuleName\":\"pxURLMappings\"}" => HTTP 404 (18 bytes)
[PegaHttpClient] 📡 POST https://zdk8budo.pegaacademy.net/prweb/PRRestService/HRAppsV2Service/V1/rules/query?pxObjClass=Rule-HTML-Section&appliesTo=Rule-URLMappings&pyRuleName=pxURLMappings&RequestClass=Rule-HTML-Section&RequestAppliesTo=Rule-URLMappings&RequestRuleName=pxURLMappings Payload: "{\"RequestClass\":\"Rule-HTML-Section\",\"RequestAppliesTo\":\"Rule-URLMappings\",\"RequestRuleName\":\"pxURLMappings\"}" => HTTP 404 (18 bytes)
[PegaHttpClient] 📡 POST https://zdk8budo.pegaacademy.net/prweb/api/HRAppsV2/V1/rules/query?pxObjClass=Rule-HTML-Section&appliesTo=Rule-URLMappings&pyRuleName=pxURLMappings&RequestClass=Rule-HTML-Section&RequestAppliesTo=Rule-URLMappings&RequestRuleName=pxURLMappings Payload: "{\"RequestClass\":\"Rule-HTML-Section\",\"RequestAppliesTo\":\"Rule-URLMappings\",\"RequestRuleName\":\"pxURLMappings\"}" => HTTP 404 (18 bytes)
[PegaHttpClient] 📡 POST https://zdk8budo.pegaacademy.net/prweb/PRRestService/HRAppsV2/V1/rules/query?pxObjClass=Rule-HTML-Section&appliesTo=Rule-URLMappings&pyRuleName=pxURLMappings&RequestClass=Rule-HTML-Section&RequestAppliesTo=Rule-URLMappings&RequestRuleName=pxURLMappings Payload: "{\"RequestClass\":\"Rule-HTML-Section\",\"RequestAppliesTo\":\"Rule-URLMappings\",\"RequestRuleName\":\"pxURLMappings\"}" => HTTP 404 (18 bytes)
[PegaHttpClient] 📡 POST https://zdk8budo.pegaacademy.net/prweb/api/v1/rules/query?pxObjClass=Rule-HTML-Section&appliesTo=Rule-URLMappings&pyRuleName=pxURLMappings&RequestClass=Rule-HTML-Section&RequestAppliesTo=Rule-URLMappings&RequestRuleName=pxURLMappings Payload: "{\"RequestClass\":\"Rule-HTML-Section\",\"RequestAppliesTo\":\"Rule-URLMappings\",\"RequestRuleName\":\"pxURLMappings\"}" => HTTP 404 (18 bytes)
[PegaHttpClient] 📡 POST https://zdk8budo.pegaacademy.net/prweb/PRRestService/v1/rules/query?pxObjClass=Rule-HTML-Section&appliesTo=Rule-URLMappings&pyRuleName=pxURLMappings&RequestClass=Rule-HTML-Section&RequestAppliesTo=Rule-URLMappings&RequestRuleName=pxURLMappings Payload: "{\"RequestClass\":\"Rule-HTML-Section\",\"RequestAppliesTo\":\"Rule-URLMappings\",\"RequestRuleName\":\"pxURLMappings\"}" => HTTP 404 (18 bytes)
[PegaHttpClient] 📡 POST https://zdk8budo.pegaacademy.net/prweb/api/CodeIntelligence/v1/rules/query?pxObjClass=Rule-HTML-Section&appliesTo=Rule-URLMappings&pyRuleName=pzAlternateRuleInfo&RequestClass=Rule-HTML-Section&RequestAppliesTo=Rule-URLMappings&RequestRuleName=pzAlternateRuleInfo Payload: "{\"RequestClass\":\"Rule-HTML-Section\",\"RequestAppliesTo\":\"Rule-URLMappings\",\"RequestRuleName\":\"pzAlternateRuleInfo\"}" => HTTP 200 (140407 bytes)
[PegaHttpClient] 📡 POST https://zdk8budo.pegaacademy.net/prweb/api/CodeIntelligence/v1/rules/query?pxObjClass=Rule-HTML-Section&appliesTo=Rule-URLMappings&pyRuleName=RuleFormHistory_Description&RequestClass=Rule-HTML-Section&RequestAppliesTo=Rule-URLMappings&RequestRuleName=RuleFormHistory_Description Payload: "{\"RequestClass\":\"Rule-HTML-Section\",\"RequestAppliesTo\":\"Rule-URLMappings\",\"RequestRuleName\":\"RuleFormHistory_Description\"}" => HTTP 200 (46242 bytes)
[PegaHttpClient] 📡 POST https://zdk8budo.pegaacademy.net/prweb/api/CodeIntelligence/v1/rules/query?pxObjClass=Rule-HTML-Section&appliesTo=Rule-URLMappings&pyRuleName=RuleFormHistory_CustomFields&RequestClass=Rule-HTML-Section&RequestAppliesTo=Rule-URLMappings&RequestRuleName=RuleFormHistory_CustomFields Payload: "{\"RequestClass\":\"Rule-HTML-Section\",\"RequestAppliesTo\":\"Rule-URLMappings\",\"RequestRuleName\":\"RuleFormHistory_CustomFields\"}" => HTTP 200 (75856 bytes)
[PegaHttpClient] 📡 POST https://zdk8budo.pegaacademy.net/prweb/api/CodeIntelligence/v1/rules/query?pxObjClass=Rule-HTML-Section&appliesTo=Rule-URLMappings&pyRuleName=RuleFormHistory_HistoryDetails&RequestClass=Rule-HTML-Section&RequestAppliesTo=Rule-URLMappings&RequestRuleName=RuleFormHistory_HistoryDetails Payload: "{\"RequestClass\":\"Rule-HTML-Section\",\"RequestAppliesTo\":\"Rule-URLMappings\",\"RequestRuleName\":\"RuleFormHistory_HistoryDetails\"}" => HTTP 200 (179535 bytes)
[PegaHttpClient] 📡 POST https://zdk8budo.pegaacademy.net/prweb/api/CodeIntelligence/v1/rules/query?pxObjClass=Rule-HTML-Section&appliesTo=Rule-URLMappings&pyRuleName=pzRuleFormStatus&RequestClass=Rule-HTML-Section&RequestAppliesTo=Rule-URLMappings&RequestRuleName=pzRuleFormStatus Payload: "{\"RequestClass\":\"Rule-HTML-Section\",\"RequestAppliesTo\":\"Rule-URLMappings\",\"RequestRuleName\":\"pzRuleFormStatus\"}" => HTTP 200 (97627 bytes)
[PegaHttpClient] 📡 POST https://zdk8budo.pegaacademy.net/prweb/api/CodeIntelligence/v1/rules/query?pxObjClass=Rule-HTML-Section&appliesTo=Rule-URLMappings&pyRuleName=pzRuleFormHeaderCompareWithDropDown&RequestClass=Rule-HTML-Section&RequestAppliesTo=Rule-URLMappings&RequestRuleName=pzRuleFormHeaderCompareWithDropDown Payload: "{\"RequestClass\":\"Rule-HTML-Section\",\"RequestAppliesTo\":\"Rule-URLMappings\",\"RequestRuleName\":\"pzRuleFormHeaderCompareWithDropDown\"}" => HTTP 200 (25396 bytes)
[PegaHttpClient] 📡 POST https://zdk8budo.pegaacademy.net/prweb/api/CodeIntelligence/v1/rules/query?pxObjClass=Rule-HTML-Section&appliesTo=Rule-URLMappings&pyRuleName=undefined&RequestClass=Rule-HTML-Section&RequestAppliesTo=Rule-URLMappings&RequestRuleName=undefined Payload: "{\"RequestClass\":\"Rule-HTML-Section\",\"RequestAppliesTo\":\"Rule-URLMappings\",\"RequestRuleName\":\"undefined\"}" => HTTP 404 (103 bytes)
[PegaHttpClient] 📡 POST https://zdk8budo.pegaacademy.net/prweb/PRRestService/CodeIntelligence/v1/rules/query?pxObjClass=Rule-HTML-Section&appliesTo=Rule-URLMappings&pyRuleName=undefined&RequestClass=Rule-HTML-Section&RequestAppliesTo=Rule-URLMappings&RequestRuleName=undefined Payload: "{\"RequestClass\":\"Rule-HTML-Section\",\"RequestAppliesTo\":\"Rule-URLMappings\",\"RequestRuleName\":\"undefined\"}" => HTTP 404 (103 bytes)
[PegaHttpClient] 📡 POST https://zdk8budo.pegaacademy.net/prweb/api/HRAppsV2Service/V1/rules/query?pxObjClass=Rule-HTML-Section&appliesTo=Rule-URLMappings&pyRuleName=undefined&RequestClass=Rule-HTML-Section&RequestAppliesTo=Rule-URLMappings&RequestRuleName=undefined Payload: "{\"RequestClass\":\"Rule-HTML-Section\",\"RequestAppliesTo\":\"Rule-URLMappings\",\"RequestRuleName\":\"undefined\"}" => HTTP 404 (18 bytes)
[PegaHttpClient] 📡 POST https://zdk8budo.pegaacademy.net/prweb/PRRestService/HRAppsV2Service/V1/rules/query?pxObjClass=Rule-HTML-Section&appliesTo=Rule-URLMappings&pyRuleName=undefined&RequestClass=Rule-HTML-Section&RequestAppliesTo=Rule-URLMappings&RequestRuleName=undefined Payload: "{\"RequestClass\":\"Rule-HTML-Section\",\"RequestAppliesTo\":\"Rule-URLMappings\",\"RequestRuleName\":\"undefined\"}" => HTTP 404 (18 bytes)
[PegaHttpClient] 📡 POST https://zdk8budo.pegaacademy.net/prweb/api/HRAppsV2/V1/rules/query?pxObjClass=Rule-HTML-Section&appliesTo=Rule-URLMappings&pyRuleName=undefined&RequestClass=Rule-HTML-Section&RequestAppliesTo=Rule-URLMappings&RequestRuleName=undefined Payload: "{\"RequestClass\":\"Rule-HTML-Section\",\"RequestAppliesTo\":\"Rule-URLMappings\",\"RequestRuleName\":\"undefined\"}" => HTTP 404 (18 bytes)
[PegaHttpClient] 📡 POST https://zdk8budo.pegaacademy.net/prweb/PRRestService/HRAppsV2/V1/rules/query?pxObjClass=Rule-HTML-Section&appliesTo=Rule-URLMappings&pyRuleName=undefined&RequestClass=Rule-HTML-Section&RequestAppliesTo=Rule-URLMappings&RequestRuleName=undefined Payload: "{\"RequestClass\":\"Rule-HTML-Section\",\"RequestAppliesTo\":\"Rule-URLMappings\",\"RequestRuleName\":\"undefined\"}" => HTTP 404 (18 bytes)
[PegaHttpClient] 📡 POST https://zdk8budo.pegaacademy.net/prweb/api/v1/rules/query?pxObjClass=Rule-HTML-Section&appliesTo=Rule-URLMappings&pyRuleName=undefined&RequestClass=Rule-HTML-Section&RequestAppliesTo=Rule-URLMappings&RequestRuleName=undefined Payload: "{\"RequestClass\":\"Rule-HTML-Section\",\"RequestAppliesTo\":\"Rule-URLMappings\",\"RequestRuleName\":\"undefined\"}" => HTTP 404 (18 bytes)
[PegaHttpClient] 📡 POST https://zdk8budo.pegaacademy.net/prweb/PRRestService/v1/rules/query?pxObjClass=Rule-HTML-Section&appliesTo=Rule-URLMappings&pyRuleName=undefined&RequestClass=Rule-HTML-Section&RequestAppliesTo=Rule-URLMappings&RequestRuleName=undefined Payload: "{\"RequestClass\":\"Rule-HTML-Section\",\"RequestAppliesTo\":\"Rule-URLMappings\",\"RequestRuleName\":\"undefined\"}" => HTTP 404 (18 bytes)
[PegaHttpClient] 📡 POST https://zdk8budo.pegaacademy.net/prweb/api/CodeIntelligence/v1/rules/query?pxObjClass=Rule-HTML-Section&appliesTo=Rule-URLMappings&pyRuleName=pzRuleFormToolbarHotKeys&RequestClass=Rule-HTML-Section&RequestAppliesTo=Rule-URLMappings&RequestRuleName=pzRuleFormToolbarHotKeys Payload: "{\"RequestClass\":\"Rule-HTML-Section\",\"RequestAppliesTo\":\"Rule-URLMappings\",\"RequestRuleName\":\"pzRuleFormToolbarHotKeys\"}" => HTTP 200 (85058 bytes)
[PegaHttpClient] 📡 POST https://zdk8budo.pegaacademy.net/prweb/api/CodeIntelligence/v1/rules/query?pxObjClass=Rule-HTML-Section&appliesTo=Rule-URLMappings&pyRuleName=pzRuleFormToolbarLockedIcon&RequestClass=Rule-HTML-Section&RequestAppliesTo=Rule-URLMappings&RequestRuleName=pzRuleFormToolbarLockedIcon Payload: "{\"RequestClass\":\"Rule-HTML-Section\",\"RequestAppliesTo\":\"Rule-URLMappings\",\"RequestRuleName\":\"pzRuleFormToolbarLockedIcon\"}" => HTTP 200 (24898 bytes)
[PegaHttpClient] 📡 POST https://zdk8budo.pegaacademy.net/prweb/api/CodeIntelligence/v1/rules/query?pxObjClass=Rule-HTML-Section&appliesTo=Rule-URLMappings&pyRuleName=pzRuleFormToolbarCollaborators&RequestClass=Rule-HTML-Section&RequestAppliesTo=Rule-URLMappings&RequestRuleName=pzRuleFormToolbarCollaborators Payload: "{\"RequestClass\":\"Rule-HTML-Section\",\"RequestAppliesTo\":\"Rule-URLMappings\",\"RequestRuleName\":\"pzRuleFormToolbarCollaborators\"}" => HTTP 200 (15254 bytes)
[PegaHttpClient] 📡 POST https://zdk8budo.pegaacademy.net/prweb/api/CodeIntelligence/v1/rules/query?pxObjClass=Rule-HTML-Section&appliesTo=Rule-URLMappings&pyRuleName=pzRuleFormToolbarSaveAs&RequestClass=Rule-HTML-Section&RequestAppliesTo=Rule-URLMappings&RequestRuleName=pzRuleFormToolbarSaveAs Payload: "{\"RequestClass\":\"Rule-HTML-Section\",\"RequestAppliesTo\":\"Rule-URLMappings\",\"RequestRuleName\":\"pzRuleFormToolbarSaveAs\"}" => HTTP 200 (64084 bytes)
[PegaHttpClient] 📡 POST https://zdk8budo.pegaacademy.net/prweb/api/CodeIntelligence/v1/rules/query?pxObjClass=Rule-HTML-Section&appliesTo=Rule-URLMappings&pyRuleName=pzRuleFormToolbarCheckin&RequestClass=Rule-HTML-Section&RequestAppliesTo=Rule-URLMappings&RequestRuleName=pzRuleFormToolbarCheckin Payload: "{\"RequestClass\":\"Rule-HTML-Section\",\"RequestAppliesTo\":\"Rule-URLMappings\",\"RequestRuleName\":\"pzRuleFormToolbarCheckin\"}" => HTTP 200 (119096 bytes)
[PegaHttpClient] 📡 POST https://zdk8budo.pegaacademy.net/prweb/api/CodeIntelligence/v1/rules/query?pxObjClass=Rule-HTML-Section&appliesTo=Rule-URLMappings&pyRuleName=pzRuleFormToolbarDelete&RequestClass=Rule-HTML-Section&RequestAppliesTo=Rule-URLMappings&RequestRuleName=pzRuleFormToolbarDelete Payload: "{\"RequestClass\":\"Rule-HTML-Section\",\"RequestAppliesTo\":\"Rule-URLMappings\",\"RequestRuleName\":\"pzRuleFormToolbarDelete\"}" => HTTP 200 (30249 bytes)
[PegaHttpClient] 📡 POST https://zdk8budo.pegaacademy.net/prweb/api/CodeIntelligence/v1/rules/query?pxObjClass=Rule-HTML-Section&appliesTo=Rule-URLMappings&pyRuleName=pzRuleFormToolbarSave&RequestClass=Rule-HTML-Section&RequestAppliesTo=Rule-URLMappings&RequestRuleName=pzRuleFormToolbarSave Payload: "{\"RequestClass\":\"Rule-HTML-Section\",\"RequestAppliesTo\":\"Rule-URLMappings\",\"RequestRuleName\":\"pzRuleFormToolbarSave\"}" => HTTP 200 (293885 bytes)
[PegaHttpClient] 📡 POST https://zdk8budo.pegaacademy.net/prweb/api/CodeIntelligence/v1/rules/query?pxObjClass=Rule-HTML-Section&appliesTo=Rule-URLMappings&pyRuleName=pzRuleFormToolbarCheckout&RequestClass=Rule-HTML-Section&RequestAppliesTo=Rule-URLMappings&RequestRuleName=pzRuleFormToolbarCheckout Payload: "{\"RequestClass\":\"Rule-HTML-Section\",\"RequestAppliesTo\":\"Rule-URLMappings\",\"RequestRuleName\":\"pzRuleFormToolbarCheckout\"}" => HTTP 200 (238148 bytes)
[PegaHttpClient] 📡 POST https://zdk8budo.pegaacademy.net/prweb/api/CodeIntelligence/v1/rules/query?pxObjClass=Rule-HTML-Section&appliesTo=Rule-URLMappings&pyRuleName=pzRemoveErrorsDataPage&RequestClass=Rule-HTML-Section&RequestAppliesTo=Rule-URLMappings&RequestRuleName=pzRemoveErrorsDataPage Payload: "{\"RequestClass\":\"Rule-HTML-Section\",\"RequestAppliesTo\":\"Rule-URLMappings\",\"RequestRuleName\":\"pzRemoveErrorsDataPage\"}" => HTTP 200 (16733 bytes)
[PegaHttpClient] 📡 POST https://zdk8budo.pegaacademy.net/prweb/api/CodeIntelligence/v1/rules/query?pxObjClass=Rule-HTML-Section&appliesTo=Rule-URLMappings&pyRuleName=pzRuleFormHeaderMessagesWrapper&RequestClass=Rule-HTML-Section&RequestAppliesTo=Rule-URLMappings&RequestRuleName=pzRuleFormHeaderMessagesWrapper Payload: "{\"RequestClass\":\"Rule-HTML-Section\",\"RequestAppliesTo\":\"Rule-URLMappings\",\"RequestRuleName\":\"pzRuleFormHeaderMessagesWrapper\"}" => HTTP 200 (16981 bytes)
[PegaHttpClient] 📡 POST https://zdk8budo.pegaacademy.net/prweb/api/CodeIntelligence/v1/rules/query?pxObjClass=Rule-HTML-Section&appliesTo=Rule-URLMappings&pyRuleName=pzScm_RuleHistory&RequestClass=Rule-HTML-Section&RequestAppliesTo=Rule-URLMappings&RequestRuleName=pzScm_RuleHistory Payload: "{\"RequestClass\":\"Rule-HTML-Section\",\"RequestAppliesTo\":\"Rule-URLMappings\",\"RequestRuleName\":\"pzScm_RuleHistory\"}" => HTTP 200 (14682 bytes)
[PegaHttpClient] 📡 POST https://zdk8budo.pegaacademy.net/prweb/api/CodeIntelligence/v1/rules/query?pxObjClass=Rule-HTML-Section&appliesTo=Rule-URLMappings&pyRuleName=pxDisplayCollaborators&RequestClass=Rule-HTML-Section&RequestAppliesTo=Rule-URLMappings&RequestRuleName=pxDisplayCollaborators Payload: "{\"RequestClass\":\"Rule-HTML-Section\",\"RequestAppliesTo\":\"Rule-URLMappings\",\"RequestRuleName\":\"pxDisplayCollaborators\"}" => HTTP 200 (94171 bytes)
[PegaHttpClient] 📡 POST https://zdk8budo.pegaacademy.net/prweb/api/CodeIntelligence/v1/rules/query?pxObjClass=Rule-HTML-Section&appliesTo=Rule-URLMappings&pyRuleName=pzRuleFormToolbarDeleteCheckOut&RequestClass=Rule-HTML-Section&RequestAppliesTo=Rule-URLMappings&RequestRuleName=pzRuleFormToolbarDeleteCheckOut Payload: "{\"RequestClass\":\"Rule-HTML-Section\",\"RequestAppliesTo\":\"Rule-URLMappings\",\"RequestRuleName\":\"pzRuleFormToolbarDeleteCheckOut\"}" => HTTP 200 (29433 bytes)
[PegaHttpClient] 📡 POST https://zdk8budo.pegaacademy.net/prweb/api/CodeIntelligence/v1/rules/query?pxObjClass=Rule-HTML-Section&appliesTo=Rule-URLMappings&pyRuleName=pzRuleFormToolbarDeleteRule&RequestClass=Rule-HTML-Section&RequestAppliesTo=Rule-URLMappings&RequestRuleName=pzRuleFormToolbarDeleteRule Payload: "{\"RequestClass\":\"Rule-HTML-Section\",\"RequestAppliesTo\":\"Rule-URLMappings\",\"RequestRuleName\":\"pzRuleFormToolbarDeleteRule\"}" => HTTP 200 (32314 bytes)
[PegaHttpClient] 📡 POST https://zdk8budo.pegaacademy.net/prweb/api/CodeIntelligence/v1/rules/query?pxObjClass=Rule-HTML-Section&appliesTo=Rule-URLMappings&pyRuleName=pzLoadCollaborationScripts&RequestClass=Rule-HTML-Section&RequestAppliesTo=Rule-URLMappings&RequestRuleName=pzLoadCollaborationScripts Payload: "{\"RequestClass\":\"Rule-HTML-Section\",\"RequestAppliesTo\":\"Rule-URLMappings\",\"RequestRuleName\":\"pzLoadCollaborationScripts\"}" => HTTP 200 (23453 bytes)
[PegaHttpClient] 📡 POST https://zdk8budo.pegaacademy.net/prweb/api/CodeIntelligence/v1/rules/query?pxObjClass=Rule-HTML-Section&appliesTo=Rule-URLMappings&pyRuleName=pzDisplayCollaboratorsList&RequestClass=Rule-HTML-Section&RequestAppliesTo=Rule-URLMappings&RequestRuleName=pzDisplayCollaboratorsList Payload: "{\"RequestClass\":\"Rule-HTML-Section\",\"RequestAppliesTo\":\"Rule-URLMappings\",\"RequestRuleName\":\"pzDisplayCollaboratorsList\"}" => HTTP 200 (105418 bytes)
[PegaHttpClient] 📡 POST https://zdk8budo.pegaacademy.net/prweb/api/CodeIntelligence/v1/rules/query?pxObjClass=Rule-HTML-Section&appliesTo=Rule-URLMappings&pyRuleName=pyCollaborator&RequestClass=Rule-HTML-Section&RequestAppliesTo=Rule-URLMappings&RequestRuleName=pyCollaborator Payload: "{\"RequestClass\":\"Rule-HTML-Section\",\"RequestAppliesTo\":\"Rule-URLMappings\",\"RequestRuleName\":\"pyCollaborator\"}" => HTTP 404 (108 bytes)
[PegaHttpClient] 📡 POST https://zdk8budo.pegaacademy.net/prweb/PRRestService/CodeIntelligence/v1/rules/query?pxObjClass=Rule-HTML-Section&appliesTo=Rule-URLMappings&pyRuleName=pyCollaborator&RequestClass=Rule-HTML-Section&RequestAppliesTo=Rule-URLMappings&RequestRuleName=pyCollaborator Payload: "{\"RequestClass\":\"Rule-HTML-Section\",\"RequestAppliesTo\":\"Rule-URLMappings\",\"RequestRuleName\":\"pyCollaborator\"}" => HTTP 404 (108 bytes)
[PegaHttpClient] 📡 POST https://zdk8budo.pegaacademy.net/prweb/api/HRAppsV2Service/V1/rules/query?pxObjClass=Rule-HTML-Section&appliesTo=Rule-URLMappings&pyRuleName=pyCollaborator&RequestClass=Rule-HTML-Section&RequestAppliesTo=Rule-URLMappings&RequestRuleName=pyCollaborator Payload: "{\"RequestClass\":\"Rule-HTML-Section\",\"RequestAppliesTo\":\"Rule-URLMappings\",\"RequestRuleName\":\"pyCollaborator\"}" => HTTP 404 (18 bytes)
[PegaHttpClient] 📡 POST https://zdk8budo.pegaacademy.net/prweb/PRRestService/HRAppsV2Service/V1/rules/query?pxObjClass=Rule-HTML-Section&appliesTo=Rule-URLMappings&pyRuleName=pyCollaborator&RequestClass=Rule-HTML-Section&RequestAppliesTo=Rule-URLMappings&RequestRuleName=pyCollaborator Payload: "{\"RequestClass\":\"Rule-HTML-Section\",\"RequestAppliesTo\":\"Rule-URLMappings\",\"RequestRuleName\":\"pyCollaborator\"}" => HTTP 404 (18 bytes)
[PegaHttpClient] 📡 POST https://zdk8budo.pegaacademy.net/prweb/api/HRAppsV2/V1/rules/query?pxObjClass=Rule-HTML-Section&appliesTo=Rule-URLMappings&pyRuleName=pyCollaborator&RequestClass=Rule-HTML-Section&RequestAppliesTo=Rule-URLMappings&RequestRuleName=pyCollaborator Payload: "{\"RequestClass\":\"Rule-HTML-Section\",\"RequestAppliesTo\":\"Rule-URLMappings\",\"RequestRuleName\":\"pyCollaborator\"}" => HTTP 404 (18 bytes)
[PegaHttpClient] 📡 POST https://zdk8budo.pegaacademy.net/prweb/PRRestService/HRAppsV2/V1/rules/query?pxObjClass=Rule-HTML-Section&appliesTo=Rule-URLMappings&pyRuleName=pyCollaborator&RequestClass=Rule-HTML-Section&RequestAppliesTo=Rule-URLMappings&RequestRuleName=pyCollaborator Payload: "{\"RequestClass\":\"Rule-HTML-Section\",\"RequestAppliesTo\":\"Rule-URLMappings\",\"RequestRuleName\":\"pyCollaborator\"}" => HTTP 404 (18 bytes)
[PegaHttpClient] 📡 POST https://zdk8budo.pegaacademy.net/prweb/api/v1/rules/query?pxObjClass=Rule-HTML-Section&appliesTo=Rule-URLMappings&pyRuleName=pyCollaborator&RequestClass=Rule-HTML-Section&RequestAppliesTo=Rule-URLMappings&RequestRuleName=pyCollaborator Payload: "{\"RequestClass\":\"Rule-HTML-Section\",\"RequestAppliesTo\":\"Rule-URLMappings\",\"RequestRuleName\":\"pyCollaborator\"}" => HTTP 404 (18 bytes)
[PegaHttpClient] 📡 POST https://zdk8budo.pegaacademy.net/prweb/PRRestService/v1/rules/query?pxObjClass=Rule-HTML-Section&appliesTo=Rule-URLMappings&pyRuleName=pyCollaborator&RequestClass=Rule-HTML-Section&RequestAppliesTo=Rule-URLMappings&RequestRuleName=pyCollaborator Payload: "{\"RequestClass\":\"Rule-HTML-Section\",\"RequestAppliesTo\":\"Rule-URLMappings\",\"RequestRuleName\":\"pyCollaborator\"}" => HTTP 404 (18 bytes)
[PegaHttpClient] 📡 POST https://zdk8budo.pegaacademy.net/prweb/api/CodeIntelligence/v1/rules/query?pxObjClass=Rule-HTML-Section&appliesTo=Rule-URLMappings&pyRuleName=pzDisplayPartialCount&RequestClass=Rule-HTML-Section&RequestAppliesTo=Rule-URLMappings&RequestRuleName=pzDisplayPartialCount Payload: "{\"RequestClass\":\"Rule-HTML-Section\",\"RequestAppliesTo\":\"Rule-URLMappings\",\"RequestRuleName\":\"pzDisplayPartialCount\"}" => HTTP 404 (115 bytes)
[PegaHttpClient] 📡 POST https://zdk8budo.pegaacademy.net/prweb/PRRestService/CodeIntelligence/v1/rules/query?pxObjClass=Rule-HTML-Section&appliesTo=Rule-URLMappings&pyRuleName=pzDisplayPartialCount&RequestClass=Rule-HTML-Section&RequestAppliesTo=Rule-URLMappings&RequestRuleName=pzDisplayPartialCount Payload: "{\"RequestClass\":\"Rule-HTML-Section\",\"RequestAppliesTo\":\"Rule-URLMappings\",\"RequestRuleName\":\"pzDisplayPartialCount\"}" => HTTP 404 (115 bytes)
[PegaHttpClient] 📡 POST https://zdk8budo.pegaacademy.net/prweb/api/HRAppsV2Service/V1/rules/query?pxObjClass=Rule-HTML-Section&appliesTo=Rule-URLMappings&pyRuleName=pzDisplayPartialCount&RequestClass=Rule-HTML-Section&RequestAppliesTo=Rule-URLMappings&RequestRuleName=pzDisplayPartialCount Payload: "{\"RequestClass\":\"Rule-HTML-Section\",\"RequestAppliesTo\":\"Rule-URLMappings\",\"RequestRuleName\":\"pzDisplayPartialCount\"}" => HTTP 404 (18 bytes)
[PegaHttpClient] 📡 POST https://zdk8budo.pegaacademy.net/prweb/PRRestService/HRAppsV2Service/V1/rules/query?pxObjClass=Rule-HTML-Section&appliesTo=Rule-URLMappings&pyRuleName=pzDisplayPartialCount&RequestClass=Rule-HTML-Section&RequestAppliesTo=Rule-URLMappings&RequestRuleName=pzDisplayPartialCount Payload: "{\"RequestClass\":\"Rule-HTML-Section\",\"RequestAppliesTo\":\"Rule-URLMappings\",\"RequestRuleName\":\"pzDisplayPartialCount\"}" => HTTP 404 (18 bytes)
[PegaHttpClient] 📡 POST https://zdk8budo.pegaacademy.net/prweb/api/HRAppsV2/V1/rules/query?pxObjClass=Rule-HTML-Section&appliesTo=Rule-URLMappings&pyRuleName=pzDisplayPartialCount&RequestClass=Rule-HTML-Section&RequestAppliesTo=Rule-URLMappings&RequestRuleName=pzDisplayPartialCount Payload: "{\"RequestClass\":\"Rule-HTML-Section\",\"RequestAppliesTo\":\"Rule-URLMappings\",\"RequestRuleName\":\"pzDisplayPartialCount\"}" => HTTP 404 (18 bytes)
[PegaHttpClient] 📡 POST https://zdk8budo.pegaacademy.net/prweb/PRRestService/HRAppsV2/V1/rules/query?pxObjClass=Rule-HTML-Section&appliesTo=Rule-URLMappings&pyRuleName=pzDisplayPartialCount&RequestClass=Rule-HTML-Section&RequestAppliesTo=Rule-URLMappings&RequestRuleName=pzDisplayPartialCount Payload: "{\"RequestClass\":\"Rule-HTML-Section\",\"RequestAppliesTo\":\"Rule-URLMappings\",\"RequestRuleName\":\"pzDisplayPartialCount\"}" => HTTP 404 (18 bytes)
[PegaHttpClient] 📡 POST https://zdk8budo.pegaacademy.net/prweb/api/v1/rules/query?pxObjClass=Rule-HTML-Section&appliesTo=Rule-URLMappings&pyRuleName=pzDisplayPartialCount&RequestClass=Rule-HTML-Section&RequestAppliesTo=Rule-URLMappings&RequestRuleName=pzDisplayPartialCount Payload: "{\"RequestClass\":\"Rule-HTML-Section\",\"RequestAppliesTo\":\"Rule-URLMappings\",\"RequestRuleName\":\"pzDisplayPartialCount\"}" => HTTP 404 (18 bytes)
[PegaHttpClient] 📡 POST https://zdk8budo.pegaacademy.net/prweb/PRRestService/v1/rules/query?pxObjClass=Rule-HTML-Section&appliesTo=Rule-URLMappings&pyRuleName=pzDisplayPartialCount&RequestClass=Rule-HTML-Section&RequestAppliesTo=Rule-URLMappings&RequestRuleName=pzDisplayPartialCount Payload: "{\"RequestClass\":\"Rule-HTML-Section\",\"RequestAppliesTo\":\"Rule-URLMappings\",\"RequestRuleName\":\"pzDisplayPartialCount\"}" => HTTP 404 (18 bytes)
[SchemaGen] ✅ Schema written for Rule-URLMappings
[PegaHttpClient] 📡 GET https://zdk8budo.pegaacademy.net/prweb/api/CodeIntelligence/v1/rules/RULE-HTML-HARNESS%20RULE-ACCESS-POLICY%20RULEFORM%20%2320180713T132617.556%20GMT => HTTP 200 (34613 bytes)
[PegaHttpClient] 📡 POST https://zdk8budo.pegaacademy.net/prweb/api/CodeIntelligence/v1/rules/query?pxObjClass=Rule-HTML-Section&appliesTo=Rule-Access-Policy&pyRuleName=RuleFormMain&RequestClass=Rule-HTML-Section&RequestAppliesTo=Rule-Access-Policy&RequestRuleName=RuleFormMain Payload: "{\"RequestClass\":\"Rule-HTML-Section\",\"RequestAppliesTo\":\"Rule-Access-Policy\",\"RequestRuleName\":\"RuleFormMain\"}" => HTTP 200 (156234 bytes)
[PegaHttpClient] 📡 POST https://zdk8budo.pegaacademy.net/prweb/api/CodeIntelligence/v1/rules/query?pxObjClass=Rule-HTML-Section&appliesTo=Rule-Access-Policy&pyRuleName=pxAlternateRuleForm&RequestClass=Rule-HTML-Section&RequestAppliesTo=Rule-Access-Policy&RequestRuleName=pxAlternateRuleForm Payload: "{\"RequestClass\":\"Rule-HTML-Section\",\"RequestAppliesTo\":\"Rule-Access-Policy\",\"RequestRuleName\":\"pxAlternateRuleForm\"}" => HTTP 200 (66153 bytes)
[PegaHttpClient] 📡 POST https://zdk8budo.pegaacademy.net/prweb/api/CodeIntelligence/v1/rules/query?pxObjClass=Rule-HTML-Section&appliesTo=Rule-Access-Policy&pyRuleName=pzRuleFormScripts&RequestClass=Rule-HTML-Section&RequestAppliesTo=Rule-Access-Policy&RequestRuleName=pzRuleFormScripts Payload: "{\"RequestClass\":\"Rule-HTML-Section\",\"RequestAppliesTo\":\"Rule-Access-Policy\",\"RequestRuleName\":\"pzRuleFormScripts\"}" => HTTP 200 (40822 bytes)
[PegaHttpClient] 📡 POST https://zdk8budo.pegaacademy.net/prweb/api/CodeIntelligence/v1/rules/query?pxObjClass=Rule-HTML-Section&appliesTo=Rule-Access-Policy&pyRuleName=pzRuleFormLayoutDelegated&RequestClass=Rule-HTML-Section&RequestAppliesTo=Rule-Access-Policy&RequestRuleName=pzRuleFormLayoutDelegated Payload: "{\"RequestClass\":\"Rule-HTML-Section\",\"RequestAppliesTo\":\"Rule-Access-Policy\",\"RequestRuleName\":\"pzRuleFormLayoutDelegated\"}" => HTTP 200 (70998 bytes)
[PegaHttpClient] 📡 POST https://zdk8budo.pegaacademy.net/prweb/api/CodeIntelligence/v1/rules/query?pxObjClass=Rule-HTML-Section&appliesTo=Rule-Access-Policy&pyRuleName=RuleFormLayout&RequestClass=Rule-HTML-Section&RequestAppliesTo=Rule-Access-Policy&RequestRuleName=RuleFormLayout Payload: "{\"RequestClass\":\"Rule-HTML-Section\",\"RequestAppliesTo\":\"Rule-Access-Policy\",\"RequestRuleName\":\"RuleFormLayout\"}" => HTTP 200 (71243 bytes)
[PegaHttpClient] 📡 POST https://zdk8budo.pegaacademy.net/prweb/api/CodeIntelligence/v1/rules/query?pxObjClass=Rule-HTML-Section&appliesTo=Rule-Access-Policy&pyRuleName=RuleFormSettings&RequestClass=Rule-HTML-Section&RequestAppliesTo=Rule-Access-Policy&RequestRuleName=RuleFormSettings Payload: "{\"RequestClass\":\"Rule-HTML-Section\",\"RequestAppliesTo\":\"Rule-Access-Policy\",\"RequestRuleName\":\"RuleFormSettings\"}" => HTTP 200 (20540 bytes)
[PegaHttpClient] 📡 POST https://zdk8budo.pegaacademy.net/prweb/api/CodeIntelligence/v1/rules/query?pxObjClass=Rule-HTML-Section&appliesTo=Rule-Access-Policy&pyRuleName=OpenAuthoring&RequestClass=Rule-HTML-Section&RequestAppliesTo=Rule-Access-Policy&RequestRuleName=OpenAuthoring Payload: "{\"RequestClass\":\"Rule-HTML-Section\",\"RequestAppliesTo\":\"Rule-Access-Policy\",\"RequestRuleName\":\"OpenAuthoring\"}" => HTTP 200 (23695 bytes)
[PegaHttpClient] 📡 POST https://zdk8budo.pegaacademy.net/prweb/api/CodeIntelligence/v1/rules/query?pxObjClass=Rule-HTML-Section&appliesTo=Rule-Access-Policy&pyRuleName=pyCustomHelp&RequestClass=Rule-HTML-Section&RequestAppliesTo=Rule-Access-Policy&RequestRuleName=pyCustomHelp Payload: "{\"RequestClass\":\"Rule-HTML-Section\",\"RequestAppliesTo\":\"Rule-Access-Policy\",\"RequestRuleName\":\"pyCustomHelp\"}" => HTTP 200 (17256 bytes)
[PegaHttpClient] 📡 POST https://zdk8budo.pegaacademy.net/prweb/api/CodeIntelligence/v1/rules/query?pxObjClass=Rule-HTML-Section&appliesTo=Rule-Access-Policy&pyRuleName=pzRuleformMainInclude&RequestClass=Rule-HTML-Section&RequestAppliesTo=Rule-Access-Policy&RequestRuleName=pzRuleformMainInclude Payload: "{\"RequestClass\":\"Rule-HTML-Section\",\"RequestAppliesTo\":\"Rule-Access-Policy\",\"RequestRuleName\":\"pzRuleformMainInclude\"}" => HTTP 200 (22375 bytes)
[PegaHttpClient] 📡 POST https://zdk8budo.pegaacademy.net/prweb/api/CodeIntelligence/v1/rules/query?pxObjClass=Rule-HTML-Section&appliesTo=Rule-Access-Policy&pyRuleName=pyAlternativeRuleFormStrategicAppExtension&RequestClass=Rule-HTML-Section&RequestAppliesTo=Rule-Access-Policy&RequestRuleName=pyAlternativeRuleFormStrategicAppExtension Payload: "{\"RequestClass\":\"Rule-HTML-Section\",\"RequestAppliesTo\":\"Rule-Access-Policy\",\"RequestRuleName\":\"pyAlternativeRuleFormStrategicAppExtension\"}" => HTTP 200 (25042 bytes)
[PegaHttpClient] 📡 POST https://zdk8budo.pegaacademy.net/prweb/api/CodeIntelligence/v1/rules/query?pxObjClass=Rule-HTML-Section&appliesTo=Rule-Access-Policy&pyRuleName=pyAlternativeRuleFormExtension&RequestClass=Rule-HTML-Section&RequestAppliesTo=Rule-Access-Policy&RequestRuleName=pyAlternativeRuleFormExtension Payload: "{\"RequestClass\":\"Rule-HTML-Section\",\"RequestAppliesTo\":\"Rule-Access-Policy\",\"RequestRuleName\":\"pyAlternativeRuleFormExtension\"}" => HTTP 200 (24863 bytes)
[PegaHttpClient] 📡 POST https://zdk8budo.pegaacademy.net/prweb/api/CodeIntelligence/v1/rules/query?pxObjClass=Rule-HTML-Section&appliesTo=Rule-Access-Policy&pyRuleName=RuleFormHeader&RequestClass=Rule-HTML-Section&RequestAppliesTo=Rule-Access-Policy&RequestRuleName=RuleFormHeader Payload: "{\"RequestClass\":\"Rule-HTML-Section\",\"RequestAppliesTo\":\"Rule-Access-Policy\",\"RequestRuleName\":\"RuleFormHeader\"}" => HTTP 200 (183800 bytes)
[PegaHttpClient] 📡 POST https://zdk8budo.pegaacademy.net/prweb/api/CodeIntelligence/v1/rules/query?pxObjClass=Rule-HTML-Section&appliesTo=Rule-Access-Policy&pyRuleName=pzDelegationExperience&RequestClass=Rule-HTML-Section&RequestAppliesTo=Rule-Access-Policy&RequestRuleName=pzDelegationExperience Payload: "{\"RequestClass\":\"Rule-HTML-Section\",\"RequestAppliesTo\":\"Rule-Access-Policy\",\"RequestRuleName\":\"pzDelegationExperience\"}" => HTTP 404 (118 bytes)
[PegaHttpClient] 📡 POST https://zdk8budo.pegaacademy.net/prweb/PRRestService/CodeIntelligence/v1/rules/query?pxObjClass=Rule-HTML-Section&appliesTo=Rule-Access-Policy&pyRuleName=pzDelegationExperience&RequestClass=Rule-HTML-Section&RequestAppliesTo=Rule-Access-Policy&RequestRuleName=pzDelegationExperience Payload: "{\"RequestClass\":\"Rule-HTML-Section\",\"RequestAppliesTo\":\"Rule-Access-Policy\",\"RequestRuleName\":\"pzDelegationExperience\"}" => HTTP 404 (118 bytes)
[PegaHttpClient] 📡 POST https://zdk8budo.pegaacademy.net/prweb/api/HRAppsV2Service/V1/rules/query?pxObjClass=Rule-HTML-Section&appliesTo=Rule-Access-Policy&pyRuleName=pzDelegationExperience&RequestClass=Rule-HTML-Section&RequestAppliesTo=Rule-Access-Policy&RequestRuleName=pzDelegationExperience Payload: "{\"RequestClass\":\"Rule-HTML-Section\",\"RequestAppliesTo\":\"Rule-Access-Policy\",\"RequestRuleName\":\"pzDelegationExperience\"}" => HTTP 404 (18 bytes)
[PegaHttpClient] 📡 POST https://zdk8budo.pegaacademy.net/prweb/PRRestService/HRAppsV2Service/V1/rules/query?pxObjClass=Rule-HTML-Section&appliesTo=Rule-Access-Policy&pyRuleName=pzDelegationExperience&RequestClass=Rule-HTML-Section&RequestAppliesTo=Rule-Access-Policy&RequestRuleName=pzDelegationExperience Payload: "{\"RequestClass\":\"Rule-HTML-Section\",\"RequestAppliesTo\":\"Rule-Access-Policy\",\"RequestRuleName\":\"pzDelegationExperience\"}" => HTTP 404 (18 bytes)
[PegaHttpClient] 📡 POST https://zdk8budo.pegaacademy.net/prweb/api/HRAppsV2/V1/rules/query?pxObjClass=Rule-HTML-Section&appliesTo=Rule-Access-Policy&pyRuleName=pzDelegationExperience&RequestClass=Rule-HTML-Section&RequestAppliesTo=Rule-Access-Policy&RequestRuleName=pzDelegationExperience Payload: "{\"RequestClass\":\"Rule-HTML-Section\",\"RequestAppliesTo\":\"Rule-Access-Policy\",\"RequestRuleName\":\"pzDelegationExperience\"}" => HTTP 404 (18 bytes)
[PegaHttpClient] 📡 POST https://zdk8budo.pegaacademy.net/prweb/PRRestService/HRAppsV2/V1/rules/query?pxObjClass=Rule-HTML-Section&appliesTo=Rule-Access-Policy&pyRuleName=pzDelegationExperience&RequestClass=Rule-HTML-Section&RequestAppliesTo=Rule-Access-Policy&RequestRuleName=pzDelegationExperience Payload: "{\"RequestClass\":\"Rule-HTML-Section\",\"RequestAppliesTo\":\"Rule-Access-Policy\",\"RequestRuleName\":\"pzDelegationExperience\"}" => HTTP 404 (18 bytes)
[PegaHttpClient] 📡 POST https://zdk8budo.pegaacademy.net/prweb/api/v1/rules/query?pxObjClass=Rule-HTML-Section&appliesTo=Rule-Access-Policy&pyRuleName=pzDelegationExperience&RequestClass=Rule-HTML-Section&RequestAppliesTo=Rule-Access-Policy&RequestRuleName=pzDelegationExperience Payload: "{\"RequestClass\":\"Rule-HTML-Section\",\"RequestAppliesTo\":\"Rule-Access-Policy\",\"RequestRuleName\":\"pzDelegationExperience\"}" => HTTP 404 (18 bytes)
[PegaHttpClient] 📡 POST https://zdk8budo.pegaacademy.net/prweb/PRRestService/v1/rules/query?pxObjClass=Rule-HTML-Section&appliesTo=Rule-Access-Policy&pyRuleName=pzDelegationExperience&RequestClass=Rule-HTML-Section&RequestAppliesTo=Rule-Access-Policy&RequestRuleName=pzDelegationExperience Payload: "{\"RequestClass\":\"Rule-HTML-Section\",\"RequestAppliesTo\":\"Rule-Access-Policy\",\"RequestRuleName\":\"pzDelegationExperience\"}" => HTTP 404 (18 bytes)
[PegaHttpClient] 📡 POST https://zdk8budo.pegaacademy.net/prweb/api/CodeIntelligence/v1/rules/query?pxObjClass=Rule-HTML-Section&appliesTo=Rule-Access-Policy&pyRuleName=pzPolicyDefinition&RequestClass=Rule-HTML-Section&RequestAppliesTo=Rule-Access-Policy&RequestRuleName=pzPolicyDefinition Payload: "{\"RequestClass\":\"Rule-HTML-Section\",\"RequestAppliesTo\":\"Rule-Access-Policy\",\"RequestRuleName\":\"pzPolicyDefinition\"}" => HTTP 200 (115341 bytes)
[PegaHttpClient] 📡 POST https://zdk8budo.pegaacademy.net/prweb/api/CodeIntelligence/v1/rules/query?pxObjClass=Rule-HTML-Section&appliesTo=Rule-Access-Policy&pyRuleName=pzSpecifications&RequestClass=Rule-HTML-Section&RequestAppliesTo=Rule-Access-Policy&RequestRuleName=pzSpecifications Payload: "{\"RequestClass\":\"Rule-HTML-Section\",\"RequestAppliesTo\":\"Rule-Access-Policy\",\"RequestRuleName\":\"pzSpecifications\"}" => HTTP 200 (16577 bytes)
[PegaHttpClient] 📡 POST https://zdk8budo.pegaacademy.net/prweb/api/CodeIntelligence/v1/rules/query?pxObjClass=Rule-HTML-Section&appliesTo=Rule-Access-Policy&pyRuleName=RuleFormHistory&RequestClass=Rule-HTML-Section&RequestAppliesTo=Rule-Access-Policy&RequestRuleName=RuleFormHistory Payload: "{\"RequestClass\":\"Rule-HTML-Section\",\"RequestAppliesTo\":\"Rule-Access-Policy\",\"RequestRuleName\":\"RuleFormHistory\"}" => HTTP 200 (76091 bytes)
[PegaHttpClient] 📡 POST https://zdk8budo.pegaacademy.net/prweb/api/CodeIntelligence/v1/rules/query?pxObjClass=Rule-HTML-Section&appliesTo=Rule-Access-Policy&pyRuleName=pzCustomHelp&RequestClass=Rule-HTML-Section&RequestAppliesTo=Rule-Access-Policy&RequestRuleName=pzCustomHelp Payload: "{\"RequestClass\":\"Rule-HTML-Section\",\"RequestAppliesTo\":\"Rule-Access-Policy\",\"RequestRuleName\":\"pzCustomHelp\"}" => HTTP 200 (31573 bytes)
[PegaHttpClient] 📡 POST https://zdk8budo.pegaacademy.net/prweb/api/CodeIntelligence/v1/rules/query?pxObjClass=Rule-HTML-Section&appliesTo=Rule-Access-Policy&pyRuleName=pzRuleFormKeysAndDescription&RequestClass=Rule-HTML-Section&RequestAppliesTo=Rule-Access-Policy&RequestRuleName=pzRuleFormKeysAndDescription Payload: "{\"RequestClass\":\"Rule-HTML-Section\",\"RequestAppliesTo\":\"Rule-Access-Policy\",\"RequestRuleName\":\"pzRuleFormKeysAndDescription\"}" => HTTP 200 (218057 bytes)
[PegaHttpClient] 📡 POST https://zdk8budo.pegaacademy.net/prweb/api/CodeIntelligence/v1/rules/query?pxObjClass=Rule-HTML-Section&appliesTo=Rule-Access-Policy&pyRuleName=pzRuleFormRuleset&RequestClass=Rule-HTML-Section&RequestAppliesTo=Rule-Access-Policy&RequestRuleName=pzRuleFormRuleset Payload: "{\"RequestClass\":\"Rule-HTML-Section\",\"RequestAppliesTo\":\"Rule-Access-Policy\",\"RequestRuleName\":\"pzRuleFormRuleset\"}" => HTTP 200 (33985 bytes)
[PegaHttpClient] 📡 POST https://zdk8budo.pegaacademy.net/prweb/api/CodeIntelligence/v1/rules/query?pxObjClass=Rule-HTML-Section&appliesTo=Rule-Access-Policy&pyRuleName=undefined&RequestClass=Rule-HTML-Section&RequestAppliesTo=Rule-Access-Policy&RequestRuleName=undefined Payload: "{\"RequestClass\":\"Rule-HTML-Section\",\"RequestAppliesTo\":\"Rule-Access-Policy\",\"RequestRuleName\":\"undefined\"}" => HTTP 404 (105 bytes)
[PegaHttpClient] 📡 POST https://zdk8budo.pegaacademy.net/prweb/PRRestService/CodeIntelligence/v1/rules/query?pxObjClass=Rule-HTML-Section&appliesTo=Rule-Access-Policy&pyRuleName=undefined&RequestClass=Rule-HTML-Section&RequestAppliesTo=Rule-Access-Policy&RequestRuleName=undefined Payload: "{\"RequestClass\":\"Rule-HTML-Section\",\"RequestAppliesTo\":\"Rule-Access-Policy\",\"RequestRuleName\":\"undefined\"}" => HTTP 404 (105 bytes)
[PegaHttpClient] 📡 POST https://zdk8budo.pegaacademy.net/prweb/api/HRAppsV2Service/V1/rules/query?pxObjClass=Rule-HTML-Section&appliesTo=Rule-Access-Policy&pyRuleName=undefined&RequestClass=Rule-HTML-Section&RequestAppliesTo=Rule-Access-Policy&RequestRuleName=undefined Payload: "{\"RequestClass\":\"Rule-HTML-Section\",\"RequestAppliesTo\":\"Rule-Access-Policy\",\"RequestRuleName\":\"undefined\"}" => HTTP 404 (18 bytes)
[PegaHttpClient] 📡 POST https://zdk8budo.pegaacademy.net/prweb/PRRestService/HRAppsV2Service/V1/rules/query?pxObjClass=Rule-HTML-Section&appliesTo=Rule-Access-Policy&pyRuleName=undefined&RequestClass=Rule-HTML-Section&RequestAppliesTo=Rule-Access-Policy&RequestRuleName=undefined Payload: "{\"RequestClass\":\"Rule-HTML-Section\",\"RequestAppliesTo\":\"Rule-Access-Policy\",\"RequestRuleName\":\"undefined\"}" => HTTP 404 (18 bytes)
[PegaHttpClient] 📡 POST https://zdk8budo.pegaacademy.net/prweb/api/HRAppsV2/V1/rules/query?pxObjClass=Rule-HTML-Section&appliesTo=Rule-Access-Policy&pyRuleName=undefined&RequestClass=Rule-HTML-Section&RequestAppliesTo=Rule-Access-Policy&RequestRuleName=undefined Payload: "{\"RequestClass\":\"Rule-HTML-Section\",\"RequestAppliesTo\":\"Rule-Access-Policy\",\"RequestRuleName\":\"undefined\"}" => HTTP 404 (18 bytes)
[PegaHttpClient] 📡 POST https://zdk8budo.pegaacademy.net/prweb/PRRestService/HRAppsV2/V1/rules/query?pxObjClass=Rule-HTML-Section&appliesTo=Rule-Access-Policy&pyRuleName=undefined&RequestClass=Rule-HTML-Section&RequestAppliesTo=Rule-Access-Policy&RequestRuleName=undefined Payload: "{\"RequestClass\":\"Rule-HTML-Section\",\"RequestAppliesTo\":\"Rule-Access-Policy\",\"RequestRuleName\":\"undefined\"}" => HTTP 404 (18 bytes)
[PegaHttpClient] 📡 POST https://zdk8budo.pegaacademy.net/prweb/api/v1/rules/query?pxObjClass=Rule-HTML-Section&appliesTo=Rule-Access-Policy&pyRuleName=undefined&RequestClass=Rule-HTML-Section&RequestAppliesTo=Rule-Access-Policy&RequestRuleName=undefined Payload: "{\"RequestClass\":\"Rule-HTML-Section\",\"RequestAppliesTo\":\"Rule-Access-Policy\",\"RequestRuleName\":\"undefined\"}" => HTTP 404 (18 bytes)
[PegaHttpClient] 📡 POST https://zdk8budo.pegaacademy.net/prweb/PRRestService/v1/rules/query?pxObjClass=Rule-HTML-Section&appliesTo=Rule-Access-Policy&pyRuleName=undefined&RequestClass=Rule-HTML-Section&RequestAppliesTo=Rule-Access-Policy&RequestRuleName=undefined Payload: "{\"RequestClass\":\"Rule-HTML-Section\",\"RequestAppliesTo\":\"Rule-Access-Policy\",\"RequestRuleName\":\"undefined\"}" => HTTP 404 (18 bytes)
[PegaHttpClient] 📡 POST https://zdk8budo.pegaacademy.net/prweb/api/CodeIntelligence/v1/rules/query?pxObjClass=Rule-HTML-Section&appliesTo=Rule-Access-Policy&pyRuleName=pzRuleFormToolbar&RequestClass=Rule-HTML-Section&RequestAppliesTo=Rule-Access-Policy&RequestRuleName=pzRuleFormToolbar Payload: "{\"RequestClass\":\"Rule-HTML-Section\",\"RequestAppliesTo\":\"Rule-Access-Policy\",\"RequestRuleName\":\"pzRuleFormToolbar\"}" => HTTP 200 (242691 bytes)
[PegaHttpClient] 📡 POST https://zdk8budo.pegaacademy.net/prweb/api/CodeIntelligence/v1/rules/query?pxObjClass=Rule-HTML-Section&appliesTo=Rule-Access-Policy&pyRuleName=pzRuleFormToolbarCompare&RequestClass=Rule-HTML-Section&RequestAppliesTo=Rule-Access-Policy&RequestRuleName=pzRuleFormToolbarCompare Payload: "{\"RequestClass\":\"Rule-HTML-Section\",\"RequestAppliesTo\":\"Rule-Access-Policy\",\"RequestRuleName\":\"pzRuleFormToolbarCompare\"}" => HTTP 200 (61925 bytes)
[PegaHttpClient] 📡 POST https://zdk8budo.pegaacademy.net/prweb/api/CodeIntelligence/v1/rules/query?pxObjClass=Rule-HTML-Section&appliesTo=Rule-Access-Policy&pyRuleName=RuleFormHeaderMessages&RequestClass=Rule-HTML-Section&RequestAppliesTo=Rule-Access-Policy&RequestRuleName=RuleFormHeaderMessages Payload: "{\"RequestClass\":\"Rule-HTML-Section\",\"RequestAppliesTo\":\"Rule-Access-Policy\",\"RequestRuleName\":\"RuleFormHeaderMessages\"}" => HTTP 200 (26518 bytes)
[PegaHttpClient] 📡 POST https://zdk8budo.pegaacademy.net/prweb/api/CodeIntelligence/v1/rules/query?pxObjClass=Rule-HTML-Section&appliesTo=Rule-Access-Policy&pyRuleName=pzRestrictedProperties&RequestClass=Rule-HTML-Section&RequestAppliesTo=Rule-Access-Policy&RequestRuleName=pzRestrictedProperties Payload: "{\"RequestClass\":\"Rule-HTML-Section\",\"RequestAppliesTo\":\"Rule-Access-Policy\",\"RequestRuleName\":\"pzRestrictedProperties\"}" => HTTP 200 (74988 bytes)
[PegaHttpClient] 📡 POST https://zdk8budo.pegaacademy.net/prweb/api/CodeIntelligence/v1/rules/query?pxObjClass=Rule-HTML-Section&appliesTo=Rule-Access-Policy&pyRuleName=pzEncryptedProperties&RequestClass=Rule-HTML-Section&RequestAppliesTo=Rule-Access-Policy&RequestRuleName=pzEncryptedProperties Payload: "{\"RequestClass\":\"Rule-HTML-Section\",\"RequestAppliesTo\":\"Rule-Access-Policy\",\"RequestRuleName\":\"pzEncryptedProperties\"}" => HTTP 200 (57058 bytes)
[PegaHttpClient] 📡 POST https://zdk8budo.pegaacademy.net/prweb/api/CodeIntelligence/v1/rules/query?pxObjClass=Rule-HTML-Section&appliesTo=Rule-Access-Policy&pyRuleName=pzSpecificationsInner&RequestClass=Rule-HTML-Section&RequestAppliesTo=Rule-Access-Policy&RequestRuleName=pzSpecificationsInner Payload: "{\"RequestClass\":\"Rule-HTML-Section\",\"RequestAppliesTo\":\"Rule-Access-Policy\",\"RequestRuleName\":\"pzSpecificationsInner\"}" => HTTP 200 (142370 bytes)
[PegaHttpClient] 📡 POST https://zdk8budo.pegaacademy.net/prweb/api/CodeIntelligence/v1/rules/query?pxObjClass=Rule-HTML-Section&appliesTo=Rule-Access-Policy&pyRuleName=pzAlternateRuleInfo&RequestClass=Rule-HTML-Section&RequestAppliesTo=Rule-Access-Policy&RequestRuleName=pzAlternateRuleInfo Payload: "{\"RequestClass\":\"Rule-HTML-Section\",\"RequestAppliesTo\":\"Rule-Access-Policy\",\"RequestRuleName\":\"pzAlternateRuleInfo\"}" => HTTP 200 (140407 bytes)
[PegaHttpClient] 📡 POST https://zdk8budo.pegaacademy.net/prweb/api/CodeIntelligence/v1/rules/query?pxObjClass=Rule-HTML-Section&appliesTo=Rule-Access-Policy&pyRuleName=RuleFormHistory_Description&RequestClass=Rule-HTML-Section&RequestAppliesTo=Rule-Access-Policy&RequestRuleName=RuleFormHistory_Description Payload: "{\"RequestClass\":\"Rule-HTML-Section\",\"RequestAppliesTo\":\"Rule-Access-Policy\",\"RequestRuleName\":\"RuleFormHistory_Description\"}" => HTTP 200 (46242 bytes)
[PegaHttpClient] 📡 POST https://zdk8budo.pegaacademy.net/prweb/api/CodeIntelligence/v1/rules/query?pxObjClass=Rule-HTML-Section&appliesTo=Rule-Access-Policy&pyRuleName=RuleFormHistory_CustomFields&RequestClass=Rule-HTML-Section&RequestAppliesTo=Rule-Access-Policy&RequestRuleName=RuleFormHistory_CustomFields Payload: "{\"RequestClass\":\"Rule-HTML-Section\",\"RequestAppliesTo\":\"Rule-Access-Policy\",\"RequestRuleName\":\"RuleFormHistory_CustomFields\"}" => HTTP 200 (75856 bytes)
[PegaHttpClient] 📡 POST https://zdk8budo.pegaacademy.net/prweb/api/CodeIntelligence/v1/rules/query?pxObjClass=Rule-HTML-Section&appliesTo=Rule-Access-Policy&pyRuleName=RuleFormHistory_HistoryDetails&RequestClass=Rule-HTML-Section&RequestAppliesTo=Rule-Access-Policy&RequestRuleName=RuleFormHistory_HistoryDetails Payload: "{\"RequestClass\":\"Rule-HTML-Section\",\"RequestAppliesTo\":\"Rule-Access-Policy\",\"RequestRuleName\":\"RuleFormHistory_HistoryDetails\"}" => HTTP 200 (179535 bytes)
[PegaHttpClient] 📡 POST https://zdk8budo.pegaacademy.net/prweb/api/CodeIntelligence/v1/rules/query?pxObjClass=Rule-HTML-Section&appliesTo=Rule-Access-Policy&pyRuleName=pzRuleFormStatus&RequestClass=Rule-HTML-Section&RequestAppliesTo=Rule-Access-Policy&RequestRuleName=pzRuleFormStatus Payload: "{\"RequestClass\":\"Rule-HTML-Section\",\"RequestAppliesTo\":\"Rule-Access-Policy\",\"RequestRuleName\":\"pzRuleFormStatus\"}" => HTTP 200 (97627 bytes)
[PegaHttpClient] 📡 POST https://zdk8budo.pegaacademy.net/prweb/api/CodeIntelligence/v1/rules/query?pxObjClass=Rule-HTML-Section&appliesTo=Rule-Access-Policy&pyRuleName=pzRuleFormHeaderCompareWithDropDown&RequestClass=Rule-HTML-Section&RequestAppliesTo=Rule-Access-Policy&RequestRuleName=pzRuleFormHeaderCompareWithDropDown Payload: "{\"RequestClass\":\"Rule-HTML-Section\",\"RequestAppliesTo\":\"Rule-Access-Policy\",\"RequestRuleName\":\"pzRuleFormHeaderCompareWithDropDown\"}" => HTTP 200 (25396 bytes)
[PegaHttpClient] 📡 POST https://zdk8budo.pegaacademy.net/prweb/api/CodeIntelligence/v1/rules/query?pxObjClass=Rule-HTML-Section&appliesTo=Rule-Access-Policy&pyRuleName=undefined&RequestClass=Rule-HTML-Section&RequestAppliesTo=Rule-Access-Policy&RequestRuleName=undefined Payload: "{\"RequestClass\":\"Rule-HTML-Section\",\"RequestAppliesTo\":\"Rule-Access-Policy\",\"RequestRuleName\":\"undefined\"}" => HTTP 404 (105 bytes)
[PegaHttpClient] 📡 POST https://zdk8budo.pegaacademy.net/prweb/PRRestService/CodeIntelligence/v1/rules/query?pxObjClass=Rule-HTML-Section&appliesTo=Rule-Access-Policy&pyRuleName=undefined&RequestClass=Rule-HTML-Section&RequestAppliesTo=Rule-Access-Policy&RequestRuleName=undefined Payload: "{\"RequestClass\":\"Rule-HTML-Section\",\"RequestAppliesTo\":\"Rule-Access-Policy\",\"RequestRuleName\":\"undefined\"}" => HTTP 404 (105 bytes)
[PegaHttpClient] 📡 POST https://zdk8budo.pegaacademy.net/prweb/api/HRAppsV2Service/V1/rules/query?pxObjClass=Rule-HTML-Section&appliesTo=Rule-Access-Policy&pyRuleName=undefined&RequestClass=Rule-HTML-Section&RequestAppliesTo=Rule-Access-Policy&RequestRuleName=undefined Payload: "{\"RequestClass\":\"Rule-HTML-Section\",\"RequestAppliesTo\":\"Rule-Access-Policy\",\"RequestRuleName\":\"undefined\"}" => HTTP 404 (18 bytes)
[PegaHttpClient] 📡 POST https://zdk8budo.pegaacademy.net/prweb/PRRestService/HRAppsV2Service/V1/rules/query?pxObjClass=Rule-HTML-Section&appliesTo=Rule-Access-Policy&pyRuleName=undefined&RequestClass=Rule-HTML-Section&RequestAppliesTo=Rule-Access-Policy&RequestRuleName=undefined Payload: "{\"RequestClass\":\"Rule-HTML-Section\",\"RequestAppliesTo\":\"Rule-Access-Policy\",\"RequestRuleName\":\"undefined\"}" => HTTP 404 (18 bytes)
[PegaHttpClient] 📡 POST https://zdk8budo.pegaacademy.net/prweb/api/HRAppsV2/V1/rules/query?pxObjClass=Rule-HTML-Section&appliesTo=Rule-Access-Policy&pyRuleName=undefined&RequestClass=Rule-HTML-Section&RequestAppliesTo=Rule-Access-Policy&RequestRuleName=undefined Payload: "{\"RequestClass\":\"Rule-HTML-Section\",\"RequestAppliesTo\":\"Rule-Access-Policy\",\"RequestRuleName\":\"undefined\"}" => HTTP 404 (18 bytes)
[PegaHttpClient] 📡 POST https://zdk8budo.pegaacademy.net/prweb/PRRestService/HRAppsV2/V1/rules/query?pxObjClass=Rule-HTML-Section&appliesTo=Rule-Access-Policy&pyRuleName=undefined&RequestClass=Rule-HTML-Section&RequestAppliesTo=Rule-Access-Policy&RequestRuleName=undefined Payload: "{\"RequestClass\":\"Rule-HTML-Section\",\"RequestAppliesTo\":\"Rule-Access-Policy\",\"RequestRuleName\":\"undefined\"}" => HTTP 404 (18 bytes)
[PegaHttpClient] 📡 POST https://zdk8budo.pegaacademy.net/prweb/api/v1/rules/query?pxObjClass=Rule-HTML-Section&appliesTo=Rule-Access-Policy&pyRuleName=undefined&RequestClass=Rule-HTML-Section&RequestAppliesTo=Rule-Access-Policy&RequestRuleName=undefined Payload: "{\"RequestClass\":\"Rule-HTML-Section\",\"RequestAppliesTo\":\"Rule-Access-Policy\",\"RequestRuleName\":\"undefined\"}" => HTTP 404 (18 bytes)
[PegaHttpClient] 📡 POST https://zdk8budo.pegaacademy.net/prweb/PRRestService/v1/rules/query?pxObjClass=Rule-HTML-Section&appliesTo=Rule-Access-Policy&pyRuleName=undefined&RequestClass=Rule-HTML-Section&RequestAppliesTo=Rule-Access-Policy&RequestRuleName=undefined Payload: "{\"RequestClass\":\"Rule-HTML-Section\",\"RequestAppliesTo\":\"Rule-Access-Policy\",\"RequestRuleName\":\"undefined\"}" => HTTP 404 (18 bytes)
[PegaHttpClient] 📡 POST https://zdk8budo.pegaacademy.net/prweb/api/CodeIntelligence/v1/rules/query?pxObjClass=Rule-HTML-Section&appliesTo=Rule-Access-Policy&pyRuleName=pzRuleFormToolbarHotKeys&RequestClass=Rule-HTML-Section&RequestAppliesTo=Rule-Access-Policy&RequestRuleName=pzRuleFormToolbarHotKeys Payload: "{\"RequestClass\":\"Rule-HTML-Section\",\"RequestAppliesTo\":\"Rule-Access-Policy\",\"RequestRuleName\":\"pzRuleFormToolbarHotKeys\"}" => HTTP 200 (85058 bytes)
[PegaHttpClient] 📡 POST https://zdk8budo.pegaacademy.net/prweb/api/CodeIntelligence/v1/rules/query?pxObjClass=Rule-HTML-Section&appliesTo=Rule-Access-Policy&pyRuleName=pzRuleFormToolbarLockedIcon&RequestClass=Rule-HTML-Section&RequestAppliesTo=Rule-Access-Policy&RequestRuleName=pzRuleFormToolbarLockedIcon Payload: "{\"RequestClass\":\"Rule-HTML-Section\",\"RequestAppliesTo\":\"Rule-Access-Policy\",\"RequestRuleName\":\"pzRuleFormToolbarLockedIcon\"}" => HTTP 200 (24898 bytes)
[PegaHttpClient] 📡 POST https://zdk8budo.pegaacademy.net/prweb/api/CodeIntelligence/v1/rules/query?pxObjClass=Rule-HTML-Section&appliesTo=Rule-Access-Policy&pyRuleName=pzRuleFormToolbarCollaborators&RequestClass=Rule-HTML-Section&RequestAppliesTo=Rule-Access-Policy&RequestRuleName=pzRuleFormToolbarCollaborators Payload: "{\"RequestClass\":\"Rule-HTML-Section\",\"RequestAppliesTo\":\"Rule-Access-Policy\",\"RequestRuleName\":\"pzRuleFormToolbarCollaborators\"}" => HTTP 200 (15254 bytes)
[PegaHttpClient] 📡 POST https://zdk8budo.pegaacademy.net/prweb/api/CodeIntelligence/v1/rules/query?pxObjClass=Rule-HTML-Section&appliesTo=Rule-Access-Policy&pyRuleName=pzRuleFormToolbarSaveAs&RequestClass=Rule-HTML-Section&RequestAppliesTo=Rule-Access-Policy&RequestRuleName=pzRuleFormToolbarSaveAs Payload: "{\"RequestClass\":\"Rule-HTML-Section\",\"RequestAppliesTo\":\"Rule-Access-Policy\",\"RequestRuleName\":\"pzRuleFormToolbarSaveAs\"}" => HTTP 200 (64084 bytes)
[PegaHttpClient] 📡 POST https://zdk8budo.pegaacademy.net/prweb/api/CodeIntelligence/v1/rules/query?pxObjClass=Rule-HTML-Section&appliesTo=Rule-Access-Policy&pyRuleName=pzRuleFormToolbarCheckin&RequestClass=Rule-HTML-Section&RequestAppliesTo=Rule-Access-Policy&RequestRuleName=pzRuleFormToolbarCheckin Payload: "{\"RequestClass\":\"Rule-HTML-Section\",\"RequestAppliesTo\":\"Rule-Access-Policy\",\"RequestRuleName\":\"pzRuleFormToolbarCheckin\"}" => HTTP 200 (119096 bytes)
[PegaHttpClient] 📡 POST https://zdk8budo.pegaacademy.net/prweb/api/CodeIntelligence/v1/rules/query?pxObjClass=Rule-HTML-Section&appliesTo=Rule-Access-Policy&pyRuleName=pzRuleFormToolbarDelete&RequestClass=Rule-HTML-Section&RequestAppliesTo=Rule-Access-Policy&RequestRuleName=pzRuleFormToolbarDelete Payload: "{\"RequestClass\":\"Rule-HTML-Section\",\"RequestAppliesTo\":\"Rule-Access-Policy\",\"RequestRuleName\":\"pzRuleFormToolbarDelete\"}" => HTTP 200 (30249 bytes)
[PegaHttpClient] 📡 POST https://zdk8budo.pegaacademy.net/prweb/api/CodeIntelligence/v1/rules/query?pxObjClass=Rule-HTML-Section&appliesTo=Rule-Access-Policy&pyRuleName=pzRuleFormToolbarSave&RequestClass=Rule-HTML-Section&RequestAppliesTo=Rule-Access-Policy&RequestRuleName=pzRuleFormToolbarSave Payload: "{\"RequestClass\":\"Rule-HTML-Section\",\"RequestAppliesTo\":\"Rule-Access-Policy\",\"RequestRuleName\":\"pzRuleFormToolbarSave\"}" => HTTP 200 (293885 bytes)
[PegaHttpClient] 📡 POST https://zdk8budo.pegaacademy.net/prweb/api/CodeIntelligence/v1/rules/query?pxObjClass=Rule-HTML-Section&appliesTo=Rule-Access-Policy&pyRuleName=pzRuleFormToolbarCheckout&RequestClass=Rule-HTML-Section&RequestAppliesTo=Rule-Access-Policy&RequestRuleName=pzRuleFormToolbarCheckout Payload: "{\"RequestClass\":\"Rule-HTML-Section\",\"RequestAppliesTo\":\"Rule-Access-Policy\",\"RequestRuleName\":\"pzRuleFormToolbarCheckout\"}" => HTTP 200 (238148 bytes)
[PegaHttpClient] 📡 POST https://zdk8budo.pegaacademy.net/prweb/api/CodeIntelligence/v1/rules/query?pxObjClass=Rule-HTML-Section&appliesTo=Rule-Access-Policy&pyRuleName=pzRemoveErrorsDataPage&RequestClass=Rule-HTML-Section&RequestAppliesTo=Rule-Access-Policy&RequestRuleName=pzRemoveErrorsDataPage Payload: "{\"RequestClass\":\"Rule-HTML-Section\",\"RequestAppliesTo\":\"Rule-Access-Policy\",\"RequestRuleName\":\"pzRemoveErrorsDataPage\"}" => HTTP 200 (16733 bytes)
[PegaHttpClient] 📡 POST https://zdk8budo.pegaacademy.net/prweb/api/CodeIntelligence/v1/rules/query?pxObjClass=Rule-HTML-Section&appliesTo=Rule-Access-Policy&pyRuleName=pzRuleFormHeaderMessagesWrapper&RequestClass=Rule-HTML-Section&RequestAppliesTo=Rule-Access-Policy&RequestRuleName=pzRuleFormHeaderMessagesWrapper Payload: "{\"RequestClass\":\"Rule-HTML-Section\",\"RequestAppliesTo\":\"Rule-Access-Policy\",\"RequestRuleName\":\"pzRuleFormHeaderMessagesWrapper\"}" => HTTP 200 (16981 bytes)
[PegaHttpClient] 📡 POST https://zdk8budo.pegaacademy.net/prweb/api/CodeIntelligence/v1/rules/query?pxObjClass=Rule-HTML-Section&appliesTo=Rule-Access-Policy&pyRuleName=pzRestrictionMethod&RequestClass=Rule-HTML-Section&RequestAppliesTo=Rule-Access-Policy&RequestRuleName=pzRestrictionMethod Payload: "{\"RequestClass\":\"Rule-HTML-Section\",\"RequestAppliesTo\":\"Rule-Access-Policy\",\"RequestRuleName\":\"pzRestrictionMethod\"}" => HTTP 404 (115 bytes)
[PegaHttpClient] 📡 POST https://zdk8budo.pegaacademy.net/prweb/PRRestService/CodeIntelligence/v1/rules/query?pxObjClass=Rule-HTML-Section&appliesTo=Rule-Access-Policy&pyRuleName=pzRestrictionMethod&RequestClass=Rule-HTML-Section&RequestAppliesTo=Rule-Access-Policy&RequestRuleName=pzRestrictionMethod Payload: "{\"RequestClass\":\"Rule-HTML-Section\",\"RequestAppliesTo\":\"Rule-Access-Policy\",\"RequestRuleName\":\"pzRestrictionMethod\"}" => HTTP 404 (115 bytes)
[PegaHttpClient] 📡 POST https://zdk8budo.pegaacademy.net/prweb/api/HRAppsV2Service/V1/rules/query?pxObjClass=Rule-HTML-Section&appliesTo=Rule-Access-Policy&pyRuleName=pzRestrictionMethod&RequestClass=Rule-HTML-Section&RequestAppliesTo=Rule-Access-Policy&RequestRuleName=pzRestrictionMethod Payload: "{\"RequestClass\":\"Rule-HTML-Section\",\"RequestAppliesTo\":\"Rule-Access-Policy\",\"RequestRuleName\":\"pzRestrictionMethod\"}" => HTTP 404 (18 bytes)
[PegaHttpClient] 📡 POST https://zdk8budo.pegaacademy.net/prweb/PRRestService/HRAppsV2Service/V1/rules/query?pxObjClass=Rule-HTML-Section&appliesTo=Rule-Access-Policy&pyRuleName=pzRestrictionMethod&RequestClass=Rule-HTML-Section&RequestAppliesTo=Rule-Access-Policy&RequestRuleName=pzRestrictionMethod Payload: "{\"RequestClass\":\"Rule-HTML-Section\",\"RequestAppliesTo\":\"Rule-Access-Policy\",\"RequestRuleName\":\"pzRestrictionMethod\"}" => HTTP 404 (18 bytes)
[PegaHttpClient] 📡 POST https://zdk8budo.pegaacademy.net/prweb/api/HRAppsV2/V1/rules/query?pxObjClass=Rule-HTML-Section&appliesTo=Rule-Access-Policy&pyRuleName=pzRestrictionMethod&RequestClass=Rule-HTML-Section&RequestAppliesTo=Rule-Access-Policy&RequestRuleName=pzRestrictionMethod Payload: "{\"RequestClass\":\"Rule-HTML-Section\",\"RequestAppliesTo\":\"Rule-Access-Policy\",\"RequestRuleName\":\"pzRestrictionMethod\"}" => HTTP 404 (18 bytes)
[PegaHttpClient] 📡 POST https://zdk8budo.pegaacademy.net/prweb/PRRestService/HRAppsV2/V1/rules/query?pxObjClass=Rule-HTML-Section&appliesTo=Rule-Access-Policy&pyRuleName=pzRestrictionMethod&RequestClass=Rule-HTML-Section&RequestAppliesTo=Rule-Access-Policy&RequestRuleName=pzRestrictionMethod Payload: "{\"RequestClass\":\"Rule-HTML-Section\",\"RequestAppliesTo\":\"Rule-Access-Policy\",\"RequestRuleName\":\"pzRestrictionMethod\"}" => HTTP 404 (18 bytes)
[PegaHttpClient] 📡 POST https://zdk8budo.pegaacademy.net/prweb/api/v1/rules/query?pxObjClass=Rule-HTML-Section&appliesTo=Rule-Access-Policy&pyRuleName=pzRestrictionMethod&RequestClass=Rule-HTML-Section&RequestAppliesTo=Rule-Access-Policy&RequestRuleName=pzRestrictionMethod Payload: "{\"RequestClass\":\"Rule-HTML-Section\",\"RequestAppliesTo\":\"Rule-Access-Policy\",\"RequestRuleName\":\"pzRestrictionMethod\"}" => HTTP 404 (18 bytes)
[PegaHttpClient] 📡 POST https://zdk8budo.pegaacademy.net/prweb/PRRestService/v1/rules/query?pxObjClass=Rule-HTML-Section&appliesTo=Rule-Access-Policy&pyRuleName=pzRestrictionMethod&RequestClass=Rule-HTML-Section&RequestAppliesTo=Rule-Access-Policy&RequestRuleName=pzRestrictionMethod Payload: "{\"RequestClass\":\"Rule-HTML-Section\",\"RequestAppliesTo\":\"Rule-Access-Policy\",\"RequestRuleName\":\"pzRestrictionMethod\"}" => HTTP 404 (18 bytes)
[PegaHttpClient] 📡 POST https://zdk8budo.pegaacademy.net/prweb/api/CodeIntelligence/v1/rules/query?pxObjClass=Rule-HTML-Section&appliesTo=Rule-Access-Policy&pyRuleName=pzAddProperty&RequestClass=Rule-HTML-Section&RequestAppliesTo=Rule-Access-Policy&RequestRuleName=pzAddProperty Payload: "{\"RequestClass\":\"Rule-HTML-Section\",\"RequestAppliesTo\":\"Rule-Access-Policy\",\"RequestRuleName\":\"pzAddProperty\"}" => HTTP 200 (25968 bytes)
[PegaHttpClient] 📡 POST https://zdk8budo.pegaacademy.net/prweb/api/CodeIntelligence/v1/rules/query?pxObjClass=Rule-HTML-Section&appliesTo=Rule-Access-Policy&pyRuleName=pzSpecificationName&RequestClass=Rule-HTML-Section&RequestAppliesTo=Rule-Access-Policy&RequestRuleName=pzSpecificationName Payload: "{\"RequestClass\":\"Rule-HTML-Section\",\"RequestAppliesTo\":\"Rule-Access-Policy\",\"RequestRuleName\":\"pzSpecificationName\"}" => HTTP 404 (115 bytes)
[PegaHttpClient] 📡 POST https://zdk8budo.pegaacademy.net/prweb/PRRestService/CodeIntelligence/v1/rules/query?pxObjClass=Rule-HTML-Section&appliesTo=Rule-Access-Policy&pyRuleName=pzSpecificationName&RequestClass=Rule-HTML-Section&RequestAppliesTo=Rule-Access-Policy&RequestRuleName=pzSpecificationName Payload: "{\"RequestClass\":\"Rule-HTML-Section\",\"RequestAppliesTo\":\"Rule-Access-Policy\",\"RequestRuleName\":\"pzSpecificationName\"}" => HTTP 404 (115 bytes)
[PegaHttpClient] 📡 POST https://zdk8budo.pegaacademy.net/prweb/api/HRAppsV2Service/V1/rules/query?pxObjClass=Rule-HTML-Section&appliesTo=Rule-Access-Policy&pyRuleName=pzSpecificationName&RequestClass=Rule-HTML-Section&RequestAppliesTo=Rule-Access-Policy&RequestRuleName=pzSpecificationName Payload: "{\"RequestClass\":\"Rule-HTML-Section\",\"RequestAppliesTo\":\"Rule-Access-Policy\",\"RequestRuleName\":\"pzSpecificationName\"}" => HTTP 404 (18 bytes)
[PegaHttpClient] 📡 POST https://zdk8budo.pegaacademy.net/prweb/PRRestService/HRAppsV2Service/V1/rules/query?pxObjClass=Rule-HTML-Section&appliesTo=Rule-Access-Policy&pyRuleName=pzSpecificationName&RequestClass=Rule-HTML-Section&RequestAppliesTo=Rule-Access-Policy&RequestRuleName=pzSpecificationName Payload: "{\"RequestClass\":\"Rule-HTML-Section\",\"RequestAppliesTo\":\"Rule-Access-Policy\",\"RequestRuleName\":\"pzSpecificationName\"}" => HTTP 404 (18 bytes)
[PegaHttpClient] 📡 POST https://zdk8budo.pegaacademy.net/prweb/api/HRAppsV2/V1/rules/query?pxObjClass=Rule-HTML-Section&appliesTo=Rule-Access-Policy&pyRuleName=pzSpecificationName&RequestClass=Rule-HTML-Section&RequestAppliesTo=Rule-Access-Policy&RequestRuleName=pzSpecificationName Payload: "{\"RequestClass\":\"Rule-HTML-Section\",\"RequestAppliesTo\":\"Rule-Access-Policy\",\"RequestRuleName\":\"pzSpecificationName\"}" => HTTP 404 (18 bytes)
[PegaHttpClient] 📡 POST https://zdk8budo.pegaacademy.net/prweb/PRRestService/HRAppsV2/V1/rules/query?pxObjClass=Rule-HTML-Section&appliesTo=Rule-Access-Policy&pyRuleName=pzSpecificationName&RequestClass=Rule-HTML-Section&RequestAppliesTo=Rule-Access-Policy&RequestRuleName=pzSpecificationName Payload: "{\"RequestClass\":\"Rule-HTML-Section\",\"RequestAppliesTo\":\"Rule-Access-Policy\",\"RequestRuleName\":\"pzSpecificationName\"}" => HTTP 404 (18 bytes)
[PegaHttpClient] 📡 POST https://zdk8budo.pegaacademy.net/prweb/api/v1/rules/query?pxObjClass=Rule-HTML-Section&appliesTo=Rule-Access-Policy&pyRuleName=pzSpecificationName&RequestClass=Rule-HTML-Section&RequestAppliesTo=Rule-Access-Policy&RequestRuleName=pzSpecificationName Payload: "{\"RequestClass\":\"Rule-HTML-Section\",\"RequestAppliesTo\":\"Rule-Access-Policy\",\"RequestRuleName\":\"pzSpecificationName\"}" => HTTP 404 (18 bytes)
[PegaHttpClient] 📡 POST https://zdk8budo.pegaacademy.net/prweb/PRRestService/v1/rules/query?pxObjClass=Rule-HTML-Section&appliesTo=Rule-Access-Policy&pyRuleName=pzSpecificationName&RequestClass=Rule-HTML-Section&RequestAppliesTo=Rule-Access-Policy&RequestRuleName=pzSpecificationName Payload: "{\"RequestClass\":\"Rule-HTML-Section\",\"RequestAppliesTo\":\"Rule-Access-Policy\",\"RequestRuleName\":\"pzSpecificationName\"}" => HTTP 404 (18 bytes)
[PegaHttpClient] 📡 POST https://zdk8budo.pegaacademy.net/prweb/api/CodeIntelligence/v1/rules/query?pxObjClass=Rule-HTML-Section&appliesTo=Rule-Access-Policy&pyRuleName=pzScm_RuleHistory&RequestClass=Rule-HTML-Section&RequestAppliesTo=Rule-Access-Policy&RequestRuleName=pzScm_RuleHistory Payload: "{\"RequestClass\":\"Rule-HTML-Section\",\"RequestAppliesTo\":\"Rule-Access-Policy\",\"RequestRuleName\":\"pzScm_RuleHistory\"}" => HTTP 200 (14682 bytes)
[PegaHttpClient] 📡 POST https://zdk8budo.pegaacademy.net/prweb/api/CodeIntelligence/v1/rules/query?pxObjClass=Rule-HTML-Section&appliesTo=Rule-Access-Policy&pyRuleName=pxDisplayCollaborators&RequestClass=Rule-HTML-Section&RequestAppliesTo=Rule-Access-Policy&RequestRuleName=pxDisplayCollaborators Payload: "{\"RequestClass\":\"Rule-HTML-Section\",\"RequestAppliesTo\":\"Rule-Access-Policy\",\"RequestRuleName\":\"pxDisplayCollaborators\"}" => HTTP 200 (94171 bytes)
[PegaHttpClient] 📡 POST https://zdk8budo.pegaacademy.net/prweb/api/CodeIntelligence/v1/rules/query?pxObjClass=Rule-HTML-Section&appliesTo=Rule-Access-Policy&pyRuleName=pzRuleFormToolbarDeleteCheckOut&RequestClass=Rule-HTML-Section&RequestAppliesTo=Rule-Access-Policy&RequestRuleName=pzRuleFormToolbarDeleteCheckOut Payload: "{\"RequestClass\":\"Rule-HTML-Section\",\"RequestAppliesTo\":\"Rule-Access-Policy\",\"RequestRuleName\":\"pzRuleFormToolbarDeleteCheckOut\"}" => HTTP 200 (29433 bytes)
[PegaHttpClient] 📡 POST https://zdk8budo.pegaacademy.net/prweb/api/CodeIntelligence/v1/rules/query?pxObjClass=Rule-HTML-Section&appliesTo=Rule-Access-Policy&pyRuleName=pzRuleFormToolbarDeleteRule&RequestClass=Rule-HTML-Section&RequestAppliesTo=Rule-Access-Policy&RequestRuleName=pzRuleFormToolbarDeleteRule Payload: "{\"RequestClass\":\"Rule-HTML-Section\",\"RequestAppliesTo\":\"Rule-Access-Policy\",\"RequestRuleName\":\"pzRuleFormToolbarDeleteRule\"}" => HTTP 200 (32314 bytes)
[PegaHttpClient] 📡 POST https://zdk8budo.pegaacademy.net/prweb/api/CodeIntelligence/v1/rules/query?pxObjClass=Rule-HTML-Section&appliesTo=Rule-Access-Policy&pyRuleName=pzLoadCollaborationScripts&RequestClass=Rule-HTML-Section&RequestAppliesTo=Rule-Access-Policy&RequestRuleName=pzLoadCollaborationScripts Payload: "{\"RequestClass\":\"Rule-HTML-Section\",\"RequestAppliesTo\":\"Rule-Access-Policy\",\"RequestRuleName\":\"pzLoadCollaborationScripts\"}" => HTTP 200 (23453 bytes)
[PegaHttpClient] 📡 POST https://zdk8budo.pegaacademy.net/prweb/api/CodeIntelligence/v1/rules/query?pxObjClass=Rule-HTML-Section&appliesTo=Rule-Access-Policy&pyRuleName=pzDisplayCollaboratorsList&RequestClass=Rule-HTML-Section&RequestAppliesTo=Rule-Access-Policy&RequestRuleName=pzDisplayCollaboratorsList Payload: "{\"RequestClass\":\"Rule-HTML-Section\",\"RequestAppliesTo\":\"Rule-Access-Policy\",\"RequestRuleName\":\"pzDisplayCollaboratorsList\"}" => HTTP 200 (105418 bytes)
[PegaHttpClient] 📡 POST https://zdk8budo.pegaacademy.net/prweb/api/CodeIntelligence/v1/rules/query?pxObjClass=Rule-HTML-Section&appliesTo=Rule-Access-Policy&pyRuleName=pyCollaborator&RequestClass=Rule-HTML-Section&RequestAppliesTo=Rule-Access-Policy&RequestRuleName=pyCollaborator Payload: "{\"RequestClass\":\"Rule-HTML-Section\",\"RequestAppliesTo\":\"Rule-Access-Policy\",\"RequestRuleName\":\"pyCollaborator\"}" => HTTP 404 (110 bytes)
[PegaHttpClient] 📡 POST https://zdk8budo.pegaacademy.net/prweb/PRRestService/CodeIntelligence/v1/rules/query?pxObjClass=Rule-HTML-Section&appliesTo=Rule-Access-Policy&pyRuleName=pyCollaborator&RequestClass=Rule-HTML-Section&RequestAppliesTo=Rule-Access-Policy&RequestRuleName=pyCollaborator Payload: "{\"RequestClass\":\"Rule-HTML-Section\",\"RequestAppliesTo\":\"Rule-Access-Policy\",\"RequestRuleName\":\"pyCollaborator\"}" => HTTP 404 (110 bytes)
[PegaHttpClient] 📡 POST https://zdk8budo.pegaacademy.net/prweb/api/HRAppsV2Service/V1/rules/query?pxObjClass=Rule-HTML-Section&appliesTo=Rule-Access-Policy&pyRuleName=pyCollaborator&RequestClass=Rule-HTML-Section&RequestAppliesTo=Rule-Access-Policy&RequestRuleName=pyCollaborator Payload: "{\"RequestClass\":\"Rule-HTML-Section\",\"RequestAppliesTo\":\"Rule-Access-Policy\",\"RequestRuleName\":\"pyCollaborator\"}" => HTTP 404 (18 bytes)
[PegaHttpClient] 📡 POST https://zdk8budo.pegaacademy.net/prweb/PRRestService/HRAppsV2Service/V1/rules/query?pxObjClass=Rule-HTML-Section&appliesTo=Rule-Access-Policy&pyRuleName=pyCollaborator&RequestClass=Rule-HTML-Section&RequestAppliesTo=Rule-Access-Policy&RequestRuleName=pyCollaborator Payload: "{\"RequestClass\":\"Rule-HTML-Section\",\"RequestAppliesTo\":\"Rule-Access-Policy\",\"RequestRuleName\":\"pyCollaborator\"}" => HTTP 404 (18 bytes)
[PegaHttpClient] 📡 POST https://zdk8budo.pegaacademy.net/prweb/api/HRAppsV2/V1/rules/query?pxObjClass=Rule-HTML-Section&appliesTo=Rule-Access-Policy&pyRuleName=pyCollaborator&RequestClass=Rule-HTML-Section&RequestAppliesTo=Rule-Access-Policy&RequestRuleName=pyCollaborator Payload: "{\"RequestClass\":\"Rule-HTML-Section\",\"RequestAppliesTo\":\"Rule-Access-Policy\",\"RequestRuleName\":\"pyCollaborator\"}" => HTTP 404 (18 bytes)
[PegaHttpClient] 📡 POST https://zdk8budo.pegaacademy.net/prweb/PRRestService/HRAppsV2/V1/rules/query?pxObjClass=Rule-HTML-Section&appliesTo=Rule-Access-Policy&pyRuleName=pyCollaborator&RequestClass=Rule-HTML-Section&RequestAppliesTo=Rule-Access-Policy&RequestRuleName=pyCollaborator Payload: "{\"RequestClass\":\"Rule-HTML-Section\",\"RequestAppliesTo\":\"Rule-Access-Policy\",\"RequestRuleName\":\"pyCollaborator\"}" => HTTP 404 (18 bytes)
[PegaHttpClient] 📡 POST https://zdk8budo.pegaacademy.net/prweb/api/v1/rules/query?pxObjClass=Rule-HTML-Section&appliesTo=Rule-Access-Policy&pyRuleName=pyCollaborator&RequestClass=Rule-HTML-Section&RequestAppliesTo=Rule-Access-Policy&RequestRuleName=pyCollaborator Payload: "{\"RequestClass\":\"Rule-HTML-Section\",\"RequestAppliesTo\":\"Rule-Access-Policy\",\"RequestRuleName\":\"pyCollaborator\"}" => HTTP 404 (18 bytes)
[PegaHttpClient] 📡 POST https://zdk8budo.pegaacademy.net/prweb/PRRestService/v1/rules/query?pxObjClass=Rule-HTML-Section&appliesTo=Rule-Access-Policy&pyRuleName=pyCollaborator&RequestClass=Rule-HTML-Section&RequestAppliesTo=Rule-Access-Policy&RequestRuleName=pyCollaborator Payload: "{\"RequestClass\":\"Rule-HTML-Section\",\"RequestAppliesTo\":\"Rule-Access-Policy\",\"RequestRuleName\":\"pyCollaborator\"}" => HTTP 404 (18 bytes)
[PegaHttpClient] 📡 POST https://zdk8budo.pegaacademy.net/prweb/api/CodeIntelligence/v1/rules/query?pxObjClass=Rule-HTML-Section&appliesTo=Rule-Access-Policy&pyRuleName=pzDisplayPartialCount&RequestClass=Rule-HTML-Section&RequestAppliesTo=Rule-Access-Policy&RequestRuleName=pzDisplayPartialCount Payload: "{\"RequestClass\":\"Rule-HTML-Section\",\"RequestAppliesTo\":\"Rule-Access-Policy\",\"RequestRuleName\":\"pzDisplayPartialCount\"}" => HTTP 404 (117 bytes)
[PegaHttpClient] 📡 POST https://zdk8budo.pegaacademy.net/prweb/PRRestService/CodeIntelligence/v1/rules/query?pxObjClass=Rule-HTML-Section&appliesTo=Rule-Access-Policy&pyRuleName=pzDisplayPartialCount&RequestClass=Rule-HTML-Section&RequestAppliesTo=Rule-Access-Policy&RequestRuleName=pzDisplayPartialCount Payload: "{\"RequestClass\":\"Rule-HTML-Section\",\"RequestAppliesTo\":\"Rule-Access-Policy\",\"RequestRuleName\":\"pzDisplayPartialCount\"}" => HTTP 404 (117 bytes)
[PegaHttpClient] 📡 POST https://zdk8budo.pegaacademy.net/prweb/api/HRAppsV2Service/V1/rules/query?pxObjClass=Rule-HTML-Section&appliesTo=Rule-Access-Policy&pyRuleName=pzDisplayPartialCount&RequestClass=Rule-HTML-Section&RequestAppliesTo=Rule-Access-Policy&RequestRuleName=pzDisplayPartialCount Payload: "{\"RequestClass\":\"Rule-HTML-Section\",\"RequestAppliesTo\":\"Rule-Access-Policy\",\"RequestRuleName\":\"pzDisplayPartialCount\"}" => HTTP 404 (18 bytes)
[PegaHttpClient] 📡 POST https://zdk8budo.pegaacademy.net/prweb/PRRestService/HRAppsV2Service/V1/rules/query?pxObjClass=Rule-HTML-Section&appliesTo=Rule-Access-Policy&pyRuleName=pzDisplayPartialCount&RequestClass=Rule-HTML-Section&RequestAppliesTo=Rule-Access-Policy&RequestRuleName=pzDisplayPartialCount Payload: "{\"RequestClass\":\"Rule-HTML-Section\",\"RequestAppliesTo\":\"Rule-Access-Policy\",\"RequestRuleName\":\"pzDisplayPartialCount\"}" => HTTP 404 (18 bytes)
[PegaHttpClient] 📡 POST https://zdk8budo.pegaacademy.net/prweb/api/HRAppsV2/V1/rules/query?pxObjClass=Rule-HTML-Section&appliesTo=Rule-Access-Policy&pyRuleName=pzDisplayPartialCount&RequestClass=Rule-HTML-Section&RequestAppliesTo=Rule-Access-Policy&RequestRuleName=pzDisplayPartialCount Payload: "{\"RequestClass\":\"Rule-HTML-Section\",\"RequestAppliesTo\":\"Rule-Access-Policy\",\"RequestRuleName\":\"pzDisplayPartialCount\"}" => HTTP 404 (18 bytes)
[PegaHttpClient] 📡 POST https://zdk8budo.pegaacademy.net/prweb/PRRestService/HRAppsV2/V1/rules/query?pxObjClass=Rule-HTML-Section&appliesTo=Rule-Access-Policy&pyRuleName=pzDisplayPartialCount&RequestClass=Rule-HTML-Section&RequestAppliesTo=Rule-Access-Policy&RequestRuleName=pzDisplayPartialCount Payload: "{\"RequestClass\":\"Rule-HTML-Section\",\"RequestAppliesTo\":\"Rule-Access-Policy\",\"RequestRuleName\":\"pzDisplayPartialCount\"}" => HTTP 404 (18 bytes)
[PegaHttpClient] 📡 POST https://zdk8budo.pegaacademy.net/prweb/api/v1/rules/query?pxObjClass=Rule-HTML-Section&appliesTo=Rule-Access-Policy&pyRuleName=pzDisplayPartialCount&RequestClass=Rule-HTML-Section&RequestAppliesTo=Rule-Access-Policy&RequestRuleName=pzDisplayPartialCount Payload: "{\"RequestClass\":\"Rule-HTML-Section\",\"RequestAppliesTo\":\"Rule-Access-Policy\",\"RequestRuleName\":\"pzDisplayPartialCount\"}" => HTTP 404 (18 bytes)
[PegaHttpClient] 📡 POST https://zdk8budo.pegaacademy.net/prweb/PRRestService/v1/rules/query?pxObjClass=Rule-HTML-Section&appliesTo=Rule-Access-Policy&pyRuleName=pzDisplayPartialCount&RequestClass=Rule-HTML-Section&RequestAppliesTo=Rule-Access-Policy&RequestRuleName=pzDisplayPartialCount Payload: "{\"RequestClass\":\"Rule-HTML-Section\",\"RequestAppliesTo\":\"Rule-Access-Policy\",\"RequestRuleName\":\"pzDisplayPartialCount\"}" => HTTP 404 (18 bytes)
[SchemaGen] ✅ Schema written for Rule-Access-Policy
[PegaHttpClient] 📡 GET https://zdk8budo.pegaacademy.net/prweb/api/CodeIntelligence/v1/rules/RULE-HTML-HARNESS%20RULE-ACCESS-POLICYCONDITION%20RULEFORM%20%2320180713T132617.541%20GMT => HTTP 200 (62867 bytes)
[PegaHttpClient] 📡 POST https://zdk8budo.pegaacademy.net/prweb/api/CodeIntelligence/v1/rules/query?pxObjClass=Rule-HTML-Section&appliesTo=Rule-Access-PolicyCondition&pyRuleName=RuleFormMain&RequestClass=Rule-HTML-Section&RequestAppliesTo=Rule-Access-PolicyCondition&RequestRuleName=RuleFormMain Payload: "{\"RequestClass\":\"Rule-HTML-Section\",\"RequestAppliesTo\":\"Rule-Access-PolicyCondition\",\"RequestRuleName\":\"RuleFormMain\"}" => HTTP 200 (156234 bytes)
[PegaHttpClient] 📡 POST https://zdk8budo.pegaacademy.net/prweb/api/CodeIntelligence/v1/rules/query?pxObjClass=Rule-HTML-Section&appliesTo=Rule-Access-PolicyCondition&pyRuleName=pxAlternateRuleForm&RequestClass=Rule-HTML-Section&RequestAppliesTo=Rule-Access-PolicyCondition&RequestRuleName=pxAlternateRuleForm Payload: "{\"RequestClass\":\"Rule-HTML-Section\",\"RequestAppliesTo\":\"Rule-Access-PolicyCondition\",\"RequestRuleName\":\"pxAlternateRuleForm\"}" => HTTP 200 (66153 bytes)
[PegaHttpClient] 📡 POST https://zdk8budo.pegaacademy.net/prweb/api/CodeIntelligence/v1/rules/query?pxObjClass=Rule-HTML-Section&appliesTo=Rule-Access-PolicyCondition&pyRuleName=pzRuleFormScripts&RequestClass=Rule-HTML-Section&RequestAppliesTo=Rule-Access-PolicyCondition&RequestRuleName=pzRuleFormScripts Payload: "{\"RequestClass\":\"Rule-HTML-Section\",\"RequestAppliesTo\":\"Rule-Access-PolicyCondition\",\"RequestRuleName\":\"pzRuleFormScripts\"}" => HTTP 200 (40822 bytes)
[PegaHttpClient] 📡 POST https://zdk8budo.pegaacademy.net/prweb/api/CodeIntelligence/v1/rules/query?pxObjClass=Rule-HTML-Section&appliesTo=Rule-Access-PolicyCondition&pyRuleName=pzRuleFormLayoutDelegated&RequestClass=Rule-HTML-Section&RequestAppliesTo=Rule-Access-PolicyCondition&RequestRuleName=pzRuleFormLayoutDelegated Payload: "{\"RequestClass\":\"Rule-HTML-Section\",\"RequestAppliesTo\":\"Rule-Access-PolicyCondition\",\"RequestRuleName\":\"pzRuleFormLayoutDelegated\"}" => HTTP 200 (70998 bytes)
[PegaHttpClient] 📡 POST https://zdk8budo.pegaacademy.net/prweb/api/CodeIntelligence/v1/rules/query?pxObjClass=Rule-HTML-Section&appliesTo=Rule-Access-PolicyCondition&pyRuleName=RuleFormLayout&RequestClass=Rule-HTML-Section&RequestAppliesTo=Rule-Access-PolicyCondition&RequestRuleName=RuleFormLayout Payload: "{\"RequestClass\":\"Rule-HTML-Section\",\"RequestAppliesTo\":\"Rule-Access-PolicyCondition\",\"RequestRuleName\":\"RuleFormLayout\"}" => HTTP 200 (105426 bytes)
[PegaHttpClient] 📡 POST https://zdk8budo.pegaacademy.net/prweb/api/CodeIntelligence/v1/rules/query?pxObjClass=Rule-HTML-Section&appliesTo=Rule-Access-PolicyCondition&pyRuleName=RuleFormSettings&RequestClass=Rule-HTML-Section&RequestAppliesTo=Rule-Access-PolicyCondition&RequestRuleName=RuleFormSettings Payload: "{\"RequestClass\":\"Rule-HTML-Section\",\"RequestAppliesTo\":\"Rule-Access-PolicyCondition\",\"RequestRuleName\":\"RuleFormSettings\"}" => HTTP 200 (20540 bytes)
[PegaHttpClient] 📡 POST https://zdk8budo.pegaacademy.net/prweb/api/CodeIntelligence/v1/rules/query?pxObjClass=Rule-HTML-Section&appliesTo=Rule-Access-PolicyCondition&pyRuleName=OpenAuthoring&RequestClass=Rule-HTML-Section&RequestAppliesTo=Rule-Access-PolicyCondition&RequestRuleName=OpenAuthoring Payload: "{\"RequestClass\":\"Rule-HTML-Section\",\"RequestAppliesTo\":\"Rule-Access-PolicyCondition\",\"RequestRuleName\":\"OpenAuthoring\"}" => HTTP 200 (23695 bytes)
[PegaHttpClient] 📡 POST https://zdk8budo.pegaacademy.net/prweb/api/CodeIntelligence/v1/rules/query?pxObjClass=Rule-HTML-Section&appliesTo=Rule-Access-PolicyCondition&pyRuleName=pyCustomHelp&RequestClass=Rule-HTML-Section&RequestAppliesTo=Rule-Access-PolicyCondition&RequestRuleName=pyCustomHelp Payload: "{\"RequestClass\":\"Rule-HTML-Section\",\"RequestAppliesTo\":\"Rule-Access-PolicyCondition\",\"RequestRuleName\":\"pyCustomHelp\"}" => HTTP 200 (17256 bytes)
[PegaHttpClient] 📡 POST https://zdk8budo.pegaacademy.net/prweb/api/CodeIntelligence/v1/rules/query?pxObjClass=Rule-HTML-Section&appliesTo=Rule-Access-PolicyCondition&pyRuleName=pzRuleformMainInclude&RequestClass=Rule-HTML-Section&RequestAppliesTo=Rule-Access-PolicyCondition&RequestRuleName=pzRuleformMainInclude Payload: "{\"RequestClass\":\"Rule-HTML-Section\",\"RequestAppliesTo\":\"Rule-Access-PolicyCondition\",\"RequestRuleName\":\"pzRuleformMainInclude\"}" => HTTP 200 (22375 bytes)
[PegaHttpClient] 📡 POST https://zdk8budo.pegaacademy.net/prweb/api/CodeIntelligence/v1/rules/query?pxObjClass=Rule-HTML-Section&appliesTo=Rule-Access-PolicyCondition&pyRuleName=pyAlternativeRuleFormStrategicAppExtension&RequestClass=Rule-HTML-Section&RequestAppliesTo=Rule-Access-PolicyCondition&RequestRuleName=pyAlternativeRuleFormStrategicAppExtension Payload: "{\"RequestClass\":\"Rule-HTML-Section\",\"RequestAppliesTo\":\"Rule-Access-PolicyCondition\",\"RequestRuleName\":\"pyAlternativeRuleFormStrategicAppExtension\"}" => HTTP 200 (25042 bytes)
[PegaHttpClient] 📡 POST https://zdk8budo.pegaacademy.net/prweb/api/CodeIntelligence/v1/rules/query?pxObjClass=Rule-HTML-Section&appliesTo=Rule-Access-PolicyCondition&pyRuleName=pyAlternativeRuleFormExtension&RequestClass=Rule-HTML-Section&RequestAppliesTo=Rule-Access-PolicyCondition&RequestRuleName=pyAlternativeRuleFormExtension Payload: "{\"RequestClass\":\"Rule-HTML-Section\",\"RequestAppliesTo\":\"Rule-Access-PolicyCondition\",\"RequestRuleName\":\"pyAlternativeRuleFormExtension\"}" => HTTP 200 (24863 bytes)
[PegaHttpClient] 📡 POST https://zdk8budo.pegaacademy.net/prweb/api/CodeIntelligence/v1/rules/query?pxObjClass=Rule-HTML-Section&appliesTo=Rule-Access-PolicyCondition&pyRuleName=RuleFormHeader&RequestClass=Rule-HTML-Section&RequestAppliesTo=Rule-Access-PolicyCondition&RequestRuleName=RuleFormHeader Payload: "{\"RequestClass\":\"Rule-HTML-Section\",\"RequestAppliesTo\":\"Rule-Access-PolicyCondition\",\"RequestRuleName\":\"RuleFormHeader\"}" => HTTP 200 (183800 bytes)
[PegaHttpClient] 📡 POST https://zdk8budo.pegaacademy.net/prweb/api/CodeIntelligence/v1/rules/query?pxObjClass=Rule-HTML-Section&appliesTo=Rule-Access-PolicyCondition&pyRuleName=pzDelegationExperience&RequestClass=Rule-HTML-Section&RequestAppliesTo=Rule-Access-PolicyCondition&RequestRuleName=pzDelegationExperience Payload: "{\"RequestClass\":\"Rule-HTML-Section\",\"RequestAppliesTo\":\"Rule-Access-PolicyCondition\",\"RequestRuleName\":\"pzDelegationExperience\"}" => HTTP 404 (127 bytes)
[PegaHttpClient] 📡 POST https://zdk8budo.pegaacademy.net/prweb/PRRestService/CodeIntelligence/v1/rules/query?pxObjClass=Rule-HTML-Section&appliesTo=Rule-Access-PolicyCondition&pyRuleName=pzDelegationExperience&RequestClass=Rule-HTML-Section&RequestAppliesTo=Rule-Access-PolicyCondition&RequestRuleName=pzDelegationExperience Payload: "{\"RequestClass\":\"Rule-HTML-Section\",\"RequestAppliesTo\":\"Rule-Access-PolicyCondition\",\"RequestRuleName\":\"pzDelegationExperience\"}" => HTTP 404 (127 bytes)
[PegaHttpClient] 📡 POST https://zdk8budo.pegaacademy.net/prweb/api/HRAppsV2Service/V1/rules/query?pxObjClass=Rule-HTML-Section&appliesTo=Rule-Access-PolicyCondition&pyRuleName=pzDelegationExperience&RequestClass=Rule-HTML-Section&RequestAppliesTo=Rule-Access-PolicyCondition&RequestRuleName=pzDelegationExperience Payload: "{\"RequestClass\":\"Rule-HTML-Section\",\"RequestAppliesTo\":\"Rule-Access-PolicyCondition\",\"RequestRuleName\":\"pzDelegationExperience\"}" => HTTP 404 (18 bytes)
[PegaHttpClient] 📡 POST https://zdk8budo.pegaacademy.net/prweb/PRRestService/HRAppsV2Service/V1/rules/query?pxObjClass=Rule-HTML-Section&appliesTo=Rule-Access-PolicyCondition&pyRuleName=pzDelegationExperience&RequestClass=Rule-HTML-Section&RequestAppliesTo=Rule-Access-PolicyCondition&RequestRuleName=pzDelegationExperience Payload: "{\"RequestClass\":\"Rule-HTML-Section\",\"RequestAppliesTo\":\"Rule-Access-PolicyCondition\",\"RequestRuleName\":\"pzDelegationExperience\"}" => HTTP 404 (18 bytes)
[PegaHttpClient] 📡 POST https://zdk8budo.pegaacademy.net/prweb/api/HRAppsV2/V1/rules/query?pxObjClass=Rule-HTML-Section&appliesTo=Rule-Access-PolicyCondition&pyRuleName=pzDelegationExperience&RequestClass=Rule-HTML-Section&RequestAppliesTo=Rule-Access-PolicyCondition&RequestRuleName=pzDelegationExperience Payload: "{\"RequestClass\":\"Rule-HTML-Section\",\"RequestAppliesTo\":\"Rule-Access-PolicyCondition\",\"RequestRuleName\":\"pzDelegationExperience\"}" => HTTP 404 (18 bytes)
[PegaHttpClient] 📡 POST https://zdk8budo.pegaacademy.net/prweb/PRRestService/HRAppsV2/V1/rules/query?pxObjClass=Rule-HTML-Section&appliesTo=Rule-Access-PolicyCondition&pyRuleName=pzDelegationExperience&RequestClass=Rule-HTML-Section&RequestAppliesTo=Rule-Access-PolicyCondition&RequestRuleName=pzDelegationExperience Payload: "{\"RequestClass\":\"Rule-HTML-Section\",\"RequestAppliesTo\":\"Rule-Access-PolicyCondition\",\"RequestRuleName\":\"pzDelegationExperience\"}" => HTTP 404 (18 bytes)
[PegaHttpClient] 📡 POST https://zdk8budo.pegaacademy.net/prweb/api/v1/rules/query?pxObjClass=Rule-HTML-Section&appliesTo=Rule-Access-PolicyCondition&pyRuleName=pzDelegationExperience&RequestClass=Rule-HTML-Section&RequestAppliesTo=Rule-Access-PolicyCondition&RequestRuleName=pzDelegationExperience Payload: "{\"RequestClass\":\"Rule-HTML-Section\",\"RequestAppliesTo\":\"Rule-Access-PolicyCondition\",\"RequestRuleName\":\"pzDelegationExperience\"}" => HTTP 404 (18 bytes)
[PegaHttpClient] 📡 POST https://zdk8budo.pegaacademy.net/prweb/PRRestService/v1/rules/query?pxObjClass=Rule-HTML-Section&appliesTo=Rule-Access-PolicyCondition&pyRuleName=pzDelegationExperience&RequestClass=Rule-HTML-Section&RequestAppliesTo=Rule-Access-PolicyCondition&RequestRuleName=pzDelegationExperience Payload: "{\"RequestClass\":\"Rule-HTML-Section\",\"RequestAppliesTo\":\"Rule-Access-PolicyCondition\",\"RequestRuleName\":\"pzDelegationExperience\"}" => HTTP 404 (18 bytes)
[PegaHttpClient] 📡 POST https://zdk8budo.pegaacademy.net/prweb/api/CodeIntelligence/v1/rules/query?pxObjClass=Rule-HTML-Section&appliesTo=Rule-Access-PolicyCondition&pyRuleName=pzPolicyCondition&RequestClass=Rule-HTML-Section&RequestAppliesTo=Rule-Access-PolicyCondition&RequestRuleName=pzPolicyCondition Payload: "{\"RequestClass\":\"Rule-HTML-Section\",\"RequestAppliesTo\":\"Rule-Access-PolicyCondition\",\"RequestRuleName\":\"pzPolicyCondition\"}" => HTTP 200 (131883 bytes)
[PegaHttpClient] 📡 POST https://zdk8budo.pegaacademy.net/prweb/api/CodeIntelligence/v1/rules/query?pxObjClass=Rule-HTML-Section&appliesTo=Rule-Access-PolicyCondition&pyRuleName=RuleFormPagesAndClasses&RequestClass=Rule-HTML-Section&RequestAppliesTo=Rule-Access-PolicyCondition&RequestRuleName=RuleFormPagesAndClasses Payload: "{\"RequestClass\":\"Rule-HTML-Section\",\"RequestAppliesTo\":\"Rule-Access-PolicyCondition\",\"RequestRuleName\":\"RuleFormPagesAndClasses\"}" => HTTP 200 (34748 bytes)
[PegaHttpClient] 📡 POST https://zdk8budo.pegaacademy.net/prweb/api/CodeIntelligence/v1/rules/query?pxObjClass=Rule-HTML-Section&appliesTo=Rule-Access-PolicyCondition&pyRuleName=pzAssociations&RequestClass=Rule-HTML-Section&RequestAppliesTo=Rule-Access-PolicyCondition&RequestRuleName=pzAssociations Payload: "{\"RequestClass\":\"Rule-HTML-Section\",\"RequestAppliesTo\":\"Rule-Access-PolicyCondition\",\"RequestRuleName\":\"pzAssociations\"}" => HTTP 200 (128518 bytes)
[PegaHttpClient] 📡 POST https://zdk8budo.pegaacademy.net/prweb/api/CodeIntelligence/v1/rules/query?pxObjClass=Rule-HTML-Section&appliesTo=Rule-Access-PolicyCondition&pyRuleName=pzSpecifications&RequestClass=Rule-HTML-Section&RequestAppliesTo=Rule-Access-PolicyCondition&RequestRuleName=pzSpecifications Payload: "{\"RequestClass\":\"Rule-HTML-Section\",\"RequestAppliesTo\":\"Rule-Access-PolicyCondition\",\"RequestRuleName\":\"pzSpecifications\"}" => HTTP 200 (16577 bytes)
[PegaHttpClient] 📡 POST https://zdk8budo.pegaacademy.net/prweb/api/CodeIntelligence/v1/rules/query?pxObjClass=Rule-HTML-Section&appliesTo=Rule-Access-PolicyCondition&pyRuleName=RuleFormHistory&RequestClass=Rule-HTML-Section&RequestAppliesTo=Rule-Access-PolicyCondition&RequestRuleName=RuleFormHistory Payload: "{\"RequestClass\":\"Rule-HTML-Section\",\"RequestAppliesTo\":\"Rule-Access-PolicyCondition\",\"RequestRuleName\":\"RuleFormHistory\"}" => HTTP 200 (76091 bytes)
[PegaHttpClient] 📡 POST https://zdk8budo.pegaacademy.net/prweb/api/CodeIntelligence/v1/rules/query?pxObjClass=Rule-HTML-Section&appliesTo=Rule-Access-PolicyCondition&pyRuleName=pzCustomHelp&RequestClass=Rule-HTML-Section&RequestAppliesTo=Rule-Access-PolicyCondition&RequestRuleName=pzCustomHelp Payload: "{\"RequestClass\":\"Rule-HTML-Section\",\"RequestAppliesTo\":\"Rule-Access-PolicyCondition\",\"RequestRuleName\":\"pzCustomHelp\"}" => HTTP 200 (31573 bytes)
[PegaHttpClient] 📡 POST https://zdk8budo.pegaacademy.net/prweb/api/CodeIntelligence/v1/rules/query?pxObjClass=Rule-HTML-Section&appliesTo=Rule-Access-PolicyCondition&pyRuleName=pzRuleFormKeysAndDescription&RequestClass=Rule-HTML-Section&RequestAppliesTo=Rule-Access-PolicyCondition&RequestRuleName=pzRuleFormKeysAndDescription Payload: "{\"RequestClass\":\"Rule-HTML-Section\",\"RequestAppliesTo\":\"Rule-Access-PolicyCondition\",\"RequestRuleName\":\"pzRuleFormKeysAndDescription\"}" => HTTP 200 (218057 bytes)
[PegaHttpClient] 📡 POST https://zdk8budo.pegaacademy.net/prweb/api/CodeIntelligence/v1/rules/query?pxObjClass=Rule-HTML-Section&appliesTo=Rule-Access-PolicyCondition&pyRuleName=pzRuleFormRuleset&RequestClass=Rule-HTML-Section&RequestAppliesTo=Rule-Access-PolicyCondition&RequestRuleName=pzRuleFormRuleset Payload: "{\"RequestClass\":\"Rule-HTML-Section\",\"RequestAppliesTo\":\"Rule-Access-PolicyCondition\",\"RequestRuleName\":\"pzRuleFormRuleset\"}" => HTTP 200 (33985 bytes)
[PegaHttpClient] 📡 POST https://zdk8budo.pegaacademy.net/prweb/api/CodeIntelligence/v1/rules/query?pxObjClass=Rule-HTML-Section&appliesTo=Rule-Access-PolicyCondition&pyRuleName=undefined&RequestClass=Rule-HTML-Section&RequestAppliesTo=Rule-Access-PolicyCondition&RequestRuleName=undefined Payload: "{\"RequestClass\":\"Rule-HTML-Section\",\"RequestAppliesTo\":\"Rule-Access-PolicyCondition\",\"RequestRuleName\":\"undefined\"}" => HTTP 404 (114 bytes)
[PegaHttpClient] 📡 POST https://zdk8budo.pegaacademy.net/prweb/PRRestService/CodeIntelligence/v1/rules/query?pxObjClass=Rule-HTML-Section&appliesTo=Rule-Access-PolicyCondition&pyRuleName=undefined&RequestClass=Rule-HTML-Section&RequestAppliesTo=Rule-Access-PolicyCondition&RequestRuleName=undefined Payload: "{\"RequestClass\":\"Rule-HTML-Section\",\"RequestAppliesTo\":\"Rule-Access-PolicyCondition\",\"RequestRuleName\":\"undefined\"}" => HTTP 404 (114 bytes)
[PegaHttpClient] 📡 POST https://zdk8budo.pegaacademy.net/prweb/api/HRAppsV2Service/V1/rules/query?pxObjClass=Rule-HTML-Section&appliesTo=Rule-Access-PolicyCondition&pyRuleName=undefined&RequestClass=Rule-HTML-Section&RequestAppliesTo=Rule-Access-PolicyCondition&RequestRuleName=undefined Payload: "{\"RequestClass\":\"Rule-HTML-Section\",\"RequestAppliesTo\":\"Rule-Access-PolicyCondition\",\"RequestRuleName\":\"undefined\"}" => HTTP 404 (18 bytes)
[PegaHttpClient] 📡 POST https://zdk8budo.pegaacademy.net/prweb/PRRestService/HRAppsV2Service/V1/rules/query?pxObjClass=Rule-HTML-Section&appliesTo=Rule-Access-PolicyCondition&pyRuleName=undefined&RequestClass=Rule-HTML-Section&RequestAppliesTo=Rule-Access-PolicyCondition&RequestRuleName=undefined Payload: "{\"RequestClass\":\"Rule-HTML-Section\",\"RequestAppliesTo\":\"Rule-Access-PolicyCondition\",\"RequestRuleName\":\"undefined\"}" => HTTP 404 (18 bytes)
[PegaHttpClient] 📡 POST https://zdk8budo.pegaacademy.net/prweb/api/HRAppsV2/V1/rules/query?pxObjClass=Rule-HTML-Section&appliesTo=Rule-Access-PolicyCondition&pyRuleName=undefined&RequestClass=Rule-HTML-Section&RequestAppliesTo=Rule-Access-PolicyCondition&RequestRuleName=undefined Payload: "{\"RequestClass\":\"Rule-HTML-Section\",\"RequestAppliesTo\":\"Rule-Access-PolicyCondition\",\"RequestRuleName\":\"undefined\"}" => HTTP 404 (18 bytes)
[PegaHttpClient] 📡 POST https://zdk8budo.pegaacademy.net/prweb/PRRestService/HRAppsV2/V1/rules/query?pxObjClass=Rule-HTML-Section&appliesTo=Rule-Access-PolicyCondition&pyRuleName=undefined&RequestClass=Rule-HTML-Section&RequestAppliesTo=Rule-Access-PolicyCondition&RequestRuleName=undefined Payload: "{\"RequestClass\":\"Rule-HTML-Section\",\"RequestAppliesTo\":\"Rule-Access-PolicyCondition\",\"RequestRuleName\":\"undefined\"}" => HTTP 404 (18 bytes)
[PegaHttpClient] 📡 POST https://zdk8budo.pegaacademy.net/prweb/api/v1/rules/query?pxObjClass=Rule-HTML-Section&appliesTo=Rule-Access-PolicyCondition&pyRuleName=undefined&RequestClass=Rule-HTML-Section&RequestAppliesTo=Rule-Access-PolicyCondition&RequestRuleName=undefined Payload: "{\"RequestClass\":\"Rule-HTML-Section\",\"RequestAppliesTo\":\"Rule-Access-PolicyCondition\",\"RequestRuleName\":\"undefined\"}" => HTTP 404 (18 bytes)
[PegaHttpClient] 📡 POST https://zdk8budo.pegaacademy.net/prweb/PRRestService/v1/rules/query?pxObjClass=Rule-HTML-Section&appliesTo=Rule-Access-PolicyCondition&pyRuleName=undefined&RequestClass=Rule-HTML-Section&RequestAppliesTo=Rule-Access-PolicyCondition&RequestRuleName=undefined Payload: "{\"RequestClass\":\"Rule-HTML-Section\",\"RequestAppliesTo\":\"Rule-Access-PolicyCondition\",\"RequestRuleName\":\"undefined\"}" => HTTP 404 (18 bytes)
[PegaHttpClient] 📡 POST https://zdk8budo.pegaacademy.net/prweb/api/CodeIntelligence/v1/rules/query?pxObjClass=Rule-HTML-Section&appliesTo=Rule-Access-PolicyCondition&pyRuleName=pzRuleFormToolbar&RequestClass=Rule-HTML-Section&RequestAppliesTo=Rule-Access-PolicyCondition&RequestRuleName=pzRuleFormToolbar Payload: "{\"RequestClass\":\"Rule-HTML-Section\",\"RequestAppliesTo\":\"Rule-Access-PolicyCondition\",\"RequestRuleName\":\"pzRuleFormToolbar\"}" => HTTP 200 (242691 bytes)
[PegaHttpClient] 📡 POST https://zdk8budo.pegaacademy.net/prweb/api/CodeIntelligence/v1/rules/query?pxObjClass=Rule-HTML-Section&appliesTo=Rule-Access-PolicyCondition&pyRuleName=pzRuleFormToolbarCompare&RequestClass=Rule-HTML-Section&RequestAppliesTo=Rule-Access-PolicyCondition&RequestRuleName=pzRuleFormToolbarCompare Payload: "{\"RequestClass\":\"Rule-HTML-Section\",\"RequestAppliesTo\":\"Rule-Access-PolicyCondition\",\"RequestRuleName\":\"pzRuleFormToolbarCompare\"}" => HTTP 200 (61925 bytes)
[PegaHttpClient] 📡 POST https://zdk8budo.pegaacademy.net/prweb/api/CodeIntelligence/v1/rules/query?pxObjClass=Rule-HTML-Section&appliesTo=Rule-Access-PolicyCondition&pyRuleName=RuleFormHeaderMessages&RequestClass=Rule-HTML-Section&RequestAppliesTo=Rule-Access-PolicyCondition&RequestRuleName=RuleFormHeaderMessages Payload: "{\"RequestClass\":\"Rule-HTML-Section\",\"RequestAppliesTo\":\"Rule-Access-PolicyCondition\",\"RequestRuleName\":\"RuleFormHeaderMessages\"}" => HTTP 200 (26518 bytes)
[PegaHttpClient] 📡 POST https://zdk8budo.pegaacademy.net/prweb/api/CodeIntelligence/v1/rules/query?pxObjClass=Rule-HTML-Section&appliesTo=Rule-Access-PolicyCondition&pyRuleName=pzLogicLabel&RequestClass=Rule-HTML-Section&RequestAppliesTo=Rule-Access-PolicyCondition&RequestRuleName=pzLogicLabel Payload: "{\"RequestClass\":\"Rule-HTML-Section\",\"RequestAppliesTo\":\"Rule-Access-PolicyCondition\",\"RequestRuleName\":\"pzLogicLabel\"}" => HTTP 200 (97732 bytes)
[PegaHttpClient] 📡 POST https://zdk8budo.pegaacademy.net/prweb/api/CodeIntelligence/v1/rules/query?pxObjClass=Rule-HTML-Section&appliesTo=Rule-Access-PolicyCondition&pyRuleName=pzFilterActions&RequestClass=Rule-HTML-Section&RequestAppliesTo=Rule-Access-PolicyCondition&RequestRuleName=pzFilterActions Payload: "{\"RequestClass\":\"Rule-HTML-Section\",\"RequestAppliesTo\":\"Rule-Access-PolicyCondition\",\"RequestRuleName\":\"pzFilterActions\"}" => HTTP 404 (120 bytes)
[PegaHttpClient] 📡 POST https://zdk8budo.pegaacademy.net/prweb/PRRestService/CodeIntelligence/v1/rules/query?pxObjClass=Rule-HTML-Section&appliesTo=Rule-Access-PolicyCondition&pyRuleName=pzFilterActions&RequestClass=Rule-HTML-Section&RequestAppliesTo=Rule-Access-PolicyCondition&RequestRuleName=pzFilterActions Payload: "{\"RequestClass\":\"Rule-HTML-Section\",\"RequestAppliesTo\":\"Rule-Access-PolicyCondition\",\"RequestRuleName\":\"pzFilterActions\"}" => HTTP 404 (120 bytes)
[PegaHttpClient] 📡 POST https://zdk8budo.pegaacademy.net/prweb/api/HRAppsV2Service/V1/rules/query?pxObjClass=Rule-HTML-Section&appliesTo=Rule-Access-PolicyCondition&pyRuleName=pzFilterActions&RequestClass=Rule-HTML-Section&RequestAppliesTo=Rule-Access-PolicyCondition&RequestRuleName=pzFilterActions Payload: "{\"RequestClass\":\"Rule-HTML-Section\",\"RequestAppliesTo\":\"Rule-Access-PolicyCondition\",\"RequestRuleName\":\"pzFilterActions\"}" => HTTP 404 (18 bytes)
[PegaHttpClient] 📡 POST https://zdk8budo.pegaacademy.net/prweb/PRRestService/HRAppsV2Service/V1/rules/query?pxObjClass=Rule-HTML-Section&appliesTo=Rule-Access-PolicyCondition&pyRuleName=pzFilterActions&RequestClass=Rule-HTML-Section&RequestAppliesTo=Rule-Access-PolicyCondition&RequestRuleName=pzFilterActions Payload: "{\"RequestClass\":\"Rule-HTML-Section\",\"RequestAppliesTo\":\"Rule-Access-PolicyCondition\",\"RequestRuleName\":\"pzFilterActions\"}" => HTTP 404 (18 bytes)
[PegaHttpClient] 📡 POST https://zdk8budo.pegaacademy.net/prweb/api/HRAppsV2/V1/rules/query?pxObjClass=Rule-HTML-Section&appliesTo=Rule-Access-PolicyCondition&pyRuleName=pzFilterActions&RequestClass=Rule-HTML-Section&RequestAppliesTo=Rule-Access-PolicyCondition&RequestRuleName=pzFilterActions Payload: "{\"RequestClass\":\"Rule-HTML-Section\",\"RequestAppliesTo\":\"Rule-Access-PolicyCondition\",\"RequestRuleName\":\"pzFilterActions\"}" => HTTP 404 (18 bytes)
[PegaHttpClient] 📡 POST https://zdk8budo.pegaacademy.net/prweb/PRRestService/HRAppsV2/V1/rules/query?pxObjClass=Rule-HTML-Section&appliesTo=Rule-Access-PolicyCondition&pyRuleName=pzFilterActions&RequestClass=Rule-HTML-Section&RequestAppliesTo=Rule-Access-PolicyCondition&RequestRuleName=pzFilterActions Payload: "{\"RequestClass\":\"Rule-HTML-Section\",\"RequestAppliesTo\":\"Rule-Access-PolicyCondition\",\"RequestRuleName\":\"pzFilterActions\"}" => HTTP 404 (18 bytes)
[PegaHttpClient] 📡 POST https://zdk8budo.pegaacademy.net/prweb/api/v1/rules/query?pxObjClass=Rule-HTML-Section&appliesTo=Rule-Access-PolicyCondition&pyRuleName=pzFilterActions&RequestClass=Rule-HTML-Section&RequestAppliesTo=Rule-Access-PolicyCondition&RequestRuleName=pzFilterActions Payload: "{\"RequestClass\":\"Rule-HTML-Section\",\"RequestAppliesTo\":\"Rule-Access-PolicyCondition\",\"RequestRuleName\":\"pzFilterActions\"}" => HTTP 404 (18 bytes)
[PegaHttpClient] 📡 POST https://zdk8budo.pegaacademy.net/prweb/PRRestService/v1/rules/query?pxObjClass=Rule-HTML-Section&appliesTo=Rule-Access-PolicyCondition&pyRuleName=pzFilterActions&RequestClass=Rule-HTML-Section&RequestAppliesTo=Rule-Access-PolicyCondition&RequestRuleName=pzFilterActions Payload: "{\"RequestClass\":\"Rule-HTML-Section\",\"RequestAppliesTo\":\"Rule-Access-PolicyCondition\",\"RequestRuleName\":\"pzFilterActions\"}" => HTTP 404 (18 bytes)
[PegaHttpClient] 📡 POST https://zdk8budo.pegaacademy.net/prweb/api/CodeIntelligence/v1/rules/query?pxObjClass=Rule-HTML-Section&appliesTo=Rule-Access-PolicyCondition&pyRuleName=pzRuleFormPagesAndClassesScript&RequestClass=Rule-HTML-Section&RequestAppliesTo=Rule-Access-PolicyCondition&RequestRuleName=pzRuleFormPagesAndClassesScript Payload: "{\"RequestClass\":\"Rule-HTML-Section\",\"RequestAppliesTo\":\"Rule-Access-PolicyCondition\",\"RequestRuleName\":\"pzRuleFormPagesAndClassesScript\"}" => HTTP 200 (15730 bytes)
[PegaHttpClient] 📡 POST https://zdk8budo.pegaacademy.net/prweb/api/CodeIntelligence/v1/rules/query?pxObjClass=Rule-HTML-Section&appliesTo=Rule-Access-PolicyCondition&pyRuleName=pzPagesAndClassesNoMode&RequestClass=Rule-HTML-Section&RequestAppliesTo=Rule-Access-PolicyCondition&RequestRuleName=pzPagesAndClassesNoMode Payload: "{\"RequestClass\":\"Rule-HTML-Section\",\"RequestAppliesTo\":\"Rule-Access-PolicyCondition\",\"RequestRuleName\":\"pzPagesAndClassesNoMode\"}" => HTTP 200 (90057 bytes)
[PegaHttpClient] 📡 POST https://zdk8budo.pegaacademy.net/prweb/api/CodeIntelligence/v1/rules/query?pxObjClass=Rule-HTML-Section&appliesTo=Rule-Access-PolicyCondition&pyRuleName=pzPagesAndClassesWithMode&RequestClass=Rule-HTML-Section&RequestAppliesTo=Rule-Access-PolicyCondition&RequestRuleName=pzPagesAndClassesWithMode Payload: "{\"RequestClass\":\"Rule-HTML-Section\",\"RequestAppliesTo\":\"Rule-Access-PolicyCondition\",\"RequestRuleName\":\"pzPagesAndClassesWithMode\"}" => HTTP 200 (97424 bytes)
[PegaHttpClient] 📡 POST https://zdk8budo.pegaacademy.net/prweb/api/CodeIntelligence/v1/rules/query?pxObjClass=Rule-HTML-Section&appliesTo=Rule-Access-PolicyCondition&pyRuleName=pzSpecificationsInner&RequestClass=Rule-HTML-Section&RequestAppliesTo=Rule-Access-PolicyCondition&RequestRuleName=pzSpecificationsInner Payload: "{\"RequestClass\":\"Rule-HTML-Section\",\"RequestAppliesTo\":\"Rule-Access-PolicyCondition\",\"RequestRuleName\":\"pzSpecificationsInner\"}" => HTTP 200 (142370 bytes)
[PegaHttpClient] 📡 POST https://zdk8budo.pegaacademy.net/prweb/api/CodeIntelligence/v1/rules/query?pxObjClass=Rule-HTML-Section&appliesTo=Rule-Access-PolicyCondition&pyRuleName=pzAlternateRuleInfo&RequestClass=Rule-HTML-Section&RequestAppliesTo=Rule-Access-PolicyCondition&RequestRuleName=pzAlternateRuleInfo Payload: "{\"RequestClass\":\"Rule-HTML-Section\",\"RequestAppliesTo\":\"Rule-Access-PolicyCondition\",\"RequestRuleName\":\"pzAlternateRuleInfo\"}" => HTTP 200 (140407 bytes)
[PegaHttpClient] 📡 POST https://zdk8budo.pegaacademy.net/prweb/api/CodeIntelligence/v1/rules/query?pxObjClass=Rule-HTML-Section&appliesTo=Rule-Access-PolicyCondition&pyRuleName=RuleFormHistory_Description&RequestClass=Rule-HTML-Section&RequestAppliesTo=Rule-Access-PolicyCondition&RequestRuleName=RuleFormHistory_Description Payload: "{\"RequestClass\":\"Rule-HTML-Section\",\"RequestAppliesTo\":\"Rule-Access-PolicyCondition\",\"RequestRuleName\":\"RuleFormHistory_Description\"}" => HTTP 200 (46242 bytes)
[PegaHttpClient] 📡 POST https://zdk8budo.pegaacademy.net/prweb/api/CodeIntelligence/v1/rules/query?pxObjClass=Rule-HTML-Section&appliesTo=Rule-Access-PolicyCondition&pyRuleName=RuleFormHistory_CustomFields&RequestClass=Rule-HTML-Section&RequestAppliesTo=Rule-Access-PolicyCondition&RequestRuleName=RuleFormHistory_CustomFields Payload: "{\"RequestClass\":\"Rule-HTML-Section\",\"RequestAppliesTo\":\"Rule-Access-PolicyCondition\",\"RequestRuleName\":\"RuleFormHistory_CustomFields\"}" => HTTP 200 (75856 bytes)
[PegaHttpClient] 📡 POST https://zdk8budo.pegaacademy.net/prweb/api/CodeIntelligence/v1/rules/query?pxObjClass=Rule-HTML-Section&appliesTo=Rule-Access-PolicyCondition&pyRuleName=RuleFormHistory_HistoryDetails&RequestClass=Rule-HTML-Section&RequestAppliesTo=Rule-Access-PolicyCondition&RequestRuleName=RuleFormHistory_HistoryDetails Payload: "{\"RequestClass\":\"Rule-HTML-Section\",\"RequestAppliesTo\":\"Rule-Access-PolicyCondition\",\"RequestRuleName\":\"RuleFormHistory_HistoryDetails\"}" => HTTP 200 (179535 bytes)
[PegaHttpClient] 📡 POST https://zdk8budo.pegaacademy.net/prweb/api/CodeIntelligence/v1/rules/query?pxObjClass=Rule-HTML-Section&appliesTo=Rule-Access-PolicyCondition&pyRuleName=pzRuleFormStatus&RequestClass=Rule-HTML-Section&RequestAppliesTo=Rule-Access-PolicyCondition&RequestRuleName=pzRuleFormStatus Payload: "{\"RequestClass\":\"Rule-HTML-Section\",\"RequestAppliesTo\":\"Rule-Access-PolicyCondition\",\"RequestRuleName\":\"pzRuleFormStatus\"}" => HTTP 200 (97627 bytes)
[PegaHttpClient] 📡 POST https://zdk8budo.pegaacademy.net/prweb/api/CodeIntelligence/v1/rules/query?pxObjClass=Rule-HTML-Section&appliesTo=Rule-Access-PolicyCondition&pyRuleName=pzRuleFormHeaderCompareWithDropDown&RequestClass=Rule-HTML-Section&RequestAppliesTo=Rule-Access-PolicyCondition&RequestRuleName=pzRuleFormHeaderCompareWithDropDown Payload: "{\"RequestClass\":\"Rule-HTML-Section\",\"RequestAppliesTo\":\"Rule-Access-PolicyCondition\",\"RequestRuleName\":\"pzRuleFormHeaderCompareWithDropDown\"}" => HTTP 200 (25396 bytes)
[PegaHttpClient] 📡 POST https://zdk8budo.pegaacademy.net/prweb/api/CodeIntelligence/v1/rules/query?pxObjClass=Rule-HTML-Section&appliesTo=Rule-Access-PolicyCondition&pyRuleName=undefined&RequestClass=Rule-HTML-Section&RequestAppliesTo=Rule-Access-PolicyCondition&RequestRuleName=undefined Payload: "{\"RequestClass\":\"Rule-HTML-Section\",\"RequestAppliesTo\":\"Rule-Access-PolicyCondition\",\"RequestRuleName\":\"undefined\"}" => HTTP 404 (114 bytes)
[PegaHttpClient] 📡 POST https://zdk8budo.pegaacademy.net/prweb/PRRestService/CodeIntelligence/v1/rules/query?pxObjClass=Rule-HTML-Section&appliesTo=Rule-Access-PolicyCondition&pyRuleName=undefined&RequestClass=Rule-HTML-Section&RequestAppliesTo=Rule-Access-PolicyCondition&RequestRuleName=undefined Payload: "{\"RequestClass\":\"Rule-HTML-Section\",\"RequestAppliesTo\":\"Rule-Access-PolicyCondition\",\"RequestRuleName\":\"undefined\"}" => HTTP 404 (114 bytes)
[PegaHttpClient] 📡 POST https://zdk8budo.pegaacademy.net/prweb/api/HRAppsV2Service/V1/rules/query?pxObjClass=Rule-HTML-Section&appliesTo=Rule-Access-PolicyCondition&pyRuleName=undefined&RequestClass=Rule-HTML-Section&RequestAppliesTo=Rule-Access-PolicyCondition&RequestRuleName=undefined Payload: "{\"RequestClass\":\"Rule-HTML-Section\",\"RequestAppliesTo\":\"Rule-Access-PolicyCondition\",\"RequestRuleName\":\"undefined\"}" => HTTP 404 (18 bytes)
[PegaHttpClient] 📡 POST https://zdk8budo.pegaacademy.net/prweb/PRRestService/HRAppsV2Service/V1/rules/query?pxObjClass=Rule-HTML-Section&appliesTo=Rule-Access-PolicyCondition&pyRuleName=undefined&RequestClass=Rule-HTML-Section&RequestAppliesTo=Rule-Access-PolicyCondition&RequestRuleName=undefined Payload: "{\"RequestClass\":\"Rule-HTML-Section\",\"RequestAppliesTo\":\"Rule-Access-PolicyCondition\",\"RequestRuleName\":\"undefined\"}" => HTTP 404 (18 bytes)
[PegaHttpClient] 📡 POST https://zdk8budo.pegaacademy.net/prweb/api/HRAppsV2/V1/rules/query?pxObjClass=Rule-HTML-Section&appliesTo=Rule-Access-PolicyCondition&pyRuleName=undefined&RequestClass=Rule-HTML-Section&RequestAppliesTo=Rule-Access-PolicyCondition&RequestRuleName=undefined Payload: "{\"RequestClass\":\"Rule-HTML-Section\",\"RequestAppliesTo\":\"Rule-Access-PolicyCondition\",\"RequestRuleName\":\"undefined\"}" => HTTP 404 (18 bytes)
[PegaHttpClient] 📡 POST https://zdk8budo.pegaacademy.net/prweb/PRRestService/HRAppsV2/V1/rules/query?pxObjClass=Rule-HTML-Section&appliesTo=Rule-Access-PolicyCondition&pyRuleName=undefined&RequestClass=Rule-HTML-Section&RequestAppliesTo=Rule-Access-PolicyCondition&RequestRuleName=undefined Payload: "{\"RequestClass\":\"Rule-HTML-Section\",\"RequestAppliesTo\":\"Rule-Access-PolicyCondition\",\"RequestRuleName\":\"undefined\"}" => HTTP 404 (18 bytes)
[PegaHttpClient] 📡 POST https://zdk8budo.pegaacademy.net/prweb/api/v1/rules/query?pxObjClass=Rule-HTML-Section&appliesTo=Rule-Access-PolicyCondition&pyRuleName=undefined&RequestClass=Rule-HTML-Section&RequestAppliesTo=Rule-Access-PolicyCondition&RequestRuleName=undefined Payload: "{\"RequestClass\":\"Rule-HTML-Section\",\"RequestAppliesTo\":\"Rule-Access-PolicyCondition\",\"RequestRuleName\":\"undefined\"}" => HTTP 404 (18 bytes)
[PegaHttpClient] 📡 POST https://zdk8budo.pegaacademy.net/prweb/PRRestService/v1/rules/query?pxObjClass=Rule-HTML-Section&appliesTo=Rule-Access-PolicyCondition&pyRuleName=undefined&RequestClass=Rule-HTML-Section&RequestAppliesTo=Rule-Access-PolicyCondition&RequestRuleName=undefined Payload: "{\"RequestClass\":\"Rule-HTML-Section\",\"RequestAppliesTo\":\"Rule-Access-PolicyCondition\",\"RequestRuleName\":\"undefined\"}" => HTTP 404 (18 bytes)
[PegaHttpClient] 📡 POST https://zdk8budo.pegaacademy.net/prweb/api/CodeIntelligence/v1/rules/query?pxObjClass=Rule-HTML-Section&appliesTo=Rule-Access-PolicyCondition&pyRuleName=pzRuleFormToolbarHotKeys&RequestClass=Rule-HTML-Section&RequestAppliesTo=Rule-Access-PolicyCondition&RequestRuleName=pzRuleFormToolbarHotKeys Payload: "{\"RequestClass\":\"Rule-HTML-Section\",\"RequestAppliesTo\":\"Rule-Access-PolicyCondition\",\"RequestRuleName\":\"pzRuleFormToolbarHotKeys\"}" => HTTP 200 (85058 bytes)
[PegaHttpClient] 📡 POST https://zdk8budo.pegaacademy.net/prweb/api/CodeIntelligence/v1/rules/query?pxObjClass=Rule-HTML-Section&appliesTo=Rule-Access-PolicyCondition&pyRuleName=pzRuleFormToolbarLockedIcon&RequestClass=Rule-HTML-Section&RequestAppliesTo=Rule-Access-PolicyCondition&RequestRuleName=pzRuleFormToolbarLockedIcon Payload: "{\"RequestClass\":\"Rule-HTML-Section\",\"RequestAppliesTo\":\"Rule-Access-PolicyCondition\",\"RequestRuleName\":\"pzRuleFormToolbarLockedIcon\"}" => HTTP 200 (24898 bytes)
[PegaHttpClient] 📡 POST https://zdk8budo.pegaacademy.net/prweb/api/CodeIntelligence/v1/rules/query?pxObjClass=Rule-HTML-Section&appliesTo=Rule-Access-PolicyCondition&pyRuleName=pzRuleFormToolbarCollaborators&RequestClass=Rule-HTML-Section&RequestAppliesTo=Rule-Access-PolicyCondition&RequestRuleName=pzRuleFormToolbarCollaborators Payload: "{\"RequestClass\":\"Rule-HTML-Section\",\"RequestAppliesTo\":\"Rule-Access-PolicyCondition\",\"RequestRuleName\":\"pzRuleFormToolbarCollaborators\"}" => HTTP 200 (15254 bytes)
[PegaHttpClient] 📡 POST https://zdk8budo.pegaacademy.net/prweb/api/CodeIntelligence/v1/rules/query?pxObjClass=Rule-HTML-Section&appliesTo=Rule-Access-PolicyCondition&pyRuleName=pzRuleFormToolbarSaveAs&RequestClass=Rule-HTML-Section&RequestAppliesTo=Rule-Access-PolicyCondition&RequestRuleName=pzRuleFormToolbarSaveAs Payload: "{\"RequestClass\":\"Rule-HTML-Section\",\"RequestAppliesTo\":\"Rule-Access-PolicyCondition\",\"RequestRuleName\":\"pzRuleFormToolbarSaveAs\"}" => HTTP 200 (64084 bytes)
[PegaHttpClient] 📡 POST https://zdk8budo.pegaacademy.net/prweb/api/CodeIntelligence/v1/rules/query?pxObjClass=Rule-HTML-Section&appliesTo=Rule-Access-PolicyCondition&pyRuleName=pzRuleFormToolbarCheckin&RequestClass=Rule-HTML-Section&RequestAppliesTo=Rule-Access-PolicyCondition&RequestRuleName=pzRuleFormToolbarCheckin Payload: "{\"RequestClass\":\"Rule-HTML-Section\",\"RequestAppliesTo\":\"Rule-Access-PolicyCondition\",\"RequestRuleName\":\"pzRuleFormToolbarCheckin\"}" => HTTP 200 (119096 bytes)
[PegaHttpClient] 📡 POST https://zdk8budo.pegaacademy.net/prweb/api/CodeIntelligence/v1/rules/query?pxObjClass=Rule-HTML-Section&appliesTo=Rule-Access-PolicyCondition&pyRuleName=pzRuleFormToolbarDelete&RequestClass=Rule-HTML-Section&RequestAppliesTo=Rule-Access-PolicyCondition&RequestRuleName=pzRuleFormToolbarDelete Payload: "{\"RequestClass\":\"Rule-HTML-Section\",\"RequestAppliesTo\":\"Rule-Access-PolicyCondition\",\"RequestRuleName\":\"pzRuleFormToolbarDelete\"}" => HTTP 200 (30249 bytes)
[PegaHttpClient] 📡 POST https://zdk8budo.pegaacademy.net/prweb/api/CodeIntelligence/v1/rules/query?pxObjClass=Rule-HTML-Section&appliesTo=Rule-Access-PolicyCondition&pyRuleName=pzRuleFormToolbarSave&RequestClass=Rule-HTML-Section&RequestAppliesTo=Rule-Access-PolicyCondition&RequestRuleName=pzRuleFormToolbarSave Payload: "{\"RequestClass\":\"Rule-HTML-Section\",\"RequestAppliesTo\":\"Rule-Access-PolicyCondition\",\"RequestRuleName\":\"pzRuleFormToolbarSave\"}" => HTTP 200 (293885 bytes)
[PegaHttpClient] 📡 POST https://zdk8budo.pegaacademy.net/prweb/api/CodeIntelligence/v1/rules/query?pxObjClass=Rule-HTML-Section&appliesTo=Rule-Access-PolicyCondition&pyRuleName=pzRuleFormToolbarCheckout&RequestClass=Rule-HTML-Section&RequestAppliesTo=Rule-Access-PolicyCondition&RequestRuleName=pzRuleFormToolbarCheckout Payload: "{\"RequestClass\":\"Rule-HTML-Section\",\"RequestAppliesTo\":\"Rule-Access-PolicyCondition\",\"RequestRuleName\":\"pzRuleFormToolbarCheckout\"}" => HTTP 200 (238148 bytes)
[PegaHttpClient] 📡 POST https://zdk8budo.pegaacademy.net/prweb/api/CodeIntelligence/v1/rules/query?pxObjClass=Rule-HTML-Section&appliesTo=Rule-Access-PolicyCondition&pyRuleName=pzRemoveErrorsDataPage&RequestClass=Rule-HTML-Section&RequestAppliesTo=Rule-Access-PolicyCondition&RequestRuleName=pzRemoveErrorsDataPage Payload: "{\"RequestClass\":\"Rule-HTML-Section\",\"RequestAppliesTo\":\"Rule-Access-PolicyCondition\",\"RequestRuleName\":\"pzRemoveErrorsDataPage\"}" => HTTP 200 (16733 bytes)
[PegaHttpClient] 📡 POST https://zdk8budo.pegaacademy.net/prweb/api/CodeIntelligence/v1/rules/query?pxObjClass=Rule-HTML-Section&appliesTo=Rule-Access-PolicyCondition&pyRuleName=pzRuleFormHeaderMessagesWrapper&RequestClass=Rule-HTML-Section&RequestAppliesTo=Rule-Access-PolicyCondition&RequestRuleName=pzRuleFormHeaderMessagesWrapper Payload: "{\"RequestClass\":\"Rule-HTML-Section\",\"RequestAppliesTo\":\"Rule-Access-PolicyCondition\",\"RequestRuleName\":\"pzRuleFormHeaderMessagesWrapper\"}" => HTTP 200 (16981 bytes)
[PegaHttpClient] 📡 POST https://zdk8budo.pegaacademy.net/prweb/api/CodeIntelligence/v1/rules/query?pxObjClass=Rule-HTML-Section&appliesTo=Rule-Access-PolicyCondition&pyRuleName=pzDisplayWhen&RequestClass=Rule-HTML-Section&RequestAppliesTo=Rule-Access-PolicyCondition&RequestRuleName=pzDisplayWhen Payload: "{\"RequestClass\":\"Rule-HTML-Section\",\"RequestAppliesTo\":\"Rule-Access-PolicyCondition\",\"RequestRuleName\":\"pzDisplayWhen\"}" => HTTP 404 (118 bytes)
[PegaHttpClient] 📡 POST https://zdk8budo.pegaacademy.net/prweb/PRRestService/CodeIntelligence/v1/rules/query?pxObjClass=Rule-HTML-Section&appliesTo=Rule-Access-PolicyCondition&pyRuleName=pzDisplayWhen&RequestClass=Rule-HTML-Section&RequestAppliesTo=Rule-Access-PolicyCondition&RequestRuleName=pzDisplayWhen Payload: "{\"RequestClass\":\"Rule-HTML-Section\",\"RequestAppliesTo\":\"Rule-Access-PolicyCondition\",\"RequestRuleName\":\"pzDisplayWhen\"}" => HTTP 404 (118 bytes)
[PegaHttpClient] 📡 POST https://zdk8budo.pegaacademy.net/prweb/api/HRAppsV2Service/V1/rules/query?pxObjClass=Rule-HTML-Section&appliesTo=Rule-Access-PolicyCondition&pyRuleName=pzDisplayWhen&RequestClass=Rule-HTML-Section&RequestAppliesTo=Rule-Access-PolicyCondition&RequestRuleName=pzDisplayWhen Payload: "{\"RequestClass\":\"Rule-HTML-Section\",\"RequestAppliesTo\":\"Rule-Access-PolicyCondition\",\"RequestRuleName\":\"pzDisplayWhen\"}" => HTTP 404 (18 bytes)
[PegaHttpClient] 📡 POST https://zdk8budo.pegaacademy.net/prweb/PRRestService/HRAppsV2Service/V1/rules/query?pxObjClass=Rule-HTML-Section&appliesTo=Rule-Access-PolicyCondition&pyRuleName=pzDisplayWhen&RequestClass=Rule-HTML-Section&RequestAppliesTo=Rule-Access-PolicyCondition&RequestRuleName=pzDisplayWhen Payload: "{\"RequestClass\":\"Rule-HTML-Section\",\"RequestAppliesTo\":\"Rule-Access-PolicyCondition\",\"RequestRuleName\":\"pzDisplayWhen\"}" => HTTP 404 (18 bytes)
[PegaHttpClient] 📡 POST https://zdk8budo.pegaacademy.net/prweb/api/HRAppsV2/V1/rules/query?pxObjClass=Rule-HTML-Section&appliesTo=Rule-Access-PolicyCondition&pyRuleName=pzDisplayWhen&RequestClass=Rule-HTML-Section&RequestAppliesTo=Rule-Access-PolicyCondition&RequestRuleName=pzDisplayWhen Payload: "{\"RequestClass\":\"Rule-HTML-Section\",\"RequestAppliesTo\":\"Rule-Access-PolicyCondition\",\"RequestRuleName\":\"pzDisplayWhen\"}" => HTTP 404 (18 bytes)
[PegaHttpClient] 📡 POST https://zdk8budo.pegaacademy.net/prweb/PRRestService/HRAppsV2/V1/rules/query?pxObjClass=Rule-HTML-Section&appliesTo=Rule-Access-PolicyCondition&pyRuleName=pzDisplayWhen&RequestClass=Rule-HTML-Section&RequestAppliesTo=Rule-Access-PolicyCondition&RequestRuleName=pzDisplayWhen Payload: "{\"RequestClass\":\"Rule-HTML-Section\",\"RequestAppliesTo\":\"Rule-Access-PolicyCondition\",\"RequestRuleName\":\"pzDisplayWhen\"}" => HTTP 404 (18 bytes)
[PegaHttpClient] 📡 POST https://zdk8budo.pegaacademy.net/prweb/api/v1/rules/query?pxObjClass=Rule-HTML-Section&appliesTo=Rule-Access-PolicyCondition&pyRuleName=pzDisplayWhen&RequestClass=Rule-HTML-Section&RequestAppliesTo=Rule-Access-PolicyCondition&RequestRuleName=pzDisplayWhen Payload: "{\"RequestClass\":\"Rule-HTML-Section\",\"RequestAppliesTo\":\"Rule-Access-PolicyCondition\",\"RequestRuleName\":\"pzDisplayWhen\"}" => HTTP 404 (18 bytes)
[PegaHttpClient] 📡 POST https://zdk8budo.pegaacademy.net/prweb/PRRestService/v1/rules/query?pxObjClass=Rule-HTML-Section&appliesTo=Rule-Access-PolicyCondition&pyRuleName=pzDisplayWhen&RequestClass=Rule-HTML-Section&RequestAppliesTo=Rule-Access-PolicyCondition&RequestRuleName=pzDisplayWhen Payload: "{\"RequestClass\":\"Rule-HTML-Section\",\"RequestAppliesTo\":\"Rule-Access-PolicyCondition\",\"RequestRuleName\":\"pzDisplayWhen\"}" => HTTP 404 (18 bytes)
[PegaHttpClient] 📡 POST https://zdk8budo.pegaacademy.net/prweb/api/CodeIntelligence/v1/rules/query?pxObjClass=Rule-HTML-Section&appliesTo=Rule-Access-PolicyCondition&pyRuleName=pzFilterLogicActions&RequestClass=Rule-HTML-Section&RequestAppliesTo=Rule-Access-PolicyCondition&RequestRuleName=pzFilterLogicActions Payload: "{\"RequestClass\":\"Rule-HTML-Section\",\"RequestAppliesTo\":\"Rule-Access-PolicyCondition\",\"RequestRuleName\":\"pzFilterLogicActions\"}" => HTTP 404 (125 bytes)
[PegaHttpClient] 📡 POST https://zdk8budo.pegaacademy.net/prweb/PRRestService/CodeIntelligence/v1/rules/query?pxObjClass=Rule-HTML-Section&appliesTo=Rule-Access-PolicyCondition&pyRuleName=pzFilterLogicActions&RequestClass=Rule-HTML-Section&RequestAppliesTo=Rule-Access-PolicyCondition&RequestRuleName=pzFilterLogicActions Payload: "{\"RequestClass\":\"Rule-HTML-Section\",\"RequestAppliesTo\":\"Rule-Access-PolicyCondition\",\"RequestRuleName\":\"pzFilterLogicActions\"}" => HTTP 404 (125 bytes)
[PegaHttpClient] 📡 POST https://zdk8budo.pegaacademy.net/prweb/api/HRAppsV2Service/V1/rules/query?pxObjClass=Rule-HTML-Section&appliesTo=Rule-Access-PolicyCondition&pyRuleName=pzFilterLogicActions&RequestClass=Rule-HTML-Section&RequestAppliesTo=Rule-Access-PolicyCondition&RequestRuleName=pzFilterLogicActions Payload: "{\"RequestClass\":\"Rule-HTML-Section\",\"RequestAppliesTo\":\"Rule-Access-PolicyCondition\",\"RequestRuleName\":\"pzFilterLogicActions\"}" => HTTP 404 (18 bytes)
[PegaHttpClient] 📡 POST https://zdk8budo.pegaacademy.net/prweb/PRRestService/HRAppsV2Service/V1/rules/query?pxObjClass=Rule-HTML-Section&appliesTo=Rule-Access-PolicyCondition&pyRuleName=pzFilterLogicActions&RequestClass=Rule-HTML-Section&RequestAppliesTo=Rule-Access-PolicyCondition&RequestRuleName=pzFilterLogicActions Payload: "{\"RequestClass\":\"Rule-HTML-Section\",\"RequestAppliesTo\":\"Rule-Access-PolicyCondition\",\"RequestRuleName\":\"pzFilterLogicActions\"}" => HTTP 404 (18 bytes)
[PegaHttpClient] 📡 POST https://zdk8budo.pegaacademy.net/prweb/api/HRAppsV2/V1/rules/query?pxObjClass=Rule-HTML-Section&appliesTo=Rule-Access-PolicyCondition&pyRuleName=pzFilterLogicActions&RequestClass=Rule-HTML-Section&RequestAppliesTo=Rule-Access-PolicyCondition&RequestRuleName=pzFilterLogicActions Payload: "{\"RequestClass\":\"Rule-HTML-Section\",\"RequestAppliesTo\":\"Rule-Access-PolicyCondition\",\"RequestRuleName\":\"pzFilterLogicActions\"}" => HTTP 404 (18 bytes)
[PegaHttpClient] 📡 POST https://zdk8budo.pegaacademy.net/prweb/PRRestService/HRAppsV2/V1/rules/query?pxObjClass=Rule-HTML-Section&appliesTo=Rule-Access-PolicyCondition&pyRuleName=pzFilterLogicActions&RequestClass=Rule-HTML-Section&RequestAppliesTo=Rule-Access-PolicyCondition&RequestRuleName=pzFilterLogicActions Payload: "{\"RequestClass\":\"Rule-HTML-Section\",\"RequestAppliesTo\":\"Rule-Access-PolicyCondition\",\"RequestRuleName\":\"pzFilterLogicActions\"}" => HTTP 404 (18 bytes)
[PegaHttpClient] 📡 POST https://zdk8budo.pegaacademy.net/prweb/api/v1/rules/query?pxObjClass=Rule-HTML-Section&appliesTo=Rule-Access-PolicyCondition&pyRuleName=pzFilterLogicActions&RequestClass=Rule-HTML-Section&RequestAppliesTo=Rule-Access-PolicyCondition&RequestRuleName=pzFilterLogicActions Payload: "{\"RequestClass\":\"Rule-HTML-Section\",\"RequestAppliesTo\":\"Rule-Access-PolicyCondition\",\"RequestRuleName\":\"pzFilterLogicActions\"}" => HTTP 404 (18 bytes)
[PegaHttpClient] 📡 POST https://zdk8budo.pegaacademy.net/prweb/PRRestService/v1/rules/query?pxObjClass=Rule-HTML-Section&appliesTo=Rule-Access-PolicyCondition&pyRuleName=pzFilterLogicActions&RequestClass=Rule-HTML-Section&RequestAppliesTo=Rule-Access-PolicyCondition&RequestRuleName=pzFilterLogicActions Payload: "{\"RequestClass\":\"Rule-HTML-Section\",\"RequestAppliesTo\":\"Rule-Access-PolicyCondition\",\"RequestRuleName\":\"pzFilterLogicActions\"}" => HTTP 404 (18 bytes)
[PegaHttpClient] 📡 POST https://zdk8budo.pegaacademy.net/prweb/api/CodeIntelligence/v1/rules/query?pxObjClass=Rule-HTML-Section&appliesTo=Rule-Access-PolicyCondition&pyRuleName=pzPagesAndClassesScriptNoMode&RequestClass=Rule-HTML-Section&RequestAppliesTo=Rule-Access-PolicyCondition&RequestRuleName=pzPagesAndClassesScriptNoMode Payload: "{\"RequestClass\":\"Rule-HTML-Section\",\"RequestAppliesTo\":\"Rule-Access-PolicyCondition\",\"RequestRuleName\":\"pzPagesAndClassesScriptNoMode\"}" => HTTP 200 (25452 bytes)
[PegaHttpClient] 📡 POST https://zdk8budo.pegaacademy.net/prweb/api/CodeIntelligence/v1/rules/query?pxObjClass=Rule-HTML-Section&appliesTo=Rule-Access-PolicyCondition&pyRuleName=pzPagesAndClassesScript&RequestClass=Rule-HTML-Section&RequestAppliesTo=Rule-Access-PolicyCondition&RequestRuleName=pzPagesAndClassesScript Payload: "{\"RequestClass\":\"Rule-HTML-Section\",\"RequestAppliesTo\":\"Rule-Access-PolicyCondition\",\"RequestRuleName\":\"pzPagesAndClassesScript\"}" => HTTP 200 (24224 bytes)
[PegaHttpClient] 📡 POST https://zdk8budo.pegaacademy.net/prweb/api/CodeIntelligence/v1/rules/query?pxObjClass=Rule-HTML-Section&appliesTo=Rule-Access-PolicyCondition&pyRuleName=pzSpecificationName&RequestClass=Rule-HTML-Section&RequestAppliesTo=Rule-Access-PolicyCondition&RequestRuleName=pzSpecificationName Payload: "{\"RequestClass\":\"Rule-HTML-Section\",\"RequestAppliesTo\":\"Rule-Access-PolicyCondition\",\"RequestRuleName\":\"pzSpecificationName\"}" => HTTP 404 (124 bytes)
[PegaHttpClient] 📡 POST https://zdk8budo.pegaacademy.net/prweb/PRRestService/CodeIntelligence/v1/rules/query?pxObjClass=Rule-HTML-Section&appliesTo=Rule-Access-PolicyCondition&pyRuleName=pzSpecificationName&RequestClass=Rule-HTML-Section&RequestAppliesTo=Rule-Access-PolicyCondition&RequestRuleName=pzSpecificationName Payload: "{\"RequestClass\":\"Rule-HTML-Section\",\"RequestAppliesTo\":\"Rule-Access-PolicyCondition\",\"RequestRuleName\":\"pzSpecificationName\"}" => HTTP 404 (124 bytes)
[PegaHttpClient] 📡 POST https://zdk8budo.pegaacademy.net/prweb/api/HRAppsV2Service/V1/rules/query?pxObjClass=Rule-HTML-Section&appliesTo=Rule-Access-PolicyCondition&pyRuleName=pzSpecificationName&RequestClass=Rule-HTML-Section&RequestAppliesTo=Rule-Access-PolicyCondition&RequestRuleName=pzSpecificationName Payload: "{\"RequestClass\":\"Rule-HTML-Section\",\"RequestAppliesTo\":\"Rule-Access-PolicyCondition\",\"RequestRuleName\":\"pzSpecificationName\"}" => HTTP 404 (18 bytes)
[PegaHttpClient] 📡 POST https://zdk8budo.pegaacademy.net/prweb/PRRestService/HRAppsV2Service/V1/rules/query?pxObjClass=Rule-HTML-Section&appliesTo=Rule-Access-PolicyCondition&pyRuleName=pzSpecificationName&RequestClass=Rule-HTML-Section&RequestAppliesTo=Rule-Access-PolicyCondition&RequestRuleName=pzSpecificationName Payload: "{\"RequestClass\":\"Rule-HTML-Section\",\"RequestAppliesTo\":\"Rule-Access-PolicyCondition\",\"RequestRuleName\":\"pzSpecificationName\"}" => HTTP 404 (18 bytes)
[PegaHttpClient] 📡 POST https://zdk8budo.pegaacademy.net/prweb/api/HRAppsV2/V1/rules/query?pxObjClass=Rule-HTML-Section&appliesTo=Rule-Access-PolicyCondition&pyRuleName=pzSpecificationName&RequestClass=Rule-HTML-Section&RequestAppliesTo=Rule-Access-PolicyCondition&RequestRuleName=pzSpecificationName Payload: "{\"RequestClass\":\"Rule-HTML-Section\",\"RequestAppliesTo\":\"Rule-Access-PolicyCondition\",\"RequestRuleName\":\"pzSpecificationName\"}" => HTTP 404 (18 bytes)
[PegaHttpClient] 📡 POST https://zdk8budo.pegaacademy.net/prweb/PRRestService/HRAppsV2/V1/rules/query?pxObjClass=Rule-HTML-Section&appliesTo=Rule-Access-PolicyCondition&pyRuleName=pzSpecificationName&RequestClass=Rule-HTML-Section&RequestAppliesTo=Rule-Access-PolicyCondition&RequestRuleName=pzSpecificationName Payload: "{\"RequestClass\":\"Rule-HTML-Section\",\"RequestAppliesTo\":\"Rule-Access-PolicyCondition\",\"RequestRuleName\":\"pzSpecificationName\"}" => HTTP 404 (18 bytes)
[PegaHttpClient] 📡 POST https://zdk8budo.pegaacademy.net/prweb/api/v1/rules/query?pxObjClass=Rule-HTML-Section&appliesTo=Rule-Access-PolicyCondition&pyRuleName=pzSpecificationName&RequestClass=Rule-HTML-Section&RequestAppliesTo=Rule-Access-PolicyCondition&RequestRuleName=pzSpecificationName Payload: "{\"RequestClass\":\"Rule-HTML-Section\",\"RequestAppliesTo\":\"Rule-Access-PolicyCondition\",\"RequestRuleName\":\"pzSpecificationName\"}" => HTTP 404 (18 bytes)
[PegaHttpClient] 📡 POST https://zdk8budo.pegaacademy.net/prweb/PRRestService/v1/rules/query?pxObjClass=Rule-HTML-Section&appliesTo=Rule-Access-PolicyCondition&pyRuleName=pzSpecificationName&RequestClass=Rule-HTML-Section&RequestAppliesTo=Rule-Access-PolicyCondition&RequestRuleName=pzSpecificationName Payload: "{\"RequestClass\":\"Rule-HTML-Section\",\"RequestAppliesTo\":\"Rule-Access-PolicyCondition\",\"RequestRuleName\":\"pzSpecificationName\"}" => HTTP 404 (18 bytes)
[PegaHttpClient] 📡 POST https://zdk8budo.pegaacademy.net/prweb/api/CodeIntelligence/v1/rules/query?pxObjClass=Rule-HTML-Section&appliesTo=Rule-Access-PolicyCondition&pyRuleName=pzScm_RuleHistory&RequestClass=Rule-HTML-Section&RequestAppliesTo=Rule-Access-PolicyCondition&RequestRuleName=pzScm_RuleHistory Payload: "{\"RequestClass\":\"Rule-HTML-Section\",\"RequestAppliesTo\":\"Rule-Access-PolicyCondition\",\"RequestRuleName\":\"pzScm_RuleHistory\"}" => HTTP 200 (14682 bytes)
[PegaHttpClient] 📡 POST https://zdk8budo.pegaacademy.net/prweb/api/CodeIntelligence/v1/rules/query?pxObjClass=Rule-HTML-Section&appliesTo=Rule-Access-PolicyCondition&pyRuleName=pxDisplayCollaborators&RequestClass=Rule-HTML-Section&RequestAppliesTo=Rule-Access-PolicyCondition&RequestRuleName=pxDisplayCollaborators Payload: "{\"RequestClass\":\"Rule-HTML-Section\",\"RequestAppliesTo\":\"Rule-Access-PolicyCondition\",\"RequestRuleName\":\"pxDisplayCollaborators\"}" => HTTP 200 (94171 bytes)
[PegaHttpClient] 📡 POST https://zdk8budo.pegaacademy.net/prweb/api/CodeIntelligence/v1/rules/query?pxObjClass=Rule-HTML-Section&appliesTo=Rule-Access-PolicyCondition&pyRuleName=pzRuleFormToolbarDeleteCheckOut&RequestClass=Rule-HTML-Section&RequestAppliesTo=Rule-Access-PolicyCondition&RequestRuleName=pzRuleFormToolbarDeleteCheckOut Payload: "{\"RequestClass\":\"Rule-HTML-Section\",\"RequestAppliesTo\":\"Rule-Access-PolicyCondition\",\"RequestRuleName\":\"pzRuleFormToolbarDeleteCheckOut\"}" => HTTP 200 (29433 bytes)
[PegaHttpClient] 📡 POST https://zdk8budo.pegaacademy.net/prweb/api/CodeIntelligence/v1/rules/query?pxObjClass=Rule-HTML-Section&appliesTo=Rule-Access-PolicyCondition&pyRuleName=pzRuleFormToolbarDeleteRule&RequestClass=Rule-HTML-Section&RequestAppliesTo=Rule-Access-PolicyCondition&RequestRuleName=pzRuleFormToolbarDeleteRule Payload: "{\"RequestClass\":\"Rule-HTML-Section\",\"RequestAppliesTo\":\"Rule-Access-PolicyCondition\",\"RequestRuleName\":\"pzRuleFormToolbarDeleteRule\"}" => HTTP 200 (32314 bytes)
[PegaHttpClient] 📡 POST https://zdk8budo.pegaacademy.net/prweb/api/CodeIntelligence/v1/rules/query?pxObjClass=Rule-HTML-Section&appliesTo=Rule-Access-PolicyCondition&pyRuleName=pzLoadCollaborationScripts&RequestClass=Rule-HTML-Section&RequestAppliesTo=Rule-Access-PolicyCondition&RequestRuleName=pzLoadCollaborationScripts Payload: "{\"RequestClass\":\"Rule-HTML-Section\",\"RequestAppliesTo\":\"Rule-Access-PolicyCondition\",\"RequestRuleName\":\"pzLoadCollaborationScripts\"}" => HTTP 200 (23453 bytes)
[PegaHttpClient] 📡 POST https://zdk8budo.pegaacademy.net/prweb/api/CodeIntelligence/v1/rules/query?pxObjClass=Rule-HTML-Section&appliesTo=Rule-Access-PolicyCondition&pyRuleName=pzDisplayCollaboratorsList&RequestClass=Rule-HTML-Section&RequestAppliesTo=Rule-Access-PolicyCondition&RequestRuleName=pzDisplayCollaboratorsList Payload: "{\"RequestClass\":\"Rule-HTML-Section\",\"RequestAppliesTo\":\"Rule-Access-PolicyCondition\",\"RequestRuleName\":\"pzDisplayCollaboratorsList\"}" => HTTP 200 (105418 bytes)
[PegaHttpClient] 📡 POST https://zdk8budo.pegaacademy.net/prweb/api/CodeIntelligence/v1/rules/query?pxObjClass=Rule-HTML-Section&appliesTo=Rule-Access-PolicyCondition&pyRuleName=pyCollaborator&RequestClass=Rule-HTML-Section&RequestAppliesTo=Rule-Access-PolicyCondition&RequestRuleName=pyCollaborator Payload: "{\"RequestClass\":\"Rule-HTML-Section\",\"RequestAppliesTo\":\"Rule-Access-PolicyCondition\",\"RequestRuleName\":\"pyCollaborator\"}" => HTTP 404 (119 bytes)
[PegaHttpClient] 📡 POST https://zdk8budo.pegaacademy.net/prweb/PRRestService/CodeIntelligence/v1/rules/query?pxObjClass=Rule-HTML-Section&appliesTo=Rule-Access-PolicyCondition&pyRuleName=pyCollaborator&RequestClass=Rule-HTML-Section&RequestAppliesTo=Rule-Access-PolicyCondition&RequestRuleName=pyCollaborator Payload: "{\"RequestClass\":\"Rule-HTML-Section\",\"RequestAppliesTo\":\"Rule-Access-PolicyCondition\",\"RequestRuleName\":\"pyCollaborator\"}" => HTTP 404 (119 bytes)
[PegaHttpClient] 📡 POST https://zdk8budo.pegaacademy.net/prweb/api/HRAppsV2Service/V1/rules/query?pxObjClass=Rule-HTML-Section&appliesTo=Rule-Access-PolicyCondition&pyRuleName=pyCollaborator&RequestClass=Rule-HTML-Section&RequestAppliesTo=Rule-Access-PolicyCondition&RequestRuleName=pyCollaborator Payload: "{\"RequestClass\":\"Rule-HTML-Section\",\"RequestAppliesTo\":\"Rule-Access-PolicyCondition\",\"RequestRuleName\":\"pyCollaborator\"}" => HTTP 404 (18 bytes)
[PegaHttpClient] 📡 POST https://zdk8budo.pegaacademy.net/prweb/PRRestService/HRAppsV2Service/V1/rules/query?pxObjClass=Rule-HTML-Section&appliesTo=Rule-Access-PolicyCondition&pyRuleName=pyCollaborator&RequestClass=Rule-HTML-Section&RequestAppliesTo=Rule-Access-PolicyCondition&RequestRuleName=pyCollaborator Payload: "{\"RequestClass\":\"Rule-HTML-Section\",\"RequestAppliesTo\":\"Rule-Access-PolicyCondition\",\"RequestRuleName\":\"pyCollaborator\"}" => HTTP 404 (18 bytes)
[PegaHttpClient] 📡 POST https://zdk8budo.pegaacademy.net/prweb/api/HRAppsV2/V1/rules/query?pxObjClass=Rule-HTML-Section&appliesTo=Rule-Access-PolicyCondition&pyRuleName=pyCollaborator&RequestClass=Rule-HTML-Section&RequestAppliesTo=Rule-Access-PolicyCondition&RequestRuleName=pyCollaborator Payload: "{\"RequestClass\":\"Rule-HTML-Section\",\"RequestAppliesTo\":\"Rule-Access-PolicyCondition\",\"RequestRuleName\":\"pyCollaborator\"}" => HTTP 404 (18 bytes)
[PegaHttpClient] 📡 POST https://zdk8budo.pegaacademy.net/prweb/PRRestService/HRAppsV2/V1/rules/query?pxObjClass=Rule-HTML-Section&appliesTo=Rule-Access-PolicyCondition&pyRuleName=pyCollaborator&RequestClass=Rule-HTML-Section&RequestAppliesTo=Rule-Access-PolicyCondition&RequestRuleName=pyCollaborator Payload: "{\"RequestClass\":\"Rule-HTML-Section\",\"RequestAppliesTo\":\"Rule-Access-PolicyCondition\",\"RequestRuleName\":\"pyCollaborator\"}" => HTTP 404 (18 bytes)
[PegaHttpClient] 📡 POST https://zdk8budo.pegaacademy.net/prweb/api/v1/rules/query?pxObjClass=Rule-HTML-Section&appliesTo=Rule-Access-PolicyCondition&pyRuleName=pyCollaborator&RequestClass=Rule-HTML-Section&RequestAppliesTo=Rule-Access-PolicyCondition&RequestRuleName=pyCollaborator Payload: "{\"RequestClass\":\"Rule-HTML-Section\",\"RequestAppliesTo\":\"Rule-Access-PolicyCondition\",\"RequestRuleName\":\"pyCollaborator\"}" => HTTP 404 (18 bytes)
[PegaHttpClient] 📡 POST https://zdk8budo.pegaacademy.net/prweb/PRRestService/v1/rules/query?pxObjClass=Rule-HTML-Section&appliesTo=Rule-Access-PolicyCondition&pyRuleName=pyCollaborator&RequestClass=Rule-HTML-Section&RequestAppliesTo=Rule-Access-PolicyCondition&RequestRuleName=pyCollaborator Payload: "{\"RequestClass\":\"Rule-HTML-Section\",\"RequestAppliesTo\":\"Rule-Access-PolicyCondition\",\"RequestRuleName\":\"pyCollaborator\"}" => HTTP 404 (18 bytes)
[PegaHttpClient] 📡 POST https://zdk8budo.pegaacademy.net/prweb/api/CodeIntelligence/v1/rules/query?pxObjClass=Rule-HTML-Section&appliesTo=Rule-Access-PolicyCondition&pyRuleName=pzDisplayPartialCount&RequestClass=Rule-HTML-Section&RequestAppliesTo=Rule-Access-PolicyCondition&RequestRuleName=pzDisplayPartialCount Payload: "{\"RequestClass\":\"Rule-HTML-Section\",\"RequestAppliesTo\":\"Rule-Access-PolicyCondition\",\"RequestRuleName\":\"pzDisplayPartialCount\"}" => HTTP 404 (126 bytes)
[PegaHttpClient] 📡 POST https://zdk8budo.pegaacademy.net/prweb/PRRestService/CodeIntelligence/v1/rules/query?pxObjClass=Rule-HTML-Section&appliesTo=Rule-Access-PolicyCondition&pyRuleName=pzDisplayPartialCount&RequestClass=Rule-HTML-Section&RequestAppliesTo=Rule-Access-PolicyCondition&RequestRuleName=pzDisplayPartialCount Payload: "{\"RequestClass\":\"Rule-HTML-Section\",\"RequestAppliesTo\":\"Rule-Access-PolicyCondition\",\"RequestRuleName\":\"pzDisplayPartialCount\"}" => HTTP 404 (126 bytes)
[PegaHttpClient] 📡 POST https://zdk8budo.pegaacademy.net/prweb/api/HRAppsV2Service/V1/rules/query?pxObjClass=Rule-HTML-Section&appliesTo=Rule-Access-PolicyCondition&pyRuleName=pzDisplayPartialCount&RequestClass=Rule-HTML-Section&RequestAppliesTo=Rule-Access-PolicyCondition&RequestRuleName=pzDisplayPartialCount Payload: "{\"RequestClass\":\"Rule-HTML-Section\",\"RequestAppliesTo\":\"Rule-Access-PolicyCondition\",\"RequestRuleName\":\"pzDisplayPartialCount\"}" => HTTP 404 (18 bytes)
[PegaHttpClient] 📡 POST https://zdk8budo.pegaacademy.net/prweb/PRRestService/HRAppsV2Service/V1/rules/query?pxObjClass=Rule-HTML-Section&appliesTo=Rule-Access-PolicyCondition&pyRuleName=pzDisplayPartialCount&RequestClass=Rule-HTML-Section&RequestAppliesTo=Rule-Access-PolicyCondition&RequestRuleName=pzDisplayPartialCount Payload: "{\"RequestClass\":\"Rule-HTML-Section\",\"RequestAppliesTo\":\"Rule-Access-PolicyCondition\",\"RequestRuleName\":\"pzDisplayPartialCount\"}" => HTTP 404 (18 bytes)
[PegaHttpClient] 📡 POST https://zdk8budo.pegaacademy.net/prweb/api/HRAppsV2/V1/rules/query?pxObjClass=Rule-HTML-Section&appliesTo=Rule-Access-PolicyCondition&pyRuleName=pzDisplayPartialCount&RequestClass=Rule-HTML-Section&RequestAppliesTo=Rule-Access-PolicyCondition&RequestRuleName=pzDisplayPartialCount Payload: "{\"RequestClass\":\"Rule-HTML-Section\",\"RequestAppliesTo\":\"Rule-Access-PolicyCondition\",\"RequestRuleName\":\"pzDisplayPartialCount\"}" => HTTP 404 (18 bytes)
[PegaHttpClient] 📡 POST https://zdk8budo.pegaacademy.net/prweb/PRRestService/HRAppsV2/V1/rules/query?pxObjClass=Rule-HTML-Section&appliesTo=Rule-Access-PolicyCondition&pyRuleName=pzDisplayPartialCount&RequestClass=Rule-HTML-Section&RequestAppliesTo=Rule-Access-PolicyCondition&RequestRuleName=pzDisplayPartialCount Payload: "{\"RequestClass\":\"Rule-HTML-Section\",\"RequestAppliesTo\":\"Rule-Access-PolicyCondition\",\"RequestRuleName\":\"pzDisplayPartialCount\"}" => HTTP 404 (18 bytes)
[PegaHttpClient] 📡 POST https://zdk8budo.pegaacademy.net/prweb/api/v1/rules/query?pxObjClass=Rule-HTML-Section&appliesTo=Rule-Access-PolicyCondition&pyRuleName=pzDisplayPartialCount&RequestClass=Rule-HTML-Section&RequestAppliesTo=Rule-Access-PolicyCondition&RequestRuleName=pzDisplayPartialCount Payload: "{\"RequestClass\":\"Rule-HTML-Section\",\"RequestAppliesTo\":\"Rule-Access-PolicyCondition\",\"RequestRuleName\":\"pzDisplayPartialCount\"}" => HTTP 404 (18 bytes)
[PegaHttpClient] 📡 POST https://zdk8budo.pegaacademy.net/prweb/PRRestService/v1/rules/query?pxObjClass=Rule-HTML-Section&appliesTo=Rule-Access-PolicyCondition&pyRuleName=pzDisplayPartialCount&RequestClass=Rule-HTML-Section&RequestAppliesTo=Rule-Access-PolicyCondition&RequestRuleName=pzDisplayPartialCount Payload: "{\"RequestClass\":\"Rule-HTML-Section\",\"RequestAppliesTo\":\"Rule-Access-PolicyCondition\",\"RequestRuleName\":\"pzDisplayPartialCount\"}" => HTTP 404 (18 bytes)
[SchemaGen] ✅ Schema written for Rule-Access-PolicyCondition
[PegaHttpClient] 📡 GET https://zdk8budo.pegaacademy.net/prweb/api/CodeIntelligence/v1/rules/RULE-HTML-HARNESS%20RULE-ACCESS-CLIENTDATA%20RULEFORM%20%2320180713T132617.519%20GMT => HTTP 200 (26513 bytes)
[PegaHttpClient] 📡 POST https://zdk8budo.pegaacademy.net/prweb/api/CodeIntelligence/v1/rules/query?pxObjClass=Rule-HTML-Section&appliesTo=Rule-Access-Clientdata&pyRuleName=RuleFormMain&RequestClass=Rule-HTML-Section&RequestAppliesTo=Rule-Access-Clientdata&RequestRuleName=RuleFormMain Payload: "{\"RequestClass\":\"Rule-HTML-Section\",\"RequestAppliesTo\":\"Rule-Access-Clientdata\",\"RequestRuleName\":\"RuleFormMain\"}" => HTTP 200 (156234 bytes)
[PegaHttpClient] 📡 POST https://zdk8budo.pegaacademy.net/prweb/api/CodeIntelligence/v1/rules/query?pxObjClass=Rule-HTML-Section&appliesTo=Rule-Access-Clientdata&pyRuleName=pxAlternateRuleForm&RequestClass=Rule-HTML-Section&RequestAppliesTo=Rule-Access-Clientdata&RequestRuleName=pxAlternateRuleForm Payload: "{\"RequestClass\":\"Rule-HTML-Section\",\"RequestAppliesTo\":\"Rule-Access-Clientdata\",\"RequestRuleName\":\"pxAlternateRuleForm\"}" => HTTP 200 (66153 bytes)
[PegaHttpClient] 📡 POST https://zdk8budo.pegaacademy.net/prweb/api/CodeIntelligence/v1/rules/query?pxObjClass=Rule-HTML-Section&appliesTo=Rule-Access-Clientdata&pyRuleName=pzRuleFormScripts&RequestClass=Rule-HTML-Section&RequestAppliesTo=Rule-Access-Clientdata&RequestRuleName=pzRuleFormScripts Payload: "{\"RequestClass\":\"Rule-HTML-Section\",\"RequestAppliesTo\":\"Rule-Access-Clientdata\",\"RequestRuleName\":\"pzRuleFormScripts\"}" => HTTP 200 (40822 bytes)
[PegaHttpClient] 📡 POST https://zdk8budo.pegaacademy.net/prweb/api/CodeIntelligence/v1/rules/query?pxObjClass=Rule-HTML-Section&appliesTo=Rule-Access-Clientdata&pyRuleName=pzRuleFormLayoutDelegated&RequestClass=Rule-HTML-Section&RequestAppliesTo=Rule-Access-Clientdata&RequestRuleName=pzRuleFormLayoutDelegated Payload: "{\"RequestClass\":\"Rule-HTML-Section\",\"RequestAppliesTo\":\"Rule-Access-Clientdata\",\"RequestRuleName\":\"pzRuleFormLayoutDelegated\"}" => HTTP 200 (70998 bytes)
[PegaHttpClient] 📡 POST https://zdk8budo.pegaacademy.net/prweb/api/CodeIntelligence/v1/rules/query?pxObjClass=Rule-HTML-Section&appliesTo=Rule-Access-Clientdata&pyRuleName=RuleFormLayout&RequestClass=Rule-HTML-Section&RequestAppliesTo=Rule-Access-Clientdata&RequestRuleName=RuleFormLayout Payload: "{\"RequestClass\":\"Rule-HTML-Section\",\"RequestAppliesTo\":\"Rule-Access-Clientdata\",\"RequestRuleName\":\"RuleFormLayout\"}" => HTTP 200 (89890 bytes)
[PegaHttpClient] 📡 POST https://zdk8budo.pegaacademy.net/prweb/api/CodeIntelligence/v1/rules/query?pxObjClass=Rule-HTML-Section&appliesTo=Rule-Access-Clientdata&pyRuleName=RuleFormSettings&RequestClass=Rule-HTML-Section&RequestAppliesTo=Rule-Access-Clientdata&RequestRuleName=RuleFormSettings Payload: "{\"RequestClass\":\"Rule-HTML-Section\",\"RequestAppliesTo\":\"Rule-Access-Clientdata\",\"RequestRuleName\":\"RuleFormSettings\"}" => HTTP 200 (20540 bytes)
[PegaHttpClient] 📡 POST https://zdk8budo.pegaacademy.net/prweb/api/CodeIntelligence/v1/rules/query?pxObjClass=Rule-HTML-Section&appliesTo=Rule-Access-Clientdata&pyRuleName=OpenAuthoring&RequestClass=Rule-HTML-Section&RequestAppliesTo=Rule-Access-Clientdata&RequestRuleName=OpenAuthoring Payload: "{\"RequestClass\":\"Rule-HTML-Section\",\"RequestAppliesTo\":\"Rule-Access-Clientdata\",\"RequestRuleName\":\"OpenAuthoring\"}" => HTTP 200 (23695 bytes)
[PegaHttpClient] 📡 POST https://zdk8budo.pegaacademy.net/prweb/api/CodeIntelligence/v1/rules/query?pxObjClass=Rule-HTML-Section&appliesTo=Rule-Access-Clientdata&pyRuleName=pyCustomHelp&RequestClass=Rule-HTML-Section&RequestAppliesTo=Rule-Access-Clientdata&RequestRuleName=pyCustomHelp Payload: "{\"RequestClass\":\"Rule-HTML-Section\",\"RequestAppliesTo\":\"Rule-Access-Clientdata\",\"RequestRuleName\":\"pyCustomHelp\"}" => HTTP 200 (17256 bytes)
[PegaHttpClient] 📡 POST https://zdk8budo.pegaacademy.net/prweb/api/CodeIntelligence/v1/rules/query?pxObjClass=Rule-HTML-Section&appliesTo=Rule-Access-Clientdata&pyRuleName=pzRuleformMainInclude&RequestClass=Rule-HTML-Section&RequestAppliesTo=Rule-Access-Clientdata&RequestRuleName=pzRuleformMainInclude Payload: "{\"RequestClass\":\"Rule-HTML-Section\",\"RequestAppliesTo\":\"Rule-Access-Clientdata\",\"RequestRuleName\":\"pzRuleformMainInclude\"}" => HTTP 200 (22375 bytes)
[PegaHttpClient] 📡 POST https://zdk8budo.pegaacademy.net/prweb/api/CodeIntelligence/v1/rules/query?pxObjClass=Rule-HTML-Section&appliesTo=Rule-Access-Clientdata&pyRuleName=pyAlternativeRuleFormStrategicAppExtension&RequestClass=Rule-HTML-Section&RequestAppliesTo=Rule-Access-Clientdata&RequestRuleName=pyAlternativeRuleFormStrategicAppExtension Payload: "{\"RequestClass\":\"Rule-HTML-Section\",\"RequestAppliesTo\":\"Rule-Access-Clientdata\",\"RequestRuleName\":\"pyAlternativeRuleFormStrategicAppExtension\"}" => HTTP 200 (25042 bytes)
[PegaHttpClient] 📡 POST https://zdk8budo.pegaacademy.net/prweb/api/CodeIntelligence/v1/rules/query?pxObjClass=Rule-HTML-Section&appliesTo=Rule-Access-Clientdata&pyRuleName=pyAlternativeRuleFormExtension&RequestClass=Rule-HTML-Section&RequestAppliesTo=Rule-Access-Clientdata&RequestRuleName=pyAlternativeRuleFormExtension Payload: "{\"RequestClass\":\"Rule-HTML-Section\",\"RequestAppliesTo\":\"Rule-Access-Clientdata\",\"RequestRuleName\":\"pyAlternativeRuleFormExtension\"}" => HTTP 200 (24863 bytes)
[PegaHttpClient] 📡 POST https://zdk8budo.pegaacademy.net/prweb/api/CodeIntelligence/v1/rules/query?pxObjClass=Rule-HTML-Section&appliesTo=Rule-Access-Clientdata&pyRuleName=RuleFormHeader&RequestClass=Rule-HTML-Section&RequestAppliesTo=Rule-Access-Clientdata&RequestRuleName=RuleFormHeader Payload: "{\"RequestClass\":\"Rule-HTML-Section\",\"RequestAppliesTo\":\"Rule-Access-Clientdata\",\"RequestRuleName\":\"RuleFormHeader\"}" => HTTP 200 (183800 bytes)
[PegaHttpClient] 📡 POST https://zdk8budo.pegaacademy.net/prweb/api/CodeIntelligence/v1/rules/query?pxObjClass=Rule-HTML-Section&appliesTo=Rule-Access-Clientdata&pyRuleName=pzDelegationExperience&RequestClass=Rule-HTML-Section&RequestAppliesTo=Rule-Access-Clientdata&RequestRuleName=pzDelegationExperience Payload: "{\"RequestClass\":\"Rule-HTML-Section\",\"RequestAppliesTo\":\"Rule-Access-Clientdata\",\"RequestRuleName\":\"pzDelegationExperience\"}" => HTTP 404 (122 bytes)
[PegaHttpClient] 📡 POST https://zdk8budo.pegaacademy.net/prweb/PRRestService/CodeIntelligence/v1/rules/query?pxObjClass=Rule-HTML-Section&appliesTo=Rule-Access-Clientdata&pyRuleName=pzDelegationExperience&RequestClass=Rule-HTML-Section&RequestAppliesTo=Rule-Access-Clientdata&RequestRuleName=pzDelegationExperience Payload: "{\"RequestClass\":\"Rule-HTML-Section\",\"RequestAppliesTo\":\"Rule-Access-Clientdata\",\"RequestRuleName\":\"pzDelegationExperience\"}" => HTTP 404 (122 bytes)
[PegaHttpClient] 📡 POST https://zdk8budo.pegaacademy.net/prweb/api/HRAppsV2Service/V1/rules/query?pxObjClass=Rule-HTML-Section&appliesTo=Rule-Access-Clientdata&pyRuleName=pzDelegationExperience&RequestClass=Rule-HTML-Section&RequestAppliesTo=Rule-Access-Clientdata&RequestRuleName=pzDelegationExperience Payload: "{\"RequestClass\":\"Rule-HTML-Section\",\"RequestAppliesTo\":\"Rule-Access-Clientdata\",\"RequestRuleName\":\"pzDelegationExperience\"}" => HTTP 404 (18 bytes)
[PegaHttpClient] 📡 POST https://zdk8budo.pegaacademy.net/prweb/PRRestService/HRAppsV2Service/V1/rules/query?pxObjClass=Rule-HTML-Section&appliesTo=Rule-Access-Clientdata&pyRuleName=pzDelegationExperience&RequestClass=Rule-HTML-Section&RequestAppliesTo=Rule-Access-Clientdata&RequestRuleName=pzDelegationExperience Payload: "{\"RequestClass\":\"Rule-HTML-Section\",\"RequestAppliesTo\":\"Rule-Access-Clientdata\",\"RequestRuleName\":\"pzDelegationExperience\"}" => HTTP 404 (18 bytes)
[PegaHttpClient] 📡 POST https://zdk8budo.pegaacademy.net/prweb/api/HRAppsV2/V1/rules/query?pxObjClass=Rule-HTML-Section&appliesTo=Rule-Access-Clientdata&pyRuleName=pzDelegationExperience&RequestClass=Rule-HTML-Section&RequestAppliesTo=Rule-Access-Clientdata&RequestRuleName=pzDelegationExperience Payload: "{\"RequestClass\":\"Rule-HTML-Section\",\"RequestAppliesTo\":\"Rule-Access-Clientdata\",\"RequestRuleName\":\"pzDelegationExperience\"}" => HTTP 404 (18 bytes)
[PegaHttpClient] 📡 POST https://zdk8budo.pegaacademy.net/prweb/PRRestService/HRAppsV2/V1/rules/query?pxObjClass=Rule-HTML-Section&appliesTo=Rule-Access-Clientdata&pyRuleName=pzDelegationExperience&RequestClass=Rule-HTML-Section&RequestAppliesTo=Rule-Access-Clientdata&RequestRuleName=pzDelegationExperience Payload: "{\"RequestClass\":\"Rule-HTML-Section\",\"RequestAppliesTo\":\"Rule-Access-Clientdata\",\"RequestRuleName\":\"pzDelegationExperience\"}" => HTTP 404 (18 bytes)
[PegaHttpClient] 📡 POST https://zdk8budo.pegaacademy.net/prweb/api/v1/rules/query?pxObjClass=Rule-HTML-Section&appliesTo=Rule-Access-Clientdata&pyRuleName=pzDelegationExperience&RequestClass=Rule-HTML-Section&RequestAppliesTo=Rule-Access-Clientdata&RequestRuleName=pzDelegationExperience Payload: "{\"RequestClass\":\"Rule-HTML-Section\",\"RequestAppliesTo\":\"Rule-Access-Clientdata\",\"RequestRuleName\":\"pzDelegationExperience\"}" => HTTP 404 (18 bytes)
[PegaHttpClient] 📡 POST https://zdk8budo.pegaacademy.net/prweb/PRRestService/v1/rules/query?pxObjClass=Rule-HTML-Section&appliesTo=Rule-Access-Clientdata&pyRuleName=pzDelegationExperience&RequestClass=Rule-HTML-Section&RequestAppliesTo=Rule-Access-Clientdata&RequestRuleName=pzDelegationExperience Payload: "{\"RequestClass\":\"Rule-HTML-Section\",\"RequestAppliesTo\":\"Rule-Access-Clientdata\",\"RequestRuleName\":\"pzDelegationExperience\"}" => HTTP 404 (18 bytes)
[PegaHttpClient] 📡 POST https://zdk8budo.pegaacademy.net/prweb/api/CodeIntelligence/v1/rules/query?pxObjClass=Rule-HTML-Section&appliesTo=Rule-Access-Clientdata&pyRuleName=pzDataElements&RequestClass=Rule-HTML-Section&RequestAppliesTo=Rule-Access-Clientdata&RequestRuleName=pzDataElements Payload: "{\"RequestClass\":\"Rule-HTML-Section\",\"RequestAppliesTo\":\"Rule-Access-Clientdata\",\"RequestRuleName\":\"pzDataElements\"}" => HTTP 200 (262045 bytes)
[PegaHttpClient] 📡 POST https://zdk8budo.pegaacademy.net/prweb/api/CodeIntelligence/v1/rules/query?pxObjClass=Rule-HTML-Section&appliesTo=Rule-Access-Clientdata&pyRuleName=pzIdMapping&RequestClass=Rule-HTML-Section&RequestAppliesTo=Rule-Access-Clientdata&RequestRuleName=pzIdMapping Payload: "{\"RequestClass\":\"Rule-HTML-Section\",\"RequestAppliesTo\":\"Rule-Access-Clientdata\",\"RequestRuleName\":\"pzIdMapping\"}" => HTTP 200 (95774 bytes)
[PegaHttpClient] 📡 POST https://zdk8budo.pegaacademy.net/prweb/api/CodeIntelligence/v1/rules/query?pxObjClass=Rule-HTML-Section&appliesTo=Rule-Access-Clientdata&pyRuleName=RuleFormPagesAndClasses&RequestClass=Rule-HTML-Section&RequestAppliesTo=Rule-Access-Clientdata&RequestRuleName=RuleFormPagesAndClasses Payload: "{\"RequestClass\":\"Rule-HTML-Section\",\"RequestAppliesTo\":\"Rule-Access-Clientdata\",\"RequestRuleName\":\"RuleFormPagesAndClasses\"}" => HTTP 200 (34748 bytes)
[PegaHttpClient] 📡 POST https://zdk8budo.pegaacademy.net/prweb/api/CodeIntelligence/v1/rules/query?pxObjClass=Rule-HTML-Section&appliesTo=Rule-Access-Clientdata&pyRuleName=pzSpecifications&RequestClass=Rule-HTML-Section&RequestAppliesTo=Rule-Access-Clientdata&RequestRuleName=pzSpecifications Payload: "{\"RequestClass\":\"Rule-HTML-Section\",\"RequestAppliesTo\":\"Rule-Access-Clientdata\",\"RequestRuleName\":\"pzSpecifications\"}" => HTTP 200 (16577 bytes)
[PegaHttpClient] 📡 POST https://zdk8budo.pegaacademy.net/prweb/api/CodeIntelligence/v1/rules/query?pxObjClass=Rule-HTML-Section&appliesTo=Rule-Access-Clientdata&pyRuleName=RuleFormHistory&RequestClass=Rule-HTML-Section&RequestAppliesTo=Rule-Access-Clientdata&RequestRuleName=RuleFormHistory Payload: "{\"RequestClass\":\"Rule-HTML-Section\",\"RequestAppliesTo\":\"Rule-Access-Clientdata\",\"RequestRuleName\":\"RuleFormHistory\"}" => HTTP 200 (76091 bytes)
[PegaHttpClient] 📡 POST https://zdk8budo.pegaacademy.net/prweb/api/CodeIntelligence/v1/rules/query?pxObjClass=Rule-HTML-Section&appliesTo=Rule-Access-Clientdata&pyRuleName=pzCustomHelp&RequestClass=Rule-HTML-Section&RequestAppliesTo=Rule-Access-Clientdata&RequestRuleName=pzCustomHelp Payload: "{\"RequestClass\":\"Rule-HTML-Section\",\"RequestAppliesTo\":\"Rule-Access-Clientdata\",\"RequestRuleName\":\"pzCustomHelp\"}" => HTTP 200 (31573 bytes)
[PegaHttpClient] 📡 POST https://zdk8budo.pegaacademy.net/prweb/api/CodeIntelligence/v1/rules/query?pxObjClass=Rule-HTML-Section&appliesTo=Rule-Access-Clientdata&pyRuleName=pzRuleFormKeysAndDescription&RequestClass=Rule-HTML-Section&RequestAppliesTo=Rule-Access-Clientdata&RequestRuleName=pzRuleFormKeysAndDescription Payload: "{\"RequestClass\":\"Rule-HTML-Section\",\"RequestAppliesTo\":\"Rule-Access-Clientdata\",\"RequestRuleName\":\"pzRuleFormKeysAndDescription\"}" => HTTP 200 (218057 bytes)
[PegaHttpClient] 📡 POST https://zdk8budo.pegaacademy.net/prweb/api/CodeIntelligence/v1/rules/query?pxObjClass=Rule-HTML-Section&appliesTo=Rule-Access-Clientdata&pyRuleName=pzRuleFormRuleset&RequestClass=Rule-HTML-Section&RequestAppliesTo=Rule-Access-Clientdata&RequestRuleName=pzRuleFormRuleset Payload: "{\"RequestClass\":\"Rule-HTML-Section\",\"RequestAppliesTo\":\"Rule-Access-Clientdata\",\"RequestRuleName\":\"pzRuleFormRuleset\"}" => HTTP 200 (33985 bytes)
[PegaHttpClient] 📡 POST https://zdk8budo.pegaacademy.net/prweb/api/CodeIntelligence/v1/rules/query?pxObjClass=Rule-HTML-Section&appliesTo=Rule-Access-Clientdata&pyRuleName=undefined&RequestClass=Rule-HTML-Section&RequestAppliesTo=Rule-Access-Clientdata&RequestRuleName=undefined Payload: "{\"RequestClass\":\"Rule-HTML-Section\",\"RequestAppliesTo\":\"Rule-Access-Clientdata\",\"RequestRuleName\":\"undefined\"}" => HTTP 404 (109 bytes)
[PegaHttpClient] 📡 POST https://zdk8budo.pegaacademy.net/prweb/PRRestService/CodeIntelligence/v1/rules/query?pxObjClass=Rule-HTML-Section&appliesTo=Rule-Access-Clientdata&pyRuleName=undefined&RequestClass=Rule-HTML-Section&RequestAppliesTo=Rule-Access-Clientdata&RequestRuleName=undefined Payload: "{\"RequestClass\":\"Rule-HTML-Section\",\"RequestAppliesTo\":\"Rule-Access-Clientdata\",\"RequestRuleName\":\"undefined\"}" => HTTP 404 (109 bytes)
[PegaHttpClient] 📡 POST https://zdk8budo.pegaacademy.net/prweb/api/HRAppsV2Service/V1/rules/query?pxObjClass=Rule-HTML-Section&appliesTo=Rule-Access-Clientdata&pyRuleName=undefined&RequestClass=Rule-HTML-Section&RequestAppliesTo=Rule-Access-Clientdata&RequestRuleName=undefined Payload: "{\"RequestClass\":\"Rule-HTML-Section\",\"RequestAppliesTo\":\"Rule-Access-Clientdata\",\"RequestRuleName\":\"undefined\"}" => HTTP 404 (18 bytes)
[PegaHttpClient] 📡 POST https://zdk8budo.pegaacademy.net/prweb/PRRestService/HRAppsV2Service/V1/rules/query?pxObjClass=Rule-HTML-Section&appliesTo=Rule-Access-Clientdata&pyRuleName=undefined&RequestClass=Rule-HTML-Section&RequestAppliesTo=Rule-Access-Clientdata&RequestRuleName=undefined Payload: "{\"RequestClass\":\"Rule-HTML-Section\",\"RequestAppliesTo\":\"Rule-Access-Clientdata\",\"RequestRuleName\":\"undefined\"}" => HTTP 404 (18 bytes)
[PegaHttpClient] 📡 POST https://zdk8budo.pegaacademy.net/prweb/api/HRAppsV2/V1/rules/query?pxObjClass=Rule-HTML-Section&appliesTo=Rule-Access-Clientdata&pyRuleName=undefined&RequestClass=Rule-HTML-Section&RequestAppliesTo=Rule-Access-Clientdata&RequestRuleName=undefined Payload: "{\"RequestClass\":\"Rule-HTML-Section\",\"RequestAppliesTo\":\"Rule-Access-Clientdata\",\"RequestRuleName\":\"undefined\"}" => HTTP 404 (18 bytes)
[PegaHttpClient] 📡 POST https://zdk8budo.pegaacademy.net/prweb/PRRestService/HRAppsV2/V1/rules/query?pxObjClass=Rule-HTML-Section&appliesTo=Rule-Access-Clientdata&pyRuleName=undefined&RequestClass=Rule-HTML-Section&RequestAppliesTo=Rule-Access-Clientdata&RequestRuleName=undefined Payload: "{\"RequestClass\":\"Rule-HTML-Section\",\"RequestAppliesTo\":\"Rule-Access-Clientdata\",\"RequestRuleName\":\"undefined\"}" => HTTP 404 (18 bytes)
[PegaHttpClient] 📡 POST https://zdk8budo.pegaacademy.net/prweb/api/v1/rules/query?pxObjClass=Rule-HTML-Section&appliesTo=Rule-Access-Clientdata&pyRuleName=undefined&RequestClass=Rule-HTML-Section&RequestAppliesTo=Rule-Access-Clientdata&RequestRuleName=undefined Payload: "{\"RequestClass\":\"Rule-HTML-Section\",\"RequestAppliesTo\":\"Rule-Access-Clientdata\",\"RequestRuleName\":\"undefined\"}" => HTTP 404 (18 bytes)
[PegaHttpClient] 📡 POST https://zdk8budo.pegaacademy.net/prweb/PRRestService/v1/rules/query?pxObjClass=Rule-HTML-Section&appliesTo=Rule-Access-Clientdata&pyRuleName=undefined&RequestClass=Rule-HTML-Section&RequestAppliesTo=Rule-Access-Clientdata&RequestRuleName=undefined Payload: "{\"RequestClass\":\"Rule-HTML-Section\",\"RequestAppliesTo\":\"Rule-Access-Clientdata\",\"RequestRuleName\":\"undefined\"}" => HTTP 404 (18 bytes)
[PegaHttpClient] 📡 POST https://zdk8budo.pegaacademy.net/prweb/api/CodeIntelligence/v1/rules/query?pxObjClass=Rule-HTML-Section&appliesTo=Rule-Access-Clientdata&pyRuleName=pzRuleFormToolbar&RequestClass=Rule-HTML-Section&RequestAppliesTo=Rule-Access-Clientdata&RequestRuleName=pzRuleFormToolbar Payload: "{\"RequestClass\":\"Rule-HTML-Section\",\"RequestAppliesTo\":\"Rule-Access-Clientdata\",\"RequestRuleName\":\"pzRuleFormToolbar\"}" => HTTP 200 (242691 bytes)
[PegaHttpClient] 📡 POST https://zdk8budo.pegaacademy.net/prweb/api/CodeIntelligence/v1/rules/query?pxObjClass=Rule-HTML-Section&appliesTo=Rule-Access-Clientdata&pyRuleName=pzRuleFormToolbarCompare&RequestClass=Rule-HTML-Section&RequestAppliesTo=Rule-Access-Clientdata&RequestRuleName=pzRuleFormToolbarCompare Payload: "{\"RequestClass\":\"Rule-HTML-Section\",\"RequestAppliesTo\":\"Rule-Access-Clientdata\",\"RequestRuleName\":\"pzRuleFormToolbarCompare\"}" => HTTP 200 (61925 bytes)
[PegaHttpClient] 📡 POST https://zdk8budo.pegaacademy.net/prweb/api/CodeIntelligence/v1/rules/query?pxObjClass=Rule-HTML-Section&appliesTo=Rule-Access-Clientdata&pyRuleName=RuleFormHeaderMessages&RequestClass=Rule-HTML-Section&RequestAppliesTo=Rule-Access-Clientdata&RequestRuleName=RuleFormHeaderMessages Payload: "{\"RequestClass\":\"Rule-HTML-Section\",\"RequestAppliesTo\":\"Rule-Access-Clientdata\",\"RequestRuleName\":\"RuleFormHeaderMessages\"}" => HTTP 200 (26518 bytes)
[PegaHttpClient] 📡 POST https://zdk8budo.pegaacademy.net/prweb/api/CodeIntelligence/v1/rules/query?pxObjClass=Rule-HTML-Section&appliesTo=Rule-Access-Clientdata&pyRuleName=pzRuleFormPagesAndClassesScript&RequestClass=Rule-HTML-Section&RequestAppliesTo=Rule-Access-Clientdata&RequestRuleName=pzRuleFormPagesAndClassesScript Payload: "{\"RequestClass\":\"Rule-HTML-Section\",\"RequestAppliesTo\":\"Rule-Access-Clientdata\",\"RequestRuleName\":\"pzRuleFormPagesAndClassesScript\"}" => HTTP 200 (15730 bytes)
[PegaHttpClient] 📡 POST https://zdk8budo.pegaacademy.net/prweb/api/CodeIntelligence/v1/rules/query?pxObjClass=Rule-HTML-Section&appliesTo=Rule-Access-Clientdata&pyRuleName=pzPagesAndClassesNoMode&RequestClass=Rule-HTML-Section&RequestAppliesTo=Rule-Access-Clientdata&RequestRuleName=pzPagesAndClassesNoMode Payload: "{\"RequestClass\":\"Rule-HTML-Section\",\"RequestAppliesTo\":\"Rule-Access-Clientdata\",\"RequestRuleName\":\"pzPagesAndClassesNoMode\"}" => HTTP 200 (90057 bytes)
[PegaHttpClient] 📡 POST https://zdk8budo.pegaacademy.net/prweb/api/CodeIntelligence/v1/rules/query?pxObjClass=Rule-HTML-Section&appliesTo=Rule-Access-Clientdata&pyRuleName=pzPagesAndClassesWithMode&RequestClass=Rule-HTML-Section&RequestAppliesTo=Rule-Access-Clientdata&RequestRuleName=pzPagesAndClassesWithMode Payload: "{\"RequestClass\":\"Rule-HTML-Section\",\"RequestAppliesTo\":\"Rule-Access-Clientdata\",\"RequestRuleName\":\"pzPagesAndClassesWithMode\"}" => HTTP 200 (97424 bytes)
[PegaHttpClient] 📡 POST https://zdk8budo.pegaacademy.net/prweb/api/CodeIntelligence/v1/rules/query?pxObjClass=Rule-HTML-Section&appliesTo=Rule-Access-Clientdata&pyRuleName=pzSpecificationsInner&RequestClass=Rule-HTML-Section&RequestAppliesTo=Rule-Access-Clientdata&RequestRuleName=pzSpecificationsInner Payload: "{\"RequestClass\":\"Rule-HTML-Section\",\"RequestAppliesTo\":\"Rule-Access-Clientdata\",\"RequestRuleName\":\"pzSpecificationsInner\"}" => HTTP 200 (142370 bytes)
[PegaHttpClient] 📡 POST https://zdk8budo.pegaacademy.net/prweb/api/CodeIntelligence/v1/rules/query?pxObjClass=Rule-HTML-Section&appliesTo=Rule-Access-Clientdata&pyRuleName=pzAlternateRuleInfo&RequestClass=Rule-HTML-Section&RequestAppliesTo=Rule-Access-Clientdata&RequestRuleName=pzAlternateRuleInfo Payload: "{\"RequestClass\":\"Rule-HTML-Section\",\"RequestAppliesTo\":\"Rule-Access-Clientdata\",\"RequestRuleName\":\"pzAlternateRuleInfo\"}" => HTTP 200 (140407 bytes)
[PegaHttpClient] 📡 POST https://zdk8budo.pegaacademy.net/prweb/api/CodeIntelligence/v1/rules/query?pxObjClass=Rule-HTML-Section&appliesTo=Rule-Access-Clientdata&pyRuleName=RuleFormHistory_Description&RequestClass=Rule-HTML-Section&RequestAppliesTo=Rule-Access-Clientdata&RequestRuleName=RuleFormHistory_Description Payload: "{\"RequestClass\":\"Rule-HTML-Section\",\"RequestAppliesTo\":\"Rule-Access-Clientdata\",\"RequestRuleName\":\"RuleFormHistory_Description\"}" => HTTP 200 (46242 bytes)
[PegaHttpClient] 📡 POST https://zdk8budo.pegaacademy.net/prweb/api/CodeIntelligence/v1/rules/query?pxObjClass=Rule-HTML-Section&appliesTo=Rule-Access-Clientdata&pyRuleName=RuleFormHistory_CustomFields&RequestClass=Rule-HTML-Section&RequestAppliesTo=Rule-Access-Clientdata&RequestRuleName=RuleFormHistory_CustomFields Payload: "{\"RequestClass\":\"Rule-HTML-Section\",\"RequestAppliesTo\":\"Rule-Access-Clientdata\",\"RequestRuleName\":\"RuleFormHistory_CustomFields\"}" => HTTP 200 (75856 bytes)
[PegaHttpClient] 📡 POST https://zdk8budo.pegaacademy.net/prweb/api/CodeIntelligence/v1/rules/query?pxObjClass=Rule-HTML-Section&appliesTo=Rule-Access-Clientdata&pyRuleName=RuleFormHistory_HistoryDetails&RequestClass=Rule-HTML-Section&RequestAppliesTo=Rule-Access-Clientdata&RequestRuleName=RuleFormHistory_HistoryDetails Payload: "{\"RequestClass\":\"Rule-HTML-Section\",\"RequestAppliesTo\":\"Rule-Access-Clientdata\",\"RequestRuleName\":\"RuleFormHistory_HistoryDetails\"}" => HTTP 200 (179535 bytes)
[PegaHttpClient] 📡 POST https://zdk8budo.pegaacademy.net/prweb/api/CodeIntelligence/v1/rules/query?pxObjClass=Rule-HTML-Section&appliesTo=Rule-Access-Clientdata&pyRuleName=pzRuleFormStatus&RequestClass=Rule-HTML-Section&RequestAppliesTo=Rule-Access-Clientdata&RequestRuleName=pzRuleFormStatus Payload: "{\"RequestClass\":\"Rule-HTML-Section\",\"RequestAppliesTo\":\"Rule-Access-Clientdata\",\"RequestRuleName\":\"pzRuleFormStatus\"}" => HTTP 200 (97627 bytes)
[PegaHttpClient] 📡 POST https://zdk8budo.pegaacademy.net/prweb/api/CodeIntelligence/v1/rules/query?pxObjClass=Rule-HTML-Section&appliesTo=Rule-Access-Clientdata&pyRuleName=pzRuleFormHeaderCompareWithDropDown&RequestClass=Rule-HTML-Section&RequestAppliesTo=Rule-Access-Clientdata&RequestRuleName=pzRuleFormHeaderCompareWithDropDown Payload: "{\"RequestClass\":\"Rule-HTML-Section\",\"RequestAppliesTo\":\"Rule-Access-Clientdata\",\"RequestRuleName\":\"pzRuleFormHeaderCompareWithDropDown\"}" => HTTP 200 (25396 bytes)
[PegaHttpClient] 📡 POST https://zdk8budo.pegaacademy.net/prweb/api/CodeIntelligence/v1/rules/query?pxObjClass=Rule-HTML-Section&appliesTo=Rule-Access-Clientdata&pyRuleName=undefined&RequestClass=Rule-HTML-Section&RequestAppliesTo=Rule-Access-Clientdata&RequestRuleName=undefined Payload: "{\"RequestClass\":\"Rule-HTML-Section\",\"RequestAppliesTo\":\"Rule-Access-Clientdata\",\"RequestRuleName\":\"undefined\"}" => HTTP 404 (109 bytes)
[PegaHttpClient] 📡 POST https://zdk8budo.pegaacademy.net/prweb/PRRestService/CodeIntelligence/v1/rules/query?pxObjClass=Rule-HTML-Section&appliesTo=Rule-Access-Clientdata&pyRuleName=undefined&RequestClass=Rule-HTML-Section&RequestAppliesTo=Rule-Access-Clientdata&RequestRuleName=undefined Payload: "{\"RequestClass\":\"Rule-HTML-Section\",\"RequestAppliesTo\":\"Rule-Access-Clientdata\",\"RequestRuleName\":\"undefined\"}" => HTTP 404 (109 bytes)
[PegaHttpClient] 📡 POST https://zdk8budo.pegaacademy.net/prweb/api/HRAppsV2Service/V1/rules/query?pxObjClass=Rule-HTML-Section&appliesTo=Rule-Access-Clientdata&pyRuleName=undefined&RequestClass=Rule-HTML-Section&RequestAppliesTo=Rule-Access-Clientdata&RequestRuleName=undefined Payload: "{\"RequestClass\":\"Rule-HTML-Section\",\"RequestAppliesTo\":\"Rule-Access-Clientdata\",\"RequestRuleName\":\"undefined\"}" => HTTP 404 (18 bytes)
[PegaHttpClient] 📡 POST https://zdk8budo.pegaacademy.net/prweb/PRRestService/HRAppsV2Service/V1/rules/query?pxObjClass=Rule-HTML-Section&appliesTo=Rule-Access-Clientdata&pyRuleName=undefined&RequestClass=Rule-HTML-Section&RequestAppliesTo=Rule-Access-Clientdata&RequestRuleName=undefined Payload: "{\"RequestClass\":\"Rule-HTML-Section\",\"RequestAppliesTo\":\"Rule-Access-Clientdata\",\"RequestRuleName\":\"undefined\"}" => HTTP 404 (18 bytes)
[PegaHttpClient] 📡 POST https://zdk8budo.pegaacademy.net/prweb/api/HRAppsV2/V1/rules/query?pxObjClass=Rule-HTML-Section&appliesTo=Rule-Access-Clientdata&pyRuleName=undefined&RequestClass=Rule-HTML-Section&RequestAppliesTo=Rule-Access-Clientdata&RequestRuleName=undefined Payload: "{\"RequestClass\":\"Rule-HTML-Section\",\"RequestAppliesTo\":\"Rule-Access-Clientdata\",\"RequestRuleName\":\"undefined\"}" => HTTP 404 (18 bytes)
[PegaHttpClient] 📡 POST https://zdk8budo.pegaacademy.net/prweb/PRRestService/HRAppsV2/V1/rules/query?pxObjClass=Rule-HTML-Section&appliesTo=Rule-Access-Clientdata&pyRuleName=undefined&RequestClass=Rule-HTML-Section&RequestAppliesTo=Rule-Access-Clientdata&RequestRuleName=undefined Payload: "{\"RequestClass\":\"Rule-HTML-Section\",\"RequestAppliesTo\":\"Rule-Access-Clientdata\",\"RequestRuleName\":\"undefined\"}" => HTTP 404 (18 bytes)
[PegaHttpClient] 📡 POST https://zdk8budo.pegaacademy.net/prweb/api/v1/rules/query?pxObjClass=Rule-HTML-Section&appliesTo=Rule-Access-Clientdata&pyRuleName=undefined&RequestClass=Rule-HTML-Section&RequestAppliesTo=Rule-Access-Clientdata&RequestRuleName=undefined Payload: "{\"RequestClass\":\"Rule-HTML-Section\",\"RequestAppliesTo\":\"Rule-Access-Clientdata\",\"RequestRuleName\":\"undefined\"}" => HTTP 404 (18 bytes)
[PegaHttpClient] 📡 POST https://zdk8budo.pegaacademy.net/prweb/PRRestService/v1/rules/query?pxObjClass=Rule-HTML-Section&appliesTo=Rule-Access-Clientdata&pyRuleName=undefined&RequestClass=Rule-HTML-Section&RequestAppliesTo=Rule-Access-Clientdata&RequestRuleName=undefined Payload: "{\"RequestClass\":\"Rule-HTML-Section\",\"RequestAppliesTo\":\"Rule-Access-Clientdata\",\"RequestRuleName\":\"undefined\"}" => HTTP 404 (18 bytes)
[PegaHttpClient] 📡 POST https://zdk8budo.pegaacademy.net/prweb/api/CodeIntelligence/v1/rules/query?pxObjClass=Rule-HTML-Section&appliesTo=Rule-Access-Clientdata&pyRuleName=pzRuleFormToolbarHotKeys&RequestClass=Rule-HTML-Section&RequestAppliesTo=Rule-Access-Clientdata&RequestRuleName=pzRuleFormToolbarHotKeys Payload: "{\"RequestClass\":\"Rule-HTML-Section\",\"RequestAppliesTo\":\"Rule-Access-Clientdata\",\"RequestRuleName\":\"pzRuleFormToolbarHotKeys\"}" => HTTP 200 (85058 bytes)
[PegaHttpClient] 📡 POST https://zdk8budo.pegaacademy.net/prweb/api/CodeIntelligence/v1/rules/query?pxObjClass=Rule-HTML-Section&appliesTo=Rule-Access-Clientdata&pyRuleName=pzRuleFormToolbarLockedIcon&RequestClass=Rule-HTML-Section&RequestAppliesTo=Rule-Access-Clientdata&RequestRuleName=pzRuleFormToolbarLockedIcon Payload: "{\"RequestClass\":\"Rule-HTML-Section\",\"RequestAppliesTo\":\"Rule-Access-Clientdata\",\"RequestRuleName\":\"pzRuleFormToolbarLockedIcon\"}" => HTTP 200 (24898 bytes)
[PegaHttpClient] 📡 POST https://zdk8budo.pegaacademy.net/prweb/api/CodeIntelligence/v1/rules/query?pxObjClass=Rule-HTML-Section&appliesTo=Rule-Access-Clientdata&pyRuleName=pzRuleFormToolbarCollaborators&RequestClass=Rule-HTML-Section&RequestAppliesTo=Rule-Access-Clientdata&RequestRuleName=pzRuleFormToolbarCollaborators Payload: "{\"RequestClass\":\"Rule-HTML-Section\",\"RequestAppliesTo\":\"Rule-Access-Clientdata\",\"RequestRuleName\":\"pzRuleFormToolbarCollaborators\"}" => HTTP 200 (15254 bytes)
[PegaHttpClient] 📡 POST https://zdk8budo.pegaacademy.net/prweb/api/CodeIntelligence/v1/rules/query?pxObjClass=Rule-HTML-Section&appliesTo=Rule-Access-Clientdata&pyRuleName=pzRuleFormToolbarSaveAs&RequestClass=Rule-HTML-Section&RequestAppliesTo=Rule-Access-Clientdata&RequestRuleName=pzRuleFormToolbarSaveAs Payload: "{\"RequestClass\":\"Rule-HTML-Section\",\"RequestAppliesTo\":\"Rule-Access-Clientdata\",\"RequestRuleName\":\"pzRuleFormToolbarSaveAs\"}" => HTTP 200 (64084 bytes)
[PegaHttpClient] 📡 POST https://zdk8budo.pegaacademy.net/prweb/api/CodeIntelligence/v1/rules/query?pxObjClass=Rule-HTML-Section&appliesTo=Rule-Access-Clientdata&pyRuleName=pzRuleFormToolbarCheckin&RequestClass=Rule-HTML-Section&RequestAppliesTo=Rule-Access-Clientdata&RequestRuleName=pzRuleFormToolbarCheckin Payload: "{\"RequestClass\":\"Rule-HTML-Section\",\"RequestAppliesTo\":\"Rule-Access-Clientdata\",\"RequestRuleName\":\"pzRuleFormToolbarCheckin\"}" => HTTP 200 (119096 bytes)
[PegaHttpClient] 📡 POST https://zdk8budo.pegaacademy.net/prweb/api/CodeIntelligence/v1/rules/query?pxObjClass=Rule-HTML-Section&appliesTo=Rule-Access-Clientdata&pyRuleName=pzRuleFormToolbarDelete&RequestClass=Rule-HTML-Section&RequestAppliesTo=Rule-Access-Clientdata&RequestRuleName=pzRuleFormToolbarDelete Payload: "{\"RequestClass\":\"Rule-HTML-Section\",\"RequestAppliesTo\":\"Rule-Access-Clientdata\",\"RequestRuleName\":\"pzRuleFormToolbarDelete\"}" => HTTP 200 (30249 bytes)
[PegaHttpClient] 📡 POST https://zdk8budo.pegaacademy.net/prweb/api/CodeIntelligence/v1/rules/query?pxObjClass=Rule-HTML-Section&appliesTo=Rule-Access-Clientdata&pyRuleName=pzRuleFormToolbarSave&RequestClass=Rule-HTML-Section&RequestAppliesTo=Rule-Access-Clientdata&RequestRuleName=pzRuleFormToolbarSave Payload: "{\"RequestClass\":\"Rule-HTML-Section\",\"RequestAppliesTo\":\"Rule-Access-Clientdata\",\"RequestRuleName\":\"pzRuleFormToolbarSave\"}" => HTTP 200 (293885 bytes)
[PegaHttpClient] 📡 POST https://zdk8budo.pegaacademy.net/prweb/api/CodeIntelligence/v1/rules/query?pxObjClass=Rule-HTML-Section&appliesTo=Rule-Access-Clientdata&pyRuleName=pzRuleFormToolbarCheckout&RequestClass=Rule-HTML-Section&RequestAppliesTo=Rule-Access-Clientdata&RequestRuleName=pzRuleFormToolbarCheckout Payload: "{\"RequestClass\":\"Rule-HTML-Section\",\"RequestAppliesTo\":\"Rule-Access-Clientdata\",\"RequestRuleName\":\"pzRuleFormToolbarCheckout\"}" => HTTP 200 (238148 bytes)
[PegaHttpClient] 📡 POST https://zdk8budo.pegaacademy.net/prweb/api/CodeIntelligence/v1/rules/query?pxObjClass=Rule-HTML-Section&appliesTo=Rule-Access-Clientdata&pyRuleName=pzRemoveErrorsDataPage&RequestClass=Rule-HTML-Section&RequestAppliesTo=Rule-Access-Clientdata&RequestRuleName=pzRemoveErrorsDataPage Payload: "{\"RequestClass\":\"Rule-HTML-Section\",\"RequestAppliesTo\":\"Rule-Access-Clientdata\",\"RequestRuleName\":\"pzRemoveErrorsDataPage\"}" => HTTP 200 (16733 bytes)
[PegaHttpClient] 📡 POST https://zdk8budo.pegaacademy.net/prweb/api/CodeIntelligence/v1/rules/query?pxObjClass=Rule-HTML-Section&appliesTo=Rule-Access-Clientdata&pyRuleName=pzRuleFormHeaderMessagesWrapper&RequestClass=Rule-HTML-Section&RequestAppliesTo=Rule-Access-Clientdata&RequestRuleName=pzRuleFormHeaderMessagesWrapper Payload: "{\"RequestClass\":\"Rule-HTML-Section\",\"RequestAppliesTo\":\"Rule-Access-Clientdata\",\"RequestRuleName\":\"pzRuleFormHeaderMessagesWrapper\"}" => HTTP 200 (16981 bytes)
[PegaHttpClient] 📡 POST https://zdk8budo.pegaacademy.net/prweb/api/CodeIntelligence/v1/rules/query?pxObjClass=Rule-HTML-Section&appliesTo=Rule-Access-Clientdata&pyRuleName=pzPagesAndClassesScriptNoMode&RequestClass=Rule-HTML-Section&RequestAppliesTo=Rule-Access-Clientdata&RequestRuleName=pzPagesAndClassesScriptNoMode Payload: "{\"RequestClass\":\"Rule-HTML-Section\",\"RequestAppliesTo\":\"Rule-Access-Clientdata\",\"RequestRuleName\":\"pzPagesAndClassesScriptNoMode\"}" => HTTP 200 (25452 bytes)
[PegaHttpClient] 📡 POST https://zdk8budo.pegaacademy.net/prweb/api/CodeIntelligence/v1/rules/query?pxObjClass=Rule-HTML-Section&appliesTo=Rule-Access-Clientdata&pyRuleName=pzPagesAndClassesScript&RequestClass=Rule-HTML-Section&RequestAppliesTo=Rule-Access-Clientdata&RequestRuleName=pzPagesAndClassesScript Payload: "{\"RequestClass\":\"Rule-HTML-Section\",\"RequestAppliesTo\":\"Rule-Access-Clientdata\",\"RequestRuleName\":\"pzPagesAndClassesScript\"}" => HTTP 200 (24224 bytes)
[PegaHttpClient] 📡 POST https://zdk8budo.pegaacademy.net/prweb/api/CodeIntelligence/v1/rules/query?pxObjClass=Rule-HTML-Section&appliesTo=Rule-Access-Clientdata&pyRuleName=pzSpecificationName&RequestClass=Rule-HTML-Section&RequestAppliesTo=Rule-Access-Clientdata&RequestRuleName=pzSpecificationName Payload: "{\"RequestClass\":\"Rule-HTML-Section\",\"RequestAppliesTo\":\"Rule-Access-Clientdata\",\"RequestRuleName\":\"pzSpecificationName\"}" => HTTP 404 (119 bytes)
[PegaHttpClient] 📡 POST https://zdk8budo.pegaacademy.net/prweb/PRRestService/CodeIntelligence/v1/rules/query?pxObjClass=Rule-HTML-Section&appliesTo=Rule-Access-Clientdata&pyRuleName=pzSpecificationName&RequestClass=Rule-HTML-Section&RequestAppliesTo=Rule-Access-Clientdata&RequestRuleName=pzSpecificationName Payload: "{\"RequestClass\":\"Rule-HTML-Section\",\"RequestAppliesTo\":\"Rule-Access-Clientdata\",\"RequestRuleName\":\"pzSpecificationName\"}" => HTTP 404 (119 bytes)
[PegaHttpClient] 📡 POST https://zdk8budo.pegaacademy.net/prweb/api/HRAppsV2Service/V1/rules/query?pxObjClass=Rule-HTML-Section&appliesTo=Rule-Access-Clientdata&pyRuleName=pzSpecificationName&RequestClass=Rule-HTML-Section&RequestAppliesTo=Rule-Access-Clientdata&RequestRuleName=pzSpecificationName Payload: "{\"RequestClass\":\"Rule-HTML-Section\",\"RequestAppliesTo\":\"Rule-Access-Clientdata\",\"RequestRuleName\":\"pzSpecificationName\"}" => HTTP 404 (18 bytes)
[PegaHttpClient] 📡 POST https://zdk8budo.pegaacademy.net/prweb/PRRestService/HRAppsV2Service/V1/rules/query?pxObjClass=Rule-HTML-Section&appliesTo=Rule-Access-Clientdata&pyRuleName=pzSpecificationName&RequestClass=Rule-HTML-Section&RequestAppliesTo=Rule-Access-Clientdata&RequestRuleName=pzSpecificationName Payload: "{\"RequestClass\":\"Rule-HTML-Section\",\"RequestAppliesTo\":\"Rule-Access-Clientdata\",\"RequestRuleName\":\"pzSpecificationName\"}" => HTTP 404 (18 bytes)
[PegaHttpClient] 📡 POST https://zdk8budo.pegaacademy.net/prweb/api/HRAppsV2/V1/rules/query?pxObjClass=Rule-HTML-Section&appliesTo=Rule-Access-Clientdata&pyRuleName=pzSpecificationName&RequestClass=Rule-HTML-Section&RequestAppliesTo=Rule-Access-Clientdata&RequestRuleName=pzSpecificationName Payload: "{\"RequestClass\":\"Rule-HTML-Section\",\"RequestAppliesTo\":\"Rule-Access-Clientdata\",\"RequestRuleName\":\"pzSpecificationName\"}" => HTTP 404 (18 bytes)
[PegaHttpClient] 📡 POST https://zdk8budo.pegaacademy.net/prweb/PRRestService/HRAppsV2/V1/rules/query?pxObjClass=Rule-HTML-Section&appliesTo=Rule-Access-Clientdata&pyRuleName=pzSpecificationName&RequestClass=Rule-HTML-Section&RequestAppliesTo=Rule-Access-Clientdata&RequestRuleName=pzSpecificationName Payload: "{\"RequestClass\":\"Rule-HTML-Section\",\"RequestAppliesTo\":\"Rule-Access-Clientdata\",\"RequestRuleName\":\"pzSpecificationName\"}" => HTTP 404 (18 bytes)
[PegaHttpClient] 📡 POST https://zdk8budo.pegaacademy.net/prweb/api/v1/rules/query?pxObjClass=Rule-HTML-Section&appliesTo=Rule-Access-Clientdata&pyRuleName=pzSpecificationName&RequestClass=Rule-HTML-Section&RequestAppliesTo=Rule-Access-Clientdata&RequestRuleName=pzSpecificationName Payload: "{\"RequestClass\":\"Rule-HTML-Section\",\"RequestAppliesTo\":\"Rule-Access-Clientdata\",\"RequestRuleName\":\"pzSpecificationName\"}" => HTTP 404 (18 bytes)
[PegaHttpClient] 📡 POST https://zdk8budo.pegaacademy.net/prweb/PRRestService/v1/rules/query?pxObjClass=Rule-HTML-Section&appliesTo=Rule-Access-Clientdata&pyRuleName=pzSpecificationName&RequestClass=Rule-HTML-Section&RequestAppliesTo=Rule-Access-Clientdata&RequestRuleName=pzSpecificationName Payload: "{\"RequestClass\":\"Rule-HTML-Section\",\"RequestAppliesTo\":\"Rule-Access-Clientdata\",\"RequestRuleName\":\"pzSpecificationName\"}" => HTTP 404 (18 bytes)
[PegaHttpClient] 📡 POST https://zdk8budo.pegaacademy.net/prweb/api/CodeIntelligence/v1/rules/query?pxObjClass=Rule-HTML-Section&appliesTo=Rule-Access-Clientdata&pyRuleName=pzScm_RuleHistory&RequestClass=Rule-HTML-Section&RequestAppliesTo=Rule-Access-Clientdata&RequestRuleName=pzScm_RuleHistory Payload: "{\"RequestClass\":\"Rule-HTML-Section\",\"RequestAppliesTo\":\"Rule-Access-Clientdata\",\"RequestRuleName\":\"pzScm_RuleHistory\"}" => HTTP 200 (14682 bytes)
[PegaHttpClient] 📡 POST https://zdk8budo.pegaacademy.net/prweb/api/CodeIntelligence/v1/rules/query?pxObjClass=Rule-HTML-Section&appliesTo=Rule-Access-Clientdata&pyRuleName=pxDisplayCollaborators&RequestClass=Rule-HTML-Section&RequestAppliesTo=Rule-Access-Clientdata&RequestRuleName=pxDisplayCollaborators Payload: "{\"RequestClass\":\"Rule-HTML-Section\",\"RequestAppliesTo\":\"Rule-Access-Clientdata\",\"RequestRuleName\":\"pxDisplayCollaborators\"}" => HTTP 200 (94171 bytes)
[PegaHttpClient] 📡 POST https://zdk8budo.pegaacademy.net/prweb/api/CodeIntelligence/v1/rules/query?pxObjClass=Rule-HTML-Section&appliesTo=Rule-Access-Clientdata&pyRuleName=pzRuleFormToolbarDeleteCheckOut&RequestClass=Rule-HTML-Section&RequestAppliesTo=Rule-Access-Clientdata&RequestRuleName=pzRuleFormToolbarDeleteCheckOut Payload: "{\"RequestClass\":\"Rule-HTML-Section\",\"RequestAppliesTo\":\"Rule-Access-Clientdata\",\"RequestRuleName\":\"pzRuleFormToolbarDeleteCheckOut\"}" => HTTP 200 (29433 bytes)
[PegaHttpClient] 📡 POST https://zdk8budo.pegaacademy.net/prweb/api/CodeIntelligence/v1/rules/query?pxObjClass=Rule-HTML-Section&appliesTo=Rule-Access-Clientdata&pyRuleName=pzRuleFormToolbarDeleteRule&RequestClass=Rule-HTML-Section&RequestAppliesTo=Rule-Access-Clientdata&RequestRuleName=pzRuleFormToolbarDeleteRule Payload: "{\"RequestClass\":\"Rule-HTML-Section\",\"RequestAppliesTo\":\"Rule-Access-Clientdata\",\"RequestRuleName\":\"pzRuleFormToolbarDeleteRule\"}" => HTTP 200 (32314 bytes)
[PegaHttpClient] 📡 POST https://zdk8budo.pegaacademy.net/prweb/api/CodeIntelligence/v1/rules/query?pxObjClass=Rule-HTML-Section&appliesTo=Rule-Access-Clientdata&pyRuleName=pzLoadCollaborationScripts&RequestClass=Rule-HTML-Section&RequestAppliesTo=Rule-Access-Clientdata&RequestRuleName=pzLoadCollaborationScripts Payload: "{\"RequestClass\":\"Rule-HTML-Section\",\"RequestAppliesTo\":\"Rule-Access-Clientdata\",\"RequestRuleName\":\"pzLoadCollaborationScripts\"}" => HTTP 200 (23453 bytes)
[PegaHttpClient] 📡 POST https://zdk8budo.pegaacademy.net/prweb/api/CodeIntelligence/v1/rules/query?pxObjClass=Rule-HTML-Section&appliesTo=Rule-Access-Clientdata&pyRuleName=pzDisplayCollaboratorsList&RequestClass=Rule-HTML-Section&RequestAppliesTo=Rule-Access-Clientdata&RequestRuleName=pzDisplayCollaboratorsList Payload: "{\"RequestClass\":\"Rule-HTML-Section\",\"RequestAppliesTo\":\"Rule-Access-Clientdata\",\"RequestRuleName\":\"pzDisplayCollaboratorsList\"}" => HTTP 200 (105418 bytes)
[PegaHttpClient] 📡 POST https://zdk8budo.pegaacademy.net/prweb/api/CodeIntelligence/v1/rules/query?pxObjClass=Rule-HTML-Section&appliesTo=Rule-Access-Clientdata&pyRuleName=pyCollaborator&RequestClass=Rule-HTML-Section&RequestAppliesTo=Rule-Access-Clientdata&RequestRuleName=pyCollaborator Payload: "{\"RequestClass\":\"Rule-HTML-Section\",\"RequestAppliesTo\":\"Rule-Access-Clientdata\",\"RequestRuleName\":\"pyCollaborator\"}" => HTTP 404 (114 bytes)
[PegaHttpClient] 📡 POST https://zdk8budo.pegaacademy.net/prweb/PRRestService/CodeIntelligence/v1/rules/query?pxObjClass=Rule-HTML-Section&appliesTo=Rule-Access-Clientdata&pyRuleName=pyCollaborator&RequestClass=Rule-HTML-Section&RequestAppliesTo=Rule-Access-Clientdata&RequestRuleName=pyCollaborator Payload: "{\"RequestClass\":\"Rule-HTML-Section\",\"RequestAppliesTo\":\"Rule-Access-Clientdata\",\"RequestRuleName\":\"pyCollaborator\"}" => HTTP 404 (114 bytes)
[PegaHttpClient] 📡 POST https://zdk8budo.pegaacademy.net/prweb/api/HRAppsV2Service/V1/rules/query?pxObjClass=Rule-HTML-Section&appliesTo=Rule-Access-Clientdata&pyRuleName=pyCollaborator&RequestClass=Rule-HTML-Section&RequestAppliesTo=Rule-Access-Clientdata&RequestRuleName=pyCollaborator Payload: "{\"RequestClass\":\"Rule-HTML-Section\",\"RequestAppliesTo\":\"Rule-Access-Clientdata\",\"RequestRuleName\":\"pyCollaborator\"}" => HTTP 404 (18 bytes)
[PegaHttpClient] 📡 POST https://zdk8budo.pegaacademy.net/prweb/PRRestService/HRAppsV2Service/V1/rules/query?pxObjClass=Rule-HTML-Section&appliesTo=Rule-Access-Clientdata&pyRuleName=pyCollaborator&RequestClass=Rule-HTML-Section&RequestAppliesTo=Rule-Access-Clientdata&RequestRuleName=pyCollaborator Payload: "{\"RequestClass\":\"Rule-HTML-Section\",\"RequestAppliesTo\":\"Rule-Access-Clientdata\",\"RequestRuleName\":\"pyCollaborator\"}" => HTTP 404 (18 bytes)
[PegaHttpClient] 📡 POST https://zdk8budo.pegaacademy.net/prweb/api/HRAppsV2/V1/rules/query?pxObjClass=Rule-HTML-Section&appliesTo=Rule-Access-Clientdata&pyRuleName=pyCollaborator&RequestClass=Rule-HTML-Section&RequestAppliesTo=Rule-Access-Clientdata&RequestRuleName=pyCollaborator Payload: "{\"RequestClass\":\"Rule-HTML-Section\",\"RequestAppliesTo\":\"Rule-Access-Clientdata\",\"RequestRuleName\":\"pyCollaborator\"}" => HTTP 404 (18 bytes)
[PegaHttpClient] 📡 POST https://zdk8budo.pegaacademy.net/prweb/PRRestService/HRAppsV2/V1/rules/query?pxObjClass=Rule-HTML-Section&appliesTo=Rule-Access-Clientdata&pyRuleName=pyCollaborator&RequestClass=Rule-HTML-Section&RequestAppliesTo=Rule-Access-Clientdata&RequestRuleName=pyCollaborator Payload: "{\"RequestClass\":\"Rule-HTML-Section\",\"RequestAppliesTo\":\"Rule-Access-Clientdata\",\"RequestRuleName\":\"pyCollaborator\"}" => HTTP 404 (18 bytes)
[PegaHttpClient] 📡 POST https://zdk8budo.pegaacademy.net/prweb/api/v1/rules/query?pxObjClass=Rule-HTML-Section&appliesTo=Rule-Access-Clientdata&pyRuleName=pyCollaborator&RequestClass=Rule-HTML-Section&RequestAppliesTo=Rule-Access-Clientdata&RequestRuleName=pyCollaborator Payload: "{\"RequestClass\":\"Rule-HTML-Section\",\"RequestAppliesTo\":\"Rule-Access-Clientdata\",\"RequestRuleName\":\"pyCollaborator\"}" => HTTP 404 (18 bytes)
[PegaHttpClient] 📡 POST https://zdk8budo.pegaacademy.net/prweb/PRRestService/v1/rules/query?pxObjClass=Rule-HTML-Section&appliesTo=Rule-Access-Clientdata&pyRuleName=pyCollaborator&RequestClass=Rule-HTML-Section&RequestAppliesTo=Rule-Access-Clientdata&RequestRuleName=pyCollaborator Payload: "{\"RequestClass\":\"Rule-HTML-Section\",\"RequestAppliesTo\":\"Rule-Access-Clientdata\",\"RequestRuleName\":\"pyCollaborator\"}" => HTTP 404 (18 bytes)
[PegaHttpClient] 📡 POST https://zdk8budo.pegaacademy.net/prweb/api/CodeIntelligence/v1/rules/query?pxObjClass=Rule-HTML-Section&appliesTo=Rule-Access-Clientdata&pyRuleName=pzDisplayPartialCount&RequestClass=Rule-HTML-Section&RequestAppliesTo=Rule-Access-Clientdata&RequestRuleName=pzDisplayPartialCount Payload: "{\"RequestClass\":\"Rule-HTML-Section\",\"RequestAppliesTo\":\"Rule-Access-Clientdata\",\"RequestRuleName\":\"pzDisplayPartialCount\"}" => HTTP 404 (121 bytes)
[PegaHttpClient] 📡 POST https://zdk8budo.pegaacademy.net/prweb/PRRestService/CodeIntelligence/v1/rules/query?pxObjClass=Rule-HTML-Section&appliesTo=Rule-Access-Clientdata&pyRuleName=pzDisplayPartialCount&RequestClass=Rule-HTML-Section&RequestAppliesTo=Rule-Access-Clientdata&RequestRuleName=pzDisplayPartialCount Payload: "{\"RequestClass\":\"Rule-HTML-Section\",\"RequestAppliesTo\":\"Rule-Access-Clientdata\",\"RequestRuleName\":\"pzDisplayPartialCount\"}" => HTTP 404 (121 bytes)
[PegaHttpClient] 📡 POST https://zdk8budo.pegaacademy.net/prweb/api/HRAppsV2Service/V1/rules/query?pxObjClass=Rule-HTML-Section&appliesTo=Rule-Access-Clientdata&pyRuleName=pzDisplayPartialCount&RequestClass=Rule-HTML-Section&RequestAppliesTo=Rule-Access-Clientdata&RequestRuleName=pzDisplayPartialCount Payload: "{\"RequestClass\":\"Rule-HTML-Section\",\"RequestAppliesTo\":\"Rule-Access-Clientdata\",\"RequestRuleName\":\"pzDisplayPartialCount\"}" => HTTP 404 (18 bytes)
[PegaHttpClient] 📡 POST https://zdk8budo.pegaacademy.net/prweb/PRRestService/HRAppsV2Service/V1/rules/query?pxObjClass=Rule-HTML-Section&appliesTo=Rule-Access-Clientdata&pyRuleName=pzDisplayPartialCount&RequestClass=Rule-HTML-Section&RequestAppliesTo=Rule-Access-Clientdata&RequestRuleName=pzDisplayPartialCount Payload: "{\"RequestClass\":\"Rule-HTML-Section\",\"RequestAppliesTo\":\"Rule-Access-Clientdata\",\"RequestRuleName\":\"pzDisplayPartialCount\"}" => HTTP 404 (18 bytes)
[PegaHttpClient] 📡 POST https://zdk8budo.pegaacademy.net/prweb/api/HRAppsV2/V1/rules/query?pxObjClass=Rule-HTML-Section&appliesTo=Rule-Access-Clientdata&pyRuleName=pzDisplayPartialCount&RequestClass=Rule-HTML-Section&RequestAppliesTo=Rule-Access-Clientdata&RequestRuleName=pzDisplayPartialCount Payload: "{\"RequestClass\":\"Rule-HTML-Section\",\"RequestAppliesTo\":\"Rule-Access-Clientdata\",\"RequestRuleName\":\"pzDisplayPartialCount\"}" => HTTP 404 (18 bytes)
[PegaHttpClient] 📡 POST https://zdk8budo.pegaacademy.net/prweb/PRRestService/HRAppsV2/V1/rules/query?pxObjClass=Rule-HTML-Section&appliesTo=Rule-Access-Clientdata&pyRuleName=pzDisplayPartialCount&RequestClass=Rule-HTML-Section&RequestAppliesTo=Rule-Access-Clientdata&RequestRuleName=pzDisplayPartialCount Payload: "{\"RequestClass\":\"Rule-HTML-Section\",\"RequestAppliesTo\":\"Rule-Access-Clientdata\",\"RequestRuleName\":\"pzDisplayPartialCount\"}" => HTTP 404 (18 bytes)
[PegaHttpClient] 📡 POST https://zdk8budo.pegaacademy.net/prweb/api/v1/rules/query?pxObjClass=Rule-HTML-Section&appliesTo=Rule-Access-Clientdata&pyRuleName=pzDisplayPartialCount&RequestClass=Rule-HTML-Section&RequestAppliesTo=Rule-Access-Clientdata&RequestRuleName=pzDisplayPartialCount Payload: "{\"RequestClass\":\"Rule-HTML-Section\",\"RequestAppliesTo\":\"Rule-Access-Clientdata\",\"RequestRuleName\":\"pzDisplayPartialCount\"}" => HTTP 404 (18 bytes)
[PegaHttpClient] 📡 POST https://zdk8budo.pegaacademy.net/prweb/PRRestService/v1/rules/query?pxObjClass=Rule-HTML-Section&appliesTo=Rule-Access-Clientdata&pyRuleName=pzDisplayPartialCount&RequestClass=Rule-HTML-Section&RequestAppliesTo=Rule-Access-Clientdata&RequestRuleName=pzDisplayPartialCount Payload: "{\"RequestClass\":\"Rule-HTML-Section\",\"RequestAppliesTo\":\"Rule-Access-Clientdata\",\"RequestRuleName\":\"pzDisplayPartialCount\"}" => HTTP 404 (18 bytes)
[SchemaGen] ✅ Schema written for Rule-Access-Clientdata
[PegaHttpClient] 📡 GET https://zdk8budo.pegaacademy.net/prweb/api/CodeIntelligence/v1/rules/RULE-HTML-HARNESS%20DATA-CUSTOMPROPERTIES-SEARCH%20RULEFORM%20%2320180713T132617.489%20GMT => HTTP 200 (31720 bytes)
[PegaHttpClient] 📡 POST https://zdk8budo.pegaacademy.net/prweb/api/CodeIntelligence/v1/rules/query?pxObjClass=Rule-HTML-Section&appliesTo=Data-CustomProperties-Search&pyRuleName=RuleFormMain&RequestClass=Rule-HTML-Section&RequestAppliesTo=Data-CustomProperties-Search&RequestRuleName=RuleFormMain Payload: "{\"RequestClass\":\"Rule-HTML-Section\",\"RequestAppliesTo\":\"Data-CustomProperties-Search\",\"RequestRuleName\":\"RuleFormMain\"}" => HTTP 200 (156234 bytes)
[PegaHttpClient] 📡 POST https://zdk8budo.pegaacademy.net/prweb/api/CodeIntelligence/v1/rules/query?pxObjClass=Rule-HTML-Section&appliesTo=Data-CustomProperties-Search&pyRuleName=pxAlternateRuleForm&RequestClass=Rule-HTML-Section&RequestAppliesTo=Data-CustomProperties-Search&RequestRuleName=pxAlternateRuleForm Payload: "{\"RequestClass\":\"Rule-HTML-Section\",\"RequestAppliesTo\":\"Data-CustomProperties-Search\",\"RequestRuleName\":\"pxAlternateRuleForm\"}" => HTTP 200 (66153 bytes)
[PegaHttpClient] 📡 POST https://zdk8budo.pegaacademy.net/prweb/api/CodeIntelligence/v1/rules/query?pxObjClass=Rule-HTML-Section&appliesTo=Data-CustomProperties-Search&pyRuleName=pzRuleFormScripts&RequestClass=Rule-HTML-Section&RequestAppliesTo=Data-CustomProperties-Search&RequestRuleName=pzRuleFormScripts Payload: "{\"RequestClass\":\"Rule-HTML-Section\",\"RequestAppliesTo\":\"Data-CustomProperties-Search\",\"RequestRuleName\":\"pzRuleFormScripts\"}" => HTTP 200 (40822 bytes)
[PegaHttpClient] 📡 POST https://zdk8budo.pegaacademy.net/prweb/api/CodeIntelligence/v1/rules/query?pxObjClass=Rule-HTML-Section&appliesTo=Data-CustomProperties-Search&pyRuleName=pzRuleFormLayoutDelegated&RequestClass=Rule-HTML-Section&RequestAppliesTo=Data-CustomProperties-Search&RequestRuleName=pzRuleFormLayoutDelegated Payload: "{\"RequestClass\":\"Rule-HTML-Section\",\"RequestAppliesTo\":\"Data-CustomProperties-Search\",\"RequestRuleName\":\"pzRuleFormLayoutDelegated\"}" => HTTP 200 (70998 bytes)
[PegaHttpClient] 📡 POST https://zdk8budo.pegaacademy.net/prweb/api/CodeIntelligence/v1/rules/query?pxObjClass=Rule-HTML-Section&appliesTo=Data-CustomProperties-Search&pyRuleName=RuleFormLayout&RequestClass=Rule-HTML-Section&RequestAppliesTo=Data-CustomProperties-Search&RequestRuleName=RuleFormLayout Payload: "{\"RequestClass\":\"Rule-HTML-Section\",\"RequestAppliesTo\":\"Data-CustomProperties-Search\",\"RequestRuleName\":\"RuleFormLayout\"}" => HTTP 200 (46498 bytes)
[PegaHttpClient] 📡 POST https://zdk8budo.pegaacademy.net/prweb/api/CodeIntelligence/v1/rules/query?pxObjClass=Rule-HTML-Section&appliesTo=Data-CustomProperties-Search&pyRuleName=RuleFormSettings&RequestClass=Rule-HTML-Section&RequestAppliesTo=Data-CustomProperties-Search&RequestRuleName=RuleFormSettings Payload: "{\"RequestClass\":\"Rule-HTML-Section\",\"RequestAppliesTo\":\"Data-CustomProperties-Search\",\"RequestRuleName\":\"RuleFormSettings\"}" => HTTP 200 (21582 bytes)
[PegaHttpClient] 📡 POST https://zdk8budo.pegaacademy.net/prweb/api/CodeIntelligence/v1/rules/query?pxObjClass=Rule-HTML-Section&appliesTo=Data-CustomProperties-Search&pyRuleName=OpenAuthoring&RequestClass=Rule-HTML-Section&RequestAppliesTo=Data-CustomProperties-Search&RequestRuleName=OpenAuthoring Payload: "{\"RequestClass\":\"Rule-HTML-Section\",\"RequestAppliesTo\":\"Data-CustomProperties-Search\",\"RequestRuleName\":\"OpenAuthoring\"}" => HTTP 200 (20315 bytes)
[PegaHttpClient] 📡 POST https://zdk8budo.pegaacademy.net/prweb/api/CodeIntelligence/v1/rules/query?pxObjClass=Rule-HTML-Section&appliesTo=Data-CustomProperties-Search&pyRuleName=pyCustomHelp&RequestClass=Rule-HTML-Section&RequestAppliesTo=Data-CustomProperties-Search&RequestRuleName=pyCustomHelp Payload: "{\"RequestClass\":\"Rule-HTML-Section\",\"RequestAppliesTo\":\"Data-CustomProperties-Search\",\"RequestRuleName\":\"pyCustomHelp\"}" => HTTP 200 (17256 bytes)
[PegaHttpClient] 📡 POST https://zdk8budo.pegaacademy.net/prweb/api/CodeIntelligence/v1/rules/query?pxObjClass=Rule-HTML-Section&appliesTo=Data-CustomProperties-Search&pyRuleName=pzRuleformMainInclude&RequestClass=Rule-HTML-Section&RequestAppliesTo=Data-CustomProperties-Search&RequestRuleName=pzRuleformMainInclude Payload: "{\"RequestClass\":\"Rule-HTML-Section\",\"RequestAppliesTo\":\"Data-CustomProperties-Search\",\"RequestRuleName\":\"pzRuleformMainInclude\"}" => HTTP 200 (22375 bytes)
[PegaHttpClient] 📡 POST https://zdk8budo.pegaacademy.net/prweb/api/CodeIntelligence/v1/rules/query?pxObjClass=Rule-HTML-Section&appliesTo=Data-CustomProperties-Search&pyRuleName=pyAlternativeRuleFormStrategicAppExtension&RequestClass=Rule-HTML-Section&RequestAppliesTo=Data-CustomProperties-Search&RequestRuleName=pyAlternativeRuleFormStrategicAppExtension Payload: "{\"RequestClass\":\"Rule-HTML-Section\",\"RequestAppliesTo\":\"Data-CustomProperties-Search\",\"RequestRuleName\":\"pyAlternativeRuleFormStrategicAppExtension\"}" => HTTP 200 (25042 bytes)
[PegaHttpClient] 📡 POST https://zdk8budo.pegaacademy.net/prweb/api/CodeIntelligence/v1/rules/query?pxObjClass=Rule-HTML-Section&appliesTo=Data-CustomProperties-Search&pyRuleName=pyAlternativeRuleFormExtension&RequestClass=Rule-HTML-Section&RequestAppliesTo=Data-CustomProperties-Search&RequestRuleName=pyAlternativeRuleFormExtension Payload: "{\"RequestClass\":\"Rule-HTML-Section\",\"RequestAppliesTo\":\"Data-CustomProperties-Search\",\"RequestRuleName\":\"pyAlternativeRuleFormExtension\"}" => HTTP 200 (24863 bytes)
[PegaHttpClient] 📡 POST https://zdk8budo.pegaacademy.net/prweb/api/CodeIntelligence/v1/rules/query?pxObjClass=Rule-HTML-Section&appliesTo=Data-CustomProperties-Search&pyRuleName=RuleFormHeader&RequestClass=Rule-HTML-Section&RequestAppliesTo=Data-CustomProperties-Search&RequestRuleName=RuleFormHeader Payload: "{\"RequestClass\":\"Rule-HTML-Section\",\"RequestAppliesTo\":\"Data-CustomProperties-Search\",\"RequestRuleName\":\"RuleFormHeader\"}" => HTTP 200 (183800 bytes)
[PegaHttpClient] 📡 POST https://zdk8budo.pegaacademy.net/prweb/api/CodeIntelligence/v1/rules/query?pxObjClass=Rule-HTML-Section&appliesTo=Data-CustomProperties-Search&pyRuleName=pzDelegationExperience&RequestClass=Rule-HTML-Section&RequestAppliesTo=Data-CustomProperties-Search&RequestRuleName=pzDelegationExperience Payload: "{\"RequestClass\":\"Rule-HTML-Section\",\"RequestAppliesTo\":\"Data-CustomProperties-Search\",\"RequestRuleName\":\"pzDelegationExperience\"}" => HTTP 404 (128 bytes)
[PegaHttpClient] 📡 POST https://zdk8budo.pegaacademy.net/prweb/PRRestService/CodeIntelligence/v1/rules/query?pxObjClass=Rule-HTML-Section&appliesTo=Data-CustomProperties-Search&pyRuleName=pzDelegationExperience&RequestClass=Rule-HTML-Section&RequestAppliesTo=Data-CustomProperties-Search&RequestRuleName=pzDelegationExperience Payload: "{\"RequestClass\":\"Rule-HTML-Section\",\"RequestAppliesTo\":\"Data-CustomProperties-Search\",\"RequestRuleName\":\"pzDelegationExperience\"}" => HTTP 404 (128 bytes)
[PegaHttpClient] 📡 POST https://zdk8budo.pegaacademy.net/prweb/api/HRAppsV2Service/V1/rules/query?pxObjClass=Rule-HTML-Section&appliesTo=Data-CustomProperties-Search&pyRuleName=pzDelegationExperience&RequestClass=Rule-HTML-Section&RequestAppliesTo=Data-CustomProperties-Search&RequestRuleName=pzDelegationExperience Payload: "{\"RequestClass\":\"Rule-HTML-Section\",\"RequestAppliesTo\":\"Data-CustomProperties-Search\",\"RequestRuleName\":\"pzDelegationExperience\"}" => HTTP 404 (18 bytes)
[PegaHttpClient] 📡 POST https://zdk8budo.pegaacademy.net/prweb/PRRestService/HRAppsV2Service/V1/rules/query?pxObjClass=Rule-HTML-Section&appliesTo=Data-CustomProperties-Search&pyRuleName=pzDelegationExperience&RequestClass=Rule-HTML-Section&RequestAppliesTo=Data-CustomProperties-Search&RequestRuleName=pzDelegationExperience Payload: "{\"RequestClass\":\"Rule-HTML-Section\",\"RequestAppliesTo\":\"Data-CustomProperties-Search\",\"RequestRuleName\":\"pzDelegationExperience\"}" => HTTP 404 (18 bytes)
[PegaHttpClient] 📡 POST https://zdk8budo.pegaacademy.net/prweb/api/HRAppsV2/V1/rules/query?pxObjClass=Rule-HTML-Section&appliesTo=Data-CustomProperties-Search&pyRuleName=pzDelegationExperience&RequestClass=Rule-HTML-Section&RequestAppliesTo=Data-CustomProperties-Search&RequestRuleName=pzDelegationExperience Payload: "{\"RequestClass\":\"Rule-HTML-Section\",\"RequestAppliesTo\":\"Data-CustomProperties-Search\",\"RequestRuleName\":\"pzDelegationExperience\"}" => HTTP 404 (18 bytes)
[PegaHttpClient] 📡 POST https://zdk8budo.pegaacademy.net/prweb/PRRestService/HRAppsV2/V1/rules/query?pxObjClass=Rule-HTML-Section&appliesTo=Data-CustomProperties-Search&pyRuleName=pzDelegationExperience&RequestClass=Rule-HTML-Section&RequestAppliesTo=Data-CustomProperties-Search&RequestRuleName=pzDelegationExperience Payload: "{\"RequestClass\":\"Rule-HTML-Section\",\"RequestAppliesTo\":\"Data-CustomProperties-Search\",\"RequestRuleName\":\"pzDelegationExperience\"}" => HTTP 404 (18 bytes)
[PegaHttpClient] 📡 POST https://zdk8budo.pegaacademy.net/prweb/api/v1/rules/query?pxObjClass=Rule-HTML-Section&appliesTo=Data-CustomProperties-Search&pyRuleName=pzDelegationExperience&RequestClass=Rule-HTML-Section&RequestAppliesTo=Data-CustomProperties-Search&RequestRuleName=pzDelegationExperience Payload: "{\"RequestClass\":\"Rule-HTML-Section\",\"RequestAppliesTo\":\"Data-CustomProperties-Search\",\"RequestRuleName\":\"pzDelegationExperience\"}" => HTTP 404 (18 bytes)
[PegaHttpClient] 📡 POST https://zdk8budo.pegaacademy.net/prweb/PRRestService/v1/rules/query?pxObjClass=Rule-HTML-Section&appliesTo=Data-CustomProperties-Search&pyRuleName=pzDelegationExperience&RequestClass=Rule-HTML-Section&RequestAppliesTo=Data-CustomProperties-Search&RequestRuleName=pzDelegationExperience Payload: "{\"RequestClass\":\"Rule-HTML-Section\",\"RequestAppliesTo\":\"Data-CustomProperties-Search\",\"RequestRuleName\":\"pzDelegationExperience\"}" => HTTP 404 (18 bytes)
[PegaHttpClient] 📡 POST https://zdk8budo.pegaacademy.net/prweb/api/CodeIntelligence/v1/rules/query?pxObjClass=Rule-HTML-Section&appliesTo=Data-CustomProperties-Search&pyRuleName=pzTreeNodeSection&RequestClass=Rule-HTML-Section&RequestAppliesTo=Data-CustomProperties-Search&RequestRuleName=pzTreeNodeSection Payload: "{\"RequestClass\":\"Rule-HTML-Section\",\"RequestAppliesTo\":\"Data-CustomProperties-Search\",\"RequestRuleName\":\"pzTreeNodeSection\"}" => HTTP 200 (62000 bytes)
[PegaHttpClient] 📡 POST https://zdk8budo.pegaacademy.net/prweb/api/CodeIntelligence/v1/rules/query?pxObjClass=Rule-HTML-Section&appliesTo=Data-CustomProperties-Search&pyRuleName=RuleFormHistory&RequestClass=Rule-HTML-Section&RequestAppliesTo=Data-CustomProperties-Search&RequestRuleName=RuleFormHistory Payload: "{\"RequestClass\":\"Rule-HTML-Section\",\"RequestAppliesTo\":\"Data-CustomProperties-Search\",\"RequestRuleName\":\"RuleFormHistory\"}" => HTTP 200 (18043 bytes)
[PegaHttpClient] 📡 POST https://zdk8budo.pegaacademy.net/prweb/api/CodeIntelligence/v1/rules/query?pxObjClass=Rule-HTML-Section&appliesTo=Data-CustomProperties-Search&pyRuleName=pzCustomHelp&RequestClass=Rule-HTML-Section&RequestAppliesTo=Data-CustomProperties-Search&RequestRuleName=pzCustomHelp Payload: "{\"RequestClass\":\"Rule-HTML-Section\",\"RequestAppliesTo\":\"Data-CustomProperties-Search\",\"RequestRuleName\":\"pzCustomHelp\"}" => HTTP 200 (31573 bytes)
[PegaHttpClient] 📡 POST https://zdk8budo.pegaacademy.net/prweb/api/CodeIntelligence/v1/rules/query?pxObjClass=Rule-HTML-Section&appliesTo=Data-CustomProperties-Search&pyRuleName=pzRuleFormKeysAndDescription&RequestClass=Rule-HTML-Section&RequestAppliesTo=Data-CustomProperties-Search&RequestRuleName=pzRuleFormKeysAndDescription Payload: "{\"RequestClass\":\"Rule-HTML-Section\",\"RequestAppliesTo\":\"Data-CustomProperties-Search\",\"RequestRuleName\":\"pzRuleFormKeysAndDescription\"}" => HTTP 200 (218057 bytes)
[PegaHttpClient] 📡 POST https://zdk8budo.pegaacademy.net/prweb/api/CodeIntelligence/v1/rules/query?pxObjClass=Rule-HTML-Section&appliesTo=Data-CustomProperties-Search&pyRuleName=pzRuleFormRuleset&RequestClass=Rule-HTML-Section&RequestAppliesTo=Data-CustomProperties-Search&RequestRuleName=pzRuleFormRuleset Payload: "{\"RequestClass\":\"Rule-HTML-Section\",\"RequestAppliesTo\":\"Data-CustomProperties-Search\",\"RequestRuleName\":\"pzRuleFormRuleset\"}" => HTTP 200 (29020 bytes)
[PegaHttpClient] 📡 POST https://zdk8budo.pegaacademy.net/prweb/api/CodeIntelligence/v1/rules/query?pxObjClass=Rule-HTML-Section&appliesTo=Data-CustomProperties-Search&pyRuleName=undefined&RequestClass=Rule-HTML-Section&RequestAppliesTo=Data-CustomProperties-Search&RequestRuleName=undefined Payload: "{\"RequestClass\":\"Rule-HTML-Section\",\"RequestAppliesTo\":\"Data-CustomProperties-Search\",\"RequestRuleName\":\"undefined\"}" => HTTP 404 (115 bytes)
[PegaHttpClient] 📡 POST https://zdk8budo.pegaacademy.net/prweb/PRRestService/CodeIntelligence/v1/rules/query?pxObjClass=Rule-HTML-Section&appliesTo=Data-CustomProperties-Search&pyRuleName=undefined&RequestClass=Rule-HTML-Section&RequestAppliesTo=Data-CustomProperties-Search&RequestRuleName=undefined Payload: "{\"RequestClass\":\"Rule-HTML-Section\",\"RequestAppliesTo\":\"Data-CustomProperties-Search\",\"RequestRuleName\":\"undefined\"}" => HTTP 404 (115 bytes)
[PegaHttpClient] 📡 POST https://zdk8budo.pegaacademy.net/prweb/api/HRAppsV2Service/V1/rules/query?pxObjClass=Rule-HTML-Section&appliesTo=Data-CustomProperties-Search&pyRuleName=undefined&RequestClass=Rule-HTML-Section&RequestAppliesTo=Data-CustomProperties-Search&RequestRuleName=undefined Payload: "{\"RequestClass\":\"Rule-HTML-Section\",\"RequestAppliesTo\":\"Data-CustomProperties-Search\",\"RequestRuleName\":\"undefined\"}" => HTTP 404 (18 bytes)
[PegaHttpClient] 📡 POST https://zdk8budo.pegaacademy.net/prweb/PRRestService/HRAppsV2Service/V1/rules/query?pxObjClass=Rule-HTML-Section&appliesTo=Data-CustomProperties-Search&pyRuleName=undefined&RequestClass=Rule-HTML-Section&RequestAppliesTo=Data-CustomProperties-Search&RequestRuleName=undefined Payload: "{\"RequestClass\":\"Rule-HTML-Section\",\"RequestAppliesTo\":\"Data-CustomProperties-Search\",\"RequestRuleName\":\"undefined\"}" => HTTP 404 (18 bytes)
[PegaHttpClient] 📡 POST https://zdk8budo.pegaacademy.net/prweb/api/HRAppsV2/V1/rules/query?pxObjClass=Rule-HTML-Section&appliesTo=Data-CustomProperties-Search&pyRuleName=undefined&RequestClass=Rule-HTML-Section&RequestAppliesTo=Data-CustomProperties-Search&RequestRuleName=undefined Payload: "{\"RequestClass\":\"Rule-HTML-Section\",\"RequestAppliesTo\":\"Data-CustomProperties-Search\",\"RequestRuleName\":\"undefined\"}" => HTTP 404 (18 bytes)
[PegaHttpClient] 📡 POST https://zdk8budo.pegaacademy.net/prweb/PRRestService/HRAppsV2/V1/rules/query?pxObjClass=Rule-HTML-Section&appliesTo=Data-CustomProperties-Search&pyRuleName=undefined&RequestClass=Rule-HTML-Section&RequestAppliesTo=Data-CustomProperties-Search&RequestRuleName=undefined Payload: "{\"RequestClass\":\"Rule-HTML-Section\",\"RequestAppliesTo\":\"Data-CustomProperties-Search\",\"RequestRuleName\":\"undefined\"}" => HTTP 404 (18 bytes)
[PegaHttpClient] 📡 POST https://zdk8budo.pegaacademy.net/prweb/api/v1/rules/query?pxObjClass=Rule-HTML-Section&appliesTo=Data-CustomProperties-Search&pyRuleName=undefined&RequestClass=Rule-HTML-Section&RequestAppliesTo=Data-CustomProperties-Search&RequestRuleName=undefined Payload: "{\"RequestClass\":\"Rule-HTML-Section\",\"RequestAppliesTo\":\"Data-CustomProperties-Search\",\"RequestRuleName\":\"undefined\"}" => HTTP 404 (18 bytes)
[PegaHttpClient] 📡 POST https://zdk8budo.pegaacademy.net/prweb/PRRestService/v1/rules/query?pxObjClass=Rule-HTML-Section&appliesTo=Data-CustomProperties-Search&pyRuleName=undefined&RequestClass=Rule-HTML-Section&RequestAppliesTo=Data-CustomProperties-Search&RequestRuleName=undefined Payload: "{\"RequestClass\":\"Rule-HTML-Section\",\"RequestAppliesTo\":\"Data-CustomProperties-Search\",\"RequestRuleName\":\"undefined\"}" => HTTP 404 (18 bytes)
[PegaHttpClient] 📡 POST https://zdk8budo.pegaacademy.net/prweb/api/CodeIntelligence/v1/rules/query?pxObjClass=Rule-HTML-Section&appliesTo=Data-CustomProperties-Search&pyRuleName=pzRuleFormToolbar&RequestClass=Rule-HTML-Section&RequestAppliesTo=Data-CustomProperties-Search&RequestRuleName=pzRuleFormToolbar Payload: "{\"RequestClass\":\"Rule-HTML-Section\",\"RequestAppliesTo\":\"Data-CustomProperties-Search\",\"RequestRuleName\":\"pzRuleFormToolbar\"}" => HTTP 200 (164979 bytes)
[PegaHttpClient] 📡 POST https://zdk8budo.pegaacademy.net/prweb/api/CodeIntelligence/v1/rules/query?pxObjClass=Rule-HTML-Section&appliesTo=Data-CustomProperties-Search&pyRuleName=pzRuleFormToolbarCompare&RequestClass=Rule-HTML-Section&RequestAppliesTo=Data-CustomProperties-Search&RequestRuleName=pzRuleFormToolbarCompare Payload: "{\"RequestClass\":\"Rule-HTML-Section\",\"RequestAppliesTo\":\"Data-CustomProperties-Search\",\"RequestRuleName\":\"pzRuleFormToolbarCompare\"}" => HTTP 200 (61925 bytes)
[PegaHttpClient] 📡 POST https://zdk8budo.pegaacademy.net/prweb/api/CodeIntelligence/v1/rules/query?pxObjClass=Rule-HTML-Section&appliesTo=Data-CustomProperties-Search&pyRuleName=RuleFormHeaderMessages&RequestClass=Rule-HTML-Section&RequestAppliesTo=Data-CustomProperties-Search&RequestRuleName=RuleFormHeaderMessages Payload: "{\"RequestClass\":\"Rule-HTML-Section\",\"RequestAppliesTo\":\"Data-CustomProperties-Search\",\"RequestRuleName\":\"RuleFormHeaderMessages\"}" => HTTP 200 (26518 bytes)
[PegaHttpClient] 📡 POST https://zdk8budo.pegaacademy.net/prweb/api/CodeIntelligence/v1/rules/query?pxObjClass=Rule-HTML-Section&appliesTo=Data-CustomProperties-Search&pyRuleName=pzPropertiesTree&RequestClass=Rule-HTML-Section&RequestAppliesTo=Data-CustomProperties-Search&RequestRuleName=pzPropertiesTree Payload: "{\"RequestClass\":\"Rule-HTML-Section\",\"RequestAppliesTo\":\"Data-CustomProperties-Search\",\"RequestRuleName\":\"pzPropertiesTree\"}" => HTTP 200 (219685 bytes)
[PegaHttpClient] 📡 POST https://zdk8budo.pegaacademy.net/prweb/api/CodeIntelligence/v1/rules/query?pxObjClass=Rule-HTML-Section&appliesTo=Data-CustomProperties-Search&pyRuleName=pzExtSearchPropertiesTree&RequestClass=Rule-HTML-Section&RequestAppliesTo=Data-CustomProperties-Search&RequestRuleName=pzExtSearchPropertiesTree Payload: "{\"RequestClass\":\"Rule-HTML-Section\",\"RequestAppliesTo\":\"Data-CustomProperties-Search\",\"RequestRuleName\":\"pzExtSearchPropertiesTree\"}" => HTTP 200 (151535 bytes)
[PegaHttpClient] 📡 POST https://zdk8budo.pegaacademy.net/prweb/api/CodeIntelligence/v1/rules/query?pxObjClass=Rule-HTML-Section&appliesTo=Data-CustomProperties-Search&pyRuleName=pzRuleFormStatus&RequestClass=Rule-HTML-Section&RequestAppliesTo=Data-CustomProperties-Search&RequestRuleName=pzRuleFormStatus Payload: "{\"RequestClass\":\"Rule-HTML-Section\",\"RequestAppliesTo\":\"Data-CustomProperties-Search\",\"RequestRuleName\":\"pzRuleFormStatus\"}" => HTTP 200 (29579 bytes)
[PegaHttpClient] 📡 POST https://zdk8budo.pegaacademy.net/prweb/api/CodeIntelligence/v1/rules/query?pxObjClass=Rule-HTML-Section&appliesTo=Data-CustomProperties-Search&pyRuleName=pzRuleFormHeaderCompareWithDropDown&RequestClass=Rule-HTML-Section&RequestAppliesTo=Data-CustomProperties-Search&RequestRuleName=pzRuleFormHeaderCompareWithDropDown Payload: "{\"RequestClass\":\"Rule-HTML-Section\",\"RequestAppliesTo\":\"Data-CustomProperties-Search\",\"RequestRuleName\":\"pzRuleFormHeaderCompareWithDropDown\"}" => HTTP 200 (25396 bytes)
[PegaHttpClient] 📡 POST https://zdk8budo.pegaacademy.net/prweb/api/CodeIntelligence/v1/rules/query?pxObjClass=Rule-HTML-Section&appliesTo=Data-CustomProperties-Search&pyRuleName=undefined&RequestClass=Rule-HTML-Section&RequestAppliesTo=Data-CustomProperties-Search&RequestRuleName=undefined Payload: "{\"RequestClass\":\"Rule-HTML-Section\",\"RequestAppliesTo\":\"Data-CustomProperties-Search\",\"RequestRuleName\":\"undefined\"}" => HTTP 404 (115 bytes)
[PegaHttpClient] 📡 POST https://zdk8budo.pegaacademy.net/prweb/PRRestService/CodeIntelligence/v1/rules/query?pxObjClass=Rule-HTML-Section&appliesTo=Data-CustomProperties-Search&pyRuleName=undefined&RequestClass=Rule-HTML-Section&RequestAppliesTo=Data-CustomProperties-Search&RequestRuleName=undefined Payload: "{\"RequestClass\":\"Rule-HTML-Section\",\"RequestAppliesTo\":\"Data-CustomProperties-Search\",\"RequestRuleName\":\"undefined\"}" => HTTP 404 (115 bytes)
[PegaHttpClient] 📡 POST https://zdk8budo.pegaacademy.net/prweb/api/HRAppsV2Service/V1/rules/query?pxObjClass=Rule-HTML-Section&appliesTo=Data-CustomProperties-Search&pyRuleName=undefined&RequestClass=Rule-HTML-Section&RequestAppliesTo=Data-CustomProperties-Search&RequestRuleName=undefined Payload: "{\"RequestClass\":\"Rule-HTML-Section\",\"RequestAppliesTo\":\"Data-CustomProperties-Search\",\"RequestRuleName\":\"undefined\"}" => HTTP 404 (18 bytes)
[PegaHttpClient] 📡 POST https://zdk8budo.pegaacademy.net/prweb/PRRestService/HRAppsV2Service/V1/rules/query?pxObjClass=Rule-HTML-Section&appliesTo=Data-CustomProperties-Search&pyRuleName=undefined&RequestClass=Rule-HTML-Section&RequestAppliesTo=Data-CustomProperties-Search&RequestRuleName=undefined Payload: "{\"RequestClass\":\"Rule-HTML-Section\",\"RequestAppliesTo\":\"Data-CustomProperties-Search\",\"RequestRuleName\":\"undefined\"}" => HTTP 404 (18 bytes)
[PegaHttpClient] 📡 POST https://zdk8budo.pegaacademy.net/prweb/api/HRAppsV2/V1/rules/query?pxObjClass=Rule-HTML-Section&appliesTo=Data-CustomProperties-Search&pyRuleName=undefined&RequestClass=Rule-HTML-Section&RequestAppliesTo=Data-CustomProperties-Search&RequestRuleName=undefined Payload: "{\"RequestClass\":\"Rule-HTML-Section\",\"RequestAppliesTo\":\"Data-CustomProperties-Search\",\"RequestRuleName\":\"undefined\"}" => HTTP 404 (18 bytes)
[PegaHttpClient] 📡 POST https://zdk8budo.pegaacademy.net/prweb/PRRestService/HRAppsV2/V1/rules/query?pxObjClass=Rule-HTML-Section&appliesTo=Data-CustomProperties-Search&pyRuleName=undefined&RequestClass=Rule-HTML-Section&RequestAppliesTo=Data-CustomProperties-Search&RequestRuleName=undefined Payload: "{\"RequestClass\":\"Rule-HTML-Section\",\"RequestAppliesTo\":\"Data-CustomProperties-Search\",\"RequestRuleName\":\"undefined\"}" => HTTP 404 (18 bytes)
[PegaHttpClient] 📡 POST https://zdk8budo.pegaacademy.net/prweb/api/v1/rules/query?pxObjClass=Rule-HTML-Section&appliesTo=Data-CustomProperties-Search&pyRuleName=undefined&RequestClass=Rule-HTML-Section&RequestAppliesTo=Data-CustomProperties-Search&RequestRuleName=undefined Payload: "{\"RequestClass\":\"Rule-HTML-Section\",\"RequestAppliesTo\":\"Data-CustomProperties-Search\",\"RequestRuleName\":\"undefined\"}" => HTTP 404 (18 bytes)
[PegaHttpClient] 📡 POST https://zdk8budo.pegaacademy.net/prweb/PRRestService/v1/rules/query?pxObjClass=Rule-HTML-Section&appliesTo=Data-CustomProperties-Search&pyRuleName=undefined&RequestClass=Rule-HTML-Section&RequestAppliesTo=Data-CustomProperties-Search&RequestRuleName=undefined Payload: "{\"RequestClass\":\"Rule-HTML-Section\",\"RequestAppliesTo\":\"Data-CustomProperties-Search\",\"RequestRuleName\":\"undefined\"}" => HTTP 404 (18 bytes)
[PegaHttpClient] 📡 POST https://zdk8budo.pegaacademy.net/prweb/api/CodeIntelligence/v1/rules/query?pxObjClass=Rule-HTML-Section&appliesTo=Data-CustomProperties-Search&pyRuleName=pzRuleFormToolbarHotKeys&RequestClass=Rule-HTML-Section&RequestAppliesTo=Data-CustomProperties-Search&RequestRuleName=pzRuleFormToolbarHotKeys Payload: "{\"RequestClass\":\"Rule-HTML-Section\",\"RequestAppliesTo\":\"Data-CustomProperties-Search\",\"RequestRuleName\":\"pzRuleFormToolbarHotKeys\"}" => HTTP 200 (85058 bytes)
[PegaHttpClient] 📡 POST https://zdk8budo.pegaacademy.net/prweb/api/CodeIntelligence/v1/rules/query?pxObjClass=Rule-HTML-Section&appliesTo=Data-CustomProperties-Search&pyRuleName=pzRuleFormToolbarLockedIcon&RequestClass=Rule-HTML-Section&RequestAppliesTo=Data-CustomProperties-Search&RequestRuleName=pzRuleFormToolbarLockedIcon Payload: "{\"RequestClass\":\"Rule-HTML-Section\",\"RequestAppliesTo\":\"Data-CustomProperties-Search\",\"RequestRuleName\":\"pzRuleFormToolbarLockedIcon\"}" => HTTP 200 (19111 bytes)
[PegaHttpClient] 📡 POST https://zdk8budo.pegaacademy.net/prweb/api/CodeIntelligence/v1/rules/query?pxObjClass=Rule-HTML-Section&appliesTo=Data-CustomProperties-Search&pyRuleName=pzRuleFormToolbarDelete&RequestClass=Rule-HTML-Section&RequestAppliesTo=Data-CustomProperties-Search&RequestRuleName=pzRuleFormToolbarDelete Payload: "{\"RequestClass\":\"Rule-HTML-Section\",\"RequestAppliesTo\":\"Data-CustomProperties-Search\",\"RequestRuleName\":\"pzRuleFormToolbarDelete\"}" => HTTP 200 (30249 bytes)
[PegaHttpClient] 📡 POST https://zdk8budo.pegaacademy.net/prweb/api/CodeIntelligence/v1/rules/query?pxObjClass=Rule-HTML-Section&appliesTo=Data-CustomProperties-Search&pyRuleName=pzRuleFormToolbarSaveAs&RequestClass=Rule-HTML-Section&RequestAppliesTo=Data-CustomProperties-Search&RequestRuleName=pzRuleFormToolbarSaveAs Payload: "{\"RequestClass\":\"Rule-HTML-Section\",\"RequestAppliesTo\":\"Data-CustomProperties-Search\",\"RequestRuleName\":\"pzRuleFormToolbarSaveAs\"}" => HTTP 200 (64084 bytes)
[PegaHttpClient] 📡 POST https://zdk8budo.pegaacademy.net/prweb/api/CodeIntelligence/v1/rules/query?pxObjClass=Rule-HTML-Section&appliesTo=Data-CustomProperties-Search&pyRuleName=pzRuleFormToolbarCheckin&RequestClass=Rule-HTML-Section&RequestAppliesTo=Data-CustomProperties-Search&RequestRuleName=pzRuleFormToolbarCheckin Payload: "{\"RequestClass\":\"Rule-HTML-Section\",\"RequestAppliesTo\":\"Data-CustomProperties-Search\",\"RequestRuleName\":\"pzRuleFormToolbarCheckin\"}" => HTTP 200 (15601 bytes)
[PegaHttpClient] 📡 POST https://zdk8budo.pegaacademy.net/prweb/api/CodeIntelligence/v1/rules/query?pxObjClass=Rule-HTML-Section&appliesTo=Data-CustomProperties-Search&pyRuleName=pyDedicatedIndexSection&RequestClass=Rule-HTML-Section&RequestAppliesTo=Data-CustomProperties-Search&RequestRuleName=pyDedicatedIndexSection Payload: "{\"RequestClass\":\"Rule-HTML-Section\",\"RequestAppliesTo\":\"Data-CustomProperties-Search\",\"RequestRuleName\":\"pyDedicatedIndexSection\"}" => HTTP 200 (28022 bytes)
[PegaHttpClient] 📡 POST https://zdk8budo.pegaacademy.net/prweb/api/CodeIntelligence/v1/rules/query?pxObjClass=Rule-HTML-Section&appliesTo=Data-CustomProperties-Search&pyRuleName=pzRuleFormToolbarSave&RequestClass=Rule-HTML-Section&RequestAppliesTo=Data-CustomProperties-Search&RequestRuleName=pzRuleFormToolbarSave Payload: "{\"RequestClass\":\"Rule-HTML-Section\",\"RequestAppliesTo\":\"Data-CustomProperties-Search\",\"RequestRuleName\":\"pzRuleFormToolbarSave\"}" => HTTP 200 (226277 bytes)
[PegaHttpClient] 📡 POST https://zdk8budo.pegaacademy.net/prweb/api/CodeIntelligence/v1/rules/query?pxObjClass=Rule-HTML-Section&appliesTo=Data-CustomProperties-Search&pyRuleName=pzRemoveErrorsDataPage&RequestClass=Rule-HTML-Section&RequestAppliesTo=Data-CustomProperties-Search&RequestRuleName=pzRemoveErrorsDataPage Payload: "{\"RequestClass\":\"Rule-HTML-Section\",\"RequestAppliesTo\":\"Data-CustomProperties-Search\",\"RequestRuleName\":\"pzRemoveErrorsDataPage\"}" => HTTP 200 (16733 bytes)
[PegaHttpClient] 📡 POST https://zdk8budo.pegaacademy.net/prweb/api/CodeIntelligence/v1/rules/query?pxObjClass=Rule-HTML-Section&appliesTo=Data-CustomProperties-Search&pyRuleName=pzRuleFormHeaderMessagesWrapper&RequestClass=Rule-HTML-Section&RequestAppliesTo=Data-CustomProperties-Search&RequestRuleName=pzRuleFormHeaderMessagesWrapper Payload: "{\"RequestClass\":\"Rule-HTML-Section\",\"RequestAppliesTo\":\"Data-CustomProperties-Search\",\"RequestRuleName\":\"pzRuleFormHeaderMessagesWrapper\"}" => HTTP 200 (16981 bytes)
[PegaHttpClient] 📡 POST https://zdk8budo.pegaacademy.net/prweb/api/CodeIntelligence/v1/rules/query?pxObjClass=Rule-HTML-Section&appliesTo=Data-CustomProperties-Search&pyRuleName=pzDedicatedIndexStatusDisplay&RequestClass=Rule-HTML-Section&RequestAppliesTo=Data-CustomProperties-Search&RequestRuleName=pzDedicatedIndexStatusDisplay Payload: "{\"RequestClass\":\"Rule-HTML-Section\",\"RequestAppliesTo\":\"Data-CustomProperties-Search\",\"RequestRuleName\":\"pzDedicatedIndexStatusDisplay\"}" => HTTP 200 (42651 bytes)
[PegaHttpClient] 📡 POST https://zdk8budo.pegaacademy.net/prweb/api/CodeIntelligence/v1/rules/query?pxObjClass=Rule-HTML-Section&appliesTo=Data-CustomProperties-Search&pyRuleName=pzRuleFormToolbarDeleteCheckOut&RequestClass=Rule-HTML-Section&RequestAppliesTo=Data-CustomProperties-Search&RequestRuleName=pzRuleFormToolbarDeleteCheckOut Payload: "{\"RequestClass\":\"Rule-HTML-Section\",\"RequestAppliesTo\":\"Data-CustomProperties-Search\",\"RequestRuleName\":\"pzRuleFormToolbarDeleteCheckOut\"}" => HTTP 404 (137 bytes)
[PegaHttpClient] tt📡 POST https://zdk8budo.pegaacademy.net/prweb/PRRestService/CodeIntelligence/v1/rules/query?pxObjClass=Rule-HTML-Section&appliesTo=Data-CustomProperties-Search&pyRuleName=pzRuleFormToolbarDeleteCheckOut&RequestClass=Rule-HTML-Section&RequestAppliesTo=Data-CustomProperties-Search&RequestRuleName=pzRuleFormToolbarDeleteCheckOut Payload: "{\"RequestClass\":\"Rule-HTML-Section\",\"RequestAppliesTo\":\"Data-CustomProperties-Search\",\"RequestRuleName\":\"pzRuleFormToolbarDeleteCheckOut\"}" => HTTP 404 (137 bytes)
[PegaHttpClient] 📡 POST https://zdk8budo.pegaacademy.net/prweb/api/HRAppsV2Service/V1/rules/query?pxObjClass=Rule-HTML-Section&appliesTo=Data-CustomProperties-Search&pyRuleName=pzRuleFormToolbarDeleteCheckOut&RequestClass=Rule-HTML-Section&RequestAppliesTo=Data-CustomProperties-Search&RequestRuleName=pzRuleFormToolbarDeleteCheckOut Payload: "{\"RequestClass\":\"Rule-HTML-Section\",\"RequestAppliesTo\":\"Data-CustomProperties-Search\",\"RequestRuleName\":\"pzRuleFormToolbarDeleteCheckOut\"}" => HTTP 404 (18 bytes)
[PegaHttpClient] 📡 POST https://zdk8budo.pegaacademy.net/prweb/PRRestService/HRAppsV2Service/V1/rules/query?pxObjClass=Rule-HTML-Section&appliesTo=Data-CustomProperties-Search&pyRuleName=pzRuleFormToolbarDeleteCheckOut&RequestClass=Rule-HTML-Section&RequestAppliesTo=Data-CustomProperties-Search&RequestRuleName=pzRuleFormToolbarDeleteCheckOut Payload: "{\"RequestClass\":\"Rule-HTML-Section\",\"RequestAppliesTo\":\"Data-CustomProperties-Search\",\"RequestRuleName\":\"pzRuleFormToolbarDeleteCheckOut\"}" => HTTP 404 (18 bytes)
[PegaHttpClient] 📡 POST https://zdk8budo.pegaacademy.net/prweb/api/HRAppsV2/V1/rules/query?pxObjClass=Rule-HTML-Section&appliesTo=Data-CustomProperties-Search&pyRuleName=pzRuleFormToolbarDeleteCheckOut&RequestClass=Rule-HTML-Section&RequestAppliesTo=Data-CustomProperties-Search&RequestRuleName=pzRuleFormToolbarDeleteCheckOut Payload: "{\"RequestClass\":\"Rule-HTML-Section\",\"RequestAppliesTo\":\"Data-CustomProperties-Search\",\"RequestRuleName\":\"pzRuleFormToolbarDeleteCheckOut\"}" => HTTP 404 (18 bytes)
[PegaHttpClient] 📡 POST https://zdk8budo.pegaacademy.net/prweb/PRRestService/HRAppsV2/V1/rules/query?pxObjClass=Rule-HTML-Section&appliesTo=Data-CustomProperties-Search&pyRuleName=pzRuleFormToolbarDeleteCheckOut&RequestClass=Rule-HTML-Section&RequestAppliesTo=Data-CustomProperties-Search&RequestRuleName=pzRuleFormToolbarDeleteCheckOut Payload: "{\"RequestClass\":\"Rule-HTML-Section\",\"RequestAppliesTo\":\"Data-CustomProperties-Search\",\"RequestRuleName\":\"pzRuleFormToolbarDeleteCheckOut\"}" => HTTP 404 (18 bytes)
[PegaHttpClient] 📡 POST https://zdk8budo.pegaacademy.net/prweb/api/v1/rules/query?pxObjClass=Rule-HTML-Section&appliesTo=Data-CustomProperties-Search&pyRuleName=pzRuleFormToolbarDeleteCheckOut&RequestClass=Rule-HTML-Section&RequestAppliesTo=Data-CustomProperties-Search&RequestRuleName=pzRuleFormToolbarDeleteCheckOut Payload: "{\"RequestClass\":\"Rule-HTML-Section\",\"RequestAppliesTo\":\"Data-CustomProperties-Search\",\"RequestRuleName\":\"pzRuleFormToolbarDeleteCheckOut\"}" => HTTP 404 (18 bytes)
[PegaHttpClient] 📡 POST https://zdk8budo.pegaacademy.net/prweb/PRRestService/v1/rules/query?pxObjClass=Rule-HTML-Section&appliesTo=Data-CustomProperties-Search&pyRuleName=pzRuleFormToolbarDeleteCheckOut&RequestClass=Rule-HTML-Section&RequestAppliesTo=Data-CustomProperties-Search&RequestRuleName=pzRuleFormToolbarDeleteCheckOut Payload: "{\"RequestClass\":\"Rule-HTML-Section\",\"RequestAppliesTo\":\"Data-CustomProperties-Search\",\"RequestRuleName\":\"pzRuleFormToolbarDeleteCheckOut\"}" => HTTP 404 (18 bytes)
[PegaHttpClient] 📡 POST https://zdk8budo.pegaacademy.net/prweb/api/CodeIntelligence/v1/rules/query?pxObjClass=Rule-HTML-Section&appliesTo=Data-CustomProperties-Search&pyRuleName=pzRuleFormToolbarDeleteRule&RequestClass=Rule-HTML-Section&RequestAppliesTo=Data-CustomProperties-Search&RequestRuleName=pzRuleFormToolbarDeleteRule Payload: "{\"RequestClass\":\"Rule-HTML-Section\",\"RequestAppliesTo\":\"Data-CustomProperties-Search\",\"RequestRuleName\":\"pzRuleFormToolbarDeleteRule\"}" => HTTP 200 (32314 bytes)
[SchemaGen] ✅ Schema written for Data-CustomProperties-Search

=== Workspace Indexing Summary ===

📐 Pega Rule Schemas: Generated 108 schemas for 110 rule types (2 failed)

--- Next Steps ---
